======================================================================
Space Battle 10×10×10 — simulation run at 2026-04-20T13:31:54+00:00
Game mode: advanced
Seed: 101
✓ 🚀 Продвинутый режим: создаю разные типы кораблей
   Команда A: спавн вдоль оси Z от (3, 8, 5) до (3, 8, 3)
   Команда B: спавн вдоль оси Y от (6, 7, 0) до (6, 5, 0)
   Команда C: спавн вдоль оси Y от (9, 0, 2) до (9, 8, 2)
✓ ✅ Создано 24 кораблей


--- СТАРТОВАЯ РАССТАНОВКА ---
  Team A: живых 8/8
    ✓ Артиллерия A1      @ (3,8,5) hp=1/1
    ✓ Радиовышка A2      @ (3,8,7) hp=3/3
    ✓ Прыгун A3          @ (3,8,0) hp=2/2
    ✓ Факел A4           @ (3,8,9) hp=6/6
    ✓ Тишина A5          @ (3,8,4) hp=2/2
    ✓ Бурав A6           @ (3,8,1) hp=4/4
    ✓ Провокатор A7      @ (3,8,6) hp=2/2
    ✓ Паук A8            @ (3,8,3) hp=1/1
  Team B: живых 8/8
    ✓ Артиллерия B1      @ (6,7,0) hp=1/1
    ✓ Радиовышка B2      @ (6,3,0) hp=3/3
    ✓ Прыгун B3          @ (6,1,0) hp=2/2
    ✓ Факел B4           @ (6,2,0) hp=6/6
    ✓ Тишина B5          @ (6,0,0) hp=2/2
    ✓ Бурав B6           @ (6,6,0) hp=4/4
    ✓ Провокатор B7      @ (6,4,0) hp=2/2
    ✓ Паук B8            @ (6,5,0) hp=1/1
  Team C: живых 8/8
    ✓ Артиллерия C1      @ (9,0,2) hp=1/1
    ✓ Радиовышка C2      @ (9,6,2) hp=3/3
    ✓ Прыгун C3          @ (9,2,2) hp=2/2
    ✓ Факел C4           @ (9,7,2) hp=6/6
    ✓ Тишина C5          @ (9,9,2) hp=2/2
    ✓ Бурав C6           @ (9,1,2) hp=4/4
    ✓ Провокатор C7      @ (9,3,2) hp=2/2
    ✓ Паук C8            @ (9,8,2) hp=1/1

======================================================================
ХОД 1
======================================================================
✓ 🎮 GM: начинаем ход
GM: start_turn

--- Радиовышки: сканирование слоя Z ---
  Радиовышка A2 (z=7): слой чист
  Радиовышка B2 (z=0): видит 1 врагов  → Прыгун A3(3,8,0)
  Радиовышка C2 (z=2): слой чист

--- Решения ботов ---
  [Team A] Артиллерия A1 (3,8,5) → SHOOT at (6,7,0)
  [Team A] Радиовышка A2 (3,8,7) → MOVE (4,7,6)
  [Team A] Прыгун A3 (3,8,0) → MOVE (4,7,0)
  [Team A] Факел A4 (3,8,9) → MOVE (3,8,8)
  [Team A] Тишина A5 (3,8,4) → PHASE toggle
  [Team A] Бурав A6 (3,8,1) → MOVE (4,8,0)
  [Team A] Провокатор A7 (3,8,6) → MOVE (4,7,5)
  [Team A] Паук A8 (3,8,3) → MINE (4,7,2)
  [Team B] Артиллерия B1 (6,7,0) → SHOOT at (9,0,2)
  [Team B] Радиовышка B2 (6,3,0) → MOVE (7,2,1)
  [Team B] Прыгун B3 (6,1,0) → MOVE (7,0,1)
  [Team B] Тишина B5 (6,0,0) → PHASE toggle
  [Team B] Бурав B6 (6,6,0) → MOVE (5,7,0)
  [Team B] Провокатор B7 (6,4,0) → HOLOGRAM (7,5,1)
  [Team B] Паук B8 (6,5,0) → MINE (5,6,0)
  [Team B] Факел B4 → SKIP
  [Team C] Артиллерия C1 (9,0,2) → SHOOT at (6,7,0)
  [Team C] Радиовышка C2 (9,6,2) → MOVE (8,7,1)
  [Team C] Прыгун C3 (9,2,2) → MOVE (8,3,1)
  [Team C] Тишина C5 (9,9,2) → PHASE toggle
  [Team C] Бурав C6 (9,1,2) → MOVE (8,2,1)
  [Team C] Провокатор C7 (9,3,2) → HOLOGRAM (9,3,1)
  [Team C] Паук C8 (9,8,2) → MINE (9,8,1)
  [Team C] Факел C4 → SKIP
! 🎮 GM: принудительно завершает фазу планирования
GM: end_planning
# 
============================================================
# 🔄 ОБРАБОТКА ХОДА 1
# ============================================================
   🌀 Тишина A5: фаза ВКЛ
   🌀 Тишина B5: фаза ВКЛ
   🌀 Тишина C5: фаза ВКЛ
   🪞 Провокатор B7 создал голограмму H1 в (7,5,1)
   🪞 Провокатор C7 создал голограмму H2 в (9,3,1)
   💣 Паук A8 установил мину M1 в (4,7,2)
   💣 Паук B8 установил мину M2 в (5,6,0)
   💣 Паук C8 установил мину M3 в (9,8,1)

📦 ПЕРЕМЕЩЕНИЯ:
   Радиовышка A2: (3, 8, 7) → (4,7,6)
   Прыгун A3: (3, 8, 0) → (4,7,0)
   Факел A4: (3, 8, 9) → (3,8,8)
   Бурав A6: (3, 8, 1) → (4,8,0)
   Провокатор A7: (3, 8, 6) → (4,7,5)
   Радиовышка B2: (6, 3, 0) → (7,2,1)
   Прыгун B3: (6, 1, 0) → (7,0,1)
   Бурав B6: (6, 6, 0) → (5,7,0)
   Радиовышка C2: (9, 6, 2) → (8,7,1)
   Прыгун C3: (9, 2, 2) → (8,3,1)
!    ⚠️ Бурав C6: Бурав двигается только по 1 оси или по 2 осям строго диагонально

🎯 ВЫСТРЕЛЫ:
✓    ✅ Артиллерия A1 поразил Артиллерия B1 (2 урона)!
✓    ✅ Артиллерия B1 поразил Артиллерия C1 (2 урона)!
   💀 Артиллерия C1 добивает Артиллерия B1
✓    ✅ Артиллерия C1 поразил Артиллерия B1 (2 урона)!
   Выпущено ракет: 3
# 
📊 РЕЗУЛЬТАТЫ ХОДА 1:
✓ 💥 ПОПАДАНИЯ:
✓    Артиллерия A1 (Team A) → Артиллерия B1 (Team B)
✓    Артиллерия B1 (Team B) → Артиллерия C1 (Team C)
✓    Артиллерия C1 (Team C) → Артиллерия B1 (Team B)

--- Результаты хода ---
  Team A / Артиллерия A1      → Team B / Артиллерия B1      @ (6,7,0)  (УБИТ)
  Team B / Артиллерия B1      → Team C / Артиллерия C1      @ (9,0,2)  (УБИТ)
  Team C / Артиллерия C1      → Team B / Артиллерия B1      @ (6,7,0)  (ранен)

--- Состояние команд после хода ---
  Team A: живых 8/8
    ✓ Артиллерия A1      @ (3,8,5) hp=1/1
    ✓ Радиовышка A2      @ (4,7,6) hp=3/3
    ✓ Прыгун A3          @ (4,7,0) hp=2/2
    ✓ Факел A4           @ (3,8,8) hp=6/6
    ✓ Тишина A5          @ (3,8,4) hp=2/2
    ✓ Бурав A6           @ (4,8,0) hp=4/4
    ✓ Провокатор A7      @ (4,7,5) hp=2/2
    ✓ Паук A8            @ (3,8,3) hp=1/1
  Team B: живых 7/8
    ✓ Радиовышка B2      @ (7,2,1) hp=3/3
    ✓ Прыгун B3          @ (7,0,1) hp=2/2
    ✓ Факел B4           @ (6,2,0) hp=6/6
    ✓ Тишина B5          @ (6,0,0) hp=2/2
    ✓ Бурав B6           @ (5,7,0) hp=4/4
    ✓ Провокатор B7      @ (6,4,0) hp=2/2
    ✓ Паук B8            @ (6,5,0) hp=1/1
    ✗ Артиллерия B1      @ (6,7,0) [уничтожен]
  Team C: живых 7/8
    ✓ Радиовышка C2      @ (8,7,1) hp=3/3
    ✓ Прыгун C3          @ (8,3,1) hp=2/2
    ✓ Факел C4           @ (9,7,2) hp=6/6
    ✓ Тишина C5          @ (9,9,2) hp=2/2
    ✓ Бурав C6           @ (9,1,2) hp=4/4
    ✓ Провокатор C7      @ (9,3,2) hp=2/2
    ✓ Паук C8            @ (9,8,2) hp=1/1
    ✗ Артиллерия C1      @ (9,0,2) [уничтожен]

======================================================================
ХОД 2
======================================================================
✓ 🎮 GM: начинаем ход
GM: start_turn

--- Радиовышки: сканирование слоя Z ---
  Радиовышка A2 (z=6): слой чист
  Радиовышка B2 (z=1): видит 2 врагов  → Прыгун C3(8,3,1), Радиовышка C2(8,7,1)
  Радиовышка C2 (z=1): видит 2 врагов  → Прыгун B3(7,0,1), Радиовышка B2(7,2,1)

--- Решения ботов ---
  [Team A] Артиллерия A1 (3,8,5) → SHOOT at (6,4,0)
  [Team A] Радиовышка A2 (4,7,6) → MOVE (5,7,5)
  [Team A] Прыгун A3 (4,7,0) → MOVE (5,7,0)
  [Team A] Факел A4 (3,8,8) → MOVE (3,8,7)
  [Team A] Тишина A5 (3,8,4) → MOVE (4,7,3)
  [Team A] Бурав A6 (4,8,0) → MOVE (5,8,0)
  [Team A] Провокатор A7 (4,7,5) → HOLOGRAM (5,7,4)
  [Team A] Паук A8 (3,8,3) → MINE (4,7,2)
  [Team B] Радиовышка B2 (7,2,1) → MOVE (8,3,1)
  [Team B] Прыгун B3 (7,0,1) → MOVE (9,1,2)
  [Team B] Факел B4 (6,2,0) → MOVE (7,1,1)
  [Team B] Тишина B5 (6,0,0) → MOVE (7,1,0)
  [Team B] Бурав B6 (5,7,0) → MOVE (4,7,0)
  [Team B] Провокатор B7 (6,4,0) → HOLOGRAM (7,3,1)
  [Team B] Паук B8 (6,5,0) → MINE (7,6,0)
  [Team C] Радиовышка C2 (8,7,1) → MOVE (7,6,0)
  [Team C] Прыгун C3 (8,3,1) → MOVE (6,2,0)
  [Team C] Факел C4 (9,7,2) → MOVE (8,6,1)
  [Team C] Тишина C5 (9,9,2) → MOVE (8,8,1)
  [Team C] Бурав C6 (9,1,2) → MOVE (8,2,1)
  [Team C] Провокатор C7 (9,3,2) → HOLOGRAM (9,2,2)
  [Team C] Паук C8 (9,8,2) → MINE (8,8,2)
! 🎮 GM: принудительно завершает фазу планирования
GM: end_planning
# 
============================================================
# 🔄 ОБРАБОТКА ХОДА 2
# ============================================================
   🪞 Провокатор A7 создал голограмму H3 в (5,7,4)
   🪞 Провокатор B7 создал голограмму H4 в (7,3,1)
   🪞 Провокатор C7 создал голограмму H5 в (9,2,2)
!    ⚠️ Паук A8: в клетке уже стоит мина
   💣 Паук B8 установил мину M4 в (7,6,0)
   💣 Паук C8 установил мину M5 в (8,8,2)

📦 ПЕРЕМЕЩЕНИЯ:
   Радиовышка A2: (4, 7, 6) → (5,7,5)
✓    💥 Прыгун A3 тараном уничтожил Бурав B6 в (5,7,0)
   Прыгун A3: (4, 7, 0) → (5,7,0)
   Факел A4: (3, 8, 8) → (3,8,7)
   Тишина A5: (3, 8, 4) → (4,7,3)
   Бурав A6: (4, 8, 0) → (5,8,0)
!    ⚠️ Радиовышка B2: клетка (8,3,1) занята
✓    💥 Прыгун B3 тараном уничтожил Бурав C6 в (9,1,2)
   Прыгун B3: (7, 0, 1) → (9,1,2)
   Факел B4: (6, 2, 0) → (7,1,1)
   Тишина B5: (6, 0, 0) → (7,1,0)
   Радиовышка C2: (8, 7, 1) → (7,6,0)
!    💥 Мина M4 сработала под Радиовышка C2 (урон 2)
   Прыгун C3: (8, 3, 1) → (6,2,0)
   Факел C4: (9, 7, 2) → (8,6,1)
   Тишина C5: (9, 9, 2) → (8,8,1)

🎯 ВЫСТРЕЛЫ:
✓    ✅ Артиллерия A1 поразил Провокатор B7 (2 урона)!
   Выпущено ракет: 1
# 
📊 РЕЗУЛЬТАТЫ ХОДА 2:
✓ 💥 ПОПАДАНИЯ:
✓    Артиллерия A1 (Team A) → Провокатор B7 (Team B)

--- Результаты хода ---
  Team A / Прыгун A3          → Team B / Бурав B6           @ (5,7,0)  (УБИТ)
  Team B / Прыгун B3          → Team C / Бурав C6           @ (9,1,2)  (УБИТ)
  ? / ?                  → Team C / Радиовышка C2      @ (7,6,0)  (ранен)
  Team A / Артиллерия A1      → Team B / Провокатор B7      @ (6,4,0)  (УБИТ)

--- Состояние команд после хода ---
  Team A: живых 8/8
    ✓ Артиллерия A1      @ (3,8,5) hp=1/1
    ✓ Радиовышка A2      @ (5,7,5) hp=3/3
    ✓ Прыгун A3          @ (5,7,0) hp=2/2
    ✓ Факел A4           @ (3,8,7) hp=6/6
    ✓ Тишина A5          @ (4,7,3) hp=2/2
    ✓ Бурав A6           @ (5,8,0) hp=4/4
    ✓ Провокатор A7      @ (4,7,5) hp=2/2
    ✓ Паук A8            @ (3,8,3) hp=1/1
  Team B: живых 5/8
    ✓ Радиовышка B2      @ (7,2,1) hp=3/3
    ✓ Прыгун B3          @ (9,1,2) hp=2/2
    ✓ Факел B4           @ (7,1,1) hp=6/6
    ✓ Тишина B5          @ (7,1,0) hp=2/2
    ✓ Паук B8            @ (6,5,0) hp=1/1
    ✗ Артиллерия B1      @ (6,7,0) [уничтожен]
    ✗ Бурав B6           @ (5,7,0) [уничтожен]
    ✗ Провокатор B7      @ (6,4,0) [уничтожен]
  Team C: живых 6/8
    ✓ Радиовышка C2      @ (7,6,0) hp=1/3
    ✓ Прыгун C3          @ (6,2,0) hp=2/2
    ✓ Факел C4           @ (8,6,1) hp=6/6
    ✓ Тишина C5          @ (8,8,1) hp=2/2
    ✓ Провокатор C7      @ (9,3,2) hp=2/2
    ✓ Паук C8            @ (9,8,2) hp=1/1
    ✗ Артиллерия C1      @ (9,0,2) [уничтожен]
    ✗ Бурав C6           @ (9,1,2) [уничтожен]

======================================================================
ХОД 3
======================================================================
✓ 🎮 GM: начинаем ход
GM: start_turn

--- Радиовышки: сканирование слоя Z ---
  Радиовышка A2 (z=5): слой чист
  Радиовышка B2 (z=1): видит 1 врагов  → Факел C4(8,6,1)
  Радиовышка C2 (z=0): видит 3 врагов  → Прыгун A3(5,7,0), Бурав A6(5,8,0), Паук B8(6,5,0)

--- Решения ботов ---
  [Team A] Артиллерия A1 (3,8,5) → SHOOT at (7,6,0)
  [Team A] Радиовышка A2 (5,7,5) → MOVE (6,6,4)
  [Team A] Прыгун A3 (5,7,0) → MOVE (6,5,0)
  [Team A] Факел A4 (3,8,7) → MOVE (3,8,6)
  [Team A] Тишина A5 (4,7,3) → MOVE (5,6,2)
  [Team A] Бурав A6 (5,8,0) → MOVE (7,6,0)
  [Team A] Провокатор A7 (4,7,5) → HOLOGRAM (5,6,4)
  [Team A] Паук A8 (3,8,3) → MINE (4,7,2)
  [Team B] Радиовышка B2 (7,2,1) → MOVE (6,2,0)
  [Team B] Прыгун B3 (9,1,2) → MOVE (9,3,2)
  [Team B] Факел B4 (7,1,1) → MOVE (8,1,2)
  [Team B] Тишина B5 (7,1,0) → MOVE (7,2,0)
  [Team B] Паук B8 (6,5,0) → MINE (6,6,0)
  [Team C] Радиовышка C2 (7,6,0) → MOVE (6,5,0)
  [Team C] Прыгун C3 (6,2,0) → MOVE (7,1,1)
  [Team C] Факел C4 (8,6,1) → HEAL (AoE)
  [Team C] Тишина C5 (8,8,1) → MOVE (7,7,0)
  [Team C] Провокатор C7 (9,3,2) → HOLOGRAM (8,2,1)
  [Team C] Паук C8 (9,8,2) → MINE (8,7,1)
! 🎮 GM: принудительно завершает фазу планирования
GM: end_planning
# 
============================================================
# 🔄 ОБРАБОТКА ХОДА 3
# ============================================================
   🪞 Провокатор A7 создал голограмму H6 в (5,6,4)
   🪞 Провокатор C7 создал голограмму H7 в (8,2,1)
!    ⚠️ Паук A8: в клетке уже стоит мина
   💣 Паук B8 установил мину M6 в (6,6,0)
   💣 Паук C8 установил мину M7 в (8,7,1)

📦 ПЕРЕМЕЩЕНИЯ:
   Радиовышка A2: (5, 7, 5) → (6,6,4)
✓    💥 Прыгун A3 тараном уничтожил Паук B8 в (6,5,0)
   Прыгун A3: (5, 7, 0) → (6,5,0)
   Факел A4: (3, 8, 7) → (3,8,6)
   Тишина A5: (4, 7, 3) → (5,6,2)
✓    💥 Бурав A6 тараном уничтожил Радиовышка C2 в (7,6,0)
   Бурав A6: (5, 8, 0) → (7,6,0)
!    ⚠️ Радиовышка B2: клетка (6,2,0) занята
✓    💥 Прыгун B3 тараном уничтожил Провокатор C7 в (9,3,2)
   Прыгун B3: (9, 1, 2) → (9,3,2)
   Факел B4: (7, 1, 1) → (8,1,2)
   Тишина B5: (7, 1, 0) → (7,2,0)
   Прыгун C3: (6, 2, 0) → (7,1,1)
   Тишина C5: (8, 8, 1) → (7,7,0)

🎯 ВЫСТРЕЛЫ:
!    ⚠️ Факел C4: некого лечить
   Выпущено ракет: 1
# 
📊 РЕЗУЛЬТАТЫ ХОДА 3:
🎯 Попаданий нет

--- Результаты хода ---
  Team A / Прыгун A3          → Team B / Паук B8            @ (6,5,0)  (УБИТ)
  Team A / Бурав A6           → Team C / Радиовышка C2      @ (7,6,0)  (УБИТ)
  Team B / Прыгун B3          → Team C / Провокатор C7      @ (9,3,2)  (УБИТ)

--- Состояние команд после хода ---
  Team A: живых 8/8
    ✓ Артиллерия A1      @ (3,8,5) hp=1/1
    ✓ Радиовышка A2      @ (6,6,4) hp=3/3
    ✓ Прыгун A3          @ (6,5,0) hp=2/2
    ✓ Факел A4           @ (3,8,6) hp=6/6
    ✓ Тишина A5          @ (5,6,2) hp=2/2
    ✓ Бурав A6           @ (7,6,0) hp=4/4
    ✓ Провокатор A7      @ (4,7,5) hp=2/2
    ✓ Паук A8            @ (3,8,3) hp=1/1
  Team B: живых 4/8
    ✓ Радиовышка B2      @ (7,2,1) hp=3/3
    ✓ Прыгун B3          @ (9,3,2) hp=2/2
    ✓ Факел B4           @ (8,1,2) hp=6/6
    ✓ Тишина B5          @ (7,2,0) hp=2/2
    ✗ Артиллерия B1      @ (6,7,0) [уничтожен]
    ✗ Бурав B6           @ (5,7,0) [уничтожен]
    ✗ Провокатор B7      @ (6,4,0) [уничтожен]
    ✗ Паук B8            @ (6,5,0) [уничтожен]
  Team C: живых 4/8
    ✓ Прыгун C3          @ (7,1,1) hp=2/2
    ✓ Факел C4           @ (8,6,1) hp=6/6
    ✓ Тишина C5          @ (7,7,0) hp=2/2
    ✓ Паук C8            @ (9,8,2) hp=1/1
    ✗ Артиллерия C1      @ (9,0,2) [уничтожен]
    ✗ Радиовышка C2      @ (7,6,0) [уничтожен]
    ✗ Бурав C6           @ (9,1,2) [уничтожен]
    ✗ Провокатор C7      @ (9,3,2) [уничтожен]

======================================================================
ХОД 4
======================================================================
✓ 🎮 GM: начинаем ход
GM: start_turn

--- Радиовышки: сканирование слоя Z ---
  Радиовышка A2 (z=4): слой чист
  Радиовышка B2 (z=1): видит 2 врагов  → Прыгун C3(7,1,1), Факел C4(8,6,1)

--- Решения ботов ---
  [Team A] Артиллерия A1 (3,8,5) → SHOOT at (9,3,2)
  [Team A] Радиовышка A2 (6,6,4) → MOVE (7,5,3)
  [Team A] Прыгун A3 (6,5,0) → MOVE (8,6,1)
  [Team A] Тишина A5 (5,6,2) → MOVE (6,6,1)
  [Team A] Бурав A6 (7,6,0) → MOVE (7,6,1)
  [Team A] Провокатор A7 (4,7,5) → HOLOGRAM (5,6,4)
  [Team A] Паук A8 (3,8,3) → MOVE (4,7,2)
  [Team A] Факел A4 → SKIP
  [Team B] Радиовышка B2 (7,2,1) → MOVE (7,1,1)
  [Team B] Прыгун B3 (9,3,2) → MOVE (8,2,1)
  [Team B] Факел B4 (8,1,2) → MOVE (9,2,2)
  [Team B] Тишина B5 (7,2,0) → MOVE (7,1,0)
  [Team C] Прыгун C3 (7,1,1) → MOVE (8,1,2)
  [Team C] Факел C4 (8,6,1) → MOVE (7,5,1)
  [Team C] Тишина C5 (7,7,0) → MOVE (7,6,0)
  [Team C] Паук C8 (9,8,2) → MINE (8,7,1)
! 🎮 GM: принудительно завершает фазу планирования
GM: end_planning
# 
============================================================
# 🔄 ОБРАБОТКА ХОДА 4
# ============================================================
!    ⚠️ Провокатор A7: клетка (5,6,4) уже занята голограммой
!    ⚠️ Паук C8: в клетке уже стоит мина

📦 ПЕРЕМЕЩЕНИЯ:
   Радиовышка A2: (6, 6, 4) → (7,5,3)
✓    💥 Прыгун A3 тараном уничтожил Факел C4 в (8,6,1)
   Прыгун A3: (6, 5, 0) → (8,6,1)
   Тишина A5: (5, 6, 2) → (6,6,1)
   Бурав A6: (7, 6, 0) → (7,6,1)
   Паук A8: (3, 8, 3) → (4,7,2)
!    ⚠️ Радиовышка B2: клетка (7,1,1) занята
✓    💥 Прыгун B3 тараном сбросил голограмму H7
   Прыгун B3: (9, 3, 2) → (8,2,1)
!    ⚠️ Факел B4: клетка (9,2,2) занята
   Тишина B5: (7, 2, 0) → (7,1,0)
✓    💥 Прыгун C3 тараном уничтожил Факел B4 в (8,1,2)
   Прыгун C3: (7, 1, 1) → (8,1,2)
   Тишина C5: (7, 7, 0) → (7,6,0)

🎯 ВЫСТРЕЛЫ:
   Выпущено ракет: 1
# 
📊 РЕЗУЛЬТАТЫ ХОДА 4:
🎯 Попаданий нет

--- Результаты хода ---
  Team A / Прыгун A3          → Team C / Факел C4           @ (8,6,1)  (УБИТ)
  Team C / Прыгун C3          → Team B / Факел B4           @ (8,1,2)  (УБИТ)

--- Состояние команд после хода ---
  Team A: живых 8/8
    ✓ Артиллерия A1      @ (3,8,5) hp=1/1
    ✓ Радиовышка A2      @ (7,5,3) hp=3/3
    ✓ Прыгун A3          @ (8,6,1) hp=2/2
    ✓ Факел A4           @ (3,8,6) hp=6/6
    ✓ Тишина A5          @ (6,6,1) hp=2/2
    ✓ Бурав A6           @ (7,6,1) hp=4/4
    ✓ Провокатор A7      @ (4,7,5) hp=2/2
    ✓ Паук A8            @ (4,7,2) hp=1/1
  Team B: живых 3/8
    ✓ Радиовышка B2      @ (7,2,1) hp=3/3
    ✓ Прыгун B3          @ (8,2,1) hp=2/2
    ✓ Тишина B5          @ (7,1,0) hp=2/2
    ✗ Артиллерия B1      @ (6,7,0) [уничтожен]
    ✗ Факел B4           @ (8,1,2) [уничтожен]
    ✗ Бурав B6           @ (5,7,0) [уничтожен]
    ✗ Провокатор B7      @ (6,4,0) [уничтожен]
    ✗ Паук B8            @ (6,5,0) [уничтожен]
  Team C: живых 3/8
    ✓ Прыгун C3          @ (8,1,2) hp=2/2
    ✓ Тишина C5          @ (7,6,0) hp=2/2
    ✓ Паук C8            @ (9,8,2) hp=1/1
    ✗ Артиллерия C1      @ (9,0,2) [уничтожен]
    ✗ Радиовышка C2      @ (7,6,0) [уничтожен]
    ✗ Факел C4           @ (8,6,1) [уничтожен]
    ✗ Бурав C6           @ (9,1,2) [уничтожен]
    ✗ Провокатор C7      @ (9,3,2) [уничтожен]

======================================================================
ХОД 5
======================================================================
✓ 🎮 GM: начинаем ход
GM: start_turn

--- Радиовышки: сканирование слоя Z ---
  Радиовышка A2 (z=3): слой чист
  Радиовышка B2 (z=1): видит 2 врагов  → Бурав A6(7,6,1), Прыгун A3(8,6,1)

--- Решения ботов ---
  [Team A] Артиллерия A1 (3,8,5) → SHOOT at (8,2,1)
  [Team A] Радиовышка A2 (7,5,3) → MOVE (7,4,2)
  [Team A] Прыгун A3 (8,6,1) → MOVE (9,8,2)
  [Team A] Тишина A5 (6,6,1) → MOVE (7,7,2)
  [Team A] Бурав A6 (7,6,1) → MOVE (8,7,2)
  [Team A] Провокатор A7 (4,7,5) → HOLOGRAM (5,6,4)
  [Team A] Паук A8 (4,7,2) → MOVE (5,6,1)
  [Team A] Факел A4 → SKIP
  [Team B] Радиовышка B2 (7,2,1) → MOVE (8,1,2)
  [Team B] Прыгун B3 (8,2,1) → SHOOT at (8,6,1)
  [Team B] Тишина B5 (7,1,0) → MOVE (8,1,1)
  [Team C] Прыгун C3 (8,1,2) → MOVE (8,2,1)
  [Team C] Тишина C5 (7,6,0) → MOVE (8,6,1)
  [Team C] Паук C8 (9,8,2) → MINE (8,7,1)
! 🎮 GM: принудительно завершает фазу планирования
GM: end_planning
# 
============================================================
# 🔄 ОБРАБОТКА ХОДА 5
# ============================================================
!    ⚠️ Провокатор A7: клетка (5,6,4) уже занята голограммой
!    ⚠️ Паук C8: в клетке уже стоит мина

📦 ПЕРЕМЕЩЕНИЯ:
   Радиовышка A2: (7, 5, 3) → (7,4,2)
✓    💥 Прыгун A3 тараном уничтожил Паук C8 в (9,8,2)
   Прыгун A3: (8, 6, 1) → (9,8,2)
   Тишина A5: (6, 6, 1) → (7,7,2)
!    ⚠️ Бурав A6: Бурав двигается только по 1 оси или по 2 осям строго диагонально
   Паук A8: (4, 7, 2) → (5,6,1)
!    ⚠️ Радиовышка B2: клетка (8,1,2) занята
   Тишина B5: (7, 1, 0) → (8,1,1)
✓    💥 Прыгун C3 тараном уничтожил Прыгун B3 в (8,2,1)
   Прыгун C3: (8, 1, 2) → (8,2,1)
   Тишина C5: (7, 6, 0) → (8,6,1)

🎯 ВЫСТРЕЛЫ:
✓    ✅ Артиллерия A1 поразил Прыгун C3 (2 урона)!
   Выпущено ракет: 1
# 
📊 РЕЗУЛЬТАТЫ ХОДА 5:
✓ 💥 ПОПАДАНИЯ:
✓    Артиллерия A1 (Team A) → Прыгун C3 (Team C)

--- Результаты хода ---
  Team A / Прыгун A3          → Team C / Паук C8            @ (9,8,2)  (УБИТ)
  Team C / Прыгун C3          → Team B / Прыгун B3          @ (8,2,1)  (УБИТ)
  Team A / Артиллерия A1      → Team C / Прыгун C3          @ (8,2,1)  (УБИТ)

--- Состояние команд после хода ---
  Team A: живых 8/8
    ✓ Артиллерия A1      @ (3,8,5) hp=1/1
    ✓ Радиовышка A2      @ (7,4,2) hp=3/3
    ✓ Прыгун A3          @ (9,8,2) hp=2/2
    ✓ Факел A4           @ (3,8,6) hp=6/6
    ✓ Тишина A5          @ (7,7,2) hp=2/2
    ✓ Бурав A6           @ (7,6,1) hp=4/4
    ✓ Провокатор A7      @ (4,7,5) hp=2/2
    ✓ Паук A8            @ (5,6,1) hp=1/1
  Team B: живых 2/8
    ✓ Радиовышка B2      @ (7,2,1) hp=3/3
    ✓ Тишина B5          @ (8,1,1) hp=2/2
    ✗ Артиллерия B1      @ (6,7,0) [уничтожен]
    ✗ Прыгун B3          @ (8,2,1) [уничтожен]
    ✗ Факел B4           @ (8,1,2) [уничтожен]
    ✗ Бурав B6           @ (5,7,0) [уничтожен]
    ✗ Провокатор B7      @ (6,4,0) [уничтожен]
    ✗ Паук B8            @ (6,5,0) [уничтожен]
  Team C: живых 1/8
    ✓ Тишина C5          @ (8,6,1) hp=2/2
    ✗ Артиллерия C1      @ (9,0,2) [уничтожен]
    ✗ Радиовышка C2      @ (7,6,0) [уничтожен]
    ✗ Прыгун C3          @ (8,2,1) [уничтожен]
    ✗ Факел C4           @ (8,6,1) [уничтожен]
    ✗ Бурав C6           @ (9,1,2) [уничтожен]
    ✗ Провокатор C7      @ (9,3,2) [уничтожен]
    ✗ Паук C8            @ (9,8,2) [уничтожен]

======================================================================
ХОД 6
======================================================================
✓ 🎮 GM: начинаем ход
GM: start_turn

--- Радиовышки: сканирование слоя Z ---
  Радиовышка A2 (z=2): слой чист
  Радиовышка B2 (z=1): видит 2 врагов [+2 эксклюзивно] → Паук A8(5,6,1), Бурав A6(7,6,1)

--- Решения ботов ---
  [Team A] Артиллерия A1 (3,8,5) → SHOOT at (7,2,1)
  [Team A] Радиовышка A2 (7,4,2) → MOVE (7,3,1)
  [Team A] Прыгун A3 (9,8,2) → MOVE (8,7,1)
  [Team A] Тишина A5 (7,7,2) → PHASE toggle
  [Team A] Бурав A6 (7,6,1) → MOVE (7,5,1)
  [Team A] Провокатор A7 (4,7,5) → HOLOGRAM (5,6,4)
  [Team A] Паук A8 (5,6,1) → MINE (6,5,1)
  [Team A] Факел A4 → SKIP
  [Team B] Радиовышка B2 (7,2,1) → MOVE (7,3,2)
  [Team B] Тишина B5 (8,1,1) → PHASE toggle
  [Team C] Тишина C5 (8,6,1) → MOVE (7,6,1)
! 🎮 GM: принудительно завершает фазу планирования
GM: end_planning
# 
============================================================
# 🔄 ОБРАБОТКА ХОДА 6
# ============================================================
   🌀 Тишина A5: фаза ВЫКЛ
   🌀 Тишина B5: фаза ВЫКЛ
!    ⚠️ Провокатор A7: клетка (5,6,4) уже занята голограммой
   💣 Паук A8 установил мину M8 в (6,5,1)

📦 ПЕРЕМЕЩЕНИЯ:
!    ⚠️ Радиовышка A2: клетка (7,3,1) занята
   Прыгун A3: (9, 8, 2) → (8,7,1)
!    💥 Мина M7 сработала под Прыгун A3 (урон 2) — КОРАБЛЬ УНИЧТОЖЕН
✓    💥 Бурав A6 тараном сбросил голограмму H1
   Бурав A6: (7, 6, 1) → (7,5,1)
   Радиовышка B2: (7, 2, 1) → (7,3,2)
   Тишина C5: (8, 6, 1) → (7,6,1)

🎯 ВЫСТРЕЛЫ:
   Выпущено ракет: 1
# 
📊 РЕЗУЛЬТАТЫ ХОДА 6:
🎯 Попаданий нет

--- Результаты хода ---
  ? / ?                  → Team A / Прыгун A3          @ (8,7,1)  (УБИТ)

--- Состояние команд после хода ---
  Team A: живых 7/8
    ✓ Артиллерия A1      @ (3,8,5) hp=1/1
    ✓ Радиовышка A2      @ (7,4,2) hp=3/3
    ✓ Факел A4           @ (3,8,6) hp=6/6
    ✓ Тишина A5          @ (7,7,2) hp=2/2
    ✓ Бурав A6           @ (7,5,1) hp=4/4
    ✓ Провокатор A7      @ (4,7,5) hp=2/2
    ✓ Паук A8            @ (5,6,1) hp=1/1
    ✗ Прыгун A3          @ (8,7,1) [уничтожен]
  Team B: живых 2/8
    ✓ Радиовышка B2      @ (7,3,2) hp=3/3
    ✓ Тишина B5          @ (8,1,1) hp=2/2
    ✗ Артиллерия B1      @ (6,7,0) [уничтожен]
    ✗ Прыгун B3          @ (8,2,1) [уничтожен]
    ✗ Факел B4           @ (8,1,2) [уничтожен]
    ✗ Бурав B6           @ (5,7,0) [уничтожен]
    ✗ Провокатор B7      @ (6,4,0) [уничтожен]
    ✗ Паук B8            @ (6,5,0) [уничтожен]
  Team C: живых 1/8
    ✓ Тишина C5          @ (7,6,1) hp=2/2
    ✗ Артиллерия C1      @ (9,0,2) [уничтожен]
    ✗ Радиовышка C2      @ (7,6,0) [уничтожен]
    ✗ Прыгун C3          @ (8,2,1) [уничтожен]
    ✗ Факел C4           @ (8,6,1) [уничтожен]
    ✗ Бурав C6           @ (9,1,2) [уничтожен]
    ✗ Провокатор C7      @ (9,3,2) [уничтожен]
    ✗ Паук C8            @ (9,8,2) [уничтожен]

======================================================================
ХОД 7
======================================================================
✓ 🎮 GM: начинаем ход
GM: start_turn

--- Радиовышки: сканирование слоя Z ---
  Радиовышка A2 (z=2): видит 1 врагов  → Радиовышка B2(7,3,2)
  Радиовышка B2 (z=2): видит 2 врагов [+1 эксклюзивно] → Радиовышка A2(7,4,2), Тишина A5(7,7,2)

--- Решения ботов ---
  [Team A] Артиллерия A1 (3,8,5) → SHOOT at (8,1,1)
  [Team A] Радиовышка A2 (7,4,2) → MOVE (7,3,2)
  [Team A] Тишина A5 (7,7,2) → MOVE (7,6,2)
  [Team A] Бурав A6 (7,5,1) → MOVE (7,5,2)
  [Team A] Провокатор A7 (4,7,5) → HOLOGRAM (5,6,4)
  [Team A] Паук A8 (5,6,1) → MINE (6,5,2)
  [Team A] Факел A4 → SKIP
  [Team B] Радиовышка B2 (7,3,2) → MOVE (7,4,2)
  [Team B] Тишина B5 (8,1,1) → MOVE (7,2,2)
  [Team C] Тишина C5 (7,6,1) → MOVE (7,7,2)
! 🎮 GM: принудительно завершает фазу планирования
GM: end_planning
# 
============================================================
# 🔄 ОБРАБОТКА ХОДА 7
# ============================================================
!    ⚠️ Провокатор A7: клетка (5,6,4) уже занята голограммой
   💣 Паук A8 установил мину M9 в (6,5,2)

📦 ПЕРЕМЕЩЕНИЯ:
!    ⚠️ Радиовышка A2: клетка (7,3,2) занята
   Тишина A5: (7, 7, 2) → (7,6,2)
   Бурав A6: (7, 5, 1) → (7,5,2)
!    ⚠️ Радиовышка B2: клетка (7,4,2) занята
   Тишина B5: (8, 1, 1) → (7,2,2)
   Тишина C5: (7, 6, 1) → (7,7,2)

🎯 ВЫСТРЕЛЫ:
   Выпущено ракет: 1
# 
📊 РЕЗУЛЬТАТЫ ХОДА 7:
🎯 Попаданий нет

--- Результаты хода ---
  Попаданий нет

--- Состояние команд после хода ---
  Team A: живых 7/8
    ✓ Артиллерия A1      @ (3,8,5) hp=1/1
    ✓ Радиовышка A2      @ (7,4,2) hp=3/3
    ✓ Факел A4           @ (3,8,6) hp=6/6
    ✓ Тишина A5          @ (7,6,2) hp=2/2
    ✓ Бурав A6           @ (7,5,2) hp=4/4
    ✓ Провокатор A7      @ (4,7,5) hp=2/2
    ✓ Паук A8            @ (5,6,1) hp=1/1
    ✗ Прыгун A3          @ (8,7,1) [уничтожен]
  Team B: живых 2/8
    ✓ Радиовышка B2      @ (7,3,2) hp=3/3
    ✓ Тишина B5          @ (7,2,2) hp=2/2
    ✗ Артиллерия B1      @ (6,7,0) [уничтожен]
    ✗ Прыгун B3          @ (8,2,1) [уничтожен]
    ✗ Факел B4           @ (8,1,2) [уничтожен]
    ✗ Бурав B6           @ (5,7,0) [уничтожен]
    ✗ Провокатор B7      @ (6,4,0) [уничтожен]
    ✗ Паук B8            @ (6,5,0) [уничтожен]
  Team C: живых 1/8
    ✓ Тишина C5          @ (7,7,2) hp=2/2
    ✗ Артиллерия C1      @ (9,0,2) [уничтожен]
    ✗ Радиовышка C2      @ (7,6,0) [уничтожен]
    ✗ Прыгун C3          @ (8,2,1) [уничтожен]
    ✗ Факел C4           @ (8,6,1) [уничтожен]
    ✗ Бурав C6           @ (9,1,2) [уничтожен]
    ✗ Провокатор C7      @ (9,3,2) [уничтожен]
    ✗ Паук C8            @ (9,8,2) [уничтожен]

======================================================================
ХОД 8
======================================================================
✓ 🎮 GM: начинаем ход
GM: start_turn

--- Радиовышки: сканирование слоя Z ---
  Радиовышка A2 (z=2): видит 2 врагов  → Тишина B5(7,2,2), Радиовышка B2(7,3,2)
  Радиовышка B2 (z=2): видит 3 врагов  → Радиовышка A2(7,4,2), Бурав A6(7,5,2), Тишина A5(7,6,2)

--- Решения ботов ---
  [Team A] Артиллерия A1 (3,8,5) → SHOOT at (7,2,2)
  [Team A] Радиовышка A2 (7,4,2) → MOVE (7,3,2)
  [Team A] Бурав A6 (7,5,2) → MOVE (7,2,2)
  [Team A] Провокатор A7 (4,7,5) → HOLOGRAM (5,6,4)
  [Team A] Паук A8 (5,6,1) → MINE (6,5,2)
  [Team A] Факел A4 → SKIP
  [Team A] Тишина A5 → SKIP
  [Team B] Радиовышка B2 (7,3,2) → MOVE (7,4,2)
  [Team B] Тишина B5 (7,2,2) → PHASE toggle
  [Team C] Тишина C5 (7,7,2) → MOVE (7,6,2)
! 🎮 GM: принудительно завершает фазу планирования
GM: end_planning
# 
============================================================
# 🔄 ОБРАБОТКА ХОДА 8
# ============================================================
   🌀 Тишина B5: фаза ВКЛ
!    ⚠️ Провокатор A7: клетка (5,6,4) уже занята голограммой
!    ⚠️ Паук A8: в клетке уже стоит мина

📦 ПЕРЕМЕЩЕНИЯ:
!    ⚠️ Радиовышка A2: клетка (7,3,2) занята
   Бурав A6: (7, 5, 2) → (7,2,2)
!    ⚠️ Радиовышка B2: клетка (7,4,2) занята
!    ⚠️ Тишина C5: клетка (7,6,2) занята

🎯 ВЫСТРЕЛЫ:
   Выпущено ракет: 1
# 
📊 РЕЗУЛЬТАТЫ ХОДА 8:
🎯 Попаданий нет

--- Результаты хода ---
  Попаданий нет

--- Состояние команд после хода ---
  Team A: живых 7/8
    ✓ Артиллерия A1      @ (3,8,5) hp=1/1
    ✓ Радиовышка A2      @ (7,4,2) hp=3/3
    ✓ Факел A4           @ (3,8,6) hp=6/6
    ✓ Тишина A5          @ (7,6,2) hp=2/2
    ✓ Бурав A6           @ (7,2,2) hp=4/4
    ✓ Провокатор A7      @ (4,7,5) hp=2/2
    ✓ Паук A8            @ (5,6,1) hp=1/1
    ✗ Прыгун A3          @ (8,7,1) [уничтожен]
  Team B: живых 2/8
    ✓ Радиовышка B2      @ (7,3,2) hp=3/3
    ✓ Тишина B5          @ (7,2,2) hp=2/2
    ✗ Артиллерия B1      @ (6,7,0) [уничтожен]
    ✗ Прыгун B3          @ (8,2,1) [уничтожен]
    ✗ Факел B4           @ (8,1,2) [уничтожен]
    ✗ Бурав B6           @ (5,7,0) [уничтожен]
    ✗ Провокатор B7      @ (6,4,0) [уничтожен]
    ✗ Паук B8            @ (6,5,0) [уничтожен]
  Team C: живых 1/8
    ✓ Тишина C5          @ (7,7,2) hp=2/2
    ✗ Артиллерия C1      @ (9,0,2) [уничтожен]
    ✗ Радиовышка C2      @ (7,6,0) [уничтожен]
    ✗ Прыгун C3          @ (8,2,1) [уничтожен]
    ✗ Факел C4           @ (8,6,1) [уничтожен]
    ✗ Бурав C6           @ (9,1,2) [уничтожен]
    ✗ Провокатор C7      @ (9,3,2) [уничтожен]
    ✗ Паук C8            @ (9,8,2) [уничтожен]

======================================================================
ХОД 9
======================================================================
✓ 🎮 GM: начинаем ход
GM: start_turn

--- Радиовышки: сканирование слоя Z ---
  Радиовышка A2 (z=2): видит 1 врагов  → Радиовышка B2(7,3,2)
  Радиовышка B2 (z=2): видит 3 врагов  → Бурав A6(7,2,2), Радиовышка A2(7,4,2), Тишина A5(7,6,2)

--- Решения ботов ---
  [Team A] Артиллерия A1 (3,8,5) → SHOOT at (7,3,2)
  [Team A] Радиовышка A2 (7,4,2) → MOVE (7,3,2)
  [Team A] Тишина A5 (7,6,2) → MOVE (7,5,2)
  [Team A] Провокатор A7 (4,7,5) → HOLOGRAM (5,6,4)
  [Team A] Паук A8 (5,6,1) → MINE (6,5,2)
  [Team A] Бурав A6 → SKIP
  [Team A] Факел A4 → SKIP
  [Team B] Радиовышка B2 (7,3,2) → MOVE (7,4,2)
  [Team B] Тишина B5 → SKIP
  [Team C] Тишина C5 (7,7,2) → MOVE (7,6,2)
! 🎮 GM: принудительно завершает фазу планирования
GM: end_planning
# 
============================================================
# 🔄 ОБРАБОТКА ХОДА 9
# ============================================================
!    ⚠️ Провокатор A7: клетка (5,6,4) уже занята голограммой
!    ⚠️ Паук A8: в клетке уже стоит мина

📦 ПЕРЕМЕЩЕНИЯ:
!    ⚠️ Радиовышка A2: клетка (7,3,2) занята
   Тишина A5: (7, 6, 2) → (7,5,2)
!    ⚠️ Радиовышка B2: клетка (7,4,2) занята
   Тишина C5: (7, 7, 2) → (7,6,2)

🎯 ВЫСТРЕЛЫ:
✓    ✅ Артиллерия A1 поразил Радиовышка B2 (2 урона)!
   Выпущено ракет: 1
# 
📊 РЕЗУЛЬТАТЫ ХОДА 9:
✓ 💥 ПОПАДАНИЯ:
✓    Артиллерия A1 (Team A) → Радиовышка B2 (Team B)

--- Результаты хода ---
  Team A / Артиллерия A1      → Team B / Радиовышка B2      @ (7,3,2)  (ранен)

--- Состояние команд после хода ---
  Team A: живых 7/8
    ✓ Артиллерия A1      @ (3,8,5) hp=1/1
    ✓ Радиовышка A2      @ (7,4,2) hp=3/3
    ✓ Факел A4           @ (3,8,6) hp=6/6
    ✓ Тишина A5          @ (7,5,2) hp=2/2
    ✓ Бурав A6           @ (7,2,2) hp=4/4
    ✓ Провокатор A7      @ (4,7,5) hp=2/2
    ✓ Паук A8            @ (5,6,1) hp=1/1
    ✗ Прыгун A3          @ (8,7,1) [уничтожен]
  Team B: живых 2/8
    ✓ Радиовышка B2      @ (7,3,2) hp=1/3
    ✓ Тишина B5          @ (7,2,2) hp=2/2
    ✗ Артиллерия B1      @ (6,7,0) [уничтожен]
    ✗ Прыгун B3          @ (8,2,1) [уничтожен]
    ✗ Факел B4           @ (8,1,2) [уничтожен]
    ✗ Бурав B6           @ (5,7,0) [уничтожен]
    ✗ Провокатор B7      @ (6,4,0) [уничтожен]
    ✗ Паук B8            @ (6,5,0) [уничтожен]
  Team C: живых 1/8
    ✓ Тишина C5          @ (7,6,2) hp=2/2
    ✗ Артиллерия C1      @ (9,0,2) [уничтожен]
    ✗ Радиовышка C2      @ (7,6,0) [уничтожен]
    ✗ Прыгун C3          @ (8,2,1) [уничтожен]
    ✗ Факел C4           @ (8,6,1) [уничтожен]
    ✗ Бурав C6           @ (9,1,2) [уничтожен]
    ✗ Провокатор C7      @ (9,3,2) [уничтожен]
    ✗ Паук C8            @ (9,8,2) [уничтожен]

======================================================================
ХОД 10
======================================================================
✓ 🎮 GM: начинаем ход
GM: start_turn

--- Радиовышки: сканирование слоя Z ---
  Радиовышка A2 (z=2): видит 1 врагов  → Радиовышка B2(7,3,2)
  Радиовышка B2 (z=2): видит 3 врагов  → Бурав A6(7,2,2), Радиовышка A2(7,4,2), Тишина A5(7,5,2)

--- Решения ботов ---
  [Team A] Артиллерия A1 (3,8,5) → SHOOT at (7,3,2)
  [Team A] Радиовышка A2 (7,4,2) → MOVE (7,3,2)
  [Team A] Провокатор A7 (4,7,5) → HOLOGRAM (5,6,4)
  [Team A] Паук A8 (5,6,1) → MINE (6,5,2)
  [Team A] Бурав A6 → SKIP
  [Team A] Факел A4 → SKIP
  [Team A] Тишина A5 → SKIP
  [Team B] Радиовышка B2 (7,3,2) → MOVE (7,4,2)
  [Team B] Тишина B5 → SKIP
  [Team C] Тишина C5 (7,6,2) → MOVE (7,5,2)
! 🎮 GM: принудительно завершает фазу планирования
GM: end_planning
# 
============================================================
# 🔄 ОБРАБОТКА ХОДА 10
# ============================================================
!    ⚠️ Провокатор A7: клетка (5,6,4) уже занята голограммой
!    ⚠️ Паук A8: в клетке уже стоит мина

📦 ПЕРЕМЕЩЕНИЯ:
!    ⚠️ Радиовышка A2: клетка (7,3,2) занята
!    ⚠️ Радиовышка B2: клетка (7,4,2) занята
!    ⚠️ Тишина C5: клетка (7,5,2) занята

🎯 ВЫСТРЕЛЫ:
✓    ✅ Артиллерия A1 поразил Радиовышка B2 (2 урона)!
   Выпущено ракет: 1
# 
📊 РЕЗУЛЬТАТЫ ХОДА 10:
✓ 💥 ПОПАДАНИЯ:
✓    Артиллерия A1 (Team A) → Радиовышка B2 (Team B)

--- Результаты хода ---
  Team A / Артиллерия A1      → Team B / Радиовышка B2      @ (7,3,2)  (УБИТ)

--- Состояние команд после хода ---
  Team A: живых 7/8
    ✓ Артиллерия A1      @ (3,8,5) hp=1/1
    ✓ Радиовышка A2      @ (7,4,2) hp=3/3
    ✓ Факел A4           @ (3,8,6) hp=6/6
    ✓ Тишина A5          @ (7,5,2) hp=2/2
    ✓ Бурав A6           @ (7,2,2) hp=4/4
    ✓ Провокатор A7      @ (4,7,5) hp=2/2
    ✓ Паук A8            @ (5,6,1) hp=1/1
    ✗ Прыгун A3          @ (8,7,1) [уничтожен]
  Team B: живых 1/8
    ✓ Тишина B5          @ (7,2,2) hp=2/2
    ✗ Артиллерия B1      @ (6,7,0) [уничтожен]
    ✗ Радиовышка B2      @ (7,3,2) [уничтожен]
    ✗ Прыгун B3          @ (8,2,1) [уничтожен]
    ✗ Факел B4           @ (8,1,2) [уничтожен]
    ✗ Бурав B6           @ (5,7,0) [уничтожен]
    ✗ Провокатор B7      @ (6,4,0) [уничтожен]
    ✗ Паук B8            @ (6,5,0) [уничтожен]
  Team C: живых 1/8
    ✓ Тишина C5          @ (7,6,2) hp=2/2
    ✗ Артиллерия C1      @ (9,0,2) [уничтожен]
    ✗ Радиовышка C2      @ (7,6,0) [уничтожен]
    ✗ Прыгун C3          @ (8,2,1) [уничтожен]
    ✗ Факел C4           @ (8,6,1) [уничтожен]
    ✗ Бурав C6           @ (9,1,2) [уничтожен]
    ✗ Провокатор C7      @ (9,3,2) [уничтожен]
    ✗ Паук C8            @ (9,8,2) [уничтожен]

======================================================================
ХОД 11
======================================================================
✓ 🎮 GM: начинаем ход
GM: start_turn

--- Радиовышки: сканирование слоя Z ---
  Радиовышка A2 (z=2): слой чист

--- Решения ботов ---
  [Team A] Артиллерия A1 (3,8,5) → SHOOT at (4,5,5)
  [Team A] Радиовышка A2 (7,4,2) → MOVE (7,3,2)
  [Team A] Провокатор A7 (4,7,5) → MOVE (5,6,4)
  [Team A] Паук A8 (5,6,1) → MOVE (6,5,2)
  [Team A] Бурав A6 → SKIP
  [Team A] Факел A4 → SKIP
  [Team A] Тишина A5 → SKIP
  [Team B] Тишина B5 (7,2,2) → PHASE toggle
  [Team C] Тишина C5 (7,6,2) → MOVE (7,5,2)
! 🎮 GM: принудительно завершает фазу планирования
GM: end_planning
# 
============================================================
# 🔄 ОБРАБОТКА ХОДА 11
# ============================================================
   🌀 Тишина B5: фаза ВЫКЛ

📦 ПЕРЕМЕЩЕНИЯ:
   Радиовышка A2: (7, 4, 2) → (7,3,2)
!    ⚠️ Провокатор A7: клетка (5,6,4) занята
   Паук A8: (5, 6, 1) → (6,5,2)
!    ⚠️ Тишина C5: клетка (7,5,2) занята

🎯 ВЫСТРЕЛЫ:
   Выпущено ракет: 1
# 
📊 РЕЗУЛЬТАТЫ ХОДА 11:
🎯 Попаданий нет

--- Результаты хода ---
  Попаданий нет

--- Состояние команд после хода ---
  Team A: живых 7/8
    ✓ Артиллерия A1      @ (3,8,5) hp=1/1
    ✓ Радиовышка A2      @ (7,3,2) hp=3/3
    ✓ Факел A4           @ (3,8,6) hp=6/6
    ✓ Тишина A5          @ (7,5,2) hp=2/2
    ✓ Бурав A6           @ (7,2,2) hp=4/4
    ✓ Провокатор A7      @ (4,7,5) hp=2/2
    ✓ Паук A8            @ (6,5,2) hp=1/1
    ✗ Прыгун A3          @ (8,7,1) [уничтожен]
  Team B: живых 1/8
    ✓ Тишина B5          @ (7,2,2) hp=2/2
    ✗ Артиллерия B1      @ (6,7,0) [уничтожен]
    ✗ Радиовышка B2      @ (7,3,2) [уничтожен]
    ✗ Прыгун B3          @ (8,2,1) [уничтожен]
    ✗ Факел B4           @ (8,1,2) [уничтожен]
    ✗ Бурав B6           @ (5,7,0) [уничтожен]
    ✗ Провокатор B7      @ (6,4,0) [уничтожен]
    ✗ Паук B8            @ (6,5,0) [уничтожен]
  Team C: живых 1/8
    ✓ Тишина C5          @ (7,6,2) hp=2/2
    ✗ Артиллерия C1      @ (9,0,2) [уничтожен]
    ✗ Радиовышка C2      @ (7,6,0) [уничтожен]
    ✗ Прыгун C3          @ (8,2,1) [уничтожен]
    ✗ Факел C4           @ (8,6,1) [уничтожен]
    ✗ Бурав C6           @ (9,1,2) [уничтожен]
    ✗ Провокатор C7      @ (9,3,2) [уничтожен]
    ✗ Паук C8            @ (9,8,2) [уничтожен]

======================================================================
ХОД 12
======================================================================
✓ 🎮 GM: начинаем ход
GM: start_turn

--- Радиовышки: сканирование слоя Z ---
  Радиовышка A2 (z=2): видит 1 врагов  → Тишина B5(7,2,2)

--- Решения ботов ---
  [Team A] Артиллерия A1 (3,8,5) → SHOOT at (7,2,2)
  [Team A] Тишина A5 (7,5,2) → MOVE (7,4,2)
  [Team A] Провокатор A7 (4,7,5) → HOLOGRAM (5,6,4)
  [Team A] Паук A8 (6,5,2) → MINE (6,4,2)
  [Team A] Радиовышка A2 → SKIP
  [Team A] Бурав A6 → SKIP
  [Team A] Факел A4 → SKIP
  [Team B] все корабли пропускают ход
  [Team C] Тишина C5 (7,6,2) → MOVE (7,5,2)
! 🎮 GM: принудительно завершает фазу планирования
GM: end_planning
# 
============================================================
# 🔄 ОБРАБОТКА ХОДА 12
# ============================================================
!    ⚠️ Провокатор A7: клетка (5,6,4) уже занята голограммой
   💣 Паук A8 установил мину M10 в (6,4,2)

📦 ПЕРЕМЕЩЕНИЯ:
   Тишина A5: (7, 5, 2) → (7,4,2)
   Тишина C5: (7, 6, 2) → (7,5,2)

🎯 ВЫСТРЕЛЫ:
✓    ✅ Артиллерия A1 поразил Тишина B5 (2 урона)!
   Выпущено ракет: 1
# 
📊 РЕЗУЛЬТАТЫ ХОДА 12:
✓ 💥 ПОПАДАНИЯ:
✓    Артиллерия A1 (Team A) → Тишина B5 (Team B)

--- Результаты хода ---
  Team A / Артиллерия A1      → Team B / Тишина B5          @ (7,2,2)  (УБИТ)

--- Состояние команд после хода ---
  Team A: живых 7/8
    ✓ Артиллерия A1      @ (3,8,5) hp=1/1
    ✓ Радиовышка A2      @ (7,3,2) hp=3/3
    ✓ Факел A4           @ (3,8,6) hp=6/6
    ✓ Тишина A5          @ (7,4,2) hp=2/2
    ✓ Бурав A6           @ (7,2,2) hp=4/4
    ✓ Провокатор A7      @ (4,7,5) hp=2/2
    ✓ Паук A8            @ (6,5,2) hp=1/1
    ✗ Прыгун A3          @ (8,7,1) [уничтожен]
  Team B: живых 0/8
    ✗ Артиллерия B1      @ (6,7,0) [уничтожен]
    ✗ Радиовышка B2      @ (7,3,2) [уничтожен]
    ✗ Прыгун B3          @ (8,2,1) [уничтожен]
    ✗ Факел B4           @ (8,1,2) [уничтожен]
    ✗ Тишина B5          @ (7,2,2) [уничтожен]
    ✗ Бурав B6           @ (5,7,0) [уничтожен]
    ✗ Провокатор B7      @ (6,4,0) [уничтожен]
    ✗ Паук B8            @ (6,5,0) [уничтожен]
  Team C: живых 1/8
    ✓ Тишина C5          @ (7,5,2) hp=2/2
    ✗ Артиллерия C1      @ (9,0,2) [уничтожен]
    ✗ Радиовышка C2      @ (7,6,0) [уничтожен]
    ✗ Прыгун C3          @ (8,2,1) [уничтожен]
    ✗ Факел C4           @ (8,6,1) [уничтожен]
    ✗ Бурав C6           @ (9,1,2) [уничтожен]
    ✗ Провокатор C7      @ (9,3,2) [уничтожен]
    ✗ Паук C8            @ (9,8,2) [уничтожен]

======================================================================
ХОД 13
======================================================================
✓ 🎮 GM: начинаем ход
GM: start_turn

--- Радиовышки: сканирование слоя Z ---
  Радиовышка A2 (z=2): слой чист

--- Решения ботов ---
  [Team A] Артиллерия A1 (3,8,5) → SHOOT at (9,4,8)
  [Team A] Радиовышка A2 (7,3,2) → MOVE (6,4,3)
  [Team A] Тишина A5 (7,4,2) → MOVE (6,5,3)
  [Team A] Бурав A6 (7,2,2) → MOVE (6,3,3)
  [Team A] Провокатор A7 (4,7,5) → MOVE (5,6,5)
  [Team A] Паук A8 (6,5,2) → MOVE (5,5,3)
  [Team A] Факел A4 → SKIP
  [Team B] все корабли пропускают ход
  [Team C] Тишина C5 (7,5,2) → MOVE (7,4,2)
! 🎮 GM: принудительно завершает фазу планирования
GM: end_planning
# 
============================================================
# 🔄 ОБРАБОТКА ХОДА 13
# ============================================================

📦 ПЕРЕМЕЩЕНИЯ:
   Радиовышка A2: (7, 3, 2) → (6,4,3)
   Тишина A5: (7, 4, 2) → (6,5,3)
!    ⚠️ Бурав A6: Бурав двигается только по 1 оси или по 2 осям строго диагонально
   Провокатор A7: (4, 7, 5) → (5,6,5)
   Паук A8: (6, 5, 2) → (5,5,3)
   Тишина C5: (7, 5, 2) → (7,4,2)

🎯 ВЫСТРЕЛЫ:
   Выпущено ракет: 1
# 
📊 РЕЗУЛЬТАТЫ ХОДА 13:
🎯 Попаданий нет

--- Результаты хода ---
  Попаданий нет

--- Состояние команд после хода ---
  Team A: живых 7/8
    ✓ Артиллерия A1      @ (3,8,5) hp=1/1
    ✓ Радиовышка A2      @ (6,4,3) hp=3/3
    ✓ Факел A4           @ (3,8,6) hp=6/6
    ✓ Тишина A5          @ (6,5,3) hp=2/2
    ✓ Бурав A6           @ (7,2,2) hp=4/4
    ✓ Провокатор A7      @ (5,6,5) hp=2/2
    ✓ Паук A8            @ (5,5,3) hp=1/1
    ✗ Прыгун A3          @ (8,7,1) [уничтожен]
  Team B: живых 0/8
    ✗ Артиллерия B1      @ (6,7,0) [уничтожен]
    ✗ Радиовышка B2      @ (7,3,2) [уничтожен]
    ✗ Прыгун B3          @ (8,2,1) [уничтожен]
    ✗ Факел B4           @ (8,1,2) [уничтожен]
    ✗ Тишина B5          @ (7,2,2) [уничтожен]
    ✗ Бурав B6           @ (5,7,0) [уничтожен]
    ✗ Провокатор B7      @ (6,4,0) [уничтожен]
    ✗ Паук B8            @ (6,5,0) [уничтожен]
  Team C: живых 1/8
    ✓ Тишина C5          @ (7,4,2) hp=2/2
    ✗ Артиллерия C1      @ (9,0,2) [уничтожен]
    ✗ Радиовышка C2      @ (7,6,0) [уничтожен]
    ✗ Прыгун C3          @ (8,2,1) [уничтожен]
    ✗ Факел C4           @ (8,6,1) [уничтожен]
    ✗ Бурав C6           @ (9,1,2) [уничтожен]
    ✗ Провокатор C7      @ (9,3,2) [уничтожен]
    ✗ Паук C8            @ (9,8,2) [уничтожен]

======================================================================
ХОД 14
======================================================================
✓ 🎮 GM: начинаем ход
GM: start_turn

--- Радиовышки: сканирование слоя Z ---
  Радиовышка A2 (z=3): слой чист

--- Решения ботов ---
  [Team A] Артиллерия A1 (3,8,5) → SHOOT at (4,9,4)
  [Team A] Радиовышка A2 (6,4,3) → MOVE (5,5,4)
  [Team A] Тишина A5 (6,5,3) → MOVE (6,5,4)
  [Team A] Бурав A6 (7,2,2) → MOVE (6,3,3)
  [Team A] Провокатор A7 (5,6,5) → MOVE (5,5,5)
  [Team A] Факел A4 → SKIP
  [Team A] Паук A8 → SKIP
  [Team B] все корабли пропускают ход
  [Team C] Тишина C5 (7,4,2) → MOVE (6,4,3)
! 🎮 GM: принудительно завершает фазу планирования
GM: end_planning
# 
============================================================
# 🔄 ОБРАБОТКА ХОДА 14
# ============================================================

📦 ПЕРЕМЕЩЕНИЯ:
   Радиовышка A2: (6, 4, 3) → (5,5,4)
   Тишина A5: (6, 5, 3) → (6,5,4)
!    ⚠️ Бурав A6: Бурав двигается только по 1 оси или по 2 осям строго диагонально
   Провокатор A7: (5, 6, 5) → (5,5,5)
   Тишина C5: (7, 4, 2) → (6,4,3)

🎯 ВЫСТРЕЛЫ:
   Выпущено ракет: 1
# 
📊 РЕЗУЛЬТАТЫ ХОДА 14:
🎯 Попаданий нет

--- Результаты хода ---
  Попаданий нет

--- Состояние команд после хода ---
  Team A: живых 7/8
    ✓ Артиллерия A1      @ (3,8,5) hp=1/1
    ✓ Радиовышка A2      @ (5,5,4) hp=3/3
    ✓ Факел A4           @ (3,8,6) hp=6/6
    ✓ Тишина A5          @ (6,5,4) hp=2/2
    ✓ Бурав A6           @ (7,2,2) hp=4/4
    ✓ Провокатор A7      @ (5,5,5) hp=2/2
    ✓ Паук A8            @ (5,5,3) hp=1/1
    ✗ Прыгун A3          @ (8,7,1) [уничтожен]
  Team B: живых 0/8
    ✗ Артиллерия B1      @ (6,7,0) [уничтожен]
    ✗ Радиовышка B2      @ (7,3,2) [уничтожен]
    ✗ Прыгун B3          @ (8,2,1) [уничтожен]
    ✗ Факел B4           @ (8,1,2) [уничтожен]
    ✗ Тишина B5          @ (7,2,2) [уничтожен]
    ✗ Бурав B6           @ (5,7,0) [уничтожен]
    ✗ Провокатор B7      @ (6,4,0) [уничтожен]
    ✗ Паук B8            @ (6,5,0) [уничтожен]
  Team C: живых 1/8
    ✓ Тишина C5          @ (6,4,3) hp=2/2
    ✗ Артиллерия C1      @ (9,0,2) [уничтожен]
    ✗ Радиовышка C2      @ (7,6,0) [уничтожен]
    ✗ Прыгун C3          @ (8,2,1) [уничтожен]
    ✗ Факел C4           @ (8,6,1) [уничтожен]
    ✗ Бурав C6           @ (9,1,2) [уничтожен]
    ✗ Провокатор C7      @ (9,3,2) [уничтожен]
    ✗ Паук C8            @ (9,8,2) [уничтожен]

======================================================================
ХОД 15
======================================================================
✓ 🎮 GM: начинаем ход
GM: start_turn

--- Радиовышки: сканирование слоя Z ---
  Радиовышка A2 (z=4): слой чист

--- Решения ботов ---
  [Team A] Артиллерия A1 (3,8,5) → SHOOT at (7,9,4)
  [Team A] Тишина A5 (6,5,4) → MOVE (6,5,5)
  [Team A] Бурав A6 (7,2,2) → MOVE (6,3,3)
  [Team A] Радиовышка A2 → SKIP
  [Team A] Паук A8 → SKIP
  [Team A] Факел A4 → SKIP
  [Team A] Провокатор A7 → SKIP
  [Team B] все корабли пропускают ход
  [Team C] Тишина C5 (6,4,3) → MOVE (5,5,4)
! 🎮 GM: принудительно завершает фазу планирования
GM: end_planning
# 
============================================================
# 🔄 ОБРАБОТКА ХОДА 15
# ============================================================

📦 ПЕРЕМЕЩЕНИЯ:
   Тишина A5: (6, 5, 4) → (6,5,5)
!    ⚠️ Бурав A6: Бурав двигается только по 1 оси или по 2 осям строго диагонально
!    ⚠️ Тишина C5: клетка (5,5,4) занята

🎯 ВЫСТРЕЛЫ:
   Выпущено ракет: 1
# 
📊 РЕЗУЛЬТАТЫ ХОДА 15:
🎯 Попаданий нет

--- Результаты хода ---
  Попаданий нет

--- Состояние команд после хода ---
  Team A: живых 7/8
    ✓ Артиллерия A1      @ (3,8,5) hp=1/1
    ✓ Радиовышка A2      @ (5,5,4) hp=3/3
    ✓ Факел A4           @ (3,8,6) hp=6/6
    ✓ Тишина A5          @ (6,5,5) hp=2/2
    ✓ Бурав A6           @ (7,2,2) hp=4/4
    ✓ Провокатор A7      @ (5,5,5) hp=2/2
    ✓ Паук A8            @ (5,5,3) hp=1/1
    ✗ Прыгун A3          @ (8,7,1) [уничтожен]
  Team B: живых 0/8
    ✗ Артиллерия B1      @ (6,7,0) [уничтожен]
    ✗ Радиовышка B2      @ (7,3,2) [уничтожен]
    ✗ Прыгун B3          @ (8,2,1) [уничтожен]
    ✗ Факел B4           @ (8,1,2) [уничтожен]
    ✗ Тишина B5          @ (7,2,2) [уничтожен]
    ✗ Бурав B6           @ (5,7,0) [уничтожен]
    ✗ Провокатор B7      @ (6,4,0) [уничтожен]
    ✗ Паук B8            @ (6,5,0) [уничтожен]
  Team C: живых 1/8
    ✓ Тишина C5          @ (6,4,3) hp=2/2
    ✗ Артиллерия C1      @ (9,0,2) [уничтожен]
    ✗ Радиовышка C2      @ (7,6,0) [уничтожен]
    ✗ Прыгун C3          @ (8,2,1) [уничтожен]
    ✗ Факел C4           @ (8,6,1) [уничтожен]
    ✗ Бурав C6           @ (9,1,2) [уничтожен]
    ✗ Провокатор C7      @ (9,3,2) [уничтожен]
    ✗ Паук C8            @ (9,8,2) [уничтожен]

======================================================================
ХОД 16
======================================================================
✓ 🎮 GM: начинаем ход
GM: start_turn

--- Радиовышки: сканирование слоя Z ---
  Радиовышка A2 (z=4): слой чист

--- Решения ботов ---
  [Team A] Артиллерия A1 (3,8,5) → SHOOT at (9,9,8)
  [Team A] Бурав A6 (7,2,2) → MOVE (6,3,3)
  [Team A] Тишина A5 → SKIP
  [Team A] Радиовышка A2 → SKIP
  [Team A] Провокатор A7 → SKIP
  [Team A] Паук A8 → SKIP
  [Team A] Факел A4 → SKIP
  [Team B] все корабли пропускают ход
  [Team C] Тишина C5 (6,4,3) → MOVE (5,5,4)
! 🎮 GM: принудительно завершает фазу планирования
GM: end_planning
# 
============================================================
# 🔄 ОБРАБОТКА ХОДА 16
# ============================================================

📦 ПЕРЕМЕЩЕНИЯ:
!    ⚠️ Бурав A6: Бурав двигается только по 1 оси или по 2 осям строго диагонально
!    ⚠️ Тишина C5: клетка (5,5,4) занята

🎯 ВЫСТРЕЛЫ:
   Выпущено ракет: 1
# 
📊 РЕЗУЛЬТАТЫ ХОДА 16:
🎯 Попаданий нет

--- Результаты хода ---
  Попаданий нет

--- Состояние команд после хода ---
  Team A: живых 7/8
    ✓ Артиллерия A1      @ (3,8,5) hp=1/1
    ✓ Радиовышка A2      @ (5,5,4) hp=3/3
    ✓ Факел A4           @ (3,8,6) hp=6/6
    ✓ Тишина A5          @ (6,5,5) hp=2/2
    ✓ Бурав A6           @ (7,2,2) hp=4/4
    ✓ Провокатор A7      @ (5,5,5) hp=2/2
    ✓ Паук A8            @ (5,5,3) hp=1/1
    ✗ Прыгун A3          @ (8,7,1) [уничтожен]
  Team B: живых 0/8
    ✗ Артиллерия B1      @ (6,7,0) [уничтожен]
    ✗ Радиовышка B2      @ (7,3,2) [уничтожен]
    ✗ Прыгун B3          @ (8,2,1) [уничтожен]
    ✗ Факел B4           @ (8,1,2) [уничтожен]
    ✗ Тишина B5          @ (7,2,2) [уничтожен]
    ✗ Бурав B6           @ (5,7,0) [уничтожен]
    ✗ Провокатор B7      @ (6,4,0) [уничтожен]
    ✗ Паук B8            @ (6,5,0) [уничтожен]
  Team C: живых 1/8
    ✓ Тишина C5          @ (6,4,3) hp=2/2
    ✗ Артиллерия C1      @ (9,0,2) [уничтожен]
    ✗ Радиовышка C2      @ (7,6,0) [уничтожен]
    ✗ Прыгун C3          @ (8,2,1) [уничтожен]
    ✗ Факел C4           @ (8,6,1) [уничтожен]
    ✗ Бурав C6           @ (9,1,2) [уничтожен]
    ✗ Провокатор C7      @ (9,3,2) [уничтожен]
    ✗ Паук C8            @ (9,8,2) [уничтожен]

======================================================================
ХОД 17
======================================================================
✓ 🎮 GM: начинаем ход
GM: start_turn

--- Радиовышки: сканирование слоя Z ---
  Радиовышка A2 (z=4): слой чист

--- Решения ботов ---
  [Team A] Артиллерия A1 (3,8,5) → SHOOT at (9,9,9)
  [Team A] Бурав A6 (7,2,2) → MOVE (6,3,3)
  [Team A] Тишина A5 → SKIP
  [Team A] Радиовышка A2 → SKIP
  [Team A] Провокатор A7 → SKIP
  [Team A] Паук A8 → SKIP
  [Team A] Факел A4 → SKIP
  [Team B] все корабли пропускают ход
  [Team C] Тишина C5 (6,4,3) → MOVE (5,5,4)
! 🎮 GM: принудительно завершает фазу планирования
GM: end_planning
# 
============================================================
# 🔄 ОБРАБОТКА ХОДА 17
# ============================================================

📦 ПЕРЕМЕЩЕНИЯ:
!    ⚠️ Бурав A6: Бурав двигается только по 1 оси или по 2 осям строго диагонально
!    ⚠️ Тишина C5: клетка (5,5,4) занята

🎯 ВЫСТРЕЛЫ:
   Выпущено ракет: 1
# 
📊 РЕЗУЛЬТАТЫ ХОДА 17:
🎯 Попаданий нет

--- Результаты хода ---
  Попаданий нет

--- Состояние команд после хода ---
  Team A: живых 7/8
    ✓ Артиллерия A1      @ (3,8,5) hp=1/1
    ✓ Радиовышка A2      @ (5,5,4) hp=3/3
    ✓ Факел A4           @ (3,8,6) hp=6/6
    ✓ Тишина A5          @ (6,5,5) hp=2/2
    ✓ Бурав A6           @ (7,2,2) hp=4/4
    ✓ Провокатор A7      @ (5,5,5) hp=2/2
    ✓ Паук A8            @ (5,5,3) hp=1/1
    ✗ Прыгун A3          @ (8,7,1) [уничтожен]
  Team B: живых 0/8
    ✗ Артиллерия B1      @ (6,7,0) [уничтожен]
    ✗ Радиовышка B2      @ (7,3,2) [уничтожен]
    ✗ Прыгун B3          @ (8,2,1) [уничтожен]
    ✗ Факел B4           @ (8,1,2) [уничтожен]
    ✗ Тишина B5          @ (7,2,2) [уничтожен]
    ✗ Бурав B6           @ (5,7,0) [уничтожен]
    ✗ Провокатор B7      @ (6,4,0) [уничтожен]
    ✗ Паук B8            @ (6,5,0) [уничтожен]
  Team C: живых 1/8
    ✓ Тишина C5          @ (6,4,3) hp=2/2
    ✗ Артиллерия C1      @ (9,0,2) [уничтожен]
    ✗ Радиовышка C2      @ (7,6,0) [уничтожен]
    ✗ Прыгун C3          @ (8,2,1) [уничтожен]
    ✗ Факел C4           @ (8,6,1) [уничтожен]
    ✗ Бурав C6           @ (9,1,2) [уничтожен]
    ✗ Провокатор C7      @ (9,3,2) [уничтожен]
    ✗ Паук C8            @ (9,8,2) [уничтожен]

======================================================================
ХОД 18
======================================================================
✓ 🎮 GM: начинаем ход
GM: start_turn

--- Радиовышки: сканирование слоя Z ---
  Радиовышка A2 (z=4): слой чист

--- Решения ботов ---
  [Team A] Артиллерия A1 (3,8,5) → SHOOT at (7,9,5)
  [Team A] Бурав A6 (7,2,2) → MOVE (6,3,3)
  [Team A] Тишина A5 → SKIP
  [Team A] Радиовышка A2 → SKIP
  [Team A] Провокатор A7 → SKIP
  [Team A] Паук A8 → SKIP
  [Team A] Факел A4 → SKIP
  [Team B] все корабли пропускают ход
  [Team C] Тишина C5 (6,4,3) → MOVE (5,5,4)
! 🎮 GM: принудительно завершает фазу планирования
GM: end_planning
# 
============================================================
# 🔄 ОБРАБОТКА ХОДА 18
# ============================================================

📦 ПЕРЕМЕЩЕНИЯ:
!    ⚠️ Бурав A6: Бурав двигается только по 1 оси или по 2 осям строго диагонально
!    ⚠️ Тишина C5: клетка (5,5,4) занята

🎯 ВЫСТРЕЛЫ:
   Выпущено ракет: 1
# 
📊 РЕЗУЛЬТАТЫ ХОДА 18:
🎯 Попаданий нет

--- Результаты хода ---
  Попаданий нет

--- Состояние команд после хода ---
  Team A: живых 7/8
    ✓ Артиллерия A1      @ (3,8,5) hp=1/1
    ✓ Радиовышка A2      @ (5,5,4) hp=3/3
    ✓ Факел A4           @ (3,8,6) hp=6/6
    ✓ Тишина A5          @ (6,5,5) hp=2/2
    ✓ Бурав A6           @ (7,2,2) hp=4/4
    ✓ Провокатор A7      @ (5,5,5) hp=2/2
    ✓ Паук A8            @ (5,5,3) hp=1/1
    ✗ Прыгун A3          @ (8,7,1) [уничтожен]
  Team B: живых 0/8
    ✗ Артиллерия B1      @ (6,7,0) [уничтожен]
    ✗ Радиовышка B2      @ (7,3,2) [уничтожен]
    ✗ Прыгун B3          @ (8,2,1) [уничтожен]
    ✗ Факел B4           @ (8,1,2) [уничтожен]
    ✗ Тишина B5          @ (7,2,2) [уничтожен]
    ✗ Бурав B6           @ (5,7,0) [уничтожен]
    ✗ Провокатор B7      @ (6,4,0) [уничтожен]
    ✗ Паук B8            @ (6,5,0) [уничтожен]
  Team C: живых 1/8
    ✓ Тишина C5          @ (6,4,3) hp=2/2
    ✗ Артиллерия C1      @ (9,0,2) [уничтожен]
    ✗ Радиовышка C2      @ (7,6,0) [уничтожен]
    ✗ Прыгун C3          @ (8,2,1) [уничтожен]
    ✗ Факел C4           @ (8,6,1) [уничтожен]
    ✗ Бурав C6           @ (9,1,2) [уничтожен]
    ✗ Провокатор C7      @ (9,3,2) [уничтожен]
    ✗ Паук C8            @ (9,8,2) [уничтожен]

======================================================================
ХОД 19
======================================================================
✓ 🎮 GM: начинаем ход
GM: start_turn

--- Радиовышки: сканирование слоя Z ---
  Радиовышка A2 (z=4): слой чист

--- Решения ботов ---
  [Team A] Артиллерия A1 (3,8,5) → SHOOT at (4,9,5)
  [Team A] Бурав A6 (7,2,2) → MOVE (6,3,3)
  [Team A] Тишина A5 → SKIP
  [Team A] Радиовышка A2 → SKIP
  [Team A] Провокатор A7 → SKIP
  [Team A] Паук A8 → SKIP
  [Team A] Факел A4 → SKIP
  [Team B] все корабли пропускают ход
  [Team C] Тишина C5 (6,4,3) → MOVE (5,5,4)
! 🎮 GM: принудительно завершает фазу планирования
GM: end_planning
# 
============================================================
# 🔄 ОБРАБОТКА ХОДА 19
# ============================================================

📦 ПЕРЕМЕЩЕНИЯ:
!    ⚠️ Бурав A6: Бурав двигается только по 1 оси или по 2 осям строго диагонально
!    ⚠️ Тишина C5: клетка (5,5,4) занята

🎯 ВЫСТРЕЛЫ:
   Выпущено ракет: 1
# 
📊 РЕЗУЛЬТАТЫ ХОДА 19:
🎯 Попаданий нет

--- Результаты хода ---
  Попаданий нет

--- Состояние команд после хода ---
  Team A: живых 7/8
    ✓ Артиллерия A1      @ (3,8,5) hp=1/1
    ✓ Радиовышка A2      @ (5,5,4) hp=3/3
    ✓ Факел A4           @ (3,8,6) hp=6/6
    ✓ Тишина A5          @ (6,5,5) hp=2/2
    ✓ Бурав A6           @ (7,2,2) hp=4/4
    ✓ Провокатор A7      @ (5,5,5) hp=2/2
    ✓ Паук A8            @ (5,5,3) hp=1/1
    ✗ Прыгун A3          @ (8,7,1) [уничтожен]
  Team B: живых 0/8
    ✗ Артиллерия B1      @ (6,7,0) [уничтожен]
    ✗ Радиовышка B2      @ (7,3,2) [уничтожен]
    ✗ Прыгун B3          @ (8,2,1) [уничтожен]
    ✗ Факел B4           @ (8,1,2) [уничтожен]
    ✗ Тишина B5          @ (7,2,2) [уничтожен]
    ✗ Бурав B6           @ (5,7,0) [уничтожен]
    ✗ Провокатор B7      @ (6,4,0) [уничтожен]
    ✗ Паук B8            @ (6,5,0) [уничтожен]
  Team C: живых 1/8
    ✓ Тишина C5          @ (6,4,3) hp=2/2
    ✗ Артиллерия C1      @ (9,0,2) [уничтожен]
    ✗ Радиовышка C2      @ (7,6,0) [уничтожен]
    ✗ Прыгун C3          @ (8,2,1) [уничтожен]
    ✗ Факел C4           @ (8,6,1) [уничтожен]
    ✗ Бурав C6           @ (9,1,2) [уничтожен]
    ✗ Провокатор C7      @ (9,3,2) [уничтожен]
    ✗ Паук C8            @ (9,8,2) [уничтожен]

======================================================================
ХОД 20
======================================================================
✓ 🎮 GM: начинаем ход
GM: start_turn

--- Радиовышки: сканирование слоя Z ---
  Радиовышка A2 (z=4): слой чист

--- Решения ботов ---
  [Team A] Артиллерия A1 (3,8,5) → SHOOT at (4,9,5)
  [Team A] Бурав A6 (7,2,2) → MOVE (6,3,3)
  [Team A] Тишина A5 → SKIP
  [Team A] Радиовышка A2 → SKIP
  [Team A] Провокатор A7 → SKIP
  [Team A] Паук A8 → SKIP
  [Team A] Факел A4 → SKIP
  [Team B] все корабли пропускают ход
  [Team C] Тишина C5 (6,4,3) → MOVE (5,5,4)
! 🎮 GM: принудительно завершает фазу планирования
GM: end_planning
# 
============================================================
# 🔄 ОБРАБОТКА ХОДА 20
# ============================================================

📦 ПЕРЕМЕЩЕНИЯ:
!    ⚠️ Бурав A6: Бурав двигается только по 1 оси или по 2 осям строго диагонально
!    ⚠️ Тишина C5: клетка (5,5,4) занята

🎯 ВЫСТРЕЛЫ:
   Выпущено ракет: 1
# 
📊 РЕЗУЛЬТАТЫ ХОДА 20:
🎯 Попаданий нет

--- Результаты хода ---
  Попаданий нет

--- Состояние команд после хода ---
  Team A: живых 7/8
    ✓ Артиллерия A1      @ (3,8,5) hp=1/1
    ✓ Радиовышка A2      @ (5,5,4) hp=3/3
    ✓ Факел A4           @ (3,8,6) hp=6/6
    ✓ Тишина A5          @ (6,5,5) hp=2/2
    ✓ Бурав A6           @ (7,2,2) hp=4/4
    ✓ Провокатор A7      @ (5,5,5) hp=2/2
    ✓ Паук A8            @ (5,5,3) hp=1/1
    ✗ Прыгун A3          @ (8,7,1) [уничтожен]
  Team B: живых 0/8
    ✗ Артиллерия B1      @ (6,7,0) [уничтожен]
    ✗ Радиовышка B2      @ (7,3,2) [уничтожен]
    ✗ Прыгун B3          @ (8,2,1) [уничтожен]
    ✗ Факел B4           @ (8,1,2) [уничтожен]
    ✗ Тишина B5          @ (7,2,2) [уничтожен]
    ✗ Бурав B6           @ (5,7,0) [уничтожен]
    ✗ Провокатор B7      @ (6,4,0) [уничтожен]
    ✗ Паук B8            @ (6,5,0) [уничтожен]
  Team C: живых 1/8
    ✓ Тишина C5          @ (6,4,3) hp=2/2
    ✗ Артиллерия C1      @ (9,0,2) [уничтожен]
    ✗ Радиовышка C2      @ (7,6,0) [уничтожен]
    ✗ Прыгун C3          @ (8,2,1) [уничтожен]
    ✗ Факел C4           @ (8,6,1) [уничтожен]
    ✗ Бурав C6           @ (9,1,2) [уничтожен]
    ✗ Провокатор C7      @ (9,3,2) [уничтожен]
    ✗ Паук C8            @ (9,8,2) [уничтожен]

======================================================================
ХОД 21
======================================================================
✓ 🎮 GM: начинаем ход
GM: start_turn

--- Радиовышки: сканирование слоя Z ---
  Радиовышка A2 (z=4): слой чист

--- Решения ботов ---
  [Team A] Артиллерия A1 (3,8,5) → SHOOT at (9,4,9)
  [Team A] Бурав A6 (7,2,2) → MOVE (6,3,3)
  [Team A] Тишина A5 → SKIP
  [Team A] Радиовышка A2 → SKIP
  [Team A] Провокатор A7 → SKIP
  [Team A] Паук A8 → SKIP
  [Team A] Факел A4 → SKIP
  [Team B] все корабли пропускают ход
  [Team C] Тишина C5 (6,4,3) → MOVE (5,5,4)
! 🎮 GM: принудительно завершает фазу планирования
GM: end_planning
# 
============================================================
# 🔄 ОБРАБОТКА ХОДА 21
# ============================================================

📦 ПЕРЕМЕЩЕНИЯ:
!    ⚠️ Бурав A6: Бурав двигается только по 1 оси или по 2 осям строго диагонально
!    ⚠️ Тишина C5: клетка (5,5,4) занята

🎯 ВЫСТРЕЛЫ:
   Выпущено ракет: 1
# 
📊 РЕЗУЛЬТАТЫ ХОДА 21:
🎯 Попаданий нет

--- Результаты хода ---
  Попаданий нет

--- Состояние команд после хода ---
  Team A: живых 7/8
    ✓ Артиллерия A1      @ (3,8,5) hp=1/1
    ✓ Радиовышка A2      @ (5,5,4) hp=3/3
    ✓ Факел A4           @ (3,8,6) hp=6/6
    ✓ Тишина A5          @ (6,5,5) hp=2/2
    ✓ Бурав A6           @ (7,2,2) hp=4/4
    ✓ Провокатор A7      @ (5,5,5) hp=2/2
    ✓ Паук A8            @ (5,5,3) hp=1/1
    ✗ Прыгун A3          @ (8,7,1) [уничтожен]
  Team B: живых 0/8
    ✗ Артиллерия B1      @ (6,7,0) [уничтожен]
    ✗ Радиовышка B2      @ (7,3,2) [уничтожен]
    ✗ Прыгун B3          @ (8,2,1) [уничтожен]
    ✗ Факел B4           @ (8,1,2) [уничтожен]
    ✗ Тишина B5          @ (7,2,2) [уничтожен]
    ✗ Бурав B6           @ (5,7,0) [уничтожен]
    ✗ Провокатор B7      @ (6,4,0) [уничтожен]
    ✗ Паук B8            @ (6,5,0) [уничтожен]
  Team C: живых 1/8
    ✓ Тишина C5          @ (6,4,3) hp=2/2
    ✗ Артиллерия C1      @ (9,0,2) [уничтожен]
    ✗ Радиовышка C2      @ (7,6,0) [уничтожен]
    ✗ Прыгун C3          @ (8,2,1) [уничтожен]
    ✗ Факел C4           @ (8,6,1) [уничтожен]
    ✗ Бурав C6           @ (9,1,2) [уничтожен]
    ✗ Провокатор C7      @ (9,3,2) [уничтожен]
    ✗ Паук C8            @ (9,8,2) [уничтожен]

======================================================================
ХОД 22
======================================================================
✓ 🎮 GM: начинаем ход
GM: start_turn

--- Радиовышки: сканирование слоя Z ---
  Радиовышка A2 (z=4): слой чист

--- Решения ботов ---
  [Team A] Артиллерия A1 (3,8,5) → SHOOT at (9,4,8)
  [Team A] Бурав A6 (7,2,2) → MOVE (6,3,3)
  [Team A] Тишина A5 → SKIP
  [Team A] Радиовышка A2 → SKIP
  [Team A] Провокатор A7 → SKIP
  [Team A] Паук A8 → SKIP
  [Team A] Факел A4 → SKIP
  [Team B] все корабли пропускают ход
  [Team C] Тишина C5 (6,4,3) → MOVE (5,5,4)
! 🎮 GM: принудительно завершает фазу планирования
GM: end_planning
# 
============================================================
# 🔄 ОБРАБОТКА ХОДА 22
# ============================================================

📦 ПЕРЕМЕЩЕНИЯ:
!    ⚠️ Бурав A6: Бурав двигается только по 1 оси или по 2 осям строго диагонально
!    ⚠️ Тишина C5: клетка (5,5,4) занята

🎯 ВЫСТРЕЛЫ:
   Выпущено ракет: 1
# 
📊 РЕЗУЛЬТАТЫ ХОДА 22:
🎯 Попаданий нет

--- Результаты хода ---
  Попаданий нет

--- Состояние команд после хода ---
  Team A: живых 7/8
    ✓ Артиллерия A1      @ (3,8,5) hp=1/1
    ✓ Радиовышка A2      @ (5,5,4) hp=3/3
    ✓ Факел A4           @ (3,8,6) hp=6/6
    ✓ Тишина A5          @ (6,5,5) hp=2/2
    ✓ Бурав A6           @ (7,2,2) hp=4/4
    ✓ Провокатор A7      @ (5,5,5) hp=2/2
    ✓ Паук A8            @ (5,5,3) hp=1/1
    ✗ Прыгун A3          @ (8,7,1) [уничтожен]
  Team B: живых 0/8
    ✗ Артиллерия B1      @ (6,7,0) [уничтожен]
    ✗ Радиовышка B2      @ (7,3,2) [уничтожен]
    ✗ Прыгун B3          @ (8,2,1) [уничтожен]
    ✗ Факел B4           @ (8,1,2) [уничтожен]
    ✗ Тишина B5          @ (7,2,2) [уничтожен]
    ✗ Бурав B6           @ (5,7,0) [уничтожен]
    ✗ Провокатор B7      @ (6,4,0) [уничтожен]
    ✗ Паук B8            @ (6,5,0) [уничтожен]
  Team C: живых 1/8
    ✓ Тишина C5          @ (6,4,3) hp=2/2
    ✗ Артиллерия C1      @ (9,0,2) [уничтожен]
    ✗ Радиовышка C2      @ (7,6,0) [уничтожен]
    ✗ Прыгун C3          @ (8,2,1) [уничтожен]
    ✗ Факел C4           @ (8,6,1) [уничтожен]
    ✗ Бурав C6           @ (9,1,2) [уничтожен]
    ✗ Провокатор C7      @ (9,3,2) [уничтожен]
    ✗ Паук C8            @ (9,8,2) [уничтожен]

======================================================================
ХОД 23
======================================================================
✓ 🎮 GM: начинаем ход
GM: start_turn

--- Радиовышки: сканирование слоя Z ---
  Радиовышка A2 (z=4): слой чист

--- Решения ботов ---
  [Team A] Артиллерия A1 (3,8,5) → SHOOT at (4,9,4)
  [Team A] Бурав A6 (7,2,2) → MOVE (6,3,3)
  [Team A] Тишина A5 → SKIP
  [Team A] Радиовышка A2 → SKIP
  [Team A] Провокатор A7 → SKIP
  [Team A] Паук A8 → SKIP
  [Team A] Факел A4 → SKIP
  [Team B] все корабли пропускают ход
  [Team C] Тишина C5 (6,4,3) → MOVE (5,5,4)
! 🎮 GM: принудительно завершает фазу планирования
GM: end_planning
# 
============================================================
# 🔄 ОБРАБОТКА ХОДА 23
# ============================================================

📦 ПЕРЕМЕЩЕНИЯ:
!    ⚠️ Бурав A6: Бурав двигается только по 1 оси или по 2 осям строго диагонально
!    ⚠️ Тишина C5: клетка (5,5,4) занята

🎯 ВЫСТРЕЛЫ:
   Выпущено ракет: 1
# 
📊 РЕЗУЛЬТАТЫ ХОДА 23:
🎯 Попаданий нет

--- Результаты хода ---
  Попаданий нет

--- Состояние команд после хода ---
  Team A: живых 7/8
    ✓ Артиллерия A1      @ (3,8,5) hp=1/1
    ✓ Радиовышка A2      @ (5,5,4) hp=3/3
    ✓ Факел A4           @ (3,8,6) hp=6/6
    ✓ Тишина A5          @ (6,5,5) hp=2/2
    ✓ Бурав A6           @ (7,2,2) hp=4/4
    ✓ Провокатор A7      @ (5,5,5) hp=2/2
    ✓ Паук A8            @ (5,5,3) hp=1/1
    ✗ Прыгун A3          @ (8,7,1) [уничтожен]
  Team B: живых 0/8
    ✗ Артиллерия B1      @ (6,7,0) [уничтожен]
    ✗ Радиовышка B2      @ (7,3,2) [уничтожен]
    ✗ Прыгун B3          @ (8,2,1) [уничтожен]
    ✗ Факел B4           @ (8,1,2) [уничтожен]
    ✗ Тишина B5          @ (7,2,2) [уничтожен]
    ✗ Бурав B6           @ (5,7,0) [уничтожен]
    ✗ Провокатор B7      @ (6,4,0) [уничтожен]
    ✗ Паук B8            @ (6,5,0) [уничтожен]
  Team C: живых 1/8
    ✓ Тишина C5          @ (6,4,3) hp=2/2
    ✗ Артиллерия C1      @ (9,0,2) [уничтожен]
    ✗ Радиовышка C2      @ (7,6,0) [уничтожен]
    ✗ Прыгун C3          @ (8,2,1) [уничтожен]
    ✗ Факел C4           @ (8,6,1) [уничтожен]
    ✗ Бурав C6           @ (9,1,2) [уничтожен]
    ✗ Провокатор C7      @ (9,3,2) [уничтожен]
    ✗ Паук C8            @ (9,8,2) [уничтожен]

======================================================================
ХОД 24
======================================================================
✓ 🎮 GM: начинаем ход
GM: start_turn

--- Радиовышки: сканирование слоя Z ---
  Радиовышка A2 (z=4): слой чист

--- Решения ботов ---
  [Team A] Артиллерия A1 (3,8,5) → SHOOT at (9,4,8)
  [Team A] Бурав A6 (7,2,2) → MOVE (6,3,3)
  [Team A] Тишина A5 → SKIP
  [Team A] Радиовышка A2 → SKIP
  [Team A] Провокатор A7 → SKIP
  [Team A] Паук A8 → SKIP
  [Team A] Факел A4 → SKIP
  [Team B] все корабли пропускают ход
  [Team C] Тишина C5 (6,4,3) → MOVE (5,5,4)
! 🎮 GM: принудительно завершает фазу планирования
GM: end_planning
# 
============================================================
# 🔄 ОБРАБОТКА ХОДА 24
# ============================================================

📦 ПЕРЕМЕЩЕНИЯ:
!    ⚠️ Бурав A6: Бурав двигается только по 1 оси или по 2 осям строго диагонально
!    ⚠️ Тишина C5: клетка (5,5,4) занята

🎯 ВЫСТРЕЛЫ:
   Выпущено ракет: 1
# 
📊 РЕЗУЛЬТАТЫ ХОДА 24:
🎯 Попаданий нет

--- Результаты хода ---
  Попаданий нет

--- Состояние команд после хода ---
  Team A: живых 7/8
    ✓ Артиллерия A1      @ (3,8,5) hp=1/1
    ✓ Радиовышка A2      @ (5,5,4) hp=3/3
    ✓ Факел A4           @ (3,8,6) hp=6/6
    ✓ Тишина A5          @ (6,5,5) hp=2/2
    ✓ Бурав A6           @ (7,2,2) hp=4/4
    ✓ Провокатор A7      @ (5,5,5) hp=2/2
    ✓ Паук A8            @ (5,5,3) hp=1/1
    ✗ Прыгун A3          @ (8,7,1) [уничтожен]
  Team B: живых 0/8
    ✗ Артиллерия B1      @ (6,7,0) [уничтожен]
    ✗ Радиовышка B2      @ (7,3,2) [уничтожен]
    ✗ Прыгун B3          @ (8,2,1) [уничтожен]
    ✗ Факел B4           @ (8,1,2) [уничтожен]
    ✗ Тишина B5          @ (7,2,2) [уничтожен]
    ✗ Бурав B6           @ (5,7,0) [уничтожен]
    ✗ Провокатор B7      @ (6,4,0) [уничтожен]
    ✗ Паук B8            @ (6,5,0) [уничтожен]
  Team C: живых 1/8
    ✓ Тишина C5          @ (6,4,3) hp=2/2
    ✗ Артиллерия C1      @ (9,0,2) [уничтожен]
    ✗ Радиовышка C2      @ (7,6,0) [уничтожен]
    ✗ Прыгун C3          @ (8,2,1) [уничтожен]
    ✗ Факел C4           @ (8,6,1) [уничтожен]
    ✗ Бурав C6           @ (9,1,2) [уничтожен]
    ✗ Провокатор C7      @ (9,3,2) [уничтожен]
    ✗ Паук C8            @ (9,8,2) [уничтожен]

======================================================================
ХОД 25
======================================================================
✓ 🎮 GM: начинаем ход
GM: start_turn

--- Радиовышки: сканирование слоя Z ---
  Радиовышка A2 (z=4): слой чист

--- Решения ботов ---
  [Team A] Артиллерия A1 (3,8,5) → SHOOT at (4,9,4)
  [Team A] Бурав A6 (7,2,2) → MOVE (6,3,3)
  [Team A] Тишина A5 → SKIP
  [Team A] Радиовышка A2 → SKIP
  [Team A] Провокатор A7 → SKIP
  [Team A] Паук A8 → SKIP
  [Team A] Факел A4 → SKIP
  [Team B] все корабли пропускают ход
  [Team C] Тишина C5 (6,4,3) → MOVE (5,5,4)
! 🎮 GM: принудительно завершает фазу планирования
GM: end_planning
# 
============================================================
# 🔄 ОБРАБОТКА ХОДА 25
# ============================================================

📦 ПЕРЕМЕЩЕНИЯ:
!    ⚠️ Бурав A6: Бурав двигается только по 1 оси или по 2 осям строго диагонально
!    ⚠️ Тишина C5: клетка (5,5,4) занята

🎯 ВЫСТРЕЛЫ:
   Выпущено ракет: 1
# 
📊 РЕЗУЛЬТАТЫ ХОДА 25:
🎯 Попаданий нет

--- Результаты хода ---
  Попаданий нет

--- Состояние команд после хода ---
  Team A: живых 7/8
    ✓ Артиллерия A1      @ (3,8,5) hp=1/1
    ✓ Радиовышка A2      @ (5,5,4) hp=3/3
    ✓ Факел A4           @ (3,8,6) hp=6/6
    ✓ Тишина A5          @ (6,5,5) hp=2/2
    ✓ Бурав A6           @ (7,2,2) hp=4/4
    ✓ Провокатор A7      @ (5,5,5) hp=2/2
    ✓ Паук A8            @ (5,5,3) hp=1/1
    ✗ Прыгун A3          @ (8,7,1) [уничтожен]
  Team B: живых 0/8
    ✗ Артиллерия B1      @ (6,7,0) [уничтожен]
    ✗ Радиовышка B2      @ (7,3,2) [уничтожен]
    ✗ Прыгун B3          @ (8,2,1) [уничтожен]
    ✗ Факел B4           @ (8,1,2) [уничтожен]
    ✗ Тишина B5          @ (7,2,2) [уничтожен]
    ✗ Бурав B6           @ (5,7,0) [уничтожен]
    ✗ Провокатор B7      @ (6,4,0) [уничтожен]
    ✗ Паук B8            @ (6,5,0) [уничтожен]
  Team C: живых 1/8
    ✓ Тишина C5          @ (6,4,3) hp=2/2
    ✗ Артиллерия C1      @ (9,0,2) [уничтожен]
    ✗ Радиовышка C2      @ (7,6,0) [уничтожен]
    ✗ Прыгун C3          @ (8,2,1) [уничтожен]
    ✗ Факел C4           @ (8,6,1) [уничтожен]
    ✗ Бурав C6           @ (9,1,2) [уничтожен]
    ✗ Провокатор C7      @ (9,3,2) [уничтожен]
    ✗ Паук C8            @ (9,8,2) [уничтожен]

======================================================================
ХОД 26
======================================================================
✓ 🎮 GM: начинаем ход
GM: start_turn

--- Радиовышки: сканирование слоя Z ---
  Радиовышка A2 (z=4): слой чист

--- Решения ботов ---
  [Team A] Артиллерия A1 (3,8,5) → SHOOT at (9,4,8)
  [Team A] Бурав A6 (7,2,2) → MOVE (6,3,3)
  [Team A] Тишина A5 → SKIP
  [Team A] Радиовышка A2 → SKIP
  [Team A] Провокатор A7 → SKIP
  [Team A] Паук A8 → SKIP
  [Team A] Факел A4 → SKIP
  [Team B] все корабли пропускают ход
  [Team C] Тишина C5 (6,4,3) → MOVE (5,5,4)
! 🎮 GM: принудительно завершает фазу планирования
GM: end_planning
# 
============================================================
# 🔄 ОБРАБОТКА ХОДА 26
# ============================================================

📦 ПЕРЕМЕЩЕНИЯ:
!    ⚠️ Бурав A6: Бурав двигается только по 1 оси или по 2 осям строго диагонально
!    ⚠️ Тишина C5: клетка (5,5,4) занята

🎯 ВЫСТРЕЛЫ:
   Выпущено ракет: 1
# 
📊 РЕЗУЛЬТАТЫ ХОДА 26:
🎯 Попаданий нет

--- Результаты хода ---
  Попаданий нет

--- Состояние команд после хода ---
  Team A: живых 7/8
    ✓ Артиллерия A1      @ (3,8,5) hp=1/1
    ✓ Радиовышка A2      @ (5,5,4) hp=3/3
    ✓ Факел A4           @ (3,8,6) hp=6/6
    ✓ Тишина A5          @ (6,5,5) hp=2/2
    ✓ Бурав A6           @ (7,2,2) hp=4/4
    ✓ Провокатор A7      @ (5,5,5) hp=2/2
    ✓ Паук A8            @ (5,5,3) hp=1/1
    ✗ Прыгун A3          @ (8,7,1) [уничтожен]
  Team B: живых 0/8
    ✗ Артиллерия B1      @ (6,7,0) [уничтожен]
    ✗ Радиовышка B2      @ (7,3,2) [уничтожен]
    ✗ Прыгун B3          @ (8,2,1) [уничтожен]
    ✗ Факел B4           @ (8,1,2) [уничтожен]
    ✗ Тишина B5          @ (7,2,2) [уничтожен]
    ✗ Бурав B6           @ (5,7,0) [уничтожен]
    ✗ Провокатор B7      @ (6,4,0) [уничтожен]
    ✗ Паук B8            @ (6,5,0) [уничтожен]
  Team C: живых 1/8
    ✓ Тишина C5          @ (6,4,3) hp=2/2
    ✗ Артиллерия C1      @ (9,0,2) [уничтожен]
    ✗ Радиовышка C2      @ (7,6,0) [уничтожен]
    ✗ Прыгун C3          @ (8,2,1) [уничтожен]
    ✗ Факел C4           @ (8,6,1) [уничтожен]
    ✗ Бурав C6           @ (9,1,2) [уничтожен]
    ✗ Провокатор C7      @ (9,3,2) [уничтожен]
    ✗ Паук C8            @ (9,8,2) [уничтожен]

======================================================================
ХОД 27
======================================================================
✓ 🎮 GM: начинаем ход
GM: start_turn

--- Радиовышки: сканирование слоя Z ---
  Радиовышка A2 (z=4): слой чист

--- Решения ботов ---
  [Team A] Артиллерия A1 (3,8,5) → SHOOT at (9,4,9)
  [Team A] Бурав A6 (7,2,2) → MOVE (6,3,3)
  [Team A] Тишина A5 → SKIP
  [Team A] Радиовышка A2 → SKIP
  [Team A] Провокатор A7 → SKIP
  [Team A] Паук A8 → SKIP
  [Team A] Факел A4 → SKIP
  [Team B] все корабли пропускают ход
  [Team C] Тишина C5 (6,4,3) → MOVE (5,5,4)
! 🎮 GM: принудительно завершает фазу планирования
GM: end_planning
# 
============================================================
# 🔄 ОБРАБОТКА ХОДА 27
# ============================================================

📦 ПЕРЕМЕЩЕНИЯ:
!    ⚠️ Бурав A6: Бурав двигается только по 1 оси или по 2 осям строго диагонально
!    ⚠️ Тишина C5: клетка (5,5,4) занята

🎯 ВЫСТРЕЛЫ:
   Выпущено ракет: 1
# 
📊 РЕЗУЛЬТАТЫ ХОДА 27:
🎯 Попаданий нет

--- Результаты хода ---
  Попаданий нет

--- Состояние команд после хода ---
  Team A: живых 7/8
    ✓ Артиллерия A1      @ (3,8,5) hp=1/1
    ✓ Радиовышка A2      @ (5,5,4) hp=3/3
    ✓ Факел A4           @ (3,8,6) hp=6/6
    ✓ Тишина A5          @ (6,5,5) hp=2/2
    ✓ Бурав A6           @ (7,2,2) hp=4/4
    ✓ Провокатор A7      @ (5,5,5) hp=2/2
    ✓ Паук A8            @ (5,5,3) hp=1/1
    ✗ Прыгун A3          @ (8,7,1) [уничтожен]
  Team B: живых 0/8
    ✗ Артиллерия B1      @ (6,7,0) [уничтожен]
    ✗ Радиовышка B2      @ (7,3,2) [уничтожен]
    ✗ Прыгун B3          @ (8,2,1) [уничтожен]
    ✗ Факел B4           @ (8,1,2) [уничтожен]
    ✗ Тишина B5          @ (7,2,2) [уничтожен]
    ✗ Бурав B6           @ (5,7,0) [уничтожен]
    ✗ Провокатор B7      @ (6,4,0) [уничтожен]
    ✗ Паук B8            @ (6,5,0) [уничтожен]
  Team C: живых 1/8
    ✓ Тишина C5          @ (6,4,3) hp=2/2
    ✗ Артиллерия C1      @ (9,0,2) [уничтожен]
    ✗ Радиовышка C2      @ (7,6,0) [уничтожен]
    ✗ Прыгун C3          @ (8,2,1) [уничтожен]
    ✗ Факел C4           @ (8,6,1) [уничтожен]
    ✗ Бурав C6           @ (9,1,2) [уничтожен]
    ✗ Провокатор C7      @ (9,3,2) [уничтожен]
    ✗ Паук C8            @ (9,8,2) [уничтожен]

======================================================================
ХОД 28
======================================================================
✓ 🎮 GM: начинаем ход
GM: start_turn

--- Радиовышки: сканирование слоя Z ---
  Радиовышка A2 (z=4): слой чист

--- Решения ботов ---
  [Team A] Артиллерия A1 (3,8,5) → SHOOT at (9,9,8)
  [Team A] Бурав A6 (7,2,2) → MOVE (6,3,3)
  [Team A] Тишина A5 → SKIP
  [Team A] Радиовышка A2 → SKIP
  [Team A] Провокатор A7 → SKIP
  [Team A] Паук A8 → SKIP
  [Team A] Факел A4 → SKIP
  [Team B] все корабли пропускают ход
  [Team C] Тишина C5 (6,4,3) → MOVE (5,5,4)
! 🎮 GM: принудительно завершает фазу планирования
GM: end_planning
# 
============================================================
# 🔄 ОБРАБОТКА ХОДА 28
# ============================================================

📦 ПЕРЕМЕЩЕНИЯ:
!    ⚠️ Бурав A6: Бурав двигается только по 1 оси или по 2 осям строго диагонально
!    ⚠️ Тишина C5: клетка (5,5,4) занята

🎯 ВЫСТРЕЛЫ:
   Выпущено ракет: 1
# 
📊 РЕЗУЛЬТАТЫ ХОДА 28:
🎯 Попаданий нет

--- Результаты хода ---
  Попаданий нет

--- Состояние команд после хода ---
  Team A: живых 7/8
    ✓ Артиллерия A1      @ (3,8,5) hp=1/1
    ✓ Радиовышка A2      @ (5,5,4) hp=3/3
    ✓ Факел A4           @ (3,8,6) hp=6/6
    ✓ Тишина A5          @ (6,5,5) hp=2/2
    ✓ Бурав A6           @ (7,2,2) hp=4/4
    ✓ Провокатор A7      @ (5,5,5) hp=2/2
    ✓ Паук A8            @ (5,5,3) hp=1/1
    ✗ Прыгун A3          @ (8,7,1) [уничтожен]
  Team B: живых 0/8
    ✗ Артиллерия B1      @ (6,7,0) [уничтожен]
    ✗ Радиовышка B2      @ (7,3,2) [уничтожен]
    ✗ Прыгун B3          @ (8,2,1) [уничтожен]
    ✗ Факел B4           @ (8,1,2) [уничтожен]
    ✗ Тишина B5          @ (7,2,2) [уничтожен]
    ✗ Бурав B6           @ (5,7,0) [уничтожен]
    ✗ Провокатор B7      @ (6,4,0) [уничтожен]
    ✗ Паук B8            @ (6,5,0) [уничтожен]
  Team C: живых 1/8
    ✓ Тишина C5          @ (6,4,3) hp=2/2
    ✗ Артиллерия C1      @ (9,0,2) [уничтожен]
    ✗ Радиовышка C2      @ (7,6,0) [уничтожен]
    ✗ Прыгун C3          @ (8,2,1) [уничтожен]
    ✗ Факел C4           @ (8,6,1) [уничтожен]
    ✗ Бурав C6           @ (9,1,2) [уничтожен]
    ✗ Провокатор C7      @ (9,3,2) [уничтожен]
    ✗ Паук C8            @ (9,8,2) [уничтожен]

======================================================================
ХОД 29
======================================================================
✓ 🎮 GM: начинаем ход
GM: start_turn

--- Радиовышки: сканирование слоя Z ---
  Радиовышка A2 (z=4): слой чист

--- Решения ботов ---
  [Team A] Артиллерия A1 (3,8,5) → SHOOT at (4,9,5)
  [Team A] Бурав A6 (7,2,2) → MOVE (6,3,3)
  [Team A] Тишина A5 → SKIP
  [Team A] Радиовышка A2 → SKIP
  [Team A] Провокатор A7 → SKIP
  [Team A] Паук A8 → SKIP
  [Team A] Факел A4 → SKIP
  [Team B] все корабли пропускают ход
  [Team C] Тишина C5 (6,4,3) → MOVE (5,5,4)
! 🎮 GM: принудительно завершает фазу планирования
GM: end_planning
# 
============================================================
# 🔄 ОБРАБОТКА ХОДА 29
# ============================================================

📦 ПЕРЕМЕЩЕНИЯ:
!    ⚠️ Бурав A6: Бурав двигается только по 1 оси или по 2 осям строго диагонально
!    ⚠️ Тишина C5: клетка (5,5,4) занята

🎯 ВЫСТРЕЛЫ:
   Выпущено ракет: 1
# 
📊 РЕЗУЛЬТАТЫ ХОДА 29:
🎯 Попаданий нет

--- Результаты хода ---
  Попаданий нет

--- Состояние команд после хода ---
  Team A: живых 7/8
    ✓ Артиллерия A1      @ (3,8,5) hp=1/1
    ✓ Радиовышка A2      @ (5,5,4) hp=3/3
    ✓ Факел A4           @ (3,8,6) hp=6/6
    ✓ Тишина A5          @ (6,5,5) hp=2/2
    ✓ Бурав A6           @ (7,2,2) hp=4/4
    ✓ Провокатор A7      @ (5,5,5) hp=2/2
    ✓ Паук A8            @ (5,5,3) hp=1/1
    ✗ Прыгун A3          @ (8,7,1) [уничтожен]
  Team B: живых 0/8
    ✗ Артиллерия B1      @ (6,7,0) [уничтожен]
    ✗ Радиовышка B2      @ (7,3,2) [уничтожен]
    ✗ Прыгун B3          @ (8,2,1) [уничтожен]
    ✗ Факел B4           @ (8,1,2) [уничтожен]
    ✗ Тишина B5          @ (7,2,2) [уничтожен]
    ✗ Бурав B6           @ (5,7,0) [уничтожен]
    ✗ Провокатор B7      @ (6,4,0) [уничтожен]
    ✗ Паук B8            @ (6,5,0) [уничтожен]
  Team C: живых 1/8
    ✓ Тишина C5          @ (6,4,3) hp=2/2
    ✗ Артиллерия C1      @ (9,0,2) [уничтожен]
    ✗ Радиовышка C2      @ (7,6,0) [уничтожен]
    ✗ Прыгун C3          @ (8,2,1) [уничтожен]
    ✗ Факел C4           @ (8,6,1) [уничтожен]
    ✗ Бурав C6           @ (9,1,2) [уничтожен]
    ✗ Провокатор C7      @ (9,3,2) [уничтожен]
    ✗ Паук C8            @ (9,8,2) [уничтожен]

======================================================================
ХОД 30
======================================================================
✓ 🎮 GM: начинаем ход
GM: start_turn

--- Радиовышки: сканирование слоя Z ---
  Радиовышка A2 (z=4): слой чист

--- Решения ботов ---
  [Team A] Артиллерия A1 (3,8,5) → SHOOT at (4,9,5)
  [Team A] Бурав A6 (7,2,2) → MOVE (6,3,3)
  [Team A] Тишина A5 → SKIP
  [Team A] Радиовышка A2 → SKIP
  [Team A] Провокатор A7 → SKIP
  [Team A] Паук A8 → SKIP
  [Team A] Факел A4 → SKIP
  [Team B] все корабли пропускают ход
  [Team C] Тишина C5 (6,4,3) → MOVE (5,5,4)
! 🎮 GM: принудительно завершает фазу планирования
GM: end_planning
# 
============================================================
# 🔄 ОБРАБОТКА ХОДА 30
# ============================================================

📦 ПЕРЕМЕЩЕНИЯ:
!    ⚠️ Бурав A6: Бурав двигается только по 1 оси или по 2 осям строго диагонально
!    ⚠️ Тишина C5: клетка (5,5,4) занята

🎯 ВЫСТРЕЛЫ:
   Выпущено ракет: 1
# 
📊 РЕЗУЛЬТАТЫ ХОДА 30:
🎯 Попаданий нет

--- Результаты хода ---
  Попаданий нет

--- Состояние команд после хода ---
  Team A: живых 7/8
    ✓ Артиллерия A1      @ (3,8,5) hp=1/1
    ✓ Радиовышка A2      @ (5,5,4) hp=3/3
    ✓ Факел A4           @ (3,8,6) hp=6/6
    ✓ Тишина A5          @ (6,5,5) hp=2/2
    ✓ Бурав A6           @ (7,2,2) hp=4/4
    ✓ Провокатор A7      @ (5,5,5) hp=2/2
    ✓ Паук A8            @ (5,5,3) hp=1/1
    ✗ Прыгун A3          @ (8,7,1) [уничтожен]
  Team B: живых 0/8
    ✗ Артиллерия B1      @ (6,7,0) [уничтожен]
    ✗ Радиовышка B2      @ (7,3,2) [уничтожен]
    ✗ Прыгун B3          @ (8,2,1) [уничтожен]
    ✗ Факел B4           @ (8,1,2) [уничтожен]
    ✗ Тишина B5          @ (7,2,2) [уничтожен]
    ✗ Бурав B6           @ (5,7,0) [уничтожен]
    ✗ Провокатор B7      @ (6,4,0) [уничтожен]
    ✗ Паук B8            @ (6,5,0) [уничтожен]
  Team C: живых 1/8
    ✓ Тишина C5          @ (6,4,3) hp=2/2
    ✗ Артиллерия C1      @ (9,0,2) [уничтожен]
    ✗ Радиовышка C2      @ (7,6,0) [уничтожен]
    ✗ Прыгун C3          @ (8,2,1) [уничтожен]
    ✗ Факел C4           @ (8,6,1) [уничтожен]
    ✗ Бурав C6           @ (9,1,2) [уничтожен]
    ✗ Провокатор C7      @ (9,3,2) [уничтожен]
    ✗ Паук C8            @ (9,8,2) [уничтожен]

======================================================================
ИТОГ
======================================================================
Лимит ходов (30) исчерпан, ничья/пат.

--- Сводка по командам ---
  Team A: 7/8 живых; hp=19
  Team B: 0/8 живых; hp=0
  Team C: 1/8 живых; hp=2

--- Сводка по пассивкам радиовышек ---
  Team A: сканирований=30, всего врагов-в-слоях=6, уникальных эксклюзивных (видны только радиовышкой)=0
  Team B: сканирований=10, всего врагов-в-слоях=21, уникальных эксклюзивных (видны только радиовышкой)=3
  Team C: сканирований=3, всего врагов-в-слоях=5, уникальных эксклюзивных (видны только радиовышкой)=0

--- Сводка по попаданиям ---
  Всего событий (шоты+тараны+мины): 19
  Уничтожено кораблей всего: 16
  Team A: урон=27 хиты=6 тараны=5 мины(сработало)=0 убийств=10
  Team B: урон=10 хиты=1 тараны=2 мины(сработало)=1 убийств=3
  Team C: урон=12 хиты=1 тараны=2 мины(сработало)=1 убийств=3
! 🎮 GM: остановка игры
