======================================================================
Space Battle 10×10×10 — simulation run at 2026-04-20T13:39:21+00:00
Game mode: advanced
Seed: 129
✓ 🚀 Продвинутый режим: создаю разные типы кораблей
   Команда A: спавн вдоль оси Z от (8, 4, 0) до (8, 4, 4)
   Команда B: спавн вдоль оси Z от (4, 9, 3) до (4, 9, 0)
   Команда C: спавн вдоль оси Y от (1, 1, 4) до (1, 3, 4)
✓ ✅ Создано 24 кораблей


--- СТАРТОВАЯ РАССТАНОВКА ---
  Team A: живых 8/8
    ✓ Артиллерия A1      @ (8,4,0) hp=1/1
    ✓ Радиовышка A2      @ (8,4,6) hp=3/3
    ✓ Прыгун A3          @ (8,4,3) hp=2/2
    ✓ Факел A4           @ (8,4,2) hp=6/6
    ✓ Тишина A5          @ (8,4,1) hp=2/2
    ✓ Бурав A6           @ (8,4,9) hp=4/4
    ✓ Провокатор A7      @ (8,4,5) hp=2/2
    ✓ Паук A8            @ (8,4,4) hp=1/1
  Team B: живых 8/8
    ✓ Артиллерия B1      @ (4,9,3) hp=1/1
    ✓ Радиовышка B2      @ (4,9,2) hp=3/3
    ✓ Прыгун B3          @ (4,9,7) hp=2/2
    ✓ Факел B4           @ (4,9,5) hp=6/6
    ✓ Тишина B5          @ (4,9,4) hp=2/2
    ✓ Бурав B6           @ (4,9,9) hp=4/4
    ✓ Провокатор B7      @ (4,9,1) hp=2/2
    ✓ Паук B8            @ (4,9,0) hp=1/1
  Team C: живых 8/8
    ✓ Артиллерия C1      @ (1,1,4) hp=1/1
    ✓ Радиовышка C2      @ (1,6,4) hp=3/3
    ✓ Прыгун C3          @ (1,0,4) hp=2/2
    ✓ Факел C4           @ (1,9,4) hp=6/6
    ✓ Тишина C5          @ (1,4,4) hp=2/2
    ✓ Бурав C6           @ (1,8,4) hp=4/4
    ✓ Провокатор C7      @ (1,7,4) hp=2/2
    ✓ Паук C8            @ (1,3,4) hp=1/1

======================================================================
ХОД 1
======================================================================
✓ 🎮 GM: начинаем ход
GM: start_turn

--- Радиовышки: сканирование слоя Z ---
  Радиовышка A2 (z=6): слой чист
  Радиовышка B2 (z=2): видит 1 врагов [+1 эксклюзивно] → Факел A4(8,4,2)
  Радиовышка C2 (z=4): видит 2 врагов [+1 эксклюзивно] → Паук A8(8,4,4), Тишина B5(4,9,4)

--- Решения ботов ---
  [Team A] Артиллерия A1 (8,4,0) → SHOOT at (9,9,8)
  [Team A] Радиовышка A2 (8,4,6) → MOVE (7,5,5)
  [Team A] Прыгун A3 (8,4,3) → MOVE (7,5,4)
  [Team A] Тишина A5 (8,4,1) → MOVE (7,5,2)
  [Team A] Бурав A6 (8,4,9) → MOVE (7,5,8)
  [Team A] Провокатор A7 (8,4,5) → MOVE (7,4,5)
  [Team A] Паук A8 (8,4,4) → MOVE (8,5,4)
  [Team A] Факел A4 → SKIP
  [Team B] Артиллерия B1 (4,9,3) → SHOOT at (1,7,4)
  [Team B] Радиовышка B2 (4,9,2) → MOVE (3,8,3)
  [Team B] Прыгун B3 (4,9,7) → MOVE (3,8,6)
  [Team B] Тишина B5 (4,9,4) → PHASE toggle
  [Team B] Бурав B6 (4,9,9) → MOVE (3,8,8)
  [Team B] Провокатор B7 (4,9,1) → HOLOGRAM (3,8,2)
  [Team B] Паук B8 (4,9,0) → MINE (3,8,1)
  [Team B] Факел B4 → SKIP
  [Team C] Артиллерия C1 (1,1,4) → SHOOT at (4,9,3)
  [Team C] Радиовышка C2 (1,6,4) → MOVE (2,7,3)
  [Team C] Прыгун C3 (1,0,4) → MOVE (2,1,4)
  [Team C] Факел C4 (1,9,4) → SHOOT at (4,9,4)
  [Team C] Тишина C5 (1,4,4) → PHASE toggle
  [Team C] Бурав C6 (1,8,4) → MOVE (2,9,3)
  [Team C] Провокатор C7 (1,7,4) → HOLOGRAM (2,8,3)
  [Team C] Паук C8 (1,3,4) → MOVE (2,4,3)
! 🎮 GM: принудительно завершает фазу планирования
GM: end_planning
# 
============================================================
# 🔄 ОБРАБОТКА ХОДА 1
# ============================================================
   🌀 Тишина B5: уходит в фазу на 1 ход
   🌀 Тишина C5: уходит в фазу на 1 ход
   🪞 Провокатор B7 создал голограмму H1 в (3,8,2)
   🪞 Провокатор C7 создал голограмму H2 в (2,8,3)
   💣 Паук B8 установил мину M1 в (3,8,1)

📦 ПЕРЕМЕЩЕНИЯ:
   Радиовышка A2: (8, 4, 6) → (7,5,5)
   Прыгун A3: (8, 4, 3) → (7,5,4)
   Тишина A5: (8, 4, 1) → (7,5,2)
!    ⚠️ Бурав A6: Бурав двигается только по 1 оси или по 2 осям строго диагонально
   Провокатор A7: (8, 4, 5) → (7,4,5)
   Паук A8: (8, 4, 4) → (8,5,4)
   Радиовышка B2: (4, 9, 2) → (3,8,3)
   Прыгун B3: (4, 9, 7) → (3,8,6)
!    ⚠️ Бурав B6: Бурав двигается только по 1 оси или по 2 осям строго диагонально
   Радиовышка C2: (1, 6, 4) → (2,7,3)
   Прыгун C3: (1, 0, 4) → (2,1,4)
!    ⚠️ Бурав C6: Бурав двигается только по 1 оси или по 2 осям строго диагонально
   Паук C8: (1, 3, 4) → (2,4,3)

🎯 ВЫСТРЕЛЫ:
✓    ✅ Артиллерия B1 поразил Провокатор C7 (2 урона)!
✓    ✅ Артиллерия C1 поразил Артиллерия B1 (2 урона)!
   Выпущено ракет: 4
# 
📊 РЕЗУЛЬТАТЫ ХОДА 1:
✓ 💥 ПОПАДАНИЯ:
✓    Артиллерия B1 (Team B) → Провокатор C7 (Team C)
✓    Артиллерия C1 (Team C) → Артиллерия B1 (Team B)

--- Результаты хода ---
  Team B / Артиллерия B1      → Team C / Провокатор C7      @ (1,7,4)  (УБИТ)
  Team C / Артиллерия C1      → Team B / Артиллерия B1      @ (4,9,3)  (УБИТ)

--- Состояние команд после хода ---
  Team A: живых 8/8
    ✓ Артиллерия A1      @ (8,4,0) hp=1/1
    ✓ Радиовышка A2      @ (7,5,5) hp=3/3
    ✓ Прыгун A3          @ (7,5,4) hp=2/2
    ✓ Факел A4           @ (8,4,2) hp=6/6
    ✓ Тишина A5          @ (7,5,2) hp=2/2
    ✓ Бурав A6           @ (8,4,9) hp=4/4
    ✓ Провокатор A7      @ (7,4,5) hp=2/2
    ✓ Паук A8            @ (8,5,4) hp=1/1
  Team B: живых 7/8
    ✓ Радиовышка B2      @ (3,8,3) hp=3/3
    ✓ Прыгун B3          @ (3,8,6) hp=2/2
    ✓ Факел B4           @ (4,9,5) hp=6/6
    ✓ Тишина B5          @ (4,9,4) hp=2/2
    ✓ Бурав B6           @ (4,9,9) hp=4/4
    ✓ Провокатор B7      @ (4,9,1) hp=2/2
    ✓ Паук B8            @ (4,9,0) hp=1/1
    ✗ Артиллерия B1      @ (4,9,3) [уничтожен]
  Team C: живых 7/8
    ✓ Артиллерия C1      @ (1,1,4) hp=1/1
    ✓ Радиовышка C2      @ (2,7,3) hp=3/3
    ✓ Прыгун C3          @ (2,1,4) hp=2/2
    ✓ Факел C4           @ (1,9,4) hp=6/6
    ✓ Тишина C5          @ (1,4,4) hp=2/2
    ✓ Бурав C6           @ (1,8,4) hp=4/4
    ✓ Паук C8            @ (2,4,3) hp=1/1
    ✗ Провокатор C7      @ (1,7,4) [уничтожен]

======================================================================
ХОД 2
======================================================================
✓ 🎮 GM: начинаем ход
GM: start_turn

--- Радиовышки: сканирование слоя Z ---
  Радиовышка A2 (z=5): видит 1 врагов  → Факел B4(4,9,5)
  Радиовышка B2 (z=3): видит 2 врагов  → Паук C8(2,4,3), Радиовышка C2(2,7,3)
  Радиовышка C2 (z=3): видит 1 врагов  → Радиовышка B2(3,8,3)

--- Решения ботов ---
  [Team A] Артиллерия A1 (8,4,0) → SHOOT at (4,9,1)
  [Team A] Радиовышка A2 (7,5,5) → MOVE (6,6,4)
  [Team A] Прыгун A3 (7,5,4) → MOVE (6,6,3)
  [Team A] Факел A4 (8,4,2) → MOVE (8,4,1)
  [Team A] Тишина A5 (7,5,2) → PHASE toggle
  [Team A] Бурав A6 (8,4,9) → MOVE (7,5,8)
  [Team A] Провокатор A7 (7,4,5) → HOLOGRAM (6,5,4)
  [Team A] Паук A8 (8,5,4) → MINE (7,6,5)
  [Team B] Радиовышка B2 (3,8,3) → MOVE (2,7,3)
  [Team B] Прыгун B3 (3,8,6) → MOVE (1,9,4)
  [Team B] Факел B4 (4,9,5) → MOVE (3,9,5)
  [Team B] Тишина B5 (4,9,4) → MOVE (3,9,3)
  [Team B] Бурав B6 (4,9,9) → MOVE (5,8,8)
  [Team B] Провокатор B7 (4,9,1) → HOLOGRAM (3,8,2)
  [Team B] Паук B8 (4,9,0) → MINE (3,8,1)
  [Team C] Артиллерия C1 (1,1,4) → SHOOT at (3,8,6)
  [Team C] Радиовышка C2 (2,7,3) → MOVE (3,8,3)
  [Team C] Прыгун C3 (2,1,4) → MOVE (3,2,3)
  [Team C] Тишина C5 (1,4,4) → MOVE (2,5,3)
  [Team C] Бурав C6 (1,8,4) → MOVE (3,8,6)
  [Team C] Паук C8 (2,4,3) → MINE (3,5,3)
  [Team C] Факел C4 → SKIP
! 🎮 GM: принудительно завершает фазу планирования
GM: end_planning
# 
============================================================
# 🔄 ОБРАБОТКА ХОДА 2
# ============================================================
   🌀 Тишина B5: фаза спала (действовала 1 ход)
   🌀 Тишина C5: фаза спала (действовала 1 ход)
   🌀 Тишина A5: уходит в фазу на 1 ход
   🪞 Провокатор A7 создал голограмму H3 в (6,5,4)
!    ⚠️ Провокатор B7: клетка (3,8,2) уже занята голограммой
   💣 Паук A8 установил мину M2 в (7,6,5)
!    ⚠️ Паук B8: в клетке уже стоит мина
   💣 Паук C8 установил мину M3 в (3,5,3)

📦 ПЕРЕМЕЩЕНИЯ:
   Радиовышка A2: (7, 5, 5) → (6,6,4)
   Прыгун A3: (7, 5, 4) → (6,6,3)
   Факел A4: (8, 4, 2) → (8,4,1)
!    ⚠️ Бурав A6: Бурав двигается только по 1 оси или по 2 осям строго диагонально
!    ⚠️ Радиовышка B2: клетка (2,7,3) занята
✓    💥 Прыгун B3 тараном уничтожил Факел C4 в (1,9,4)
   Прыгун B3: (3, 8, 6) → (1,9,4)
   Факел B4: (4, 9, 5) → (3,9,5)
   Тишина B5: (4, 9, 4) → (3,9,3)
!    ⚠️ Бурав B6: Бурав двигается только по 1 оси или по 2 осям строго диагонально
!    ⚠️ Радиовышка C2: клетка (3,8,3) занята
   Прыгун C3: (2, 1, 4) → (3,2,3)
   Тишина C5: (1, 4, 4) → (2,5,3)
   Бурав C6: (1, 8, 4) → (3,8,6)

🎯 ВЫСТРЕЛЫ:
✓    ✅ Артиллерия A1 поразил Провокатор B7 (2 урона)!
   Выпущено ракет: 2
# 
📊 РЕЗУЛЬТАТЫ ХОДА 2:
✓ 💥 ПОПАДАНИЯ:
✓    Артиллерия A1 (Team A) → Провокатор B7 (Team B)

--- Результаты хода ---
  Team B / Прыгун B3          → Team C / Факел C4           @ (1,9,4)  (УБИТ)
  Team A / Артиллерия A1      → Team B / Провокатор B7      @ (4,9,1)  (УБИТ)

--- Состояние команд после хода ---
  Team A: живых 8/8
    ✓ Артиллерия A1      @ (8,4,0) hp=1/1
    ✓ Радиовышка A2      @ (6,6,4) hp=3/3
    ✓ Прыгун A3          @ (6,6,3) hp=2/2
    ✓ Факел A4           @ (8,4,1) hp=6/6
    ✓ Тишина A5          @ (7,5,2) hp=2/2
    ✓ Бурав A6           @ (8,4,9) hp=4/4
    ✓ Провокатор A7      @ (7,4,5) hp=2/2
    ✓ Паук A8            @ (8,5,4) hp=1/1
  Team B: живых 6/8
    ✓ Радиовышка B2      @ (3,8,3) hp=3/3
    ✓ Прыгун B3          @ (1,9,4) hp=2/2
    ✓ Факел B4           @ (3,9,5) hp=6/6
    ✓ Тишина B5          @ (3,9,3) hp=2/2
    ✓ Бурав B6           @ (4,9,9) hp=4/4
    ✓ Паук B8            @ (4,9,0) hp=1/1
    ✗ Артиллерия B1      @ (4,9,3) [уничтожен]
    ✗ Провокатор B7      @ (4,9,1) [уничтожен]
  Team C: живых 6/8
    ✓ Артиллерия C1      @ (1,1,4) hp=1/1
    ✓ Радиовышка C2      @ (2,7,3) hp=3/3
    ✓ Прыгун C3          @ (3,2,3) hp=2/2
    ✓ Тишина C5          @ (2,5,3) hp=2/2
    ✓ Бурав C6           @ (3,8,6) hp=4/4
    ✓ Паук C8            @ (2,4,3) hp=1/1
    ✗ Факел C4           @ (1,9,4) [уничтожен]
    ✗ Провокатор C7      @ (1,7,4) [уничтожен]

======================================================================
ХОД 3
======================================================================
✓ 🎮 GM: начинаем ход
GM: start_turn

--- Радиовышки: сканирование слоя Z ---
  Радиовышка A2 (z=4): видит 2 врагов [+2 эксклюзивно] → Прыгун B3(1,9,4), Артиллерия C1(1,1,4)
  Радиовышка B2 (z=3): видит 5 врагов [+2 эксклюзивно] → Прыгун A3(6,6,3), Паук C8(2,4,3), Тишина C5(2,5,3), Радиовышка C2(2,7,3), Прыгун C3(3,2,3)
  Радиовышка C2 (z=3): видит 3 врагов  → Прыгун A3(6,6,3), Радиовышка B2(3,8,3), Тишина B5(3,9,3)

--- Решения ботов ---
  [Team A] Артиллерия A1 (8,4,0) → SHOOT at (1,1,4)
  [Team A] Радиовышка A2 (6,6,4) → MOVE (5,7,3)
  [Team A] Прыгун A3 (6,6,3) → MOVE (5,6,3)
  [Team A] Тишина A5 (7,5,2) → MOVE (7,6,3)
  [Team A] Бурав A6 (8,4,9) → MOVE (7,5,8)
  [Team A] Провокатор A7 (7,4,5) → HOLOGRAM (6,5,4)
  [Team A] Паук A8 (8,5,4) → MINE (7,6,4)
  [Team A] Факел A4 → SKIP
  [Team B] Радиовышка B2 (3,8,3) → MOVE (2,7,3)
  [Team B] Прыгун B3 (1,9,4) → MOVE (3,8,6)
  [Team B] Факел B4 (3,9,5) → MOVE (2,9,4)
  [Team B] Тишина B5 (3,9,3) → MOVE (2,8,3)
  [Team B] Бурав B6 (4,9,9) → MOVE (3,8,8)
  [Team B] Паук B8 (4,9,0) → MINE (5,8,1)
  [Team C] Артиллерия C1 (1,1,4) → SHOOT at (6,6,3)
  [Team C] Радиовышка C2 (2,7,3) → MOVE (3,8,3)
  [Team C] Прыгун C3 (3,2,3) → MOVE (4,3,4)
  [Team C] Тишина C5 (2,5,3) → MOVE (3,6,3)
  [Team C] Бурав C6 (3,8,6) → MOVE (3,9,5)
  [Team C] Паук C8 (2,4,3) → MINE (3,5,4)
! 🎮 GM: принудительно завершает фазу планирования
GM: end_planning
# 
============================================================
# 🔄 ОБРАБОТКА ХОДА 3
# ============================================================
   🌀 Тишина A5: фаза спала (действовала 1 ход)
!    ⚠️ Провокатор A7: клетка (6,5,4) уже занята голограммой
   💣 Паук A8 установил мину M4 в (7,6,4)
   💣 Паук B8 установил мину M5 в (5,8,1)
   💣 Паук C8 установил мину M6 в (3,5,4)

📦 ПЕРЕМЕЩЕНИЯ:
   Радиовышка A2: (6, 6, 4) → (5,7,3)
   Прыгун A3: (6, 6, 3) → (5,6,3)
   Тишина A5: (7, 5, 2) → (7,6,3)
!    ⚠️ Бурав A6: Бурав двигается только по 1 оси или по 2 осям строго диагонально
!    ⚠️ Радиовышка B2: клетка (2,7,3) занята
✓    💥 Прыгун B3 тараном уничтожил Бурав C6 в (3,8,6)
   Прыгун B3: (1, 9, 4) → (3,8,6)
   Факел B4: (3, 9, 5) → (2,9,4)
!    ⚠️ Тишина B5: клетка (2,8,3) занята
!    ⚠️ Бурав B6: Бурав двигается только по 1 оси или по 2 осям строго диагонально
!    ⚠️ Радиовышка C2: клетка (3,8,3) занята
   Прыгун C3: (3, 2, 3) → (4,3,4)
   Тишина C5: (2, 5, 3) → (3,6,3)

🎯 ВЫСТРЕЛЫ:
✓    ✅ Артиллерия A1 поразил Артиллерия C1 (2 урона)!
   Выпущено ракет: 2
# 
📊 РЕЗУЛЬТАТЫ ХОДА 3:
✓ 💥 ПОПАДАНИЯ:
✓    Артиллерия A1 (Team A) → Артиллерия C1 (Team C)

--- Результаты хода ---
  Team B / Прыгун B3          → Team C / Бурав C6           @ (3,8,6)  (УБИТ)
  Team A / Артиллерия A1      → Team C / Артиллерия C1      @ (1,1,4)  (УБИТ)

--- Состояние команд после хода ---
  Team A: живых 8/8
    ✓ Артиллерия A1      @ (8,4,0) hp=1/1
    ✓ Радиовышка A2      @ (5,7,3) hp=3/3
    ✓ Прыгун A3          @ (5,6,3) hp=2/2
    ✓ Факел A4           @ (8,4,1) hp=6/6
    ✓ Тишина A5          @ (7,6,3) hp=2/2
    ✓ Бурав A6           @ (8,4,9) hp=4/4
    ✓ Провокатор A7      @ (7,4,5) hp=2/2
    ✓ Паук A8            @ (8,5,4) hp=1/1
  Team B: живых 6/8
    ✓ Радиовышка B2      @ (3,8,3) hp=3/3
    ✓ Прыгун B3          @ (3,8,6) hp=2/2
    ✓ Факел B4           @ (2,9,4) hp=6/6
    ✓ Тишина B5          @ (3,9,3) hp=2/2
    ✓ Бурав B6           @ (4,9,9) hp=4/4
    ✓ Паук B8            @ (4,9,0) hp=1/1
    ✗ Артиллерия B1      @ (4,9,3) [уничтожен]
    ✗ Провокатор B7      @ (4,9,1) [уничтожен]
  Team C: живых 4/8
    ✓ Радиовышка C2      @ (2,7,3) hp=3/3
    ✓ Прыгун C3          @ (4,3,4) hp=2/2
    ✓ Тишина C5          @ (3,6,3) hp=2/2
    ✓ Паук C8            @ (2,4,3) hp=1/1
    ✗ Артиллерия C1      @ (1,1,4) [уничтожен]
    ✗ Факел C4           @ (1,9,4) [уничтожен]
    ✗ Бурав C6           @ (3,8,6) [уничтожен]
    ✗ Провокатор C7      @ (1,7,4) [уничтожен]

======================================================================
ХОД 4
======================================================================
✓ 🎮 GM: начинаем ход
GM: start_turn

--- Радиовышки: сканирование слоя Z ---
  Радиовышка A2 (z=3): видит 5 врагов  → Радиовышка B2(3,8,3), Тишина B5(3,9,3), Паук C8(2,4,3), Радиовышка C2(2,7,3), Тишина C5(3,6,3)
  Радиовышка B2 (z=3): видит 6 врагов  → Прыгун A3(5,6,3), Радиовышка A2(5,7,3), Тишина A5(7,6,3), Паук C8(2,4,3), Радиовышка C2(2,7,3), Тишина C5(3,6,3)
  Радиовышка C2 (z=3): видит 5 врагов  → Прыгун A3(5,6,3), Радиовышка A2(5,7,3), Тишина A5(7,6,3), Радиовышка B2(3,8,3), Тишина B5(3,9,3)

--- Решения ботов ---
  [Team A] Артиллерия A1 (8,4,0) → SHOOT at (4,3,4)
  [Team A] Радиовышка A2 (5,7,3) → MOVE (4,8,3)
  [Team A] Прыгун A3 (5,6,3) → MOVE (3,8,3)
  [Team A] Тишина A5 (7,6,3) → MOVE (6,7,2)
  [Team A] Бурав A6 (8,4,9) → MOVE (7,5,8)
  [Team A] Провокатор A7 (7,4,5) → HOLOGRAM (6,3,4)
  [Team A] Паук A8 (8,5,4) → MINE (7,5,3)
  [Team A] Факел A4 → SKIP
  [Team B] Радиовышка B2 (3,8,3) → MOVE (2,7,3)
  [Team B] Прыгун B3 (3,8,6) → MOVE (4,7,5)
  [Team B] Факел B4 (2,9,4) → MOVE (3,8,5)
  [Team B] Тишина B5 (3,9,3) → MOVE (4,8,3)
  [Team B] Бурав B6 (4,9,9) → MOVE (5,8,8)
  [Team B] Паук B8 (4,9,0) → MINE (5,8,1)
  [Team C] Радиовышка C2 (2,7,3) → MOVE (3,8,3)
  [Team C] Прыгун C3 (4,3,4) → MOVE (5,4,3)
  [Team C] Тишина C5 (3,6,3) → MOVE (4,7,3)
  [Team C] Паук C8 (2,4,3) → MINE (3,5,3)
! 🎮 GM: принудительно завершает фазу планирования
GM: end_planning
# 
============================================================
# 🔄 ОБРАБОТКА ХОДА 4
# ============================================================
   🪞 Провокатор A7 создал голограмму H4 в (6,3,4)
   💣 Паук A8 установил мину M7 в (7,5,3)
!    ⚠️ Паук B8: в клетке уже стоит мина
!    ⚠️ Паук C8: в клетке уже стоит мина

📦 ПЕРЕМЕЩЕНИЯ:
   Радиовышка A2: (5, 7, 3) → (4,8,3)
✓    💥 Прыгун A3 тараном уничтожил Радиовышка B2 в (3,8,3)
   Прыгун A3: (5, 6, 3) → (3,8,3)
   Тишина A5: (7, 6, 3) → (6,7,2)
!    ⚠️ Бурав A6: Бурав двигается только по 1 оси или по 2 осям строго диагонально
   Прыгун B3: (3, 8, 6) → (4,7,5)
   Факел B4: (2, 9, 4) → (3,8,5)
!    ⚠️ Тишина B5: клетка (4,8,3) занята
!    ⚠️ Бурав B6: Бурав двигается только по 1 оси или по 2 осям строго диагонально
!    ⚠️ Радиовышка C2: клетка (3,8,3) занята
   Прыгун C3: (4, 3, 4) → (5,4,3)
   Тишина C5: (3, 6, 3) → (4,7,3)

🎯 ВЫСТРЕЛЫ:
   Выпущено ракет: 1
# 
📊 РЕЗУЛЬТАТЫ ХОДА 4:
🎯 Попаданий нет

--- Результаты хода ---
  Team A / Прыгун A3          → Team B / Радиовышка B2      @ (3,8,3)  (УБИТ)

--- Состояние команд после хода ---
  Team A: живых 8/8
    ✓ Артиллерия A1      @ (8,4,0) hp=1/1
    ✓ Радиовышка A2      @ (4,8,3) hp=3/3
    ✓ Прыгун A3          @ (3,8,3) hp=2/2
    ✓ Факел A4           @ (8,4,1) hp=6/6
    ✓ Тишина A5          @ (6,7,2) hp=2/2
    ✓ Бурав A6           @ (8,4,9) hp=4/4
    ✓ Провокатор A7      @ (7,4,5) hp=2/2
    ✓ Паук A8            @ (8,5,4) hp=1/1
  Team B: живых 5/8
    ✓ Прыгун B3          @ (4,7,5) hp=2/2
    ✓ Факел B4           @ (3,8,5) hp=6/6
    ✓ Тишина B5          @ (3,9,3) hp=2/2
    ✓ Бурав B6           @ (4,9,9) hp=4/4
    ✓ Паук B8            @ (4,9,0) hp=1/1
    ✗ Артиллерия B1      @ (4,9,3) [уничтожен]
    ✗ Радиовышка B2      @ (3,8,3) [уничтожен]
    ✗ Провокатор B7      @ (4,9,1) [уничтожен]
  Team C: живых 4/8
    ✓ Радиовышка C2      @ (2,7,3) hp=3/3
    ✓ Прыгун C3          @ (5,4,3) hp=2/2
    ✓ Тишина C5          @ (4,7,3) hp=2/2
    ✓ Паук C8            @ (2,4,3) hp=1/1
    ✗ Артиллерия C1      @ (1,1,4) [уничтожен]
    ✗ Факел C4           @ (1,9,4) [уничтожен]
    ✗ Бурав C6           @ (3,8,6) [уничтожен]
    ✗ Провокатор C7      @ (1,7,4) [уничтожен]

======================================================================
ХОД 5
======================================================================
✓ 🎮 GM: начинаем ход
GM: start_turn

--- Радиовышки: сканирование слоя Z ---
  Радиовышка A2 (z=3): видит 5 врагов  → Тишина B5(3,9,3), Паук C8(2,4,3), Радиовышка C2(2,7,3), Тишина C5(4,7,3), Прыгун C3(5,4,3)
  Радиовышка C2 (z=3): видит 3 врагов  → Прыгун A3(3,8,3), Радиовышка A2(4,8,3), Тишина B5(3,9,3)

--- Решения ботов ---
  [Team A] Артиллерия A1 (8,4,0) → SHOOT at (5,4,3)
  [Team A] Радиовышка A2 (4,8,3) → MOVE (3,9,3)
  [Team A] Прыгун A3 (3,8,3) → MOVE (3,8,5)
  [Team A] Тишина A5 (6,7,2) → MOVE (5,8,1)
  [Team A] Бурав A6 (8,4,9) → MOVE (7,5,8)
  [Team A] Провокатор A7 (7,4,5) → HOLOGRAM (6,4,4)
  [Team A] Паук A8 (8,5,4) → MINE (7,4,3)
  [Team A] Факел A4 → SKIP
  [Team B] Прыгун B3 (4,7,5) → MOVE (3,8,3)
  [Team B] Факел B4 (3,8,5) → SHOOT at (3,8,3)
  [Team B] Тишина B5 (3,9,3) → PHASE toggle
  [Team B] Бурав B6 (4,9,9) → MOVE (5,8,9)
  [Team B] Паук B8 (4,9,0) → MINE (5,8,1)
  [Team C] Радиовышка C2 (2,7,3) → MOVE (3,8,3)
  [Team C] Прыгун C3 (5,4,3) → MOVE (7,4,5)
  [Team C] Тишина C5 (4,7,3) → PHASE toggle
  [Team C] Паук C8 (2,4,3) → MINE (3,5,4)
! 🎮 GM: принудительно завершает фазу планирования
GM: end_planning
# 
============================================================
# 🔄 ОБРАБОТКА ХОДА 5
# ============================================================
   🌀 Тишина B5: уходит в фазу на 1 ход
   🌀 Тишина C5: уходит в фазу на 1 ход
   🪞 Провокатор A7 создал голограмму H5 в (6,4,4)
   💣 Паук A8 установил мину M8 в (7,4,3)
!    ⚠️ Паук B8: в клетке уже стоит мина
!    ⚠️ Паук C8: в клетке уже стоит мина

📦 ПЕРЕМЕЩЕНИЯ:
   Радиовышка A2: (4, 8, 3) → (3,9,3)
✓    💥 Прыгун A3 тараном уничтожил Факел B4 в (3,8,5)
   Прыгун A3: (3, 8, 3) → (3,8,5)
   Тишина A5: (6, 7, 2) → (5,8,1)
!    💥 Мина M5 сработала под Тишина A5 (урон 2) — КОРАБЛЬ УНИЧТОЖЕН
!    ⚠️ Бурав A6: Бурав двигается только по 1 оси или по 2 осям строго диагонально
   Прыгун B3: (4, 7, 5) → (3,8,3)
   Бурав B6: (4, 9, 9) → (5,8,9)
!    ⚠️ Радиовышка C2: клетка (3,8,3) занята
✓    💥 Прыгун C3 тараном уничтожил Провокатор A7 в (7,4,5)
   Прыгун C3: (5, 4, 3) → (7,4,5)

🎯 ВЫСТРЕЛЫ:
   Выпущено ракет: 1
# 
📊 РЕЗУЛЬТАТЫ ХОДА 5:
🎯 Попаданий нет

--- Результаты хода ---
  Team A / Прыгун A3          → Team B / Факел B4           @ (3,8,5)  (УБИТ)
  ? / ?                  → Team A / Тишина A5          @ (5,8,1)  (УБИТ)
  Team C / Прыгун C3          → Team A / Провокатор A7      @ (7,4,5)  (УБИТ)

--- Состояние команд после хода ---
  Team A: живых 6/8
    ✓ Артиллерия A1      @ (8,4,0) hp=1/1
    ✓ Радиовышка A2      @ (3,9,3) hp=3/3
    ✓ Прыгун A3          @ (3,8,5) hp=2/2
    ✓ Факел A4           @ (8,4,1) hp=6/6
    ✓ Бурав A6           @ (8,4,9) hp=4/4
    ✓ Паук A8            @ (8,5,4) hp=1/1
    ✗ Тишина A5          @ (5,8,1) [уничтожен]
    ✗ Провокатор A7      @ (7,4,5) [уничтожен]
  Team B: живых 4/8
    ✓ Прыгун B3          @ (3,8,3) hp=2/2
    ✓ Тишина B5          @ (3,9,3) hp=2/2
    ✓ Бурав B6           @ (5,8,9) hp=4/4
    ✓ Паук B8            @ (4,9,0) hp=1/1
    ✗ Артиллерия B1      @ (4,9,3) [уничтожен]
    ✗ Радиовышка B2      @ (3,8,3) [уничтожен]
    ✗ Факел B4           @ (3,8,5) [уничтожен]
    ✗ Провокатор B7      @ (4,9,1) [уничтожен]
  Team C: живых 4/8
    ✓ Радиовышка C2      @ (2,7,3) hp=3/3
    ✓ Прыгун C3          @ (7,4,5) hp=2/2
    ✓ Тишина C5          @ (4,7,3) hp=2/2
    ✓ Паук C8            @ (2,4,3) hp=1/1
    ✗ Артиллерия C1      @ (1,1,4) [уничтожен]
    ✗ Факел C4           @ (1,9,4) [уничтожен]
    ✗ Бурав C6           @ (3,8,6) [уничтожен]
    ✗ Провокатор C7      @ (1,7,4) [уничтожен]

======================================================================
ХОД 6
======================================================================
✓ 🎮 GM: начинаем ход
GM: start_turn

--- Радиовышки: сканирование слоя Z ---
  Радиовышка A2 (z=3): видит 3 врагов  → Прыгун B3(3,8,3), Паук C8(2,4,3), Радиовышка C2(2,7,3)
  Радиовышка C2 (z=3): видит 2 врагов  → Радиовышка A2(3,9,3), Прыгун B3(3,8,3)

--- Решения ботов ---
  [Team A] Артиллерия A1 (8,4,0) → SHOOT at (3,8,3)
  [Team A] Радиовышка A2 (3,9,3) → MOVE (3,8,3)
  [Team A] Прыгун A3 (3,8,5) → MOVE (2,7,3)
  [Team A] Бурав A6 (8,4,9) → MOVE (7,5,9)
  [Team A] Паук A8 (8,5,4) → MINE (7,4,5)
  [Team A] Факел A4 → SKIP
  [Team B] Прыгун B3 (3,8,3) → MOVE (3,8,5)
  [Team B] Бурав B6 (5,8,9) → MOVE (4,8,8)
  [Team B] Паук B8 (4,9,0) → MINE (3,9,1)
  [Team B] Тишина B5 → SKIP
  [Team C] Радиовышка C2 (2,7,3) → MOVE (3,8,3)
  [Team C] Прыгун C3 (7,4,5) → MOVE (8,5,4)
  [Team C] Тишина C5 (4,7,3) → MOVE (4,8,3)
  [Team C] Паук C8 (2,4,3) → MINE (3,5,4)
! 🎮 GM: принудительно завершает фазу планирования
GM: end_planning
# 
============================================================
# 🔄 ОБРАБОТКА ХОДА 6
# ============================================================
   🌀 Тишина B5: фаза спала (действовала 1 ход)
   🌀 Тишина C5: фаза спала (действовала 1 ход)
!    ⚠️ Паук A8: клетка (7,4,5) занята кораблём
   💣 Паук B8 установил мину M9 в (3,9,1)
!    ⚠️ Паук C8: в клетке уже стоит мина

📦 ПЕРЕМЕЩЕНИЯ:
!    ⚠️ Радиовышка A2: клетка (3,8,3) занята
✓    💥 Прыгун A3 тараном уничтожил Радиовышка C2 в (2,7,3)
   Прыгун A3: (3, 8, 5) → (2,7,3)
   Бурав A6: (8, 4, 9) → (7,5,9)
   Прыгун B3: (3, 8, 3) → (3,8,5)
   Бурав B6: (5, 8, 9) → (4,8,8)
✓    💥 Прыгун C3 тараном уничтожил Паук A8 в (8,5,4)
   Прыгун C3: (7, 4, 5) → (8,5,4)
   Тишина C5: (4, 7, 3) → (4,8,3)

🎯 ВЫСТРЕЛЫ:
   Выпущено ракет: 1
# 
📊 РЕЗУЛЬТАТЫ ХОДА 6:
🎯 Попаданий нет

--- Результаты хода ---
  Team A / Прыгун A3          → Team C / Радиовышка C2      @ (2,7,3)  (УБИТ)
  Team C / Прыгун C3          → Team A / Паук A8            @ (8,5,4)  (УБИТ)

--- Состояние команд после хода ---
  Team A: живых 5/8
    ✓ Артиллерия A1      @ (8,4,0) hp=1/1
    ✓ Радиовышка A2      @ (3,9,3) hp=3/3
    ✓ Прыгун A3          @ (2,7,3) hp=2/2
    ✓ Факел A4           @ (8,4,1) hp=6/6
    ✓ Бурав A6           @ (7,5,9) hp=4/4
    ✗ Тишина A5          @ (5,8,1) [уничтожен]
    ✗ Провокатор A7      @ (7,4,5) [уничтожен]
    ✗ Паук A8            @ (8,5,4) [уничтожен]
  Team B: живых 4/8
    ✓ Прыгун B3          @ (3,8,5) hp=2/2
    ✓ Тишина B5          @ (3,9,3) hp=2/2
    ✓ Бурав B6           @ (4,8,8) hp=4/4
    ✓ Паук B8            @ (4,9,0) hp=1/1
    ✗ Артиллерия B1      @ (4,9,3) [уничтожен]
    ✗ Радиовышка B2      @ (3,8,3) [уничтожен]
    ✗ Факел B4           @ (3,8,5) [уничтожен]
    ✗ Провокатор B7      @ (4,9,1) [уничтожен]
  Team C: живых 3/8
    ✓ Прыгун C3          @ (8,5,4) hp=2/2
    ✓ Тишина C5          @ (4,8,3) hp=2/2
    ✓ Паук C8            @ (2,4,3) hp=1/1
    ✗ Артиллерия C1      @ (1,1,4) [уничтожен]
    ✗ Радиовышка C2      @ (2,7,3) [уничтожен]
    ✗ Факел C4           @ (1,9,4) [уничтожен]
    ✗ Бурав C6           @ (3,8,6) [уничтожен]
    ✗ Провокатор C7      @ (1,7,4) [уничтожен]

======================================================================
ХОД 7
======================================================================
✓ 🎮 GM: начинаем ход
GM: start_turn

--- Радиовышки: сканирование слоя Z ---
  Радиовышка A2 (z=3): видит 3 врагов  → Тишина B5(3,9,3), Паук C8(2,4,3), Тишина C5(4,8,3)

--- Решения ботов ---
  [Team A] Артиллерия A1 (8,4,0) → SHOOT at (8,5,4)
  [Team A] Прыгун A3 (2,7,3) → MOVE (3,8,5)
  [Team A] Бурав A6 (7,5,9) → MOVE (6,6,8)
  [Team A] Факел A4 → SKIP
  [Team A] Радиовышка A2 → SKIP
  [Team B] Прыгун B3 (3,8,5) → MOVE (2,7,3)
  [Team B] Бурав B6 (4,8,8) → MOVE (5,7,9)
  [Team B] Паук B8 (4,9,0) → MINE (3,9,1)
  [Team B] Тишина B5 → SKIP
  [Team C] Прыгун C3 (8,5,4) → MOVE (8,4,3)
  [Team C] Тишина C5 (4,8,3) → MOVE (3,9,3)
  [Team C] Паук C8 (2,4,3) → MINE (2,5,3)
! 🎮 GM: принудительно завершает фазу планирования
GM: end_planning
# 
============================================================
# 🔄 ОБРАБОТКА ХОДА 7
# ============================================================
!    ⚠️ Паук B8: в клетке уже стоит мина
   💣 Паук C8 установил мину M10 в (2,5,3)

📦 ПЕРЕМЕЩЕНИЯ:
✓    💥 Прыгун A3 тараном уничтожил Прыгун B3 в (3,8,5)
   Прыгун A3: (2, 7, 3) → (3,8,5)
!    ⚠️ Бурав A6: Бурав двигается только по 1 оси или по 2 осям строго диагонально
!    ⚠️ Бурав B6: Бурав двигается только по 1 оси или по 2 осям строго диагонально
   Прыгун C3: (8, 5, 4) → (8,4,3)
!    ⚠️ Тишина C5: клетка (3,9,3) занята

🎯 ВЫСТРЕЛЫ:
   Выпущено ракет: 1
# 
📊 РЕЗУЛЬТАТЫ ХОДА 7:
🎯 Попаданий нет

--- Результаты хода ---
  Team A / Прыгун A3          → Team B / Прыгун B3          @ (3,8,5)  (УБИТ)

--- Состояние команд после хода ---
  Team A: живых 5/8
    ✓ Артиллерия A1      @ (8,4,0) hp=1/1
    ✓ Радиовышка A2      @ (3,9,3) hp=3/3
    ✓ Прыгун A3          @ (3,8,5) hp=2/2
    ✓ Факел A4           @ (8,4,1) hp=6/6
    ✓ Бурав A6           @ (7,5,9) hp=4/4
    ✗ Тишина A5          @ (5,8,1) [уничтожен]
    ✗ Провокатор A7      @ (7,4,5) [уничтожен]
    ✗ Паук A8            @ (8,5,4) [уничтожен]
  Team B: живых 3/8
    ✓ Тишина B5          @ (3,9,3) hp=2/2
    ✓ Бурав B6           @ (4,8,8) hp=4/4
    ✓ Паук B8            @ (4,9,0) hp=1/1
    ✗ Артиллерия B1      @ (4,9,3) [уничтожен]
    ✗ Радиовышка B2      @ (3,8,3) [уничтожен]
    ✗ Прыгун B3          @ (3,8,5) [уничтожен]
    ✗ Факел B4           @ (3,8,5) [уничтожен]
    ✗ Провокатор B7      @ (4,9,1) [уничтожен]
  Team C: живых 3/8
    ✓ Прыгун C3          @ (8,4,3) hp=2/2
    ✓ Тишина C5          @ (4,8,3) hp=2/2
    ✓ Паук C8            @ (2,4,3) hp=1/1
    ✗ Артиллерия C1      @ (1,1,4) [уничтожен]
    ✗ Радиовышка C2      @ (2,7,3) [уничтожен]
    ✗ Факел C4           @ (1,9,4) [уничтожен]
    ✗ Бурав C6           @ (3,8,6) [уничтожен]
    ✗ Провокатор C7      @ (1,7,4) [уничтожен]

======================================================================
ХОД 8
======================================================================
✓ 🎮 GM: начинаем ход
GM: start_turn

--- Радиовышки: сканирование слоя Z ---
  Радиовышка A2 (z=3): видит 4 врагов  → Тишина B5(3,9,3), Паук C8(2,4,3), Тишина C5(4,8,3), Прыгун C3(8,4,3)

--- Решения ботов ---
  [Team A] Артиллерия A1 (8,4,0) → SHOOT at (8,4,3)
  [Team A] Прыгун A3 (3,8,5) → MOVE (4,8,3)
  [Team A] Факел A4 (8,4,1) → SHOOT at (8,4,3)
  [Team A] Бурав A6 (7,5,9) → MOVE (6,6,8)
  [Team A] Радиовышка A2 → SKIP
  [Team B] Бурав B6 (4,8,8) → MOVE (3,8,7)
  [Team B] Паук B8 (4,9,0) → MINE (3,9,1)
  [Team B] Тишина B5 → SKIP
  [Team C] Прыгун C3 (8,4,3) → MOVE (8,4,1)
  [Team C] Тишина C5 (4,8,3) → MOVE (3,9,3)
  [Team C] Паук C8 (2,4,3) → MINE (3,5,4)
! 🎮 GM: принудительно завершает фазу планирования
GM: end_planning
# 
============================================================
# 🔄 ОБРАБОТКА ХОДА 8
# ============================================================
!    ⚠️ Паук B8: в клетке уже стоит мина
!    ⚠️ Паук C8: в клетке уже стоит мина

📦 ПЕРЕМЕЩЕНИЯ:
✓    💥 Прыгун A3 тараном уничтожил Тишина C5 в (4,8,3)
   Прыгун A3: (3, 8, 5) → (4,8,3)
!    ⚠️ Бурав A6: Бурав двигается только по 1 оси или по 2 осям строго диагонально
   Бурав B6: (4, 8, 8) → (3,8,7)
✓    💥 Прыгун C3 тараном уничтожил Факел A4 в (8,4,1)
   Прыгун C3: (8, 4, 3) → (8,4,1)

🎯 ВЫСТРЕЛЫ:
   Выпущено ракет: 1
# 
📊 РЕЗУЛЬТАТЫ ХОДА 8:
🎯 Попаданий нет

--- Результаты хода ---
  Team A / Прыгун A3          → Team C / Тишина C5          @ (4,8,3)  (УБИТ)
  Team C / Прыгун C3          → Team A / Факел A4           @ (8,4,1)  (УБИТ)

--- Состояние команд после хода ---
  Team A: живых 4/8
    ✓ Артиллерия A1      @ (8,4,0) hp=1/1
    ✓ Радиовышка A2      @ (3,9,3) hp=3/3
    ✓ Прыгун A3          @ (4,8,3) hp=2/2
    ✓ Бурав A6           @ (7,5,9) hp=4/4
    ✗ Факел A4           @ (8,4,1) [уничтожен]
    ✗ Тишина A5          @ (5,8,1) [уничтожен]
    ✗ Провокатор A7      @ (7,4,5) [уничтожен]
    ✗ Паук A8            @ (8,5,4) [уничтожен]
  Team B: живых 3/8
    ✓ Тишина B5          @ (3,9,3) hp=2/2
    ✓ Бурав B6           @ (3,8,7) hp=4/4
    ✓ Паук B8            @ (4,9,0) hp=1/1
    ✗ Артиллерия B1      @ (4,9,3) [уничтожен]
    ✗ Радиовышка B2      @ (3,8,3) [уничтожен]
    ✗ Прыгун B3          @ (3,8,5) [уничтожен]
    ✗ Факел B4           @ (3,8,5) [уничтожен]
    ✗ Провокатор B7      @ (4,9,1) [уничтожен]
  Team C: живых 2/8
    ✓ Прыгун C3          @ (8,4,1) hp=2/2
    ✓ Паук C8            @ (2,4,3) hp=1/1
    ✗ Артиллерия C1      @ (1,1,4) [уничтожен]
    ✗ Радиовышка C2      @ (2,7,3) [уничтожен]
    ✗ Факел C4           @ (1,9,4) [уничтожен]
    ✗ Тишина C5          @ (4,8,3) [уничтожен]
    ✗ Бурав C6           @ (3,8,6) [уничтожен]
    ✗ Провокатор C7      @ (1,7,4) [уничтожен]

======================================================================
ХОД 9
======================================================================
✓ 🎮 GM: начинаем ход
GM: start_turn

--- Радиовышки: сканирование слоя Z ---
  Радиовышка A2 (z=3): видит 2 врагов  → Тишина B5(3,9,3), Паук C8(2,4,3)

--- Решения ботов ---
  [Team A] Артиллерия A1 (8,4,0) → SHOOT at (8,4,1)
  [Team A] Прыгун A3 (4,8,3) → MOVE (4,9,3)
  [Team A] Бурав A6 (7,5,9) → MOVE (6,6,8)
  [Team A] Радиовышка A2 → SKIP
  [Team B] Тишина B5 (3,9,3) → PHASE toggle
  [Team B] Бурав B6 (3,8,7) → MOVE (3,9,6)
  [Team B] Паук B8 (4,9,0) → MINE (3,9,1)
  [Team C] Прыгун C3 (8,4,1) → MOVE (8,4,0)
  [Team C] Паук C8 (2,4,3) → MINE (3,5,3)
! 🎮 GM: принудительно завершает фазу планирования
GM: end_planning
# 
============================================================
# 🔄 ОБРАБОТКА ХОДА 9
# ============================================================
   🌀 Тишина B5: уходит в фазу на 1 ход
!    ⚠️ Паук B8: в клетке уже стоит мина
!    ⚠️ Паук C8: в клетке уже стоит мина

📦 ПЕРЕМЕЩЕНИЯ:
   Прыгун A3: (4, 8, 3) → (4,9,3)
!    ⚠️ Бурав A6: Бурав двигается только по 1 оси или по 2 осям строго диагонально
   Бурав B6: (3, 8, 7) → (3,9,6)
✓    💥 Прыгун C3 тараном уничтожил Артиллерия A1 в (8,4,0)
   Прыгун C3: (8, 4, 1) → (8,4,0)

🎯 ВЫСТРЕЛЫ:
   Выпущено ракет: 0
# 
📊 РЕЗУЛЬТАТЫ ХОДА 9:
🎯 Попаданий нет

--- Результаты хода ---
  Team C / Прыгун C3          → Team A / Артиллерия A1      @ (8,4,0)  (УБИТ)

--- Состояние команд после хода ---
  Team A: живых 3/8
    ✓ Радиовышка A2      @ (3,9,3) hp=3/3
    ✓ Прыгун A3          @ (4,9,3) hp=2/2
    ✓ Бурав A6           @ (7,5,9) hp=4/4
    ✗ Артиллерия A1      @ (8,4,0) [уничтожен]
    ✗ Факел A4           @ (8,4,1) [уничтожен]
    ✗ Тишина A5          @ (5,8,1) [уничтожен]
    ✗ Провокатор A7      @ (7,4,5) [уничтожен]
    ✗ Паук A8            @ (8,5,4) [уничтожен]
  Team B: живых 3/8
    ✓ Тишина B5          @ (3,9,3) hp=2/2
    ✓ Бурав B6           @ (3,9,6) hp=4/4
    ✓ Паук B8            @ (4,9,0) hp=1/1
    ✗ Артиллерия B1      @ (4,9,3) [уничтожен]
    ✗ Радиовышка B2      @ (3,8,3) [уничтожен]
    ✗ Прыгун B3          @ (3,8,5) [уничтожен]
    ✗ Факел B4           @ (3,8,5) [уничтожен]
    ✗ Провокатор B7      @ (4,9,1) [уничтожен]
  Team C: живых 2/8
    ✓ Прыгун C3          @ (8,4,0) hp=2/2
    ✓ Паук C8            @ (2,4,3) hp=1/1
    ✗ Артиллерия C1      @ (1,1,4) [уничтожен]
    ✗ Радиовышка C2      @ (2,7,3) [уничтожен]
    ✗ Факел C4           @ (1,9,4) [уничтожен]
    ✗ Тишина C5          @ (4,8,3) [уничтожен]
    ✗ Бурав C6           @ (3,8,6) [уничтожен]
    ✗ Провокатор C7      @ (1,7,4) [уничтожен]

======================================================================
ХОД 10
======================================================================
✓ 🎮 GM: начинаем ход
GM: start_turn

--- Радиовышки: сканирование слоя Z ---
  Радиовышка A2 (z=3): видит 1 врагов [+1 эксклюзивно] → Паук C8(2,4,3)

--- Решения ботов ---
  [Team A] Радиовышка A2 (3,9,3) → MOVE (3,9,4)
  [Team A] Прыгун A3 (4,9,3) → SHOOT at (4,9,0)
  [Team A] Бурав A6 (7,5,9) → MOVE (6,6,8)
  [Team B] Бурав B6 (3,9,6) → MOVE (3,9,5)
  [Team B] Паук B8 (4,9,0) → MINE (3,9,1)
  [Team B] Тишина B5 → SKIP
  [Team C] Прыгун C3 (8,4,0) → MOVE (7,5,1)
  [Team C] Паук C8 (2,4,3) → MOVE (3,5,3)
! 🎮 GM: принудительно завершает фазу планирования
GM: end_planning
# 
============================================================
# 🔄 ОБРАБОТКА ХОДА 10
# ============================================================
   🌀 Тишина B5: фаза спала (действовала 1 ход)
!    ⚠️ Паук B8: в клетке уже стоит мина

📦 ПЕРЕМЕЩЕНИЯ:
   Радиовышка A2: (3, 9, 3) → (3,9,4)
!    ⚠️ Бурав A6: Бурав двигается только по 1 оси или по 2 осям строго диагонально
   Бурав B6: (3, 9, 6) → (3,9,5)
   Прыгун C3: (8, 4, 0) → (7,5,1)
   Паук C8: (2, 4, 3) → (3,5,3)

🎯 ВЫСТРЕЛЫ:
✓    ✅ Прыгун A3 поразил Паук B8 (1 урона)!
   Выпущено ракет: 1
# 
📊 РЕЗУЛЬТАТЫ ХОДА 10:
✓ 💥 ПОПАДАНИЯ:
✓    Прыгун A3 (Team A) → Паук B8 (Team B)

--- Результаты хода ---
  Team A / Прыгун A3          → Team B / Паук B8            @ (4,9,0)  (УБИТ)

--- Состояние команд после хода ---
  Team A: живых 3/8
    ✓ Радиовышка A2      @ (3,9,4) hp=3/3
    ✓ Прыгун A3          @ (4,9,3) hp=2/2
    ✓ Бурав A6           @ (7,5,9) hp=4/4
    ✗ Артиллерия A1      @ (8,4,0) [уничтожен]
    ✗ Факел A4           @ (8,4,1) [уничтожен]
    ✗ Тишина A5          @ (5,8,1) [уничтожен]
    ✗ Провокатор A7      @ (7,4,5) [уничтожен]
    ✗ Паук A8            @ (8,5,4) [уничтожен]
  Team B: живых 2/8
    ✓ Тишина B5          @ (3,9,3) hp=2/2
    ✓ Бурав B6           @ (3,9,5) hp=4/4
    ✗ Артиллерия B1      @ (4,9,3) [уничтожен]
    ✗ Радиовышка B2      @ (3,8,3) [уничтожен]
    ✗ Прыгун B3          @ (3,8,5) [уничтожен]
    ✗ Факел B4           @ (3,8,5) [уничтожен]
    ✗ Провокатор B7      @ (4,9,1) [уничтожен]
    ✗ Паук B8            @ (4,9,0) [уничтожен]
  Team C: живых 2/8
    ✓ Прыгун C3          @ (7,5,1) hp=2/2
    ✓ Паук C8            @ (3,5,3) hp=1/1
    ✗ Артиллерия C1      @ (1,1,4) [уничтожен]
    ✗ Радиовышка C2      @ (2,7,3) [уничтожен]
    ✗ Факел C4           @ (1,9,4) [уничтожен]
    ✗ Тишина C5          @ (4,8,3) [уничтожен]
    ✗ Бурав C6           @ (3,8,6) [уничтожен]
    ✗ Провокатор C7      @ (1,7,4) [уничтожен]

======================================================================
ХОД 11
======================================================================
✓ 🎮 GM: начинаем ход
GM: start_turn

--- Радиовышки: сканирование слоя Z ---
  Радиовышка A2 (z=4): слой чист

--- Решения ботов ---
  [Team A] Радиовышка A2 (3,9,4) → MOVE (3,9,3)
  [Team A] Прыгун A3 (4,9,3) → MOVE (3,9,5)
  [Team A] Бурав A6 (7,5,9) → MOVE (6,6,8)
  [Team B] Тишина B5 (3,9,3) → MOVE (3,9,4)
  [Team B] Бурав B6 → SKIP
  [Team C] Прыгун C3 (7,5,1) → MOVE (6,6,2)
  [Team C] Паук C8 (3,5,3) → MINE (3,6,4)
! 🎮 GM: принудительно завершает фазу планирования
GM: end_planning
# 
============================================================
# 🔄 ОБРАБОТКА ХОДА 11
# ============================================================
   💣 Паук C8 установил мину M11 в (3,6,4)

📦 ПЕРЕМЕЩЕНИЯ:
!    ⚠️ Радиовышка A2: клетка (3,9,3) занята
✓    💥 Прыгун A3 тараном уничтожил Бурав B6 в (3,9,5)
   Прыгун A3: (4, 9, 3) → (3,9,5)
!    ⚠️ Бурав A6: Бурав двигается только по 1 оси или по 2 осям строго диагонально
!    ⚠️ Тишина B5: клетка (3,9,4) занята
   Прыгун C3: (7, 5, 1) → (6,6,2)

🎯 ВЫСТРЕЛЫ:
   Выпущено ракет: 0
# 
📊 РЕЗУЛЬТАТЫ ХОДА 11:
🎯 Попаданий нет

--- Результаты хода ---
  Team A / Прыгун A3          → Team B / Бурав B6           @ (3,9,5)  (УБИТ)

--- Состояние команд после хода ---
  Team A: живых 3/8
    ✓ Радиовышка A2      @ (3,9,4) hp=3/3
    ✓ Прыгун A3          @ (3,9,5) hp=2/2
    ✓ Бурав A6           @ (7,5,9) hp=4/4
    ✗ Артиллерия A1      @ (8,4,0) [уничтожен]
    ✗ Факел A4           @ (8,4,1) [уничтожен]
    ✗ Тишина A5          @ (5,8,1) [уничтожен]
    ✗ Провокатор A7      @ (7,4,5) [уничтожен]
    ✗ Паук A8            @ (8,5,4) [уничтожен]
  Team B: живых 1/8
    ✓ Тишина B5          @ (3,9,3) hp=2/2
    ✗ Артиллерия B1      @ (4,9,3) [уничтожен]
    ✗ Радиовышка B2      @ (3,8,3) [уничтожен]
    ✗ Прыгун B3          @ (3,8,5) [уничтожен]
    ✗ Факел B4           @ (3,8,5) [уничтожен]
    ✗ Бурав B6           @ (3,9,5) [уничтожен]
    ✗ Провокатор B7      @ (4,9,1) [уничтожен]
    ✗ Паук B8            @ (4,9,0) [уничтожен]
  Team C: живых 2/8
    ✓ Прыгун C3          @ (6,6,2) hp=2/2
    ✓ Паук C8            @ (3,5,3) hp=1/1
    ✗ Артиллерия C1      @ (1,1,4) [уничтожен]
    ✗ Радиовышка C2      @ (2,7,3) [уничтожен]
    ✗ Факел C4           @ (1,9,4) [уничтожен]
    ✗ Тишина C5          @ (4,8,3) [уничтожен]
    ✗ Бурав C6           @ (3,8,6) [уничтожен]
    ✗ Провокатор C7      @ (1,7,4) [уничтожен]

======================================================================
ХОД 12
======================================================================
✓ 🎮 GM: начинаем ход
GM: start_turn

--- Радиовышки: сканирование слоя Z ---
  Радиовышка A2 (z=4): слой чист

--- Решения ботов ---
  [Team A] Радиовышка A2 (3,9,4) → MOVE (3,9,3)
  [Team A] Прыгун A3 (3,9,5) → SHOOT at (3,9,3)
  [Team A] Бурав A6 (7,5,9) → MOVE (6,6,8)
  [Team B] Тишина B5 (3,9,3) → MOVE (3,9,4)
  [Team C] Прыгун C3 (6,6,2) → MOVE (5,7,3)
  [Team C] Паук C8 (3,5,3) → MINE (3,6,4)
! 🎮 GM: принудительно завершает фазу планирования
GM: end_planning
# 
============================================================
# 🔄 ОБРАБОТКА ХОДА 12
# ============================================================
!    ⚠️ Паук C8: в клетке уже стоит мина

📦 ПЕРЕМЕЩЕНИЯ:
!    ⚠️ Радиовышка A2: клетка (3,9,3) занята
!    ⚠️ Бурав A6: Бурав двигается только по 1 оси или по 2 осям строго диагонально
!    ⚠️ Тишина B5: клетка (3,9,4) занята
   Прыгун C3: (6, 6, 2) → (5,7,3)

🎯 ВЫСТРЕЛЫ:
!    🛡️ Выстрел Прыгун A3 заблокирован союзником Радиовышка A2 в (3, 9, 4)
   Выпущено ракет: 1
# 
📊 РЕЗУЛЬТАТЫ ХОДА 12:
🎯 Попаданий нет

--- Результаты хода ---
  Попаданий нет

--- Состояние команд после хода ---
  Team A: живых 3/8
    ✓ Радиовышка A2      @ (3,9,4) hp=3/3
    ✓ Прыгун A3          @ (3,9,5) hp=2/2
    ✓ Бурав A6           @ (7,5,9) hp=4/4
    ✗ Артиллерия A1      @ (8,4,0) [уничтожен]
    ✗ Факел A4           @ (8,4,1) [уничтожен]
    ✗ Тишина A5          @ (5,8,1) [уничтожен]
    ✗ Провокатор A7      @ (7,4,5) [уничтожен]
    ✗ Паук A8            @ (8,5,4) [уничтожен]
  Team B: живых 1/8
    ✓ Тишина B5          @ (3,9,3) hp=2/2
    ✗ Артиллерия B1      @ (4,9,3) [уничтожен]
    ✗ Радиовышка B2      @ (3,8,3) [уничтожен]
    ✗ Прыгун B3          @ (3,8,5) [уничтожен]
    ✗ Факел B4           @ (3,8,5) [уничтожен]
    ✗ Бурав B6           @ (3,9,5) [уничтожен]
    ✗ Провокатор B7      @ (4,9,1) [уничтожен]
    ✗ Паук B8            @ (4,9,0) [уничтожен]
  Team C: живых 2/8
    ✓ Прыгун C3          @ (5,7,3) hp=2/2
    ✓ Паук C8            @ (3,5,3) hp=1/1
    ✗ Артиллерия C1      @ (1,1,4) [уничтожен]
    ✗ Радиовышка C2      @ (2,7,3) [уничтожен]
    ✗ Факел C4           @ (1,9,4) [уничтожен]
    ✗ Тишина C5          @ (4,8,3) [уничтожен]
    ✗ Бурав C6           @ (3,8,6) [уничтожен]
    ✗ Провокатор C7      @ (1,7,4) [уничтожен]

======================================================================
ХОД 13
======================================================================
✓ 🎮 GM: начинаем ход
GM: start_turn

--- Радиовышки: сканирование слоя Z ---
  Радиовышка A2 (z=4): слой чист

--- Решения ботов ---
  [Team A] Радиовышка A2 (3,9,4) → MOVE (3,9,3)
  [Team A] Прыгун A3 (3,9,5) → MOVE (5,7,3)
  [Team A] Бурав A6 (7,5,9) → MOVE (6,6,8)
  [Team B] Тишина B5 (3,9,3) → PHASE toggle
  [Team C] Прыгун C3 (5,7,3) → MOVE (3,9,5)
  [Team C] Паук C8 (3,5,3) → MINE (3,6,4)
! 🎮 GM: принудительно завершает фазу планирования
GM: end_planning
# 
============================================================
# 🔄 ОБРАБОТКА ХОДА 13
# ============================================================
   🌀 Тишина B5: уходит в фазу на 1 ход
!    ⚠️ Паук C8: в клетке уже стоит мина

📦 ПЕРЕМЕЩЕНИЯ:
   Радиовышка A2: (3, 9, 4) → (3,9,3)
✓    💥 Прыгун A3 тараном уничтожил Прыгун C3 в (5,7,3)
   Прыгун A3: (3, 9, 5) → (5,7,3)
!    ⚠️ Бурав A6: Бурав двигается только по 1 оси или по 2 осям строго диагонально

🎯 ВЫСТРЕЛЫ:
   Выпущено ракет: 0
# 
📊 РЕЗУЛЬТАТЫ ХОДА 13:
🎯 Попаданий нет

--- Результаты хода ---
  Team A / Прыгун A3          → Team C / Прыгун C3          @ (5,7,3)  (УБИТ)

--- Состояние команд после хода ---
  Team A: живых 3/8
    ✓ Радиовышка A2      @ (3,9,3) hp=3/3
    ✓ Прыгун A3          @ (5,7,3) hp=2/2
    ✓ Бурав A6           @ (7,5,9) hp=4/4
    ✗ Артиллерия A1      @ (8,4,0) [уничтожен]
    ✗ Факел A4           @ (8,4,1) [уничтожен]
    ✗ Тишина A5          @ (5,8,1) [уничтожен]
    ✗ Провокатор A7      @ (7,4,5) [уничтожен]
    ✗ Паук A8            @ (8,5,4) [уничтожен]
  Team B: живых 1/8
    ✓ Тишина B5          @ (3,9,3) hp=2/2
    ✗ Артиллерия B1      @ (4,9,3) [уничтожен]
    ✗ Радиовышка B2      @ (3,8,3) [уничтожен]
    ✗ Прыгун B3          @ (3,8,5) [уничтожен]
    ✗ Факел B4           @ (3,8,5) [уничтожен]
    ✗ Бурав B6           @ (3,9,5) [уничтожен]
    ✗ Провокатор B7      @ (4,9,1) [уничтожен]
    ✗ Паук B8            @ (4,9,0) [уничтожен]
  Team C: живых 1/8
    ✓ Паук C8            @ (3,5,3) hp=1/1
    ✗ Артиллерия C1      @ (1,1,4) [уничтожен]
    ✗ Радиовышка C2      @ (2,7,3) [уничтожен]
    ✗ Прыгун C3          @ (5,7,3) [уничтожен]
    ✗ Факел C4           @ (1,9,4) [уничтожен]
    ✗ Тишина C5          @ (4,8,3) [уничтожен]
    ✗ Бурав C6           @ (3,8,6) [уничтожен]
    ✗ Провокатор C7      @ (1,7,4) [уничтожен]

======================================================================
ХОД 14
======================================================================
✓ 🎮 GM: начинаем ход
GM: start_turn

--- Радиовышки: сканирование слоя Z ---
  Радиовышка A2 (z=3): видит 1 врагов  → Паук C8(3,5,3)

--- Решения ботов ---
  [Team A] Радиовышка A2 (3,9,3) → MOVE (3,8,3)
  [Team A] Прыгун A3 (5,7,3) → MOVE (3,5,3)
  [Team A] Бурав A6 (7,5,9) → MOVE (6,5,8)
  [Team B] все корабли пропускают ход
  [Team C] Паук C8 (3,5,3) → MINE (4,6,3)
! 🎮 GM: принудительно завершает фазу планирования
GM: end_planning
# 
============================================================
# 🔄 ОБРАБОТКА ХОДА 14
# ============================================================
   🌀 Тишина B5: фаза спала (действовала 1 ход)
   💣 Паук C8 установил мину M12 в (4,6,3)

📦 ПЕРЕМЕЩЕНИЯ:
   Радиовышка A2: (3, 9, 3) → (3,8,3)
✓    💥 Прыгун A3 тараном уничтожил Паук C8 в (3,5,3)
   Прыгун A3: (5, 7, 3) → (3,5,3)
!    💥 Мина M3 сработала под Прыгун A3 (урон 2) — КОРАБЛЬ УНИЧТОЖЕН
   Бурав A6: (7, 5, 9) → (6,5,8)

🎯 ВЫСТРЕЛЫ:
   Выпущено ракет: 0
# 
📊 РЕЗУЛЬТАТЫ ХОДА 14:
🎯 Попаданий нет

--- Результаты хода ---
  Team A / Прыгун A3          → Team C / Паук C8            @ (3,5,3)  (УБИТ)
  ? / ?                  → Team A / Прыгун A3          @ (3,5,3)  (УБИТ)

--- Состояние команд после хода ---
  Team A: живых 2/8
    ✓ Радиовышка A2      @ (3,8,3) hp=3/3
    ✓ Бурав A6           @ (6,5,8) hp=4/4
    ✗ Артиллерия A1      @ (8,4,0) [уничтожен]
    ✗ Прыгун A3          @ (3,5,3) [уничтожен]
    ✗ Факел A4           @ (8,4,1) [уничтожен]
    ✗ Тишина A5          @ (5,8,1) [уничтожен]
    ✗ Провокатор A7      @ (7,4,5) [уничтожен]
    ✗ Паук A8            @ (8,5,4) [уничтожен]
  Team B: живых 1/8
    ✓ Тишина B5          @ (3,9,3) hp=2/2
    ✗ Артиллерия B1      @ (4,9,3) [уничтожен]
    ✗ Радиовышка B2      @ (3,8,3) [уничтожен]
    ✗ Прыгун B3          @ (3,8,5) [уничтожен]
    ✗ Факел B4           @ (3,8,5) [уничтожен]
    ✗ Бурав B6           @ (3,9,5) [уничтожен]
    ✗ Провокатор B7      @ (4,9,1) [уничтожен]
    ✗ Паук B8            @ (4,9,0) [уничтожен]
  Team C: живых 0/8
    ✗ Артиллерия C1      @ (1,1,4) [уничтожен]
    ✗ Радиовышка C2      @ (2,7,3) [уничтожен]
    ✗ Прыгун C3          @ (5,7,3) [уничтожен]
    ✗ Факел C4           @ (1,9,4) [уничтожен]
    ✗ Тишина C5          @ (4,8,3) [уничтожен]
    ✗ Бурав C6           @ (3,8,6) [уничтожен]
    ✗ Провокатор C7      @ (1,7,4) [уничтожен]
    ✗ Паук C8            @ (3,5,3) [уничтожен]

======================================================================
ХОД 15
======================================================================
✓ 🎮 GM: начинаем ход
GM: start_turn

--- Радиовышки: сканирование слоя Z ---
  Радиовышка A2 (z=3): видит 1 врагов [+1 эксклюзивно] → Тишина B5(3,9,3)

--- Решения ботов ---
  [Team A] Радиовышка A2 (3,8,3) → MOVE (3,9,3)
  [Team A] Бурав A6 (6,5,8) → MOVE (5,6,7)
  [Team B] Тишина B5 (3,9,3) → MOVE (3,8,3)
  [Team C] все корабли пропускают ход
! 🎮 GM: принудительно завершает фазу планирования
GM: end_planning
# 
============================================================
# 🔄 ОБРАБОТКА ХОДА 15
# ============================================================

📦 ПЕРЕМЕЩЕНИЯ:
!    ⚠️ Радиовышка A2: клетка (3,9,3) занята
!    ⚠️ Бурав A6: Бурав двигается только по 1 оси или по 2 осям строго диагонально
!    ⚠️ Тишина B5: клетка (3,8,3) занята

🎯 ВЫСТРЕЛЫ:
   Выпущено ракет: 0
# 
📊 РЕЗУЛЬТАТЫ ХОДА 15:
🎯 Попаданий нет

--- Результаты хода ---
  Попаданий нет

--- Состояние команд после хода ---
  Team A: живых 2/8
    ✓ Радиовышка A2      @ (3,8,3) hp=3/3
    ✓ Бурав A6           @ (6,5,8) hp=4/4
    ✗ Артиллерия A1      @ (8,4,0) [уничтожен]
    ✗ Прыгун A3          @ (3,5,3) [уничтожен]
    ✗ Факел A4           @ (8,4,1) [уничтожен]
    ✗ Тишина A5          @ (5,8,1) [уничтожен]
    ✗ Провокатор A7      @ (7,4,5) [уничтожен]
    ✗ Паук A8            @ (8,5,4) [уничтожен]
  Team B: живых 1/8
    ✓ Тишина B5          @ (3,9,3) hp=2/2
    ✗ Артиллерия B1      @ (4,9,3) [уничтожен]
    ✗ Радиовышка B2      @ (3,8,3) [уничтожен]
    ✗ Прыгун B3          @ (3,8,5) [уничтожен]
    ✗ Факел B4           @ (3,8,5) [уничтожен]
    ✗ Бурав B6           @ (3,9,5) [уничтожен]
    ✗ Провокатор B7      @ (4,9,1) [уничтожен]
    ✗ Паук B8            @ (4,9,0) [уничтожен]
  Team C: живых 0/8
    ✗ Артиллерия C1      @ (1,1,4) [уничтожен]
    ✗ Радиовышка C2      @ (2,7,3) [уничтожен]
    ✗ Прыгун C3          @ (5,7,3) [уничтожен]
    ✗ Факел C4           @ (1,9,4) [уничтожен]
    ✗ Тишина C5          @ (4,8,3) [уничтожен]
    ✗ Бурав C6           @ (3,8,6) [уничтожен]
    ✗ Провокатор C7      @ (1,7,4) [уничтожен]
    ✗ Паук C8            @ (3,5,3) [уничтожен]

======================================================================
ХОД 16
======================================================================
✓ 🎮 GM: начинаем ход
GM: start_turn

--- Радиовышки: сканирование слоя Z ---
  Радиовышка A2 (z=3): видит 1 врагов [+1 эксклюзивно] → Тишина B5(3,9,3)

--- Решения ботов ---
  [Team A] Радиовышка A2 (3,8,3) → MOVE (3,9,3)
  [Team A] Бурав A6 (6,5,8) → MOVE (5,6,7)
  [Team B] Тишина B5 (3,9,3) → MOVE (3,8,3)
  [Team C] все корабли пропускают ход
! 🎮 GM: принудительно завершает фазу планирования
GM: end_planning
# 
============================================================
# 🔄 ОБРАБОТКА ХОДА 16
# ============================================================

📦 ПЕРЕМЕЩЕНИЯ:
!    ⚠️ Радиовышка A2: клетка (3,9,3) занята
!    ⚠️ Бурав A6: Бурав двигается только по 1 оси или по 2 осям строго диагонально
!    ⚠️ Тишина B5: клетка (3,8,3) занята

🎯 ВЫСТРЕЛЫ:
   Выпущено ракет: 0
# 
📊 РЕЗУЛЬТАТЫ ХОДА 16:
🎯 Попаданий нет

--- Результаты хода ---
  Попаданий нет

--- Состояние команд после хода ---
  Team A: живых 2/8
    ✓ Радиовышка A2      @ (3,8,3) hp=3/3
    ✓ Бурав A6           @ (6,5,8) hp=4/4
    ✗ Артиллерия A1      @ (8,4,0) [уничтожен]
    ✗ Прыгун A3          @ (3,5,3) [уничтожен]
    ✗ Факел A4           @ (8,4,1) [уничтожен]
    ✗ Тишина A5          @ (5,8,1) [уничтожен]
    ✗ Провокатор A7      @ (7,4,5) [уничтожен]
    ✗ Паук A8            @ (8,5,4) [уничтожен]
  Team B: живых 1/8
    ✓ Тишина B5          @ (3,9,3) hp=2/2
    ✗ Артиллерия B1      @ (4,9,3) [уничтожен]
    ✗ Радиовышка B2      @ (3,8,3) [уничтожен]
    ✗ Прыгун B3          @ (3,8,5) [уничтожен]
    ✗ Факел B4           @ (3,8,5) [уничтожен]
    ✗ Бурав B6           @ (3,9,5) [уничтожен]
    ✗ Провокатор B7      @ (4,9,1) [уничтожен]
    ✗ Паук B8            @ (4,9,0) [уничтожен]
  Team C: живых 0/8
    ✗ Артиллерия C1      @ (1,1,4) [уничтожен]
    ✗ Радиовышка C2      @ (2,7,3) [уничтожен]
    ✗ Прыгун C3          @ (5,7,3) [уничтожен]
    ✗ Факел C4           @ (1,9,4) [уничтожен]
    ✗ Тишина C5          @ (4,8,3) [уничтожен]
    ✗ Бурав C6           @ (3,8,6) [уничтожен]
    ✗ Провокатор C7      @ (1,7,4) [уничтожен]
    ✗ Паук C8            @ (3,5,3) [уничтожен]

======================================================================
ХОД 17
======================================================================
✓ 🎮 GM: начинаем ход
GM: start_turn

--- Радиовышки: сканирование слоя Z ---
  Радиовышка A2 (z=3): видит 1 врагов [+1 эксклюзивно] → Тишина B5(3,9,3)

--- Решения ботов ---
  [Team A] Радиовышка A2 (3,8,3) → MOVE (3,9,3)
  [Team A] Бурав A6 (6,5,8) → MOVE (5,6,7)
  [Team B] Тишина B5 (3,9,3) → MOVE (3,8,3)
  [Team C] все корабли пропускают ход
! 🎮 GM: принудительно завершает фазу планирования
GM: end_planning
# 
============================================================
# 🔄 ОБРАБОТКА ХОДА 17
# ============================================================

📦 ПЕРЕМЕЩЕНИЯ:
!    ⚠️ Радиовышка A2: клетка (3,9,3) занята
!    ⚠️ Бурав A6: Бурав двигается только по 1 оси или по 2 осям строго диагонально
!    ⚠️ Тишина B5: клетка (3,8,3) занята

🎯 ВЫСТРЕЛЫ:
   Выпущено ракет: 0
# 
📊 РЕЗУЛЬТАТЫ ХОДА 17:
🎯 Попаданий нет

--- Результаты хода ---
  Попаданий нет

--- Состояние команд после хода ---
  Team A: живых 2/8
    ✓ Радиовышка A2      @ (3,8,3) hp=3/3
    ✓ Бурав A6           @ (6,5,8) hp=4/4
    ✗ Артиллерия A1      @ (8,4,0) [уничтожен]
    ✗ Прыгун A3          @ (3,5,3) [уничтожен]
    ✗ Факел A4           @ (8,4,1) [уничтожен]
    ✗ Тишина A5          @ (5,8,1) [уничтожен]
    ✗ Провокатор A7      @ (7,4,5) [уничтожен]
    ✗ Паук A8            @ (8,5,4) [уничтожен]
  Team B: живых 1/8
    ✓ Тишина B5          @ (3,9,3) hp=2/2
    ✗ Артиллерия B1      @ (4,9,3) [уничтожен]
    ✗ Радиовышка B2      @ (3,8,3) [уничтожен]
    ✗ Прыгун B3          @ (3,8,5) [уничтожен]
    ✗ Факел B4           @ (3,8,5) [уничтожен]
    ✗ Бурав B6           @ (3,9,5) [уничтожен]
    ✗ Провокатор B7      @ (4,9,1) [уничтожен]
    ✗ Паук B8            @ (4,9,0) [уничтожен]
  Team C: живых 0/8
    ✗ Артиллерия C1      @ (1,1,4) [уничтожен]
    ✗ Радиовышка C2      @ (2,7,3) [уничтожен]
    ✗ Прыгун C3          @ (5,7,3) [уничтожен]
    ✗ Факел C4           @ (1,9,4) [уничтожен]
    ✗ Тишина C5          @ (4,8,3) [уничтожен]
    ✗ Бурав C6           @ (3,8,6) [уничтожен]
    ✗ Провокатор C7      @ (1,7,4) [уничтожен]
    ✗ Паук C8            @ (3,5,3) [уничтожен]

======================================================================
ХОД 18
======================================================================
✓ 🎮 GM: начинаем ход
GM: start_turn

--- Радиовышки: сканирование слоя Z ---
  Радиовышка A2 (z=3): видит 1 врагов [+1 эксклюзивно] → Тишина B5(3,9,3)

--- Решения ботов ---
  [Team A] Радиовышка A2 (3,8,3) → MOVE (3,9,3)
  [Team A] Бурав A6 (6,5,8) → MOVE (5,6,7)
  [Team B] Тишина B5 (3,9,3) → MOVE (3,8,3)
  [Team C] все корабли пропускают ход
! 🎮 GM: принудительно завершает фазу планирования
GM: end_planning
# 
============================================================
# 🔄 ОБРАБОТКА ХОДА 18
# ============================================================

📦 ПЕРЕМЕЩЕНИЯ:
!    ⚠️ Радиовышка A2: клетка (3,9,3) занята
!    ⚠️ Бурав A6: Бурав двигается только по 1 оси или по 2 осям строго диагонально
!    ⚠️ Тишина B5: клетка (3,8,3) занята

🎯 ВЫСТРЕЛЫ:
   Выпущено ракет: 0
# 
📊 РЕЗУЛЬТАТЫ ХОДА 18:
🎯 Попаданий нет

--- Результаты хода ---
  Попаданий нет

--- Состояние команд после хода ---
  Team A: живых 2/8
    ✓ Радиовышка A2      @ (3,8,3) hp=3/3
    ✓ Бурав A6           @ (6,5,8) hp=4/4
    ✗ Артиллерия A1      @ (8,4,0) [уничтожен]
    ✗ Прыгун A3          @ (3,5,3) [уничтожен]
    ✗ Факел A4           @ (8,4,1) [уничтожен]
    ✗ Тишина A5          @ (5,8,1) [уничтожен]
    ✗ Провокатор A7      @ (7,4,5) [уничтожен]
    ✗ Паук A8            @ (8,5,4) [уничтожен]
  Team B: живых 1/8
    ✓ Тишина B5          @ (3,9,3) hp=2/2
    ✗ Артиллерия B1      @ (4,9,3) [уничтожен]
    ✗ Радиовышка B2      @ (3,8,3) [уничтожен]
    ✗ Прыгун B3          @ (3,8,5) [уничтожен]
    ✗ Факел B4           @ (3,8,5) [уничтожен]
    ✗ Бурав B6           @ (3,9,5) [уничтожен]
    ✗ Провокатор B7      @ (4,9,1) [уничтожен]
    ✗ Паук B8            @ (4,9,0) [уничтожен]
  Team C: живых 0/8
    ✗ Артиллерия C1      @ (1,1,4) [уничтожен]
    ✗ Радиовышка C2      @ (2,7,3) [уничтожен]
    ✗ Прыгун C3          @ (5,7,3) [уничтожен]
    ✗ Факел C4           @ (1,9,4) [уничтожен]
    ✗ Тишина C5          @ (4,8,3) [уничтожен]
    ✗ Бурав C6           @ (3,8,6) [уничтожен]
    ✗ Провокатор C7      @ (1,7,4) [уничтожен]
    ✗ Паук C8            @ (3,5,3) [уничтожен]

======================================================================
ХОД 19
======================================================================
✓ 🎮 GM: начинаем ход
GM: start_turn

--- Радиовышки: сканирование слоя Z ---
  Радиовышка A2 (z=3): видит 1 врагов [+1 эксклюзивно] → Тишина B5(3,9,3)

--- Решения ботов ---
  [Team A] Радиовышка A2 (3,8,3) → MOVE (3,9,3)
  [Team A] Бурав A6 (6,5,8) → MOVE (5,6,7)
  [Team B] Тишина B5 (3,9,3) → MOVE (3,8,3)
  [Team C] все корабли пропускают ход
! 🎮 GM: принудительно завершает фазу планирования
GM: end_planning
# 
============================================================
# 🔄 ОБРАБОТКА ХОДА 19
# ============================================================

📦 ПЕРЕМЕЩЕНИЯ:
!    ⚠️ Радиовышка A2: клетка (3,9,3) занята
!    ⚠️ Бурав A6: Бурав двигается только по 1 оси или по 2 осям строго диагонально
!    ⚠️ Тишина B5: клетка (3,8,3) занята

🎯 ВЫСТРЕЛЫ:
   Выпущено ракет: 0
# 
📊 РЕЗУЛЬТАТЫ ХОДА 19:
🎯 Попаданий нет

--- Результаты хода ---
  Попаданий нет

--- Состояние команд после хода ---
  Team A: живых 2/8
    ✓ Радиовышка A2      @ (3,8,3) hp=3/3
    ✓ Бурав A6           @ (6,5,8) hp=4/4
    ✗ Артиллерия A1      @ (8,4,0) [уничтожен]
    ✗ Прыгун A3          @ (3,5,3) [уничтожен]
    ✗ Факел A4           @ (8,4,1) [уничтожен]
    ✗ Тишина A5          @ (5,8,1) [уничтожен]
    ✗ Провокатор A7      @ (7,4,5) [уничтожен]
    ✗ Паук A8            @ (8,5,4) [уничтожен]
  Team B: живых 1/8
    ✓ Тишина B5          @ (3,9,3) hp=2/2
    ✗ Артиллерия B1      @ (4,9,3) [уничтожен]
    ✗ Радиовышка B2      @ (3,8,3) [уничтожен]
    ✗ Прыгун B3          @ (3,8,5) [уничтожен]
    ✗ Факел B4           @ (3,8,5) [уничтожен]
    ✗ Бурав B6           @ (3,9,5) [уничтожен]
    ✗ Провокатор B7      @ (4,9,1) [уничтожен]
    ✗ Паук B8            @ (4,9,0) [уничтожен]
  Team C: живых 0/8
    ✗ Артиллерия C1      @ (1,1,4) [уничтожен]
    ✗ Радиовышка C2      @ (2,7,3) [уничтожен]
    ✗ Прыгун C3          @ (5,7,3) [уничтожен]
    ✗ Факел C4           @ (1,9,4) [уничтожен]
    ✗ Тишина C5          @ (4,8,3) [уничтожен]
    ✗ Бурав C6           @ (3,8,6) [уничтожен]
    ✗ Провокатор C7      @ (1,7,4) [уничтожен]
    ✗ Паук C8            @ (3,5,3) [уничтожен]

======================================================================
ХОД 20
======================================================================
✓ 🎮 GM: начинаем ход
GM: start_turn

--- Радиовышки: сканирование слоя Z ---
  Радиовышка A2 (z=3): видит 1 врагов [+1 эксклюзивно] → Тишина B5(3,9,3)

--- Решения ботов ---
  [Team A] Радиовышка A2 (3,8,3) → MOVE (3,9,3)
  [Team A] Бурав A6 (6,5,8) → MOVE (5,6,7)
  [Team B] Тишина B5 (3,9,3) → MOVE (3,8,3)
  [Team C] все корабли пропускают ход
! 🎮 GM: принудительно завершает фазу планирования
GM: end_planning
# 
============================================================
# 🔄 ОБРАБОТКА ХОДА 20
# ============================================================

📦 ПЕРЕМЕЩЕНИЯ:
!    ⚠️ Радиовышка A2: клетка (3,9,3) занята
!    ⚠️ Бурав A6: Бурав двигается только по 1 оси или по 2 осям строго диагонально
!    ⚠️ Тишина B5: клетка (3,8,3) занята

🎯 ВЫСТРЕЛЫ:
   Выпущено ракет: 0
# 
📊 РЕЗУЛЬТАТЫ ХОДА 20:
🎯 Попаданий нет

--- Результаты хода ---
  Попаданий нет

--- Состояние команд после хода ---
  Team A: живых 2/8
    ✓ Радиовышка A2      @ (3,8,3) hp=3/3
    ✓ Бурав A6           @ (6,5,8) hp=4/4
    ✗ Артиллерия A1      @ (8,4,0) [уничтожен]
    ✗ Прыгун A3          @ (3,5,3) [уничтожен]
    ✗ Факел A4           @ (8,4,1) [уничтожен]
    ✗ Тишина A5          @ (5,8,1) [уничтожен]
    ✗ Провокатор A7      @ (7,4,5) [уничтожен]
    ✗ Паук A8            @ (8,5,4) [уничтожен]
  Team B: живых 1/8
    ✓ Тишина B5          @ (3,9,3) hp=2/2
    ✗ Артиллерия B1      @ (4,9,3) [уничтожен]
    ✗ Радиовышка B2      @ (3,8,3) [уничтожен]
    ✗ Прыгун B3          @ (3,8,5) [уничтожен]
    ✗ Факел B4           @ (3,8,5) [уничтожен]
    ✗ Бурав B6           @ (3,9,5) [уничтожен]
    ✗ Провокатор B7      @ (4,9,1) [уничтожен]
    ✗ Паук B8            @ (4,9,0) [уничтожен]
  Team C: живых 0/8
    ✗ Артиллерия C1      @ (1,1,4) [уничтожен]
    ✗ Радиовышка C2      @ (2,7,3) [уничтожен]
    ✗ Прыгун C3          @ (5,7,3) [уничтожен]
    ✗ Факел C4           @ (1,9,4) [уничтожен]
    ✗ Тишина C5          @ (4,8,3) [уничтожен]
    ✗ Бурав C6           @ (3,8,6) [уничтожен]
    ✗ Провокатор C7      @ (1,7,4) [уничтожен]
    ✗ Паук C8            @ (3,5,3) [уничтожен]

======================================================================
ХОД 21
======================================================================
✓ 🎮 GM: начинаем ход
GM: start_turn

--- Радиовышки: сканирование слоя Z ---
  Радиовышка A2 (z=3): видит 1 врагов [+1 эксклюзивно] → Тишина B5(3,9,3)

--- Решения ботов ---
  [Team A] Радиовышка A2 (3,8,3) → MOVE (3,9,3)
  [Team A] Бурав A6 (6,5,8) → MOVE (5,6,7)
  [Team B] Тишина B5 (3,9,3) → MOVE (3,8,3)
  [Team C] все корабли пропускают ход
! 🎮 GM: принудительно завершает фазу планирования
GM: end_planning
# 
============================================================
# 🔄 ОБРАБОТКА ХОДА 21
# ============================================================

📦 ПЕРЕМЕЩЕНИЯ:
!    ⚠️ Радиовышка A2: клетка (3,9,3) занята
!    ⚠️ Бурав A6: Бурав двигается только по 1 оси или по 2 осям строго диагонально
!    ⚠️ Тишина B5: клетка (3,8,3) занята

🎯 ВЫСТРЕЛЫ:
   Выпущено ракет: 0
# 
📊 РЕЗУЛЬТАТЫ ХОДА 21:
🎯 Попаданий нет

--- Результаты хода ---
  Попаданий нет

--- Состояние команд после хода ---
  Team A: живых 2/8
    ✓ Радиовышка A2      @ (3,8,3) hp=3/3
    ✓ Бурав A6           @ (6,5,8) hp=4/4
    ✗ Артиллерия A1      @ (8,4,0) [уничтожен]
    ✗ Прыгун A3          @ (3,5,3) [уничтожен]
    ✗ Факел A4           @ (8,4,1) [уничтожен]
    ✗ Тишина A5          @ (5,8,1) [уничтожен]
    ✗ Провокатор A7      @ (7,4,5) [уничтожен]
    ✗ Паук A8            @ (8,5,4) [уничтожен]
  Team B: живых 1/8
    ✓ Тишина B5          @ (3,9,3) hp=2/2
    ✗ Артиллерия B1      @ (4,9,3) [уничтожен]
    ✗ Радиовышка B2      @ (3,8,3) [уничтожен]
    ✗ Прыгун B3          @ (3,8,5) [уничтожен]
    ✗ Факел B4           @ (3,8,5) [уничтожен]
    ✗ Бурав B6           @ (3,9,5) [уничтожен]
    ✗ Провокатор B7      @ (4,9,1) [уничтожен]
    ✗ Паук B8            @ (4,9,0) [уничтожен]
  Team C: живых 0/8
    ✗ Артиллерия C1      @ (1,1,4) [уничтожен]
    ✗ Радиовышка C2      @ (2,7,3) [уничтожен]
    ✗ Прыгун C3          @ (5,7,3) [уничтожен]
    ✗ Факел C4           @ (1,9,4) [уничтожен]
    ✗ Тишина C5          @ (4,8,3) [уничтожен]
    ✗ Бурав C6           @ (3,8,6) [уничтожен]
    ✗ Провокатор C7      @ (1,7,4) [уничтожен]
    ✗ Паук C8            @ (3,5,3) [уничтожен]

======================================================================
ХОД 22
======================================================================
✓ 🎮 GM: начинаем ход
GM: start_turn

--- Радиовышки: сканирование слоя Z ---
  Радиовышка A2 (z=3): видит 1 врагов [+1 эксклюзивно] → Тишина B5(3,9,3)

--- Решения ботов ---
  [Team A] Радиовышка A2 (3,8,3) → MOVE (3,9,3)
  [Team A] Бурав A6 (6,5,8) → MOVE (5,6,7)
  [Team B] Тишина B5 (3,9,3) → MOVE (3,8,3)
  [Team C] все корабли пропускают ход
! 🎮 GM: принудительно завершает фазу планирования
GM: end_planning
# 
============================================================
# 🔄 ОБРАБОТКА ХОДА 22
# ============================================================

📦 ПЕРЕМЕЩЕНИЯ:
!    ⚠️ Радиовышка A2: клетка (3,9,3) занята
!    ⚠️ Бурав A6: Бурав двигается только по 1 оси или по 2 осям строго диагонально
!    ⚠️ Тишина B5: клетка (3,8,3) занята

🎯 ВЫСТРЕЛЫ:
   Выпущено ракет: 0
# 
📊 РЕЗУЛЬТАТЫ ХОДА 22:
🎯 Попаданий нет

--- Результаты хода ---
  Попаданий нет

--- Состояние команд после хода ---
  Team A: живых 2/8
    ✓ Радиовышка A2      @ (3,8,3) hp=3/3
    ✓ Бурав A6           @ (6,5,8) hp=4/4
    ✗ Артиллерия A1      @ (8,4,0) [уничтожен]
    ✗ Прыгун A3          @ (3,5,3) [уничтожен]
    ✗ Факел A4           @ (8,4,1) [уничтожен]
    ✗ Тишина A5          @ (5,8,1) [уничтожен]
    ✗ Провокатор A7      @ (7,4,5) [уничтожен]
    ✗ Паук A8            @ (8,5,4) [уничтожен]
  Team B: живых 1/8
    ✓ Тишина B5          @ (3,9,3) hp=2/2
    ✗ Артиллерия B1      @ (4,9,3) [уничтожен]
    ✗ Радиовышка B2      @ (3,8,3) [уничтожен]
    ✗ Прыгун B3          @ (3,8,5) [уничтожен]
    ✗ Факел B4           @ (3,8,5) [уничтожен]
    ✗ Бурав B6           @ (3,9,5) [уничтожен]
    ✗ Провокатор B7      @ (4,9,1) [уничтожен]
    ✗ Паук B8            @ (4,9,0) [уничтожен]
  Team C: живых 0/8
    ✗ Артиллерия C1      @ (1,1,4) [уничтожен]
    ✗ Радиовышка C2      @ (2,7,3) [уничтожен]
    ✗ Прыгун C3          @ (5,7,3) [уничтожен]
    ✗ Факел C4           @ (1,9,4) [уничтожен]
    ✗ Тишина C5          @ (4,8,3) [уничтожен]
    ✗ Бурав C6           @ (3,8,6) [уничтожен]
    ✗ Провокатор C7      @ (1,7,4) [уничтожен]
    ✗ Паук C8            @ (3,5,3) [уничтожен]

======================================================================
ХОД 23
======================================================================
✓ 🎮 GM: начинаем ход
GM: start_turn

--- Радиовышки: сканирование слоя Z ---
  Радиовышка A2 (z=3): видит 1 врагов [+1 эксклюзивно] → Тишина B5(3,9,3)

--- Решения ботов ---
  [Team A] Радиовышка A2 (3,8,3) → MOVE (3,9,3)
  [Team A] Бурав A6 (6,5,8) → MOVE (5,6,7)
  [Team B] Тишина B5 (3,9,3) → MOVE (3,8,3)
  [Team C] все корабли пропускают ход
! 🎮 GM: принудительно завершает фазу планирования
GM: end_planning
# 
============================================================
# 🔄 ОБРАБОТКА ХОДА 23
# ============================================================

📦 ПЕРЕМЕЩЕНИЯ:
!    ⚠️ Радиовышка A2: клетка (3,9,3) занята
!    ⚠️ Бурав A6: Бурав двигается только по 1 оси или по 2 осям строго диагонально
!    ⚠️ Тишина B5: клетка (3,8,3) занята

🎯 ВЫСТРЕЛЫ:
   Выпущено ракет: 0
# 
📊 РЕЗУЛЬТАТЫ ХОДА 23:
🎯 Попаданий нет

--- Результаты хода ---
  Попаданий нет

--- Состояние команд после хода ---
  Team A: живых 2/8
    ✓ Радиовышка A2      @ (3,8,3) hp=3/3
    ✓ Бурав A6           @ (6,5,8) hp=4/4
    ✗ Артиллерия A1      @ (8,4,0) [уничтожен]
    ✗ Прыгун A3          @ (3,5,3) [уничтожен]
    ✗ Факел A4           @ (8,4,1) [уничтожен]
    ✗ Тишина A5          @ (5,8,1) [уничтожен]
    ✗ Провокатор A7      @ (7,4,5) [уничтожен]
    ✗ Паук A8            @ (8,5,4) [уничтожен]
  Team B: живых 1/8
    ✓ Тишина B5          @ (3,9,3) hp=2/2
    ✗ Артиллерия B1      @ (4,9,3) [уничтожен]
    ✗ Радиовышка B2      @ (3,8,3) [уничтожен]
    ✗ Прыгун B3          @ (3,8,5) [уничтожен]
    ✗ Факел B4           @ (3,8,5) [уничтожен]
    ✗ Бурав B6           @ (3,9,5) [уничтожен]
    ✗ Провокатор B7      @ (4,9,1) [уничтожен]
    ✗ Паук B8            @ (4,9,0) [уничтожен]
  Team C: живых 0/8
    ✗ Артиллерия C1      @ (1,1,4) [уничтожен]
    ✗ Радиовышка C2      @ (2,7,3) [уничтожен]
    ✗ Прыгун C3          @ (5,7,3) [уничтожен]
    ✗ Факел C4           @ (1,9,4) [уничтожен]
    ✗ Тишина C5          @ (4,8,3) [уничтожен]
    ✗ Бурав C6           @ (3,8,6) [уничтожен]
    ✗ Провокатор C7      @ (1,7,4) [уничтожен]
    ✗ Паук C8            @ (3,5,3) [уничтожен]

======================================================================
ХОД 24
======================================================================
✓ 🎮 GM: начинаем ход
GM: start_turn

--- Радиовышки: сканирование слоя Z ---
  Радиовышка A2 (z=3): видит 1 врагов [+1 эксклюзивно] → Тишина B5(3,9,3)

--- Решения ботов ---
  [Team A] Радиовышка A2 (3,8,3) → MOVE (3,9,3)
  [Team A] Бурав A6 (6,5,8) → MOVE (5,6,7)
  [Team B] Тишина B5 (3,9,3) → MOVE (3,8,3)
  [Team C] все корабли пропускают ход
! 🎮 GM: принудительно завершает фазу планирования
GM: end_planning
# 
============================================================
# 🔄 ОБРАБОТКА ХОДА 24
# ============================================================

📦 ПЕРЕМЕЩЕНИЯ:
!    ⚠️ Радиовышка A2: клетка (3,9,3) занята
!    ⚠️ Бурав A6: Бурав двигается только по 1 оси или по 2 осям строго диагонально
!    ⚠️ Тишина B5: клетка (3,8,3) занята

🎯 ВЫСТРЕЛЫ:
   Выпущено ракет: 0
# 
📊 РЕЗУЛЬТАТЫ ХОДА 24:
🎯 Попаданий нет

--- Результаты хода ---
  Попаданий нет

--- Состояние команд после хода ---
  Team A: живых 2/8
    ✓ Радиовышка A2      @ (3,8,3) hp=3/3
    ✓ Бурав A6           @ (6,5,8) hp=4/4
    ✗ Артиллерия A1      @ (8,4,0) [уничтожен]
    ✗ Прыгун A3          @ (3,5,3) [уничтожен]
    ✗ Факел A4           @ (8,4,1) [уничтожен]
    ✗ Тишина A5          @ (5,8,1) [уничтожен]
    ✗ Провокатор A7      @ (7,4,5) [уничтожен]
    ✗ Паук A8            @ (8,5,4) [уничтожен]
  Team B: живых 1/8
    ✓ Тишина B5          @ (3,9,3) hp=2/2
    ✗ Артиллерия B1      @ (4,9,3) [уничтожен]
    ✗ Радиовышка B2      @ (3,8,3) [уничтожен]
    ✗ Прыгун B3          @ (3,8,5) [уничтожен]
    ✗ Факел B4           @ (3,8,5) [уничтожен]
    ✗ Бурав B6           @ (3,9,5) [уничтожен]
    ✗ Провокатор B7      @ (4,9,1) [уничтожен]
    ✗ Паук B8            @ (4,9,0) [уничтожен]
  Team C: живых 0/8
    ✗ Артиллерия C1      @ (1,1,4) [уничтожен]
    ✗ Радиовышка C2      @ (2,7,3) [уничтожен]
    ✗ Прыгун C3          @ (5,7,3) [уничтожен]
    ✗ Факел C4           @ (1,9,4) [уничтожен]
    ✗ Тишина C5          @ (4,8,3) [уничтожен]
    ✗ Бурав C6           @ (3,8,6) [уничтожен]
    ✗ Провокатор C7      @ (1,7,4) [уничтожен]
    ✗ Паук C8            @ (3,5,3) [уничтожен]

======================================================================
ХОД 25
======================================================================
✓ 🎮 GM: начинаем ход
GM: start_turn

--- Радиовышки: сканирование слоя Z ---
  Радиовышка A2 (z=3): видит 1 врагов [+1 эксклюзивно] → Тишина B5(3,9,3)

--- Решения ботов ---
  [Team A] Радиовышка A2 (3,8,3) → MOVE (3,9,3)
  [Team A] Бурав A6 (6,5,8) → MOVE (5,6,7)
  [Team B] Тишина B5 (3,9,3) → MOVE (3,8,3)
  [Team C] все корабли пропускают ход
! 🎮 GM: принудительно завершает фазу планирования
GM: end_planning
# 
============================================================
# 🔄 ОБРАБОТКА ХОДА 25
# ============================================================

📦 ПЕРЕМЕЩЕНИЯ:
!    ⚠️ Радиовышка A2: клетка (3,9,3) занята
!    ⚠️ Бурав A6: Бурав двигается только по 1 оси или по 2 осям строго диагонально
!    ⚠️ Тишина B5: клетка (3,8,3) занята

🎯 ВЫСТРЕЛЫ:
   Выпущено ракет: 0
# 
📊 РЕЗУЛЬТАТЫ ХОДА 25:
🎯 Попаданий нет

--- Результаты хода ---
  Попаданий нет

--- Состояние команд после хода ---
  Team A: живых 2/8
    ✓ Радиовышка A2      @ (3,8,3) hp=3/3
    ✓ Бурав A6           @ (6,5,8) hp=4/4
    ✗ Артиллерия A1      @ (8,4,0) [уничтожен]
    ✗ Прыгун A3          @ (3,5,3) [уничтожен]
    ✗ Факел A4           @ (8,4,1) [уничтожен]
    ✗ Тишина A5          @ (5,8,1) [уничтожен]
    ✗ Провокатор A7      @ (7,4,5) [уничтожен]
    ✗ Паук A8            @ (8,5,4) [уничтожен]
  Team B: живых 1/8
    ✓ Тишина B5          @ (3,9,3) hp=2/2
    ✗ Артиллерия B1      @ (4,9,3) [уничтожен]
    ✗ Радиовышка B2      @ (3,8,3) [уничтожен]
    ✗ Прыгун B3          @ (3,8,5) [уничтожен]
    ✗ Факел B4           @ (3,8,5) [уничтожен]
    ✗ Бурав B6           @ (3,9,5) [уничтожен]
    ✗ Провокатор B7      @ (4,9,1) [уничтожен]
    ✗ Паук B8            @ (4,9,0) [уничтожен]
  Team C: живых 0/8
    ✗ Артиллерия C1      @ (1,1,4) [уничтожен]
    ✗ Радиовышка C2      @ (2,7,3) [уничтожен]
    ✗ Прыгун C3          @ (5,7,3) [уничтожен]
    ✗ Факел C4           @ (1,9,4) [уничтожен]
    ✗ Тишина C5          @ (4,8,3) [уничтожен]
    ✗ Бурав C6           @ (3,8,6) [уничтожен]
    ✗ Провокатор C7      @ (1,7,4) [уничтожен]
    ✗ Паук C8            @ (3,5,3) [уничтожен]

======================================================================
ХОД 26
======================================================================
✓ 🎮 GM: начинаем ход
GM: start_turn

--- Радиовышки: сканирование слоя Z ---
  Радиовышка A2 (z=3): видит 1 врагов [+1 эксклюзивно] → Тишина B5(3,9,3)

--- Решения ботов ---
  [Team A] Радиовышка A2 (3,8,3) → MOVE (3,9,3)
  [Team A] Бурав A6 (6,5,8) → MOVE (5,6,7)
  [Team B] Тишина B5 (3,9,3) → MOVE (3,8,3)
  [Team C] все корабли пропускают ход
! 🎮 GM: принудительно завершает фазу планирования
GM: end_planning
# 
============================================================
# 🔄 ОБРАБОТКА ХОДА 26
# ============================================================

📦 ПЕРЕМЕЩЕНИЯ:
!    ⚠️ Радиовышка A2: клетка (3,9,3) занята
!    ⚠️ Бурав A6: Бурав двигается только по 1 оси или по 2 осям строго диагонально
!    ⚠️ Тишина B5: клетка (3,8,3) занята

🎯 ВЫСТРЕЛЫ:
   Выпущено ракет: 0
# 
📊 РЕЗУЛЬТАТЫ ХОДА 26:
🎯 Попаданий нет

--- Результаты хода ---
  Попаданий нет

--- Состояние команд после хода ---
  Team A: живых 2/8
    ✓ Радиовышка A2      @ (3,8,3) hp=3/3
    ✓ Бурав A6           @ (6,5,8) hp=4/4
    ✗ Артиллерия A1      @ (8,4,0) [уничтожен]
    ✗ Прыгун A3          @ (3,5,3) [уничтожен]
    ✗ Факел A4           @ (8,4,1) [уничтожен]
    ✗ Тишина A5          @ (5,8,1) [уничтожен]
    ✗ Провокатор A7      @ (7,4,5) [уничтожен]
    ✗ Паук A8            @ (8,5,4) [уничтожен]
  Team B: живых 1/8
    ✓ Тишина B5          @ (3,9,3) hp=2/2
    ✗ Артиллерия B1      @ (4,9,3) [уничтожен]
    ✗ Радиовышка B2      @ (3,8,3) [уничтожен]
    ✗ Прыгун B3          @ (3,8,5) [уничтожен]
    ✗ Факел B4           @ (3,8,5) [уничтожен]
    ✗ Бурав B6           @ (3,9,5) [уничтожен]
    ✗ Провокатор B7      @ (4,9,1) [уничтожен]
    ✗ Паук B8            @ (4,9,0) [уничтожен]
  Team C: живых 0/8
    ✗ Артиллерия C1      @ (1,1,4) [уничтожен]
    ✗ Радиовышка C2      @ (2,7,3) [уничтожен]
    ✗ Прыгун C3          @ (5,7,3) [уничтожен]
    ✗ Факел C4           @ (1,9,4) [уничтожен]
    ✗ Тишина C5          @ (4,8,3) [уничтожен]
    ✗ Бурав C6           @ (3,8,6) [уничтожен]
    ✗ Провокатор C7      @ (1,7,4) [уничтожен]
    ✗ Паук C8            @ (3,5,3) [уничтожен]

======================================================================
ХОД 27
======================================================================
✓ 🎮 GM: начинаем ход
GM: start_turn

--- Радиовышки: сканирование слоя Z ---
  Радиовышка A2 (z=3): видит 1 врагов [+1 эксклюзивно] → Тишина B5(3,9,3)

--- Решения ботов ---
  [Team A] Радиовышка A2 (3,8,3) → MOVE (3,9,3)
  [Team A] Бурав A6 (6,5,8) → MOVE (5,6,7)
  [Team B] Тишина B5 (3,9,3) → MOVE (3,8,3)
  [Team C] все корабли пропускают ход
! 🎮 GM: принудительно завершает фазу планирования
GM: end_planning
# 
============================================================
# 🔄 ОБРАБОТКА ХОДА 27
# ============================================================

📦 ПЕРЕМЕЩЕНИЯ:
!    ⚠️ Радиовышка A2: клетка (3,9,3) занята
!    ⚠️ Бурав A6: Бурав двигается только по 1 оси или по 2 осям строго диагонально
!    ⚠️ Тишина B5: клетка (3,8,3) занята

🎯 ВЫСТРЕЛЫ:
   Выпущено ракет: 0
# 
📊 РЕЗУЛЬТАТЫ ХОДА 27:
🎯 Попаданий нет

--- Результаты хода ---
  Попаданий нет

--- Состояние команд после хода ---
  Team A: живых 2/8
    ✓ Радиовышка A2      @ (3,8,3) hp=3/3
    ✓ Бурав A6           @ (6,5,8) hp=4/4
    ✗ Артиллерия A1      @ (8,4,0) [уничтожен]
    ✗ Прыгун A3          @ (3,5,3) [уничтожен]
    ✗ Факел A4           @ (8,4,1) [уничтожен]
    ✗ Тишина A5          @ (5,8,1) [уничтожен]
    ✗ Провокатор A7      @ (7,4,5) [уничтожен]
    ✗ Паук A8            @ (8,5,4) [уничтожен]
  Team B: живых 1/8
    ✓ Тишина B5          @ (3,9,3) hp=2/2
    ✗ Артиллерия B1      @ (4,9,3) [уничтожен]
    ✗ Радиовышка B2      @ (3,8,3) [уничтожен]
    ✗ Прыгун B3          @ (3,8,5) [уничтожен]
    ✗ Факел B4           @ (3,8,5) [уничтожен]
    ✗ Бурав B6           @ (3,9,5) [уничтожен]
    ✗ Провокатор B7      @ (4,9,1) [уничтожен]
    ✗ Паук B8            @ (4,9,0) [уничтожен]
  Team C: живых 0/8
    ✗ Артиллерия C1      @ (1,1,4) [уничтожен]
    ✗ Радиовышка C2      @ (2,7,3) [уничтожен]
    ✗ Прыгун C3          @ (5,7,3) [уничтожен]
    ✗ Факел C4           @ (1,9,4) [уничтожен]
    ✗ Тишина C5          @ (4,8,3) [уничтожен]
    ✗ Бурав C6           @ (3,8,6) [уничтожен]
    ✗ Провокатор C7      @ (1,7,4) [уничтожен]
    ✗ Паук C8            @ (3,5,3) [уничтожен]

======================================================================
ХОД 28
======================================================================
✓ 🎮 GM: начинаем ход
GM: start_turn

--- Радиовышки: сканирование слоя Z ---
  Радиовышка A2 (z=3): видит 1 врагов [+1 эксклюзивно] → Тишина B5(3,9,3)

--- Решения ботов ---
  [Team A] Радиовышка A2 (3,8,3) → MOVE (3,9,3)
  [Team A] Бурав A6 (6,5,8) → MOVE (5,6,7)
  [Team B] Тишина B5 (3,9,3) → MOVE (3,8,3)
  [Team C] все корабли пропускают ход
! 🎮 GM: принудительно завершает фазу планирования
GM: end_planning
# 
============================================================
# 🔄 ОБРАБОТКА ХОДА 28
# ============================================================

📦 ПЕРЕМЕЩЕНИЯ:
!    ⚠️ Радиовышка A2: клетка (3,9,3) занята
!    ⚠️ Бурав A6: Бурав двигается только по 1 оси или по 2 осям строго диагонально
!    ⚠️ Тишина B5: клетка (3,8,3) занята

🎯 ВЫСТРЕЛЫ:
   Выпущено ракет: 0
# 
📊 РЕЗУЛЬТАТЫ ХОДА 28:
🎯 Попаданий нет

--- Результаты хода ---
  Попаданий нет

--- Состояние команд после хода ---
  Team A: живых 2/8
    ✓ Радиовышка A2      @ (3,8,3) hp=3/3
    ✓ Бурав A6           @ (6,5,8) hp=4/4
    ✗ Артиллерия A1      @ (8,4,0) [уничтожен]
    ✗ Прыгун A3          @ (3,5,3) [уничтожен]
    ✗ Факел A4           @ (8,4,1) [уничтожен]
    ✗ Тишина A5          @ (5,8,1) [уничтожен]
    ✗ Провокатор A7      @ (7,4,5) [уничтожен]
    ✗ Паук A8            @ (8,5,4) [уничтожен]
  Team B: живых 1/8
    ✓ Тишина B5          @ (3,9,3) hp=2/2
    ✗ Артиллерия B1      @ (4,9,3) [уничтожен]
    ✗ Радиовышка B2      @ (3,8,3) [уничтожен]
    ✗ Прыгун B3          @ (3,8,5) [уничтожен]
    ✗ Факел B4           @ (3,8,5) [уничтожен]
    ✗ Бурав B6           @ (3,9,5) [уничтожен]
    ✗ Провокатор B7      @ (4,9,1) [уничтожен]
    ✗ Паук B8            @ (4,9,0) [уничтожен]
  Team C: живых 0/8
    ✗ Артиллерия C1      @ (1,1,4) [уничтожен]
    ✗ Радиовышка C2      @ (2,7,3) [уничтожен]
    ✗ Прыгун C3          @ (5,7,3) [уничтожен]
    ✗ Факел C4           @ (1,9,4) [уничтожен]
    ✗ Тишина C5          @ (4,8,3) [уничтожен]
    ✗ Бурав C6           @ (3,8,6) [уничтожен]
    ✗ Провокатор C7      @ (1,7,4) [уничтожен]
    ✗ Паук C8            @ (3,5,3) [уничтожен]

======================================================================
ХОД 29
======================================================================
✓ 🎮 GM: начинаем ход
GM: start_turn

--- Радиовышки: сканирование слоя Z ---
  Радиовышка A2 (z=3): видит 1 врагов [+1 эксклюзивно] → Тишина B5(3,9,3)

--- Решения ботов ---
  [Team A] Радиовышка A2 (3,8,3) → MOVE (3,9,3)
  [Team A] Бурав A6 (6,5,8) → MOVE (5,6,7)
  [Team B] Тишина B5 (3,9,3) → MOVE (3,8,3)
  [Team C] все корабли пропускают ход
! 🎮 GM: принудительно завершает фазу планирования
GM: end_planning
# 
============================================================
# 🔄 ОБРАБОТКА ХОДА 29
# ============================================================

📦 ПЕРЕМЕЩЕНИЯ:
!    ⚠️ Радиовышка A2: клетка (3,9,3) занята
!    ⚠️ Бурав A6: Бурав двигается только по 1 оси или по 2 осям строго диагонально
!    ⚠️ Тишина B5: клетка (3,8,3) занята

🎯 ВЫСТРЕЛЫ:
   Выпущено ракет: 0
# 
📊 РЕЗУЛЬТАТЫ ХОДА 29:
🎯 Попаданий нет

--- Результаты хода ---
  Попаданий нет

--- Состояние команд после хода ---
  Team A: живых 2/8
    ✓ Радиовышка A2      @ (3,8,3) hp=3/3
    ✓ Бурав A6           @ (6,5,8) hp=4/4
    ✗ Артиллерия A1      @ (8,4,0) [уничтожен]
    ✗ Прыгун A3          @ (3,5,3) [уничтожен]
    ✗ Факел A4           @ (8,4,1) [уничтожен]
    ✗ Тишина A5          @ (5,8,1) [уничтожен]
    ✗ Провокатор A7      @ (7,4,5) [уничтожен]
    ✗ Паук A8            @ (8,5,4) [уничтожен]
  Team B: живых 1/8
    ✓ Тишина B5          @ (3,9,3) hp=2/2
    ✗ Артиллерия B1      @ (4,9,3) [уничтожен]
    ✗ Радиовышка B2      @ (3,8,3) [уничтожен]
    ✗ Прыгун B3          @ (3,8,5) [уничтожен]
    ✗ Факел B4           @ (3,8,5) [уничтожен]
    ✗ Бурав B6           @ (3,9,5) [уничтожен]
    ✗ Провокатор B7      @ (4,9,1) [уничтожен]
    ✗ Паук B8            @ (4,9,0) [уничтожен]
  Team C: живых 0/8
    ✗ Артиллерия C1      @ (1,1,4) [уничтожен]
    ✗ Радиовышка C2      @ (2,7,3) [уничтожен]
    ✗ Прыгун C3          @ (5,7,3) [уничтожен]
    ✗ Факел C4           @ (1,9,4) [уничтожен]
    ✗ Тишина C5          @ (4,8,3) [уничтожен]
    ✗ Бурав C6           @ (3,8,6) [уничтожен]
    ✗ Провокатор C7      @ (1,7,4) [уничтожен]
    ✗ Паук C8            @ (3,5,3) [уничтожен]

======================================================================
ХОД 30
======================================================================
✓ 🎮 GM: начинаем ход
GM: start_turn

--- Радиовышки: сканирование слоя Z ---
  Радиовышка A2 (z=3): видит 1 врагов [+1 эксклюзивно] → Тишина B5(3,9,3)

--- Решения ботов ---
  [Team A] Радиовышка A2 (3,8,3) → MOVE (3,9,3)
  [Team A] Бурав A6 (6,5,8) → MOVE (5,6,7)
  [Team B] Тишина B5 (3,9,3) → MOVE (3,8,3)
  [Team C] все корабли пропускают ход
! 🎮 GM: принудительно завершает фазу планирования
GM: end_planning
# 
============================================================
# 🔄 ОБРАБОТКА ХОДА 30
# ============================================================

📦 ПЕРЕМЕЩЕНИЯ:
!    ⚠️ Радиовышка A2: клетка (3,9,3) занята
!    ⚠️ Бурав A6: Бурав двигается только по 1 оси или по 2 осям строго диагонально
!    ⚠️ Тишина B5: клетка (3,8,3) занята

🎯 ВЫСТРЕЛЫ:
   Выпущено ракет: 0
# 
📊 РЕЗУЛЬТАТЫ ХОДА 30:
🎯 Попаданий нет

--- Результаты хода ---
  Попаданий нет

--- Состояние команд после хода ---
  Team A: живых 2/8
    ✓ Радиовышка A2      @ (3,8,3) hp=3/3
    ✓ Бурав A6           @ (6,5,8) hp=4/4
    ✗ Артиллерия A1      @ (8,4,0) [уничтожен]
    ✗ Прыгун A3          @ (3,5,3) [уничтожен]
    ✗ Факел A4           @ (8,4,1) [уничтожен]
    ✗ Тишина A5          @ (5,8,1) [уничтожен]
    ✗ Провокатор A7      @ (7,4,5) [уничтожен]
    ✗ Паук A8            @ (8,5,4) [уничтожен]
  Team B: живых 1/8
    ✓ Тишина B5          @ (3,9,3) hp=2/2
    ✗ Артиллерия B1      @ (4,9,3) [уничтожен]
    ✗ Радиовышка B2      @ (3,8,3) [уничтожен]
    ✗ Прыгун B3          @ (3,8,5) [уничтожен]
    ✗ Факел B4           @ (3,8,5) [уничтожен]
    ✗ Бурав B6           @ (3,9,5) [уничтожен]
    ✗ Провокатор B7      @ (4,9,1) [уничтожен]
    ✗ Паук B8            @ (4,9,0) [уничтожен]
  Team C: живых 0/8
    ✗ Артиллерия C1      @ (1,1,4) [уничтожен]
    ✗ Радиовышка C2      @ (2,7,3) [уничтожен]
    ✗ Прыгун C3          @ (5,7,3) [уничтожен]
    ✗ Факел C4           @ (1,9,4) [уничтожен]
    ✗ Тишина C5          @ (4,8,3) [уничтожен]
    ✗ Бурав C6           @ (3,8,6) [уничтожен]
    ✗ Провокатор C7      @ (1,7,4) [уничтожен]
    ✗ Паук C8            @ (3,5,3) [уничтожен]

======================================================================
ИТОГ
======================================================================
Лимит ходов (30) исчерпан. Победа по урону: Team A (28 dmg).
   Урон по командам: Team A=28, Team B=14, Team C=14

--- Сводка по командам ---
  Team A: 2/8 живых; hp=7
  Team B: 1/8 живых; hp=2
  Team C: 0/8 живых; hp=0

--- Сводка по пассивкам радиовышек ---
  Team A: сканирований=30, всего врагов-в-слоях=43, уникальных эксклюзивных (видны только радиовышкой)=4
  Team B: сканирований=4, всего врагов-в-слоях=14, уникальных эксклюзивных (видны только радиовышкой)=3
  Team C: сканирований=6, всего врагов-в-слоях=16, уникальных эксклюзивных (видны только радиовышкой)=1

--- Сводка по попаданиям ---
  Всего событий (шоты+тараны+мины): 21
  Уничтожено кораблей всего: 21
  Team A: урон=28 хиты=3 тараны=8 мины(сработало)=0 убийств=11
  Team B: урон=14 хиты=1 тараны=2 мины(сработало)=1 убийств=4
  Team C: урон=14 хиты=1 тараны=4 мины(сработало)=1 убийств=6
! 🎮 GM: остановка игры
