======================================================================
Space Battle 10×10×10 — simulation run at 2026-04-20T13:23:54+00:00
Game mode: advanced
Seed: 81
✓ 🚀 Продвинутый режим: создаю разные типы кораблей
   Стартовые Z-слои: A=8, B=7, C=5
✓ ✅ Создано 24 кораблей


--- СТАРТОВАЯ РАССТАНОВКА ---
  Team A: живых 8/8
    ✓ Артиллерия A1      @ (1,5,8) hp=1/1
    ✓ Радиовышка A2      @ (3,2,8) hp=3/3
    ✓ Прыгун A3          @ (5,4,8) hp=2/2
    ✓ Факел A4           @ (0,4,8) hp=6/6
    ✓ Тишина A5          @ (5,9,8) hp=2/2
    ✓ Бурав A6           @ (5,6,8) hp=4/4
    ✓ Провокатор A7      @ (0,5,8) hp=2/2
    ✓ Паук A8            @ (2,1,8) hp=1/1
  Team B: живых 8/8
    ✓ Артиллерия B1      @ (5,0,7) hp=1/1
    ✓ Радиовышка B2      @ (6,7,7) hp=3/3
    ✓ Прыгун B3          @ (0,0,7) hp=2/2
    ✓ Факел B4           @ (9,0,7) hp=6/6
    ✓ Тишина B5          @ (8,6,7) hp=2/2
    ✓ Бурав B6           @ (4,7,7) hp=4/4
    ✓ Провокатор B7      @ (2,5,7) hp=2/2
    ✓ Паук B8            @ (9,3,7) hp=1/1
  Team C: живых 8/8
    ✓ Артиллерия C1      @ (5,6,5) hp=1/1
    ✓ Радиовышка C2      @ (4,4,5) hp=3/3
    ✓ Прыгун C3          @ (5,0,5) hp=2/2
    ✓ Факел C4           @ (5,2,5) hp=6/6
    ✓ Тишина C5          @ (4,7,5) hp=2/2
    ✓ Бурав C6           @ (3,1,5) hp=4/4
    ✓ Провокатор C7      @ (9,5,5) hp=2/2
    ✓ Паук C8            @ (1,6,5) hp=1/1

======================================================================
ХОД 1
======================================================================
✓ 🎮 GM: начинаем ход
GM: start_turn

--- Радиовышки: сканирование слоя Z ---
  Радиовышка A2 (z=8): слой чист
  Радиовышка B2 (z=7): слой чист
  Радиовышка C2 (z=5): слой чист

--- Решения ботов ---
  [Team A] Артиллерия A1 (1,5,8) → SHOOT at (5,6,5)
  [Team A] Радиовышка A2 (3,2,8) → MOVE (4,1,7)
  [Team A] Прыгун A3 (5,4,8) → MOVE (6,5,7)
  [Team A] Факел A4 (0,4,8) → MOVE (1,4,8)
  [Team A] Тишина A5 (5,9,8) → PHASE toggle
  [Team A] Бурав A6 (5,6,8) → MOVE (5,6,5)
  [Team A] Провокатор A7 (0,5,8) → HOLOGRAM (1,5,7)
  [Team A] Паук A8 (2,1,8) → MINE (1,1,8)
  [Team B] Артиллерия B1 (5,0,7) → SHOOT at (1,5,8)
  [Team B] Радиовышка B2 (6,7,7) → MOVE (5,6,8)
  [Team B] Прыгун B3 (0,0,7) → MOVE (2,1,8)
  [Team B] Факел B4 (9,0,7) → MOVE (8,0,7)
  [Team B] Тишина B5 (8,6,7) → PHASE toggle
  [Team B] Бурав B6 (4,7,7) → MOVE (4,7,5)
  [Team B] Провокатор B7 (2,5,7) → HOLOGRAM (1,5,8)
  [Team B] Паук B8 (9,3,7) → MINE (9,4,6)
  [Team C] Артиллерия C1 (5,6,5) → SHOOT at (1,5,8)
  [Team C] Радиовышка C2 (4,4,5) → MOVE (3,5,6)
  [Team C] Прыгун C3 (5,0,5) → MOVE (5,0,7)
  [Team C] Факел C4 (5,2,5) → MOVE (5,3,5)
  [Team C] Тишина C5 (4,7,5) → PHASE toggle
  [Team C] Бурав C6 (3,1,5) → MOVE (4,0,6)
  [Team C] Провокатор C7 (9,5,5) → HOLOGRAM (8,6,6)
  [Team C] Паук C8 (1,6,5) → MINE (2,5,6)
! 🎮 GM: принудительно завершает фазу планирования
GM: end_planning
# 
============================================================
# 🔄 ОБРАБОТКА ХОДА 1
# ============================================================
   🌀 Тишина A5: фаза ВКЛ
   🌀 Тишина B5: фаза ВКЛ
   🌀 Тишина C5: фаза ВКЛ
   🪞 Провокатор A7 создал голограмму H1 в (1,5,7)
!    ⚠️ Провокатор B7: клетка (1,5,8) занята кораблём
   🪞 Провокатор C7 создал голограмму H2 в (8,6,6)
   💣 Паук A8 установил мину M1 в (1,1,8)
   💣 Паук B8 установил мину M2 в (9,4,6)
   💣 Паук C8 установил мину M3 в (2,5,6)

📦 ПЕРЕМЕЩЕНИЯ:
   Радиовышка A2: (3, 2, 8) → (4,1,7)
   Прыгун A3: (5, 4, 8) → (6,5,7)
   Факел A4: (0, 4, 8) → (1,4,8)
✓    💥 Бурав A6 тараном уничтожил Артиллерия C1 в (5,6,5)
   Бурав A6: (5, 6, 8) → (5,6,5)
   Радиовышка B2: (6, 7, 7) → (5,6,8)
✓    💥 Прыгун B3 тараном уничтожил Паук A8 в (2,1,8)
   Прыгун B3: (0, 0, 7) → (2,1,8)
   Факел B4: (9, 0, 7) → (8,0,7)
   Бурав B6: (4, 7, 7) → (4,7,5)
   Радиовышка C2: (4, 4, 5) → (3,5,6)
✓    💥 Прыгун C3 тараном уничтожил Артиллерия B1 в (5,0,7)
   Прыгун C3: (5, 0, 5) → (5,0,7)
   Факел C4: (5, 2, 5) → (5,3,5)
!    ⚠️ Бурав C6: Бурав двигается только по 1 оси или по 2 осям строго диагонально

🎯 ВЫСТРЕЛЫ:
   Выпущено ракет: 1
# 
📊 РЕЗУЛЬТАТЫ ХОДА 1:
🎯 Попаданий нет

--- Результаты хода ---
  Team A / Бурав A6           → Team C / Артиллерия C1      @ (5,6,5)  (УБИТ)
  Team B / Прыгун B3          → Team A / Паук A8            @ (2,1,8)  (УБИТ)
  Team C / Прыгун C3          → Team B / Артиллерия B1      @ (5,0,7)  (УБИТ)

--- Состояние команд после хода ---
  Team A: живых 7/8
    ✓ Артиллерия A1      @ (1,5,8) hp=1/1
    ✓ Радиовышка A2      @ (4,1,7) hp=3/3
    ✓ Прыгун A3          @ (6,5,7) hp=2/2
    ✓ Факел A4           @ (1,4,8) hp=6/6
    ✓ Тишина A5          @ (5,9,8) hp=2/2
    ✓ Бурав A6           @ (5,6,5) hp=4/4
    ✓ Провокатор A7      @ (0,5,8) hp=2/2
    ✗ Паук A8            @ (2,1,8) [уничтожен]
  Team B: живых 7/8
    ✓ Радиовышка B2      @ (5,6,8) hp=3/3
    ✓ Прыгун B3          @ (2,1,8) hp=2/2
    ✓ Факел B4           @ (8,0,7) hp=6/6
    ✓ Тишина B5          @ (8,6,7) hp=2/2
    ✓ Бурав B6           @ (4,7,5) hp=4/4
    ✓ Провокатор B7      @ (2,5,7) hp=2/2
    ✓ Паук B8            @ (9,3,7) hp=1/1
    ✗ Артиллерия B1      @ (5,0,7) [уничтожен]
  Team C: живых 7/8
    ✓ Радиовышка C2      @ (3,5,6) hp=3/3
    ✓ Прыгун C3          @ (5,0,7) hp=2/2
    ✓ Факел C4           @ (5,3,5) hp=6/6
    ✓ Тишина C5          @ (4,7,5) hp=2/2
    ✓ Бурав C6           @ (3,1,5) hp=4/4
    ✓ Провокатор C7      @ (9,5,5) hp=2/2
    ✓ Паук C8            @ (1,6,5) hp=1/1
    ✗ Артиллерия C1      @ (5,6,5) [уничтожен]

======================================================================
ХОД 2
======================================================================
✓ 🎮 GM: начинаем ход
GM: start_turn

--- Радиовышки: сканирование слоя Z ---
  Радиовышка A2 (z=7): видит 4 врагов [+2 эксклюзивно] → Провокатор B7(2,5,7), Факел B4(8,0,7), Паук B8(9,3,7), Прыгун C3(5,0,7)
  Радиовышка B2 (z=8): видит 3 врагов  → Провокатор A7(0,5,8), Факел A4(1,4,8), Артиллерия A1(1,5,8)
  Радиовышка C2 (z=6): слой чист

--- Решения ботов ---
  [Team A] Артиллерия A1 (1,5,8) → SHOOT at (2,5,7)
  [Team A] Радиовышка A2 (4,1,7) → MOVE (5,0,7)
  [Team A] Прыгун A3 (6,5,7) → MOVE (5,3,5)
  [Team A] Тишина A5 (5,9,8) → MOVE (5,8,8)
  [Team A] Бурав A6 (5,6,5) → MOVE (4,7,5)
  [Team A] Провокатор A7 (0,5,8) → HOLOGRAM (1,5,7)
  [Team A] Факел A4 → SKIP
  [Team B] Радиовышка B2 (5,6,8) → MOVE (6,5,7)
  [Team B] Прыгун B3 (2,1,8) → MOVE (4,1,7)
  [Team B] Факел B4 (8,0,7) → SHOOT at (5,0,7)
  [Team B] Тишина B5 (8,6,7) → MOVE (7,5,7)
  [Team B] Бурав B6 (4,7,5) → MOVE (5,6,5)
  [Team B] Провокатор B7 (2,5,7) → HOLOGRAM (1,5,8)
  [Team B] Паук B8 (9,3,7) → MINE (9,4,6)
  [Team C] Радиовышка C2 (3,5,6) → MOVE (2,5,7)
  [Team C] Прыгун C3 (5,0,7) → MOVE (4,1,7)
  [Team C] Факел C4 (5,3,5) → SHOOT at (5,6,5)
  [Team C] Бурав C6 (3,1,5) → MOVE (4,1,6)
  [Team C] Провокатор C7 (9,5,5) → HOLOGRAM (9,4,6)
  [Team C] Паук C8 (1,6,5) → MINE (2,5,6)
  [Team C] Тишина C5 → SKIP
! 🎮 GM: принудительно завершает фазу планирования
GM: end_planning
# 
============================================================
# 🔄 ОБРАБОТКА ХОДА 2
# ============================================================
!    ⚠️ Провокатор A7: клетка (1,5,7) уже занята голограммой
!    ⚠️ Провокатор B7: клетка (1,5,8) занята кораблём
   🪞 Провокатор C7 создал голограмму H3 в (9,4,6)
!    ⚠️ Паук B8: в клетке уже стоит мина
!    ⚠️ Паук C8: в клетке уже стоит мина

📦 ПЕРЕМЕЩЕНИЯ:
!    ⚠️ Радиовышка A2: клетка (5,0,7) занята
✓    💥 Прыгун A3 тараном уничтожил Факел C4 в (5,3,5)
   Прыгун A3: (6, 5, 7) → (5,3,5)
   Тишина A5: (5, 9, 8) → (5,8,8)
✓    💥 Бурав A6 тараном уничтожил Бурав B6 в (4,7,5)
   Бурав A6: (5, 6, 5) → (4,7,5)
   Радиовышка B2: (5, 6, 8) → (6,5,7)
✓    💥 Прыгун B3 тараном уничтожил Радиовышка A2 в (4,1,7)
   Прыгун B3: (2, 1, 8) → (4,1,7)
   Тишина B5: (8, 6, 7) → (7,5,7)
!    ⚠️ Радиовышка C2: клетка (2,5,7) занята
✓    💥 Прыгун C3 тараном уничтожил Прыгун B3 в (4,1,7)
   Прыгун C3: (5, 0, 7) → (4,1,7)
   Бурав C6: (3, 1, 5) → (4,1,6)

🎯 ВЫСТРЕЛЫ:
✓    ✅ Артиллерия A1 поразил Провокатор B7 (2 урона)!
   Выпущено ракет: 2
# 
📊 РЕЗУЛЬТАТЫ ХОДА 2:
✓ 💥 ПОПАДАНИЯ:
✓    Артиллерия A1 (Team A) → Провокатор B7 (Team B)

--- Результаты хода ---
  Team A / Прыгун A3          → Team C / Факел C4           @ (5,3,5)  (УБИТ)
  Team A / Бурав A6           → Team B / Бурав B6           @ (4,7,5)  (УБИТ)
  Team B / Прыгун B3          → Team A / Радиовышка A2      @ (4,1,7)  (УБИТ)
  Team C / Прыгун C3          → Team B / Прыгун B3          @ (4,1,7)  (УБИТ)
  Team A / Артиллерия A1      → Team B / Провокатор B7      @ (2,5,7)  (УБИТ)

--- Состояние команд после хода ---
  Team A: живых 6/8
    ✓ Артиллерия A1      @ (1,5,8) hp=1/1
    ✓ Прыгун A3          @ (5,3,5) hp=2/2
    ✓ Факел A4           @ (1,4,8) hp=6/6
    ✓ Тишина A5          @ (5,8,8) hp=2/2
    ✓ Бурав A6           @ (4,7,5) hp=4/4
    ✓ Провокатор A7      @ (0,5,8) hp=2/2
    ✗ Радиовышка A2      @ (4,1,7) [уничтожен]
    ✗ Паук A8            @ (2,1,8) [уничтожен]
  Team B: живых 4/8
    ✓ Радиовышка B2      @ (6,5,7) hp=3/3
    ✓ Факел B4           @ (8,0,7) hp=6/6
    ✓ Тишина B5          @ (7,5,7) hp=2/2
    ✓ Паук B8            @ (9,3,7) hp=1/1
    ✗ Артиллерия B1      @ (5,0,7) [уничтожен]
    ✗ Прыгун B3          @ (4,1,7) [уничтожен]
    ✗ Бурав B6           @ (4,7,5) [уничтожен]
    ✗ Провокатор B7      @ (2,5,7) [уничтожен]
  Team C: живых 6/8
    ✓ Радиовышка C2      @ (3,5,6) hp=3/3
    ✓ Прыгун C3          @ (4,1,7) hp=2/2
    ✓ Тишина C5          @ (4,7,5) hp=2/2
    ✓ Бурав C6           @ (4,1,6) hp=4/4
    ✓ Провокатор C7      @ (9,5,5) hp=2/2
    ✓ Паук C8            @ (1,6,5) hp=1/1
    ✗ Артиллерия C1      @ (5,6,5) [уничтожен]
    ✗ Факел C4           @ (5,3,5) [уничтожен]

======================================================================
ХОД 3
======================================================================
✓ 🎮 GM: начинаем ход
GM: start_turn

--- Радиовышки: сканирование слоя Z ---
  Радиовышка B2 (z=7): видит 1 врагов [+1 эксклюзивно] → Прыгун C3(4,1,7)
  Радиовышка C2 (z=6): слой чист

--- Решения ботов ---
  [Team A] Артиллерия A1 (1,5,8) → SHOOT at (4,1,7)
  [Team A] Прыгун A3 (5,3,5) → MOVE (4,1,7)
  [Team A] Тишина A5 (5,8,8) → PHASE toggle
  [Team A] Бурав A6 (4,7,5) → MOVE (5,6,6)
  [Team A] Провокатор A7 (0,5,8) → HOLOGRAM (1,5,7)
  [Team A] Факел A4 → SKIP
  [Team B] Радиовышка B2 (6,5,7) → MOVE (5,4,6)
  [Team B] Факел B4 (8,0,7) → MOVE (7,1,7)
  [Team B] Тишина B5 (7,5,7) → MOVE (6,4,6)
  [Team B] Паук B8 (9,3,7) → MINE (9,4,6)
  [Team C] Радиовышка C2 (3,5,6) → MOVE (2,5,7)
  [Team C] Прыгун C3 (4,1,7) → MOVE (5,3,5)
  [Team C] Бурав C6 (4,1,6) → MOVE (5,2,5)
  [Team C] Провокатор C7 (9,5,5) → HOLOGRAM (9,4,6)
  [Team C] Паук C8 (1,6,5) → MINE (1,5,6)
  [Team C] Тишина C5 → SKIP
! 🎮 GM: принудительно завершает фазу планирования
GM: end_planning
# 
============================================================
# 🔄 ОБРАБОТКА ХОДА 3
# ============================================================
   🌀 Тишина A5: фаза ВЫКЛ
!    ⚠️ Провокатор A7: клетка (1,5,7) уже занята голограммой
!    ⚠️ Провокатор C7: клетка (9,4,6) уже занята голограммой
!    ⚠️ Паук B8: в клетке уже стоит мина
   💣 Паук C8 установил мину M4 в (1,5,6)

📦 ПЕРЕМЕЩЕНИЯ:
✓    💥 Прыгун A3 тараном уничтожил Прыгун C3 в (4,1,7)
   Прыгун A3: (5, 3, 5) → (4,1,7)
!    ⚠️ Бурав A6: Бурав двигается только по 1 оси или по 2 осям строго диагонально
   Радиовышка B2: (6, 5, 7) → (5,4,6)
   Факел B4: (8, 0, 7) → (7,1,7)
   Тишина B5: (7, 5, 7) → (6,4,6)
   Радиовышка C2: (3, 5, 6) → (2,5,7)
!    ⚠️ Бурав C6: Бурав двигается только по 1 оси или по 2 осям строго диагонально

🎯 ВЫСТРЕЛЫ:
   Выпущено ракет: 1
# 
📊 РЕЗУЛЬТАТЫ ХОДА 3:
🎯 Попаданий нет

--- Результаты хода ---
  Team A / Прыгун A3          → Team C / Прыгун C3          @ (4,1,7)  (УБИТ)

--- Состояние команд после хода ---
  Team A: живых 6/8
    ✓ Артиллерия A1      @ (1,5,8) hp=1/1
    ✓ Прыгун A3          @ (4,1,7) hp=2/2
    ✓ Факел A4           @ (1,4,8) hp=6/6
    ✓ Тишина A5          @ (5,8,8) hp=2/2
    ✓ Бурав A6           @ (4,7,5) hp=4/4
    ✓ Провокатор A7      @ (0,5,8) hp=2/2
    ✗ Радиовышка A2      @ (4,1,7) [уничтожен]
    ✗ Паук A8            @ (2,1,8) [уничтожен]
  Team B: живых 4/8
    ✓ Радиовышка B2      @ (5,4,6) hp=3/3
    ✓ Факел B4           @ (7,1,7) hp=6/6
    ✓ Тишина B5          @ (6,4,6) hp=2/2
    ✓ Паук B8            @ (9,3,7) hp=1/1
    ✗ Артиллерия B1      @ (5,0,7) [уничтожен]
    ✗ Прыгун B3          @ (4,1,7) [уничтожен]
    ✗ Бурав B6           @ (4,7,5) [уничтожен]
    ✗ Провокатор B7      @ (2,5,7) [уничтожен]
  Team C: живых 5/8
    ✓ Радиовышка C2      @ (2,5,7) hp=3/3
    ✓ Тишина C5          @ (4,7,5) hp=2/2
    ✓ Бурав C6           @ (4,1,6) hp=4/4
    ✓ Провокатор C7      @ (9,5,5) hp=2/2
    ✓ Паук C8            @ (1,6,5) hp=1/1
    ✗ Артиллерия C1      @ (5,6,5) [уничтожен]
    ✗ Прыгун C3          @ (4,1,7) [уничтожен]
    ✗ Факел C4           @ (5,3,5) [уничтожен]

======================================================================
ХОД 4
======================================================================
✓ 🎮 GM: начинаем ход
GM: start_turn

--- Радиовышки: сканирование слоя Z ---
  Радиовышка B2 (z=6): видит 1 врагов  → Бурав C6(4,1,6)
  Радиовышка C2 (z=7): видит 3 врагов  → Прыгун A3(4,1,7), Факел B4(7,1,7), Паук B8(9,3,7)

--- Решения ботов ---
  [Team A] Артиллерия A1 (1,5,8) → SHOOT at (1,6,5)
  [Team A] Прыгун A3 (4,1,7) → MOVE (4,1,6)
  [Team A] Тишина A5 (5,8,8) → MOVE (4,7,7)
  [Team A] Бурав A6 (4,7,5) → MOVE (3,6,6)
  [Team A] Провокатор A7 (0,5,8) → HOLOGRAM (1,5,7)
  [Team A] Факел A4 → SKIP
  [Team B] Радиовышка B2 (5,4,6) → MOVE (4,3,7)
  [Team B] Факел B4 (7,1,7) → SHOOT at (4,1,7)
  [Team B] Тишина B5 (6,4,6) → MOVE (5,3,7)
  [Team B] Паук B8 (9,3,7) → MINE (9,4,6)
  [Team C] Радиовышка C2 (2,5,7) → MOVE (1,5,8)
  [Team C] Бурав C6 (4,1,6) → MOVE (4,1,7)
  [Team C] Провокатор C7 (9,5,5) → HOLOGRAM (9,4,6)
  [Team C] Паук C8 (1,6,5) → MINE (1,5,6)
  [Team C] Тишина C5 → SKIP
! 🎮 GM: принудительно завершает фазу планирования
GM: end_planning
# 
============================================================
# 🔄 ОБРАБОТКА ХОДА 4
# ============================================================
!    ⚠️ Провокатор A7: клетка (1,5,7) уже занята голограммой
!    ⚠️ Провокатор C7: клетка (9,4,6) уже занята голограммой
!    ⚠️ Паук B8: в клетке уже стоит мина
!    ⚠️ Паук C8: в клетке уже стоит мина

📦 ПЕРЕМЕЩЕНИЯ:
✓    💥 Прыгун A3 тараном уничтожил Бурав C6 в (4,1,6)
   Прыгун A3: (4, 1, 7) → (4,1,6)
   Тишина A5: (5, 8, 8) → (4,7,7)
!    ⚠️ Бурав A6: Бурав двигается только по 1 оси или по 2 осям строго диагонально
   Радиовышка B2: (5, 4, 6) → (4,3,7)
   Тишина B5: (6, 4, 6) → (5,3,7)
!    ⚠️ Радиовышка C2: клетка (1,5,8) занята

🎯 ВЫСТРЕЛЫ:
✓    ✅ Артиллерия A1 поразил Паук C8 (2 урона)!
   Выпущено ракет: 2
# 
📊 РЕЗУЛЬТАТЫ ХОДА 4:
✓ 💥 ПОПАДАНИЯ:
✓    Артиллерия A1 (Team A) → Паук C8 (Team C)

--- Результаты хода ---
  Team A / Прыгун A3          → Team C / Бурав C6           @ (4,1,6)  (УБИТ)
  Team A / Артиллерия A1      → Team C / Паук C8            @ (1,6,5)  (УБИТ)

--- Состояние команд после хода ---
  Team A: живых 6/8
    ✓ Артиллерия A1      @ (1,5,8) hp=1/1
    ✓ Прыгун A3          @ (4,1,6) hp=2/2
    ✓ Факел A4           @ (1,4,8) hp=6/6
    ✓ Тишина A5          @ (4,7,7) hp=2/2
    ✓ Бурав A6           @ (4,7,5) hp=4/4
    ✓ Провокатор A7      @ (0,5,8) hp=2/2
    ✗ Радиовышка A2      @ (4,1,7) [уничтожен]
    ✗ Паук A8            @ (2,1,8) [уничтожен]
  Team B: живых 4/8
    ✓ Радиовышка B2      @ (4,3,7) hp=3/3
    ✓ Факел B4           @ (7,1,7) hp=6/6
    ✓ Тишина B5          @ (5,3,7) hp=2/2
    ✓ Паук B8            @ (9,3,7) hp=1/1
    ✗ Артиллерия B1      @ (5,0,7) [уничтожен]
    ✗ Прыгун B3          @ (4,1,7) [уничтожен]
    ✗ Бурав B6           @ (4,7,5) [уничтожен]
    ✗ Провокатор B7      @ (2,5,7) [уничтожен]
  Team C: живых 3/8
    ✓ Радиовышка C2      @ (2,5,7) hp=3/3
    ✓ Тишина C5          @ (4,7,5) hp=2/2
    ✓ Провокатор C7      @ (9,5,5) hp=2/2
    ✗ Артиллерия C1      @ (5,6,5) [уничтожен]
    ✗ Прыгун C3          @ (4,1,7) [уничтожен]
    ✗ Факел C4           @ (5,3,5) [уничтожен]
    ✗ Бурав C6           @ (4,1,6) [уничтожен]
    ✗ Паук C8            @ (1,6,5) [уничтожен]

======================================================================
ХОД 5
======================================================================
✓ 🎮 GM: начинаем ход
GM: start_turn

--- Радиовышки: сканирование слоя Z ---
  Радиовышка B2 (z=7): видит 2 врагов [+1 эксклюзивно] → Тишина A5(4,7,7), Радиовышка C2(2,5,7)
  Радиовышка C2 (z=7): видит 4 врагов [+2 эксклюзивно] → Тишина A5(4,7,7), Радиовышка B2(4,3,7), Факел B4(7,1,7), Паук B8(9,3,7)

--- Решения ботов ---
  [Team A] Артиллерия A1 (1,5,8) → SHOOT at (7,1,7)
  [Team A] Прыгун A3 (4,1,6) → MOVE (4,3,7)
  [Team A] Тишина A5 (4,7,7) → MOVE (3,6,7)
  [Team A] Бурав A6 (4,7,5) → MOVE (3,6,6)
  [Team A] Провокатор A7 (0,5,8) → HOLOGRAM (1,5,7)
  [Team A] Факел A4 → SKIP
  [Team B] Радиовышка B2 (4,3,7) → MOVE (4,2,6)
  [Team B] Факел B4 (7,1,7) → MOVE (6,2,7)
  [Team B] Тишина B5 (5,3,7) → MOVE (5,2,6)
  [Team B] Паук B8 (9,3,7) → MINE (9,4,6)
  [Team C] Радиовышка C2 (2,5,7) → MOVE (1,5,8)
  [Team C] Провокатор C7 (9,5,5) → HOLOGRAM (9,4,6)
  [Team C] Тишина C5 → SKIP
! 🎮 GM: принудительно завершает фазу планирования
GM: end_planning
# 
============================================================
# 🔄 ОБРАБОТКА ХОДА 5
# ============================================================
!    ⚠️ Провокатор A7: клетка (1,5,7) уже занята голограммой
!    ⚠️ Провокатор C7: клетка (9,4,6) уже занята голограммой
!    ⚠️ Паук B8: в клетке уже стоит мина

📦 ПЕРЕМЕЩЕНИЯ:
✓    💥 Прыгун A3 тараном уничтожил Радиовышка B2 в (4,3,7)
   Прыгун A3: (4, 1, 6) → (4,3,7)
   Тишина A5: (4, 7, 7) → (3,6,7)
!    ⚠️ Бурав A6: Бурав двигается только по 1 оси или по 2 осям строго диагонально
   Факел B4: (7, 1, 7) → (6,2,7)
   Тишина B5: (5, 3, 7) → (5,2,6)
!    ⚠️ Радиовышка C2: клетка (1,5,8) занята

🎯 ВЫСТРЕЛЫ:
   Выпущено ракет: 1
# 
📊 РЕЗУЛЬТАТЫ ХОДА 5:
🎯 Попаданий нет

--- Результаты хода ---
  Team A / Прыгун A3          → Team B / Радиовышка B2      @ (4,3,7)  (УБИТ)

--- Состояние команд после хода ---
  Team A: живых 6/8
    ✓ Артиллерия A1      @ (1,5,8) hp=1/1
    ✓ Прыгун A3          @ (4,3,7) hp=2/2
    ✓ Факел A4           @ (1,4,8) hp=6/6
    ✓ Тишина A5          @ (3,6,7) hp=2/2
    ✓ Бурав A6           @ (4,7,5) hp=4/4
    ✓ Провокатор A7      @ (0,5,8) hp=2/2
    ✗ Радиовышка A2      @ (4,1,7) [уничтожен]
    ✗ Паук A8            @ (2,1,8) [уничтожен]
  Team B: живых 3/8
    ✓ Факел B4           @ (6,2,7) hp=6/6
    ✓ Тишина B5          @ (5,2,6) hp=2/2
    ✓ Паук B8            @ (9,3,7) hp=1/1
    ✗ Артиллерия B1      @ (5,0,7) [уничтожен]
    ✗ Радиовышка B2      @ (4,3,7) [уничтожен]
    ✗ Прыгун B3          @ (4,1,7) [уничтожен]
    ✗ Бурав B6           @ (4,7,5) [уничтожен]
    ✗ Провокатор B7      @ (2,5,7) [уничтожен]
  Team C: живых 3/8
    ✓ Радиовышка C2      @ (2,5,7) hp=3/3
    ✓ Тишина C5          @ (4,7,5) hp=2/2
    ✓ Провокатор C7      @ (9,5,5) hp=2/2
    ✗ Артиллерия C1      @ (5,6,5) [уничтожен]
    ✗ Прыгун C3          @ (4,1,7) [уничтожен]
    ✗ Факел C4           @ (5,3,5) [уничтожен]
    ✗ Бурав C6           @ (4,1,6) [уничтожен]
    ✗ Паук C8            @ (1,6,5) [уничтожен]

======================================================================
ХОД 6
======================================================================
✓ 🎮 GM: начинаем ход
GM: start_turn

--- Радиовышки: сканирование слоя Z ---
  Радиовышка C2 (z=7): видит 4 врагов [+1 эксклюзивно] → Тишина A5(3,6,7), Прыгун A3(4,3,7), Факел B4(6,2,7), Паук B8(9,3,7)

--- Решения ботов ---
  [Team A] Артиллерия A1 (1,5,8) → SHOOT at (6,2,7)
  [Team A] Прыгун A3 (4,3,7) → MOVE (6,2,7)
  [Team A] Тишина A5 (3,6,7) → PHASE toggle
  [Team A] Бурав A6 (4,7,5) → MOVE (3,6,6)
  [Team A] Провокатор A7 (0,5,8) → HOLOGRAM (1,5,7)
  [Team A] Факел A4 → SKIP
  [Team B] Факел B4 (6,2,7) → MOVE (6,2,6)
  [Team B] Тишина B5 (5,2,6) → MOVE (4,3,7)
  [Team B] Паук B8 (9,3,7) → MINE (9,4,6)
  [Team C] Радиовышка C2 (2,5,7) → MOVE (1,5,8)
  [Team C] Провокатор C7 (9,5,5) → HOLOGRAM (9,4,6)
  [Team C] Тишина C5 → SKIP
! 🎮 GM: принудительно завершает фазу планирования
GM: end_planning
# 
============================================================
# 🔄 ОБРАБОТКА ХОДА 6
# ============================================================
   🌀 Тишина A5: фаза ВКЛ
!    ⚠️ Провокатор A7: клетка (1,5,7) уже занята голограммой
!    ⚠️ Провокатор C7: клетка (9,4,6) уже занята голограммой
!    ⚠️ Паук B8: в клетке уже стоит мина

📦 ПЕРЕМЕЩЕНИЯ:
✓    💥 Прыгун A3 тараном уничтожил Факел B4 в (6,2,7)
   Прыгун A3: (4, 3, 7) → (6,2,7)
!    ⚠️ Бурав A6: Бурав двигается только по 1 оси или по 2 осям строго диагонально
   Тишина B5: (5, 2, 6) → (4,3,7)
!    ⚠️ Радиовышка C2: клетка (1,5,8) занята

🎯 ВЫСТРЕЛЫ:
   Выпущено ракет: 1
# 
📊 РЕЗУЛЬТАТЫ ХОДА 6:
🎯 Попаданий нет

--- Результаты хода ---
  Team A / Прыгун A3          → Team B / Факел B4           @ (6,2,7)  (УБИТ)

--- Состояние команд после хода ---
  Team A: живых 6/8
    ✓ Артиллерия A1      @ (1,5,8) hp=1/1
    ✓ Прыгун A3          @ (6,2,7) hp=2/2
    ✓ Факел A4           @ (1,4,8) hp=6/6
    ✓ Тишина A5          @ (3,6,7) hp=2/2
    ✓ Бурав A6           @ (4,7,5) hp=4/4
    ✓ Провокатор A7      @ (0,5,8) hp=2/2
    ✗ Радиовышка A2      @ (4,1,7) [уничтожен]
    ✗ Паук A8            @ (2,1,8) [уничтожен]
  Team B: живых 2/8
    ✓ Тишина B5          @ (4,3,7) hp=2/2
    ✓ Паук B8            @ (9,3,7) hp=1/1
    ✗ Артиллерия B1      @ (5,0,7) [уничтожен]
    ✗ Радиовышка B2      @ (4,3,7) [уничтожен]
    ✗ Прыгун B3          @ (4,1,7) [уничтожен]
    ✗ Факел B4           @ (6,2,7) [уничтожен]
    ✗ Бурав B6           @ (4,7,5) [уничтожен]
    ✗ Провокатор B7      @ (2,5,7) [уничтожен]
  Team C: живых 3/8
    ✓ Радиовышка C2      @ (2,5,7) hp=3/3
    ✓ Тишина C5          @ (4,7,5) hp=2/2
    ✓ Провокатор C7      @ (9,5,5) hp=2/2
    ✗ Артиллерия C1      @ (5,6,5) [уничтожен]
    ✗ Прыгун C3          @ (4,1,7) [уничтожен]
    ✗ Факел C4           @ (5,3,5) [уничтожен]
    ✗ Бурав C6           @ (4,1,6) [уничтожен]
    ✗ Паук C8            @ (1,6,5) [уничтожен]

======================================================================
ХОД 7
======================================================================
✓ 🎮 GM: начинаем ход
GM: start_turn

--- Радиовышки: сканирование слоя Z ---
  Радиовышка C2 (z=7): видит 2 врагов  → Прыгун A3(6,2,7), Паук B8(9,3,7)

--- Решения ботов ---
  [Team A] Артиллерия A1 (1,5,8) → SHOOT at (9,5,5)
  [Team A] Прыгун A3 (6,2,7) → MOVE (7,3,7)
  [Team A] Тишина A5 (3,6,7) → PHASE toggle
  [Team A] Бурав A6 (4,7,5) → MOVE (3,6,6)
  [Team A] Провокатор A7 (0,5,8) → HOLOGRAM (1,5,7)
  [Team A] Факел A4 → SKIP
  [Team B] Тишина B5 (4,3,7) → MOVE (5,2,7)
  [Team B] Паук B8 (9,3,7) → MINE (9,4,6)
  [Team C] Радиовышка C2 (2,5,7) → MOVE (1,5,8)
  [Team C] Провокатор C7 (9,5,5) → HOLOGRAM (9,4,6)
  [Team C] Тишина C5 → SKIP
! 🎮 GM: принудительно завершает фазу планирования
GM: end_planning
# 
============================================================
# 🔄 ОБРАБОТКА ХОДА 7
# ============================================================
   🌀 Тишина A5: фаза ВЫКЛ
!    ⚠️ Провокатор A7: клетка (1,5,7) уже занята голограммой
!    ⚠️ Провокатор C7: клетка (9,4,6) уже занята голограммой
!    ⚠️ Паук B8: в клетке уже стоит мина

📦 ПЕРЕМЕЩЕНИЯ:
   Прыгун A3: (6, 2, 7) → (7,3,7)
!    ⚠️ Бурав A6: Бурав двигается только по 1 оси или по 2 осям строго диагонально
   Тишина B5: (4, 3, 7) → (5,2,7)
!    ⚠️ Радиовышка C2: клетка (1,5,8) занята

🎯 ВЫСТРЕЛЫ:
✓    ✅ Артиллерия A1 поразил Провокатор C7 (2 урона)!
   Выпущено ракет: 1
# 
📊 РЕЗУЛЬТАТЫ ХОДА 7:
✓ 💥 ПОПАДАНИЯ:
✓    Артиллерия A1 (Team A) → Провокатор C7 (Team C)

--- Результаты хода ---
  Team A / Артиллерия A1      → Team C / Провокатор C7      @ (9,5,5)  (УБИТ)

--- Состояние команд после хода ---
  Team A: живых 6/8
    ✓ Артиллерия A1      @ (1,5,8) hp=1/1
    ✓ Прыгун A3          @ (7,3,7) hp=2/2
    ✓ Факел A4           @ (1,4,8) hp=6/6
    ✓ Тишина A5          @ (3,6,7) hp=2/2
    ✓ Бурав A6           @ (4,7,5) hp=4/4
    ✓ Провокатор A7      @ (0,5,8) hp=2/2
    ✗ Радиовышка A2      @ (4,1,7) [уничтожен]
    ✗ Паук A8            @ (2,1,8) [уничтожен]
  Team B: живых 2/8
    ✓ Тишина B5          @ (5,2,7) hp=2/2
    ✓ Паук B8            @ (9,3,7) hp=1/1
    ✗ Артиллерия B1      @ (5,0,7) [уничтожен]
    ✗ Радиовышка B2      @ (4,3,7) [уничтожен]
    ✗ Прыгун B3          @ (4,1,7) [уничтожен]
    ✗ Факел B4           @ (6,2,7) [уничтожен]
    ✗ Бурав B6           @ (4,7,5) [уничтожен]
    ✗ Провокатор B7      @ (2,5,7) [уничтожен]
  Team C: живых 2/8
    ✓ Радиовышка C2      @ (2,5,7) hp=3/3
    ✓ Тишина C5          @ (4,7,5) hp=2/2
    ✗ Артиллерия C1      @ (5,6,5) [уничтожен]
    ✗ Прыгун C3          @ (4,1,7) [уничтожен]
    ✗ Факел C4           @ (5,3,5) [уничтожен]
    ✗ Бурав C6           @ (4,1,6) [уничтожен]
    ✗ Провокатор C7      @ (9,5,5) [уничтожен]
    ✗ Паук C8            @ (1,6,5) [уничтожен]

======================================================================
ХОД 8
======================================================================
✓ 🎮 GM: начинаем ход
GM: start_turn

--- Радиовышки: сканирование слоя Z ---
  Радиовышка C2 (z=7): видит 3 врагов [+2 эксклюзивно] → Тишина A5(3,6,7), Прыгун A3(7,3,7), Паук B8(9,3,7)

--- Решения ботов ---
  [Team A] Артиллерия A1 (1,5,8) → SHOOT at (9,3,7)
  [Team A] Прыгун A3 (7,3,7) → MOVE (9,3,7)
  [Team A] Тишина A5 (3,6,7) → MOVE (2,5,7)
  [Team A] Бурав A6 (4,7,5) → MOVE (3,6,6)
  [Team A] Провокатор A7 (0,5,8) → HOLOGRAM (1,5,7)
  [Team A] Факел A4 → SKIP
  [Team B] Тишина B5 (5,2,7) → MOVE (6,3,7)
  [Team B] Паук B8 (9,3,7) → MINE (8,3,7)
  [Team C] Радиовышка C2 (2,5,7) → MOVE (1,5,8)
  [Team C] Тишина C5 → SKIP
! 🎮 GM: принудительно завершает фазу планирования
GM: end_planning
# 
============================================================
# 🔄 ОБРАБОТКА ХОДА 8
# ============================================================
!    ⚠️ Провокатор A7: клетка (1,5,7) уже занята голограммой
   💣 Паук B8 установил мину M5 в (8,3,7)

📦 ПЕРЕМЕЩЕНИЯ:
✓    💥 Прыгун A3 тараном уничтожил Паук B8 в (9,3,7)
   Прыгун A3: (7, 3, 7) → (9,3,7)
!    ⚠️ Тишина A5: клетка (2,5,7) занята
!    ⚠️ Бурав A6: Бурав двигается только по 1 оси или по 2 осям строго диагонально
   Тишина B5: (5, 2, 7) → (6,3,7)
!    ⚠️ Радиовышка C2: клетка (1,5,8) занята

🎯 ВЫСТРЕЛЫ:
   Выпущено ракет: 1
# 
📊 РЕЗУЛЬТАТЫ ХОДА 8:
🎯 Попаданий нет

--- Результаты хода ---
  Team A / Прыгун A3          → Team B / Паук B8            @ (9,3,7)  (УБИТ)

--- Состояние команд после хода ---
  Team A: живых 6/8
    ✓ Артиллерия A1      @ (1,5,8) hp=1/1
    ✓ Прыгун A3          @ (9,3,7) hp=2/2
    ✓ Факел A4           @ (1,4,8) hp=6/6
    ✓ Тишина A5          @ (3,6,7) hp=2/2
    ✓ Бурав A6           @ (4,7,5) hp=4/4
    ✓ Провокатор A7      @ (0,5,8) hp=2/2
    ✗ Радиовышка A2      @ (4,1,7) [уничтожен]
    ✗ Паук A8            @ (2,1,8) [уничтожен]
  Team B: живых 1/8
    ✓ Тишина B5          @ (6,3,7) hp=2/2
    ✗ Артиллерия B1      @ (5,0,7) [уничтожен]
    ✗ Радиовышка B2      @ (4,3,7) [уничтожен]
    ✗ Прыгун B3          @ (4,1,7) [уничтожен]
    ✗ Факел B4           @ (6,2,7) [уничтожен]
    ✗ Бурав B6           @ (4,7,5) [уничтожен]
    ✗ Провокатор B7      @ (2,5,7) [уничтожен]
    ✗ Паук B8            @ (9,3,7) [уничтожен]
  Team C: живых 2/8
    ✓ Радиовышка C2      @ (2,5,7) hp=3/3
    ✓ Тишина C5          @ (4,7,5) hp=2/2
    ✗ Артиллерия C1      @ (5,6,5) [уничтожен]
    ✗ Прыгун C3          @ (4,1,7) [уничтожен]
    ✗ Факел C4           @ (5,3,5) [уничтожен]
    ✗ Бурав C6           @ (4,1,6) [уничтожен]
    ✗ Провокатор C7      @ (9,5,5) [уничтожен]
    ✗ Паук C8            @ (1,6,5) [уничтожен]

======================================================================
ХОД 9
======================================================================
✓ 🎮 GM: начинаем ход
GM: start_turn

--- Радиовышки: сканирование слоя Z ---
  Радиовышка C2 (z=7): видит 2 врагов [+1 эксклюзивно] → Тишина A5(3,6,7), Прыгун A3(9,3,7)

--- Решения ботов ---
  [Team A] Артиллерия A1 (1,5,8) → SHOOT at (2,5,7)
  [Team A] Прыгун A3 (9,3,7) → MOVE (8,4,7)
  [Team A] Тишина A5 (3,6,7) → MOVE (2,5,7)
  [Team A] Бурав A6 (4,7,5) → MOVE (3,6,6)
  [Team A] Провокатор A7 (0,5,8) → HOLOGRAM (1,5,7)
  [Team A] Факел A4 → SKIP
  [Team B] Тишина B5 (6,3,7) → MOVE (7,3,7)
  [Team C] Радиовышка C2 (2,5,7) → MOVE (1,5,8)
  [Team C] Тишина C5 → SKIP
! 🎮 GM: принудительно завершает фазу планирования
GM: end_planning
# 
============================================================
# 🔄 ОБРАБОТКА ХОДА 9
# ============================================================
!    ⚠️ Провокатор A7: клетка (1,5,7) уже занята голограммой

📦 ПЕРЕМЕЩЕНИЯ:
   Прыгун A3: (9, 3, 7) → (8,4,7)
!    ⚠️ Тишина A5: клетка (2,5,7) занята
!    ⚠️ Бурав A6: Бурав двигается только по 1 оси или по 2 осям строго диагонально
   Тишина B5: (6, 3, 7) → (7,3,7)
!    ⚠️ Радиовышка C2: клетка (1,5,8) занята

🎯 ВЫСТРЕЛЫ:
✓    ✅ Артиллерия A1 поразил Радиовышка C2 (2 урона)!
   Выпущено ракет: 1
# 
📊 РЕЗУЛЬТАТЫ ХОДА 9:
✓ 💥 ПОПАДАНИЯ:
✓    Артиллерия A1 (Team A) → Радиовышка C2 (Team C)

--- Результаты хода ---
  Team A / Артиллерия A1      → Team C / Радиовышка C2      @ (2,5,7)  (ранен)

--- Состояние команд после хода ---
  Team A: живых 6/8
    ✓ Артиллерия A1      @ (1,5,8) hp=1/1
    ✓ Прыгун A3          @ (8,4,7) hp=2/2
    ✓ Факел A4           @ (1,4,8) hp=6/6
    ✓ Тишина A5          @ (3,6,7) hp=2/2
    ✓ Бурав A6           @ (4,7,5) hp=4/4
    ✓ Провокатор A7      @ (0,5,8) hp=2/2
    ✗ Радиовышка A2      @ (4,1,7) [уничтожен]
    ✗ Паук A8            @ (2,1,8) [уничтожен]
  Team B: живых 1/8
    ✓ Тишина B5          @ (7,3,7) hp=2/2
    ✗ Артиллерия B1      @ (5,0,7) [уничтожен]
    ✗ Радиовышка B2      @ (4,3,7) [уничтожен]
    ✗ Прыгун B3          @ (4,1,7) [уничтожен]
    ✗ Факел B4           @ (6,2,7) [уничтожен]
    ✗ Бурав B6           @ (4,7,5) [уничтожен]
    ✗ Провокатор B7      @ (2,5,7) [уничтожен]
    ✗ Паук B8            @ (9,3,7) [уничтожен]
  Team C: живых 2/8
    ✓ Радиовышка C2      @ (2,5,7) hp=1/3
    ✓ Тишина C5          @ (4,7,5) hp=2/2
    ✗ Артиллерия C1      @ (5,6,5) [уничтожен]
    ✗ Прыгун C3          @ (4,1,7) [уничтожен]
    ✗ Факел C4           @ (5,3,5) [уничтожен]
    ✗ Бурав C6           @ (4,1,6) [уничтожен]
    ✗ Провокатор C7      @ (9,5,5) [уничтожен]
    ✗ Паук C8            @ (1,6,5) [уничтожен]

======================================================================
ХОД 10
======================================================================
✓ 🎮 GM: начинаем ход
GM: start_turn

--- Радиовышки: сканирование слоя Z ---
  Радиовышка C2 (z=7): видит 2 врагов [+1 эксклюзивно] → Тишина A5(3,6,7), Прыгун A3(8,4,7)

--- Решения ботов ---
  [Team A] Артиллерия A1 (1,5,8) → SHOOT at (2,5,7)
  [Team A] Прыгун A3 (8,4,7) → MOVE (7,5,7)
  [Team A] Тишина A5 (3,6,7) → MOVE (2,5,7)
  [Team A] Бурав A6 (4,7,5) → MOVE (3,6,6)
  [Team A] Провокатор A7 (0,5,8) → HOLOGRAM (1,5,7)
  [Team A] Факел A4 → SKIP
  [Team B] Тишина B5 (7,3,7) → MOVE (8,4,7)
  [Team C] Радиовышка C2 (2,5,7) → MOVE (1,5,8)
  [Team C] Тишина C5 → SKIP
! 🎮 GM: принудительно завершает фазу планирования
GM: end_planning
# 
============================================================
# 🔄 ОБРАБОТКА ХОДА 10
# ============================================================
!    ⚠️ Провокатор A7: клетка (1,5,7) уже занята голограммой

📦 ПЕРЕМЕЩЕНИЯ:
   Прыгун A3: (8, 4, 7) → (7,5,7)
!    ⚠️ Тишина A5: клетка (2,5,7) занята
!    ⚠️ Бурав A6: Бурав двигается только по 1 оси или по 2 осям строго диагонально
   Тишина B5: (7, 3, 7) → (8,4,7)
!    ⚠️ Радиовышка C2: клетка (1,5,8) занята

🎯 ВЫСТРЕЛЫ:
✓    ✅ Артиллерия A1 поразил Радиовышка C2 (2 урона)!
   Выпущено ракет: 1
# 
📊 РЕЗУЛЬТАТЫ ХОДА 10:
✓ 💥 ПОПАДАНИЯ:
✓    Артиллерия A1 (Team A) → Радиовышка C2 (Team C)

--- Результаты хода ---
  Team A / Артиллерия A1      → Team C / Радиовышка C2      @ (2,5,7)  (УБИТ)

--- Состояние команд после хода ---
  Team A: живых 6/8
    ✓ Артиллерия A1      @ (1,5,8) hp=1/1
    ✓ Прыгун A3          @ (7,5,7) hp=2/2
    ✓ Факел A4           @ (1,4,8) hp=6/6
    ✓ Тишина A5          @ (3,6,7) hp=2/2
    ✓ Бурав A6           @ (4,7,5) hp=4/4
    ✓ Провокатор A7      @ (0,5,8) hp=2/2
    ✗ Радиовышка A2      @ (4,1,7) [уничтожен]
    ✗ Паук A8            @ (2,1,8) [уничтожен]
  Team B: живых 1/8
    ✓ Тишина B5          @ (8,4,7) hp=2/2
    ✗ Артиллерия B1      @ (5,0,7) [уничтожен]
    ✗ Радиовышка B2      @ (4,3,7) [уничтожен]
    ✗ Прыгун B3          @ (4,1,7) [уничтожен]
    ✗ Факел B4           @ (6,2,7) [уничтожен]
    ✗ Бурав B6           @ (4,7,5) [уничтожен]
    ✗ Провокатор B7      @ (2,5,7) [уничтожен]
    ✗ Паук B8            @ (9,3,7) [уничтожен]
  Team C: живых 1/8
    ✓ Тишина C5          @ (4,7,5) hp=2/2
    ✗ Артиллерия C1      @ (5,6,5) [уничтожен]
    ✗ Радиовышка C2      @ (2,5,7) [уничтожен]
    ✗ Прыгун C3          @ (4,1,7) [уничтожен]
    ✗ Факел C4           @ (5,3,5) [уничтожен]
    ✗ Бурав C6           @ (4,1,6) [уничтожен]
    ✗ Провокатор C7      @ (9,5,5) [уничтожен]
    ✗ Паук C8            @ (1,6,5) [уничтожен]

======================================================================
ХОД 11
======================================================================
✓ 🎮 GM: начинаем ход
GM: start_turn

--- Радиовышки: сканирование слоя Z ---
  (у команд не осталось живых радиовышек)

--- Решения ботов ---
  [Team A] Артиллерия A1 (1,5,8) → SHOOT at (7,9,5)
  [Team A] Прыгун A3 (7,5,7) → MOVE (6,5,6)
  [Team A] Тишина A5 (3,6,7) → MOVE (4,5,6)
  [Team A] Бурав A6 (4,7,5) → MOVE (5,6,5)
  [Team A] Провокатор A7 (0,5,8) → MOVE (1,5,7)
  [Team A] Факел A4 → SKIP
  [Team B] Тишина B5 (8,4,7) → MOVE (7,5,7)
  [Team C] все корабли пропускают ход
! 🎮 GM: принудительно завершает фазу планирования
GM: end_planning
# 
============================================================
# 🔄 ОБРАБОТКА ХОДА 11
# ============================================================

📦 ПЕРЕМЕЩЕНИЯ:
   Прыгун A3: (7, 5, 7) → (6,5,6)
   Тишина A5: (3, 6, 7) → (4,5,6)
   Бурав A6: (4, 7, 5) → (5,6,5)
!    ⚠️ Провокатор A7: клетка (1,5,7) занята
   Тишина B5: (8, 4, 7) → (7,5,7)

🎯 ВЫСТРЕЛЫ:
   Выпущено ракет: 1
# 
📊 РЕЗУЛЬТАТЫ ХОДА 11:
🎯 Попаданий нет

--- Результаты хода ---
  Попаданий нет

--- Состояние команд после хода ---
  Team A: живых 6/8
    ✓ Артиллерия A1      @ (1,5,8) hp=1/1
    ✓ Прыгун A3          @ (6,5,6) hp=2/2
    ✓ Факел A4           @ (1,4,8) hp=6/6
    ✓ Тишина A5          @ (4,5,6) hp=2/2
    ✓ Бурав A6           @ (5,6,5) hp=4/4
    ✓ Провокатор A7      @ (0,5,8) hp=2/2
    ✗ Радиовышка A2      @ (4,1,7) [уничтожен]
    ✗ Паук A8            @ (2,1,8) [уничтожен]
  Team B: живых 1/8
    ✓ Тишина B5          @ (7,5,7) hp=2/2
    ✗ Артиллерия B1      @ (5,0,7) [уничтожен]
    ✗ Радиовышка B2      @ (4,3,7) [уничтожен]
    ✗ Прыгун B3          @ (4,1,7) [уничтожен]
    ✗ Факел B4           @ (6,2,7) [уничтожен]
    ✗ Бурав B6           @ (4,7,5) [уничтожен]
    ✗ Провокатор B7      @ (2,5,7) [уничтожен]
    ✗ Паук B8            @ (9,3,7) [уничтожен]
  Team C: живых 1/8
    ✓ Тишина C5          @ (4,7,5) hp=2/2
    ✗ Артиллерия C1      @ (5,6,5) [уничтожен]
    ✗ Радиовышка C2      @ (2,5,7) [уничтожен]
    ✗ Прыгун C3          @ (4,1,7) [уничтожен]
    ✗ Факел C4           @ (5,3,5) [уничтожен]
    ✗ Бурав C6           @ (4,1,6) [уничтожен]
    ✗ Провокатор C7      @ (9,5,5) [уничтожен]
    ✗ Паук C8            @ (1,6,5) [уничтожен]

======================================================================
ХОД 12
======================================================================
✓ 🎮 GM: начинаем ход
GM: start_turn

--- Радиовышки: сканирование слоя Z ---
  (у команд не осталось живых радиовышек)

--- Решения ботов ---
  [Team A] Артиллерия A1 (1,5,8) → SHOOT at (9,9,8)
  [Team A] Прыгун A3 (6,5,6) → MOVE (5,5,5)
  [Team A] Тишина A5 (4,5,6) → MOVE (4,5,5)
  [Team A] Провокатор A7 (0,5,8) → MOVE (1,5,7)
  [Team A] Факел A4 → SKIP
  [Team A] Бурав A6 → SKIP
  [Team B] Тишина B5 (7,5,7) → MOVE (6,5,6)
  [Team C] Тишина C5 (4,7,5) → MOVE (5,6,5)
! 🎮 GM: принудительно завершает фазу планирования
GM: end_planning
# 
============================================================
# 🔄 ОБРАБОТКА ХОДА 12
# ============================================================

📦 ПЕРЕМЕЩЕНИЯ:
   Прыгун A3: (6, 5, 6) → (5,5,5)
   Тишина A5: (4, 5, 6) → (4,5,5)
!    ⚠️ Провокатор A7: клетка (1,5,7) занята
   Тишина B5: (7, 5, 7) → (6,5,6)
!    ⚠️ Тишина C5: клетка (5,6,5) занята

🎯 ВЫСТРЕЛЫ:
   Выпущено ракет: 1
# 
📊 РЕЗУЛЬТАТЫ ХОДА 12:
🎯 Попаданий нет

--- Результаты хода ---
  Попаданий нет

--- Состояние команд после хода ---
  Team A: живых 6/8
    ✓ Артиллерия A1      @ (1,5,8) hp=1/1
    ✓ Прыгун A3          @ (5,5,5) hp=2/2
    ✓ Факел A4           @ (1,4,8) hp=6/6
    ✓ Тишина A5          @ (4,5,5) hp=2/2
    ✓ Бурав A6           @ (5,6,5) hp=4/4
    ✓ Провокатор A7      @ (0,5,8) hp=2/2
    ✗ Радиовышка A2      @ (4,1,7) [уничтожен]
    ✗ Паук A8            @ (2,1,8) [уничтожен]
  Team B: живых 1/8
    ✓ Тишина B5          @ (6,5,6) hp=2/2
    ✗ Артиллерия B1      @ (5,0,7) [уничтожен]
    ✗ Радиовышка B2      @ (4,3,7) [уничтожен]
    ✗ Прыгун B3          @ (4,1,7) [уничтожен]
    ✗ Факел B4           @ (6,2,7) [уничтожен]
    ✗ Бурав B6           @ (4,7,5) [уничтожен]
    ✗ Провокатор B7      @ (2,5,7) [уничтожен]
    ✗ Паук B8            @ (9,3,7) [уничтожен]
  Team C: живых 1/8
    ✓ Тишина C5          @ (4,7,5) hp=2/2
    ✗ Артиллерия C1      @ (5,6,5) [уничтожен]
    ✗ Радиовышка C2      @ (2,5,7) [уничтожен]
    ✗ Прыгун C3          @ (4,1,7) [уничтожен]
    ✗ Факел C4           @ (5,3,5) [уничтожен]
    ✗ Бурав C6           @ (4,1,6) [уничтожен]
    ✗ Провокатор C7      @ (9,5,5) [уничтожен]
    ✗ Паук C8            @ (1,6,5) [уничтожен]

======================================================================
ХОД 13
======================================================================
✓ 🎮 GM: начинаем ход
GM: start_turn

--- Радиовышки: сканирование слоя Z ---
  (у команд не осталось живых радиовышек)

--- Решения ботов ---
  [Team A] Артиллерия A1 (1,5,8) → SHOOT at (7,9,4)
  [Team A] Провокатор A7 (0,5,8) → MOVE (1,5,7)
  [Team A] Факел A4 → SKIP
  [Team A] Прыгун A3 → SKIP
  [Team A] Тишина A5 → SKIP
  [Team A] Бурав A6 → SKIP
  [Team B] Тишина B5 (6,5,6) → MOVE (5,5,5)
  [Team C] Тишина C5 (4,7,5) → MOVE (5,6,5)
! 🎮 GM: принудительно завершает фазу планирования
GM: end_planning
# 
============================================================
# 🔄 ОБРАБОТКА ХОДА 13
# ============================================================

📦 ПЕРЕМЕЩЕНИЯ:
!    ⚠️ Провокатор A7: клетка (1,5,7) занята
!    ⚠️ Тишина B5: клетка (5,5,5) занята
!    ⚠️ Тишина C5: клетка (5,6,5) занята

🎯 ВЫСТРЕЛЫ:
   Выпущено ракет: 1
# 
📊 РЕЗУЛЬТАТЫ ХОДА 13:
🎯 Попаданий нет

--- Результаты хода ---
  Попаданий нет

--- Состояние команд после хода ---
  Team A: живых 6/8
    ✓ Артиллерия A1      @ (1,5,8) hp=1/1
    ✓ Прыгун A3          @ (5,5,5) hp=2/2
    ✓ Факел A4           @ (1,4,8) hp=6/6
    ✓ Тишина A5          @ (4,5,5) hp=2/2
    ✓ Бурав A6           @ (5,6,5) hp=4/4
    ✓ Провокатор A7      @ (0,5,8) hp=2/2
    ✗ Радиовышка A2      @ (4,1,7) [уничтожен]
    ✗ Паук A8            @ (2,1,8) [уничтожен]
  Team B: живых 1/8
    ✓ Тишина B5          @ (6,5,6) hp=2/2
    ✗ Артиллерия B1      @ (5,0,7) [уничтожен]
    ✗ Радиовышка B2      @ (4,3,7) [уничтожен]
    ✗ Прыгун B3          @ (4,1,7) [уничтожен]
    ✗ Факел B4           @ (6,2,7) [уничтожен]
    ✗ Бурав B6           @ (4,7,5) [уничтожен]
    ✗ Провокатор B7      @ (2,5,7) [уничтожен]
    ✗ Паук B8            @ (9,3,7) [уничтожен]
  Team C: живых 1/8
    ✓ Тишина C5          @ (4,7,5) hp=2/2
    ✗ Артиллерия C1      @ (5,6,5) [уничтожен]
    ✗ Радиовышка C2      @ (2,5,7) [уничтожен]
    ✗ Прыгун C3          @ (4,1,7) [уничтожен]
    ✗ Факел C4           @ (5,3,5) [уничтожен]
    ✗ Бурав C6           @ (4,1,6) [уничтожен]
    ✗ Провокатор C7      @ (9,5,5) [уничтожен]
    ✗ Паук C8            @ (1,6,5) [уничтожен]

======================================================================
ХОД 14
======================================================================
✓ 🎮 GM: начинаем ход
GM: start_turn

--- Радиовышки: сканирование слоя Z ---
  (у команд не осталось живых радиовышек)

--- Решения ботов ---
  [Team A] Артиллерия A1 (1,5,8) → SHOOT at (9,9,9)
  [Team A] Провокатор A7 (0,5,8) → MOVE (1,5,7)
  [Team A] Факел A4 → SKIP
  [Team A] Прыгун A3 → SKIP
  [Team A] Тишина A5 → SKIP
  [Team A] Бурав A6 → SKIP
  [Team B] Тишина B5 (6,5,6) → MOVE (5,5,5)
  [Team C] Тишина C5 (4,7,5) → MOVE (5,6,5)
! 🎮 GM: принудительно завершает фазу планирования
GM: end_planning
# 
============================================================
# 🔄 ОБРАБОТКА ХОДА 14
# ============================================================

📦 ПЕРЕМЕЩЕНИЯ:
!    ⚠️ Провокатор A7: клетка (1,5,7) занята
!    ⚠️ Тишина B5: клетка (5,5,5) занята
!    ⚠️ Тишина C5: клетка (5,6,5) занята

🎯 ВЫСТРЕЛЫ:
   Выпущено ракет: 1
# 
📊 РЕЗУЛЬТАТЫ ХОДА 14:
🎯 Попаданий нет

--- Результаты хода ---
  Попаданий нет

--- Состояние команд после хода ---
  Team A: живых 6/8
    ✓ Артиллерия A1      @ (1,5,8) hp=1/1
    ✓ Прыгун A3          @ (5,5,5) hp=2/2
    ✓ Факел A4           @ (1,4,8) hp=6/6
    ✓ Тишина A5          @ (4,5,5) hp=2/2
    ✓ Бурав A6           @ (5,6,5) hp=4/4
    ✓ Провокатор A7      @ (0,5,8) hp=2/2
    ✗ Радиовышка A2      @ (4,1,7) [уничтожен]
    ✗ Паук A8            @ (2,1,8) [уничтожен]
  Team B: живых 1/8
    ✓ Тишина B5          @ (6,5,6) hp=2/2
    ✗ Артиллерия B1      @ (5,0,7) [уничтожен]
    ✗ Радиовышка B2      @ (4,3,7) [уничтожен]
    ✗ Прыгун B3          @ (4,1,7) [уничтожен]
    ✗ Факел B4           @ (6,2,7) [уничтожен]
    ✗ Бурав B6           @ (4,7,5) [уничтожен]
    ✗ Провокатор B7      @ (2,5,7) [уничтожен]
    ✗ Паук B8            @ (9,3,7) [уничтожен]
  Team C: живых 1/8
    ✓ Тишина C5          @ (4,7,5) hp=2/2
    ✗ Артиллерия C1      @ (5,6,5) [уничтожен]
    ✗ Радиовышка C2      @ (2,5,7) [уничтожен]
    ✗ Прыгун C3          @ (4,1,7) [уничтожен]
    ✗ Факел C4           @ (5,3,5) [уничтожен]
    ✗ Бурав C6           @ (4,1,6) [уничтожен]
    ✗ Провокатор C7      @ (9,5,5) [уничтожен]
    ✗ Паук C8            @ (1,6,5) [уничтожен]

======================================================================
ХОД 15
======================================================================
✓ 🎮 GM: начинаем ход
GM: start_turn

--- Радиовышки: сканирование слоя Z ---
  (у команд не осталось живых радиовышек)

--- Решения ботов ---
  [Team A] Артиллерия A1 (1,5,8) → SHOOT at (4,9,4)
  [Team A] Провокатор A7 (0,5,8) → MOVE (1,5,7)
  [Team A] Факел A4 → SKIP
  [Team A] Прыгун A3 → SKIP
  [Team A] Тишина A5 → SKIP
  [Team A] Бурав A6 → SKIP
  [Team B] Тишина B5 (6,5,6) → MOVE (5,5,5)
  [Team C] Тишина C5 (4,7,5) → MOVE (5,6,5)
! 🎮 GM: принудительно завершает фазу планирования
GM: end_planning
# 
============================================================
# 🔄 ОБРАБОТКА ХОДА 15
# ============================================================

📦 ПЕРЕМЕЩЕНИЯ:
!    ⚠️ Провокатор A7: клетка (1,5,7) занята
!    ⚠️ Тишина B5: клетка (5,5,5) занята
!    ⚠️ Тишина C5: клетка (5,6,5) занята

🎯 ВЫСТРЕЛЫ:
   Выпущено ракет: 1
# 
📊 РЕЗУЛЬТАТЫ ХОДА 15:
🎯 Попаданий нет

--- Результаты хода ---
  Попаданий нет

--- Состояние команд после хода ---
  Team A: живых 6/8
    ✓ Артиллерия A1      @ (1,5,8) hp=1/1
    ✓ Прыгун A3          @ (5,5,5) hp=2/2
    ✓ Факел A4           @ (1,4,8) hp=6/6
    ✓ Тишина A5          @ (4,5,5) hp=2/2
    ✓ Бурав A6           @ (5,6,5) hp=4/4
    ✓ Провокатор A7      @ (0,5,8) hp=2/2
    ✗ Радиовышка A2      @ (4,1,7) [уничтожен]
    ✗ Паук A8            @ (2,1,8) [уничтожен]
  Team B: живых 1/8
    ✓ Тишина B5          @ (6,5,6) hp=2/2
    ✗ Артиллерия B1      @ (5,0,7) [уничтожен]
    ✗ Радиовышка B2      @ (4,3,7) [уничтожен]
    ✗ Прыгун B3          @ (4,1,7) [уничтожен]
    ✗ Факел B4           @ (6,2,7) [уничтожен]
    ✗ Бурав B6           @ (4,7,5) [уничтожен]
    ✗ Провокатор B7      @ (2,5,7) [уничтожен]
    ✗ Паук B8            @ (9,3,7) [уничтожен]
  Team C: живых 1/8
    ✓ Тишина C5          @ (4,7,5) hp=2/2
    ✗ Артиллерия C1      @ (5,6,5) [уничтожен]
    ✗ Радиовышка C2      @ (2,5,7) [уничтожен]
    ✗ Прыгун C3          @ (4,1,7) [уничтожен]
    ✗ Факел C4           @ (5,3,5) [уничтожен]
    ✗ Бурав C6           @ (4,1,6) [уничтожен]
    ✗ Провокатор C7      @ (9,5,5) [уничтожен]
    ✗ Паук C8            @ (1,6,5) [уничтожен]

======================================================================
ХОД 16
======================================================================
✓ 🎮 GM: начинаем ход
GM: start_turn

--- Радиовышки: сканирование слоя Z ---
  (у команд не осталось живых радиовышек)

--- Решения ботов ---
  [Team A] Артиллерия A1 (1,5,8) → SHOOT at (7,9,5)
  [Team A] Провокатор A7 (0,5,8) → MOVE (1,5,7)
  [Team A] Факел A4 → SKIP
  [Team A] Прыгун A3 → SKIP
  [Team A] Тишина A5 → SKIP
  [Team A] Бурав A6 → SKIP
  [Team B] Тишина B5 (6,5,6) → MOVE (5,5,5)
  [Team C] Тишина C5 (4,7,5) → MOVE (5,6,5)
! 🎮 GM: принудительно завершает фазу планирования
GM: end_planning
# 
============================================================
# 🔄 ОБРАБОТКА ХОДА 16
# ============================================================

📦 ПЕРЕМЕЩЕНИЯ:
!    ⚠️ Провокатор A7: клетка (1,5,7) занята
!    ⚠️ Тишина B5: клетка (5,5,5) занята
!    ⚠️ Тишина C5: клетка (5,6,5) занята

🎯 ВЫСТРЕЛЫ:
   Выпущено ракет: 1
# 
📊 РЕЗУЛЬТАТЫ ХОДА 16:
🎯 Попаданий нет

--- Результаты хода ---
  Попаданий нет

--- Состояние команд после хода ---
  Team A: живых 6/8
    ✓ Артиллерия A1      @ (1,5,8) hp=1/1
    ✓ Прыгун A3          @ (5,5,5) hp=2/2
    ✓ Факел A4           @ (1,4,8) hp=6/6
    ✓ Тишина A5          @ (4,5,5) hp=2/2
    ✓ Бурав A6           @ (5,6,5) hp=4/4
    ✓ Провокатор A7      @ (0,5,8) hp=2/2
    ✗ Радиовышка A2      @ (4,1,7) [уничтожен]
    ✗ Паук A8            @ (2,1,8) [уничтожен]
  Team B: живых 1/8
    ✓ Тишина B5          @ (6,5,6) hp=2/2
    ✗ Артиллерия B1      @ (5,0,7) [уничтожен]
    ✗ Радиовышка B2      @ (4,3,7) [уничтожен]
    ✗ Прыгун B3          @ (4,1,7) [уничтожен]
    ✗ Факел B4           @ (6,2,7) [уничтожен]
    ✗ Бурав B6           @ (4,7,5) [уничтожен]
    ✗ Провокатор B7      @ (2,5,7) [уничтожен]
    ✗ Паук B8            @ (9,3,7) [уничтожен]
  Team C: живых 1/8
    ✓ Тишина C5          @ (4,7,5) hp=2/2
    ✗ Артиллерия C1      @ (5,6,5) [уничтожен]
    ✗ Радиовышка C2      @ (2,5,7) [уничтожен]
    ✗ Прыгун C3          @ (4,1,7) [уничтожен]
    ✗ Факел C4           @ (5,3,5) [уничтожен]
    ✗ Бурав C6           @ (4,1,6) [уничтожен]
    ✗ Провокатор C7      @ (9,5,5) [уничтожен]
    ✗ Паук C8            @ (1,6,5) [уничтожен]

======================================================================
ХОД 17
======================================================================
✓ 🎮 GM: начинаем ход
GM: start_turn

--- Радиовышки: сканирование слоя Z ---
  (у команд не осталось живых радиовышек)

--- Решения ботов ---
  [Team A] Артиллерия A1 (1,5,8) → SHOOT at (4,9,4)
  [Team A] Провокатор A7 (0,5,8) → MOVE (1,5,7)
  [Team A] Факел A4 → SKIP
  [Team A] Прыгун A3 → SKIP
  [Team A] Тишина A5 → SKIP
  [Team A] Бурав A6 → SKIP
  [Team B] Тишина B5 (6,5,6) → MOVE (5,5,5)
  [Team C] Тишина C5 (4,7,5) → MOVE (5,6,5)
! 🎮 GM: принудительно завершает фазу планирования
GM: end_planning
# 
============================================================
# 🔄 ОБРАБОТКА ХОДА 17
# ============================================================

📦 ПЕРЕМЕЩЕНИЯ:
!    ⚠️ Провокатор A7: клетка (1,5,7) занята
!    ⚠️ Тишина B5: клетка (5,5,5) занята
!    ⚠️ Тишина C5: клетка (5,6,5) занята

🎯 ВЫСТРЕЛЫ:
   Выпущено ракет: 1
# 
📊 РЕЗУЛЬТАТЫ ХОДА 17:
🎯 Попаданий нет

--- Результаты хода ---
  Попаданий нет

--- Состояние команд после хода ---
  Team A: живых 6/8
    ✓ Артиллерия A1      @ (1,5,8) hp=1/1
    ✓ Прыгун A3          @ (5,5,5) hp=2/2
    ✓ Факел A4           @ (1,4,8) hp=6/6
    ✓ Тишина A5          @ (4,5,5) hp=2/2
    ✓ Бурав A6           @ (5,6,5) hp=4/4
    ✓ Провокатор A7      @ (0,5,8) hp=2/2
    ✗ Радиовышка A2      @ (4,1,7) [уничтожен]
    ✗ Паук A8            @ (2,1,8) [уничтожен]
  Team B: живых 1/8
    ✓ Тишина B5          @ (6,5,6) hp=2/2
    ✗ Артиллерия B1      @ (5,0,7) [уничтожен]
    ✗ Радиовышка B2      @ (4,3,7) [уничтожен]
    ✗ Прыгун B3          @ (4,1,7) [уничтожен]
    ✗ Факел B4           @ (6,2,7) [уничтожен]
    ✗ Бурав B6           @ (4,7,5) [уничтожен]
    ✗ Провокатор B7      @ (2,5,7) [уничтожен]
    ✗ Паук B8            @ (9,3,7) [уничтожен]
  Team C: живых 1/8
    ✓ Тишина C5          @ (4,7,5) hp=2/2
    ✗ Артиллерия C1      @ (5,6,5) [уничтожен]
    ✗ Радиовышка C2      @ (2,5,7) [уничтожен]
    ✗ Прыгун C3          @ (4,1,7) [уничтожен]
    ✗ Факел C4           @ (5,3,5) [уничтожен]
    ✗ Бурав C6           @ (4,1,6) [уничтожен]
    ✗ Провокатор C7      @ (9,5,5) [уничтожен]
    ✗ Паук C8            @ (1,6,5) [уничтожен]

======================================================================
ХОД 18
======================================================================
✓ 🎮 GM: начинаем ход
GM: start_turn

--- Радиовышки: сканирование слоя Z ---
  (у команд не осталось живых радиовышек)

--- Решения ботов ---
  [Team A] Артиллерия A1 (1,5,8) → SHOOT at (7,9,4)
  [Team A] Провокатор A7 (0,5,8) → MOVE (1,5,7)
  [Team A] Факел A4 → SKIP
  [Team A] Прыгун A3 → SKIP
  [Team A] Тишина A5 → SKIP
  [Team A] Бурав A6 → SKIP
  [Team B] Тишина B5 (6,5,6) → MOVE (5,5,5)
  [Team C] Тишина C5 (4,7,5) → MOVE (5,6,5)
! 🎮 GM: принудительно завершает фазу планирования
GM: end_planning
# 
============================================================
# 🔄 ОБРАБОТКА ХОДА 18
# ============================================================

📦 ПЕРЕМЕЩЕНИЯ:
!    ⚠️ Провокатор A7: клетка (1,5,7) занята
!    ⚠️ Тишина B5: клетка (5,5,5) занята
!    ⚠️ Тишина C5: клетка (5,6,5) занята

🎯 ВЫСТРЕЛЫ:
   Выпущено ракет: 1
# 
📊 РЕЗУЛЬТАТЫ ХОДА 18:
🎯 Попаданий нет

--- Результаты хода ---
  Попаданий нет

--- Состояние команд после хода ---
  Team A: живых 6/8
    ✓ Артиллерия A1      @ (1,5,8) hp=1/1
    ✓ Прыгун A3          @ (5,5,5) hp=2/2
    ✓ Факел A4           @ (1,4,8) hp=6/6
    ✓ Тишина A5          @ (4,5,5) hp=2/2
    ✓ Бурав A6           @ (5,6,5) hp=4/4
    ✓ Провокатор A7      @ (0,5,8) hp=2/2
    ✗ Радиовышка A2      @ (4,1,7) [уничтожен]
    ✗ Паук A8            @ (2,1,8) [уничтожен]
  Team B: живых 1/8
    ✓ Тишина B5          @ (6,5,6) hp=2/2
    ✗ Артиллерия B1      @ (5,0,7) [уничтожен]
    ✗ Радиовышка B2      @ (4,3,7) [уничтожен]
    ✗ Прыгун B3          @ (4,1,7) [уничтожен]
    ✗ Факел B4           @ (6,2,7) [уничтожен]
    ✗ Бурав B6           @ (4,7,5) [уничтожен]
    ✗ Провокатор B7      @ (2,5,7) [уничтожен]
    ✗ Паук B8            @ (9,3,7) [уничтожен]
  Team C: живых 1/8
    ✓ Тишина C5          @ (4,7,5) hp=2/2
    ✗ Артиллерия C1      @ (5,6,5) [уничтожен]
    ✗ Радиовышка C2      @ (2,5,7) [уничтожен]
    ✗ Прыгун C3          @ (4,1,7) [уничтожен]
    ✗ Факел C4           @ (5,3,5) [уничтожен]
    ✗ Бурав C6           @ (4,1,6) [уничтожен]
    ✗ Провокатор C7      @ (9,5,5) [уничтожен]
    ✗ Паук C8            @ (1,6,5) [уничтожен]

======================================================================
ХОД 19
======================================================================
✓ 🎮 GM: начинаем ход
GM: start_turn

--- Радиовышки: сканирование слоя Z ---
  (у команд не осталось живых радиовышек)

--- Решения ботов ---
  [Team A] Артиллерия A1 (1,5,8) → SHOOT at (9,9,8)
  [Team A] Провокатор A7 (0,5,8) → MOVE (1,5,7)
  [Team A] Факел A4 → SKIP
  [Team A] Прыгун A3 → SKIP
  [Team A] Тишина A5 → SKIP
  [Team A] Бурав A6 → SKIP
  [Team B] Тишина B5 (6,5,6) → MOVE (5,5,5)
  [Team C] Тишина C5 (4,7,5) → MOVE (5,6,5)
! 🎮 GM: принудительно завершает фазу планирования
GM: end_planning
# 
============================================================
# 🔄 ОБРАБОТКА ХОДА 19
# ============================================================

📦 ПЕРЕМЕЩЕНИЯ:
!    ⚠️ Провокатор A7: клетка (1,5,7) занята
!    ⚠️ Тишина B5: клетка (5,5,5) занята
!    ⚠️ Тишина C5: клетка (5,6,5) занята

🎯 ВЫСТРЕЛЫ:
   Выпущено ракет: 1
# 
📊 РЕЗУЛЬТАТЫ ХОДА 19:
🎯 Попаданий нет

--- Результаты хода ---
  Попаданий нет

--- Состояние команд после хода ---
  Team A: живых 6/8
    ✓ Артиллерия A1      @ (1,5,8) hp=1/1
    ✓ Прыгун A3          @ (5,5,5) hp=2/2
    ✓ Факел A4           @ (1,4,8) hp=6/6
    ✓ Тишина A5          @ (4,5,5) hp=2/2
    ✓ Бурав A6           @ (5,6,5) hp=4/4
    ✓ Провокатор A7      @ (0,5,8) hp=2/2
    ✗ Радиовышка A2      @ (4,1,7) [уничтожен]
    ✗ Паук A8            @ (2,1,8) [уничтожен]
  Team B: живых 1/8
    ✓ Тишина B5          @ (6,5,6) hp=2/2
    ✗ Артиллерия B1      @ (5,0,7) [уничтожен]
    ✗ Радиовышка B2      @ (4,3,7) [уничтожен]
    ✗ Прыгун B3          @ (4,1,7) [уничтожен]
    ✗ Факел B4           @ (6,2,7) [уничтожен]
    ✗ Бурав B6           @ (4,7,5) [уничтожен]
    ✗ Провокатор B7      @ (2,5,7) [уничтожен]
    ✗ Паук B8            @ (9,3,7) [уничтожен]
  Team C: живых 1/8
    ✓ Тишина C5          @ (4,7,5) hp=2/2
    ✗ Артиллерия C1      @ (5,6,5) [уничтожен]
    ✗ Радиовышка C2      @ (2,5,7) [уничтожен]
    ✗ Прыгун C3          @ (4,1,7) [уничтожен]
    ✗ Факел C4           @ (5,3,5) [уничтожен]
    ✗ Бурав C6           @ (4,1,6) [уничтожен]
    ✗ Провокатор C7      @ (9,5,5) [уничтожен]
    ✗ Паук C8            @ (1,6,5) [уничтожен]

======================================================================
ХОД 20
======================================================================
✓ 🎮 GM: начинаем ход
GM: start_turn

--- Радиовышки: сканирование слоя Z ---
  (у команд не осталось живых радиовышек)

--- Решения ботов ---
  [Team A] Артиллерия A1 (1,5,8) → SHOOT at (9,4,9)
  [Team A] Провокатор A7 (0,5,8) → MOVE (1,5,7)
  [Team A] Факел A4 → SKIP
  [Team A] Прыгун A3 → SKIP
  [Team A] Тишина A5 → SKIP
  [Team A] Бурав A6 → SKIP
  [Team B] Тишина B5 (6,5,6) → MOVE (5,5,5)
  [Team C] Тишина C5 (4,7,5) → MOVE (5,6,5)
! 🎮 GM: принудительно завершает фазу планирования
GM: end_planning
# 
============================================================
# 🔄 ОБРАБОТКА ХОДА 20
# ============================================================

📦 ПЕРЕМЕЩЕНИЯ:
!    ⚠️ Провокатор A7: клетка (1,5,7) занята
!    ⚠️ Тишина B5: клетка (5,5,5) занята
!    ⚠️ Тишина C5: клетка (5,6,5) занята

🎯 ВЫСТРЕЛЫ:
   Выпущено ракет: 1
# 
📊 РЕЗУЛЬТАТЫ ХОДА 20:
🎯 Попаданий нет

--- Результаты хода ---
  Попаданий нет

--- Состояние команд после хода ---
  Team A: живых 6/8
    ✓ Артиллерия A1      @ (1,5,8) hp=1/1
    ✓ Прыгун A3          @ (5,5,5) hp=2/2
    ✓ Факел A4           @ (1,4,8) hp=6/6
    ✓ Тишина A5          @ (4,5,5) hp=2/2
    ✓ Бурав A6           @ (5,6,5) hp=4/4
    ✓ Провокатор A7      @ (0,5,8) hp=2/2
    ✗ Радиовышка A2      @ (4,1,7) [уничтожен]
    ✗ Паук A8            @ (2,1,8) [уничтожен]
  Team B: живых 1/8
    ✓ Тишина B5          @ (6,5,6) hp=2/2
    ✗ Артиллерия B1      @ (5,0,7) [уничтожен]
    ✗ Радиовышка B2      @ (4,3,7) [уничтожен]
    ✗ Прыгун B3          @ (4,1,7) [уничтожен]
    ✗ Факел B4           @ (6,2,7) [уничтожен]
    ✗ Бурав B6           @ (4,7,5) [уничтожен]
    ✗ Провокатор B7      @ (2,5,7) [уничтожен]
    ✗ Паук B8            @ (9,3,7) [уничтожен]
  Team C: живых 1/8
    ✓ Тишина C5          @ (4,7,5) hp=2/2
    ✗ Артиллерия C1      @ (5,6,5) [уничтожен]
    ✗ Радиовышка C2      @ (2,5,7) [уничтожен]
    ✗ Прыгун C3          @ (4,1,7) [уничтожен]
    ✗ Факел C4           @ (5,3,5) [уничтожен]
    ✗ Бурав C6           @ (4,1,6) [уничтожен]
    ✗ Провокатор C7      @ (9,5,5) [уничтожен]
    ✗ Паук C8            @ (1,6,5) [уничтожен]

======================================================================
ХОД 21
======================================================================
✓ 🎮 GM: начинаем ход
GM: start_turn

--- Радиовышки: сканирование слоя Z ---
  (у команд не осталось живых радиовышек)

--- Решения ботов ---
  [Team A] Артиллерия A1 (1,5,8) → SHOOT at (9,4,9)
  [Team A] Провокатор A7 (0,5,8) → MOVE (1,5,7)
  [Team A] Факел A4 → SKIP
  [Team A] Прыгун A3 → SKIP
  [Team A] Тишина A5 → SKIP
  [Team A] Бурав A6 → SKIP
  [Team B] Тишина B5 (6,5,6) → MOVE (5,5,5)
  [Team C] Тишина C5 (4,7,5) → MOVE (5,6,5)
! 🎮 GM: принудительно завершает фазу планирования
GM: end_planning
# 
============================================================
# 🔄 ОБРАБОТКА ХОДА 21
# ============================================================

📦 ПЕРЕМЕЩЕНИЯ:
!    ⚠️ Провокатор A7: клетка (1,5,7) занята
!    ⚠️ Тишина B5: клетка (5,5,5) занята
!    ⚠️ Тишина C5: клетка (5,6,5) занята

🎯 ВЫСТРЕЛЫ:
   Выпущено ракет: 1
# 
📊 РЕЗУЛЬТАТЫ ХОДА 21:
🎯 Попаданий нет

--- Результаты хода ---
  Попаданий нет

--- Состояние команд после хода ---
  Team A: живых 6/8
    ✓ Артиллерия A1      @ (1,5,8) hp=1/1
    ✓ Прыгун A3          @ (5,5,5) hp=2/2
    ✓ Факел A4           @ (1,4,8) hp=6/6
    ✓ Тишина A5          @ (4,5,5) hp=2/2
    ✓ Бурав A6           @ (5,6,5) hp=4/4
    ✓ Провокатор A7      @ (0,5,8) hp=2/2
    ✗ Радиовышка A2      @ (4,1,7) [уничтожен]
    ✗ Паук A8            @ (2,1,8) [уничтожен]
  Team B: живых 1/8
    ✓ Тишина B5          @ (6,5,6) hp=2/2
    ✗ Артиллерия B1      @ (5,0,7) [уничтожен]
    ✗ Радиовышка B2      @ (4,3,7) [уничтожен]
    ✗ Прыгун B3          @ (4,1,7) [уничтожен]
    ✗ Факел B4           @ (6,2,7) [уничтожен]
    ✗ Бурав B6           @ (4,7,5) [уничтожен]
    ✗ Провокатор B7      @ (2,5,7) [уничтожен]
    ✗ Паук B8            @ (9,3,7) [уничтожен]
  Team C: живых 1/8
    ✓ Тишина C5          @ (4,7,5) hp=2/2
    ✗ Артиллерия C1      @ (5,6,5) [уничтожен]
    ✗ Радиовышка C2      @ (2,5,7) [уничтожен]
    ✗ Прыгун C3          @ (4,1,7) [уничтожен]
    ✗ Факел C4           @ (5,3,5) [уничтожен]
    ✗ Бурав C6           @ (4,1,6) [уничтожен]
    ✗ Провокатор C7      @ (9,5,5) [уничтожен]
    ✗ Паук C8            @ (1,6,5) [уничтожен]

======================================================================
ХОД 22
======================================================================
✓ 🎮 GM: начинаем ход
GM: start_turn

--- Радиовышки: сканирование слоя Z ---
  (у команд не осталось живых радиовышек)

--- Решения ботов ---
  [Team A] Артиллерия A1 (1,5,8) → SHOOT at (9,9,8)
  [Team A] Провокатор A7 (0,5,8) → MOVE (1,5,7)
  [Team A] Факел A4 → SKIP
  [Team A] Прыгун A3 → SKIP
  [Team A] Тишина A5 → SKIP
  [Team A] Бурав A6 → SKIP
  [Team B] Тишина B5 (6,5,6) → MOVE (5,5,5)
  [Team C] Тишина C5 (4,7,5) → MOVE (5,6,5)
! 🎮 GM: принудительно завершает фазу планирования
GM: end_planning
# 
============================================================
# 🔄 ОБРАБОТКА ХОДА 22
# ============================================================

📦 ПЕРЕМЕЩЕНИЯ:
!    ⚠️ Провокатор A7: клетка (1,5,7) занята
!    ⚠️ Тишина B5: клетка (5,5,5) занята
!    ⚠️ Тишина C5: клетка (5,6,5) занята

🎯 ВЫСТРЕЛЫ:
   Выпущено ракет: 1
# 
📊 РЕЗУЛЬТАТЫ ХОДА 22:
🎯 Попаданий нет

--- Результаты хода ---
  Попаданий нет

--- Состояние команд после хода ---
  Team A: живых 6/8
    ✓ Артиллерия A1      @ (1,5,8) hp=1/1
    ✓ Прыгун A3          @ (5,5,5) hp=2/2
    ✓ Факел A4           @ (1,4,8) hp=6/6
    ✓ Тишина A5          @ (4,5,5) hp=2/2
    ✓ Бурав A6           @ (5,6,5) hp=4/4
    ✓ Провокатор A7      @ (0,5,8) hp=2/2
    ✗ Радиовышка A2      @ (4,1,7) [уничтожен]
    ✗ Паук A8            @ (2,1,8) [уничтожен]
  Team B: живых 1/8
    ✓ Тишина B5          @ (6,5,6) hp=2/2
    ✗ Артиллерия B1      @ (5,0,7) [уничтожен]
    ✗ Радиовышка B2      @ (4,3,7) [уничтожен]
    ✗ Прыгун B3          @ (4,1,7) [уничтожен]
    ✗ Факел B4           @ (6,2,7) [уничтожен]
    ✗ Бурав B6           @ (4,7,5) [уничтожен]
    ✗ Провокатор B7      @ (2,5,7) [уничтожен]
    ✗ Паук B8            @ (9,3,7) [уничтожен]
  Team C: живых 1/8
    ✓ Тишина C5          @ (4,7,5) hp=2/2
    ✗ Артиллерия C1      @ (5,6,5) [уничтожен]
    ✗ Радиовышка C2      @ (2,5,7) [уничтожен]
    ✗ Прыгун C3          @ (4,1,7) [уничтожен]
    ✗ Факел C4           @ (5,3,5) [уничтожен]
    ✗ Бурав C6           @ (4,1,6) [уничтожен]
    ✗ Провокатор C7      @ (9,5,5) [уничтожен]
    ✗ Паук C8            @ (1,6,5) [уничтожен]

======================================================================
ХОД 23
======================================================================
✓ 🎮 GM: начинаем ход
GM: start_turn

--- Радиовышки: сканирование слоя Z ---
  (у команд не осталось живых радиовышек)

--- Решения ботов ---
  [Team A] Артиллерия A1 (1,5,8) → SHOOT at (7,9,4)
  [Team A] Провокатор A7 (0,5,8) → MOVE (1,5,7)
  [Team A] Факел A4 → SKIP
  [Team A] Прыгун A3 → SKIP
  [Team A] Тишина A5 → SKIP
  [Team A] Бурав A6 → SKIP
  [Team B] Тишина B5 (6,5,6) → MOVE (5,5,5)
  [Team C] Тишина C5 (4,7,5) → MOVE (5,6,5)
! 🎮 GM: принудительно завершает фазу планирования
GM: end_planning
# 
============================================================
# 🔄 ОБРАБОТКА ХОДА 23
# ============================================================

📦 ПЕРЕМЕЩЕНИЯ:
!    ⚠️ Провокатор A7: клетка (1,5,7) занята
!    ⚠️ Тишина B5: клетка (5,5,5) занята
!    ⚠️ Тишина C5: клетка (5,6,5) занята

🎯 ВЫСТРЕЛЫ:
   Выпущено ракет: 1
# 
📊 РЕЗУЛЬТАТЫ ХОДА 23:
🎯 Попаданий нет

--- Результаты хода ---
  Попаданий нет

--- Состояние команд после хода ---
  Team A: живых 6/8
    ✓ Артиллерия A1      @ (1,5,8) hp=1/1
    ✓ Прыгун A3          @ (5,5,5) hp=2/2
    ✓ Факел A4           @ (1,4,8) hp=6/6
    ✓ Тишина A5          @ (4,5,5) hp=2/2
    ✓ Бурав A6           @ (5,6,5) hp=4/4
    ✓ Провокатор A7      @ (0,5,8) hp=2/2
    ✗ Радиовышка A2      @ (4,1,7) [уничтожен]
    ✗ Паук A8            @ (2,1,8) [уничтожен]
  Team B: живых 1/8
    ✓ Тишина B5          @ (6,5,6) hp=2/2
    ✗ Артиллерия B1      @ (5,0,7) [уничтожен]
    ✗ Радиовышка B2      @ (4,3,7) [уничтожен]
    ✗ Прыгун B3          @ (4,1,7) [уничтожен]
    ✗ Факел B4           @ (6,2,7) [уничтожен]
    ✗ Бурав B6           @ (4,7,5) [уничтожен]
    ✗ Провокатор B7      @ (2,5,7) [уничтожен]
    ✗ Паук B8            @ (9,3,7) [уничтожен]
  Team C: живых 1/8
    ✓ Тишина C5          @ (4,7,5) hp=2/2
    ✗ Артиллерия C1      @ (5,6,5) [уничтожен]
    ✗ Радиовышка C2      @ (2,5,7) [уничтожен]
    ✗ Прыгун C3          @ (4,1,7) [уничтожен]
    ✗ Факел C4           @ (5,3,5) [уничтожен]
    ✗ Бурав C6           @ (4,1,6) [уничтожен]
    ✗ Провокатор C7      @ (9,5,5) [уничтожен]
    ✗ Паук C8            @ (1,6,5) [уничтожен]

======================================================================
ХОД 24
======================================================================
✓ 🎮 GM: начинаем ход
GM: start_turn

--- Радиовышки: сканирование слоя Z ---
  (у команд не осталось живых радиовышек)

--- Решения ботов ---
  [Team A] Артиллерия A1 (1,5,8) → SHOOT at (9,9,9)
  [Team A] Провокатор A7 (0,5,8) → MOVE (1,5,7)
  [Team A] Факел A4 → SKIP
  [Team A] Прыгун A3 → SKIP
  [Team A] Тишина A5 → SKIP
  [Team A] Бурав A6 → SKIP
  [Team B] Тишина B5 (6,5,6) → MOVE (5,5,5)
  [Team C] Тишина C5 (4,7,5) → MOVE (5,6,5)
! 🎮 GM: принудительно завершает фазу планирования
GM: end_planning
# 
============================================================
# 🔄 ОБРАБОТКА ХОДА 24
# ============================================================

📦 ПЕРЕМЕЩЕНИЯ:
!    ⚠️ Провокатор A7: клетка (1,5,7) занята
!    ⚠️ Тишина B5: клетка (5,5,5) занята
!    ⚠️ Тишина C5: клетка (5,6,5) занята

🎯 ВЫСТРЕЛЫ:
   Выпущено ракет: 1
# 
📊 РЕЗУЛЬТАТЫ ХОДА 24:
🎯 Попаданий нет

--- Результаты хода ---
  Попаданий нет

--- Состояние команд после хода ---
  Team A: живых 6/8
    ✓ Артиллерия A1      @ (1,5,8) hp=1/1
    ✓ Прыгун A3          @ (5,5,5) hp=2/2
    ✓ Факел A4           @ (1,4,8) hp=6/6
    ✓ Тишина A5          @ (4,5,5) hp=2/2
    ✓ Бурав A6           @ (5,6,5) hp=4/4
    ✓ Провокатор A7      @ (0,5,8) hp=2/2
    ✗ Радиовышка A2      @ (4,1,7) [уничтожен]
    ✗ Паук A8            @ (2,1,8) [уничтожен]
  Team B: живых 1/8
    ✓ Тишина B5          @ (6,5,6) hp=2/2
    ✗ Артиллерия B1      @ (5,0,7) [уничтожен]
    ✗ Радиовышка B2      @ (4,3,7) [уничтожен]
    ✗ Прыгун B3          @ (4,1,7) [уничтожен]
    ✗ Факел B4           @ (6,2,7) [уничтожен]
    ✗ Бурав B6           @ (4,7,5) [уничтожен]
    ✗ Провокатор B7      @ (2,5,7) [уничтожен]
    ✗ Паук B8            @ (9,3,7) [уничтожен]
  Team C: живых 1/8
    ✓ Тишина C5          @ (4,7,5) hp=2/2
    ✗ Артиллерия C1      @ (5,6,5) [уничтожен]
    ✗ Радиовышка C2      @ (2,5,7) [уничтожен]
    ✗ Прыгун C3          @ (4,1,7) [уничтожен]
    ✗ Факел C4           @ (5,3,5) [уничтожен]
    ✗ Бурав C6           @ (4,1,6) [уничтожен]
    ✗ Провокатор C7      @ (9,5,5) [уничтожен]
    ✗ Паук C8            @ (1,6,5) [уничтожен]

======================================================================
ХОД 25
======================================================================
✓ 🎮 GM: начинаем ход
GM: start_turn

--- Радиовышки: сканирование слоя Z ---
  (у команд не осталось живых радиовышек)

--- Решения ботов ---
  [Team A] Артиллерия A1 (1,5,8) → SHOOT at (4,9,5)
  [Team A] Провокатор A7 (0,5,8) → MOVE (1,5,7)
  [Team A] Факел A4 → SKIP
  [Team A] Прыгун A3 → SKIP
  [Team A] Тишина A5 → SKIP
  [Team A] Бурав A6 → SKIP
  [Team B] Тишина B5 (6,5,6) → MOVE (5,5,5)
  [Team C] Тишина C5 (4,7,5) → MOVE (5,6,5)
! 🎮 GM: принудительно завершает фазу планирования
GM: end_planning
# 
============================================================
# 🔄 ОБРАБОТКА ХОДА 25
# ============================================================

📦 ПЕРЕМЕЩЕНИЯ:
!    ⚠️ Провокатор A7: клетка (1,5,7) занята
!    ⚠️ Тишина B5: клетка (5,5,5) занята
!    ⚠️ Тишина C5: клетка (5,6,5) занята

🎯 ВЫСТРЕЛЫ:
   Выпущено ракет: 1
# 
📊 РЕЗУЛЬТАТЫ ХОДА 25:
🎯 Попаданий нет

--- Результаты хода ---
  Попаданий нет

--- Состояние команд после хода ---
  Team A: живых 6/8
    ✓ Артиллерия A1      @ (1,5,8) hp=1/1
    ✓ Прыгун A3          @ (5,5,5) hp=2/2
    ✓ Факел A4           @ (1,4,8) hp=6/6
    ✓ Тишина A5          @ (4,5,5) hp=2/2
    ✓ Бурав A6           @ (5,6,5) hp=4/4
    ✓ Провокатор A7      @ (0,5,8) hp=2/2
    ✗ Радиовышка A2      @ (4,1,7) [уничтожен]
    ✗ Паук A8            @ (2,1,8) [уничтожен]
  Team B: живых 1/8
    ✓ Тишина B5          @ (6,5,6) hp=2/2
    ✗ Артиллерия B1      @ (5,0,7) [уничтожен]
    ✗ Радиовышка B2      @ (4,3,7) [уничтожен]
    ✗ Прыгун B3          @ (4,1,7) [уничтожен]
    ✗ Факел B4           @ (6,2,7) [уничтожен]
    ✗ Бурав B6           @ (4,7,5) [уничтожен]
    ✗ Провокатор B7      @ (2,5,7) [уничтожен]
    ✗ Паук B8            @ (9,3,7) [уничтожен]
  Team C: живых 1/8
    ✓ Тишина C5          @ (4,7,5) hp=2/2
    ✗ Артиллерия C1      @ (5,6,5) [уничтожен]
    ✗ Радиовышка C2      @ (2,5,7) [уничтожен]
    ✗ Прыгун C3          @ (4,1,7) [уничтожен]
    ✗ Факел C4           @ (5,3,5) [уничтожен]
    ✗ Бурав C6           @ (4,1,6) [уничтожен]
    ✗ Провокатор C7      @ (9,5,5) [уничтожен]
    ✗ Паук C8            @ (1,6,5) [уничтожен]

======================================================================
ХОД 26
======================================================================
✓ 🎮 GM: начинаем ход
GM: start_turn

--- Радиовышки: сканирование слоя Z ---
  (у команд не осталось живых радиовышек)

--- Решения ботов ---
  [Team A] Артиллерия A1 (1,5,8) → SHOOT at (9,4,9)
  [Team A] Провокатор A7 (0,5,8) → MOVE (1,5,7)
  [Team A] Факел A4 → SKIP
  [Team A] Прыгун A3 → SKIP
  [Team A] Тишина A5 → SKIP
  [Team A] Бурав A6 → SKIP
  [Team B] Тишина B5 (6,5,6) → MOVE (5,5,5)
  [Team C] Тишина C5 (4,7,5) → MOVE (5,6,5)
! 🎮 GM: принудительно завершает фазу планирования
GM: end_planning
# 
============================================================
# 🔄 ОБРАБОТКА ХОДА 26
# ============================================================

📦 ПЕРЕМЕЩЕНИЯ:
!    ⚠️ Провокатор A7: клетка (1,5,7) занята
!    ⚠️ Тишина B5: клетка (5,5,5) занята
!    ⚠️ Тишина C5: клетка (5,6,5) занята

🎯 ВЫСТРЕЛЫ:
   Выпущено ракет: 1
# 
📊 РЕЗУЛЬТАТЫ ХОДА 26:
🎯 Попаданий нет

--- Результаты хода ---
  Попаданий нет

--- Состояние команд после хода ---
  Team A: живых 6/8
    ✓ Артиллерия A1      @ (1,5,8) hp=1/1
    ✓ Прыгун A3          @ (5,5,5) hp=2/2
    ✓ Факел A4           @ (1,4,8) hp=6/6
    ✓ Тишина A5          @ (4,5,5) hp=2/2
    ✓ Бурав A6           @ (5,6,5) hp=4/4
    ✓ Провокатор A7      @ (0,5,8) hp=2/2
    ✗ Радиовышка A2      @ (4,1,7) [уничтожен]
    ✗ Паук A8            @ (2,1,8) [уничтожен]
  Team B: живых 1/8
    ✓ Тишина B5          @ (6,5,6) hp=2/2
    ✗ Артиллерия B1      @ (5,0,7) [уничтожен]
    ✗ Радиовышка B2      @ (4,3,7) [уничтожен]
    ✗ Прыгун B3          @ (4,1,7) [уничтожен]
    ✗ Факел B4           @ (6,2,7) [уничтожен]
    ✗ Бурав B6           @ (4,7,5) [уничтожен]
    ✗ Провокатор B7      @ (2,5,7) [уничтожен]
    ✗ Паук B8            @ (9,3,7) [уничтожен]
  Team C: живых 1/8
    ✓ Тишина C5          @ (4,7,5) hp=2/2
    ✗ Артиллерия C1      @ (5,6,5) [уничтожен]
    ✗ Радиовышка C2      @ (2,5,7) [уничтожен]
    ✗ Прыгун C3          @ (4,1,7) [уничтожен]
    ✗ Факел C4           @ (5,3,5) [уничтожен]
    ✗ Бурав C6           @ (4,1,6) [уничтожен]
    ✗ Провокатор C7      @ (9,5,5) [уничтожен]
    ✗ Паук C8            @ (1,6,5) [уничтожен]

======================================================================
ХОД 27
======================================================================
✓ 🎮 GM: начинаем ход
GM: start_turn

--- Радиовышки: сканирование слоя Z ---
  (у команд не осталось живых радиовышек)

--- Решения ботов ---
  [Team A] Артиллерия A1 (1,5,8) → SHOOT at (4,9,5)
  [Team A] Провокатор A7 (0,5,8) → MOVE (1,5,7)
  [Team A] Факел A4 → SKIP
  [Team A] Прыгун A3 → SKIP
  [Team A] Тишина A5 → SKIP
  [Team A] Бурав A6 → SKIP
  [Team B] Тишина B5 (6,5,6) → MOVE (5,5,5)
  [Team C] Тишина C5 (4,7,5) → MOVE (5,6,5)
! 🎮 GM: принудительно завершает фазу планирования
GM: end_planning
# 
============================================================
# 🔄 ОБРАБОТКА ХОДА 27
# ============================================================

📦 ПЕРЕМЕЩЕНИЯ:
!    ⚠️ Провокатор A7: клетка (1,5,7) занята
!    ⚠️ Тишина B5: клетка (5,5,5) занята
!    ⚠️ Тишина C5: клетка (5,6,5) занята

🎯 ВЫСТРЕЛЫ:
   Выпущено ракет: 1
# 
📊 РЕЗУЛЬТАТЫ ХОДА 27:
🎯 Попаданий нет

--- Результаты хода ---
  Попаданий нет

--- Состояние команд после хода ---
  Team A: живых 6/8
    ✓ Артиллерия A1      @ (1,5,8) hp=1/1
    ✓ Прыгун A3          @ (5,5,5) hp=2/2
    ✓ Факел A4           @ (1,4,8) hp=6/6
    ✓ Тишина A5          @ (4,5,5) hp=2/2
    ✓ Бурав A6           @ (5,6,5) hp=4/4
    ✓ Провокатор A7      @ (0,5,8) hp=2/2
    ✗ Радиовышка A2      @ (4,1,7) [уничтожен]
    ✗ Паук A8            @ (2,1,8) [уничтожен]
  Team B: живых 1/8
    ✓ Тишина B5          @ (6,5,6) hp=2/2
    ✗ Артиллерия B1      @ (5,0,7) [уничтожен]
    ✗ Радиовышка B2      @ (4,3,7) [уничтожен]
    ✗ Прыгун B3          @ (4,1,7) [уничтожен]
    ✗ Факел B4           @ (6,2,7) [уничтожен]
    ✗ Бурав B6           @ (4,7,5) [уничтожен]
    ✗ Провокатор B7      @ (2,5,7) [уничтожен]
    ✗ Паук B8            @ (9,3,7) [уничтожен]
  Team C: живых 1/8
    ✓ Тишина C5          @ (4,7,5) hp=2/2
    ✗ Артиллерия C1      @ (5,6,5) [уничтожен]
    ✗ Радиовышка C2      @ (2,5,7) [уничтожен]
    ✗ Прыгун C3          @ (4,1,7) [уничтожен]
    ✗ Факел C4           @ (5,3,5) [уничтожен]
    ✗ Бурав C6           @ (4,1,6) [уничтожен]
    ✗ Провокатор C7      @ (9,5,5) [уничтожен]
    ✗ Паук C8            @ (1,6,5) [уничтожен]

======================================================================
ХОД 28
======================================================================
✓ 🎮 GM: начинаем ход
GM: start_turn

--- Радиовышки: сканирование слоя Z ---
  (у команд не осталось живых радиовышек)

--- Решения ботов ---
  [Team A] Артиллерия A1 (1,5,8) → SHOOT at (9,4,9)
  [Team A] Провокатор A7 (0,5,8) → MOVE (1,5,7)
  [Team A] Факел A4 → SKIP
  [Team A] Прыгун A3 → SKIP
  [Team A] Тишина A5 → SKIP
  [Team A] Бурав A6 → SKIP
  [Team B] Тишина B5 (6,5,6) → MOVE (5,5,5)
  [Team C] Тишина C5 (4,7,5) → MOVE (5,6,5)
! 🎮 GM: принудительно завершает фазу планирования
GM: end_planning
# 
============================================================
# 🔄 ОБРАБОТКА ХОДА 28
# ============================================================

📦 ПЕРЕМЕЩЕНИЯ:
!    ⚠️ Провокатор A7: клетка (1,5,7) занята
!    ⚠️ Тишина B5: клетка (5,5,5) занята
!    ⚠️ Тишина C5: клетка (5,6,5) занята

🎯 ВЫСТРЕЛЫ:
   Выпущено ракет: 1
# 
📊 РЕЗУЛЬТАТЫ ХОДА 28:
🎯 Попаданий нет

--- Результаты хода ---
  Попаданий нет

--- Состояние команд после хода ---
  Team A: живых 6/8
    ✓ Артиллерия A1      @ (1,5,8) hp=1/1
    ✓ Прыгун A3          @ (5,5,5) hp=2/2
    ✓ Факел A4           @ (1,4,8) hp=6/6
    ✓ Тишина A5          @ (4,5,5) hp=2/2
    ✓ Бурав A6           @ (5,6,5) hp=4/4
    ✓ Провокатор A7      @ (0,5,8) hp=2/2
    ✗ Радиовышка A2      @ (4,1,7) [уничтожен]
    ✗ Паук A8            @ (2,1,8) [уничтожен]
  Team B: живых 1/8
    ✓ Тишина B5          @ (6,5,6) hp=2/2
    ✗ Артиллерия B1      @ (5,0,7) [уничтожен]
    ✗ Радиовышка B2      @ (4,3,7) [уничтожен]
    ✗ Прыгун B3          @ (4,1,7) [уничтожен]
    ✗ Факел B4           @ (6,2,7) [уничтожен]
    ✗ Бурав B6           @ (4,7,5) [уничтожен]
    ✗ Провокатор B7      @ (2,5,7) [уничтожен]
    ✗ Паук B8            @ (9,3,7) [уничтожен]
  Team C: живых 1/8
    ✓ Тишина C5          @ (4,7,5) hp=2/2
    ✗ Артиллерия C1      @ (5,6,5) [уничтожен]
    ✗ Радиовышка C2      @ (2,5,7) [уничтожен]
    ✗ Прыгун C3          @ (4,1,7) [уничтожен]
    ✗ Факел C4           @ (5,3,5) [уничтожен]
    ✗ Бурав C6           @ (4,1,6) [уничтожен]
    ✗ Провокатор C7      @ (9,5,5) [уничтожен]
    ✗ Паук C8            @ (1,6,5) [уничтожен]

======================================================================
ХОД 29
======================================================================
✓ 🎮 GM: начинаем ход
GM: start_turn

--- Радиовышки: сканирование слоя Z ---
  (у команд не осталось живых радиовышек)

--- Решения ботов ---
  [Team A] Артиллерия A1 (1,5,8) → SHOOT at (9,4,8)
  [Team A] Провокатор A7 (0,5,8) → MOVE (1,5,7)
  [Team A] Факел A4 → SKIP
  [Team A] Прыгун A3 → SKIP
  [Team A] Тишина A5 → SKIP
  [Team A] Бурав A6 → SKIP
  [Team B] Тишина B5 (6,5,6) → MOVE (5,5,5)
  [Team C] Тишина C5 (4,7,5) → MOVE (5,6,5)
! 🎮 GM: принудительно завершает фазу планирования
GM: end_planning
# 
============================================================
# 🔄 ОБРАБОТКА ХОДА 29
# ============================================================

📦 ПЕРЕМЕЩЕНИЯ:
!    ⚠️ Провокатор A7: клетка (1,5,7) занята
!    ⚠️ Тишина B5: клетка (5,5,5) занята
!    ⚠️ Тишина C5: клетка (5,6,5) занята

🎯 ВЫСТРЕЛЫ:
   Выпущено ракет: 1
# 
📊 РЕЗУЛЬТАТЫ ХОДА 29:
🎯 Попаданий нет

--- Результаты хода ---
  Попаданий нет

--- Состояние команд после хода ---
  Team A: живых 6/8
    ✓ Артиллерия A1      @ (1,5,8) hp=1/1
    ✓ Прыгун A3          @ (5,5,5) hp=2/2
    ✓ Факел A4           @ (1,4,8) hp=6/6
    ✓ Тишина A5          @ (4,5,5) hp=2/2
    ✓ Бурав A6           @ (5,6,5) hp=4/4
    ✓ Провокатор A7      @ (0,5,8) hp=2/2
    ✗ Радиовышка A2      @ (4,1,7) [уничтожен]
    ✗ Паук A8            @ (2,1,8) [уничтожен]
  Team B: живых 1/8
    ✓ Тишина B5          @ (6,5,6) hp=2/2
    ✗ Артиллерия B1      @ (5,0,7) [уничтожен]
    ✗ Радиовышка B2      @ (4,3,7) [уничтожен]
    ✗ Прыгун B3          @ (4,1,7) [уничтожен]
    ✗ Факел B4           @ (6,2,7) [уничтожен]
    ✗ Бурав B6           @ (4,7,5) [уничтожен]
    ✗ Провокатор B7      @ (2,5,7) [уничтожен]
    ✗ Паук B8            @ (9,3,7) [уничтожен]
  Team C: живых 1/8
    ✓ Тишина C5          @ (4,7,5) hp=2/2
    ✗ Артиллерия C1      @ (5,6,5) [уничтожен]
    ✗ Радиовышка C2      @ (2,5,7) [уничтожен]
    ✗ Прыгун C3          @ (4,1,7) [уничтожен]
    ✗ Факел C4           @ (5,3,5) [уничтожен]
    ✗ Бурав C6           @ (4,1,6) [уничтожен]
    ✗ Провокатор C7      @ (9,5,5) [уничтожен]
    ✗ Паук C8            @ (1,6,5) [уничтожен]

======================================================================
ХОД 30
======================================================================
✓ 🎮 GM: начинаем ход
GM: start_turn

--- Радиовышки: сканирование слоя Z ---
  (у команд не осталось живых радиовышек)

--- Решения ботов ---
  [Team A] Артиллерия A1 (1,5,8) → SHOOT at (9,9,9)
  [Team A] Провокатор A7 (0,5,8) → MOVE (1,5,7)
  [Team A] Факел A4 → SKIP
  [Team A] Прыгун A3 → SKIP
  [Team A] Тишина A5 → SKIP
  [Team A] Бурав A6 → SKIP
  [Team B] Тишина B5 (6,5,6) → MOVE (5,5,5)
  [Team C] Тишина C5 (4,7,5) → MOVE (5,6,5)
! 🎮 GM: принудительно завершает фазу планирования
GM: end_planning
# 
============================================================
# 🔄 ОБРАБОТКА ХОДА 30
# ============================================================

📦 ПЕРЕМЕЩЕНИЯ:
!    ⚠️ Провокатор A7: клетка (1,5,7) занята
!    ⚠️ Тишина B5: клетка (5,5,5) занята
!    ⚠️ Тишина C5: клетка (5,6,5) занята

🎯 ВЫСТРЕЛЫ:
   Выпущено ракет: 1
# 
📊 РЕЗУЛЬТАТЫ ХОДА 30:
🎯 Попаданий нет

--- Результаты хода ---
  Попаданий нет

--- Состояние команд после хода ---
  Team A: живых 6/8
    ✓ Артиллерия A1      @ (1,5,8) hp=1/1
    ✓ Прыгун A3          @ (5,5,5) hp=2/2
    ✓ Факел A4           @ (1,4,8) hp=6/6
    ✓ Тишина A5          @ (4,5,5) hp=2/2
    ✓ Бурав A6           @ (5,6,5) hp=4/4
    ✓ Провокатор A7      @ (0,5,8) hp=2/2
    ✗ Радиовышка A2      @ (4,1,7) [уничтожен]
    ✗ Паук A8            @ (2,1,8) [уничтожен]
  Team B: живых 1/8
    ✓ Тишина B5          @ (6,5,6) hp=2/2
    ✗ Артиллерия B1      @ (5,0,7) [уничтожен]
    ✗ Радиовышка B2      @ (4,3,7) [уничтожен]
    ✗ Прыгун B3          @ (4,1,7) [уничтожен]
    ✗ Факел B4           @ (6,2,7) [уничтожен]
    ✗ Бурав B6           @ (4,7,5) [уничтожен]
    ✗ Провокатор B7      @ (2,5,7) [уничтожен]
    ✗ Паук B8            @ (9,3,7) [уничтожен]
  Team C: живых 1/8
    ✓ Тишина C5          @ (4,7,5) hp=2/2
    ✗ Артиллерия C1      @ (5,6,5) [уничтожен]
    ✗ Радиовышка C2      @ (2,5,7) [уничтожен]
    ✗ Прыгун C3          @ (4,1,7) [уничтожен]
    ✗ Факел C4           @ (5,3,5) [уничтожен]
    ✗ Бурав C6           @ (4,1,6) [уничтожен]
    ✗ Провокатор C7      @ (9,5,5) [уничтожен]
    ✗ Паук C8            @ (1,6,5) [уничтожен]

======================================================================
ИТОГ
======================================================================
Лимит ходов (30) исчерпан, ничья/пат.

--- Сводка по командам ---
  Team A: 6/8 живых; hp=17
  Team B: 1/8 живых; hp=2
  Team C: 1/8 живых; hp=2

--- Сводка по пассивкам радиовышек ---
  Team A: сканирований=2, всего врагов-в-слоях=4, уникальных эксклюзивных (видны только радиовышкой)=2
  Team B: сканирований=5, всего врагов-в-слоях=7, уникальных эксклюзивных (видны только радиовышкой)=2
  Team C: сканирований=10, всего врагов-в-слоях=20, уникальных эксклюзивных (видны только радиовышкой)=4

--- Сводка по попаданиям ---
  Всего событий (шоты+тараны+мины): 17
  Уничтожено кораблей всего: 16
  Team A: урон=37 хиты=5 тараны=8 мины(сработало)=0 убийств=12
  Team B: урон=4 хиты=0 тараны=2 мины(сработало)=0 убийств=2
  Team C: урон=3 хиты=0 тараны=2 мины(сработало)=0 убийств=2
! 🎮 GM: остановка игры
