======================================================================
Space Battle 10×10×10 — simulation run at 2026-04-20T13:39:21+00:00
Game mode: advanced
Seed: 137
✓ 🚀 Продвинутый режим: создаю разные типы кораблей
   Команда A: спавн вдоль оси X от (5, 2, 6) до (9, 2, 6)
   Команда B: спавн вдоль оси Y от (6, 7, 8) до (6, 5, 8)
   Команда C: спавн вдоль оси X от (5, 2, 7) до (7, 2, 7)
✓ ✅ Создано 24 кораблей


--- СТАРТОВАЯ РАССТАНОВКА ---
  Team A: живых 8/8
    ✓ Артиллерия A1      @ (5,2,6) hp=1/1
    ✓ Радиовышка A2      @ (3,2,6) hp=3/3
    ✓ Прыгун A3          @ (8,2,6) hp=2/2
    ✓ Факел A4           @ (7,2,6) hp=6/6
    ✓ Тишина A5          @ (2,2,6) hp=2/2
    ✓ Бурав A6           @ (0,2,6) hp=4/4
    ✓ Провокатор A7      @ (6,2,6) hp=2/2
    ✓ Паук A8            @ (9,2,6) hp=1/1
  Team B: живых 8/8
    ✓ Артиллерия B1      @ (6,7,8) hp=1/1
    ✓ Радиовышка B2      @ (6,2,8) hp=3/3
    ✓ Прыгун B3          @ (6,6,8) hp=2/2
    ✓ Факел B4           @ (6,4,8) hp=6/6
    ✓ Тишина B5          @ (6,9,8) hp=2/2
    ✓ Бурав B6           @ (6,8,8) hp=4/4
    ✓ Провокатор B7      @ (6,0,8) hp=2/2
    ✓ Паук B8            @ (6,5,8) hp=1/1
  Team C: живых 8/8
    ✓ Артиллерия C1      @ (5,2,7) hp=1/1
    ✓ Радиовышка C2      @ (2,2,7) hp=3/3
    ✓ Прыгун C3          @ (9,2,7) hp=2/2
    ✓ Факел C4           @ (6,2,7) hp=6/6
    ✓ Тишина C5          @ (1,2,7) hp=2/2
    ✓ Бурав C6           @ (3,2,7) hp=4/4
    ✓ Провокатор C7      @ (4,2,7) hp=2/2
    ✓ Паук C8            @ (7,2,7) hp=1/1

======================================================================
ХОД 1
======================================================================
✓ 🎮 GM: начинаем ход
GM: start_turn

--- Радиовышки: сканирование слоя Z ---
  Радиовышка A2 (z=6): слой чист
  Радиовышка B2 (z=8): слой чист
  Радиовышка C2 (z=7): слой чист

--- Решения ботов ---
  [Team A] Артиллерия A1 (5,2,6) → SHOOT at (5,2,7)
  [Team A] Радиовышка A2 (3,2,6) → MOVE (2,2,7)
  [Team A] Прыгун A3 (8,2,6) → MOVE (6,4,8)
  [Team A] Факел A4 (7,2,6) → SHOOT at (7,2,7)
  [Team A] Тишина A5 (2,2,6) → PHASE toggle
  [Team A] Бурав A6 (0,2,6) → MOVE (1,2,7)
  [Team A] Провокатор A7 (6,2,6) → HOLOGRAM (5,2,7)
  [Team A] Паук A8 (9,2,6) → MINE (9,2,7)
  [Team B] Артиллерия B1 (6,7,8) → SHOOT at (5,2,7)
  [Team B] Радиовышка B2 (6,2,8) → MOVE (5,2,7)
  [Team B] Прыгун B3 (6,6,8) → MOVE (5,5,7)
  [Team B] Тишина B5 (6,9,8) → PHASE toggle
  [Team B] Бурав B6 (6,8,8) → MOVE (5,7,7)
  [Team B] Провокатор B7 (6,0,8) → HOLOGRAM (5,1,7)
  [Team B] Паук B8 (6,5,8) → MINE (5,4,7)
  [Team B] Факел B4 → SKIP
  [Team C] Артиллерия C1 (5,2,7) → SHOOT at (5,2,6)
  [Team C] Радиовышка C2 (2,2,7) → MOVE (3,2,6)
  [Team C] Прыгун C3 (9,2,7) → MOVE (7,2,6)
  [Team C] Факел C4 (6,2,7) → SHOOT at (6,2,6)
  [Team C] Тишина C5 (1,2,7) → PHASE toggle
  [Team C] Бурав C6 (3,2,7) → MOVE (2,2,6)
  [Team C] Провокатор C7 (4,2,7) → HOLOGRAM (5,2,6)
  [Team C] Паук C8 (7,2,7) → MINE (8,2,6)
! 🎮 GM: принудительно завершает фазу планирования
GM: end_planning
# 
============================================================
# 🔄 ОБРАБОТКА ХОДА 1
# ============================================================
   🌀 Тишина A5: уходит в фазу на 1 ход
   🌀 Тишина B5: уходит в фазу на 1 ход
   🌀 Тишина C5: уходит в фазу на 1 ход
!    ⚠️ Провокатор A7: клетка (5,2,7) занята кораблём
   🪞 Провокатор B7 создал голограмму H1 в (5,1,7)
!    ⚠️ Провокатор C7: клетка (5,2,6) занята кораблём
!    ⚠️ Паук A8: клетка (9,2,7) занята кораблём
   💣 Паук B8 установил мину M1 в (5,4,7)
!    ⚠️ Паук C8: клетка (8,2,6) занята кораблём

📦 ПЕРЕМЕЩЕНИЯ:
!    ⚠️ Радиовышка A2: клетка (2,2,7) занята
✓    💥 Прыгун A3 тараном уничтожил Факел B4 в (6,4,8)
   Прыгун A3: (8, 2, 6) → (6,4,8)
✓    💥 Бурав A6 пробивает фазу Тишина C5 тараном
✓    💥 Бурав A6 тараном уничтожил Тишина C5 в (1,2,7)
   Бурав A6: (0, 2, 6) → (1,2,7)
!    ⚠️ Радиовышка B2: клетка (5,2,7) занята
   Прыгун B3: (6, 6, 8) → (5,5,7)
!    ⚠️ Бурав B6: Бурав двигается только по 1 оси или по 2 осям строго диагонально
!    ⚠️ Радиовышка C2: клетка (3,2,6) занята
✓    💥 Прыгун C3 тараном уничтожил Факел A4 в (7,2,6)
   Прыгун C3: (9, 2, 7) → (7,2,6)
✓    💥 Бурав C6 пробивает фазу Тишина A5 тараном
✓    💥 Бурав C6 тараном уничтожил Тишина A5 в (2,2,6)
   Бурав C6: (3, 2, 7) → (2,2,6)

🎯 ВЫСТРЕЛЫ:
✓    ✅ Артиллерия A1 поразил Артиллерия C1 (2 урона)!
   💀 Артиллерия B1 добивает Артиллерия C1
✓    ✅ Артиллерия B1 поразил Артиллерия C1 (2 урона)!
✓    ✅ Артиллерия C1 поразил Артиллерия A1 (2 урона)!
✓    ✅ Факел C4 поразил Провокатор A7 (1 урона)!
   Выпущено ракет: 4
# 
📊 РЕЗУЛЬТАТЫ ХОДА 1:
✓ 💥 ПОПАДАНИЯ:
✓    Артиллерия A1 (Team A) → Артиллерия C1 (Team C)
✓    Артиллерия B1 (Team B) → Артиллерия C1 (Team C)
✓    Артиллерия C1 (Team C) → Артиллерия A1 (Team A)
✓    Факел C4 (Team C) → Провокатор A7 (Team A)

--- Результаты хода ---
  Team A / Прыгун A3          → Team B / Факел B4           @ (6,4,8)  (УБИТ)
  Team A / Бурав A6           → Team C / Тишина C5          @ (1,2,7)  (УБИТ)
  Team C / Прыгун C3          → Team A / Факел A4           @ (7,2,6)  (УБИТ)
  Team C / Бурав C6           → Team A / Тишина A5          @ (2,2,6)  (УБИТ)
  Team A / Артиллерия A1      → Team C / Артиллерия C1      @ (5,2,7)  (УБИТ)
  Team B / Артиллерия B1      → Team C / Артиллерия C1      @ (5,2,7)  (ранен)
  Team C / Артиллерия C1      → Team A / Артиллерия A1      @ (5,2,6)  (УБИТ)
  Team C / Факел C4           → Team A / Провокатор A7      @ (6,2,6)  (ранен)

--- Состояние команд после хода ---
  Team A: живых 5/8
    ✓ Радиовышка A2      @ (3,2,6) hp=3/3
    ✓ Прыгун A3          @ (6,4,8) hp=2/2
    ✓ Бурав A6           @ (1,2,7) hp=4/4
    ✓ Провокатор A7      @ (6,2,6) hp=1/2
    ✓ Паук A8            @ (9,2,6) hp=1/1
    ✗ Артиллерия A1      @ (5,2,6) [уничтожен]
    ✗ Факел A4           @ (7,2,6) [уничтожен]
    ✗ Тишина A5          @ (2,2,6) [уничтожен]
  Team B: живых 7/8
    ✓ Артиллерия B1      @ (6,7,8) hp=1/1
    ✓ Радиовышка B2      @ (6,2,8) hp=3/3
    ✓ Прыгун B3          @ (5,5,7) hp=2/2
    ✓ Тишина B5          @ (6,9,8) hp=2/2
    ✓ Бурав B6           @ (6,8,8) hp=4/4
    ✓ Провокатор B7      @ (6,0,8) hp=2/2
    ✓ Паук B8            @ (6,5,8) hp=1/1
    ✗ Факел B4           @ (6,4,8) [уничтожен]
  Team C: живых 6/8
    ✓ Радиовышка C2      @ (2,2,7) hp=3/3
    ✓ Прыгун C3          @ (7,2,6) hp=2/2
    ✓ Факел C4           @ (6,2,7) hp=6/6
    ✓ Бурав C6           @ (2,2,6) hp=4/4
    ✓ Провокатор C7      @ (4,2,7) hp=2/2
    ✓ Паук C8            @ (7,2,7) hp=1/1
    ✗ Артиллерия C1      @ (5,2,7) [уничтожен]
    ✗ Тишина C5          @ (1,2,7) [уничтожен]

======================================================================
ХОД 2
======================================================================
✓ 🎮 GM: начинаем ход
GM: start_turn

--- Радиовышки: сканирование слоя Z ---
  Радиовышка A2 (z=6): видит 2 врагов  → Бурав C6(2,2,6), Прыгун C3(7,2,6)
  Радиовышка B2 (z=8): видит 1 врагов  → Прыгун A3(6,4,8)
  Радиовышка C2 (z=7): видит 2 врагов  → Бурав A6(1,2,7), Прыгун B3(5,5,7)

--- Решения ботов ---
  [Team A] Радиовышка A2 (3,2,6) → MOVE (2,2,7)
  [Team A] Прыгун A3 (6,4,8) → MOVE (6,2,7)
  [Team A] Бурав A6 (1,2,7) → MOVE (4,2,7)
  [Team A] Провокатор A7 (6,2,6) → HOLOGRAM (7,2,6)
  [Team A] Паук A8 (9,2,6) → MINE (8,2,6)
  [Team B] Артиллерия B1 (6,7,8) → SHOOT at (6,2,6)
  [Team B] Радиовышка B2 (6,2,8) → MOVE (6,2,7)
  [Team B] Прыгун B3 (5,5,7) → MOVE (6,4,8)
  [Team B] Провокатор B7 (6,0,8) → HOLOGRAM (6,1,7)
  [Team B] Бурав B6 → SKIP
  [Team B] Паук B8 → SKIP
  [Team B] Тишина B5 → SKIP
  [Team C] Радиовышка C2 (2,2,7) → MOVE (3,2,6)
  [Team C] Прыгун C3 (7,2,6) → MOVE (6,4,8)
  [Team C] Факел C4 (6,2,7) → SHOOT at (6,2,6)
  [Team C] Бурав C6 (2,2,6) → MOVE (1,2,7)
  [Team C] Провокатор C7 (4,2,7) → HOLOGRAM (4,2,6)
  [Team C] Паук C8 (7,2,7) → MINE (7,1,7)
! 🎮 GM: принудительно завершает фазу планирования
GM: end_planning
# 
============================================================
# 🔄 ОБРАБОТКА ХОДА 2
# ============================================================
   🌀 Тишина B5: фаза спала (действовала 1 ход)
!    ⚠️ Провокатор A7: клетка (7,2,6) занята кораблём
   🪞 Провокатор B7 создал голограмму H2 в (6,1,7)
   🪞 Провокатор C7 создал голограмму H3 в (4,2,6)
   💣 Паук A8 установил мину M2 в (8,2,6)
   💣 Паук C8 установил мину M3 в (7,1,7)

📦 ПЕРЕМЕЩЕНИЯ:
!    ⚠️ Радиовышка A2: клетка (2,2,7) занята
✓    💥 Прыгун A3 тараном уничтожил Факел C4 в (6,2,7)
   Прыгун A3: (6, 4, 8) → (6,2,7)
✓    💥 Бурав A6 тараном уничтожил Провокатор C7 в (4,2,7)
   Бурав A6: (1, 2, 7) → (4,2,7)
!    ⚠️ Радиовышка B2: клетка (6,2,7) занята
   Прыгун B3: (5, 5, 7) → (6,4,8)
!    ⚠️ Радиовышка C2: клетка (3,2,6) занята
✓    💥 Прыгун C3 тараном уничтожил Прыгун B3 в (6,4,8)
   Прыгун C3: (7, 2, 6) → (6,4,8)
   Бурав C6: (2, 2, 6) → (1,2,7)

🎯 ВЫСТРЕЛЫ:
✓    ✅ Артиллерия B1 поразил Провокатор A7 (2 урона)!
   Выпущено ракет: 1
# 
📊 РЕЗУЛЬТАТЫ ХОДА 2:
✓ 💥 ПОПАДАНИЯ:
✓    Артиллерия B1 (Team B) → Провокатор A7 (Team A)

--- Результаты хода ---
  Team A / Прыгун A3          → Team C / Факел C4           @ (6,2,7)  (УБИТ)
  Team A / Бурав A6           → Team C / Провокатор C7      @ (4,2,7)  (УБИТ)
  Team C / Прыгун C3          → Team B / Прыгун B3          @ (6,4,8)  (УБИТ)
  Team B / Артиллерия B1      → Team A / Провокатор A7      @ (6,2,6)  (УБИТ)

--- Состояние команд после хода ---
  Team A: живых 4/8
    ✓ Радиовышка A2      @ (3,2,6) hp=3/3
    ✓ Прыгун A3          @ (6,2,7) hp=2/2
    ✓ Бурав A6           @ (4,2,7) hp=4/4
    ✓ Паук A8            @ (9,2,6) hp=1/1
    ✗ Артиллерия A1      @ (5,2,6) [уничтожен]
    ✗ Факел A4           @ (7,2,6) [уничтожен]
    ✗ Тишина A5          @ (2,2,6) [уничтожен]
    ✗ Провокатор A7      @ (6,2,6) [уничтожен]
  Team B: живых 6/8
    ✓ Артиллерия B1      @ (6,7,8) hp=1/1
    ✓ Радиовышка B2      @ (6,2,8) hp=3/3
    ✓ Тишина B5          @ (6,9,8) hp=2/2
    ✓ Бурав B6           @ (6,8,8) hp=4/4
    ✓ Провокатор B7      @ (6,0,8) hp=2/2
    ✓ Паук B8            @ (6,5,8) hp=1/1
    ✗ Прыгун B3          @ (6,4,8) [уничтожен]
    ✗ Факел B4           @ (6,4,8) [уничтожен]
  Team C: живых 4/8
    ✓ Радиовышка C2      @ (2,2,7) hp=3/3
    ✓ Прыгун C3          @ (6,4,8) hp=2/2
    ✓ Бурав C6           @ (1,2,7) hp=4/4
    ✓ Паук C8            @ (7,2,7) hp=1/1
    ✗ Артиллерия C1      @ (5,2,7) [уничтожен]
    ✗ Факел C4           @ (6,2,7) [уничтожен]
    ✗ Тишина C5          @ (1,2,7) [уничтожен]
    ✗ Провокатор C7      @ (4,2,7) [уничтожен]

======================================================================
ХОД 3
======================================================================
✓ 🎮 GM: начинаем ход
GM: start_turn

--- Радиовышки: сканирование слоя Z ---
  Радиовышка A2 (z=6): слой чист
  Радиовышка B2 (z=8): видит 1 врагов  → Прыгун C3(6,4,8)
  Радиовышка C2 (z=7): видит 2 врагов  → Бурав A6(4,2,7), Прыгун A3(6,2,7)

--- Решения ботов ---
  [Team A] Радиовышка A2 (3,2,6) → MOVE (2,2,7)
  [Team A] Прыгун A3 (6,2,7) → MOVE (6,0,8)
  [Team A] Бурав A6 (4,2,7) → MOVE (1,2,7)
  [Team A] Паук A8 (9,2,6) → MINE (8,2,7)
  [Team B] Артиллерия B1 (6,7,8) → SHOOT at (6,4,8)
  [Team B] Радиовышка B2 (6,2,8) → MOVE (6,2,7)
  [Team B] Провокатор B7 (6,0,8) → HOLOGRAM (6,1,7)
  [Team B] Паук B8 (6,5,8) → MINE (6,4,8)
  [Team B] Бурав B6 → SKIP
  [Team B] Тишина B5 → SKIP
  [Team C] Радиовышка C2 (2,2,7) → MOVE (3,2,6)
  [Team C] Прыгун C3 (6,4,8) → MOVE (6,2,7)
  [Team C] Бурав C6 (1,2,7) → MOVE (4,2,7)
  [Team C] Паук C8 (7,2,7) → MINE (7,1,7)
! 🎮 GM: принудительно завершает фазу планирования
GM: end_planning
# 
============================================================
# 🔄 ОБРАБОТКА ХОДА 3
# ============================================================
!    ⚠️ Провокатор B7: клетка (6,1,7) уже занята голограммой
   💣 Паук A8 установил мину M4 в (8,2,7)
!    ⚠️ Паук B8: клетка (6,4,8) занята кораблём
!    ⚠️ Паук C8: в клетке уже стоит мина

📦 ПЕРЕМЕЩЕНИЯ:
!    ⚠️ Радиовышка A2: клетка (2,2,7) занята
✓    💥 Прыгун A3 тараном уничтожил Провокатор B7 в (6,0,8)
   Прыгун A3: (6, 2, 7) → (6,0,8)
✓    💥 Бурав A6 тараном уничтожил Бурав C6 в (1,2,7)
   Бурав A6: (4, 2, 7) → (1,2,7)
   Радиовышка B2: (6, 2, 8) → (6,2,7)
!    ⚠️ Радиовышка C2: клетка (3,2,6) занята
✓    💥 Прыгун C3 тараном уничтожил Радиовышка B2 в (6,2,7)
   Прыгун C3: (6, 4, 8) → (6,2,7)

🎯 ВЫСТРЕЛЫ:
   Выпущено ракет: 1
# 
📊 РЕЗУЛЬТАТЫ ХОДА 3:
🎯 Попаданий нет

--- Результаты хода ---
  Team A / Прыгун A3          → Team B / Провокатор B7      @ (6,0,8)  (УБИТ)
  Team A / Бурав A6           → Team C / Бурав C6           @ (1,2,7)  (УБИТ)
  Team C / Прыгун C3          → Team B / Радиовышка B2      @ (6,2,7)  (УБИТ)

--- Состояние команд после хода ---
  Team A: живых 4/8
    ✓ Радиовышка A2      @ (3,2,6) hp=3/3
    ✓ Прыгун A3          @ (6,0,8) hp=2/2
    ✓ Бурав A6           @ (1,2,7) hp=4/4
    ✓ Паук A8            @ (9,2,6) hp=1/1
    ✗ Артиллерия A1      @ (5,2,6) [уничтожен]
    ✗ Факел A4           @ (7,2,6) [уничтожен]
    ✗ Тишина A5          @ (2,2,6) [уничтожен]
    ✗ Провокатор A7      @ (6,2,6) [уничтожен]
  Team B: живых 4/8
    ✓ Артиллерия B1      @ (6,7,8) hp=1/1
    ✓ Тишина B5          @ (6,9,8) hp=2/2
    ✓ Бурав B6           @ (6,8,8) hp=4/4
    ✓ Паук B8            @ (6,5,8) hp=1/1
    ✗ Радиовышка B2      @ (6,2,7) [уничтожен]
    ✗ Прыгун B3          @ (6,4,8) [уничтожен]
    ✗ Факел B4           @ (6,4,8) [уничтожен]
    ✗ Провокатор B7      @ (6,0,8) [уничтожен]
  Team C: живых 3/8
    ✓ Радиовышка C2      @ (2,2,7) hp=3/3
    ✓ Прыгун C3          @ (6,2,7) hp=2/2
    ✓ Паук C8            @ (7,2,7) hp=1/1
    ✗ Артиллерия C1      @ (5,2,7) [уничтожен]
    ✗ Факел C4           @ (6,2,7) [уничтожен]
    ✗ Тишина C5          @ (1,2,7) [уничтожен]
    ✗ Бурав C6           @ (1,2,7) [уничтожен]
    ✗ Провокатор C7      @ (4,2,7) [уничтожен]

======================================================================
ХОД 4
======================================================================
✓ 🎮 GM: начинаем ход
GM: start_turn

--- Радиовышки: сканирование слоя Z ---
  Радиовышка A2 (z=6): слой чист
  Радиовышка C2 (z=7): видит 1 врагов [+1 эксклюзивно] → Бурав A6(1,2,7)

--- Решения ботов ---
  [Team A] Радиовышка A2 (3,2,6) → MOVE (2,2,7)
  [Team A] Прыгун A3 (6,0,8) → MOVE (6,2,7)
  [Team A] Паук A8 (9,2,6) → MINE (8,2,7)
  [Team A] Бурав A6 → SKIP
  [Team B] Артиллерия B1 (6,7,8) → SHOOT at (6,2,7)
  [Team B] Тишина B5 (6,9,8) → MOVE (5,8,7)
  [Team B] Бурав B6 (6,8,8) → MOVE (5,7,7)
  [Team B] Паук B8 (6,5,8) → MINE (5,4,7)
  [Team C] Радиовышка C2 (2,2,7) → MOVE (3,2,6)
  [Team C] Прыгун C3 (6,2,7) → MOVE (6,0,8)
  [Team C] Паук C8 (7,2,7) → MINE (6,1,7)
! 🎮 GM: принудительно завершает фазу планирования
GM: end_planning
# 
============================================================
# 🔄 ОБРАБОТКА ХОДА 4
# ============================================================
!    ⚠️ Паук A8: в клетке уже стоит мина
!    ⚠️ Паук B8: в клетке уже стоит мина
   💣 Паук C8 установил мину M5 в (6,1,7)

📦 ПЕРЕМЕЩЕНИЯ:
!    ⚠️ Радиовышка A2: клетка (2,2,7) занята
✓    💥 Прыгун A3 тараном уничтожил Прыгун C3 в (6,2,7)
   Прыгун A3: (6, 0, 8) → (6,2,7)
   Тишина B5: (6, 9, 8) → (5,8,7)
!    ⚠️ Бурав B6: Бурав двигается только по 1 оси или по 2 осям строго диагонально
!    ⚠️ Радиовышка C2: клетка (3,2,6) занята

🎯 ВЫСТРЕЛЫ:
✓    ✅ Артиллерия B1 поразил Прыгун A3 (2 урона)!
   Выпущено ракет: 1
# 
📊 РЕЗУЛЬТАТЫ ХОДА 4:
✓ 💥 ПОПАДАНИЯ:
✓    Артиллерия B1 (Team B) → Прыгун A3 (Team A)

--- Результаты хода ---
  Team A / Прыгун A3          → Team C / Прыгун C3          @ (6,2,7)  (УБИТ)
  Team B / Артиллерия B1      → Team A / Прыгун A3          @ (6,2,7)  (УБИТ)

--- Состояние команд после хода ---
  Team A: живых 3/8
    ✓ Радиовышка A2      @ (3,2,6) hp=3/3
    ✓ Бурав A6           @ (1,2,7) hp=4/4
    ✓ Паук A8            @ (9,2,6) hp=1/1
    ✗ Артиллерия A1      @ (5,2,6) [уничтожен]
    ✗ Прыгун A3          @ (6,2,7) [уничтожен]
    ✗ Факел A4           @ (7,2,6) [уничтожен]
    ✗ Тишина A5          @ (2,2,6) [уничтожен]
    ✗ Провокатор A7      @ (6,2,6) [уничтожен]
  Team B: живых 4/8
    ✓ Артиллерия B1      @ (6,7,8) hp=1/1
    ✓ Тишина B5          @ (5,8,7) hp=2/2
    ✓ Бурав B6           @ (6,8,8) hp=4/4
    ✓ Паук B8            @ (6,5,8) hp=1/1
    ✗ Радиовышка B2      @ (6,2,7) [уничтожен]
    ✗ Прыгун B3          @ (6,4,8) [уничтожен]
    ✗ Факел B4           @ (6,4,8) [уничтожен]
    ✗ Провокатор B7      @ (6,0,8) [уничтожен]
  Team C: живых 2/8
    ✓ Радиовышка C2      @ (2,2,7) hp=3/3
    ✓ Паук C8            @ (7,2,7) hp=1/1
    ✗ Артиллерия C1      @ (5,2,7) [уничтожен]
    ✗ Прыгун C3          @ (6,2,7) [уничтожен]
    ✗ Факел C4           @ (6,2,7) [уничтожен]
    ✗ Тишина C5          @ (1,2,7) [уничтожен]
    ✗ Бурав C6           @ (1,2,7) [уничтожен]
    ✗ Провокатор C7      @ (4,2,7) [уничтожен]

======================================================================
ХОД 5
======================================================================
✓ 🎮 GM: начинаем ход
GM: start_turn

--- Радиовышки: сканирование слоя Z ---
  Радиовышка A2 (z=6): слой чист
  Радиовышка C2 (z=7): видит 2 врагов [+2 эксклюзивно] → Бурав A6(1,2,7), Тишина B5(5,8,7)

--- Решения ботов ---
  [Team A] Радиовышка A2 (3,2,6) → MOVE (2,2,7)
  [Team A] Паук A8 (9,2,6) → MINE (8,2,6)
  [Team A] Бурав A6 → SKIP
  [Team B] Артиллерия B1 (6,7,8) → SHOOT at (7,2,7)
  [Team B] Тишина B5 (5,8,7) → MOVE (4,7,6)
  [Team B] Бурав B6 (6,8,8) → MOVE (5,7,7)
  [Team B] Паук B8 (6,5,8) → MINE (5,4,7)
  [Team C] Радиовышка C2 (2,2,7) → MOVE (3,2,6)
  [Team C] Паук C8 (7,2,7) → MINE (8,2,7)
! 🎮 GM: принудительно завершает фазу планирования
GM: end_planning
# 
============================================================
# 🔄 ОБРАБОТКА ХОДА 5
# ============================================================
!    ⚠️ Паук A8: в клетке уже стоит мина
!    ⚠️ Паук B8: в клетке уже стоит мина
!    ⚠️ Паук C8: в клетке уже стоит мина

📦 ПЕРЕМЕЩЕНИЯ:
!    ⚠️ Радиовышка A2: клетка (2,2,7) занята
   Тишина B5: (5, 8, 7) → (4,7,6)
!    ⚠️ Бурав B6: Бурав двигается только по 1 оси или по 2 осям строго диагонально
!    ⚠️ Радиовышка C2: клетка (3,2,6) занята

🎯 ВЫСТРЕЛЫ:
✓    ✅ Артиллерия B1 поразил Паук C8 (2 урона)!
   Выпущено ракет: 1
# 
📊 РЕЗУЛЬТАТЫ ХОДА 5:
✓ 💥 ПОПАДАНИЯ:
✓    Артиллерия B1 (Team B) → Паук C8 (Team C)

--- Результаты хода ---
  Team B / Артиллерия B1      → Team C / Паук C8            @ (7,2,7)  (УБИТ)

--- Состояние команд после хода ---
  Team A: живых 3/8
    ✓ Радиовышка A2      @ (3,2,6) hp=3/3
    ✓ Бурав A6           @ (1,2,7) hp=4/4
    ✓ Паук A8            @ (9,2,6) hp=1/1
    ✗ Артиллерия A1      @ (5,2,6) [уничтожен]
    ✗ Прыгун A3          @ (6,2,7) [уничтожен]
    ✗ Факел A4           @ (7,2,6) [уничтожен]
    ✗ Тишина A5          @ (2,2,6) [уничтожен]
    ✗ Провокатор A7      @ (6,2,6) [уничтожен]
  Team B: живых 4/8
    ✓ Артиллерия B1      @ (6,7,8) hp=1/1
    ✓ Тишина B5          @ (4,7,6) hp=2/2
    ✓ Бурав B6           @ (6,8,8) hp=4/4
    ✓ Паук B8            @ (6,5,8) hp=1/1
    ✗ Радиовышка B2      @ (6,2,7) [уничтожен]
    ✗ Прыгун B3          @ (6,4,8) [уничтожен]
    ✗ Факел B4           @ (6,4,8) [уничтожен]
    ✗ Провокатор B7      @ (6,0,8) [уничтожен]
  Team C: живых 1/8
    ✓ Радиовышка C2      @ (2,2,7) hp=3/3
    ✗ Артиллерия C1      @ (5,2,7) [уничтожен]
    ✗ Прыгун C3          @ (6,2,7) [уничтожен]
    ✗ Факел C4           @ (6,2,7) [уничтожен]
    ✗ Тишина C5          @ (1,2,7) [уничтожен]
    ✗ Бурав C6           @ (1,2,7) [уничтожен]
    ✗ Провокатор C7      @ (4,2,7) [уничтожен]
    ✗ Паук C8            @ (7,2,7) [уничтожен]

======================================================================
ХОД 6
======================================================================
✓ 🎮 GM: начинаем ход
GM: start_turn

--- Радиовышки: сканирование слоя Z ---
  Радиовышка A2 (z=6): видит 1 врагов [+1 эксклюзивно] → Тишина B5(4,7,6)
  Радиовышка C2 (z=7): видит 1 врагов [+1 эксклюзивно] → Бурав A6(1,2,7)

--- Решения ботов ---
  [Team A] Радиовышка A2 (3,2,6) → MOVE (2,2,7)
  [Team A] Паук A8 (9,2,6) → MINE (8,3,7)
  [Team A] Бурав A6 → SKIP
  [Team B] Артиллерия B1 (6,7,8) → SHOOT at (9,2,6)
  [Team B] Тишина B5 (4,7,6) → MOVE (3,6,6)
  [Team B] Бурав B6 (6,8,8) → MOVE (5,7,7)
  [Team B] Паук B8 (6,5,8) → MINE (5,4,7)
  [Team C] Радиовышка C2 (2,2,7) → MOVE (3,2,6)
! 🎮 GM: принудительно завершает фазу планирования
GM: end_planning
# 
============================================================
# 🔄 ОБРАБОТКА ХОДА 6
# ============================================================
   💣 Паук A8 установил мину M6 в (8,3,7)
!    ⚠️ Паук B8: в клетке уже стоит мина

📦 ПЕРЕМЕЩЕНИЯ:
!    ⚠️ Радиовышка A2: клетка (2,2,7) занята
   Тишина B5: (4, 7, 6) → (3,6,6)
!    ⚠️ Бурав B6: Бурав двигается только по 1 оси или по 2 осям строго диагонально
!    ⚠️ Радиовышка C2: клетка (3,2,6) занята

🎯 ВЫСТРЕЛЫ:
✓    ✅ Артиллерия B1 поразил Паук A8 (2 урона)!
   Выпущено ракет: 1
# 
📊 РЕЗУЛЬТАТЫ ХОДА 6:
✓ 💥 ПОПАДАНИЯ:
✓    Артиллерия B1 (Team B) → Паук A8 (Team A)

--- Результаты хода ---
  Team B / Артиллерия B1      → Team A / Паук A8            @ (9,2,6)  (УБИТ)

--- Состояние команд после хода ---
  Team A: живых 2/8
    ✓ Радиовышка A2      @ (3,2,6) hp=3/3
    ✓ Бурав A6           @ (1,2,7) hp=4/4
    ✗ Артиллерия A1      @ (5,2,6) [уничтожен]
    ✗ Прыгун A3          @ (6,2,7) [уничтожен]
    ✗ Факел A4           @ (7,2,6) [уничтожен]
    ✗ Тишина A5          @ (2,2,6) [уничтожен]
    ✗ Провокатор A7      @ (6,2,6) [уничтожен]
    ✗ Паук A8            @ (9,2,6) [уничтожен]
  Team B: живых 4/8
    ✓ Артиллерия B1      @ (6,7,8) hp=1/1
    ✓ Тишина B5          @ (3,6,6) hp=2/2
    ✓ Бурав B6           @ (6,8,8) hp=4/4
    ✓ Паук B8            @ (6,5,8) hp=1/1
    ✗ Радиовышка B2      @ (6,2,7) [уничтожен]
    ✗ Прыгун B3          @ (6,4,8) [уничтожен]
    ✗ Факел B4           @ (6,4,8) [уничтожен]
    ✗ Провокатор B7      @ (6,0,8) [уничтожен]
  Team C: живых 1/8
    ✓ Радиовышка C2      @ (2,2,7) hp=3/3
    ✗ Артиллерия C1      @ (5,2,7) [уничтожен]
    ✗ Прыгун C3          @ (6,2,7) [уничтожен]
    ✗ Факел C4           @ (6,2,7) [уничтожен]
    ✗ Тишина C5          @ (1,2,7) [уничтожен]
    ✗ Бурав C6           @ (1,2,7) [уничтожен]
    ✗ Провокатор C7      @ (4,2,7) [уничтожен]
    ✗ Паук C8            @ (7,2,7) [уничтожен]

======================================================================
ХОД 7
======================================================================
✓ 🎮 GM: начинаем ход
GM: start_turn

--- Радиовышки: сканирование слоя Z ---
  Радиовышка A2 (z=6): видит 1 врагов  → Тишина B5(3,6,6)
  Радиовышка C2 (z=7): видит 1 врагов [+1 эксклюзивно] → Бурав A6(1,2,7)

--- Решения ботов ---
  [Team A] Радиовышка A2 (3,2,6) → MOVE (2,2,7)
  [Team A] Бурав A6 → SKIP
  [Team B] Артиллерия B1 (6,7,8) → SHOOT at (2,2,7)
  [Team B] Тишина B5 (3,6,6) → MOVE (3,5,6)
  [Team B] Бурав B6 (6,8,8) → MOVE (5,7,7)
  [Team B] Паук B8 (6,5,8) → MINE (5,4,7)
  [Team C] Радиовышка C2 (2,2,7) → MOVE (3,2,6)
! 🎮 GM: принудительно завершает фазу планирования
GM: end_planning
# 
============================================================
# 🔄 ОБРАБОТКА ХОДА 7
# ============================================================
!    ⚠️ Паук B8: в клетке уже стоит мина

📦 ПЕРЕМЕЩЕНИЯ:
!    ⚠️ Радиовышка A2: клетка (2,2,7) занята
   Тишина B5: (3, 6, 6) → (3,5,6)
!    ⚠️ Бурав B6: Бурав двигается только по 1 оси или по 2 осям строго диагонально
!    ⚠️ Радиовышка C2: клетка (3,2,6) занята

🎯 ВЫСТРЕЛЫ:
✓    ✅ Артиллерия B1 поразил Радиовышка C2 (2 урона)!
   Выпущено ракет: 1
# 
📊 РЕЗУЛЬТАТЫ ХОДА 7:
✓ 💥 ПОПАДАНИЯ:
✓    Артиллерия B1 (Team B) → Радиовышка C2 (Team C)

--- Результаты хода ---
  Team B / Артиллерия B1      → Team C / Радиовышка C2      @ (2,2,7)  (ранен)

--- Состояние команд после хода ---
  Team A: живых 2/8
    ✓ Радиовышка A2      @ (3,2,6) hp=3/3
    ✓ Бурав A6           @ (1,2,7) hp=4/4
    ✗ Артиллерия A1      @ (5,2,6) [уничтожен]
    ✗ Прыгун A3          @ (6,2,7) [уничтожен]
    ✗ Факел A4           @ (7,2,6) [уничтожен]
    ✗ Тишина A5          @ (2,2,6) [уничтожен]
    ✗ Провокатор A7      @ (6,2,6) [уничтожен]
    ✗ Паук A8            @ (9,2,6) [уничтожен]
  Team B: живых 4/8
    ✓ Артиллерия B1      @ (6,7,8) hp=1/1
    ✓ Тишина B5          @ (3,5,6) hp=2/2
    ✓ Бурав B6           @ (6,8,8) hp=4/4
    ✓ Паук B8            @ (6,5,8) hp=1/1
    ✗ Радиовышка B2      @ (6,2,7) [уничтожен]
    ✗ Прыгун B3          @ (6,4,8) [уничтожен]
    ✗ Факел B4           @ (6,4,8) [уничтожен]
    ✗ Провокатор B7      @ (6,0,8) [уничтожен]
  Team C: живых 1/8
    ✓ Радиовышка C2      @ (2,2,7) hp=1/3
    ✗ Артиллерия C1      @ (5,2,7) [уничтожен]
    ✗ Прыгун C3          @ (6,2,7) [уничтожен]
    ✗ Факел C4           @ (6,2,7) [уничтожен]
    ✗ Тишина C5          @ (1,2,7) [уничтожен]
    ✗ Бурав C6           @ (1,2,7) [уничтожен]
    ✗ Провокатор C7      @ (4,2,7) [уничтожен]
    ✗ Паук C8            @ (7,2,7) [уничтожен]

======================================================================
ХОД 8
======================================================================
✓ 🎮 GM: начинаем ход
GM: start_turn

--- Радиовышки: сканирование слоя Z ---
  Радиовышка A2 (z=6): видит 1 врагов  → Тишина B5(3,5,6)
  Радиовышка C2 (z=7): видит 1 врагов [+1 эксклюзивно] → Бурав A6(1,2,7)

--- Решения ботов ---
  [Team A] Радиовышка A2 (3,2,6) → MOVE (2,2,7)
  [Team A] Бурав A6 → SKIP
  [Team B] Артиллерия B1 (6,7,8) → SHOOT at (2,2,7)
  [Team B] Тишина B5 (3,5,6) → MOVE (3,4,6)
  [Team B] Бурав B6 (6,8,8) → MOVE (5,7,7)
  [Team B] Паук B8 (6,5,8) → MINE (5,4,7)
  [Team C] Радиовышка C2 (2,2,7) → MOVE (3,2,6)
! 🎮 GM: принудительно завершает фазу планирования
GM: end_planning
# 
============================================================
# 🔄 ОБРАБОТКА ХОДА 8
# ============================================================
!    ⚠️ Паук B8: в клетке уже стоит мина

📦 ПЕРЕМЕЩЕНИЯ:
!    ⚠️ Радиовышка A2: клетка (2,2,7) занята
   Тишина B5: (3, 5, 6) → (3,4,6)
!    ⚠️ Бурав B6: Бурав двигается только по 1 оси или по 2 осям строго диагонально
!    ⚠️ Радиовышка C2: клетка (3,2,6) занята

🎯 ВЫСТРЕЛЫ:
✓    ✅ Артиллерия B1 поразил Радиовышка C2 (2 урона)!
   Выпущено ракет: 1
# 
📊 РЕЗУЛЬТАТЫ ХОДА 8:
✓ 💥 ПОПАДАНИЯ:
✓    Артиллерия B1 (Team B) → Радиовышка C2 (Team C)

--- Результаты хода ---
  Team B / Артиллерия B1      → Team C / Радиовышка C2      @ (2,2,7)  (УБИТ)

--- Состояние команд после хода ---
  Team A: живых 2/8
    ✓ Радиовышка A2      @ (3,2,6) hp=3/3
    ✓ Бурав A6           @ (1,2,7) hp=4/4
    ✗ Артиллерия A1      @ (5,2,6) [уничтожен]
    ✗ Прыгун A3          @ (6,2,7) [уничтожен]
    ✗ Факел A4           @ (7,2,6) [уничтожен]
    ✗ Тишина A5          @ (2,2,6) [уничтожен]
    ✗ Провокатор A7      @ (6,2,6) [уничтожен]
    ✗ Паук A8            @ (9,2,6) [уничтожен]
  Team B: живых 4/8
    ✓ Артиллерия B1      @ (6,7,8) hp=1/1
    ✓ Тишина B5          @ (3,4,6) hp=2/2
    ✓ Бурав B6           @ (6,8,8) hp=4/4
    ✓ Паук B8            @ (6,5,8) hp=1/1
    ✗ Радиовышка B2      @ (6,2,7) [уничтожен]
    ✗ Прыгун B3          @ (6,4,8) [уничтожен]
    ✗ Факел B4           @ (6,4,8) [уничтожен]
    ✗ Провокатор B7      @ (6,0,8) [уничтожен]
  Team C: живых 0/8
    ✗ Артиллерия C1      @ (5,2,7) [уничтожен]
    ✗ Радиовышка C2      @ (2,2,7) [уничтожен]
    ✗ Прыгун C3          @ (6,2,7) [уничтожен]
    ✗ Факел C4           @ (6,2,7) [уничтожен]
    ✗ Тишина C5          @ (1,2,7) [уничтожен]
    ✗ Бурав C6           @ (1,2,7) [уничтожен]
    ✗ Провокатор C7      @ (4,2,7) [уничтожен]
    ✗ Паук C8            @ (7,2,7) [уничтожен]

======================================================================
ХОД 9
======================================================================
✓ 🎮 GM: начинаем ход
GM: start_turn

--- Радиовышки: сканирование слоя Z ---
  Радиовышка A2 (z=6): видит 1 врагов  → Тишина B5(3,4,6)

--- Решения ботов ---
  [Team A] Радиовышка A2 (3,2,6) → MOVE (3,3,6)
  [Team A] Бурав A6 (1,2,7) → MOVE (2,3,6)
  [Team B] Артиллерия B1 (6,7,8) → SHOOT at (3,2,6)
  [Team B] Тишина B5 (3,4,6) → MOVE (3,3,6)
  [Team B] Бурав B6 (6,8,8) → MOVE (5,7,7)
  [Team B] Паук B8 (6,5,8) → MINE (5,4,7)
  [Team C] все корабли пропускают ход
! 🎮 GM: принудительно завершает фазу планирования
GM: end_planning
# 
============================================================
# 🔄 ОБРАБОТКА ХОДА 9
# ============================================================
!    ⚠️ Паук B8: в клетке уже стоит мина

📦 ПЕРЕМЕЩЕНИЯ:
   Радиовышка A2: (3, 2, 6) → (3,3,6)
!    ⚠️ Бурав A6: Бурав двигается только по 1 оси или по 2 осям строго диагонально
!    ⚠️ Тишина B5: клетка (3,3,6) занята
!    ⚠️ Бурав B6: Бурав двигается только по 1 оси или по 2 осям строго диагонально

🎯 ВЫСТРЕЛЫ:
   Выпущено ракет: 1
# 
📊 РЕЗУЛЬТАТЫ ХОДА 9:
🎯 Попаданий нет

--- Результаты хода ---
  Попаданий нет

--- Состояние команд после хода ---
  Team A: живых 2/8
    ✓ Радиовышка A2      @ (3,3,6) hp=3/3
    ✓ Бурав A6           @ (1,2,7) hp=4/4
    ✗ Артиллерия A1      @ (5,2,6) [уничтожен]
    ✗ Прыгун A3          @ (6,2,7) [уничтожен]
    ✗ Факел A4           @ (7,2,6) [уничтожен]
    ✗ Тишина A5          @ (2,2,6) [уничтожен]
    ✗ Провокатор A7      @ (6,2,6) [уничтожен]
    ✗ Паук A8            @ (9,2,6) [уничтожен]
  Team B: живых 4/8
    ✓ Артиллерия B1      @ (6,7,8) hp=1/1
    ✓ Тишина B5          @ (3,4,6) hp=2/2
    ✓ Бурав B6           @ (6,8,8) hp=4/4
    ✓ Паук B8            @ (6,5,8) hp=1/1
    ✗ Радиовышка B2      @ (6,2,7) [уничтожен]
    ✗ Прыгун B3          @ (6,4,8) [уничтожен]
    ✗ Факел B4           @ (6,4,8) [уничтожен]
    ✗ Провокатор B7      @ (6,0,8) [уничтожен]
  Team C: живых 0/8
    ✗ Артиллерия C1      @ (5,2,7) [уничтожен]
    ✗ Радиовышка C2      @ (2,2,7) [уничтожен]
    ✗ Прыгун C3          @ (6,2,7) [уничтожен]
    ✗ Факел C4           @ (6,2,7) [уничтожен]
    ✗ Тишина C5          @ (1,2,7) [уничтожен]
    ✗ Бурав C6           @ (1,2,7) [уничтожен]
    ✗ Провокатор C7      @ (4,2,7) [уничтожен]
    ✗ Паук C8            @ (7,2,7) [уничтожен]

======================================================================
ХОД 10
======================================================================
✓ 🎮 GM: начинаем ход
GM: start_turn

--- Радиовышки: сканирование слоя Z ---
  Радиовышка A2 (z=6): видит 1 врагов  → Тишина B5(3,4,6)

--- Решения ботов ---
  [Team A] Радиовышка A2 (3,3,6) → MOVE (3,4,6)
  [Team A] Бурав A6 (1,2,7) → MOVE (2,3,6)
  [Team B] Артиллерия B1 (6,7,8) → SHOOT at (3,3,6)
  [Team B] Тишина B5 (3,4,6) → MOVE (3,3,6)
  [Team B] Бурав B6 (6,8,8) → MOVE (5,7,7)
  [Team B] Паук B8 (6,5,8) → MINE (5,4,7)
  [Team C] все корабли пропускают ход
! 🎮 GM: принудительно завершает фазу планирования
GM: end_planning
# 
============================================================
# 🔄 ОБРАБОТКА ХОДА 10
# ============================================================
!    ⚠️ Паук B8: в клетке уже стоит мина

📦 ПЕРЕМЕЩЕНИЯ:
!    ⚠️ Радиовышка A2: клетка (3,4,6) занята
!    ⚠️ Бурав A6: Бурав двигается только по 1 оси или по 2 осям строго диагонально
!    ⚠️ Тишина B5: клетка (3,3,6) занята
!    ⚠️ Бурав B6: Бурав двигается только по 1 оси или по 2 осям строго диагонально

🎯 ВЫСТРЕЛЫ:
✓    ✅ Артиллерия B1 поразил Радиовышка A2 (2 урона)!
   Выпущено ракет: 1
# 
📊 РЕЗУЛЬТАТЫ ХОДА 10:
✓ 💥 ПОПАДАНИЯ:
✓    Артиллерия B1 (Team B) → Радиовышка A2 (Team A)

--- Результаты хода ---
  Team B / Артиллерия B1      → Team A / Радиовышка A2      @ (3,3,6)  (ранен)

--- Состояние команд после хода ---
  Team A: живых 2/8
    ✓ Радиовышка A2      @ (3,3,6) hp=1/3
    ✓ Бурав A6           @ (1,2,7) hp=4/4
    ✗ Артиллерия A1      @ (5,2,6) [уничтожен]
    ✗ Прыгун A3          @ (6,2,7) [уничтожен]
    ✗ Факел A4           @ (7,2,6) [уничтожен]
    ✗ Тишина A5          @ (2,2,6) [уничтожен]
    ✗ Провокатор A7      @ (6,2,6) [уничтожен]
    ✗ Паук A8            @ (9,2,6) [уничтожен]
  Team B: живых 4/8
    ✓ Артиллерия B1      @ (6,7,8) hp=1/1
    ✓ Тишина B5          @ (3,4,6) hp=2/2
    ✓ Бурав B6           @ (6,8,8) hp=4/4
    ✓ Паук B8            @ (6,5,8) hp=1/1
    ✗ Радиовышка B2      @ (6,2,7) [уничтожен]
    ✗ Прыгун B3          @ (6,4,8) [уничтожен]
    ✗ Факел B4           @ (6,4,8) [уничтожен]
    ✗ Провокатор B7      @ (6,0,8) [уничтожен]
  Team C: живых 0/8
    ✗ Артиллерия C1      @ (5,2,7) [уничтожен]
    ✗ Радиовышка C2      @ (2,2,7) [уничтожен]
    ✗ Прыгун C3          @ (6,2,7) [уничтожен]
    ✗ Факел C4           @ (6,2,7) [уничтожен]
    ✗ Тишина C5          @ (1,2,7) [уничтожен]
    ✗ Бурав C6           @ (1,2,7) [уничтожен]
    ✗ Провокатор C7      @ (4,2,7) [уничтожен]
    ✗ Паук C8            @ (7,2,7) [уничтожен]

======================================================================
ХОД 11
======================================================================
✓ 🎮 GM: начинаем ход
GM: start_turn

--- Радиовышки: сканирование слоя Z ---
  Радиовышка A2 (z=6): видит 1 врагов  → Тишина B5(3,4,6)

--- Решения ботов ---
  [Team A] Радиовышка A2 (3,3,6) → MOVE (3,4,6)
  [Team A] Бурав A6 (1,2,7) → MOVE (2,3,6)
  [Team B] Артиллерия B1 (6,7,8) → SHOOT at (3,3,6)
  [Team B] Тишина B5 (3,4,6) → MOVE (3,3,6)
  [Team B] Бурав B6 (6,8,8) → MOVE (5,7,7)
  [Team B] Паук B8 (6,5,8) → MINE (5,4,7)
  [Team C] все корабли пропускают ход
! 🎮 GM: принудительно завершает фазу планирования
GM: end_planning
# 
============================================================
# 🔄 ОБРАБОТКА ХОДА 11
# ============================================================
!    ⚠️ Паук B8: в клетке уже стоит мина

📦 ПЕРЕМЕЩЕНИЯ:
!    ⚠️ Радиовышка A2: клетка (3,4,6) занята
!    ⚠️ Бурав A6: Бурав двигается только по 1 оси или по 2 осям строго диагонально
!    ⚠️ Тишина B5: клетка (3,3,6) занята
!    ⚠️ Бурав B6: Бурав двигается только по 1 оси или по 2 осям строго диагонально

🎯 ВЫСТРЕЛЫ:
✓    ✅ Артиллерия B1 поразил Радиовышка A2 (2 урона)!
   Выпущено ракет: 1
# 
📊 РЕЗУЛЬТАТЫ ХОДА 11:
✓ 💥 ПОПАДАНИЯ:
✓    Артиллерия B1 (Team B) → Радиовышка A2 (Team A)

--- Результаты хода ---
  Team B / Артиллерия B1      → Team A / Радиовышка A2      @ (3,3,6)  (УБИТ)

--- Состояние команд после хода ---
  Team A: живых 1/8
    ✓ Бурав A6           @ (1,2,7) hp=4/4
    ✗ Артиллерия A1      @ (5,2,6) [уничтожен]
    ✗ Радиовышка A2      @ (3,3,6) [уничтожен]
    ✗ Прыгун A3          @ (6,2,7) [уничтожен]
    ✗ Факел A4           @ (7,2,6) [уничтожен]
    ✗ Тишина A5          @ (2,2,6) [уничтожен]
    ✗ Провокатор A7      @ (6,2,6) [уничтожен]
    ✗ Паук A8            @ (9,2,6) [уничтожен]
  Team B: живых 4/8
    ✓ Артиллерия B1      @ (6,7,8) hp=1/1
    ✓ Тишина B5          @ (3,4,6) hp=2/2
    ✓ Бурав B6           @ (6,8,8) hp=4/4
    ✓ Паук B8            @ (6,5,8) hp=1/1
    ✗ Радиовышка B2      @ (6,2,7) [уничтожен]
    ✗ Прыгун B3          @ (6,4,8) [уничтожен]
    ✗ Факел B4           @ (6,4,8) [уничтожен]
    ✗ Провокатор B7      @ (6,0,8) [уничтожен]
  Team C: живых 0/8
    ✗ Артиллерия C1      @ (5,2,7) [уничтожен]
    ✗ Радиовышка C2      @ (2,2,7) [уничтожен]
    ✗ Прыгун C3          @ (6,2,7) [уничтожен]
    ✗ Факел C4           @ (6,2,7) [уничтожен]
    ✗ Тишина C5          @ (1,2,7) [уничтожен]
    ✗ Бурав C6           @ (1,2,7) [уничтожен]
    ✗ Провокатор C7      @ (4,2,7) [уничтожен]
    ✗ Паук C8            @ (7,2,7) [уничтожен]

======================================================================
ХОД 12
======================================================================
✓ 🎮 GM: начинаем ход
GM: start_turn

--- Радиовышки: сканирование слоя Z ---
  (у команд не осталось живых радиовышек)

--- Решения ботов ---
  [Team A] Бурав A6 (1,2,7) → MOVE (2,3,6)
  [Team B] Артиллерия B1 (6,7,8) → SHOOT at (1,2,7)
  [Team B] Тишина B5 (3,4,6) → MOVE (2,3,7)
  [Team B] Бурав B6 (6,8,8) → MOVE (5,7,7)
  [Team B] Паук B8 (6,5,8) → MOVE (5,4,7)
  [Team C] все корабли пропускают ход
! 🎮 GM: принудительно завершает фазу планирования
GM: end_planning
# 
============================================================
# 🔄 ОБРАБОТКА ХОДА 12
# ============================================================

📦 ПЕРЕМЕЩЕНИЯ:
!    ⚠️ Бурав A6: Бурав двигается только по 1 оси или по 2 осям строго диагонально
   Тишина B5: (3, 4, 6) → (2,3,7)
!    ⚠️ Бурав B6: Бурав двигается только по 1 оси или по 2 осям строго диагонально
   Паук B8: (6, 5, 8) → (5,4,7)

🎯 ВЫСТРЕЛЫ:
✓    ✅ Артиллерия B1 поразил Бурав A6 (2 урона)!
   Выпущено ракет: 1
# 
📊 РЕЗУЛЬТАТЫ ХОДА 12:
✓ 💥 ПОПАДАНИЯ:
✓    Артиллерия B1 (Team B) → Бурав A6 (Team A)

--- Результаты хода ---
  Team B / Артиллерия B1      → Team A / Бурав A6           @ (1,2,7)  (ранен)

--- Состояние команд после хода ---
  Team A: живых 1/8
    ✓ Бурав A6           @ (1,2,7) hp=2/4
    ✗ Артиллерия A1      @ (5,2,6) [уничтожен]
    ✗ Радиовышка A2      @ (3,3,6) [уничтожен]
    ✗ Прыгун A3          @ (6,2,7) [уничтожен]
    ✗ Факел A4           @ (7,2,6) [уничтожен]
    ✗ Тишина A5          @ (2,2,6) [уничтожен]
    ✗ Провокатор A7      @ (6,2,6) [уничтожен]
    ✗ Паук A8            @ (9,2,6) [уничтожен]
  Team B: живых 4/8
    ✓ Артиллерия B1      @ (6,7,8) hp=1/1
    ✓ Тишина B5          @ (2,3,7) hp=2/2
    ✓ Бурав B6           @ (6,8,8) hp=4/4
    ✓ Паук B8            @ (5,4,7) hp=1/1
    ✗ Радиовышка B2      @ (6,2,7) [уничтожен]
    ✗ Прыгун B3          @ (6,4,8) [уничтожен]
    ✗ Факел B4           @ (6,4,8) [уничтожен]
    ✗ Провокатор B7      @ (6,0,8) [уничтожен]
  Team C: живых 0/8
    ✗ Артиллерия C1      @ (5,2,7) [уничтожен]
    ✗ Радиовышка C2      @ (2,2,7) [уничтожен]
    ✗ Прыгун C3          @ (6,2,7) [уничтожен]
    ✗ Факел C4           @ (6,2,7) [уничтожен]
    ✗ Тишина C5          @ (1,2,7) [уничтожен]
    ✗ Бурав C6           @ (1,2,7) [уничтожен]
    ✗ Провокатор C7      @ (4,2,7) [уничтожен]
    ✗ Паук C8            @ (7,2,7) [уничтожен]

======================================================================
ХОД 13
======================================================================
✓ 🎮 GM: начинаем ход
GM: start_turn

--- Радиовышки: сканирование слоя Z ---
  (у команд не осталось живых радиовышек)

--- Решения ботов ---
  [Team A] Бурав A6 (1,2,7) → MOVE (2,3,7)
  [Team B] Артиллерия B1 (6,7,8) → SHOOT at (1,2,7)
  [Team B] Тишина B5 (2,3,7) → MOVE (1,2,7)
  [Team B] Бурав B6 (6,8,8) → MOVE (5,7,7)
  [Team B] Паук B8 (5,4,7) → MINE (4,3,7)
  [Team C] все корабли пропускают ход
! 🎮 GM: принудительно завершает фазу планирования
GM: end_planning
# 
============================================================
# 🔄 ОБРАБОТКА ХОДА 13
# ============================================================
   💣 Паук B8 установил мину M7 в (4,3,7)

📦 ПЕРЕМЕЩЕНИЯ:
✓    💥 Бурав A6 тараном уничтожил Тишина B5 в (2,3,7)
   Бурав A6: (1, 2, 7) → (2,3,7)
!    ⚠️ Бурав B6: Бурав двигается только по 1 оси или по 2 осям строго диагонально

🎯 ВЫСТРЕЛЫ:
   Выпущено ракет: 1
# 
📊 РЕЗУЛЬТАТЫ ХОДА 13:
🎯 Попаданий нет

--- Результаты хода ---
  Team A / Бурав A6           → Team B / Тишина B5          @ (2,3,7)  (УБИТ)

--- Состояние команд после хода ---
  Team A: живых 1/8
    ✓ Бурав A6           @ (2,3,7) hp=2/4
    ✗ Артиллерия A1      @ (5,2,6) [уничтожен]
    ✗ Радиовышка A2      @ (3,3,6) [уничтожен]
    ✗ Прыгун A3          @ (6,2,7) [уничтожен]
    ✗ Факел A4           @ (7,2,6) [уничтожен]
    ✗ Тишина A5          @ (2,2,6) [уничтожен]
    ✗ Провокатор A7      @ (6,2,6) [уничтожен]
    ✗ Паук A8            @ (9,2,6) [уничтожен]
  Team B: живых 3/8
    ✓ Артиллерия B1      @ (6,7,8) hp=1/1
    ✓ Бурав B6           @ (6,8,8) hp=4/4
    ✓ Паук B8            @ (5,4,7) hp=1/1
    ✗ Радиовышка B2      @ (6,2,7) [уничтожен]
    ✗ Прыгун B3          @ (6,4,8) [уничтожен]
    ✗ Факел B4           @ (6,4,8) [уничтожен]
    ✗ Тишина B5          @ (2,3,7) [уничтожен]
    ✗ Провокатор B7      @ (6,0,8) [уничтожен]
  Team C: живых 0/8
    ✗ Артиллерия C1      @ (5,2,7) [уничтожен]
    ✗ Радиовышка C2      @ (2,2,7) [уничтожен]
    ✗ Прыгун C3          @ (6,2,7) [уничтожен]
    ✗ Факел C4           @ (6,2,7) [уничтожен]
    ✗ Тишина C5          @ (1,2,7) [уничтожен]
    ✗ Бурав C6           @ (1,2,7) [уничтожен]
    ✗ Провокатор C7      @ (4,2,7) [уничтожен]
    ✗ Паук C8            @ (7,2,7) [уничтожен]

======================================================================
ХОД 14
======================================================================
✓ 🎮 GM: начинаем ход
GM: start_turn

--- Радиовышки: сканирование слоя Z ---
  (у команд не осталось живых радиовышек)

--- Решения ботов ---
  [Team A] Бурав A6 (2,3,7) → MOVE (3,4,7)
  [Team B] Артиллерия B1 (6,7,8) → SHOOT at (2,3,7)
  [Team B] Бурав B6 (6,8,8) → MOVE (5,7,7)
  [Team B] Паук B8 (5,4,7) → MINE (4,3,7)
  [Team C] все корабли пропускают ход
! 🎮 GM: принудительно завершает фазу планирования
GM: end_planning
# 
============================================================
# 🔄 ОБРАБОТКА ХОДА 14
# ============================================================
!    ⚠️ Паук B8: в клетке уже стоит мина

📦 ПЕРЕМЕЩЕНИЯ:
   Бурав A6: (2, 3, 7) → (3,4,7)
!    ⚠️ Бурав B6: Бурав двигается только по 1 оси или по 2 осям строго диагонально

🎯 ВЫСТРЕЛЫ:
   Выпущено ракет: 1
# 
📊 РЕЗУЛЬТАТЫ ХОДА 14:
🎯 Попаданий нет

--- Результаты хода ---
  Попаданий нет

--- Состояние команд после хода ---
  Team A: живых 1/8
    ✓ Бурав A6           @ (3,4,7) hp=2/4
    ✗ Артиллерия A1      @ (5,2,6) [уничтожен]
    ✗ Радиовышка A2      @ (3,3,6) [уничтожен]
    ✗ Прыгун A3          @ (6,2,7) [уничтожен]
    ✗ Факел A4           @ (7,2,6) [уничтожен]
    ✗ Тишина A5          @ (2,2,6) [уничтожен]
    ✗ Провокатор A7      @ (6,2,6) [уничтожен]
    ✗ Паук A8            @ (9,2,6) [уничтожен]
  Team B: живых 3/8
    ✓ Артиллерия B1      @ (6,7,8) hp=1/1
    ✓ Бурав B6           @ (6,8,8) hp=4/4
    ✓ Паук B8            @ (5,4,7) hp=1/1
    ✗ Радиовышка B2      @ (6,2,7) [уничтожен]
    ✗ Прыгун B3          @ (6,4,8) [уничтожен]
    ✗ Факел B4           @ (6,4,8) [уничтожен]
    ✗ Тишина B5          @ (2,3,7) [уничтожен]
    ✗ Провокатор B7      @ (6,0,8) [уничтожен]
  Team C: живых 0/8
    ✗ Артиллерия C1      @ (5,2,7) [уничтожен]
    ✗ Радиовышка C2      @ (2,2,7) [уничтожен]
    ✗ Прыгун C3          @ (6,2,7) [уничтожен]
    ✗ Факел C4           @ (6,2,7) [уничтожен]
    ✗ Тишина C5          @ (1,2,7) [уничтожен]
    ✗ Бурав C6           @ (1,2,7) [уничтожен]
    ✗ Провокатор C7      @ (4,2,7) [уничтожен]
    ✗ Паук C8            @ (7,2,7) [уничтожен]

======================================================================
ХОД 15
======================================================================
✓ 🎮 GM: начинаем ход
GM: start_turn

--- Радиовышки: сканирование слоя Z ---
  (у команд не осталось живых радиовышек)

--- Решения ботов ---
  [Team A] Бурав A6 (3,4,7) → MOVE (5,4,7)
  [Team B] Артиллерия B1 (6,7,8) → SHOOT at (3,4,7)
  [Team B] Бурав B6 (6,8,8) → MOVE (5,7,7)
  [Team B] Паук B8 (5,4,7) → MINE (4,4,7)
  [Team C] все корабли пропускают ход
! 🎮 GM: принудительно завершает фазу планирования
GM: end_planning
# 
============================================================
# 🔄 ОБРАБОТКА ХОДА 15
# ============================================================
   💣 Паук B8 установил мину M8 в (4,4,7)

📦 ПЕРЕМЕЩЕНИЯ:
✓    💥 Бурав A6 тараном уничтожил Паук B8 в (5,4,7)
   Бурав A6: (3, 4, 7) → (5,4,7)
!    💥 Мина M1 сработала под Бурав A6 (урон 2) — КОРАБЛЬ УНИЧТОЖЕН
!    ⚠️ Бурав B6: Бурав двигается только по 1 оси или по 2 осям строго диагонально

🎯 ВЫСТРЕЛЫ:
   Выпущено ракет: 1
# 
📊 РЕЗУЛЬТАТЫ ХОДА 15:
🎯 Попаданий нет
# 
🎮🎮🎮🎮🎮🎮🎮🎮🎮🎮🎮🎮🎮🎮🎮🎮🎮🎮🎮🎮
#         ИГРА ОКОНЧЕНА!
# 🎮🎮🎮🎮🎮🎮🎮🎮🎮🎮🎮🎮🎮🎮🎮🎮🎮🎮🎮🎮
✓         🏆 ПОБЕДИТЕЛЬ: Team B

--- Результаты хода ---
  Team A / Бурав A6           → Team B / Паук B8            @ (5,4,7)  (УБИТ)
  ? / ?                  → Team A / Бурав A6           @ (5,4,7)  (УБИТ)

--- Состояние команд после хода ---
  Team A: живых 0/8
    ✗ Артиллерия A1      @ (5,2,6) [уничтожен]
    ✗ Радиовышка A2      @ (3,3,6) [уничтожен]
    ✗ Прыгун A3          @ (6,2,7) [уничтожен]
    ✗ Факел A4           @ (7,2,6) [уничтожен]
    ✗ Тишина A5          @ (2,2,6) [уничтожен]
    ✗ Бурав A6           @ (5,4,7) [уничтожен]
    ✗ Провокатор A7      @ (6,2,6) [уничтожен]
    ✗ Паук A8            @ (9,2,6) [уничтожен]
  Team B: живых 2/8
    ✓ Артиллерия B1      @ (6,7,8) hp=1/1
    ✓ Бурав B6           @ (6,8,8) hp=4/4
    ✗ Радиовышка B2      @ (6,2,7) [уничтожен]
    ✗ Прыгун B3          @ (6,4,8) [уничтожен]
    ✗ Факел B4           @ (6,4,8) [уничтожен]
    ✗ Тишина B5          @ (2,3,7) [уничтожен]
    ✗ Провокатор B7      @ (6,0,8) [уничтожен]
    ✗ Паук B8            @ (5,4,7) [уничтожен]
  Team C: живых 0/8
    ✗ Артиллерия C1      @ (5,2,7) [уничтожен]
    ✗ Радиовышка C2      @ (2,2,7) [уничтожен]
    ✗ Прыгун C3          @ (6,2,7) [уничтожен]
    ✗ Факел C4           @ (6,2,7) [уничтожен]
    ✗ Тишина C5          @ (1,2,7) [уничтожен]
    ✗ Бурав C6           @ (1,2,7) [уничтожен]
    ✗ Провокатор C7      @ (4,2,7) [уничтожен]
    ✗ Паук C8            @ (7,2,7) [уничтожен]

======================================================================
ИТОГ
======================================================================
Игра окончена. Победитель: Team B
Ходов сыграно: 15

--- Сводка по командам ---
  Team A: 0/8 живых; hp=0
  Team B: 2/8 живых; hp=5
  Team C: 0/8 живых; hp=0

--- Сводка по пассивкам радиовышек ---
  Team A: сканирований=11, всего врагов-в-слоях=8, уникальных эксклюзивных (видны только радиовышкой)=1
  Team B: сканирований=3, всего врагов-в-слоях=2, уникальных эксклюзивных (видны только радиовышкой)=0
  Team C: сканирований=8, всего врагов-в-слоях=10, уникальных эксклюзивных (видны только радиовышкой)=2

--- Сводка по попаданиям ---
  Всего событий (шоты+тараны+мины): 27
  Уничтожено кораблей всего: 22
  Team A: урон=29 хиты=1 тараны=9 мины(сработало)=0 убийств=10
  Team B: урон=22 хиты=10 тараны=0 мины(сработало)=1 убийств=7
  Team C: урон=16 хиты=2 тараны=4 мины(сработало)=0 убийств=5
! 🎮 GM: остановка игры
