======================================================================
Space Battle 10×10×10 — simulation run at 2026-04-20T11:27:19+00:00
Game mode: advanced
Seed: 36
✓ 🚀 Продвинутый режим: создаю разные типы кораблей
✓ ✅ Создано 33 кораблей


--- СТАРТОВАЯ РАССТАНОВКА ---
  Team A: живых 11/11
    ✓ Крейсер A1         @ (0,0,0) hp=1/1
    ✓ Артиллерия A2      @ (0,2,0) hp=3/3
    ✓ Радиовышка A3      @ (0,4,0) hp=3/3
    ✓ Базовый A4         @ (0,6,0) hp=2/2
    ✓ Базовый A5         @ (0,8,0) hp=2/2
    ✓ Прыгун A6          @ (0,1,1) hp=2/2
    ✓ Факел A7           @ (0,3,1) hp=5/5
    ✓ Тишина A8          @ (0,5,1) hp=2/2
    ✓ Бурав A9           @ (0,7,1) hp=4/4
    ✓ Провокатор A10     @ (0,9,1) hp=2/2
    ✓ Паук A11           @ (0,0,1) hp=1/1
  Team B: живых 11/11
    ✓ Крейсер B1         @ (9,9,9) hp=1/1
    ✓ Артиллерия B2      @ (9,7,9) hp=3/3
    ✓ Радиовышка B3      @ (9,5,9) hp=3/3
    ✓ Базовый B4         @ (9,3,9) hp=2/2
    ✓ Базовый B5         @ (9,1,9) hp=2/2
    ✓ Прыгун B6          @ (9,8,8) hp=2/2
    ✓ Факел B7           @ (9,6,8) hp=5/5
    ✓ Тишина B8          @ (9,4,8) hp=2/2
    ✓ Бурав B9           @ (9,2,8) hp=4/4
    ✓ Провокатор B10     @ (9,0,8) hp=2/2
    ✓ Паук B11           @ (9,9,8) hp=1/1
  Team C: живых 11/11
    ✓ Крейсер C1         @ (4,9,4) hp=1/1
    ✓ Артиллерия C2      @ (5,9,4) hp=3/3
    ✓ Радиовышка C3      @ (6,9,4) hp=3/3
    ✓ Базовый C4         @ (7,9,4) hp=2/2
    ✓ Базовый C5         @ (8,9,4) hp=2/2
    ✓ Прыгун C6          @ (4,9,5) hp=2/2
    ✓ Факел C7           @ (5,9,5) hp=5/5
    ✓ Тишина C8          @ (6,9,5) hp=2/2
    ✓ Бурав C9           @ (7,9,5) hp=4/4
    ✓ Провокатор C10     @ (8,9,5) hp=2/2
    ✓ Паук C11           @ (3,9,4) hp=1/1

======================================================================
ХОД 1
======================================================================
✓ 🎮 GM: начинаем ход
GM: start_turn

--- Решения ботов ---
  [Team A] Крейсер A1 (0,0,0) → MOVE (1,1,1)
  [Team A] Артиллерия A2 (0,2,0) → SHOOT at (3,9,4)
  [Team A] Радиовышка A3 (0,4,0) → MOVE (1,5,1)
  [Team A] Базовый A4 (0,6,0) → MOVE (1,7,1)
  [Team A] Базовый A5 (0,8,0) → MOVE (1,9,1)
  [Team A] Прыгун A6 (0,1,1) → MOVE (1,2,2)
  [Team A] Факел A7 (0,3,1) → MOVE (1,4,2)
  [Team A] Тишина A8 (0,5,1) → MOVE (1,6,2)
  [Team A] Бурав A9 (0,7,1) → MOVE (1,8,2)
  [Team A] Провокатор A10 (0,9,1) → HOLOGRAM (1,9,2)
  [Team A] Паук A11 (0,0,1) → MOVE (1,1,2)
  [Team B] Крейсер B1 (9,9,9) → MOVE (8,9,8)
  [Team B] Артиллерия B2 (9,7,9) → SHOOT at (8,9,5)
  [Team B] Радиовышка B3 (9,5,9) → MOVE (8,6,8)
  [Team B] Базовый B4 (9,3,9) → MOVE (8,4,8)
  [Team B] Базовый B5 (9,1,9) → MOVE (8,2,8)
  [Team B] Прыгун B6 (9,8,8) → MOVE (6,9,5)
  [Team B] Факел B7 (9,6,8) → MOVE (8,7,7)
  [Team B] Тишина B8 (9,4,8) → MOVE (8,5,7)
  [Team B] Бурав B9 (9,2,8) → MOVE (8,3,7)
  [Team B] Провокатор B10 (9,0,8) → MOVE (8,1,7)
  [Team B] Паук B11 (9,9,8) → MINE (8,9,7)
  [Team C] Крейсер C1 (4,9,4) → MOVE (3,8,3)
  [Team C] Артиллерия C2 (5,9,4) → SHOOT at (9,8,8)
  [Team C] Радиовышка C3 (6,9,4) → MOVE (7,8,5)
  [Team C] Базовый C4 (7,9,4) → MOVE (8,8,5)
  [Team C] Базовый C5 (8,9,4) → MOVE (9,8,5)
  [Team C] Прыгун C6 (4,9,5) → MOVE (3,8,4)
  [Team C] Факел C7 (5,9,5) → MOVE (6,8,6)
  [Team C] Тишина C8 (6,9,5) → MOVE (7,8,6)
  [Team C] Бурав C9 (7,9,5) → MOVE (8,8,6)
  [Team C] Провокатор C10 (8,9,5) → HOLOGRAM (9,8,6)
  [Team C] Паук C11 (3,9,4) → MINE (2,8,3)
! 🎮 GM: принудительно завершает фазу планирования
GM: end_planning
# 
============================================================
# 🔄 ОБРАБОТКА ХОДА 1
# ============================================================
   🪞 Провокатор A10 создал голограмму H1 в (1,9,2)
   🪞 Провокатор C10 создал голограмму H2 в (9,8,6)
   💣 Паук B11 установил мину M1 в (8,9,7)
   💣 Паук C11 установил мину M2 в (2,8,3)

📦 ПЕРЕМЕЩЕНИЯ:
   Крейсер A1: (0, 0, 0) → (1,1,1)
   Радиовышка A3: (0, 4, 0) → (1,5,1)
   Базовый A4: (0, 6, 0) → (1,7,1)
   Базовый A5: (0, 8, 0) → (1,9,1)
   Прыгун A6: (0, 1, 1) → (1,2,2)
   Факел A7: (0, 3, 1) → (1,4,2)
   Тишина A8: (0, 5, 1) → (1,6,2)
!    ⚠️ Бурав A9: Бурав двигается только по одной оси
   Паук A11: (0, 0, 1) → (1,1,2)
   Крейсер B1: (9, 9, 9) → (8,9,8)
   Радиовышка B3: (9, 5, 9) → (8,6,8)
   Базовый B4: (9, 3, 9) → (8,4,8)
   Базовый B5: (9, 1, 9) → (8,2,8)
✓    💥 Прыгун B6 тараном уничтожил Тишина C8 в (6,9,5)
   Прыгун B6: (9, 8, 8) → (6,9,5)
   Факел B7: (9, 6, 8) → (8,7,7)
   Тишина B8: (9, 4, 8) → (8,5,7)
!    ⚠️ Бурав B9: Бурав двигается только по одной оси
   Провокатор B10: (9, 0, 8) → (8,1,7)
   Крейсер C1: (4, 9, 4) → (3,8,3)
   Радиовышка C3: (6, 9, 4) → (7,8,5)
   Базовый C4: (7, 9, 4) → (8,8,5)
   Базовый C5: (8, 9, 4) → (9,8,5)
   Прыгун C6: (4, 9, 5) → (3,8,4)
   Факел C7: (5, 9, 5) → (6,8,6)
!    ⚠️ Бурав C9: Бурав двигается только по одной оси

🎯 ВЫСТРЕЛЫ:
✓    ✅ Артиллерия A2 поразил Паук C11 (2 урона)!
✓    ✅ Артиллерия B2 поразил Провокатор C10 (2 урона)!
   Выпущено ракет: 3
# 
📊 РЕЗУЛЬТАТЫ ХОДА 1:
✓ 💥 ПОПАДАНИЯ:
✓    Артиллерия A2 (Team A) → Паук C11 (Team C)
✓    Артиллерия B2 (Team B) → Провокатор C10 (Team C)

--- Результаты хода ---
  Team B / Прыгун B6          → Team C / Тишина C8          @ (6,9,5)  (УБИТ)
  Team A / Артиллерия A2      → Team C / Паук C11           @ (3,9,4)  (УБИТ)
  Team B / Артиллерия B2      → Team C / Провокатор C10     @ (8,9,5)  (УБИТ)

--- Состояние команд после хода ---
  Team A: живых 11/11
    ✓ Крейсер A1         @ (1,1,1) hp=1/1
    ✓ Артиллерия A2      @ (0,2,0) hp=3/3
    ✓ Радиовышка A3      @ (1,5,1) hp=3/3
    ✓ Базовый A4         @ (1,7,1) hp=2/2
    ✓ Базовый A5         @ (1,9,1) hp=2/2
    ✓ Прыгун A6          @ (1,2,2) hp=2/2
    ✓ Факел A7           @ (1,4,2) hp=5/5
    ✓ Тишина A8          @ (1,6,2) hp=2/2
    ✓ Бурав A9           @ (0,7,1) hp=4/4
    ✓ Провокатор A10     @ (0,9,1) hp=2/2
    ✓ Паук A11           @ (1,1,2) hp=1/1
  Team B: живых 11/11
    ✓ Крейсер B1         @ (8,9,8) hp=1/1
    ✓ Артиллерия B2      @ (9,7,9) hp=3/3
    ✓ Радиовышка B3      @ (8,6,8) hp=3/3
    ✓ Базовый B4         @ (8,4,8) hp=2/2
    ✓ Базовый B5         @ (8,2,8) hp=2/2
    ✓ Прыгун B6          @ (6,9,5) hp=2/2
    ✓ Факел B7           @ (8,7,7) hp=5/5
    ✓ Тишина B8          @ (8,5,7) hp=2/2
    ✓ Бурав B9           @ (9,2,8) hp=4/4
    ✓ Провокатор B10     @ (8,1,7) hp=2/2
    ✓ Паук B11           @ (9,9,8) hp=1/1
  Team C: живых 8/11
    ✓ Крейсер C1         @ (3,8,3) hp=1/1
    ✓ Артиллерия C2      @ (5,9,4) hp=3/3
    ✓ Радиовышка C3      @ (7,8,5) hp=3/3
    ✓ Базовый C4         @ (8,8,5) hp=2/2
    ✓ Базовый C5         @ (9,8,5) hp=2/2
    ✓ Прыгун C6          @ (3,8,4) hp=2/2
    ✓ Факел C7           @ (6,8,6) hp=5/5
    ✓ Бурав C9           @ (7,9,5) hp=4/4
    ✗ Тишина C8          @ (6,9,5) [уничтожен]
    ✗ Провокатор C10     @ (8,9,5) [уничтожен]
    ✗ Паук C11           @ (3,9,4) [уничтожен]

======================================================================
ХОД 2
======================================================================
✓ 🎮 GM: начинаем ход
GM: start_turn

--- Решения ботов ---
  [Team A] Крейсер A1 (1,1,1) → MOVE (2,2,2)
  [Team A] Артиллерия A2 (0,2,0) → SHOOT at (3,8,4)
  [Team A] Радиовышка A3 (1,5,1) → MOVE (2,6,2)
  [Team A] Базовый A4 (1,7,1) → MOVE (2,8,2)
  [Team A] Базовый A5 (1,9,1) → MOVE (2,9,1)
  [Team A] Прыгун A6 (1,2,2) → MOVE (2,3,3)
  [Team A] Факел A7 (1,4,2) → MOVE (2,5,3)
  [Team A] Тишина A8 (1,6,2) → MOVE (2,7,3)
  [Team A] Бурав A9 (0,7,1) → MOVE (1,8,2)
  [Team A] Провокатор A10 (0,9,1) → HOLOGRAM (0,9,2)
  [Team A] Паук A11 (1,1,2) → MOVE (2,2,3)
  [Team B] Крейсер B1 (8,9,8) → MOVE (7,8,7)
  [Team B] Артиллерия B2 (9,7,9) → SHOOT at (6,8,6)
  [Team B] Радиовышка B3 (8,6,8) → MOVE (7,7,7)
  [Team B] Базовый B4 (8,4,8) → MOVE (7,5,7)
  [Team B] Базовый B5 (8,2,8) → MOVE (7,3,7)
  [Team B] Прыгун B6 (6,9,5) → MOVE (3,8,3)
  [Team B] Факел B7 (8,7,7) → MOVE (7,8,6)
  [Team B] Тишина B8 (8,5,7) → MOVE (7,6,6)
  [Team B] Бурав B9 (9,2,8) → MOVE (8,3,7)
  [Team B] Провокатор B10 (8,1,7) → MOVE (7,2,6)
  [Team B] Паук B11 (9,9,8) → MINE (8,8,7)
  [Team C] Крейсер C1 (3,8,3) → MOVE (2,7,2)
  [Team C] Артиллерия C2 (5,9,4) → SHOOT at (6,9,5)
  [Team C] Радиовышка C3 (7,8,5) → MOVE (6,9,5)
  [Team C] Базовый C4 (8,8,5) → MOVE (8,9,5)
  [Team C] Базовый C5 (9,8,5) → MOVE (8,7,6)
  [Team C] Прыгун C6 (3,8,4) → MOVE (1,5,1)
  [Team C] Факел C7 (6,8,6) → MOVE (6,9,6)
  [Team C] Бурав C9 → SKIP
! 🎮 GM: принудительно завершает фазу планирования
GM: end_planning
# 
============================================================
# 🔄 ОБРАБОТКА ХОДА 2
# ============================================================
   🪞 Провокатор A10 создал голограмму H3 в (0,9,2)
   💣 Паук B11 установил мину M3 в (8,8,7)

📦 ПЕРЕМЕЩЕНИЯ:
   Крейсер A1: (1, 1, 1) → (2,2,2)
   Радиовышка A3: (1, 5, 1) → (2,6,2)
   Базовый A4: (1, 7, 1) → (2,8,2)
   Базовый A5: (1, 9, 1) → (2,9,1)
   Прыгун A6: (1, 2, 2) → (2,3,3)
   Факел A7: (1, 4, 2) → (2,5,3)
   Тишина A8: (1, 6, 2) → (2,7,3)
!    ⚠️ Бурав A9: Бурав двигается только по одной оси
   Паук A11: (1, 1, 2) → (2,2,3)
   Крейсер B1: (8, 9, 8) → (7,8,7)
   Радиовышка B3: (8, 6, 8) → (7,7,7)
   Базовый B4: (8, 4, 8) → (7,5,7)
   Базовый B5: (8, 2, 8) → (7,3,7)
✓    💥 Прыгун B6 тараном уничтожил Крейсер C1 в (3,8,3)
   Прыгун B6: (6, 9, 5) → (3,8,3)
   Факел B7: (8, 7, 7) → (7,8,6)
   Тишина B8: (8, 5, 7) → (7,6,6)
!    ⚠️ Бурав B9: Бурав двигается только по одной оси
   Провокатор B10: (8, 1, 7) → (7,2,6)
   Радиовышка C3: (7, 8, 5) → (6,9,5)
   Базовый C4: (8, 8, 5) → (8,9,5)
   Базовый C5: (9, 8, 5) → (8,7,6)
   Прыгун C6: (3, 8, 4) → (1,5,1)
   Факел C7: (6, 8, 6) → (6,9,6)

🎯 ВЫСТРЕЛЫ:
   Выпущено ракет: 3
# 
📊 РЕЗУЛЬТАТЫ ХОДА 2:
🎯 Попаданий нет

--- Результаты хода ---
  Team B / Прыгун B6          → Team C / Крейсер C1         @ (3,8,3)  (УБИТ)

--- Состояние команд после хода ---
  Team A: живых 11/11
    ✓ Крейсер A1         @ (2,2,2) hp=1/1
    ✓ Артиллерия A2      @ (0,2,0) hp=3/3
    ✓ Радиовышка A3      @ (2,6,2) hp=3/3
    ✓ Базовый A4         @ (2,8,2) hp=2/2
    ✓ Базовый A5         @ (2,9,1) hp=2/2
    ✓ Прыгун A6          @ (2,3,3) hp=2/2
    ✓ Факел A7           @ (2,5,3) hp=5/5
    ✓ Тишина A8          @ (2,7,3) hp=2/2
    ✓ Бурав A9           @ (0,7,1) hp=4/4
    ✓ Провокатор A10     @ (0,9,1) hp=2/2
    ✓ Паук A11           @ (2,2,3) hp=1/1
  Team B: живых 11/11
    ✓ Крейсер B1         @ (7,8,7) hp=1/1
    ✓ Артиллерия B2      @ (9,7,9) hp=3/3
    ✓ Радиовышка B3      @ (7,7,7) hp=3/3
    ✓ Базовый B4         @ (7,5,7) hp=2/2
    ✓ Базовый B5         @ (7,3,7) hp=2/2
    ✓ Прыгун B6          @ (3,8,3) hp=2/2
    ✓ Факел B7           @ (7,8,6) hp=5/5
    ✓ Тишина B8          @ (7,6,6) hp=2/2
    ✓ Бурав B9           @ (9,2,8) hp=4/4
    ✓ Провокатор B10     @ (7,2,6) hp=2/2
    ✓ Паук B11           @ (9,9,8) hp=1/1
  Team C: живых 7/11
    ✓ Артиллерия C2      @ (5,9,4) hp=3/3
    ✓ Радиовышка C3      @ (6,9,5) hp=3/3
    ✓ Базовый C4         @ (8,9,5) hp=2/2
    ✓ Базовый C5         @ (8,7,6) hp=2/2
    ✓ Прыгун C6          @ (1,5,1) hp=2/2
    ✓ Факел C7           @ (6,9,6) hp=5/5
    ✓ Бурав C9           @ (7,9,5) hp=4/4
    ✗ Крейсер C1         @ (3,8,3) [уничтожен]
    ✗ Тишина C8          @ (6,9,5) [уничтожен]
    ✗ Провокатор C10     @ (8,9,5) [уничтожен]
    ✗ Паук C11           @ (3,9,4) [уничтожен]

======================================================================
ХОД 3
======================================================================
✓ 🎮 GM: начинаем ход
GM: start_turn

--- Решения ботов ---
  [Team A] Крейсер A1 (2,2,2) → MOVE (1,3,1)
  [Team A] Артиллерия A2 (0,2,0) → SHOOT at (1,5,1)
  [Team A] Радиовышка A3 (2,6,2) → MOVE (1,5,1)
  [Team A] Базовый A4 (2,8,2) → MOVE (3,8,3)
  [Team A] Базовый A5 (2,9,1) → MOVE (3,8,2)
  [Team A] Прыгун A6 (2,3,3) → MOVE (1,4,2)
  [Team A] Факел A7 (2,5,3) → MOVE (1,5,2)
  [Team A] Тишина A8 (2,7,3) → MOVE (3,7,3)
  [Team A] Бурав A9 (0,7,1) → MOVE (1,6,1)
  [Team A] Провокатор A10 (0,9,1) → HOLOGRAM (1,8,2)
  [Team A] Паук A11 (2,2,3) → MINE (1,3,2)
  [Team B] Крейсер B1 (7,8,7) → MOVE (8,7,6)
  [Team B] Артиллерия B2 (9,7,9) → SHOOT at (8,7,6)
  [Team B] Радиовышка B3 (7,7,7) → MOVE (8,7,7)
  [Team B] Базовый B4 (7,5,7) → MOVE (8,6,6)
  [Team B] Базовый B5 (7,3,7) → MOVE (8,4,6)
  [Team B] Прыгун B6 (3,8,3) → MOVE (2,6,2)
  [Team B] Факел B7 (7,8,6) → MOVE (6,9,5)
  [Team B] Тишина B8 (7,6,6) → MOVE (7,7,6)
  [Team B] Бурав B9 (9,2,8) → MOVE (8,3,7)
  [Team B] Провокатор B10 (7,2,6) → HOLOGRAM (6,3,5)
  [Team B] Паук B11 (9,9,8) → MINE (8,8,7)
  [Team C] Артиллерия C2 (5,9,4) → SHOOT at (7,8,6)
  [Team C] Радиовышка C3 (6,9,5) → MOVE (7,8,6)
  [Team C] Базовый C4 (8,9,5) → MOVE (8,8,6)
  [Team C] Базовый C5 (8,7,6) → MOVE (7,8,7)
  [Team C] Прыгун C6 (1,5,1) → MOVE (2,2,2)
  [Team C] Факел C7 (6,9,6) → MOVE (6,8,7)
  [Team C] Бурав C9 (7,9,5) → MOVE (7,8,5)
! 🎮 GM: принудительно завершает фазу планирования
GM: end_planning
# 
============================================================
# 🔄 ОБРАБОТКА ХОДА 3
# ============================================================
   🪞 Провокатор A10 создал голограмму H4 в (1,8,2)
   🪞 Провокатор B10 создал голограмму H5 в (6,3,5)
   💣 Паук A11 установил мину M4 в (1,3,2)
!    ⚠️ Паук B11: в клетке уже стоит мина

📦 ПЕРЕМЕЩЕНИЯ:
   Крейсер A1: (2, 2, 2) → (1,3,1)
!    ⚠️ Радиовышка A3: клетка (1,5,1) занята
!    ⚠️ Базовый A4: клетка (3,8,3) занята
   Базовый A5: (2, 9, 1) → (3,8,2)
   Прыгун A6: (2, 3, 3) → (1,4,2)
   Факел A7: (2, 5, 3) → (1,5,2)
   Тишина A8: (2, 7, 3) → (3,7,3)
!    ⚠️ Бурав A9: Бурав двигается только по одной оси
!    ⚠️ Крейсер B1: клетка (8,7,6) занята
   Радиовышка B3: (7, 7, 7) → (8,7,7)
   Базовый B4: (7, 5, 7) → (8,6,6)
   Базовый B5: (7, 3, 7) → (8,4,6)
✓    💥 Прыгун B6 тараном уничтожил Радиовышка A3 в (2,6,2)
   Прыгун B6: (3, 8, 3) → (2,6,2)
!    ⚠️ Факел B7: клетка (6,9,5) занята
   Тишина B8: (7, 6, 6) → (7,7,6)
!    ⚠️ Бурав B9: Бурав двигается только по одной оси
!    ⚠️ Радиовышка C3: клетка (7,8,6) занята
   Базовый C4: (8, 9, 5) → (8,8,6)
!    ⚠️ Базовый C5: клетка (7,8,7) занята
   Прыгун C6: (1, 5, 1) → (2,2,2)
   Факел C7: (6, 9, 6) → (6,8,7)
   Бурав C9: (7, 9, 5) → (7,8,5)

🎯 ВЫСТРЕЛЫ:
✓    ✅ Артиллерия B2 поразил Базовый C5 (2 урона)!
✓    ✅ Артиллерия C2 поразил Факел B7 (2 урона)!
   Выпущено ракет: 3
# 
📊 РЕЗУЛЬТАТЫ ХОДА 3:
✓ 💥 ПОПАДАНИЯ:
✓    Артиллерия B2 (Team B) → Базовый C5 (Team C)
✓    Артиллерия C2 (Team C) → Факел B7 (Team B)

--- Результаты хода ---
  Team B / Прыгун B6          → Team A / Радиовышка A3      @ (2,6,2)  (УБИТ)
  Team B / Артиллерия B2      → Team C / Базовый C5         @ (8,7,6)  (УБИТ)
  Team C / Артиллерия C2      → Team B / Факел B7           @ (7,8,6)  (ранен)

--- Состояние команд после хода ---
  Team A: живых 10/11
    ✓ Крейсер A1         @ (1,3,1) hp=1/1
    ✓ Артиллерия A2      @ (0,2,0) hp=3/3
    ✓ Базовый A4         @ (2,8,2) hp=2/2
    ✓ Базовый A5         @ (3,8,2) hp=2/2
    ✓ Прыгун A6          @ (1,4,2) hp=2/2
    ✓ Факел A7           @ (1,5,2) hp=5/5
    ✓ Тишина A8          @ (3,7,3) hp=2/2
    ✓ Бурав A9           @ (0,7,1) hp=4/4
    ✓ Провокатор A10     @ (0,9,1) hp=2/2
    ✓ Паук A11           @ (2,2,3) hp=1/1
    ✗ Радиовышка A3      @ (2,6,2) [уничтожен]
  Team B: живых 11/11
    ✓ Крейсер B1         @ (7,8,7) hp=1/1
    ✓ Артиллерия B2      @ (9,7,9) hp=3/3
    ✓ Радиовышка B3      @ (8,7,7) hp=3/3
    ✓ Базовый B4         @ (8,6,6) hp=2/2
    ✓ Базовый B5         @ (8,4,6) hp=2/2
    ✓ Прыгун B6          @ (2,6,2) hp=2/2
    ✓ Факел B7           @ (7,8,6) hp=3/5
    ✓ Тишина B8          @ (7,7,6) hp=2/2
    ✓ Бурав B9           @ (9,2,8) hp=4/4
    ✓ Провокатор B10     @ (7,2,6) hp=2/2
    ✓ Паук B11           @ (9,9,8) hp=1/1
  Team C: живых 6/11
    ✓ Артиллерия C2      @ (5,9,4) hp=3/3
    ✓ Радиовышка C3      @ (6,9,5) hp=3/3
    ✓ Базовый C4         @ (8,8,6) hp=2/2
    ✓ Прыгун C6          @ (2,2,2) hp=2/2
    ✓ Факел C7           @ (6,8,7) hp=5/5
    ✓ Бурав C9           @ (7,8,5) hp=4/4
    ✗ Крейсер C1         @ (3,8,3) [уничтожен]
    ✗ Базовый C5         @ (8,7,6) [уничтожен]
    ✗ Тишина C8          @ (6,9,5) [уничтожен]
    ✗ Провокатор C10     @ (8,9,5) [уничтожен]
    ✗ Паук C11           @ (3,9,4) [уничтожен]

======================================================================
ХОД 4
======================================================================
✓ 🎮 GM: начинаем ход
GM: start_turn

--- Решения ботов ---
  [Team A] Крейсер A1 (1,3,1) → MOVE (2,2,2)
  [Team A] Артиллерия A2 (0,2,0) → SHOOT at (2,2,2)
  [Team A] Базовый A4 (2,8,2) → SHOOT at (2,6,2)
  [Team A] Базовый A5 (3,8,2) → MOVE (2,7,2)
  [Team A] Прыгун A6 (1,4,2) → MOVE (2,6,2)
  [Team A] Факел A7 (1,5,2) → MOVE (1,6,2)
  [Team A] Тишина A8 (3,7,3) → MOVE (3,6,2)
  [Team A] Бурав A9 (0,7,1) → MOVE (0,7,2)
  [Team A] Провокатор A10 (0,9,1) → HOLOGRAM (1,8,2)
  [Team A] Паук A11 → SKIP
  [Team B] Крейсер B1 (7,8,7) → SHOOT at (6,8,7)
  [Team B] Артиллерия B2 (9,7,9) → SHOOT at (8,8,6)
  [Team B] Радиовышка B3 (8,7,7) → MOVE (8,8,6)
  [Team B] Базовый B4 (8,6,6) → SHOOT at (8,8,6)
  [Team B] Базовый B5 (8,4,6) → SHOOT at (8,8,6)
  [Team B] Прыгун B6 (2,6,2) → MOVE (1,3,1)
  [Team B] Факел B7 (7,8,6) → HEAL (AoE)
  [Team B] Тишина B8 (7,7,6) → MOVE (8,7,6)
  [Team B] Бурав B9 (9,2,8) → MOVE (8,3,7)
  [Team B] Провокатор B10 (7,2,6) → HOLOGRAM (6,3,5)
  [Team B] Паук B11 (9,9,8) → MINE (8,8,7)
  [Team C] Артиллерия C2 (5,9,4) → SHOOT at (3,7,3)
  [Team C] Радиовышка C3 (6,9,5) → MOVE (7,8,6)
  [Team C] Базовый C4 (8,8,6) → SHOOT at (7,8,6)
  [Team C] Прыгун C6 (2,2,2) → MOVE (1,3,1)
  [Team C] Факел C7 (6,8,7) → SHOOT at (7,8,7)
  [Team C] Бурав C9 (7,8,5) → MOVE (7,8,7)
! 🎮 GM: принудительно завершает фазу планирования
GM: end_planning
# 
============================================================
# 🔄 ОБРАБОТКА ХОДА 4
# ============================================================
!    ⚠️ Провокатор A10: клетка (1,8,2) уже занята голограммой
!    ⚠️ Провокатор B10: клетка (6,3,5) уже занята голограммой
!    ⚠️ Паук B11: в клетке уже стоит мина

📦 ПЕРЕМЕЩЕНИЯ:
!    ⚠️ Крейсер A1: клетка (2,2,2) занята
   Базовый A5: (3, 8, 2) → (2,7,2)
✓    💥 Прыгун A6 тараном уничтожил Прыгун B6 в (2,6,2)
   Прыгун A6: (1, 4, 2) → (2,6,2)
   Факел A7: (1, 5, 2) → (1,6,2)
   Тишина A8: (3, 7, 3) → (3,6,2)
   Бурав A9: (0, 7, 1) → (0,7,2)
!    ⚠️ Радиовышка B3: клетка (8,8,6) занята
   Тишина B8: (7, 7, 6) → (8,7,6)
!    ⚠️ Бурав B9: Бурав двигается только по одной оси
!    ⚠️ Радиовышка C3: клетка (7,8,6) занята
✓    💥 Прыгун C6 тараном уничтожил Крейсер A1 в (1,3,1)
   Прыгун C6: (2, 2, 2) → (1,3,1)
✓    💥 Бурав C9 тараном уничтожил Крейсер B1 в (7,8,7)
   Бурав C9: (7, 8, 5) → (7,8,7)

🎯 ВЫСТРЕЛЫ:
!    🛡️ Выстрел Базовый A4 заблокирован союзником Базовый A5 в (2, 7, 2)
!    🛡️ Выстрел Базовый B4 заблокирован союзником Тишина B8 в (8, 7, 6)
!    🛡️ Выстрел Базовый B5 заблокирован союзником Базовый B4 в (8, 6, 6)
!    🛡️ Выстрел Факел C7 заблокирован союзником Бурав C9 в (7, 8, 7)
✓    ✅ Артиллерия B2 поразил Базовый C4 (2 урона)!
✓    ✅ Базовый C4 поразил Факел B7 (1 урона)!
✓    💚 Факел B7 лечит Факел B7 → hits=2/5
   Выпущено ракет: 8
# 
📊 РЕЗУЛЬТАТЫ ХОДА 4:
✓ 💥 ПОПАДАНИЯ:
✓    Артиллерия B2 (Team B) → Базовый C4 (Team C)
✓    Базовый C4 (Team C) → Факел B7 (Team B)

--- Результаты хода ---
  Team A / Прыгун A6          → Team B / Прыгун B6          @ (2,6,2)  (УБИТ)
  Team C / Прыгун C6          → Team A / Крейсер A1         @ (1,3,1)  (УБИТ)
  Team C / Бурав C9           → Team B / Крейсер B1         @ (7,8,7)  (УБИТ)
  Team B / Артиллерия B2      → Team C / Базовый C4         @ (8,8,6)  (УБИТ)
  Team C / Базовый C4         → Team B / Факел B7           @ (7,8,6)  (ранен)

--- Состояние команд после хода ---
  Team A: живых 9/11
    ✓ Артиллерия A2      @ (0,2,0) hp=3/3
    ✓ Базовый A4         @ (2,8,2) hp=2/2
    ✓ Базовый A5         @ (2,7,2) hp=2/2
    ✓ Прыгун A6          @ (2,6,2) hp=2/2
    ✓ Факел A7           @ (1,6,2) hp=5/5
    ✓ Тишина A8          @ (3,6,2) hp=2/2
    ✓ Бурав A9           @ (0,7,2) hp=4/4
    ✓ Провокатор A10     @ (0,9,1) hp=2/2
    ✓ Паук A11           @ (2,2,3) hp=1/1
    ✗ Крейсер A1         @ (1,3,1) [уничтожен]
    ✗ Радиовышка A3      @ (2,6,2) [уничтожен]
  Team B: живых 9/11
    ✓ Артиллерия B2      @ (9,7,9) hp=3/3
    ✓ Радиовышка B3      @ (8,7,7) hp=3/3
    ✓ Базовый B4         @ (8,6,6) hp=2/2
    ✓ Базовый B5         @ (8,4,6) hp=2/2
    ✓ Факел B7           @ (7,8,6) hp=3/5
    ✓ Тишина B8          @ (8,7,6) hp=2/2
    ✓ Бурав B9           @ (9,2,8) hp=4/4
    ✓ Провокатор B10     @ (7,2,6) hp=2/2
    ✓ Паук B11           @ (9,9,8) hp=1/1
    ✗ Крейсер B1         @ (7,8,7) [уничтожен]
    ✗ Прыгун B6          @ (2,6,2) [уничтожен]
  Team C: живых 5/11
    ✓ Артиллерия C2      @ (5,9,4) hp=3/3
    ✓ Радиовышка C3      @ (6,9,5) hp=3/3
    ✓ Прыгун C6          @ (1,3,1) hp=2/2
    ✓ Факел C7           @ (6,8,7) hp=5/5
    ✓ Бурав C9           @ (7,8,7) hp=4/4
    ✗ Крейсер C1         @ (3,8,3) [уничтожен]
    ✗ Базовый C4         @ (8,8,6) [уничтожен]
    ✗ Базовый C5         @ (8,7,6) [уничтожен]
    ✗ Тишина C8          @ (6,9,5) [уничтожен]
    ✗ Провокатор C10     @ (8,9,5) [уничтожен]
    ✗ Паук C11           @ (3,9,4) [уничтожен]

======================================================================
ХОД 5
======================================================================
✓ 🎮 GM: начинаем ход
GM: start_turn

--- Решения ботов ---
  [Team A] Артиллерия A2 (0,2,0) → SHOOT at (1,3,1)
  [Team A] Базовый A4 (2,8,2) → MOVE (3,9,3)
  [Team A] Базовый A5 (2,7,2) → MOVE (3,8,3)
  [Team A] Прыгун A6 (2,6,2) → MOVE (5,9,4)
  [Team A] Факел A7 (1,6,2) → MOVE (1,5,1)
  [Team A] Тишина A8 (3,6,2) → MOVE (4,7,3)
  [Team A] Бурав A9 (0,7,2) → MOVE (1,6,1)
  [Team A] Провокатор A10 (0,9,1) → HOLOGRAM (1,9,2)
  [Team A] Паук A11 (2,2,3) → MINE (1,3,2)
  [Team B] Артиллерия B2 (9,7,9) → SHOOT at (7,8,7)
  [Team B] Радиовышка B3 (8,7,7) → MOVE (7,8,7)
  [Team B] Базовый B4 (8,6,6) → MOVE (7,7,7)
  [Team B] Базовый B5 (8,4,6) → MOVE (7,5,7)
  [Team B] Факел B7 (7,8,6) → HEAL (AoE)
  [Team B] Тишина B8 (8,7,6) → MOVE (8,8,6)
  [Team B] Бурав B9 (9,2,8) → MOVE (8,3,7)
  [Team B] Провокатор B10 (7,2,6) → MOVE (6,3,7)
  [Team B] Паук B11 (9,9,8) → MINE (8,8,7)
  [Team C] Артиллерия C2 (5,9,4) → SHOOT at (7,8,6)
  [Team C] Радиовышка C3 (6,9,5) → MOVE (7,8,6)
  [Team C] Прыгун C6 (1,3,1) → MOVE (0,2,0)
  [Team C] Факел C7 (6,8,7) → MOVE (6,8,6)
  [Team C] Бурав C9 (7,8,7) → MOVE (8,7,7)
! 🎮 GM: принудительно завершает фазу планирования
GM: end_planning
# 
============================================================
# 🔄 ОБРАБОТКА ХОДА 5
# ============================================================
!    ⚠️ Провокатор A10: клетка (1,9,2) уже занята голограммой
!    ⚠️ Паук A11: в клетке уже стоит мина
!    ⚠️ Паук B11: в клетке уже стоит мина

📦 ПЕРЕМЕЩЕНИЯ:
   Базовый A4: (2, 8, 2) → (3,9,3)
   Базовый A5: (2, 7, 2) → (3,8,3)
✓    💥 Прыгун A6 тараном уничтожил Артиллерия C2 в (5,9,4)
   Прыгун A6: (2, 6, 2) → (5,9,4)
   Факел A7: (1, 6, 2) → (1,5,1)
   Тишина A8: (3, 6, 2) → (4,7,3)
!    ⚠️ Бурав A9: Бурав двигается только по одной оси
!    ⚠️ Радиовышка B3: клетка (7,8,7) занята
   Базовый B4: (8, 6, 6) → (7,7,7)
   Базовый B5: (8, 4, 6) → (7,5,7)
   Тишина B8: (8, 7, 6) → (8,8,6)
!    ⚠️ Бурав B9: Бурав двигается только по одной оси
   Провокатор B10: (7, 2, 6) → (6,3,7)
!    ⚠️ Радиовышка C3: клетка (7,8,6) занята
✓    💥 Прыгун C6 тараном уничтожил Артиллерия A2 в (0,2,0)
   Прыгун C6: (1, 3, 1) → (0,2,0)
   Факел C7: (6, 8, 7) → (6,8,6)
!    ⚠️ Бурав C9: Бурав двигается только по одной оси

🎯 ВЫСТРЕЛЫ:
✓    ✅ Артиллерия B2 поразил Бурав C9 (2 урона)!
✓    💚 Факел B7 лечит Факел B7 → hits=1/5
   Выпущено ракет: 1
# 
📊 РЕЗУЛЬТАТЫ ХОДА 5:
✓ 💥 ПОПАДАНИЯ:
✓    Артиллерия B2 (Team B) → Бурав C9 (Team C)

--- Результаты хода ---
  Team A / Прыгун A6          → Team C / Артиллерия C2      @ (5,9,4)  (УБИТ)
  Team C / Прыгун C6          → Team A / Артиллерия A2      @ (0,2,0)  (УБИТ)
  Team B / Артиллерия B2      → Team C / Бурав C9           @ (7,8,7)  (ранен)

--- Состояние команд после хода ---
  Team A: живых 8/11
    ✓ Базовый A4         @ (3,9,3) hp=2/2
    ✓ Базовый A5         @ (3,8,3) hp=2/2
    ✓ Прыгун A6          @ (5,9,4) hp=2/2
    ✓ Факел A7           @ (1,5,1) hp=5/5
    ✓ Тишина A8          @ (4,7,3) hp=2/2
    ✓ Бурав A9           @ (0,7,2) hp=4/4
    ✓ Провокатор A10     @ (0,9,1) hp=2/2
    ✓ Паук A11           @ (2,2,3) hp=1/1
    ✗ Крейсер A1         @ (1,3,1) [уничтожен]
    ✗ Артиллерия A2      @ (0,2,0) [уничтожен]
    ✗ Радиовышка A3      @ (2,6,2) [уничтожен]
  Team B: живых 9/11
    ✓ Артиллерия B2      @ (9,7,9) hp=3/3
    ✓ Радиовышка B3      @ (8,7,7) hp=3/3
    ✓ Базовый B4         @ (7,7,7) hp=2/2
    ✓ Базовый B5         @ (7,5,7) hp=2/2
    ✓ Факел B7           @ (7,8,6) hp=4/5
    ✓ Тишина B8          @ (8,8,6) hp=2/2
    ✓ Бурав B9           @ (9,2,8) hp=4/4
    ✓ Провокатор B10     @ (6,3,7) hp=2/2
    ✓ Паук B11           @ (9,9,8) hp=1/1
    ✗ Крейсер B1         @ (7,8,7) [уничтожен]
    ✗ Прыгун B6          @ (2,6,2) [уничтожен]
  Team C: живых 4/11
    ✓ Радиовышка C3      @ (6,9,5) hp=3/3
    ✓ Прыгун C6          @ (0,2,0) hp=2/2
    ✓ Факел C7           @ (6,8,6) hp=5/5
    ✓ Бурав C9           @ (7,8,7) hp=2/4
    ✗ Крейсер C1         @ (3,8,3) [уничтожен]
    ✗ Артиллерия C2      @ (5,9,4) [уничтожен]
    ✗ Базовый C4         @ (8,8,6) [уничтожен]
    ✗ Базовый C5         @ (8,7,6) [уничтожен]
    ✗ Тишина C8          @ (6,9,5) [уничтожен]
    ✗ Провокатор C10     @ (8,9,5) [уничтожен]
    ✗ Паук C11           @ (3,9,4) [уничтожен]

======================================================================
ХОД 6
======================================================================
✓ 🎮 GM: начинаем ход
GM: start_turn

--- Решения ботов ---
  [Team A] Базовый A4 (3,9,3) → MOVE (4,9,4)
  [Team A] Базовый A5 (3,8,3) → MOVE (3,9,4)
  [Team A] Прыгун A6 (5,9,4) → MOVE (8,7,7)
  [Team A] Факел A7 (1,5,1) → MOVE (0,4,0)
  [Team A] Тишина A8 (4,7,3) → MOVE (5,8,4)
  [Team A] Бурав A9 (0,7,2) → MOVE (0,6,1)
  [Team A] Провокатор A10 (0,9,1) → MOVE (1,9,2)
  [Team A] Паук A11 (2,2,3) → MINE (1,2,2)
  [Team B] Артиллерия B2 (9,7,9) → SHOOT at (7,8,7)
  [Team B] Радиовышка B3 (8,7,7) → MOVE (7,8,7)
  [Team B] Базовый B4 (7,7,7) → SHOOT at (7,8,7)
  [Team B] Базовый B5 (7,5,7) → SHOOT at (7,8,7)
  [Team B] Факел B7 (7,8,6) → HEAL (AoE)
  [Team B] Тишина B8 (8,8,6) → MOVE (8,8,7)
  [Team B] Бурав B9 (9,2,8) → MOVE (8,3,7)
  [Team B] Провокатор B10 (6,3,7) → HOLOGRAM (5,4,6)
  [Team B] Паук B11 (9,9,8) → MINE (8,8,8)
  [Team C] Радиовышка C3 (6,9,5) → MOVE (5,9,4)
  [Team C] Прыгун C6 (0,2,0) → MOVE (1,5,1)
  [Team C] Факел C7 (6,8,6) → HEAL (AoE)
  [Team C] Бурав C9 (7,8,7) → MOVE (7,7,7)
! 🎮 GM: принудительно завершает фазу планирования
GM: end_planning
# 
============================================================
# 🔄 ОБРАБОТКА ХОДА 6
# ============================================================
   🪞 Провокатор B10 создал голограмму H6 в (5,4,6)
   💣 Паук A11 установил мину M5 в (1,2,2)
   💣 Паук B11 установил мину M6 в (8,8,8)

📦 ПЕРЕМЕЩЕНИЯ:
   Базовый A4: (3, 9, 3) → (4,9,4)
   Базовый A5: (3, 8, 3) → (3,9,4)
✓    💥 Прыгун A6 тараном уничтожил Радиовышка B3 в (8,7,7)
   Прыгун A6: (5, 9, 4) → (8,7,7)
   Факел A7: (1, 5, 1) → (0,4,0)
   Тишина A8: (4, 7, 3) → (5,8,4)
!    ⚠️ Бурав A9: Бурав двигается только по одной оси
!    ⚠️ Провокатор A10: клетка (1,9,2) занята
   Тишина B8: (8, 8, 6) → (8,8,7)
!    ⚠️ Бурав B9: Бурав двигается только по одной оси
   Радиовышка C3: (6, 9, 5) → (5,9,4)
   Прыгун C6: (0, 2, 0) → (1,5,1)
✓    💥 Бурав C9 тараном уничтожил Базовый B4 в (7,7,7)
   Бурав C9: (7, 8, 7) → (7,7,7)

🎯 ВЫСТРЕЛЫ:
✓    ✅ Базовый B5 поразил Бурав C9 (1 урона)!
✓    💚 Факел B7 лечит Факел B7 → hits=0/5
✓    💚 Факел C7 лечит Бурав C9 → hits=2/4
   Выпущено ракет: 2
# 
📊 РЕЗУЛЬТАТЫ ХОДА 6:
✓ 💥 ПОПАДАНИЯ:
✓    Базовый B5 (Team B) → Бурав C9 (Team C)

--- Результаты хода ---
  Team A / Прыгун A6          → Team B / Радиовышка B3      @ (8,7,7)  (УБИТ)
  Team C / Бурав C9           → Team B / Базовый B4         @ (7,7,7)  (УБИТ)
  Team B / Базовый B5         → Team C / Бурав C9           @ (7,7,7)  (ранен)

--- Состояние команд после хода ---
  Team A: живых 8/11
    ✓ Базовый A4         @ (4,9,4) hp=2/2
    ✓ Базовый A5         @ (3,9,4) hp=2/2
    ✓ Прыгун A6          @ (8,7,7) hp=2/2
    ✓ Факел A7           @ (0,4,0) hp=5/5
    ✓ Тишина A8          @ (5,8,4) hp=2/2
    ✓ Бурав A9           @ (0,7,2) hp=4/4
    ✓ Провокатор A10     @ (0,9,1) hp=2/2
    ✓ Паук A11           @ (2,2,3) hp=1/1
    ✗ Крейсер A1         @ (1,3,1) [уничтожен]
    ✗ Артиллерия A2      @ (0,2,0) [уничтожен]
    ✗ Радиовышка A3      @ (2,6,2) [уничтожен]
  Team B: живых 7/11
    ✓ Артиллерия B2      @ (9,7,9) hp=3/3
    ✓ Базовый B5         @ (7,5,7) hp=2/2
    ✓ Факел B7           @ (7,8,6) hp=5/5
    ✓ Тишина B8          @ (8,8,7) hp=2/2
    ✓ Бурав B9           @ (9,2,8) hp=4/4
    ✓ Провокатор B10     @ (6,3,7) hp=2/2
    ✓ Паук B11           @ (9,9,8) hp=1/1
    ✗ Крейсер B1         @ (7,8,7) [уничтожен]
    ✗ Радиовышка B3      @ (8,7,7) [уничтожен]
    ✗ Базовый B4         @ (7,7,7) [уничтожен]
    ✗ Прыгун B6          @ (2,6,2) [уничтожен]
  Team C: живых 4/11
    ✓ Радиовышка C3      @ (5,9,4) hp=3/3
    ✓ Прыгун C6          @ (1,5,1) hp=2/2
    ✓ Факел C7           @ (6,8,6) hp=5/5
    ✓ Бурав C9           @ (7,7,7) hp=2/4
    ✗ Крейсер C1         @ (3,8,3) [уничтожен]
    ✗ Артиллерия C2      @ (5,9,4) [уничтожен]
    ✗ Базовый C4         @ (8,8,6) [уничтожен]
    ✗ Базовый C5         @ (8,7,6) [уничтожен]
    ✗ Тишина C8          @ (6,9,5) [уничтожен]
    ✗ Провокатор C10     @ (8,9,5) [уничтожен]
    ✗ Паук C11           @ (3,9,4) [уничтожен]

======================================================================
ХОД 7
======================================================================
✓ 🎮 GM: начинаем ход
GM: start_turn

--- Решения ботов ---
  [Team A] Базовый A4 (4,9,4) → SHOOT at (5,9,4)
  [Team A] Базовый A5 (3,9,4) → SHOOT at (5,9,4)
  [Team A] Прыгун A6 (8,7,7) → MOVE (9,7,9)
  [Team A] Факел A7 (0,4,0) → MOVE (1,5,1)
  [Team A] Тишина A8 (5,8,4) → MOVE (5,9,4)
  [Team A] Бурав A9 (0,7,2) → MOVE (1,6,1)
  [Team A] Провокатор A10 (0,9,1) → HOLOGRAM (1,8,1)
  [Team A] Паук A11 (2,2,3) → MINE (1,3,2)
  [Team B] Артиллерия B2 (9,7,9) → SHOOT at (8,7,7)
  [Team B] Базовый B5 (7,5,7) → SHOOT at (7,7,7)
  [Team B] Факел B7 (7,8,6) → SHOOT at (6,8,6)
  [Team B] Тишина B8 (8,8,7) → MOVE (8,7,7)
  [Team B] Бурав B9 (9,2,8) → MOVE (8,3,7)
  [Team B] Провокатор B10 (6,3,7) → HOLOGRAM (7,4,7)
  [Team B] Паук B11 (9,9,8) → MINE (9,8,8)
  [Team C] Радиовышка C3 (5,9,4) → MOVE (4,9,4)
  [Team C] Прыгун C6 (1,5,1) → MOVE (0,4,0)
  [Team C] Факел C7 (6,8,6) → HEAL (AoE)
  [Team C] Бурав C9 (7,7,7) → MOVE (8,7,7)
! 🎮 GM: принудительно завершает фазу планирования
GM: end_planning
# 
============================================================
# 🔄 ОБРАБОТКА ХОДА 7
# ============================================================
   🪞 Провокатор A10 создал голограмму H7 в (1,8,1)
   🪞 Провокатор B10 создал голограмму H8 в (7,4,7)
!    ⚠️ Паук A11: в клетке уже стоит мина
   💣 Паук B11 установил мину M7 в (9,8,8)

📦 ПЕРЕМЕЩЕНИЯ:
✓    💥 Прыгун A6 тараном уничтожил Артиллерия B2 в (9,7,9)
   Прыгун A6: (8, 7, 7) → (9,7,9)
!    ⚠️ Факел A7: клетка (1,5,1) занята
!    ⚠️ Тишина A8: клетка (5,9,4) занята
!    ⚠️ Бурав A9: Бурав двигается только по одной оси
   Тишина B8: (8, 8, 7) → (8,7,7)
!    ⚠️ Бурав B9: Бурав двигается только по одной оси
!    ⚠️ Радиовышка C3: клетка (4,9,4) занята
✓    💥 Прыгун C6 тараном уничтожил Факел A7 в (0,4,0)
   Прыгун C6: (1, 5, 1) → (0,4,0)
✓    💥 Бурав C9 тараном уничтожил Тишина B8 в (8,7,7)
   Бурав C9: (7, 7, 7) → (8,7,7)

🎯 ВЫСТРЕЛЫ:
!    🛡️ Выстрел Базовый A5 заблокирован союзником Базовый A4 в (4, 9, 4)
✓    ✅ Базовый A4 поразил Радиовышка C3 (1 урона)!
✓    ✅ Факел B7 поразил Факел C7 (1 урона)!
✓    💚 Факел C7 лечит Факел C7 → hits=0/5
   Выпущено ракет: 4
# 
📊 РЕЗУЛЬТАТЫ ХОДА 7:
✓ 💥 ПОПАДАНИЯ:
✓    Базовый A4 (Team A) → Радиовышка C3 (Team C)
✓    Факел B7 (Team B) → Факел C7 (Team C)

--- Результаты хода ---
  Team A / Прыгун A6          → Team B / Артиллерия B2      @ (9,7,9)  (УБИТ)
  Team C / Прыгун C6          → Team A / Факел A7           @ (0,4,0)  (УБИТ)
  Team C / Бурав C9           → Team B / Тишина B8          @ (8,7,7)  (УБИТ)
  Team A / Базовый A4         → Team C / Радиовышка C3      @ (5,9,4)  (ранен)
  Team B / Факел B7           → Team C / Факел C7           @ (6,8,6)  (ранен)

--- Состояние команд после хода ---
  Team A: живых 7/11
    ✓ Базовый A4         @ (4,9,4) hp=2/2
    ✓ Базовый A5         @ (3,9,4) hp=2/2
    ✓ Прыгун A6          @ (9,7,9) hp=2/2
    ✓ Тишина A8          @ (5,8,4) hp=2/2
    ✓ Бурав A9           @ (0,7,2) hp=4/4
    ✓ Провокатор A10     @ (0,9,1) hp=2/2
    ✓ Паук A11           @ (2,2,3) hp=1/1
    ✗ Крейсер A1         @ (1,3,1) [уничтожен]
    ✗ Артиллерия A2      @ (0,2,0) [уничтожен]
    ✗ Радиовышка A3      @ (2,6,2) [уничтожен]
    ✗ Факел A7           @ (0,4,0) [уничтожен]
  Team B: живых 5/11
    ✓ Базовый B5         @ (7,5,7) hp=2/2
    ✓ Факел B7           @ (7,8,6) hp=5/5
    ✓ Бурав B9           @ (9,2,8) hp=4/4
    ✓ Провокатор B10     @ (6,3,7) hp=2/2
    ✓ Паук B11           @ (9,9,8) hp=1/1
    ✗ Крейсер B1         @ (7,8,7) [уничтожен]
    ✗ Артиллерия B2      @ (9,7,9) [уничтожен]
    ✗ Радиовышка B3      @ (8,7,7) [уничтожен]
    ✗ Базовый B4         @ (7,7,7) [уничтожен]
    ✗ Прыгун B6          @ (2,6,2) [уничтожен]
    ✗ Тишина B8          @ (8,7,7) [уничтожен]
  Team C: живых 4/11
    ✓ Радиовышка C3      @ (5,9,4) hp=2/3
    ✓ Прыгун C6          @ (0,4,0) hp=2/2
    ✓ Факел C7           @ (6,8,6) hp=5/5
    ✓ Бурав C9           @ (8,7,7) hp=2/4
    ✗ Крейсер C1         @ (3,8,3) [уничтожен]
    ✗ Артиллерия C2      @ (5,9,4) [уничтожен]
    ✗ Базовый C4         @ (8,8,6) [уничтожен]
    ✗ Базовый C5         @ (8,7,6) [уничтожен]
    ✗ Тишина C8          @ (6,9,5) [уничтожен]
    ✗ Провокатор C10     @ (8,9,5) [уничтожен]
    ✗ Паук C11           @ (3,9,4) [уничтожен]

======================================================================
ХОД 8
======================================================================
✓ 🎮 GM: начинаем ход
GM: start_turn

--- Решения ботов ---
  [Team A] Базовый A4 (4,9,4) → SHOOT at (5,9,4)
  [Team A] Базовый A5 (3,9,4) → SHOOT at (5,9,4)
  [Team A] Прыгун A6 (9,7,9) → MOVE (7,5,7)
  [Team A] Тишина A8 (5,8,4) → MOVE (5,9,4)
  [Team A] Бурав A9 (0,7,2) → MOVE (0,6,1)
  [Team A] Провокатор A10 (0,9,1) → HOLOGRAM (1,9,2)
  [Team A] Паук A11 (2,2,3) → MINE (1,3,2)
  [Team B] Базовый B5 (7,5,7) → MOVE (8,6,8)
  [Team B] Факел B7 (7,8,6) → SHOOT at (6,8,6)
  [Team B] Бурав B9 (9,2,8) → MOVE (9,3,9)
  [Team B] Провокатор B10 (6,3,7) → HOLOGRAM (7,4,8)
  [Team B] Паук B11 (9,9,8) → MINE (9,8,9)
  [Team C] Радиовышка C3 (5,9,4) → MOVE (4,9,4)
  [Team C] Прыгун C6 (0,4,0) → MOVE (0,7,2)
  [Team C] Факел C7 (6,8,6) → SHOOT at (7,8,6)
  [Team C] Бурав C9 (8,7,7) → MOVE (7,8,6)
! 🎮 GM: принудительно завершает фазу планирования
GM: end_planning
# 
============================================================
# 🔄 ОБРАБОТКА ХОДА 8
# ============================================================
!    ⚠️ Провокатор A10: клетка (1,9,2) уже занята голограммой
   🪞 Провокатор B10 создал голограмму H9 в (7,4,8)
!    ⚠️ Паук A11: в клетке уже стоит мина
   💣 Паук B11 установил мину M8 в (9,8,9)

📦 ПЕРЕМЕЩЕНИЯ:
✓    💥 Прыгун A6 тараном уничтожил Базовый B5 в (7,5,7)
   Прыгун A6: (9, 7, 9) → (7,5,7)
!    ⚠️ Тишина A8: клетка (5,9,4) занята
!    ⚠️ Бурав A9: Бурав двигается только по одной оси
!    ⚠️ Бурав B9: Бурав двигается только по одной оси
!    ⚠️ Радиовышка C3: клетка (4,9,4) занята
✓    💥 Прыгун C6 тараном уничтожил Бурав A9 в (0,7,2)
   Прыгун C6: (0, 4, 0) → (0,7,2)
!    ⚠️ Бурав C9: Бурав двигается только по одной оси

🎯 ВЫСТРЕЛЫ:
!    🛡️ Выстрел Базовый A5 заблокирован союзником Базовый A4 в (4, 9, 4)
✓    ✅ Базовый A4 поразил Радиовышка C3 (1 урона)!
✓    ✅ Факел B7 поразил Факел C7 (1 урона)!
✓    ✅ Факел C7 поразил Факел B7 (1 урона)!
   Выпущено ракет: 4
# 
📊 РЕЗУЛЬТАТЫ ХОДА 8:
✓ 💥 ПОПАДАНИЯ:
✓    Базовый A4 (Team A) → Радиовышка C3 (Team C)
✓    Факел B7 (Team B) → Факел C7 (Team C)
✓    Факел C7 (Team C) → Факел B7 (Team B)

--- Результаты хода ---
  Team A / Прыгун A6          → Team B / Базовый B5         @ (7,5,7)  (УБИТ)
  Team C / Прыгун C6          → Team A / Бурав A9           @ (0,7,2)  (УБИТ)
  Team A / Базовый A4         → Team C / Радиовышка C3      @ (5,9,4)  (ранен)
  Team B / Факел B7           → Team C / Факел C7           @ (6,8,6)  (ранен)
  Team C / Факел C7           → Team B / Факел B7           @ (7,8,6)  (ранен)

--- Состояние команд после хода ---
  Team A: живых 6/11
    ✓ Базовый A4         @ (4,9,4) hp=2/2
    ✓ Базовый A5         @ (3,9,4) hp=2/2
    ✓ Прыгун A6          @ (7,5,7) hp=2/2
    ✓ Тишина A8          @ (5,8,4) hp=2/2
    ✓ Провокатор A10     @ (0,9,1) hp=2/2
    ✓ Паук A11           @ (2,2,3) hp=1/1
    ✗ Крейсер A1         @ (1,3,1) [уничтожен]
    ✗ Артиллерия A2      @ (0,2,0) [уничтожен]
    ✗ Радиовышка A3      @ (2,6,2) [уничтожен]
    ✗ Факел A7           @ (0,4,0) [уничтожен]
    ✗ Бурав A9           @ (0,7,2) [уничтожен]
  Team B: живых 4/11
    ✓ Факел B7           @ (7,8,6) hp=4/5
    ✓ Бурав B9           @ (9,2,8) hp=4/4
    ✓ Провокатор B10     @ (6,3,7) hp=2/2
    ✓ Паук B11           @ (9,9,8) hp=1/1
    ✗ Крейсер B1         @ (7,8,7) [уничтожен]
    ✗ Артиллерия B2      @ (9,7,9) [уничтожен]
    ✗ Радиовышка B3      @ (8,7,7) [уничтожен]
    ✗ Базовый B4         @ (7,7,7) [уничтожен]
    ✗ Базовый B5         @ (7,5,7) [уничтожен]
    ✗ Прыгун B6          @ (2,6,2) [уничтожен]
    ✗ Тишина B8          @ (8,7,7) [уничтожен]
  Team C: живых 4/11
    ✓ Радиовышка C3      @ (5,9,4) hp=1/3
    ✓ Прыгун C6          @ (0,7,2) hp=2/2
    ✓ Факел C7           @ (6,8,6) hp=4/5
    ✓ Бурав C9           @ (8,7,7) hp=2/4
    ✗ Крейсер C1         @ (3,8,3) [уничтожен]
    ✗ Артиллерия C2      @ (5,9,4) [уничтожен]
    ✗ Базовый C4         @ (8,8,6) [уничтожен]
    ✗ Базовый C5         @ (8,7,6) [уничтожен]
    ✗ Тишина C8          @ (6,9,5) [уничтожен]
    ✗ Провокатор C10     @ (8,9,5) [уничтожен]
    ✗ Паук C11           @ (3,9,4) [уничтожен]

======================================================================
ХОД 9
======================================================================
✓ 🎮 GM: начинаем ход
GM: start_turn

--- Решения ботов ---
  [Team A] Базовый A4 (4,9,4) → SHOOT at (5,9,4)
  [Team A] Базовый A5 (3,9,4) → SHOOT at (5,9,4)
  [Team A] Прыгун A6 (7,5,7) → MOVE (7,8,6)
  [Team A] Тишина A8 (5,8,4) → MOVE (5,9,4)
  [Team A] Провокатор A10 (0,9,1) → HOLOGRAM (0,8,2)
  [Team A] Паук A11 (2,2,3) → MINE (3,3,4)
  [Team B] Факел B7 (7,8,6) → HEAL (AoE)
  [Team B] Бурав B9 (9,2,8) → MOVE (8,3,7)
  [Team B] Провокатор B10 (6,3,7) → HOLOGRAM (7,4,7)
  [Team B] Паук B11 (9,9,8) → MINE (8,8,7)
  [Team C] Радиовышка C3 (5,9,4) → MOVE (4,9,4)
  [Team C] Прыгун C6 (0,7,2) → MOVE (3,9,4)
  [Team C] Факел C7 (6,8,6) → HEAL (AoE)
  [Team C] Бурав C9 (8,7,7) → MOVE (7,8,6)
! 🎮 GM: принудительно завершает фазу планирования
GM: end_planning
# 
============================================================
# 🔄 ОБРАБОТКА ХОДА 9
# ============================================================
   🪞 Провокатор A10 создал голограмму H10 в (0,8,2)
!    ⚠️ Провокатор B10: клетка (7,4,7) уже занята голограммой
   💣 Паук A11 установил мину M9 в (3,3,4)
!    ⚠️ Паук B11: в клетке уже стоит мина

📦 ПЕРЕМЕЩЕНИЯ:
✓    💥 Прыгун A6 тараном уничтожил Факел B7 в (7,8,6)
   Прыгун A6: (7, 5, 7) → (7,8,6)
!    ⚠️ Тишина A8: клетка (5,9,4) занята
!    ⚠️ Бурав B9: Бурав двигается только по одной оси
!    ⚠️ Радиовышка C3: клетка (4,9,4) занята
✓    💥 Прыгун C6 тараном уничтожил Базовый A5 в (3,9,4)
   Прыгун C6: (0, 7, 2) → (3,9,4)
!    ⚠️ Бурав C9: Бурав двигается только по одной оси

🎯 ВЫСТРЕЛЫ:
✓    ✅ Базовый A4 поразил Радиовышка C3 (1 урона)!
✓    💚 Факел C7 лечит Факел C7 → hits=0/5
   Выпущено ракет: 1
# 
📊 РЕЗУЛЬТАТЫ ХОДА 9:
✓ 💥 ПОПАДАНИЯ:
✓    Базовый A4 (Team A) → Радиовышка C3 (Team C)

--- Результаты хода ---
  Team A / Прыгун A6          → Team B / Факел B7           @ (7,8,6)  (УБИТ)
  Team C / Прыгун C6          → Team A / Базовый A5         @ (3,9,4)  (УБИТ)
  Team A / Базовый A4         → Team C / Радиовышка C3      @ (5,9,4)  (УБИТ)

--- Состояние команд после хода ---
  Team A: живых 5/11
    ✓ Базовый A4         @ (4,9,4) hp=2/2
    ✓ Прыгун A6          @ (7,8,6) hp=2/2
    ✓ Тишина A8          @ (5,8,4) hp=2/2
    ✓ Провокатор A10     @ (0,9,1) hp=2/2
    ✓ Паук A11           @ (2,2,3) hp=1/1
    ✗ Крейсер A1         @ (1,3,1) [уничтожен]
    ✗ Артиллерия A2      @ (0,2,0) [уничтожен]
    ✗ Радиовышка A3      @ (2,6,2) [уничтожен]
    ✗ Базовый A5         @ (3,9,4) [уничтожен]
    ✗ Факел A7           @ (0,4,0) [уничтожен]
    ✗ Бурав A9           @ (0,7,2) [уничтожен]
  Team B: живых 3/11
    ✓ Бурав B9           @ (9,2,8) hp=4/4
    ✓ Провокатор B10     @ (6,3,7) hp=2/2
    ✓ Паук B11           @ (9,9,8) hp=1/1
    ✗ Крейсер B1         @ (7,8,7) [уничтожен]
    ✗ Артиллерия B2      @ (9,7,9) [уничтожен]
    ✗ Радиовышка B3      @ (8,7,7) [уничтожен]
    ✗ Базовый B4         @ (7,7,7) [уничтожен]
    ✗ Базовый B5         @ (7,5,7) [уничтожен]
    ✗ Прыгун B6          @ (2,6,2) [уничтожен]
    ✗ Факел B7           @ (7,8,6) [уничтожен]
    ✗ Тишина B8          @ (8,7,7) [уничтожен]
  Team C: живых 3/11
    ✓ Прыгун C6          @ (3,9,4) hp=2/2
    ✓ Факел C7           @ (6,8,6) hp=5/5
    ✓ Бурав C9           @ (8,7,7) hp=2/4
    ✗ Крейсер C1         @ (3,8,3) [уничтожен]
    ✗ Артиллерия C2      @ (5,9,4) [уничтожен]
    ✗ Радиовышка C3      @ (5,9,4) [уничтожен]
    ✗ Базовый C4         @ (8,8,6) [уничтожен]
    ✗ Базовый C5         @ (8,7,6) [уничтожен]
    ✗ Тишина C8          @ (6,9,5) [уничтожен]
    ✗ Провокатор C10     @ (8,9,5) [уничтожен]
    ✗ Паук C11           @ (3,9,4) [уничтожен]

======================================================================
ХОД 10
======================================================================
✓ 🎮 GM: начинаем ход
GM: start_turn

--- Решения ботов ---
  [Team A] Базовый A4 (4,9,4) → SHOOT at (3,9,4)
  [Team A] Прыгун A6 (7,8,6) → MOVE (9,9,8)
  [Team A] Тишина A8 (5,8,4) → MOVE (4,8,4)
  [Team A] Провокатор A10 (0,9,1) → HOLOGRAM (1,9,2)
  [Team A] Паук A11 (2,2,3) → MOVE (3,3,4)
  [Team B] Бурав B9 (9,2,8) → MOVE (8,3,7)
  [Team B] Провокатор B10 (6,3,7) → HOLOGRAM (7,4,7)
  [Team B] Паук B11 (9,9,8) → MINE (8,8,7)
  [Team C] Прыгун C6 (3,9,4) → MOVE (4,9,4)
  [Team C] Факел C7 (6,8,6) → SHOOT at (7,8,6)
  [Team C] Бурав C9 (8,7,7) → MOVE (7,8,6)
! 🎮 GM: принудительно завершает фазу планирования
GM: end_planning
# 
============================================================
# 🔄 ОБРАБОТКА ХОДА 10
# ============================================================
!    ⚠️ Провокатор A10: клетка (1,9,2) уже занята голограммой
!    ⚠️ Провокатор B10: клетка (7,4,7) уже занята голограммой
!    ⚠️ Паук B11: в клетке уже стоит мина

📦 ПЕРЕМЕЩЕНИЯ:
✓    💥 Прыгун A6 тараном уничтожил Паук B11 в (9,9,8)
   Прыгун A6: (7, 8, 6) → (9,9,8)
   Тишина A8: (5, 8, 4) → (4,8,4)
   Паук A11: (2, 2, 3) → (3,3,4)
!    ⚠️ Бурав B9: Бурав двигается только по одной оси
✓    💥 Прыгун C6 тараном уничтожил Базовый A4 в (4,9,4)
   Прыгун C6: (3, 9, 4) → (4,9,4)
!    ⚠️ Бурав C9: Бурав двигается только по одной оси

🎯 ВЫСТРЕЛЫ:
   Выпущено ракет: 1
# 
📊 РЕЗУЛЬТАТЫ ХОДА 10:
🎯 Попаданий нет

--- Результаты хода ---
  Team A / Прыгун A6          → Team B / Паук B11           @ (9,9,8)  (УБИТ)
  Team C / Прыгун C6          → Team A / Базовый A4         @ (4,9,4)  (УБИТ)

--- Состояние команд после хода ---
  Team A: живых 4/11
    ✓ Прыгун A6          @ (9,9,8) hp=2/2
    ✓ Тишина A8          @ (4,8,4) hp=2/2
    ✓ Провокатор A10     @ (0,9,1) hp=2/2
    ✓ Паук A11           @ (3,3,4) hp=1/1
    ✗ Крейсер A1         @ (1,3,1) [уничтожен]
    ✗ Артиллерия A2      @ (0,2,0) [уничтожен]
    ✗ Радиовышка A3      @ (2,6,2) [уничтожен]
    ✗ Базовый A4         @ (4,9,4) [уничтожен]
    ✗ Базовый A5         @ (3,9,4) [уничтожен]
    ✗ Факел A7           @ (0,4,0) [уничтожен]
    ✗ Бурав A9           @ (0,7,2) [уничтожен]
  Team B: живых 2/11
    ✓ Бурав B9           @ (9,2,8) hp=4/4
    ✓ Провокатор B10     @ (6,3,7) hp=2/2
    ✗ Крейсер B1         @ (7,8,7) [уничтожен]
    ✗ Артиллерия B2      @ (9,7,9) [уничтожен]
    ✗ Радиовышка B3      @ (8,7,7) [уничтожен]
    ✗ Базовый B4         @ (7,7,7) [уничтожен]
    ✗ Базовый B5         @ (7,5,7) [уничтожен]
    ✗ Прыгун B6          @ (2,6,2) [уничтожен]
    ✗ Факел B7           @ (7,8,6) [уничтожен]
    ✗ Тишина B8          @ (8,7,7) [уничтожен]
    ✗ Паук B11           @ (9,9,8) [уничтожен]
  Team C: живых 3/11
    ✓ Прыгун C6          @ (4,9,4) hp=2/2
    ✓ Факел C7           @ (6,8,6) hp=5/5
    ✓ Бурав C9           @ (8,7,7) hp=2/4
    ✗ Крейсер C1         @ (3,8,3) [уничтожен]
    ✗ Артиллерия C2      @ (5,9,4) [уничтожен]
    ✗ Радиовышка C3      @ (5,9,4) [уничтожен]
    ✗ Базовый C4         @ (8,8,6) [уничтожен]
    ✗ Базовый C5         @ (8,7,6) [уничтожен]
    ✗ Тишина C8          @ (6,9,5) [уничтожен]
    ✗ Провокатор C10     @ (8,9,5) [уничтожен]
    ✗ Паук C11           @ (3,9,4) [уничтожен]

======================================================================
ХОД 11
======================================================================
✓ 🎮 GM: начинаем ход
GM: start_turn

--- Решения ботов ---
  [Team A] Прыгун A6 (9,9,8) → MOVE (6,8,6)
  [Team A] Тишина A8 (4,8,4) → MOVE (4,9,4)
  [Team A] Провокатор A10 (0,9,1) → HOLOGRAM (1,9,2)
  [Team A] Паук A11 (3,3,4) → MINE (4,3,5)
  [Team B] Бурав B9 (9,2,8) → MOVE (8,3,7)
  [Team B] Провокатор B10 (6,3,7) → HOLOGRAM (5,3,6)
  [Team C] Прыгун C6 (4,9,4) → MOVE (4,8,4)
  [Team C] Факел C7 (6,8,6) → MOVE (5,8,5)
  [Team C] Бурав C9 (8,7,7) → MOVE (9,8,8)
! 🎮 GM: принудительно завершает фазу планирования
GM: end_planning
# 
============================================================
# 🔄 ОБРАБОТКА ХОДА 11
# ============================================================
!    ⚠️ Провокатор A10: клетка (1,9,2) уже занята голограммой
   🪞 Провокатор B10 создал голограмму H11 в (5,3,6)
   💣 Паук A11 установил мину M10 в (4,3,5)

📦 ПЕРЕМЕЩЕНИЯ:
✓    💥 Прыгун A6 тараном уничтожил Факел C7 в (6,8,6)
   Прыгун A6: (9, 9, 8) → (6,8,6)
!    ⚠️ Тишина A8: клетка (4,9,4) занята
!    ⚠️ Бурав B9: Бурав двигается только по одной оси
✓    💥 Прыгун C6 тараном уничтожил Тишина A8 в (4,8,4)
   Прыгун C6: (4, 9, 4) → (4,8,4)
!    ⚠️ Бурав C9: Бурав двигается только по одной оси

🎯 ВЫСТРЕЛЫ:
   Выпущено ракет: 0
# 
📊 РЕЗУЛЬТАТЫ ХОДА 11:
🎯 Попаданий нет

--- Результаты хода ---
  Team A / Прыгун A6          → Team C / Факел C7           @ (6,8,6)  (УБИТ)
  Team C / Прыгун C6          → Team A / Тишина A8          @ (4,8,4)  (УБИТ)

--- Состояние команд после хода ---
  Team A: живых 3/11
    ✓ Прыгун A6          @ (6,8,6) hp=2/2
    ✓ Провокатор A10     @ (0,9,1) hp=2/2
    ✓ Паук A11           @ (3,3,4) hp=1/1
    ✗ Крейсер A1         @ (1,3,1) [уничтожен]
    ✗ Артиллерия A2      @ (0,2,0) [уничтожен]
    ✗ Радиовышка A3      @ (2,6,2) [уничтожен]
    ✗ Базовый A4         @ (4,9,4) [уничтожен]
    ✗ Базовый A5         @ (3,9,4) [уничтожен]
    ✗ Факел A7           @ (0,4,0) [уничтожен]
    ✗ Тишина A8          @ (4,8,4) [уничтожен]
    ✗ Бурав A9           @ (0,7,2) [уничтожен]
  Team B: живых 2/11
    ✓ Бурав B9           @ (9,2,8) hp=4/4
    ✓ Провокатор B10     @ (6,3,7) hp=2/2
    ✗ Крейсер B1         @ (7,8,7) [уничтожен]
    ✗ Артиллерия B2      @ (9,7,9) [уничтожен]
    ✗ Радиовышка B3      @ (8,7,7) [уничтожен]
    ✗ Базовый B4         @ (7,7,7) [уничтожен]
    ✗ Базовый B5         @ (7,5,7) [уничтожен]
    ✗ Прыгун B6          @ (2,6,2) [уничтожен]
    ✗ Факел B7           @ (7,8,6) [уничтожен]
    ✗ Тишина B8          @ (8,7,7) [уничтожен]
    ✗ Паук B11           @ (9,9,8) [уничтожен]
  Team C: живых 2/11
    ✓ Прыгун C6          @ (4,8,4) hp=2/2
    ✓ Бурав C9           @ (8,7,7) hp=2/4
    ✗ Крейсер C1         @ (3,8,3) [уничтожен]
    ✗ Артиллерия C2      @ (5,9,4) [уничтожен]
    ✗ Радиовышка C3      @ (5,9,4) [уничтожен]
    ✗ Базовый C4         @ (8,8,6) [уничтожен]
    ✗ Базовый C5         @ (8,7,6) [уничтожен]
    ✗ Факел C7           @ (6,8,6) [уничтожен]
    ✗ Тишина C8          @ (6,9,5) [уничтожен]
    ✗ Провокатор C10     @ (8,9,5) [уничтожен]
    ✗ Паук C11           @ (3,9,4) [уничтожен]

======================================================================
ХОД 12
======================================================================
✓ 🎮 GM: начинаем ход
GM: start_turn

--- Решения ботов ---
  [Team A] Прыгун A6 (6,8,6) → MOVE (4,8,4)
  [Team A] Провокатор A10 (0,9,1) → HOLOGRAM (1,8,2)
  [Team A] Паук A11 (3,3,4) → MINE (4,3,5)
  [Team B] Бурав B9 (9,2,8) → MOVE (8,3,7)
  [Team B] Провокатор B10 (6,3,7) → HOLOGRAM (5,3,6)
  [Team C] Прыгун C6 (4,8,4) → MOVE (6,8,6)
  [Team C] Бурав C9 (8,7,7) → MOVE (7,8,6)
! 🎮 GM: принудительно завершает фазу планирования
GM: end_planning
# 
============================================================
# 🔄 ОБРАБОТКА ХОДА 12
# ============================================================
!    ⚠️ Провокатор A10: клетка (1,8,2) уже занята голограммой
!    ⚠️ Провокатор B10: клетка (5,3,6) уже занята голограммой
!    ⚠️ Паук A11: в клетке уже стоит мина

📦 ПЕРЕМЕЩЕНИЯ:
✓    💥 Прыгун A6 тараном уничтожил Прыгун C6 в (4,8,4)
   Прыгун A6: (6, 8, 6) → (4,8,4)
!    ⚠️ Бурав B9: Бурав двигается только по одной оси
!    ⚠️ Бурав C9: Бурав двигается только по одной оси

🎯 ВЫСТРЕЛЫ:
   Выпущено ракет: 0
# 
📊 РЕЗУЛЬТАТЫ ХОДА 12:
🎯 Попаданий нет

--- Результаты хода ---
  Team A / Прыгун A6          → Team C / Прыгун C6          @ (4,8,4)  (УБИТ)

--- Состояние команд после хода ---
  Team A: живых 3/11
    ✓ Прыгун A6          @ (4,8,4) hp=2/2
    ✓ Провокатор A10     @ (0,9,1) hp=2/2
    ✓ Паук A11           @ (3,3,4) hp=1/1
    ✗ Крейсер A1         @ (1,3,1) [уничтожен]
    ✗ Артиллерия A2      @ (0,2,0) [уничтожен]
    ✗ Радиовышка A3      @ (2,6,2) [уничтожен]
    ✗ Базовый A4         @ (4,9,4) [уничтожен]
    ✗ Базовый A5         @ (3,9,4) [уничтожен]
    ✗ Факел A7           @ (0,4,0) [уничтожен]
    ✗ Тишина A8          @ (4,8,4) [уничтожен]
    ✗ Бурав A9           @ (0,7,2) [уничтожен]
  Team B: живых 2/11
    ✓ Бурав B9           @ (9,2,8) hp=4/4
    ✓ Провокатор B10     @ (6,3,7) hp=2/2
    ✗ Крейсер B1         @ (7,8,7) [уничтожен]
    ✗ Артиллерия B2      @ (9,7,9) [уничтожен]
    ✗ Радиовышка B3      @ (8,7,7) [уничтожен]
    ✗ Базовый B4         @ (7,7,7) [уничтожен]
    ✗ Базовый B5         @ (7,5,7) [уничтожен]
    ✗ Прыгун B6          @ (2,6,2) [уничтожен]
    ✗ Факел B7           @ (7,8,6) [уничтожен]
    ✗ Тишина B8          @ (8,7,7) [уничтожен]
    ✗ Паук B11           @ (9,9,8) [уничтожен]
  Team C: живых 1/11
    ✓ Бурав C9           @ (8,7,7) hp=2/4
    ✗ Крейсер C1         @ (3,8,3) [уничтожен]
    ✗ Артиллерия C2      @ (5,9,4) [уничтожен]
    ✗ Радиовышка C3      @ (5,9,4) [уничтожен]
    ✗ Базовый C4         @ (8,8,6) [уничтожен]
    ✗ Базовый C5         @ (8,7,6) [уничтожен]
    ✗ Прыгун C6          @ (4,8,4) [уничтожен]
    ✗ Факел C7           @ (6,8,6) [уничтожен]
    ✗ Тишина C8          @ (6,9,5) [уничтожен]
    ✗ Провокатор C10     @ (8,9,5) [уничтожен]
    ✗ Паук C11           @ (3,9,4) [уничтожен]

======================================================================
ХОД 13
======================================================================
✓ 🎮 GM: начинаем ход
GM: start_turn

--- Решения ботов ---
  [Team A] Прыгун A6 (4,8,4) → MOVE (5,7,5)
  [Team A] Провокатор A10 (0,9,1) → MOVE (1,8,2)
  [Team A] Паук A11 (3,3,4) → MINE (4,3,5)
  [Team B] Бурав B9 (9,2,8) → MOVE (8,3,7)
  [Team B] Провокатор B10 (6,3,7) → HOLOGRAM (5,3,6)
  [Team C] Бурав C9 (8,7,7) → MOVE (7,6,6)
! 🎮 GM: принудительно завершает фазу планирования
GM: end_planning
# 
============================================================
# 🔄 ОБРАБОТКА ХОДА 13
# ============================================================
!    ⚠️ Провокатор B10: клетка (5,3,6) уже занята голограммой
!    ⚠️ Паук A11: в клетке уже стоит мина

📦 ПЕРЕМЕЩЕНИЯ:
   Прыгун A6: (4, 8, 4) → (5,7,5)
!    ⚠️ Провокатор A10: клетка (1,8,2) занята
!    ⚠️ Бурав B9: Бурав двигается только по одной оси
!    ⚠️ Бурав C9: Бурав двигается только по одной оси

🎯 ВЫСТРЕЛЫ:
   Выпущено ракет: 0
# 
📊 РЕЗУЛЬТАТЫ ХОДА 13:
🎯 Попаданий нет

--- Результаты хода ---
  Попаданий нет

--- Состояние команд после хода ---
  Team A: живых 3/11
    ✓ Прыгун A6          @ (5,7,5) hp=2/2
    ✓ Провокатор A10     @ (0,9,1) hp=2/2
    ✓ Паук A11           @ (3,3,4) hp=1/1
    ✗ Крейсер A1         @ (1,3,1) [уничтожен]
    ✗ Артиллерия A2      @ (0,2,0) [уничтожен]
    ✗ Радиовышка A3      @ (2,6,2) [уничтожен]
    ✗ Базовый A4         @ (4,9,4) [уничтожен]
    ✗ Базовый A5         @ (3,9,4) [уничтожен]
    ✗ Факел A7           @ (0,4,0) [уничтожен]
    ✗ Тишина A8          @ (4,8,4) [уничтожен]
    ✗ Бурав A9           @ (0,7,2) [уничтожен]
  Team B: живых 2/11
    ✓ Бурав B9           @ (9,2,8) hp=4/4
    ✓ Провокатор B10     @ (6,3,7) hp=2/2
    ✗ Крейсер B1         @ (7,8,7) [уничтожен]
    ✗ Артиллерия B2      @ (9,7,9) [уничтожен]
    ✗ Радиовышка B3      @ (8,7,7) [уничтожен]
    ✗ Базовый B4         @ (7,7,7) [уничтожен]
    ✗ Базовый B5         @ (7,5,7) [уничтожен]
    ✗ Прыгун B6          @ (2,6,2) [уничтожен]
    ✗ Факел B7           @ (7,8,6) [уничтожен]
    ✗ Тишина B8          @ (8,7,7) [уничтожен]
    ✗ Паук B11           @ (9,9,8) [уничтожен]
  Team C: живых 1/11
    ✓ Бурав C9           @ (8,7,7) hp=2/4
    ✗ Крейсер C1         @ (3,8,3) [уничтожен]
    ✗ Артиллерия C2      @ (5,9,4) [уничтожен]
    ✗ Радиовышка C3      @ (5,9,4) [уничтожен]
    ✗ Базовый C4         @ (8,8,6) [уничтожен]
    ✗ Базовый C5         @ (8,7,6) [уничтожен]
    ✗ Прыгун C6          @ (4,8,4) [уничтожен]
    ✗ Факел C7           @ (6,8,6) [уничтожен]
    ✗ Тишина C8          @ (6,9,5) [уничтожен]
    ✗ Провокатор C10     @ (8,9,5) [уничтожен]
    ✗ Паук C11           @ (3,9,4) [уничтожен]

======================================================================
ХОД 14
======================================================================
✓ 🎮 GM: начинаем ход
GM: start_turn

--- Решения ботов ---
  [Team A] Прыгун A6 (5,7,5) → MOVE (8,7,7)
  [Team A] Провокатор A10 (0,9,1) → MOVE (1,8,2)
  [Team A] Паук A11 (3,3,4) → MINE (4,3,5)
  [Team B] Бурав B9 (9,2,8) → MOVE (8,3,7)
  [Team B] Провокатор B10 (6,3,7) → HOLOGRAM (5,3,6)
  [Team C] Бурав C9 (8,7,7) → MOVE (7,7,6)
! 🎮 GM: принудительно завершает фазу планирования
GM: end_planning
# 
============================================================
# 🔄 ОБРАБОТКА ХОДА 14
# ============================================================
!    ⚠️ Провокатор B10: клетка (5,3,6) уже занята голограммой
!    ⚠️ Паук A11: в клетке уже стоит мина

📦 ПЕРЕМЕЩЕНИЯ:
✓    💥 Прыгун A6 тараном уничтожил Бурав C9 в (8,7,7)
   Прыгун A6: (5, 7, 5) → (8,7,7)
!    ⚠️ Провокатор A10: клетка (1,8,2) занята
!    ⚠️ Бурав B9: Бурав двигается только по одной оси

🎯 ВЫСТРЕЛЫ:
   Выпущено ракет: 0
# 
📊 РЕЗУЛЬТАТЫ ХОДА 14:
🎯 Попаданий нет

--- Результаты хода ---
  Team A / Прыгун A6          → Team C / Бурав C9           @ (8,7,7)  (УБИТ)

--- Состояние команд после хода ---
  Team A: живых 3/11
    ✓ Прыгун A6          @ (8,7,7) hp=2/2
    ✓ Провокатор A10     @ (0,9,1) hp=2/2
    ✓ Паук A11           @ (3,3,4) hp=1/1
    ✗ Крейсер A1         @ (1,3,1) [уничтожен]
    ✗ Артиллерия A2      @ (0,2,0) [уничтожен]
    ✗ Радиовышка A3      @ (2,6,2) [уничтожен]
    ✗ Базовый A4         @ (4,9,4) [уничтожен]
    ✗ Базовый A5         @ (3,9,4) [уничтожен]
    ✗ Факел A7           @ (0,4,0) [уничтожен]
    ✗ Тишина A8          @ (4,8,4) [уничтожен]
    ✗ Бурав A9           @ (0,7,2) [уничтожен]
  Team B: живых 2/11
    ✓ Бурав B9           @ (9,2,8) hp=4/4
    ✓ Провокатор B10     @ (6,3,7) hp=2/2
    ✗ Крейсер B1         @ (7,8,7) [уничтожен]
    ✗ Артиллерия B2      @ (9,7,9) [уничтожен]
    ✗ Радиовышка B3      @ (8,7,7) [уничтожен]
    ✗ Базовый B4         @ (7,7,7) [уничтожен]
    ✗ Базовый B5         @ (7,5,7) [уничтожен]
    ✗ Прыгун B6          @ (2,6,2) [уничтожен]
    ✗ Факел B7           @ (7,8,6) [уничтожен]
    ✗ Тишина B8          @ (8,7,7) [уничтожен]
    ✗ Паук B11           @ (9,9,8) [уничтожен]
  Team C: живых 0/11
    ✗ Крейсер C1         @ (3,8,3) [уничтожен]
    ✗ Артиллерия C2      @ (5,9,4) [уничтожен]
    ✗ Радиовышка C3      @ (5,9,4) [уничтожен]
    ✗ Базовый C4         @ (8,8,6) [уничтожен]
    ✗ Базовый C5         @ (8,7,6) [уничтожен]
    ✗ Прыгун C6          @ (4,8,4) [уничтожен]
    ✗ Факел C7           @ (6,8,6) [уничтожен]
    ✗ Тишина C8          @ (6,9,5) [уничтожен]
    ✗ Бурав C9           @ (8,7,7) [уничтожен]
    ✗ Провокатор C10     @ (8,9,5) [уничтожен]
    ✗ Паук C11           @ (3,9,4) [уничтожен]

======================================================================
ХОД 15
======================================================================
✓ 🎮 GM: начинаем ход
GM: start_turn

--- Решения ботов ---
  [Team A] Прыгун A6 (8,7,7) → MOVE (7,6,7)
  [Team A] Провокатор A10 (0,9,1) → MOVE (1,8,2)
  [Team A] Паук A11 (3,3,4) → MINE (4,3,5)
  [Team B] Бурав B9 (9,2,8) → MOVE (8,3,7)
  [Team B] Провокатор B10 (6,3,7) → HOLOGRAM (5,3,6)
  [Team C] все корабли пропускают ход
! 🎮 GM: принудительно завершает фазу планирования
GM: end_planning
# 
============================================================
# 🔄 ОБРАБОТКА ХОДА 15
# ============================================================
!    ⚠️ Провокатор B10: клетка (5,3,6) уже занята голограммой
!    ⚠️ Паук A11: в клетке уже стоит мина

📦 ПЕРЕМЕЩЕНИЯ:
   Прыгун A6: (8, 7, 7) → (7,6,7)
!    ⚠️ Провокатор A10: клетка (1,8,2) занята
!    ⚠️ Бурав B9: Бурав двигается только по одной оси

🎯 ВЫСТРЕЛЫ:
   Выпущено ракет: 0
# 
📊 РЕЗУЛЬТАТЫ ХОДА 15:
🎯 Попаданий нет

--- Результаты хода ---
  Попаданий нет

--- Состояние команд после хода ---
  Team A: живых 3/11
    ✓ Прыгун A6          @ (7,6,7) hp=2/2
    ✓ Провокатор A10     @ (0,9,1) hp=2/2
    ✓ Паук A11           @ (3,3,4) hp=1/1
    ✗ Крейсер A1         @ (1,3,1) [уничтожен]
    ✗ Артиллерия A2      @ (0,2,0) [уничтожен]
    ✗ Радиовышка A3      @ (2,6,2) [уничтожен]
    ✗ Базовый A4         @ (4,9,4) [уничтожен]
    ✗ Базовый A5         @ (3,9,4) [уничтожен]
    ✗ Факел A7           @ (0,4,0) [уничтожен]
    ✗ Тишина A8          @ (4,8,4) [уничтожен]
    ✗ Бурав A9           @ (0,7,2) [уничтожен]
  Team B: живых 2/11
    ✓ Бурав B9           @ (9,2,8) hp=4/4
    ✓ Провокатор B10     @ (6,3,7) hp=2/2
    ✗ Крейсер B1         @ (7,8,7) [уничтожен]
    ✗ Артиллерия B2      @ (9,7,9) [уничтожен]
    ✗ Радиовышка B3      @ (8,7,7) [уничтожен]
    ✗ Базовый B4         @ (7,7,7) [уничтожен]
    ✗ Базовый B5         @ (7,5,7) [уничтожен]
    ✗ Прыгун B6          @ (2,6,2) [уничтожен]
    ✗ Факел B7           @ (7,8,6) [уничтожен]
    ✗ Тишина B8          @ (8,7,7) [уничтожен]
    ✗ Паук B11           @ (9,9,8) [уничтожен]
  Team C: живых 0/11
    ✗ Крейсер C1         @ (3,8,3) [уничтожен]
    ✗ Артиллерия C2      @ (5,9,4) [уничтожен]
    ✗ Радиовышка C3      @ (5,9,4) [уничтожен]
    ✗ Базовый C4         @ (8,8,6) [уничтожен]
    ✗ Базовый C5         @ (8,7,6) [уничтожен]
    ✗ Прыгун C6          @ (4,8,4) [уничтожен]
    ✗ Факел C7           @ (6,8,6) [уничтожен]
    ✗ Тишина C8          @ (6,9,5) [уничтожен]
    ✗ Бурав C9           @ (8,7,7) [уничтожен]
    ✗ Провокатор C10     @ (8,9,5) [уничтожен]
    ✗ Паук C11           @ (3,9,4) [уничтожен]

======================================================================
ХОД 16
======================================================================
✓ 🎮 GM: начинаем ход
GM: start_turn

--- Решения ботов ---
  [Team A] Прыгун A6 (7,6,7) → MOVE (6,3,7)
  [Team A] Провокатор A10 (0,9,1) → MOVE (1,8,2)
  [Team A] Паук A11 (3,3,4) → MINE (4,3,5)
  [Team B] Бурав B9 (9,2,8) → MOVE (8,3,7)
  [Team B] Провокатор B10 (6,3,7) → HOLOGRAM (7,4,7)
  [Team C] все корабли пропускают ход
! 🎮 GM: принудительно завершает фазу планирования
GM: end_planning
# 
============================================================
# 🔄 ОБРАБОТКА ХОДА 16
# ============================================================
!    ⚠️ Провокатор B10: клетка (7,4,7) уже занята голограммой
!    ⚠️ Паук A11: в клетке уже стоит мина

📦 ПЕРЕМЕЩЕНИЯ:
✓    💥 Прыгун A6 тараном уничтожил Провокатор B10 в (6,3,7)
   Прыгун A6: (7, 6, 7) → (6,3,7)
!    ⚠️ Провокатор A10: клетка (1,8,2) занята
!    ⚠️ Бурав B9: Бурав двигается только по одной оси

🎯 ВЫСТРЕЛЫ:
   Выпущено ракет: 0
# 
📊 РЕЗУЛЬТАТЫ ХОДА 16:
🎯 Попаданий нет

--- Результаты хода ---
  Team A / Прыгун A6          → Team B / Провокатор B10     @ (6,3,7)  (УБИТ)

--- Состояние команд после хода ---
  Team A: живых 3/11
    ✓ Прыгун A6          @ (6,3,7) hp=2/2
    ✓ Провокатор A10     @ (0,9,1) hp=2/2
    ✓ Паук A11           @ (3,3,4) hp=1/1
    ✗ Крейсер A1         @ (1,3,1) [уничтожен]
    ✗ Артиллерия A2      @ (0,2,0) [уничтожен]
    ✗ Радиовышка A3      @ (2,6,2) [уничтожен]
    ✗ Базовый A4         @ (4,9,4) [уничтожен]
    ✗ Базовый A5         @ (3,9,4) [уничтожен]
    ✗ Факел A7           @ (0,4,0) [уничтожен]
    ✗ Тишина A8          @ (4,8,4) [уничтожен]
    ✗ Бурав A9           @ (0,7,2) [уничтожен]
  Team B: живых 1/11
    ✓ Бурав B9           @ (9,2,8) hp=4/4
    ✗ Крейсер B1         @ (7,8,7) [уничтожен]
    ✗ Артиллерия B2      @ (9,7,9) [уничтожен]
    ✗ Радиовышка B3      @ (8,7,7) [уничтожен]
    ✗ Базовый B4         @ (7,7,7) [уничтожен]
    ✗ Базовый B5         @ (7,5,7) [уничтожен]
    ✗ Прыгун B6          @ (2,6,2) [уничтожен]
    ✗ Факел B7           @ (7,8,6) [уничтожен]
    ✗ Тишина B8          @ (8,7,7) [уничтожен]
    ✗ Провокатор B10     @ (6,3,7) [уничтожен]
    ✗ Паук B11           @ (9,9,8) [уничтожен]
  Team C: живых 0/11
    ✗ Крейсер C1         @ (3,8,3) [уничтожен]
    ✗ Артиллерия C2      @ (5,9,4) [уничтожен]
    ✗ Радиовышка C3      @ (5,9,4) [уничтожен]
    ✗ Базовый C4         @ (8,8,6) [уничтожен]
    ✗ Базовый C5         @ (8,7,6) [уничтожен]
    ✗ Прыгун C6          @ (4,8,4) [уничтожен]
    ✗ Факел C7           @ (6,8,6) [уничтожен]
    ✗ Тишина C8          @ (6,9,5) [уничтожен]
    ✗ Бурав C9           @ (8,7,7) [уничтожен]
    ✗ Провокатор C10     @ (8,9,5) [уничтожен]
    ✗ Паук C11           @ (3,9,4) [уничтожен]

======================================================================
ХОД 17
======================================================================
✓ 🎮 GM: начинаем ход
GM: start_turn

--- Решения ботов ---
  [Team A] Прыгун A6 (6,3,7) → MOVE (9,2,8)
  [Team A] Провокатор A10 (0,9,1) → MOVE (1,8,2)
  [Team A] Паук A11 (3,3,4) → MOVE (4,2,5)
  [Team B] Бурав B9 (9,2,8) → MOVE (8,3,7)
  [Team C] все корабли пропускают ход
! 🎮 GM: принудительно завершает фазу планирования
GM: end_planning
# 
============================================================
# 🔄 ОБРАБОТКА ХОДА 17
# ============================================================

📦 ПЕРЕМЕЩЕНИЯ:
✓    💥 Прыгун A6 тараном уничтожил Бурав B9 в (9,2,8)
   Прыгун A6: (6, 3, 7) → (9,2,8)
!    ⚠️ Провокатор A10: клетка (1,8,2) занята
   Паук A11: (3, 3, 4) → (4,2,5)

🎯 ВЫСТРЕЛЫ:
   Выпущено ракет: 0
# 
📊 РЕЗУЛЬТАТЫ ХОДА 17:
🎯 Попаданий нет
# 
🎮🎮🎮🎮🎮🎮🎮🎮🎮🎮🎮🎮🎮🎮🎮🎮🎮🎮🎮🎮
#         ИГРА ОКОНЧЕНА!
# 🎮🎮🎮🎮🎮🎮🎮🎮🎮🎮🎮🎮🎮🎮🎮🎮🎮🎮🎮🎮
✓         🏆 ПОБЕДИТЕЛЬ: Team A

--- Результаты хода ---
  Team A / Прыгун A6          → Team B / Бурав B9           @ (9,2,8)  (УБИТ)

--- Состояние команд после хода ---
  Team A: живых 3/11
    ✓ Прыгун A6          @ (9,2,8) hp=2/2
    ✓ Провокатор A10     @ (0,9,1) hp=2/2
    ✓ Паук A11           @ (4,2,5) hp=1/1
    ✗ Крейсер A1         @ (1,3,1) [уничтожен]
    ✗ Артиллерия A2      @ (0,2,0) [уничтожен]
    ✗ Радиовышка A3      @ (2,6,2) [уничтожен]
    ✗ Базовый A4         @ (4,9,4) [уничтожен]
    ✗ Базовый A5         @ (3,9,4) [уничтожен]
    ✗ Факел A7           @ (0,4,0) [уничтожен]
    ✗ Тишина A8          @ (4,8,4) [уничтожен]
    ✗ Бурав A9           @ (0,7,2) [уничтожен]
  Team B: живых 0/11
    ✗ Крейсер B1         @ (7,8,7) [уничтожен]
    ✗ Артиллерия B2      @ (9,7,9) [уничтожен]
    ✗ Радиовышка B3      @ (8,7,7) [уничтожен]
    ✗ Базовый B4         @ (7,7,7) [уничтожен]
    ✗ Базовый B5         @ (7,5,7) [уничтожен]
    ✗ Прыгун B6          @ (2,6,2) [уничтожен]
    ✗ Факел B7           @ (7,8,6) [уничтожен]
    ✗ Тишина B8          @ (8,7,7) [уничтожен]
    ✗ Бурав B9           @ (9,2,8) [уничтожен]
    ✗ Провокатор B10     @ (6,3,7) [уничтожен]
    ✗ Паук B11           @ (9,9,8) [уничтожен]
  Team C: живых 0/11
    ✗ Крейсер C1         @ (3,8,3) [уничтожен]
    ✗ Артиллерия C2      @ (5,9,4) [уничтожен]
    ✗ Радиовышка C3      @ (5,9,4) [уничтожен]
    ✗ Базовый C4         @ (8,8,6) [уничтожен]
    ✗ Базовый C5         @ (8,7,6) [уничтожен]
    ✗ Прыгун C6          @ (4,8,4) [уничтожен]
    ✗ Факел C7           @ (6,8,6) [уничтожен]
    ✗ Тишина C8          @ (6,9,5) [уничтожен]
    ✗ Бурав C9           @ (8,7,7) [уничтожен]
    ✗ Провокатор C10     @ (8,9,5) [уничтожен]
    ✗ Паук C11           @ (3,9,4) [уничтожен]

======================================================================
ИТОГ
======================================================================
Игра окончена. Победитель: Team A
Ходов сыграно: 17

--- Сводка по командам ---
  Team A: 3/11 живых; hp=5
  Team B: 0/11 живых; hp=0
  Team C: 0/11 живых; hp=0

--- Сводка по попаданиям ---
  Всего событий (шоты+тараны+мины): 39
  Уничтожено кораблей всего: 30
  Team A: урон=41 хиты=4 тараны=12 мины(сработало)=0 убийств=14
  Team B: урон=17 хиты=7 тараны=3 мины(сработало)=0 убийств=6
  Team C: урон=28 хиты=3 тараны=10 мины(сработало)=0 убийств=10
! 🎮 GM: остановка игры
