======================================================================
Space Battle 10×10×10 — simulation run at 2026-04-20T13:15:45+00:00
Game mode: advanced
Seed: 79
✓ 🚀 Продвинутый режим: создаю разные типы кораблей
✓ ✅ Создано 24 кораблей


--- СТАРТОВАЯ РАССТАНОВКА ---
  Team A: живых 8/8
    ✓ Артиллерия A1      @ (0,0,0) hp=1/1
    ✓ Радиовышка A2      @ (0,2,0) hp=3/3
    ✓ Прыгун A3          @ (0,4,0) hp=2/2
    ✓ Факел A4           @ (0,6,0) hp=6/6
    ✓ Тишина A5          @ (0,8,0) hp=2/2
    ✓ Бурав A6           @ (0,1,1) hp=4/4
    ✓ Провокатор A7      @ (0,3,1) hp=2/2
    ✓ Паук A8            @ (0,5,1) hp=1/1
  Team B: живых 8/8
    ✓ Артиллерия B1      @ (9,9,9) hp=1/1
    ✓ Радиовышка B2      @ (9,7,9) hp=3/3
    ✓ Прыгун B3          @ (9,5,9) hp=2/2
    ✓ Факел B4           @ (9,3,9) hp=6/6
    ✓ Тишина B5          @ (9,1,9) hp=2/2
    ✓ Бурав B6           @ (9,8,8) hp=4/4
    ✓ Провокатор B7      @ (9,6,8) hp=2/2
    ✓ Паук B8            @ (9,4,8) hp=1/1
  Team C: живых 8/8
    ✓ Артиллерия C1      @ (4,9,4) hp=1/1
    ✓ Радиовышка C2      @ (5,9,4) hp=3/3
    ✓ Прыгун C3          @ (6,9,4) hp=2/2
    ✓ Факел C4           @ (7,9,4) hp=6/6
    ✓ Тишина C5          @ (8,9,4) hp=2/2
    ✓ Бурав C6           @ (4,9,5) hp=4/4
    ✓ Провокатор C7      @ (6,9,5) hp=2/2
    ✓ Паук C8            @ (7,9,5) hp=1/1

======================================================================
ХОД 1
======================================================================
✓ 🎮 GM: начинаем ход
GM: start_turn

--- Радиовышки: сканирование слоя Z ---
  Радиовышка A2 (z=0): слой чист
  Радиовышка B2 (z=9): слой чист
  Радиовышка C2 (z=4): слой чист

--- Решения ботов ---
  [Team A] Артиллерия A1 (0,0,0) → SHOOT at (4,9,5)
  [Team A] Радиовышка A2 (0,2,0) → MOVE (1,3,1)
  [Team A] Прыгун A3 (0,4,0) → MOVE (1,5,1)
  [Team A] Факел A4 (0,6,0) → MOVE (0,5,0)
  [Team A] Тишина A5 (0,8,0) → MOVE (1,7,1)
  [Team A] Бурав A6 (0,1,1) → MOVE (1,2,2)
  [Team A] Провокатор A7 (0,3,1) → MOVE (1,4,2)
  [Team A] Паук A8 (0,5,1) → MOVE (1,5,2)
  [Team B] Артиллерия B1 (9,9,9) → SHOOT at (6,9,5)
  [Team B] Радиовышка B2 (9,7,9) → MOVE (8,8,8)
  [Team B] Прыгун B3 (9,5,9) → MOVE (8,6,8)
  [Team B] Факел B4 (9,3,9) → MOVE (9,4,9)
  [Team B] Тишина B5 (9,1,9) → MOVE (8,2,8)
  [Team B] Бурав B6 (9,8,8) → MOVE (8,9,7)
  [Team B] Провокатор B7 (9,6,8) → HOLOGRAM (8,7,7)
  [Team B] Паук B8 (9,4,8) → MOVE (8,5,7)
  [Team C] Артиллерия C1 (4,9,4) → SHOOT at (9,6,8)
  [Team C] Радиовышка C2 (5,9,4) → MOVE (6,8,5)
  [Team C] Прыгун C3 (6,9,4) → MOVE (7,8,5)
  [Team C] Тишина C5 (8,9,4) → PHASE toggle
  [Team C] Бурав C6 (4,9,5) → MOVE (5,8,6)
  [Team C] Провокатор C7 (6,9,5) → HOLOGRAM (7,8,6)
  [Team C] Паук C8 (7,9,5) → MINE (8,8,6)
  [Team C] Факел C4 → SKIP
! 🎮 GM: принудительно завершает фазу планирования
GM: end_planning
# 
============================================================
# 🔄 ОБРАБОТКА ХОДА 1
# ============================================================
   🌀 Тишина C5: фаза ВКЛ
   🪞 Провокатор B7 создал голограмму H1 в (8,7,7)
   🪞 Провокатор C7 создал голограмму H2 в (7,8,6)
   💣 Паук C8 установил мину M1 в (8,8,6)

📦 ПЕРЕМЕЩЕНИЯ:
   Радиовышка A2: (0, 2, 0) → (1,3,1)
   Прыгун A3: (0, 4, 0) → (1,5,1)
   Факел A4: (0, 6, 0) → (0,5,0)
   Тишина A5: (0, 8, 0) → (1,7,1)
!    ⚠️ Бурав A6: Бурав двигается только по одной оси
   Провокатор A7: (0, 3, 1) → (1,4,2)
   Паук A8: (0, 5, 1) → (1,5,2)
   Радиовышка B2: (9, 7, 9) → (8,8,8)
   Прыгун B3: (9, 5, 9) → (8,6,8)
   Факел B4: (9, 3, 9) → (9,4,9)
   Тишина B5: (9, 1, 9) → (8,2,8)
!    ⚠️ Бурав B6: Бурав двигается только по одной оси
   Паук B8: (9, 4, 8) → (8,5,7)
   Радиовышка C2: (5, 9, 4) → (6,8,5)
   Прыгун C3: (6, 9, 4) → (7,8,5)
!    ⚠️ Бурав C6: Бурав двигается только по одной оси

🎯 ВЫСТРЕЛЫ:
✓    ✅ Артиллерия A1 поразил Бурав C6 (2 урона)!
✓    ✅ Артиллерия B1 поразил Провокатор C7 (2 урона)!
✓    ✅ Артиллерия C1 поразил Провокатор B7 (2 урона)!
   Выпущено ракет: 3
# 
📊 РЕЗУЛЬТАТЫ ХОДА 1:
✓ 💥 ПОПАДАНИЯ:
✓    Артиллерия A1 (Team A) → Бурав C6 (Team C)
✓    Артиллерия B1 (Team B) → Провокатор C7 (Team C)
✓    Артиллерия C1 (Team C) → Провокатор B7 (Team B)

--- Результаты хода ---
  Team A / Артиллерия A1      → Team C / Бурав C6           @ (4,9,5)  (ранен)
  Team B / Артиллерия B1      → Team C / Провокатор C7      @ (6,9,5)  (УБИТ)
  Team C / Артиллерия C1      → Team B / Провокатор B7      @ (9,6,8)  (УБИТ)

--- Состояние команд после хода ---
  Team A: живых 8/8
    ✓ Артиллерия A1      @ (0,0,0) hp=1/1
    ✓ Радиовышка A2      @ (1,3,1) hp=3/3
    ✓ Прыгун A3          @ (1,5,1) hp=2/2
    ✓ Факел A4           @ (0,5,0) hp=6/6
    ✓ Тишина A5          @ (1,7,1) hp=2/2
    ✓ Бурав A6           @ (0,1,1) hp=4/4
    ✓ Провокатор A7      @ (1,4,2) hp=2/2
    ✓ Паук A8            @ (1,5,2) hp=1/1
  Team B: живых 7/8
    ✓ Артиллерия B1      @ (9,9,9) hp=1/1
    ✓ Радиовышка B2      @ (8,8,8) hp=3/3
    ✓ Прыгун B3          @ (8,6,8) hp=2/2
    ✓ Факел B4           @ (9,4,9) hp=6/6
    ✓ Тишина B5          @ (8,2,8) hp=2/2
    ✓ Бурав B6           @ (9,8,8) hp=4/4
    ✓ Паук B8            @ (8,5,7) hp=1/1
    ✗ Провокатор B7      @ (9,6,8) [уничтожен]
  Team C: живых 7/8
    ✓ Артиллерия C1      @ (4,9,4) hp=1/1
    ✓ Радиовышка C2      @ (6,8,5) hp=3/3
    ✓ Прыгун C3          @ (7,8,5) hp=2/2
    ✓ Факел C4           @ (7,9,4) hp=6/6
    ✓ Тишина C5          @ (8,9,4) hp=2/2
    ✓ Бурав C6           @ (4,9,5) hp=2/4
    ✓ Паук C8            @ (7,9,5) hp=1/1
    ✗ Провокатор C7      @ (6,9,5) [уничтожен]

======================================================================
ХОД 2
======================================================================
✓ 🎮 GM: начинаем ход
GM: start_turn

--- Радиовышки: сканирование слоя Z ---
  Радиовышка A2 (z=1): слой чист
  Радиовышка B2 (z=8): слой чист
  Радиовышка C2 (z=5): слой чист

--- Решения ботов ---
  [Team A] Артиллерия A1 (0,0,0) → SHOOT at (4,9,4)
  [Team A] Радиовышка A2 (1,3,1) → MOVE (2,4,2)
  [Team A] Прыгун A3 (1,5,1) → MOVE (2,6,2)
  [Team A] Факел A4 (0,5,0) → MOVE (0,4,0)
  [Team A] Тишина A5 (1,7,1) → PHASE toggle
  [Team A] Бурав A6 (0,1,1) → MOVE (1,2,2)
  [Team A] Провокатор A7 (1,4,2) → HOLOGRAM (2,5,3)
  [Team A] Паук A8 (1,5,2) → MINE (2,6,3)
  [Team B] Артиллерия B1 (9,9,9) → SHOOT at (7,8,5)
  [Team B] Радиовышка B2 (8,8,8) → MOVE (7,8,7)
  [Team B] Прыгун B3 (8,6,8) → MOVE (7,7,7)
  [Team B] Факел B4 (9,4,9) → MOVE (9,5,9)
  [Team B] Тишина B5 (8,2,8) → MOVE (7,3,7)
  [Team B] Бурав B6 (9,8,8) → MOVE (8,8,7)
  [Team B] Паук B8 (8,5,7) → MINE (7,6,6)
  [Team C] Артиллерия C1 (4,9,4) → SHOOT at (8,6,8)
  [Team C] Радиовышка C2 (6,8,5) → MOVE (7,8,6)
  [Team C] Прыгун C3 (7,8,5) → MOVE (8,8,6)
  [Team C] Факел C4 (7,9,4) → MOVE (6,9,5)
  [Team C] Тишина C5 (8,9,4) → MOVE (8,8,5)
  [Team C] Бурав C6 (4,9,5) → MOVE (3,8,4)
  [Team C] Паук C8 (7,9,5) → MINE (8,9,6)
! 🎮 GM: принудительно завершает фазу планирования
GM: end_planning
# 
============================================================
# 🔄 ОБРАБОТКА ХОДА 2
# ============================================================
   🌀 Тишина A5: фаза ВКЛ
   🪞 Провокатор A7 создал голограмму H3 в (2,5,3)
   💣 Паук A8 установил мину M2 в (2,6,3)
   💣 Паук B8 установил мину M3 в (7,6,6)
   💣 Паук C8 установил мину M4 в (8,9,6)

📦 ПЕРЕМЕЩЕНИЯ:
   Радиовышка A2: (1, 3, 1) → (2,4,2)
   Прыгун A3: (1, 5, 1) → (2,6,2)
   Факел A4: (0, 5, 0) → (0,4,0)
!    ⚠️ Бурав A6: Бурав двигается только по одной оси
   Радиовышка B2: (8, 8, 8) → (7,8,7)
   Прыгун B3: (8, 6, 8) → (7,7,7)
   Факел B4: (9, 4, 9) → (9,5,9)
   Тишина B5: (8, 2, 8) → (7,3,7)
!    ⚠️ Бурав B6: Бурав двигается только по одной оси
!    ⚠️ Радиовышка C2: клетка (7,8,6) занята
   Прыгун C3: (7, 8, 5) → (8,8,6)
   Факел C4: (7, 9, 4) → (6,9,5)
   Тишина C5: (8, 9, 4) → (8,8,5)
!    ⚠️ Бурав C6: Бурав двигается только по одной оси

🎯 ВЫСТРЕЛЫ:
✓    ✅ Артиллерия A1 поразил Артиллерия C1 (2 урона)!
   Выпущено ракет: 3
# 
📊 РЕЗУЛЬТАТЫ ХОДА 2:
✓ 💥 ПОПАДАНИЯ:
✓    Артиллерия A1 (Team A) → Артиллерия C1 (Team C)

--- Результаты хода ---
  Team A / Артиллерия A1      → Team C / Артиллерия C1      @ (4,9,4)  (УБИТ)

--- Состояние команд после хода ---
  Team A: живых 8/8
    ✓ Артиллерия A1      @ (0,0,0) hp=1/1
    ✓ Радиовышка A2      @ (2,4,2) hp=3/3
    ✓ Прыгун A3          @ (2,6,2) hp=2/2
    ✓ Факел A4           @ (0,4,0) hp=6/6
    ✓ Тишина A5          @ (1,7,1) hp=2/2
    ✓ Бурав A6           @ (0,1,1) hp=4/4
    ✓ Провокатор A7      @ (1,4,2) hp=2/2
    ✓ Паук A8            @ (1,5,2) hp=1/1
  Team B: живых 7/8
    ✓ Артиллерия B1      @ (9,9,9) hp=1/1
    ✓ Радиовышка B2      @ (7,8,7) hp=3/3
    ✓ Прыгун B3          @ (7,7,7) hp=2/2
    ✓ Факел B4           @ (9,5,9) hp=6/6
    ✓ Тишина B5          @ (7,3,7) hp=2/2
    ✓ Бурав B6           @ (9,8,8) hp=4/4
    ✓ Паук B8            @ (8,5,7) hp=1/1
    ✗ Провокатор B7      @ (9,6,8) [уничтожен]
  Team C: живых 6/8
    ✓ Радиовышка C2      @ (6,8,5) hp=3/3
    ✓ Прыгун C3          @ (8,8,6) hp=2/2
    ✓ Факел C4           @ (6,9,5) hp=6/6
    ✓ Тишина C5          @ (8,8,5) hp=2/2
    ✓ Бурав C6           @ (4,9,5) hp=2/4
    ✓ Паук C8            @ (7,9,5) hp=1/1
    ✗ Артиллерия C1      @ (4,9,4) [уничтожен]
    ✗ Провокатор C7      @ (6,9,5) [уничтожен]

======================================================================
ХОД 3
======================================================================
✓ 🎮 GM: начинаем ход
GM: start_turn

--- Радиовышки: сканирование слоя Z ---
  Радиовышка A2 (z=2): слой чист
  Радиовышка B2 (z=7): слой чист
  Радиовышка C2 (z=5): слой чист

--- Решения ботов ---
  [Team A] Артиллерия A1 (0,0,0) → SHOOT at (4,9,5)
  [Team A] Радиовышка A2 (2,4,2) → MOVE (3,5,3)
  [Team A] Прыгун A3 (2,6,2) → MOVE (3,7,3)
  [Team A] Факел A4 (0,4,0) → MOVE (0,3,0)
  [Team A] Тишина A5 (1,7,1) → PHASE toggle
  [Team A] Бурав A6 (0,1,1) → MOVE (1,2,2)
  [Team A] Провокатор A7 (1,4,2) → HOLOGRAM (2,5,3)
  [Team A] Паук A8 (1,5,2) → MINE (2,6,3)
  [Team B] Артиллерия B1 (9,9,9) → SHOOT at (8,8,6)
  [Team B] Радиовышка B2 (7,8,7) → MOVE (8,8,6)
  [Team B] Прыгун B3 (7,7,7) → MOVE (6,9,5)
  [Team B] Факел B4 (9,5,9) → MOVE (9,6,9)
  [Team B] Тишина B5 (7,3,7) → PHASE toggle
  [Team B] Бурав B6 (9,8,8) → MOVE (8,8,7)
  [Team B] Паук B8 (8,5,7) → MINE (7,6,6)
  [Team C] Радиовышка C2 (6,8,5) → MOVE (7,8,6)
  [Team C] Прыгун C3 (8,8,6) → MOVE (7,7,7)
  [Team C] Факел C4 (6,9,5) → HEAL (AoE)
  [Team C] Тишина C5 (8,8,5) → MOVE (7,8,5)
  [Team C] Бурав C6 (4,9,5) → MOVE (3,8,4)
  [Team C] Паук C8 (7,9,5) → MINE (7,9,6)
! 🎮 GM: принудительно завершает фазу планирования
GM: end_planning
# 
============================================================
# 🔄 ОБРАБОТКА ХОДА 3
# ============================================================
   🌀 Тишина A5: фаза ВЫКЛ
   🌀 Тишина B5: фаза ВКЛ
!    ⚠️ Провокатор A7: клетка (2,5,3) уже занята голограммой
!    ⚠️ Паук A8: в клетке уже стоит мина
!    ⚠️ Паук B8: в клетке уже стоит мина
   💣 Паук C8 установил мину M5 в (7,9,6)

📦 ПЕРЕМЕЩЕНИЯ:
   Радиовышка A2: (2, 4, 2) → (3,5,3)
   Прыгун A3: (2, 6, 2) → (3,7,3)
   Факел A4: (0, 4, 0) → (0,3,0)
!    ⚠️ Бурав A6: Бурав двигается только по одной оси
!    ⚠️ Радиовышка B2: клетка (8,8,6) занята
✓    💥 Прыгун B3 тараном уничтожил Факел C4 в (6,9,5)
   Прыгун B3: (7, 7, 7) → (6,9,5)
   Факел B4: (9, 5, 9) → (9,6,9)
!    ⚠️ Бурав B6: Бурав двигается только по одной оси
!    ⚠️ Радиовышка C2: клетка (7,8,6) занята
   Прыгун C3: (8, 8, 6) → (7,7,7)
   Тишина C5: (8, 8, 5) → (7,8,5)
!    ⚠️ Бурав C6: Бурав двигается только по одной оси

🎯 ВЫСТРЕЛЫ:
✓    ✅ Артиллерия A1 поразил Бурав C6 (2 урона)!
   Выпущено ракет: 2
# 
📊 РЕЗУЛЬТАТЫ ХОДА 3:
✓ 💥 ПОПАДАНИЯ:
✓    Артиллерия A1 (Team A) → Бурав C6 (Team C)

--- Результаты хода ---
  Team B / Прыгун B3          → Team C / Факел C4           @ (6,9,5)  (УБИТ)
  Team A / Артиллерия A1      → Team C / Бурав C6           @ (4,9,5)  (УБИТ)

--- Состояние команд после хода ---
  Team A: живых 8/8
    ✓ Артиллерия A1      @ (0,0,0) hp=1/1
    ✓ Радиовышка A2      @ (3,5,3) hp=3/3
    ✓ Прыгун A3          @ (3,7,3) hp=2/2
    ✓ Факел A4           @ (0,3,0) hp=6/6
    ✓ Тишина A5          @ (1,7,1) hp=2/2
    ✓ Бурав A6           @ (0,1,1) hp=4/4
    ✓ Провокатор A7      @ (1,4,2) hp=2/2
    ✓ Паук A8            @ (1,5,2) hp=1/1
  Team B: живых 7/8
    ✓ Артиллерия B1      @ (9,9,9) hp=1/1
    ✓ Радиовышка B2      @ (7,8,7) hp=3/3
    ✓ Прыгун B3          @ (6,9,5) hp=2/2
    ✓ Факел B4           @ (9,6,9) hp=6/6
    ✓ Тишина B5          @ (7,3,7) hp=2/2
    ✓ Бурав B6           @ (9,8,8) hp=4/4
    ✓ Паук B8            @ (8,5,7) hp=1/1
    ✗ Провокатор B7      @ (9,6,8) [уничтожен]
  Team C: живых 4/8
    ✓ Радиовышка C2      @ (6,8,5) hp=3/3
    ✓ Прыгун C3          @ (7,7,7) hp=2/2
    ✓ Тишина C5          @ (7,8,5) hp=2/2
    ✓ Паук C8            @ (7,9,5) hp=1/1
    ✗ Артиллерия C1      @ (4,9,4) [уничтожен]
    ✗ Факел C4           @ (6,9,5) [уничтожен]
    ✗ Бурав C6           @ (4,9,5) [уничтожен]
    ✗ Провокатор C7      @ (6,9,5) [уничтожен]

======================================================================
ХОД 4
======================================================================
✓ 🎮 GM: начинаем ход
GM: start_turn

--- Радиовышки: сканирование слоя Z ---
  Радиовышка A2 (z=3): слой чист
  Радиовышка B2 (z=7): видит 1 врагов  → Прыгун C3(7,7,7)
  Радиовышка C2 (z=5): видит 1 врагов  → Прыгун B3(6,9,5)

--- Решения ботов ---
  [Team A] Артиллерия A1 (0,0,0) → SHOOT at (6,9,5)
  [Team A] Радиовышка A2 (3,5,3) → MOVE (4,6,4)
  [Team A] Прыгун A3 (3,7,3) → MOVE (4,8,4)
  [Team A] Факел A4 (0,3,0) → MOVE (0,2,0)
  [Team A] Тишина A5 (1,7,1) → PHASE toggle
  [Team A] Бурав A6 (0,1,1) → MOVE (1,2,2)
  [Team A] Провокатор A7 (1,4,2) → HOLOGRAM (2,5,3)
  [Team A] Паук A8 (1,5,2) → MOVE (2,6,3)
  [Team B] Артиллерия B1 (9,9,9) → SHOOT at (7,7,7)
  [Team B] Радиовышка B2 (7,8,7) → MOVE (7,7,7)
  [Team B] Прыгун B3 (6,9,5) → MOVE (6,8,5)
  [Team B] Факел B4 (9,6,9) → MOVE (9,7,9)
  [Team B] Тишина B5 (7,3,7) → MOVE (6,4,6)
  [Team B] Бурав B6 (9,8,8) → MOVE (8,7,7)
  [Team B] Паук B8 (8,5,7) → MINE (7,6,7)
  [Team C] Радиовышка C2 (6,8,5) → MOVE (6,9,5)
  [Team C] Прыгун C3 (7,7,7) → MOVE (9,9,9)
  [Team C] Паук C8 → SKIP
  [Team C] Тишина C5 → SKIP
! 🎮 GM: принудительно завершает фазу планирования
GM: end_planning
# 
============================================================
# 🔄 ОБРАБОТКА ХОДА 4
# ============================================================
   🌀 Тишина A5: фаза ВКЛ
!    ⚠️ Провокатор A7: клетка (2,5,3) уже занята голограммой
   💣 Паук B8 установил мину M6 в (7,6,7)

📦 ПЕРЕМЕЩЕНИЯ:
   Радиовышка A2: (3, 5, 3) → (4,6,4)
   Прыгун A3: (3, 7, 3) → (4,8,4)
   Факел A4: (0, 3, 0) → (0,2,0)
!    ⚠️ Бурав A6: Бурав двигается только по одной оси
   Паук A8: (1, 5, 2) → (2,6,3)
!    ⚠️ Радиовышка B2: клетка (7,7,7) занята
✓    💥 Прыгун B3 тараном уничтожил Радиовышка C2 в (6,8,5)
   Прыгун B3: (6, 9, 5) → (6,8,5)
   Факел B4: (9, 6, 9) → (9,7,9)
   Тишина B5: (7, 3, 7) → (6,4,6)
!    ⚠️ Бурав B6: Бурав двигается только по одной оси
✓    💥 Прыгун C3 тараном уничтожил Артиллерия B1 в (9,9,9)
   Прыгун C3: (7, 7, 7) → (9,9,9)

🎯 ВЫСТРЕЛЫ:
   Выпущено ракет: 1
# 
📊 РЕЗУЛЬТАТЫ ХОДА 4:
🎯 Попаданий нет

--- Результаты хода ---
  Team B / Прыгун B3          → Team C / Радиовышка C2      @ (6,8,5)  (УБИТ)
  Team C / Прыгун C3          → Team B / Артиллерия B1      @ (9,9,9)  (УБИТ)

--- Состояние команд после хода ---
  Team A: живых 8/8
    ✓ Артиллерия A1      @ (0,0,0) hp=1/1
    ✓ Радиовышка A2      @ (4,6,4) hp=3/3
    ✓ Прыгун A3          @ (4,8,4) hp=2/2
    ✓ Факел A4           @ (0,2,0) hp=6/6
    ✓ Тишина A5          @ (1,7,1) hp=2/2
    ✓ Бурав A6           @ (0,1,1) hp=4/4
    ✓ Провокатор A7      @ (1,4,2) hp=2/2
    ✓ Паук A8            @ (2,6,3) hp=1/1
  Team B: живых 6/8
    ✓ Радиовышка B2      @ (7,8,7) hp=3/3
    ✓ Прыгун B3          @ (6,8,5) hp=2/2
    ✓ Факел B4           @ (9,7,9) hp=6/6
    ✓ Тишина B5          @ (6,4,6) hp=2/2
    ✓ Бурав B6           @ (9,8,8) hp=4/4
    ✓ Паук B8            @ (8,5,7) hp=1/1
    ✗ Артиллерия B1      @ (9,9,9) [уничтожен]
    ✗ Провокатор B7      @ (9,6,8) [уничтожен]
  Team C: живых 3/8
    ✓ Прыгун C3          @ (9,9,9) hp=2/2
    ✓ Тишина C5          @ (7,8,5) hp=2/2
    ✓ Паук C8            @ (7,9,5) hp=1/1
    ✗ Артиллерия C1      @ (4,9,4) [уничтожен]
    ✗ Радиовышка C2      @ (6,8,5) [уничтожен]
    ✗ Факел C4           @ (6,9,5) [уничтожен]
    ✗ Бурав C6           @ (4,9,5) [уничтожен]
    ✗ Провокатор C7      @ (6,9,5) [уничтожен]

======================================================================
ХОД 5
======================================================================
✓ 🎮 GM: начинаем ход
GM: start_turn

--- Радиовышки: сканирование слоя Z ---
  Радиовышка A2 (z=4): слой чист
  Радиовышка B2 (z=7): слой чист

--- Решения ботов ---
  [Team A] Артиллерия A1 (0,0,0) → SHOOT at (6,8,5)
  [Team A] Радиовышка A2 (4,6,4) → MOVE (5,7,5)
  [Team A] Прыгун A3 (4,8,4) → MOVE (6,8,5)
  [Team A] Факел A4 (0,2,0) → MOVE (0,1,0)
  [Team A] Тишина A5 (1,7,1) → MOVE (2,8,2)
  [Team A] Бурав A6 (0,1,1) → MOVE (1,2,2)
  [Team A] Провокатор A7 (1,4,2) → HOLOGRAM (2,5,3)
  [Team A] Паук A8 (2,6,3) → MINE (3,7,4)
  [Team B] Радиовышка B2 (7,8,7) → MOVE (8,9,8)
  [Team B] Прыгун B3 (6,8,5) → MOVE (4,8,4)
  [Team B] Факел B4 (9,7,9) → SHOOT at (9,9,9)
  [Team B] Тишина B5 (6,4,6) → MOVE (5,5,5)
  [Team B] Бурав B6 (9,8,8) → MOVE (9,9,9)
  [Team B] Паук B8 (8,5,7) → MINE (7,6,6)
  [Team C] Прыгун C3 (9,9,9) → MOVE (9,7,9)
  [Team C] Тишина C5 (7,8,5) → MOVE (6,8,5)
  [Team C] Паук C8 (7,9,5) → MINE (6,9,5)
! 🎮 GM: принудительно завершает фазу планирования
GM: end_planning
# 
============================================================
# 🔄 ОБРАБОТКА ХОДА 5
# ============================================================
!    ⚠️ Провокатор A7: клетка (2,5,3) уже занята голограммой
   💣 Паук A8 установил мину M7 в (3,7,4)
!    ⚠️ Паук B8: в клетке уже стоит мина
   💣 Паук C8 установил мину M8 в (6,9,5)

📦 ПЕРЕМЕЩЕНИЯ:
   Радиовышка A2: (4, 6, 4) → (5,7,5)
✓    💥 Прыгун A3 тараном уничтожил Прыгун B3 в (6,8,5)
   Прыгун A3: (4, 8, 4) → (6,8,5)
   Факел A4: (0, 2, 0) → (0,1,0)
   Тишина A5: (1, 7, 1) → (2,8,2)
!    ⚠️ Бурав A6: Бурав двигается только по одной оси
   Радиовышка B2: (7, 8, 7) → (8,9,8)
   Тишина B5: (6, 4, 6) → (5,5,5)
!    ⚠️ Бурав B6: Бурав двигается только по одной оси
✓    💥 Прыгун C3 тараном уничтожил Факел B4 в (9,7,9)
   Прыгун C3: (9, 9, 9) → (9,7,9)
!    ⚠️ Тишина C5: клетка (6,8,5) занята

🎯 ВЫСТРЕЛЫ:
   Выпущено ракет: 1
# 
📊 РЕЗУЛЬТАТЫ ХОДА 5:
🎯 Попаданий нет

--- Результаты хода ---
  Team A / Прыгун A3          → Team B / Прыгун B3          @ (6,8,5)  (УБИТ)
  Team C / Прыгун C3          → Team B / Факел B4           @ (9,7,9)  (УБИТ)

--- Состояние команд после хода ---
  Team A: живых 8/8
    ✓ Артиллерия A1      @ (0,0,0) hp=1/1
    ✓ Радиовышка A2      @ (5,7,5) hp=3/3
    ✓ Прыгун A3          @ (6,8,5) hp=2/2
    ✓ Факел A4           @ (0,1,0) hp=6/6
    ✓ Тишина A5          @ (2,8,2) hp=2/2
    ✓ Бурав A6           @ (0,1,1) hp=4/4
    ✓ Провокатор A7      @ (1,4,2) hp=2/2
    ✓ Паук A8            @ (2,6,3) hp=1/1
  Team B: живых 4/8
    ✓ Радиовышка B2      @ (8,9,8) hp=3/3
    ✓ Тишина B5          @ (5,5,5) hp=2/2
    ✓ Бурав B6           @ (9,8,8) hp=4/4
    ✓ Паук B8            @ (8,5,7) hp=1/1
    ✗ Артиллерия B1      @ (9,9,9) [уничтожен]
    ✗ Прыгун B3          @ (6,8,5) [уничтожен]
    ✗ Факел B4           @ (9,7,9) [уничтожен]
    ✗ Провокатор B7      @ (9,6,8) [уничтожен]
  Team C: живых 3/8
    ✓ Прыгун C3          @ (9,7,9) hp=2/2
    ✓ Тишина C5          @ (7,8,5) hp=2/2
    ✓ Паук C8            @ (7,9,5) hp=1/1
    ✗ Артиллерия C1      @ (4,9,4) [уничтожен]
    ✗ Радиовышка C2      @ (6,8,5) [уничтожен]
    ✗ Факел C4           @ (6,9,5) [уничтожен]
    ✗ Бурав C6           @ (4,9,5) [уничтожен]
    ✗ Провокатор C7      @ (6,9,5) [уничтожен]

======================================================================
ХОД 6
======================================================================
✓ 🎮 GM: начинаем ход
GM: start_turn

--- Радиовышки: сканирование слоя Z ---
  Радиовышка A2 (z=5): видит 1 врагов  → Паук C8(7,9,5)
  Радиовышка B2 (z=8): слой чист

--- Решения ботов ---
  [Team A] Артиллерия A1 (0,0,0) → SHOOT at (8,5,7)
  [Team A] Радиовышка A2 (5,7,5) → MOVE (5,8,5)
  [Team A] Прыгун A3 (6,8,5) → MOVE (7,9,5)
  [Team A] Тишина A5 (2,8,2) → PHASE toggle
  [Team A] Бурав A6 (0,1,1) → MOVE (1,2,2)
  [Team A] Провокатор A7 (1,4,2) → MOVE (2,5,3)
  [Team A] Паук A8 (2,6,3) → MOVE (3,7,4)
  [Team A] Факел A4 → SKIP
  [Team B] Радиовышка B2 (8,9,8) → MOVE (9,8,9)
  [Team B] Тишина B5 (5,5,5) → MOVE (5,6,5)
  [Team B] Бурав B6 (9,8,8) → MOVE (9,7,9)
  [Team B] Паук B8 (8,5,7) → MINE (9,6,8)
  [Team C] Прыгун C3 (9,7,9) → MOVE (9,8,8)
  [Team C] Тишина C5 (7,8,5) → MOVE (6,8,5)
  [Team C] Паук C8 (7,9,5) → MINE (6,9,5)
! 🎮 GM: принудительно завершает фазу планирования
GM: end_planning
# 
============================================================
# 🔄 ОБРАБОТКА ХОДА 6
# ============================================================
   🌀 Тишина A5: фаза ВЫКЛ
   💣 Паук B8 установил мину M9 в (9,6,8)
!    ⚠️ Паук C8: в клетке уже стоит мина

📦 ПЕРЕМЕЩЕНИЯ:
   Радиовышка A2: (5, 7, 5) → (5,8,5)
✓    💥 Прыгун A3 тараном уничтожил Паук C8 в (7,9,5)
   Прыгун A3: (6, 8, 5) → (7,9,5)
!    ⚠️ Бурав A6: Бурав двигается только по одной оси
!    ⚠️ Провокатор A7: клетка (2,5,3) занята
   Паук A8: (2, 6, 3) → (3,7,4)
   Радиовышка B2: (8, 9, 8) → (9,8,9)
   Тишина B5: (5, 5, 5) → (5,6,5)
!    ⚠️ Бурав B6: Бурав двигается только по одной оси
✓    💥 Прыгун C3 тараном уничтожил Бурав B6 в (9,8,8)
   Прыгун C3: (9, 7, 9) → (9,8,8)
   Тишина C5: (7, 8, 5) → (6,8,5)

🎯 ВЫСТРЕЛЫ:
✓    ✅ Артиллерия A1 поразил Паук B8 (2 урона)!
   Выпущено ракет: 1
# 
📊 РЕЗУЛЬТАТЫ ХОДА 6:
✓ 💥 ПОПАДАНИЯ:
✓    Артиллерия A1 (Team A) → Паук B8 (Team B)

--- Результаты хода ---
  Team A / Прыгун A3          → Team C / Паук C8            @ (7,9,5)  (УБИТ)
  Team C / Прыгун C3          → Team B / Бурав B6           @ (9,8,8)  (УБИТ)
  Team A / Артиллерия A1      → Team B / Паук B8            @ (8,5,7)  (УБИТ)

--- Состояние команд после хода ---
  Team A: живых 8/8
    ✓ Артиллерия A1      @ (0,0,0) hp=1/1
    ✓ Радиовышка A2      @ (5,8,5) hp=3/3
    ✓ Прыгун A3          @ (7,9,5) hp=2/2
    ✓ Факел A4           @ (0,1,0) hp=6/6
    ✓ Тишина A5          @ (2,8,2) hp=2/2
    ✓ Бурав A6           @ (0,1,1) hp=4/4
    ✓ Провокатор A7      @ (1,4,2) hp=2/2
    ✓ Паук A8            @ (3,7,4) hp=1/1
  Team B: живых 2/8
    ✓ Радиовышка B2      @ (9,8,9) hp=3/3
    ✓ Тишина B5          @ (5,6,5) hp=2/2
    ✗ Артиллерия B1      @ (9,9,9) [уничтожен]
    ✗ Прыгун B3          @ (6,8,5) [уничтожен]
    ✗ Факел B4           @ (9,7,9) [уничтожен]
    ✗ Бурав B6           @ (9,8,8) [уничтожен]
    ✗ Провокатор B7      @ (9,6,8) [уничтожен]
    ✗ Паук B8            @ (8,5,7) [уничтожен]
  Team C: живых 2/8
    ✓ Прыгун C3          @ (9,8,8) hp=2/2
    ✓ Тишина C5          @ (6,8,5) hp=2/2
    ✗ Артиллерия C1      @ (4,9,4) [уничтожен]
    ✗ Радиовышка C2      @ (6,8,5) [уничтожен]
    ✗ Факел C4           @ (6,9,5) [уничтожен]
    ✗ Бурав C6           @ (4,9,5) [уничтожен]
    ✗ Провокатор C7      @ (6,9,5) [уничтожен]
    ✗ Паук C8            @ (7,9,5) [уничтожен]

======================================================================
ХОД 7
======================================================================
✓ 🎮 GM: начинаем ход
GM: start_turn

--- Радиовышки: сканирование слоя Z ---
  Радиовышка A2 (z=5): слой чист
  Радиовышка B2 (z=9): слой чист

--- Решения ботов ---
  [Team A] Артиллерия A1 (0,0,0) → SHOOT at (9,8,8)
  [Team A] Радиовышка A2 (5,8,5) → MOVE (6,8,6)
  [Team A] Прыгун A3 (7,9,5) → MOVE (8,8,6)
  [Team A] Тишина A5 (2,8,2) → MOVE (3,8,3)
  [Team A] Бурав A6 (0,1,1) → MOVE (1,2,2)
  [Team A] Провокатор A7 (1,4,2) → MOVE (2,5,3)
  [Team A] Паук A8 (3,7,4) → MOVE (4,8,5)
  [Team A] Факел A4 → SKIP
  [Team B] Радиовышка B2 (9,8,9) → MOVE (9,8,8)
  [Team B] Тишина B5 (5,6,5) → MOVE (5,7,5)
  [Team C] Прыгун C3 (9,8,8) → MOVE (9,8,9)
  [Team C] Тишина C5 (6,8,5) → MOVE (5,8,5)
! 🎮 GM: принудительно завершает фазу планирования
GM: end_planning
# 
============================================================
# 🔄 ОБРАБОТКА ХОДА 7
# ============================================================

📦 ПЕРЕМЕЩЕНИЯ:
   Радиовышка A2: (5, 8, 5) → (6,8,6)
   Прыгун A3: (7, 9, 5) → (8,8,6)
!    💥 Мина M1 сработала под Прыгун A3 (урон 2) — КОРАБЛЬ УНИЧТОЖЕН
   Тишина A5: (2, 8, 2) → (3,8,3)
!    ⚠️ Бурав A6: Бурав двигается только по одной оси
!    ⚠️ Провокатор A7: клетка (2,5,3) занята
   Паук A8: (3, 7, 4) → (4,8,5)
!    ⚠️ Радиовышка B2: клетка (9,8,8) занята
   Тишина B5: (5, 6, 5) → (5,7,5)
✓    💥 Прыгун C3 тараном уничтожил Радиовышка B2 в (9,8,9)
   Прыгун C3: (9, 8, 8) → (9,8,9)
   Тишина C5: (6, 8, 5) → (5,8,5)

🎯 ВЫСТРЕЛЫ:
   Выпущено ракет: 1
# 
📊 РЕЗУЛЬТАТЫ ХОДА 7:
🎯 Попаданий нет

--- Результаты хода ---
  ? / ?                  → Team A / Прыгун A3          @ (8,8,6)  (УБИТ)
  Team C / Прыгун C3          → Team B / Радиовышка B2      @ (9,8,9)  (УБИТ)

--- Состояние команд после хода ---
  Team A: живых 7/8
    ✓ Артиллерия A1      @ (0,0,0) hp=1/1
    ✓ Радиовышка A2      @ (6,8,6) hp=3/3
    ✓ Факел A4           @ (0,1,0) hp=6/6
    ✓ Тишина A5          @ (3,8,3) hp=2/2
    ✓ Бурав A6           @ (0,1,1) hp=4/4
    ✓ Провокатор A7      @ (1,4,2) hp=2/2
    ✓ Паук A8            @ (4,8,5) hp=1/1
    ✗ Прыгун A3          @ (8,8,6) [уничтожен]
  Team B: живых 1/8
    ✓ Тишина B5          @ (5,7,5) hp=2/2
    ✗ Артиллерия B1      @ (9,9,9) [уничтожен]
    ✗ Радиовышка B2      @ (9,8,9) [уничтожен]
    ✗ Прыгун B3          @ (6,8,5) [уничтожен]
    ✗ Факел B4           @ (9,7,9) [уничтожен]
    ✗ Бурав B6           @ (9,8,8) [уничтожен]
    ✗ Провокатор B7      @ (9,6,8) [уничтожен]
    ✗ Паук B8            @ (8,5,7) [уничтожен]
  Team C: живых 2/8
    ✓ Прыгун C3          @ (9,8,9) hp=2/2
    ✓ Тишина C5          @ (5,8,5) hp=2/2
    ✗ Артиллерия C1      @ (4,9,4) [уничтожен]
    ✗ Радиовышка C2      @ (6,8,5) [уничтожен]
    ✗ Факел C4           @ (6,9,5) [уничтожен]
    ✗ Бурав C6           @ (4,9,5) [уничтожен]
    ✗ Провокатор C7      @ (6,9,5) [уничтожен]
    ✗ Паук C8            @ (7,9,5) [уничтожен]

======================================================================
ХОД 8
======================================================================
✓ 🎮 GM: начинаем ход
GM: start_turn

--- Радиовышки: сканирование слоя Z ---
  Радиовышка A2 (z=6): слой чист

--- Решения ботов ---
  [Team A] Артиллерия A1 (0,0,0) → SHOOT at (9,8,9)
  [Team A] Радиовышка A2 (6,8,6) → MOVE (7,8,7)
  [Team A] Тишина A5 (3,8,3) → MOVE (4,8,4)
  [Team A] Бурав A6 (0,1,1) → MOVE (1,2,2)
  [Team A] Провокатор A7 (1,4,2) → MOVE (2,5,3)
  [Team A] Паук A8 (4,8,5) → MOVE (5,8,6)
  [Team A] Факел A4 → SKIP
  [Team B] Тишина B5 (5,7,5) → PHASE toggle
  [Team C] Прыгун C3 (9,8,9) → MOVE (8,8,8)
  [Team C] Тишина C5 (5,8,5) → PHASE toggle
! 🎮 GM: принудительно завершает фазу планирования
GM: end_planning
# 
============================================================
# 🔄 ОБРАБОТКА ХОДА 8
# ============================================================
   🌀 Тишина B5: фаза ВЫКЛ
   🌀 Тишина C5: фаза ВЫКЛ

📦 ПЕРЕМЕЩЕНИЯ:
   Радиовышка A2: (6, 8, 6) → (7,8,7)
   Тишина A5: (3, 8, 3) → (4,8,4)
!    ⚠️ Бурав A6: Бурав двигается только по одной оси
!    ⚠️ Провокатор A7: клетка (2,5,3) занята
   Паук A8: (4, 8, 5) → (5,8,6)
   Прыгун C3: (9, 8, 9) → (8,8,8)

🎯 ВЫСТРЕЛЫ:
   Выпущено ракет: 1
# 
📊 РЕЗУЛЬТАТЫ ХОДА 8:
🎯 Попаданий нет

--- Результаты хода ---
  Попаданий нет

--- Состояние команд после хода ---
  Team A: живых 7/8
    ✓ Артиллерия A1      @ (0,0,0) hp=1/1
    ✓ Радиовышка A2      @ (7,8,7) hp=3/3
    ✓ Факел A4           @ (0,1,0) hp=6/6
    ✓ Тишина A5          @ (4,8,4) hp=2/2
    ✓ Бурав A6           @ (0,1,1) hp=4/4
    ✓ Провокатор A7      @ (1,4,2) hp=2/2
    ✓ Паук A8            @ (5,8,6) hp=1/1
    ✗ Прыгун A3          @ (8,8,6) [уничтожен]
  Team B: живых 1/8
    ✓ Тишина B5          @ (5,7,5) hp=2/2
    ✗ Артиллерия B1      @ (9,9,9) [уничтожен]
    ✗ Радиовышка B2      @ (9,8,9) [уничтожен]
    ✗ Прыгун B3          @ (6,8,5) [уничтожен]
    ✗ Факел B4           @ (9,7,9) [уничтожен]
    ✗ Бурав B6           @ (9,8,8) [уничтожен]
    ✗ Провокатор B7      @ (9,6,8) [уничтожен]
    ✗ Паук B8            @ (8,5,7) [уничтожен]
  Team C: живых 2/8
    ✓ Прыгун C3          @ (8,8,8) hp=2/2
    ✓ Тишина C5          @ (5,8,5) hp=2/2
    ✗ Артиллерия C1      @ (4,9,4) [уничтожен]
    ✗ Радиовышка C2      @ (6,8,5) [уничтожен]
    ✗ Факел C4           @ (6,9,5) [уничтожен]
    ✗ Бурав C6           @ (4,9,5) [уничтожен]
    ✗ Провокатор C7      @ (6,9,5) [уничтожен]
    ✗ Паук C8            @ (7,9,5) [уничтожен]

======================================================================
ХОД 9
======================================================================
✓ 🎮 GM: начинаем ход
GM: start_turn

--- Радиовышки: сканирование слоя Z ---
  Радиовышка A2 (z=7): слой чист

--- Решения ботов ---
  [Team A] Артиллерия A1 (0,0,0) → SHOOT at (8,8,8)
  [Team A] Радиовышка A2 (7,8,7) → MOVE (8,8,8)
  [Team A] Тишина A5 (4,8,4) → PHASE toggle
  [Team A] Бурав A6 (0,1,1) → MOVE (1,2,2)
  [Team A] Провокатор A7 (1,4,2) → HOLOGRAM (2,5,3)
  [Team A] Паук A8 (5,8,6) → MINE (5,7,5)
  [Team A] Факел A4 → SKIP
  [Team B] Тишина B5 (5,7,5) → PHASE toggle
  [Team C] Прыгун C3 (8,8,8) → MOVE (7,8,7)
  [Team C] Тишина C5 (5,8,5) → MOVE (4,8,4)
! 🎮 GM: принудительно завершает фазу планирования
GM: end_planning
# 
============================================================
# 🔄 ОБРАБОТКА ХОДА 9
# ============================================================
   🌀 Тишина A5: фаза ВКЛ
   🌀 Тишина B5: фаза ВКЛ
!    ⚠️ Провокатор A7: клетка (2,5,3) уже занята голограммой
!    ⚠️ Паук A8: клетка (5,7,5) занята кораблём

📦 ПЕРЕМЕЩЕНИЯ:
!    ⚠️ Радиовышка A2: клетка (8,8,8) занята
!    ⚠️ Бурав A6: Бурав двигается только по одной оси
✓    💥 Прыгун C3 тараном уничтожил Радиовышка A2 в (7,8,7)
   Прыгун C3: (8, 8, 8) → (7,8,7)
   Тишина C5: (5, 8, 5) → (4,8,4)

🎯 ВЫСТРЕЛЫ:
   Выпущено ракет: 1
# 
📊 РЕЗУЛЬТАТЫ ХОДА 9:
🎯 Попаданий нет

--- Результаты хода ---
  Team C / Прыгун C3          → Team A / Радиовышка A2      @ (7,8,7)  (УБИТ)

--- Состояние команд после хода ---
  Team A: живых 6/8
    ✓ Артиллерия A1      @ (0,0,0) hp=1/1
    ✓ Факел A4           @ (0,1,0) hp=6/6
    ✓ Тишина A5          @ (4,8,4) hp=2/2
    ✓ Бурав A6           @ (0,1,1) hp=4/4
    ✓ Провокатор A7      @ (1,4,2) hp=2/2
    ✓ Паук A8            @ (5,8,6) hp=1/1
    ✗ Радиовышка A2      @ (7,8,7) [уничтожен]
    ✗ Прыгун A3          @ (8,8,6) [уничтожен]
  Team B: живых 1/8
    ✓ Тишина B5          @ (5,7,5) hp=2/2
    ✗ Артиллерия B1      @ (9,9,9) [уничтожен]
    ✗ Радиовышка B2      @ (9,8,9) [уничтожен]
    ✗ Прыгун B3          @ (6,8,5) [уничтожен]
    ✗ Факел B4           @ (9,7,9) [уничтожен]
    ✗ Бурав B6           @ (9,8,8) [уничтожен]
    ✗ Провокатор B7      @ (9,6,8) [уничтожен]
    ✗ Паук B8            @ (8,5,7) [уничтожен]
  Team C: живых 2/8
    ✓ Прыгун C3          @ (7,8,7) hp=2/2
    ✓ Тишина C5          @ (4,8,4) hp=2/2
    ✗ Артиллерия C1      @ (4,9,4) [уничтожен]
    ✗ Радиовышка C2      @ (6,8,5) [уничтожен]
    ✗ Факел C4           @ (6,9,5) [уничтожен]
    ✗ Бурав C6           @ (4,9,5) [уничтожен]
    ✗ Провокатор C7      @ (6,9,5) [уничтожен]
    ✗ Паук C8            @ (7,9,5) [уничтожен]

======================================================================
ХОД 10
======================================================================
✓ 🎮 GM: начинаем ход
GM: start_turn

--- Радиовышки: сканирование слоя Z ---
  (у команд не осталось живых радиовышек)

--- Решения ботов ---
  [Team A] Артиллерия A1 (0,0,0) → SHOOT at (7,8,7)
  [Team A] Бурав A6 (0,1,1) → MOVE (1,2,2)
  [Team A] Провокатор A7 (1,4,2) → HOLOGRAM (2,5,3)
  [Team A] Паук A8 (5,8,6) → MINE (6,8,6)
  [Team A] Факел A4 → SKIP
  [Team A] Тишина A5 → SKIP
  [Team B] Тишина B5 (5,7,5) → MOVE (5,8,6)
  [Team C] Прыгун C3 (7,8,7) → MOVE (5,8,6)
  [Team C] Тишина C5 (4,8,4) → MOVE (5,8,5)
! 🎮 GM: принудительно завершает фазу планирования
GM: end_planning
# 
============================================================
# 🔄 ОБРАБОТКА ХОДА 10
# ============================================================
!    ⚠️ Провокатор A7: клетка (2,5,3) уже занята голограммой
   💣 Паук A8 установил мину M10 в (6,8,6)

📦 ПЕРЕМЕЩЕНИЯ:
!    ⚠️ Бурав A6: Бурав двигается только по одной оси
!    ⚠️ Тишина B5: клетка (5,8,6) занята
✓    💥 Прыгун C3 тараном уничтожил Паук A8 в (5,8,6)
   Прыгун C3: (7, 8, 7) → (5,8,6)
   Тишина C5: (4, 8, 4) → (5,8,5)

🎯 ВЫСТРЕЛЫ:
   Выпущено ракет: 1
# 
📊 РЕЗУЛЬТАТЫ ХОДА 10:
🎯 Попаданий нет

--- Результаты хода ---
  Team C / Прыгун C3          → Team A / Паук A8            @ (5,8,6)  (УБИТ)

--- Состояние команд после хода ---
  Team A: живых 5/8
    ✓ Артиллерия A1      @ (0,0,0) hp=1/1
    ✓ Факел A4           @ (0,1,0) hp=6/6
    ✓ Тишина A5          @ (4,8,4) hp=2/2
    ✓ Бурав A6           @ (0,1,1) hp=4/4
    ✓ Провокатор A7      @ (1,4,2) hp=2/2
    ✗ Радиовышка A2      @ (7,8,7) [уничтожен]
    ✗ Прыгун A3          @ (8,8,6) [уничтожен]
    ✗ Паук A8            @ (5,8,6) [уничтожен]
  Team B: живых 1/8
    ✓ Тишина B5          @ (5,7,5) hp=2/2
    ✗ Артиллерия B1      @ (9,9,9) [уничтожен]
    ✗ Радиовышка B2      @ (9,8,9) [уничтожен]
    ✗ Прыгун B3          @ (6,8,5) [уничтожен]
    ✗ Факел B4           @ (9,7,9) [уничтожен]
    ✗ Бурав B6           @ (9,8,8) [уничтожен]
    ✗ Провокатор B7      @ (9,6,8) [уничтожен]
    ✗ Паук B8            @ (8,5,7) [уничтожен]
  Team C: живых 2/8
    ✓ Прыгун C3          @ (5,8,6) hp=2/2
    ✓ Тишина C5          @ (5,8,5) hp=2/2
    ✗ Артиллерия C1      @ (4,9,4) [уничтожен]
    ✗ Радиовышка C2      @ (6,8,5) [уничтожен]
    ✗ Факел C4           @ (6,9,5) [уничтожен]
    ✗ Бурав C6           @ (4,9,5) [уничтожен]
    ✗ Провокатор C7      @ (6,9,5) [уничтожен]
    ✗ Паук C8            @ (7,9,5) [уничтожен]

======================================================================
ХОД 11
======================================================================
✓ 🎮 GM: начинаем ход
GM: start_turn

--- Радиовышки: сканирование слоя Z ---
  (у команд не осталось живых радиовышек)

--- Решения ботов ---
  [Team A] Артиллерия A1 (0,0,0) → SHOOT at (5,8,6)
  [Team A] Тишина A5 (4,8,4) → MOVE (5,8,5)
  [Team A] Бурав A6 (0,1,1) → MOVE (1,2,2)
  [Team A] Провокатор A7 (1,4,2) → HOLOGRAM (2,5,3)
  [Team A] Факел A4 → SKIP
  [Team B] Тишина B5 (5,7,5) → MOVE (5,8,6)
  [Team C] Прыгун C3 (5,8,6) → MOVE (4,8,5)
  [Team C] Тишина C5 (5,8,5) → MOVE (4,8,4)
! 🎮 GM: принудительно завершает фазу планирования
GM: end_planning
# 
============================================================
# 🔄 ОБРАБОТКА ХОДА 11
# ============================================================
!    ⚠️ Провокатор A7: клетка (2,5,3) уже занята голограммой

📦 ПЕРЕМЕЩЕНИЯ:
!    ⚠️ Тишина A5: клетка (5,8,5) занята
!    ⚠️ Бурав A6: Бурав двигается только по одной оси
!    ⚠️ Тишина B5: клетка (5,8,6) занята
   Прыгун C3: (5, 8, 6) → (4,8,5)
   Тишина C5: (5, 8, 5) → (4,8,4)

🎯 ВЫСТРЕЛЫ:
   Выпущено ракет: 1
# 
📊 РЕЗУЛЬТАТЫ ХОДА 11:
🎯 Попаданий нет

--- Результаты хода ---
  Попаданий нет

--- Состояние команд после хода ---
  Team A: живых 5/8
    ✓ Артиллерия A1      @ (0,0,0) hp=1/1
    ✓ Факел A4           @ (0,1,0) hp=6/6
    ✓ Тишина A5          @ (4,8,4) hp=2/2
    ✓ Бурав A6           @ (0,1,1) hp=4/4
    ✓ Провокатор A7      @ (1,4,2) hp=2/2
    ✗ Радиовышка A2      @ (7,8,7) [уничтожен]
    ✗ Прыгун A3          @ (8,8,6) [уничтожен]
    ✗ Паук A8            @ (5,8,6) [уничтожен]
  Team B: живых 1/8
    ✓ Тишина B5          @ (5,7,5) hp=2/2
    ✗ Артиллерия B1      @ (9,9,9) [уничтожен]
    ✗ Радиовышка B2      @ (9,8,9) [уничтожен]
    ✗ Прыгун B3          @ (6,8,5) [уничтожен]
    ✗ Факел B4           @ (9,7,9) [уничтожен]
    ✗ Бурав B6           @ (9,8,8) [уничтожен]
    ✗ Провокатор B7      @ (9,6,8) [уничтожен]
    ✗ Паук B8            @ (8,5,7) [уничтожен]
  Team C: живых 2/8
    ✓ Прыгун C3          @ (4,8,5) hp=2/2
    ✓ Тишина C5          @ (4,8,4) hp=2/2
    ✗ Артиллерия C1      @ (4,9,4) [уничтожен]
    ✗ Радиовышка C2      @ (6,8,5) [уничтожен]
    ✗ Факел C4           @ (6,9,5) [уничтожен]
    ✗ Бурав C6           @ (4,9,5) [уничтожен]
    ✗ Провокатор C7      @ (6,9,5) [уничтожен]
    ✗ Паук C8            @ (7,9,5) [уничтожен]

======================================================================
ХОД 12
======================================================================
✓ 🎮 GM: начинаем ход
GM: start_turn

--- Радиовышки: сканирование слоя Z ---
  (у команд не осталось живых радиовышек)

--- Решения ботов ---
  [Team A] Артиллерия A1 (0,0,0) → SHOOT at (4,8,5)
  [Team A] Бурав A6 (0,1,1) → MOVE (1,2,2)
  [Team A] Провокатор A7 (1,4,2) → HOLOGRAM (2,5,3)
  [Team A] Факел A4 → SKIP
  [Team A] Тишина A5 → SKIP
  [Team B] Тишина B5 (5,7,5) → MOVE (4,8,5)
  [Team C] все корабли пропускают ход
! 🎮 GM: принудительно завершает фазу планирования
GM: end_planning
# 
============================================================
# 🔄 ОБРАБОТКА ХОДА 12
# ============================================================
!    ⚠️ Провокатор A7: клетка (2,5,3) уже занята голограммой

📦 ПЕРЕМЕЩЕНИЯ:
!    ⚠️ Бурав A6: Бурав двигается только по одной оси
!    ⚠️ Тишина B5: клетка (4,8,5) занята

🎯 ВЫСТРЕЛЫ:
✓    ✅ Артиллерия A1 поразил Прыгун C3 (2 урона)!
   Выпущено ракет: 1
# 
📊 РЕЗУЛЬТАТЫ ХОДА 12:
✓ 💥 ПОПАДАНИЯ:
✓    Артиллерия A1 (Team A) → Прыгун C3 (Team C)

--- Результаты хода ---
  Team A / Артиллерия A1      → Team C / Прыгун C3          @ (4,8,5)  (УБИТ)

--- Состояние команд после хода ---
  Team A: живых 5/8
    ✓ Артиллерия A1      @ (0,0,0) hp=1/1
    ✓ Факел A4           @ (0,1,0) hp=6/6
    ✓ Тишина A5          @ (4,8,4) hp=2/2
    ✓ Бурав A6           @ (0,1,1) hp=4/4
    ✓ Провокатор A7      @ (1,4,2) hp=2/2
    ✗ Радиовышка A2      @ (7,8,7) [уничтожен]
    ✗ Прыгун A3          @ (8,8,6) [уничтожен]
    ✗ Паук A8            @ (5,8,6) [уничтожен]
  Team B: живых 1/8
    ✓ Тишина B5          @ (5,7,5) hp=2/2
    ✗ Артиллерия B1      @ (9,9,9) [уничтожен]
    ✗ Радиовышка B2      @ (9,8,9) [уничтожен]
    ✗ Прыгун B3          @ (6,8,5) [уничтожен]
    ✗ Факел B4           @ (9,7,9) [уничтожен]
    ✗ Бурав B6           @ (9,8,8) [уничтожен]
    ✗ Провокатор B7      @ (9,6,8) [уничтожен]
    ✗ Паук B8            @ (8,5,7) [уничтожен]
  Team C: живых 1/8
    ✓ Тишина C5          @ (4,8,4) hp=2/2
    ✗ Артиллерия C1      @ (4,9,4) [уничтожен]
    ✗ Радиовышка C2      @ (6,8,5) [уничтожен]
    ✗ Прыгун C3          @ (4,8,5) [уничтожен]
    ✗ Факел C4           @ (6,9,5) [уничтожен]
    ✗ Бурав C6           @ (4,9,5) [уничтожен]
    ✗ Провокатор C7      @ (6,9,5) [уничтожен]
    ✗ Паук C8            @ (7,9,5) [уничтожен]

======================================================================
ХОД 13
======================================================================
✓ 🎮 GM: начинаем ход
GM: start_turn

--- Радиовышки: сканирование слоя Z ---
  (у команд не осталось живых радиовышек)

--- Решения ботов ---
  [Team A] Артиллерия A1 (0,0,0) → SHOOT at (4,8,4)
  [Team A] Тишина A5 (4,8,4) → PHASE toggle
  [Team A] Бурав A6 (0,1,1) → MOVE (1,2,2)
  [Team A] Провокатор A7 (1,4,2) → HOLOGRAM (2,5,3)
  [Team A] Факел A4 → SKIP
  [Team B] Тишина B5 (5,7,5) → PHASE toggle
  [Team C] все корабли пропускают ход
! 🎮 GM: принудительно завершает фазу планирования
GM: end_planning
# 
============================================================
# 🔄 ОБРАБОТКА ХОДА 13
# ============================================================
   🌀 Тишина A5: фаза ВЫКЛ
   🌀 Тишина B5: фаза ВЫКЛ
!    ⚠️ Провокатор A7: клетка (2,5,3) уже занята голограммой

📦 ПЕРЕМЕЩЕНИЯ:
!    ⚠️ Бурав A6: Бурав двигается только по одной оси

🎯 ВЫСТРЕЛЫ:
✓    ✅ Артиллерия A1 поразил Тишина C5 (2 урона)!
   Выпущено ракет: 1
# 
📊 РЕЗУЛЬТАТЫ ХОДА 13:
✓ 💥 ПОПАДАНИЯ:
✓    Артиллерия A1 (Team A) → Тишина C5 (Team C)

--- Результаты хода ---
  Team A / Артиллерия A1      → Team C / Тишина C5          @ (4,8,4)  (УБИТ)

--- Состояние команд после хода ---
  Team A: живых 5/8
    ✓ Артиллерия A1      @ (0,0,0) hp=1/1
    ✓ Факел A4           @ (0,1,0) hp=6/6
    ✓ Тишина A5          @ (4,8,4) hp=2/2
    ✓ Бурав A6           @ (0,1,1) hp=4/4
    ✓ Провокатор A7      @ (1,4,2) hp=2/2
    ✗ Радиовышка A2      @ (7,8,7) [уничтожен]
    ✗ Прыгун A3          @ (8,8,6) [уничтожен]
    ✗ Паук A8            @ (5,8,6) [уничтожен]
  Team B: живых 1/8
    ✓ Тишина B5          @ (5,7,5) hp=2/2
    ✗ Артиллерия B1      @ (9,9,9) [уничтожен]
    ✗ Радиовышка B2      @ (9,8,9) [уничтожен]
    ✗ Прыгун B3          @ (6,8,5) [уничтожен]
    ✗ Факел B4           @ (9,7,9) [уничтожен]
    ✗ Бурав B6           @ (9,8,8) [уничтожен]
    ✗ Провокатор B7      @ (9,6,8) [уничтожен]
    ✗ Паук B8            @ (8,5,7) [уничтожен]
  Team C: живых 0/8
    ✗ Артиллерия C1      @ (4,9,4) [уничтожен]
    ✗ Радиовышка C2      @ (6,8,5) [уничтожен]
    ✗ Прыгун C3          @ (4,8,5) [уничтожен]
    ✗ Факел C4           @ (6,9,5) [уничтожен]
    ✗ Тишина C5          @ (4,8,4) [уничтожен]
    ✗ Бурав C6           @ (4,9,5) [уничтожен]
    ✗ Провокатор C7      @ (6,9,5) [уничтожен]
    ✗ Паук C8            @ (7,9,5) [уничтожен]

======================================================================
ХОД 14
======================================================================
✓ 🎮 GM: начинаем ход
GM: start_turn

--- Радиовышки: сканирование слоя Z ---
  (у команд не осталось живых радиовышек)

--- Решения ботов ---
  [Team A] Артиллерия A1 (0,0,0) → SHOOT at (5,7,5)
  [Team A] Тишина A5 (4,8,4) → MOVE (5,7,5)
  [Team A] Бурав A6 (0,1,1) → MOVE (1,2,2)
  [Team A] Провокатор A7 (1,4,2) → HOLOGRAM (2,5,3)
  [Team A] Факел A4 → SKIP
  [Team B] Тишина B5 (5,7,5) → MOVE (4,8,4)
  [Team C] все корабли пропускают ход
! 🎮 GM: принудительно завершает фазу планирования
GM: end_planning
# 
============================================================
# 🔄 ОБРАБОТКА ХОДА 14
# ============================================================
!    ⚠️ Провокатор A7: клетка (2,5,3) уже занята голограммой

📦 ПЕРЕМЕЩЕНИЯ:
!    ⚠️ Тишина A5: клетка (5,7,5) занята
!    ⚠️ Бурав A6: Бурав двигается только по одной оси
!    ⚠️ Тишина B5: клетка (4,8,4) занята

🎯 ВЫСТРЕЛЫ:
✓    ✅ Артиллерия A1 поразил Тишина B5 (2 урона)!
   Выпущено ракет: 1
# 
📊 РЕЗУЛЬТАТЫ ХОДА 14:
✓ 💥 ПОПАДАНИЯ:
✓    Артиллерия A1 (Team A) → Тишина B5 (Team B)
# 
🎮🎮🎮🎮🎮🎮🎮🎮🎮🎮🎮🎮🎮🎮🎮🎮🎮🎮🎮🎮
#         ИГРА ОКОНЧЕНА!
# 🎮🎮🎮🎮🎮🎮🎮🎮🎮🎮🎮🎮🎮🎮🎮🎮🎮🎮🎮🎮
✓         🏆 ПОБЕДИТЕЛЬ: Team A

--- Результаты хода ---
  Team A / Артиллерия A1      → Team B / Тишина B5          @ (5,7,5)  (УБИТ)

--- Состояние команд после хода ---
  Team A: живых 5/8
    ✓ Артиллерия A1      @ (0,0,0) hp=1/1
    ✓ Факел A4           @ (0,1,0) hp=6/6
    ✓ Тишина A5          @ (4,8,4) hp=2/2
    ✓ Бурав A6           @ (0,1,1) hp=4/4
    ✓ Провокатор A7      @ (1,4,2) hp=2/2
    ✗ Радиовышка A2      @ (7,8,7) [уничтожен]
    ✗ Прыгун A3          @ (8,8,6) [уничтожен]
    ✗ Паук A8            @ (5,8,6) [уничтожен]
  Team B: живых 0/8
    ✗ Артиллерия B1      @ (9,9,9) [уничтожен]
    ✗ Радиовышка B2      @ (9,8,9) [уничтожен]
    ✗ Прыгун B3          @ (6,8,5) [уничтожен]
    ✗ Факел B4           @ (9,7,9) [уничтожен]
    ✗ Тишина B5          @ (5,7,5) [уничтожен]
    ✗ Бурав B6           @ (9,8,8) [уничтожен]
    ✗ Провокатор B7      @ (9,6,8) [уничтожен]
    ✗ Паук B8            @ (8,5,7) [уничтожен]
  Team C: живых 0/8
    ✗ Артиллерия C1      @ (4,9,4) [уничтожен]
    ✗ Радиовышка C2      @ (6,8,5) [уничтожен]
    ✗ Прыгун C3          @ (4,8,5) [уничтожен]
    ✗ Факел C4           @ (6,9,5) [уничтожен]
    ✗ Тишина C5          @ (4,8,4) [уничтожен]
    ✗ Бурав C6           @ (4,9,5) [уничтожен]
    ✗ Провокатор C7      @ (6,9,5) [уничтожен]
    ✗ Паук C8            @ (7,9,5) [уничтожен]

======================================================================
ИТОГ
======================================================================
Игра окончена. Победитель: Team A
Ходов сыграно: 14

--- Сводка по командам ---
  Team A: 5/8 живых; hp=15
  Team B: 0/8 живых; hp=0
  Team C: 0/8 живых; hp=0

--- Сводка по пассивкам радиовышек ---
  Team A: сканирований=9, всего врагов-в-слоях=1, уникальных эксклюзивных (видны только радиовышкой)=0
  Team B: сканирований=7, всего врагов-в-слоях=1, уникальных эксклюзивных (видны только радиовышкой)=0
  Team C: сканирований=4, всего врагов-в-слоях=1, уникальных эксклюзивных (видны только радиовышкой)=0

--- Сводка по попаданиям ---
  Всего событий (шоты+тараны+мины): 20
  Уничтожено кораблей всего: 19
  Team A: урон=17 хиты=7 тараны=2 мины(сработало)=0 убийств=8
  Team B: урон=11 хиты=1 тараны=2 мины(сработало)=0 убийств=3
  Team C: урон=22 хиты=1 тараны=6 мины(сработало)=1 убийств=8
! 🎮 GM: остановка игры
