======================================================================
Space Battle 10×10×10 — simulation run at 2026-04-20T13:23:54+00:00
Game mode: advanced
Seed: 99
✓ 🚀 Продвинутый режим: создаю разные типы кораблей
   Стартовые Z-слои: A=6, B=9, C=3
✓ ✅ Создано 24 кораблей


--- СТАРТОВАЯ РАССТАНОВКА ---
  Team A: живых 8/8
    ✓ Артиллерия A1      @ (9,5,6) hp=1/1
    ✓ Радиовышка A2      @ (1,5,6) hp=3/3
    ✓ Прыгун A3          @ (6,6,6) hp=2/2
    ✓ Факел A4           @ (2,1,6) hp=6/6
    ✓ Тишина A5          @ (1,8,6) hp=2/2
    ✓ Бурав A6           @ (2,4,6) hp=4/4
    ✓ Провокатор A7      @ (4,8,6) hp=2/2
    ✓ Паук A8            @ (5,2,6) hp=1/1
  Team B: живых 8/8
    ✓ Артиллерия B1      @ (7,0,9) hp=1/1
    ✓ Радиовышка B2      @ (3,3,9) hp=3/3
    ✓ Прыгун B3          @ (0,7,9) hp=2/2
    ✓ Факел B4           @ (0,2,9) hp=6/6
    ✓ Тишина B5          @ (8,3,9) hp=2/2
    ✓ Бурав B6           @ (1,7,9) hp=4/4
    ✓ Провокатор B7      @ (6,9,9) hp=2/2
    ✓ Паук B8            @ (3,4,9) hp=1/1
  Team C: живых 8/8
    ✓ Артиллерия C1      @ (7,0,3) hp=1/1
    ✓ Радиовышка C2      @ (4,3,3) hp=3/3
    ✓ Прыгун C3          @ (3,4,3) hp=2/2
    ✓ Факел C4           @ (0,1,3) hp=6/6
    ✓ Тишина C5          @ (2,7,3) hp=2/2
    ✓ Бурав C6           @ (6,1,3) hp=4/4
    ✓ Провокатор C7      @ (4,6,3) hp=2/2
    ✓ Паук C8            @ (6,2,3) hp=1/1

======================================================================
ХОД 1
======================================================================
✓ 🎮 GM: начинаем ход
GM: start_turn

--- Радиовышки: сканирование слоя Z ---
  Радиовышка A2 (z=6): слой чист
  Радиовышка B2 (z=9): слой чист
  Радиовышка C2 (z=3): слой чист

--- Решения ботов ---
  [Team A] Артиллерия A1 (9,5,6) → SHOOT at (7,0,3)
  [Team A] Радиовышка A2 (1,5,6) → MOVE (2,4,7)
  [Team A] Прыгун A3 (6,6,6) → MOVE (5,5,7)
  [Team A] Факел A4 (2,1,6) → MOVE (3,2,6)
  [Team A] Тишина A5 (1,8,6) → PHASE toggle
  [Team A] Бурав A6 (2,4,6) → MOVE (2,7,3)
  [Team A] Провокатор A7 (4,8,6) → HOLOGRAM (3,7,7)
  [Team A] Паук A8 (5,2,6) → MINE (6,1,7)
  [Team B] Артиллерия B1 (7,0,9) → SHOOT at (9,5,6)
  [Team B] Радиовышка B2 (3,3,9) → MOVE (2,4,8)
  [Team B] Прыгун B3 (0,7,9) → MOVE (1,6,8)
  [Team B] Факел B4 (0,2,9) → MOVE (1,1,9)
  [Team B] Тишина B5 (8,3,9) → PHASE toggle
  [Team B] Бурав B6 (1,7,9) → MOVE (1,7,8)
  [Team B] Провокатор B7 (6,9,9) → HOLOGRAM (6,8,8)
  [Team B] Паук B8 (3,4,9) → MINE (2,5,8)
  [Team C] Артиллерия C1 (7,0,3) → SHOOT at (9,5,6)
  [Team C] Радиовышка C2 (4,3,3) → MOVE (3,4,4)
  [Team C] Прыгун C3 (3,4,3) → MOVE (2,5,4)
  [Team C] Факел C4 (0,1,3) → MOVE (1,0,3)
  [Team C] Тишина C5 (2,7,3) → PHASE toggle
  [Team C] Бурав C6 (6,1,3) → MOVE (5,2,4)
  [Team C] Провокатор C7 (4,6,3) → HOLOGRAM (3,5,4)
  [Team C] Паук C8 (6,2,3) → MINE (7,3,4)
! 🎮 GM: принудительно завершает фазу планирования
GM: end_planning
# 
============================================================
# 🔄 ОБРАБОТКА ХОДА 1
# ============================================================
   🌀 Тишина A5: фаза ВКЛ
   🌀 Тишина B5: фаза ВКЛ
   🌀 Тишина C5: фаза ВКЛ
   🪞 Провокатор A7 создал голограмму H1 в (3,7,7)
   🪞 Провокатор B7 создал голограмму H2 в (6,8,8)
   🪞 Провокатор C7 создал голограмму H3 в (3,5,4)
   💣 Паук A8 установил мину M1 в (6,1,7)
   💣 Паук B8 установил мину M2 в (2,5,8)
   💣 Паук C8 установил мину M3 в (7,3,4)

📦 ПЕРЕМЕЩЕНИЯ:
   Радиовышка A2: (1, 5, 6) → (2,4,7)
   Прыгун A3: (6, 6, 6) → (5,5,7)
   Факел A4: (2, 1, 6) → (3,2,6)
   Бурав A6: (2, 4, 6) → (2,7,3)
   Радиовышка B2: (3, 3, 9) → (2,4,8)
   Прыгун B3: (0, 7, 9) → (1,6,8)
   Факел B4: (0, 2, 9) → (1,1,9)
   Бурав B6: (1, 7, 9) → (1,7,8)
   Радиовышка C2: (4, 3, 3) → (3,4,4)
   Прыгун C3: (3, 4, 3) → (2,5,4)
   Факел C4: (0, 1, 3) → (1,0,3)
!    ⚠️ Бурав C6: Бурав двигается только по 1 оси или по 2 осям строго диагонально

🎯 ВЫСТРЕЛЫ:
✓    ✅ Артиллерия A1 поразил Артиллерия C1 (2 урона)!
✓    ✅ Артиллерия B1 поразил Артиллерия A1 (2 урона)!
   💀 Артиллерия C1 добивает Артиллерия A1
✓    ✅ Артиллерия C1 поразил Артиллерия A1 (2 урона)!
   Выпущено ракет: 3
# 
📊 РЕЗУЛЬТАТЫ ХОДА 1:
✓ 💥 ПОПАДАНИЯ:
✓    Артиллерия A1 (Team A) → Артиллерия C1 (Team C)
✓    Артиллерия B1 (Team B) → Артиллерия A1 (Team A)
✓    Артиллерия C1 (Team C) → Артиллерия A1 (Team A)

--- Результаты хода ---
  Team A / Артиллерия A1      → Team C / Артиллерия C1      @ (7,0,3)  (УБИТ)
  Team B / Артиллерия B1      → Team A / Артиллерия A1      @ (9,5,6)  (УБИТ)
  Team C / Артиллерия C1      → Team A / Артиллерия A1      @ (9,5,6)  (ранен)

--- Состояние команд после хода ---
  Team A: живых 7/8
    ✓ Радиовышка A2      @ (2,4,7) hp=3/3
    ✓ Прыгун A3          @ (5,5,7) hp=2/2
    ✓ Факел A4           @ (3,2,6) hp=6/6
    ✓ Тишина A5          @ (1,8,6) hp=2/2
    ✓ Бурав A6           @ (2,7,3) hp=4/4
    ✓ Провокатор A7      @ (4,8,6) hp=2/2
    ✓ Паук A8            @ (5,2,6) hp=1/1
    ✗ Артиллерия A1      @ (9,5,6) [уничтожен]
  Team B: живых 8/8
    ✓ Артиллерия B1      @ (7,0,9) hp=1/1
    ✓ Радиовышка B2      @ (2,4,8) hp=3/3
    ✓ Прыгун B3          @ (1,6,8) hp=2/2
    ✓ Факел B4           @ (1,1,9) hp=6/6
    ✓ Тишина B5          @ (8,3,9) hp=2/2
    ✓ Бурав B6           @ (1,7,8) hp=4/4
    ✓ Провокатор B7      @ (6,9,9) hp=2/2
    ✓ Паук B8            @ (3,4,9) hp=1/1
  Team C: живых 7/8
    ✓ Радиовышка C2      @ (3,4,4) hp=3/3
    ✓ Прыгун C3          @ (2,5,4) hp=2/2
    ✓ Факел C4           @ (1,0,3) hp=6/6
    ✓ Тишина C5          @ (2,7,3) hp=2/2
    ✓ Бурав C6           @ (6,1,3) hp=4/4
    ✓ Провокатор C7      @ (4,6,3) hp=2/2
    ✓ Паук C8            @ (6,2,3) hp=1/1
    ✗ Артиллерия C1      @ (7,0,3) [уничтожен]

======================================================================
ХОД 2
======================================================================
✓ 🎮 GM: начинаем ход
GM: start_turn

--- Радиовышки: сканирование слоя Z ---
  Радиовышка A2 (z=7): слой чист
  Радиовышка B2 (z=8): слой чист
  Радиовышка C2 (z=4): слой чист

--- Решения ботов ---
  [Team A] Радиовышка A2 (2,4,7) → MOVE (2,4,8)
  [Team A] Прыгун A3 (5,5,7) → MOVE (3,4,9)
  [Team A] Факел A4 (3,2,6) → MOVE (4,3,7)
  [Team A] Тишина A5 (1,8,6) → MOVE (1,7,7)
  [Team A] Бурав A6 (2,7,3) → MOVE (2,6,4)
  [Team A] Провокатор A7 (4,8,6) → HOLOGRAM (3,7,7)
  [Team A] Паук A8 (5,2,6) → MINE (4,3,5)
  [Team B] Артиллерия B1 (7,0,9) → SHOOT at (5,5,7)
  [Team B] Радиовышка B2 (2,4,8) → MOVE (2,4,7)
  [Team B] Прыгун B3 (1,6,8) → MOVE (2,5,7)
  [Team B] Факел B4 (1,1,9) → MOVE (2,0,9)
  [Team B] Тишина B5 (8,3,9) → MOVE (7,4,8)
  [Team B] Бурав B6 (1,7,8) → MOVE (2,6,7)
  [Team B] Провокатор B7 (6,9,9) → HOLOGRAM (5,8,8)
  [Team B] Паук B8 (3,4,9) → MINE (4,4,8)
  [Team C] Радиовышка C2 (3,4,4) → MOVE (3,3,5)
  [Team C] Прыгун C3 (2,5,4) → MOVE (2,6,3)
  [Team C] Факел C4 (1,0,3) → MOVE (2,1,4)
  [Team C] Бурав C6 (6,1,3) → MOVE (5,2,4)
  [Team C] Провокатор C7 (4,6,3) → HOLOGRAM (3,7,3)
  [Team C] Паук C8 (6,2,3) → MINE (5,2,3)
  [Team C] Тишина C5 → SKIP
! 🎮 GM: принудительно завершает фазу планирования
GM: end_planning
# 
============================================================
# 🔄 ОБРАБОТКА ХОДА 2
# ============================================================
!    ⚠️ Провокатор A7: клетка (3,7,7) уже занята голограммой
   🪞 Провокатор B7 создал голограмму H4 в (5,8,8)
   🪞 Провокатор C7 создал голограмму H5 в (3,7,3)
   💣 Паук A8 установил мину M4 в (4,3,5)
   💣 Паук B8 установил мину M5 в (4,4,8)
   💣 Паук C8 установил мину M6 в (5,2,3)

📦 ПЕРЕМЕЩЕНИЯ:
!    ⚠️ Радиовышка A2: клетка (2,4,8) занята
✓    💥 Прыгун A3 тараном уничтожил Паук B8 в (3,4,9)
   Прыгун A3: (5, 5, 7) → (3,4,9)
   Факел A4: (3, 2, 6) → (4,3,7)
   Тишина A5: (1, 8, 6) → (1,7,7)
   Бурав A6: (2, 7, 3) → (2,6,4)
!    ⚠️ Радиовышка B2: клетка (2,4,7) занята
   Прыгун B3: (1, 6, 8) → (2,5,7)
   Факел B4: (1, 1, 9) → (2,0,9)
   Тишина B5: (8, 3, 9) → (7,4,8)
!    ⚠️ Бурав B6: Бурав двигается только по 1 оси или по 2 осям строго диагонально
   Радиовышка C2: (3, 4, 4) → (3,3,5)
   Прыгун C3: (2, 5, 4) → (2,6,3)
   Факел C4: (1, 0, 3) → (2,1,4)
!    ⚠️ Бурав C6: Бурав двигается только по 1 оси или по 2 осям строго диагонально

🎯 ВЫСТРЕЛЫ:
   Выпущено ракет: 1
# 
📊 РЕЗУЛЬТАТЫ ХОДА 2:
🎯 Попаданий нет

--- Результаты хода ---
  Team A / Прыгун A3          → Team B / Паук B8            @ (3,4,9)  (УБИТ)

--- Состояние команд после хода ---
  Team A: живых 7/8
    ✓ Радиовышка A2      @ (2,4,7) hp=3/3
    ✓ Прыгун A3          @ (3,4,9) hp=2/2
    ✓ Факел A4           @ (4,3,7) hp=6/6
    ✓ Тишина A5          @ (1,7,7) hp=2/2
    ✓ Бурав A6           @ (2,6,4) hp=4/4
    ✓ Провокатор A7      @ (4,8,6) hp=2/2
    ✓ Паук A8            @ (5,2,6) hp=1/1
    ✗ Артиллерия A1      @ (9,5,6) [уничтожен]
  Team B: живых 7/8
    ✓ Артиллерия B1      @ (7,0,9) hp=1/1
    ✓ Радиовышка B2      @ (2,4,8) hp=3/3
    ✓ Прыгун B3          @ (2,5,7) hp=2/2
    ✓ Факел B4           @ (2,0,9) hp=6/6
    ✓ Тишина B5          @ (7,4,8) hp=2/2
    ✓ Бурав B6           @ (1,7,8) hp=4/4
    ✓ Провокатор B7      @ (6,9,9) hp=2/2
    ✗ Паук B8            @ (3,4,9) [уничтожен]
  Team C: живых 7/8
    ✓ Радиовышка C2      @ (3,3,5) hp=3/3
    ✓ Прыгун C3          @ (2,6,3) hp=2/2
    ✓ Факел C4           @ (2,1,4) hp=6/6
    ✓ Тишина C5          @ (2,7,3) hp=2/2
    ✓ Бурав C6           @ (6,1,3) hp=4/4
    ✓ Провокатор C7      @ (4,6,3) hp=2/2
    ✓ Паук C8            @ (6,2,3) hp=1/1
    ✗ Артиллерия C1      @ (7,0,3) [уничтожен]

======================================================================
ХОД 3
======================================================================
✓ 🎮 GM: начинаем ход
GM: start_turn

--- Радиовышки: сканирование слоя Z ---
  Радиовышка A2 (z=7): видит 1 врагов  → Прыгун B3(2,5,7)
  Радиовышка B2 (z=8): слой чист
  Радиовышка C2 (z=5): слой чист

--- Решения ботов ---
  [Team A] Радиовышка A2 (2,4,7) → MOVE (2,4,8)
  [Team A] Прыгун A3 (3,4,9) → MOVE (2,5,7)
  [Team A] Факел A4 (4,3,7) → MOVE (3,4,8)
  [Team A] Тишина A5 (1,7,7) → MOVE (1,7,8)
  [Team A] Бурав A6 (2,6,4) → MOVE (2,6,3)
  [Team A] Провокатор A7 (4,8,6) → HOLOGRAM (3,7,7)
  [Team A] Паук A8 (5,2,6) → MINE (4,3,5)
  [Team B] Артиллерия B1 (7,0,9) → SHOOT at (3,4,9)
  [Team B] Радиовышка B2 (2,4,8) → MOVE (2,4,7)
  [Team B] Прыгун B3 (2,5,7) → MOVE (4,3,7)
  [Team B] Факел B4 (2,0,9) → MOVE (3,0,9)
  [Team B] Тишина B5 (7,4,8) → MOVE (6,3,7)
  [Team B] Бурав B6 (1,7,8) → MOVE (2,6,7)
  [Team B] Провокатор B7 (6,9,9) → HOLOGRAM (5,8,8)
  [Team C] Радиовышка C2 (3,3,5) → MOVE (2,4,6)
  [Team C] Прыгун C3 (2,6,3) → MOVE (2,6,4)
  [Team C] Факел C4 (2,1,4) → SHOOT at (2,6,4)
  [Team C] Тишина C5 (2,7,3) → MOVE (2,7,4)
  [Team C] Бурав C6 (6,1,3) → MOVE (5,2,4)
  [Team C] Провокатор C7 (4,6,3) → HOLOGRAM (3,6,4)
  [Team C] Паук C8 (6,2,3) → MINE (6,2,4)
! 🎮 GM: принудительно завершает фазу планирования
GM: end_planning
# 
============================================================
# 🔄 ОБРАБОТКА ХОДА 3
# ============================================================
!    ⚠️ Провокатор A7: клетка (3,7,7) уже занята голограммой
!    ⚠️ Провокатор B7: клетка (5,8,8) уже занята голограммой
   🪞 Провокатор C7 создал голограмму H6 в (3,6,4)
!    ⚠️ Паук A8: в клетке уже стоит мина
   💣 Паук C8 установил мину M7 в (6,2,4)

📦 ПЕРЕМЕЩЕНИЯ:
!    ⚠️ Радиовышка A2: клетка (2,4,8) занята
✓    💥 Прыгун A3 тараном уничтожил Прыгун B3 в (2,5,7)
   Прыгун A3: (3, 4, 9) → (2,5,7)
   Факел A4: (4, 3, 7) → (3,4,8)
!    ⚠️ Тишина A5: клетка (1,7,8) занята
✓    💥 Бурав A6 тараном уничтожил Прыгун C3 в (2,6,3)
   Бурав A6: (2, 6, 4) → (2,6,3)
!    ⚠️ Радиовышка B2: клетка (2,4,7) занята
   Факел B4: (2, 0, 9) → (3,0,9)
   Тишина B5: (7, 4, 8) → (6,3,7)
!    ⚠️ Бурав B6: Бурав двигается только по 1 оси или по 2 осям строго диагонально
   Радиовышка C2: (3, 3, 5) → (2,4,6)
   Тишина C5: (2, 7, 3) → (2,7,4)
!    ⚠️ Бурав C6: Бурав двигается только по 1 оси или по 2 осям строго диагонально

🎯 ВЫСТРЕЛЫ:
   Выпущено ракет: 2
# 
📊 РЕЗУЛЬТАТЫ ХОДА 3:
🎯 Попаданий нет

--- Результаты хода ---
  Team A / Прыгун A3          → Team B / Прыгун B3          @ (2,5,7)  (УБИТ)
  Team A / Бурав A6           → Team C / Прыгун C3          @ (2,6,3)  (УБИТ)

--- Состояние команд после хода ---
  Team A: живых 7/8
    ✓ Радиовышка A2      @ (2,4,7) hp=3/3
    ✓ Прыгун A3          @ (2,5,7) hp=2/2
    ✓ Факел A4           @ (3,4,8) hp=6/6
    ✓ Тишина A5          @ (1,7,7) hp=2/2
    ✓ Бурав A6           @ (2,6,3) hp=4/4
    ✓ Провокатор A7      @ (4,8,6) hp=2/2
    ✓ Паук A8            @ (5,2,6) hp=1/1
    ✗ Артиллерия A1      @ (9,5,6) [уничтожен]
  Team B: живых 6/8
    ✓ Артиллерия B1      @ (7,0,9) hp=1/1
    ✓ Радиовышка B2      @ (2,4,8) hp=3/3
    ✓ Факел B4           @ (3,0,9) hp=6/6
    ✓ Тишина B5          @ (6,3,7) hp=2/2
    ✓ Бурав B6           @ (1,7,8) hp=4/4
    ✓ Провокатор B7      @ (6,9,9) hp=2/2
    ✗ Прыгун B3          @ (2,5,7) [уничтожен]
    ✗ Паук B8            @ (3,4,9) [уничтожен]
  Team C: живых 6/8
    ✓ Радиовышка C2      @ (2,4,6) hp=3/3
    ✓ Факел C4           @ (2,1,4) hp=6/6
    ✓ Тишина C5          @ (2,7,4) hp=2/2
    ✓ Бурав C6           @ (6,1,3) hp=4/4
    ✓ Провокатор C7      @ (4,6,3) hp=2/2
    ✓ Паук C8            @ (6,2,3) hp=1/1
    ✗ Артиллерия C1      @ (7,0,3) [уничтожен]
    ✗ Прыгун C3          @ (2,6,3) [уничтожен]

======================================================================
ХОД 4
======================================================================
✓ 🎮 GM: начинаем ход
GM: start_turn

--- Радиовышки: сканирование слоя Z ---
  Радиовышка A2 (z=7): слой чист
  Радиовышка B2 (z=8): видит 1 врагов  → Факел A4(3,4,8)
  Радиовышка C2 (z=6): видит 2 врагов  → Провокатор A7(4,8,6), Паук A8(5,2,6)

--- Решения ботов ---
  [Team A] Радиовышка A2 (2,4,7) → MOVE (2,4,8)
  [Team A] Прыгун A3 (2,5,7) → MOVE (1,7,8)
  [Team A] Факел A4 (3,4,8) → SHOOT at (2,4,8)
  [Team A] Бурав A6 (2,6,3) → MOVE (4,6,3)
  [Team A] Провокатор A7 (4,8,6) → HOLOGRAM (3,7,7)
  [Team A] Паук A8 (5,2,6) → MINE (6,1,7)
  [Team A] Тишина A5 → SKIP
  [Team B] Артиллерия B1 (7,0,9) → SHOOT at (2,5,7)
  [Team B] Радиовышка B2 (2,4,8) → MOVE (2,4,7)
  [Team B] Факел B4 (3,0,9) → MOVE (4,0,9)
  [Team B] Тишина B5 (6,3,7) → MOVE (5,2,6)
  [Team B] Бурав B6 (1,7,8) → MOVE (2,6,7)
  [Team B] Провокатор B7 (6,9,9) → HOLOGRAM (5,8,8)
  [Team C] Радиовышка C2 (2,4,6) → MOVE (2,4,7)
  [Team C] Факел C4 (2,1,4) → MOVE (3,2,3)
  [Team C] Тишина C5 (2,7,4) → MOVE (2,6,3)
  [Team C] Бурав C6 (6,1,3) → MOVE (5,2,4)
  [Team C] Провокатор C7 (4,6,3) → HOLOGRAM (3,6,3)
  [Team C] Паук C8 (6,2,3) → MINE (6,2,4)
! 🎮 GM: принудительно завершает фазу планирования
GM: end_planning
# 
============================================================
# 🔄 ОБРАБОТКА ХОДА 4
# ============================================================
!    ⚠️ Провокатор A7: клетка (3,7,7) уже занята голограммой
!    ⚠️ Провокатор B7: клетка (5,8,8) уже занята голограммой
   🪞 Провокатор C7 создал голограмму H7 в (3,6,3)
!    ⚠️ Паук A8: в клетке уже стоит мина
!    ⚠️ Паук C8: в клетке уже стоит мина

📦 ПЕРЕМЕЩЕНИЯ:
!    ⚠️ Радиовышка A2: клетка (2,4,8) занята
✓    💥 Прыгун A3 тараном уничтожил Бурав B6 в (1,7,8)
   Прыгун A3: (2, 5, 7) → (1,7,8)
✓    💥 Бурав A6 тараном уничтожил Провокатор C7 в (4,6,3)
   Бурав A6: (2, 6, 3) → (4,6,3)
!    ⚠️ Радиовышка B2: клетка (2,4,7) занята
   Факел B4: (3, 0, 9) → (4,0,9)
!    ⚠️ Тишина B5: клетка (5,2,6) занята
!    ⚠️ Радиовышка C2: клетка (2,4,7) занята
   Факел C4: (2, 1, 4) → (3,2,3)
   Тишина C5: (2, 7, 4) → (2,6,3)
!    ⚠️ Бурав C6: Бурав двигается только по 1 оси или по 2 осям строго диагонально

🎯 ВЫСТРЕЛЫ:
✓    ✅ Факел A4 поразил Радиовышка B2 (1 урона)!
   Выпущено ракет: 2
# 
📊 РЕЗУЛЬТАТЫ ХОДА 4:
✓ 💥 ПОПАДАНИЯ:
✓    Факел A4 (Team A) → Радиовышка B2 (Team B)

--- Результаты хода ---
  Team A / Прыгун A3          → Team B / Бурав B6           @ (1,7,8)  (УБИТ)
  Team A / Бурав A6           → Team C / Провокатор C7      @ (4,6,3)  (УБИТ)
  Team A / Факел A4           → Team B / Радиовышка B2      @ (2,4,8)  (ранен)

--- Состояние команд после хода ---
  Team A: живых 7/8
    ✓ Радиовышка A2      @ (2,4,7) hp=3/3
    ✓ Прыгун A3          @ (1,7,8) hp=2/2
    ✓ Факел A4           @ (3,4,8) hp=6/6
    ✓ Тишина A5          @ (1,7,7) hp=2/2
    ✓ Бурав A6           @ (4,6,3) hp=4/4
    ✓ Провокатор A7      @ (4,8,6) hp=2/2
    ✓ Паук A8            @ (5,2,6) hp=1/1
    ✗ Артиллерия A1      @ (9,5,6) [уничтожен]
  Team B: живых 5/8
    ✓ Артиллерия B1      @ (7,0,9) hp=1/1
    ✓ Радиовышка B2      @ (2,4,8) hp=2/3
    ✓ Факел B4           @ (4,0,9) hp=6/6
    ✓ Тишина B5          @ (6,3,7) hp=2/2
    ✓ Провокатор B7      @ (6,9,9) hp=2/2
    ✗ Прыгун B3          @ (2,5,7) [уничтожен]
    ✗ Бурав B6           @ (1,7,8) [уничтожен]
    ✗ Паук B8            @ (3,4,9) [уничтожен]
  Team C: живых 5/8
    ✓ Радиовышка C2      @ (2,4,6) hp=3/3
    ✓ Факел C4           @ (3,2,3) hp=6/6
    ✓ Тишина C5          @ (2,6,3) hp=2/2
    ✓ Бурав C6           @ (6,1,3) hp=4/4
    ✓ Паук C8            @ (6,2,3) hp=1/1
    ✗ Артиллерия C1      @ (7,0,3) [уничтожен]
    ✗ Прыгун C3          @ (2,6,3) [уничтожен]
    ✗ Провокатор C7      @ (4,6,3) [уничтожен]

======================================================================
ХОД 5
======================================================================
✓ 🎮 GM: начинаем ход
GM: start_turn

--- Радиовышки: сканирование слоя Z ---
  Радиовышка A2 (z=7): слой чист
  Радиовышка B2 (z=8): видит 2 врагов [+1 эксклюзивно] → Прыгун A3(1,7,8), Факел A4(3,4,8)
  Радиовышка C2 (z=6): видит 2 врагов  → Провокатор A7(4,8,6), Паук A8(5,2,6)

--- Решения ботов ---
  [Team A] Радиовышка A2 (2,4,7) → MOVE (2,4,8)
  [Team A] Прыгун A3 (1,7,8) → MOVE (2,6,8)
  [Team A] Факел A4 (3,4,8) → SHOOT at (2,4,8)
  [Team A] Тишина A5 (1,7,7) → MOVE (2,7,8)
  [Team A] Бурав A6 (4,6,3) → MOVE (3,5,4)
  [Team A] Провокатор A7 (4,8,6) → HOLOGRAM (5,9,7)
  [Team A] Паук A8 (5,2,6) → MINE (6,1,7)
  [Team B] Артиллерия B1 (7,0,9) → SHOOT at (1,7,8)
  [Team B] Радиовышка B2 (2,4,8) → MOVE (2,4,7)
  [Team B] Факел B4 (4,0,9) → MOVE (3,1,8)
  [Team B] Тишина B5 (6,3,7) → MOVE (5,2,6)
  [Team B] Провокатор B7 (6,9,9) → HOLOGRAM (5,8,8)
  [Team C] Радиовышка C2 (2,4,6) → MOVE (2,4,7)
  [Team C] Факел C4 (3,2,3) → MOVE (4,1,3)
  [Team C] Тишина C5 (2,6,3) → MOVE (3,6,3)
  [Team C] Бурав C6 (6,1,3) → MOVE (5,2,4)
  [Team C] Паук C8 (6,2,3) → MINE (6,2,4)
! 🎮 GM: принудительно завершает фазу планирования
GM: end_planning
# 
============================================================
# 🔄 ОБРАБОТКА ХОДА 5
# ============================================================
   🪞 Провокатор A7 создал голограмму H8 в (5,9,7)
!    ⚠️ Провокатор B7: клетка (5,8,8) уже занята голограммой
!    ⚠️ Паук A8: в клетке уже стоит мина
!    ⚠️ Паук C8: в клетке уже стоит мина

📦 ПЕРЕМЕЩЕНИЯ:
!    ⚠️ Радиовышка A2: клетка (2,4,8) занята
   Прыгун A3: (1, 7, 8) → (2,6,8)
   Тишина A5: (1, 7, 7) → (2,7,8)
!    ⚠️ Бурав A6: Бурав двигается только по 1 оси или по 2 осям строго диагонально
!    ⚠️ Радиовышка B2: клетка (2,4,7) занята
   Факел B4: (4, 0, 9) → (3,1,8)
!    ⚠️ Тишина B5: клетка (5,2,6) занята
!    ⚠️ Радиовышка C2: клетка (2,4,7) занята
   Факел C4: (3, 2, 3) → (4,1,3)
!    ⚠️ Тишина C5: клетка (3,6,3) занята
!    ⚠️ Бурав C6: Бурав двигается только по 1 оси или по 2 осям строго диагонально

🎯 ВЫСТРЕЛЫ:
✓    ✅ Факел A4 поразил Радиовышка B2 (1 урона)!
   Выпущено ракет: 2
# 
📊 РЕЗУЛЬТАТЫ ХОДА 5:
✓ 💥 ПОПАДАНИЯ:
✓    Факел A4 (Team A) → Радиовышка B2 (Team B)

--- Результаты хода ---
  Team A / Факел A4           → Team B / Радиовышка B2      @ (2,4,8)  (ранен)

--- Состояние команд после хода ---
  Team A: живых 7/8
    ✓ Радиовышка A2      @ (2,4,7) hp=3/3
    ✓ Прыгун A3          @ (2,6,8) hp=2/2
    ✓ Факел A4           @ (3,4,8) hp=6/6
    ✓ Тишина A5          @ (2,7,8) hp=2/2
    ✓ Бурав A6           @ (4,6,3) hp=4/4
    ✓ Провокатор A7      @ (4,8,6) hp=2/2
    ✓ Паук A8            @ (5,2,6) hp=1/1
    ✗ Артиллерия A1      @ (9,5,6) [уничтожен]
  Team B: живых 5/8
    ✓ Артиллерия B1      @ (7,0,9) hp=1/1
    ✓ Радиовышка B2      @ (2,4,8) hp=1/3
    ✓ Факел B4           @ (3,1,8) hp=6/6
    ✓ Тишина B5          @ (6,3,7) hp=2/2
    ✓ Провокатор B7      @ (6,9,9) hp=2/2
    ✗ Прыгун B3          @ (2,5,7) [уничтожен]
    ✗ Бурав B6           @ (1,7,8) [уничтожен]
    ✗ Паук B8            @ (3,4,9) [уничтожен]
  Team C: живых 5/8
    ✓ Радиовышка C2      @ (2,4,6) hp=3/3
    ✓ Факел C4           @ (4,1,3) hp=6/6
    ✓ Тишина C5          @ (2,6,3) hp=2/2
    ✓ Бурав C6           @ (6,1,3) hp=4/4
    ✓ Паук C8            @ (6,2,3) hp=1/1
    ✗ Артиллерия C1      @ (7,0,3) [уничтожен]
    ✗ Прыгун C3          @ (2,6,3) [уничтожен]
    ✗ Провокатор C7      @ (4,6,3) [уничтожен]

======================================================================
ХОД 6
======================================================================
✓ 🎮 GM: начинаем ход
GM: start_turn

--- Радиовышки: сканирование слоя Z ---
  Радиовышка A2 (z=7): слой чист
  Радиовышка B2 (z=8): видит 2 врагов [+1 эксклюзивно] → Прыгун A3(2,6,8), Факел A4(3,4,8)
  Радиовышка C2 (z=6): видит 2 врагов  → Провокатор A7(4,8,6), Паук A8(5,2,6)

--- Решения ботов ---
  [Team A] Радиовышка A2 (2,4,7) → MOVE (2,4,8)
  [Team A] Прыгун A3 (2,6,8) → MOVE (2,4,6)
  [Team A] Факел A4 (3,4,8) → SHOOT at (2,4,8)
  [Team A] Бурав A6 (4,6,3) → MOVE (3,5,4)
  [Team A] Провокатор A7 (4,8,6) → HOLOGRAM (5,9,7)
  [Team A] Паук A8 (5,2,6) → MINE (4,2,7)
  [Team A] Тишина A5 → SKIP
  [Team B] Артиллерия B1 (7,0,9) → SHOOT at (2,6,8)
  [Team B] Радиовышка B2 (2,4,8) → MOVE (2,4,7)
  [Team B] Факел B4 (3,1,8) → SHOOT at (3,4,8)
  [Team B] Тишина B5 (6,3,7) → MOVE (5,2,6)
  [Team B] Провокатор B7 (6,9,9) → HOLOGRAM (5,8,8)
  [Team C] Радиовышка C2 (2,4,6) → MOVE (2,4,7)
  [Team C] Факел C4 (4,1,3) → SHOOT at (4,6,3)
  [Team C] Тишина C5 (2,6,3) → MOVE (3,6,3)
  [Team C] Бурав C6 (6,1,3) → MOVE (5,2,4)
  [Team C] Паук C8 (6,2,3) → MINE (6,2,4)
! 🎮 GM: принудительно завершает фазу планирования
GM: end_planning
# 
============================================================
# 🔄 ОБРАБОТКА ХОДА 6
# ============================================================
!    ⚠️ Провокатор A7: клетка (5,9,7) уже занята голограммой
!    ⚠️ Провокатор B7: клетка (5,8,8) уже занята голограммой
   💣 Паук A8 установил мину M8 в (4,2,7)
!    ⚠️ Паук C8: в клетке уже стоит мина

📦 ПЕРЕМЕЩЕНИЯ:
!    ⚠️ Радиовышка A2: клетка (2,4,8) занята
✓    💥 Прыгун A3 тараном уничтожил Радиовышка C2 в (2,4,6)
   Прыгун A3: (2, 6, 8) → (2,4,6)
!    ⚠️ Бурав A6: Бурав двигается только по 1 оси или по 2 осям строго диагонально
!    ⚠️ Радиовышка B2: клетка (2,4,7) занята
!    ⚠️ Тишина B5: клетка (5,2,6) занята
!    ⚠️ Тишина C5: клетка (3,6,3) занята
!    ⚠️ Бурав C6: Бурав двигается только по 1 оси или по 2 осям строго диагонально

🎯 ВЫСТРЕЛЫ:
✓    ✅ Факел A4 поразил Радиовышка B2 (1 урона)!
✓    ✅ Факел B4 поразил Факел A4 (1 урона)!
✓    ✅ Факел C4 поразил Бурав A6 (1 урона)!
   Выпущено ракет: 4
# 
📊 РЕЗУЛЬТАТЫ ХОДА 6:
✓ 💥 ПОПАДАНИЯ:
✓    Факел A4 (Team A) → Радиовышка B2 (Team B)
✓    Факел B4 (Team B) → Факел A4 (Team A)
✓    Факел C4 (Team C) → Бурав A6 (Team A)

--- Результаты хода ---
  Team A / Прыгун A3          → Team C / Радиовышка C2      @ (2,4,6)  (УБИТ)
  Team A / Факел A4           → Team B / Радиовышка B2      @ (2,4,8)  (УБИТ)
  Team B / Факел B4           → Team A / Факел A4           @ (3,4,8)  (ранен)
  Team C / Факел C4           → Team A / Бурав A6           @ (4,6,3)  (ранен)

--- Состояние команд после хода ---
  Team A: живых 7/8
    ✓ Радиовышка A2      @ (2,4,7) hp=3/3
    ✓ Прыгун A3          @ (2,4,6) hp=2/2
    ✓ Факел A4           @ (3,4,8) hp=5/6
    ✓ Тишина A5          @ (2,7,8) hp=2/2
    ✓ Бурав A6           @ (4,6,3) hp=3/4
    ✓ Провокатор A7      @ (4,8,6) hp=2/2
    ✓ Паук A8            @ (5,2,6) hp=1/1
    ✗ Артиллерия A1      @ (9,5,6) [уничтожен]
  Team B: живых 4/8
    ✓ Артиллерия B1      @ (7,0,9) hp=1/1
    ✓ Факел B4           @ (3,1,8) hp=6/6
    ✓ Тишина B5          @ (6,3,7) hp=2/2
    ✓ Провокатор B7      @ (6,9,9) hp=2/2
    ✗ Радиовышка B2      @ (2,4,8) [уничтожен]
    ✗ Прыгун B3          @ (2,5,7) [уничтожен]
    ✗ Бурав B6           @ (1,7,8) [уничтожен]
    ✗ Паук B8            @ (3,4,9) [уничтожен]
  Team C: живых 4/8
    ✓ Факел C4           @ (4,1,3) hp=6/6
    ✓ Тишина C5          @ (2,6,3) hp=2/2
    ✓ Бурав C6           @ (6,1,3) hp=4/4
    ✓ Паук C8            @ (6,2,3) hp=1/1
    ✗ Артиллерия C1      @ (7,0,3) [уничтожен]
    ✗ Радиовышка C2      @ (2,4,6) [уничтожен]
    ✗ Прыгун C3          @ (2,6,3) [уничтожен]
    ✗ Провокатор C7      @ (4,6,3) [уничтожен]

======================================================================
ХОД 7
======================================================================
✓ 🎮 GM: начинаем ход
GM: start_turn

--- Радиовышки: сканирование слоя Z ---
  Радиовышка A2 (z=7): слой чист

--- Решения ботов ---
  [Team A] Радиовышка A2 (2,4,7) → MOVE (3,3,8)
  [Team A] Прыгун A3 (2,4,6) → MOVE (3,3,7)
  [Team A] Факел A4 (3,4,8) → HEAL (AoE)
  [Team A] Тишина A5 (2,7,8) → MOVE (3,8,9)
  [Team A] Бурав A6 (4,6,3) → MOVE (5,5,3)
  [Team A] Провокатор A7 (4,8,6) → HOLOGRAM (5,9,7)
  [Team A] Паук A8 (5,2,6) → MINE (4,2,7)
  [Team B] Артиллерия B1 (7,0,9) → SHOOT at (2,4,6)
  [Team B] Факел B4 (3,1,8) → SHOOT at (3,4,8)
  [Team B] Тишина B5 (6,3,7) → MOVE (5,2,6)
  [Team B] Провокатор B7 (6,9,9) → HOLOGRAM (5,8,8)
  [Team C] Факел C4 (4,1,3) → SHOOT at (4,6,3)
  [Team C] Тишина C5 (2,6,3) → MOVE (3,6,3)
  [Team C] Бурав C6 (6,1,3) → MOVE (5,2,4)
  [Team C] Паук C8 (6,2,3) → MINE (5,2,3)
! 🎮 GM: принудительно завершает фазу планирования
GM: end_planning
# 
============================================================
# 🔄 ОБРАБОТКА ХОДА 7
# ============================================================
!    ⚠️ Провокатор A7: клетка (5,9,7) уже занята голограммой
!    ⚠️ Провокатор B7: клетка (5,8,8) уже занята голограммой
!    ⚠️ Паук A8: в клетке уже стоит мина
!    ⚠️ Паук C8: в клетке уже стоит мина

📦 ПЕРЕМЕЩЕНИЯ:
   Радиовышка A2: (2, 4, 7) → (3,3,8)
   Прыгун A3: (2, 4, 6) → (3,3,7)
   Тишина A5: (2, 7, 8) → (3,8,9)
   Бурав A6: (4, 6, 3) → (5,5,3)
!    ⚠️ Тишина B5: клетка (5,2,6) занята
!    ⚠️ Тишина C5: клетка (3,6,3) занята
!    ⚠️ Бурав C6: Бурав двигается только по 1 оси или по 2 осям строго диагонально

🎯 ВЫСТРЕЛЫ:
✓    ✅ Факел B4 поразил Радиовышка A2 (1 урона)!
✓    💚 Факел A4 лечит Радиовышка A2 → hits=0/3
✓    💚 Факел A4 лечит Факел A4 → hits=0/6
   Выпущено ракет: 3
# 
📊 РЕЗУЛЬТАТЫ ХОДА 7:
✓ 💥 ПОПАДАНИЯ:
✓    Факел B4 (Team B) → Радиовышка A2 (Team A)

--- Результаты хода ---
  Team B / Факел B4           → Team A / Радиовышка A2      @ (3,3,8)  (ранен)

--- Состояние команд после хода ---
  Team A: живых 7/8
    ✓ Радиовышка A2      @ (3,3,8) hp=3/3
    ✓ Прыгун A3          @ (3,3,7) hp=2/2
    ✓ Факел A4           @ (3,4,8) hp=6/6
    ✓ Тишина A5          @ (3,8,9) hp=2/2
    ✓ Бурав A6           @ (5,5,3) hp=3/4
    ✓ Провокатор A7      @ (4,8,6) hp=2/2
    ✓ Паук A8            @ (5,2,6) hp=1/1
    ✗ Артиллерия A1      @ (9,5,6) [уничтожен]
  Team B: живых 4/8
    ✓ Артиллерия B1      @ (7,0,9) hp=1/1
    ✓ Факел B4           @ (3,1,8) hp=6/6
    ✓ Тишина B5          @ (6,3,7) hp=2/2
    ✓ Провокатор B7      @ (6,9,9) hp=2/2
    ✗ Радиовышка B2      @ (2,4,8) [уничтожен]
    ✗ Прыгун B3          @ (2,5,7) [уничтожен]
    ✗ Бурав B6           @ (1,7,8) [уничтожен]
    ✗ Паук B8            @ (3,4,9) [уничтожен]
  Team C: живых 4/8
    ✓ Факел C4           @ (4,1,3) hp=6/6
    ✓ Тишина C5          @ (2,6,3) hp=2/2
    ✓ Бурав C6           @ (6,1,3) hp=4/4
    ✓ Паук C8            @ (6,2,3) hp=1/1
    ✗ Артиллерия C1      @ (7,0,3) [уничтожен]
    ✗ Радиовышка C2      @ (2,4,6) [уничтожен]
    ✗ Прыгун C3          @ (2,6,3) [уничтожен]
    ✗ Провокатор C7      @ (4,6,3) [уничтожен]

======================================================================
ХОД 8
======================================================================
✓ 🎮 GM: начинаем ход
GM: start_turn

--- Радиовышки: сканирование слоя Z ---
  Радиовышка A2 (z=8): видит 1 врагов  → Факел B4(3,1,8)

--- Решения ботов ---
  [Team A] Радиовышка A2 (3,3,8) → MOVE (3,2,8)
  [Team A] Прыгун A3 (3,3,7) → MOVE (3,1,8)
  [Team A] Факел A4 (3,4,8) → SHOOT at (3,1,8)
  [Team A] Тишина A5 (3,8,9) → MOVE (4,9,9)
  [Team A] Бурав A6 (5,5,3) → MOVE (6,4,3)
  [Team A] Провокатор A7 (4,8,6) → HOLOGRAM (5,9,7)
  [Team A] Паук A8 (5,2,6) → MINE (4,1,7)
  [Team B] Артиллерия B1 (7,0,9) → SHOOT at (3,3,7)
  [Team B] Факел B4 (3,1,8) → SHOOT at (3,4,8)
  [Team B] Тишина B5 (6,3,7) → MOVE (5,2,6)
  [Team B] Провокатор B7 (6,9,9) → HOLOGRAM (5,8,8)
  [Team C] Факел C4 (4,1,3) → MOVE (5,1,3)
  [Team C] Тишина C5 (2,6,3) → MOVE (3,5,3)
  [Team C] Бурав C6 (6,1,3) → MOVE (5,2,4)
  [Team C] Паук C8 (6,2,3) → MINE (5,3,3)
! 🎮 GM: принудительно завершает фазу планирования
GM: end_planning
# 
============================================================
# 🔄 ОБРАБОТКА ХОДА 8
# ============================================================
!    ⚠️ Провокатор A7: клетка (5,9,7) уже занята голограммой
!    ⚠️ Провокатор B7: клетка (5,8,8) уже занята голограммой
   💣 Паук A8 установил мину M9 в (4,1,7)
   💣 Паук C8 установил мину M10 в (5,3,3)

📦 ПЕРЕМЕЩЕНИЯ:
   Радиовышка A2: (3, 3, 8) → (3,2,8)
✓    💥 Прыгун A3 тараном уничтожил Факел B4 в (3,1,8)
   Прыгун A3: (3, 3, 7) → (3,1,8)
   Тишина A5: (3, 8, 9) → (4,9,9)
   Бурав A6: (5, 5, 3) → (6,4,3)
!    ⚠️ Тишина B5: клетка (5,2,6) занята
   Факел C4: (4, 1, 3) → (5,1,3)
   Тишина C5: (2, 6, 3) → (3,5,3)
!    ⚠️ Бурав C6: Бурав двигается только по 1 оси или по 2 осям строго диагонально

🎯 ВЫСТРЕЛЫ:
!    🛡️ Выстрел Факел A4 заблокирован союзником Радиовышка A2 в (3, 2, 8)
   Выпущено ракет: 2
# 
📊 РЕЗУЛЬТАТЫ ХОДА 8:
🎯 Попаданий нет

--- Результаты хода ---
  Team A / Прыгун A3          → Team B / Факел B4           @ (3,1,8)  (УБИТ)

--- Состояние команд после хода ---
  Team A: живых 7/8
    ✓ Радиовышка A2      @ (3,2,8) hp=3/3
    ✓ Прыгун A3          @ (3,1,8) hp=2/2
    ✓ Факел A4           @ (3,4,8) hp=6/6
    ✓ Тишина A5          @ (4,9,9) hp=2/2
    ✓ Бурав A6           @ (6,4,3) hp=3/4
    ✓ Провокатор A7      @ (4,8,6) hp=2/2
    ✓ Паук A8            @ (5,2,6) hp=1/1
    ✗ Артиллерия A1      @ (9,5,6) [уничтожен]
  Team B: живых 3/8
    ✓ Артиллерия B1      @ (7,0,9) hp=1/1
    ✓ Тишина B5          @ (6,3,7) hp=2/2
    ✓ Провокатор B7      @ (6,9,9) hp=2/2
    ✗ Радиовышка B2      @ (2,4,8) [уничтожен]
    ✗ Прыгун B3          @ (2,5,7) [уничтожен]
    ✗ Факел B4           @ (3,1,8) [уничтожен]
    ✗ Бурав B6           @ (1,7,8) [уничтожен]
    ✗ Паук B8            @ (3,4,9) [уничтожен]
  Team C: живых 4/8
    ✓ Факел C4           @ (5,1,3) hp=6/6
    ✓ Тишина C5          @ (3,5,3) hp=2/2
    ✓ Бурав C6           @ (6,1,3) hp=4/4
    ✓ Паук C8            @ (6,2,3) hp=1/1
    ✗ Артиллерия C1      @ (7,0,3) [уничтожен]
    ✗ Радиовышка C2      @ (2,4,6) [уничтожен]
    ✗ Прыгун C3          @ (2,6,3) [уничтожен]
    ✗ Провокатор C7      @ (4,6,3) [уничтожен]

======================================================================
ХОД 9
======================================================================
✓ 🎮 GM: начинаем ход
GM: start_turn

--- Радиовышки: сканирование слоя Z ---
  Радиовышка A2 (z=8): слой чист

--- Решения ботов ---
  [Team A] Радиовышка A2 (3,2,8) → MOVE (4,1,9)
  [Team A] Прыгун A3 (3,1,8) → MOVE (4,0,9)
  [Team A] Факел A4 (3,4,8) → MOVE (4,4,7)
  [Team A] Тишина A5 (4,9,9) → MOVE (5,9,9)
  [Team A] Бурав A6 (6,4,3) → MOVE (6,1,3)
  [Team A] Провокатор A7 (4,8,6) → HOLOGRAM (5,9,7)
  [Team A] Паук A8 (5,2,6) → MINE (6,1,7)
  [Team B] Артиллерия B1 (7,0,9) → SHOOT at (3,1,8)
  [Team B] Тишина B5 (6,3,7) → MOVE (5,2,6)
  [Team B] Провокатор B7 (6,9,9) → HOLOGRAM (5,8,8)
  [Team C] Тишина C5 (3,5,3) → MOVE (4,4,3)
  [Team C] Бурав C6 (6,1,3) → MOVE (6,4,3)
  [Team C] Паук C8 (6,2,3) → MINE (6,3,3)
  [Team C] Факел C4 → SKIP
! 🎮 GM: принудительно завершает фазу планирования
GM: end_planning
# 
============================================================
# 🔄 ОБРАБОТКА ХОДА 9
# ============================================================
!    ⚠️ Провокатор A7: клетка (5,9,7) уже занята голограммой
!    ⚠️ Провокатор B7: клетка (5,8,8) уже занята голограммой
!    ⚠️ Паук A8: в клетке уже стоит мина
   💣 Паук C8 установил мину M11 в (6,3,3)

📦 ПЕРЕМЕЩЕНИЯ:
   Радиовышка A2: (3, 2, 8) → (4,1,9)
   Прыгун A3: (3, 1, 8) → (4,0,9)
   Факел A4: (3, 4, 8) → (4,4,7)
   Тишина A5: (4, 9, 9) → (5,9,9)
✓    💥 Бурав A6 тараном уничтожил Бурав C6 в (6,1,3)
   Бурав A6: (6, 4, 3) → (6,1,3)
!    ⚠️ Тишина B5: клетка (5,2,6) занята
   Тишина C5: (3, 5, 3) → (4,4,3)

🎯 ВЫСТРЕЛЫ:
   Выпущено ракет: 1
# 
📊 РЕЗУЛЬТАТЫ ХОДА 9:
🎯 Попаданий нет

--- Результаты хода ---
  Team A / Бурав A6           → Team C / Бурав C6           @ (6,1,3)  (УБИТ)

--- Состояние команд после хода ---
  Team A: живых 7/8
    ✓ Радиовышка A2      @ (4,1,9) hp=3/3
    ✓ Прыгун A3          @ (4,0,9) hp=2/2
    ✓ Факел A4           @ (4,4,7) hp=6/6
    ✓ Тишина A5          @ (5,9,9) hp=2/2
    ✓ Бурав A6           @ (6,1,3) hp=3/4
    ✓ Провокатор A7      @ (4,8,6) hp=2/2
    ✓ Паук A8            @ (5,2,6) hp=1/1
    ✗ Артиллерия A1      @ (9,5,6) [уничтожен]
  Team B: живых 3/8
    ✓ Артиллерия B1      @ (7,0,9) hp=1/1
    ✓ Тишина B5          @ (6,3,7) hp=2/2
    ✓ Провокатор B7      @ (6,9,9) hp=2/2
    ✗ Радиовышка B2      @ (2,4,8) [уничтожен]
    ✗ Прыгун B3          @ (2,5,7) [уничтожен]
    ✗ Факел B4           @ (3,1,8) [уничтожен]
    ✗ Бурав B6           @ (1,7,8) [уничтожен]
    ✗ Паук B8            @ (3,4,9) [уничтожен]
  Team C: живых 3/8
    ✓ Факел C4           @ (5,1,3) hp=6/6
    ✓ Тишина C5          @ (4,4,3) hp=2/2
    ✓ Паук C8            @ (6,2,3) hp=1/1
    ✗ Артиллерия C1      @ (7,0,3) [уничтожен]
    ✗ Радиовышка C2      @ (2,4,6) [уничтожен]
    ✗ Прыгун C3          @ (2,6,3) [уничтожен]
    ✗ Бурав C6           @ (6,1,3) [уничтожен]
    ✗ Провокатор C7      @ (4,6,3) [уничтожен]

======================================================================
ХОД 10
======================================================================
✓ 🎮 GM: начинаем ход
GM: start_turn

--- Радиовышки: сканирование слоя Z ---
  Радиовышка A2 (z=9): видит 2 врагов  → Провокатор B7(6,9,9), Артиллерия B1(7,0,9)

--- Решения ботов ---
  [Team A] Радиовышка A2 (4,1,9) → MOVE (5,0,9)
  [Team A] Прыгун A3 (4,0,9) → SHOOT at (7,0,9)
  [Team A] Факел A4 (4,4,7) → MOVE (5,3,6)
  [Team A] Тишина A5 (5,9,9) → MOVE (6,9,9)
  [Team A] Бурав A6 (6,1,3) → MOVE (5,1,3)
  [Team A] Провокатор A7 (4,8,6) → HOLOGRAM (5,9,7)
  [Team A] Паук A8 (5,2,6) → MINE (6,1,7)
  [Team B] Артиллерия B1 (7,0,9) → SHOOT at (4,0,9)
  [Team B] Тишина B5 (6,3,7) → MOVE (5,2,6)
  [Team B] Провокатор B7 (6,9,9) → HOLOGRAM (5,8,8)
  [Team C] Факел C4 (5,1,3) → SHOOT at (6,1,3)
  [Team C] Тишина C5 (4,4,3) → PHASE toggle
  [Team C] Паук C8 (6,2,3) → MINE (6,1,3)
! 🎮 GM: принудительно завершает фазу планирования
GM: end_planning
# 
============================================================
# 🔄 ОБРАБОТКА ХОДА 10
# ============================================================
   🌀 Тишина C5: фаза ВЫКЛ
!    ⚠️ Провокатор A7: клетка (5,9,7) уже занята голограммой
!    ⚠️ Провокатор B7: клетка (5,8,8) уже занята голограммой
!    ⚠️ Паук A8: в клетке уже стоит мина
!    ⚠️ Паук C8: клетка (6,1,3) занята кораблём

📦 ПЕРЕМЕЩЕНИЯ:
   Радиовышка A2: (4, 1, 9) → (5,0,9)
   Факел A4: (4, 4, 7) → (5,3,6)
!    ⚠️ Тишина A5: клетка (6,9,9) занята
✓    💥 Бурав A6 тараном уничтожил Факел C4 в (5,1,3)
   Бурав A6: (6, 1, 3) → (5,1,3)
!    ⚠️ Тишина B5: клетка (5,2,6) занята

🎯 ВЫСТРЕЛЫ:
!    🛡️ Выстрел Прыгун A3 заблокирован союзником Радиовышка A2 в (5, 0, 9)
✓    ✅ Артиллерия B1 поразил Прыгун A3 (2 урона)!
   Выпущено ракет: 2
# 
📊 РЕЗУЛЬТАТЫ ХОДА 10:
✓ 💥 ПОПАДАНИЯ:
✓    Артиллерия B1 (Team B) → Прыгун A3 (Team A)

--- Результаты хода ---
  Team A / Бурав A6           → Team C / Факел C4           @ (5,1,3)  (УБИТ)
  Team B / Артиллерия B1      → Team A / Прыгун A3          @ (4,0,9)  (УБИТ)

--- Состояние команд после хода ---
  Team A: живых 6/8
    ✓ Радиовышка A2      @ (5,0,9) hp=3/3
    ✓ Факел A4           @ (5,3,6) hp=6/6
    ✓ Тишина A5          @ (5,9,9) hp=2/2
    ✓ Бурав A6           @ (5,1,3) hp=3/4
    ✓ Провокатор A7      @ (4,8,6) hp=2/2
    ✓ Паук A8            @ (5,2,6) hp=1/1
    ✗ Артиллерия A1      @ (9,5,6) [уничтожен]
    ✗ Прыгун A3          @ (4,0,9) [уничтожен]
  Team B: живых 3/8
    ✓ Артиллерия B1      @ (7,0,9) hp=1/1
    ✓ Тишина B5          @ (6,3,7) hp=2/2
    ✓ Провокатор B7      @ (6,9,9) hp=2/2
    ✗ Радиовышка B2      @ (2,4,8) [уничтожен]
    ✗ Прыгун B3          @ (2,5,7) [уничтожен]
    ✗ Факел B4           @ (3,1,8) [уничтожен]
    ✗ Бурав B6           @ (1,7,8) [уничтожен]
    ✗ Паук B8            @ (3,4,9) [уничтожен]
  Team C: живых 2/8
    ✓ Тишина C5          @ (4,4,3) hp=2/2
    ✓ Паук C8            @ (6,2,3) hp=1/1
    ✗ Артиллерия C1      @ (7,0,3) [уничтожен]
    ✗ Радиовышка C2      @ (2,4,6) [уничтожен]
    ✗ Прыгун C3          @ (2,6,3) [уничтожен]
    ✗ Факел C4           @ (5,1,3) [уничтожен]
    ✗ Бурав C6           @ (6,1,3) [уничтожен]
    ✗ Провокатор C7      @ (4,6,3) [уничтожен]

======================================================================
ХОД 11
======================================================================
✓ 🎮 GM: начинаем ход
GM: start_turn

--- Радиовышки: сканирование слоя Z ---
  Радиовышка A2 (z=9): видит 2 врагов  → Провокатор B7(6,9,9), Артиллерия B1(7,0,9)

--- Решения ботов ---
  [Team A] Радиовышка A2 (5,0,9) → MOVE (6,0,9)
  [Team A] Факел A4 (5,3,6) → MOVE (5,2,5)
  [Team A] Тишина A5 (5,9,9) → MOVE (6,9,9)
  [Team A] Бурав A6 (5,1,3) → MOVE (6,2,3)
  [Team A] Провокатор A7 (4,8,6) → HOLOGRAM (5,9,7)
  [Team A] Паук A8 (5,2,6) → MINE (6,1,7)
  [Team B] Артиллерия B1 (7,0,9) → SHOOT at (4,8,6)
  [Team B] Тишина B5 (6,3,7) → MOVE (5,3,6)
  [Team B] Провокатор B7 (6,9,9) → HOLOGRAM (5,8,8)
  [Team C] Тишина C5 (4,4,3) → PHASE toggle
  [Team C] Паук C8 (6,2,3) → MINE (5,1,3)
! 🎮 GM: принудительно завершает фазу планирования
GM: end_planning
# 
============================================================
# 🔄 ОБРАБОТКА ХОДА 11
# ============================================================
   🌀 Тишина C5: фаза ВКЛ
!    ⚠️ Провокатор A7: клетка (5,9,7) уже занята голограммой
!    ⚠️ Провокатор B7: клетка (5,8,8) уже занята голограммой
!    ⚠️ Паук A8: в клетке уже стоит мина
!    ⚠️ Паук C8: клетка (5,1,3) занята кораблём

📦 ПЕРЕМЕЩЕНИЯ:
   Радиовышка A2: (5, 0, 9) → (6,0,9)
   Факел A4: (5, 3, 6) → (5,2,5)
!    ⚠️ Тишина A5: клетка (6,9,9) занята
✓    💥 Бурав A6 тараном уничтожил Паук C8 в (6,2,3)
   Бурав A6: (5, 1, 3) → (6,2,3)
   Тишина B5: (6, 3, 7) → (5,3,6)

🎯 ВЫСТРЕЛЫ:
✓    ✅ Артиллерия B1 поразил Провокатор A7 (2 урона)!
   Выпущено ракет: 1
# 
📊 РЕЗУЛЬТАТЫ ХОДА 11:
✓ 💥 ПОПАДАНИЯ:
✓    Артиллерия B1 (Team B) → Провокатор A7 (Team A)

--- Результаты хода ---
  Team A / Бурав A6           → Team C / Паук C8            @ (6,2,3)  (УБИТ)
  Team B / Артиллерия B1      → Team A / Провокатор A7      @ (4,8,6)  (УБИТ)

--- Состояние команд после хода ---
  Team A: живых 5/8
    ✓ Радиовышка A2      @ (6,0,9) hp=3/3
    ✓ Факел A4           @ (5,2,5) hp=6/6
    ✓ Тишина A5          @ (5,9,9) hp=2/2
    ✓ Бурав A6           @ (6,2,3) hp=3/4
    ✓ Паук A8            @ (5,2,6) hp=1/1
    ✗ Артиллерия A1      @ (9,5,6) [уничтожен]
    ✗ Прыгун A3          @ (4,0,9) [уничтожен]
    ✗ Провокатор A7      @ (4,8,6) [уничтожен]
  Team B: живых 3/8
    ✓ Артиллерия B1      @ (7,0,9) hp=1/1
    ✓ Тишина B5          @ (5,3,6) hp=2/2
    ✓ Провокатор B7      @ (6,9,9) hp=2/2
    ✗ Радиовышка B2      @ (2,4,8) [уничтожен]
    ✗ Прыгун B3          @ (2,5,7) [уничтожен]
    ✗ Факел B4           @ (3,1,8) [уничтожен]
    ✗ Бурав B6           @ (1,7,8) [уничтожен]
    ✗ Паук B8            @ (3,4,9) [уничтожен]
  Team C: живых 1/8
    ✓ Тишина C5          @ (4,4,3) hp=2/2
    ✗ Артиллерия C1      @ (7,0,3) [уничтожен]
    ✗ Радиовышка C2      @ (2,4,6) [уничтожен]
    ✗ Прыгун C3          @ (2,6,3) [уничтожен]
    ✗ Факел C4           @ (5,1,3) [уничтожен]
    ✗ Бурав C6           @ (6,1,3) [уничтожен]
    ✗ Провокатор C7      @ (4,6,3) [уничтожен]
    ✗ Паук C8            @ (6,2,3) [уничтожен]

======================================================================
ХОД 12
======================================================================
✓ 🎮 GM: начинаем ход
GM: start_turn

--- Радиовышки: сканирование слоя Z ---
  Радиовышка A2 (z=9): видит 2 врагов  → Провокатор B7(6,9,9), Артиллерия B1(7,0,9)

--- Решения ботов ---
  [Team A] Радиовышка A2 (6,0,9) → MOVE (7,0,9)
  [Team A] Факел A4 (5,2,5) → HEAL (AoE)
  [Team A] Тишина A5 (5,9,9) → MOVE (6,9,9)
  [Team A] Бурав A6 (6,2,3) → MOVE (7,1,4)
  [Team A] Паук A8 (5,2,6) → MINE (6,1,7)
  [Team B] Артиллерия B1 (7,0,9) → SHOOT at (5,2,6)
  [Team B] Тишина B5 (5,3,6) → MOVE (5,2,5)
  [Team B] Провокатор B7 (6,9,9) → MOVE (5,8,8)
  [Team C] Тишина C5 (4,4,3) → MOVE (5,3,4)
! 🎮 GM: принудительно завершает фазу планирования
GM: end_planning
# 
============================================================
# 🔄 ОБРАБОТКА ХОДА 12
# ============================================================
!    ⚠️ Паук A8: в клетке уже стоит мина

📦 ПЕРЕМЕЩЕНИЯ:
!    ⚠️ Радиовышка A2: клетка (7,0,9) занята
!    ⚠️ Тишина A5: клетка (6,9,9) занята
!    ⚠️ Бурав A6: Бурав двигается только по 1 оси или по 2 осям строго диагонально
!    ⚠️ Тишина B5: клетка (5,2,5) занята
!    ⚠️ Провокатор B7: клетка (5,8,8) занята
   Тишина C5: (4, 4, 3) → (5,3,4)

🎯 ВЫСТРЕЛЫ:
✓    ✅ Артиллерия B1 поразил Паук A8 (2 урона)!
✓    💚 Факел A4 лечит Бурав A6 → hits=0/4
   Выпущено ракет: 1
# 
📊 РЕЗУЛЬТАТЫ ХОДА 12:
✓ 💥 ПОПАДАНИЯ:
✓    Артиллерия B1 (Team B) → Паук A8 (Team A)

--- Результаты хода ---
  Team B / Артиллерия B1      → Team A / Паук A8            @ (5,2,6)  (УБИТ)

--- Состояние команд после хода ---
  Team A: живых 4/8
    ✓ Радиовышка A2      @ (6,0,9) hp=3/3
    ✓ Факел A4           @ (5,2,5) hp=6/6
    ✓ Тишина A5          @ (5,9,9) hp=2/2
    ✓ Бурав A6           @ (6,2,3) hp=4/4
    ✗ Артиллерия A1      @ (9,5,6) [уничтожен]
    ✗ Прыгун A3          @ (4,0,9) [уничтожен]
    ✗ Провокатор A7      @ (4,8,6) [уничтожен]
    ✗ Паук A8            @ (5,2,6) [уничтожен]
  Team B: живых 3/8
    ✓ Артиллерия B1      @ (7,0,9) hp=1/1
    ✓ Тишина B5          @ (5,3,6) hp=2/2
    ✓ Провокатор B7      @ (6,9,9) hp=2/2
    ✗ Радиовышка B2      @ (2,4,8) [уничтожен]
    ✗ Прыгун B3          @ (2,5,7) [уничтожен]
    ✗ Факел B4           @ (3,1,8) [уничтожен]
    ✗ Бурав B6           @ (1,7,8) [уничтожен]
    ✗ Паук B8            @ (3,4,9) [уничтожен]
  Team C: живых 1/8
    ✓ Тишина C5          @ (5,3,4) hp=2/2
    ✗ Артиллерия C1      @ (7,0,3) [уничтожен]
    ✗ Радиовышка C2      @ (2,4,6) [уничтожен]
    ✗ Прыгун C3          @ (2,6,3) [уничтожен]
    ✗ Факел C4           @ (5,1,3) [уничтожен]
    ✗ Бурав C6           @ (6,1,3) [уничтожен]
    ✗ Провокатор C7      @ (4,6,3) [уничтожен]
    ✗ Паук C8            @ (6,2,3) [уничтожен]

======================================================================
ХОД 13
======================================================================
✓ 🎮 GM: начинаем ход
GM: start_turn

--- Радиовышки: сканирование слоя Z ---
  Радиовышка A2 (z=9): видит 2 врагов [+1 эксклюзивно] → Провокатор B7(6,9,9), Артиллерия B1(7,0,9)

--- Решения ботов ---
  [Team A] Радиовышка A2 (6,0,9) → MOVE (7,0,9)
  [Team A] Факел A4 (5,2,5) → MOVE (6,2,4)
  [Team A] Тишина A5 (5,9,9) → MOVE (6,9,9)
  [Team A] Бурав A6 (6,2,3) → MOVE (7,1,4)
  [Team B] Артиллерия B1 (7,0,9) → SHOOT at (5,2,5)
  [Team B] Тишина B5 (5,3,6) → MOVE (5,2,5)
  [Team B] Провокатор B7 (6,9,9) → MOVE (5,8,8)
  [Team C] Тишина C5 (5,3,4) → MOVE (5,2,5)
! 🎮 GM: принудительно завершает фазу планирования
GM: end_planning
# 
============================================================
# 🔄 ОБРАБОТКА ХОДА 13
# ============================================================

📦 ПЕРЕМЕЩЕНИЯ:
!    ⚠️ Радиовышка A2: клетка (7,0,9) занята
   Факел A4: (5, 2, 5) → (6,2,4)
!    💥 Мина M7 сработала под Факел A4 (урон 2)
!    ⚠️ Тишина A5: клетка (6,9,9) занята
!    ⚠️ Бурав A6: Бурав двигается только по 1 оси или по 2 осям строго диагонально
   Тишина B5: (5, 3, 6) → (5,2,5)
!    ⚠️ Провокатор B7: клетка (5,8,8) занята
   Тишина C5: (5, 3, 4) → (5,2,5)

🎯 ВЫСТРЕЛЫ:
   Выпущено ракет: 1
# 
📊 РЕЗУЛЬТАТЫ ХОДА 13:
🎯 Попаданий нет

--- Результаты хода ---
  ? / ?                  → Team A / Факел A4           @ (6,2,4)  (ранен)

--- Состояние команд после хода ---
  Team A: живых 4/8
    ✓ Радиовышка A2      @ (6,0,9) hp=3/3
    ✓ Факел A4           @ (6,2,4) hp=4/6
    ✓ Тишина A5          @ (5,9,9) hp=2/2
    ✓ Бурав A6           @ (6,2,3) hp=4/4
    ✗ Артиллерия A1      @ (9,5,6) [уничтожен]
    ✗ Прыгун A3          @ (4,0,9) [уничтожен]
    ✗ Провокатор A7      @ (4,8,6) [уничтожен]
    ✗ Паук A8            @ (5,2,6) [уничтожен]
  Team B: живых 3/8
    ✓ Артиллерия B1      @ (7,0,9) hp=1/1
    ✓ Тишина B5          @ (5,2,5) hp=2/2
    ✓ Провокатор B7      @ (6,9,9) hp=2/2
    ✗ Радиовышка B2      @ (2,4,8) [уничтожен]
    ✗ Прыгун B3          @ (2,5,7) [уничтожен]
    ✗ Факел B4           @ (3,1,8) [уничтожен]
    ✗ Бурав B6           @ (1,7,8) [уничтожен]
    ✗ Паук B8            @ (3,4,9) [уничтожен]
  Team C: живых 1/8
    ✓ Тишина C5          @ (5,2,5) hp=2/2
    ✗ Артиллерия C1      @ (7,0,3) [уничтожен]
    ✗ Радиовышка C2      @ (2,4,6) [уничтожен]
    ✗ Прыгун C3          @ (2,6,3) [уничтожен]
    ✗ Факел C4           @ (5,1,3) [уничтожен]
    ✗ Бурав C6           @ (6,1,3) [уничтожен]
    ✗ Провокатор C7      @ (4,6,3) [уничтожен]
    ✗ Паук C8            @ (6,2,3) [уничтожен]

======================================================================
ХОД 14
======================================================================
✓ 🎮 GM: начинаем ход
GM: start_turn

--- Радиовышки: сканирование слоя Z ---
  Радиовышка A2 (z=9): видит 2 врагов [+1 эксклюзивно] → Провокатор B7(6,9,9), Артиллерия B1(7,0,9)

--- Решения ботов ---
  [Team A] Радиовышка A2 (6,0,9) → MOVE (7,0,9)
  [Team A] Факел A4 (6,2,4) → HEAL (AoE)
  [Team A] Тишина A5 (5,9,9) → MOVE (6,9,9)
  [Team A] Бурав A6 (6,2,3) → MOVE (7,1,4)
  [Team B] Артиллерия B1 (7,0,9) → SHOOT at (6,2,4)
  [Team B] Тишина B5 (5,2,5) → MOVE (6,2,4)
  [Team B] Провокатор B7 (6,9,9) → MOVE (6,8,8)
  [Team C] Тишина C5 (5,2,5) → MOVE (6,2,4)
! 🎮 GM: принудительно завершает фазу планирования
GM: end_planning
# 
============================================================
# 🔄 ОБРАБОТКА ХОДА 14
# ============================================================

📦 ПЕРЕМЕЩЕНИЯ:
!    ⚠️ Радиовышка A2: клетка (7,0,9) занята
!    ⚠️ Тишина A5: клетка (6,9,9) занята
!    ⚠️ Бурав A6: Бурав двигается только по 1 оси или по 2 осям строго диагонально
!    ⚠️ Тишина B5: клетка (6,2,4) занята
!    ⚠️ Провокатор B7: клетка (6,8,8) занята
!    ⚠️ Тишина C5: клетка (6,2,4) занята

🎯 ВЫСТРЕЛЫ:
✓    ✅ Артиллерия B1 поразил Факел A4 (2 урона)!
✓    💚 Факел A4 лечит Факел A4 → hits=3/6
   Выпущено ракет: 1
# 
📊 РЕЗУЛЬТАТЫ ХОДА 14:
✓ 💥 ПОПАДАНИЯ:
✓    Артиллерия B1 (Team B) → Факел A4 (Team A)

--- Результаты хода ---
  Team B / Артиллерия B1      → Team A / Факел A4           @ (6,2,4)  (ранен)

--- Состояние команд после хода ---
  Team A: живых 4/8
    ✓ Радиовышка A2      @ (6,0,9) hp=3/3
    ✓ Факел A4           @ (6,2,4) hp=3/6
    ✓ Тишина A5          @ (5,9,9) hp=2/2
    ✓ Бурав A6           @ (6,2,3) hp=4/4
    ✗ Артиллерия A1      @ (9,5,6) [уничтожен]
    ✗ Прыгун A3          @ (4,0,9) [уничтожен]
    ✗ Провокатор A7      @ (4,8,6) [уничтожен]
    ✗ Паук A8            @ (5,2,6) [уничтожен]
  Team B: живых 3/8
    ✓ Артиллерия B1      @ (7,0,9) hp=1/1
    ✓ Тишина B5          @ (5,2,5) hp=2/2
    ✓ Провокатор B7      @ (6,9,9) hp=2/2
    ✗ Радиовышка B2      @ (2,4,8) [уничтожен]
    ✗ Прыгун B3          @ (2,5,7) [уничтожен]
    ✗ Факел B4           @ (3,1,8) [уничтожен]
    ✗ Бурав B6           @ (1,7,8) [уничтожен]
    ✗ Паук B8            @ (3,4,9) [уничтожен]
  Team C: живых 1/8
    ✓ Тишина C5          @ (5,2,5) hp=2/2
    ✗ Артиллерия C1      @ (7,0,3) [уничтожен]
    ✗ Радиовышка C2      @ (2,4,6) [уничтожен]
    ✗ Прыгун C3          @ (2,6,3) [уничтожен]
    ✗ Факел C4           @ (5,1,3) [уничтожен]
    ✗ Бурав C6           @ (6,1,3) [уничтожен]
    ✗ Провокатор C7      @ (4,6,3) [уничтожен]
    ✗ Паук C8            @ (6,2,3) [уничтожен]

======================================================================
ХОД 15
======================================================================
✓ 🎮 GM: начинаем ход
GM: start_turn

--- Радиовышки: сканирование слоя Z ---
  Радиовышка A2 (z=9): видит 2 врагов [+1 эксклюзивно] → Провокатор B7(6,9,9), Артиллерия B1(7,0,9)

--- Решения ботов ---
  [Team A] Радиовышка A2 (6,0,9) → MOVE (7,0,9)
  [Team A] Факел A4 (6,2,4) → HEAL (AoE)
  [Team A] Тишина A5 (5,9,9) → MOVE (6,9,9)
  [Team A] Бурав A6 (6,2,3) → MOVE (7,1,4)
  [Team B] Артиллерия B1 (7,0,9) → SHOOT at (6,2,4)
  [Team B] Тишина B5 (5,2,5) → MOVE (6,2,4)
  [Team B] Провокатор B7 (6,9,9) → MOVE (6,8,8)
  [Team C] Тишина C5 (5,2,5) → MOVE (6,2,4)
! 🎮 GM: принудительно завершает фазу планирования
GM: end_planning
# 
============================================================
# 🔄 ОБРАБОТКА ХОДА 15
# ============================================================

📦 ПЕРЕМЕЩЕНИЯ:
!    ⚠️ Радиовышка A2: клетка (7,0,9) занята
!    ⚠️ Тишина A5: клетка (6,9,9) занята
!    ⚠️ Бурав A6: Бурав двигается только по 1 оси или по 2 осям строго диагонально
!    ⚠️ Тишина B5: клетка (6,2,4) занята
!    ⚠️ Провокатор B7: клетка (6,8,8) занята
!    ⚠️ Тишина C5: клетка (6,2,4) занята

🎯 ВЫСТРЕЛЫ:
✓    ✅ Артиллерия B1 поразил Факел A4 (2 урона)!
✓    💚 Факел A4 лечит Факел A4 → hits=4/6
   Выпущено ракет: 1
# 
📊 РЕЗУЛЬТАТЫ ХОДА 15:
✓ 💥 ПОПАДАНИЯ:
✓    Артиллерия B1 (Team B) → Факел A4 (Team A)

--- Результаты хода ---
  Team B / Артиллерия B1      → Team A / Факел A4           @ (6,2,4)  (ранен)

--- Состояние команд после хода ---
  Team A: живых 4/8
    ✓ Радиовышка A2      @ (6,0,9) hp=3/3
    ✓ Факел A4           @ (6,2,4) hp=2/6
    ✓ Тишина A5          @ (5,9,9) hp=2/2
    ✓ Бурав A6           @ (6,2,3) hp=4/4
    ✗ Артиллерия A1      @ (9,5,6) [уничтожен]
    ✗ Прыгун A3          @ (4,0,9) [уничтожен]
    ✗ Провокатор A7      @ (4,8,6) [уничтожен]
    ✗ Паук A8            @ (5,2,6) [уничтожен]
  Team B: живых 3/8
    ✓ Артиллерия B1      @ (7,0,9) hp=1/1
    ✓ Тишина B5          @ (5,2,5) hp=2/2
    ✓ Провокатор B7      @ (6,9,9) hp=2/2
    ✗ Радиовышка B2      @ (2,4,8) [уничтожен]
    ✗ Прыгун B3          @ (2,5,7) [уничтожен]
    ✗ Факел B4           @ (3,1,8) [уничтожен]
    ✗ Бурав B6           @ (1,7,8) [уничтожен]
    ✗ Паук B8            @ (3,4,9) [уничтожен]
  Team C: живых 1/8
    ✓ Тишина C5          @ (5,2,5) hp=2/2
    ✗ Артиллерия C1      @ (7,0,3) [уничтожен]
    ✗ Радиовышка C2      @ (2,4,6) [уничтожен]
    ✗ Прыгун C3          @ (2,6,3) [уничтожен]
    ✗ Факел C4           @ (5,1,3) [уничтожен]
    ✗ Бурав C6           @ (6,1,3) [уничтожен]
    ✗ Провокатор C7      @ (4,6,3) [уничтожен]
    ✗ Паук C8            @ (6,2,3) [уничтожен]

======================================================================
ХОД 16
======================================================================
✓ 🎮 GM: начинаем ход
GM: start_turn

--- Радиовышки: сканирование слоя Z ---
  Радиовышка A2 (z=9): видит 2 врагов [+1 эксклюзивно] → Провокатор B7(6,9,9), Артиллерия B1(7,0,9)

--- Решения ботов ---
  [Team A] Радиовышка A2 (6,0,9) → MOVE (7,0,9)
  [Team A] Факел A4 (6,2,4) → HEAL (AoE)
  [Team A] Тишина A5 (5,9,9) → MOVE (6,9,9)
  [Team A] Бурав A6 (6,2,3) → MOVE (7,1,4)
  [Team B] Артиллерия B1 (7,0,9) → SHOOT at (6,2,4)
  [Team B] Тишина B5 (5,2,5) → MOVE (6,2,4)
  [Team B] Провокатор B7 (6,9,9) → MOVE (6,8,8)
  [Team C] Тишина C5 (5,2,5) → MOVE (6,2,4)
! 🎮 GM: принудительно завершает фазу планирования
GM: end_planning
# 
============================================================
# 🔄 ОБРАБОТКА ХОДА 16
# ============================================================

📦 ПЕРЕМЕЩЕНИЯ:
!    ⚠️ Радиовышка A2: клетка (7,0,9) занята
!    ⚠️ Тишина A5: клетка (6,9,9) занята
!    ⚠️ Бурав A6: Бурав двигается только по 1 оси или по 2 осям строго диагонально
!    ⚠️ Тишина B5: клетка (6,2,4) занята
!    ⚠️ Провокатор B7: клетка (6,8,8) занята
!    ⚠️ Тишина C5: клетка (6,2,4) занята

🎯 ВЫСТРЕЛЫ:
✓    ✅ Артиллерия B1 поразил Факел A4 (2 урона)!
   Выпущено ракет: 1
# 
📊 РЕЗУЛЬТАТЫ ХОДА 16:
✓ 💥 ПОПАДАНИЯ:
✓    Артиллерия B1 (Team B) → Факел A4 (Team A)

--- Результаты хода ---
  Team B / Артиллерия B1      → Team A / Факел A4           @ (6,2,4)  (УБИТ)

--- Состояние команд после хода ---
  Team A: живых 3/8
    ✓ Радиовышка A2      @ (6,0,9) hp=3/3
    ✓ Тишина A5          @ (5,9,9) hp=2/2
    ✓ Бурав A6           @ (6,2,3) hp=4/4
    ✗ Артиллерия A1      @ (9,5,6) [уничтожен]
    ✗ Прыгун A3          @ (4,0,9) [уничтожен]
    ✗ Факел A4           @ (6,2,4) [уничтожен]
    ✗ Провокатор A7      @ (4,8,6) [уничтожен]
    ✗ Паук A8            @ (5,2,6) [уничтожен]
  Team B: живых 3/8
    ✓ Артиллерия B1      @ (7,0,9) hp=1/1
    ✓ Тишина B5          @ (5,2,5) hp=2/2
    ✓ Провокатор B7      @ (6,9,9) hp=2/2
    ✗ Радиовышка B2      @ (2,4,8) [уничтожен]
    ✗ Прыгун B3          @ (2,5,7) [уничтожен]
    ✗ Факел B4           @ (3,1,8) [уничтожен]
    ✗ Бурав B6           @ (1,7,8) [уничтожен]
    ✗ Паук B8            @ (3,4,9) [уничтожен]
  Team C: живых 1/8
    ✓ Тишина C5          @ (5,2,5) hp=2/2
    ✗ Артиллерия C1      @ (7,0,3) [уничтожен]
    ✗ Радиовышка C2      @ (2,4,6) [уничтожен]
    ✗ Прыгун C3          @ (2,6,3) [уничтожен]
    ✗ Факел C4           @ (5,1,3) [уничтожен]
    ✗ Бурав C6           @ (6,1,3) [уничтожен]
    ✗ Провокатор C7      @ (4,6,3) [уничтожен]
    ✗ Паук C8            @ (6,2,3) [уничтожен]

======================================================================
ХОД 17
======================================================================
✓ 🎮 GM: начинаем ход
GM: start_turn

--- Радиовышки: сканирование слоя Z ---
  Радиовышка A2 (z=9): видит 2 врагов [+1 эксклюзивно] → Провокатор B7(6,9,9), Артиллерия B1(7,0,9)

--- Решения ботов ---
  [Team A] Радиовышка A2 (6,0,9) → MOVE (7,0,9)
  [Team A] Тишина A5 (5,9,9) → MOVE (6,9,9)
  [Team A] Бурав A6 (6,2,3) → MOVE (7,1,4)
  [Team B] Артиллерия B1 (7,0,9) → SHOOT at (6,0,9)
  [Team B] Тишина B5 (5,2,5) → PHASE toggle
  [Team B] Провокатор B7 (6,9,9) → MOVE (6,8,8)
  [Team C] Тишина C5 (5,2,5) → PHASE toggle
! 🎮 GM: принудительно завершает фазу планирования
GM: end_planning
# 
============================================================
# 🔄 ОБРАБОТКА ХОДА 17
# ============================================================
   🌀 Тишина B5: фаза ВЫКЛ
   🌀 Тишина C5: фаза ВЫКЛ

📦 ПЕРЕМЕЩЕНИЯ:
!    ⚠️ Радиовышка A2: клетка (7,0,9) занята
!    ⚠️ Тишина A5: клетка (6,9,9) занята
!    ⚠️ Бурав A6: Бурав двигается только по 1 оси или по 2 осям строго диагонально
!    ⚠️ Провокатор B7: клетка (6,8,8) занята

🎯 ВЫСТРЕЛЫ:
✓    ✅ Артиллерия B1 поразил Радиовышка A2 (2 урона)!
   Выпущено ракет: 1
# 
📊 РЕЗУЛЬТАТЫ ХОДА 17:
✓ 💥 ПОПАДАНИЯ:
✓    Артиллерия B1 (Team B) → Радиовышка A2 (Team A)

--- Результаты хода ---
  Team B / Артиллерия B1      → Team A / Радиовышка A2      @ (6,0,9)  (ранен)

--- Состояние команд после хода ---
  Team A: живых 3/8
    ✓ Радиовышка A2      @ (6,0,9) hp=1/3
    ✓ Тишина A5          @ (5,9,9) hp=2/2
    ✓ Бурав A6           @ (6,2,3) hp=4/4
    ✗ Артиллерия A1      @ (9,5,6) [уничтожен]
    ✗ Прыгун A3          @ (4,0,9) [уничтожен]
    ✗ Факел A4           @ (6,2,4) [уничтожен]
    ✗ Провокатор A7      @ (4,8,6) [уничтожен]
    ✗ Паук A8            @ (5,2,6) [уничтожен]
  Team B: живых 3/8
    ✓ Артиллерия B1      @ (7,0,9) hp=1/1
    ✓ Тишина B5          @ (5,2,5) hp=2/2
    ✓ Провокатор B7      @ (6,9,9) hp=2/2
    ✗ Радиовышка B2      @ (2,4,8) [уничтожен]
    ✗ Прыгун B3          @ (2,5,7) [уничтожен]
    ✗ Факел B4           @ (3,1,8) [уничтожен]
    ✗ Бурав B6           @ (1,7,8) [уничтожен]
    ✗ Паук B8            @ (3,4,9) [уничтожен]
  Team C: живых 1/8
    ✓ Тишина C5          @ (5,2,5) hp=2/2
    ✗ Артиллерия C1      @ (7,0,3) [уничтожен]
    ✗ Радиовышка C2      @ (2,4,6) [уничтожен]
    ✗ Прыгун C3          @ (2,6,3) [уничтожен]
    ✗ Факел C4           @ (5,1,3) [уничтожен]
    ✗ Бурав C6           @ (6,1,3) [уничтожен]
    ✗ Провокатор C7      @ (4,6,3) [уничтожен]
    ✗ Паук C8            @ (6,2,3) [уничтожен]

======================================================================
ХОД 18
======================================================================
✓ 🎮 GM: начинаем ход
GM: start_turn

--- Радиовышки: сканирование слоя Z ---
  Радиовышка A2 (z=9): видит 2 врагов [+1 эксклюзивно] → Провокатор B7(6,9,9), Артиллерия B1(7,0,9)

--- Решения ботов ---
  [Team A] Радиовышка A2 (6,0,9) → MOVE (7,0,9)
  [Team A] Тишина A5 (5,9,9) → MOVE (6,9,9)
  [Team A] Бурав A6 (6,2,3) → MOVE (5,2,4)
  [Team B] Артиллерия B1 (7,0,9) → SHOOT at (6,0,9)
  [Team B] Провокатор B7 (6,9,9) → MOVE (6,8,8)
  [Team B] Тишина B5 → SKIP
  [Team C] все корабли пропускают ход
! 🎮 GM: принудительно завершает фазу планирования
GM: end_planning
# 
============================================================
# 🔄 ОБРАБОТКА ХОДА 18
# ============================================================

📦 ПЕРЕМЕЩЕНИЯ:
!    ⚠️ Радиовышка A2: клетка (7,0,9) занята
!    ⚠️ Тишина A5: клетка (6,9,9) занята
   Бурав A6: (6, 2, 3) → (5,2,4)
!    ⚠️ Провокатор B7: клетка (6,8,8) занята

🎯 ВЫСТРЕЛЫ:
✓    ✅ Артиллерия B1 поразил Радиовышка A2 (2 урона)!
   Выпущено ракет: 1
# 
📊 РЕЗУЛЬТАТЫ ХОДА 18:
✓ 💥 ПОПАДАНИЯ:
✓    Артиллерия B1 (Team B) → Радиовышка A2 (Team A)

--- Результаты хода ---
  Team B / Артиллерия B1      → Team A / Радиовышка A2      @ (6,0,9)  (УБИТ)

--- Состояние команд после хода ---
  Team A: живых 2/8
    ✓ Тишина A5          @ (5,9,9) hp=2/2
    ✓ Бурав A6           @ (5,2,4) hp=4/4
    ✗ Артиллерия A1      @ (9,5,6) [уничтожен]
    ✗ Радиовышка A2      @ (6,0,9) [уничтожен]
    ✗ Прыгун A3          @ (4,0,9) [уничтожен]
    ✗ Факел A4           @ (6,2,4) [уничтожен]
    ✗ Провокатор A7      @ (4,8,6) [уничтожен]
    ✗ Паук A8            @ (5,2,6) [уничтожен]
  Team B: живых 3/8
    ✓ Артиллерия B1      @ (7,0,9) hp=1/1
    ✓ Тишина B5          @ (5,2,5) hp=2/2
    ✓ Провокатор B7      @ (6,9,9) hp=2/2
    ✗ Радиовышка B2      @ (2,4,8) [уничтожен]
    ✗ Прыгун B3          @ (2,5,7) [уничтожен]
    ✗ Факел B4           @ (3,1,8) [уничтожен]
    ✗ Бурав B6           @ (1,7,8) [уничтожен]
    ✗ Паук B8            @ (3,4,9) [уничтожен]
  Team C: живых 1/8
    ✓ Тишина C5          @ (5,2,5) hp=2/2
    ✗ Артиллерия C1      @ (7,0,3) [уничтожен]
    ✗ Радиовышка C2      @ (2,4,6) [уничтожен]
    ✗ Прыгун C3          @ (2,6,3) [уничтожен]
    ✗ Факел C4           @ (5,1,3) [уничтожен]
    ✗ Бурав C6           @ (6,1,3) [уничтожен]
    ✗ Провокатор C7      @ (4,6,3) [уничтожен]
    ✗ Паук C8            @ (6,2,3) [уничтожен]

======================================================================
ХОД 19
======================================================================
✓ 🎮 GM: начинаем ход
GM: start_turn

--- Радиовышки: сканирование слоя Z ---
  (у команд не осталось живых радиовышек)

--- Решения ботов ---
  [Team A] Тишина A5 (5,9,9) → MOVE (6,9,9)
  [Team A] Бурав A6 (5,2,4) → MOVE (5,2,5)
  [Team B] Артиллерия B1 (7,0,9) → SHOOT at (5,2,5)
  [Team B] Провокатор B7 (6,9,9) → MOVE (5,8,8)
  [Team B] Тишина B5 → SKIP
  [Team C] все корабли пропускают ход
! 🎮 GM: принудительно завершает фазу планирования
GM: end_planning
# 
============================================================
# 🔄 ОБРАБОТКА ХОДА 19
# ============================================================

📦 ПЕРЕМЕЩЕНИЯ:
!    ⚠️ Тишина A5: клетка (6,9,9) занята
✓    💥 Бурав A6 тараном уничтожил Тишина B5 в (5,2,5)
   Бурав A6: (5, 2, 4) → (5,2,5)
!    ⚠️ Провокатор B7: клетка (5,8,8) занята

🎯 ВЫСТРЕЛЫ:
✓    ✅ Артиллерия B1 поразил Бурав A6 (2 урона)!
   Выпущено ракет: 1
# 
📊 РЕЗУЛЬТАТЫ ХОДА 19:
✓ 💥 ПОПАДАНИЯ:
✓    Артиллерия B1 (Team B) → Бурав A6 (Team A)

--- Результаты хода ---
  Team A / Бурав A6           → Team B / Тишина B5          @ (5,2,5)  (УБИТ)
  Team B / Артиллерия B1      → Team A / Бурав A6           @ (5,2,5)  (ранен)

--- Состояние команд после хода ---
  Team A: живых 2/8
    ✓ Тишина A5          @ (5,9,9) hp=2/2
    ✓ Бурав A6           @ (5,2,5) hp=2/4
    ✗ Артиллерия A1      @ (9,5,6) [уничтожен]
    ✗ Радиовышка A2      @ (6,0,9) [уничтожен]
    ✗ Прыгун A3          @ (4,0,9) [уничтожен]
    ✗ Факел A4           @ (6,2,4) [уничтожен]
    ✗ Провокатор A7      @ (4,8,6) [уничтожен]
    ✗ Паук A8            @ (5,2,6) [уничтожен]
  Team B: живых 2/8
    ✓ Артиллерия B1      @ (7,0,9) hp=1/1
    ✓ Провокатор B7      @ (6,9,9) hp=2/2
    ✗ Радиовышка B2      @ (2,4,8) [уничтожен]
    ✗ Прыгун B3          @ (2,5,7) [уничтожен]
    ✗ Факел B4           @ (3,1,8) [уничтожен]
    ✗ Тишина B5          @ (5,2,5) [уничтожен]
    ✗ Бурав B6           @ (1,7,8) [уничтожен]
    ✗ Паук B8            @ (3,4,9) [уничтожен]
  Team C: живых 1/8
    ✓ Тишина C5          @ (5,2,5) hp=2/2
    ✗ Артиллерия C1      @ (7,0,3) [уничтожен]
    ✗ Радиовышка C2      @ (2,4,6) [уничтожен]
    ✗ Прыгун C3          @ (2,6,3) [уничтожен]
    ✗ Факел C4           @ (5,1,3) [уничтожен]
    ✗ Бурав C6           @ (6,1,3) [уничтожен]
    ✗ Провокатор C7      @ (4,6,3) [уничтожен]
    ✗ Паук C8            @ (6,2,3) [уничтожен]

======================================================================
ХОД 20
======================================================================
✓ 🎮 GM: начинаем ход
GM: start_turn

--- Радиовышки: сканирование слоя Z ---
  (у команд не осталось живых радиовышек)

--- Решения ботов ---
  [Team A] Тишина A5 (5,9,9) → MOVE (6,9,9)
  [Team A] Бурав A6 → SKIP
  [Team B] Артиллерия B1 (7,0,9) → SHOOT at (7,4,6)
  [Team B] Провокатор B7 (6,9,9) → MOVE (5,8,8)
  [Team C] все корабли пропускают ход
! 🎮 GM: принудительно завершает фазу планирования
GM: end_planning
# 
============================================================
# 🔄 ОБРАБОТКА ХОДА 20
# ============================================================

📦 ПЕРЕМЕЩЕНИЯ:
!    ⚠️ Тишина A5: клетка (6,9,9) занята
!    ⚠️ Провокатор B7: клетка (5,8,8) занята

🎯 ВЫСТРЕЛЫ:
   Выпущено ракет: 1
# 
📊 РЕЗУЛЬТАТЫ ХОДА 20:
🎯 Попаданий нет

--- Результаты хода ---
  Попаданий нет

--- Состояние команд после хода ---
  Team A: живых 2/8
    ✓ Тишина A5          @ (5,9,9) hp=2/2
    ✓ Бурав A6           @ (5,2,5) hp=2/4
    ✗ Артиллерия A1      @ (9,5,6) [уничтожен]
    ✗ Радиовышка A2      @ (6,0,9) [уничтожен]
    ✗ Прыгун A3          @ (4,0,9) [уничтожен]
    ✗ Факел A4           @ (6,2,4) [уничтожен]
    ✗ Провокатор A7      @ (4,8,6) [уничтожен]
    ✗ Паук A8            @ (5,2,6) [уничтожен]
  Team B: живых 2/8
    ✓ Артиллерия B1      @ (7,0,9) hp=1/1
    ✓ Провокатор B7      @ (6,9,9) hp=2/2
    ✗ Радиовышка B2      @ (2,4,8) [уничтожен]
    ✗ Прыгун B3          @ (2,5,7) [уничтожен]
    ✗ Факел B4           @ (3,1,8) [уничтожен]
    ✗ Тишина B5          @ (5,2,5) [уничтожен]
    ✗ Бурав B6           @ (1,7,8) [уничтожен]
    ✗ Паук B8            @ (3,4,9) [уничтожен]
  Team C: живых 1/8
    ✓ Тишина C5          @ (5,2,5) hp=2/2
    ✗ Артиллерия C1      @ (7,0,3) [уничтожен]
    ✗ Радиовышка C2      @ (2,4,6) [уничтожен]
    ✗ Прыгун C3          @ (2,6,3) [уничтожен]
    ✗ Факел C4           @ (5,1,3) [уничтожен]
    ✗ Бурав C6           @ (6,1,3) [уничтожен]
    ✗ Провокатор C7      @ (4,6,3) [уничтожен]
    ✗ Паук C8            @ (6,2,3) [уничтожен]

======================================================================
ХОД 21
======================================================================
✓ 🎮 GM: начинаем ход
GM: start_turn

--- Радиовышки: сканирование слоя Z ---
  (у команд не осталось живых радиовышек)

--- Решения ботов ---
  [Team A] Тишина A5 (5,9,9) → MOVE (6,9,9)
  [Team A] Бурав A6 → SKIP
  [Team B] Артиллерия B1 (7,0,9) → SHOOT at (8,5,7)
  [Team B] Провокатор B7 (6,9,9) → MOVE (5,8,8)
  [Team C] все корабли пропускают ход
! 🎮 GM: принудительно завершает фазу планирования
GM: end_planning
# 
============================================================
# 🔄 ОБРАБОТКА ХОДА 21
# ============================================================

📦 ПЕРЕМЕЩЕНИЯ:
!    ⚠️ Тишина A5: клетка (6,9,9) занята
!    ⚠️ Провокатор B7: клетка (5,8,8) занята

🎯 ВЫСТРЕЛЫ:
   Выпущено ракет: 1
# 
📊 РЕЗУЛЬТАТЫ ХОДА 21:
🎯 Попаданий нет

--- Результаты хода ---
  Попаданий нет

--- Состояние команд после хода ---
  Team A: живых 2/8
    ✓ Тишина A5          @ (5,9,9) hp=2/2
    ✓ Бурав A6           @ (5,2,5) hp=2/4
    ✗ Артиллерия A1      @ (9,5,6) [уничтожен]
    ✗ Радиовышка A2      @ (6,0,9) [уничтожен]
    ✗ Прыгун A3          @ (4,0,9) [уничтожен]
    ✗ Факел A4           @ (6,2,4) [уничтожен]
    ✗ Провокатор A7      @ (4,8,6) [уничтожен]
    ✗ Паук A8            @ (5,2,6) [уничтожен]
  Team B: живых 2/8
    ✓ Артиллерия B1      @ (7,0,9) hp=1/1
    ✓ Провокатор B7      @ (6,9,9) hp=2/2
    ✗ Радиовышка B2      @ (2,4,8) [уничтожен]
    ✗ Прыгун B3          @ (2,5,7) [уничтожен]
    ✗ Факел B4           @ (3,1,8) [уничтожен]
    ✗ Тишина B5          @ (5,2,5) [уничтожен]
    ✗ Бурав B6           @ (1,7,8) [уничтожен]
    ✗ Паук B8            @ (3,4,9) [уничтожен]
  Team C: живых 1/8
    ✓ Тишина C5          @ (5,2,5) hp=2/2
    ✗ Артиллерия C1      @ (7,0,3) [уничтожен]
    ✗ Радиовышка C2      @ (2,4,6) [уничтожен]
    ✗ Прыгун C3          @ (2,6,3) [уничтожен]
    ✗ Факел C4           @ (5,1,3) [уничтожен]
    ✗ Бурав C6           @ (6,1,3) [уничтожен]
    ✗ Провокатор C7      @ (4,6,3) [уничтожен]
    ✗ Паук C8            @ (6,2,3) [уничтожен]

======================================================================
ХОД 22
======================================================================
✓ 🎮 GM: начинаем ход
GM: start_turn

--- Радиовышки: сканирование слоя Z ---
  (у команд не осталось живых радиовышек)

--- Решения ботов ---
  [Team A] Тишина A5 (5,9,9) → MOVE (6,9,9)
  [Team A] Бурав A6 → SKIP
  [Team B] Артиллерия B1 (7,0,9) → SHOOT at (8,5,7)
  [Team B] Провокатор B7 (6,9,9) → MOVE (5,8,8)
  [Team C] все корабли пропускают ход
! 🎮 GM: принудительно завершает фазу планирования
GM: end_planning
# 
============================================================
# 🔄 ОБРАБОТКА ХОДА 22
# ============================================================

📦 ПЕРЕМЕЩЕНИЯ:
!    ⚠️ Тишина A5: клетка (6,9,9) занята
!    ⚠️ Провокатор B7: клетка (5,8,8) занята

🎯 ВЫСТРЕЛЫ:
   Выпущено ракет: 1
# 
📊 РЕЗУЛЬТАТЫ ХОДА 22:
🎯 Попаданий нет

--- Результаты хода ---
  Попаданий нет

--- Состояние команд после хода ---
  Team A: живых 2/8
    ✓ Тишина A5          @ (5,9,9) hp=2/2
    ✓ Бурав A6           @ (5,2,5) hp=2/4
    ✗ Артиллерия A1      @ (9,5,6) [уничтожен]
    ✗ Радиовышка A2      @ (6,0,9) [уничтожен]
    ✗ Прыгун A3          @ (4,0,9) [уничтожен]
    ✗ Факел A4           @ (6,2,4) [уничтожен]
    ✗ Провокатор A7      @ (4,8,6) [уничтожен]
    ✗ Паук A8            @ (5,2,6) [уничтожен]
  Team B: живых 2/8
    ✓ Артиллерия B1      @ (7,0,9) hp=1/1
    ✓ Провокатор B7      @ (6,9,9) hp=2/2
    ✗ Радиовышка B2      @ (2,4,8) [уничтожен]
    ✗ Прыгун B3          @ (2,5,7) [уничтожен]
    ✗ Факел B4           @ (3,1,8) [уничтожен]
    ✗ Тишина B5          @ (5,2,5) [уничтожен]
    ✗ Бурав B6           @ (1,7,8) [уничтожен]
    ✗ Паук B8            @ (3,4,9) [уничтожен]
  Team C: живых 1/8
    ✓ Тишина C5          @ (5,2,5) hp=2/2
    ✗ Артиллерия C1      @ (7,0,3) [уничтожен]
    ✗ Радиовышка C2      @ (2,4,6) [уничтожен]
    ✗ Прыгун C3          @ (2,6,3) [уничтожен]
    ✗ Факел C4           @ (5,1,3) [уничтожен]
    ✗ Бурав C6           @ (6,1,3) [уничтожен]
    ✗ Провокатор C7      @ (4,6,3) [уничтожен]
    ✗ Паук C8            @ (6,2,3) [уничтожен]

======================================================================
ХОД 23
======================================================================
✓ 🎮 GM: начинаем ход
GM: start_turn

--- Радиовышки: сканирование слоя Z ---
  (у команд не осталось живых радиовышек)

--- Решения ботов ---
  [Team A] Тишина A5 (5,9,9) → MOVE (6,9,9)
  [Team A] Бурав A6 → SKIP
  [Team B] Артиллерия B1 (7,0,9) → SHOOT at (8,5,7)
  [Team B] Провокатор B7 (6,9,9) → MOVE (5,8,8)
  [Team C] все корабли пропускают ход
! 🎮 GM: принудительно завершает фазу планирования
GM: end_planning
# 
============================================================
# 🔄 ОБРАБОТКА ХОДА 23
# ============================================================

📦 ПЕРЕМЕЩЕНИЯ:
!    ⚠️ Тишина A5: клетка (6,9,9) занята
!    ⚠️ Провокатор B7: клетка (5,8,8) занята

🎯 ВЫСТРЕЛЫ:
   Выпущено ракет: 1
# 
📊 РЕЗУЛЬТАТЫ ХОДА 23:
🎯 Попаданий нет

--- Результаты хода ---
  Попаданий нет

--- Состояние команд после хода ---
  Team A: живых 2/8
    ✓ Тишина A5          @ (5,9,9) hp=2/2
    ✓ Бурав A6           @ (5,2,5) hp=2/4
    ✗ Артиллерия A1      @ (9,5,6) [уничтожен]
    ✗ Радиовышка A2      @ (6,0,9) [уничтожен]
    ✗ Прыгун A3          @ (4,0,9) [уничтожен]
    ✗ Факел A4           @ (6,2,4) [уничтожен]
    ✗ Провокатор A7      @ (4,8,6) [уничтожен]
    ✗ Паук A8            @ (5,2,6) [уничтожен]
  Team B: живых 2/8
    ✓ Артиллерия B1      @ (7,0,9) hp=1/1
    ✓ Провокатор B7      @ (6,9,9) hp=2/2
    ✗ Радиовышка B2      @ (2,4,8) [уничтожен]
    ✗ Прыгун B3          @ (2,5,7) [уничтожен]
    ✗ Факел B4           @ (3,1,8) [уничтожен]
    ✗ Тишина B5          @ (5,2,5) [уничтожен]
    ✗ Бурав B6           @ (1,7,8) [уничтожен]
    ✗ Паук B8            @ (3,4,9) [уничтожен]
  Team C: живых 1/8
    ✓ Тишина C5          @ (5,2,5) hp=2/2
    ✗ Артиллерия C1      @ (7,0,3) [уничтожен]
    ✗ Радиовышка C2      @ (2,4,6) [уничтожен]
    ✗ Прыгун C3          @ (2,6,3) [уничтожен]
    ✗ Факел C4           @ (5,1,3) [уничтожен]
    ✗ Бурав C6           @ (6,1,3) [уничтожен]
    ✗ Провокатор C7      @ (4,6,3) [уничтожен]
    ✗ Паук C8            @ (6,2,3) [уничтожен]

======================================================================
ХОД 24
======================================================================
✓ 🎮 GM: начинаем ход
GM: start_turn

--- Радиовышки: сканирование слоя Z ---
  (у команд не осталось живых радиовышек)

--- Решения ботов ---
  [Team A] Тишина A5 (5,9,9) → MOVE (6,9,9)
  [Team A] Бурав A6 → SKIP
  [Team B] Артиллерия B1 (7,0,9) → SHOOT at (8,5,7)
  [Team B] Провокатор B7 (6,9,9) → MOVE (5,8,8)
  [Team C] все корабли пропускают ход
! 🎮 GM: принудительно завершает фазу планирования
GM: end_planning
# 
============================================================
# 🔄 ОБРАБОТКА ХОДА 24
# ============================================================

📦 ПЕРЕМЕЩЕНИЯ:
!    ⚠️ Тишина A5: клетка (6,9,9) занята
!    ⚠️ Провокатор B7: клетка (5,8,8) занята

🎯 ВЫСТРЕЛЫ:
   Выпущено ракет: 1
# 
📊 РЕЗУЛЬТАТЫ ХОДА 24:
🎯 Попаданий нет

--- Результаты хода ---
  Попаданий нет

--- Состояние команд после хода ---
  Team A: живых 2/8
    ✓ Тишина A5          @ (5,9,9) hp=2/2
    ✓ Бурав A6           @ (5,2,5) hp=2/4
    ✗ Артиллерия A1      @ (9,5,6) [уничтожен]
    ✗ Радиовышка A2      @ (6,0,9) [уничтожен]
    ✗ Прыгун A3          @ (4,0,9) [уничтожен]
    ✗ Факел A4           @ (6,2,4) [уничтожен]
    ✗ Провокатор A7      @ (4,8,6) [уничтожен]
    ✗ Паук A8            @ (5,2,6) [уничтожен]
  Team B: живых 2/8
    ✓ Артиллерия B1      @ (7,0,9) hp=1/1
    ✓ Провокатор B7      @ (6,9,9) hp=2/2
    ✗ Радиовышка B2      @ (2,4,8) [уничтожен]
    ✗ Прыгун B3          @ (2,5,7) [уничтожен]
    ✗ Факел B4           @ (3,1,8) [уничтожен]
    ✗ Тишина B5          @ (5,2,5) [уничтожен]
    ✗ Бурав B6           @ (1,7,8) [уничтожен]
    ✗ Паук B8            @ (3,4,9) [уничтожен]
  Team C: живых 1/8
    ✓ Тишина C5          @ (5,2,5) hp=2/2
    ✗ Артиллерия C1      @ (7,0,3) [уничтожен]
    ✗ Радиовышка C2      @ (2,4,6) [уничтожен]
    ✗ Прыгун C3          @ (2,6,3) [уничтожен]
    ✗ Факел C4           @ (5,1,3) [уничтожен]
    ✗ Бурав C6           @ (6,1,3) [уничтожен]
    ✗ Провокатор C7      @ (4,6,3) [уничтожен]
    ✗ Паук C8            @ (6,2,3) [уничтожен]

======================================================================
ХОД 25
======================================================================
✓ 🎮 GM: начинаем ход
GM: start_turn

--- Радиовышки: сканирование слоя Z ---
  (у команд не осталось живых радиовышек)

--- Решения ботов ---
  [Team A] Тишина A5 (5,9,9) → MOVE (6,9,9)
  [Team A] Бурав A6 → SKIP
  [Team B] Артиллерия B1 (7,0,9) → SHOOT at (8,5,7)
  [Team B] Провокатор B7 (6,9,9) → MOVE (5,8,8)
  [Team C] все корабли пропускают ход
! 🎮 GM: принудительно завершает фазу планирования
GM: end_planning
# 
============================================================
# 🔄 ОБРАБОТКА ХОДА 25
# ============================================================

📦 ПЕРЕМЕЩЕНИЯ:
!    ⚠️ Тишина A5: клетка (6,9,9) занята
!    ⚠️ Провокатор B7: клетка (5,8,8) занята

🎯 ВЫСТРЕЛЫ:
   Выпущено ракет: 1
# 
📊 РЕЗУЛЬТАТЫ ХОДА 25:
🎯 Попаданий нет

--- Результаты хода ---
  Попаданий нет

--- Состояние команд после хода ---
  Team A: живых 2/8
    ✓ Тишина A5          @ (5,9,9) hp=2/2
    ✓ Бурав A6           @ (5,2,5) hp=2/4
    ✗ Артиллерия A1      @ (9,5,6) [уничтожен]
    ✗ Радиовышка A2      @ (6,0,9) [уничтожен]
    ✗ Прыгун A3          @ (4,0,9) [уничтожен]
    ✗ Факел A4           @ (6,2,4) [уничтожен]
    ✗ Провокатор A7      @ (4,8,6) [уничтожен]
    ✗ Паук A8            @ (5,2,6) [уничтожен]
  Team B: живых 2/8
    ✓ Артиллерия B1      @ (7,0,9) hp=1/1
    ✓ Провокатор B7      @ (6,9,9) hp=2/2
    ✗ Радиовышка B2      @ (2,4,8) [уничтожен]
    ✗ Прыгун B3          @ (2,5,7) [уничтожен]
    ✗ Факел B4           @ (3,1,8) [уничтожен]
    ✗ Тишина B5          @ (5,2,5) [уничтожен]
    ✗ Бурав B6           @ (1,7,8) [уничтожен]
    ✗ Паук B8            @ (3,4,9) [уничтожен]
  Team C: живых 1/8
    ✓ Тишина C5          @ (5,2,5) hp=2/2
    ✗ Артиллерия C1      @ (7,0,3) [уничтожен]
    ✗ Радиовышка C2      @ (2,4,6) [уничтожен]
    ✗ Прыгун C3          @ (2,6,3) [уничтожен]
    ✗ Факел C4           @ (5,1,3) [уничтожен]
    ✗ Бурав C6           @ (6,1,3) [уничтожен]
    ✗ Провокатор C7      @ (4,6,3) [уничтожен]
    ✗ Паук C8            @ (6,2,3) [уничтожен]

======================================================================
ХОД 26
======================================================================
✓ 🎮 GM: начинаем ход
GM: start_turn

--- Радиовышки: сканирование слоя Z ---
  (у команд не осталось живых радиовышек)

--- Решения ботов ---
  [Team A] Тишина A5 (5,9,9) → MOVE (6,9,9)
  [Team A] Бурав A6 → SKIP
  [Team B] Артиллерия B1 (7,0,9) → SHOOT at (0,0,1)
  [Team B] Провокатор B7 (6,9,9) → MOVE (5,8,8)
  [Team C] все корабли пропускают ход
! 🎮 GM: принудительно завершает фазу планирования
GM: end_planning
# 
============================================================
# 🔄 ОБРАБОТКА ХОДА 26
# ============================================================

📦 ПЕРЕМЕЩЕНИЯ:
!    ⚠️ Тишина A5: клетка (6,9,9) занята
!    ⚠️ Провокатор B7: клетка (5,8,8) занята

🎯 ВЫСТРЕЛЫ:
   Выпущено ракет: 1
# 
📊 РЕЗУЛЬТАТЫ ХОДА 26:
🎯 Попаданий нет

--- Результаты хода ---
  Попаданий нет

--- Состояние команд после хода ---
  Team A: живых 2/8
    ✓ Тишина A5          @ (5,9,9) hp=2/2
    ✓ Бурав A6           @ (5,2,5) hp=2/4
    ✗ Артиллерия A1      @ (9,5,6) [уничтожен]
    ✗ Радиовышка A2      @ (6,0,9) [уничтожен]
    ✗ Прыгун A3          @ (4,0,9) [уничтожен]
    ✗ Факел A4           @ (6,2,4) [уничтожен]
    ✗ Провокатор A7      @ (4,8,6) [уничтожен]
    ✗ Паук A8            @ (5,2,6) [уничтожен]
  Team B: живых 2/8
    ✓ Артиллерия B1      @ (7,0,9) hp=1/1
    ✓ Провокатор B7      @ (6,9,9) hp=2/2
    ✗ Радиовышка B2      @ (2,4,8) [уничтожен]
    ✗ Прыгун B3          @ (2,5,7) [уничтожен]
    ✗ Факел B4           @ (3,1,8) [уничтожен]
    ✗ Тишина B5          @ (5,2,5) [уничтожен]
    ✗ Бурав B6           @ (1,7,8) [уничтожен]
    ✗ Паук B8            @ (3,4,9) [уничтожен]
  Team C: живых 1/8
    ✓ Тишина C5          @ (5,2,5) hp=2/2
    ✗ Артиллерия C1      @ (7,0,3) [уничтожен]
    ✗ Радиовышка C2      @ (2,4,6) [уничтожен]
    ✗ Прыгун C3          @ (2,6,3) [уничтожен]
    ✗ Факел C4           @ (5,1,3) [уничтожен]
    ✗ Бурав C6           @ (6,1,3) [уничтожен]
    ✗ Провокатор C7      @ (4,6,3) [уничтожен]
    ✗ Паук C8            @ (6,2,3) [уничтожен]

======================================================================
ХОД 27
======================================================================
✓ 🎮 GM: начинаем ход
GM: start_turn

--- Радиовышки: сканирование слоя Z ---
  (у команд не осталось живых радиовышек)

--- Решения ботов ---
  [Team A] Тишина A5 (5,9,9) → MOVE (6,9,9)
  [Team A] Бурав A6 → SKIP
  [Team B] Артиллерия B1 (7,0,9) → SHOOT at (0,5,0)
  [Team B] Провокатор B7 (6,9,9) → MOVE (5,8,8)
  [Team C] все корабли пропускают ход
! 🎮 GM: принудительно завершает фазу планирования
GM: end_planning
# 
============================================================
# 🔄 ОБРАБОТКА ХОДА 27
# ============================================================

📦 ПЕРЕМЕЩЕНИЯ:
!    ⚠️ Тишина A5: клетка (6,9,9) занята
!    ⚠️ Провокатор B7: клетка (5,8,8) занята

🎯 ВЫСТРЕЛЫ:
   Выпущено ракет: 1
# 
📊 РЕЗУЛЬТАТЫ ХОДА 27:
🎯 Попаданий нет

--- Результаты хода ---
  Попаданий нет

--- Состояние команд после хода ---
  Team A: живых 2/8
    ✓ Тишина A5          @ (5,9,9) hp=2/2
    ✓ Бурав A6           @ (5,2,5) hp=2/4
    ✗ Артиллерия A1      @ (9,5,6) [уничтожен]
    ✗ Радиовышка A2      @ (6,0,9) [уничтожен]
    ✗ Прыгун A3          @ (4,0,9) [уничтожен]
    ✗ Факел A4           @ (6,2,4) [уничтожен]
    ✗ Провокатор A7      @ (4,8,6) [уничтожен]
    ✗ Паук A8            @ (5,2,6) [уничтожен]
  Team B: живых 2/8
    ✓ Артиллерия B1      @ (7,0,9) hp=1/1
    ✓ Провокатор B7      @ (6,9,9) hp=2/2
    ✗ Радиовышка B2      @ (2,4,8) [уничтожен]
    ✗ Прыгун B3          @ (2,5,7) [уничтожен]
    ✗ Факел B4           @ (3,1,8) [уничтожен]
    ✗ Тишина B5          @ (5,2,5) [уничтожен]
    ✗ Бурав B6           @ (1,7,8) [уничтожен]
    ✗ Паук B8            @ (3,4,9) [уничтожен]
  Team C: живых 1/8
    ✓ Тишина C5          @ (5,2,5) hp=2/2
    ✗ Артиллерия C1      @ (7,0,3) [уничтожен]
    ✗ Радиовышка C2      @ (2,4,6) [уничтожен]
    ✗ Прыгун C3          @ (2,6,3) [уничтожен]
    ✗ Факел C4           @ (5,1,3) [уничтожен]
    ✗ Бурав C6           @ (6,1,3) [уничтожен]
    ✗ Провокатор C7      @ (4,6,3) [уничтожен]
    ✗ Паук C8            @ (6,2,3) [уничтожен]

======================================================================
ХОД 28
======================================================================
✓ 🎮 GM: начинаем ход
GM: start_turn

--- Радиовышки: сканирование слоя Z ---
  (у команд не осталось живых радиовышек)

--- Решения ботов ---
  [Team A] Тишина A5 (5,9,9) → MOVE (6,9,9)
  [Team A] Бурав A6 → SKIP
  [Team B] Артиллерия B1 (7,0,9) → SHOOT at (0,5,0)
  [Team B] Провокатор B7 (6,9,9) → MOVE (5,8,8)
  [Team C] все корабли пропускают ход
! 🎮 GM: принудительно завершает фазу планирования
GM: end_planning
# 
============================================================
# 🔄 ОБРАБОТКА ХОДА 28
# ============================================================

📦 ПЕРЕМЕЩЕНИЯ:
!    ⚠️ Тишина A5: клетка (6,9,9) занята
!    ⚠️ Провокатор B7: клетка (5,8,8) занята

🎯 ВЫСТРЕЛЫ:
   Выпущено ракет: 1
# 
📊 РЕЗУЛЬТАТЫ ХОДА 28:
🎯 Попаданий нет

--- Результаты хода ---
  Попаданий нет

--- Состояние команд после хода ---
  Team A: живых 2/8
    ✓ Тишина A5          @ (5,9,9) hp=2/2
    ✓ Бурав A6           @ (5,2,5) hp=2/4
    ✗ Артиллерия A1      @ (9,5,6) [уничтожен]
    ✗ Радиовышка A2      @ (6,0,9) [уничтожен]
    ✗ Прыгун A3          @ (4,0,9) [уничтожен]
    ✗ Факел A4           @ (6,2,4) [уничтожен]
    ✗ Провокатор A7      @ (4,8,6) [уничтожен]
    ✗ Паук A8            @ (5,2,6) [уничтожен]
  Team B: живых 2/8
    ✓ Артиллерия B1      @ (7,0,9) hp=1/1
    ✓ Провокатор B7      @ (6,9,9) hp=2/2
    ✗ Радиовышка B2      @ (2,4,8) [уничтожен]
    ✗ Прыгун B3          @ (2,5,7) [уничтожен]
    ✗ Факел B4           @ (3,1,8) [уничтожен]
    ✗ Тишина B5          @ (5,2,5) [уничтожен]
    ✗ Бурав B6           @ (1,7,8) [уничтожен]
    ✗ Паук B8            @ (3,4,9) [уничтожен]
  Team C: живых 1/8
    ✓ Тишина C5          @ (5,2,5) hp=2/2
    ✗ Артиллерия C1      @ (7,0,3) [уничтожен]
    ✗ Радиовышка C2      @ (2,4,6) [уничтожен]
    ✗ Прыгун C3          @ (2,6,3) [уничтожен]
    ✗ Факел C4           @ (5,1,3) [уничтожен]
    ✗ Бурав C6           @ (6,1,3) [уничтожен]
    ✗ Провокатор C7      @ (4,6,3) [уничтожен]
    ✗ Паук C8            @ (6,2,3) [уничтожен]

======================================================================
ХОД 29
======================================================================
✓ 🎮 GM: начинаем ход
GM: start_turn

--- Радиовышки: сканирование слоя Z ---
  (у команд не осталось живых радиовышек)

--- Решения ботов ---
  [Team A] Тишина A5 (5,9,9) → MOVE (6,9,9)
  [Team A] Бурав A6 → SKIP
  [Team B] Артиллерия B1 (7,0,9) → SHOOT at (0,0,1)
  [Team B] Провокатор B7 (6,9,9) → MOVE (5,8,8)
  [Team C] все корабли пропускают ход
! 🎮 GM: принудительно завершает фазу планирования
GM: end_planning
# 
============================================================
# 🔄 ОБРАБОТКА ХОДА 29
# ============================================================

📦 ПЕРЕМЕЩЕНИЯ:
!    ⚠️ Тишина A5: клетка (6,9,9) занята
!    ⚠️ Провокатор B7: клетка (5,8,8) занята

🎯 ВЫСТРЕЛЫ:
   Выпущено ракет: 1
# 
📊 РЕЗУЛЬТАТЫ ХОДА 29:
🎯 Попаданий нет

--- Результаты хода ---
  Попаданий нет

--- Состояние команд после хода ---
  Team A: живых 2/8
    ✓ Тишина A5          @ (5,9,9) hp=2/2
    ✓ Бурав A6           @ (5,2,5) hp=2/4
    ✗ Артиллерия A1      @ (9,5,6) [уничтожен]
    ✗ Радиовышка A2      @ (6,0,9) [уничтожен]
    ✗ Прыгун A3          @ (4,0,9) [уничтожен]
    ✗ Факел A4           @ (6,2,4) [уничтожен]
    ✗ Провокатор A7      @ (4,8,6) [уничтожен]
    ✗ Паук A8            @ (5,2,6) [уничтожен]
  Team B: живых 2/8
    ✓ Артиллерия B1      @ (7,0,9) hp=1/1
    ✓ Провокатор B7      @ (6,9,9) hp=2/2
    ✗ Радиовышка B2      @ (2,4,8) [уничтожен]
    ✗ Прыгун B3          @ (2,5,7) [уничтожен]
    ✗ Факел B4           @ (3,1,8) [уничтожен]
    ✗ Тишина B5          @ (5,2,5) [уничтожен]
    ✗ Бурав B6           @ (1,7,8) [уничтожен]
    ✗ Паук B8            @ (3,4,9) [уничтожен]
  Team C: живых 1/8
    ✓ Тишина C5          @ (5,2,5) hp=2/2
    ✗ Артиллерия C1      @ (7,0,3) [уничтожен]
    ✗ Радиовышка C2      @ (2,4,6) [уничтожен]
    ✗ Прыгун C3          @ (2,6,3) [уничтожен]
    ✗ Факел C4           @ (5,1,3) [уничтожен]
    ✗ Бурав C6           @ (6,1,3) [уничтожен]
    ✗ Провокатор C7      @ (4,6,3) [уничтожен]
    ✗ Паук C8            @ (6,2,3) [уничтожен]

======================================================================
ХОД 30
======================================================================
✓ 🎮 GM: начинаем ход
GM: start_turn

--- Радиовышки: сканирование слоя Z ---
  (у команд не осталось живых радиовышек)

--- Решения ботов ---
  [Team A] Тишина A5 (5,9,9) → MOVE (6,9,9)
  [Team A] Бурав A6 → SKIP
  [Team B] Артиллерия B1 (7,0,9) → SHOOT at (0,0,1)
  [Team B] Провокатор B7 (6,9,9) → MOVE (5,8,8)
  [Team C] все корабли пропускают ход
! 🎮 GM: принудительно завершает фазу планирования
GM: end_planning
# 
============================================================
# 🔄 ОБРАБОТКА ХОДА 30
# ============================================================

📦 ПЕРЕМЕЩЕНИЯ:
!    ⚠️ Тишина A5: клетка (6,9,9) занята
!    ⚠️ Провокатор B7: клетка (5,8,8) занята

🎯 ВЫСТРЕЛЫ:
   Выпущено ракет: 1
# 
📊 РЕЗУЛЬТАТЫ ХОДА 30:
🎯 Попаданий нет

--- Результаты хода ---
  Попаданий нет

--- Состояние команд после хода ---
  Team A: живых 2/8
    ✓ Тишина A5          @ (5,9,9) hp=2/2
    ✓ Бурав A6           @ (5,2,5) hp=2/4
    ✗ Артиллерия A1      @ (9,5,6) [уничтожен]
    ✗ Радиовышка A2      @ (6,0,9) [уничтожен]
    ✗ Прыгун A3          @ (4,0,9) [уничтожен]
    ✗ Факел A4           @ (6,2,4) [уничтожен]
    ✗ Провокатор A7      @ (4,8,6) [уничтожен]
    ✗ Паук A8            @ (5,2,6) [уничтожен]
  Team B: живых 2/8
    ✓ Артиллерия B1      @ (7,0,9) hp=1/1
    ✓ Провокатор B7      @ (6,9,9) hp=2/2
    ✗ Радиовышка B2      @ (2,4,8) [уничтожен]
    ✗ Прыгун B3          @ (2,5,7) [уничтожен]
    ✗ Факел B4           @ (3,1,8) [уничтожен]
    ✗ Тишина B5          @ (5,2,5) [уничтожен]
    ✗ Бурав B6           @ (1,7,8) [уничтожен]
    ✗ Паук B8            @ (3,4,9) [уничтожен]
  Team C: живых 1/8
    ✓ Тишина C5          @ (5,2,5) hp=2/2
    ✗ Артиллерия C1      @ (7,0,3) [уничтожен]
    ✗ Радиовышка C2      @ (2,4,6) [уничтожен]
    ✗ Прыгун C3          @ (2,6,3) [уничтожен]
    ✗ Факел C4           @ (5,1,3) [уничтожен]
    ✗ Бурав C6           @ (6,1,3) [уничтожен]
    ✗ Провокатор C7      @ (4,6,3) [уничтожен]
    ✗ Паук C8            @ (6,2,3) [уничтожен]

======================================================================
ИТОГ
======================================================================
Лимит ходов (30) исчерпан, ничья/пат.

--- Сводка по командам ---
  Team A: 2/8 живых; hp=4
  Team B: 2/8 живых; hp=3
  Team C: 1/8 живых; hp=2

--- Сводка по пассивкам радиовышек ---
  Team A: сканирований=18, всего врагов-в-слоях=20, уникальных эксклюзивных (видны только радиовышкой)=1
  Team B: сканирований=6, всего врагов-в-слоях=5, уникальных эксклюзивных (видны только радиовышкой)=1
  Team C: сканирований=6, всего врагов-в-слоях=6, уникальных эксклюзивных (видны только радиовышкой)=0

--- Сводка по попаданиям ---
  Всего событий (шоты+тараны+мины): 30
  Уничтожено кораблей всего: 19
  Team A: урон=38 хиты=4 тараны=11 мины(сработало)=0 убийств=13
  Team B: урон=22 хиты=12 тараны=0 мины(сработало)=0 убийств=6
  Team C: урон=5 хиты=2 тараны=0 мины(сработало)=1 убийств=0
! 🎮 GM: остановка игры
