======================================================================
Space Battle 10×10×10 — simulation run at 2026-04-20T13:31:54+00:00
Game mode: advanced
Seed: 102
✓ 🚀 Продвинутый режим: создаю разные типы кораблей
   Команда A: спавн вдоль оси X от (2, 9, 5) до (5, 9, 5)
   Команда B: спавн вдоль оси Z от (0, 8, 8) до (0, 8, 7)
   Команда C: спавн вдоль оси X от (2, 1, 0) до (8, 1, 0)
✓ ✅ Создано 24 кораблей


--- СТАРТОВАЯ РАССТАНОВКА ---
  Team A: живых 8/8
    ✓ Артиллерия A1      @ (2,9,5) hp=1/1
    ✓ Радиовышка A2      @ (8,9,5) hp=3/3
    ✓ Прыгун A3          @ (9,9,5) hp=2/2
    ✓ Факел A4           @ (3,9,5) hp=6/6
    ✓ Тишина A5          @ (7,9,5) hp=2/2
    ✓ Бурав A6           @ (4,9,5) hp=4/4
    ✓ Провокатор A7      @ (6,9,5) hp=2/2
    ✓ Паук A8            @ (5,9,5) hp=1/1
  Team B: живых 8/8
    ✓ Артиллерия B1      @ (0,8,8) hp=1/1
    ✓ Радиовышка B2      @ (0,8,9) hp=3/3
    ✓ Прыгун B3          @ (0,8,2) hp=2/2
    ✓ Факел B4           @ (0,8,5) hp=6/6
    ✓ Тишина B5          @ (0,8,3) hp=2/2
    ✓ Бурав B6           @ (0,8,6) hp=4/4
    ✓ Провокатор B7      @ (0,8,1) hp=2/2
    ✓ Паук B8            @ (0,8,7) hp=1/1
  Team C: живых 8/8
    ✓ Артиллерия C1      @ (2,1,0) hp=1/1
    ✓ Радиовышка C2      @ (7,1,0) hp=3/3
    ✓ Прыгун C3          @ (3,1,0) hp=2/2
    ✓ Факел C4           @ (5,1,0) hp=6/6
    ✓ Тишина C5          @ (4,1,0) hp=2/2
    ✓ Бурав C6           @ (6,1,0) hp=4/4
    ✓ Провокатор C7      @ (1,1,0) hp=2/2
    ✓ Паук C8            @ (8,1,0) hp=1/1

======================================================================
ХОД 1
======================================================================
✓ 🎮 GM: начинаем ход
GM: start_turn

--- Радиовышки: сканирование слоя Z ---
  Радиовышка A2 (z=5): видит 1 врагов  → Факел B4(0,8,5)
  Радиовышка B2 (z=9): слой чист
  Радиовышка C2 (z=0): слой чист

--- Решения ботов ---
  [Team A] Артиллерия A1 (2,9,5) → SHOOT at (0,8,8)
  [Team A] Радиовышка A2 (8,9,5) → MOVE (7,8,6)
  [Team A] Прыгун A3 (9,9,5) → MOVE (8,8,6)
  [Team A] Тишина A5 (7,9,5) → PHASE toggle
  [Team A] Бурав A6 (4,9,5) → MOVE (3,8,6)
  [Team A] Провокатор A7 (6,9,5) → MOVE (5,8,6)
  [Team A] Паук A8 (5,9,5) → MOVE (4,8,6)
  [Team A] Факел A4 → SKIP
  [Team B] Артиллерия B1 (0,8,8) → SHOOT at (2,9,5)
  [Team B] Радиовышка B2 (0,8,9) → MOVE (1,9,8)
  [Team B] Прыгун B3 (0,8,2) → MOVE (1,9,3)
  [Team B] Тишина B5 (0,8,3) → PHASE toggle
  [Team B] Бурав B6 (0,8,6) → MOVE (1,9,5)
  [Team B] Провокатор B7 (0,8,1) → HOLOGRAM (1,9,2)
  [Team B] Паук B8 (0,8,7) → MINE (1,9,6)
  [Team B] Факел B4 → SKIP
  [Team C] Артиллерия C1 (2,1,0) → SHOOT at (0,5,1)
  [Team C] Радиовышка C2 (7,1,0) → MOVE (6,2,1)
  [Team C] Прыгун C3 (3,1,0) → MOVE (4,2,1)
  [Team C] Тишина C5 (4,1,0) → MOVE (5,2,1)
  [Team C] Бурав C6 (6,1,0) → MOVE (6,1,1)
  [Team C] Провокатор C7 (1,1,0) → MOVE (2,2,1)
  [Team C] Паук C8 (8,1,0) → MOVE (7,2,1)
  [Team C] Факел C4 → SKIP
! 🎮 GM: принудительно завершает фазу планирования
GM: end_planning
# 
============================================================
# 🔄 ОБРАБОТКА ХОДА 1
# ============================================================
   🌀 Тишина A5: фаза ВКЛ
   🌀 Тишина B5: фаза ВКЛ
   🪞 Провокатор B7 создал голограмму H1 в (1,9,2)
   💣 Паук B8 установил мину M1 в (1,9,6)

📦 ПЕРЕМЕЩЕНИЯ:
   Радиовышка A2: (8, 9, 5) → (7,8,6)
   Прыгун A3: (9, 9, 5) → (8,8,6)
!    ⚠️ Бурав A6: Бурав двигается только по 1 оси или по 2 осям строго диагонально
   Провокатор A7: (6, 9, 5) → (5,8,6)
   Паук A8: (5, 9, 5) → (4,8,6)
   Радиовышка B2: (0, 8, 9) → (1,9,8)
   Прыгун B3: (0, 8, 2) → (1,9,3)
!    ⚠️ Бурав B6: Бурав двигается только по 1 оси или по 2 осям строго диагонально
   Радиовышка C2: (7, 1, 0) → (6,2,1)
   Прыгун C3: (3, 1, 0) → (4,2,1)
   Тишина C5: (4, 1, 0) → (5,2,1)
   Бурав C6: (6, 1, 0) → (6,1,1)
   Провокатор C7: (1, 1, 0) → (2,2,1)
   Паук C8: (8, 1, 0) → (7,2,1)

🎯 ВЫСТРЕЛЫ:
✓    ✅ Артиллерия A1 поразил Артиллерия B1 (2 урона)!
✓    ✅ Артиллерия B1 поразил Артиллерия A1 (2 урона)!
   Выпущено ракет: 3
# 
📊 РЕЗУЛЬТАТЫ ХОДА 1:
✓ 💥 ПОПАДАНИЯ:
✓    Артиллерия A1 (Team A) → Артиллерия B1 (Team B)
✓    Артиллерия B1 (Team B) → Артиллерия A1 (Team A)

--- Результаты хода ---
  Team A / Артиллерия A1      → Team B / Артиллерия B1      @ (0,8,8)  (УБИТ)
  Team B / Артиллерия B1      → Team A / Артиллерия A1      @ (2,9,5)  (УБИТ)

--- Состояние команд после хода ---
  Team A: живых 7/8
    ✓ Радиовышка A2      @ (7,8,6) hp=3/3
    ✓ Прыгун A3          @ (8,8,6) hp=2/2
    ✓ Факел A4           @ (3,9,5) hp=6/6
    ✓ Тишина A5          @ (7,9,5) hp=2/2
    ✓ Бурав A6           @ (4,9,5) hp=4/4
    ✓ Провокатор A7      @ (5,8,6) hp=2/2
    ✓ Паук A8            @ (4,8,6) hp=1/1
    ✗ Артиллерия A1      @ (2,9,5) [уничтожен]
  Team B: живых 7/8
    ✓ Радиовышка B2      @ (1,9,8) hp=3/3
    ✓ Прыгун B3          @ (1,9,3) hp=2/2
    ✓ Факел B4           @ (0,8,5) hp=6/6
    ✓ Тишина B5          @ (0,8,3) hp=2/2
    ✓ Бурав B6           @ (0,8,6) hp=4/4
    ✓ Провокатор B7      @ (0,8,1) hp=2/2
    ✓ Паук B8            @ (0,8,7) hp=1/1
    ✗ Артиллерия B1      @ (0,8,8) [уничтожен]
  Team C: живых 8/8
    ✓ Артиллерия C1      @ (2,1,0) hp=1/1
    ✓ Радиовышка C2      @ (6,2,1) hp=3/3
    ✓ Прыгун C3          @ (4,2,1) hp=2/2
    ✓ Факел C4           @ (5,1,0) hp=6/6
    ✓ Тишина C5          @ (5,2,1) hp=2/2
    ✓ Бурав C6           @ (6,1,1) hp=4/4
    ✓ Провокатор C7      @ (2,2,1) hp=2/2
    ✓ Паук C8            @ (7,2,1) hp=1/1

======================================================================
ХОД 2
======================================================================
✓ 🎮 GM: начинаем ход
GM: start_turn

--- Радиовышки: сканирование слоя Z ---
  Радиовышка A2 (z=6): видит 1 врагов  → Бурав B6(0,8,6)
  Радиовышка B2 (z=8): слой чист
  Радиовышка C2 (z=1): видит 1 врагов [+1 эксклюзивно] → Провокатор B7(0,8,1)

--- Решения ботов ---
  [Team A] Радиовышка A2 (7,8,6) → MOVE (6,9,7)
  [Team A] Прыгун A3 (8,8,6) → MOVE (7,9,7)
  [Team A] Факел A4 (3,9,5) → MOVE (3,8,5)
  [Team A] Тишина A5 (7,9,5) → PHASE toggle
  [Team A] Бурав A6 (4,9,5) → MOVE (1,9,8)
  [Team A] Провокатор A7 (5,8,6) → HOLOGRAM (4,9,7)
  [Team A] Паук A8 (4,8,6) → MINE (3,9,7)
  [Team B] Радиовышка B2 (1,9,8) → MOVE (2,9,7)
  [Team B] Прыгун B3 (1,9,3) → MOVE (3,9,5)
  [Team B] Факел B4 (0,8,5) → MOVE (1,9,4)
  [Team B] Тишина B5 (0,8,3) → MOVE (1,8,3)
  [Team B] Бурав B6 (0,8,6) → MOVE (1,9,5)
  [Team B] Провокатор B7 (0,8,1) → HOLOGRAM (1,9,2)
  [Team B] Паук B8 (0,8,7) → MINE (1,9,6)
  [Team C] Артиллерия C1 (2,1,0) → SHOOT at (0,8,1)
  [Team C] Радиовышка C2 (6,2,1) → MOVE (5,3,1)
  [Team C] Прыгун C3 (4,2,1) → MOVE (3,3,1)
  [Team C] Факел C4 (5,1,0) → MOVE (4,1,0)
  [Team C] Тишина C5 (5,2,1) → MOVE (4,3,1)
  [Team C] Бурав C6 (6,1,1) → MOVE (5,1,1)
  [Team C] Провокатор C7 (2,2,1) → MOVE (1,3,1)
  [Team C] Паук C8 (7,2,1) → MOVE (6,3,1)
! 🎮 GM: принудительно завершает фазу планирования
GM: end_planning
# 
============================================================
# 🔄 ОБРАБОТКА ХОДА 2
# ============================================================
   🌀 Тишина A5: фаза ВЫКЛ
   🪞 Провокатор A7 создал голограмму H2 в (4,9,7)
!    ⚠️ Провокатор B7: клетка (1,9,2) уже занята голограммой
   💣 Паук A8 установил мину M2 в (3,9,7)
!    ⚠️ Паук B8: в клетке уже стоит мина

📦 ПЕРЕМЕЩЕНИЯ:
   Радиовышка A2: (7, 8, 6) → (6,9,7)
   Прыгун A3: (8, 8, 6) → (7,9,7)
   Факел A4: (3, 9, 5) → (3,8,5)
✓    💥 Бурав A6 тараном уничтожил Радиовышка B2 в (1,9,8)
   Бурав A6: (4, 9, 5) → (1,9,8)
   Прыгун B3: (1, 9, 3) → (3,9,5)
   Факел B4: (0, 8, 5) → (1,9,4)
   Тишина B5: (0, 8, 3) → (1,8,3)
!    ⚠️ Бурав B6: Бурав двигается только по 1 оси или по 2 осям строго диагонально
   Радиовышка C2: (6, 2, 1) → (5,3,1)
   Прыгун C3: (4, 2, 1) → (3,3,1)
   Факел C4: (5, 1, 0) → (4,1,0)
   Тишина C5: (5, 2, 1) → (4,3,1)
   Бурав C6: (6, 1, 1) → (5,1,1)
   Провокатор C7: (2, 2, 1) → (1,3,1)
   Паук C8: (7, 2, 1) → (6,3,1)

🎯 ВЫСТРЕЛЫ:
✓    ✅ Артиллерия C1 поразил Провокатор B7 (2 урона)!
   Выпущено ракет: 1
# 
📊 РЕЗУЛЬТАТЫ ХОДА 2:
✓ 💥 ПОПАДАНИЯ:
✓    Артиллерия C1 (Team C) → Провокатор B7 (Team B)

--- Результаты хода ---
  Team A / Бурав A6           → Team B / Радиовышка B2      @ (1,9,8)  (УБИТ)
  Team C / Артиллерия C1      → Team B / Провокатор B7      @ (0,8,1)  (УБИТ)

--- Состояние команд после хода ---
  Team A: живых 7/8
    ✓ Радиовышка A2      @ (6,9,7) hp=3/3
    ✓ Прыгун A3          @ (7,9,7) hp=2/2
    ✓ Факел A4           @ (3,8,5) hp=6/6
    ✓ Тишина A5          @ (7,9,5) hp=2/2
    ✓ Бурав A6           @ (1,9,8) hp=4/4
    ✓ Провокатор A7      @ (5,8,6) hp=2/2
    ✓ Паук A8            @ (4,8,6) hp=1/1
    ✗ Артиллерия A1      @ (2,9,5) [уничтожен]
  Team B: живых 5/8
    ✓ Прыгун B3          @ (3,9,5) hp=2/2
    ✓ Факел B4           @ (1,9,4) hp=6/6
    ✓ Тишина B5          @ (1,8,3) hp=2/2
    ✓ Бурав B6           @ (0,8,6) hp=4/4
    ✓ Паук B8            @ (0,8,7) hp=1/1
    ✗ Артиллерия B1      @ (0,8,8) [уничтожен]
    ✗ Радиовышка B2      @ (1,9,8) [уничтожен]
    ✗ Провокатор B7      @ (0,8,1) [уничтожен]
  Team C: живых 8/8
    ✓ Артиллерия C1      @ (2,1,0) hp=1/1
    ✓ Радиовышка C2      @ (5,3,1) hp=3/3
    ✓ Прыгун C3          @ (3,3,1) hp=2/2
    ✓ Факел C4           @ (4,1,0) hp=6/6
    ✓ Тишина C5          @ (4,3,1) hp=2/2
    ✓ Бурав C6           @ (5,1,1) hp=4/4
    ✓ Провокатор C7      @ (1,3,1) hp=2/2
    ✓ Паук C8            @ (6,3,1) hp=1/1

======================================================================
ХОД 3
======================================================================
✓ 🎮 GM: начинаем ход
GM: start_turn

--- Радиовышки: сканирование слоя Z ---
  Радиовышка A2 (z=7): видит 1 врагов  → Паук B8(0,8,7)
  Радиовышка C2 (z=1): слой чист

--- Решения ботов ---
  [Team A] Радиовышка A2 (6,9,7) → MOVE (5,9,6)
  [Team A] Прыгун A3 (7,9,7) → MOVE (6,9,6)
  [Team A] Факел A4 (3,8,5) → SHOOT at (3,9,5)
  [Team A] Тишина A5 (7,9,5) → PHASE toggle
  [Team A] Бурав A6 (1,9,8) → MOVE (0,8,7)
  [Team A] Провокатор A7 (5,8,6) → HOLOGRAM (4,9,5)
  [Team A] Паук A8 (4,8,6) → MINE (3,9,5)
  [Team B] Прыгун B3 (3,9,5) → MOVE (3,8,5)
  [Team B] Факел B4 (1,9,4) → SHOOT at (1,9,8)
  [Team B] Тишина B5 (1,8,3) → MOVE (2,8,4)
  [Team B] Бурав B6 (0,8,6) → MOVE (1,9,7)
  [Team B] Паук B8 (0,8,7) → MINE (1,9,8)
  [Team C] Артиллерия C1 (2,1,0) → SHOOT at (0,5,1)
  [Team C] Радиовышка C2 (5,3,1) → MOVE (5,4,2)
  [Team C] Прыгун C3 (3,3,1) → MOVE (4,4,2)
  [Team C] Факел C4 (4,1,0) → MOVE (3,1,0)
  [Team C] Тишина C5 (4,3,1) → MOVE (5,4,1)
  [Team C] Бурав C6 (5,1,1) → MOVE (5,2,2)
  [Team C] Провокатор C7 (1,3,1) → MOVE (2,4,2)
  [Team C] Паук C8 (6,3,1) → MOVE (6,3,2)
! 🎮 GM: принудительно завершает фазу планирования
GM: end_planning
# 
============================================================
# 🔄 ОБРАБОТКА ХОДА 3
# ============================================================
   🌀 Тишина A5: фаза ВКЛ
   🪞 Провокатор A7 создал голограмму H3 в (4,9,5)
!    ⚠️ Паук A8: клетка (3,9,5) занята кораблём
!    ⚠️ Паук B8: клетка (1,9,8) занята кораблём

📦 ПЕРЕМЕЩЕНИЯ:
   Радиовышка A2: (6, 9, 7) → (5,9,6)
   Прыгун A3: (7, 9, 7) → (6,9,6)
!    ⚠️ Бурав A6: Бурав двигается только по 1 оси или по 2 осям строго диагонально
✓    💥 Прыгун B3 тараном уничтожил Факел A4 в (3,8,5)
   Прыгун B3: (3, 9, 5) → (3,8,5)
   Тишина B5: (1, 8, 3) → (2,8,4)
!    ⚠️ Бурав B6: Бурав двигается только по 1 оси или по 2 осям строго диагонально
   Радиовышка C2: (5, 3, 1) → (5,4,2)
   Прыгун C3: (3, 3, 1) → (4,4,2)
   Факел C4: (4, 1, 0) → (3,1,0)
   Тишина C5: (4, 3, 1) → (5,4,1)
   Бурав C6: (5, 1, 1) → (5,2,2)
   Провокатор C7: (1, 3, 1) → (2,4,2)
   Паук C8: (6, 3, 1) → (6,3,2)

🎯 ВЫСТРЕЛЫ:
✓    ✅ Факел B4 поразил Бурав A6 (1 урона)!
   Выпущено ракет: 2
# 
📊 РЕЗУЛЬТАТЫ ХОДА 3:
✓ 💥 ПОПАДАНИЯ:
✓    Факел B4 (Team B) → Бурав A6 (Team A)

--- Результаты хода ---
  Team B / Прыгун B3          → Team A / Факел A4           @ (3,8,5)  (УБИТ)
  Team B / Факел B4           → Team A / Бурав A6           @ (1,9,8)  (ранен)

--- Состояние команд после хода ---
  Team A: живых 6/8
    ✓ Радиовышка A2      @ (5,9,6) hp=3/3
    ✓ Прыгун A3          @ (6,9,6) hp=2/2
    ✓ Тишина A5          @ (7,9,5) hp=2/2
    ✓ Бурав A6           @ (1,9,8) hp=3/4
    ✓ Провокатор A7      @ (5,8,6) hp=2/2
    ✓ Паук A8            @ (4,8,6) hp=1/1
    ✗ Артиллерия A1      @ (2,9,5) [уничтожен]
    ✗ Факел A4           @ (3,8,5) [уничтожен]
  Team B: живых 5/8
    ✓ Прыгун B3          @ (3,8,5) hp=2/2
    ✓ Факел B4           @ (1,9,4) hp=6/6
    ✓ Тишина B5          @ (2,8,4) hp=2/2
    ✓ Бурав B6           @ (0,8,6) hp=4/4
    ✓ Паук B8            @ (0,8,7) hp=1/1
    ✗ Артиллерия B1      @ (0,8,8) [уничтожен]
    ✗ Радиовышка B2      @ (1,9,8) [уничтожен]
    ✗ Провокатор B7      @ (0,8,1) [уничтожен]
  Team C: живых 8/8
    ✓ Артиллерия C1      @ (2,1,0) hp=1/1
    ✓ Радиовышка C2      @ (5,4,2) hp=3/3
    ✓ Прыгун C3          @ (4,4,2) hp=2/2
    ✓ Факел C4           @ (3,1,0) hp=6/6
    ✓ Тишина C5          @ (5,4,1) hp=2/2
    ✓ Бурав C6           @ (5,2,2) hp=4/4
    ✓ Провокатор C7      @ (2,4,2) hp=2/2
    ✓ Паук C8            @ (6,3,2) hp=1/1

======================================================================
ХОД 4
======================================================================
✓ 🎮 GM: начинаем ход
GM: start_turn

--- Радиовышки: сканирование слоя Z ---
  Радиовышка A2 (z=6): видит 1 врагов  → Бурав B6(0,8,6)
  Радиовышка C2 (z=2): слой чист

--- Решения ботов ---
  [Team A] Радиовышка A2 (5,9,6) → MOVE (4,8,5)
  [Team A] Прыгун A3 (6,9,6) → MOVE (5,8,5)
  [Team A] Тишина A5 (7,9,5) → MOVE (6,8,5)
  [Team A] Бурав A6 (1,9,8) → MOVE (0,8,7)
  [Team A] Провокатор A7 (5,8,6) → SHOOT at (0,8,6)
  [Team A] Паук A8 (4,8,6) → MINE (3,8,5)
  [Team B] Прыгун B3 (3,8,5) → MOVE (5,8,6)
  [Team B] Факел B4 (1,9,4) → SHOOT at (1,9,8)
  [Team B] Тишина B5 (2,8,4) → MOVE (2,8,5)
  [Team B] Бурав B6 (0,8,6) → MOVE (1,9,7)
  [Team B] Паук B8 (0,8,7) → MINE (1,9,8)
  [Team C] Артиллерия C1 (2,1,0) → SHOOT at (3,8,5)
  [Team C] Радиовышка C2 (5,4,2) → MOVE (5,5,3)
  [Team C] Прыгун C3 (4,4,2) → MOVE (5,4,3)
  [Team C] Тишина C5 (5,4,1) → PHASE toggle
  [Team C] Бурав C6 (5,2,2) → MOVE (5,3,3)
  [Team C] Провокатор C7 (2,4,2) → HOLOGRAM (3,5,3)
  [Team C] Паук C8 (6,3,2) → MOVE (6,3,3)
  [Team C] Факел C4 → SKIP
! 🎮 GM: принудительно завершает фазу планирования
GM: end_planning
# 
============================================================
# 🔄 ОБРАБОТКА ХОДА 4
# ============================================================
   🌀 Тишина C5: фаза ВКЛ
   🪞 Провокатор C7 создал голограмму H4 в (3,5,3)
!    ⚠️ Паук A8: клетка (3,8,5) занята кораблём
!    ⚠️ Паук B8: клетка (1,9,8) занята кораблём

📦 ПЕРЕМЕЩЕНИЯ:
   Радиовышка A2: (5, 9, 6) → (4,8,5)
   Прыгун A3: (6, 9, 6) → (5,8,5)
   Тишина A5: (7, 9, 5) → (6,8,5)
!    ⚠️ Бурав A6: Бурав двигается только по 1 оси или по 2 осям строго диагонально
✓    💥 Прыгун B3 тараном уничтожил Провокатор A7 в (5,8,6)
   Прыгун B3: (3, 8, 5) → (5,8,6)
   Тишина B5: (2, 8, 4) → (2,8,5)
!    ⚠️ Бурав B6: Бурав двигается только по 1 оси или по 2 осям строго диагонально
   Радиовышка C2: (5, 4, 2) → (5,5,3)
   Прыгун C3: (4, 4, 2) → (5,4,3)
   Бурав C6: (5, 2, 2) → (5,3,3)
   Паук C8: (6, 3, 2) → (6,3,3)

🎯 ВЫСТРЕЛЫ:
✓    ✅ Факел B4 поразил Бурав A6 (1 урона)!
   Выпущено ракет: 2
# 
📊 РЕЗУЛЬТАТЫ ХОДА 4:
✓ 💥 ПОПАДАНИЯ:
✓    Факел B4 (Team B) → Бурав A6 (Team A)

--- Результаты хода ---
  Team B / Прыгун B3          → Team A / Провокатор A7      @ (5,8,6)  (УБИТ)
  Team B / Факел B4           → Team A / Бурав A6           @ (1,9,8)  (ранен)

--- Состояние команд после хода ---
  Team A: живых 5/8
    ✓ Радиовышка A2      @ (4,8,5) hp=3/3
    ✓ Прыгун A3          @ (5,8,5) hp=2/2
    ✓ Тишина A5          @ (6,8,5) hp=2/2
    ✓ Бурав A6           @ (1,9,8) hp=2/4
    ✓ Паук A8            @ (4,8,6) hp=1/1
    ✗ Артиллерия A1      @ (2,9,5) [уничтожен]
    ✗ Факел A4           @ (3,8,5) [уничтожен]
    ✗ Провокатор A7      @ (5,8,6) [уничтожен]
  Team B: живых 5/8
    ✓ Прыгун B3          @ (5,8,6) hp=2/2
    ✓ Факел B4           @ (1,9,4) hp=6/6
    ✓ Тишина B5          @ (2,8,5) hp=2/2
    ✓ Бурав B6           @ (0,8,6) hp=4/4
    ✓ Паук B8            @ (0,8,7) hp=1/1
    ✗ Артиллерия B1      @ (0,8,8) [уничтожен]
    ✗ Радиовышка B2      @ (1,9,8) [уничтожен]
    ✗ Провокатор B7      @ (0,8,1) [уничтожен]
  Team C: живых 8/8
    ✓ Артиллерия C1      @ (2,1,0) hp=1/1
    ✓ Радиовышка C2      @ (5,5,3) hp=3/3
    ✓ Прыгун C3          @ (5,4,3) hp=2/2
    ✓ Факел C4           @ (3,1,0) hp=6/6
    ✓ Тишина C5          @ (5,4,1) hp=2/2
    ✓ Бурав C6           @ (5,3,3) hp=4/4
    ✓ Провокатор C7      @ (2,4,2) hp=2/2
    ✓ Паук C8            @ (6,3,3) hp=1/1

======================================================================
ХОД 5
======================================================================
✓ 🎮 GM: начинаем ход
GM: start_turn

--- Радиовышки: сканирование слоя Z ---
  Радиовышка A2 (z=5): слой чист
  Радиовышка C2 (z=3): слой чист

--- Решения ботов ---
  [Team A] Радиовышка A2 (4,8,5) → MOVE (5,8,6)
  [Team A] Прыгун A3 (5,8,5) → SHOOT at (5,8,6)
  [Team A] Тишина A5 (6,8,5) → MOVE (6,8,6)
  [Team A] Бурав A6 (1,9,8) → MOVE (0,8,7)
  [Team A] Паук A8 → SKIP
  [Team B] Прыгун B3 (5,8,6) → MOVE (5,8,5)
  [Team B] Факел B4 (1,9,4) → SHOOT at (1,9,8)
  [Team B] Тишина B5 (2,8,5) → MOVE (3,8,5)
  [Team B] Бурав B6 (0,8,6) → MOVE (1,9,7)
  [Team B] Паук B8 (0,8,7) → MINE (1,9,8)
  [Team C] Артиллерия C1 (2,1,0) → SHOOT at (5,8,5)
  [Team C] Радиовышка C2 (5,5,3) → MOVE (4,6,4)
  [Team C] Прыгун C3 (5,4,3) → MOVE (4,5,4)
  [Team C] Тишина C5 (5,4,1) → MOVE (4,5,2)
  [Team C] Бурав C6 (5,3,3) → MOVE (4,4,4)
  [Team C] Провокатор C7 (2,4,2) → HOLOGRAM (3,5,3)
  [Team C] Паук C8 (6,3,3) → MOVE (5,4,4)
  [Team C] Факел C4 → SKIP
! 🎮 GM: принудительно завершает фазу планирования
GM: end_planning
# 
============================================================
# 🔄 ОБРАБОТКА ХОДА 5
# ============================================================
!    ⚠️ Провокатор C7: клетка (3,5,3) уже занята голограммой
!    ⚠️ Паук B8: клетка (1,9,8) занята кораблём

📦 ПЕРЕМЕЩЕНИЯ:
!    ⚠️ Радиовышка A2: клетка (5,8,6) занята
   Тишина A5: (6, 8, 5) → (6,8,6)
!    ⚠️ Бурав A6: Бурав двигается только по 1 оси или по 2 осям строго диагонально
✓    💥 Прыгун B3 тараном уничтожил Прыгун A3 в (5,8,5)
   Прыгун B3: (5, 8, 6) → (5,8,5)
   Тишина B5: (2, 8, 5) → (3,8,5)
!    ⚠️ Бурав B6: Бурав двигается только по 1 оси или по 2 осям строго диагонально
   Радиовышка C2: (5, 5, 3) → (4,6,4)
   Прыгун C3: (5, 4, 3) → (4,5,4)
   Тишина C5: (5, 4, 1) → (4,5,2)
!    ⚠️ Бурав C6: Бурав двигается только по 1 оси или по 2 осям строго диагонально
   Паук C8: (6, 3, 3) → (5,4,4)

🎯 ВЫСТРЕЛЫ:
✓    ✅ Факел B4 поразил Бурав A6 (1 урона)!
✓    ✅ Артиллерия C1 поразил Прыгун B3 (2 урона)!
   Выпущено ракет: 2
# 
📊 РЕЗУЛЬТАТЫ ХОДА 5:
✓ 💥 ПОПАДАНИЯ:
✓    Факел B4 (Team B) → Бурав A6 (Team A)
✓    Артиллерия C1 (Team C) → Прыгун B3 (Team B)

--- Результаты хода ---
  Team B / Прыгун B3          → Team A / Прыгун A3          @ (5,8,5)  (УБИТ)
  Team B / Факел B4           → Team A / Бурав A6           @ (1,9,8)  (ранен)
  Team C / Артиллерия C1      → Team B / Прыгун B3          @ (5,8,5)  (УБИТ)

--- Состояние команд после хода ---
  Team A: живых 4/8
    ✓ Радиовышка A2      @ (4,8,5) hp=3/3
    ✓ Тишина A5          @ (6,8,6) hp=2/2
    ✓ Бурав A6           @ (1,9,8) hp=1/4
    ✓ Паук A8            @ (4,8,6) hp=1/1
    ✗ Артиллерия A1      @ (2,9,5) [уничтожен]
    ✗ Прыгун A3          @ (5,8,5) [уничтожен]
    ✗ Факел A4           @ (3,8,5) [уничтожен]
    ✗ Провокатор A7      @ (5,8,6) [уничтожен]
  Team B: живых 4/8
    ✓ Факел B4           @ (1,9,4) hp=6/6
    ✓ Тишина B5          @ (3,8,5) hp=2/2
    ✓ Бурав B6           @ (0,8,6) hp=4/4
    ✓ Паук B8            @ (0,8,7) hp=1/1
    ✗ Артиллерия B1      @ (0,8,8) [уничтожен]
    ✗ Радиовышка B2      @ (1,9,8) [уничтожен]
    ✗ Прыгун B3          @ (5,8,5) [уничтожен]
    ✗ Провокатор B7      @ (0,8,1) [уничтожен]
  Team C: живых 8/8
    ✓ Артиллерия C1      @ (2,1,0) hp=1/1
    ✓ Радиовышка C2      @ (4,6,4) hp=3/3
    ✓ Прыгун C3          @ (4,5,4) hp=2/2
    ✓ Факел C4           @ (3,1,0) hp=6/6
    ✓ Тишина C5          @ (4,5,2) hp=2/2
    ✓ Бурав C6           @ (5,3,3) hp=4/4
    ✓ Провокатор C7      @ (2,4,2) hp=2/2
    ✓ Паук C8            @ (5,4,4) hp=1/1

======================================================================
ХОД 6
======================================================================
✓ 🎮 GM: начинаем ход
GM: start_turn

--- Радиовышки: сканирование слоя Z ---
  Радиовышка A2 (z=5): слой чист
  Радиовышка C2 (z=4): видит 1 врагов  → Факел B4(1,9,4)

--- Решения ботов ---
  [Team A] Радиовышка A2 (4,8,5) → MOVE (4,7,4)
  [Team A] Тишина A5 (6,8,6) → MOVE (5,7,5)
  [Team A] Бурав A6 (1,9,8) → MOVE (0,8,7)
  [Team A] Паук A8 (4,8,6) → MINE (4,7,5)
  [Team B] Факел B4 (1,9,4) → SHOOT at (1,9,8)
  [Team B] Тишина B5 (3,8,5) → MOVE (4,8,5)
  [Team B] Бурав B6 (0,8,6) → MOVE (1,9,7)
  [Team B] Паук B8 (0,8,7) → MINE (1,9,8)
  [Team C] Артиллерия C1 (2,1,0) → SHOOT at (1,9,8)
  [Team C] Радиовышка C2 (4,6,4) → MOVE (4,7,5)
  [Team C] Прыгун C3 (4,5,4) → MOVE (4,6,5)
  [Team C] Тишина C5 (4,5,2) → MOVE (4,6,3)
  [Team C] Бурав C6 (5,3,3) → MOVE (4,4,4)
  [Team C] Провокатор C7 (2,4,2) → HOLOGRAM (3,5,3)
  [Team C] Паук C8 (5,4,4) → MINE (4,5,5)
  [Team C] Факел C4 → SKIP
! 🎮 GM: принудительно завершает фазу планирования
GM: end_planning
# 
============================================================
# 🔄 ОБРАБОТКА ХОДА 6
# ============================================================
!    ⚠️ Провокатор C7: клетка (3,5,3) уже занята голограммой
   💣 Паук A8 установил мину M3 в (4,7,5)
!    ⚠️ Паук B8: клетка (1,9,8) занята кораблём
   💣 Паук C8 установил мину M4 в (4,5,5)

📦 ПЕРЕМЕЩЕНИЯ:
   Радиовышка A2: (4, 8, 5) → (4,7,4)
   Тишина A5: (6, 8, 6) → (5,7,5)
!    ⚠️ Бурав A6: Бурав двигается только по 1 оси или по 2 осям строго диагонально
   Тишина B5: (3, 8, 5) → (4,8,5)
!    ⚠️ Бурав B6: Бурав двигается только по 1 оси или по 2 осям строго диагонально
   Радиовышка C2: (4, 6, 4) → (4,7,5)
!    💥 Мина M3 сработала под Радиовышка C2 (урон 2)
   Прыгун C3: (4, 5, 4) → (4,6,5)
   Тишина C5: (4, 5, 2) → (4,6,3)
!    ⚠️ Бурав C6: Бурав двигается только по 1 оси или по 2 осям строго диагонально

🎯 ВЫСТРЕЛЫ:
✓    ✅ Факел B4 поразил Бурав A6 (1 урона)!
   💀 Артиллерия C1 добивает Бурав A6
✓    ✅ Артиллерия C1 поразил Бурав A6 (2 урона)!
   Выпущено ракет: 2
# 
📊 РЕЗУЛЬТАТЫ ХОДА 6:
✓ 💥 ПОПАДАНИЯ:
✓    Факел B4 (Team B) → Бурав A6 (Team A)
✓    Артиллерия C1 (Team C) → Бурав A6 (Team A)

--- Результаты хода ---
  ? / ?                  → Team C / Радиовышка C2      @ (4,7,5)  (ранен)
  Team B / Факел B4           → Team A / Бурав A6           @ (1,9,8)  (УБИТ)
  Team C / Артиллерия C1      → Team A / Бурав A6           @ (1,9,8)  (ранен)

--- Состояние команд после хода ---
  Team A: живых 3/8
    ✓ Радиовышка A2      @ (4,7,4) hp=3/3
    ✓ Тишина A5          @ (5,7,5) hp=2/2
    ✓ Паук A8            @ (4,8,6) hp=1/1
    ✗ Артиллерия A1      @ (2,9,5) [уничтожен]
    ✗ Прыгун A3          @ (5,8,5) [уничтожен]
    ✗ Факел A4           @ (3,8,5) [уничтожен]
    ✗ Бурав A6           @ (1,9,8) [уничтожен]
    ✗ Провокатор A7      @ (5,8,6) [уничтожен]
  Team B: живых 4/8
    ✓ Факел B4           @ (1,9,4) hp=6/6
    ✓ Тишина B5          @ (4,8,5) hp=2/2
    ✓ Бурав B6           @ (0,8,6) hp=4/4
    ✓ Паук B8            @ (0,8,7) hp=1/1
    ✗ Артиллерия B1      @ (0,8,8) [уничтожен]
    ✗ Радиовышка B2      @ (1,9,8) [уничтожен]
    ✗ Прыгун B3          @ (5,8,5) [уничтожен]
    ✗ Провокатор B7      @ (0,8,1) [уничтожен]
  Team C: живых 8/8
    ✓ Артиллерия C1      @ (2,1,0) hp=1/1
    ✓ Радиовышка C2      @ (4,7,5) hp=1/3
    ✓ Прыгун C3          @ (4,6,5) hp=2/2
    ✓ Факел C4           @ (3,1,0) hp=6/6
    ✓ Тишина C5          @ (4,6,3) hp=2/2
    ✓ Бурав C6           @ (5,3,3) hp=4/4
    ✓ Провокатор C7      @ (2,4,2) hp=2/2
    ✓ Паук C8            @ (5,4,4) hp=1/1

======================================================================
ХОД 7
======================================================================
✓ 🎮 GM: начинаем ход
GM: start_turn

--- Радиовышки: сканирование слоя Z ---
  Радиовышка A2 (z=4): видит 2 врагов  → Факел B4(1,9,4), Паук C8(5,4,4)
  Радиовышка C2 (z=5): слой чист

--- Решения ботов ---
  [Team A] Радиовышка A2 (4,7,4) → MOVE (4,7,5)
  [Team A] Паук A8 (4,8,6) → MINE (4,8,5)
  [Team A] Тишина A5 → SKIP
  [Team B] Факел B4 (1,9,4) → MOVE (0,8,5)
  [Team B] Тишина B5 (4,8,5) → MOVE (4,7,4)
  [Team B] Бурав B6 (0,8,6) → MOVE (1,7,5)
  [Team B] Паук B8 (0,8,7) → MINE (1,7,6)
  [Team C] Артиллерия C1 (2,1,0) → SHOOT at (4,8,6)
  [Team C] Радиовышка C2 (4,7,5) → MOVE (4,7,4)
  [Team C] Прыгун C3 (4,6,5) → MOVE (4,8,6)
  [Team C] Факел C4 (3,1,0) → MOVE (4,2,1)
  [Team C] Тишина C5 (4,6,3) → MOVE (4,7,3)
  [Team C] Бурав C6 (5,3,3) → MOVE (4,4,4)
  [Team C] Провокатор C7 (2,4,2) → HOLOGRAM (3,5,3)
  [Team C] Паук C8 (5,4,4) → MINE (4,5,4)
! 🎮 GM: принудительно завершает фазу планирования
GM: end_planning
# 
============================================================
# 🔄 ОБРАБОТКА ХОДА 7
# ============================================================
!    ⚠️ Провокатор C7: клетка (3,5,3) уже занята голограммой
!    ⚠️ Паук A8: клетка (4,8,5) занята кораблём
   💣 Паук B8 установил мину M5 в (1,7,6)
   💣 Паук C8 установил мину M6 в (4,5,4)

📦 ПЕРЕМЕЩЕНИЯ:
!    ⚠️ Радиовышка A2: клетка (4,7,5) занята
   Факел B4: (1, 9, 4) → (0,8,5)
!    ⚠️ Тишина B5: клетка (4,7,4) занята
!    ⚠️ Бурав B6: Бурав двигается только по 1 оси или по 2 осям строго диагонально
!    ⚠️ Радиовышка C2: клетка (4,7,4) занята
✓    💥 Прыгун C3 тараном уничтожил Паук A8 в (4,8,6)
   Прыгун C3: (4, 6, 5) → (4,8,6)
   Факел C4: (3, 1, 0) → (4,2,1)
   Тишина C5: (4, 6, 3) → (4,7,3)
!    ⚠️ Бурав C6: Бурав двигается только по 1 оси или по 2 осям строго диагонально

🎯 ВЫСТРЕЛЫ:
   Выпущено ракет: 1
# 
📊 РЕЗУЛЬТАТЫ ХОДА 7:
🎯 Попаданий нет

--- Результаты хода ---
  Team C / Прыгун C3          → Team A / Паук A8            @ (4,8,6)  (УБИТ)

--- Состояние команд после хода ---
  Team A: живых 2/8
    ✓ Радиовышка A2      @ (4,7,4) hp=3/3
    ✓ Тишина A5          @ (5,7,5) hp=2/2
    ✗ Артиллерия A1      @ (2,9,5) [уничтожен]
    ✗ Прыгун A3          @ (5,8,5) [уничтожен]
    ✗ Факел A4           @ (3,8,5) [уничтожен]
    ✗ Бурав A6           @ (1,9,8) [уничтожен]
    ✗ Провокатор A7      @ (5,8,6) [уничтожен]
    ✗ Паук A8            @ (4,8,6) [уничтожен]
  Team B: живых 4/8
    ✓ Факел B4           @ (0,8,5) hp=6/6
    ✓ Тишина B5          @ (4,8,5) hp=2/2
    ✓ Бурав B6           @ (0,8,6) hp=4/4
    ✓ Паук B8            @ (0,8,7) hp=1/1
    ✗ Артиллерия B1      @ (0,8,8) [уничтожен]
    ✗ Радиовышка B2      @ (1,9,8) [уничтожен]
    ✗ Прыгун B3          @ (5,8,5) [уничтожен]
    ✗ Провокатор B7      @ (0,8,1) [уничтожен]
  Team C: живых 8/8
    ✓ Артиллерия C1      @ (2,1,0) hp=1/1
    ✓ Радиовышка C2      @ (4,7,5) hp=1/3
    ✓ Прыгун C3          @ (4,8,6) hp=2/2
    ✓ Факел C4           @ (4,2,1) hp=6/6
    ✓ Тишина C5          @ (4,7,3) hp=2/2
    ✓ Бурав C6           @ (5,3,3) hp=4/4
    ✓ Провокатор C7      @ (2,4,2) hp=2/2
    ✓ Паук C8            @ (5,4,4) hp=1/1

======================================================================
ХОД 8
======================================================================
✓ 🎮 GM: начинаем ход
GM: start_turn

--- Радиовышки: сканирование слоя Z ---
  Радиовышка A2 (z=4): видит 1 врагов  → Паук C8(5,4,4)
  Радиовышка C2 (z=5): видит 1 врагов  → Факел B4(0,8,5)

--- Решения ботов ---
  [Team A] Радиовышка A2 (4,7,4) → MOVE (4,7,5)
  [Team A] Тишина A5 → SKIP
  [Team B] Тишина B5 (4,8,5) → MOVE (4,7,4)
  [Team B] Бурав B6 (0,8,6) → MOVE (1,7,5)
  [Team B] Паук B8 (0,8,7) → MINE (1,7,6)
  [Team B] Факел B4 → SKIP
  [Team C] Артиллерия C1 (2,1,0) → SHOOT at (0,8,7)
  [Team C] Радиовышка C2 (4,7,5) → MOVE (4,7,4)
  [Team C] Прыгун C3 (4,8,6) → SHOOT at (0,8,6)
  [Team C] Факел C4 (4,2,1) → MOVE (4,3,2)
  [Team C] Бурав C6 (5,3,3) → MOVE (4,4,4)
  [Team C] Провокатор C7 (2,4,2) → HOLOGRAM (3,5,3)
  [Team C] Паук C8 (5,4,4) → MINE (4,5,4)
  [Team C] Тишина C5 → SKIP
! 🎮 GM: принудительно завершает фазу планирования
GM: end_planning
# 
============================================================
# 🔄 ОБРАБОТКА ХОДА 8
# ============================================================
!    ⚠️ Провокатор C7: клетка (3,5,3) уже занята голограммой
!    ⚠️ Паук B8: в клетке уже стоит мина
!    ⚠️ Паук C8: в клетке уже стоит мина

📦 ПЕРЕМЕЩЕНИЯ:
!    ⚠️ Радиовышка A2: клетка (4,7,5) занята
!    ⚠️ Тишина B5: клетка (4,7,4) занята
!    ⚠️ Бурав B6: Бурав двигается только по 1 оси или по 2 осям строго диагонально
!    ⚠️ Радиовышка C2: клетка (4,7,4) занята
   Факел C4: (4, 2, 1) → (4,3,2)
!    ⚠️ Бурав C6: Бурав двигается только по 1 оси или по 2 осям строго диагонально

🎯 ВЫСТРЕЛЫ:
✓    ✅ Артиллерия C1 поразил Паук B8 (2 урона)!
✓    ✅ Прыгун C3 поразил Бурав B6 (1 урона)!
   Выпущено ракет: 2
# 
📊 РЕЗУЛЬТАТЫ ХОДА 8:
✓ 💥 ПОПАДАНИЯ:
✓    Артиллерия C1 (Team C) → Паук B8 (Team B)
✓    Прыгун C3 (Team C) → Бурав B6 (Team B)

--- Результаты хода ---
  Team C / Артиллерия C1      → Team B / Паук B8            @ (0,8,7)  (УБИТ)
  Team C / Прыгун C3          → Team B / Бурав B6           @ (0,8,6)  (ранен)

--- Состояние команд после хода ---
  Team A: живых 2/8
    ✓ Радиовышка A2      @ (4,7,4) hp=3/3
    ✓ Тишина A5          @ (5,7,5) hp=2/2
    ✗ Артиллерия A1      @ (2,9,5) [уничтожен]
    ✗ Прыгун A3          @ (5,8,5) [уничтожен]
    ✗ Факел A4           @ (3,8,5) [уничтожен]
    ✗ Бурав A6           @ (1,9,8) [уничтожен]
    ✗ Провокатор A7      @ (5,8,6) [уничтожен]
    ✗ Паук A8            @ (4,8,6) [уничтожен]
  Team B: живых 3/8
    ✓ Факел B4           @ (0,8,5) hp=6/6
    ✓ Тишина B5          @ (4,8,5) hp=2/2
    ✓ Бурав B6           @ (0,8,6) hp=3/4
    ✗ Артиллерия B1      @ (0,8,8) [уничтожен]
    ✗ Радиовышка B2      @ (1,9,8) [уничтожен]
    ✗ Прыгун B3          @ (5,8,5) [уничтожен]
    ✗ Провокатор B7      @ (0,8,1) [уничтожен]
    ✗ Паук B8            @ (0,8,7) [уничтожен]
  Team C: живых 8/8
    ✓ Артиллерия C1      @ (2,1,0) hp=1/1
    ✓ Радиовышка C2      @ (4,7,5) hp=1/3
    ✓ Прыгун C3          @ (4,8,6) hp=2/2
    ✓ Факел C4           @ (4,3,2) hp=6/6
    ✓ Тишина C5          @ (4,7,3) hp=2/2
    ✓ Бурав C6           @ (5,3,3) hp=4/4
    ✓ Провокатор C7      @ (2,4,2) hp=2/2
    ✓ Паук C8            @ (5,4,4) hp=1/1

======================================================================
ХОД 9
======================================================================
✓ 🎮 GM: начинаем ход
GM: start_turn

--- Радиовышки: сканирование слоя Z ---
  Радиовышка A2 (z=4): видит 1 врагов  → Паук C8(5,4,4)
  Радиовышка C2 (z=5): видит 1 врагов  → Факел B4(0,8,5)

--- Решения ботов ---
  [Team A] Радиовышка A2 (4,7,4) → MOVE (4,7,5)
  [Team A] Тишина A5 → SKIP
  [Team B] Факел B4 (0,8,5) → HEAL (AoE)
  [Team B] Тишина B5 (4,8,5) → MOVE (4,7,4)
  [Team B] Бурав B6 (0,8,6) → MOVE (1,7,5)
  [Team C] Артиллерия C1 (2,1,0) → SHOOT at (0,8,5)
  [Team C] Радиовышка C2 (4,7,5) → MOVE (4,7,4)
  [Team C] Прыгун C3 (4,8,6) → SHOOT at (0,8,6)
  [Team C] Факел C4 (4,3,2) → MOVE (4,4,3)
  [Team C] Бурав C6 (5,3,3) → MOVE (4,4,4)
  [Team C] Провокатор C7 (2,4,2) → HOLOGRAM (3,5,3)
  [Team C] Паук C8 (5,4,4) → MINE (4,5,4)
  [Team C] Тишина C5 → SKIP
! 🎮 GM: принудительно завершает фазу планирования
GM: end_planning
# 
============================================================
# 🔄 ОБРАБОТКА ХОДА 9
# ============================================================
!    ⚠️ Провокатор C7: клетка (3,5,3) уже занята голограммой
!    ⚠️ Паук C8: в клетке уже стоит мина

📦 ПЕРЕМЕЩЕНИЯ:
!    ⚠️ Радиовышка A2: клетка (4,7,5) занята
!    ⚠️ Тишина B5: клетка (4,7,4) занята
!    ⚠️ Бурав B6: Бурав двигается только по 1 оси или по 2 осям строго диагонально
!    ⚠️ Радиовышка C2: клетка (4,7,4) занята
   Факел C4: (4, 3, 2) → (4,4,3)
!    ⚠️ Бурав C6: Бурав двигается только по 1 оси или по 2 осям строго диагонально

🎯 ВЫСТРЕЛЫ:
✓    ✅ Артиллерия C1 поразил Факел B4 (2 урона)!
✓    ✅ Прыгун C3 поразил Бурав B6 (1 урона)!
✓    💚 Факел B4 лечит Факел B4 → hits=1/6
✓    💚 Факел B4 лечит Бурав B6 → hits=1/4
   Выпущено ракет: 2
# 
📊 РЕЗУЛЬТАТЫ ХОДА 9:
✓ 💥 ПОПАДАНИЯ:
✓    Артиллерия C1 (Team C) → Факел B4 (Team B)
✓    Прыгун C3 (Team C) → Бурав B6 (Team B)

--- Результаты хода ---
  Team C / Артиллерия C1      → Team B / Факел B4           @ (0,8,5)  (ранен)
  Team C / Прыгун C3          → Team B / Бурав B6           @ (0,8,6)  (ранен)

--- Состояние команд после хода ---
  Team A: живых 2/8
    ✓ Радиовышка A2      @ (4,7,4) hp=3/3
    ✓ Тишина A5          @ (5,7,5) hp=2/2
    ✗ Артиллерия A1      @ (2,9,5) [уничтожен]
    ✗ Прыгун A3          @ (5,8,5) [уничтожен]
    ✗ Факел A4           @ (3,8,5) [уничтожен]
    ✗ Бурав A6           @ (1,9,8) [уничтожен]
    ✗ Провокатор A7      @ (5,8,6) [уничтожен]
    ✗ Паук A8            @ (4,8,6) [уничтожен]
  Team B: живых 3/8
    ✓ Факел B4           @ (0,8,5) hp=5/6
    ✓ Тишина B5          @ (4,8,5) hp=2/2
    ✓ Бурав B6           @ (0,8,6) hp=3/4
    ✗ Артиллерия B1      @ (0,8,8) [уничтожен]
    ✗ Радиовышка B2      @ (1,9,8) [уничтожен]
    ✗ Прыгун B3          @ (5,8,5) [уничтожен]
    ✗ Провокатор B7      @ (0,8,1) [уничтожен]
    ✗ Паук B8            @ (0,8,7) [уничтожен]
  Team C: живых 8/8
    ✓ Артиллерия C1      @ (2,1,0) hp=1/1
    ✓ Радиовышка C2      @ (4,7,5) hp=1/3
    ✓ Прыгун C3          @ (4,8,6) hp=2/2
    ✓ Факел C4           @ (4,4,3) hp=6/6
    ✓ Тишина C5          @ (4,7,3) hp=2/2
    ✓ Бурав C6           @ (5,3,3) hp=4/4
    ✓ Провокатор C7      @ (2,4,2) hp=2/2
    ✓ Паук C8            @ (5,4,4) hp=1/1

======================================================================
ХОД 10
======================================================================
✓ 🎮 GM: начинаем ход
GM: start_turn

--- Радиовышки: сканирование слоя Z ---
  Радиовышка A2 (z=4): видит 1 врагов  → Паук C8(5,4,4)
  Радиовышка C2 (z=5): видит 1 врагов  → Факел B4(0,8,5)

--- Решения ботов ---
  [Team A] Радиовышка A2 (4,7,4) → MOVE (4,7,5)
  [Team A] Тишина A5 → SKIP
  [Team B] Факел B4 (0,8,5) → HEAL (AoE)
  [Team B] Тишина B5 (4,8,5) → MOVE (4,7,4)
  [Team B] Бурав B6 (0,8,6) → MOVE (1,7,5)
  [Team C] Артиллерия C1 (2,1,0) → SHOOT at (0,8,5)
  [Team C] Радиовышка C2 (4,7,5) → MOVE (4,7,4)
  [Team C] Прыгун C3 (4,8,6) → SHOOT at (0,8,6)
  [Team C] Факел C4 (4,4,3) → MOVE (4,5,4)
  [Team C] Бурав C6 (5,3,3) → MOVE (4,4,4)
  [Team C] Провокатор C7 (2,4,2) → HOLOGRAM (3,5,3)
  [Team C] Паук C8 (5,4,4) → MINE (5,5,4)
  [Team C] Тишина C5 → SKIP
! 🎮 GM: принудительно завершает фазу планирования
GM: end_planning
# 
============================================================
# 🔄 ОБРАБОТКА ХОДА 10
# ============================================================
!    ⚠️ Провокатор C7: клетка (3,5,3) уже занята голограммой
   💣 Паук C8 установил мину M7 в (5,5,4)

📦 ПЕРЕМЕЩЕНИЯ:
!    ⚠️ Радиовышка A2: клетка (4,7,5) занята
!    ⚠️ Тишина B5: клетка (4,7,4) занята
!    ⚠️ Бурав B6: Бурав двигается только по 1 оси или по 2 осям строго диагонально
!    ⚠️ Радиовышка C2: клетка (4,7,4) занята
   Факел C4: (4, 4, 3) → (4,5,4)
!    ⚠️ Бурав C6: Бурав двигается только по 1 оси или по 2 осям строго диагонально

🎯 ВЫСТРЕЛЫ:
✓    ✅ Артиллерия C1 поразил Факел B4 (2 урона)!
✓    ✅ Прыгун C3 поразил Бурав B6 (1 урона)!
✓    💚 Факел B4 лечит Факел B4 → hits=2/6
✓    💚 Факел B4 лечит Бурав B6 → hits=1/4
   Выпущено ракет: 2
# 
📊 РЕЗУЛЬТАТЫ ХОДА 10:
✓ 💥 ПОПАДАНИЯ:
✓    Артиллерия C1 (Team C) → Факел B4 (Team B)
✓    Прыгун C3 (Team C) → Бурав B6 (Team B)

--- Результаты хода ---
  Team C / Артиллерия C1      → Team B / Факел B4           @ (0,8,5)  (ранен)
  Team C / Прыгун C3          → Team B / Бурав B6           @ (0,8,6)  (ранен)

--- Состояние команд после хода ---
  Team A: живых 2/8
    ✓ Радиовышка A2      @ (4,7,4) hp=3/3
    ✓ Тишина A5          @ (5,7,5) hp=2/2
    ✗ Артиллерия A1      @ (2,9,5) [уничтожен]
    ✗ Прыгун A3          @ (5,8,5) [уничтожен]
    ✗ Факел A4           @ (3,8,5) [уничтожен]
    ✗ Бурав A6           @ (1,9,8) [уничтожен]
    ✗ Провокатор A7      @ (5,8,6) [уничтожен]
    ✗ Паук A8            @ (4,8,6) [уничтожен]
  Team B: живых 3/8
    ✓ Факел B4           @ (0,8,5) hp=4/6
    ✓ Тишина B5          @ (4,8,5) hp=2/2
    ✓ Бурав B6           @ (0,8,6) hp=3/4
    ✗ Артиллерия B1      @ (0,8,8) [уничтожен]
    ✗ Радиовышка B2      @ (1,9,8) [уничтожен]
    ✗ Прыгун B3          @ (5,8,5) [уничтожен]
    ✗ Провокатор B7      @ (0,8,1) [уничтожен]
    ✗ Паук B8            @ (0,8,7) [уничтожен]
  Team C: живых 8/8
    ✓ Артиллерия C1      @ (2,1,0) hp=1/1
    ✓ Радиовышка C2      @ (4,7,5) hp=1/3
    ✓ Прыгун C3          @ (4,8,6) hp=2/2
    ✓ Факел C4           @ (4,5,4) hp=6/6
    ✓ Тишина C5          @ (4,7,3) hp=2/2
    ✓ Бурав C6           @ (5,3,3) hp=4/4
    ✓ Провокатор C7      @ (2,4,2) hp=2/2
    ✓ Паук C8            @ (5,4,4) hp=1/1

======================================================================
ХОД 11
======================================================================
✓ 🎮 GM: начинаем ход
GM: start_turn

--- Радиовышки: сканирование слоя Z ---
  Радиовышка A2 (z=4): видит 2 врагов  → Факел C4(4,5,4), Паук C8(5,4,4)
  Радиовышка C2 (z=5): видит 1 врагов  → Факел B4(0,8,5)

--- Решения ботов ---
  [Team A] Радиовышка A2 (4,7,4) → MOVE (4,7,5)
  [Team A] Тишина A5 → SKIP
  [Team B] Факел B4 (0,8,5) → HEAL (AoE)
  [Team B] Тишина B5 (4,8,5) → MOVE (4,7,4)
  [Team B] Бурав B6 (0,8,6) → MOVE (1,7,5)
  [Team C] Артиллерия C1 (2,1,0) → SHOOT at (0,8,5)
  [Team C] Радиовышка C2 (4,7,5) → MOVE (4,7,4)
  [Team C] Прыгун C3 (4,8,6) → SHOOT at (0,8,6)
  [Team C] Факел C4 (4,5,4) → HEAL (AoE)
  [Team C] Бурав C6 (5,3,3) → MOVE (4,4,4)
  [Team C] Провокатор C7 (2,4,2) → HOLOGRAM (3,5,3)
  [Team C] Паук C8 (5,4,4) → MINE (5,5,4)
  [Team C] Тишина C5 → SKIP
! 🎮 GM: принудительно завершает фазу планирования
GM: end_planning
# 
============================================================
# 🔄 ОБРАБОТКА ХОДА 11
# ============================================================
!    ⚠️ Провокатор C7: клетка (3,5,3) уже занята голограммой
!    ⚠️ Паук C8: в клетке уже стоит мина

📦 ПЕРЕМЕЩЕНИЯ:
!    ⚠️ Радиовышка A2: клетка (4,7,5) занята
!    ⚠️ Тишина B5: клетка (4,7,4) занята
!    ⚠️ Бурав B6: Бурав двигается только по 1 оси или по 2 осям строго диагонально
!    ⚠️ Радиовышка C2: клетка (4,7,4) занята
!    ⚠️ Бурав C6: Бурав двигается только по 1 оси или по 2 осям строго диагонально

🎯 ВЫСТРЕЛЫ:
✓    ✅ Артиллерия C1 поразил Факел B4 (2 урона)!
✓    ✅ Прыгун C3 поразил Бурав B6 (1 урона)!
✓    💚 Факел B4 лечит Факел B4 → hits=3/6
✓    💚 Факел B4 лечит Бурав B6 → hits=1/4
✓    💚 Факел C4 лечит Радиовышка C2 → hits=1/3
   Выпущено ракет: 2
# 
📊 РЕЗУЛЬТАТЫ ХОДА 11:
✓ 💥 ПОПАДАНИЯ:
✓    Артиллерия C1 (Team C) → Факел B4 (Team B)
✓    Прыгун C3 (Team C) → Бурав B6 (Team B)

--- Результаты хода ---
  Team C / Артиллерия C1      → Team B / Факел B4           @ (0,8,5)  (ранен)
  Team C / Прыгун C3          → Team B / Бурав B6           @ (0,8,6)  (ранен)

--- Состояние команд после хода ---
  Team A: живых 2/8
    ✓ Радиовышка A2      @ (4,7,4) hp=3/3
    ✓ Тишина A5          @ (5,7,5) hp=2/2
    ✗ Артиллерия A1      @ (2,9,5) [уничтожен]
    ✗ Прыгун A3          @ (5,8,5) [уничтожен]
    ✗ Факел A4           @ (3,8,5) [уничтожен]
    ✗ Бурав A6           @ (1,9,8) [уничтожен]
    ✗ Провокатор A7      @ (5,8,6) [уничтожен]
    ✗ Паук A8            @ (4,8,6) [уничтожен]
  Team B: живых 3/8
    ✓ Факел B4           @ (0,8,5) hp=3/6
    ✓ Тишина B5          @ (4,8,5) hp=2/2
    ✓ Бурав B6           @ (0,8,6) hp=3/4
    ✗ Артиллерия B1      @ (0,8,8) [уничтожен]
    ✗ Радиовышка B2      @ (1,9,8) [уничтожен]
    ✗ Прыгун B3          @ (5,8,5) [уничтожен]
    ✗ Провокатор B7      @ (0,8,1) [уничтожен]
    ✗ Паук B8            @ (0,8,7) [уничтожен]
  Team C: живых 8/8
    ✓ Артиллерия C1      @ (2,1,0) hp=1/1
    ✓ Радиовышка C2      @ (4,7,5) hp=2/3
    ✓ Прыгун C3          @ (4,8,6) hp=2/2
    ✓ Факел C4           @ (4,5,4) hp=6/6
    ✓ Тишина C5          @ (4,7,3) hp=2/2
    ✓ Бурав C6           @ (5,3,3) hp=4/4
    ✓ Провокатор C7      @ (2,4,2) hp=2/2
    ✓ Паук C8            @ (5,4,4) hp=1/1

======================================================================
ХОД 12
======================================================================
✓ 🎮 GM: начинаем ход
GM: start_turn

--- Радиовышки: сканирование слоя Z ---
  Радиовышка A2 (z=4): видит 2 врагов  → Факел C4(4,5,4), Паук C8(5,4,4)
  Радиовышка C2 (z=5): видит 1 врагов  → Факел B4(0,8,5)

--- Решения ботов ---
  [Team A] Радиовышка A2 (4,7,4) → MOVE (4,7,5)
  [Team A] Тишина A5 → SKIP
  [Team B] Факел B4 (0,8,5) → HEAL (AoE)
  [Team B] Тишина B5 (4,8,5) → MOVE (4,7,4)
  [Team B] Бурав B6 (0,8,6) → MOVE (1,7,5)
  [Team C] Артиллерия C1 (2,1,0) → SHOOT at (0,8,5)
  [Team C] Радиовышка C2 (4,7,5) → MOVE (4,7,4)
  [Team C] Прыгун C3 (4,8,6) → SHOOT at (0,8,6)
  [Team C] Факел C4 (4,5,4) → HEAL (AoE)
  [Team C] Бурав C6 (5,3,3) → MOVE (4,4,4)
  [Team C] Провокатор C7 (2,4,2) → HOLOGRAM (3,5,3)
  [Team C] Паук C8 (5,4,4) → MINE (5,5,4)
  [Team C] Тишина C5 → SKIP
! 🎮 GM: принудительно завершает фазу планирования
GM: end_planning
# 
============================================================
# 🔄 ОБРАБОТКА ХОДА 12
# ============================================================
!    ⚠️ Провокатор C7: клетка (3,5,3) уже занята голограммой
!    ⚠️ Паук C8: в клетке уже стоит мина

📦 ПЕРЕМЕЩЕНИЯ:
!    ⚠️ Радиовышка A2: клетка (4,7,5) занята
!    ⚠️ Тишина B5: клетка (4,7,4) занята
!    ⚠️ Бурав B6: Бурав двигается только по 1 оси или по 2 осям строго диагонально
!    ⚠️ Радиовышка C2: клетка (4,7,4) занята
!    ⚠️ Бурав C6: Бурав двигается только по 1 оси или по 2 осям строго диагонально

🎯 ВЫСТРЕЛЫ:
✓    ✅ Артиллерия C1 поразил Факел B4 (2 урона)!
✓    ✅ Прыгун C3 поразил Бурав B6 (1 урона)!
✓    💚 Факел B4 лечит Факел B4 → hits=4/6
✓    💚 Факел B4 лечит Бурав B6 → hits=1/4
✓    💚 Факел C4 лечит Радиовышка C2 → hits=0/3
   Выпущено ракет: 2
# 
📊 РЕЗУЛЬТАТЫ ХОДА 12:
✓ 💥 ПОПАДАНИЯ:
✓    Артиллерия C1 (Team C) → Факел B4 (Team B)
✓    Прыгун C3 (Team C) → Бурав B6 (Team B)

--- Результаты хода ---
  Team C / Артиллерия C1      → Team B / Факел B4           @ (0,8,5)  (ранен)
  Team C / Прыгун C3          → Team B / Бурав B6           @ (0,8,6)  (ранен)

--- Состояние команд после хода ---
  Team A: живых 2/8
    ✓ Радиовышка A2      @ (4,7,4) hp=3/3
    ✓ Тишина A5          @ (5,7,5) hp=2/2
    ✗ Артиллерия A1      @ (2,9,5) [уничтожен]
    ✗ Прыгун A3          @ (5,8,5) [уничтожен]
    ✗ Факел A4           @ (3,8,5) [уничтожен]
    ✗ Бурав A6           @ (1,9,8) [уничтожен]
    ✗ Провокатор A7      @ (5,8,6) [уничтожен]
    ✗ Паук A8            @ (4,8,6) [уничтожен]
  Team B: живых 3/8
    ✓ Факел B4           @ (0,8,5) hp=2/6
    ✓ Тишина B5          @ (4,8,5) hp=2/2
    ✓ Бурав B6           @ (0,8,6) hp=3/4
    ✗ Артиллерия B1      @ (0,8,8) [уничтожен]
    ✗ Радиовышка B2      @ (1,9,8) [уничтожен]
    ✗ Прыгун B3          @ (5,8,5) [уничтожен]
    ✗ Провокатор B7      @ (0,8,1) [уничтожен]
    ✗ Паук B8            @ (0,8,7) [уничтожен]
  Team C: живых 8/8
    ✓ Артиллерия C1      @ (2,1,0) hp=1/1
    ✓ Радиовышка C2      @ (4,7,5) hp=3/3
    ✓ Прыгун C3          @ (4,8,6) hp=2/2
    ✓ Факел C4           @ (4,5,4) hp=6/6
    ✓ Тишина C5          @ (4,7,3) hp=2/2
    ✓ Бурав C6           @ (5,3,3) hp=4/4
    ✓ Провокатор C7      @ (2,4,2) hp=2/2
    ✓ Паук C8            @ (5,4,4) hp=1/1

======================================================================
ХОД 13
======================================================================
✓ 🎮 GM: начинаем ход
GM: start_turn

--- Радиовышки: сканирование слоя Z ---
  Радиовышка A2 (z=4): видит 2 врагов  → Факел C4(4,5,4), Паук C8(5,4,4)
  Радиовышка C2 (z=5): видит 1 врагов  → Факел B4(0,8,5)

--- Решения ботов ---
  [Team A] Радиовышка A2 (4,7,4) → MOVE (4,7,5)
  [Team A] Тишина A5 → SKIP
  [Team B] Факел B4 (0,8,5) → HEAL (AoE)
  [Team B] Тишина B5 (4,8,5) → MOVE (4,7,4)
  [Team B] Бурав B6 (0,8,6) → MOVE (1,7,5)
  [Team C] Артиллерия C1 (2,1,0) → SHOOT at (0,8,5)
  [Team C] Радиовышка C2 (4,7,5) → MOVE (4,7,4)
  [Team C] Прыгун C3 (4,8,6) → SHOOT at (0,8,6)
  [Team C] Факел C4 (4,5,4) → SHOOT at (4,7,4)
  [Team C] Бурав C6 (5,3,3) → MOVE (4,4,4)
  [Team C] Провокатор C7 (2,4,2) → HOLOGRAM (3,5,3)
  [Team C] Паук C8 (5,4,4) → MINE (5,5,4)
  [Team C] Тишина C5 → SKIP
! 🎮 GM: принудительно завершает фазу планирования
GM: end_planning
# 
============================================================
# 🔄 ОБРАБОТКА ХОДА 13
# ============================================================
!    ⚠️ Провокатор C7: клетка (3,5,3) уже занята голограммой
!    ⚠️ Паук C8: в клетке уже стоит мина

📦 ПЕРЕМЕЩЕНИЯ:
!    ⚠️ Радиовышка A2: клетка (4,7,5) занята
!    ⚠️ Тишина B5: клетка (4,7,4) занята
!    ⚠️ Бурав B6: Бурав двигается только по 1 оси или по 2 осям строго диагонально
!    ⚠️ Радиовышка C2: клетка (4,7,4) занята
!    ⚠️ Бурав C6: Бурав двигается только по 1 оси или по 2 осям строго диагонально

🎯 ВЫСТРЕЛЫ:
✓    ✅ Артиллерия C1 поразил Факел B4 (2 урона)!
✓    ✅ Прыгун C3 поразил Бурав B6 (1 урона)!
✓    ✅ Факел C4 поразил Радиовышка A2 (1 урона)!
   Выпущено ракет: 3
# 
📊 РЕЗУЛЬТАТЫ ХОДА 13:
✓ 💥 ПОПАДАНИЯ:
✓    Артиллерия C1 (Team C) → Факел B4 (Team B)
✓    Прыгун C3 (Team C) → Бурав B6 (Team B)
✓    Факел C4 (Team C) → Радиовышка A2 (Team A)

--- Результаты хода ---
  Team C / Артиллерия C1      → Team B / Факел B4           @ (0,8,5)  (УБИТ)
  Team C / Прыгун C3          → Team B / Бурав B6           @ (0,8,6)  (ранен)
  Team C / Факел C4           → Team A / Радиовышка A2      @ (4,7,4)  (ранен)

--- Состояние команд после хода ---
  Team A: живых 2/8
    ✓ Радиовышка A2      @ (4,7,4) hp=2/3
    ✓ Тишина A5          @ (5,7,5) hp=2/2
    ✗ Артиллерия A1      @ (2,9,5) [уничтожен]
    ✗ Прыгун A3          @ (5,8,5) [уничтожен]
    ✗ Факел A4           @ (3,8,5) [уничтожен]
    ✗ Бурав A6           @ (1,9,8) [уничтожен]
    ✗ Провокатор A7      @ (5,8,6) [уничтожен]
    ✗ Паук A8            @ (4,8,6) [уничтожен]
  Team B: живых 2/8
    ✓ Тишина B5          @ (4,8,5) hp=2/2
    ✓ Бурав B6           @ (0,8,6) hp=2/4
    ✗ Артиллерия B1      @ (0,8,8) [уничтожен]
    ✗ Радиовышка B2      @ (1,9,8) [уничтожен]
    ✗ Прыгун B3          @ (5,8,5) [уничтожен]
    ✗ Факел B4           @ (0,8,5) [уничтожен]
    ✗ Провокатор B7      @ (0,8,1) [уничтожен]
    ✗ Паук B8            @ (0,8,7) [уничтожен]
  Team C: живых 8/8
    ✓ Артиллерия C1      @ (2,1,0) hp=1/1
    ✓ Радиовышка C2      @ (4,7,5) hp=3/3
    ✓ Прыгун C3          @ (4,8,6) hp=2/2
    ✓ Факел C4           @ (4,5,4) hp=6/6
    ✓ Тишина C5          @ (4,7,3) hp=2/2
    ✓ Бурав C6           @ (5,3,3) hp=4/4
    ✓ Провокатор C7      @ (2,4,2) hp=2/2
    ✓ Паук C8            @ (5,4,4) hp=1/1

======================================================================
ХОД 14
======================================================================
✓ 🎮 GM: начинаем ход
GM: start_turn

--- Радиовышки: сканирование слоя Z ---
  Радиовышка A2 (z=4): видит 2 врагов  → Факел C4(4,5,4), Паук C8(5,4,4)
  Радиовышка C2 (z=5): слой чист

--- Решения ботов ---
  [Team A] Радиовышка A2 (4,7,4) → MOVE (4,7,5)
  [Team A] Тишина A5 → SKIP
  [Team B] Тишина B5 (4,8,5) → MOVE (4,7,4)
  [Team B] Бурав B6 (0,8,6) → MOVE (1,7,5)
  [Team C] Артиллерия C1 (2,1,0) → SHOOT at (0,8,6)
  [Team C] Радиовышка C2 (4,7,5) → MOVE (4,7,4)
  [Team C] Прыгун C3 (4,8,6) → SHOOT at (0,8,6)
  [Team C] Факел C4 (4,5,4) → SHOOT at (4,7,4)
  [Team C] Тишина C5 (4,7,3) → PHASE toggle
  [Team C] Бурав C6 (5,3,3) → MOVE (4,4,4)
  [Team C] Провокатор C7 (2,4,2) → HOLOGRAM (3,5,3)
  [Team C] Паук C8 (5,4,4) → MINE (5,5,4)
! 🎮 GM: принудительно завершает фазу планирования
GM: end_planning
# 
============================================================
# 🔄 ОБРАБОТКА ХОДА 14
# ============================================================
   🌀 Тишина C5: фаза ВЫКЛ
!    ⚠️ Провокатор C7: клетка (3,5,3) уже занята голограммой
!    ⚠️ Паук C8: в клетке уже стоит мина

📦 ПЕРЕМЕЩЕНИЯ:
!    ⚠️ Радиовышка A2: клетка (4,7,5) занята
!    ⚠️ Тишина B5: клетка (4,7,4) занята
!    ⚠️ Бурав B6: Бурав двигается только по 1 оси или по 2 осям строго диагонально
!    ⚠️ Радиовышка C2: клетка (4,7,4) занята
!    ⚠️ Бурав C6: Бурав двигается только по 1 оси или по 2 осям строго диагонально

🎯 ВЫСТРЕЛЫ:
✓    ✅ Артиллерия C1 поразил Бурав B6 (2 урона)!
   💀 Прыгун C3 добивает Бурав B6
✓    ✅ Прыгун C3 поразил Бурав B6 (1 урона)!
✓    ✅ Факел C4 поразил Радиовышка A2 (1 урона)!
   Выпущено ракет: 3
# 
📊 РЕЗУЛЬТАТЫ ХОДА 14:
✓ 💥 ПОПАДАНИЯ:
✓    Артиллерия C1 (Team C) → Бурав B6 (Team B)
✓    Прыгун C3 (Team C) → Бурав B6 (Team B)
✓    Факел C4 (Team C) → Радиовышка A2 (Team A)

--- Результаты хода ---
  Team C / Артиллерия C1      → Team B / Бурав B6           @ (0,8,6)  (УБИТ)
  Team C / Прыгун C3          → Team B / Бурав B6           @ (0,8,6)  (ранен)
  Team C / Факел C4           → Team A / Радиовышка A2      @ (4,7,4)  (ранен)

--- Состояние команд после хода ---
  Team A: живых 2/8
    ✓ Радиовышка A2      @ (4,7,4) hp=1/3
    ✓ Тишина A5          @ (5,7,5) hp=2/2
    ✗ Артиллерия A1      @ (2,9,5) [уничтожен]
    ✗ Прыгун A3          @ (5,8,5) [уничтожен]
    ✗ Факел A4           @ (3,8,5) [уничтожен]
    ✗ Бурав A6           @ (1,9,8) [уничтожен]
    ✗ Провокатор A7      @ (5,8,6) [уничтожен]
    ✗ Паук A8            @ (4,8,6) [уничтожен]
  Team B: живых 1/8
    ✓ Тишина B5          @ (4,8,5) hp=2/2
    ✗ Артиллерия B1      @ (0,8,8) [уничтожен]
    ✗ Радиовышка B2      @ (1,9,8) [уничтожен]
    ✗ Прыгун B3          @ (5,8,5) [уничтожен]
    ✗ Факел B4           @ (0,8,5) [уничтожен]
    ✗ Бурав B6           @ (0,8,6) [уничтожен]
    ✗ Провокатор B7      @ (0,8,1) [уничтожен]
    ✗ Паук B8            @ (0,8,7) [уничтожен]
  Team C: живых 8/8
    ✓ Артиллерия C1      @ (2,1,0) hp=1/1
    ✓ Радиовышка C2      @ (4,7,5) hp=3/3
    ✓ Прыгун C3          @ (4,8,6) hp=2/2
    ✓ Факел C4           @ (4,5,4) hp=6/6
    ✓ Тишина C5          @ (4,7,3) hp=2/2
    ✓ Бурав C6           @ (5,3,3) hp=4/4
    ✓ Провокатор C7      @ (2,4,2) hp=2/2
    ✓ Паук C8            @ (5,4,4) hp=1/1

======================================================================
ХОД 15
======================================================================
✓ 🎮 GM: начинаем ход
GM: start_turn

--- Радиовышки: сканирование слоя Z ---
  Радиовышка A2 (z=4): видит 2 врагов  → Факел C4(4,5,4), Паук C8(5,4,4)
  Радиовышка C2 (z=5): слой чист

--- Решения ботов ---
  [Team A] Радиовышка A2 (4,7,4) → MOVE (4,7,5)
  [Team A] Тишина A5 → SKIP
  [Team B] Тишина B5 (4,8,5) → MOVE (4,7,4)
  [Team C] Артиллерия C1 (2,1,0) → SHOOT at (4,7,4)
  [Team C] Радиовышка C2 (4,7,5) → MOVE (4,7,4)
  [Team C] Прыгун C3 (4,8,6) → MOVE (4,8,5)
  [Team C] Факел C4 (4,5,4) → SHOOT at (4,7,4)
  [Team C] Бурав C6 (5,3,3) → MOVE (4,4,4)
  [Team C] Провокатор C7 (2,4,2) → HOLOGRAM (3,5,3)
  [Team C] Паук C8 (5,4,4) → MINE (5,5,4)
  [Team C] Тишина C5 → SKIP
! 🎮 GM: принудительно завершает фазу планирования
GM: end_planning
# 
============================================================
# 🔄 ОБРАБОТКА ХОДА 15
# ============================================================
!    ⚠️ Провокатор C7: клетка (3,5,3) уже занята голограммой
!    ⚠️ Паук C8: в клетке уже стоит мина

📦 ПЕРЕМЕЩЕНИЯ:
!    ⚠️ Радиовышка A2: клетка (4,7,5) занята
!    ⚠️ Тишина B5: клетка (4,7,4) занята
!    ⚠️ Радиовышка C2: клетка (4,7,4) занята
   Прыгун C3: (4, 8, 6) → (4,8,5)
!    ⚠️ Бурав C6: Бурав двигается только по 1 оси или по 2 осям строго диагонально

🎯 ВЫСТРЕЛЫ:
✓    ✅ Артиллерия C1 поразил Радиовышка A2 (2 урона)!
   💀 Факел C4 добивает Радиовышка A2
✓    ✅ Факел C4 поразил Радиовышка A2 (1 урона)!
   Выпущено ракет: 2
# 
📊 РЕЗУЛЬТАТЫ ХОДА 15:
✓ 💥 ПОПАДАНИЯ:
✓    Артиллерия C1 (Team C) → Радиовышка A2 (Team A)
✓    Факел C4 (Team C) → Радиовышка A2 (Team A)

--- Результаты хода ---
  Team C / Артиллерия C1      → Team A / Радиовышка A2      @ (4,7,4)  (УБИТ)
  Team C / Факел C4           → Team A / Радиовышка A2      @ (4,7,4)  (ранен)

--- Состояние команд после хода ---
  Team A: живых 1/8
    ✓ Тишина A5          @ (5,7,5) hp=2/2
    ✗ Артиллерия A1      @ (2,9,5) [уничтожен]
    ✗ Радиовышка A2      @ (4,7,4) [уничтожен]
    ✗ Прыгун A3          @ (5,8,5) [уничтожен]
    ✗ Факел A4           @ (3,8,5) [уничтожен]
    ✗ Бурав A6           @ (1,9,8) [уничтожен]
    ✗ Провокатор A7      @ (5,8,6) [уничтожен]
    ✗ Паук A8            @ (4,8,6) [уничтожен]
  Team B: живых 1/8
    ✓ Тишина B5          @ (4,8,5) hp=2/2
    ✗ Артиллерия B1      @ (0,8,8) [уничтожен]
    ✗ Радиовышка B2      @ (1,9,8) [уничтожен]
    ✗ Прыгун B3          @ (5,8,5) [уничтожен]
    ✗ Факел B4           @ (0,8,5) [уничтожен]
    ✗ Бурав B6           @ (0,8,6) [уничтожен]
    ✗ Провокатор B7      @ (0,8,1) [уничтожен]
    ✗ Паук B8            @ (0,8,7) [уничтожен]
  Team C: живых 8/8
    ✓ Артиллерия C1      @ (2,1,0) hp=1/1
    ✓ Радиовышка C2      @ (4,7,5) hp=3/3
    ✓ Прыгун C3          @ (4,8,5) hp=2/2
    ✓ Факел C4           @ (4,5,4) hp=6/6
    ✓ Тишина C5          @ (4,7,3) hp=2/2
    ✓ Бурав C6           @ (5,3,3) hp=4/4
    ✓ Провокатор C7      @ (2,4,2) hp=2/2
    ✓ Паук C8            @ (5,4,4) hp=1/1

======================================================================
ХОД 16
======================================================================
✓ 🎮 GM: начинаем ход
GM: start_turn

--- Радиовышки: сканирование слоя Z ---
  Радиовышка C2 (z=5): слой чист

--- Решения ботов ---
  [Team A] Тишина A5 (5,7,5) → MOVE (4,7,5)
  [Team B] все корабли пропускают ход
  [Team C] Артиллерия C1 (2,1,0) → SHOOT at (0,0,1)
  [Team C] Радиовышка C2 (4,7,5) → MOVE (5,6,5)
  [Team C] Прыгун C3 (4,8,5) → MOVE (5,7,5)
  [Team C] Факел C4 (4,5,4) → MOVE (3,4,3)
  [Team C] Тишина C5 (4,7,3) → MOVE (5,6,4)
  [Team C] Бурав C6 (5,3,3) → MOVE (5,4,3)
  [Team C] Провокатор C7 (2,4,2) → MOVE (3,5,3)
  [Team C] Паук C8 (5,4,4) → MOVE (5,5,5)
! 🎮 GM: принудительно завершает фазу планирования
GM: end_planning
# 
============================================================
# 🔄 ОБРАБОТКА ХОДА 16
# ============================================================

📦 ПЕРЕМЕЩЕНИЯ:
!    ⚠️ Тишина A5: клетка (4,7,5) занята
   Радиовышка C2: (4, 7, 5) → (5,6,5)
   Прыгун C3: (4, 8, 5) → (5,7,5)
   Факел C4: (4, 5, 4) → (3,4,3)
   Тишина C5: (4, 7, 3) → (5,6,4)
   Бурав C6: (5, 3, 3) → (5,4,3)
!    ⚠️ Провокатор C7: клетка (3,5,3) занята
   Паук C8: (5, 4, 4) → (5,5,5)

🎯 ВЫСТРЕЛЫ:
   Выпущено ракет: 1
# 
📊 РЕЗУЛЬТАТЫ ХОДА 16:
🎯 Попаданий нет

--- Результаты хода ---
  Попаданий нет

--- Состояние команд после хода ---
  Team A: живых 1/8
    ✓ Тишина A5          @ (5,7,5) hp=2/2
    ✗ Артиллерия A1      @ (2,9,5) [уничтожен]
    ✗ Радиовышка A2      @ (4,7,4) [уничтожен]
    ✗ Прыгун A3          @ (5,8,5) [уничтожен]
    ✗ Факел A4           @ (3,8,5) [уничтожен]
    ✗ Бурав A6           @ (1,9,8) [уничтожен]
    ✗ Провокатор A7      @ (5,8,6) [уничтожен]
    ✗ Паук A8            @ (4,8,6) [уничтожен]
  Team B: живых 1/8
    ✓ Тишина B5          @ (4,8,5) hp=2/2
    ✗ Артиллерия B1      @ (0,8,8) [уничтожен]
    ✗ Радиовышка B2      @ (1,9,8) [уничтожен]
    ✗ Прыгун B3          @ (5,8,5) [уничтожен]
    ✗ Факел B4           @ (0,8,5) [уничтожен]
    ✗ Бурав B6           @ (0,8,6) [уничтожен]
    ✗ Провокатор B7      @ (0,8,1) [уничтожен]
    ✗ Паук B8            @ (0,8,7) [уничтожен]
  Team C: живых 8/8
    ✓ Артиллерия C1      @ (2,1,0) hp=1/1
    ✓ Радиовышка C2      @ (5,6,5) hp=3/3
    ✓ Прыгун C3          @ (5,7,5) hp=2/2
    ✓ Факел C4           @ (3,4,3) hp=6/6
    ✓ Тишина C5          @ (5,6,4) hp=2/2
    ✓ Бурав C6           @ (5,4,3) hp=4/4
    ✓ Провокатор C7      @ (2,4,2) hp=2/2
    ✓ Паук C8            @ (5,5,5) hp=1/1

======================================================================
ХОД 17
======================================================================
✓ 🎮 GM: начинаем ход
GM: start_turn

--- Радиовышки: сканирование слоя Z ---
  Радиовышка C2 (z=5): слой чист

--- Решения ботов ---
  [Team A] все корабли пропускают ход
  [Team B] Тишина B5 (4,8,5) → MOVE (5,7,5)
  [Team C] Артиллерия C1 (2,1,0) → SHOOT at (0,5,0)
  [Team C] Факел C4 (3,4,3) → MOVE (2,3,2)
  [Team C] Тишина C5 (5,6,4) → MOVE (5,5,4)
  [Team C] Бурав C6 (5,4,3) → MOVE (5,4,4)
  [Team C] Провокатор C7 (2,4,2) → MOVE (3,5,3)
  [Team C] Прыгун C3 → SKIP
  [Team C] Радиовышка C2 → SKIP
  [Team C] Паук C8 → SKIP
! 🎮 GM: принудительно завершает фазу планирования
GM: end_planning
# 
============================================================
# 🔄 ОБРАБОТКА ХОДА 17
# ============================================================

📦 ПЕРЕМЕЩЕНИЯ:
!    ⚠️ Тишина B5: клетка (5,7,5) занята
   Факел C4: (3, 4, 3) → (2,3,2)
   Тишина C5: (5, 6, 4) → (5,5,4)
   Бурав C6: (5, 4, 3) → (5,4,4)
!    ⚠️ Провокатор C7: клетка (3,5,3) занята

🎯 ВЫСТРЕЛЫ:
   Выпущено ракет: 1
# 
📊 РЕЗУЛЬТАТЫ ХОДА 17:
🎯 Попаданий нет

--- Результаты хода ---
  Попаданий нет

--- Состояние команд после хода ---
  Team A: живых 1/8
    ✓ Тишина A5          @ (5,7,5) hp=2/2
    ✗ Артиллерия A1      @ (2,9,5) [уничтожен]
    ✗ Радиовышка A2      @ (4,7,4) [уничтожен]
    ✗ Прыгун A3          @ (5,8,5) [уничтожен]
    ✗ Факел A4           @ (3,8,5) [уничтожен]
    ✗ Бурав A6           @ (1,9,8) [уничтожен]
    ✗ Провокатор A7      @ (5,8,6) [уничтожен]
    ✗ Паук A8            @ (4,8,6) [уничтожен]
  Team B: живых 1/8
    ✓ Тишина B5          @ (4,8,5) hp=2/2
    ✗ Артиллерия B1      @ (0,8,8) [уничтожен]
    ✗ Радиовышка B2      @ (1,9,8) [уничтожен]
    ✗ Прыгун B3          @ (5,8,5) [уничтожен]
    ✗ Факел B4           @ (0,8,5) [уничтожен]
    ✗ Бурав B6           @ (0,8,6) [уничтожен]
    ✗ Провокатор B7      @ (0,8,1) [уничтожен]
    ✗ Паук B8            @ (0,8,7) [уничтожен]
  Team C: живых 8/8
    ✓ Артиллерия C1      @ (2,1,0) hp=1/1
    ✓ Радиовышка C2      @ (5,6,5) hp=3/3
    ✓ Прыгун C3          @ (5,7,5) hp=2/2
    ✓ Факел C4           @ (2,3,2) hp=6/6
    ✓ Тишина C5          @ (5,5,4) hp=2/2
    ✓ Бурав C6           @ (5,4,4) hp=4/4
    ✓ Провокатор C7      @ (2,4,2) hp=2/2
    ✓ Паук C8            @ (5,5,5) hp=1/1

======================================================================
ХОД 18
======================================================================
✓ 🎮 GM: начинаем ход
GM: start_turn

--- Радиовышки: сканирование слоя Z ---
  Радиовышка C2 (z=5): слой чист

--- Решения ботов ---
  [Team A] все корабли пропускают ход
  [Team B] Тишина B5 (4,8,5) → MOVE (5,7,5)
  [Team C] Артиллерия C1 (2,1,0) → SHOOT at (9,4,8)
  [Team C] Факел C4 (2,3,2) → MOVE (2,2,1)
  [Team C] Бурав C6 (5,4,4) → MOVE (5,4,5)
  [Team C] Провокатор C7 (2,4,2) → MOVE (3,5,3)
  [Team C] Прыгун C3 → SKIP
  [Team C] Радиовышка C2 → SKIP
  [Team C] Тишина C5 → SKIP
  [Team C] Паук C8 → SKIP
! 🎮 GM: принудительно завершает фазу планирования
GM: end_planning
# 
============================================================
# 🔄 ОБРАБОТКА ХОДА 18
# ============================================================

📦 ПЕРЕМЕЩЕНИЯ:
!    ⚠️ Тишина B5: клетка (5,7,5) занята
   Факел C4: (2, 3, 2) → (2,2,1)
   Бурав C6: (5, 4, 4) → (5,4,5)
!    ⚠️ Провокатор C7: клетка (3,5,3) занята

🎯 ВЫСТРЕЛЫ:
   Выпущено ракет: 1
# 
📊 РЕЗУЛЬТАТЫ ХОДА 18:
🎯 Попаданий нет

--- Результаты хода ---
  Попаданий нет

--- Состояние команд после хода ---
  Team A: живых 1/8
    ✓ Тишина A5          @ (5,7,5) hp=2/2
    ✗ Артиллерия A1      @ (2,9,5) [уничтожен]
    ✗ Радиовышка A2      @ (4,7,4) [уничтожен]
    ✗ Прыгун A3          @ (5,8,5) [уничтожен]
    ✗ Факел A4           @ (3,8,5) [уничтожен]
    ✗ Бурав A6           @ (1,9,8) [уничтожен]
    ✗ Провокатор A7      @ (5,8,6) [уничтожен]
    ✗ Паук A8            @ (4,8,6) [уничтожен]
  Team B: живых 1/8
    ✓ Тишина B5          @ (4,8,5) hp=2/2
    ✗ Артиллерия B1      @ (0,8,8) [уничтожен]
    ✗ Радиовышка B2      @ (1,9,8) [уничтожен]
    ✗ Прыгун B3          @ (5,8,5) [уничтожен]
    ✗ Факел B4           @ (0,8,5) [уничтожен]
    ✗ Бурав B6           @ (0,8,6) [уничтожен]
    ✗ Провокатор B7      @ (0,8,1) [уничтожен]
    ✗ Паук B8            @ (0,8,7) [уничтожен]
  Team C: живых 8/8
    ✓ Артиллерия C1      @ (2,1,0) hp=1/1
    ✓ Радиовышка C2      @ (5,6,5) hp=3/3
    ✓ Прыгун C3          @ (5,7,5) hp=2/2
    ✓ Факел C4           @ (2,2,1) hp=6/6
    ✓ Тишина C5          @ (5,5,4) hp=2/2
    ✓ Бурав C6           @ (5,4,5) hp=4/4
    ✓ Провокатор C7      @ (2,4,2) hp=2/2
    ✓ Паук C8            @ (5,5,5) hp=1/1

======================================================================
ХОД 19
======================================================================
✓ 🎮 GM: начинаем ход
GM: start_turn

--- Радиовышки: сканирование слоя Z ---
  Радиовышка C2 (z=5): слой чист

--- Решения ботов ---
  [Team A] все корабли пропускают ход
  [Team B] Тишина B5 (4,8,5) → MOVE (5,7,5)
  [Team C] Артиллерия C1 (2,1,0) → SHOOT at (0,0,1)
  [Team C] Факел C4 (2,2,1) → MOVE (2,2,0)
  [Team C] Провокатор C7 (2,4,2) → MOVE (3,5,3)
  [Team C] Прыгун C3 → SKIP
  [Team C] Тишина C5 → SKIP
  [Team C] Радиовышка C2 → SKIP
  [Team C] Паук C8 → SKIP
  [Team C] Бурав C6 → SKIP
! 🎮 GM: принудительно завершает фазу планирования
GM: end_planning
# 
============================================================
# 🔄 ОБРАБОТКА ХОДА 19
# ============================================================

📦 ПЕРЕМЕЩЕНИЯ:
!    ⚠️ Тишина B5: клетка (5,7,5) занята
   Факел C4: (2, 2, 1) → (2,2,0)
!    ⚠️ Провокатор C7: клетка (3,5,3) занята

🎯 ВЫСТРЕЛЫ:
   Выпущено ракет: 1
# 
📊 РЕЗУЛЬТАТЫ ХОДА 19:
🎯 Попаданий нет

--- Результаты хода ---
  Попаданий нет

--- Состояние команд после хода ---
  Team A: живых 1/8
    ✓ Тишина A5          @ (5,7,5) hp=2/2
    ✗ Артиллерия A1      @ (2,9,5) [уничтожен]
    ✗ Радиовышка A2      @ (4,7,4) [уничтожен]
    ✗ Прыгун A3          @ (5,8,5) [уничтожен]
    ✗ Факел A4           @ (3,8,5) [уничтожен]
    ✗ Бурав A6           @ (1,9,8) [уничтожен]
    ✗ Провокатор A7      @ (5,8,6) [уничтожен]
    ✗ Паук A8            @ (4,8,6) [уничтожен]
  Team B: живых 1/8
    ✓ Тишина B5          @ (4,8,5) hp=2/2
    ✗ Артиллерия B1      @ (0,8,8) [уничтожен]
    ✗ Радиовышка B2      @ (1,9,8) [уничтожен]
    ✗ Прыгун B3          @ (5,8,5) [уничтожен]
    ✗ Факел B4           @ (0,8,5) [уничтожен]
    ✗ Бурав B6           @ (0,8,6) [уничтожен]
    ✗ Провокатор B7      @ (0,8,1) [уничтожен]
    ✗ Паук B8            @ (0,8,7) [уничтожен]
  Team C: живых 8/8
    ✓ Артиллерия C1      @ (2,1,0) hp=1/1
    ✓ Радиовышка C2      @ (5,6,5) hp=3/3
    ✓ Прыгун C3          @ (5,7,5) hp=2/2
    ✓ Факел C4           @ (2,2,0) hp=6/6
    ✓ Тишина C5          @ (5,5,4) hp=2/2
    ✓ Бурав C6           @ (5,4,5) hp=4/4
    ✓ Провокатор C7      @ (2,4,2) hp=2/2
    ✓ Паук C8            @ (5,5,5) hp=1/1

======================================================================
ХОД 20
======================================================================
✓ 🎮 GM: начинаем ход
GM: start_turn

--- Радиовышки: сканирование слоя Z ---
  Радиовышка C2 (z=5): слой чист

--- Решения ботов ---
  [Team A] все корабли пропускают ход
  [Team B] Тишина B5 (4,8,5) → MOVE (5,7,5)
  [Team C] Артиллерия C1 (2,1,0) → SHOOT at (9,4,9)
  [Team C] Провокатор C7 (2,4,2) → MOVE (3,5,3)
  [Team C] Прыгун C3 → SKIP
  [Team C] Факел C4 → SKIP
  [Team C] Тишина C5 → SKIP
  [Team C] Радиовышка C2 → SKIP
  [Team C] Паук C8 → SKIP
  [Team C] Бурав C6 → SKIP
! 🎮 GM: принудительно завершает фазу планирования
GM: end_planning
# 
============================================================
# 🔄 ОБРАБОТКА ХОДА 20
# ============================================================

📦 ПЕРЕМЕЩЕНИЯ:
!    ⚠️ Тишина B5: клетка (5,7,5) занята
!    ⚠️ Провокатор C7: клетка (3,5,3) занята

🎯 ВЫСТРЕЛЫ:
   Выпущено ракет: 1
# 
📊 РЕЗУЛЬТАТЫ ХОДА 20:
🎯 Попаданий нет

--- Результаты хода ---
  Попаданий нет

--- Состояние команд после хода ---
  Team A: живых 1/8
    ✓ Тишина A5          @ (5,7,5) hp=2/2
    ✗ Артиллерия A1      @ (2,9,5) [уничтожен]
    ✗ Радиовышка A2      @ (4,7,4) [уничтожен]
    ✗ Прыгун A3          @ (5,8,5) [уничтожен]
    ✗ Факел A4           @ (3,8,5) [уничтожен]
    ✗ Бурав A6           @ (1,9,8) [уничтожен]
    ✗ Провокатор A7      @ (5,8,6) [уничтожен]
    ✗ Паук A8            @ (4,8,6) [уничтожен]
  Team B: живых 1/8
    ✓ Тишина B5          @ (4,8,5) hp=2/2
    ✗ Артиллерия B1      @ (0,8,8) [уничтожен]
    ✗ Радиовышка B2      @ (1,9,8) [уничтожен]
    ✗ Прыгун B3          @ (5,8,5) [уничтожен]
    ✗ Факел B4           @ (0,8,5) [уничтожен]
    ✗ Бурав B6           @ (0,8,6) [уничтожен]
    ✗ Провокатор B7      @ (0,8,1) [уничтожен]
    ✗ Паук B8            @ (0,8,7) [уничтожен]
  Team C: живых 8/8
    ✓ Артиллерия C1      @ (2,1,0) hp=1/1
    ✓ Радиовышка C2      @ (5,6,5) hp=3/3
    ✓ Прыгун C3          @ (5,7,5) hp=2/2
    ✓ Факел C4           @ (2,2,0) hp=6/6
    ✓ Тишина C5          @ (5,5,4) hp=2/2
    ✓ Бурав C6           @ (5,4,5) hp=4/4
    ✓ Провокатор C7      @ (2,4,2) hp=2/2
    ✓ Паук C8            @ (5,5,5) hp=1/1

======================================================================
ХОД 21
======================================================================
✓ 🎮 GM: начинаем ход
GM: start_turn

--- Радиовышки: сканирование слоя Z ---
  Радиовышка C2 (z=5): слой чист

--- Решения ботов ---
  [Team A] все корабли пропускают ход
  [Team B] Тишина B5 (4,8,5) → MOVE (5,7,5)
  [Team C] Артиллерия C1 (2,1,0) → SHOOT at (9,9,8)
  [Team C] Провокатор C7 (2,4,2) → MOVE (3,5,3)
  [Team C] Прыгун C3 → SKIP
  [Team C] Факел C4 → SKIP
  [Team C] Тишина C5 → SKIP
  [Team C] Радиовышка C2 → SKIP
  [Team C] Паук C8 → SKIP
  [Team C] Бурав C6 → SKIP
! 🎮 GM: принудительно завершает фазу планирования
GM: end_planning
# 
============================================================
# 🔄 ОБРАБОТКА ХОДА 21
# ============================================================

📦 ПЕРЕМЕЩЕНИЯ:
!    ⚠️ Тишина B5: клетка (5,7,5) занята
!    ⚠️ Провокатор C7: клетка (3,5,3) занята

🎯 ВЫСТРЕЛЫ:
   Выпущено ракет: 1
# 
📊 РЕЗУЛЬТАТЫ ХОДА 21:
🎯 Попаданий нет

--- Результаты хода ---
  Попаданий нет

--- Состояние команд после хода ---
  Team A: живых 1/8
    ✓ Тишина A5          @ (5,7,5) hp=2/2
    ✗ Артиллерия A1      @ (2,9,5) [уничтожен]
    ✗ Радиовышка A2      @ (4,7,4) [уничтожен]
    ✗ Прыгун A3          @ (5,8,5) [уничтожен]
    ✗ Факел A4           @ (3,8,5) [уничтожен]
    ✗ Бурав A6           @ (1,9,8) [уничтожен]
    ✗ Провокатор A7      @ (5,8,6) [уничтожен]
    ✗ Паук A8            @ (4,8,6) [уничтожен]
  Team B: живых 1/8
    ✓ Тишина B5          @ (4,8,5) hp=2/2
    ✗ Артиллерия B1      @ (0,8,8) [уничтожен]
    ✗ Радиовышка B2      @ (1,9,8) [уничтожен]
    ✗ Прыгун B3          @ (5,8,5) [уничтожен]
    ✗ Факел B4           @ (0,8,5) [уничтожен]
    ✗ Бурав B6           @ (0,8,6) [уничтожен]
    ✗ Провокатор B7      @ (0,8,1) [уничтожен]
    ✗ Паук B8            @ (0,8,7) [уничтожен]
  Team C: живых 8/8
    ✓ Артиллерия C1      @ (2,1,0) hp=1/1
    ✓ Радиовышка C2      @ (5,6,5) hp=3/3
    ✓ Прыгун C3          @ (5,7,5) hp=2/2
    ✓ Факел C4           @ (2,2,0) hp=6/6
    ✓ Тишина C5          @ (5,5,4) hp=2/2
    ✓ Бурав C6           @ (5,4,5) hp=4/4
    ✓ Провокатор C7      @ (2,4,2) hp=2/2
    ✓ Паук C8            @ (5,5,5) hp=1/1

======================================================================
ХОД 22
======================================================================
✓ 🎮 GM: начинаем ход
GM: start_turn

--- Радиовышки: сканирование слоя Z ---
  Радиовышка C2 (z=5): слой чист

--- Решения ботов ---
  [Team A] все корабли пропускают ход
  [Team B] Тишина B5 (4,8,5) → MOVE (5,7,5)
  [Team C] Артиллерия C1 (2,1,0) → SHOOT at (0,0,0)
  [Team C] Провокатор C7 (2,4,2) → MOVE (3,5,3)
  [Team C] Прыгун C3 → SKIP
  [Team C] Факел C4 → SKIP
  [Team C] Тишина C5 → SKIP
  [Team C] Радиовышка C2 → SKIP
  [Team C] Паук C8 → SKIP
  [Team C] Бурав C6 → SKIP
! 🎮 GM: принудительно завершает фазу планирования
GM: end_planning
# 
============================================================
# 🔄 ОБРАБОТКА ХОДА 22
# ============================================================

📦 ПЕРЕМЕЩЕНИЯ:
!    ⚠️ Тишина B5: клетка (5,7,5) занята
!    ⚠️ Провокатор C7: клетка (3,5,3) занята

🎯 ВЫСТРЕЛЫ:
   Выпущено ракет: 1
# 
📊 РЕЗУЛЬТАТЫ ХОДА 22:
🎯 Попаданий нет

--- Результаты хода ---
  Попаданий нет

--- Состояние команд после хода ---
  Team A: живых 1/8
    ✓ Тишина A5          @ (5,7,5) hp=2/2
    ✗ Артиллерия A1      @ (2,9,5) [уничтожен]
    ✗ Радиовышка A2      @ (4,7,4) [уничтожен]
    ✗ Прыгун A3          @ (5,8,5) [уничтожен]
    ✗ Факел A4           @ (3,8,5) [уничтожен]
    ✗ Бурав A6           @ (1,9,8) [уничтожен]
    ✗ Провокатор A7      @ (5,8,6) [уничтожен]
    ✗ Паук A8            @ (4,8,6) [уничтожен]
  Team B: живых 1/8
    ✓ Тишина B5          @ (4,8,5) hp=2/2
    ✗ Артиллерия B1      @ (0,8,8) [уничтожен]
    ✗ Радиовышка B2      @ (1,9,8) [уничтожен]
    ✗ Прыгун B3          @ (5,8,5) [уничтожен]
    ✗ Факел B4           @ (0,8,5) [уничтожен]
    ✗ Бурав B6           @ (0,8,6) [уничтожен]
    ✗ Провокатор B7      @ (0,8,1) [уничтожен]
    ✗ Паук B8            @ (0,8,7) [уничтожен]
  Team C: живых 8/8
    ✓ Артиллерия C1      @ (2,1,0) hp=1/1
    ✓ Радиовышка C2      @ (5,6,5) hp=3/3
    ✓ Прыгун C3          @ (5,7,5) hp=2/2
    ✓ Факел C4           @ (2,2,0) hp=6/6
    ✓ Тишина C5          @ (5,5,4) hp=2/2
    ✓ Бурав C6           @ (5,4,5) hp=4/4
    ✓ Провокатор C7      @ (2,4,2) hp=2/2
    ✓ Паук C8            @ (5,5,5) hp=1/1

======================================================================
ХОД 23
======================================================================
✓ 🎮 GM: начинаем ход
GM: start_turn

--- Радиовышки: сканирование слоя Z ---
  Радиовышка C2 (z=5): слой чист

--- Решения ботов ---
  [Team A] все корабли пропускают ход
  [Team B] Тишина B5 (4,8,5) → MOVE (5,7,5)
  [Team C] Артиллерия C1 (2,1,0) → SHOOT at (0,5,0)
  [Team C] Провокатор C7 (2,4,2) → MOVE (3,5,3)
  [Team C] Прыгун C3 → SKIP
  [Team C] Факел C4 → SKIP
  [Team C] Тишина C5 → SKIP
  [Team C] Радиовышка C2 → SKIP
  [Team C] Паук C8 → SKIP
  [Team C] Бурав C6 → SKIP
! 🎮 GM: принудительно завершает фазу планирования
GM: end_planning
# 
============================================================
# 🔄 ОБРАБОТКА ХОДА 23
# ============================================================

📦 ПЕРЕМЕЩЕНИЯ:
!    ⚠️ Тишина B5: клетка (5,7,5) занята
!    ⚠️ Провокатор C7: клетка (3,5,3) занята

🎯 ВЫСТРЕЛЫ:
   Выпущено ракет: 1
# 
📊 РЕЗУЛЬТАТЫ ХОДА 23:
🎯 Попаданий нет

--- Результаты хода ---
  Попаданий нет

--- Состояние команд после хода ---
  Team A: живых 1/8
    ✓ Тишина A5          @ (5,7,5) hp=2/2
    ✗ Артиллерия A1      @ (2,9,5) [уничтожен]
    ✗ Радиовышка A2      @ (4,7,4) [уничтожен]
    ✗ Прыгун A3          @ (5,8,5) [уничтожен]
    ✗ Факел A4           @ (3,8,5) [уничтожен]
    ✗ Бурав A6           @ (1,9,8) [уничтожен]
    ✗ Провокатор A7      @ (5,8,6) [уничтожен]
    ✗ Паук A8            @ (4,8,6) [уничтожен]
  Team B: живых 1/8
    ✓ Тишина B5          @ (4,8,5) hp=2/2
    ✗ Артиллерия B1      @ (0,8,8) [уничтожен]
    ✗ Радиовышка B2      @ (1,9,8) [уничтожен]
    ✗ Прыгун B3          @ (5,8,5) [уничтожен]
    ✗ Факел B4           @ (0,8,5) [уничтожен]
    ✗ Бурав B6           @ (0,8,6) [уничтожен]
    ✗ Провокатор B7      @ (0,8,1) [уничтожен]
    ✗ Паук B8            @ (0,8,7) [уничтожен]
  Team C: живых 8/8
    ✓ Артиллерия C1      @ (2,1,0) hp=1/1
    ✓ Радиовышка C2      @ (5,6,5) hp=3/3
    ✓ Прыгун C3          @ (5,7,5) hp=2/2
    ✓ Факел C4           @ (2,2,0) hp=6/6
    ✓ Тишина C5          @ (5,5,4) hp=2/2
    ✓ Бурав C6           @ (5,4,5) hp=4/4
    ✓ Провокатор C7      @ (2,4,2) hp=2/2
    ✓ Паук C8            @ (5,5,5) hp=1/1

======================================================================
ХОД 24
======================================================================
✓ 🎮 GM: начинаем ход
GM: start_turn

--- Радиовышки: сканирование слоя Z ---
  Радиовышка C2 (z=5): слой чист

--- Решения ботов ---
  [Team A] все корабли пропускают ход
  [Team B] Тишина B5 (4,8,5) → MOVE (5,7,5)
  [Team C] Артиллерия C1 (2,1,0) → SHOOT at (9,9,9)
  [Team C] Провокатор C7 (2,4,2) → MOVE (3,5,3)
  [Team C] Прыгун C3 → SKIP
  [Team C] Факел C4 → SKIP
  [Team C] Тишина C5 → SKIP
  [Team C] Радиовышка C2 → SKIP
  [Team C] Паук C8 → SKIP
  [Team C] Бурав C6 → SKIP
! 🎮 GM: принудительно завершает фазу планирования
GM: end_planning
# 
============================================================
# 🔄 ОБРАБОТКА ХОДА 24
# ============================================================

📦 ПЕРЕМЕЩЕНИЯ:
!    ⚠️ Тишина B5: клетка (5,7,5) занята
!    ⚠️ Провокатор C7: клетка (3,5,3) занята

🎯 ВЫСТРЕЛЫ:
   Выпущено ракет: 1
# 
📊 РЕЗУЛЬТАТЫ ХОДА 24:
🎯 Попаданий нет

--- Результаты хода ---
  Попаданий нет

--- Состояние команд после хода ---
  Team A: живых 1/8
    ✓ Тишина A5          @ (5,7,5) hp=2/2
    ✗ Артиллерия A1      @ (2,9,5) [уничтожен]
    ✗ Радиовышка A2      @ (4,7,4) [уничтожен]
    ✗ Прыгун A3          @ (5,8,5) [уничтожен]
    ✗ Факел A4           @ (3,8,5) [уничтожен]
    ✗ Бурав A6           @ (1,9,8) [уничтожен]
    ✗ Провокатор A7      @ (5,8,6) [уничтожен]
    ✗ Паук A8            @ (4,8,6) [уничтожен]
  Team B: живых 1/8
    ✓ Тишина B5          @ (4,8,5) hp=2/2
    ✗ Артиллерия B1      @ (0,8,8) [уничтожен]
    ✗ Радиовышка B2      @ (1,9,8) [уничтожен]
    ✗ Прыгун B3          @ (5,8,5) [уничтожен]
    ✗ Факел B4           @ (0,8,5) [уничтожен]
    ✗ Бурав B6           @ (0,8,6) [уничтожен]
    ✗ Провокатор B7      @ (0,8,1) [уничтожен]
    ✗ Паук B8            @ (0,8,7) [уничтожен]
  Team C: живых 8/8
    ✓ Артиллерия C1      @ (2,1,0) hp=1/1
    ✓ Радиовышка C2      @ (5,6,5) hp=3/3
    ✓ Прыгун C3          @ (5,7,5) hp=2/2
    ✓ Факел C4           @ (2,2,0) hp=6/6
    ✓ Тишина C5          @ (5,5,4) hp=2/2
    ✓ Бурав C6           @ (5,4,5) hp=4/4
    ✓ Провокатор C7      @ (2,4,2) hp=2/2
    ✓ Паук C8            @ (5,5,5) hp=1/1

======================================================================
ХОД 25
======================================================================
✓ 🎮 GM: начинаем ход
GM: start_turn

--- Радиовышки: сканирование слоя Z ---
  Радиовышка C2 (z=5): слой чист

--- Решения ботов ---
  [Team A] все корабли пропускают ход
  [Team B] Тишина B5 (4,8,5) → MOVE (5,7,5)
  [Team C] Артиллерия C1 (2,1,0) → SHOOT at (0,5,1)
  [Team C] Провокатор C7 (2,4,2) → MOVE (3,5,3)
  [Team C] Прыгун C3 → SKIP
  [Team C] Факел C4 → SKIP
  [Team C] Тишина C5 → SKIP
  [Team C] Радиовышка C2 → SKIP
  [Team C] Паук C8 → SKIP
  [Team C] Бурав C6 → SKIP
! 🎮 GM: принудительно завершает фазу планирования
GM: end_planning
# 
============================================================
# 🔄 ОБРАБОТКА ХОДА 25
# ============================================================

📦 ПЕРЕМЕЩЕНИЯ:
!    ⚠️ Тишина B5: клетка (5,7,5) занята
!    ⚠️ Провокатор C7: клетка (3,5,3) занята

🎯 ВЫСТРЕЛЫ:
   Выпущено ракет: 1
# 
📊 РЕЗУЛЬТАТЫ ХОДА 25:
🎯 Попаданий нет

--- Результаты хода ---
  Попаданий нет

--- Состояние команд после хода ---
  Team A: живых 1/8
    ✓ Тишина A5          @ (5,7,5) hp=2/2
    ✗ Артиллерия A1      @ (2,9,5) [уничтожен]
    ✗ Радиовышка A2      @ (4,7,4) [уничтожен]
    ✗ Прыгун A3          @ (5,8,5) [уничтожен]
    ✗ Факел A4           @ (3,8,5) [уничтожен]
    ✗ Бурав A6           @ (1,9,8) [уничтожен]
    ✗ Провокатор A7      @ (5,8,6) [уничтожен]
    ✗ Паук A8            @ (4,8,6) [уничтожен]
  Team B: живых 1/8
    ✓ Тишина B5          @ (4,8,5) hp=2/2
    ✗ Артиллерия B1      @ (0,8,8) [уничтожен]
    ✗ Радиовышка B2      @ (1,9,8) [уничтожен]
    ✗ Прыгун B3          @ (5,8,5) [уничтожен]
    ✗ Факел B4           @ (0,8,5) [уничтожен]
    ✗ Бурав B6           @ (0,8,6) [уничтожен]
    ✗ Провокатор B7      @ (0,8,1) [уничтожен]
    ✗ Паук B8            @ (0,8,7) [уничтожен]
  Team C: живых 8/8
    ✓ Артиллерия C1      @ (2,1,0) hp=1/1
    ✓ Радиовышка C2      @ (5,6,5) hp=3/3
    ✓ Прыгун C3          @ (5,7,5) hp=2/2
    ✓ Факел C4           @ (2,2,0) hp=6/6
    ✓ Тишина C5          @ (5,5,4) hp=2/2
    ✓ Бурав C6           @ (5,4,5) hp=4/4
    ✓ Провокатор C7      @ (2,4,2) hp=2/2
    ✓ Паук C8            @ (5,5,5) hp=1/1

======================================================================
ХОД 26
======================================================================
✓ 🎮 GM: начинаем ход
GM: start_turn

--- Радиовышки: сканирование слоя Z ---
  Радиовышка C2 (z=5): слой чист

--- Решения ботов ---
  [Team A] все корабли пропускают ход
  [Team B] Тишина B5 (4,8,5) → MOVE (5,7,5)
  [Team C] Артиллерия C1 (2,1,0) → SHOOT at (0,5,1)
  [Team C] Провокатор C7 (2,4,2) → MOVE (3,5,3)
  [Team C] Прыгун C3 → SKIP
  [Team C] Факел C4 → SKIP
  [Team C] Тишина C5 → SKIP
  [Team C] Радиовышка C2 → SKIP
  [Team C] Паук C8 → SKIP
  [Team C] Бурав C6 → SKIP
! 🎮 GM: принудительно завершает фазу планирования
GM: end_planning
# 
============================================================
# 🔄 ОБРАБОТКА ХОДА 26
# ============================================================

📦 ПЕРЕМЕЩЕНИЯ:
!    ⚠️ Тишина B5: клетка (5,7,5) занята
!    ⚠️ Провокатор C7: клетка (3,5,3) занята

🎯 ВЫСТРЕЛЫ:
   Выпущено ракет: 1
# 
📊 РЕЗУЛЬТАТЫ ХОДА 26:
🎯 Попаданий нет

--- Результаты хода ---
  Попаданий нет

--- Состояние команд после хода ---
  Team A: живых 1/8
    ✓ Тишина A5          @ (5,7,5) hp=2/2
    ✗ Артиллерия A1      @ (2,9,5) [уничтожен]
    ✗ Радиовышка A2      @ (4,7,4) [уничтожен]
    ✗ Прыгун A3          @ (5,8,5) [уничтожен]
    ✗ Факел A4           @ (3,8,5) [уничтожен]
    ✗ Бурав A6           @ (1,9,8) [уничтожен]
    ✗ Провокатор A7      @ (5,8,6) [уничтожен]
    ✗ Паук A8            @ (4,8,6) [уничтожен]
  Team B: живых 1/8
    ✓ Тишина B5          @ (4,8,5) hp=2/2
    ✗ Артиллерия B1      @ (0,8,8) [уничтожен]
    ✗ Радиовышка B2      @ (1,9,8) [уничтожен]
    ✗ Прыгун B3          @ (5,8,5) [уничтожен]
    ✗ Факел B4           @ (0,8,5) [уничтожен]
    ✗ Бурав B6           @ (0,8,6) [уничтожен]
    ✗ Провокатор B7      @ (0,8,1) [уничтожен]
    ✗ Паук B8            @ (0,8,7) [уничтожен]
  Team C: живых 8/8
    ✓ Артиллерия C1      @ (2,1,0) hp=1/1
    ✓ Радиовышка C2      @ (5,6,5) hp=3/3
    ✓ Прыгун C3          @ (5,7,5) hp=2/2
    ✓ Факел C4           @ (2,2,0) hp=6/6
    ✓ Тишина C5          @ (5,5,4) hp=2/2
    ✓ Бурав C6           @ (5,4,5) hp=4/4
    ✓ Провокатор C7      @ (2,4,2) hp=2/2
    ✓ Паук C8            @ (5,5,5) hp=1/1

======================================================================
ХОД 27
======================================================================
✓ 🎮 GM: начинаем ход
GM: start_turn

--- Радиовышки: сканирование слоя Z ---
  Радиовышка C2 (z=5): слой чист

--- Решения ботов ---
  [Team A] все корабли пропускают ход
  [Team B] Тишина B5 (4,8,5) → MOVE (5,7,5)
  [Team C] Артиллерия C1 (2,1,0) → SHOOT at (0,0,1)
  [Team C] Провокатор C7 (2,4,2) → MOVE (3,5,3)
  [Team C] Прыгун C3 → SKIP
  [Team C] Факел C4 → SKIP
  [Team C] Тишина C5 → SKIP
  [Team C] Радиовышка C2 → SKIP
  [Team C] Паук C8 → SKIP
  [Team C] Бурав C6 → SKIP
! 🎮 GM: принудительно завершает фазу планирования
GM: end_planning
# 
============================================================
# 🔄 ОБРАБОТКА ХОДА 27
# ============================================================

📦 ПЕРЕМЕЩЕНИЯ:
!    ⚠️ Тишина B5: клетка (5,7,5) занята
!    ⚠️ Провокатор C7: клетка (3,5,3) занята

🎯 ВЫСТРЕЛЫ:
   Выпущено ракет: 1
# 
📊 РЕЗУЛЬТАТЫ ХОДА 27:
🎯 Попаданий нет

--- Результаты хода ---
  Попаданий нет

--- Состояние команд после хода ---
  Team A: живых 1/8
    ✓ Тишина A5          @ (5,7,5) hp=2/2
    ✗ Артиллерия A1      @ (2,9,5) [уничтожен]
    ✗ Радиовышка A2      @ (4,7,4) [уничтожен]
    ✗ Прыгун A3          @ (5,8,5) [уничтожен]
    ✗ Факел A4           @ (3,8,5) [уничтожен]
    ✗ Бурав A6           @ (1,9,8) [уничтожен]
    ✗ Провокатор A7      @ (5,8,6) [уничтожен]
    ✗ Паук A8            @ (4,8,6) [уничтожен]
  Team B: живых 1/8
    ✓ Тишина B5          @ (4,8,5) hp=2/2
    ✗ Артиллерия B1      @ (0,8,8) [уничтожен]
    ✗ Радиовышка B2      @ (1,9,8) [уничтожен]
    ✗ Прыгун B3          @ (5,8,5) [уничтожен]
    ✗ Факел B4           @ (0,8,5) [уничтожен]
    ✗ Бурав B6           @ (0,8,6) [уничтожен]
    ✗ Провокатор B7      @ (0,8,1) [уничтожен]
    ✗ Паук B8            @ (0,8,7) [уничтожен]
  Team C: живых 8/8
    ✓ Артиллерия C1      @ (2,1,0) hp=1/1
    ✓ Радиовышка C2      @ (5,6,5) hp=3/3
    ✓ Прыгун C3          @ (5,7,5) hp=2/2
    ✓ Факел C4           @ (2,2,0) hp=6/6
    ✓ Тишина C5          @ (5,5,4) hp=2/2
    ✓ Бурав C6           @ (5,4,5) hp=4/4
    ✓ Провокатор C7      @ (2,4,2) hp=2/2
    ✓ Паук C8            @ (5,5,5) hp=1/1

======================================================================
ХОД 28
======================================================================
✓ 🎮 GM: начинаем ход
GM: start_turn

--- Радиовышки: сканирование слоя Z ---
  Радиовышка C2 (z=5): слой чист

--- Решения ботов ---
  [Team A] все корабли пропускают ход
  [Team B] Тишина B5 (4,8,5) → MOVE (5,7,5)
  [Team C] Артиллерия C1 (2,1,0) → SHOOT at (9,9,9)
  [Team C] Провокатор C7 (2,4,2) → MOVE (3,5,3)
  [Team C] Прыгун C3 → SKIP
  [Team C] Факел C4 → SKIP
  [Team C] Тишина C5 → SKIP
  [Team C] Радиовышка C2 → SKIP
  [Team C] Паук C8 → SKIP
  [Team C] Бурав C6 → SKIP
! 🎮 GM: принудительно завершает фазу планирования
GM: end_planning
# 
============================================================
# 🔄 ОБРАБОТКА ХОДА 28
# ============================================================

📦 ПЕРЕМЕЩЕНИЯ:
!    ⚠️ Тишина B5: клетка (5,7,5) занята
!    ⚠️ Провокатор C7: клетка (3,5,3) занята

🎯 ВЫСТРЕЛЫ:
   Выпущено ракет: 1
# 
📊 РЕЗУЛЬТАТЫ ХОДА 28:
🎯 Попаданий нет

--- Результаты хода ---
  Попаданий нет

--- Состояние команд после хода ---
  Team A: живых 1/8
    ✓ Тишина A5          @ (5,7,5) hp=2/2
    ✗ Артиллерия A1      @ (2,9,5) [уничтожен]
    ✗ Радиовышка A2      @ (4,7,4) [уничтожен]
    ✗ Прыгун A3          @ (5,8,5) [уничтожен]
    ✗ Факел A4           @ (3,8,5) [уничтожен]
    ✗ Бурав A6           @ (1,9,8) [уничтожен]
    ✗ Провокатор A7      @ (5,8,6) [уничтожен]
    ✗ Паук A8            @ (4,8,6) [уничтожен]
  Team B: живых 1/8
    ✓ Тишина B5          @ (4,8,5) hp=2/2
    ✗ Артиллерия B1      @ (0,8,8) [уничтожен]
    ✗ Радиовышка B2      @ (1,9,8) [уничтожен]
    ✗ Прыгун B3          @ (5,8,5) [уничтожен]
    ✗ Факел B4           @ (0,8,5) [уничтожен]
    ✗ Бурав B6           @ (0,8,6) [уничтожен]
    ✗ Провокатор B7      @ (0,8,1) [уничтожен]
    ✗ Паук B8            @ (0,8,7) [уничтожен]
  Team C: живых 8/8
    ✓ Артиллерия C1      @ (2,1,0) hp=1/1
    ✓ Радиовышка C2      @ (5,6,5) hp=3/3
    ✓ Прыгун C3          @ (5,7,5) hp=2/2
    ✓ Факел C4           @ (2,2,0) hp=6/6
    ✓ Тишина C5          @ (5,5,4) hp=2/2
    ✓ Бурав C6           @ (5,4,5) hp=4/4
    ✓ Провокатор C7      @ (2,4,2) hp=2/2
    ✓ Паук C8            @ (5,5,5) hp=1/1

======================================================================
ХОД 29
======================================================================
✓ 🎮 GM: начинаем ход
GM: start_turn

--- Радиовышки: сканирование слоя Z ---
  Радиовышка C2 (z=5): слой чист

--- Решения ботов ---
  [Team A] все корабли пропускают ход
  [Team B] Тишина B5 (4,8,5) → MOVE (5,7,5)
  [Team C] Артиллерия C1 (2,1,0) → SHOOT at (9,9,9)
  [Team C] Провокатор C7 (2,4,2) → MOVE (3,5,3)
  [Team C] Прыгун C3 → SKIP
  [Team C] Факел C4 → SKIP
  [Team C] Тишина C5 → SKIP
  [Team C] Радиовышка C2 → SKIP
  [Team C] Паук C8 → SKIP
  [Team C] Бурав C6 → SKIP
! 🎮 GM: принудительно завершает фазу планирования
GM: end_planning
# 
============================================================
# 🔄 ОБРАБОТКА ХОДА 29
# ============================================================

📦 ПЕРЕМЕЩЕНИЯ:
!    ⚠️ Тишина B5: клетка (5,7,5) занята
!    ⚠️ Провокатор C7: клетка (3,5,3) занята

🎯 ВЫСТРЕЛЫ:
   Выпущено ракет: 1
# 
📊 РЕЗУЛЬТАТЫ ХОДА 29:
🎯 Попаданий нет

--- Результаты хода ---
  Попаданий нет

--- Состояние команд после хода ---
  Team A: живых 1/8
    ✓ Тишина A5          @ (5,7,5) hp=2/2
    ✗ Артиллерия A1      @ (2,9,5) [уничтожен]
    ✗ Радиовышка A2      @ (4,7,4) [уничтожен]
    ✗ Прыгун A3          @ (5,8,5) [уничтожен]
    ✗ Факел A4           @ (3,8,5) [уничтожен]
    ✗ Бурав A6           @ (1,9,8) [уничтожен]
    ✗ Провокатор A7      @ (5,8,6) [уничтожен]
    ✗ Паук A8            @ (4,8,6) [уничтожен]
  Team B: живых 1/8
    ✓ Тишина B5          @ (4,8,5) hp=2/2
    ✗ Артиллерия B1      @ (0,8,8) [уничтожен]
    ✗ Радиовышка B2      @ (1,9,8) [уничтожен]
    ✗ Прыгун B3          @ (5,8,5) [уничтожен]
    ✗ Факел B4           @ (0,8,5) [уничтожен]
    ✗ Бурав B6           @ (0,8,6) [уничтожен]
    ✗ Провокатор B7      @ (0,8,1) [уничтожен]
    ✗ Паук B8            @ (0,8,7) [уничтожен]
  Team C: живых 8/8
    ✓ Артиллерия C1      @ (2,1,0) hp=1/1
    ✓ Радиовышка C2      @ (5,6,5) hp=3/3
    ✓ Прыгун C3          @ (5,7,5) hp=2/2
    ✓ Факел C4           @ (2,2,0) hp=6/6
    ✓ Тишина C5          @ (5,5,4) hp=2/2
    ✓ Бурав C6           @ (5,4,5) hp=4/4
    ✓ Провокатор C7      @ (2,4,2) hp=2/2
    ✓ Паук C8            @ (5,5,5) hp=1/1

======================================================================
ХОД 30
======================================================================
✓ 🎮 GM: начинаем ход
GM: start_turn

--- Радиовышки: сканирование слоя Z ---
  Радиовышка C2 (z=5): слой чист

--- Решения ботов ---
  [Team A] все корабли пропускают ход
  [Team B] Тишина B5 (4,8,5) → MOVE (5,7,5)
  [Team C] Артиллерия C1 (2,1,0) → SHOOT at (0,0,1)
  [Team C] Провокатор C7 (2,4,2) → MOVE (3,5,3)
  [Team C] Прыгун C3 → SKIP
  [Team C] Факел C4 → SKIP
  [Team C] Тишина C5 → SKIP
  [Team C] Радиовышка C2 → SKIP
  [Team C] Паук C8 → SKIP
  [Team C] Бурав C6 → SKIP
! 🎮 GM: принудительно завершает фазу планирования
GM: end_planning
# 
============================================================
# 🔄 ОБРАБОТКА ХОДА 30
# ============================================================

📦 ПЕРЕМЕЩЕНИЯ:
!    ⚠️ Тишина B5: клетка (5,7,5) занята
!    ⚠️ Провокатор C7: клетка (3,5,3) занята

🎯 ВЫСТРЕЛЫ:
   Выпущено ракет: 1
# 
📊 РЕЗУЛЬТАТЫ ХОДА 30:
🎯 Попаданий нет

--- Результаты хода ---
  Попаданий нет

--- Состояние команд после хода ---
  Team A: живых 1/8
    ✓ Тишина A5          @ (5,7,5) hp=2/2
    ✗ Артиллерия A1      @ (2,9,5) [уничтожен]
    ✗ Радиовышка A2      @ (4,7,4) [уничтожен]
    ✗ Прыгун A3          @ (5,8,5) [уничтожен]
    ✗ Факел A4           @ (3,8,5) [уничтожен]
    ✗ Бурав A6           @ (1,9,8) [уничтожен]
    ✗ Провокатор A7      @ (5,8,6) [уничтожен]
    ✗ Паук A8            @ (4,8,6) [уничтожен]
  Team B: живых 1/8
    ✓ Тишина B5          @ (4,8,5) hp=2/2
    ✗ Артиллерия B1      @ (0,8,8) [уничтожен]
    ✗ Радиовышка B2      @ (1,9,8) [уничтожен]
    ✗ Прыгун B3          @ (5,8,5) [уничтожен]
    ✗ Факел B4           @ (0,8,5) [уничтожен]
    ✗ Бурав B6           @ (0,8,6) [уничтожен]
    ✗ Провокатор B7      @ (0,8,1) [уничтожен]
    ✗ Паук B8            @ (0,8,7) [уничтожен]
  Team C: живых 8/8
    ✓ Артиллерия C1      @ (2,1,0) hp=1/1
    ✓ Радиовышка C2      @ (5,6,5) hp=3/3
    ✓ Прыгун C3          @ (5,7,5) hp=2/2
    ✓ Факел C4           @ (2,2,0) hp=6/6
    ✓ Тишина C5          @ (5,5,4) hp=2/2
    ✓ Бурав C6           @ (5,4,5) hp=4/4
    ✓ Провокатор C7      @ (2,4,2) hp=2/2
    ✓ Паук C8            @ (5,5,5) hp=1/1

======================================================================
ИТОГ
======================================================================
Лимит ходов (30) исчерпан, ничья/пат.

--- Сводка по командам ---
  Team A: 1/8 живых; hp=2
  Team B: 1/8 живых; hp=2
  Team C: 8/8 живых; hp=21

--- Сводка по пассивкам радиовышек ---
  Team A: сканирований=15, всего врагов-в-слоях=19, уникальных эксклюзивных (видны только радиовышкой)=0
  Team B: сканирований=2, всего врагов-в-слоях=0, уникальных эксклюзивных (видны только радиовышкой)=0
  Team C: сканирований=30, всего врагов-в-слоях=8, уникальных эксклюзивных (видны только радиовышкой)=1

--- Сводка по попаданиям ---
  Всего событий (шоты+тараны+мины): 33
  Уничтожено кораблей всего: 14
  Team A: урон=7 хиты=1 тараны=1 мины(сработало)=1 убийств=2
  Team B: урон=16 хиты=5 тараны=3 мины(сработало)=0 убийств=5
  Team C: урон=33 хиты=21 тараны=1 мины(сработало)=0 убийств=7
! 🎮 GM: остановка игры
