======================================================================
Space Battle 10×10×10 — simulation run at 2026-04-20T10:42:21+00:00
Game mode: basic
Seed: 1337
📦 Обычный режим: создаю 5 крейсеров для каждой команды
✓ ✅ Создано 15 кораблей


--- СТАРТОВАЯ РАССТАНОВКА ---
  Team A: живых 5/5
    ✓ Крейсер A1         @ (0,0,0) hp=1/1
    ✓ Крейсер A2         @ (0,2,0) hp=1/1
    ✓ Крейсер A3         @ (0,4,0) hp=1/1
    ✓ Крейсер A4         @ (0,6,0) hp=1/1
    ✓ Крейсер A5         @ (0,8,0) hp=1/1
  Team B: живых 5/5
    ✓ Крейсер B1         @ (9,9,9) hp=1/1
    ✓ Крейсер B2         @ (9,7,9) hp=1/1
    ✓ Крейсер B3         @ (9,5,9) hp=1/1
    ✓ Крейсер B4         @ (9,3,9) hp=1/1
    ✓ Крейсер B5         @ (9,1,9) hp=1/1
  Team C: живых 5/5
    ✓ Крейсер C1         @ (0,9,4) hp=1/1
    ✓ Крейсер C2         @ (2,9,4) hp=1/1
    ✓ Крейсер C3         @ (4,9,4) hp=1/1
    ✓ Крейсер C4         @ (6,9,4) hp=1/1
    ✓ Крейсер C5         @ (8,9,4) hp=1/1

======================================================================
ХОД 1
======================================================================
✓ 🎮 GM: начинаем ход
GM: start_turn

--- Решения ботов ---
  [Team A] Крейсер A1 (0,0,0) → MOVE (1,1,1)
  [Team A] Крейсер A2 (0,2,0) → MOVE (1,3,1)
  [Team A] Крейсер A3 (0,4,0) → MOVE (1,5,1)
  [Team A] Крейсер A4 (0,6,0) → MOVE (0,5,0)
  [Team A] Крейсер A5 (0,8,0) → MOVE (1,7,1)
  [Team B] Крейсер B1 (9,9,9) → MOVE (8,8,8)
  [Team B] Крейсер B2 (9,7,9) → MOVE (8,6,8)
  [Team B] Крейсер B3 (9,5,9) → MOVE (8,5,8)
  [Team B] Крейсер B4 (9,3,9) → MOVE (8,4,8)
  [Team B] Крейсер B5 (9,1,9) → MOVE (8,2,8)
  [Team C] Крейсер C1 (0,9,4) → MOVE (1,8,5)
  [Team C] Крейсер C2 (2,9,4) → MOVE (3,8,5)
  [Team C] Крейсер C3 (4,9,4) → MOVE (5,8,5)
  [Team C] Крейсер C4 (6,9,4) → MOVE (5,9,4)
  [Team C] Крейсер C5 (8,9,4) → MOVE (7,8,5)
! 🎮 GM: принудительно завершает фазу планирования
GM: end_planning
# 
============================================================
# 🔄 ОБРАБОТКА ХОДА 1
# ============================================================

📦 ПЕРЕМЕЩЕНИЯ:
   Крейсер A1: (0, 0, 0) → (1,1,1)
   Крейсер A2: (0, 2, 0) → (1,3,1)
   Крейсер A3: (0, 4, 0) → (1,5,1)
   Крейсер A4: (0, 6, 0) → (0,5,0)
   Крейсер A5: (0, 8, 0) → (1,7,1)
   Крейсер B1: (9, 9, 9) → (8,8,8)
   Крейсер B2: (9, 7, 9) → (8,6,8)
   Крейсер B3: (9, 5, 9) → (8,5,8)
   Крейсер B4: (9, 3, 9) → (8,4,8)
   Крейсер B5: (9, 1, 9) → (8,2,8)
   Крейсер C1: (0, 9, 4) → (1,8,5)
   Крейсер C2: (2, 9, 4) → (3,8,5)
   Крейсер C3: (4, 9, 4) → (5,8,5)
   Крейсер C4: (6, 9, 4) → (5,9,4)
   Крейсер C5: (8, 9, 4) → (7,8,5)

🎯 ВЫСТРЕЛЫ:
   Выпущено ракет: 0
# 
📊 РЕЗУЛЬТАТЫ ХОДА 1:
🎯 Попаданий нет

--- Результаты хода ---
  Попаданий нет

--- Состояние команд после хода ---
  Team A: живых 5/5
    ✓ Крейсер A1         @ (1,1,1) hp=1/1
    ✓ Крейсер A2         @ (1,3,1) hp=1/1
    ✓ Крейсер A3         @ (1,5,1) hp=1/1
    ✓ Крейсер A4         @ (0,5,0) hp=1/1
    ✓ Крейсер A5         @ (1,7,1) hp=1/1
  Team B: живых 5/5
    ✓ Крейсер B1         @ (8,8,8) hp=1/1
    ✓ Крейсер B2         @ (8,6,8) hp=1/1
    ✓ Крейсер B3         @ (8,5,8) hp=1/1
    ✓ Крейсер B4         @ (8,4,8) hp=1/1
    ✓ Крейсер B5         @ (8,2,8) hp=1/1
  Team C: живых 5/5
    ✓ Крейсер C1         @ (1,8,5) hp=1/1
    ✓ Крейсер C2         @ (3,8,5) hp=1/1
    ✓ Крейсер C3         @ (5,8,5) hp=1/1
    ✓ Крейсер C4         @ (5,9,4) hp=1/1
    ✓ Крейсер C5         @ (7,8,5) hp=1/1

======================================================================
ХОД 2
======================================================================
✓ 🎮 GM: начинаем ход
GM: start_turn

--- Решения ботов ---
  [Team A] Крейсер A1 (1,1,1) → MOVE (2,2,2)
  [Team A] Крейсер A2 (1,3,1) → MOVE (2,4,2)
  [Team A] Крейсер A3 (1,5,1) → MOVE (2,5,2)
  [Team A] Крейсер A4 (0,5,0) → MOVE (0,5,1)
  [Team A] Крейсер A5 (1,7,1) → MOVE (2,6,2)
  [Team B] Крейсер B1 (8,8,8) → MOVE (7,8,7)
  [Team B] Крейсер B2 (8,6,8) → MOVE (7,7,7)
  [Team B] Крейсер B3 (8,5,8) → MOVE (7,6,7)
  [Team B] Крейсер B4 (8,4,8) → MOVE (7,5,7)
  [Team B] Крейсер B5 (8,2,8) → MOVE (7,3,7)
  [Team C] Крейсер C1 (1,8,5) → MOVE (2,8,6)
  [Team C] Крейсер C2 (3,8,5) → MOVE (4,8,6)
  [Team C] Крейсер C3 (5,8,5) → MOVE (6,8,6)
  [Team C] Крейсер C4 (5,9,4) → MOVE (6,8,5)
  [Team C] Крейсер C5 (7,8,5) → MOVE (8,8,6)
! 🎮 GM: принудительно завершает фазу планирования
GM: end_planning
# 
============================================================
# 🔄 ОБРАБОТКА ХОДА 2
# ============================================================

📦 ПЕРЕМЕЩЕНИЯ:
   Крейсер A1: (1, 1, 1) → (2,2,2)
   Крейсер A2: (1, 3, 1) → (2,4,2)
   Крейсер A3: (1, 5, 1) → (2,5,2)
   Крейсер A4: (0, 5, 0) → (0,5,1)
   Крейсер A5: (1, 7, 1) → (2,6,2)
   Крейсер B1: (8, 8, 8) → (7,8,7)
   Крейсер B2: (8, 6, 8) → (7,7,7)
   Крейсер B3: (8, 5, 8) → (7,6,7)
   Крейсер B4: (8, 4, 8) → (7,5,7)
   Крейсер B5: (8, 2, 8) → (7,3,7)
   Крейсер C1: (1, 8, 5) → (2,8,6)
   Крейсер C2: (3, 8, 5) → (4,8,6)
   Крейсер C3: (5, 8, 5) → (6,8,6)
   Крейсер C4: (5, 9, 4) → (6,8,5)
   Крейсер C5: (7, 8, 5) → (8,8,6)

🎯 ВЫСТРЕЛЫ:
   Выпущено ракет: 0
# 
📊 РЕЗУЛЬТАТЫ ХОДА 2:
🎯 Попаданий нет

--- Результаты хода ---
  Попаданий нет

--- Состояние команд после хода ---
  Team A: живых 5/5
    ✓ Крейсер A1         @ (2,2,2) hp=1/1
    ✓ Крейсер A2         @ (2,4,2) hp=1/1
    ✓ Крейсер A3         @ (2,5,2) hp=1/1
    ✓ Крейсер A4         @ (0,5,1) hp=1/1
    ✓ Крейсер A5         @ (2,6,2) hp=1/1
  Team B: живых 5/5
    ✓ Крейсер B1         @ (7,8,7) hp=1/1
    ✓ Крейсер B2         @ (7,7,7) hp=1/1
    ✓ Крейсер B3         @ (7,6,7) hp=1/1
    ✓ Крейсер B4         @ (7,5,7) hp=1/1
    ✓ Крейсер B5         @ (7,3,7) hp=1/1
  Team C: живых 5/5
    ✓ Крейсер C1         @ (2,8,6) hp=1/1
    ✓ Крейсер C2         @ (4,8,6) hp=1/1
    ✓ Крейсер C3         @ (6,8,6) hp=1/1
    ✓ Крейсер C4         @ (6,8,5) hp=1/1
    ✓ Крейсер C5         @ (8,8,6) hp=1/1

======================================================================
ХОД 3
======================================================================
✓ 🎮 GM: начинаем ход
GM: start_turn

--- Решения ботов ---
  [Team A] Крейсер A1 (2,2,2) → MOVE (3,3,3)
  [Team A] Крейсер A2 (2,4,2) → MOVE (3,5,3)
  [Team A] Крейсер A3 (2,5,2) → MOVE (3,5,2)
  [Team A] Крейсер A4 (0,5,1) → MOVE (1,5,2)
  [Team A] Крейсер A5 (2,6,2) → MOVE (2,6,3)
  [Team B] Крейсер B1 (7,8,7) → MOVE (6,8,6)
  [Team B] Крейсер B2 (7,7,7) → MOVE (6,8,7)
  [Team B] Крейсер B3 (7,6,7) → MOVE (6,7,6)
  [Team B] Крейсер B4 (7,5,7) → MOVE (6,6,6)
  [Team B] Крейсер B5 (7,3,7) → MOVE (6,4,6)
  [Team C] Крейсер C1 (2,8,6) → MOVE (3,8,7)
  [Team C] Крейсер C2 (4,8,6) → MOVE (5,8,7)
  [Team C] Крейсер C3 (6,8,6) → MOVE (7,8,7)
  [Team C] Крейсер C4 (6,8,5) → MOVE (7,8,6)
  [Team C] Крейсер C5 (8,8,6) → MOVE (8,8,7)
! 🎮 GM: принудительно завершает фазу планирования
GM: end_planning
# 
============================================================
# 🔄 ОБРАБОТКА ХОДА 3
# ============================================================

📦 ПЕРЕМЕЩЕНИЯ:
   Крейсер A1: (2, 2, 2) → (3,3,3)
   Крейсер A2: (2, 4, 2) → (3,5,3)
   Крейсер A3: (2, 5, 2) → (3,5,2)
   Крейсер A4: (0, 5, 1) → (1,5,2)
   Крейсер A5: (2, 6, 2) → (2,6,3)
!    ⚠️ Крейсер B1: клетка (6,8,6) занята
   Крейсер B2: (7, 7, 7) → (6,8,7)
   Крейсер B3: (7, 6, 7) → (6,7,6)
   Крейсер B4: (7, 5, 7) → (6,6,6)
   Крейсер B5: (7, 3, 7) → (6,4,6)
   Крейсер C1: (2, 8, 6) → (3,8,7)
   Крейсер C2: (4, 8, 6) → (5,8,7)
!    ⚠️ Крейсер C3: клетка (7,8,7) занята
   Крейсер C4: (6, 8, 5) → (7,8,6)
   Крейсер C5: (8, 8, 6) → (8,8,7)

🎯 ВЫСТРЕЛЫ:
   Выпущено ракет: 0
# 
📊 РЕЗУЛЬТАТЫ ХОДА 3:
🎯 Попаданий нет

--- Результаты хода ---
  Попаданий нет

--- Состояние команд после хода ---
  Team A: живых 5/5
    ✓ Крейсер A1         @ (3,3,3) hp=1/1
    ✓ Крейсер A2         @ (3,5,3) hp=1/1
    ✓ Крейсер A3         @ (3,5,2) hp=1/1
    ✓ Крейсер A4         @ (1,5,2) hp=1/1
    ✓ Крейсер A5         @ (2,6,3) hp=1/1
  Team B: живых 5/5
    ✓ Крейсер B1         @ (7,8,7) hp=1/1
    ✓ Крейсер B2         @ (6,8,7) hp=1/1
    ✓ Крейсер B3         @ (6,7,6) hp=1/1
    ✓ Крейсер B4         @ (6,6,6) hp=1/1
    ✓ Крейсер B5         @ (6,4,6) hp=1/1
  Team C: живых 5/5
    ✓ Крейсер C1         @ (3,8,7) hp=1/1
    ✓ Крейсер C2         @ (5,8,7) hp=1/1
    ✓ Крейсер C3         @ (6,8,6) hp=1/1
    ✓ Крейсер C4         @ (7,8,6) hp=1/1
    ✓ Крейсер C5         @ (8,8,7) hp=1/1

======================================================================
ХОД 4
======================================================================
✓ 🎮 GM: начинаем ход
GM: start_turn

--- Решения ботов ---
  [Team A] Крейсер A1 (3,3,3) → MOVE (4,4,4)
  [Team A] Крейсер A2 (3,5,3) → MOVE (4,6,4)
  [Team A] Крейсер A3 (3,5,2) → MOVE (4,6,3)
  [Team A] Крейсер A4 (1,5,2) → MOVE (2,5,2)
  [Team A] Крейсер A5 (2,6,3) → MOVE (3,7,4)
  [Team B] Крейсер B1 (7,8,7) → SHOOT at (7,8,6)
  [Team B] Крейсер B2 (6,8,7) → SHOOT at (6,8,6)
  [Team B] Крейсер B3 (6,7,6) → SHOOT at (6,8,6)
  [Team B] Крейсер B4 (6,6,6) → SHOOT at (6,8,6)
  [Team B] Крейсер B5 (6,4,6) → SHOOT at (6,8,6)
  [Team C] Крейсер C1 (3,8,7) → SHOOT at (6,8,7)
  [Team C] Крейсер C2 (5,8,7) → SHOOT at (6,8,7)
  [Team C] Крейсер C3 (6,8,6) → SHOOT at (6,7,6)
  [Team C] Крейсер C4 (7,8,6) → SHOOT at (7,8,7)
  [Team C] Крейсер C5 (8,8,7) → SHOOT at (7,8,7)
! 🎮 GM: принудительно завершает фазу планирования
GM: end_planning
# 
============================================================
# 🔄 ОБРАБОТКА ХОДА 4
# ============================================================

📦 ПЕРЕМЕЩЕНИЯ:
   Крейсер A1: (3, 3, 3) → (4,4,4)
   Крейсер A2: (3, 5, 3) → (4,6,4)
   Крейсер A3: (3, 5, 2) → (4,6,3)
   Крейсер A4: (1, 5, 2) → (2,5,2)
   Крейсер A5: (2, 6, 3) → (3,7,4)

🎯 ВЫСТРЕЛЫ:
!    🛡️ Выстрел Крейсер B4 заблокирован союзником Крейсер B3 в (6, 7, 6)
!    🛡️ Выстрел Крейсер B5 заблокирован союзником Крейсер B4 в (6, 6, 6)
!    🛡️ Выстрел Крейсер C1 заблокирован союзником Крейсер C2 в (5, 8, 7)
✓    ✅ Крейсер B1 поразил Крейсер C4!
✓    ✅ Крейсер B2 поразил Крейсер C3!
   💀 Крейсер B3 добивает Крейсер C3
✓    ✅ Крейсер B3 поразил Крейсер C3!
✓    ✅ Крейсер C2 поразил Крейсер B2!
✓    ✅ Крейсер C3 поразил Крейсер B3!
✓    ✅ Крейсер C4 поразил Крейсер B1!
   💀 Крейсер C5 добивает Крейсер B1
✓    ✅ Крейсер C5 поразил Крейсер B1!
   Выпущено ракет: 10
# 
📊 РЕЗУЛЬТАТЫ ХОДА 4:
✓ 💥 ПОПАДАНИЯ:
✓    Крейсер B1 (Team B) → Крейсер C4 (Team C)
✓    Крейсер B2 (Team B) → Крейсер C3 (Team C)
✓    Крейсер B3 (Team B) → Крейсер C3 (Team C)
✓    Крейсер C2 (Team C) → Крейсер B2 (Team B)
✓    Крейсер C3 (Team C) → Крейсер B3 (Team B)
✓    Крейсер C4 (Team C) → Крейсер B1 (Team B)
✓    Крейсер C5 (Team C) → Крейсер B1 (Team B)

--- Результаты хода ---
  Team B / Крейсер B1         → Team C / Крейсер C4         @ (7,8,6)  (УБИТ)
  Team B / Крейсер B2         → Team C / Крейсер C3         @ (6,8,6)  (УБИТ)
  Team B / Крейсер B3         → Team C / Крейсер C3         @ (6,8,6)  (ранен)
  Team C / Крейсер C2         → Team B / Крейсер B2         @ (6,8,7)  (УБИТ)
  Team C / Крейсер C3         → Team B / Крейсер B3         @ (6,7,6)  (УБИТ)
  Team C / Крейсер C4         → Team B / Крейсер B1         @ (7,8,7)  (УБИТ)
  Team C / Крейсер C5         → Team B / Крейсер B1         @ (7,8,7)  (ранен)

--- Состояние команд после хода ---
  Team A: живых 5/5
    ✓ Крейсер A1         @ (4,4,4) hp=1/1
    ✓ Крейсер A2         @ (4,6,4) hp=1/1
    ✓ Крейсер A3         @ (4,6,3) hp=1/1
    ✓ Крейсер A4         @ (2,5,2) hp=1/1
    ✓ Крейсер A5         @ (3,7,4) hp=1/1
  Team B: живых 2/5
    ✓ Крейсер B4         @ (6,6,6) hp=1/1
    ✓ Крейсер B5         @ (6,4,6) hp=1/1
    ✗ Крейсер B1         @ (7,8,7) [уничтожен]
    ✗ Крейсер B2         @ (6,8,7) [уничтожен]
    ✗ Крейсер B3         @ (6,7,6) [уничтожен]
  Team C: живых 3/5
    ✓ Крейсер C1         @ (3,8,7) hp=1/1
    ✓ Крейсер C2         @ (5,8,7) hp=1/1
    ✓ Крейсер C5         @ (8,8,7) hp=1/1
    ✗ Крейсер C3         @ (6,8,6) [уничтожен]
    ✗ Крейсер C4         @ (7,8,6) [уничтожен]

======================================================================
ХОД 5
======================================================================
✓ 🎮 GM: начинаем ход
GM: start_turn

--- Решения ботов ---
  [Team A] Крейсер A1 (4,4,4) → MOVE (5,5,5)
  [Team A] Крейсер A2 (4,6,4) → MOVE (5,6,5)
  [Team A] Крейсер A3 (4,6,3) → MOVE (5,6,4)
  [Team A] Крейсер A4 (2,5,2) → MOVE (3,6,3)
  [Team A] Крейсер A5 (3,7,4) → MOVE (4,6,5)
  [Team B] Крейсер B4 (6,6,6) → MOVE (5,5,5)
  [Team B] Крейсер B5 (6,4,6) → MOVE (5,4,5)
  [Team C] Крейсер C1 (3,8,7) → MOVE (4,7,6)
  [Team C] Крейсер C2 (5,8,7) → MOVE (6,7,6)
  [Team C] Крейсер C5 (8,8,7) → MOVE (7,7,6)
! 🎮 GM: принудительно завершает фазу планирования
GM: end_planning
# 
============================================================
# 🔄 ОБРАБОТКА ХОДА 5
# ============================================================

📦 ПЕРЕМЕЩЕНИЯ:
   Крейсер A1: (4, 4, 4) → (5,5,5)
   Крейсер A2: (4, 6, 4) → (5,6,5)
   Крейсер A3: (4, 6, 3) → (5,6,4)
   Крейсер A4: (2, 5, 2) → (3,6,3)
   Крейсер A5: (3, 7, 4) → (4,6,5)
!    ⚠️ Крейсер B4: клетка (5,5,5) занята
   Крейсер B5: (6, 4, 6) → (5,4,5)
   Крейсер C1: (3, 8, 7) → (4,7,6)
   Крейсер C2: (5, 8, 7) → (6,7,6)
   Крейсер C5: (8, 8, 7) → (7,7,6)

🎯 ВЫСТРЕЛЫ:
   Выпущено ракет: 0
# 
📊 РЕЗУЛЬТАТЫ ХОДА 5:
🎯 Попаданий нет

--- Результаты хода ---
  Попаданий нет

--- Состояние команд после хода ---
  Team A: живых 5/5
    ✓ Крейсер A1         @ (5,5,5) hp=1/1
    ✓ Крейсер A2         @ (5,6,5) hp=1/1
    ✓ Крейсер A3         @ (5,6,4) hp=1/1
    ✓ Крейсер A4         @ (3,6,3) hp=1/1
    ✓ Крейсер A5         @ (4,6,5) hp=1/1
  Team B: живых 2/5
    ✓ Крейсер B4         @ (6,6,6) hp=1/1
    ✓ Крейсер B5         @ (5,4,5) hp=1/1
    ✗ Крейсер B1         @ (7,8,7) [уничтожен]
    ✗ Крейсер B2         @ (6,8,7) [уничтожен]
    ✗ Крейсер B3         @ (6,7,6) [уничтожен]
  Team C: живых 3/5
    ✓ Крейсер C1         @ (4,7,6) hp=1/1
    ✓ Крейсер C2         @ (6,7,6) hp=1/1
    ✓ Крейсер C5         @ (7,7,6) hp=1/1
    ✗ Крейсер C3         @ (6,8,6) [уничтожен]
    ✗ Крейсер C4         @ (7,8,6) [уничтожен]

======================================================================
ХОД 6
======================================================================
✓ 🎮 GM: начинаем ход
GM: start_turn

--- Решения ботов ---
  [Team A] Крейсер A1 (5,5,5) → SHOOT at (5,4,5)
  [Team A] Крейсер A2 (5,6,5) → SHOOT at (5,4,5)
  [Team A] Крейсер A3 (5,6,4) → MOVE (6,6,5)
  [Team A] Крейсер A4 (3,6,3) → MOVE (4,5,4)
  [Team A] Крейсер A5 (4,6,5) → MOVE (4,7,6)
  [Team B] Крейсер B4 (6,6,6) → SHOOT at (6,7,6)
  [Team B] Крейсер B5 (5,4,5) → SHOOT at (5,5,5)
  [Team C] Крейсер C1 (4,7,6) → MOVE (5,6,5)
  [Team C] Крейсер C2 (6,7,6) → SHOOT at (6,6,6)
  [Team C] Крейсер C5 (7,7,6) → MOVE (6,6,6)
! 🎮 GM: принудительно завершает фазу планирования
GM: end_planning
# 
============================================================
# 🔄 ОБРАБОТКА ХОДА 6
# ============================================================

📦 ПЕРЕМЕЩЕНИЯ:
   Крейсер A3: (5, 6, 4) → (6,6,5)
   Крейсер A4: (3, 6, 3) → (4,5,4)
!    ⚠️ Крейсер A5: клетка (4,7,6) занята
!    ⚠️ Крейсер C1: клетка (5,6,5) занята
!    ⚠️ Крейсер C5: клетка (6,6,6) занята

🎯 ВЫСТРЕЛЫ:
!    🛡️ Выстрел Крейсер A2 заблокирован союзником Крейсер A1 в (5, 5, 5)
✓    ✅ Крейсер A1 поразил Крейсер B5!
✓    ✅ Крейсер B4 поразил Крейсер C2!
✓    ✅ Крейсер B5 поразил Крейсер A1!
✓    ✅ Крейсер C2 поразил Крейсер B4!
   Выпущено ракет: 5
# 
📊 РЕЗУЛЬТАТЫ ХОДА 6:
✓ 💥 ПОПАДАНИЯ:
✓    Крейсер A1 (Team A) → Крейсер B5 (Team B)
✓    Крейсер B4 (Team B) → Крейсер C2 (Team C)
✓    Крейсер B5 (Team B) → Крейсер A1 (Team A)
✓    Крейсер C2 (Team C) → Крейсер B4 (Team B)

--- Результаты хода ---
  Team A / Крейсер A1         → Team B / Крейсер B5         @ (5,4,5)  (УБИТ)
  Team B / Крейсер B4         → Team C / Крейсер C2         @ (6,7,6)  (УБИТ)
  Team B / Крейсер B5         → Team A / Крейсер A1         @ (5,5,5)  (УБИТ)
  Team C / Крейсер C2         → Team B / Крейсер B4         @ (6,6,6)  (УБИТ)

--- Состояние команд после хода ---
  Team A: живых 4/5
    ✓ Крейсер A2         @ (5,6,5) hp=1/1
    ✓ Крейсер A3         @ (6,6,5) hp=1/1
    ✓ Крейсер A4         @ (4,5,4) hp=1/1
    ✓ Крейсер A5         @ (4,6,5) hp=1/1
    ✗ Крейсер A1         @ (5,5,5) [уничтожен]
  Team B: живых 0/5
    ✗ Крейсер B1         @ (7,8,7) [уничтожен]
    ✗ Крейсер B2         @ (6,8,7) [уничтожен]
    ✗ Крейсер B3         @ (6,7,6) [уничтожен]
    ✗ Крейсер B4         @ (6,6,6) [уничтожен]
    ✗ Крейсер B5         @ (5,4,5) [уничтожен]
  Team C: живых 2/5
    ✓ Крейсер C1         @ (4,7,6) hp=1/1
    ✓ Крейсер C5         @ (7,7,6) hp=1/1
    ✗ Крейсер C2         @ (6,7,6) [уничтожен]
    ✗ Крейсер C3         @ (6,8,6) [уничтожен]
    ✗ Крейсер C4         @ (7,8,6) [уничтожен]

======================================================================
ХОД 7
======================================================================
✓ 🎮 GM: начинаем ход
GM: start_turn

--- Решения ботов ---
  [Team A] Крейсер A2 (5,6,5) → MOVE (4,7,6)
  [Team A] Крейсер A3 (6,6,5) → MOVE (7,7,6)
  [Team A] Крейсер A4 (4,5,4) → MOVE (4,6,4)
  [Team A] Крейсер A5 (4,6,5) → MOVE (4,6,6)
  [Team B] все корабли пропускают ход
  [Team C] Крейсер C1 (4,7,6) → MOVE (5,6,5)
  [Team C] Крейсер C5 (7,7,6) → MOVE (6,6,5)
! 🎮 GM: принудительно завершает фазу планирования
GM: end_planning
# 
============================================================
# 🔄 ОБРАБОТКА ХОДА 7
# ============================================================

📦 ПЕРЕМЕЩЕНИЯ:
!    ⚠️ Крейсер A2: клетка (4,7,6) занята
!    ⚠️ Крейсер A3: клетка (7,7,6) занята
   Крейсер A4: (4, 5, 4) → (4,6,4)
   Крейсер A5: (4, 6, 5) → (4,6,6)
!    ⚠️ Крейсер C1: клетка (5,6,5) занята
!    ⚠️ Крейсер C5: клетка (6,6,5) занята

🎯 ВЫСТРЕЛЫ:
   Выпущено ракет: 0
# 
📊 РЕЗУЛЬТАТЫ ХОДА 7:
🎯 Попаданий нет

--- Результаты хода ---
  Попаданий нет

--- Состояние команд после хода ---
  Team A: живых 4/5
    ✓ Крейсер A2         @ (5,6,5) hp=1/1
    ✓ Крейсер A3         @ (6,6,5) hp=1/1
    ✓ Крейсер A4         @ (4,6,4) hp=1/1
    ✓ Крейсер A5         @ (4,6,6) hp=1/1
    ✗ Крейсер A1         @ (5,5,5) [уничтожен]
  Team B: живых 0/5
    ✗ Крейсер B1         @ (7,8,7) [уничтожен]
    ✗ Крейсер B2         @ (6,8,7) [уничтожен]
    ✗ Крейсер B3         @ (6,7,6) [уничтожен]
    ✗ Крейсер B4         @ (6,6,6) [уничтожен]
    ✗ Крейсер B5         @ (5,4,5) [уничтожен]
  Team C: живых 2/5
    ✓ Крейсер C1         @ (4,7,6) hp=1/1
    ✓ Крейсер C5         @ (7,7,6) hp=1/1
    ✗ Крейсер C2         @ (6,7,6) [уничтожен]
    ✗ Крейсер C3         @ (6,8,6) [уничтожен]
    ✗ Крейсер C4         @ (7,8,6) [уничтожен]

======================================================================
ХОД 8
======================================================================
✓ 🎮 GM: начинаем ход
GM: start_turn

--- Решения ботов ---
  [Team A] Крейсер A2 (5,6,5) → MOVE (4,7,6)
  [Team A] Крейсер A3 (6,6,5) → MOVE (7,7,6)
  [Team A] Крейсер A4 (4,6,4) → MOVE (4,7,5)
  [Team A] Крейсер A5 (4,6,6) → SHOOT at (4,7,6)
  [Team B] все корабли пропускают ход
  [Team C] Крейсер C1 (4,7,6) → SHOOT at (4,6,6)
  [Team C] Крейсер C5 (7,7,6) → MOVE (6,6,5)
! 🎮 GM: принудительно завершает фазу планирования
GM: end_planning
# 
============================================================
# 🔄 ОБРАБОТКА ХОДА 8
# ============================================================

📦 ПЕРЕМЕЩЕНИЯ:
!    ⚠️ Крейсер A2: клетка (4,7,6) занята
!    ⚠️ Крейсер A3: клетка (7,7,6) занята
   Крейсер A4: (4, 6, 4) → (4,7,5)
!    ⚠️ Крейсер C5: клетка (6,6,5) занята

🎯 ВЫСТРЕЛЫ:
✓    ✅ Крейсер A5 поразил Крейсер C1!
✓    ✅ Крейсер C1 поразил Крейсер A5!
   Выпущено ракет: 2
# 
📊 РЕЗУЛЬТАТЫ ХОДА 8:
✓ 💥 ПОПАДАНИЯ:
✓    Крейсер A5 (Team A) → Крейсер C1 (Team C)
✓    Крейсер C1 (Team C) → Крейсер A5 (Team A)

--- Результаты хода ---
  Team A / Крейсер A5         → Team C / Крейсер C1         @ (4,7,6)  (УБИТ)
  Team C / Крейсер C1         → Team A / Крейсер A5         @ (4,6,6)  (УБИТ)

--- Состояние команд после хода ---
  Team A: живых 3/5
    ✓ Крейсер A2         @ (5,6,5) hp=1/1
    ✓ Крейсер A3         @ (6,6,5) hp=1/1
    ✓ Крейсер A4         @ (4,7,5) hp=1/1
    ✗ Крейсер A1         @ (5,5,5) [уничтожен]
    ✗ Крейсер A5         @ (4,6,6) [уничтожен]
  Team B: живых 0/5
    ✗ Крейсер B1         @ (7,8,7) [уничтожен]
    ✗ Крейсер B2         @ (6,8,7) [уничтожен]
    ✗ Крейсер B3         @ (6,7,6) [уничтожен]
    ✗ Крейсер B4         @ (6,6,6) [уничтожен]
    ✗ Крейсер B5         @ (5,4,5) [уничтожен]
  Team C: живых 1/5
    ✓ Крейсер C5         @ (7,7,6) hp=1/1
    ✗ Крейсер C1         @ (4,7,6) [уничтожен]
    ✗ Крейсер C2         @ (6,7,6) [уничтожен]
    ✗ Крейсер C3         @ (6,8,6) [уничтожен]
    ✗ Крейсер C4         @ (7,8,6) [уничтожен]

======================================================================
ХОД 9
======================================================================
✓ 🎮 GM: начинаем ход
GM: start_turn

--- Решения ботов ---
  [Team A] Крейсер A2 (5,6,5) → MOVE (6,7,6)
  [Team A] Крейсер A3 (6,6,5) → MOVE (7,7,6)
  [Team A] Крейсер A4 (4,7,5) → MOVE (5,7,6)
  [Team B] все корабли пропускают ход
  [Team C] Крейсер C5 (7,7,6) → MOVE (6,6,5)
! 🎮 GM: принудительно завершает фазу планирования
GM: end_planning
# 
============================================================
# 🔄 ОБРАБОТКА ХОДА 9
# ============================================================

📦 ПЕРЕМЕЩЕНИЯ:
   Крейсер A2: (5, 6, 5) → (6,7,6)
!    ⚠️ Крейсер A3: клетка (7,7,6) занята
   Крейсер A4: (4, 7, 5) → (5,7,6)
!    ⚠️ Крейсер C5: клетка (6,6,5) занята

🎯 ВЫСТРЕЛЫ:
   Выпущено ракет: 0
# 
📊 РЕЗУЛЬТАТЫ ХОДА 9:
🎯 Попаданий нет

--- Результаты хода ---
  Попаданий нет

--- Состояние команд после хода ---
  Team A: живых 3/5
    ✓ Крейсер A2         @ (6,7,6) hp=1/1
    ✓ Крейсер A3         @ (6,6,5) hp=1/1
    ✓ Крейсер A4         @ (5,7,6) hp=1/1
    ✗ Крейсер A1         @ (5,5,5) [уничтожен]
    ✗ Крейсер A5         @ (4,6,6) [уничтожен]
  Team B: живых 0/5
    ✗ Крейсер B1         @ (7,8,7) [уничтожен]
    ✗ Крейсер B2         @ (6,8,7) [уничтожен]
    ✗ Крейсер B3         @ (6,7,6) [уничтожен]
    ✗ Крейсер B4         @ (6,6,6) [уничтожен]
    ✗ Крейсер B5         @ (5,4,5) [уничтожен]
  Team C: живых 1/5
    ✓ Крейсер C5         @ (7,7,6) hp=1/1
    ✗ Крейсер C1         @ (4,7,6) [уничтожен]
    ✗ Крейсер C2         @ (6,7,6) [уничтожен]
    ✗ Крейсер C3         @ (6,8,6) [уничтожен]
    ✗ Крейсер C4         @ (7,8,6) [уничтожен]

======================================================================
ХОД 10
======================================================================
✓ 🎮 GM: начинаем ход
GM: start_turn

--- Решения ботов ---
  [Team A] Крейсер A2 (6,7,6) → SHOOT at (7,7,6)
  [Team A] Крейсер A3 (6,6,5) → MOVE (7,7,6)
  [Team A] Крейсер A4 (5,7,6) → SHOOT at (7,7,6)
  [Team B] все корабли пропускают ход
  [Team C] Крейсер C5 (7,7,6) → SHOOT at (6,7,6)
! 🎮 GM: принудительно завершает фазу планирования
GM: end_planning
# 
============================================================
# 🔄 ОБРАБОТКА ХОДА 10
# ============================================================

📦 ПЕРЕМЕЩЕНИЯ:
!    ⚠️ Крейсер A3: клетка (7,7,6) занята

🎯 ВЫСТРЕЛЫ:
!    🛡️ Выстрел Крейсер A4 заблокирован союзником Крейсер A2 в (6, 7, 6)
✓    ✅ Крейсер A2 поразил Крейсер C5!
✓    ✅ Крейсер C5 поразил Крейсер A2!
   Выпущено ракет: 3
# 
📊 РЕЗУЛЬТАТЫ ХОДА 10:
✓ 💥 ПОПАДАНИЯ:
✓    Крейсер A2 (Team A) → Крейсер C5 (Team C)
✓    Крейсер C5 (Team C) → Крейсер A2 (Team A)
# 
🎮🎮🎮🎮🎮🎮🎮🎮🎮🎮🎮🎮🎮🎮🎮🎮🎮🎮🎮🎮
#         ИГРА ОКОНЧЕНА!
# 🎮🎮🎮🎮🎮🎮🎮🎮🎮🎮🎮🎮🎮🎮🎮🎮🎮🎮🎮🎮
✓         🏆 ПОБЕДИТЕЛЬ: Team A

--- Результаты хода ---
  Team A / Крейсер A2         → Team C / Крейсер C5         @ (7,7,6)  (УБИТ)
  Team C / Крейсер C5         → Team A / Крейсер A2         @ (6,7,6)  (УБИТ)

--- Состояние команд после хода ---
  Team A: живых 2/5
    ✓ Крейсер A3         @ (6,6,5) hp=1/1
    ✓ Крейсер A4         @ (5,7,6) hp=1/1
    ✗ Крейсер A1         @ (5,5,5) [уничтожен]
    ✗ Крейсер A2         @ (6,7,6) [уничтожен]
    ✗ Крейсер A5         @ (4,6,6) [уничтожен]
  Team B: живых 0/5
    ✗ Крейсер B1         @ (7,8,7) [уничтожен]
    ✗ Крейсер B2         @ (6,8,7) [уничтожен]
    ✗ Крейсер B3         @ (6,7,6) [уничтожен]
    ✗ Крейсер B4         @ (6,6,6) [уничтожен]
    ✗ Крейсер B5         @ (5,4,5) [уничтожен]
  Team C: живых 0/5
    ✗ Крейсер C1         @ (4,7,6) [уничтожен]
    ✗ Крейсер C2         @ (6,7,6) [уничтожен]
    ✗ Крейсер C3         @ (6,8,6) [уничтожен]
    ✗ Крейсер C4         @ (7,8,6) [уничтожен]
    ✗ Крейсер C5         @ (7,7,6) [уничтожен]

======================================================================
ИТОГ
======================================================================
Игра окончена. Победитель: Team A
Ходов сыграно: 10

--- Сводка по командам ---
  Team A: 2/5 живых кораблей
  Team B: 0/5 живых кораблей
  Team C: 0/5 живых кораблей

--- Сводка по попаданиям ---
  Всего попаданий: 15
  Уничтожено кораблей: 13
  Попаданий от Team A: 3
  Попаданий от Team B: 5
  Попаданий от Team C: 7
! 🎮 GM: остановка игры
