======================================================================
Space Battle 10×10×10 — simulation run at 2026-04-20T13:31:54+00:00
Game mode: advanced
Seed: 105
✓ 🚀 Продвинутый режим: создаю разные типы кораблей
   Команда A: спавн вдоль оси Z от (5, 9, 1) до (5, 9, 8)
   Команда B: спавн вдоль оси Y от (2, 1, 2) до (2, 8, 2)
   Команда C: спавн вдоль оси Y от (3, 9, 2) до (3, 1, 2)
✓ ✅ Создано 24 кораблей


--- СТАРТОВАЯ РАССТАНОВКА ---
  Team A: живых 8/8
    ✓ Артиллерия A1      @ (5,9,1) hp=1/1
    ✓ Радиовышка A2      @ (5,9,0) hp=3/3
    ✓ Прыгун A3          @ (5,9,4) hp=2/2
    ✓ Факел A4           @ (5,9,7) hp=6/6
    ✓ Тишина A5          @ (5,9,6) hp=2/2
    ✓ Бурав A6           @ (5,9,2) hp=4/4
    ✓ Провокатор A7      @ (5,9,5) hp=2/2
    ✓ Паук A8            @ (5,9,8) hp=1/1
  Team B: живых 8/8
    ✓ Артиллерия B1      @ (2,1,2) hp=1/1
    ✓ Радиовышка B2      @ (2,6,2) hp=3/3
    ✓ Прыгун B3          @ (2,5,2) hp=2/2
    ✓ Факел B4           @ (2,9,2) hp=6/6
    ✓ Тишина B5          @ (2,3,2) hp=2/2
    ✓ Бурав B6           @ (2,4,2) hp=4/4
    ✓ Провокатор B7      @ (2,7,2) hp=2/2
    ✓ Паук B8            @ (2,8,2) hp=1/1
  Team C: живых 8/8
    ✓ Артиллерия C1      @ (3,9,2) hp=1/1
    ✓ Радиовышка C2      @ (3,4,2) hp=3/3
    ✓ Прыгун C3          @ (3,8,2) hp=2/2
    ✓ Факел C4           @ (3,0,2) hp=6/6
    ✓ Тишина C5          @ (3,2,2) hp=2/2
    ✓ Бурав C6           @ (3,7,2) hp=4/4
    ✓ Провокатор C7      @ (3,6,2) hp=2/2
    ✓ Паук C8            @ (3,1,2) hp=1/1

======================================================================
ХОД 1
======================================================================
✓ 🎮 GM: начинаем ход
GM: start_turn

--- Радиовышки: сканирование слоя Z ---
  Радиовышка A2 (z=0): слой чист
  Радиовышка B2 (z=2): видит 9 врагов  → Бурав A6(5,9,2), Факел C4(3,0,2), Паук C8(3,1,2), Тишина C5(3,2,2), Радиовышка C2(3,4,2), Провокатор C7(3,6,2), Бурав C6(3,7,2), Прыгун C3(3,8,2), Артиллерия C1(3,9,2)
  Радиовышка C2 (z=2): видит 9 врагов  → Бурав A6(5,9,2), Артиллерия B1(2,1,2), Тишина B5(2,3,2), Бурав B6(2,4,2), Прыгун B3(2,5,2), Радиовышка B2(2,6,2), Провокатор B7(2,7,2), Паук B8(2,8,2), Факел B4(2,9,2)

--- Решения ботов ---
  [Team A] Артиллерия A1 (5,9,1) → SHOOT at (3,9,2)
  [Team A] Радиовышка A2 (5,9,0) → MOVE (4,9,1)
  [Team A] Прыгун A3 (5,9,4) → MOVE (3,9,2)
  [Team A] Тишина A5 (5,9,6) → PHASE toggle
  [Team A] Бурав A6 (5,9,2) → MOVE (2,9,2)
  [Team A] Провокатор A7 (5,9,5) → HOLOGRAM (4,8,4)
  [Team A] Паук A8 (5,9,8) → MOVE (4,8,7)
  [Team A] Факел A4 → SKIP
  [Team B] Артиллерия B1 (2,1,2) → SHOOT at (3,9,2)
  [Team B] Радиовышка B2 (2,6,2) → MOVE (3,7,2)
  [Team B] Прыгун B3 (2,5,2) → MOVE (3,6,2)
  [Team B] Факел B4 (2,9,2) → SHOOT at (3,9,2)
  [Team B] Тишина B5 (2,3,2) → PHASE toggle
  [Team B] Бурав B6 (2,4,2) → MOVE (3,4,2)
  [Team B] Провокатор B7 (2,7,2) → HOLOGRAM (3,8,2)
  [Team B] Паук B8 (2,8,2) → MINE (3,9,2)
  [Team C] Артиллерия C1 (3,9,2) → SHOOT at (5,9,1)
  [Team C] Радиовышка C2 (3,4,2) → MOVE (2,5,2)
  [Team C] Прыгун C3 (3,8,2) → MOVE (5,9,1)
  [Team C] Тишина C5 (3,2,2) → PHASE toggle
  [Team C] Бурав C6 (3,7,2) → MOVE (2,7,2)
  [Team C] Провокатор C7 (3,6,2) → HOLOGRAM (2,6,2)
  [Team C] Паук C8 (3,1,2) → MINE (2,1,2)
  [Team C] Факел C4 → SKIP
! 🎮 GM: принудительно завершает фазу планирования
GM: end_planning
# 
============================================================
# 🔄 ОБРАБОТКА ХОДА 1
# ============================================================
   🌀 Тишина A5: фаза ВКЛ
   🌀 Тишина B5: фаза ВКЛ
   🌀 Тишина C5: фаза ВКЛ
   🪞 Провокатор A7 создал голограмму H1 в (4,8,4)
!    ⚠️ Провокатор B7: клетка (3,8,2) занята кораблём
!    ⚠️ Провокатор C7: клетка (2,6,2) занята кораблём
!    ⚠️ Паук B8: клетка (3,9,2) занята кораблём
!    ⚠️ Паук C8: клетка (2,1,2) занята кораблём

📦 ПЕРЕМЕЩЕНИЯ:
   Радиовышка A2: (5, 9, 0) → (4,9,1)
✓    💥 Прыгун A3 тараном уничтожил Артиллерия C1 в (3,9,2)
   Прыгун A3: (5, 9, 4) → (3,9,2)
✓    💥 Бурав A6 тараном уничтожил Факел B4 в (2,9,2)
   Бурав A6: (5, 9, 2) → (2,9,2)
   Паук A8: (5, 9, 8) → (4,8,7)
!    ⚠️ Радиовышка B2: клетка (3,7,2) занята
✓    💥 Прыгун B3 тараном уничтожил Провокатор C7 в (3,6,2)
   Прыгун B3: (2, 5, 2) → (3,6,2)
✓    💥 Бурав B6 тараном уничтожил Радиовышка C2 в (3,4,2)
   Бурав B6: (2, 4, 2) → (3,4,2)
✓    💥 Прыгун C3 тараном уничтожил Артиллерия A1 в (5,9,1)
   Прыгун C3: (3, 8, 2) → (5,9,1)
✓    💥 Бурав C6 тараном уничтожил Провокатор B7 в (2,7,2)
   Бурав C6: (3, 7, 2) → (2,7,2)

🎯 ВЫСТРЕЛЫ:
✓    ✅ Артиллерия B1 поразил Прыгун A3 (2 урона)!
   Выпущено ракет: 1
# 
📊 РЕЗУЛЬТАТЫ ХОДА 1:
✓ 💥 ПОПАДАНИЯ:
✓    Артиллерия B1 (Team B) → Прыгун A3 (Team A)

--- Результаты хода ---
  Team A / Прыгун A3          → Team C / Артиллерия C1      @ (3,9,2)  (УБИТ)
  Team A / Бурав A6           → Team B / Факел B4           @ (2,9,2)  (УБИТ)
  Team B / Прыгун B3          → Team C / Провокатор C7      @ (3,6,2)  (УБИТ)
  Team B / Бурав B6           → Team C / Радиовышка C2      @ (3,4,2)  (УБИТ)
  Team C / Прыгун C3          → Team A / Артиллерия A1      @ (5,9,1)  (УБИТ)
  Team C / Бурав C6           → Team B / Провокатор B7      @ (2,7,2)  (УБИТ)
  Team B / Артиллерия B1      → Team A / Прыгун A3          @ (3,9,2)  (УБИТ)

--- Состояние команд после хода ---
  Team A: живых 6/8
    ✓ Радиовышка A2      @ (4,9,1) hp=3/3
    ✓ Факел A4           @ (5,9,7) hp=6/6
    ✓ Тишина A5          @ (5,9,6) hp=2/2
    ✓ Бурав A6           @ (2,9,2) hp=4/4
    ✓ Провокатор A7      @ (5,9,5) hp=2/2
    ✓ Паук A8            @ (4,8,7) hp=1/1
    ✗ Артиллерия A1      @ (5,9,1) [уничтожен]
    ✗ Прыгун A3          @ (3,9,2) [уничтожен]
  Team B: живых 6/8
    ✓ Артиллерия B1      @ (2,1,2) hp=1/1
    ✓ Радиовышка B2      @ (2,6,2) hp=3/3
    ✓ Прыгун B3          @ (3,6,2) hp=2/2
    ✓ Тишина B5          @ (2,3,2) hp=2/2
    ✓ Бурав B6           @ (3,4,2) hp=4/4
    ✓ Паук B8            @ (2,8,2) hp=1/1
    ✗ Факел B4           @ (2,9,2) [уничтожен]
    ✗ Провокатор B7      @ (2,7,2) [уничтожен]
  Team C: живых 5/8
    ✓ Прыгун C3          @ (5,9,1) hp=2/2
    ✓ Факел C4           @ (3,0,2) hp=6/6
    ✓ Тишина C5          @ (3,2,2) hp=2/2
    ✓ Бурав C6           @ (2,7,2) hp=4/4
    ✓ Паук C8            @ (3,1,2) hp=1/1
    ✗ Артиллерия C1      @ (3,9,2) [уничтожен]
    ✗ Радиовышка C2      @ (3,4,2) [уничтожен]
    ✗ Провокатор C7      @ (3,6,2) [уничтожен]

======================================================================
ХОД 2
======================================================================
✓ 🎮 GM: начинаем ход
GM: start_turn

--- Радиовышки: сканирование слоя Z ---
  Радиовышка A2 (z=1): видит 1 врагов  → Прыгун C3(5,9,1)
  Радиовышка B2 (z=2): видит 4 врагов  → Бурав A6(2,9,2), Бурав C6(2,7,2), Факел C4(3,0,2), Паук C8(3,1,2)

--- Решения ботов ---
  [Team A] Радиовышка A2 (4,9,1) → MOVE (5,9,1)
  [Team A] Тишина A5 (5,9,6) → MOVE (4,8,5)
  [Team A] Бурав A6 (2,9,2) → MOVE (2,7,2)
  [Team A] Провокатор A7 (5,9,5) → HOLOGRAM (4,8,4)
  [Team A] Паук A8 (4,8,7) → MOVE (3,7,6)
  [Team A] Факел A4 → SKIP
  [Team B] Артиллерия B1 (2,1,2) → SHOOT at (5,9,1)
  [Team B] Радиовышка B2 (2,6,2) → MOVE (2,7,2)
  [Team B] Прыгун B3 (3,6,2) → SHOOT at (3,1,2)
  [Team B] Тишина B5 (2,3,2) → MOVE (3,2,2)
  [Team B] Бурав B6 (3,4,2) → MOVE (3,1,2)
  [Team B] Паук B8 (2,8,2) → MINE (3,8,2)
  [Team C] Прыгун C3 (5,9,1) → MOVE (4,9,1)
  [Team C] Факел C4 (3,0,2) → SHOOT at (3,4,2)
  [Team C] Тишина C5 (3,2,2) → MOVE (2,1,2)
  [Team C] Бурав C6 (2,7,2) → MOVE (3,6,2)
  [Team C] Паук C8 → SKIP
! 🎮 GM: принудительно завершает фазу планирования
GM: end_planning
# 
============================================================
# 🔄 ОБРАБОТКА ХОДА 2
# ============================================================
!    ⚠️ Провокатор A7: клетка (4,8,4) уже занята голограммой
   💣 Паук B8 установил мину M1 в (3,8,2)

📦 ПЕРЕМЕЩЕНИЯ:
!    ⚠️ Радиовышка A2: клетка (5,9,1) занята
   Тишина A5: (5, 9, 6) → (4,8,5)
✓    💥 Бурав A6 тараном уничтожил Бурав C6 в (2,7,2)
   Бурав A6: (2, 9, 2) → (2,7,2)
   Паук A8: (4, 8, 7) → (3,7,6)
!    ⚠️ Радиовышка B2: клетка (2,7,2) занята
   Тишина B5: (2, 3, 2) → (3,2,2)
✓    💥 Бурав B6 тараном уничтожил Паук C8 в (3,1,2)
   Бурав B6: (3, 4, 2) → (3,1,2)
✓    💥 Прыгун C3 тараном уничтожил Радиовышка A2 в (4,9,1)
   Прыгун C3: (5, 9, 1) → (4,9,1)
!    ⚠️ Тишина C5: клетка (2,1,2) занята

🎯 ВЫСТРЕЛЫ:
!    🛡️ Выстрел Прыгун B3 заблокирован союзником Бурав B6 в (3, 1, 2)
✓    ✅ Факел C4 поразил Бурав B6 (1 урона)!
   Выпущено ракет: 3
# 
📊 РЕЗУЛЬТАТЫ ХОДА 2:
✓ 💥 ПОПАДАНИЯ:
✓    Факел C4 (Team C) → Бурав B6 (Team B)

--- Результаты хода ---
  Team A / Бурав A6           → Team C / Бурав C6           @ (2,7,2)  (УБИТ)
  Team B / Бурав B6           → Team C / Паук C8            @ (3,1,2)  (УБИТ)
  Team C / Прыгун C3          → Team A / Радиовышка A2      @ (4,9,1)  (УБИТ)
  Team C / Факел C4           → Team B / Бурав B6           @ (3,1,2)  (ранен)

--- Состояние команд после хода ---
  Team A: живых 5/8
    ✓ Факел A4           @ (5,9,7) hp=6/6
    ✓ Тишина A5          @ (4,8,5) hp=2/2
    ✓ Бурав A6           @ (2,7,2) hp=4/4
    ✓ Провокатор A7      @ (5,9,5) hp=2/2
    ✓ Паук A8            @ (3,7,6) hp=1/1
    ✗ Артиллерия A1      @ (5,9,1) [уничтожен]
    ✗ Радиовышка A2      @ (4,9,1) [уничтожен]
    ✗ Прыгун A3          @ (3,9,2) [уничтожен]
  Team B: живых 6/8
    ✓ Артиллерия B1      @ (2,1,2) hp=1/1
    ✓ Радиовышка B2      @ (2,6,2) hp=3/3
    ✓ Прыгун B3          @ (3,6,2) hp=2/2
    ✓ Тишина B5          @ (3,2,2) hp=2/2
    ✓ Бурав B6           @ (3,1,2) hp=3/4
    ✓ Паук B8            @ (2,8,2) hp=1/1
    ✗ Факел B4           @ (2,9,2) [уничтожен]
    ✗ Провокатор B7      @ (2,7,2) [уничтожен]
  Team C: живых 3/8
    ✓ Прыгун C3          @ (4,9,1) hp=2/2
    ✓ Факел C4           @ (3,0,2) hp=6/6
    ✓ Тишина C5          @ (3,2,2) hp=2/2
    ✗ Артиллерия C1      @ (3,9,2) [уничтожен]
    ✗ Радиовышка C2      @ (3,4,2) [уничтожен]
    ✗ Бурав C6           @ (2,7,2) [уничтожен]
    ✗ Провокатор C7      @ (3,6,2) [уничтожен]
    ✗ Паук C8            @ (3,1,2) [уничтожен]

======================================================================
ХОД 3
======================================================================
✓ 🎮 GM: начинаем ход
GM: start_turn

--- Радиовышки: сканирование слоя Z ---
  Радиовышка B2 (z=2): видит 2 врагов  → Бурав A6(2,7,2), Факел C4(3,0,2)

--- Решения ботов ---
  [Team A] Факел A4 (5,9,7) → MOVE (5,9,6)
  [Team A] Тишина A5 (4,8,5) → MOVE (3,7,4)
  [Team A] Бурав A6 (2,7,2) → MOVE (3,6,2)
  [Team A] Провокатор A7 (5,9,5) → HOLOGRAM (4,8,4)
  [Team A] Паук A8 (3,7,6) → MINE (2,6,5)
  [Team B] Артиллерия B1 (2,1,2) → SHOOT at (4,9,1)
  [Team B] Радиовышка B2 (2,6,2) → MOVE (2,7,2)
  [Team B] Прыгун B3 (3,6,2) → MOVE (3,7,2)
  [Team B] Бурав B6 (3,1,2) → MOVE (3,0,2)
  [Team B] Паук B8 (2,8,2) → MINE (3,8,2)
  [Team B] Тишина B5 → SKIP
  [Team C] Прыгун C3 (4,9,1) → MOVE (2,7,2)
  [Team C] Факел C4 (3,0,2) → SHOOT at (3,1,2)
  [Team C] Тишина C5 (3,2,2) → MOVE (2,1,2)
! 🎮 GM: принудительно завершает фазу планирования
GM: end_planning
# 
============================================================
# 🔄 ОБРАБОТКА ХОДА 3
# ============================================================
!    ⚠️ Провокатор A7: клетка (4,8,4) уже занята голограммой
   💣 Паук A8 установил мину M2 в (2,6,5)
!    ⚠️ Паук B8: в клетке уже стоит мина

📦 ПЕРЕМЕЩЕНИЯ:
   Факел A4: (5, 9, 7) → (5,9,6)
   Тишина A5: (4, 8, 5) → (3,7,4)
✓    💥 Бурав A6 тараном уничтожил Прыгун B3 в (3,6,2)
   Бурав A6: (2, 7, 2) → (3,6,2)
   Радиовышка B2: (2, 6, 2) → (2,7,2)
✓    💥 Бурав B6 тараном уничтожил Факел C4 в (3,0,2)
   Бурав B6: (3, 1, 2) → (3,0,2)
✓    💥 Прыгун C3 тараном уничтожил Радиовышка B2 в (2,7,2)
   Прыгун C3: (4, 9, 1) → (2,7,2)
!    ⚠️ Тишина C5: клетка (2,1,2) занята

🎯 ВЫСТРЕЛЫ:
   Выпущено ракет: 1
# 
📊 РЕЗУЛЬТАТЫ ХОДА 3:
🎯 Попаданий нет

--- Результаты хода ---
  Team A / Бурав A6           → Team B / Прыгун B3          @ (3,6,2)  (УБИТ)
  Team B / Бурав B6           → Team C / Факел C4           @ (3,0,2)  (УБИТ)
  Team C / Прыгун C3          → Team B / Радиовышка B2      @ (2,7,2)  (УБИТ)

--- Состояние команд после хода ---
  Team A: живых 5/8
    ✓ Факел A4           @ (5,9,6) hp=6/6
    ✓ Тишина A5          @ (3,7,4) hp=2/2
    ✓ Бурав A6           @ (3,6,2) hp=4/4
    ✓ Провокатор A7      @ (5,9,5) hp=2/2
    ✓ Паук A8            @ (3,7,6) hp=1/1
    ✗ Артиллерия A1      @ (5,9,1) [уничтожен]
    ✗ Радиовышка A2      @ (4,9,1) [уничтожен]
    ✗ Прыгун A3          @ (3,9,2) [уничтожен]
  Team B: живых 4/8
    ✓ Артиллерия B1      @ (2,1,2) hp=1/1
    ✓ Тишина B5          @ (3,2,2) hp=2/2
    ✓ Бурав B6           @ (3,0,2) hp=3/4
    ✓ Паук B8            @ (2,8,2) hp=1/1
    ✗ Радиовышка B2      @ (2,7,2) [уничтожен]
    ✗ Прыгун B3          @ (3,6,2) [уничтожен]
    ✗ Факел B4           @ (2,9,2) [уничтожен]
    ✗ Провокатор B7      @ (2,7,2) [уничтожен]
  Team C: живых 2/8
    ✓ Прыгун C3          @ (2,7,2) hp=2/2
    ✓ Тишина C5          @ (3,2,2) hp=2/2
    ✗ Артиллерия C1      @ (3,9,2) [уничтожен]
    ✗ Радиовышка C2      @ (3,4,2) [уничтожен]
    ✗ Факел C4           @ (3,0,2) [уничтожен]
    ✗ Бурав C6           @ (2,7,2) [уничтожен]
    ✗ Провокатор C7      @ (3,6,2) [уничтожен]
    ✗ Паук C8            @ (3,1,2) [уничтожен]

======================================================================
ХОД 4
======================================================================
✓ 🎮 GM: начинаем ход
GM: start_turn

--- Радиовышки: сканирование слоя Z ---
  (у команд не осталось живых радиовышек)

--- Решения ботов ---
  [Team A] Тишина A5 (3,7,4) → MOVE (2,8,3)
  [Team A] Бурав A6 (3,6,2) → MOVE (2,7,2)
  [Team A] Провокатор A7 (5,9,5) → HOLOGRAM (4,8,4)
  [Team A] Паук A8 (3,7,6) → MINE (2,8,5)
  [Team A] Факел A4 → SKIP
  [Team B] Артиллерия B1 (2,1,2) → SHOOT at (2,7,2)
  [Team B] Тишина B5 (3,2,2) → MOVE (3,3,2)
  [Team B] Бурав B6 (3,0,2) → MOVE (3,1,2)
  [Team B] Паук B8 (2,8,2) → MINE (2,7,2)
  [Team C] Прыгун C3 (2,7,2) → MOVE (3,6,2)
  [Team C] Тишина C5 (3,2,2) → MOVE (2,1,2)
! 🎮 GM: принудительно завершает фазу планирования
GM: end_planning
# 
============================================================
# 🔄 ОБРАБОТКА ХОДА 4
# ============================================================
!    ⚠️ Провокатор A7: клетка (4,8,4) уже занята голограммой
   💣 Паук A8 установил мину M3 в (2,8,5)
!    ⚠️ Паук B8: клетка (2,7,2) занята кораблём

📦 ПЕРЕМЕЩЕНИЯ:
   Тишина A5: (3, 7, 4) → (2,8,3)
✓    💥 Бурав A6 тараном уничтожил Прыгун C3 в (2,7,2)
   Бурав A6: (3, 6, 2) → (2,7,2)
   Тишина B5: (3, 2, 2) → (3,3,2)
   Бурав B6: (3, 0, 2) → (3,1,2)
!    ⚠️ Тишина C5: клетка (2,1,2) занята

🎯 ВЫСТРЕЛЫ:
✓    ✅ Артиллерия B1 поразил Бурав A6 (2 урона)!
   Выпущено ракет: 1
# 
📊 РЕЗУЛЬТАТЫ ХОДА 4:
✓ 💥 ПОПАДАНИЯ:
✓    Артиллерия B1 (Team B) → Бурав A6 (Team A)

--- Результаты хода ---
  Team A / Бурав A6           → Team C / Прыгун C3          @ (2,7,2)  (УБИТ)
  Team B / Артиллерия B1      → Team A / Бурав A6           @ (2,7,2)  (ранен)

--- Состояние команд после хода ---
  Team A: живых 5/8
    ✓ Факел A4           @ (5,9,6) hp=6/6
    ✓ Тишина A5          @ (2,8,3) hp=2/2
    ✓ Бурав A6           @ (2,7,2) hp=2/4
    ✓ Провокатор A7      @ (5,9,5) hp=2/2
    ✓ Паук A8            @ (3,7,6) hp=1/1
    ✗ Артиллерия A1      @ (5,9,1) [уничтожен]
    ✗ Радиовышка A2      @ (4,9,1) [уничтожен]
    ✗ Прыгун A3          @ (3,9,2) [уничтожен]
  Team B: живых 4/8
    ✓ Артиллерия B1      @ (2,1,2) hp=1/1
    ✓ Тишина B5          @ (3,3,2) hp=2/2
    ✓ Бурав B6           @ (3,1,2) hp=3/4
    ✓ Паук B8            @ (2,8,2) hp=1/1
    ✗ Радиовышка B2      @ (2,7,2) [уничтожен]
    ✗ Прыгун B3          @ (3,6,2) [уничтожен]
    ✗ Факел B4           @ (2,9,2) [уничтожен]
    ✗ Провокатор B7      @ (2,7,2) [уничтожен]
  Team C: живых 1/8
    ✓ Тишина C5          @ (3,2,2) hp=2/2
    ✗ Артиллерия C1      @ (3,9,2) [уничтожен]
    ✗ Радиовышка C2      @ (3,4,2) [уничтожен]
    ✗ Прыгун C3          @ (2,7,2) [уничтожен]
    ✗ Факел C4           @ (3,0,2) [уничтожен]
    ✗ Бурав C6           @ (2,7,2) [уничтожен]
    ✗ Провокатор C7      @ (3,6,2) [уничтожен]
    ✗ Паук C8            @ (3,1,2) [уничтожен]

======================================================================
ХОД 5
======================================================================
✓ 🎮 GM: начинаем ход
GM: start_turn

--- Радиовышки: сканирование слоя Z ---
  (у команд не осталось живых радиовышек)

--- Решения ботов ---
  [Team A] Факел A4 (5,9,6) → MOVE (4,8,5)
  [Team A] Тишина A5 (2,8,3) → PHASE toggle
  [Team A] Бурав A6 (2,7,2) → MOVE (2,8,2)
  [Team A] Провокатор A7 (5,9,5) → HOLOGRAM (4,8,4)
  [Team A] Паук A8 (3,7,6) → MINE (2,8,5)
  [Team B] Артиллерия B1 (2,1,2) → SHOOT at (2,7,2)
  [Team B] Тишина B5 (3,3,2) → PHASE toggle
  [Team B] Бурав B6 (3,1,2) → MOVE (2,2,2)
  [Team B] Паук B8 (2,8,2) → MINE (2,7,2)
  [Team C] Тишина C5 (3,2,2) → MOVE (2,1,2)
! 🎮 GM: принудительно завершает фазу планирования
GM: end_planning
# 
============================================================
# 🔄 ОБРАБОТКА ХОДА 5
# ============================================================
   🌀 Тишина A5: фаза ВЫКЛ
   🌀 Тишина B5: фаза ВЫКЛ
!    ⚠️ Провокатор A7: клетка (4,8,4) уже занята голограммой
!    ⚠️ Паук A8: в клетке уже стоит мина
!    ⚠️ Паук B8: клетка (2,7,2) занята кораблём

📦 ПЕРЕМЕЩЕНИЯ:
   Факел A4: (5, 9, 6) → (4,8,5)
✓    💥 Бурав A6 тараном уничтожил Паук B8 в (2,8,2)
   Бурав A6: (2, 7, 2) → (2,8,2)
   Бурав B6: (3, 1, 2) → (2,2,2)
!    ⚠️ Тишина C5: клетка (2,1,2) занята

🎯 ВЫСТРЕЛЫ:
   Выпущено ракет: 1
# 
📊 РЕЗУЛЬТАТЫ ХОДА 5:
🎯 Попаданий нет

--- Результаты хода ---
  Team A / Бурав A6           → Team B / Паук B8            @ (2,8,2)  (УБИТ)

--- Состояние команд после хода ---
  Team A: живых 5/8
    ✓ Факел A4           @ (4,8,5) hp=6/6
    ✓ Тишина A5          @ (2,8,3) hp=2/2
    ✓ Бурав A6           @ (2,8,2) hp=2/4
    ✓ Провокатор A7      @ (5,9,5) hp=2/2
    ✓ Паук A8            @ (3,7,6) hp=1/1
    ✗ Артиллерия A1      @ (5,9,1) [уничтожен]
    ✗ Радиовышка A2      @ (4,9,1) [уничтожен]
    ✗ Прыгун A3          @ (3,9,2) [уничтожен]
  Team B: живых 3/8
    ✓ Артиллерия B1      @ (2,1,2) hp=1/1
    ✓ Тишина B5          @ (3,3,2) hp=2/2
    ✓ Бурав B6           @ (2,2,2) hp=3/4
    ✗ Радиовышка B2      @ (2,7,2) [уничтожен]
    ✗ Прыгун B3          @ (3,6,2) [уничтожен]
    ✗ Факел B4           @ (2,9,2) [уничтожен]
    ✗ Провокатор B7      @ (2,7,2) [уничтожен]
    ✗ Паук B8            @ (2,8,2) [уничтожен]
  Team C: живых 1/8
    ✓ Тишина C5          @ (3,2,2) hp=2/2
    ✗ Артиллерия C1      @ (3,9,2) [уничтожен]
    ✗ Радиовышка C2      @ (3,4,2) [уничтожен]
    ✗ Прыгун C3          @ (2,7,2) [уничтожен]
    ✗ Факел C4           @ (3,0,2) [уничтожен]
    ✗ Бурав C6           @ (2,7,2) [уничтожен]
    ✗ Провокатор C7      @ (3,6,2) [уничтожен]
    ✗ Паук C8            @ (3,1,2) [уничтожен]

======================================================================
ХОД 6
======================================================================
✓ 🎮 GM: начинаем ход
GM: start_turn

--- Радиовышки: сканирование слоя Z ---
  (у команд не осталось живых радиовышек)

--- Решения ботов ---
  [Team A] Факел A4 (4,8,5) → MOVE (3,8,4)
  [Team A] Тишина A5 (2,8,3) → MOVE (3,7,2)
  [Team A] Бурав A6 (2,8,2) → MOVE (3,8,2)
  [Team A] Провокатор A7 (5,9,5) → MOVE (4,8,4)
  [Team A] Паук A8 (3,7,6) → MINE (3,6,5)
  [Team B] Артиллерия B1 (2,1,2) → SHOOT at (3,7,6)
  [Team B] Тишина B5 (3,3,2) → MOVE (3,4,3)
  [Team B] Бурав B6 (2,2,2) → MOVE (3,3,3)
  [Team C] Тишина C5 (3,2,2) → MOVE (2,1,2)
! 🎮 GM: принудительно завершает фазу планирования
GM: end_planning
# 
============================================================
# 🔄 ОБРАБОТКА ХОДА 6
# ============================================================
   💣 Паук A8 установил мину M4 в (3,6,5)

📦 ПЕРЕМЕЩЕНИЯ:
   Факел A4: (4, 8, 5) → (3,8,4)
   Тишина A5: (2, 8, 3) → (3,7,2)
   Бурав A6: (2, 8, 2) → (3,8,2)
!    💥 Мина M1 сработала под Бурав A6 (урон 2) — КОРАБЛЬ УНИЧТОЖЕН
!    ⚠️ Провокатор A7: клетка (4,8,4) занята
   Тишина B5: (3, 3, 2) → (3,4,3)
!    ⚠️ Бурав B6: Бурав двигается только по 1 оси или по 2 осям строго диагонально
!    ⚠️ Тишина C5: клетка (2,1,2) занята

🎯 ВЫСТРЕЛЫ:
✓    ✅ Артиллерия B1 поразил Паук A8 (2 урона)!
   Выпущено ракет: 1
# 
📊 РЕЗУЛЬТАТЫ ХОДА 6:
✓ 💥 ПОПАДАНИЯ:
✓    Артиллерия B1 (Team B) → Паук A8 (Team A)

--- Результаты хода ---
  ? / ?                  → Team A / Бурав A6           @ (3,8,2)  (УБИТ)
  Team B / Артиллерия B1      → Team A / Паук A8            @ (3,7,6)  (УБИТ)

--- Состояние команд после хода ---
  Team A: живых 3/8
    ✓ Факел A4           @ (3,8,4) hp=6/6
    ✓ Тишина A5          @ (3,7,2) hp=2/2
    ✓ Провокатор A7      @ (5,9,5) hp=2/2
    ✗ Артиллерия A1      @ (5,9,1) [уничтожен]
    ✗ Радиовышка A2      @ (4,9,1) [уничтожен]
    ✗ Прыгун A3          @ (3,9,2) [уничтожен]
    ✗ Бурав A6           @ (3,8,2) [уничтожен]
    ✗ Паук A8            @ (3,7,6) [уничтожен]
  Team B: живых 3/8
    ✓ Артиллерия B1      @ (2,1,2) hp=1/1
    ✓ Тишина B5          @ (3,4,3) hp=2/2
    ✓ Бурав B6           @ (2,2,2) hp=3/4
    ✗ Радиовышка B2      @ (2,7,2) [уничтожен]
    ✗ Прыгун B3          @ (3,6,2) [уничтожен]
    ✗ Факел B4           @ (2,9,2) [уничтожен]
    ✗ Провокатор B7      @ (2,7,2) [уничтожен]
    ✗ Паук B8            @ (2,8,2) [уничтожен]
  Team C: живых 1/8
    ✓ Тишина C5          @ (3,2,2) hp=2/2
    ✗ Артиллерия C1      @ (3,9,2) [уничтожен]
    ✗ Радиовышка C2      @ (3,4,2) [уничтожен]
    ✗ Прыгун C3          @ (2,7,2) [уничтожен]
    ✗ Факел C4           @ (3,0,2) [уничтожен]
    ✗ Бурав C6           @ (2,7,2) [уничтожен]
    ✗ Провокатор C7      @ (3,6,2) [уничтожен]
    ✗ Паук C8            @ (3,1,2) [уничтожен]

======================================================================
ХОД 7
======================================================================
✓ 🎮 GM: начинаем ход
GM: start_turn

--- Радиовышки: сканирование слоя Z ---
  (у команд не осталось живых радиовышек)

--- Решения ботов ---
  [Team A] Факел A4 (3,8,4) → MOVE (4,9,5)
  [Team A] Тишина A5 (3,7,2) → MOVE (3,6,3)
  [Team A] Провокатор A7 (5,9,5) → HOLOGRAM (4,8,4)
  [Team B] Артиллерия B1 (2,1,2) → SHOOT at (3,7,2)
  [Team B] Тишина B5 (3,4,3) → PHASE toggle
  [Team B] Бурав B6 (2,2,2) → MOVE (3,3,2)
  [Team C] Тишина C5 (3,2,2) → MOVE (2,1,2)
! 🎮 GM: принудительно завершает фазу планирования
GM: end_planning
# 
============================================================
# 🔄 ОБРАБОТКА ХОДА 7
# ============================================================
   🌀 Тишина B5: фаза ВКЛ
!    ⚠️ Провокатор A7: клетка (4,8,4) уже занята голограммой

📦 ПЕРЕМЕЩЕНИЯ:
   Факел A4: (3, 8, 4) → (4,9,5)
   Тишина A5: (3, 7, 2) → (3,6,3)
   Бурав B6: (2, 2, 2) → (3,3,2)
!    ⚠️ Тишина C5: клетка (2,1,2) занята

🎯 ВЫСТРЕЛЫ:
   Выпущено ракет: 1
# 
📊 РЕЗУЛЬТАТЫ ХОДА 7:
🎯 Попаданий нет

--- Результаты хода ---
  Попаданий нет

--- Состояние команд после хода ---
  Team A: живых 3/8
    ✓ Факел A4           @ (4,9,5) hp=6/6
    ✓ Тишина A5          @ (3,6,3) hp=2/2
    ✓ Провокатор A7      @ (5,9,5) hp=2/2
    ✗ Артиллерия A1      @ (5,9,1) [уничтожен]
    ✗ Радиовышка A2      @ (4,9,1) [уничтожен]
    ✗ Прыгун A3          @ (3,9,2) [уничтожен]
    ✗ Бурав A6           @ (3,8,2) [уничтожен]
    ✗ Паук A8            @ (3,7,6) [уничтожен]
  Team B: живых 3/8
    ✓ Артиллерия B1      @ (2,1,2) hp=1/1
    ✓ Тишина B5          @ (3,4,3) hp=2/2
    ✓ Бурав B6           @ (3,3,2) hp=3/4
    ✗ Радиовышка B2      @ (2,7,2) [уничтожен]
    ✗ Прыгун B3          @ (3,6,2) [уничтожен]
    ✗ Факел B4           @ (2,9,2) [уничтожен]
    ✗ Провокатор B7      @ (2,7,2) [уничтожен]
    ✗ Паук B8            @ (2,8,2) [уничтожен]
  Team C: живых 1/8
    ✓ Тишина C5          @ (3,2,2) hp=2/2
    ✗ Артиллерия C1      @ (3,9,2) [уничтожен]
    ✗ Радиовышка C2      @ (3,4,2) [уничтожен]
    ✗ Прыгун C3          @ (2,7,2) [уничтожен]
    ✗ Факел C4           @ (3,0,2) [уничтожен]
    ✗ Бурав C6           @ (2,7,2) [уничтожен]
    ✗ Провокатор C7      @ (3,6,2) [уничтожен]
    ✗ Паук C8            @ (3,1,2) [уничтожен]

======================================================================
ХОД 8
======================================================================
✓ 🎮 GM: начинаем ход
GM: start_turn

--- Радиовышки: сканирование слоя Z ---
  (у команд не осталось живых радиовышек)

--- Решения ботов ---
  [Team A] Тишина A5 (3,6,3) → MOVE (3,5,2)
  [Team A] Провокатор A7 (5,9,5) → MOVE (4,8,4)
  [Team A] Факел A4 → SKIP
  [Team B] Артиллерия B1 (2,1,2) → SHOOT at (3,6,3)
  [Team B] Тишина B5 (3,4,3) → PHASE toggle
  [Team B] Бурав B6 (3,3,2) → MOVE (3,4,2)
  [Team C] Тишина C5 (3,2,2) → MOVE (2,1,2)
! 🎮 GM: принудительно завершает фазу планирования
GM: end_planning
# 
============================================================
# 🔄 ОБРАБОТКА ХОДА 8
# ============================================================
   🌀 Тишина B5: фаза ВЫКЛ

📦 ПЕРЕМЕЩЕНИЯ:
   Тишина A5: (3, 6, 3) → (3,5,2)
!    ⚠️ Провокатор A7: клетка (4,8,4) занята
   Бурав B6: (3, 3, 2) → (3,4,2)
!    ⚠️ Тишина C5: клетка (2,1,2) занята

🎯 ВЫСТРЕЛЫ:
   Выпущено ракет: 1
# 
📊 РЕЗУЛЬТАТЫ ХОДА 8:
🎯 Попаданий нет

--- Результаты хода ---
  Попаданий нет

--- Состояние команд после хода ---
  Team A: живых 3/8
    ✓ Факел A4           @ (4,9,5) hp=6/6
    ✓ Тишина A5          @ (3,5,2) hp=2/2
    ✓ Провокатор A7      @ (5,9,5) hp=2/2
    ✗ Артиллерия A1      @ (5,9,1) [уничтожен]
    ✗ Радиовышка A2      @ (4,9,1) [уничтожен]
    ✗ Прыгун A3          @ (3,9,2) [уничтожен]
    ✗ Бурав A6           @ (3,8,2) [уничтожен]
    ✗ Паук A8            @ (3,7,6) [уничтожен]
  Team B: живых 3/8
    ✓ Артиллерия B1      @ (2,1,2) hp=1/1
    ✓ Тишина B5          @ (3,4,3) hp=2/2
    ✓ Бурав B6           @ (3,4,2) hp=3/4
    ✗ Радиовышка B2      @ (2,7,2) [уничтожен]
    ✗ Прыгун B3          @ (3,6,2) [уничтожен]
    ✗ Факел B4           @ (2,9,2) [уничтожен]
    ✗ Провокатор B7      @ (2,7,2) [уничтожен]
    ✗ Паук B8            @ (2,8,2) [уничтожен]
  Team C: живых 1/8
    ✓ Тишина C5          @ (3,2,2) hp=2/2
    ✗ Артиллерия C1      @ (3,9,2) [уничтожен]
    ✗ Радиовышка C2      @ (3,4,2) [уничтожен]
    ✗ Прыгун C3          @ (2,7,2) [уничтожен]
    ✗ Факел C4           @ (3,0,2) [уничтожен]
    ✗ Бурав C6           @ (2,7,2) [уничтожен]
    ✗ Провокатор C7      @ (3,6,2) [уничтожен]
    ✗ Паук C8            @ (3,1,2) [уничтожен]

======================================================================
ХОД 9
======================================================================
✓ 🎮 GM: начинаем ход
GM: start_turn

--- Радиовышки: сканирование слоя Z ---
  (у команд не осталось живых радиовышек)

--- Решения ботов ---
  [Team A] Тишина A5 (3,5,2) → PHASE toggle
  [Team A] Провокатор A7 (5,9,5) → HOLOGRAM (4,8,4)
  [Team A] Факел A4 → SKIP
  [Team B] Артиллерия B1 (2,1,2) → SHOOT at (3,5,2)
  [Team B] Тишина B5 (3,4,3) → MOVE (3,5,2)
  [Team B] Бурав B6 → SKIP
  [Team C] Тишина C5 (3,2,2) → MOVE (2,1,2)
! 🎮 GM: принудительно завершает фазу планирования
GM: end_planning
# 
============================================================
# 🔄 ОБРАБОТКА ХОДА 9
# ============================================================
   🌀 Тишина A5: фаза ВКЛ
!    ⚠️ Провокатор A7: клетка (4,8,4) уже занята голограммой

📦 ПЕРЕМЕЩЕНИЯ:
   Тишина B5: (3, 4, 3) → (3,5,2)
!    ⚠️ Тишина C5: клетка (2,1,2) занята

🎯 ВЫСТРЕЛЫ:
   Выпущено ракет: 1
# 
📊 РЕЗУЛЬТАТЫ ХОДА 9:
🎯 Попаданий нет

--- Результаты хода ---
  Попаданий нет

--- Состояние команд после хода ---
  Team A: живых 3/8
    ✓ Факел A4           @ (4,9,5) hp=6/6
    ✓ Тишина A5          @ (3,5,2) hp=2/2
    ✓ Провокатор A7      @ (5,9,5) hp=2/2
    ✗ Артиллерия A1      @ (5,9,1) [уничтожен]
    ✗ Радиовышка A2      @ (4,9,1) [уничтожен]
    ✗ Прыгун A3          @ (3,9,2) [уничтожен]
    ✗ Бурав A6           @ (3,8,2) [уничтожен]
    ✗ Паук A8            @ (3,7,6) [уничтожен]
  Team B: живых 3/8
    ✓ Артиллерия B1      @ (2,1,2) hp=1/1
    ✓ Тишина B5          @ (3,5,2) hp=2/2
    ✓ Бурав B6           @ (3,4,2) hp=3/4
    ✗ Радиовышка B2      @ (2,7,2) [уничтожен]
    ✗ Прыгун B3          @ (3,6,2) [уничтожен]
    ✗ Факел B4           @ (2,9,2) [уничтожен]
    ✗ Провокатор B7      @ (2,7,2) [уничтожен]
    ✗ Паук B8            @ (2,8,2) [уничтожен]
  Team C: живых 1/8
    ✓ Тишина C5          @ (3,2,2) hp=2/2
    ✗ Артиллерия C1      @ (3,9,2) [уничтожен]
    ✗ Радиовышка C2      @ (3,4,2) [уничтожен]
    ✗ Прыгун C3          @ (2,7,2) [уничтожен]
    ✗ Факел C4           @ (3,0,2) [уничтожен]
    ✗ Бурав C6           @ (2,7,2) [уничтожен]
    ✗ Провокатор C7      @ (3,6,2) [уничтожен]
    ✗ Паук C8            @ (3,1,2) [уничтожен]

======================================================================
ХОД 10
======================================================================
✓ 🎮 GM: начинаем ход
GM: start_turn

--- Радиовышки: сканирование слоя Z ---
  (у команд не осталось живых радиовышек)

--- Решения ботов ---
  [Team A] Провокатор A7 (5,9,5) → HOLOGRAM (4,8,4)
  [Team A] Факел A4 → SKIP
  [Team A] Тишина A5 → SKIP
  [Team B] Артиллерия B1 (2,1,2) → SHOOT at (5,9,5)
  [Team B] Тишина B5 (3,5,2) → PHASE toggle
  [Team B] Бурав B6 (3,4,2) → MOVE (4,5,3)
  [Team C] Тишина C5 (3,2,2) → MOVE (2,1,2)
! 🎮 GM: принудительно завершает фазу планирования
GM: end_planning
# 
============================================================
# 🔄 ОБРАБОТКА ХОДА 10
# ============================================================
   🌀 Тишина B5: фаза ВКЛ
!    ⚠️ Провокатор A7: клетка (4,8,4) уже занята голограммой

📦 ПЕРЕМЕЩЕНИЯ:
!    ⚠️ Бурав B6: Бурав двигается только по 1 оси или по 2 осям строго диагонально
!    ⚠️ Тишина C5: клетка (2,1,2) занята

🎯 ВЫСТРЕЛЫ:
✓    ✅ Артиллерия B1 поразил Провокатор A7 (2 урона)!
   Выпущено ракет: 1
# 
📊 РЕЗУЛЬТАТЫ ХОДА 10:
✓ 💥 ПОПАДАНИЯ:
✓    Артиллерия B1 (Team B) → Провокатор A7 (Team A)

--- Результаты хода ---
  Team B / Артиллерия B1      → Team A / Провокатор A7      @ (5,9,5)  (УБИТ)

--- Состояние команд после хода ---
  Team A: живых 2/8
    ✓ Факел A4           @ (4,9,5) hp=6/6
    ✓ Тишина A5          @ (3,5,2) hp=2/2
    ✗ Артиллерия A1      @ (5,9,1) [уничтожен]
    ✗ Радиовышка A2      @ (4,9,1) [уничтожен]
    ✗ Прыгун A3          @ (3,9,2) [уничтожен]
    ✗ Бурав A6           @ (3,8,2) [уничтожен]
    ✗ Провокатор A7      @ (5,9,5) [уничтожен]
    ✗ Паук A8            @ (3,7,6) [уничтожен]
  Team B: живых 3/8
    ✓ Артиллерия B1      @ (2,1,2) hp=1/1
    ✓ Тишина B5          @ (3,5,2) hp=2/2
    ✓ Бурав B6           @ (3,4,2) hp=3/4
    ✗ Радиовышка B2      @ (2,7,2) [уничтожен]
    ✗ Прыгун B3          @ (3,6,2) [уничтожен]
    ✗ Факел B4           @ (2,9,2) [уничтожен]
    ✗ Провокатор B7      @ (2,7,2) [уничтожен]
    ✗ Паук B8            @ (2,8,2) [уничтожен]
  Team C: живых 1/8
    ✓ Тишина C5          @ (3,2,2) hp=2/2
    ✗ Артиллерия C1      @ (3,9,2) [уничтожен]
    ✗ Радиовышка C2      @ (3,4,2) [уничтожен]
    ✗ Прыгун C3          @ (2,7,2) [уничтожен]
    ✗ Факел C4           @ (3,0,2) [уничтожен]
    ✗ Бурав C6           @ (2,7,2) [уничтожен]
    ✗ Провокатор C7      @ (3,6,2) [уничтожен]
    ✗ Паук C8            @ (3,1,2) [уничтожен]

======================================================================
ХОД 11
======================================================================
✓ 🎮 GM: начинаем ход
GM: start_turn

--- Радиовышки: сканирование слоя Z ---
  (у команд не осталось живых радиовышек)

--- Решения ботов ---
  [Team A] Факел A4 (4,9,5) → MOVE (3,8,4)
  [Team A] Тишина A5 (3,5,2) → MOVE (3,4,2)
  [Team B] Артиллерия B1 (2,1,2) → SHOOT at (4,9,5)
  [Team B] Тишина B5 (3,5,2) → MOVE (4,6,3)
  [Team B] Бурав B6 (3,4,2) → MOVE (4,5,3)
  [Team C] Тишина C5 (3,2,2) → MOVE (2,1,2)
! 🎮 GM: принудительно завершает фазу планирования
GM: end_planning
# 
============================================================
# 🔄 ОБРАБОТКА ХОДА 11
# ============================================================

📦 ПЕРЕМЕЩЕНИЯ:
   Факел A4: (4, 9, 5) → (3,8,4)
!    ⚠️ Тишина A5: клетка (3,4,2) занята
   Тишина B5: (3, 5, 2) → (4,6,3)
!    ⚠️ Бурав B6: Бурав двигается только по 1 оси или по 2 осям строго диагонально
!    ⚠️ Тишина C5: клетка (2,1,2) занята

🎯 ВЫСТРЕЛЫ:
   Выпущено ракет: 1
# 
📊 РЕЗУЛЬТАТЫ ХОДА 11:
🎯 Попаданий нет

--- Результаты хода ---
  Попаданий нет

--- Состояние команд после хода ---
  Team A: живых 2/8
    ✓ Факел A4           @ (3,8,4) hp=6/6
    ✓ Тишина A5          @ (3,5,2) hp=2/2
    ✗ Артиллерия A1      @ (5,9,1) [уничтожен]
    ✗ Радиовышка A2      @ (4,9,1) [уничтожен]
    ✗ Прыгун A3          @ (3,9,2) [уничтожен]
    ✗ Бурав A6           @ (3,8,2) [уничтожен]
    ✗ Провокатор A7      @ (5,9,5) [уничтожен]
    ✗ Паук A8            @ (3,7,6) [уничтожен]
  Team B: живых 3/8
    ✓ Артиллерия B1      @ (2,1,2) hp=1/1
    ✓ Тишина B5          @ (4,6,3) hp=2/2
    ✓ Бурав B6           @ (3,4,2) hp=3/4
    ✗ Радиовышка B2      @ (2,7,2) [уничтожен]
    ✗ Прыгун B3          @ (3,6,2) [уничтожен]
    ✗ Факел B4           @ (2,9,2) [уничтожен]
    ✗ Провокатор B7      @ (2,7,2) [уничтожен]
    ✗ Паук B8            @ (2,8,2) [уничтожен]
  Team C: живых 1/8
    ✓ Тишина C5          @ (3,2,2) hp=2/2
    ✗ Артиллерия C1      @ (3,9,2) [уничтожен]
    ✗ Радиовышка C2      @ (3,4,2) [уничтожен]
    ✗ Прыгун C3          @ (2,7,2) [уничтожен]
    ✗ Факел C4           @ (3,0,2) [уничтожен]
    ✗ Бурав C6           @ (2,7,2) [уничтожен]
    ✗ Провокатор C7      @ (3,6,2) [уничтожен]
    ✗ Паук C8            @ (3,1,2) [уничтожен]

======================================================================
ХОД 12
======================================================================
✓ 🎮 GM: начинаем ход
GM: start_turn

--- Радиовышки: сканирование слоя Z ---
  (у команд не осталось живых радиовышек)

--- Решения ботов ---
  [Team A] Факел A4 (3,8,4) → MOVE (3,7,3)
  [Team A] Тишина A5 (3,5,2) → MOVE (3,4,2)
  [Team B] Артиллерия B1 (2,1,2) → SHOOT at (3,8,4)
  [Team B] Тишина B5 (4,6,3) → MOVE (3,7,4)
  [Team B] Бурав B6 (3,4,2) → MOVE (3,5,3)
  [Team C] Тишина C5 (3,2,2) → MOVE (2,1,2)
! 🎮 GM: принудительно завершает фазу планирования
GM: end_planning
# 
============================================================
# 🔄 ОБРАБОТКА ХОДА 12
# ============================================================

📦 ПЕРЕМЕЩЕНИЯ:
   Факел A4: (3, 8, 4) → (3,7,3)
!    ⚠️ Тишина A5: клетка (3,4,2) занята
   Тишина B5: (4, 6, 3) → (3,7,4)
   Бурав B6: (3, 4, 2) → (3,5,3)
!    ⚠️ Тишина C5: клетка (2,1,2) занята

🎯 ВЫСТРЕЛЫ:
   Выпущено ракет: 1
# 
📊 РЕЗУЛЬТАТЫ ХОДА 12:
🎯 Попаданий нет

--- Результаты хода ---
  Попаданий нет

--- Состояние команд после хода ---
  Team A: живых 2/8
    ✓ Факел A4           @ (3,7,3) hp=6/6
    ✓ Тишина A5          @ (3,5,2) hp=2/2
    ✗ Артиллерия A1      @ (5,9,1) [уничтожен]
    ✗ Радиовышка A2      @ (4,9,1) [уничтожен]
    ✗ Прыгун A3          @ (3,9,2) [уничтожен]
    ✗ Бурав A6           @ (3,8,2) [уничтожен]
    ✗ Провокатор A7      @ (5,9,5) [уничтожен]
    ✗ Паук A8            @ (3,7,6) [уничтожен]
  Team B: живых 3/8
    ✓ Артиллерия B1      @ (2,1,2) hp=1/1
    ✓ Тишина B5          @ (3,7,4) hp=2/2
    ✓ Бурав B6           @ (3,5,3) hp=3/4
    ✗ Радиовышка B2      @ (2,7,2) [уничтожен]
    ✗ Прыгун B3          @ (3,6,2) [уничтожен]
    ✗ Факел B4           @ (2,9,2) [уничтожен]
    ✗ Провокатор B7      @ (2,7,2) [уничтожен]
    ✗ Паук B8            @ (2,8,2) [уничтожен]
  Team C: живых 1/8
    ✓ Тишина C5          @ (3,2,2) hp=2/2
    ✗ Артиллерия C1      @ (3,9,2) [уничтожен]
    ✗ Радиовышка C2      @ (3,4,2) [уничтожен]
    ✗ Прыгун C3          @ (2,7,2) [уничтожен]
    ✗ Факел C4           @ (3,0,2) [уничтожен]
    ✗ Бурав C6           @ (2,7,2) [уничтожен]
    ✗ Провокатор C7      @ (3,6,2) [уничтожен]
    ✗ Паук C8            @ (3,1,2) [уничтожен]

======================================================================
ХОД 13
======================================================================
✓ 🎮 GM: начинаем ход
GM: start_turn

--- Радиовышки: сканирование слоя Z ---
  (у команд не осталось живых радиовышек)

--- Решения ботов ---
  [Team A] Факел A4 (3,7,3) → SHOOT at (3,5,3)
  [Team A] Тишина A5 (3,5,2) → MOVE (3,5,3)
  [Team B] Артиллерия B1 (2,1,2) → SHOOT at (3,7,3)
  [Team B] Тишина B5 (3,7,4) → MOVE (3,7,3)
  [Team B] Бурав B6 (3,5,3) → MOVE (3,6,3)
  [Team C] Тишина C5 (3,2,2) → MOVE (2,1,2)
! 🎮 GM: принудительно завершает фазу планирования
GM: end_planning
# 
============================================================
# 🔄 ОБРАБОТКА ХОДА 13
# ============================================================

📦 ПЕРЕМЕЩЕНИЯ:
!    ⚠️ Тишина A5: клетка (3,5,3) занята
!    ⚠️ Тишина B5: клетка (3,7,3) занята
   Бурав B6: (3, 5, 3) → (3,6,3)
!    ⚠️ Тишина C5: клетка (2,1,2) занята

🎯 ВЫСТРЕЛЫ:
✓    ✅ Факел A4 поразил Бурав B6 (1 урона)!
✓    ✅ Артиллерия B1 поразил Факел A4 (2 урона)!
   Выпущено ракет: 2
# 
📊 РЕЗУЛЬТАТЫ ХОДА 13:
✓ 💥 ПОПАДАНИЯ:
✓    Факел A4 (Team A) → Бурав B6 (Team B)
✓    Артиллерия B1 (Team B) → Факел A4 (Team A)

--- Результаты хода ---
  Team A / Факел A4           → Team B / Бурав B6           @ (3,6,3)  (ранен)
  Team B / Артиллерия B1      → Team A / Факел A4           @ (3,7,3)  (ранен)

--- Состояние команд после хода ---
  Team A: живых 2/8
    ✓ Факел A4           @ (3,7,3) hp=4/6
    ✓ Тишина A5          @ (3,5,2) hp=2/2
    ✗ Артиллерия A1      @ (5,9,1) [уничтожен]
    ✗ Радиовышка A2      @ (4,9,1) [уничтожен]
    ✗ Прыгун A3          @ (3,9,2) [уничтожен]
    ✗ Бурав A6           @ (3,8,2) [уничтожен]
    ✗ Провокатор A7      @ (5,9,5) [уничтожен]
    ✗ Паук A8            @ (3,7,6) [уничтожен]
  Team B: живых 3/8
    ✓ Артиллерия B1      @ (2,1,2) hp=1/1
    ✓ Тишина B5          @ (3,7,4) hp=2/2
    ✓ Бурав B6           @ (3,6,3) hp=2/4
    ✗ Радиовышка B2      @ (2,7,2) [уничтожен]
    ✗ Прыгун B3          @ (3,6,2) [уничтожен]
    ✗ Факел B4           @ (2,9,2) [уничтожен]
    ✗ Провокатор B7      @ (2,7,2) [уничтожен]
    ✗ Паук B8            @ (2,8,2) [уничтожен]
  Team C: живых 1/8
    ✓ Тишина C5          @ (3,2,2) hp=2/2
    ✗ Артиллерия C1      @ (3,9,2) [уничтожен]
    ✗ Радиовышка C2      @ (3,4,2) [уничтожен]
    ✗ Прыгун C3          @ (2,7,2) [уничтожен]
    ✗ Факел C4           @ (3,0,2) [уничтожен]
    ✗ Бурав C6           @ (2,7,2) [уничтожен]
    ✗ Провокатор C7      @ (3,6,2) [уничтожен]
    ✗ Паук C8            @ (3,1,2) [уничтожен]

======================================================================
ХОД 14
======================================================================
✓ 🎮 GM: начинаем ход
GM: start_turn

--- Радиовышки: сканирование слоя Z ---
  (у команд не осталось живых радиовышек)

--- Решения ботов ---
  [Team A] Факел A4 (3,7,3) → HEAL (AoE)
  [Team A] Тишина A5 (3,5,2) → MOVE (3,6,3)
  [Team B] Артиллерия B1 (2,1,2) → SHOOT at (3,7,3)
  [Team B] Тишина B5 (3,7,4) → MOVE (3,7,3)
  [Team B] Бурав B6 → SKIP
  [Team C] Тишина C5 (3,2,2) → MOVE (2,1,2)
! 🎮 GM: принудительно завершает фазу планирования
GM: end_planning
# 
============================================================
# 🔄 ОБРАБОТКА ХОДА 14
# ============================================================

📦 ПЕРЕМЕЩЕНИЯ:
!    ⚠️ Тишина A5: клетка (3,6,3) занята
!    ⚠️ Тишина B5: клетка (3,7,3) занята
!    ⚠️ Тишина C5: клетка (2,1,2) занята

🎯 ВЫСТРЕЛЫ:
✓    ✅ Артиллерия B1 поразил Факел A4 (2 урона)!
✓    💚 Факел A4 лечит Факел A4 → hits=3/6
   Выпущено ракет: 1
# 
📊 РЕЗУЛЬТАТЫ ХОДА 14:
✓ 💥 ПОПАДАНИЯ:
✓    Артиллерия B1 (Team B) → Факел A4 (Team A)

--- Результаты хода ---
  Team B / Артиллерия B1      → Team A / Факел A4           @ (3,7,3)  (ранен)

--- Состояние команд после хода ---
  Team A: живых 2/8
    ✓ Факел A4           @ (3,7,3) hp=3/6
    ✓ Тишина A5          @ (3,5,2) hp=2/2
    ✗ Артиллерия A1      @ (5,9,1) [уничтожен]
    ✗ Радиовышка A2      @ (4,9,1) [уничтожен]
    ✗ Прыгун A3          @ (3,9,2) [уничтожен]
    ✗ Бурав A6           @ (3,8,2) [уничтожен]
    ✗ Провокатор A7      @ (5,9,5) [уничтожен]
    ✗ Паук A8            @ (3,7,6) [уничтожен]
  Team B: живых 3/8
    ✓ Артиллерия B1      @ (2,1,2) hp=1/1
    ✓ Тишина B5          @ (3,7,4) hp=2/2
    ✓ Бурав B6           @ (3,6,3) hp=2/4
    ✗ Радиовышка B2      @ (2,7,2) [уничтожен]
    ✗ Прыгун B3          @ (3,6,2) [уничтожен]
    ✗ Факел B4           @ (2,9,2) [уничтожен]
    ✗ Провокатор B7      @ (2,7,2) [уничтожен]
    ✗ Паук B8            @ (2,8,2) [уничтожен]
  Team C: живых 1/8
    ✓ Тишина C5          @ (3,2,2) hp=2/2
    ✗ Артиллерия C1      @ (3,9,2) [уничтожен]
    ✗ Радиовышка C2      @ (3,4,2) [уничтожен]
    ✗ Прыгун C3          @ (2,7,2) [уничтожен]
    ✗ Факел C4           @ (3,0,2) [уничтожен]
    ✗ Бурав C6           @ (2,7,2) [уничтожен]
    ✗ Провокатор C7      @ (3,6,2) [уничтожен]
    ✗ Паук C8            @ (3,1,2) [уничтожен]

======================================================================
ХОД 15
======================================================================
✓ 🎮 GM: начинаем ход
GM: start_turn

--- Радиовышки: сканирование слоя Z ---
  (у команд не осталось живых радиовышек)

--- Решения ботов ---
  [Team A] Факел A4 (3,7,3) → HEAL (AoE)
  [Team A] Тишина A5 (3,5,2) → MOVE (3,6,3)
  [Team B] Артиллерия B1 (2,1,2) → SHOOT at (3,7,3)
  [Team B] Тишина B5 (3,7,4) → MOVE (3,7,3)
  [Team B] Бурав B6 → SKIP
  [Team C] Тишина C5 (3,2,2) → MOVE (2,1,2)
! 🎮 GM: принудительно завершает фазу планирования
GM: end_planning
# 
============================================================
# 🔄 ОБРАБОТКА ХОДА 15
# ============================================================

📦 ПЕРЕМЕЩЕНИЯ:
!    ⚠️ Тишина A5: клетка (3,6,3) занята
!    ⚠️ Тишина B5: клетка (3,7,3) занята
!    ⚠️ Тишина C5: клетка (2,1,2) занята

🎯 ВЫСТРЕЛЫ:
✓    ✅ Артиллерия B1 поразил Факел A4 (2 урона)!
✓    💚 Факел A4 лечит Факел A4 → hits=4/6
   Выпущено ракет: 1
# 
📊 РЕЗУЛЬТАТЫ ХОДА 15:
✓ 💥 ПОПАДАНИЯ:
✓    Артиллерия B1 (Team B) → Факел A4 (Team A)

--- Результаты хода ---
  Team B / Артиллерия B1      → Team A / Факел A4           @ (3,7,3)  (ранен)

--- Состояние команд после хода ---
  Team A: живых 2/8
    ✓ Факел A4           @ (3,7,3) hp=2/6
    ✓ Тишина A5          @ (3,5,2) hp=2/2
    ✗ Артиллерия A1      @ (5,9,1) [уничтожен]
    ✗ Радиовышка A2      @ (4,9,1) [уничтожен]
    ✗ Прыгун A3          @ (3,9,2) [уничтожен]
    ✗ Бурав A6           @ (3,8,2) [уничтожен]
    ✗ Провокатор A7      @ (5,9,5) [уничтожен]
    ✗ Паук A8            @ (3,7,6) [уничтожен]
  Team B: живых 3/8
    ✓ Артиллерия B1      @ (2,1,2) hp=1/1
    ✓ Тишина B5          @ (3,7,4) hp=2/2
    ✓ Бурав B6           @ (3,6,3) hp=2/4
    ✗ Радиовышка B2      @ (2,7,2) [уничтожен]
    ✗ Прыгун B3          @ (3,6,2) [уничтожен]
    ✗ Факел B4           @ (2,9,2) [уничтожен]
    ✗ Провокатор B7      @ (2,7,2) [уничтожен]
    ✗ Паук B8            @ (2,8,2) [уничтожен]
  Team C: живых 1/8
    ✓ Тишина C5          @ (3,2,2) hp=2/2
    ✗ Артиллерия C1      @ (3,9,2) [уничтожен]
    ✗ Радиовышка C2      @ (3,4,2) [уничтожен]
    ✗ Прыгун C3          @ (2,7,2) [уничтожен]
    ✗ Факел C4           @ (3,0,2) [уничтожен]
    ✗ Бурав C6           @ (2,7,2) [уничтожен]
    ✗ Провокатор C7      @ (3,6,2) [уничтожен]
    ✗ Паук C8            @ (3,1,2) [уничтожен]

======================================================================
ХОД 16
======================================================================
✓ 🎮 GM: начинаем ход
GM: start_turn

--- Радиовышки: сканирование слоя Z ---
  (у команд не осталось живых радиовышек)

--- Решения ботов ---
  [Team A] Факел A4 (3,7,3) → HEAL (AoE)
  [Team A] Тишина A5 (3,5,2) → MOVE (3,6,3)
  [Team B] Артиллерия B1 (2,1,2) → SHOOT at (3,7,3)
  [Team B] Тишина B5 (3,7,4) → MOVE (3,7,3)
  [Team B] Бурав B6 → SKIP
  [Team C] Тишина C5 (3,2,2) → MOVE (2,1,2)
! 🎮 GM: принудительно завершает фазу планирования
GM: end_planning
# 
============================================================
# 🔄 ОБРАБОТКА ХОДА 16
# ============================================================

📦 ПЕРЕМЕЩЕНИЯ:
!    ⚠️ Тишина A5: клетка (3,6,3) занята
!    ⚠️ Тишина B5: клетка (3,7,3) занята
!    ⚠️ Тишина C5: клетка (2,1,2) занята

🎯 ВЫСТРЕЛЫ:
✓    ✅ Артиллерия B1 поразил Факел A4 (2 урона)!
   Выпущено ракет: 1
# 
📊 РЕЗУЛЬТАТЫ ХОДА 16:
✓ 💥 ПОПАДАНИЯ:
✓    Артиллерия B1 (Team B) → Факел A4 (Team A)

--- Результаты хода ---
  Team B / Артиллерия B1      → Team A / Факел A4           @ (3,7,3)  (УБИТ)

--- Состояние команд после хода ---
  Team A: живых 1/8
    ✓ Тишина A5          @ (3,5,2) hp=2/2
    ✗ Артиллерия A1      @ (5,9,1) [уничтожен]
    ✗ Радиовышка A2      @ (4,9,1) [уничтожен]
    ✗ Прыгун A3          @ (3,9,2) [уничтожен]
    ✗ Факел A4           @ (3,7,3) [уничтожен]
    ✗ Бурав A6           @ (3,8,2) [уничтожен]
    ✗ Провокатор A7      @ (5,9,5) [уничтожен]
    ✗ Паук A8            @ (3,7,6) [уничтожен]
  Team B: живых 3/8
    ✓ Артиллерия B1      @ (2,1,2) hp=1/1
    ✓ Тишина B5          @ (3,7,4) hp=2/2
    ✓ Бурав B6           @ (3,6,3) hp=2/4
    ✗ Радиовышка B2      @ (2,7,2) [уничтожен]
    ✗ Прыгун B3          @ (3,6,2) [уничтожен]
    ✗ Факел B4           @ (2,9,2) [уничтожен]
    ✗ Провокатор B7      @ (2,7,2) [уничтожен]
    ✗ Паук B8            @ (2,8,2) [уничтожен]
  Team C: живых 1/8
    ✓ Тишина C5          @ (3,2,2) hp=2/2
    ✗ Артиллерия C1      @ (3,9,2) [уничтожен]
    ✗ Радиовышка C2      @ (3,4,2) [уничтожен]
    ✗ Прыгун C3          @ (2,7,2) [уничтожен]
    ✗ Факел C4           @ (3,0,2) [уничтожен]
    ✗ Бурав C6           @ (2,7,2) [уничтожен]
    ✗ Провокатор C7      @ (3,6,2) [уничтожен]
    ✗ Паук C8            @ (3,1,2) [уничтожен]

======================================================================
ХОД 17
======================================================================
✓ 🎮 GM: начинаем ход
GM: start_turn

--- Радиовышки: сканирование слоя Z ---
  (у команд не осталось живых радиовышек)

--- Решения ботов ---
  [Team A] Тишина A5 (3,5,2) → MOVE (3,6,3)
  [Team B] Артиллерия B1 (2,1,2) → SHOOT at (7,9,5)
  [Team B] Тишина B5 (3,7,4) → PHASE toggle
  [Team B] Бурав B6 (3,6,3) → MOVE (4,5,4)
  [Team C] Тишина C5 (3,2,2) → MOVE (2,1,2)
! 🎮 GM: принудительно завершает фазу планирования
GM: end_planning
# 
============================================================
# 🔄 ОБРАБОТКА ХОДА 17
# ============================================================
   🌀 Тишина B5: фаза ВЫКЛ

📦 ПЕРЕМЕЩЕНИЯ:
!    ⚠️ Тишина A5: клетка (3,6,3) занята
!    ⚠️ Бурав B6: Бурав двигается только по 1 оси или по 2 осям строго диагонально
!    ⚠️ Тишина C5: клетка (2,1,2) занята

🎯 ВЫСТРЕЛЫ:
   Выпущено ракет: 1
# 
📊 РЕЗУЛЬТАТЫ ХОДА 17:
🎯 Попаданий нет

--- Результаты хода ---
  Попаданий нет

--- Состояние команд после хода ---
  Team A: живых 1/8
    ✓ Тишина A5          @ (3,5,2) hp=2/2
    ✗ Артиллерия A1      @ (5,9,1) [уничтожен]
    ✗ Радиовышка A2      @ (4,9,1) [уничтожен]
    ✗ Прыгун A3          @ (3,9,2) [уничтожен]
    ✗ Факел A4           @ (3,7,3) [уничтожен]
    ✗ Бурав A6           @ (3,8,2) [уничтожен]
    ✗ Провокатор A7      @ (5,9,5) [уничтожен]
    ✗ Паук A8            @ (3,7,6) [уничтожен]
  Team B: живых 3/8
    ✓ Артиллерия B1      @ (2,1,2) hp=1/1
    ✓ Тишина B5          @ (3,7,4) hp=2/2
    ✓ Бурав B6           @ (3,6,3) hp=2/4
    ✗ Радиовышка B2      @ (2,7,2) [уничтожен]
    ✗ Прыгун B3          @ (3,6,2) [уничтожен]
    ✗ Факел B4           @ (2,9,2) [уничтожен]
    ✗ Провокатор B7      @ (2,7,2) [уничтожен]
    ✗ Паук B8            @ (2,8,2) [уничтожен]
  Team C: живых 1/8
    ✓ Тишина C5          @ (3,2,2) hp=2/2
    ✗ Артиллерия C1      @ (3,9,2) [уничтожен]
    ✗ Радиовышка C2      @ (3,4,2) [уничтожен]
    ✗ Прыгун C3          @ (2,7,2) [уничтожен]
    ✗ Факел C4           @ (3,0,2) [уничтожен]
    ✗ Бурав C6           @ (2,7,2) [уничтожен]
    ✗ Провокатор C7      @ (3,6,2) [уничтожен]
    ✗ Паук C8            @ (3,1,2) [уничтожен]

======================================================================
ХОД 18
======================================================================
✓ 🎮 GM: начинаем ход
GM: start_turn

--- Радиовышки: сканирование слоя Z ---
  (у команд не осталось живых радиовышек)

--- Решения ботов ---
  [Team A] Тишина A5 (3,5,2) → MOVE (3,6,3)
  [Team B] Артиллерия B1 (2,1,2) → SHOOT at (4,9,5)
  [Team B] Тишина B5 (3,7,4) → MOVE (4,6,5)
  [Team B] Бурав B6 (3,6,3) → MOVE (4,5,4)
  [Team C] Тишина C5 (3,2,2) → MOVE (2,1,2)
! 🎮 GM: принудительно завершает фазу планирования
GM: end_planning
# 
============================================================
# 🔄 ОБРАБОТКА ХОДА 18
# ============================================================

📦 ПЕРЕМЕЩЕНИЯ:
!    ⚠️ Тишина A5: клетка (3,6,3) занята
   Тишина B5: (3, 7, 4) → (4,6,5)
!    ⚠️ Бурав B6: Бурав двигается только по 1 оси или по 2 осям строго диагонально
!    ⚠️ Тишина C5: клетка (2,1,2) занята

🎯 ВЫСТРЕЛЫ:
   Выпущено ракет: 1
# 
📊 РЕЗУЛЬТАТЫ ХОДА 18:
🎯 Попаданий нет

--- Результаты хода ---
  Попаданий нет

--- Состояние команд после хода ---
  Team A: живых 1/8
    ✓ Тишина A5          @ (3,5,2) hp=2/2
    ✗ Артиллерия A1      @ (5,9,1) [уничтожен]
    ✗ Радиовышка A2      @ (4,9,1) [уничтожен]
    ✗ Прыгун A3          @ (3,9,2) [уничтожен]
    ✗ Факел A4           @ (3,7,3) [уничтожен]
    ✗ Бурав A6           @ (3,8,2) [уничтожен]
    ✗ Провокатор A7      @ (5,9,5) [уничтожен]
    ✗ Паук A8            @ (3,7,6) [уничтожен]
  Team B: живых 3/8
    ✓ Артиллерия B1      @ (2,1,2) hp=1/1
    ✓ Тишина B5          @ (4,6,5) hp=2/2
    ✓ Бурав B6           @ (3,6,3) hp=2/4
    ✗ Радиовышка B2      @ (2,7,2) [уничтожен]
    ✗ Прыгун B3          @ (3,6,2) [уничтожен]
    ✗ Факел B4           @ (2,9,2) [уничтожен]
    ✗ Провокатор B7      @ (2,7,2) [уничтожен]
    ✗ Паук B8            @ (2,8,2) [уничтожен]
  Team C: живых 1/8
    ✓ Тишина C5          @ (3,2,2) hp=2/2
    ✗ Артиллерия C1      @ (3,9,2) [уничтожен]
    ✗ Радиовышка C2      @ (3,4,2) [уничтожен]
    ✗ Прыгун C3          @ (2,7,2) [уничтожен]
    ✗ Факел C4           @ (3,0,2) [уничтожен]
    ✗ Бурав C6           @ (2,7,2) [уничтожен]
    ✗ Провокатор C7      @ (3,6,2) [уничтожен]
    ✗ Паук C8            @ (3,1,2) [уничтожен]

======================================================================
ХОД 19
======================================================================
✓ 🎮 GM: начинаем ход
GM: start_turn

--- Радиовышки: сканирование слоя Z ---
  (у команд не осталось живых радиовышек)

--- Решения ботов ---
  [Team A] Тишина A5 (3,5,2) → MOVE (3,6,3)
  [Team B] Артиллерия B1 (2,1,2) → SHOOT at (7,9,5)
  [Team B] Тишина B5 (4,6,5) → MOVE (5,5,5)
  [Team B] Бурав B6 (3,6,3) → MOVE (4,5,4)
  [Team C] Тишина C5 (3,2,2) → MOVE (2,1,2)
! 🎮 GM: принудительно завершает фазу планирования
GM: end_planning
# 
============================================================
# 🔄 ОБРАБОТКА ХОДА 19
# ============================================================

📦 ПЕРЕМЕЩЕНИЯ:
!    ⚠️ Тишина A5: клетка (3,6,3) занята
   Тишина B5: (4, 6, 5) → (5,5,5)
!    ⚠️ Бурав B6: Бурав двигается только по 1 оси или по 2 осям строго диагонально
!    ⚠️ Тишина C5: клетка (2,1,2) занята

🎯 ВЫСТРЕЛЫ:
   Выпущено ракет: 1
# 
📊 РЕЗУЛЬТАТЫ ХОДА 19:
🎯 Попаданий нет

--- Результаты хода ---
  Попаданий нет

--- Состояние команд после хода ---
  Team A: живых 1/8
    ✓ Тишина A5          @ (3,5,2) hp=2/2
    ✗ Артиллерия A1      @ (5,9,1) [уничтожен]
    ✗ Радиовышка A2      @ (4,9,1) [уничтожен]
    ✗ Прыгун A3          @ (3,9,2) [уничтожен]
    ✗ Факел A4           @ (3,7,3) [уничтожен]
    ✗ Бурав A6           @ (3,8,2) [уничтожен]
    ✗ Провокатор A7      @ (5,9,5) [уничтожен]
    ✗ Паук A8            @ (3,7,6) [уничтожен]
  Team B: живых 3/8
    ✓ Артиллерия B1      @ (2,1,2) hp=1/1
    ✓ Тишина B5          @ (5,5,5) hp=2/2
    ✓ Бурав B6           @ (3,6,3) hp=2/4
    ✗ Радиовышка B2      @ (2,7,2) [уничтожен]
    ✗ Прыгун B3          @ (3,6,2) [уничтожен]
    ✗ Факел B4           @ (2,9,2) [уничтожен]
    ✗ Провокатор B7      @ (2,7,2) [уничтожен]
    ✗ Паук B8            @ (2,8,2) [уничтожен]
  Team C: живых 1/8
    ✓ Тишина C5          @ (3,2,2) hp=2/2
    ✗ Артиллерия C1      @ (3,9,2) [уничтожен]
    ✗ Радиовышка C2      @ (3,4,2) [уничтожен]
    ✗ Прыгун C3          @ (2,7,2) [уничтожен]
    ✗ Факел C4           @ (3,0,2) [уничтожен]
    ✗ Бурав C6           @ (2,7,2) [уничтожен]
    ✗ Провокатор C7      @ (3,6,2) [уничтожен]
    ✗ Паук C8            @ (3,1,2) [уничтожен]

======================================================================
ХОД 20
======================================================================
✓ 🎮 GM: начинаем ход
GM: start_turn

--- Радиовышки: сканирование слоя Z ---
  (у команд не осталось живых радиовышек)

--- Решения ботов ---
  [Team A] Тишина A5 (3,5,2) → MOVE (3,6,3)
  [Team B] Артиллерия B1 (2,1,2) → SHOOT at (0,5,0)
  [Team B] Бурав B6 (3,6,3) → MOVE (4,5,4)
  [Team B] Тишина B5 → SKIP
  [Team C] Тишина C5 (3,2,2) → MOVE (2,1,2)
! 🎮 GM: принудительно завершает фазу планирования
GM: end_planning
# 
============================================================
# 🔄 ОБРАБОТКА ХОДА 20
# ============================================================

📦 ПЕРЕМЕЩЕНИЯ:
!    ⚠️ Тишина A5: клетка (3,6,3) занята
!    ⚠️ Бурав B6: Бурав двигается только по 1 оси или по 2 осям строго диагонально
!    ⚠️ Тишина C5: клетка (2,1,2) занята

🎯 ВЫСТРЕЛЫ:
   Выпущено ракет: 1
# 
📊 РЕЗУЛЬТАТЫ ХОДА 20:
🎯 Попаданий нет

--- Результаты хода ---
  Попаданий нет

--- Состояние команд после хода ---
  Team A: живых 1/8
    ✓ Тишина A5          @ (3,5,2) hp=2/2
    ✗ Артиллерия A1      @ (5,9,1) [уничтожен]
    ✗ Радиовышка A2      @ (4,9,1) [уничтожен]
    ✗ Прыгун A3          @ (3,9,2) [уничтожен]
    ✗ Факел A4           @ (3,7,3) [уничтожен]
    ✗ Бурав A6           @ (3,8,2) [уничтожен]
    ✗ Провокатор A7      @ (5,9,5) [уничтожен]
    ✗ Паук A8            @ (3,7,6) [уничтожен]
  Team B: живых 3/8
    ✓ Артиллерия B1      @ (2,1,2) hp=1/1
    ✓ Тишина B5          @ (5,5,5) hp=2/2
    ✓ Бурав B6           @ (3,6,3) hp=2/4
    ✗ Радиовышка B2      @ (2,7,2) [уничтожен]
    ✗ Прыгун B3          @ (3,6,2) [уничтожен]
    ✗ Факел B4           @ (2,9,2) [уничтожен]
    ✗ Провокатор B7      @ (2,7,2) [уничтожен]
    ✗ Паук B8            @ (2,8,2) [уничтожен]
  Team C: живых 1/8
    ✓ Тишина C5          @ (3,2,2) hp=2/2
    ✗ Артиллерия C1      @ (3,9,2) [уничтожен]
    ✗ Радиовышка C2      @ (3,4,2) [уничтожен]
    ✗ Прыгун C3          @ (2,7,2) [уничтожен]
    ✗ Факел C4           @ (3,0,2) [уничтожен]
    ✗ Бурав C6           @ (2,7,2) [уничтожен]
    ✗ Провокатор C7      @ (3,6,2) [уничтожен]
    ✗ Паук C8            @ (3,1,2) [уничтожен]

======================================================================
ХОД 21
======================================================================
✓ 🎮 GM: начинаем ход
GM: start_turn

--- Радиовышки: сканирование слоя Z ---
  (у команд не осталось живых радиовышек)

--- Решения ботов ---
  [Team A] Тишина A5 (3,5,2) → MOVE (3,6,3)
  [Team B] Артиллерия B1 (2,1,2) → SHOOT at (0,5,1)
  [Team B] Бурав B6 (3,6,3) → MOVE (4,5,4)
  [Team B] Тишина B5 → SKIP
  [Team C] Тишина C5 (3,2,2) → MOVE (2,1,2)
! 🎮 GM: принудительно завершает фазу планирования
GM: end_planning
# 
============================================================
# 🔄 ОБРАБОТКА ХОДА 21
# ============================================================

📦 ПЕРЕМЕЩЕНИЯ:
!    ⚠️ Тишина A5: клетка (3,6,3) занята
!    ⚠️ Бурав B6: Бурав двигается только по 1 оси или по 2 осям строго диагонально
!    ⚠️ Тишина C5: клетка (2,1,2) занята

🎯 ВЫСТРЕЛЫ:
   Выпущено ракет: 1
# 
📊 РЕЗУЛЬТАТЫ ХОДА 21:
🎯 Попаданий нет

--- Результаты хода ---
  Попаданий нет

--- Состояние команд после хода ---
  Team A: живых 1/8
    ✓ Тишина A5          @ (3,5,2) hp=2/2
    ✗ Артиллерия A1      @ (5,9,1) [уничтожен]
    ✗ Радиовышка A2      @ (4,9,1) [уничтожен]
    ✗ Прыгун A3          @ (3,9,2) [уничтожен]
    ✗ Факел A4           @ (3,7,3) [уничтожен]
    ✗ Бурав A6           @ (3,8,2) [уничтожен]
    ✗ Провокатор A7      @ (5,9,5) [уничтожен]
    ✗ Паук A8            @ (3,7,6) [уничтожен]
  Team B: живых 3/8
    ✓ Артиллерия B1      @ (2,1,2) hp=1/1
    ✓ Тишина B5          @ (5,5,5) hp=2/2
    ✓ Бурав B6           @ (3,6,3) hp=2/4
    ✗ Радиовышка B2      @ (2,7,2) [уничтожен]
    ✗ Прыгун B3          @ (3,6,2) [уничтожен]
    ✗ Факел B4           @ (2,9,2) [уничтожен]
    ✗ Провокатор B7      @ (2,7,2) [уничтожен]
    ✗ Паук B8            @ (2,8,2) [уничтожен]
  Team C: живых 1/8
    ✓ Тишина C5          @ (3,2,2) hp=2/2
    ✗ Артиллерия C1      @ (3,9,2) [уничтожен]
    ✗ Радиовышка C2      @ (3,4,2) [уничтожен]
    ✗ Прыгун C3          @ (2,7,2) [уничтожен]
    ✗ Факел C4           @ (3,0,2) [уничтожен]
    ✗ Бурав C6           @ (2,7,2) [уничтожен]
    ✗ Провокатор C7      @ (3,6,2) [уничтожен]
    ✗ Паук C8            @ (3,1,2) [уничтожен]

======================================================================
ХОД 22
======================================================================
✓ 🎮 GM: начинаем ход
GM: start_turn

--- Радиовышки: сканирование слоя Z ---
  (у команд не осталось живых радиовышек)

--- Решения ботов ---
  [Team A] Тишина A5 (3,5,2) → MOVE (3,6,3)
  [Team B] Артиллерия B1 (2,1,2) → SHOOT at (7,9,5)
  [Team B] Бурав B6 (3,6,3) → MOVE (4,5,4)
  [Team B] Тишина B5 → SKIP
  [Team C] Тишина C5 (3,2,2) → MOVE (2,1,2)
! 🎮 GM: принудительно завершает фазу планирования
GM: end_planning
# 
============================================================
# 🔄 ОБРАБОТКА ХОДА 22
# ============================================================

📦 ПЕРЕМЕЩЕНИЯ:
!    ⚠️ Тишина A5: клетка (3,6,3) занята
!    ⚠️ Бурав B6: Бурав двигается только по 1 оси или по 2 осям строго диагонально
!    ⚠️ Тишина C5: клетка (2,1,2) занята

🎯 ВЫСТРЕЛЫ:
   Выпущено ракет: 1
# 
📊 РЕЗУЛЬТАТЫ ХОДА 22:
🎯 Попаданий нет

--- Результаты хода ---
  Попаданий нет

--- Состояние команд после хода ---
  Team A: живых 1/8
    ✓ Тишина A5          @ (3,5,2) hp=2/2
    ✗ Артиллерия A1      @ (5,9,1) [уничтожен]
    ✗ Радиовышка A2      @ (4,9,1) [уничтожен]
    ✗ Прыгун A3          @ (3,9,2) [уничтожен]
    ✗ Факел A4           @ (3,7,3) [уничтожен]
    ✗ Бурав A6           @ (3,8,2) [уничтожен]
    ✗ Провокатор A7      @ (5,9,5) [уничтожен]
    ✗ Паук A8            @ (3,7,6) [уничтожен]
  Team B: живых 3/8
    ✓ Артиллерия B1      @ (2,1,2) hp=1/1
    ✓ Тишина B5          @ (5,5,5) hp=2/2
    ✓ Бурав B6           @ (3,6,3) hp=2/4
    ✗ Радиовышка B2      @ (2,7,2) [уничтожен]
    ✗ Прыгун B3          @ (3,6,2) [уничтожен]
    ✗ Факел B4           @ (2,9,2) [уничтожен]
    ✗ Провокатор B7      @ (2,7,2) [уничтожен]
    ✗ Паук B8            @ (2,8,2) [уничтожен]
  Team C: живых 1/8
    ✓ Тишина C5          @ (3,2,2) hp=2/2
    ✗ Артиллерия C1      @ (3,9,2) [уничтожен]
    ✗ Радиовышка C2      @ (3,4,2) [уничтожен]
    ✗ Прыгун C3          @ (2,7,2) [уничтожен]
    ✗ Факел C4           @ (3,0,2) [уничтожен]
    ✗ Бурав C6           @ (2,7,2) [уничтожен]
    ✗ Провокатор C7      @ (3,6,2) [уничтожен]
    ✗ Паук C8            @ (3,1,2) [уничтожен]

======================================================================
ХОД 23
======================================================================
✓ 🎮 GM: начинаем ход
GM: start_turn

--- Радиовышки: сканирование слоя Z ---
  (у команд не осталось живых радиовышек)

--- Решения ботов ---
  [Team A] Тишина A5 (3,5,2) → MOVE (3,6,3)
  [Team B] Артиллерия B1 (2,1,2) → SHOOT at (7,9,4)
  [Team B] Бурав B6 (3,6,3) → MOVE (4,5,4)
  [Team B] Тишина B5 → SKIP
  [Team C] Тишина C5 (3,2,2) → MOVE (2,1,2)
! 🎮 GM: принудительно завершает фазу планирования
GM: end_planning
# 
============================================================
# 🔄 ОБРАБОТКА ХОДА 23
# ============================================================

📦 ПЕРЕМЕЩЕНИЯ:
!    ⚠️ Тишина A5: клетка (3,6,3) занята
!    ⚠️ Бурав B6: Бурав двигается только по 1 оси или по 2 осям строго диагонально
!    ⚠️ Тишина C5: клетка (2,1,2) занята

🎯 ВЫСТРЕЛЫ:
   Выпущено ракет: 1
# 
📊 РЕЗУЛЬТАТЫ ХОДА 23:
🎯 Попаданий нет

--- Результаты хода ---
  Попаданий нет

--- Состояние команд после хода ---
  Team A: живых 1/8
    ✓ Тишина A5          @ (3,5,2) hp=2/2
    ✗ Артиллерия A1      @ (5,9,1) [уничтожен]
    ✗ Радиовышка A2      @ (4,9,1) [уничтожен]
    ✗ Прыгун A3          @ (3,9,2) [уничтожен]
    ✗ Факел A4           @ (3,7,3) [уничтожен]
    ✗ Бурав A6           @ (3,8,2) [уничтожен]
    ✗ Провокатор A7      @ (5,9,5) [уничтожен]
    ✗ Паук A8            @ (3,7,6) [уничтожен]
  Team B: живых 3/8
    ✓ Артиллерия B1      @ (2,1,2) hp=1/1
    ✓ Тишина B5          @ (5,5,5) hp=2/2
    ✓ Бурав B6           @ (3,6,3) hp=2/4
    ✗ Радиовышка B2      @ (2,7,2) [уничтожен]
    ✗ Прыгун B3          @ (3,6,2) [уничтожен]
    ✗ Факел B4           @ (2,9,2) [уничтожен]
    ✗ Провокатор B7      @ (2,7,2) [уничтожен]
    ✗ Паук B8            @ (2,8,2) [уничтожен]
  Team C: живых 1/8
    ✓ Тишина C5          @ (3,2,2) hp=2/2
    ✗ Артиллерия C1      @ (3,9,2) [уничтожен]
    ✗ Радиовышка C2      @ (3,4,2) [уничтожен]
    ✗ Прыгун C3          @ (2,7,2) [уничтожен]
    ✗ Факел C4           @ (3,0,2) [уничтожен]
    ✗ Бурав C6           @ (2,7,2) [уничтожен]
    ✗ Провокатор C7      @ (3,6,2) [уничтожен]
    ✗ Паук C8            @ (3,1,2) [уничтожен]

======================================================================
ХОД 24
======================================================================
✓ 🎮 GM: начинаем ход
GM: start_turn

--- Радиовышки: сканирование слоя Z ---
  (у команд не осталось живых радиовышек)

--- Решения ботов ---
  [Team A] Тишина A5 (3,5,2) → MOVE (3,6,3)
  [Team B] Артиллерия B1 (2,1,2) → SHOOT at (7,9,4)
  [Team B] Бурав B6 (3,6,3) → MOVE (4,5,4)
  [Team B] Тишина B5 → SKIP
  [Team C] Тишина C5 (3,2,2) → MOVE (2,1,2)
! 🎮 GM: принудительно завершает фазу планирования
GM: end_planning
# 
============================================================
# 🔄 ОБРАБОТКА ХОДА 24
# ============================================================

📦 ПЕРЕМЕЩЕНИЯ:
!    ⚠️ Тишина A5: клетка (3,6,3) занята
!    ⚠️ Бурав B6: Бурав двигается только по 1 оси или по 2 осям строго диагонально
!    ⚠️ Тишина C5: клетка (2,1,2) занята

🎯 ВЫСТРЕЛЫ:
   Выпущено ракет: 1
# 
📊 РЕЗУЛЬТАТЫ ХОДА 24:
🎯 Попаданий нет

--- Результаты хода ---
  Попаданий нет

--- Состояние команд после хода ---
  Team A: живых 1/8
    ✓ Тишина A5          @ (3,5,2) hp=2/2
    ✗ Артиллерия A1      @ (5,9,1) [уничтожен]
    ✗ Радиовышка A2      @ (4,9,1) [уничтожен]
    ✗ Прыгун A3          @ (3,9,2) [уничтожен]
    ✗ Факел A4           @ (3,7,3) [уничтожен]
    ✗ Бурав A6           @ (3,8,2) [уничтожен]
    ✗ Провокатор A7      @ (5,9,5) [уничтожен]
    ✗ Паук A8            @ (3,7,6) [уничтожен]
  Team B: живых 3/8
    ✓ Артиллерия B1      @ (2,1,2) hp=1/1
    ✓ Тишина B5          @ (5,5,5) hp=2/2
    ✓ Бурав B6           @ (3,6,3) hp=2/4
    ✗ Радиовышка B2      @ (2,7,2) [уничтожен]
    ✗ Прыгун B3          @ (3,6,2) [уничтожен]
    ✗ Факел B4           @ (2,9,2) [уничтожен]
    ✗ Провокатор B7      @ (2,7,2) [уничтожен]
    ✗ Паук B8            @ (2,8,2) [уничтожен]
  Team C: живых 1/8
    ✓ Тишина C5          @ (3,2,2) hp=2/2
    ✗ Артиллерия C1      @ (3,9,2) [уничтожен]
    ✗ Радиовышка C2      @ (3,4,2) [уничтожен]
    ✗ Прыгун C3          @ (2,7,2) [уничтожен]
    ✗ Факел C4           @ (3,0,2) [уничтожен]
    ✗ Бурав C6           @ (2,7,2) [уничтожен]
    ✗ Провокатор C7      @ (3,6,2) [уничтожен]
    ✗ Паук C8            @ (3,1,2) [уничтожен]

======================================================================
ХОД 25
======================================================================
✓ 🎮 GM: начинаем ход
GM: start_turn

--- Радиовышки: сканирование слоя Z ---
  (у команд не осталось живых радиовышек)

--- Решения ботов ---
  [Team A] Тишина A5 (3,5,2) → MOVE (3,6,3)
  [Team B] Артиллерия B1 (2,1,2) → SHOOT at (4,9,4)
  [Team B] Бурав B6 (3,6,3) → MOVE (4,5,4)
  [Team B] Тишина B5 → SKIP
  [Team C] Тишина C5 (3,2,2) → MOVE (2,1,2)
! 🎮 GM: принудительно завершает фазу планирования
GM: end_planning
# 
============================================================
# 🔄 ОБРАБОТКА ХОДА 25
# ============================================================

📦 ПЕРЕМЕЩЕНИЯ:
!    ⚠️ Тишина A5: клетка (3,6,3) занята
!    ⚠️ Бурав B6: Бурав двигается только по 1 оси или по 2 осям строго диагонально
!    ⚠️ Тишина C5: клетка (2,1,2) занята

🎯 ВЫСТРЕЛЫ:
   Выпущено ракет: 1
# 
📊 РЕЗУЛЬТАТЫ ХОДА 25:
🎯 Попаданий нет

--- Результаты хода ---
  Попаданий нет

--- Состояние команд после хода ---
  Team A: живых 1/8
    ✓ Тишина A5          @ (3,5,2) hp=2/2
    ✗ Артиллерия A1      @ (5,9,1) [уничтожен]
    ✗ Радиовышка A2      @ (4,9,1) [уничтожен]
    ✗ Прыгун A3          @ (3,9,2) [уничтожен]
    ✗ Факел A4           @ (3,7,3) [уничтожен]
    ✗ Бурав A6           @ (3,8,2) [уничтожен]
    ✗ Провокатор A7      @ (5,9,5) [уничтожен]
    ✗ Паук A8            @ (3,7,6) [уничтожен]
  Team B: живых 3/8
    ✓ Артиллерия B1      @ (2,1,2) hp=1/1
    ✓ Тишина B5          @ (5,5,5) hp=2/2
    ✓ Бурав B6           @ (3,6,3) hp=2/4
    ✗ Радиовышка B2      @ (2,7,2) [уничтожен]
    ✗ Прыгун B3          @ (3,6,2) [уничтожен]
    ✗ Факел B4           @ (2,9,2) [уничтожен]
    ✗ Провокатор B7      @ (2,7,2) [уничтожен]
    ✗ Паук B8            @ (2,8,2) [уничтожен]
  Team C: живых 1/8
    ✓ Тишина C5          @ (3,2,2) hp=2/2
    ✗ Артиллерия C1      @ (3,9,2) [уничтожен]
    ✗ Радиовышка C2      @ (3,4,2) [уничтожен]
    ✗ Прыгун C3          @ (2,7,2) [уничтожен]
    ✗ Факел C4           @ (3,0,2) [уничтожен]
    ✗ Бурав C6           @ (2,7,2) [уничтожен]
    ✗ Провокатор C7      @ (3,6,2) [уничтожен]
    ✗ Паук C8            @ (3,1,2) [уничтожен]

======================================================================
ХОД 26
======================================================================
✓ 🎮 GM: начинаем ход
GM: start_turn

--- Радиовышки: сканирование слоя Z ---
  (у команд не осталось живых радиовышек)

--- Решения ботов ---
  [Team A] Тишина A5 (3,5,2) → MOVE (3,6,3)
  [Team B] Артиллерия B1 (2,1,2) → SHOOT at (0,5,0)
  [Team B] Бурав B6 (3,6,3) → MOVE (4,5,4)
  [Team B] Тишина B5 → SKIP
  [Team C] Тишина C5 (3,2,2) → MOVE (2,1,2)
! 🎮 GM: принудительно завершает фазу планирования
GM: end_planning
# 
============================================================
# 🔄 ОБРАБОТКА ХОДА 26
# ============================================================

📦 ПЕРЕМЕЩЕНИЯ:
!    ⚠️ Тишина A5: клетка (3,6,3) занята
!    ⚠️ Бурав B6: Бурав двигается только по 1 оси или по 2 осям строго диагонально
!    ⚠️ Тишина C5: клетка (2,1,2) занята

🎯 ВЫСТРЕЛЫ:
   Выпущено ракет: 1
# 
📊 РЕЗУЛЬТАТЫ ХОДА 26:
🎯 Попаданий нет

--- Результаты хода ---
  Попаданий нет

--- Состояние команд после хода ---
  Team A: живых 1/8
    ✓ Тишина A5          @ (3,5,2) hp=2/2
    ✗ Артиллерия A1      @ (5,9,1) [уничтожен]
    ✗ Радиовышка A2      @ (4,9,1) [уничтожен]
    ✗ Прыгун A3          @ (3,9,2) [уничтожен]
    ✗ Факел A4           @ (3,7,3) [уничтожен]
    ✗ Бурав A6           @ (3,8,2) [уничтожен]
    ✗ Провокатор A7      @ (5,9,5) [уничтожен]
    ✗ Паук A8            @ (3,7,6) [уничтожен]
  Team B: живых 3/8
    ✓ Артиллерия B1      @ (2,1,2) hp=1/1
    ✓ Тишина B5          @ (5,5,5) hp=2/2
    ✓ Бурав B6           @ (3,6,3) hp=2/4
    ✗ Радиовышка B2      @ (2,7,2) [уничтожен]
    ✗ Прыгун B3          @ (3,6,2) [уничтожен]
    ✗ Факел B4           @ (2,9,2) [уничтожен]
    ✗ Провокатор B7      @ (2,7,2) [уничтожен]
    ✗ Паук B8            @ (2,8,2) [уничтожен]
  Team C: живых 1/8
    ✓ Тишина C5          @ (3,2,2) hp=2/2
    ✗ Артиллерия C1      @ (3,9,2) [уничтожен]
    ✗ Радиовышка C2      @ (3,4,2) [уничтожен]
    ✗ Прыгун C3          @ (2,7,2) [уничтожен]
    ✗ Факел C4           @ (3,0,2) [уничтожен]
    ✗ Бурав C6           @ (2,7,2) [уничтожен]
    ✗ Провокатор C7      @ (3,6,2) [уничтожен]
    ✗ Паук C8            @ (3,1,2) [уничтожен]

======================================================================
ХОД 27
======================================================================
✓ 🎮 GM: начинаем ход
GM: start_turn

--- Радиовышки: сканирование слоя Z ---
  (у команд не осталось живых радиовышек)

--- Решения ботов ---
  [Team A] Тишина A5 (3,5,2) → MOVE (3,6,3)
  [Team B] Артиллерия B1 (2,1,2) → SHOOT at (0,5,1)
  [Team B] Бурав B6 (3,6,3) → MOVE (4,5,4)
  [Team B] Тишина B5 → SKIP
  [Team C] Тишина C5 (3,2,2) → MOVE (2,1,2)
! 🎮 GM: принудительно завершает фазу планирования
GM: end_planning
# 
============================================================
# 🔄 ОБРАБОТКА ХОДА 27
# ============================================================

📦 ПЕРЕМЕЩЕНИЯ:
!    ⚠️ Тишина A5: клетка (3,6,3) занята
!    ⚠️ Бурав B6: Бурав двигается только по 1 оси или по 2 осям строго диагонально
!    ⚠️ Тишина C5: клетка (2,1,2) занята

🎯 ВЫСТРЕЛЫ:
   Выпущено ракет: 1
# 
📊 РЕЗУЛЬТАТЫ ХОДА 27:
🎯 Попаданий нет

--- Результаты хода ---
  Попаданий нет

--- Состояние команд после хода ---
  Team A: живых 1/8
    ✓ Тишина A5          @ (3,5,2) hp=2/2
    ✗ Артиллерия A1      @ (5,9,1) [уничтожен]
    ✗ Радиовышка A2      @ (4,9,1) [уничтожен]
    ✗ Прыгун A3          @ (3,9,2) [уничтожен]
    ✗ Факел A4           @ (3,7,3) [уничтожен]
    ✗ Бурав A6           @ (3,8,2) [уничтожен]
    ✗ Провокатор A7      @ (5,9,5) [уничтожен]
    ✗ Паук A8            @ (3,7,6) [уничтожен]
  Team B: живых 3/8
    ✓ Артиллерия B1      @ (2,1,2) hp=1/1
    ✓ Тишина B5          @ (5,5,5) hp=2/2
    ✓ Бурав B6           @ (3,6,3) hp=2/4
    ✗ Радиовышка B2      @ (2,7,2) [уничтожен]
    ✗ Прыгун B3          @ (3,6,2) [уничтожен]
    ✗ Факел B4           @ (2,9,2) [уничтожен]
    ✗ Провокатор B7      @ (2,7,2) [уничтожен]
    ✗ Паук B8            @ (2,8,2) [уничтожен]
  Team C: живых 1/8
    ✓ Тишина C5          @ (3,2,2) hp=2/2
    ✗ Артиллерия C1      @ (3,9,2) [уничтожен]
    ✗ Радиовышка C2      @ (3,4,2) [уничтожен]
    ✗ Прыгун C3          @ (2,7,2) [уничтожен]
    ✗ Факел C4           @ (3,0,2) [уничтожен]
    ✗ Бурав C6           @ (2,7,2) [уничтожен]
    ✗ Провокатор C7      @ (3,6,2) [уничтожен]
    ✗ Паук C8            @ (3,1,2) [уничтожен]

======================================================================
ХОД 28
======================================================================
✓ 🎮 GM: начинаем ход
GM: start_turn

--- Радиовышки: сканирование слоя Z ---
  (у команд не осталось живых радиовышек)

--- Решения ботов ---
  [Team A] Тишина A5 (3,5,2) → MOVE (3,6,3)
  [Team B] Артиллерия B1 (2,1,2) → SHOOT at (7,9,4)
  [Team B] Бурав B6 (3,6,3) → MOVE (4,5,4)
  [Team B] Тишина B5 → SKIP
  [Team C] Тишина C5 (3,2,2) → MOVE (2,1,2)
! 🎮 GM: принудительно завершает фазу планирования
GM: end_planning
# 
============================================================
# 🔄 ОБРАБОТКА ХОДА 28
# ============================================================

📦 ПЕРЕМЕЩЕНИЯ:
!    ⚠️ Тишина A5: клетка (3,6,3) занята
!    ⚠️ Бурав B6: Бурав двигается только по 1 оси или по 2 осям строго диагонально
!    ⚠️ Тишина C5: клетка (2,1,2) занята

🎯 ВЫСТРЕЛЫ:
   Выпущено ракет: 1
# 
📊 РЕЗУЛЬТАТЫ ХОДА 28:
🎯 Попаданий нет

--- Результаты хода ---
  Попаданий нет

--- Состояние команд после хода ---
  Team A: живых 1/8
    ✓ Тишина A5          @ (3,5,2) hp=2/2
    ✗ Артиллерия A1      @ (5,9,1) [уничтожен]
    ✗ Радиовышка A2      @ (4,9,1) [уничтожен]
    ✗ Прыгун A3          @ (3,9,2) [уничтожен]
    ✗ Факел A4           @ (3,7,3) [уничтожен]
    ✗ Бурав A6           @ (3,8,2) [уничтожен]
    ✗ Провокатор A7      @ (5,9,5) [уничтожен]
    ✗ Паук A8            @ (3,7,6) [уничтожен]
  Team B: живых 3/8
    ✓ Артиллерия B1      @ (2,1,2) hp=1/1
    ✓ Тишина B5          @ (5,5,5) hp=2/2
    ✓ Бурав B6           @ (3,6,3) hp=2/4
    ✗ Радиовышка B2      @ (2,7,2) [уничтожен]
    ✗ Прыгун B3          @ (3,6,2) [уничтожен]
    ✗ Факел B4           @ (2,9,2) [уничтожен]
    ✗ Провокатор B7      @ (2,7,2) [уничтожен]
    ✗ Паук B8            @ (2,8,2) [уничтожен]
  Team C: живых 1/8
    ✓ Тишина C5          @ (3,2,2) hp=2/2
    ✗ Артиллерия C1      @ (3,9,2) [уничтожен]
    ✗ Радиовышка C2      @ (3,4,2) [уничтожен]
    ✗ Прыгун C3          @ (2,7,2) [уничтожен]
    ✗ Факел C4           @ (3,0,2) [уничтожен]
    ✗ Бурав C6           @ (2,7,2) [уничтожен]
    ✗ Провокатор C7      @ (3,6,2) [уничтожен]
    ✗ Паук C8            @ (3,1,2) [уничтожен]

======================================================================
ХОД 29
======================================================================
✓ 🎮 GM: начинаем ход
GM: start_turn

--- Радиовышки: сканирование слоя Z ---
  (у команд не осталось живых радиовышек)

--- Решения ботов ---
  [Team A] Тишина A5 (3,5,2) → MOVE (3,6,3)
  [Team B] Артиллерия B1 (2,1,2) → SHOOT at (4,9,5)
  [Team B] Бурав B6 (3,6,3) → MOVE (4,5,4)
  [Team B] Тишина B5 → SKIP
  [Team C] Тишина C5 (3,2,2) → MOVE (2,1,2)
! 🎮 GM: принудительно завершает фазу планирования
GM: end_planning
# 
============================================================
# 🔄 ОБРАБОТКА ХОДА 29
# ============================================================

📦 ПЕРЕМЕЩЕНИЯ:
!    ⚠️ Тишина A5: клетка (3,6,3) занята
!    ⚠️ Бурав B6: Бурав двигается только по 1 оси или по 2 осям строго диагонально
!    ⚠️ Тишина C5: клетка (2,1,2) занята

🎯 ВЫСТРЕЛЫ:
   Выпущено ракет: 1
# 
📊 РЕЗУЛЬТАТЫ ХОДА 29:
🎯 Попаданий нет

--- Результаты хода ---
  Попаданий нет

--- Состояние команд после хода ---
  Team A: живых 1/8
    ✓ Тишина A5          @ (3,5,2) hp=2/2
    ✗ Артиллерия A1      @ (5,9,1) [уничтожен]
    ✗ Радиовышка A2      @ (4,9,1) [уничтожен]
    ✗ Прыгун A3          @ (3,9,2) [уничтожен]
    ✗ Факел A4           @ (3,7,3) [уничтожен]
    ✗ Бурав A6           @ (3,8,2) [уничтожен]
    ✗ Провокатор A7      @ (5,9,5) [уничтожен]
    ✗ Паук A8            @ (3,7,6) [уничтожен]
  Team B: живых 3/8
    ✓ Артиллерия B1      @ (2,1,2) hp=1/1
    ✓ Тишина B5          @ (5,5,5) hp=2/2
    ✓ Бурав B6           @ (3,6,3) hp=2/4
    ✗ Радиовышка B2      @ (2,7,2) [уничтожен]
    ✗ Прыгун B3          @ (3,6,2) [уничтожен]
    ✗ Факел B4           @ (2,9,2) [уничтожен]
    ✗ Провокатор B7      @ (2,7,2) [уничтожен]
    ✗ Паук B8            @ (2,8,2) [уничтожен]
  Team C: живых 1/8
    ✓ Тишина C5          @ (3,2,2) hp=2/2
    ✗ Артиллерия C1      @ (3,9,2) [уничтожен]
    ✗ Радиовышка C2      @ (3,4,2) [уничтожен]
    ✗ Прыгун C3          @ (2,7,2) [уничтожен]
    ✗ Факел C4           @ (3,0,2) [уничтожен]
    ✗ Бурав C6           @ (2,7,2) [уничтожен]
    ✗ Провокатор C7      @ (3,6,2) [уничтожен]
    ✗ Паук C8            @ (3,1,2) [уничтожен]

======================================================================
ХОД 30
======================================================================
✓ 🎮 GM: начинаем ход
GM: start_turn

--- Радиовышки: сканирование слоя Z ---
  (у команд не осталось живых радиовышек)

--- Решения ботов ---
  [Team A] Тишина A5 (3,5,2) → MOVE (3,6,3)
  [Team B] Артиллерия B1 (2,1,2) → SHOOT at (0,0,1)
  [Team B] Бурав B6 (3,6,3) → MOVE (4,5,4)
  [Team B] Тишина B5 → SKIP
  [Team C] Тишина C5 (3,2,2) → MOVE (2,1,2)
! 🎮 GM: принудительно завершает фазу планирования
GM: end_planning
# 
============================================================
# 🔄 ОБРАБОТКА ХОДА 30
# ============================================================

📦 ПЕРЕМЕЩЕНИЯ:
!    ⚠️ Тишина A5: клетка (3,6,3) занята
!    ⚠️ Бурав B6: Бурав двигается только по 1 оси или по 2 осям строго диагонально
!    ⚠️ Тишина C5: клетка (2,1,2) занята

🎯 ВЫСТРЕЛЫ:
   Выпущено ракет: 1
# 
📊 РЕЗУЛЬТАТЫ ХОДА 30:
🎯 Попаданий нет

--- Результаты хода ---
  Попаданий нет

--- Состояние команд после хода ---
  Team A: живых 1/8
    ✓ Тишина A5          @ (3,5,2) hp=2/2
    ✗ Артиллерия A1      @ (5,9,1) [уничтожен]
    ✗ Радиовышка A2      @ (4,9,1) [уничтожен]
    ✗ Прыгун A3          @ (3,9,2) [уничтожен]
    ✗ Факел A4           @ (3,7,3) [уничтожен]
    ✗ Бурав A6           @ (3,8,2) [уничтожен]
    ✗ Провокатор A7      @ (5,9,5) [уничтожен]
    ✗ Паук A8            @ (3,7,6) [уничтожен]
  Team B: живых 3/8
    ✓ Артиллерия B1      @ (2,1,2) hp=1/1
    ✓ Тишина B5          @ (5,5,5) hp=2/2
    ✓ Бурав B6           @ (3,6,3) hp=2/4
    ✗ Радиовышка B2      @ (2,7,2) [уничтожен]
    ✗ Прыгун B3          @ (3,6,2) [уничтожен]
    ✗ Факел B4           @ (2,9,2) [уничтожен]
    ✗ Провокатор B7      @ (2,7,2) [уничтожен]
    ✗ Паук B8            @ (2,8,2) [уничтожен]
  Team C: живых 1/8
    ✓ Тишина C5          @ (3,2,2) hp=2/2
    ✗ Артиллерия C1      @ (3,9,2) [уничтожен]
    ✗ Радиовышка C2      @ (3,4,2) [уничтожен]
    ✗ Прыгун C3          @ (2,7,2) [уничтожен]
    ✗ Факел C4           @ (3,0,2) [уничтожен]
    ✗ Бурав C6           @ (2,7,2) [уничтожен]
    ✗ Провокатор C7      @ (3,6,2) [уничтожен]
    ✗ Паук C8            @ (3,1,2) [уничтожен]

======================================================================
ИТОГ
======================================================================
Лимит ходов (30) исчерпан, ничья/пат.

--- Сводка по командам ---
  Team A: 1/8 живых; hp=2
  Team B: 3/8 живых; hp=5
  Team C: 1/8 живых; hp=2

--- Сводка по пассивкам радиовышек ---
  Team A: сканирований=2, всего врагов-в-слоях=1, уникальных эксклюзивных (видны только радиовышкой)=0
  Team B: сканирований=3, всего врагов-в-слоях=15, уникальных эксклюзивных (видны только радиовышкой)=0
  Team C: сканирований=1, всего врагов-в-слоях=9, уникальных эксклюзивных (видны только радиовышкой)=0

--- Сводка по попаданиям ---
  Всего событий (шоты+тараны+мины): 25
  Уничтожено кораблей всего: 19
  Team A: урон=17 хиты=1 тараны=6 мины(сработало)=0 убийств=6
  Team B: урон=30 хиты=8 тараны=4 мины(сработало)=1 убийств=9
  Team C: урон=10 хиты=1 тараны=4 мины(сработало)=0 убийств=4
! 🎮 GM: остановка игры
