======================================================================
Space Battle 10×10×10 — simulation run at 2026-04-20T13:23:54+00:00
Game mode: advanced
Seed: 93
✓ 🚀 Продвинутый режим: создаю разные типы кораблей
   Стартовые Z-слои: A=7, B=5, C=1
✓ ✅ Создано 24 кораблей


--- СТАРТОВАЯ РАССТАНОВКА ---
  Team A: живых 8/8
    ✓ Артиллерия A1      @ (5,4,7) hp=1/1
    ✓ Радиовышка A2      @ (5,5,7) hp=3/3
    ✓ Прыгун A3          @ (0,6,7) hp=2/2
    ✓ Факел A4           @ (5,9,7) hp=6/6
    ✓ Тишина A5          @ (9,7,7) hp=2/2
    ✓ Бурав A6           @ (2,3,7) hp=4/4
    ✓ Провокатор A7      @ (2,9,7) hp=2/2
    ✓ Паук A8            @ (9,5,7) hp=1/1
  Team B: живых 8/8
    ✓ Артиллерия B1      @ (6,6,5) hp=1/1
    ✓ Радиовышка B2      @ (8,1,5) hp=3/3
    ✓ Прыгун B3          @ (3,2,5) hp=2/2
    ✓ Факел B4           @ (0,8,5) hp=6/6
    ✓ Тишина B5          @ (2,1,5) hp=2/2
    ✓ Бурав B6           @ (8,7,5) hp=4/4
    ✓ Провокатор B7      @ (9,1,5) hp=2/2
    ✓ Паук B8            @ (9,3,5) hp=1/1
  Team C: живых 8/8
    ✓ Артиллерия C1      @ (7,0,1) hp=1/1
    ✓ Радиовышка C2      @ (2,1,1) hp=3/3
    ✓ Прыгун C3          @ (2,0,1) hp=2/2
    ✓ Факел C4           @ (2,9,1) hp=6/6
    ✓ Тишина C5          @ (5,6,1) hp=2/2
    ✓ Бурав C6           @ (3,4,1) hp=4/4
    ✓ Провокатор C7      @ (0,9,1) hp=2/2
    ✓ Паук C8            @ (9,7,1) hp=1/1

======================================================================
ХОД 1
======================================================================
✓ 🎮 GM: начинаем ход
GM: start_turn

--- Радиовышки: сканирование слоя Z ---
  Радиовышка A2 (z=7): слой чист
  Радиовышка B2 (z=5): слой чист
  Радиовышка C2 (z=1): слой чист

--- Решения ботов ---
  [Team A] Артиллерия A1 (5,4,7) → SHOOT at (6,6,5)
  [Team A] Радиовышка A2 (5,5,7) → MOVE (6,6,6)
  [Team A] Прыгун A3 (0,6,7) → MOVE (0,8,5)
  [Team A] Факел A4 (5,9,7) → MOVE (5,8,7)
  [Team A] Тишина A5 (9,7,7) → PHASE toggle
  [Team A] Бурав A6 (2,3,7) → MOVE (2,1,5)
  [Team A] Провокатор A7 (2,9,7) → HOLOGRAM (1,8,6)
  [Team A] Паук A8 (9,5,7) → MINE (9,4,6)
  [Team B] Артиллерия B1 (6,6,5) → SHOOT at (5,4,7)
  [Team B] Радиовышка B2 (8,1,5) → MOVE (7,2,6)
  [Team B] Прыгун B3 (3,2,5) → MOVE (5,4,7)
  [Team B] Факел B4 (0,8,5) → MOVE (1,7,5)
  [Team B] Тишина B5 (2,1,5) → PHASE toggle
  [Team B] Бурав B6 (8,7,5) → MOVE (9,7,6)
  [Team B] Провокатор B7 (9,1,5) → HOLOGRAM (8,2,6)
  [Team B] Паук B8 (9,3,5) → MINE (9,4,6)
  [Team C] Артиллерия C1 (7,0,1) → SHOOT at (0,0,1)
  [Team C] Радиовышка C2 (2,1,1) → MOVE (3,2,2)
  [Team C] Прыгун C3 (2,0,1) → MOVE (3,1,2)
  [Team C] Факел C4 (2,9,1) → MOVE (3,8,1)
  [Team C] Тишина C5 (5,6,1) → MOVE (5,5,2)
  [Team C] Бурав C6 (3,4,1) → MOVE (4,5,2)
  [Team C] Провокатор C7 (0,9,1) → MOVE (1,8,2)
  [Team C] Паук C8 (9,7,1) → MOVE (8,6,2)
! 🎮 GM: принудительно завершает фазу планирования
GM: end_planning
# 
============================================================
# 🔄 ОБРАБОТКА ХОДА 1
# ============================================================
   🌀 Тишина A5: фаза ВКЛ
   🌀 Тишина B5: фаза ВКЛ
   🪞 Провокатор A7 создал голограмму H1 в (1,8,6)
   🪞 Провокатор B7 создал голограмму H2 в (8,2,6)
   💣 Паук A8 установил мину M1 в (9,4,6)
!    ⚠️ Паук B8: в клетке уже стоит мина

📦 ПЕРЕМЕЩЕНИЯ:
   Радиовышка A2: (5, 5, 7) → (6,6,6)
✓    💥 Прыгун A3 тараном уничтожил Факел B4 в (0,8,5)
   Прыгун A3: (0, 6, 7) → (0,8,5)
   Факел A4: (5, 9, 7) → (5,8,7)
   Бурав A6: (2, 3, 7) → (2,1,5)
   Радиовышка B2: (8, 1, 5) → (7,2,6)
✓    💥 Прыгун B3 тараном уничтожил Артиллерия A1 в (5,4,7)
   Прыгун B3: (3, 2, 5) → (5,4,7)
   Бурав B6: (8, 7, 5) → (9,7,6)
   Радиовышка C2: (2, 1, 1) → (3,2,2)
   Прыгун C3: (2, 0, 1) → (3,1,2)
   Факел C4: (2, 9, 1) → (3,8,1)
   Тишина C5: (5, 6, 1) → (5,5,2)
!    ⚠️ Бурав C6: Бурав двигается только по 1 оси или по 2 осям строго диагонально
   Провокатор C7: (0, 9, 1) → (1,8,2)
   Паук C8: (9, 7, 1) → (8,6,2)

🎯 ВЫСТРЕЛЫ:
   Выпущено ракет: 2
# 
📊 РЕЗУЛЬТАТЫ ХОДА 1:
🎯 Попаданий нет

--- Результаты хода ---
  Team A / Прыгун A3          → Team B / Факел B4           @ (0,8,5)  (УБИТ)
  Team B / Прыгун B3          → Team A / Артиллерия A1      @ (5,4,7)  (УБИТ)

--- Состояние команд после хода ---
  Team A: живых 7/8
    ✓ Радиовышка A2      @ (6,6,6) hp=3/3
    ✓ Прыгун A3          @ (0,8,5) hp=2/2
    ✓ Факел A4           @ (5,8,7) hp=6/6
    ✓ Тишина A5          @ (9,7,7) hp=2/2
    ✓ Бурав A6           @ (2,1,5) hp=4/4
    ✓ Провокатор A7      @ (2,9,7) hp=2/2
    ✓ Паук A8            @ (9,5,7) hp=1/1
    ✗ Артиллерия A1      @ (5,4,7) [уничтожен]
  Team B: живых 7/8
    ✓ Артиллерия B1      @ (6,6,5) hp=1/1
    ✓ Радиовышка B2      @ (7,2,6) hp=3/3
    ✓ Прыгун B3          @ (5,4,7) hp=2/2
    ✓ Тишина B5          @ (2,1,5) hp=2/2
    ✓ Бурав B6           @ (9,7,6) hp=4/4
    ✓ Провокатор B7      @ (9,1,5) hp=2/2
    ✓ Паук B8            @ (9,3,5) hp=1/1
    ✗ Факел B4           @ (0,8,5) [уничтожен]
  Team C: живых 8/8
    ✓ Артиллерия C1      @ (7,0,1) hp=1/1
    ✓ Радиовышка C2      @ (3,2,2) hp=3/3
    ✓ Прыгун C3          @ (3,1,2) hp=2/2
    ✓ Факел C4           @ (3,8,1) hp=6/6
    ✓ Тишина C5          @ (5,5,2) hp=2/2
    ✓ Бурав C6           @ (3,4,1) hp=4/4
    ✓ Провокатор C7      @ (1,8,2) hp=2/2
    ✓ Паук C8            @ (8,6,2) hp=1/1

======================================================================
ХОД 2
======================================================================
✓ 🎮 GM: начинаем ход
GM: start_turn

--- Радиовышки: сканирование слоя Z ---
  Радиовышка A2 (z=6): видит 2 врагов  → Радиовышка B2(7,2,6), Бурав B6(9,7,6)
  Радиовышка B2 (z=6): видит 1 врагов  → Радиовышка A2(6,6,6)
  Радиовышка C2 (z=2): слой чист

--- Решения ботов ---
  [Team A] Радиовышка A2 (6,6,6) → MOVE (6,6,5)
  [Team A] Прыгун A3 (0,8,5) → MOVE (1,8,4)
  [Team A] Факел A4 (5,8,7) → SHOOT at (5,4,7)
  [Team A] Тишина A5 (9,7,7) → MOVE (9,7,6)
  [Team A] Бурав A6 (2,1,5) → MOVE (3,2,6)
  [Team A] Провокатор A7 (2,9,7) → HOLOGRAM (3,8,6)
  [Team A] Паук A8 (9,5,7) → MINE (9,4,6)
  [Team B] Артиллерия B1 (6,6,5) → SHOOT at (3,1,2)
  [Team B] Радиовышка B2 (7,2,6) → MOVE (8,3,7)
  [Team B] Прыгун B3 (5,4,7) → MOVE (6,6,6)
  [Team B] Бурав B6 (9,7,6) → MOVE (9,6,7)
  [Team B] Провокатор B7 (9,1,5) → HOLOGRAM (9,2,6)
  [Team B] Паук B8 (9,3,5) → MINE (9,4,6)
  [Team B] Тишина B5 → SKIP
  [Team C] Артиллерия C1 (7,0,1) → SHOOT at (6,6,5)
  [Team C] Радиовышка C2 (3,2,2) → MOVE (2,1,3)
  [Team C] Прыгун C3 (3,1,2) → MOVE (2,1,2)
  [Team C] Факел C4 (3,8,1) → MOVE (4,7,1)
  [Team C] Тишина C5 (5,5,2) → PHASE toggle
  [Team C] Бурав C6 (3,4,1) → MOVE (2,5,2)
  [Team C] Провокатор C7 (1,8,2) → HOLOGRAM (0,8,3)
  [Team C] Паук C8 (8,6,2) → MINE (7,6,3)
! 🎮 GM: принудительно завершает фазу планирования
GM: end_planning
# 
============================================================
# 🔄 ОБРАБОТКА ХОДА 2
# ============================================================
   🌀 Тишина C5: фаза ВКЛ
   🪞 Провокатор A7 создал голограмму H3 в (3,8,6)
   🪞 Провокатор B7 создал голограмму H4 в (9,2,6)
   🪞 Провокатор C7 создал голограмму H5 в (0,8,3)
!    ⚠️ Паук A8: в клетке уже стоит мина
!    ⚠️ Паук B8: в клетке уже стоит мина
   💣 Паук C8 установил мину M2 в (7,6,3)

📦 ПЕРЕМЕЩЕНИЯ:
!    ⚠️ Радиовышка A2: клетка (6,6,5) занята
   Прыгун A3: (0, 8, 5) → (1,8,4)
!    ⚠️ Тишина A5: клетка (9,7,6) занята
!    ⚠️ Бурав A6: Бурав двигается только по 1 оси или по 2 осям строго диагонально
   Радиовышка B2: (7, 2, 6) → (8,3,7)
✓    💥 Прыгун B3 тараном уничтожил Радиовышка A2 в (6,6,6)
   Прыгун B3: (5, 4, 7) → (6,6,6)
   Бурав B6: (9, 7, 6) → (9,6,7)
   Радиовышка C2: (3, 2, 2) → (2,1,3)
   Прыгун C3: (3, 1, 2) → (2,1,2)
   Факел C4: (3, 8, 1) → (4,7,1)
!    ⚠️ Бурав C6: Бурав двигается только по 1 оси или по 2 осям строго диагонально

🎯 ВЫСТРЕЛЫ:
✓    ✅ Артиллерия C1 поразил Артиллерия B1 (2 урона)!
   Выпущено ракет: 3
# 
📊 РЕЗУЛЬТАТЫ ХОДА 2:
✓ 💥 ПОПАДАНИЯ:
✓    Артиллерия C1 (Team C) → Артиллерия B1 (Team B)

--- Результаты хода ---
  Team B / Прыгун B3          → Team A / Радиовышка A2      @ (6,6,6)  (УБИТ)
  Team C / Артиллерия C1      → Team B / Артиллерия B1      @ (6,6,5)  (УБИТ)

--- Состояние команд после хода ---
  Team A: живых 6/8
    ✓ Прыгун A3          @ (1,8,4) hp=2/2
    ✓ Факел A4           @ (5,8,7) hp=6/6
    ✓ Тишина A5          @ (9,7,7) hp=2/2
    ✓ Бурав A6           @ (2,1,5) hp=4/4
    ✓ Провокатор A7      @ (2,9,7) hp=2/2
    ✓ Паук A8            @ (9,5,7) hp=1/1
    ✗ Артиллерия A1      @ (5,4,7) [уничтожен]
    ✗ Радиовышка A2      @ (6,6,6) [уничтожен]
  Team B: живых 6/8
    ✓ Радиовышка B2      @ (8,3,7) hp=3/3
    ✓ Прыгун B3          @ (6,6,6) hp=2/2
    ✓ Тишина B5          @ (2,1,5) hp=2/2
    ✓ Бурав B6           @ (9,6,7) hp=4/4
    ✓ Провокатор B7      @ (9,1,5) hp=2/2
    ✓ Паук B8            @ (9,3,5) hp=1/1
    ✗ Артиллерия B1      @ (6,6,5) [уничтожен]
    ✗ Факел B4           @ (0,8,5) [уничтожен]
  Team C: живых 8/8
    ✓ Артиллерия C1      @ (7,0,1) hp=1/1
    ✓ Радиовышка C2      @ (2,1,3) hp=3/3
    ✓ Прыгун C3          @ (2,1,2) hp=2/2
    ✓ Факел C4           @ (4,7,1) hp=6/6
    ✓ Тишина C5          @ (5,5,2) hp=2/2
    ✓ Бурав C6           @ (3,4,1) hp=4/4
    ✓ Провокатор C7      @ (1,8,2) hp=2/2
    ✓ Паук C8            @ (8,6,2) hp=1/1

======================================================================
ХОД 3
======================================================================
✓ 🎮 GM: начинаем ход
GM: start_turn

--- Радиовышки: сканирование слоя Z ---
  Радиовышка B2 (z=7): видит 3 врагов [+1 эксклюзивно] → Провокатор A7(2,9,7), Факел A4(5,8,7), Паук A8(9,5,7)
  Радиовышка C2 (z=3): слой чист

--- Решения ботов ---
  [Team A] Прыгун A3 (1,8,4) → MOVE (1,8,2)
  [Team A] Факел A4 (5,8,7) → MOVE (4,8,6)
  [Team A] Тишина A5 (9,7,7) → MOVE (9,6,7)
  [Team A] Бурав A6 (2,1,5) → MOVE (2,1,2)
  [Team A] Провокатор A7 (2,9,7) → HOLOGRAM (3,8,6)
  [Team A] Паук A8 (9,5,7) → MINE (9,4,6)
  [Team B] Радиовышка B2 (8,3,7) → MOVE (9,4,7)
  [Team B] Прыгун B3 (6,6,6) → MOVE (5,8,7)
  [Team B] Бурав B6 (9,6,7) → MOVE (9,5,7)
  [Team B] Провокатор B7 (9,1,5) → HOLOGRAM (9,2,6)
  [Team B] Паук B8 (9,3,5) → MINE (9,4,6)
  [Team B] Тишина B5 → SKIP
  [Team C] Артиллерия C1 (7,0,1) → SHOOT at (1,8,4)
  [Team C] Радиовышка C2 (2,1,3) → MOVE (2,1,4)
  [Team C] Прыгун C3 (2,1,2) → SHOOT at (2,1,5)
  [Team C] Факел C4 (4,7,1) → MOVE (5,6,1)
  [Team C] Тишина C5 (5,5,2) → MOVE (4,6,3)
  [Team C] Бурав C6 (3,4,1) → MOVE (2,5,2)
  [Team C] Провокатор C7 (1,8,2) → HOLOGRAM (1,8,3)
  [Team C] Паук C8 (8,6,2) → MINE (9,5,3)
! 🎮 GM: принудительно завершает фазу планирования
GM: end_planning
# 
============================================================
# 🔄 ОБРАБОТКА ХОДА 3
# ============================================================
!    ⚠️ Провокатор A7: клетка (3,8,6) уже занята голограммой
!    ⚠️ Провокатор B7: клетка (9,2,6) уже занята голограммой
   🪞 Провокатор C7 создал голограмму H6 в (1,8,3)
!    ⚠️ Паук A8: в клетке уже стоит мина
!    ⚠️ Паук B8: в клетке уже стоит мина
   💣 Паук C8 установил мину M3 в (9,5,3)

📦 ПЕРЕМЕЩЕНИЯ:
✓    💥 Прыгун A3 тараном уничтожил Провокатор C7 в (1,8,2)
   Прыгун A3: (1, 8, 4) → (1,8,2)
   Факел A4: (5, 8, 7) → (4,8,6)
!    ⚠️ Тишина A5: клетка (9,6,7) занята
✓    💥 Бурав A6 тараном уничтожил Прыгун C3 в (2,1,2)
   Бурав A6: (2, 1, 5) → (2,1,2)
   Радиовышка B2: (8, 3, 7) → (9,4,7)
   Прыгун B3: (6, 6, 6) → (5,8,7)
✓    💥 Бурав B6 тараном уничтожил Паук A8 в (9,5,7)
   Бурав B6: (9, 6, 7) → (9,5,7)
   Радиовышка C2: (2, 1, 3) → (2,1,4)
   Факел C4: (4, 7, 1) → (5,6,1)
   Тишина C5: (5, 5, 2) → (4,6,3)
!    ⚠️ Бурав C6: Бурав двигается только по 1 оси или по 2 осям строго диагонально

🎯 ВЫСТРЕЛЫ:
   Выпущено ракет: 1
# 
📊 РЕЗУЛЬТАТЫ ХОДА 3:
🎯 Попаданий нет

--- Результаты хода ---
  Team A / Прыгун A3          → Team C / Провокатор C7      @ (1,8,2)  (УБИТ)
  Team A / Бурав A6           → Team C / Прыгун C3          @ (2,1,2)  (УБИТ)
  Team B / Бурав B6           → Team A / Паук A8            @ (9,5,7)  (УБИТ)

--- Состояние команд после хода ---
  Team A: живых 5/8
    ✓ Прыгун A3          @ (1,8,2) hp=2/2
    ✓ Факел A4           @ (4,8,6) hp=6/6
    ✓ Тишина A5          @ (9,7,7) hp=2/2
    ✓ Бурав A6           @ (2,1,2) hp=4/4
    ✓ Провокатор A7      @ (2,9,7) hp=2/2
    ✗ Артиллерия A1      @ (5,4,7) [уничтожен]
    ✗ Радиовышка A2      @ (6,6,6) [уничтожен]
    ✗ Паук A8            @ (9,5,7) [уничтожен]
  Team B: живых 6/8
    ✓ Радиовышка B2      @ (9,4,7) hp=3/3
    ✓ Прыгун B3          @ (5,8,7) hp=2/2
    ✓ Тишина B5          @ (2,1,5) hp=2/2
    ✓ Бурав B6           @ (9,5,7) hp=4/4
    ✓ Провокатор B7      @ (9,1,5) hp=2/2
    ✓ Паук B8            @ (9,3,5) hp=1/1
    ✗ Артиллерия B1      @ (6,6,5) [уничтожен]
    ✗ Факел B4           @ (0,8,5) [уничтожен]
  Team C: живых 6/8
    ✓ Артиллерия C1      @ (7,0,1) hp=1/1
    ✓ Радиовышка C2      @ (2,1,4) hp=3/3
    ✓ Факел C4           @ (5,6,1) hp=6/6
    ✓ Тишина C5          @ (4,6,3) hp=2/2
    ✓ Бурав C6           @ (3,4,1) hp=4/4
    ✓ Паук C8            @ (8,6,2) hp=1/1
    ✗ Прыгун C3          @ (2,1,2) [уничтожен]
    ✗ Провокатор C7      @ (1,8,2) [уничтожен]

======================================================================
ХОД 4
======================================================================
✓ 🎮 GM: начинаем ход
GM: start_turn

--- Радиовышки: сканирование слоя Z ---
  Радиовышка B2 (z=7): видит 1 врагов  → Провокатор A7(2,9,7)
  Радиовышка C2 (z=4): слой чист

--- Решения ботов ---
  [Team A] Прыгун A3 (1,8,2) → MOVE (2,7,1)
  [Team A] Факел A4 (4,8,6) → MOVE (3,8,5)
  [Team A] Тишина A5 (9,7,7) → MOVE (9,6,7)
  [Team A] Бурав A6 (2,1,2) → MOVE (2,1,4)
  [Team A] Провокатор A7 (2,9,7) → HOLOGRAM (3,8,7)
  [Team B] Радиовышка B2 (9,4,7) → MOVE (8,5,6)
  [Team B] Прыгун B3 (5,8,7) → MOVE (4,8,6)
  [Team B] Тишина B5 (2,1,5) → PHASE toggle
  [Team B] Бурав B6 (9,5,7) → MOVE (8,6,6)
  [Team B] Провокатор B7 (9,1,5) → HOLOGRAM (8,2,4)
  [Team B] Паук B8 (9,3,5) → MINE (8,4,4)
  [Team C] Артиллерия C1 (7,0,1) → SHOOT at (1,8,2)
  [Team C] Радиовышка C2 (2,1,4) → MOVE (2,1,3)
  [Team C] Факел C4 (5,6,1) → MOVE (6,5,1)
  [Team C] Тишина C5 (4,6,3) → MOVE (3,7,2)
  [Team C] Бурав C6 (3,4,1) → MOVE (2,3,2)
  [Team C] Паук C8 (8,6,2) → MINE (9,5,3)
! 🎮 GM: принудительно завершает фазу планирования
GM: end_planning
# 
============================================================
# 🔄 ОБРАБОТКА ХОДА 4
# ============================================================
   🌀 Тишина B5: фаза ВЫКЛ
   🪞 Провокатор A7 создал голограмму H7 в (3,8,7)
   🪞 Провокатор B7 создал голограмму H8 в (8,2,4)
   💣 Паук B8 установил мину M4 в (8,4,4)
!    ⚠️ Паук C8: в клетке уже стоит мина

📦 ПЕРЕМЕЩЕНИЯ:
   Прыгун A3: (1, 8, 2) → (2,7,1)
   Факел A4: (4, 8, 6) → (3,8,5)
   Тишина A5: (9, 7, 7) → (9,6,7)
✓    💥 Бурав A6 тараном уничтожил Радиовышка C2 в (2,1,4)
   Бурав A6: (2, 1, 2) → (2,1,4)
   Радиовышка B2: (9, 4, 7) → (8,5,6)
   Прыгун B3: (5, 8, 7) → (4,8,6)
!    ⚠️ Бурав B6: Бурав двигается только по 1 оси или по 2 осям строго диагонально
   Факел C4: (5, 6, 1) → (6,5,1)
   Тишина C5: (4, 6, 3) → (3,7,2)
!    ⚠️ Бурав C6: Бурав двигается только по 1 оси или по 2 осям строго диагонально

🎯 ВЫСТРЕЛЫ:
   Выпущено ракет: 1
# 
📊 РЕЗУЛЬТАТЫ ХОДА 4:
🎯 Попаданий нет

--- Результаты хода ---
  Team A / Бурав A6           → Team C / Радиовышка C2      @ (2,1,4)  (УБИТ)

--- Состояние команд после хода ---
  Team A: живых 5/8
    ✓ Прыгун A3          @ (2,7,1) hp=2/2
    ✓ Факел A4           @ (3,8,5) hp=6/6
    ✓ Тишина A5          @ (9,6,7) hp=2/2
    ✓ Бурав A6           @ (2,1,4) hp=4/4
    ✓ Провокатор A7      @ (2,9,7) hp=2/2
    ✗ Артиллерия A1      @ (5,4,7) [уничтожен]
    ✗ Радиовышка A2      @ (6,6,6) [уничтожен]
    ✗ Паук A8            @ (9,5,7) [уничтожен]
  Team B: живых 6/8
    ✓ Радиовышка B2      @ (8,5,6) hp=3/3
    ✓ Прыгун B3          @ (4,8,6) hp=2/2
    ✓ Тишина B5          @ (2,1,5) hp=2/2
    ✓ Бурав B6           @ (9,5,7) hp=4/4
    ✓ Провокатор B7      @ (9,1,5) hp=2/2
    ✓ Паук B8            @ (9,3,5) hp=1/1
    ✗ Артиллерия B1      @ (6,6,5) [уничтожен]
    ✗ Факел B4           @ (0,8,5) [уничтожен]
  Team C: живых 5/8
    ✓ Артиллерия C1      @ (7,0,1) hp=1/1
    ✓ Факел C4           @ (6,5,1) hp=6/6
    ✓ Тишина C5          @ (3,7,2) hp=2/2
    ✓ Бурав C6           @ (3,4,1) hp=4/4
    ✓ Паук C8            @ (8,6,2) hp=1/1
    ✗ Радиовышка C2      @ (2,1,4) [уничтожен]
    ✗ Прыгун C3          @ (2,1,2) [уничтожен]
    ✗ Провокатор C7      @ (1,8,2) [уничтожен]

======================================================================
ХОД 5
======================================================================
✓ 🎮 GM: начинаем ход
GM: start_turn

--- Радиовышки: сканирование слоя Z ---
  Радиовышка B2 (z=6): слой чист

--- Решения ботов ---
  [Team A] Прыгун A3 (2,7,1) → MOVE (3,6,1)
  [Team A] Факел A4 (3,8,5) → MOVE (2,7,4)
  [Team A] Тишина A5 (9,6,7) → MOVE (8,5,6)
  [Team A] Бурав A6 (2,1,4) → MOVE (2,1,5)
  [Team A] Провокатор A7 (2,9,7) → HOLOGRAM (3,8,6)
  [Team B] Радиовышка B2 (8,5,6) → MOVE (8,6,5)
  [Team B] Прыгун B3 (4,8,6) → MOVE (3,8,5)
  [Team B] Тишина B5 (2,1,5) → MOVE (2,1,4)
  [Team B] Бурав B6 (9,5,7) → MOVE (8,6,6)
  [Team B] Провокатор B7 (9,1,5) → HOLOGRAM (8,2,4)
  [Team B] Паук B8 (9,3,5) → MINE (8,4,4)
  [Team C] Артиллерия C1 (7,0,1) → SHOOT at (2,7,1)
  [Team C] Факел C4 (6,5,1) → MOVE (7,4,1)
  [Team C] Тишина C5 (3,7,2) → MOVE (2,7,1)
  [Team C] Бурав C6 (3,4,1) → MOVE (2,5,1)
  [Team C] Паук C8 (8,6,2) → MINE (9,5,3)
! 🎮 GM: принудительно завершает фазу планирования
GM: end_planning
# 
============================================================
# 🔄 ОБРАБОТКА ХОДА 5
# ============================================================
!    ⚠️ Провокатор A7: клетка (3,8,6) уже занята голограммой
!    ⚠️ Провокатор B7: клетка (8,2,4) уже занята голограммой
!    ⚠️ Паук B8: в клетке уже стоит мина
!    ⚠️ Паук C8: в клетке уже стоит мина

📦 ПЕРЕМЕЩЕНИЯ:
   Прыгун A3: (2, 7, 1) → (3,6,1)
   Факел A4: (3, 8, 5) → (2,7,4)
!    ⚠️ Тишина A5: клетка (8,5,6) занята
✓    💥 Бурав A6 тараном уничтожил Тишина B5 в (2,1,5)
   Бурав A6: (2, 1, 4) → (2,1,5)
   Радиовышка B2: (8, 5, 6) → (8,6,5)
   Прыгун B3: (4, 8, 6) → (3,8,5)
!    ⚠️ Бурав B6: Бурав двигается только по 1 оси или по 2 осям строго диагонально
   Факел C4: (6, 5, 1) → (7,4,1)
   Тишина C5: (3, 7, 2) → (2,7,1)
   Бурав C6: (3, 4, 1) → (2,5,1)

🎯 ВЫСТРЕЛЫ:
   Выпущено ракет: 1
# 
📊 РЕЗУЛЬТАТЫ ХОДА 5:
🎯 Попаданий нет

--- Результаты хода ---
  Team A / Бурав A6           → Team B / Тишина B5          @ (2,1,5)  (УБИТ)

--- Состояние команд после хода ---
  Team A: живых 5/8
    ✓ Прыгун A3          @ (3,6,1) hp=2/2
    ✓ Факел A4           @ (2,7,4) hp=6/6
    ✓ Тишина A5          @ (9,6,7) hp=2/2
    ✓ Бурав A6           @ (2,1,5) hp=4/4
    ✓ Провокатор A7      @ (2,9,7) hp=2/2
    ✗ Артиллерия A1      @ (5,4,7) [уничтожен]
    ✗ Радиовышка A2      @ (6,6,6) [уничтожен]
    ✗ Паук A8            @ (9,5,7) [уничтожен]
  Team B: живых 5/8
    ✓ Радиовышка B2      @ (8,6,5) hp=3/3
    ✓ Прыгун B3          @ (3,8,5) hp=2/2
    ✓ Бурав B6           @ (9,5,7) hp=4/4
    ✓ Провокатор B7      @ (9,1,5) hp=2/2
    ✓ Паук B8            @ (9,3,5) hp=1/1
    ✗ Артиллерия B1      @ (6,6,5) [уничтожен]
    ✗ Факел B4           @ (0,8,5) [уничтожен]
    ✗ Тишина B5          @ (2,1,5) [уничтожен]
  Team C: живых 5/8
    ✓ Артиллерия C1      @ (7,0,1) hp=1/1
    ✓ Факел C4           @ (7,4,1) hp=6/6
    ✓ Тишина C5          @ (2,7,1) hp=2/2
    ✓ Бурав C6           @ (2,5,1) hp=4/4
    ✓ Паук C8            @ (8,6,2) hp=1/1
    ✗ Радиовышка C2      @ (2,1,4) [уничтожен]
    ✗ Прыгун C3          @ (2,1,2) [уничтожен]
    ✗ Провокатор C7      @ (1,8,2) [уничтожен]

======================================================================
ХОД 6
======================================================================
✓ 🎮 GM: начинаем ход
GM: start_turn

--- Радиовышки: сканирование слоя Z ---
  Радиовышка B2 (z=5): видит 1 врагов [+1 эксклюзивно] → Бурав A6(2,1,5)

--- Решения ботов ---
  [Team A] Прыгун A3 (3,6,1) → MOVE (2,5,1)
  [Team A] Факел A4 (2,7,4) → MOVE (3,6,3)
  [Team A] Тишина A5 (9,6,7) → PHASE toggle
  [Team A] Бурав A6 (2,1,5) → MOVE (2,2,4)
  [Team A] Провокатор A7 (2,9,7) → HOLOGRAM (3,8,6)
  [Team B] Радиовышка B2 (8,6,5) → MOVE (8,6,4)
  [Team B] Прыгун B3 (3,8,5) → MOVE (2,7,4)
  [Team B] Бурав B6 (9,5,7) → MOVE (8,6,6)
  [Team B] Провокатор B7 (9,1,5) → HOLOGRAM (8,2,4)
  [Team B] Паук B8 (9,3,5) → MINE (8,4,4)
  [Team C] Артиллерия C1 (7,0,1) → SHOOT at (3,6,1)
  [Team C] Факел C4 (7,4,1) → MOVE (7,3,1)
  [Team C] Тишина C5 (2,7,1) → MOVE (3,6,1)
  [Team C] Бурав C6 (2,5,1) → MOVE (2,6,1)
  [Team C] Паук C8 (8,6,2) → MINE (8,6,3)
! 🎮 GM: принудительно завершает фазу планирования
GM: end_planning
# 
============================================================
# 🔄 ОБРАБОТКА ХОДА 6
# ============================================================
   🌀 Тишина A5: фаза ВЫКЛ
!    ⚠️ Провокатор A7: клетка (3,8,6) уже занята голограммой
!    ⚠️ Провокатор B7: клетка (8,2,4) уже занята голограммой
!    ⚠️ Паук B8: в клетке уже стоит мина
   💣 Паук C8 установил мину M5 в (8,6,3)

📦 ПЕРЕМЕЩЕНИЯ:
✓    💥 Прыгун A3 тараном уничтожил Бурав C6 в (2,5,1)
   Прыгун A3: (3, 6, 1) → (2,5,1)
   Факел A4: (2, 7, 4) → (3,6,3)
   Бурав A6: (2, 1, 5) → (2,2,4)
   Радиовышка B2: (8, 6, 5) → (8,6,4)
   Прыгун B3: (3, 8, 5) → (2,7,4)
!    ⚠️ Бурав B6: Бурав двигается только по 1 оси или по 2 осям строго диагонально
   Факел C4: (7, 4, 1) → (7,3,1)
   Тишина C5: (2, 7, 1) → (3,6,1)

🎯 ВЫСТРЕЛЫ:
   Выпущено ракет: 1
# 
📊 РЕЗУЛЬТАТЫ ХОДА 6:
🎯 Попаданий нет

--- Результаты хода ---
  Team A / Прыгун A3          → Team C / Бурав C6           @ (2,5,1)  (УБИТ)

--- Состояние команд после хода ---
  Team A: живых 5/8
    ✓ Прыгун A3          @ (2,5,1) hp=2/2
    ✓ Факел A4           @ (3,6,3) hp=6/6
    ✓ Тишина A5          @ (9,6,7) hp=2/2
    ✓ Бурав A6           @ (2,2,4) hp=4/4
    ✓ Провокатор A7      @ (2,9,7) hp=2/2
    ✗ Артиллерия A1      @ (5,4,7) [уничтожен]
    ✗ Радиовышка A2      @ (6,6,6) [уничтожен]
    ✗ Паук A8            @ (9,5,7) [уничтожен]
  Team B: живых 5/8
    ✓ Радиовышка B2      @ (8,6,4) hp=3/3
    ✓ Прыгун B3          @ (2,7,4) hp=2/2
    ✓ Бурав B6           @ (9,5,7) hp=4/4
    ✓ Провокатор B7      @ (9,1,5) hp=2/2
    ✓ Паук B8            @ (9,3,5) hp=1/1
    ✗ Артиллерия B1      @ (6,6,5) [уничтожен]
    ✗ Факел B4           @ (0,8,5) [уничтожен]
    ✗ Тишина B5          @ (2,1,5) [уничтожен]
  Team C: живых 4/8
    ✓ Артиллерия C1      @ (7,0,1) hp=1/1
    ✓ Факел C4           @ (7,3,1) hp=6/6
    ✓ Тишина C5          @ (3,6,1) hp=2/2
    ✓ Паук C8            @ (8,6,2) hp=1/1
    ✗ Радиовышка C2      @ (2,1,4) [уничтожен]
    ✗ Прыгун C3          @ (2,1,2) [уничтожен]
    ✗ Бурав C6           @ (2,5,1) [уничтожен]
    ✗ Провокатор C7      @ (1,8,2) [уничтожен]

======================================================================
ХОД 7
======================================================================
✓ 🎮 GM: начинаем ход
GM: start_turn

--- Радиовышки: сканирование слоя Z ---
  Радиовышка B2 (z=4): видит 1 врагов [+1 эксклюзивно] → Бурав A6(2,2,4)

--- Решения ботов ---
  [Team A] Прыгун A3 (2,5,1) → MOVE (2,6,2)
  [Team A] Факел A4 (3,6,3) → MOVE (2,5,2)
  [Team A] Тишина A5 (9,6,7) → MOVE (9,5,7)
  [Team A] Бурав A6 (2,2,4) → MOVE (2,3,4)
  [Team A] Провокатор A7 (2,9,7) → HOLOGRAM (2,8,6)
  [Team B] Радиовышка B2 (8,6,4) → MOVE (8,6,3)
  [Team B] Прыгун B3 (2,7,4) → MOVE (3,6,3)
  [Team B] Бурав B6 (9,5,7) → MOVE (9,6,7)
  [Team B] Провокатор B7 (9,1,5) → HOLOGRAM (8,2,4)
  [Team B] Паук B8 (9,3,5) → MINE (9,4,6)
  [Team C] Артиллерия C1 (7,0,1) → SHOOT at (2,5,1)
  [Team C] Факел C4 (7,3,1) → MOVE (7,2,1)
  [Team C] Тишина C5 (3,6,1) → MOVE (2,5,1)
  [Team C] Паук C8 (8,6,2) → MINE (8,6,3)
! 🎮 GM: принудительно завершает фазу планирования
GM: end_planning
# 
============================================================
# 🔄 ОБРАБОТКА ХОДА 7
# ============================================================
   🪞 Провокатор A7 создал голограмму H9 в (2,8,6)
!    ⚠️ Провокатор B7: клетка (8,2,4) уже занята голограммой
!    ⚠️ Паук B8: в клетке уже стоит мина
!    ⚠️ Паук C8: в клетке уже стоит мина

📦 ПЕРЕМЕЩЕНИЯ:
   Прыгун A3: (2, 5, 1) → (2,6,2)
   Факел A4: (3, 6, 3) → (2,5,2)
!    ⚠️ Тишина A5: клетка (9,5,7) занята
   Бурав A6: (2, 2, 4) → (2,3,4)
   Радиовышка B2: (8, 6, 4) → (8,6,3)
!    💥 Мина M5 сработала под Радиовышка B2 (урон 2)
   Прыгун B3: (2, 7, 4) → (3,6,3)
✓    💥 Бурав B6 тараном уничтожил Тишина A5 в (9,6,7)
   Бурав B6: (9, 5, 7) → (9,6,7)
   Факел C4: (7, 3, 1) → (7,2,1)
   Тишина C5: (3, 6, 1) → (2,5,1)

🎯 ВЫСТРЕЛЫ:
   Выпущено ракет: 1
# 
📊 РЕЗУЛЬТАТЫ ХОДА 7:
🎯 Попаданий нет

--- Результаты хода ---
  ? / ?                  → Team B / Радиовышка B2      @ (8,6,3)  (ранен)
  Team B / Бурав B6           → Team A / Тишина A5          @ (9,6,7)  (УБИТ)

--- Состояние команд после хода ---
  Team A: живых 4/8
    ✓ Прыгун A3          @ (2,6,2) hp=2/2
    ✓ Факел A4           @ (2,5,2) hp=6/6
    ✓ Бурав A6           @ (2,3,4) hp=4/4
    ✓ Провокатор A7      @ (2,9,7) hp=2/2
    ✗ Артиллерия A1      @ (5,4,7) [уничтожен]
    ✗ Радиовышка A2      @ (6,6,6) [уничтожен]
    ✗ Тишина A5          @ (9,6,7) [уничтожен]
    ✗ Паук A8            @ (9,5,7) [уничтожен]
  Team B: живых 5/8
    ✓ Радиовышка B2      @ (8,6,3) hp=1/3
    ✓ Прыгун B3          @ (3,6,3) hp=2/2
    ✓ Бурав B6           @ (9,6,7) hp=4/4
    ✓ Провокатор B7      @ (9,1,5) hp=2/2
    ✓ Паук B8            @ (9,3,5) hp=1/1
    ✗ Артиллерия B1      @ (6,6,5) [уничтожен]
    ✗ Факел B4           @ (0,8,5) [уничтожен]
    ✗ Тишина B5          @ (2,1,5) [уничтожен]
  Team C: живых 4/8
    ✓ Артиллерия C1      @ (7,0,1) hp=1/1
    ✓ Факел C4           @ (7,2,1) hp=6/6
    ✓ Тишина C5          @ (2,5,1) hp=2/2
    ✓ Паук C8            @ (8,6,2) hp=1/1
    ✗ Радиовышка C2      @ (2,1,4) [уничтожен]
    ✗ Прыгун C3          @ (2,1,2) [уничтожен]
    ✗ Бурав C6           @ (2,5,1) [уничтожен]
    ✗ Провокатор C7      @ (1,8,2) [уничтожен]

======================================================================
ХОД 8
======================================================================
✓ 🎮 GM: начинаем ход
GM: start_turn

--- Радиовышки: сканирование слоя Z ---
  Радиовышка B2 (z=3): слой чист

--- Решения ботов ---
  [Team A] Прыгун A3 (2,6,2) → MOVE (3,6,3)
  [Team A] Бурав A6 (2,3,4) → MOVE (3,4,3)
  [Team A] Провокатор A7 (2,9,7) → HOLOGRAM (3,8,6)
  [Team A] Факел A4 → SKIP
  [Team B] Радиовышка B2 (8,6,3) → MOVE (8,6,2)
  [Team B] Прыгун B3 (3,6,3) → MOVE (2,5,2)
  [Team B] Бурав B6 (9,6,7) → MOVE (8,6,6)
  [Team B] Провокатор B7 (9,1,5) → HOLOGRAM (8,2,4)
  [Team B] Паук B8 (9,3,5) → MINE (8,4,4)
  [Team C] Артиллерия C1 (7,0,1) → SHOOT at (2,6,2)
  [Team C] Факел C4 (7,2,1) → MOVE (7,1,1)
  [Team C] Тишина C5 (2,5,1) → MOVE (2,6,2)
  [Team C] Паук C8 (8,6,2) → MINE (8,6,3)
! 🎮 GM: принудительно завершает фазу планирования
GM: end_planning
# 
============================================================
# 🔄 ОБРАБОТКА ХОДА 8
# ============================================================
!    ⚠️ Провокатор A7: клетка (3,8,6) уже занята голограммой
!    ⚠️ Провокатор B7: клетка (8,2,4) уже занята голограммой
!    ⚠️ Паук B8: в клетке уже стоит мина
!    ⚠️ Паук C8: клетка (8,6,3) занята кораблём

📦 ПЕРЕМЕЩЕНИЯ:
✓    💥 Прыгун A3 тараном уничтожил Прыгун B3 в (3,6,3)
   Прыгун A3: (2, 6, 2) → (3,6,3)
!    ⚠️ Бурав A6: Бурав двигается только по 1 оси или по 2 осям строго диагонально
!    ⚠️ Радиовышка B2: клетка (8,6,2) занята
   Бурав B6: (9, 6, 7) → (8,6,6)
   Факел C4: (7, 2, 1) → (7,1,1)
   Тишина C5: (2, 5, 1) → (2,6,2)

🎯 ВЫСТРЕЛЫ:
   Выпущено ракет: 1
# 
📊 РЕЗУЛЬТАТЫ ХОДА 8:
🎯 Попаданий нет

--- Результаты хода ---
  Team A / Прыгун A3          → Team B / Прыгун B3          @ (3,6,3)  (УБИТ)

--- Состояние команд после хода ---
  Team A: живых 4/8
    ✓ Прыгун A3          @ (3,6,3) hp=2/2
    ✓ Факел A4           @ (2,5,2) hp=6/6
    ✓ Бурав A6           @ (2,3,4) hp=4/4
    ✓ Провокатор A7      @ (2,9,7) hp=2/2
    ✗ Артиллерия A1      @ (5,4,7) [уничтожен]
    ✗ Радиовышка A2      @ (6,6,6) [уничтожен]
    ✗ Тишина A5          @ (9,6,7) [уничтожен]
    ✗ Паук A8            @ (9,5,7) [уничтожен]
  Team B: живых 4/8
    ✓ Радиовышка B2      @ (8,6,3) hp=1/3
    ✓ Бурав B6           @ (8,6,6) hp=4/4
    ✓ Провокатор B7      @ (9,1,5) hp=2/2
    ✓ Паук B8            @ (9,3,5) hp=1/1
    ✗ Артиллерия B1      @ (6,6,5) [уничтожен]
    ✗ Прыгун B3          @ (3,6,3) [уничтожен]
    ✗ Факел B4           @ (0,8,5) [уничтожен]
    ✗ Тишина B5          @ (2,1,5) [уничтожен]
  Team C: живых 4/8
    ✓ Артиллерия C1      @ (7,0,1) hp=1/1
    ✓ Факел C4           @ (7,1,1) hp=6/6
    ✓ Тишина C5          @ (2,6,2) hp=2/2
    ✓ Паук C8            @ (8,6,2) hp=1/1
    ✗ Радиовышка C2      @ (2,1,4) [уничтожен]
    ✗ Прыгун C3          @ (2,1,2) [уничтожен]
    ✗ Бурав C6           @ (2,5,1) [уничтожен]
    ✗ Провокатор C7      @ (1,8,2) [уничтожен]

======================================================================
ХОД 9
======================================================================
✓ 🎮 GM: начинаем ход
GM: start_turn

--- Радиовышки: сканирование слоя Z ---
  Радиовышка B2 (z=3): видит 1 врагов [+1 эксклюзивно] → Прыгун A3(3,6,3)

--- Решения ботов ---
  [Team A] Прыгун A3 (3,6,3) → MOVE (4,6,4)
  [Team A] Факел A4 (2,5,2) → MOVE (3,6,2)
  [Team A] Бурав A6 (2,3,4) → MOVE (3,4,4)
  [Team A] Провокатор A7 (2,9,7) → MOVE (3,8,6)
  [Team B] Радиовышка B2 (8,6,3) → MOVE (8,6,2)
  [Team B] Бурав B6 (8,6,6) → MOVE (8,6,5)
  [Team B] Провокатор B7 (9,1,5) → HOLOGRAM (8,2,4)
  [Team B] Паук B8 (9,3,5) → MINE (8,4,4)
  [Team C] Артиллерия C1 (7,0,1) → SHOOT at (8,6,3)
  [Team C] Тишина C5 (2,6,2) → MOVE (3,6,3)
  [Team C] Паук C8 (8,6,2) → MINE (8,6,3)
  [Team C] Факел C4 → SKIP
! 🎮 GM: принудительно завершает фазу планирования
GM: end_planning
# 
============================================================
# 🔄 ОБРАБОТКА ХОДА 9
# ============================================================
!    ⚠️ Провокатор B7: клетка (8,2,4) уже занята голограммой
!    ⚠️ Паук B8: в клетке уже стоит мина
!    ⚠️ Паук C8: клетка (8,6,3) занята кораблём

📦 ПЕРЕМЕЩЕНИЯ:
   Прыгун A3: (3, 6, 3) → (4,6,4)
   Факел A4: (2, 5, 2) → (3,6,2)
   Бурав A6: (2, 3, 4) → (3,4,4)
!    ⚠️ Провокатор A7: клетка (3,8,6) занята
!    ⚠️ Радиовышка B2: клетка (8,6,2) занята
   Бурав B6: (8, 6, 6) → (8,6,5)
   Тишина C5: (2, 6, 2) → (3,6,3)

🎯 ВЫСТРЕЛЫ:
✓    ✅ Артиллерия C1 поразил Радиовышка B2 (2 урона)!
   Выпущено ракет: 1
# 
📊 РЕЗУЛЬТАТЫ ХОДА 9:
✓ 💥 ПОПАДАНИЯ:
✓    Артиллерия C1 (Team C) → Радиовышка B2 (Team B)

--- Результаты хода ---
  Team C / Артиллерия C1      → Team B / Радиовышка B2      @ (8,6,3)  (УБИТ)

--- Состояние команд после хода ---
  Team A: живых 4/8
    ✓ Прыгун A3          @ (4,6,4) hp=2/2
    ✓ Факел A4           @ (3,6,2) hp=6/6
    ✓ Бурав A6           @ (3,4,4) hp=4/4
    ✓ Провокатор A7      @ (2,9,7) hp=2/2
    ✗ Артиллерия A1      @ (5,4,7) [уничтожен]
    ✗ Радиовышка A2      @ (6,6,6) [уничтожен]
    ✗ Тишина A5          @ (9,6,7) [уничтожен]
    ✗ Паук A8            @ (9,5,7) [уничтожен]
  Team B: живых 3/8
    ✓ Бурав B6           @ (8,6,5) hp=4/4
    ✓ Провокатор B7      @ (9,1,5) hp=2/2
    ✓ Паук B8            @ (9,3,5) hp=1/1
    ✗ Артиллерия B1      @ (6,6,5) [уничтожен]
    ✗ Радиовышка B2      @ (8,6,3) [уничтожен]
    ✗ Прыгун B3          @ (3,6,3) [уничтожен]
    ✗ Факел B4           @ (0,8,5) [уничтожен]
    ✗ Тишина B5          @ (2,1,5) [уничтожен]
  Team C: живых 4/8
    ✓ Артиллерия C1      @ (7,0,1) hp=1/1
    ✓ Факел C4           @ (7,1,1) hp=6/6
    ✓ Тишина C5          @ (3,6,3) hp=2/2
    ✓ Паук C8            @ (8,6,2) hp=1/1
    ✗ Радиовышка C2      @ (2,1,4) [уничтожен]
    ✗ Прыгун C3          @ (2,1,2) [уничтожен]
    ✗ Бурав C6           @ (2,5,1) [уничтожен]
    ✗ Провокатор C7      @ (1,8,2) [уничтожен]

======================================================================
ХОД 10
======================================================================
✓ 🎮 GM: начинаем ход
GM: start_turn

--- Радиовышки: сканирование слоя Z ---
  (у команд не осталось живых радиовышек)

--- Решения ботов ---
  [Team A] Прыгун A3 (4,6,4) → MOVE (5,5,5)
  [Team A] Факел A4 (3,6,2) → MOVE (4,6,3)
  [Team A] Бурав A6 (3,4,4) → MOVE (4,5,5)
  [Team A] Провокатор A7 (2,9,7) → MOVE (3,8,7)
  [Team B] Бурав B6 (8,6,5) → MOVE (8,6,2)
  [Team B] Провокатор B7 (9,1,5) → HOLOGRAM (8,2,4)
  [Team B] Паук B8 (9,3,5) → MINE (8,4,4)
  [Team C] Артиллерия C1 (7,0,1) → SHOOT at (4,6,4)
  [Team C] Тишина C5 (3,6,3) → MOVE (4,6,4)
  [Team C] Паук C8 (8,6,2) → MINE (8,6,3)
  [Team C] Факел C4 → SKIP
! 🎮 GM: принудительно завершает фазу планирования
GM: end_planning
# 
============================================================
# 🔄 ОБРАБОТКА ХОДА 10
# ============================================================
!    ⚠️ Провокатор B7: клетка (8,2,4) уже занята голограммой
!    ⚠️ Паук B8: в клетке уже стоит мина
   💣 Паук C8 установил мину M6 в (8,6,3)

📦 ПЕРЕМЕЩЕНИЯ:
   Прыгун A3: (4, 6, 4) → (5,5,5)
   Факел A4: (3, 6, 2) → (4,6,3)
!    ⚠️ Бурав A6: Бурав двигается только по 1 оси или по 2 осям строго диагонально
!    ⚠️ Провокатор A7: клетка (3,8,7) занята
✓    💥 Бурав B6 тараном уничтожил Паук C8 в (8,6,2)
   Бурав B6: (8, 6, 5) → (8,6,2)
   Тишина C5: (3, 6, 3) → (4,6,4)

🎯 ВЫСТРЕЛЫ:
   Выпущено ракет: 1
# 
📊 РЕЗУЛЬТАТЫ ХОДА 10:
🎯 Попаданий нет

--- Результаты хода ---
  Team B / Бурав B6           → Team C / Паук C8            @ (8,6,2)  (УБИТ)

--- Состояние команд после хода ---
  Team A: живых 4/8
    ✓ Прыгун A3          @ (5,5,5) hp=2/2
    ✓ Факел A4           @ (4,6,3) hp=6/6
    ✓ Бурав A6           @ (3,4,4) hp=4/4
    ✓ Провокатор A7      @ (2,9,7) hp=2/2
    ✗ Артиллерия A1      @ (5,4,7) [уничтожен]
    ✗ Радиовышка A2      @ (6,6,6) [уничтожен]
    ✗ Тишина A5          @ (9,6,7) [уничтожен]
    ✗ Паук A8            @ (9,5,7) [уничтожен]
  Team B: живых 3/8
    ✓ Бурав B6           @ (8,6,2) hp=4/4
    ✓ Провокатор B7      @ (9,1,5) hp=2/2
    ✓ Паук B8            @ (9,3,5) hp=1/1
    ✗ Артиллерия B1      @ (6,6,5) [уничтожен]
    ✗ Радиовышка B2      @ (8,6,3) [уничтожен]
    ✗ Прыгун B3          @ (3,6,3) [уничтожен]
    ✗ Факел B4           @ (0,8,5) [уничтожен]
    ✗ Тишина B5          @ (2,1,5) [уничтожен]
  Team C: живых 3/8
    ✓ Артиллерия C1      @ (7,0,1) hp=1/1
    ✓ Факел C4           @ (7,1,1) hp=6/6
    ✓ Тишина C5          @ (4,6,4) hp=2/2
    ✗ Радиовышка C2      @ (2,1,4) [уничтожен]
    ✗ Прыгун C3          @ (2,1,2) [уничтожен]
    ✗ Бурав C6           @ (2,5,1) [уничтожен]
    ✗ Провокатор C7      @ (1,8,2) [уничтожен]
    ✗ Паук C8            @ (8,6,2) [уничтожен]

======================================================================
ХОД 11
======================================================================
✓ 🎮 GM: начинаем ход
GM: start_turn

--- Радиовышки: сканирование слоя Z ---
  (у команд не осталось живых радиовышек)

--- Решения ботов ---
  [Team A] Прыгун A3 (5,5,5) → MOVE (6,6,4)
  [Team A] Факел A4 (4,6,3) → MOVE (5,5,4)
  [Team A] Бурав A6 (3,4,4) → MOVE (4,5,3)
  [Team A] Провокатор A7 (2,9,7) → MOVE (3,8,6)
  [Team B] Бурав B6 (8,6,2) → MOVE (7,5,3)
  [Team B] Провокатор B7 (9,1,5) → HOLOGRAM (8,2,5)
  [Team B] Паук B8 (9,3,5) → MINE (8,4,5)
  [Team C] Артиллерия C1 (7,0,1) → SHOOT at (5,5,5)
  [Team C] Тишина C5 (4,6,4) → MOVE (5,5,5)
  [Team C] Факел C4 → SKIP
! 🎮 GM: принудительно завершает фазу планирования
GM: end_planning
# 
============================================================
# 🔄 ОБРАБОТКА ХОДА 11
# ============================================================
   🪞 Провокатор B7 создал голограмму H10 в (8,2,5)
   💣 Паук B8 установил мину M7 в (8,4,5)

📦 ПЕРЕМЕЩЕНИЯ:
   Прыгун A3: (5, 5, 5) → (6,6,4)
   Факел A4: (4, 6, 3) → (5,5,4)
!    ⚠️ Бурав A6: Бурав двигается только по 1 оси или по 2 осям строго диагонально
!    ⚠️ Провокатор A7: клетка (3,8,6) занята
!    ⚠️ Бурав B6: Бурав двигается только по 1 оси или по 2 осям строго диагонально
   Тишина C5: (4, 6, 4) → (5,5,5)

🎯 ВЫСТРЕЛЫ:
   Выпущено ракет: 1
# 
📊 РЕЗУЛЬТАТЫ ХОДА 11:
🎯 Попаданий нет

--- Результаты хода ---
  Попаданий нет

--- Состояние команд после хода ---
  Team A: живых 4/8
    ✓ Прыгун A3          @ (6,6,4) hp=2/2
    ✓ Факел A4           @ (5,5,4) hp=6/6
    ✓ Бурав A6           @ (3,4,4) hp=4/4
    ✓ Провокатор A7      @ (2,9,7) hp=2/2
    ✗ Артиллерия A1      @ (5,4,7) [уничтожен]
    ✗ Радиовышка A2      @ (6,6,6) [уничтожен]
    ✗ Тишина A5          @ (9,6,7) [уничтожен]
    ✗ Паук A8            @ (9,5,7) [уничтожен]
  Team B: живых 3/8
    ✓ Бурав B6           @ (8,6,2) hp=4/4
    ✓ Провокатор B7      @ (9,1,5) hp=2/2
    ✓ Паук B8            @ (9,3,5) hp=1/1
    ✗ Артиллерия B1      @ (6,6,5) [уничтожен]
    ✗ Радиовышка B2      @ (8,6,3) [уничтожен]
    ✗ Прыгун B3          @ (3,6,3) [уничтожен]
    ✗ Факел B4           @ (0,8,5) [уничтожен]
    ✗ Тишина B5          @ (2,1,5) [уничтожен]
  Team C: живых 3/8
    ✓ Артиллерия C1      @ (7,0,1) hp=1/1
    ✓ Факел C4           @ (7,1,1) hp=6/6
    ✓ Тишина C5          @ (5,5,5) hp=2/2
    ✗ Радиовышка C2      @ (2,1,4) [уничтожен]
    ✗ Прыгун C3          @ (2,1,2) [уничтожен]
    ✗ Бурав C6           @ (2,5,1) [уничтожен]
    ✗ Провокатор C7      @ (1,8,2) [уничтожен]
    ✗ Паук C8            @ (8,6,2) [уничтожен]

======================================================================
ХОД 12
======================================================================
✓ 🎮 GM: начинаем ход
GM: start_turn

--- Радиовышки: сканирование слоя Z ---
  (у команд не осталось живых радиовышек)

--- Решения ботов ---
  [Team A] Прыгун A3 (6,6,4) → MOVE (8,6,2)
  [Team A] Факел A4 (5,5,4) → MOVE (6,5,4)
  [Team A] Бурав A6 (3,4,4) → MOVE (4,5,3)
  [Team A] Провокатор A7 (2,9,7) → MOVE (3,8,6)
  [Team B] Бурав B6 (8,6,2) → MOVE (6,6,4)
  [Team B] Провокатор B7 (9,1,5) → HOLOGRAM (8,2,4)
  [Team B] Паук B8 (9,3,5) → MINE (8,4,4)
  [Team C] Артиллерия C1 (7,0,1) → SHOOT at (6,6,4)
  [Team C] Тишина C5 (5,5,5) → MOVE (6,6,4)
  [Team C] Факел C4 → SKIP
! 🎮 GM: принудительно завершает фазу планирования
GM: end_planning
# 
============================================================
# 🔄 ОБРАБОТКА ХОДА 12
# ============================================================
!    ⚠️ Провокатор B7: клетка (8,2,4) уже занята голограммой
!    ⚠️ Паук B8: в клетке уже стоит мина

📦 ПЕРЕМЕЩЕНИЯ:
✓    💥 Прыгун A3 тараном уничтожил Бурав B6 в (8,6,2)
   Прыгун A3: (6, 6, 4) → (8,6,2)
   Факел A4: (5, 5, 4) → (6,5,4)
!    ⚠️ Бурав A6: Бурав двигается только по 1 оси или по 2 осям строго диагонально
!    ⚠️ Провокатор A7: клетка (3,8,6) занята
   Тишина C5: (5, 5, 5) → (6,6,4)

🎯 ВЫСТРЕЛЫ:
   Выпущено ракет: 1
# 
📊 РЕЗУЛЬТАТЫ ХОДА 12:
🎯 Попаданий нет

--- Результаты хода ---
  Team A / Прыгун A3          → Team B / Бурав B6           @ (8,6,2)  (УБИТ)

--- Состояние команд после хода ---
  Team A: живых 4/8
    ✓ Прыгун A3          @ (8,6,2) hp=2/2
    ✓ Факел A4           @ (6,5,4) hp=6/6
    ✓ Бурав A6           @ (3,4,4) hp=4/4
    ✓ Провокатор A7      @ (2,9,7) hp=2/2
    ✗ Артиллерия A1      @ (5,4,7) [уничтожен]
    ✗ Радиовышка A2      @ (6,6,6) [уничтожен]
    ✗ Тишина A5          @ (9,6,7) [уничтожен]
    ✗ Паук A8            @ (9,5,7) [уничтожен]
  Team B: живых 2/8
    ✓ Провокатор B7      @ (9,1,5) hp=2/2
    ✓ Паук B8            @ (9,3,5) hp=1/1
    ✗ Артиллерия B1      @ (6,6,5) [уничтожен]
    ✗ Радиовышка B2      @ (8,6,3) [уничтожен]
    ✗ Прыгун B3          @ (3,6,3) [уничтожен]
    ✗ Факел B4           @ (0,8,5) [уничтожен]
    ✗ Тишина B5          @ (2,1,5) [уничтожен]
    ✗ Бурав B6           @ (8,6,2) [уничтожен]
  Team C: живых 3/8
    ✓ Артиллерия C1      @ (7,0,1) hp=1/1
    ✓ Факел C4           @ (7,1,1) hp=6/6
    ✓ Тишина C5          @ (6,6,4) hp=2/2
    ✗ Радиовышка C2      @ (2,1,4) [уничтожен]
    ✗ Прыгун C3          @ (2,1,2) [уничтожен]
    ✗ Бурав C6           @ (2,5,1) [уничтожен]
    ✗ Провокатор C7      @ (1,8,2) [уничтожен]
    ✗ Паук C8            @ (8,6,2) [уничтожен]

======================================================================
ХОД 13
======================================================================
✓ 🎮 GM: начинаем ход
GM: start_turn

--- Радиовышки: сканирование слоя Z ---
  (у команд не осталось живых радиовышек)

--- Решения ботов ---
  [Team A] Прыгун A3 (8,6,2) → MOVE (9,5,3)
  [Team A] Факел A4 (6,5,4) → MOVE (7,6,3)
  [Team A] Бурав A6 (3,4,4) → MOVE (4,3,5)
  [Team A] Провокатор A7 (2,9,7) → MOVE (3,8,6)
  [Team B] Провокатор B7 (9,1,5) → HOLOGRAM (8,2,4)
  [Team B] Паук B8 (9,3,5) → MINE (8,4,4)
  [Team C] Артиллерия C1 (7,0,1) → SHOOT at (8,6,2)
  [Team C] Тишина C5 (6,6,4) → MOVE (6,5,4)
  [Team C] Факел C4 → SKIP
! 🎮 GM: принудительно завершает фазу планирования
GM: end_planning
# 
============================================================
# 🔄 ОБРАБОТКА ХОДА 13
# ============================================================
!    ⚠️ Провокатор B7: клетка (8,2,4) уже занята голограммой
!    ⚠️ Паук B8: в клетке уже стоит мина

📦 ПЕРЕМЕЩЕНИЯ:
   Прыгун A3: (8, 6, 2) → (9,5,3)
!    💥 Мина M3 сработала под Прыгун A3 (урон 2) — КОРАБЛЬ УНИЧТОЖЕН
   Факел A4: (6, 5, 4) → (7,6,3)
!    💥 Мина M2 сработала под Факел A4 (урон 2)
!    ⚠️ Бурав A6: Бурав двигается только по 1 оси или по 2 осям строго диагонально
!    ⚠️ Провокатор A7: клетка (3,8,6) занята
   Тишина C5: (6, 6, 4) → (6,5,4)

🎯 ВЫСТРЕЛЫ:
   Выпущено ракет: 1
# 
📊 РЕЗУЛЬТАТЫ ХОДА 13:
🎯 Попаданий нет

--- Результаты хода ---
  ? / ?                  → Team A / Прыгун A3          @ (9,5,3)  (УБИТ)
  ? / ?                  → Team A / Факел A4           @ (7,6,3)  (ранен)

--- Состояние команд после хода ---
  Team A: живых 3/8
    ✓ Факел A4           @ (7,6,3) hp=4/6
    ✓ Бурав A6           @ (3,4,4) hp=4/4
    ✓ Провокатор A7      @ (2,9,7) hp=2/2
    ✗ Артиллерия A1      @ (5,4,7) [уничтожен]
    ✗ Радиовышка A2      @ (6,6,6) [уничтожен]
    ✗ Прыгун A3          @ (9,5,3) [уничтожен]
    ✗ Тишина A5          @ (9,6,7) [уничтожен]
    ✗ Паук A8            @ (9,5,7) [уничтожен]
  Team B: живых 2/8
    ✓ Провокатор B7      @ (9,1,5) hp=2/2
    ✓ Паук B8            @ (9,3,5) hp=1/1
    ✗ Артиллерия B1      @ (6,6,5) [уничтожен]
    ✗ Радиовышка B2      @ (8,6,3) [уничтожен]
    ✗ Прыгун B3          @ (3,6,3) [уничтожен]
    ✗ Факел B4           @ (0,8,5) [уничтожен]
    ✗ Тишина B5          @ (2,1,5) [уничтожен]
    ✗ Бурав B6           @ (8,6,2) [уничтожен]
  Team C: живых 3/8
    ✓ Артиллерия C1      @ (7,0,1) hp=1/1
    ✓ Факел C4           @ (7,1,1) hp=6/6
    ✓ Тишина C5          @ (6,5,4) hp=2/2
    ✗ Радиовышка C2      @ (2,1,4) [уничтожен]
    ✗ Прыгун C3          @ (2,1,2) [уничтожен]
    ✗ Бурав C6           @ (2,5,1) [уничтожен]
    ✗ Провокатор C7      @ (1,8,2) [уничтожен]
    ✗ Паук C8            @ (8,6,2) [уничтожен]

======================================================================
ХОД 14
======================================================================
✓ 🎮 GM: начинаем ход
GM: start_turn

--- Радиовышки: сканирование слоя Z ---
  (у команд не осталось живых радиовышек)

--- Решения ботов ---
  [Team A] Факел A4 (7,6,3) → HEAL (AoE)
  [Team A] Бурав A6 (3,4,4) → MOVE (4,3,5)
  [Team A] Провокатор A7 (2,9,7) → MOVE (3,8,6)
  [Team B] Провокатор B7 (9,1,5) → HOLOGRAM (8,2,4)
  [Team B] Паук B8 (9,3,5) → MINE (8,4,4)
  [Team C] Артиллерия C1 (7,0,1) → SHOOT at (9,3,5)
  [Team C] Тишина C5 (6,5,4) → MOVE (7,6,3)
  [Team C] Факел C4 → SKIP
! 🎮 GM: принудительно завершает фазу планирования
GM: end_planning
# 
============================================================
# 🔄 ОБРАБОТКА ХОДА 14
# ============================================================
!    ⚠️ Провокатор B7: клетка (8,2,4) уже занята голограммой
!    ⚠️ Паук B8: в клетке уже стоит мина

📦 ПЕРЕМЕЩЕНИЯ:
!    ⚠️ Бурав A6: Бурав двигается только по 1 оси или по 2 осям строго диагонально
!    ⚠️ Провокатор A7: клетка (3,8,6) занята
!    ⚠️ Тишина C5: клетка (7,6,3) занята

🎯 ВЫСТРЕЛЫ:
✓    ✅ Артиллерия C1 поразил Паук B8 (2 урона)!
✓    💚 Факел A4 лечит Факел A4 → hits=1/6
   Выпущено ракет: 1
# 
📊 РЕЗУЛЬТАТЫ ХОДА 14:
✓ 💥 ПОПАДАНИЯ:
✓    Артиллерия C1 (Team C) → Паук B8 (Team B)

--- Результаты хода ---
  Team C / Артиллерия C1      → Team B / Паук B8            @ (9,3,5)  (УБИТ)

--- Состояние команд после хода ---
  Team A: живых 3/8
    ✓ Факел A4           @ (7,6,3) hp=5/6
    ✓ Бурав A6           @ (3,4,4) hp=4/4
    ✓ Провокатор A7      @ (2,9,7) hp=2/2
    ✗ Артиллерия A1      @ (5,4,7) [уничтожен]
    ✗ Радиовышка A2      @ (6,6,6) [уничтожен]
    ✗ Прыгун A3          @ (9,5,3) [уничтожен]
    ✗ Тишина A5          @ (9,6,7) [уничтожен]
    ✗ Паук A8            @ (9,5,7) [уничтожен]
  Team B: живых 1/8
    ✓ Провокатор B7      @ (9,1,5) hp=2/2
    ✗ Артиллерия B1      @ (6,6,5) [уничтожен]
    ✗ Радиовышка B2      @ (8,6,3) [уничтожен]
    ✗ Прыгун B3          @ (3,6,3) [уничтожен]
    ✗ Факел B4           @ (0,8,5) [уничтожен]
    ✗ Тишина B5          @ (2,1,5) [уничтожен]
    ✗ Бурав B6           @ (8,6,2) [уничтожен]
    ✗ Паук B8            @ (9,3,5) [уничтожен]
  Team C: живых 3/8
    ✓ Артиллерия C1      @ (7,0,1) hp=1/1
    ✓ Факел C4           @ (7,1,1) hp=6/6
    ✓ Тишина C5          @ (6,5,4) hp=2/2
    ✗ Радиовышка C2      @ (2,1,4) [уничтожен]
    ✗ Прыгун C3          @ (2,1,2) [уничтожен]
    ✗ Бурав C6           @ (2,5,1) [уничтожен]
    ✗ Провокатор C7      @ (1,8,2) [уничтожен]
    ✗ Паук C8            @ (8,6,2) [уничтожен]

======================================================================
ХОД 15
======================================================================
✓ 🎮 GM: начинаем ход
GM: start_turn

--- Радиовышки: сканирование слоя Z ---
  (у команд не осталось живых радиовышек)

--- Решения ботов ---
  [Team A] Факел A4 (7,6,3) → HEAL (AoE)
  [Team A] Бурав A6 (3,4,4) → MOVE (4,5,5)
  [Team A] Провокатор A7 (2,9,7) → MOVE (3,8,6)
  [Team B] Провокатор B7 (9,1,5) → MOVE (8,2,4)
  [Team C] Артиллерия C1 (7,0,1) → SHOOT at (7,6,3)
  [Team C] Тишина C5 (6,5,4) → MOVE (7,6,3)
  [Team C] Факел C4 → SKIP
! 🎮 GM: принудительно завершает фазу планирования
GM: end_planning
# 
============================================================
# 🔄 ОБРАБОТКА ХОДА 15
# ============================================================

📦 ПЕРЕМЕЩЕНИЯ:
!    ⚠️ Бурав A6: Бурав двигается только по 1 оси или по 2 осям строго диагонально
!    ⚠️ Провокатор A7: клетка (3,8,6) занята
!    ⚠️ Провокатор B7: клетка (8,2,4) занята
!    ⚠️ Тишина C5: клетка (7,6,3) занята

🎯 ВЫСТРЕЛЫ:
✓    ✅ Артиллерия C1 поразил Факел A4 (2 урона)!
✓    💚 Факел A4 лечит Факел A4 → hits=2/6
   Выпущено ракет: 1
# 
📊 РЕЗУЛЬТАТЫ ХОДА 15:
✓ 💥 ПОПАДАНИЯ:
✓    Артиллерия C1 (Team C) → Факел A4 (Team A)

--- Результаты хода ---
  Team C / Артиллерия C1      → Team A / Факел A4           @ (7,6,3)  (ранен)

--- Состояние команд после хода ---
  Team A: живых 3/8
    ✓ Факел A4           @ (7,6,3) hp=4/6
    ✓ Бурав A6           @ (3,4,4) hp=4/4
    ✓ Провокатор A7      @ (2,9,7) hp=2/2
    ✗ Артиллерия A1      @ (5,4,7) [уничтожен]
    ✗ Радиовышка A2      @ (6,6,6) [уничтожен]
    ✗ Прыгун A3          @ (9,5,3) [уничтожен]
    ✗ Тишина A5          @ (9,6,7) [уничтожен]
    ✗ Паук A8            @ (9,5,7) [уничтожен]
  Team B: живых 1/8
    ✓ Провокатор B7      @ (9,1,5) hp=2/2
    ✗ Артиллерия B1      @ (6,6,5) [уничтожен]
    ✗ Радиовышка B2      @ (8,6,3) [уничтожен]
    ✗ Прыгун B3          @ (3,6,3) [уничтожен]
    ✗ Факел B4           @ (0,8,5) [уничтожен]
    ✗ Тишина B5          @ (2,1,5) [уничтожен]
    ✗ Бурав B6           @ (8,6,2) [уничтожен]
    ✗ Паук B8            @ (9,3,5) [уничтожен]
  Team C: живых 3/8
    ✓ Артиллерия C1      @ (7,0,1) hp=1/1
    ✓ Факел C4           @ (7,1,1) hp=6/6
    ✓ Тишина C5          @ (6,5,4) hp=2/2
    ✗ Радиовышка C2      @ (2,1,4) [уничтожен]
    ✗ Прыгун C3          @ (2,1,2) [уничтожен]
    ✗ Бурав C6           @ (2,5,1) [уничтожен]
    ✗ Провокатор C7      @ (1,8,2) [уничтожен]
    ✗ Паук C8            @ (8,6,2) [уничтожен]

======================================================================
ХОД 16
======================================================================
✓ 🎮 GM: начинаем ход
GM: start_turn

--- Радиовышки: сканирование слоя Z ---
  (у команд не осталось живых радиовышек)

--- Решения ботов ---
  [Team A] Факел A4 (7,6,3) → HEAL (AoE)
  [Team A] Бурав A6 (3,4,4) → MOVE (4,5,5)
  [Team A] Провокатор A7 (2,9,7) → MOVE (3,8,6)
  [Team B] Провокатор B7 (9,1,5) → MOVE (8,2,4)
  [Team C] Артиллерия C1 (7,0,1) → SHOOT at (7,6,3)
  [Team C] Тишина C5 (6,5,4) → MOVE (7,6,3)
  [Team C] Факел C4 → SKIP
! 🎮 GM: принудительно завершает фазу планирования
GM: end_planning
# 
============================================================
# 🔄 ОБРАБОТКА ХОДА 16
# ============================================================

📦 ПЕРЕМЕЩЕНИЯ:
!    ⚠️ Бурав A6: Бурав двигается только по 1 оси или по 2 осям строго диагонально
!    ⚠️ Провокатор A7: клетка (3,8,6) занята
!    ⚠️ Провокатор B7: клетка (8,2,4) занята
!    ⚠️ Тишина C5: клетка (7,6,3) занята

🎯 ВЫСТРЕЛЫ:
✓    ✅ Артиллерия C1 поразил Факел A4 (2 урона)!
✓    💚 Факел A4 лечит Факел A4 → hits=3/6
   Выпущено ракет: 1
# 
📊 РЕЗУЛЬТАТЫ ХОДА 16:
✓ 💥 ПОПАДАНИЯ:
✓    Артиллерия C1 (Team C) → Факел A4 (Team A)

--- Результаты хода ---
  Team C / Артиллерия C1      → Team A / Факел A4           @ (7,6,3)  (ранен)

--- Состояние команд после хода ---
  Team A: живых 3/8
    ✓ Факел A4           @ (7,6,3) hp=3/6
    ✓ Бурав A6           @ (3,4,4) hp=4/4
    ✓ Провокатор A7      @ (2,9,7) hp=2/2
    ✗ Артиллерия A1      @ (5,4,7) [уничтожен]
    ✗ Радиовышка A2      @ (6,6,6) [уничтожен]
    ✗ Прыгун A3          @ (9,5,3) [уничтожен]
    ✗ Тишина A5          @ (9,6,7) [уничтожен]
    ✗ Паук A8            @ (9,5,7) [уничтожен]
  Team B: живых 1/8
    ✓ Провокатор B7      @ (9,1,5) hp=2/2
    ✗ Артиллерия B1      @ (6,6,5) [уничтожен]
    ✗ Радиовышка B2      @ (8,6,3) [уничтожен]
    ✗ Прыгун B3          @ (3,6,3) [уничтожен]
    ✗ Факел B4           @ (0,8,5) [уничтожен]
    ✗ Тишина B5          @ (2,1,5) [уничтожен]
    ✗ Бурав B6           @ (8,6,2) [уничтожен]
    ✗ Паук B8            @ (9,3,5) [уничтожен]
  Team C: живых 3/8
    ✓ Артиллерия C1      @ (7,0,1) hp=1/1
    ✓ Факел C4           @ (7,1,1) hp=6/6
    ✓ Тишина C5          @ (6,5,4) hp=2/2
    ✗ Радиовышка C2      @ (2,1,4) [уничтожен]
    ✗ Прыгун C3          @ (2,1,2) [уничтожен]
    ✗ Бурав C6           @ (2,5,1) [уничтожен]
    ✗ Провокатор C7      @ (1,8,2) [уничтожен]
    ✗ Паук C8            @ (8,6,2) [уничтожен]

======================================================================
ХОД 17
======================================================================
✓ 🎮 GM: начинаем ход
GM: start_turn

--- Радиовышки: сканирование слоя Z ---
  (у команд не осталось живых радиовышек)

--- Решения ботов ---
  [Team A] Факел A4 (7,6,3) → HEAL (AoE)
  [Team A] Бурав A6 (3,4,4) → MOVE (4,5,5)
  [Team A] Провокатор A7 (2,9,7) → MOVE (3,8,6)
  [Team B] Провокатор B7 (9,1,5) → MOVE (8,2,4)
  [Team C] Артиллерия C1 (7,0,1) → SHOOT at (7,6,3)
  [Team C] Тишина C5 (6,5,4) → MOVE (7,6,3)
  [Team C] Факел C4 → SKIP
! 🎮 GM: принудительно завершает фазу планирования
GM: end_planning
# 
============================================================
# 🔄 ОБРАБОТКА ХОДА 17
# ============================================================

📦 ПЕРЕМЕЩЕНИЯ:
!    ⚠️ Бурав A6: Бурав двигается только по 1 оси или по 2 осям строго диагонально
!    ⚠️ Провокатор A7: клетка (3,8,6) занята
!    ⚠️ Провокатор B7: клетка (8,2,4) занята
!    ⚠️ Тишина C5: клетка (7,6,3) занята

🎯 ВЫСТРЕЛЫ:
✓    ✅ Артиллерия C1 поразил Факел A4 (2 урона)!
✓    💚 Факел A4 лечит Факел A4 → hits=4/6
   Выпущено ракет: 1
# 
📊 РЕЗУЛЬТАТЫ ХОДА 17:
✓ 💥 ПОПАДАНИЯ:
✓    Артиллерия C1 (Team C) → Факел A4 (Team A)

--- Результаты хода ---
  Team C / Артиллерия C1      → Team A / Факел A4           @ (7,6,3)  (ранен)

--- Состояние команд после хода ---
  Team A: живых 3/8
    ✓ Факел A4           @ (7,6,3) hp=2/6
    ✓ Бурав A6           @ (3,4,4) hp=4/4
    ✓ Провокатор A7      @ (2,9,7) hp=2/2
    ✗ Артиллерия A1      @ (5,4,7) [уничтожен]
    ✗ Радиовышка A2      @ (6,6,6) [уничтожен]
    ✗ Прыгун A3          @ (9,5,3) [уничтожен]
    ✗ Тишина A5          @ (9,6,7) [уничтожен]
    ✗ Паук A8            @ (9,5,7) [уничтожен]
  Team B: живых 1/8
    ✓ Провокатор B7      @ (9,1,5) hp=2/2
    ✗ Артиллерия B1      @ (6,6,5) [уничтожен]
    ✗ Радиовышка B2      @ (8,6,3) [уничтожен]
    ✗ Прыгун B3          @ (3,6,3) [уничтожен]
    ✗ Факел B4           @ (0,8,5) [уничтожен]
    ✗ Тишина B5          @ (2,1,5) [уничтожен]
    ✗ Бурав B6           @ (8,6,2) [уничтожен]
    ✗ Паук B8            @ (9,3,5) [уничтожен]
  Team C: живых 3/8
    ✓ Артиллерия C1      @ (7,0,1) hp=1/1
    ✓ Факел C4           @ (7,1,1) hp=6/6
    ✓ Тишина C5          @ (6,5,4) hp=2/2
    ✗ Радиовышка C2      @ (2,1,4) [уничтожен]
    ✗ Прыгун C3          @ (2,1,2) [уничтожен]
    ✗ Бурав C6           @ (2,5,1) [уничтожен]
    ✗ Провокатор C7      @ (1,8,2) [уничтожен]
    ✗ Паук C8            @ (8,6,2) [уничтожен]

======================================================================
ХОД 18
======================================================================
✓ 🎮 GM: начинаем ход
GM: start_turn

--- Радиовышки: сканирование слоя Z ---
  (у команд не осталось живых радиовышек)

--- Решения ботов ---
  [Team A] Факел A4 (7,6,3) → HEAL (AoE)
  [Team A] Бурав A6 (3,4,4) → MOVE (4,5,5)
  [Team A] Провокатор A7 (2,9,7) → MOVE (3,8,6)
  [Team B] Провокатор B7 (9,1,5) → MOVE (8,2,4)
  [Team C] Артиллерия C1 (7,0,1) → SHOOT at (7,6,3)
  [Team C] Тишина C5 (6,5,4) → MOVE (7,6,3)
  [Team C] Факел C4 → SKIP
! 🎮 GM: принудительно завершает фазу планирования
GM: end_planning
# 
============================================================
# 🔄 ОБРАБОТКА ХОДА 18
# ============================================================

📦 ПЕРЕМЕЩЕНИЯ:
!    ⚠️ Бурав A6: Бурав двигается только по 1 оси или по 2 осям строго диагонально
!    ⚠️ Провокатор A7: клетка (3,8,6) занята
!    ⚠️ Провокатор B7: клетка (8,2,4) занята
!    ⚠️ Тишина C5: клетка (7,6,3) занята

🎯 ВЫСТРЕЛЫ:
✓    ✅ Артиллерия C1 поразил Факел A4 (2 урона)!
   Выпущено ракет: 1
# 
📊 РЕЗУЛЬТАТЫ ХОДА 18:
✓ 💥 ПОПАДАНИЯ:
✓    Артиллерия C1 (Team C) → Факел A4 (Team A)

--- Результаты хода ---
  Team C / Артиллерия C1      → Team A / Факел A4           @ (7,6,3)  (УБИТ)

--- Состояние команд после хода ---
  Team A: живых 2/8
    ✓ Бурав A6           @ (3,4,4) hp=4/4
    ✓ Провокатор A7      @ (2,9,7) hp=2/2
    ✗ Артиллерия A1      @ (5,4,7) [уничтожен]
    ✗ Радиовышка A2      @ (6,6,6) [уничтожен]
    ✗ Прыгун A3          @ (9,5,3) [уничтожен]
    ✗ Факел A4           @ (7,6,3) [уничтожен]
    ✗ Тишина A5          @ (9,6,7) [уничтожен]
    ✗ Паук A8            @ (9,5,7) [уничтожен]
  Team B: живых 1/8
    ✓ Провокатор B7      @ (9,1,5) hp=2/2
    ✗ Артиллерия B1      @ (6,6,5) [уничтожен]
    ✗ Радиовышка B2      @ (8,6,3) [уничтожен]
    ✗ Прыгун B3          @ (3,6,3) [уничтожен]
    ✗ Факел B4           @ (0,8,5) [уничтожен]
    ✗ Тишина B5          @ (2,1,5) [уничтожен]
    ✗ Бурав B6           @ (8,6,2) [уничтожен]
    ✗ Паук B8            @ (9,3,5) [уничтожен]
  Team C: живых 3/8
    ✓ Артиллерия C1      @ (7,0,1) hp=1/1
    ✓ Факел C4           @ (7,1,1) hp=6/6
    ✓ Тишина C5          @ (6,5,4) hp=2/2
    ✗ Радиовышка C2      @ (2,1,4) [уничтожен]
    ✗ Прыгун C3          @ (2,1,2) [уничтожен]
    ✗ Бурав C6           @ (2,5,1) [уничтожен]
    ✗ Провокатор C7      @ (1,8,2) [уничтожен]
    ✗ Паук C8            @ (8,6,2) [уничтожен]

======================================================================
ХОД 19
======================================================================
✓ 🎮 GM: начинаем ход
GM: start_turn

--- Радиовышки: сканирование слоя Z ---
  (у команд не осталось живых радиовышек)

--- Решения ботов ---
  [Team A] Бурав A6 (3,4,4) → MOVE (4,5,5)
  [Team A] Провокатор A7 (2,9,7) → MOVE (3,8,6)
  [Team B] Провокатор B7 (9,1,5) → MOVE (8,2,5)
  [Team C] Артиллерия C1 (7,0,1) → SHOOT at (3,4,4)
  [Team C] Тишина C5 (6,5,4) → PHASE toggle
  [Team C] Факел C4 → SKIP
! 🎮 GM: принудительно завершает фазу планирования
GM: end_planning
# 
============================================================
# 🔄 ОБРАБОТКА ХОДА 19
# ============================================================
   🌀 Тишина C5: фаза ВЫКЛ

📦 ПЕРЕМЕЩЕНИЯ:
!    ⚠️ Бурав A6: Бурав двигается только по 1 оси или по 2 осям строго диагонально
!    ⚠️ Провокатор A7: клетка (3,8,6) занята
!    ⚠️ Провокатор B7: клетка (8,2,5) занята

🎯 ВЫСТРЕЛЫ:
✓    ✅ Артиллерия C1 поразил Бурав A6 (2 урона)!
   Выпущено ракет: 1
# 
📊 РЕЗУЛЬТАТЫ ХОДА 19:
✓ 💥 ПОПАДАНИЯ:
✓    Артиллерия C1 (Team C) → Бурав A6 (Team A)

--- Результаты хода ---
  Team C / Артиллерия C1      → Team A / Бурав A6           @ (3,4,4)  (ранен)

--- Состояние команд после хода ---
  Team A: живых 2/8
    ✓ Бурав A6           @ (3,4,4) hp=2/4
    ✓ Провокатор A7      @ (2,9,7) hp=2/2
    ✗ Артиллерия A1      @ (5,4,7) [уничтожен]
    ✗ Радиовышка A2      @ (6,6,6) [уничтожен]
    ✗ Прыгун A3          @ (9,5,3) [уничтожен]
    ✗ Факел A4           @ (7,6,3) [уничтожен]
    ✗ Тишина A5          @ (9,6,7) [уничтожен]
    ✗ Паук A8            @ (9,5,7) [уничтожен]
  Team B: живых 1/8
    ✓ Провокатор B7      @ (9,1,5) hp=2/2
    ✗ Артиллерия B1      @ (6,6,5) [уничтожен]
    ✗ Радиовышка B2      @ (8,6,3) [уничтожен]
    ✗ Прыгун B3          @ (3,6,3) [уничтожен]
    ✗ Факел B4           @ (0,8,5) [уничтожен]
    ✗ Тишина B5          @ (2,1,5) [уничтожен]
    ✗ Бурав B6           @ (8,6,2) [уничтожен]
    ✗ Паук B8            @ (9,3,5) [уничтожен]
  Team C: живых 3/8
    ✓ Артиллерия C1      @ (7,0,1) hp=1/1
    ✓ Факел C4           @ (7,1,1) hp=6/6
    ✓ Тишина C5          @ (6,5,4) hp=2/2
    ✗ Радиовышка C2      @ (2,1,4) [уничтожен]
    ✗ Прыгун C3          @ (2,1,2) [уничтожен]
    ✗ Бурав C6           @ (2,5,1) [уничтожен]
    ✗ Провокатор C7      @ (1,8,2) [уничтожен]
    ✗ Паук C8            @ (8,6,2) [уничтожен]

======================================================================
ХОД 20
======================================================================
✓ 🎮 GM: начинаем ход
GM: start_turn

--- Радиовышки: сканирование слоя Z ---
  (у команд не осталось живых радиовышек)

--- Решения ботов ---
  [Team A] Бурав A6 (3,4,4) → MOVE (4,5,4)
  [Team A] Провокатор A7 (2,9,7) → HOLOGRAM (3,8,6)
  [Team B] Провокатор B7 (9,1,5) → MOVE (8,2,5)
  [Team C] Артиллерия C1 (7,0,1) → SHOOT at (3,4,4)
  [Team C] Тишина C5 (6,5,4) → MOVE (5,4,4)
  [Team C] Факел C4 → SKIP
! 🎮 GM: принудительно завершает фазу планирования
GM: end_planning
# 
============================================================
# 🔄 ОБРАБОТКА ХОДА 20
# ============================================================
!    ⚠️ Провокатор A7: клетка (3,8,6) уже занята голограммой

📦 ПЕРЕМЕЩЕНИЯ:
   Бурав A6: (3, 4, 4) → (4,5,4)
!    ⚠️ Провокатор B7: клетка (8,2,5) занята
   Тишина C5: (6, 5, 4) → (5,4,4)

🎯 ВЫСТРЕЛЫ:
   Выпущено ракет: 1
# 
📊 РЕЗУЛЬТАТЫ ХОДА 20:
🎯 Попаданий нет

--- Результаты хода ---
  Попаданий нет

--- Состояние команд после хода ---
  Team A: живых 2/8
    ✓ Бурав A6           @ (4,5,4) hp=2/4
    ✓ Провокатор A7      @ (2,9,7) hp=2/2
    ✗ Артиллерия A1      @ (5,4,7) [уничтожен]
    ✗ Радиовышка A2      @ (6,6,6) [уничтожен]
    ✗ Прыгун A3          @ (9,5,3) [уничтожен]
    ✗ Факел A4           @ (7,6,3) [уничтожен]
    ✗ Тишина A5          @ (9,6,7) [уничтожен]
    ✗ Паук A8            @ (9,5,7) [уничтожен]
  Team B: живых 1/8
    ✓ Провокатор B7      @ (9,1,5) hp=2/2
    ✗ Артиллерия B1      @ (6,6,5) [уничтожен]
    ✗ Радиовышка B2      @ (8,6,3) [уничтожен]
    ✗ Прыгун B3          @ (3,6,3) [уничтожен]
    ✗ Факел B4           @ (0,8,5) [уничтожен]
    ✗ Тишина B5          @ (2,1,5) [уничтожен]
    ✗ Бурав B6           @ (8,6,2) [уничтожен]
    ✗ Паук B8            @ (9,3,5) [уничтожен]
  Team C: живых 3/8
    ✓ Артиллерия C1      @ (7,0,1) hp=1/1
    ✓ Факел C4           @ (7,1,1) hp=6/6
    ✓ Тишина C5          @ (5,4,4) hp=2/2
    ✗ Радиовышка C2      @ (2,1,4) [уничтожен]
    ✗ Прыгун C3          @ (2,1,2) [уничтожен]
    ✗ Бурав C6           @ (2,5,1) [уничтожен]
    ✗ Провокатор C7      @ (1,8,2) [уничтожен]
    ✗ Паук C8            @ (8,6,2) [уничтожен]

======================================================================
ХОД 21
======================================================================
✓ 🎮 GM: начинаем ход
GM: start_turn

--- Радиовышки: сканирование слоя Z ---
  (у команд не осталось живых радиовышек)

--- Решения ботов ---
  [Team A] Бурав A6 (4,5,4) → MOVE (5,4,4)
  [Team A] Провокатор A7 (2,9,7) → HOLOGRAM (3,8,6)
  [Team B] Провокатор B7 (9,1,5) → MOVE (8,2,5)
  [Team C] Артиллерия C1 (7,0,1) → SHOOT at (4,5,4)
  [Team C] Тишина C5 (5,4,4) → MOVE (4,5,4)
  [Team C] Факел C4 → SKIP
! 🎮 GM: принудительно завершает фазу планирования
GM: end_planning
# 
============================================================
# 🔄 ОБРАБОТКА ХОДА 21
# ============================================================
!    ⚠️ Провокатор A7: клетка (3,8,6) уже занята голограммой

📦 ПЕРЕМЕЩЕНИЯ:
✓    💥 Бурав A6 тараном уничтожил Тишина C5 в (5,4,4)
   Бурав A6: (4, 5, 4) → (5,4,4)
!    ⚠️ Провокатор B7: клетка (8,2,5) занята

🎯 ВЫСТРЕЛЫ:
   Выпущено ракет: 1
# 
📊 РЕЗУЛЬТАТЫ ХОДА 21:
🎯 Попаданий нет

--- Результаты хода ---
  Team A / Бурав A6           → Team C / Тишина C5          @ (5,4,4)  (УБИТ)

--- Состояние команд после хода ---
  Team A: живых 2/8
    ✓ Бурав A6           @ (5,4,4) hp=2/4
    ✓ Провокатор A7      @ (2,9,7) hp=2/2
    ✗ Артиллерия A1      @ (5,4,7) [уничтожен]
    ✗ Радиовышка A2      @ (6,6,6) [уничтожен]
    ✗ Прыгун A3          @ (9,5,3) [уничтожен]
    ✗ Факел A4           @ (7,6,3) [уничтожен]
    ✗ Тишина A5          @ (9,6,7) [уничтожен]
    ✗ Паук A8            @ (9,5,7) [уничтожен]
  Team B: живых 1/8
    ✓ Провокатор B7      @ (9,1,5) hp=2/2
    ✗ Артиллерия B1      @ (6,6,5) [уничтожен]
    ✗ Радиовышка B2      @ (8,6,3) [уничтожен]
    ✗ Прыгун B3          @ (3,6,3) [уничтожен]
    ✗ Факел B4           @ (0,8,5) [уничтожен]
    ✗ Тишина B5          @ (2,1,5) [уничтожен]
    ✗ Бурав B6           @ (8,6,2) [уничтожен]
    ✗ Паук B8            @ (9,3,5) [уничтожен]
  Team C: живых 2/8
    ✓ Артиллерия C1      @ (7,0,1) hp=1/1
    ✓ Факел C4           @ (7,1,1) hp=6/6
    ✗ Радиовышка C2      @ (2,1,4) [уничтожен]
    ✗ Прыгун C3          @ (2,1,2) [уничтожен]
    ✗ Тишина C5          @ (5,4,4) [уничтожен]
    ✗ Бурав C6           @ (2,5,1) [уничтожен]
    ✗ Провокатор C7      @ (1,8,2) [уничтожен]
    ✗ Паук C8            @ (8,6,2) [уничтожен]

======================================================================
ХОД 22
======================================================================
✓ 🎮 GM: начинаем ход
GM: start_turn

--- Радиовышки: сканирование слоя Z ---
  (у команд не осталось живых радиовышек)

--- Решения ботов ---
  [Team A] Бурав A6 (5,4,4) → MOVE (6,3,3)
  [Team A] Провокатор A7 (2,9,7) → MOVE (3,8,6)
  [Team B] Провокатор B7 (9,1,5) → MOVE (8,2,5)
  [Team C] Артиллерия C1 (7,0,1) → SHOOT at (5,4,4)
  [Team C] Факел C4 → SKIP
! 🎮 GM: принудительно завершает фазу планирования
GM: end_planning
# 
============================================================
# 🔄 ОБРАБОТКА ХОДА 22
# ============================================================

📦 ПЕРЕМЕЩЕНИЯ:
!    ⚠️ Бурав A6: Бурав двигается только по 1 оси или по 2 осям строго диагонально
!    ⚠️ Провокатор A7: клетка (3,8,6) занята
!    ⚠️ Провокатор B7: клетка (8,2,5) занята

🎯 ВЫСТРЕЛЫ:
✓    ✅ Артиллерия C1 поразил Бурав A6 (2 урона)!
   Выпущено ракет: 1
# 
📊 РЕЗУЛЬТАТЫ ХОДА 22:
✓ 💥 ПОПАДАНИЯ:
✓    Артиллерия C1 (Team C) → Бурав A6 (Team A)

--- Результаты хода ---
  Team C / Артиллерия C1      → Team A / Бурав A6           @ (5,4,4)  (УБИТ)

--- Состояние команд после хода ---
  Team A: живых 1/8
    ✓ Провокатор A7      @ (2,9,7) hp=2/2
    ✗ Артиллерия A1      @ (5,4,7) [уничтожен]
    ✗ Радиовышка A2      @ (6,6,6) [уничтожен]
    ✗ Прыгун A3          @ (9,5,3) [уничтожен]
    ✗ Факел A4           @ (7,6,3) [уничтожен]
    ✗ Тишина A5          @ (9,6,7) [уничтожен]
    ✗ Бурав A6           @ (5,4,4) [уничтожен]
    ✗ Паук A8            @ (9,5,7) [уничтожен]
  Team B: живых 1/8
    ✓ Провокатор B7      @ (9,1,5) hp=2/2
    ✗ Артиллерия B1      @ (6,6,5) [уничтожен]
    ✗ Радиовышка B2      @ (8,6,3) [уничтожен]
    ✗ Прыгун B3          @ (3,6,3) [уничтожен]
    ✗ Факел B4           @ (0,8,5) [уничтожен]
    ✗ Тишина B5          @ (2,1,5) [уничтожен]
    ✗ Бурав B6           @ (8,6,2) [уничтожен]
    ✗ Паук B8            @ (9,3,5) [уничтожен]
  Team C: живых 2/8
    ✓ Артиллерия C1      @ (7,0,1) hp=1/1
    ✓ Факел C4           @ (7,1,1) hp=6/6
    ✗ Радиовышка C2      @ (2,1,4) [уничтожен]
    ✗ Прыгун C3          @ (2,1,2) [уничтожен]
    ✗ Тишина C5          @ (5,4,4) [уничтожен]
    ✗ Бурав C6           @ (2,5,1) [уничтожен]
    ✗ Провокатор C7      @ (1,8,2) [уничтожен]
    ✗ Паук C8            @ (8,6,2) [уничтожен]

======================================================================
ХОД 23
======================================================================
✓ 🎮 GM: начинаем ход
GM: start_turn

--- Радиовышки: сканирование слоя Z ---
  (у команд не осталось живых радиовышек)

--- Решения ботов ---
  [Team A] Провокатор A7 (2,9,7) → MOVE (3,8,6)
  [Team B] Провокатор B7 (9,1,5) → MOVE (8,2,5)
  [Team C] Артиллерия C1 (7,0,1) → SHOOT at (9,4,9)
  [Team C] Факел C4 → SKIP
! 🎮 GM: принудительно завершает фазу планирования
GM: end_planning
# 
============================================================
# 🔄 ОБРАБОТКА ХОДА 23
# ============================================================

📦 ПЕРЕМЕЩЕНИЯ:
!    ⚠️ Провокатор A7: клетка (3,8,6) занята
!    ⚠️ Провокатор B7: клетка (8,2,5) занята

🎯 ВЫСТРЕЛЫ:
   Выпущено ракет: 1
# 
📊 РЕЗУЛЬТАТЫ ХОДА 23:
🎯 Попаданий нет

--- Результаты хода ---
  Попаданий нет

--- Состояние команд после хода ---
  Team A: живых 1/8
    ✓ Провокатор A7      @ (2,9,7) hp=2/2
    ✗ Артиллерия A1      @ (5,4,7) [уничтожен]
    ✗ Радиовышка A2      @ (6,6,6) [уничтожен]
    ✗ Прыгун A3          @ (9,5,3) [уничтожен]
    ✗ Факел A4           @ (7,6,3) [уничтожен]
    ✗ Тишина A5          @ (9,6,7) [уничтожен]
    ✗ Бурав A6           @ (5,4,4) [уничтожен]
    ✗ Паук A8            @ (9,5,7) [уничтожен]
  Team B: живых 1/8
    ✓ Провокатор B7      @ (9,1,5) hp=2/2
    ✗ Артиллерия B1      @ (6,6,5) [уничтожен]
    ✗ Радиовышка B2      @ (8,6,3) [уничтожен]
    ✗ Прыгун B3          @ (3,6,3) [уничтожен]
    ✗ Факел B4           @ (0,8,5) [уничтожен]
    ✗ Тишина B5          @ (2,1,5) [уничтожен]
    ✗ Бурав B6           @ (8,6,2) [уничтожен]
    ✗ Паук B8            @ (9,3,5) [уничтожен]
  Team C: живых 2/8
    ✓ Артиллерия C1      @ (7,0,1) hp=1/1
    ✓ Факел C4           @ (7,1,1) hp=6/6
    ✗ Радиовышка C2      @ (2,1,4) [уничтожен]
    ✗ Прыгун C3          @ (2,1,2) [уничтожен]
    ✗ Тишина C5          @ (5,4,4) [уничтожен]
    ✗ Бурав C6           @ (2,5,1) [уничтожен]
    ✗ Провокатор C7      @ (1,8,2) [уничтожен]
    ✗ Паук C8            @ (8,6,2) [уничтожен]

======================================================================
ХОД 24
======================================================================
✓ 🎮 GM: начинаем ход
GM: start_turn

--- Радиовышки: сканирование слоя Z ---
  (у команд не осталось живых радиовышек)

--- Решения ботов ---
  [Team A] Провокатор A7 (2,9,7) → MOVE (3,8,6)
  [Team B] Провокатор B7 (9,1,5) → MOVE (8,2,5)
  [Team C] Артиллерия C1 (7,0,1) → SHOOT at (9,4,9)
  [Team C] Факел C4 → SKIP
! 🎮 GM: принудительно завершает фазу планирования
GM: end_planning
# 
============================================================
# 🔄 ОБРАБОТКА ХОДА 24
# ============================================================

📦 ПЕРЕМЕЩЕНИЯ:
!    ⚠️ Провокатор A7: клетка (3,8,6) занята
!    ⚠️ Провокатор B7: клетка (8,2,5) занята

🎯 ВЫСТРЕЛЫ:
   Выпущено ракет: 1
# 
📊 РЕЗУЛЬТАТЫ ХОДА 24:
🎯 Попаданий нет

--- Результаты хода ---
  Попаданий нет

--- Состояние команд после хода ---
  Team A: живых 1/8
    ✓ Провокатор A7      @ (2,9,7) hp=2/2
    ✗ Артиллерия A1      @ (5,4,7) [уничтожен]
    ✗ Радиовышка A2      @ (6,6,6) [уничтожен]
    ✗ Прыгун A3          @ (9,5,3) [уничтожен]
    ✗ Факел A4           @ (7,6,3) [уничтожен]
    ✗ Тишина A5          @ (9,6,7) [уничтожен]
    ✗ Бурав A6           @ (5,4,4) [уничтожен]
    ✗ Паук A8            @ (9,5,7) [уничтожен]
  Team B: живых 1/8
    ✓ Провокатор B7      @ (9,1,5) hp=2/2
    ✗ Артиллерия B1      @ (6,6,5) [уничтожен]
    ✗ Радиовышка B2      @ (8,6,3) [уничтожен]
    ✗ Прыгун B3          @ (3,6,3) [уничтожен]
    ✗ Факел B4           @ (0,8,5) [уничтожен]
    ✗ Тишина B5          @ (2,1,5) [уничтожен]
    ✗ Бурав B6           @ (8,6,2) [уничтожен]
    ✗ Паук B8            @ (9,3,5) [уничтожен]
  Team C: живых 2/8
    ✓ Артиллерия C1      @ (7,0,1) hp=1/1
    ✓ Факел C4           @ (7,1,1) hp=6/6
    ✗ Радиовышка C2      @ (2,1,4) [уничтожен]
    ✗ Прыгун C3          @ (2,1,2) [уничтожен]
    ✗ Тишина C5          @ (5,4,4) [уничтожен]
    ✗ Бурав C6           @ (2,5,1) [уничтожен]
    ✗ Провокатор C7      @ (1,8,2) [уничтожен]
    ✗ Паук C8            @ (8,6,2) [уничтожен]

======================================================================
ХОД 25
======================================================================
✓ 🎮 GM: начинаем ход
GM: start_turn

--- Радиовышки: сканирование слоя Z ---
  (у команд не осталось живых радиовышек)

--- Решения ботов ---
  [Team A] Провокатор A7 (2,9,7) → MOVE (3,8,6)
  [Team B] Провокатор B7 (9,1,5) → MOVE (8,2,5)
  [Team C] Артиллерия C1 (7,0,1) → SHOOT at (9,9,8)
  [Team C] Факел C4 → SKIP
! 🎮 GM: принудительно завершает фазу планирования
GM: end_planning
# 
============================================================
# 🔄 ОБРАБОТКА ХОДА 25
# ============================================================

📦 ПЕРЕМЕЩЕНИЯ:
!    ⚠️ Провокатор A7: клетка (3,8,6) занята
!    ⚠️ Провокатор B7: клетка (8,2,5) занята

🎯 ВЫСТРЕЛЫ:
   Выпущено ракет: 1
# 
📊 РЕЗУЛЬТАТЫ ХОДА 25:
🎯 Попаданий нет

--- Результаты хода ---
  Попаданий нет

--- Состояние команд после хода ---
  Team A: живых 1/8
    ✓ Провокатор A7      @ (2,9,7) hp=2/2
    ✗ Артиллерия A1      @ (5,4,7) [уничтожен]
    ✗ Радиовышка A2      @ (6,6,6) [уничтожен]
    ✗ Прыгун A3          @ (9,5,3) [уничтожен]
    ✗ Факел A4           @ (7,6,3) [уничтожен]
    ✗ Тишина A5          @ (9,6,7) [уничтожен]
    ✗ Бурав A6           @ (5,4,4) [уничтожен]
    ✗ Паук A8            @ (9,5,7) [уничтожен]
  Team B: живых 1/8
    ✓ Провокатор B7      @ (9,1,5) hp=2/2
    ✗ Артиллерия B1      @ (6,6,5) [уничтожен]
    ✗ Радиовышка B2      @ (8,6,3) [уничтожен]
    ✗ Прыгун B3          @ (3,6,3) [уничтожен]
    ✗ Факел B4           @ (0,8,5) [уничтожен]
    ✗ Тишина B5          @ (2,1,5) [уничтожен]
    ✗ Бурав B6           @ (8,6,2) [уничтожен]
    ✗ Паук B8            @ (9,3,5) [уничтожен]
  Team C: живых 2/8
    ✓ Артиллерия C1      @ (7,0,1) hp=1/1
    ✓ Факел C4           @ (7,1,1) hp=6/6
    ✗ Радиовышка C2      @ (2,1,4) [уничтожен]
    ✗ Прыгун C3          @ (2,1,2) [уничтожен]
    ✗ Тишина C5          @ (5,4,4) [уничтожен]
    ✗ Бурав C6           @ (2,5,1) [уничтожен]
    ✗ Провокатор C7      @ (1,8,2) [уничтожен]
    ✗ Паук C8            @ (8,6,2) [уничтожен]

======================================================================
ХОД 26
======================================================================
✓ 🎮 GM: начинаем ход
GM: start_turn

--- Радиовышки: сканирование слоя Z ---
  (у команд не осталось живых радиовышек)

--- Решения ботов ---
  [Team A] Провокатор A7 (2,9,7) → MOVE (3,8,6)
  [Team B] Провокатор B7 (9,1,5) → MOVE (8,2,5)
  [Team C] Артиллерия C1 (7,0,1) → SHOOT at (9,9,9)
  [Team C] Факел C4 → SKIP
! 🎮 GM: принудительно завершает фазу планирования
GM: end_planning
# 
============================================================
# 🔄 ОБРАБОТКА ХОДА 26
# ============================================================

📦 ПЕРЕМЕЩЕНИЯ:
!    ⚠️ Провокатор A7: клетка (3,8,6) занята
!    ⚠️ Провокатор B7: клетка (8,2,5) занята

🎯 ВЫСТРЕЛЫ:
   Выпущено ракет: 1
# 
📊 РЕЗУЛЬТАТЫ ХОДА 26:
🎯 Попаданий нет

--- Результаты хода ---
  Попаданий нет

--- Состояние команд после хода ---
  Team A: живых 1/8
    ✓ Провокатор A7      @ (2,9,7) hp=2/2
    ✗ Артиллерия A1      @ (5,4,7) [уничтожен]
    ✗ Радиовышка A2      @ (6,6,6) [уничтожен]
    ✗ Прыгун A3          @ (9,5,3) [уничтожен]
    ✗ Факел A4           @ (7,6,3) [уничтожен]
    ✗ Тишина A5          @ (9,6,7) [уничтожен]
    ✗ Бурав A6           @ (5,4,4) [уничтожен]
    ✗ Паук A8            @ (9,5,7) [уничтожен]
  Team B: живых 1/8
    ✓ Провокатор B7      @ (9,1,5) hp=2/2
    ✗ Артиллерия B1      @ (6,6,5) [уничтожен]
    ✗ Радиовышка B2      @ (8,6,3) [уничтожен]
    ✗ Прыгун B3          @ (3,6,3) [уничтожен]
    ✗ Факел B4           @ (0,8,5) [уничтожен]
    ✗ Тишина B5          @ (2,1,5) [уничтожен]
    ✗ Бурав B6           @ (8,6,2) [уничтожен]
    ✗ Паук B8            @ (9,3,5) [уничтожен]
  Team C: живых 2/8
    ✓ Артиллерия C1      @ (7,0,1) hp=1/1
    ✓ Факел C4           @ (7,1,1) hp=6/6
    ✗ Радиовышка C2      @ (2,1,4) [уничтожен]
    ✗ Прыгун C3          @ (2,1,2) [уничтожен]
    ✗ Тишина C5          @ (5,4,4) [уничтожен]
    ✗ Бурав C6           @ (2,5,1) [уничтожен]
    ✗ Провокатор C7      @ (1,8,2) [уничтожен]
    ✗ Паук C8            @ (8,6,2) [уничтожен]

======================================================================
ХОД 27
======================================================================
✓ 🎮 GM: начинаем ход
GM: start_turn

--- Радиовышки: сканирование слоя Z ---
  (у команд не осталось живых радиовышек)

--- Решения ботов ---
  [Team A] Провокатор A7 (2,9,7) → MOVE (3,8,6)
  [Team B] Провокатор B7 (9,1,5) → MOVE (8,2,5)
  [Team C] Артиллерия C1 (7,0,1) → SHOOT at (0,0,0)
  [Team C] Факел C4 → SKIP
! 🎮 GM: принудительно завершает фазу планирования
GM: end_planning
# 
============================================================
# 🔄 ОБРАБОТКА ХОДА 27
# ============================================================

📦 ПЕРЕМЕЩЕНИЯ:
!    ⚠️ Провокатор A7: клетка (3,8,6) занята
!    ⚠️ Провокатор B7: клетка (8,2,5) занята

🎯 ВЫСТРЕЛЫ:
   Выпущено ракет: 1
# 
📊 РЕЗУЛЬТАТЫ ХОДА 27:
🎯 Попаданий нет

--- Результаты хода ---
  Попаданий нет

--- Состояние команд после хода ---
  Team A: живых 1/8
    ✓ Провокатор A7      @ (2,9,7) hp=2/2
    ✗ Артиллерия A1      @ (5,4,7) [уничтожен]
    ✗ Радиовышка A2      @ (6,6,6) [уничтожен]
    ✗ Прыгун A3          @ (9,5,3) [уничтожен]
    ✗ Факел A4           @ (7,6,3) [уничтожен]
    ✗ Тишина A5          @ (9,6,7) [уничтожен]
    ✗ Бурав A6           @ (5,4,4) [уничтожен]
    ✗ Паук A8            @ (9,5,7) [уничтожен]
  Team B: живых 1/8
    ✓ Провокатор B7      @ (9,1,5) hp=2/2
    ✗ Артиллерия B1      @ (6,6,5) [уничтожен]
    ✗ Радиовышка B2      @ (8,6,3) [уничтожен]
    ✗ Прыгун B3          @ (3,6,3) [уничтожен]
    ✗ Факел B4           @ (0,8,5) [уничтожен]
    ✗ Тишина B5          @ (2,1,5) [уничтожен]
    ✗ Бурав B6           @ (8,6,2) [уничтожен]
    ✗ Паук B8            @ (9,3,5) [уничтожен]
  Team C: живых 2/8
    ✓ Артиллерия C1      @ (7,0,1) hp=1/1
    ✓ Факел C4           @ (7,1,1) hp=6/6
    ✗ Радиовышка C2      @ (2,1,4) [уничтожен]
    ✗ Прыгун C3          @ (2,1,2) [уничтожен]
    ✗ Тишина C5          @ (5,4,4) [уничтожен]
    ✗ Бурав C6           @ (2,5,1) [уничтожен]
    ✗ Провокатор C7      @ (1,8,2) [уничтожен]
    ✗ Паук C8            @ (8,6,2) [уничтожен]

======================================================================
ХОД 28
======================================================================
✓ 🎮 GM: начинаем ход
GM: start_turn

--- Радиовышки: сканирование слоя Z ---
  (у команд не осталось живых радиовышек)

--- Решения ботов ---
  [Team A] Провокатор A7 (2,9,7) → MOVE (3,8,6)
  [Team B] Провокатор B7 (9,1,5) → MOVE (8,2,5)
  [Team C] Артиллерия C1 (7,0,1) → SHOOT at (9,4,8)
  [Team C] Факел C4 → SKIP
! 🎮 GM: принудительно завершает фазу планирования
GM: end_planning
# 
============================================================
# 🔄 ОБРАБОТКА ХОДА 28
# ============================================================

📦 ПЕРЕМЕЩЕНИЯ:
!    ⚠️ Провокатор A7: клетка (3,8,6) занята
!    ⚠️ Провокатор B7: клетка (8,2,5) занята

🎯 ВЫСТРЕЛЫ:
   Выпущено ракет: 1
# 
📊 РЕЗУЛЬТАТЫ ХОДА 28:
🎯 Попаданий нет

--- Результаты хода ---
  Попаданий нет

--- Состояние команд после хода ---
  Team A: живых 1/8
    ✓ Провокатор A7      @ (2,9,7) hp=2/2
    ✗ Артиллерия A1      @ (5,4,7) [уничтожен]
    ✗ Радиовышка A2      @ (6,6,6) [уничтожен]
    ✗ Прыгун A3          @ (9,5,3) [уничтожен]
    ✗ Факел A4           @ (7,6,3) [уничтожен]
    ✗ Тишина A5          @ (9,6,7) [уничтожен]
    ✗ Бурав A6           @ (5,4,4) [уничтожен]
    ✗ Паук A8            @ (9,5,7) [уничтожен]
  Team B: живых 1/8
    ✓ Провокатор B7      @ (9,1,5) hp=2/2
    ✗ Артиллерия B1      @ (6,6,5) [уничтожен]
    ✗ Радиовышка B2      @ (8,6,3) [уничтожен]
    ✗ Прыгун B3          @ (3,6,3) [уничтожен]
    ✗ Факел B4           @ (0,8,5) [уничтожен]
    ✗ Тишина B5          @ (2,1,5) [уничтожен]
    ✗ Бурав B6           @ (8,6,2) [уничтожен]
    ✗ Паук B8            @ (9,3,5) [уничтожен]
  Team C: живых 2/8
    ✓ Артиллерия C1      @ (7,0,1) hp=1/1
    ✓ Факел C4           @ (7,1,1) hp=6/6
    ✗ Радиовышка C2      @ (2,1,4) [уничтожен]
    ✗ Прыгун C3          @ (2,1,2) [уничтожен]
    ✗ Тишина C5          @ (5,4,4) [уничтожен]
    ✗ Бурав C6           @ (2,5,1) [уничтожен]
    ✗ Провокатор C7      @ (1,8,2) [уничтожен]
    ✗ Паук C8            @ (8,6,2) [уничтожен]

======================================================================
ХОД 29
======================================================================
✓ 🎮 GM: начинаем ход
GM: start_turn

--- Радиовышки: сканирование слоя Z ---
  (у команд не осталось живых радиовышек)

--- Решения ботов ---
  [Team A] Провокатор A7 (2,9,7) → MOVE (3,8,6)
  [Team B] Провокатор B7 (9,1,5) → MOVE (8,2,5)
  [Team C] Артиллерия C1 (7,0,1) → SHOOT at (0,5,1)
  [Team C] Факел C4 → SKIP
! 🎮 GM: принудительно завершает фазу планирования
GM: end_planning
# 
============================================================
# 🔄 ОБРАБОТКА ХОДА 29
# ============================================================

📦 ПЕРЕМЕЩЕНИЯ:
!    ⚠️ Провокатор A7: клетка (3,8,6) занята
!    ⚠️ Провокатор B7: клетка (8,2,5) занята

🎯 ВЫСТРЕЛЫ:
   Выпущено ракет: 1
# 
📊 РЕЗУЛЬТАТЫ ХОДА 29:
🎯 Попаданий нет

--- Результаты хода ---
  Попаданий нет

--- Состояние команд после хода ---
  Team A: живых 1/8
    ✓ Провокатор A7      @ (2,9,7) hp=2/2
    ✗ Артиллерия A1      @ (5,4,7) [уничтожен]
    ✗ Радиовышка A2      @ (6,6,6) [уничтожен]
    ✗ Прыгун A3          @ (9,5,3) [уничтожен]
    ✗ Факел A4           @ (7,6,3) [уничтожен]
    ✗ Тишина A5          @ (9,6,7) [уничтожен]
    ✗ Бурав A6           @ (5,4,4) [уничтожен]
    ✗ Паук A8            @ (9,5,7) [уничтожен]
  Team B: живых 1/8
    ✓ Провокатор B7      @ (9,1,5) hp=2/2
    ✗ Артиллерия B1      @ (6,6,5) [уничтожен]
    ✗ Радиовышка B2      @ (8,6,3) [уничтожен]
    ✗ Прыгун B3          @ (3,6,3) [уничтожен]
    ✗ Факел B4           @ (0,8,5) [уничтожен]
    ✗ Тишина B5          @ (2,1,5) [уничтожен]
    ✗ Бурав B6           @ (8,6,2) [уничтожен]
    ✗ Паук B8            @ (9,3,5) [уничтожен]
  Team C: живых 2/8
    ✓ Артиллерия C1      @ (7,0,1) hp=1/1
    ✓ Факел C4           @ (7,1,1) hp=6/6
    ✗ Радиовышка C2      @ (2,1,4) [уничтожен]
    ✗ Прыгун C3          @ (2,1,2) [уничтожен]
    ✗ Тишина C5          @ (5,4,4) [уничтожен]
    ✗ Бурав C6           @ (2,5,1) [уничтожен]
    ✗ Провокатор C7      @ (1,8,2) [уничтожен]
    ✗ Паук C8            @ (8,6,2) [уничтожен]

======================================================================
ХОД 30
======================================================================
✓ 🎮 GM: начинаем ход
GM: start_turn

--- Радиовышки: сканирование слоя Z ---
  (у команд не осталось живых радиовышек)

--- Решения ботов ---
  [Team A] Провокатор A7 (2,9,7) → MOVE (3,8,6)
  [Team B] Провокатор B7 (9,1,5) → MOVE (8,2,5)
  [Team C] Артиллерия C1 (7,0,1) → SHOOT at (0,0,0)
  [Team C] Факел C4 → SKIP
! 🎮 GM: принудительно завершает фазу планирования
GM: end_planning
# 
============================================================
# 🔄 ОБРАБОТКА ХОДА 30
# ============================================================

📦 ПЕРЕМЕЩЕНИЯ:
!    ⚠️ Провокатор A7: клетка (3,8,6) занята
!    ⚠️ Провокатор B7: клетка (8,2,5) занята

🎯 ВЫСТРЕЛЫ:
   Выпущено ракет: 1
# 
📊 РЕЗУЛЬТАТЫ ХОДА 30:
🎯 Попаданий нет

--- Результаты хода ---
  Попаданий нет

--- Состояние команд после хода ---
  Team A: живых 1/8
    ✓ Провокатор A7      @ (2,9,7) hp=2/2
    ✗ Артиллерия A1      @ (5,4,7) [уничтожен]
    ✗ Радиовышка A2      @ (6,6,6) [уничтожен]
    ✗ Прыгун A3          @ (9,5,3) [уничтожен]
    ✗ Факел A4           @ (7,6,3) [уничтожен]
    ✗ Тишина A5          @ (9,6,7) [уничтожен]
    ✗ Бурав A6           @ (5,4,4) [уничтожен]
    ✗ Паук A8            @ (9,5,7) [уничтожен]
  Team B: живых 1/8
    ✓ Провокатор B7      @ (9,1,5) hp=2/2
    ✗ Артиллерия B1      @ (6,6,5) [уничтожен]
    ✗ Радиовышка B2      @ (8,6,3) [уничтожен]
    ✗ Прыгун B3          @ (3,6,3) [уничтожен]
    ✗ Факел B4           @ (0,8,5) [уничтожен]
    ✗ Тишина B5          @ (2,1,5) [уничтожен]
    ✗ Бурав B6           @ (8,6,2) [уничтожен]
    ✗ Паук B8            @ (9,3,5) [уничтожен]
  Team C: живых 2/8
    ✓ Артиллерия C1      @ (7,0,1) hp=1/1
    ✓ Факел C4           @ (7,1,1) hp=6/6
    ✗ Радиовышка C2      @ (2,1,4) [уничтожен]
    ✗ Прыгун C3          @ (2,1,2) [уничтожен]
    ✗ Тишина C5          @ (5,4,4) [уничтожен]
    ✗ Бурав C6           @ (2,5,1) [уничтожен]
    ✗ Провокатор C7      @ (1,8,2) [уничтожен]
    ✗ Паук C8            @ (8,6,2) [уничтожен]

======================================================================
ИТОГ
======================================================================
Лимит ходов (30) исчерпан, ничья/пат.

--- Сводка по командам ---
  Team A: 1/8 живых; hp=2
  Team B: 1/8 живых; hp=2
  Team C: 2/8 живых; hp=7

--- Сводка по пассивкам радиовышек ---
  Team A: сканирований=2, всего врагов-в-слоях=2, уникальных эксклюзивных (видны только радиовышкой)=0
  Team B: сканирований=9, всего врагов-в-слоях=8, уникальных эксклюзивных (видны только радиовышкой)=3
  Team C: сканирований=4, всего врагов-в-слоях=0, уникальных эксклюзивных (видны только радиовышкой)=0

--- Сводка по попаданиям ---
  Всего событий (шоты+тараны+мины): 26
  Уничтожено кораблей всего: 20
  Team A: урон=27 хиты=0 тараны=9 мины(сработало)=0 убийств=9
  Team B: урон=8 хиты=0 тараны=5 мины(сработало)=0 убийств=5
  Team C: урон=24 хиты=9 тараны=0 мины(сработало)=3 убийств=6
! 🎮 GM: остановка игры
