======================================================================
Space Battle 10×10×10 — simulation run at 2026-04-20T13:39:21+00:00
Game mode: advanced
Seed: 121
✓ 🚀 Продвинутый режим: создаю разные типы кораблей
   Команда A: спавн вдоль оси X от (6, 3, 9) до (0, 3, 9)
   Команда B: спавн вдоль оси Z от (9, 6, 2) до (9, 6, 8)
   Команда C: спавн вдоль оси Y от (2, 1, 6) до (2, 0, 6)
✓ ✅ Создано 24 кораблей


--- СТАРТОВАЯ РАССТАНОВКА ---
  Team A: живых 8/8
    ✓ Артиллерия A1      @ (6,3,9) hp=1/1
    ✓ Радиовышка A2      @ (2,3,9) hp=3/3
    ✓ Прыгун A3          @ (8,3,9) hp=2/2
    ✓ Факел A4           @ (7,3,9) hp=6/6
    ✓ Тишина A5          @ (9,3,9) hp=2/2
    ✓ Бурав A6           @ (1,3,9) hp=4/4
    ✓ Провокатор A7      @ (3,3,9) hp=2/2
    ✓ Паук A8            @ (0,3,9) hp=1/1
  Team B: живых 8/8
    ✓ Артиллерия B1      @ (9,6,2) hp=1/1
    ✓ Радиовышка B2      @ (9,6,0) hp=3/3
    ✓ Прыгун B3          @ (9,6,7) hp=2/2
    ✓ Факел B4           @ (9,6,3) hp=6/6
    ✓ Тишина B5          @ (9,6,9) hp=2/2
    ✓ Бурав B6           @ (9,6,6) hp=4/4
    ✓ Провокатор B7      @ (9,6,1) hp=2/2
    ✓ Паук B8            @ (9,6,8) hp=1/1
  Team C: живых 8/8
    ✓ Артиллерия C1      @ (2,1,6) hp=1/1
    ✓ Радиовышка C2      @ (2,5,6) hp=3/3
    ✓ Прыгун C3          @ (2,3,6) hp=2/2
    ✓ Факел C4           @ (2,8,6) hp=6/6
    ✓ Тишина C5          @ (2,7,6) hp=2/2
    ✓ Бурав C6           @ (2,4,6) hp=4/4
    ✓ Провокатор C7      @ (2,6,6) hp=2/2
    ✓ Паук C8            @ (2,0,6) hp=1/1

======================================================================
ХОД 1
======================================================================
✓ 🎮 GM: начинаем ход
GM: start_turn

--- Радиовышки: сканирование слоя Z ---
  Радиовышка A2 (z=9): видит 1 врагов  → Тишина B5(9,6,9)
  Радиовышка B2 (z=0): слой чист
  Радиовышка C2 (z=6): видит 1 врагов [+1 эксклюзивно] → Бурав B6(9,6,6)

--- Решения ботов ---
  [Team A] Артиллерия A1 (6,3,9) → SHOOT at (2,1,6)
  [Team A] Радиовышка A2 (2,3,9) → MOVE (2,2,8)
  [Team A] Прыгун A3 (8,3,9) → MOVE (9,4,8)
  [Team A] Тишина A5 (9,3,9) → PHASE toggle
  [Team A] Бурав A6 (1,3,9) → MOVE (2,2,9)
  [Team A] Провокатор A7 (3,3,9) → HOLOGRAM (3,2,9)
  [Team A] Паук A8 (0,3,9) → MINE (1,2,8)
  [Team A] Факел A4 → SKIP
  [Team B] Артиллерия B1 (9,6,2) → SHOOT at (6,3,9)
  [Team B] Радиовышка B2 (9,6,0) → MOVE (8,5,1)
  [Team B] Прыгун B3 (9,6,7) → MOVE (8,5,8)
  [Team B] Тишина B5 (9,6,9) → PHASE toggle
  [Team B] Бурав B6 (9,6,6) → MOVE (9,3,9)
  [Team B] Провокатор B7 (9,6,1) → MOVE (8,5,2)
  [Team B] Паук B8 (9,6,8) → MINE (8,5,9)
  [Team B] Факел B4 → SKIP
  [Team C] Артиллерия C1 (2,1,6) → SHOOT at (6,3,9)
  [Team C] Радиовышка C2 (2,5,6) → MOVE (2,4,7)
  [Team C] Прыгун C3 (2,3,6) → SHOOT at (2,3,9)
  [Team C] Тишина C5 (2,7,6) → PHASE toggle
  [Team C] Бурав C6 (2,4,6) → MOVE (2,3,7)
  [Team C] Провокатор C7 (2,6,6) → HOLOGRAM (2,5,7)
  [Team C] Паук C8 (2,0,6) → MINE (2,1,7)
  [Team C] Факел C4 → SKIP
! 🎮 GM: принудительно завершает фазу планирования
GM: end_planning
# 
============================================================
# 🔄 ОБРАБОТКА ХОДА 1
# ============================================================
   🌀 Тишина A5: уходит в фазу на 1 ход
   🌀 Тишина B5: уходит в фазу на 1 ход
   🌀 Тишина C5: уходит в фазу на 1 ход
   🪞 Провокатор A7 создал голограмму H1 в (3,2,9)
   🪞 Провокатор C7 создал голограмму H2 в (2,5,7)
   💣 Паук A8 установил мину M1 в (1,2,8)
   💣 Паук B8 установил мину M2 в (8,5,9)
   💣 Паук C8 установил мину M3 в (2,1,7)

📦 ПЕРЕМЕЩЕНИЯ:
   Радиовышка A2: (2, 3, 9) → (2,2,8)
   Прыгун A3: (8, 3, 9) → (9,4,8)
   Бурав A6: (1, 3, 9) → (2,2,9)
   Радиовышка B2: (9, 6, 0) → (8,5,1)
   Прыгун B3: (9, 6, 7) → (8,5,8)
✓    💥 Бурав B6 пробивает фазу Тишина A5 тараном
✓    💥 Бурав B6 тараном уничтожил Тишина A5 в (9,3,9)
   Бурав B6: (9, 6, 6) → (9,3,9)
   Провокатор B7: (9, 6, 1) → (8,5,2)
   Радиовышка C2: (2, 5, 6) → (2,4,7)
   Бурав C6: (2, 4, 6) → (2,3,7)

🎯 ВЫСТРЕЛЫ:
!    🛡️ Выстрел Прыгун C3 заблокирован союзником Бурав C6 в (2, 3, 7)
✓    ✅ Артиллерия A1 поразил Артиллерия C1 (2 урона)!
✓    ✅ Артиллерия B1 поразил Артиллерия A1 (2 урона)!
   💀 Артиллерия C1 добивает Артиллерия A1
✓    ✅ Артиллерия C1 поразил Артиллерия A1 (2 урона)!
   Выпущено ракет: 4
# 
📊 РЕЗУЛЬТАТЫ ХОДА 1:
✓ 💥 ПОПАДАНИЯ:
✓    Артиллерия A1 (Team A) → Артиллерия C1 (Team C)
✓    Артиллерия B1 (Team B) → Артиллерия A1 (Team A)
✓    Артиллерия C1 (Team C) → Артиллерия A1 (Team A)

--- Результаты хода ---
  Team B / Бурав B6           → Team A / Тишина A5          @ (9,3,9)  (УБИТ)
  Team A / Артиллерия A1      → Team C / Артиллерия C1      @ (2,1,6)  (УБИТ)
  Team B / Артиллерия B1      → Team A / Артиллерия A1      @ (6,3,9)  (УБИТ)
  Team C / Артиллерия C1      → Team A / Артиллерия A1      @ (6,3,9)  (ранен)

--- Состояние команд после хода ---
  Team A: живых 6/8
    ✓ Радиовышка A2      @ (2,2,8) hp=3/3
    ✓ Прыгун A3          @ (9,4,8) hp=2/2
    ✓ Факел A4           @ (7,3,9) hp=6/6
    ✓ Бурав A6           @ (2,2,9) hp=4/4
    ✓ Провокатор A7      @ (3,3,9) hp=2/2
    ✓ Паук A8            @ (0,3,9) hp=1/1
    ✗ Артиллерия A1      @ (6,3,9) [уничтожен]
    ✗ Тишина A5          @ (9,3,9) [уничтожен]
  Team B: живых 8/8
    ✓ Артиллерия B1      @ (9,6,2) hp=1/1
    ✓ Радиовышка B2      @ (8,5,1) hp=3/3
    ✓ Прыгун B3          @ (8,5,8) hp=2/2
    ✓ Факел B4           @ (9,6,3) hp=6/6
    ✓ Тишина B5          @ (9,6,9) hp=2/2
    ✓ Бурав B6           @ (9,3,9) hp=4/4
    ✓ Провокатор B7      @ (8,5,2) hp=2/2
    ✓ Паук B8            @ (9,6,8) hp=1/1
  Team C: живых 7/8
    ✓ Радиовышка C2      @ (2,4,7) hp=3/3
    ✓ Прыгун C3          @ (2,3,6) hp=2/2
    ✓ Факел C4           @ (2,8,6) hp=6/6
    ✓ Тишина C5          @ (2,7,6) hp=2/2
    ✓ Бурав C6           @ (2,3,7) hp=4/4
    ✓ Провокатор C7      @ (2,6,6) hp=2/2
    ✓ Паук C8            @ (2,0,6) hp=1/1
    ✗ Артиллерия C1      @ (2,1,6) [уничтожен]

======================================================================
ХОД 2
======================================================================
✓ 🎮 GM: начинаем ход
GM: start_turn

--- Радиовышки: сканирование слоя Z ---
  Радиовышка A2 (z=8): видит 2 врагов  → Прыгун B3(8,5,8), Паук B8(9,6,8)
  Радиовышка B2 (z=1): слой чист
  Радиовышка C2 (z=7): слой чист

--- Решения ботов ---
  [Team A] Радиовышка A2 (2,2,8) → MOVE (2,3,7)
  [Team A] Прыгун A3 (9,4,8) → MOVE (8,5,8)
  [Team A] Факел A4 (7,3,9) → SHOOT at (9,3,9)
  [Team A] Бурав A6 (2,2,9) → MOVE (2,4,7)
  [Team A] Провокатор A7 (3,3,9) → HOLOGRAM (2,4,8)
  [Team A] Паук A8 (0,3,9) → MINE (1,4,8)
  [Team B] Артиллерия B1 (9,6,2) → SHOOT at (9,4,8)
  [Team B] Радиовышка B2 (8,5,1) → MOVE (9,4,2)
  [Team B] Прыгун B3 (8,5,8) → MOVE (7,3,9)
  [Team B] Тишина B5 (9,6,9) → MOVE (9,5,8)
  [Team B] Бурав B6 (9,3,9) → MOVE (9,4,8)
  [Team B] Провокатор B7 (8,5,2) → MOVE (9,4,3)
  [Team B] Факел B4 → SKIP
  [Team B] Паук B8 → SKIP
  [Team C] Радиовышка C2 (2,4,7) → MOVE (2,3,8)
  [Team C] Прыгун C3 (2,3,6) → MOVE (2,2,8)
  [Team C] Тишина C5 (2,7,6) → MOVE (3,6,7)
  [Team C] Бурав C6 (2,3,7) → MOVE (0,3,9)
  [Team C] Провокатор C7 (2,6,6) → HOLOGRAM (3,5,7)
  [Team C] Паук C8 (2,0,6) → MINE (2,1,7)
  [Team C] Факел C4 → SKIP
! 🎮 GM: принудительно завершает фазу планирования
GM: end_planning
# 
============================================================
# 🔄 ОБРАБОТКА ХОДА 2
# ============================================================
   🌀 Тишина B5: фаза спала (действовала 1 ход)
   🌀 Тишина C5: фаза спала (действовала 1 ход)
   🪞 Провокатор A7 создал голограмму H3 в (2,4,8)
   🪞 Провокатор C7 создал голограмму H4 в (3,5,7)
   💣 Паук A8 установил мину M4 в (1,4,8)
!    ⚠️ Паук C8: в клетке уже стоит мина

📦 ПЕРЕМЕЩЕНИЯ:
!    ⚠️ Радиовышка A2: клетка (2,3,7) занята
✓    💥 Прыгун A3 тараном уничтожил Прыгун B3 в (8,5,8)
   Прыгун A3: (9, 4, 8) → (8,5,8)
✓    💥 Бурав A6 тараном уничтожил Радиовышка C2 в (2,4,7)
   Бурав A6: (2, 2, 9) → (2,4,7)
   Радиовышка B2: (8, 5, 1) → (9,4,2)
   Тишина B5: (9, 6, 9) → (9,5,8)
   Бурав B6: (9, 3, 9) → (9,4,8)
   Провокатор B7: (8, 5, 2) → (9,4,3)
✓    💥 Прыгун C3 тараном уничтожил Радиовышка A2 в (2,2,8)
   Прыгун C3: (2, 3, 6) → (2,2,8)
   Тишина C5: (2, 7, 6) → (3,6,7)
✓    💥 Бурав C6 тараном уничтожил Паук A8 в (0,3,9)
   Бурав C6: (2, 3, 7) → (0,3,9)

🎯 ВЫСТРЕЛЫ:
   Выпущено ракет: 2
# 
📊 РЕЗУЛЬТАТЫ ХОДА 2:
🎯 Попаданий нет

--- Результаты хода ---
  Team A / Прыгун A3          → Team B / Прыгун B3          @ (8,5,8)  (УБИТ)
  Team A / Бурав A6           → Team C / Радиовышка C2      @ (2,4,7)  (УБИТ)
  Team C / Прыгун C3          → Team A / Радиовышка A2      @ (2,2,8)  (УБИТ)
  Team C / Бурав C6           → Team A / Паук A8            @ (0,3,9)  (УБИТ)

--- Состояние команд после хода ---
  Team A: живых 4/8
    ✓ Прыгун A3          @ (8,5,8) hp=2/2
    ✓ Факел A4           @ (7,3,9) hp=6/6
    ✓ Бурав A6           @ (2,4,7) hp=4/4
    ✓ Провокатор A7      @ (3,3,9) hp=2/2
    ✗ Артиллерия A1      @ (6,3,9) [уничтожен]
    ✗ Радиовышка A2      @ (2,2,8) [уничтожен]
    ✗ Тишина A5          @ (9,3,9) [уничтожен]
    ✗ Паук A8            @ (0,3,9) [уничтожен]
  Team B: живых 7/8
    ✓ Артиллерия B1      @ (9,6,2) hp=1/1
    ✓ Радиовышка B2      @ (9,4,2) hp=3/3
    ✓ Факел B4           @ (9,6,3) hp=6/6
    ✓ Тишина B5          @ (9,5,8) hp=2/2
    ✓ Бурав B6           @ (9,4,8) hp=4/4
    ✓ Провокатор B7      @ (9,4,3) hp=2/2
    ✓ Паук B8            @ (9,6,8) hp=1/1
    ✗ Прыгун B3          @ (8,5,8) [уничтожен]
  Team C: живых 6/8
    ✓ Прыгун C3          @ (2,2,8) hp=2/2
    ✓ Факел C4           @ (2,8,6) hp=6/6
    ✓ Тишина C5          @ (3,6,7) hp=2/2
    ✓ Бурав C6           @ (0,3,9) hp=4/4
    ✓ Провокатор C7      @ (2,6,6) hp=2/2
    ✓ Паук C8            @ (2,0,6) hp=1/1
    ✗ Артиллерия C1      @ (2,1,6) [уничтожен]
    ✗ Радиовышка C2      @ (2,4,7) [уничтожен]

======================================================================
ХОД 3
======================================================================
✓ 🎮 GM: начинаем ход
GM: start_turn

--- Радиовышки: сканирование слоя Z ---
  Радиовышка B2 (z=2): слой чист

--- Решения ботов ---
  [Team A] Прыгун A3 (8,5,8) → MOVE (9,4,8)
  [Team A] Факел A4 (7,3,9) → MOVE (8,4,8)
  [Team A] Бурав A6 (2,4,7) → MOVE (2,3,8)
  [Team A] Провокатор A7 (3,3,9) → HOLOGRAM (2,2,8)
  [Team B] Артиллерия B1 (9,6,2) → SHOOT at (8,5,8)
  [Team B] Радиовышка B2 (9,4,2) → MOVE (8,5,3)
  [Team B] Тишина B5 (9,5,8) → MOVE (8,5,8)
  [Team B] Бурав B6 (9,4,8) → MOVE (8,4,8)
  [Team B] Провокатор B7 (9,4,3) → HOLOGRAM (8,5,4)
  [Team B] Паук B8 (9,6,8) → MINE (8,6,8)
  [Team B] Факел B4 → SKIP
  [Team C] Прыгун C3 (2,2,8) → MOVE (3,3,9)
  [Team C] Факел C4 (2,8,6) → MOVE (2,7,7)
  [Team C] Тишина C5 (3,6,7) → MOVE (2,5,7)
  [Team C] Бурав C6 (0,3,9) → MOVE (1,4,8)
  [Team C] Провокатор C7 (2,6,6) → HOLOGRAM (2,6,7)
  [Team C] Паук C8 (2,0,6) → MINE (3,1,7)
! 🎮 GM: принудительно завершает фазу планирования
GM: end_planning
# 
============================================================
# 🔄 ОБРАБОТКА ХОДА 3
# ============================================================
!    ⚠️ Провокатор A7: клетка (2,2,8) занята кораблём
   🪞 Провокатор B7 создал голограмму H5 в (8,5,4)
   🪞 Провокатор C7 создал голограмму H6 в (2,6,7)
   💣 Паук B8 установил мину M5 в (8,6,8)
   💣 Паук C8 установил мину M6 в (3,1,7)

📦 ПЕРЕМЕЩЕНИЯ:
✓    💥 Прыгун A3 тараном уничтожил Бурав B6 в (9,4,8)
   Прыгун A3: (8, 5, 8) → (9,4,8)
   Факел A4: (7, 3, 9) → (8,4,8)
   Бурав A6: (2, 4, 7) → (2,3,8)
   Радиовышка B2: (9, 4, 2) → (8,5,3)
   Тишина B5: (9, 5, 8) → (8,5,8)
✓    💥 Прыгун C3 тараном уничтожил Провокатор A7 в (3,3,9)
   Прыгун C3: (2, 2, 8) → (3,3,9)
   Факел C4: (2, 8, 6) → (2,7,7)
!    ⚠️ Тишина C5: клетка (2,5,7) занята
!    ⚠️ Бурав C6: Бурав двигается только по 1 оси или по 2 осям строго диагонально

🎯 ВЫСТРЕЛЫ:
   Выпущено ракет: 1
# 
📊 РЕЗУЛЬТАТЫ ХОДА 3:
🎯 Попаданий нет

--- Результаты хода ---
  Team A / Прыгун A3          → Team B / Бурав B6           @ (9,4,8)  (УБИТ)
  Team C / Прыгун C3          → Team A / Провокатор A7      @ (3,3,9)  (УБИТ)

--- Состояние команд после хода ---
  Team A: живых 3/8
    ✓ Прыгун A3          @ (9,4,8) hp=2/2
    ✓ Факел A4           @ (8,4,8) hp=6/6
    ✓ Бурав A6           @ (2,3,8) hp=4/4
    ✗ Артиллерия A1      @ (6,3,9) [уничтожен]
    ✗ Радиовышка A2      @ (2,2,8) [уничтожен]
    ✗ Тишина A5          @ (9,3,9) [уничтожен]
    ✗ Провокатор A7      @ (3,3,9) [уничтожен]
    ✗ Паук A8            @ (0,3,9) [уничтожен]
  Team B: живых 6/8
    ✓ Артиллерия B1      @ (9,6,2) hp=1/1
    ✓ Радиовышка B2      @ (8,5,3) hp=3/3
    ✓ Факел B4           @ (9,6,3) hp=6/6
    ✓ Тишина B5          @ (8,5,8) hp=2/2
    ✓ Провокатор B7      @ (9,4,3) hp=2/2
    ✓ Паук B8            @ (9,6,8) hp=1/1
    ✗ Прыгун B3          @ (8,5,8) [уничтожен]
    ✗ Бурав B6           @ (9,4,8) [уничтожен]
  Team C: живых 6/8
    ✓ Прыгун C3          @ (3,3,9) hp=2/2
    ✓ Факел C4           @ (2,7,7) hp=6/6
    ✓ Тишина C5          @ (3,6,7) hp=2/2
    ✓ Бурав C6           @ (0,3,9) hp=4/4
    ✓ Провокатор C7      @ (2,6,6) hp=2/2
    ✓ Паук C8            @ (2,0,6) hp=1/1
    ✗ Артиллерия C1      @ (2,1,6) [уничтожен]
    ✗ Радиовышка C2      @ (2,4,7) [уничтожен]

======================================================================
ХОД 4
======================================================================
✓ 🎮 GM: начинаем ход
GM: start_turn

--- Радиовышки: сканирование слоя Z ---
  Радиовышка B2 (z=3): слой чист

--- Решения ботов ---
  [Team A] Прыгун A3 (9,4,8) → MOVE (8,5,8)
  [Team A] Факел A4 (8,4,8) → SHOOT at (8,5,8)
  [Team A] Бурав A6 (2,3,8) → MOVE (3,3,9)
  [Team B] Артиллерия B1 (9,6,2) → SHOOT at (9,4,8)
  [Team B] Радиовышка B2 (8,5,3) → MOVE (9,4,4)
  [Team B] Тишина B5 (8,5,8) → MOVE (9,4,8)
  [Team B] Провокатор B7 (9,4,3) → SHOOT at (9,4,8)
  [Team B] Паук B8 (9,6,8) → MINE (9,5,8)
  [Team B] Факел B4 → SKIP
  [Team C] Прыгун C3 (3,3,9) → MOVE (2,3,8)
  [Team C] Факел C4 (2,7,7) → MOVE (3,6,8)
  [Team C] Тишина C5 (3,6,7) → MOVE (2,5,8)
  [Team C] Бурав C6 (0,3,9) → MOVE (1,3,8)
  [Team C] Провокатор C7 (2,6,6) → HOLOGRAM (2,5,7)
  [Team C] Паук C8 (2,0,6) → MINE (2,1,7)
! 🎮 GM: принудительно завершает фазу планирования
GM: end_planning
# 
============================================================
# 🔄 ОБРАБОТКА ХОДА 4
# ============================================================
!    ⚠️ Провокатор C7: клетка (2,5,7) уже занята голограммой
   💣 Паук B8 установил мину M7 в (9,5,8)
!    ⚠️ Паук C8: в клетке уже стоит мина

📦 ПЕРЕМЕЩЕНИЯ:
✓    💥 Прыгун A3 тараном уничтожил Тишина B5 в (8,5,8)
   Прыгун A3: (9, 4, 8) → (8,5,8)
✓    💥 Бурав A6 тараном уничтожил Прыгун C3 в (3,3,9)
   Бурав A6: (2, 3, 8) → (3,3,9)
   Радиовышка B2: (8, 5, 3) → (9,4,4)
   Факел C4: (2, 7, 7) → (3,6,8)
   Тишина C5: (3, 6, 7) → (2,5,8)
   Бурав C6: (0, 3, 9) → (1,3,8)

🎯 ВЫСТРЕЛЫ:
!    🛡️ Выстрел Факел A4 заблокирован союзником Прыгун A3 в (8, 5, 8)
!    🛡️ Выстрел Провокатор B7 заблокирован союзником Радиовышка B2 в (9, 4, 4)
   Выпущено ракет: 3
# 
📊 РЕЗУЛЬТАТЫ ХОДА 4:
🎯 Попаданий нет

--- Результаты хода ---
  Team A / Прыгун A3          → Team B / Тишина B5          @ (8,5,8)  (УБИТ)
  Team A / Бурав A6           → Team C / Прыгун C3          @ (3,3,9)  (УБИТ)

--- Состояние команд после хода ---
  Team A: живых 3/8
    ✓ Прыгун A3          @ (8,5,8) hp=2/2
    ✓ Факел A4           @ (8,4,8) hp=6/6
    ✓ Бурав A6           @ (3,3,9) hp=4/4
    ✗ Артиллерия A1      @ (6,3,9) [уничтожен]
    ✗ Радиовышка A2      @ (2,2,8) [уничтожен]
    ✗ Тишина A5          @ (9,3,9) [уничтожен]
    ✗ Провокатор A7      @ (3,3,9) [уничтожен]
    ✗ Паук A8            @ (0,3,9) [уничтожен]
  Team B: живых 5/8
    ✓ Артиллерия B1      @ (9,6,2) hp=1/1
    ✓ Радиовышка B2      @ (9,4,4) hp=3/3
    ✓ Факел B4           @ (9,6,3) hp=6/6
    ✓ Провокатор B7      @ (9,4,3) hp=2/2
    ✓ Паук B8            @ (9,6,8) hp=1/1
    ✗ Прыгун B3          @ (8,5,8) [уничтожен]
    ✗ Тишина B5          @ (8,5,8) [уничтожен]
    ✗ Бурав B6           @ (9,4,8) [уничтожен]
  Team C: живых 5/8
    ✓ Факел C4           @ (3,6,8) hp=6/6
    ✓ Тишина C5          @ (2,5,8) hp=2/2
    ✓ Бурав C6           @ (1,3,8) hp=4/4
    ✓ Провокатор C7      @ (2,6,6) hp=2/2
    ✓ Паук C8            @ (2,0,6) hp=1/1
    ✗ Артиллерия C1      @ (2,1,6) [уничтожен]
    ✗ Радиовышка C2      @ (2,4,7) [уничтожен]
    ✗ Прыгун C3          @ (3,3,9) [уничтожен]

======================================================================
ХОД 5
======================================================================
✓ 🎮 GM: начинаем ход
GM: start_turn

--- Радиовышки: сканирование слоя Z ---
  Радиовышка B2 (z=4): слой чист

--- Решения ботов ---
  [Team A] Прыгун A3 (8,5,8) → MOVE (9,6,8)
  [Team A] Бурав A6 (3,3,9) → MOVE (2,4,8)
  [Team A] Факел A4 → SKIP
  [Team B] Артиллерия B1 (9,6,2) → SHOOT at (8,5,8)
  [Team B] Радиовышка B2 (9,4,4) → MOVE (8,5,5)
  [Team B] Провокатор B7 (9,4,3) → HOLOGRAM (8,5,4)
  [Team B] Паук B8 (9,6,8) → MINE (9,5,8)
  [Team B] Факел B4 → SKIP
  [Team C] Факел C4 (3,6,8) → MOVE (2,6,7)
  [Team C] Тишина C5 (2,5,8) → MOVE (3,4,9)
  [Team C] Бурав C6 (1,3,8) → MOVE (2,3,9)
  [Team C] Провокатор C7 (2,6,6) → HOLOGRAM (3,5,7)
  [Team C] Паук C8 (2,0,6) → MINE (3,1,7)
! 🎮 GM: принудительно завершает фазу планирования
GM: end_planning
# 
============================================================
# 🔄 ОБРАБОТКА ХОДА 5
# ============================================================
!    ⚠️ Провокатор B7: клетка (8,5,4) уже занята голограммой
!    ⚠️ Провокатор C7: клетка (3,5,7) уже занята голограммой
!    ⚠️ Паук B8: в клетке уже стоит мина
!    ⚠️ Паук C8: в клетке уже стоит мина

📦 ПЕРЕМЕЩЕНИЯ:
✓    💥 Прыгун A3 тараном уничтожил Паук B8 в (9,6,8)
   Прыгун A3: (8, 5, 8) → (9,6,8)
!    ⚠️ Бурав A6: Бурав двигается только по 1 оси или по 2 осям строго диагонально
   Радиовышка B2: (9, 4, 4) → (8,5,5)
!    ⚠️ Факел C4: клетка (2,6,7) занята
   Тишина C5: (2, 5, 8) → (3,4,9)
   Бурав C6: (1, 3, 8) → (2,3,9)

🎯 ВЫСТРЕЛЫ:
   Выпущено ракет: 1
# 
📊 РЕЗУЛЬТАТЫ ХОДА 5:
🎯 Попаданий нет

--- Результаты хода ---
  Team A / Прыгун A3          → Team B / Паук B8            @ (9,6,8)  (УБИТ)

--- Состояние команд после хода ---
  Team A: живых 3/8
    ✓ Прыгун A3          @ (9,6,8) hp=2/2
    ✓ Факел A4           @ (8,4,8) hp=6/6
    ✓ Бурав A6           @ (3,3,9) hp=4/4
    ✗ Артиллерия A1      @ (6,3,9) [уничтожен]
    ✗ Радиовышка A2      @ (2,2,8) [уничтожен]
    ✗ Тишина A5          @ (9,3,9) [уничтожен]
    ✗ Провокатор A7      @ (3,3,9) [уничтожен]
    ✗ Паук A8            @ (0,3,9) [уничтожен]
  Team B: живых 4/8
    ✓ Артиллерия B1      @ (9,6,2) hp=1/1
    ✓ Радиовышка B2      @ (8,5,5) hp=3/3
    ✓ Факел B4           @ (9,6,3) hp=6/6
    ✓ Провокатор B7      @ (9,4,3) hp=2/2
    ✗ Прыгун B3          @ (8,5,8) [уничтожен]
    ✗ Тишина B5          @ (8,5,8) [уничтожен]
    ✗ Бурав B6           @ (9,4,8) [уничтожен]
    ✗ Паук B8            @ (9,6,8) [уничтожен]
  Team C: живых 5/8
    ✓ Факел C4           @ (3,6,8) hp=6/6
    ✓ Тишина C5          @ (3,4,9) hp=2/2
    ✓ Бурав C6           @ (2,3,9) hp=4/4
    ✓ Провокатор C7      @ (2,6,6) hp=2/2
    ✓ Паук C8            @ (2,0,6) hp=1/1
    ✗ Артиллерия C1      @ (2,1,6) [уничтожен]
    ✗ Радиовышка C2      @ (2,4,7) [уничтожен]
    ✗ Прыгун C3          @ (3,3,9) [уничтожен]

======================================================================
ХОД 6
======================================================================
✓ 🎮 GM: начинаем ход
GM: start_turn

--- Радиовышки: сканирование слоя Z ---
  Радиовышка B2 (z=5): слой чист

--- Решения ботов ---
  [Team A] Прыгун A3 (9,6,8) → MOVE (8,5,7)
  [Team A] Факел A4 (8,4,8) → MOVE (9,5,8)
  [Team A] Бурав A6 (3,3,9) → MOVE (2,3,9)
  [Team B] Артиллерия B1 (9,6,2) → SHOOT at (9,6,8)
  [Team B] Радиовышка B2 (8,5,5) → MOVE (9,6,6)
  [Team B] Факел B4 (9,6,3) → SHOOT at (9,6,8)
  [Team B] Провокатор B7 (9,4,3) → HOLOGRAM (9,5,4)
  [Team C] Факел C4 (3,6,8) → MOVE (2,6,7)
  [Team C] Тишина C5 (3,4,9) → MOVE (3,3,9)
  [Team C] Провокатор C7 (2,6,6) → HOLOGRAM (3,5,7)
  [Team C] Паук C8 (2,0,6) → MINE (3,1,7)
  [Team C] Бурав C6 → SKIP
! 🎮 GM: принудительно завершает фазу планирования
GM: end_planning
# 
============================================================
# 🔄 ОБРАБОТКА ХОДА 6
# ============================================================
   🪞 Провокатор B7 создал голограмму H7 в (9,5,4)
!    ⚠️ Провокатор C7: клетка (3,5,7) уже занята голограммой
!    ⚠️ Паук C8: в клетке уже стоит мина

📦 ПЕРЕМЕЩЕНИЯ:
   Прыгун A3: (9, 6, 8) → (8,5,7)
   Факел A4: (8, 4, 8) → (9,5,8)
!    💥 Мина M7 сработала под Факел A4 (урон 2)
✓    💥 Бурав A6 тараном уничтожил Бурав C6 в (2,3,9)
   Бурав A6: (3, 3, 9) → (2,3,9)
   Радиовышка B2: (8, 5, 5) → (9,6,6)
!    ⚠️ Факел C4: клетка (2,6,7) занята
   Тишина C5: (3, 4, 9) → (3,3,9)

🎯 ВЫСТРЕЛЫ:
!    🛡️ Выстрел Факел B4 заблокирован союзником Радиовышка B2 в (9, 6, 6)
   Выпущено ракет: 2
# 
📊 РЕЗУЛЬТАТЫ ХОДА 6:
🎯 Попаданий нет

--- Результаты хода ---
  ? / ?                  → Team A / Факел A4           @ (9,5,8)  (ранен)
  Team A / Бурав A6           → Team C / Бурав C6           @ (2,3,9)  (УБИТ)

--- Состояние команд после хода ---
  Team A: живых 3/8
    ✓ Прыгун A3          @ (8,5,7) hp=2/2
    ✓ Факел A4           @ (9,5,8) hp=4/6
    ✓ Бурав A6           @ (2,3,9) hp=4/4
    ✗ Артиллерия A1      @ (6,3,9) [уничтожен]
    ✗ Радиовышка A2      @ (2,2,8) [уничтожен]
    ✗ Тишина A5          @ (9,3,9) [уничтожен]
    ✗ Провокатор A7      @ (3,3,9) [уничтожен]
    ✗ Паук A8            @ (0,3,9) [уничтожен]
  Team B: живых 4/8
    ✓ Артиллерия B1      @ (9,6,2) hp=1/1
    ✓ Радиовышка B2      @ (9,6,6) hp=3/3
    ✓ Факел B4           @ (9,6,3) hp=6/6
    ✓ Провокатор B7      @ (9,4,3) hp=2/2
    ✗ Прыгун B3          @ (8,5,8) [уничтожен]
    ✗ Тишина B5          @ (8,5,8) [уничтожен]
    ✗ Бурав B6           @ (9,4,8) [уничтожен]
    ✗ Паук B8            @ (9,6,8) [уничтожен]
  Team C: живых 4/8
    ✓ Факел C4           @ (3,6,8) hp=6/6
    ✓ Тишина C5          @ (3,3,9) hp=2/2
    ✓ Провокатор C7      @ (2,6,6) hp=2/2
    ✓ Паук C8            @ (2,0,6) hp=1/1
    ✗ Артиллерия C1      @ (2,1,6) [уничтожен]
    ✗ Радиовышка C2      @ (2,4,7) [уничтожен]
    ✗ Прыгун C3          @ (3,3,9) [уничтожен]
    ✗ Бурав C6           @ (2,3,9) [уничтожен]

======================================================================
ХОД 7
======================================================================
✓ 🎮 GM: начинаем ход
GM: start_turn

--- Радиовышки: сканирование слоя Z ---
  Радиовышка B2 (z=6): видит 2 врагов [+2 эксклюзивно] → Паук C8(2,0,6), Провокатор C7(2,6,6)

--- Решения ботов ---
  [Team A] Прыгун A3 (8,5,7) → MOVE (9,6,6)
  [Team A] Факел A4 (9,5,8) → HEAL (AoE)
  [Team A] Бурав A6 (2,3,9) → MOVE (2,6,6)
  [Team B] Артиллерия B1 (9,6,2) → SHOOT at (8,5,7)
  [Team B] Радиовышка B2 (9,6,6) → MOVE (8,5,7)
  [Team B] Провокатор B7 (9,4,3) → HOLOGRAM (8,5,4)
  [Team B] Факел B4 → SKIP
  [Team C] Факел C4 (3,6,8) → MOVE (2,6,7)
  [Team C] Тишина C5 (3,3,9) → MOVE (2,3,9)
  [Team C] Провокатор C7 (2,6,6) → HOLOGRAM (2,5,7)
  [Team C] Паук C8 (2,0,6) → MINE (2,1,7)
! 🎮 GM: принудительно завершает фазу планирования
GM: end_planning
# 
============================================================
# 🔄 ОБРАБОТКА ХОДА 7
# ============================================================
!    ⚠️ Провокатор B7: клетка (8,5,4) уже занята голограммой
!    ⚠️ Провокатор C7: клетка (2,5,7) уже занята голограммой
!    ⚠️ Паук C8: в клетке уже стоит мина

📦 ПЕРЕМЕЩЕНИЯ:
✓    💥 Прыгун A3 тараном уничтожил Радиовышка B2 в (9,6,6)
   Прыгун A3: (8, 5, 7) → (9,6,6)
✓    💥 Бурав A6 тараном уничтожил Провокатор C7 в (2,6,6)
   Бурав A6: (2, 3, 9) → (2,6,6)
!    ⚠️ Факел C4: клетка (2,6,7) занята
   Тишина C5: (3, 3, 9) → (2,3,9)

🎯 ВЫСТРЕЛЫ:
✓    💚 Факел A4 лечит Факел A4 → hits=1/6
   Выпущено ракет: 1
# 
📊 РЕЗУЛЬТАТЫ ХОДА 7:
🎯 Попаданий нет

--- Результаты хода ---
  Team A / Прыгун A3          → Team B / Радиовышка B2      @ (9,6,6)  (УБИТ)
  Team A / Бурав A6           → Team C / Провокатор C7      @ (2,6,6)  (УБИТ)

--- Состояние команд после хода ---
  Team A: живых 3/8
    ✓ Прыгун A3          @ (9,6,6) hp=2/2
    ✓ Факел A4           @ (9,5,8) hp=5/6
    ✓ Бурав A6           @ (2,6,6) hp=4/4
    ✗ Артиллерия A1      @ (6,3,9) [уничтожен]
    ✗ Радиовышка A2      @ (2,2,8) [уничтожен]
    ✗ Тишина A5          @ (9,3,9) [уничтожен]
    ✗ Провокатор A7      @ (3,3,9) [уничтожен]
    ✗ Паук A8            @ (0,3,9) [уничтожен]
  Team B: живых 3/8
    ✓ Артиллерия B1      @ (9,6,2) hp=1/1
    ✓ Факел B4           @ (9,6,3) hp=6/6
    ✓ Провокатор B7      @ (9,4,3) hp=2/2
    ✗ Радиовышка B2      @ (9,6,6) [уничтожен]
    ✗ Прыгун B3          @ (8,5,8) [уничтожен]
    ✗ Тишина B5          @ (8,5,8) [уничтожен]
    ✗ Бурав B6           @ (9,4,8) [уничтожен]
    ✗ Паук B8            @ (9,6,8) [уничтожен]
  Team C: живых 3/8
    ✓ Факел C4           @ (3,6,8) hp=6/6
    ✓ Тишина C5          @ (2,3,9) hp=2/2
    ✓ Паук C8            @ (2,0,6) hp=1/1
    ✗ Артиллерия C1      @ (2,1,6) [уничтожен]
    ✗ Радиовышка C2      @ (2,4,7) [уничтожен]
    ✗ Прыгун C3          @ (3,3,9) [уничтожен]
    ✗ Бурав C6           @ (2,3,9) [уничтожен]
    ✗ Провокатор C7      @ (2,6,6) [уничтожен]

======================================================================
ХОД 8
======================================================================
✓ 🎮 GM: начинаем ход
GM: start_turn

--- Радиовышки: сканирование слоя Z ---
  (у команд не осталось живых радиовышек)

--- Решения ботов ---
  [Team A] Прыгун A3 (9,6,6) → SHOOT at (9,6,2)
  [Team A] Факел A4 (9,5,8) → HEAL (AoE)
  [Team A] Бурав A6 (2,6,6) → MOVE (2,3,9)
  [Team B] Артиллерия B1 (9,6,2) → SHOOT at (9,6,6)
  [Team B] Факел B4 (9,6,3) → SHOOT at (9,6,6)
  [Team B] Провокатор B7 (9,4,3) → HOLOGRAM (9,5,4)
  [Team C] Факел C4 (3,6,8) → MOVE (2,5,9)
  [Team C] Тишина C5 (2,3,9) → MOVE (2,4,8)
  [Team C] Паук C8 (2,0,6) → MOVE (2,1,6)
! 🎮 GM: принудительно завершает фазу планирования
GM: end_planning
# 
============================================================
# 🔄 ОБРАБОТКА ХОДА 8
# ============================================================
!    ⚠️ Провокатор B7: клетка (9,5,4) уже занята голограммой

📦 ПЕРЕМЕЩЕНИЯ:
✓    💥 Бурав A6 тараном уничтожил Тишина C5 в (2,3,9)
   Бурав A6: (2, 6, 6) → (2,3,9)
   Факел C4: (3, 6, 8) → (2,5,9)
   Паук C8: (2, 0, 6) → (2,1,6)

🎯 ВЫСТРЕЛЫ:
✓    ✅ Прыгун A3 поразил Факел B4 (1 урона)!
✓    ✅ Артиллерия B1 поразил Прыгун A3 (2 урона)!
   💀 Факел B4 добивает Прыгун A3
✓    ✅ Факел B4 поразил Прыгун A3 (1 урона)!
✓    💚 Факел A4 лечит Факел A4 → hits=0/6
   Выпущено ракет: 3
# 
📊 РЕЗУЛЬТАТЫ ХОДА 8:
✓ 💥 ПОПАДАНИЯ:
✓    Прыгун A3 (Team A) → Факел B4 (Team B)
✓    Артиллерия B1 (Team B) → Прыгун A3 (Team A)
✓    Факел B4 (Team B) → Прыгун A3 (Team A)

--- Результаты хода ---
  Team A / Бурав A6           → Team C / Тишина C5          @ (2,3,9)  (УБИТ)
  Team A / Прыгун A3          → Team B / Факел B4           @ (9,6,3)  (ранен)
  Team B / Артиллерия B1      → Team A / Прыгун A3          @ (9,6,6)  (УБИТ)
  Team B / Факел B4           → Team A / Прыгун A3          @ (9,6,6)  (ранен)

--- Состояние команд после хода ---
  Team A: живых 2/8
    ✓ Факел A4           @ (9,5,8) hp=6/6
    ✓ Бурав A6           @ (2,3,9) hp=4/4
    ✗ Артиллерия A1      @ (6,3,9) [уничтожен]
    ✗ Радиовышка A2      @ (2,2,8) [уничтожен]
    ✗ Прыгун A3          @ (9,6,6) [уничтожен]
    ✗ Тишина A5          @ (9,3,9) [уничтожен]
    ✗ Провокатор A7      @ (3,3,9) [уничтожен]
    ✗ Паук A8            @ (0,3,9) [уничтожен]
  Team B: живых 3/8
    ✓ Артиллерия B1      @ (9,6,2) hp=1/1
    ✓ Факел B4           @ (9,6,3) hp=5/6
    ✓ Провокатор B7      @ (9,4,3) hp=2/2
    ✗ Радиовышка B2      @ (9,6,6) [уничтожен]
    ✗ Прыгун B3          @ (8,5,8) [уничтожен]
    ✗ Тишина B5          @ (8,5,8) [уничтожен]
    ✗ Бурав B6           @ (9,4,8) [уничтожен]
    ✗ Паук B8            @ (9,6,8) [уничтожен]
  Team C: живых 2/8
    ✓ Факел C4           @ (2,5,9) hp=6/6
    ✓ Паук C8            @ (2,1,6) hp=1/1
    ✗ Артиллерия C1      @ (2,1,6) [уничтожен]
    ✗ Радиовышка C2      @ (2,4,7) [уничтожен]
    ✗ Прыгун C3          @ (3,3,9) [уничтожен]
    ✗ Тишина C5          @ (2,3,9) [уничтожен]
    ✗ Бурав C6           @ (2,3,9) [уничтожен]
    ✗ Провокатор C7      @ (2,6,6) [уничтожен]

======================================================================
ХОД 9
======================================================================
✓ 🎮 GM: начинаем ход
GM: start_turn

--- Радиовышки: сканирование слоя Z ---
  (у команд не осталось живых радиовышек)

--- Решения ботов ---
  [Team A] Факел A4 (9,5,8) → MOVE (8,4,9)
  [Team A] Бурав A6 (2,3,9) → MOVE (2,5,9)
  [Team B] Артиллерия B1 (9,6,2) → SHOOT at (9,5,5)
  [Team B] Факел B4 (9,6,3) → HEAL (AoE)
  [Team B] Провокатор B7 (9,4,3) → MOVE (9,5,4)
  [Team C] Факел C4 (2,5,9) → SHOOT at (2,3,9)
  [Team C] Паук C8 (2,1,6) → MINE (2,2,7)
! 🎮 GM: принудительно завершает фазу планирования
GM: end_planning
# 
============================================================
# 🔄 ОБРАБОТКА ХОДА 9
# ============================================================
   💣 Паук C8 установил мину M8 в (2,2,7)

📦 ПЕРЕМЕЩЕНИЯ:
   Факел A4: (9, 5, 8) → (8,4,9)
✓    💥 Бурав A6 тараном уничтожил Факел C4 в (2,5,9)
   Бурав A6: (2, 3, 9) → (2,5,9)
!    ⚠️ Провокатор B7: клетка (9,5,4) занята

🎯 ВЫСТРЕЛЫ:
✓    💚 Факел B4 лечит Факел B4 → hits=0/6
   Выпущено ракет: 1
# 
📊 РЕЗУЛЬТАТЫ ХОДА 9:
🎯 Попаданий нет

--- Результаты хода ---
  Team A / Бурав A6           → Team C / Факел C4           @ (2,5,9)  (УБИТ)

--- Состояние команд после хода ---
  Team A: живых 2/8
    ✓ Факел A4           @ (8,4,9) hp=6/6
    ✓ Бурав A6           @ (2,5,9) hp=4/4
    ✗ Артиллерия A1      @ (6,3,9) [уничтожен]
    ✗ Радиовышка A2      @ (2,2,8) [уничтожен]
    ✗ Прыгун A3          @ (9,6,6) [уничтожен]
    ✗ Тишина A5          @ (9,3,9) [уничтожен]
    ✗ Провокатор A7      @ (3,3,9) [уничтожен]
    ✗ Паук A8            @ (0,3,9) [уничтожен]
  Team B: живых 3/8
    ✓ Артиллерия B1      @ (9,6,2) hp=1/1
    ✓ Факел B4           @ (9,6,3) hp=6/6
    ✓ Провокатор B7      @ (9,4,3) hp=2/2
    ✗ Радиовышка B2      @ (9,6,6) [уничтожен]
    ✗ Прыгун B3          @ (8,5,8) [уничтожен]
    ✗ Тишина B5          @ (8,5,8) [уничтожен]
    ✗ Бурав B6           @ (9,4,8) [уничтожен]
    ✗ Паук B8            @ (9,6,8) [уничтожен]
  Team C: живых 1/8
    ✓ Паук C8            @ (2,1,6) hp=1/1
    ✗ Артиллерия C1      @ (2,1,6) [уничтожен]
    ✗ Радиовышка C2      @ (2,4,7) [уничтожен]
    ✗ Прыгун C3          @ (3,3,9) [уничтожен]
    ✗ Факел C4           @ (2,5,9) [уничтожен]
    ✗ Тишина C5          @ (2,3,9) [уничтожен]
    ✗ Бурав C6           @ (2,3,9) [уничтожен]
    ✗ Провокатор C7      @ (2,6,6) [уничтожен]

======================================================================
ХОД 10
======================================================================
✓ 🎮 GM: начинаем ход
GM: start_turn

--- Радиовышки: сканирование слоя Z ---
  (у команд не осталось живых радиовышек)

--- Решения ботов ---
  [Team A] Факел A4 (8,4,9) → MOVE (7,5,9)
  [Team A] Бурав A6 (2,5,9) → MOVE (2,4,8)
  [Team B] Артиллерия B1 (9,6,2) → SHOOT at (9,5,5)
  [Team B] Провокатор B7 (9,4,3) → MOVE (9,5,4)
  [Team B] Факел B4 → SKIP
  [Team C] Паук C8 (2,1,6) → MINE (2,2,7)
! 🎮 GM: принудительно завершает фазу планирования
GM: end_planning
# 
============================================================
# 🔄 ОБРАБОТКА ХОДА 10
# ============================================================
!    ⚠️ Паук C8: в клетке уже стоит мина

📦 ПЕРЕМЕЩЕНИЯ:
   Факел A4: (8, 4, 9) → (7,5,9)
   Бурав A6: (2, 5, 9) → (2,4,8)
!    ⚠️ Провокатор B7: клетка (9,5,4) занята

🎯 ВЫСТРЕЛЫ:
   Выпущено ракет: 1
# 
📊 РЕЗУЛЬТАТЫ ХОДА 10:
🎯 Попаданий нет

--- Результаты хода ---
  Попаданий нет

--- Состояние команд после хода ---
  Team A: живых 2/8
    ✓ Факел A4           @ (7,5,9) hp=6/6
    ✓ Бурав A6           @ (2,4,8) hp=4/4
    ✗ Артиллерия A1      @ (6,3,9) [уничтожен]
    ✗ Радиовышка A2      @ (2,2,8) [уничтожен]
    ✗ Прыгун A3          @ (9,6,6) [уничтожен]
    ✗ Тишина A5          @ (9,3,9) [уничтожен]
    ✗ Провокатор A7      @ (3,3,9) [уничтожен]
    ✗ Паук A8            @ (0,3,9) [уничтожен]
  Team B: живых 3/8
    ✓ Артиллерия B1      @ (9,6,2) hp=1/1
    ✓ Факел B4           @ (9,6,3) hp=6/6
    ✓ Провокатор B7      @ (9,4,3) hp=2/2
    ✗ Радиовышка B2      @ (9,6,6) [уничтожен]
    ✗ Прыгун B3          @ (8,5,8) [уничтожен]
    ✗ Тишина B5          @ (8,5,8) [уничтожен]
    ✗ Бурав B6           @ (9,4,8) [уничтожен]
    ✗ Паук B8            @ (9,6,8) [уничтожен]
  Team C: живых 1/8
    ✓ Паук C8            @ (2,1,6) hp=1/1
    ✗ Артиллерия C1      @ (2,1,6) [уничтожен]
    ✗ Радиовышка C2      @ (2,4,7) [уничтожен]
    ✗ Прыгун C3          @ (3,3,9) [уничтожен]
    ✗ Факел C4           @ (2,5,9) [уничтожен]
    ✗ Тишина C5          @ (2,3,9) [уничтожен]
    ✗ Бурав C6           @ (2,3,9) [уничтожен]
    ✗ Провокатор C7      @ (2,6,6) [уничтожен]

======================================================================
ХОД 11
======================================================================
✓ 🎮 GM: начинаем ход
GM: start_turn

--- Радиовышки: сканирование слоя Z ---
  (у команд не осталось живых радиовышек)

--- Решения ботов ---
  [Team A] Факел A4 (7,5,9) → MOVE (6,4,8)
  [Team A] Бурав A6 (2,4,8) → MOVE (2,3,7)
  [Team B] Артиллерия B1 (9,6,2) → SHOOT at (9,5,5)
  [Team B] Провокатор B7 (9,4,3) → MOVE (9,5,4)
  [Team B] Факел B4 → SKIP
  [Team C] Паук C8 (2,1,6) → MINE (2,2,7)
! 🎮 GM: принудительно завершает фазу планирования
GM: end_planning
# 
============================================================
# 🔄 ОБРАБОТКА ХОДА 11
# ============================================================
!    ⚠️ Паук C8: в клетке уже стоит мина

📦 ПЕРЕМЕЩЕНИЯ:
   Факел A4: (7, 5, 9) → (6,4,8)
   Бурав A6: (2, 4, 8) → (2,3,7)
!    ⚠️ Провокатор B7: клетка (9,5,4) занята

🎯 ВЫСТРЕЛЫ:
   Выпущено ракет: 1
# 
📊 РЕЗУЛЬТАТЫ ХОДА 11:
🎯 Попаданий нет

--- Результаты хода ---
  Попаданий нет

--- Состояние команд после хода ---
  Team A: живых 2/8
    ✓ Факел A4           @ (6,4,8) hp=6/6
    ✓ Бурав A6           @ (2,3,7) hp=4/4
    ✗ Артиллерия A1      @ (6,3,9) [уничтожен]
    ✗ Радиовышка A2      @ (2,2,8) [уничтожен]
    ✗ Прыгун A3          @ (9,6,6) [уничтожен]
    ✗ Тишина A5          @ (9,3,9) [уничтожен]
    ✗ Провокатор A7      @ (3,3,9) [уничтожен]
    ✗ Паук A8            @ (0,3,9) [уничтожен]
  Team B: живых 3/8
    ✓ Артиллерия B1      @ (9,6,2) hp=1/1
    ✓ Факел B4           @ (9,6,3) hp=6/6
    ✓ Провокатор B7      @ (9,4,3) hp=2/2
    ✗ Радиовышка B2      @ (9,6,6) [уничтожен]
    ✗ Прыгун B3          @ (8,5,8) [уничтожен]
    ✗ Тишина B5          @ (8,5,8) [уничтожен]
    ✗ Бурав B6           @ (9,4,8) [уничтожен]
    ✗ Паук B8            @ (9,6,8) [уничтожен]
  Team C: живых 1/8
    ✓ Паук C8            @ (2,1,6) hp=1/1
    ✗ Артиллерия C1      @ (2,1,6) [уничтожен]
    ✗ Радиовышка C2      @ (2,4,7) [уничтожен]
    ✗ Прыгун C3          @ (3,3,9) [уничтожен]
    ✗ Факел C4           @ (2,5,9) [уничтожен]
    ✗ Тишина C5          @ (2,3,9) [уничтожен]
    ✗ Бурав C6           @ (2,3,9) [уничтожен]
    ✗ Провокатор C7      @ (2,6,6) [уничтожен]

======================================================================
ХОД 12
======================================================================
✓ 🎮 GM: начинаем ход
GM: start_turn

--- Радиовышки: сканирование слоя Z ---
  (у команд не осталось живых радиовышек)

--- Решения ботов ---
  [Team A] Факел A4 (6,4,8) → MOVE (5,3,7)
  [Team A] Бурав A6 (2,3,7) → MOVE (2,2,6)
  [Team B] Артиллерия B1 (9,6,2) → SHOOT at (9,5,5)
  [Team B] Провокатор B7 (9,4,3) → MOVE (9,5,4)
  [Team B] Факел B4 → SKIP
  [Team C] Паук C8 (2,1,6) → MINE (2,2,6)
! 🎮 GM: принудительно завершает фазу планирования
GM: end_planning
# 
============================================================
# 🔄 ОБРАБОТКА ХОДА 12
# ============================================================
   💣 Паук C8 установил мину M9 в (2,2,6)

📦 ПЕРЕМЕЩЕНИЯ:
   Факел A4: (6, 4, 8) → (5,3,7)
   Бурав A6: (2, 3, 7) → (2,2,6)
!    💥 Мина M9 сработала под Бурав A6 (урон 2)
!    ⚠️ Провокатор B7: клетка (9,5,4) занята

🎯 ВЫСТРЕЛЫ:
   Выпущено ракет: 1
# 
📊 РЕЗУЛЬТАТЫ ХОДА 12:
🎯 Попаданий нет

--- Результаты хода ---
  ? / ?                  → Team A / Бурав A6           @ (2,2,6)  (ранен)

--- Состояние команд после хода ---
  Team A: живых 2/8
    ✓ Факел A4           @ (5,3,7) hp=6/6
    ✓ Бурав A6           @ (2,2,6) hp=2/4
    ✗ Артиллерия A1      @ (6,3,9) [уничтожен]
    ✗ Радиовышка A2      @ (2,2,8) [уничтожен]
    ✗ Прыгун A3          @ (9,6,6) [уничтожен]
    ✗ Тишина A5          @ (9,3,9) [уничтожен]
    ✗ Провокатор A7      @ (3,3,9) [уничтожен]
    ✗ Паук A8            @ (0,3,9) [уничтожен]
  Team B: живых 3/8
    ✓ Артиллерия B1      @ (9,6,2) hp=1/1
    ✓ Факел B4           @ (9,6,3) hp=6/6
    ✓ Провокатор B7      @ (9,4,3) hp=2/2
    ✗ Радиовышка B2      @ (9,6,6) [уничтожен]
    ✗ Прыгун B3          @ (8,5,8) [уничтожен]
    ✗ Тишина B5          @ (8,5,8) [уничтожен]
    ✗ Бурав B6           @ (9,4,8) [уничтожен]
    ✗ Паук B8            @ (9,6,8) [уничтожен]
  Team C: живых 1/8
    ✓ Паук C8            @ (2,1,6) hp=1/1
    ✗ Артиллерия C1      @ (2,1,6) [уничтожен]
    ✗ Радиовышка C2      @ (2,4,7) [уничтожен]
    ✗ Прыгун C3          @ (3,3,9) [уничтожен]
    ✗ Факел C4           @ (2,5,9) [уничтожен]
    ✗ Тишина C5          @ (2,3,9) [уничтожен]
    ✗ Бурав C6           @ (2,3,9) [уничтожен]
    ✗ Провокатор C7      @ (2,6,6) [уничтожен]

======================================================================
ХОД 13
======================================================================
✓ 🎮 GM: начинаем ход
GM: start_turn

--- Радиовышки: сканирование слоя Z ---
  (у команд не осталось живых радиовышек)

--- Решения ботов ---
  [Team A] Факел A4 (5,3,7) → MOVE (4,2,6)
  [Team A] Бурав A6 (2,2,6) → MOVE (2,1,6)
  [Team B] Артиллерия B1 (9,6,2) → SHOOT at (5,3,7)
  [Team B] Провокатор B7 (9,4,3) → HOLOGRAM (8,3,4)
  [Team B] Факел B4 → SKIP
  [Team C] Паук C8 (2,1,6) → MINE (2,2,6)
! 🎮 GM: принудительно завершает фазу планирования
GM: end_planning
# 
============================================================
# 🔄 ОБРАБОТКА ХОДА 13
# ============================================================
   🪞 Провокатор B7 создал голограмму H8 в (8,3,4)
!    ⚠️ Паук C8: клетка (2,2,6) занята кораблём

📦 ПЕРЕМЕЩЕНИЯ:
   Факел A4: (5, 3, 7) → (4,2,6)
✓    💥 Бурав A6 тараном уничтожил Паук C8 в (2,1,6)
   Бурав A6: (2, 2, 6) → (2,1,6)

🎯 ВЫСТРЕЛЫ:
   Выпущено ракет: 1
# 
📊 РЕЗУЛЬТАТЫ ХОДА 13:
🎯 Попаданий нет

--- Результаты хода ---
  Team A / Бурав A6           → Team C / Паук C8            @ (2,1,6)  (УБИТ)

--- Состояние команд после хода ---
  Team A: живых 2/8
    ✓ Факел A4           @ (4,2,6) hp=6/6
    ✓ Бурав A6           @ (2,1,6) hp=2/4
    ✗ Артиллерия A1      @ (6,3,9) [уничтожен]
    ✗ Радиовышка A2      @ (2,2,8) [уничтожен]
    ✗ Прыгун A3          @ (9,6,6) [уничтожен]
    ✗ Тишина A5          @ (9,3,9) [уничтожен]
    ✗ Провокатор A7      @ (3,3,9) [уничтожен]
    ✗ Паук A8            @ (0,3,9) [уничтожен]
  Team B: живых 3/8
    ✓ Артиллерия B1      @ (9,6,2) hp=1/1
    ✓ Факел B4           @ (9,6,3) hp=6/6
    ✓ Провокатор B7      @ (9,4,3) hp=2/2
    ✗ Радиовышка B2      @ (9,6,6) [уничтожен]
    ✗ Прыгун B3          @ (8,5,8) [уничтожен]
    ✗ Тишина B5          @ (8,5,8) [уничтожен]
    ✗ Бурав B6           @ (9,4,8) [уничтожен]
    ✗ Паук B8            @ (9,6,8) [уничтожен]
  Team C: живых 0/8
    ✗ Артиллерия C1      @ (2,1,6) [уничтожен]
    ✗ Радиовышка C2      @ (2,4,7) [уничтожен]
    ✗ Прыгун C3          @ (3,3,9) [уничтожен]
    ✗ Факел C4           @ (2,5,9) [уничтожен]
    ✗ Тишина C5          @ (2,3,9) [уничтожен]
    ✗ Бурав C6           @ (2,3,9) [уничтожен]
    ✗ Провокатор C7      @ (2,6,6) [уничтожен]
    ✗ Паук C8            @ (2,1,6) [уничтожен]

======================================================================
ХОД 14
======================================================================
✓ 🎮 GM: начинаем ход
GM: start_turn

--- Радиовышки: сканирование слоя Z ---
  (у команд не осталось живых радиовышек)

--- Решения ботов ---
  [Team A] Факел A4 (4,2,6) → HEAL (AoE)
  [Team A] Бурав A6 (2,1,6) → MOVE (3,2,5)
  [Team B] Артиллерия B1 (9,6,2) → SHOOT at (7,5,5)
  [Team B] Провокатор B7 (9,4,3) → MOVE (8,3,4)
  [Team B] Факел B4 → SKIP
  [Team C] все корабли пропускают ход
! 🎮 GM: принудительно завершает фазу планирования
GM: end_planning
# 
============================================================
# 🔄 ОБРАБОТКА ХОДА 14
# ============================================================

📦 ПЕРЕМЕЩЕНИЯ:
!    ⚠️ Бурав A6: Бурав двигается только по 1 оси или по 2 осям строго диагонально
!    ⚠️ Провокатор B7: клетка (8,3,4) занята

🎯 ВЫСТРЕЛЫ:
✓    💚 Факел A4 лечит Бурав A6 → hits=1/4
   Выпущено ракет: 1
# 
📊 РЕЗУЛЬТАТЫ ХОДА 14:
🎯 Попаданий нет

--- Результаты хода ---
  Попаданий нет

--- Состояние команд после хода ---
  Team A: живых 2/8
    ✓ Факел A4           @ (4,2,6) hp=6/6
    ✓ Бурав A6           @ (2,1,6) hp=3/4
    ✗ Артиллерия A1      @ (6,3,9) [уничтожен]
    ✗ Радиовышка A2      @ (2,2,8) [уничтожен]
    ✗ Прыгун A3          @ (9,6,6) [уничтожен]
    ✗ Тишина A5          @ (9,3,9) [уничтожен]
    ✗ Провокатор A7      @ (3,3,9) [уничтожен]
    ✗ Паук A8            @ (0,3,9) [уничтожен]
  Team B: живых 3/8
    ✓ Артиллерия B1      @ (9,6,2) hp=1/1
    ✓ Факел B4           @ (9,6,3) hp=6/6
    ✓ Провокатор B7      @ (9,4,3) hp=2/2
    ✗ Радиовышка B2      @ (9,6,6) [уничтожен]
    ✗ Прыгун B3          @ (8,5,8) [уничтожен]
    ✗ Тишина B5          @ (8,5,8) [уничтожен]
    ✗ Бурав B6           @ (9,4,8) [уничтожен]
    ✗ Паук B8            @ (9,6,8) [уничтожен]
  Team C: живых 0/8
    ✗ Артиллерия C1      @ (2,1,6) [уничтожен]
    ✗ Радиовышка C2      @ (2,4,7) [уничтожен]
    ✗ Прыгун C3          @ (3,3,9) [уничтожен]
    ✗ Факел C4           @ (2,5,9) [уничтожен]
    ✗ Тишина C5          @ (2,3,9) [уничтожен]
    ✗ Бурав C6           @ (2,3,9) [уничтожен]
    ✗ Провокатор C7      @ (2,6,6) [уничтожен]
    ✗ Паук C8            @ (2,1,6) [уничтожен]

======================================================================
ХОД 15
======================================================================
✓ 🎮 GM: начинаем ход
GM: start_turn

--- Радиовышки: сканирование слоя Z ---
  (у команд не осталось живых радиовышек)

--- Решения ботов ---
  [Team A] Факел A4 (4,2,6) → HEAL (AoE)
  [Team A] Бурав A6 (2,1,6) → MOVE (3,2,5)
  [Team B] Артиллерия B1 (9,6,2) → SHOOT at (8,6,4)
  [Team B] Провокатор B7 (9,4,3) → MOVE (8,3,4)
  [Team B] Факел B4 → SKIP
  [Team C] все корабли пропускают ход
! 🎮 GM: принудительно завершает фазу планирования
GM: end_planning
# 
============================================================
# 🔄 ОБРАБОТКА ХОДА 15
# ============================================================

📦 ПЕРЕМЕЩЕНИЯ:
!    ⚠️ Бурав A6: Бурав двигается только по 1 оси или по 2 осям строго диагонально
!    ⚠️ Провокатор B7: клетка (8,3,4) занята

🎯 ВЫСТРЕЛЫ:
✓    💚 Факел A4 лечит Бурав A6 → hits=0/4
   Выпущено ракет: 1
# 
📊 РЕЗУЛЬТАТЫ ХОДА 15:
🎯 Попаданий нет

--- Результаты хода ---
  Попаданий нет

--- Состояние команд после хода ---
  Team A: живых 2/8
    ✓ Факел A4           @ (4,2,6) hp=6/6
    ✓ Бурав A6           @ (2,1,6) hp=4/4
    ✗ Артиллерия A1      @ (6,3,9) [уничтожен]
    ✗ Радиовышка A2      @ (2,2,8) [уничтожен]
    ✗ Прыгун A3          @ (9,6,6) [уничтожен]
    ✗ Тишина A5          @ (9,3,9) [уничтожен]
    ✗ Провокатор A7      @ (3,3,9) [уничтожен]
    ✗ Паук A8            @ (0,3,9) [уничтожен]
  Team B: живых 3/8
    ✓ Артиллерия B1      @ (9,6,2) hp=1/1
    ✓ Факел B4           @ (9,6,3) hp=6/6
    ✓ Провокатор B7      @ (9,4,3) hp=2/2
    ✗ Радиовышка B2      @ (9,6,6) [уничтожен]
    ✗ Прыгун B3          @ (8,5,8) [уничтожен]
    ✗ Тишина B5          @ (8,5,8) [уничтожен]
    ✗ Бурав B6           @ (9,4,8) [уничтожен]
    ✗ Паук B8            @ (9,6,8) [уничтожен]
  Team C: живых 0/8
    ✗ Артиллерия C1      @ (2,1,6) [уничтожен]
    ✗ Радиовышка C2      @ (2,4,7) [уничтожен]
    ✗ Прыгун C3          @ (3,3,9) [уничтожен]
    ✗ Факел C4           @ (2,5,9) [уничтожен]
    ✗ Тишина C5          @ (2,3,9) [уничтожен]
    ✗ Бурав C6           @ (2,3,9) [уничтожен]
    ✗ Провокатор C7      @ (2,6,6) [уничтожен]
    ✗ Паук C8            @ (2,1,6) [уничтожен]

======================================================================
ХОД 16
======================================================================
✓ 🎮 GM: начинаем ход
GM: start_turn

--- Радиовышки: сканирование слоя Z ---
  (у команд не осталось живых радиовышек)

--- Решения ботов ---
  [Team A] Факел A4 (4,2,6) → MOVE (3,1,6)
  [Team A] Бурав A6 (2,1,6) → MOVE (3,2,5)
  [Team B] Артиллерия B1 (9,6,2) → SHOOT at (8,6,4)
  [Team B] Провокатор B7 (9,4,3) → MOVE (8,3,4)
  [Team B] Факел B4 → SKIP
  [Team C] все корабли пропускают ход
! 🎮 GM: принудительно завершает фазу планирования
GM: end_planning
# 
============================================================
# 🔄 ОБРАБОТКА ХОДА 16
# ============================================================

📦 ПЕРЕМЕЩЕНИЯ:
   Факел A4: (4, 2, 6) → (3,1,6)
!    ⚠️ Бурав A6: Бурав двигается только по 1 оси или по 2 осям строго диагонально
!    ⚠️ Провокатор B7: клетка (8,3,4) занята

🎯 ВЫСТРЕЛЫ:
   Выпущено ракет: 1
# 
📊 РЕЗУЛЬТАТЫ ХОДА 16:
🎯 Попаданий нет

--- Результаты хода ---
  Попаданий нет

--- Состояние команд после хода ---
  Team A: живых 2/8
    ✓ Факел A4           @ (3,1,6) hp=6/6
    ✓ Бурав A6           @ (2,1,6) hp=4/4
    ✗ Артиллерия A1      @ (6,3,9) [уничтожен]
    ✗ Радиовышка A2      @ (2,2,8) [уничтожен]
    ✗ Прыгун A3          @ (9,6,6) [уничтожен]
    ✗ Тишина A5          @ (9,3,9) [уничтожен]
    ✗ Провокатор A7      @ (3,3,9) [уничтожен]
    ✗ Паук A8            @ (0,3,9) [уничтожен]
  Team B: живых 3/8
    ✓ Артиллерия B1      @ (9,6,2) hp=1/1
    ✓ Факел B4           @ (9,6,3) hp=6/6
    ✓ Провокатор B7      @ (9,4,3) hp=2/2
    ✗ Радиовышка B2      @ (9,6,6) [уничтожен]
    ✗ Прыгун B3          @ (8,5,8) [уничтожен]
    ✗ Тишина B5          @ (8,5,8) [уничтожен]
    ✗ Бурав B6           @ (9,4,8) [уничтожен]
    ✗ Паук B8            @ (9,6,8) [уничтожен]
  Team C: живых 0/8
    ✗ Артиллерия C1      @ (2,1,6) [уничтожен]
    ✗ Радиовышка C2      @ (2,4,7) [уничтожен]
    ✗ Прыгун C3          @ (3,3,9) [уничтожен]
    ✗ Факел C4           @ (2,5,9) [уничтожен]
    ✗ Тишина C5          @ (2,3,9) [уничтожен]
    ✗ Бурав C6           @ (2,3,9) [уничтожен]
    ✗ Провокатор C7      @ (2,6,6) [уничтожен]
    ✗ Паук C8            @ (2,1,6) [уничтожен]

======================================================================
ХОД 17
======================================================================
✓ 🎮 GM: начинаем ход
GM: start_turn

--- Радиовышки: сканирование слоя Z ---
  (у команд не осталось живых радиовышек)

--- Решения ботов ---
  [Team A] Бурав A6 (2,1,6) → MOVE (3,2,5)
  [Team A] Факел A4 → SKIP
  [Team B] Артиллерия B1 (9,6,2) → SHOOT at (8,6,4)
  [Team B] Провокатор B7 (9,4,3) → MOVE (8,3,4)
  [Team B] Факел B4 → SKIP
  [Team C] все корабли пропускают ход
! 🎮 GM: принудительно завершает фазу планирования
GM: end_planning
# 
============================================================
# 🔄 ОБРАБОТКА ХОДА 17
# ============================================================

📦 ПЕРЕМЕЩЕНИЯ:
!    ⚠️ Бурав A6: Бурав двигается только по 1 оси или по 2 осям строго диагонально
!    ⚠️ Провокатор B7: клетка (8,3,4) занята

🎯 ВЫСТРЕЛЫ:
   Выпущено ракет: 1
# 
📊 РЕЗУЛЬТАТЫ ХОДА 17:
🎯 Попаданий нет

--- Результаты хода ---
  Попаданий нет

--- Состояние команд после хода ---
  Team A: живых 2/8
    ✓ Факел A4           @ (3,1,6) hp=6/6
    ✓ Бурав A6           @ (2,1,6) hp=4/4
    ✗ Артиллерия A1      @ (6,3,9) [уничтожен]
    ✗ Радиовышка A2      @ (2,2,8) [уничтожен]
    ✗ Прыгун A3          @ (9,6,6) [уничтожен]
    ✗ Тишина A5          @ (9,3,9) [уничтожен]
    ✗ Провокатор A7      @ (3,3,9) [уничтожен]
    ✗ Паук A8            @ (0,3,9) [уничтожен]
  Team B: живых 3/8
    ✓ Артиллерия B1      @ (9,6,2) hp=1/1
    ✓ Факел B4           @ (9,6,3) hp=6/6
    ✓ Провокатор B7      @ (9,4,3) hp=2/2
    ✗ Радиовышка B2      @ (9,6,6) [уничтожен]
    ✗ Прыгун B3          @ (8,5,8) [уничтожен]
    ✗ Тишина B5          @ (8,5,8) [уничтожен]
    ✗ Бурав B6           @ (9,4,8) [уничтожен]
    ✗ Паук B8            @ (9,6,8) [уничтожен]
  Team C: живых 0/8
    ✗ Артиллерия C1      @ (2,1,6) [уничтожен]
    ✗ Радиовышка C2      @ (2,4,7) [уничтожен]
    ✗ Прыгун C3          @ (3,3,9) [уничтожен]
    ✗ Факел C4           @ (2,5,9) [уничтожен]
    ✗ Тишина C5          @ (2,3,9) [уничтожен]
    ✗ Бурав C6           @ (2,3,9) [уничтожен]
    ✗ Провокатор C7      @ (2,6,6) [уничтожен]
    ✗ Паук C8            @ (2,1,6) [уничтожен]

======================================================================
ХОД 18
======================================================================
✓ 🎮 GM: начинаем ход
GM: start_turn

--- Радиовышки: сканирование слоя Z ---
  (у команд не осталось живых радиовышек)

--- Решения ботов ---
  [Team A] Бурав A6 (2,1,6) → MOVE (3,2,5)
  [Team A] Факел A4 → SKIP
  [Team B] Артиллерия B1 (9,6,2) → SHOOT at (8,6,4)
  [Team B] Провокатор B7 (9,4,3) → MOVE (8,3,4)
  [Team B] Факел B4 → SKIP
  [Team C] все корабли пропускают ход
! 🎮 GM: принудительно завершает фазу планирования
GM: end_planning
# 
============================================================
# 🔄 ОБРАБОТКА ХОДА 18
# ============================================================

📦 ПЕРЕМЕЩЕНИЯ:
!    ⚠️ Бурав A6: Бурав двигается только по 1 оси или по 2 осям строго диагонально
!    ⚠️ Провокатор B7: клетка (8,3,4) занята

🎯 ВЫСТРЕЛЫ:
   Выпущено ракет: 1
# 
📊 РЕЗУЛЬТАТЫ ХОДА 18:
🎯 Попаданий нет

--- Результаты хода ---
  Попаданий нет

--- Состояние команд после хода ---
  Team A: живых 2/8
    ✓ Факел A4           @ (3,1,6) hp=6/6
    ✓ Бурав A6           @ (2,1,6) hp=4/4
    ✗ Артиллерия A1      @ (6,3,9) [уничтожен]
    ✗ Радиовышка A2      @ (2,2,8) [уничтожен]
    ✗ Прыгун A3          @ (9,6,6) [уничтожен]
    ✗ Тишина A5          @ (9,3,9) [уничтожен]
    ✗ Провокатор A7      @ (3,3,9) [уничтожен]
    ✗ Паук A8            @ (0,3,9) [уничтожен]
  Team B: живых 3/8
    ✓ Артиллерия B1      @ (9,6,2) hp=1/1
    ✓ Факел B4           @ (9,6,3) hp=6/6
    ✓ Провокатор B7      @ (9,4,3) hp=2/2
    ✗ Радиовышка B2      @ (9,6,6) [уничтожен]
    ✗ Прыгун B3          @ (8,5,8) [уничтожен]
    ✗ Тишина B5          @ (8,5,8) [уничтожен]
    ✗ Бурав B6           @ (9,4,8) [уничтожен]
    ✗ Паук B8            @ (9,6,8) [уничтожен]
  Team C: живых 0/8
    ✗ Артиллерия C1      @ (2,1,6) [уничтожен]
    ✗ Радиовышка C2      @ (2,4,7) [уничтожен]
    ✗ Прыгун C3          @ (3,3,9) [уничтожен]
    ✗ Факел C4           @ (2,5,9) [уничтожен]
    ✗ Тишина C5          @ (2,3,9) [уничтожен]
    ✗ Бурав C6           @ (2,3,9) [уничтожен]
    ✗ Провокатор C7      @ (2,6,6) [уничтожен]
    ✗ Паук C8            @ (2,1,6) [уничтожен]

======================================================================
ХОД 19
======================================================================
✓ 🎮 GM: начинаем ход
GM: start_turn

--- Радиовышки: сканирование слоя Z ---
  (у команд не осталось живых радиовышек)

--- Решения ботов ---
  [Team A] Бурав A6 (2,1,6) → MOVE (3,2,5)
  [Team A] Факел A4 → SKIP
  [Team B] Артиллерия B1 (9,6,2) → SHOOT at (8,6,4)
  [Team B] Провокатор B7 (9,4,3) → MOVE (8,3,4)
  [Team B] Факел B4 → SKIP
  [Team C] все корабли пропускают ход
! 🎮 GM: принудительно завершает фазу планирования
GM: end_planning
# 
============================================================
# 🔄 ОБРАБОТКА ХОДА 19
# ============================================================

📦 ПЕРЕМЕЩЕНИЯ:
!    ⚠️ Бурав A6: Бурав двигается только по 1 оси или по 2 осям строго диагонально
!    ⚠️ Провокатор B7: клетка (8,3,4) занята

🎯 ВЫСТРЕЛЫ:
   Выпущено ракет: 1
# 
📊 РЕЗУЛЬТАТЫ ХОДА 19:
🎯 Попаданий нет

--- Результаты хода ---
  Попаданий нет

--- Состояние команд после хода ---
  Team A: живых 2/8
    ✓ Факел A4           @ (3,1,6) hp=6/6
    ✓ Бурав A6           @ (2,1,6) hp=4/4
    ✗ Артиллерия A1      @ (6,3,9) [уничтожен]
    ✗ Радиовышка A2      @ (2,2,8) [уничтожен]
    ✗ Прыгун A3          @ (9,6,6) [уничтожен]
    ✗ Тишина A5          @ (9,3,9) [уничтожен]
    ✗ Провокатор A7      @ (3,3,9) [уничтожен]
    ✗ Паук A8            @ (0,3,9) [уничтожен]
  Team B: живых 3/8
    ✓ Артиллерия B1      @ (9,6,2) hp=1/1
    ✓ Факел B4           @ (9,6,3) hp=6/6
    ✓ Провокатор B7      @ (9,4,3) hp=2/2
    ✗ Радиовышка B2      @ (9,6,6) [уничтожен]
    ✗ Прыгун B3          @ (8,5,8) [уничтожен]
    ✗ Тишина B5          @ (8,5,8) [уничтожен]
    ✗ Бурав B6           @ (9,4,8) [уничтожен]
    ✗ Паук B8            @ (9,6,8) [уничтожен]
  Team C: живых 0/8
    ✗ Артиллерия C1      @ (2,1,6) [уничтожен]
    ✗ Радиовышка C2      @ (2,4,7) [уничтожен]
    ✗ Прыгун C3          @ (3,3,9) [уничтожен]
    ✗ Факел C4           @ (2,5,9) [уничтожен]
    ✗ Тишина C5          @ (2,3,9) [уничтожен]
    ✗ Бурав C6           @ (2,3,9) [уничтожен]
    ✗ Провокатор C7      @ (2,6,6) [уничтожен]
    ✗ Паук C8            @ (2,1,6) [уничтожен]

======================================================================
ХОД 20
======================================================================
✓ 🎮 GM: начинаем ход
GM: start_turn

--- Радиовышки: сканирование слоя Z ---
  (у команд не осталось живых радиовышек)

--- Решения ботов ---
  [Team A] Бурав A6 (2,1,6) → MOVE (3,2,5)
  [Team A] Факел A4 → SKIP
  [Team B] Артиллерия B1 (9,6,2) → SHOOT at (7,9,4)
  [Team B] Провокатор B7 (9,4,3) → MOVE (8,5,4)
  [Team B] Факел B4 → SKIP
  [Team C] все корабли пропускают ход
! 🎮 GM: принудительно завершает фазу планирования
GM: end_planning
# 
============================================================
# 🔄 ОБРАБОТКА ХОДА 20
# ============================================================

📦 ПЕРЕМЕЩЕНИЯ:
!    ⚠️ Бурав A6: Бурав двигается только по 1 оси или по 2 осям строго диагонально
!    ⚠️ Провокатор B7: клетка (8,5,4) занята

🎯 ВЫСТРЕЛЫ:
   Выпущено ракет: 1
# 
📊 РЕЗУЛЬТАТЫ ХОДА 20:
🎯 Попаданий нет

--- Результаты хода ---
  Попаданий нет

--- Состояние команд после хода ---
  Team A: живых 2/8
    ✓ Факел A4           @ (3,1,6) hp=6/6
    ✓ Бурав A6           @ (2,1,6) hp=4/4
    ✗ Артиллерия A1      @ (6,3,9) [уничтожен]
    ✗ Радиовышка A2      @ (2,2,8) [уничтожен]
    ✗ Прыгун A3          @ (9,6,6) [уничтожен]
    ✗ Тишина A5          @ (9,3,9) [уничтожен]
    ✗ Провокатор A7      @ (3,3,9) [уничтожен]
    ✗ Паук A8            @ (0,3,9) [уничтожен]
  Team B: живых 3/8
    ✓ Артиллерия B1      @ (9,6,2) hp=1/1
    ✓ Факел B4           @ (9,6,3) hp=6/6
    ✓ Провокатор B7      @ (9,4,3) hp=2/2
    ✗ Радиовышка B2      @ (9,6,6) [уничтожен]
    ✗ Прыгун B3          @ (8,5,8) [уничтожен]
    ✗ Тишина B5          @ (8,5,8) [уничтожен]
    ✗ Бурав B6           @ (9,4,8) [уничтожен]
    ✗ Паук B8            @ (9,6,8) [уничтожен]
  Team C: живых 0/8
    ✗ Артиллерия C1      @ (2,1,6) [уничтожен]
    ✗ Радиовышка C2      @ (2,4,7) [уничтожен]
    ✗ Прыгун C3          @ (3,3,9) [уничтожен]
    ✗ Факел C4           @ (2,5,9) [уничтожен]
    ✗ Тишина C5          @ (2,3,9) [уничтожен]
    ✗ Бурав C6           @ (2,3,9) [уничтожен]
    ✗ Провокатор C7      @ (2,6,6) [уничтожен]
    ✗ Паук C8            @ (2,1,6) [уничтожен]

======================================================================
ХОД 21
======================================================================
✓ 🎮 GM: начинаем ход
GM: start_turn

--- Радиовышки: сканирование слоя Z ---
  (у команд не осталось живых радиовышек)

--- Решения ботов ---
  [Team A] Бурав A6 (2,1,6) → MOVE (3,2,5)
  [Team A] Факел A4 → SKIP
  [Team B] Артиллерия B1 (9,6,2) → SHOOT at (4,9,5)
  [Team B] Провокатор B7 (9,4,3) → MOVE (8,5,4)
  [Team B] Факел B4 → SKIP
  [Team C] все корабли пропускают ход
! 🎮 GM: принудительно завершает фазу планирования
GM: end_planning
# 
============================================================
# 🔄 ОБРАБОТКА ХОДА 21
# ============================================================

📦 ПЕРЕМЕЩЕНИЯ:
!    ⚠️ Бурав A6: Бурав двигается только по 1 оси или по 2 осям строго диагонально
!    ⚠️ Провокатор B7: клетка (8,5,4) занята

🎯 ВЫСТРЕЛЫ:
   Выпущено ракет: 1
# 
📊 РЕЗУЛЬТАТЫ ХОДА 21:
🎯 Попаданий нет

--- Результаты хода ---
  Попаданий нет

--- Состояние команд после хода ---
  Team A: живых 2/8
    ✓ Факел A4           @ (3,1,6) hp=6/6
    ✓ Бурав A6           @ (2,1,6) hp=4/4
    ✗ Артиллерия A1      @ (6,3,9) [уничтожен]
    ✗ Радиовышка A2      @ (2,2,8) [уничтожен]
    ✗ Прыгун A3          @ (9,6,6) [уничтожен]
    ✗ Тишина A5          @ (9,3,9) [уничтожен]
    ✗ Провокатор A7      @ (3,3,9) [уничтожен]
    ✗ Паук A8            @ (0,3,9) [уничтожен]
  Team B: живых 3/8
    ✓ Артиллерия B1      @ (9,6,2) hp=1/1
    ✓ Факел B4           @ (9,6,3) hp=6/6
    ✓ Провокатор B7      @ (9,4,3) hp=2/2
    ✗ Радиовышка B2      @ (9,6,6) [уничтожен]
    ✗ Прыгун B3          @ (8,5,8) [уничтожен]
    ✗ Тишина B5          @ (8,5,8) [уничтожен]
    ✗ Бурав B6           @ (9,4,8) [уничтожен]
    ✗ Паук B8            @ (9,6,8) [уничтожен]
  Team C: живых 0/8
    ✗ Артиллерия C1      @ (2,1,6) [уничтожен]
    ✗ Радиовышка C2      @ (2,4,7) [уничтожен]
    ✗ Прыгун C3          @ (3,3,9) [уничтожен]
    ✗ Факел C4           @ (2,5,9) [уничтожен]
    ✗ Тишина C5          @ (2,3,9) [уничтожен]
    ✗ Бурав C6           @ (2,3,9) [уничтожен]
    ✗ Провокатор C7      @ (2,6,6) [уничтожен]
    ✗ Паук C8            @ (2,1,6) [уничтожен]

======================================================================
ХОД 22
======================================================================
✓ 🎮 GM: начинаем ход
GM: start_turn

--- Радиовышки: сканирование слоя Z ---
  (у команд не осталось живых радиовышек)

--- Решения ботов ---
  [Team A] Бурав A6 (2,1,6) → MOVE (3,2,5)
  [Team A] Факел A4 → SKIP
  [Team B] Артиллерия B1 (9,6,2) → SHOOT at (4,9,5)
  [Team B] Провокатор B7 (9,4,3) → MOVE (8,5,4)
  [Team B] Факел B4 → SKIP
  [Team C] все корабли пропускают ход
! 🎮 GM: принудительно завершает фазу планирования
GM: end_planning
# 
============================================================
# 🔄 ОБРАБОТКА ХОДА 22
# ============================================================

📦 ПЕРЕМЕЩЕНИЯ:
!    ⚠️ Бурав A6: Бурав двигается только по 1 оси или по 2 осям строго диагонально
!    ⚠️ Провокатор B7: клетка (8,5,4) занята

🎯 ВЫСТРЕЛЫ:
   Выпущено ракет: 1
# 
📊 РЕЗУЛЬТАТЫ ХОДА 22:
🎯 Попаданий нет

--- Результаты хода ---
  Попаданий нет

--- Состояние команд после хода ---
  Team A: живых 2/8
    ✓ Факел A4           @ (3,1,6) hp=6/6
    ✓ Бурав A6           @ (2,1,6) hp=4/4
    ✗ Артиллерия A1      @ (6,3,9) [уничтожен]
    ✗ Радиовышка A2      @ (2,2,8) [уничтожен]
    ✗ Прыгун A3          @ (9,6,6) [уничтожен]
    ✗ Тишина A5          @ (9,3,9) [уничтожен]
    ✗ Провокатор A7      @ (3,3,9) [уничтожен]
    ✗ Паук A8            @ (0,3,9) [уничтожен]
  Team B: живых 3/8
    ✓ Артиллерия B1      @ (9,6,2) hp=1/1
    ✓ Факел B4           @ (9,6,3) hp=6/6
    ✓ Провокатор B7      @ (9,4,3) hp=2/2
    ✗ Радиовышка B2      @ (9,6,6) [уничтожен]
    ✗ Прыгун B3          @ (8,5,8) [уничтожен]
    ✗ Тишина B5          @ (8,5,8) [уничтожен]
    ✗ Бурав B6           @ (9,4,8) [уничтожен]
    ✗ Паук B8            @ (9,6,8) [уничтожен]
  Team C: живых 0/8
    ✗ Артиллерия C1      @ (2,1,6) [уничтожен]
    ✗ Радиовышка C2      @ (2,4,7) [уничтожен]
    ✗ Прыгун C3          @ (3,3,9) [уничтожен]
    ✗ Факел C4           @ (2,5,9) [уничтожен]
    ✗ Тишина C5          @ (2,3,9) [уничтожен]
    ✗ Бурав C6           @ (2,3,9) [уничтожен]
    ✗ Провокатор C7      @ (2,6,6) [уничтожен]
    ✗ Паук C8            @ (2,1,6) [уничтожен]

======================================================================
ХОД 23
======================================================================
✓ 🎮 GM: начинаем ход
GM: start_turn

--- Радиовышки: сканирование слоя Z ---
  (у команд не осталось живых радиовышек)

--- Решения ботов ---
  [Team A] Бурав A6 (2,1,6) → MOVE (3,2,5)
  [Team A] Факел A4 → SKIP
  [Team B] Артиллерия B1 (9,6,2) → SHOOT at (0,0,1)
  [Team B] Провокатор B7 (9,4,3) → MOVE (8,5,4)
  [Team B] Факел B4 → SKIP
  [Team C] все корабли пропускают ход
! 🎮 GM: принудительно завершает фазу планирования
GM: end_planning
# 
============================================================
# 🔄 ОБРАБОТКА ХОДА 23
# ============================================================

📦 ПЕРЕМЕЩЕНИЯ:
!    ⚠️ Бурав A6: Бурав двигается только по 1 оси или по 2 осям строго диагонально
!    ⚠️ Провокатор B7: клетка (8,5,4) занята

🎯 ВЫСТРЕЛЫ:
   Выпущено ракет: 1
# 
📊 РЕЗУЛЬТАТЫ ХОДА 23:
🎯 Попаданий нет

--- Результаты хода ---
  Попаданий нет

--- Состояние команд после хода ---
  Team A: живых 2/8
    ✓ Факел A4           @ (3,1,6) hp=6/6
    ✓ Бурав A6           @ (2,1,6) hp=4/4
    ✗ Артиллерия A1      @ (6,3,9) [уничтожен]
    ✗ Радиовышка A2      @ (2,2,8) [уничтожен]
    ✗ Прыгун A3          @ (9,6,6) [уничтожен]
    ✗ Тишина A5          @ (9,3,9) [уничтожен]
    ✗ Провокатор A7      @ (3,3,9) [уничтожен]
    ✗ Паук A8            @ (0,3,9) [уничтожен]
  Team B: живых 3/8
    ✓ Артиллерия B1      @ (9,6,2) hp=1/1
    ✓ Факел B4           @ (9,6,3) hp=6/6
    ✓ Провокатор B7      @ (9,4,3) hp=2/2
    ✗ Радиовышка B2      @ (9,6,6) [уничтожен]
    ✗ Прыгун B3          @ (8,5,8) [уничтожен]
    ✗ Тишина B5          @ (8,5,8) [уничтожен]
    ✗ Бурав B6           @ (9,4,8) [уничтожен]
    ✗ Паук B8            @ (9,6,8) [уничтожен]
  Team C: живых 0/8
    ✗ Артиллерия C1      @ (2,1,6) [уничтожен]
    ✗ Радиовышка C2      @ (2,4,7) [уничтожен]
    ✗ Прыгун C3          @ (3,3,9) [уничтожен]
    ✗ Факел C4           @ (2,5,9) [уничтожен]
    ✗ Тишина C5          @ (2,3,9) [уничтожен]
    ✗ Бурав C6           @ (2,3,9) [уничтожен]
    ✗ Провокатор C7      @ (2,6,6) [уничтожен]
    ✗ Паук C8            @ (2,1,6) [уничтожен]

======================================================================
ХОД 24
======================================================================
✓ 🎮 GM: начинаем ход
GM: start_turn

--- Радиовышки: сканирование слоя Z ---
  (у команд не осталось живых радиовышек)

--- Решения ботов ---
  [Team A] Бурав A6 (2,1,6) → MOVE (3,2,5)
  [Team A] Факел A4 → SKIP
  [Team B] Артиллерия B1 (9,6,2) → SHOOT at (0,0,0)
  [Team B] Провокатор B7 (9,4,3) → MOVE (8,5,4)
  [Team B] Факел B4 → SKIP
  [Team C] все корабли пропускают ход
! 🎮 GM: принудительно завершает фазу планирования
GM: end_planning
# 
============================================================
# 🔄 ОБРАБОТКА ХОДА 24
# ============================================================

📦 ПЕРЕМЕЩЕНИЯ:
!    ⚠️ Бурав A6: Бурав двигается только по 1 оси или по 2 осям строго диагонально
!    ⚠️ Провокатор B7: клетка (8,5,4) занята

🎯 ВЫСТРЕЛЫ:
   Выпущено ракет: 1
# 
📊 РЕЗУЛЬТАТЫ ХОДА 24:
🎯 Попаданий нет

--- Результаты хода ---
  Попаданий нет

--- Состояние команд после хода ---
  Team A: живых 2/8
    ✓ Факел A4           @ (3,1,6) hp=6/6
    ✓ Бурав A6           @ (2,1,6) hp=4/4
    ✗ Артиллерия A1      @ (6,3,9) [уничтожен]
    ✗ Радиовышка A2      @ (2,2,8) [уничтожен]
    ✗ Прыгун A3          @ (9,6,6) [уничтожен]
    ✗ Тишина A5          @ (9,3,9) [уничтожен]
    ✗ Провокатор A7      @ (3,3,9) [уничтожен]
    ✗ Паук A8            @ (0,3,9) [уничтожен]
  Team B: живых 3/8
    ✓ Артиллерия B1      @ (9,6,2) hp=1/1
    ✓ Факел B4           @ (9,6,3) hp=6/6
    ✓ Провокатор B7      @ (9,4,3) hp=2/2
    ✗ Радиовышка B2      @ (9,6,6) [уничтожен]
    ✗ Прыгун B3          @ (8,5,8) [уничтожен]
    ✗ Тишина B5          @ (8,5,8) [уничтожен]
    ✗ Бурав B6           @ (9,4,8) [уничтожен]
    ✗ Паук B8            @ (9,6,8) [уничтожен]
  Team C: живых 0/8
    ✗ Артиллерия C1      @ (2,1,6) [уничтожен]
    ✗ Радиовышка C2      @ (2,4,7) [уничтожен]
    ✗ Прыгун C3          @ (3,3,9) [уничтожен]
    ✗ Факел C4           @ (2,5,9) [уничтожен]
    ✗ Тишина C5          @ (2,3,9) [уничтожен]
    ✗ Бурав C6           @ (2,3,9) [уничтожен]
    ✗ Провокатор C7      @ (2,6,6) [уничтожен]
    ✗ Паук C8            @ (2,1,6) [уничтожен]

======================================================================
ХОД 25
======================================================================
✓ 🎮 GM: начинаем ход
GM: start_turn

--- Радиовышки: сканирование слоя Z ---
  (у команд не осталось живых радиовышек)

--- Решения ботов ---
  [Team A] Бурав A6 (2,1,6) → MOVE (3,2,5)
  [Team A] Факел A4 → SKIP
  [Team B] Артиллерия B1 (9,6,2) → SHOOT at (0,0,1)
  [Team B] Провокатор B7 (9,4,3) → MOVE (8,5,4)
  [Team B] Факел B4 → SKIP
  [Team C] все корабли пропускают ход
! 🎮 GM: принудительно завершает фазу планирования
GM: end_planning
# 
============================================================
# 🔄 ОБРАБОТКА ХОДА 25
# ============================================================

📦 ПЕРЕМЕЩЕНИЯ:
!    ⚠️ Бурав A6: Бурав двигается только по 1 оси или по 2 осям строго диагонально
!    ⚠️ Провокатор B7: клетка (8,5,4) занята

🎯 ВЫСТРЕЛЫ:
   Выпущено ракет: 1
# 
📊 РЕЗУЛЬТАТЫ ХОДА 25:
🎯 Попаданий нет

--- Результаты хода ---
  Попаданий нет

--- Состояние команд после хода ---
  Team A: живых 2/8
    ✓ Факел A4           @ (3,1,6) hp=6/6
    ✓ Бурав A6           @ (2,1,6) hp=4/4
    ✗ Артиллерия A1      @ (6,3,9) [уничтожен]
    ✗ Радиовышка A2      @ (2,2,8) [уничтожен]
    ✗ Прыгун A3          @ (9,6,6) [уничтожен]
    ✗ Тишина A5          @ (9,3,9) [уничтожен]
    ✗ Провокатор A7      @ (3,3,9) [уничтожен]
    ✗ Паук A8            @ (0,3,9) [уничтожен]
  Team B: живых 3/8
    ✓ Артиллерия B1      @ (9,6,2) hp=1/1
    ✓ Факел B4           @ (9,6,3) hp=6/6
    ✓ Провокатор B7      @ (9,4,3) hp=2/2
    ✗ Радиовышка B2      @ (9,6,6) [уничтожен]
    ✗ Прыгун B3          @ (8,5,8) [уничтожен]
    ✗ Тишина B5          @ (8,5,8) [уничтожен]
    ✗ Бурав B6           @ (9,4,8) [уничтожен]
    ✗ Паук B8            @ (9,6,8) [уничтожен]
  Team C: живых 0/8
    ✗ Артиллерия C1      @ (2,1,6) [уничтожен]
    ✗ Радиовышка C2      @ (2,4,7) [уничтожен]
    ✗ Прыгун C3          @ (3,3,9) [уничтожен]
    ✗ Факел C4           @ (2,5,9) [уничтожен]
    ✗ Тишина C5          @ (2,3,9) [уничтожен]
    ✗ Бурав C6           @ (2,3,9) [уничтожен]
    ✗ Провокатор C7      @ (2,6,6) [уничтожен]
    ✗ Паук C8            @ (2,1,6) [уничтожен]

======================================================================
ХОД 26
======================================================================
✓ 🎮 GM: начинаем ход
GM: start_turn

--- Радиовышки: сканирование слоя Z ---
  (у команд не осталось живых радиовышек)

--- Решения ботов ---
  [Team A] Бурав A6 (2,1,6) → MOVE (3,2,5)
  [Team A] Факел A4 → SKIP
  [Team B] Артиллерия B1 (9,6,2) → SHOOT at (0,5,1)
  [Team B] Провокатор B7 (9,4,3) → MOVE (8,5,4)
  [Team B] Факел B4 → SKIP
  [Team C] все корабли пропускают ход
! 🎮 GM: принудительно завершает фазу планирования
GM: end_planning
# 
============================================================
# 🔄 ОБРАБОТКА ХОДА 26
# ============================================================

📦 ПЕРЕМЕЩЕНИЯ:
!    ⚠️ Бурав A6: Бурав двигается только по 1 оси или по 2 осям строго диагонально
!    ⚠️ Провокатор B7: клетка (8,5,4) занята

🎯 ВЫСТРЕЛЫ:
   Выпущено ракет: 1
# 
📊 РЕЗУЛЬТАТЫ ХОДА 26:
🎯 Попаданий нет

--- Результаты хода ---
  Попаданий нет

--- Состояние команд после хода ---
  Team A: живых 2/8
    ✓ Факел A4           @ (3,1,6) hp=6/6
    ✓ Бурав A6           @ (2,1,6) hp=4/4
    ✗ Артиллерия A1      @ (6,3,9) [уничтожен]
    ✗ Радиовышка A2      @ (2,2,8) [уничтожен]
    ✗ Прыгун A3          @ (9,6,6) [уничтожен]
    ✗ Тишина A5          @ (9,3,9) [уничтожен]
    ✗ Провокатор A7      @ (3,3,9) [уничтожен]
    ✗ Паук A8            @ (0,3,9) [уничтожен]
  Team B: живых 3/8
    ✓ Артиллерия B1      @ (9,6,2) hp=1/1
    ✓ Факел B4           @ (9,6,3) hp=6/6
    ✓ Провокатор B7      @ (9,4,3) hp=2/2
    ✗ Радиовышка B2      @ (9,6,6) [уничтожен]
    ✗ Прыгун B3          @ (8,5,8) [уничтожен]
    ✗ Тишина B5          @ (8,5,8) [уничтожен]
    ✗ Бурав B6           @ (9,4,8) [уничтожен]
    ✗ Паук B8            @ (9,6,8) [уничтожен]
  Team C: живых 0/8
    ✗ Артиллерия C1      @ (2,1,6) [уничтожен]
    ✗ Радиовышка C2      @ (2,4,7) [уничтожен]
    ✗ Прыгун C3          @ (3,3,9) [уничтожен]
    ✗ Факел C4           @ (2,5,9) [уничтожен]
    ✗ Тишина C5          @ (2,3,9) [уничтожен]
    ✗ Бурав C6           @ (2,3,9) [уничтожен]
    ✗ Провокатор C7      @ (2,6,6) [уничтожен]
    ✗ Паук C8            @ (2,1,6) [уничтожен]

======================================================================
ХОД 27
======================================================================
✓ 🎮 GM: начинаем ход
GM: start_turn

--- Радиовышки: сканирование слоя Z ---
  (у команд не осталось живых радиовышек)

--- Решения ботов ---
  [Team A] Бурав A6 (2,1,6) → MOVE (3,2,5)
  [Team A] Факел A4 → SKIP
  [Team B] Артиллерия B1 (9,6,2) → SHOOT at (7,9,4)
  [Team B] Провокатор B7 (9,4,3) → MOVE (8,5,4)
  [Team B] Факел B4 → SKIP
  [Team C] все корабли пропускают ход
! 🎮 GM: принудительно завершает фазу планирования
GM: end_planning
# 
============================================================
# 🔄 ОБРАБОТКА ХОДА 27
# ============================================================

📦 ПЕРЕМЕЩЕНИЯ:
!    ⚠️ Бурав A6: Бурав двигается только по 1 оси или по 2 осям строго диагонально
!    ⚠️ Провокатор B7: клетка (8,5,4) занята

🎯 ВЫСТРЕЛЫ:
   Выпущено ракет: 1
# 
📊 РЕЗУЛЬТАТЫ ХОДА 27:
🎯 Попаданий нет

--- Результаты хода ---
  Попаданий нет

--- Состояние команд после хода ---
  Team A: живых 2/8
    ✓ Факел A4           @ (3,1,6) hp=6/6
    ✓ Бурав A6           @ (2,1,6) hp=4/4
    ✗ Артиллерия A1      @ (6,3,9) [уничтожен]
    ✗ Радиовышка A2      @ (2,2,8) [уничтожен]
    ✗ Прыгун A3          @ (9,6,6) [уничтожен]
    ✗ Тишина A5          @ (9,3,9) [уничтожен]
    ✗ Провокатор A7      @ (3,3,9) [уничтожен]
    ✗ Паук A8            @ (0,3,9) [уничтожен]
  Team B: живых 3/8
    ✓ Артиллерия B1      @ (9,6,2) hp=1/1
    ✓ Факел B4           @ (9,6,3) hp=6/6
    ✓ Провокатор B7      @ (9,4,3) hp=2/2
    ✗ Радиовышка B2      @ (9,6,6) [уничтожен]
    ✗ Прыгун B3          @ (8,5,8) [уничтожен]
    ✗ Тишина B5          @ (8,5,8) [уничтожен]
    ✗ Бурав B6           @ (9,4,8) [уничтожен]
    ✗ Паук B8            @ (9,6,8) [уничтожен]
  Team C: живых 0/8
    ✗ Артиллерия C1      @ (2,1,6) [уничтожен]
    ✗ Радиовышка C2      @ (2,4,7) [уничтожен]
    ✗ Прыгун C3          @ (3,3,9) [уничтожен]
    ✗ Факел C4           @ (2,5,9) [уничтожен]
    ✗ Тишина C5          @ (2,3,9) [уничтожен]
    ✗ Бурав C6           @ (2,3,9) [уничтожен]
    ✗ Провокатор C7      @ (2,6,6) [уничтожен]
    ✗ Паук C8            @ (2,1,6) [уничтожен]

======================================================================
ХОД 28
======================================================================
✓ 🎮 GM: начинаем ход
GM: start_turn

--- Радиовышки: сканирование слоя Z ---
  (у команд не осталось живых радиовышек)

--- Решения ботов ---
  [Team A] Бурав A6 (2,1,6) → MOVE (3,2,5)
  [Team A] Факел A4 → SKIP
  [Team B] Артиллерия B1 (9,6,2) → SHOOT at (4,9,5)
  [Team B] Провокатор B7 (9,4,3) → MOVE (8,5,4)
  [Team B] Факел B4 → SKIP
  [Team C] все корабли пропускают ход
! 🎮 GM: принудительно завершает фазу планирования
GM: end_planning
# 
============================================================
# 🔄 ОБРАБОТКА ХОДА 28
# ============================================================

📦 ПЕРЕМЕЩЕНИЯ:
!    ⚠️ Бурав A6: Бурав двигается только по 1 оси или по 2 осям строго диагонально
!    ⚠️ Провокатор B7: клетка (8,5,4) занята

🎯 ВЫСТРЕЛЫ:
   Выпущено ракет: 1
# 
📊 РЕЗУЛЬТАТЫ ХОДА 28:
🎯 Попаданий нет

--- Результаты хода ---
  Попаданий нет

--- Состояние команд после хода ---
  Team A: живых 2/8
    ✓ Факел A4           @ (3,1,6) hp=6/6
    ✓ Бурав A6           @ (2,1,6) hp=4/4
    ✗ Артиллерия A1      @ (6,3,9) [уничтожен]
    ✗ Радиовышка A2      @ (2,2,8) [уничтожен]
    ✗ Прыгун A3          @ (9,6,6) [уничтожен]
    ✗ Тишина A5          @ (9,3,9) [уничтожен]
    ✗ Провокатор A7      @ (3,3,9) [уничтожен]
    ✗ Паук A8            @ (0,3,9) [уничтожен]
  Team B: живых 3/8
    ✓ Артиллерия B1      @ (9,6,2) hp=1/1
    ✓ Факел B4           @ (9,6,3) hp=6/6
    ✓ Провокатор B7      @ (9,4,3) hp=2/2
    ✗ Радиовышка B2      @ (9,6,6) [уничтожен]
    ✗ Прыгун B3          @ (8,5,8) [уничтожен]
    ✗ Тишина B5          @ (8,5,8) [уничтожен]
    ✗ Бурав B6           @ (9,4,8) [уничтожен]
    ✗ Паук B8            @ (9,6,8) [уничтожен]
  Team C: живых 0/8
    ✗ Артиллерия C1      @ (2,1,6) [уничтожен]
    ✗ Радиовышка C2      @ (2,4,7) [уничтожен]
    ✗ Прыгун C3          @ (3,3,9) [уничтожен]
    ✗ Факел C4           @ (2,5,9) [уничтожен]
    ✗ Тишина C5          @ (2,3,9) [уничтожен]
    ✗ Бурав C6           @ (2,3,9) [уничтожен]
    ✗ Провокатор C7      @ (2,6,6) [уничтожен]
    ✗ Паук C8            @ (2,1,6) [уничтожен]

======================================================================
ХОД 29
======================================================================
✓ 🎮 GM: начинаем ход
GM: start_turn

--- Радиовышки: сканирование слоя Z ---
  (у команд не осталось живых радиовышек)

--- Решения ботов ---
  [Team A] Бурав A6 (2,1,6) → MOVE (3,2,5)
  [Team A] Факел A4 → SKIP
  [Team B] Артиллерия B1 (9,6,2) → SHOOT at (0,0,1)
  [Team B] Провокатор B7 (9,4,3) → MOVE (8,5,4)
  [Team B] Факел B4 → SKIP
  [Team C] все корабли пропускают ход
! 🎮 GM: принудительно завершает фазу планирования
GM: end_planning
# 
============================================================
# 🔄 ОБРАБОТКА ХОДА 29
# ============================================================

📦 ПЕРЕМЕЩЕНИЯ:
!    ⚠️ Бурав A6: Бурав двигается только по 1 оси или по 2 осям строго диагонально
!    ⚠️ Провокатор B7: клетка (8,5,4) занята

🎯 ВЫСТРЕЛЫ:
   Выпущено ракет: 1
# 
📊 РЕЗУЛЬТАТЫ ХОДА 29:
🎯 Попаданий нет

--- Результаты хода ---
  Попаданий нет

--- Состояние команд после хода ---
  Team A: живых 2/8
    ✓ Факел A4           @ (3,1,6) hp=6/6
    ✓ Бурав A6           @ (2,1,6) hp=4/4
    ✗ Артиллерия A1      @ (6,3,9) [уничтожен]
    ✗ Радиовышка A2      @ (2,2,8) [уничтожен]
    ✗ Прыгун A3          @ (9,6,6) [уничтожен]
    ✗ Тишина A5          @ (9,3,9) [уничтожен]
    ✗ Провокатор A7      @ (3,3,9) [уничтожен]
    ✗ Паук A8            @ (0,3,9) [уничтожен]
  Team B: живых 3/8
    ✓ Артиллерия B1      @ (9,6,2) hp=1/1
    ✓ Факел B4           @ (9,6,3) hp=6/6
    ✓ Провокатор B7      @ (9,4,3) hp=2/2
    ✗ Радиовышка B2      @ (9,6,6) [уничтожен]
    ✗ Прыгун B3          @ (8,5,8) [уничтожен]
    ✗ Тишина B5          @ (8,5,8) [уничтожен]
    ✗ Бурав B6           @ (9,4,8) [уничтожен]
    ✗ Паук B8            @ (9,6,8) [уничтожен]
  Team C: живых 0/8
    ✗ Артиллерия C1      @ (2,1,6) [уничтожен]
    ✗ Радиовышка C2      @ (2,4,7) [уничтожен]
    ✗ Прыгун C3          @ (3,3,9) [уничтожен]
    ✗ Факел C4           @ (2,5,9) [уничтожен]
    ✗ Тишина C5          @ (2,3,9) [уничтожен]
    ✗ Бурав C6           @ (2,3,9) [уничтожен]
    ✗ Провокатор C7      @ (2,6,6) [уничтожен]
    ✗ Паук C8            @ (2,1,6) [уничтожен]

======================================================================
ХОД 30
======================================================================
✓ 🎮 GM: начинаем ход
GM: start_turn

--- Радиовышки: сканирование слоя Z ---
  (у команд не осталось живых радиовышек)

--- Решения ботов ---
  [Team A] Бурав A6 (2,1,6) → MOVE (3,2,5)
  [Team A] Факел A4 → SKIP
  [Team B] Артиллерия B1 (9,6,2) → SHOOT at (0,5,0)
  [Team B] Провокатор B7 (9,4,3) → MOVE (8,5,4)
  [Team B] Факел B4 → SKIP
  [Team C] все корабли пропускают ход
! 🎮 GM: принудительно завершает фазу планирования
GM: end_planning
# 
============================================================
# 🔄 ОБРАБОТКА ХОДА 30
# ============================================================

📦 ПЕРЕМЕЩЕНИЯ:
!    ⚠️ Бурав A6: Бурав двигается только по 1 оси или по 2 осям строго диагонально
!    ⚠️ Провокатор B7: клетка (8,5,4) занята

🎯 ВЫСТРЕЛЫ:
   Выпущено ракет: 1
# 
📊 РЕЗУЛЬТАТЫ ХОДА 30:
🎯 Попаданий нет

--- Результаты хода ---
  Попаданий нет

--- Состояние команд после хода ---
  Team A: живых 2/8
    ✓ Факел A4           @ (3,1,6) hp=6/6
    ✓ Бурав A6           @ (2,1,6) hp=4/4
    ✗ Артиллерия A1      @ (6,3,9) [уничтожен]
    ✗ Радиовышка A2      @ (2,2,8) [уничтожен]
    ✗ Прыгун A3          @ (9,6,6) [уничтожен]
    ✗ Тишина A5          @ (9,3,9) [уничтожен]
    ✗ Провокатор A7      @ (3,3,9) [уничтожен]
    ✗ Паук A8            @ (0,3,9) [уничтожен]
  Team B: живых 3/8
    ✓ Артиллерия B1      @ (9,6,2) hp=1/1
    ✓ Факел B4           @ (9,6,3) hp=6/6
    ✓ Провокатор B7      @ (9,4,3) hp=2/2
    ✗ Радиовышка B2      @ (9,6,6) [уничтожен]
    ✗ Прыгун B3          @ (8,5,8) [уничтожен]
    ✗ Тишина B5          @ (8,5,8) [уничтожен]
    ✗ Бурав B6           @ (9,4,8) [уничтожен]
    ✗ Паук B8            @ (9,6,8) [уничтожен]
  Team C: живых 0/8
    ✗ Артиллерия C1      @ (2,1,6) [уничтожен]
    ✗ Радиовышка C2      @ (2,4,7) [уничтожен]
    ✗ Прыгун C3          @ (3,3,9) [уничтожен]
    ✗ Факел C4           @ (2,5,9) [уничтожен]
    ✗ Тишина C5          @ (2,3,9) [уничтожен]
    ✗ Бурав C6           @ (2,3,9) [уничтожен]
    ✗ Провокатор C7      @ (2,6,6) [уничтожен]
    ✗ Паук C8            @ (2,1,6) [уничтожен]

======================================================================
ИТОГ
======================================================================
Лимит ходов (30) исчерпан. Победа по урону: Team A (35 dmg).
   Урон по командам: Team A=35, Team B=9, Team C=10

--- Сводка по командам ---
  Team A: 2/8 живых; hp=10
  Team B: 3/8 живых; hp=9
  Team C: 0/8 живых; hp=0

--- Сводка по пассивкам радиовышек ---
  Team A: сканирований=2, всего врагов-в-слоях=3, уникальных эксклюзивных (видны только радиовышкой)=0
  Team B: сканирований=7, всего врагов-в-слоях=2, уникальных эксклюзивных (видны только радиовышкой)=2
  Team C: сканирований=2, всего врагов-в-слоях=1, уникальных эксклюзивных (видны только радиовышкой)=1

--- Сводка по попаданиям ---
  Всего событий (шоты+тараны+мины): 24
  Уничтожено кораблей всего: 19
  Team A: урон=35 хиты=2 тараны=12 мины(сработало)=0 убийств=13
  Team B: урон=9 хиты=3 тараны=1 мины(сработало)=1 убийств=3
  Team C: урон=10 хиты=1 тараны=3 мины(сработало)=1 убийств=3
! 🎮 GM: остановка игры
