======================================================================
Space Battle 10×10×10 — simulation run at 2026-04-20T13:39:21+00:00
Game mode: advanced
Seed: 132
✓ 🚀 Продвинутый режим: создаю разные типы кораблей
   Команда A: спавн вдоль оси Y от (2, 0, 6) до (2, 3, 6)
   Команда B: спавн вдоль оси Y от (4, 7, 3) до (4, 9, 3)
   Команда C: спавн вдоль оси Z от (5, 3, 1) до (5, 3, 5)
✓ ✅ Создано 24 кораблей


--- СТАРТОВАЯ РАССТАНОВКА ---
  Team A: живых 8/8
    ✓ Артиллерия A1      @ (2,0,6) hp=1/1
    ✓ Радиовышка A2      @ (2,2,6) hp=3/3
    ✓ Прыгун A3          @ (2,9,6) hp=2/2
    ✓ Факел A4           @ (2,8,6) hp=6/6
    ✓ Тишина A5          @ (2,7,6) hp=2/2
    ✓ Бурав A6           @ (2,4,6) hp=4/4
    ✓ Провокатор A7      @ (2,5,6) hp=2/2
    ✓ Паук A8            @ (2,3,6) hp=1/1
  Team B: живых 8/8
    ✓ Артиллерия B1      @ (4,7,3) hp=1/1
    ✓ Радиовышка B2      @ (4,2,3) hp=3/3
    ✓ Прыгун B3          @ (4,6,3) hp=2/2
    ✓ Факел B4           @ (4,1,3) hp=6/6
    ✓ Тишина B5          @ (4,5,3) hp=2/2
    ✓ Бурав B6           @ (4,3,3) hp=4/4
    ✓ Провокатор B7      @ (4,8,3) hp=2/2
    ✓ Паук B8            @ (4,9,3) hp=1/1
  Team C: живых 8/8
    ✓ Артиллерия C1      @ (5,3,1) hp=1/1
    ✓ Радиовышка C2      @ (5,3,8) hp=3/3
    ✓ Прыгун C3          @ (5,3,0) hp=2/2
    ✓ Факел C4           @ (5,3,4) hp=6/6
    ✓ Тишина C5          @ (5,3,2) hp=2/2
    ✓ Бурав C6           @ (5,3,6) hp=4/4
    ✓ Провокатор C7      @ (5,3,7) hp=2/2
    ✓ Паук C8            @ (5,3,5) hp=1/1

======================================================================
ХОД 1
======================================================================
✓ 🎮 GM: начинаем ход
GM: start_turn

--- Радиовышки: сканирование слоя Z ---
  Радиовышка A2 (z=6): видит 1 врагов  → Бурав C6(5,3,6)
  Радиовышка B2 (z=3): слой чист
  Радиовышка C2 (z=8): слой чист

--- Решения ботов ---
  [Team A] Артиллерия A1 (2,0,6) → SHOOT at (4,7,3)
  [Team A] Радиовышка A2 (2,2,6) → MOVE (3,2,5)
  [Team A] Прыгун A3 (2,9,6) → MOVE (3,8,5)
  [Team A] Тишина A5 (2,7,6) → PHASE toggle
  [Team A] Бурав A6 (2,4,6) → MOVE (3,5,5)
  [Team A] Провокатор A7 (2,5,6) → HOLOGRAM (3,6,5)
  [Team A] Паук A8 (2,3,6) → MINE (2,2,5)
  [Team A] Факел A4 → SKIP
  [Team B] Артиллерия B1 (4,7,3) → SHOOT at (5,3,1)
  [Team B] Радиовышка B2 (4,2,3) → MOVE (5,3,4)
  [Team B] Прыгун B3 (4,6,3) → MOVE (3,7,4)
  [Team B] Тишина B5 (4,5,3) → PHASE toggle
  [Team B] Бурав B6 (4,3,3) → MOVE (5,3,2)
  [Team B] Провокатор B7 (4,8,3) → HOLOGRAM (3,9,4)
  [Team B] Паук B8 (4,9,3) → MINE (3,9,4)
  [Team B] Факел B4 → SKIP
  [Team C] Артиллерия C1 (5,3,1) → SHOOT at (4,7,3)
  [Team C] Радиовышка C2 (5,3,8) → MOVE (4,2,7)
  [Team C] Прыгун C3 (5,3,0) → MOVE (4,2,1)
  [Team C] Факел C4 (5,3,4) → MOVE (5,3,3)
  [Team C] Тишина C5 (5,3,2) → PHASE toggle
  [Team C] Бурав C6 (5,3,6) → MOVE (2,0,6)
  [Team C] Провокатор C7 (5,3,7) → HOLOGRAM (4,2,6)
  [Team C] Паук C8 (5,3,5) → MINE (4,2,4)
! 🎮 GM: принудительно завершает фазу планирования
GM: end_planning
# 
============================================================
# 🔄 ОБРАБОТКА ХОДА 1
# ============================================================
   🌀 Тишина A5: уходит в фазу на 1 ход
   🌀 Тишина B5: уходит в фазу на 1 ход
   🌀 Тишина C5: уходит в фазу на 1 ход
   🪞 Провокатор A7 создал голограмму H1 в (3,6,5)
   🪞 Провокатор B7 создал голограмму H2 в (3,9,4)
   🪞 Провокатор C7 создал голограмму H3 в (4,2,6)
   💣 Паук A8 установил мину M1 в (2,2,5)
   💣 Паук B8 установил мину M2 в (3,9,4)
   💣 Паук C8 установил мину M3 в (4,2,4)

📦 ПЕРЕМЕЩЕНИЯ:
   Радиовышка A2: (2, 2, 6) → (3,2,5)
   Прыгун A3: (2, 9, 6) → (3,8,5)
!    ⚠️ Бурав A6: Бурав двигается только по 1 оси или по 2 осям строго диагонально
!    ⚠️ Радиовышка B2: клетка (5,3,4) занята
   Прыгун B3: (4, 6, 3) → (3,7,4)
✓    💥 Бурав B6 пробивает фазу Тишина C5 тараном
✓    💥 Бурав B6 тараном уничтожил Тишина C5 в (5,3,2)
   Бурав B6: (4, 3, 3) → (5,3,2)
   Радиовышка C2: (5, 3, 8) → (4,2,7)
   Прыгун C3: (5, 3, 0) → (4,2,1)
   Факел C4: (5, 3, 4) → (5,3,3)
✓    💥 Бурав C6 тараном уничтожил Артиллерия A1 в (2,0,6)
   Бурав C6: (5, 3, 6) → (2,0,6)

🎯 ВЫСТРЕЛЫ:
✓    ✅ Артиллерия B1 поразил Артиллерия C1 (2 урона)!
✓    ✅ Артиллерия C1 поразил Артиллерия B1 (2 урона)!
   Выпущено ракет: 2
# 
📊 РЕЗУЛЬТАТЫ ХОДА 1:
✓ 💥 ПОПАДАНИЯ:
✓    Артиллерия B1 (Team B) → Артиллерия C1 (Team C)
✓    Артиллерия C1 (Team C) → Артиллерия B1 (Team B)

--- Результаты хода ---
  Team B / Бурав B6           → Team C / Тишина C5          @ (5,3,2)  (УБИТ)
  Team C / Бурав C6           → Team A / Артиллерия A1      @ (2,0,6)  (УБИТ)
  Team B / Артиллерия B1      → Team C / Артиллерия C1      @ (5,3,1)  (УБИТ)
  Team C / Артиллерия C1      → Team B / Артиллерия B1      @ (4,7,3)  (УБИТ)

--- Состояние команд после хода ---
  Team A: живых 7/8
    ✓ Радиовышка A2      @ (3,2,5) hp=3/3
    ✓ Прыгун A3          @ (3,8,5) hp=2/2
    ✓ Факел A4           @ (2,8,6) hp=6/6
    ✓ Тишина A5          @ (2,7,6) hp=2/2
    ✓ Бурав A6           @ (2,4,6) hp=4/4
    ✓ Провокатор A7      @ (2,5,6) hp=2/2
    ✓ Паук A8            @ (2,3,6) hp=1/1
    ✗ Артиллерия A1      @ (2,0,6) [уничтожен]
  Team B: живых 7/8
    ✓ Радиовышка B2      @ (4,2,3) hp=3/3
    ✓ Прыгун B3          @ (3,7,4) hp=2/2
    ✓ Факел B4           @ (4,1,3) hp=6/6
    ✓ Тишина B5          @ (4,5,3) hp=2/2
    ✓ Бурав B6           @ (5,3,2) hp=4/4
    ✓ Провокатор B7      @ (4,8,3) hp=2/2
    ✓ Паук B8            @ (4,9,3) hp=1/1
    ✗ Артиллерия B1      @ (4,7,3) [уничтожен]
  Team C: живых 6/8
    ✓ Радиовышка C2      @ (4,2,7) hp=3/3
    ✓ Прыгун C3          @ (4,2,1) hp=2/2
    ✓ Факел C4           @ (5,3,3) hp=6/6
    ✓ Бурав C6           @ (2,0,6) hp=4/4
    ✓ Провокатор C7      @ (5,3,7) hp=2/2
    ✓ Паук C8            @ (5,3,5) hp=1/1
    ✗ Артиллерия C1      @ (5,3,1) [уничтожен]
    ✗ Тишина C5          @ (5,3,2) [уничтожен]

======================================================================
ХОД 2
======================================================================
✓ 🎮 GM: начинаем ход
GM: start_turn

--- Радиовышки: сканирование слоя Z ---
  Радиовышка A2 (z=5): видит 1 врагов  → Паук C8(5,3,5)
  Радиовышка B2 (z=3): видит 1 врагов  → Факел C4(5,3,3)
  Радиовышка C2 (z=7): слой чист

--- Решения ботов ---
  [Team A] Радиовышка A2 (3,2,5) → MOVE (4,2,4)
  [Team A] Прыгун A3 (3,8,5) → MOVE (3,7,4)
  [Team A] Факел A4 (2,8,6) → MOVE (2,8,5)
  [Team A] Тишина A5 (2,7,6) → MOVE (3,7,5)
  [Team A] Бурав A6 (2,4,6) → MOVE (3,3,7)
  [Team A] Провокатор A7 (2,5,6) → HOLOGRAM (3,6,5)
  [Team A] Паук A8 (2,3,6) → MINE (3,2,6)
  [Team B] Радиовышка B2 (4,2,3) → MOVE (5,3,3)
  [Team B] Прыгун B3 (3,7,4) → MOVE (2,8,6)
  [Team B] Факел B4 (4,1,3) → MOVE (3,2,4)
  [Team B] Тишина B5 (4,5,3) → MOVE (5,4,3)
  [Team B] Бурав B6 (5,3,2) → MOVE (5,3,5)
  [Team B] Провокатор B7 (4,8,3) → HOLOGRAM (3,8,4)
  [Team B] Паук B8 (4,9,3) → MINE (3,8,4)
  [Team C] Радиовышка C2 (4,2,7) → MOVE (3,2,6)
  [Team C] Прыгун C3 (4,2,1) → MOVE (4,1,3)
  [Team C] Факел C4 (5,3,3) → SHOOT at (5,3,2)
  [Team C] Бурав C6 (2,0,6) → MOVE (2,3,6)
  [Team C] Провокатор C7 (5,3,7) → HOLOGRAM (4,2,6)
  [Team C] Паук C8 (5,3,5) → MINE (4,2,6)
! 🎮 GM: принудительно завершает фазу планирования
GM: end_planning
# 
============================================================
# 🔄 ОБРАБОТКА ХОДА 2
# ============================================================
   🌀 Тишина A5: фаза спала (действовала 1 ход)
   🌀 Тишина B5: фаза спала (действовала 1 ход)
!    ⚠️ Провокатор A7: клетка (3,6,5) уже занята голограммой
   🪞 Провокатор B7 создал голограмму H4 в (3,8,4)
!    ⚠️ Провокатор C7: клетка (4,2,6) уже занята голограммой
   💣 Паук A8 установил мину M4 в (3,2,6)
   💣 Паук B8 установил мину M5 в (3,8,4)
   💣 Паук C8 установил мину M6 в (4,2,6)

📦 ПЕРЕМЕЩЕНИЯ:
   Радиовышка A2: (3, 2, 5) → (4,2,4)
!    💥 Мина M3 сработала под Радиовышка A2 (урон 2)
✓    💥 Прыгун A3 тараном уничтожил Прыгун B3 в (3,7,4)
   Прыгун A3: (3, 8, 5) → (3,7,4)
   Факел A4: (2, 8, 6) → (2,8,5)
   Тишина A5: (2, 7, 6) → (3,7,5)
!    ⚠️ Бурав A6: Бурав двигается только по 1 оси или по 2 осям строго диагонально
!    ⚠️ Радиовышка B2: клетка (5,3,3) занята
   Факел B4: (4, 1, 3) → (3,2,4)
   Тишина B5: (4, 5, 3) → (5,4,3)
✓    💥 Бурав B6 тараном уничтожил Паук C8 в (5,3,5)
   Бурав B6: (5, 3, 2) → (5,3,5)
   Радиовышка C2: (4, 2, 7) → (3,2,6)
!    💥 Мина M4 сработала под Радиовышка C2 (урон 2)
   Прыгун C3: (4, 2, 1) → (4,1,3)
✓    💥 Бурав C6 тараном уничтожил Паук A8 в (2,3,6)
   Бурав C6: (2, 0, 6) → (2,3,6)

🎯 ВЫСТРЕЛЫ:
   Выпущено ракет: 1
# 
📊 РЕЗУЛЬТАТЫ ХОДА 2:
🎯 Попаданий нет

--- Результаты хода ---
  ? / ?                  → Team A / Радиовышка A2      @ (4,2,4)  (ранен)
  Team A / Прыгун A3          → Team B / Прыгун B3          @ (3,7,4)  (УБИТ)
  Team B / Бурав B6           → Team C / Паук C8            @ (5,3,5)  (УБИТ)
  ? / ?                  → Team C / Радиовышка C2      @ (3,2,6)  (ранен)
  Team C / Бурав C6           → Team A / Паук A8            @ (2,3,6)  (УБИТ)

--- Состояние команд после хода ---
  Team A: живых 6/8
    ✓ Радиовышка A2      @ (4,2,4) hp=1/3
    ✓ Прыгун A3          @ (3,7,4) hp=2/2
    ✓ Факел A4           @ (2,8,5) hp=6/6
    ✓ Тишина A5          @ (3,7,5) hp=2/2
    ✓ Бурав A6           @ (2,4,6) hp=4/4
    ✓ Провокатор A7      @ (2,5,6) hp=2/2
    ✗ Артиллерия A1      @ (2,0,6) [уничтожен]
    ✗ Паук A8            @ (2,3,6) [уничтожен]
  Team B: живых 6/8
    ✓ Радиовышка B2      @ (4,2,3) hp=3/3
    ✓ Факел B4           @ (3,2,4) hp=6/6
    ✓ Тишина B5          @ (5,4,3) hp=2/2
    ✓ Бурав B6           @ (5,3,5) hp=4/4
    ✓ Провокатор B7      @ (4,8,3) hp=2/2
    ✓ Паук B8            @ (4,9,3) hp=1/1
    ✗ Артиллерия B1      @ (4,7,3) [уничтожен]
    ✗ Прыгун B3          @ (3,7,4) [уничтожен]
  Team C: живых 5/8
    ✓ Радиовышка C2      @ (3,2,6) hp=1/3
    ✓ Прыгун C3          @ (4,1,3) hp=2/2
    ✓ Факел C4           @ (5,3,3) hp=6/6
    ✓ Бурав C6           @ (2,3,6) hp=4/4
    ✓ Провокатор C7      @ (5,3,7) hp=2/2
    ✗ Артиллерия C1      @ (5,3,1) [уничтожен]
    ✗ Тишина C5          @ (5,3,2) [уничтожен]
    ✗ Паук C8            @ (5,3,5) [уничтожен]

======================================================================
ХОД 3
======================================================================
✓ 🎮 GM: начинаем ход
GM: start_turn

--- Радиовышки: сканирование слоя Z ---
  Радиовышка A2 (z=4): видит 1 врагов  → Факел B4(3,2,4)
  Радиовышка B2 (z=3): видит 2 врагов  → Прыгун C3(4,1,3), Факел C4(5,3,3)
  Радиовышка C2 (z=6): видит 2 врагов  → Бурав A6(2,4,6), Провокатор A7(2,5,6)

--- Решения ботов ---
  [Team A] Радиовышка A2 (4,2,4) → MOVE (4,2,3)
  [Team A] Прыгун A3 (3,7,4) → MOVE (4,8,3)
  [Team A] Факел A4 (2,8,5) → MOVE (3,8,5)
  [Team A] Тишина A5 (3,7,5) → MOVE (4,8,4)
  [Team A] Бурав A6 (2,4,6) → MOVE (2,3,6)
  [Team A] Провокатор A7 (2,5,6) → SHOOT at (2,3,6)
  [Team B] Радиовышка B2 (4,2,3) → MOVE (4,2,4)
  [Team B] Факел B4 (3,2,4) → SHOOT at (4,2,4)
  [Team B] Тишина B5 (5,4,3) → MOVE (5,3,3)
  [Team B] Бурав B6 (5,3,5) → MOVE (5,3,7)
  [Team B] Провокатор B7 (4,8,3) → HOLOGRAM (3,7,4)
  [Team B] Паук B8 (4,9,3) → MINE (3,8,4)
  [Team C] Радиовышка C2 (3,2,6) → MOVE (4,2,5)
  [Team C] Прыгун C3 (4,1,3) → MOVE (3,2,4)
  [Team C] Факел C4 (5,3,3) → SHOOT at (5,4,3)
  [Team C] Бурав C6 (2,3,6) → MOVE (2,5,6)
  [Team C] Провокатор C7 (5,3,7) → HOLOGRAM (5,3,6)
! 🎮 GM: принудительно завершает фазу планирования
GM: end_planning
# 
============================================================
# 🔄 ОБРАБОТКА ХОДА 3
# ============================================================
!    ⚠️ Провокатор B7: клетка (3,7,4) занята кораблём
   🪞 Провокатор C7 создал голограмму H5 в (5,3,6)
!    ⚠️ Паук B8: в клетке уже стоит мина

📦 ПЕРЕМЕЩЕНИЯ:
!    ⚠️ Радиовышка A2: клетка (4,2,3) занята
✓    💥 Прыгун A3 тараном уничтожил Провокатор B7 в (4,8,3)
   Прыгун A3: (3, 7, 4) → (4,8,3)
   Факел A4: (2, 8, 5) → (3,8,5)
   Тишина A5: (3, 7, 5) → (4,8,4)
✓    💥 Бурав A6 тараном уничтожил Бурав C6 в (2,3,6)
   Бурав A6: (2, 4, 6) → (2,3,6)
!    ⚠️ Радиовышка B2: клетка (4,2,4) занята
!    ⚠️ Тишина B5: клетка (5,3,3) занята
✓    💥 Бурав B6 тараном уничтожил Провокатор C7 в (5,3,7)
   Бурав B6: (5, 3, 5) → (5,3,7)
   Радиовышка C2: (3, 2, 6) → (4,2,5)
✓    💥 Прыгун C3 тараном уничтожил Факел B4 в (3,2,4)
   Прыгун C3: (4, 1, 3) → (3,2,4)

🎯 ВЫСТРЕЛЫ:
!    🛡️ Выстрел Провокатор A7 заблокирован союзником Бурав A6 в (2, 3, 6)
✓    ✅ Факел C4 поразил Тишина B5 (1 урона)!
   Выпущено ракет: 2
# 
📊 РЕЗУЛЬТАТЫ ХОДА 3:
✓ 💥 ПОПАДАНИЯ:
✓    Факел C4 (Team C) → Тишина B5 (Team B)

--- Результаты хода ---
  Team A / Прыгун A3          → Team B / Провокатор B7      @ (4,8,3)  (УБИТ)
  Team A / Бурав A6           → Team C / Бурав C6           @ (2,3,6)  (УБИТ)
  Team B / Бурав B6           → Team C / Провокатор C7      @ (5,3,7)  (УБИТ)
  Team C / Прыгун C3          → Team B / Факел B4           @ (3,2,4)  (УБИТ)
  Team C / Факел C4           → Team B / Тишина B5          @ (5,4,3)  (ранен)

--- Состояние команд после хода ---
  Team A: живых 6/8
    ✓ Радиовышка A2      @ (4,2,4) hp=1/3
    ✓ Прыгун A3          @ (4,8,3) hp=2/2
    ✓ Факел A4           @ (3,8,5) hp=6/6
    ✓ Тишина A5          @ (4,8,4) hp=2/2
    ✓ Бурав A6           @ (2,3,6) hp=4/4
    ✓ Провокатор A7      @ (2,5,6) hp=2/2
    ✗ Артиллерия A1      @ (2,0,6) [уничтожен]
    ✗ Паук A8            @ (2,3,6) [уничтожен]
  Team B: живых 4/8
    ✓ Радиовышка B2      @ (4,2,3) hp=3/3
    ✓ Тишина B5          @ (5,4,3) hp=1/2
    ✓ Бурав B6           @ (5,3,7) hp=4/4
    ✓ Паук B8            @ (4,9,3) hp=1/1
    ✗ Артиллерия B1      @ (4,7,3) [уничтожен]
    ✗ Прыгун B3          @ (3,7,4) [уничтожен]
    ✗ Факел B4           @ (3,2,4) [уничтожен]
    ✗ Провокатор B7      @ (4,8,3) [уничтожен]
  Team C: живых 3/8
    ✓ Радиовышка C2      @ (4,2,5) hp=1/3
    ✓ Прыгун C3          @ (3,2,4) hp=2/2
    ✓ Факел C4           @ (5,3,3) hp=6/6
    ✗ Артиллерия C1      @ (5,3,1) [уничтожен]
    ✗ Тишина C5          @ (5,3,2) [уничтожен]
    ✗ Бурав C6           @ (2,3,6) [уничтожен]
    ✗ Провокатор C7      @ (5,3,7) [уничтожен]
    ✗ Паук C8            @ (5,3,5) [уничтожен]

======================================================================
ХОД 4
======================================================================
✓ 🎮 GM: начинаем ход
GM: start_turn

--- Радиовышки: сканирование слоя Z ---
  Радиовышка A2 (z=4): видит 1 врагов  → Прыгун C3(3,2,4)
  Радиовышка B2 (z=3): видит 2 врагов  → Прыгун A3(4,8,3), Факел C4(5,3,3)
  Радиовышка C2 (z=5): видит 1 врагов [+1 эксклюзивно] → Факел A4(3,8,5)

--- Решения ботов ---
  [Team A] Радиовышка A2 (4,2,4) → MOVE (4,2,3)
  [Team A] Прыгун A3 (4,8,3) → MOVE (4,9,3)
  [Team A] Факел A4 (3,8,5) → MOVE (4,7,4)
  [Team A] Тишина A5 (4,8,4) → MOVE (4,9,4)
  [Team A] Бурав A6 (2,3,6) → MOVE (5,3,3)
  [Team A] Провокатор A7 (2,5,6) → HOLOGRAM (3,4,5)
  [Team B] Радиовышка B2 (4,2,3) → MOVE (4,2,4)
  [Team B] Тишина B5 (5,4,3) → MOVE (5,3,3)
  [Team B] Бурав B6 (5,3,7) → MOVE (4,2,6)
  [Team B] Паук B8 (4,9,3) → MINE (4,9,4)
  [Team C] Радиовышка C2 (4,2,5) → MOVE (4,2,4)
  [Team C] Прыгун C3 (3,2,4) → MOVE (2,3,6)
  [Team C] Факел C4 (5,3,3) → HEAL (AoE)
! 🎮 GM: принудительно завершает фазу планирования
GM: end_planning
# 
============================================================
# 🔄 ОБРАБОТКА ХОДА 4
# ============================================================
   🪞 Провокатор A7 создал голограмму H6 в (3,4,5)
   💣 Паук B8 установил мину M7 в (4,9,4)

📦 ПЕРЕМЕЩЕНИЯ:
!    ⚠️ Радиовышка A2: клетка (4,2,3) занята
✓    💥 Прыгун A3 тараном уничтожил Паук B8 в (4,9,3)
   Прыгун A3: (4, 8, 3) → (4,9,3)
   Факел A4: (3, 8, 5) → (4,7,4)
   Тишина A5: (4, 8, 4) → (4,9,4)
!    💥 Мина M7 сработала под Тишина A5 (урон 2) — КОРАБЛЬ УНИЧТОЖЕН
✓    💥 Бурав A6 тараном уничтожил Факел C4 в (5,3,3)
   Бурав A6: (2, 3, 6) → (5,3,3)
!    ⚠️ Радиовышка B2: клетка (4,2,4) занята
!    ⚠️ Тишина B5: клетка (5,3,3) занята
!    ⚠️ Бурав B6: Бурав двигается только по 1 оси или по 2 осям строго диагонально
!    ⚠️ Радиовышка C2: клетка (4,2,4) занята
   Прыгун C3: (3, 2, 4) → (2,3,6)

🎯 ВЫСТРЕЛЫ:
   Выпущено ракет: 0
# 
📊 РЕЗУЛЬТАТЫ ХОДА 4:
🎯 Попаданий нет

--- Результаты хода ---
  Team A / Прыгун A3          → Team B / Паук B8            @ (4,9,3)  (УБИТ)
  ? / ?                  → Team A / Тишина A5          @ (4,9,4)  (УБИТ)
  Team A / Бурав A6           → Team C / Факел C4           @ (5,3,3)  (УБИТ)

--- Состояние команд после хода ---
  Team A: живых 5/8
    ✓ Радиовышка A2      @ (4,2,4) hp=1/3
    ✓ Прыгун A3          @ (4,9,3) hp=2/2
    ✓ Факел A4           @ (4,7,4) hp=6/6
    ✓ Бурав A6           @ (5,3,3) hp=4/4
    ✓ Провокатор A7      @ (2,5,6) hp=2/2
    ✗ Артиллерия A1      @ (2,0,6) [уничтожен]
    ✗ Тишина A5          @ (4,9,4) [уничтожен]
    ✗ Паук A8            @ (2,3,6) [уничтожен]
  Team B: живых 3/8
    ✓ Радиовышка B2      @ (4,2,3) hp=3/3
    ✓ Тишина B5          @ (5,4,3) hp=1/2
    ✓ Бурав B6           @ (5,3,7) hp=4/4
    ✗ Артиллерия B1      @ (4,7,3) [уничтожен]
    ✗ Прыгун B3          @ (3,7,4) [уничтожен]
    ✗ Факел B4           @ (3,2,4) [уничтожен]
    ✗ Провокатор B7      @ (4,8,3) [уничтожен]
    ✗ Паук B8            @ (4,9,3) [уничтожен]
  Team C: живых 2/8
    ✓ Радиовышка C2      @ (4,2,5) hp=1/3
    ✓ Прыгун C3          @ (2,3,6) hp=2/2
    ✗ Артиллерия C1      @ (5,3,1) [уничтожен]
    ✗ Факел C4           @ (5,3,3) [уничтожен]
    ✗ Тишина C5          @ (5,3,2) [уничтожен]
    ✗ Бурав C6           @ (2,3,6) [уничтожен]
    ✗ Провокатор C7      @ (5,3,7) [уничтожен]
    ✗ Паук C8            @ (5,3,5) [уничтожен]

======================================================================
ХОД 5
======================================================================
✓ 🎮 GM: начинаем ход
GM: start_turn

--- Радиовышки: сканирование слоя Z ---
  Радиовышка A2 (z=4): слой чист
  Радиовышка B2 (z=3): видит 2 врагов [+1 эксклюзивно] → Прыгун A3(4,9,3), Бурав A6(5,3,3)
  Радиовышка C2 (z=5): слой чист

--- Решения ботов ---
  [Team A] Радиовышка A2 (4,2,4) → MOVE (4,2,3)
  [Team A] Прыгун A3 (4,9,3) → MOVE (5,8,3)
  [Team A] Факел A4 (4,7,4) → MOVE (4,6,4)
  [Team A] Бурав A6 (5,3,3) → MOVE (2,3,6)
  [Team A] Провокатор A7 (2,5,6) → HOLOGRAM (2,4,6)
  [Team B] Радиовышка B2 (4,2,3) → MOVE (4,2,4)
  [Team B] Тишина B5 (5,4,3) → PHASE toggle
  [Team B] Бурав B6 (5,3,7) → MOVE (4,2,6)
  [Team C] Радиовышка C2 (4,2,5) → MOVE (4,2,4)
  [Team C] Прыгун C3 (2,3,6) → MOVE (2,5,6)
! 🎮 GM: принудительно завершает фазу планирования
GM: end_planning
# 
============================================================
# 🔄 ОБРАБОТКА ХОДА 5
# ============================================================
   🌀 Тишина B5: уходит в фазу на 1 ход
   🪞 Провокатор A7 создал голограмму H7 в (2,4,6)

📦 ПЕРЕМЕЩЕНИЯ:
!    ⚠️ Радиовышка A2: клетка (4,2,3) занята
   Прыгун A3: (4, 9, 3) → (5,8,3)
   Факел A4: (4, 7, 4) → (4,6,4)
✓    💥 Бурав A6 тараном уничтожил Прыгун C3 в (2,3,6)
   Бурав A6: (5, 3, 3) → (2,3,6)
!    ⚠️ Радиовышка B2: клетка (4,2,4) занята
!    ⚠️ Бурав B6: Бурав двигается только по 1 оси или по 2 осям строго диагонально
!    ⚠️ Радиовышка C2: клетка (4,2,4) занята

🎯 ВЫСТРЕЛЫ:
   Выпущено ракет: 0
# 
📊 РЕЗУЛЬТАТЫ ХОДА 5:
🎯 Попаданий нет

--- Результаты хода ---
  Team A / Бурав A6           → Team C / Прыгун C3          @ (2,3,6)  (УБИТ)

--- Состояние команд после хода ---
  Team A: живых 5/8
    ✓ Радиовышка A2      @ (4,2,4) hp=1/3
    ✓ Прыгун A3          @ (5,8,3) hp=2/2
    ✓ Факел A4           @ (4,6,4) hp=6/6
    ✓ Бурав A6           @ (2,3,6) hp=4/4
    ✓ Провокатор A7      @ (2,5,6) hp=2/2
    ✗ Артиллерия A1      @ (2,0,6) [уничтожен]
    ✗ Тишина A5          @ (4,9,4) [уничтожен]
    ✗ Паук A8            @ (2,3,6) [уничтожен]
  Team B: живых 3/8
    ✓ Радиовышка B2      @ (4,2,3) hp=3/3
    ✓ Тишина B5          @ (5,4,3) hp=1/2
    ✓ Бурав B6           @ (5,3,7) hp=4/4
    ✗ Артиллерия B1      @ (4,7,3) [уничтожен]
    ✗ Прыгун B3          @ (3,7,4) [уничтожен]
    ✗ Факел B4           @ (3,2,4) [уничтожен]
    ✗ Провокатор B7      @ (4,8,3) [уничтожен]
    ✗ Паук B8            @ (4,9,3) [уничтожен]
  Team C: живых 1/8
    ✓ Радиовышка C2      @ (4,2,5) hp=1/3
    ✗ Артиллерия C1      @ (5,3,1) [уничтожен]
    ✗ Прыгун C3          @ (2,3,6) [уничтожен]
    ✗ Факел C4           @ (5,3,3) [уничтожен]
    ✗ Тишина C5          @ (5,3,2) [уничтожен]
    ✗ Бурав C6           @ (2,3,6) [уничтожен]
    ✗ Провокатор C7      @ (5,3,7) [уничтожен]
    ✗ Паук C8            @ (5,3,5) [уничтожен]

======================================================================
ХОД 6
======================================================================
✓ 🎮 GM: начинаем ход
GM: start_turn

--- Радиовышки: сканирование слоя Z ---
  Радиовышка A2 (z=4): слой чист
  Радиовышка B2 (z=3): видит 1 врагов  → Прыгун A3(5,8,3)
  Радиовышка C2 (z=5): слой чист

--- Решения ботов ---
  [Team A] Радиовышка A2 (4,2,4) → MOVE (4,2,3)
  [Team A] Прыгун A3 (5,8,3) → MOVE (5,7,4)
  [Team A] Факел A4 (4,6,4) → MOVE (4,5,4)
  [Team A] Бурав A6 (2,3,6) → MOVE (3,2,5)
  [Team A] Провокатор A7 (2,5,6) → HOLOGRAM (3,4,5)
  [Team B] Радиовышка B2 (4,2,3) → MOVE (4,2,4)
  [Team B] Тишина B5 (5,4,3) → MOVE (4,3,4)
  [Team B] Бурав B6 (5,3,7) → MOVE (4,2,6)
  [Team C] Радиовышка C2 (4,2,5) → MOVE (4,2,4)
! 🎮 GM: принудительно завершает фазу планирования
GM: end_planning
# 
============================================================
# 🔄 ОБРАБОТКА ХОДА 6
# ============================================================
   🌀 Тишина B5: фаза спала (действовала 1 ход)
!    ⚠️ Провокатор A7: клетка (3,4,5) уже занята голограммой

📦 ПЕРЕМЕЩЕНИЯ:
!    ⚠️ Радиовышка A2: клетка (4,2,3) занята
   Прыгун A3: (5, 8, 3) → (5,7,4)
   Факел A4: (4, 6, 4) → (4,5,4)
!    ⚠️ Бурав A6: Бурав двигается только по 1 оси или по 2 осям строго диагонально
!    ⚠️ Радиовышка B2: клетка (4,2,4) занята
   Тишина B5: (5, 4, 3) → (4,3,4)
!    ⚠️ Бурав B6: Бурав двигается только по 1 оси или по 2 осям строго диагонально
!    ⚠️ Радиовышка C2: клетка (4,2,4) занята

🎯 ВЫСТРЕЛЫ:
   Выпущено ракет: 0
# 
📊 РЕЗУЛЬТАТЫ ХОДА 6:
🎯 Попаданий нет

--- Результаты хода ---
  Попаданий нет

--- Состояние команд после хода ---
  Team A: живых 5/8
    ✓ Радиовышка A2      @ (4,2,4) hp=1/3
    ✓ Прыгун A3          @ (5,7,4) hp=2/2
    ✓ Факел A4           @ (4,5,4) hp=6/6
    ✓ Бурав A6           @ (2,3,6) hp=4/4
    ✓ Провокатор A7      @ (2,5,6) hp=2/2
    ✗ Артиллерия A1      @ (2,0,6) [уничтожен]
    ✗ Тишина A5          @ (4,9,4) [уничтожен]
    ✗ Паук A8            @ (2,3,6) [уничтожен]
  Team B: живых 3/8
    ✓ Радиовышка B2      @ (4,2,3) hp=3/3
    ✓ Тишина B5          @ (4,3,4) hp=1/2
    ✓ Бурав B6           @ (5,3,7) hp=4/4
    ✗ Артиллерия B1      @ (4,7,3) [уничтожен]
    ✗ Прыгун B3          @ (3,7,4) [уничтожен]
    ✗ Факел B4           @ (3,2,4) [уничтожен]
    ✗ Провокатор B7      @ (4,8,3) [уничтожен]
    ✗ Паук B8            @ (4,9,3) [уничтожен]
  Team C: живых 1/8
    ✓ Радиовышка C2      @ (4,2,5) hp=1/3
    ✗ Артиллерия C1      @ (5,3,1) [уничтожен]
    ✗ Прыгун C3          @ (2,3,6) [уничтожен]
    ✗ Факел C4           @ (5,3,3) [уничтожен]
    ✗ Тишина C5          @ (5,3,2) [уничтожен]
    ✗ Бурав C6           @ (2,3,6) [уничтожен]
    ✗ Провокатор C7      @ (5,3,7) [уничтожен]
    ✗ Паук C8            @ (5,3,5) [уничтожен]

======================================================================
ХОД 7
======================================================================
✓ 🎮 GM: начинаем ход
GM: start_turn

--- Радиовышки: сканирование слоя Z ---
  Радиовышка A2 (z=4): видит 1 врагов  → Тишина B5(4,3,4)
  Радиовышка B2 (z=3): слой чист
  Радиовышка C2 (z=5): слой чист

--- Решения ботов ---
  [Team A] Радиовышка A2 (4,2,4) → MOVE (4,2,3)
  [Team A] Прыгун A3 (5,7,4) → MOVE (4,6,4)
  [Team A] Факел A4 (4,5,4) → SHOOT at (4,3,4)
  [Team A] Бурав A6 (2,3,6) → MOVE (4,3,4)
  [Team A] Провокатор A7 (2,5,6) → HOLOGRAM (3,4,5)
  [Team B] Радиовышка B2 (4,2,3) → MOVE (4,2,4)
  [Team B] Бурав B6 (5,3,7) → MOVE (4,2,6)
  [Team B] Тишина B5 → SKIP
  [Team C] Радиовышка C2 (4,2,5) → MOVE (4,2,4)
! 🎮 GM: принудительно завершает фазу планирования
GM: end_planning
# 
============================================================
# 🔄 ОБРАБОТКА ХОДА 7
# ============================================================
!    ⚠️ Провокатор A7: клетка (3,4,5) уже занята голограммой

📦 ПЕРЕМЕЩЕНИЯ:
!    ⚠️ Радиовышка A2: клетка (4,2,3) занята
   Прыгун A3: (5, 7, 4) → (4,6,4)
✓    💥 Бурав A6 тараном уничтожил Тишина B5 в (4,3,4)
   Бурав A6: (2, 3, 6) → (4,3,4)
!    ⚠️ Радиовышка B2: клетка (4,2,4) занята
!    ⚠️ Бурав B6: Бурав двигается только по 1 оси или по 2 осям строго диагонально
!    ⚠️ Радиовышка C2: клетка (4,2,4) занята

🎯 ВЫСТРЕЛЫ:
!    🛡️ Выстрел Факел A4 заблокирован союзником Бурав A6 в (4, 3, 4)
   Выпущено ракет: 1
# 
📊 РЕЗУЛЬТАТЫ ХОДА 7:
🎯 Попаданий нет

--- Результаты хода ---
  Team A / Бурав A6           → Team B / Тишина B5          @ (4,3,4)  (УБИТ)

--- Состояние команд после хода ---
  Team A: живых 5/8
    ✓ Радиовышка A2      @ (4,2,4) hp=1/3
    ✓ Прыгун A3          @ (4,6,4) hp=2/2
    ✓ Факел A4           @ (4,5,4) hp=6/6
    ✓ Бурав A6           @ (4,3,4) hp=4/4
    ✓ Провокатор A7      @ (2,5,6) hp=2/2
    ✗ Артиллерия A1      @ (2,0,6) [уничтожен]
    ✗ Тишина A5          @ (4,9,4) [уничтожен]
    ✗ Паук A8            @ (2,3,6) [уничтожен]
  Team B: живых 2/8
    ✓ Радиовышка B2      @ (4,2,3) hp=3/3
    ✓ Бурав B6           @ (5,3,7) hp=4/4
    ✗ Артиллерия B1      @ (4,7,3) [уничтожен]
    ✗ Прыгун B3          @ (3,7,4) [уничтожен]
    ✗ Факел B4           @ (3,2,4) [уничтожен]
    ✗ Тишина B5          @ (4,3,4) [уничтожен]
    ✗ Провокатор B7      @ (4,8,3) [уничтожен]
    ✗ Паук B8            @ (4,9,3) [уничтожен]
  Team C: живых 1/8
    ✓ Радиовышка C2      @ (4,2,5) hp=1/3
    ✗ Артиллерия C1      @ (5,3,1) [уничтожен]
    ✗ Прыгун C3          @ (2,3,6) [уничтожен]
    ✗ Факел C4           @ (5,3,3) [уничтожен]
    ✗ Тишина C5          @ (5,3,2) [уничтожен]
    ✗ Бурав C6           @ (2,3,6) [уничтожен]
    ✗ Провокатор C7      @ (5,3,7) [уничтожен]
    ✗ Паук C8            @ (5,3,5) [уничтожен]

======================================================================
ХОД 8
======================================================================
✓ 🎮 GM: начинаем ход
GM: start_turn

--- Радиовышки: сканирование слоя Z ---
  Радиовышка A2 (z=4): слой чист
  Радиовышка B2 (z=3): слой чист
  Радиовышка C2 (z=5): слой чист

--- Решения ботов ---
  [Team A] Радиовышка A2 (4,2,4) → MOVE (4,2,3)
  [Team A] Прыгун A3 (4,6,4) → MOVE (5,5,5)
  [Team A] Факел A4 (4,5,4) → MOVE (4,4,4)
  [Team A] Бурав A6 (4,3,4) → MOVE (4,2,5)
  [Team A] Провокатор A7 (2,5,6) → HOLOGRAM (3,4,5)
  [Team B] Радиовышка B2 (4,2,3) → MOVE (4,2,4)
  [Team B] Бурав B6 (5,3,7) → MOVE (4,2,6)
  [Team C] Радиовышка C2 (4,2,5) → MOVE (4,2,4)
! 🎮 GM: принудительно завершает фазу планирования
GM: end_planning
# 
============================================================
# 🔄 ОБРАБОТКА ХОДА 8
# ============================================================
!    ⚠️ Провокатор A7: клетка (3,4,5) уже занята голограммой

📦 ПЕРЕМЕЩЕНИЯ:
!    ⚠️ Радиовышка A2: клетка (4,2,3) занята
   Прыгун A3: (4, 6, 4) → (5,5,5)
   Факел A4: (4, 5, 4) → (4,4,4)
✓    💥 Бурав A6 тараном уничтожил Радиовышка C2 в (4,2,5)
   Бурав A6: (4, 3, 4) → (4,2,5)
!    ⚠️ Радиовышка B2: клетка (4,2,4) занята
!    ⚠️ Бурав B6: Бурав двигается только по 1 оси или по 2 осям строго диагонально

🎯 ВЫСТРЕЛЫ:
   Выпущено ракет: 0
# 
📊 РЕЗУЛЬТАТЫ ХОДА 8:
🎯 Попаданий нет

--- Результаты хода ---
  Team A / Бурав A6           → Team C / Радиовышка C2      @ (4,2,5)  (УБИТ)

--- Состояние команд после хода ---
  Team A: живых 5/8
    ✓ Радиовышка A2      @ (4,2,4) hp=1/3
    ✓ Прыгун A3          @ (5,5,5) hp=2/2
    ✓ Факел A4           @ (4,4,4) hp=6/6
    ✓ Бурав A6           @ (4,2,5) hp=4/4
    ✓ Провокатор A7      @ (2,5,6) hp=2/2
    ✗ Артиллерия A1      @ (2,0,6) [уничтожен]
    ✗ Тишина A5          @ (4,9,4) [уничтожен]
    ✗ Паук A8            @ (2,3,6) [уничтожен]
  Team B: живых 2/8
    ✓ Радиовышка B2      @ (4,2,3) hp=3/3
    ✓ Бурав B6           @ (5,3,7) hp=4/4
    ✗ Артиллерия B1      @ (4,7,3) [уничтожен]
    ✗ Прыгун B3          @ (3,7,4) [уничтожен]
    ✗ Факел B4           @ (3,2,4) [уничтожен]
    ✗ Тишина B5          @ (4,3,4) [уничтожен]
    ✗ Провокатор B7      @ (4,8,3) [уничтожен]
    ✗ Паук B8            @ (4,9,3) [уничтожен]
  Team C: живых 0/8
    ✗ Артиллерия C1      @ (5,3,1) [уничтожен]
    ✗ Радиовышка C2      @ (4,2,5) [уничтожен]
    ✗ Прыгун C3          @ (2,3,6) [уничтожен]
    ✗ Факел C4           @ (5,3,3) [уничтожен]
    ✗ Тишина C5          @ (5,3,2) [уничтожен]
    ✗ Бурав C6           @ (2,3,6) [уничтожен]
    ✗ Провокатор C7      @ (5,3,7) [уничтожен]
    ✗ Паук C8            @ (5,3,5) [уничтожен]

======================================================================
ХОД 9
======================================================================
✓ 🎮 GM: начинаем ход
GM: start_turn

--- Радиовышки: сканирование слоя Z ---
  Радиовышка A2 (z=4): слой чист
  Радиовышка B2 (z=3): слой чист

--- Решения ботов ---
  [Team A] Радиовышка A2 (4,2,4) → MOVE (4,2,3)
  [Team A] Прыгун A3 (5,5,5) → MOVE (5,3,7)
  [Team A] Факел A4 (4,4,4) → HEAL (AoE)
  [Team A] Провокатор A7 (2,5,6) → HOLOGRAM (3,4,5)
  [Team A] Бурав A6 → SKIP
  [Team B] Радиовышка B2 (4,2,3) → MOVE (4,2,4)
  [Team B] Бурав B6 (5,3,7) → MOVE (5,5,5)
  [Team C] все корабли пропускают ход
! 🎮 GM: принудительно завершает фазу планирования
GM: end_planning
# 
============================================================
# 🔄 ОБРАБОТКА ХОДА 9
# ============================================================
!    ⚠️ Провокатор A7: клетка (3,4,5) уже занята голограммой

📦 ПЕРЕМЕЩЕНИЯ:
!    ⚠️ Радиовышка A2: клетка (4,2,3) занята
✓    💥 Прыгун A3 тараном уничтожил Бурав B6 в (5,3,7)
   Прыгун A3: (5, 5, 5) → (5,3,7)
!    ⚠️ Радиовышка B2: клетка (4,2,4) занята

🎯 ВЫСТРЕЛЫ:
✓    💚 Факел A4 лечит Радиовышка A2 → hits=1/3
   Выпущено ракет: 0
# 
📊 РЕЗУЛЬТАТЫ ХОДА 9:
🎯 Попаданий нет

--- Результаты хода ---
  Team A / Прыгун A3          → Team B / Бурав B6           @ (5,3,7)  (УБИТ)

--- Состояние команд после хода ---
  Team A: живых 5/8
    ✓ Радиовышка A2      @ (4,2,4) hp=2/3
    ✓ Прыгун A3          @ (5,3,7) hp=2/2
    ✓ Факел A4           @ (4,4,4) hp=6/6
    ✓ Бурав A6           @ (4,2,5) hp=4/4
    ✓ Провокатор A7      @ (2,5,6) hp=2/2
    ✗ Артиллерия A1      @ (2,0,6) [уничтожен]
    ✗ Тишина A5          @ (4,9,4) [уничтожен]
    ✗ Паук A8            @ (2,3,6) [уничтожен]
  Team B: живых 1/8
    ✓ Радиовышка B2      @ (4,2,3) hp=3/3
    ✗ Артиллерия B1      @ (4,7,3) [уничтожен]
    ✗ Прыгун B3          @ (3,7,4) [уничтожен]
    ✗ Факел B4           @ (3,2,4) [уничтожен]
    ✗ Тишина B5          @ (4,3,4) [уничтожен]
    ✗ Бурав B6           @ (5,3,7) [уничтожен]
    ✗ Провокатор B7      @ (4,8,3) [уничтожен]
    ✗ Паук B8            @ (4,9,3) [уничтожен]
  Team C: живых 0/8
    ✗ Артиллерия C1      @ (5,3,1) [уничтожен]
    ✗ Радиовышка C2      @ (4,2,5) [уничтожен]
    ✗ Прыгун C3          @ (2,3,6) [уничтожен]
    ✗ Факел C4           @ (5,3,3) [уничтожен]
    ✗ Тишина C5          @ (5,3,2) [уничтожен]
    ✗ Бурав C6           @ (2,3,6) [уничтожен]
    ✗ Провокатор C7      @ (5,3,7) [уничтожен]
    ✗ Паук C8            @ (5,3,5) [уничтожен]

======================================================================
ХОД 10
======================================================================
✓ 🎮 GM: начинаем ход
GM: start_turn

--- Радиовышки: сканирование слоя Z ---
  Радиовышка A2 (z=4): слой чист
  Радиовышка B2 (z=3): слой чист

--- Решения ботов ---
  [Team A] Радиовышка A2 (4,2,4) → MOVE (4,2,3)
  [Team A] Прыгун A3 (5,3,7) → MOVE (4,2,6)
  [Team A] Факел A4 (4,4,4) → HEAL (AoE)
  [Team A] Провокатор A7 (2,5,6) → HOLOGRAM (3,4,5)
  [Team A] Бурав A6 → SKIP
  [Team B] Радиовышка B2 (4,2,3) → MOVE (4,2,4)
  [Team C] все корабли пропускают ход
! 🎮 GM: принудительно завершает фазу планирования
GM: end_planning
# 
============================================================
# 🔄 ОБРАБОТКА ХОДА 10
# ============================================================
!    ⚠️ Провокатор A7: клетка (3,4,5) уже занята голограммой

📦 ПЕРЕМЕЩЕНИЯ:
!    ⚠️ Радиовышка A2: клетка (4,2,3) занята
✓    💥 Прыгун A3 тараном сбросил голограмму H3
   Прыгун A3: (5, 3, 7) → (4,2,6)
!    💥 Мина M6 сработала под Прыгун A3 (урон 2) — КОРАБЛЬ УНИЧТОЖЕН
!    ⚠️ Радиовышка B2: клетка (4,2,4) занята

🎯 ВЫСТРЕЛЫ:
✓    💚 Факел A4 лечит Радиовышка A2 → hits=0/3
   Выпущено ракет: 0
# 
📊 РЕЗУЛЬТАТЫ ХОДА 10:
🎯 Попаданий нет

--- Результаты хода ---
  ? / ?                  → Team A / Прыгун A3          @ (4,2,6)  (УБИТ)

--- Состояние команд после хода ---
  Team A: живых 4/8
    ✓ Радиовышка A2      @ (4,2,4) hp=3/3
    ✓ Факел A4           @ (4,4,4) hp=6/6
    ✓ Бурав A6           @ (4,2,5) hp=4/4
    ✓ Провокатор A7      @ (2,5,6) hp=2/2
    ✗ Артиллерия A1      @ (2,0,6) [уничтожен]
    ✗ Прыгун A3          @ (4,2,6) [уничтожен]
    ✗ Тишина A5          @ (4,9,4) [уничтожен]
    ✗ Паук A8            @ (2,3,6) [уничтожен]
  Team B: живых 1/8
    ✓ Радиовышка B2      @ (4,2,3) hp=3/3
    ✗ Артиллерия B1      @ (4,7,3) [уничтожен]
    ✗ Прыгун B3          @ (3,7,4) [уничтожен]
    ✗ Факел B4           @ (3,2,4) [уничтожен]
    ✗ Тишина B5          @ (4,3,4) [уничтожен]
    ✗ Бурав B6           @ (5,3,7) [уничтожен]
    ✗ Провокатор B7      @ (4,8,3) [уничтожен]
    ✗ Паук B8            @ (4,9,3) [уничтожен]
  Team C: живых 0/8
    ✗ Артиллерия C1      @ (5,3,1) [уничтожен]
    ✗ Радиовышка C2      @ (4,2,5) [уничтожен]
    ✗ Прыгун C3          @ (2,3,6) [уничтожен]
    ✗ Факел C4           @ (5,3,3) [уничтожен]
    ✗ Тишина C5          @ (5,3,2) [уничтожен]
    ✗ Бурав C6           @ (2,3,6) [уничтожен]
    ✗ Провокатор C7      @ (5,3,7) [уничтожен]
    ✗ Паук C8            @ (5,3,5) [уничтожен]

======================================================================
ХОД 11
======================================================================
✓ 🎮 GM: начинаем ход
GM: start_turn

--- Радиовышки: сканирование слоя Z ---
  Радиовышка A2 (z=4): слой чист
  Радиовышка B2 (z=3): слой чист

--- Решения ботов ---
  [Team A] Радиовышка A2 (4,2,4) → MOVE (4,2,3)
  [Team A] Факел A4 (4,4,4) → MOVE (3,5,5)
  [Team A] Провокатор A7 (2,5,6) → HOLOGRAM (3,4,5)
  [Team A] Бурав A6 → SKIP
  [Team B] Радиовышка B2 (4,2,3) → MOVE (4,2,4)
  [Team C] все корабли пропускают ход
! 🎮 GM: принудительно завершает фазу планирования
GM: end_planning
# 
============================================================
# 🔄 ОБРАБОТКА ХОДА 11
# ============================================================
!    ⚠️ Провокатор A7: клетка (3,4,5) уже занята голограммой

📦 ПЕРЕМЕЩЕНИЯ:
!    ⚠️ Радиовышка A2: клетка (4,2,3) занята
   Факел A4: (4, 4, 4) → (3,5,5)
!    ⚠️ Радиовышка B2: клетка (4,2,4) занята

🎯 ВЫСТРЕЛЫ:
   Выпущено ракет: 0
# 
📊 РЕЗУЛЬТАТЫ ХОДА 11:
🎯 Попаданий нет

--- Результаты хода ---
  Попаданий нет

--- Состояние команд после хода ---
  Team A: живых 4/8
    ✓ Радиовышка A2      @ (4,2,4) hp=3/3
    ✓ Факел A4           @ (3,5,5) hp=6/6
    ✓ Бурав A6           @ (4,2,5) hp=4/4
    ✓ Провокатор A7      @ (2,5,6) hp=2/2
    ✗ Артиллерия A1      @ (2,0,6) [уничтожен]
    ✗ Прыгун A3          @ (4,2,6) [уничтожен]
    ✗ Тишина A5          @ (4,9,4) [уничтожен]
    ✗ Паук A8            @ (2,3,6) [уничтожен]
  Team B: живых 1/8
    ✓ Радиовышка B2      @ (4,2,3) hp=3/3
    ✗ Артиллерия B1      @ (4,7,3) [уничтожен]
    ✗ Прыгун B3          @ (3,7,4) [уничтожен]
    ✗ Факел B4           @ (3,2,4) [уничтожен]
    ✗ Тишина B5          @ (4,3,4) [уничтожен]
    ✗ Бурав B6           @ (5,3,7) [уничтожен]
    ✗ Провокатор B7      @ (4,8,3) [уничтожен]
    ✗ Паук B8            @ (4,9,3) [уничтожен]
  Team C: живых 0/8
    ✗ Артиллерия C1      @ (5,3,1) [уничтожен]
    ✗ Радиовышка C2      @ (4,2,5) [уничтожен]
    ✗ Прыгун C3          @ (2,3,6) [уничтожен]
    ✗ Факел C4           @ (5,3,3) [уничтожен]
    ✗ Тишина C5          @ (5,3,2) [уничтожен]
    ✗ Бурав C6           @ (2,3,6) [уничтожен]
    ✗ Провокатор C7      @ (5,3,7) [уничтожен]
    ✗ Паук C8            @ (5,3,5) [уничтожен]

======================================================================
ХОД 12
======================================================================
✓ 🎮 GM: начинаем ход
GM: start_turn

--- Радиовышки: сканирование слоя Z ---
  Радиовышка A2 (z=4): слой чист
  Радиовышка B2 (z=3): слой чист

--- Решения ботов ---
  [Team A] Радиовышка A2 (4,2,4) → MOVE (4,2,3)
  [Team A] Факел A4 (3,5,5) → MOVE (3,5,6)
  [Team A] Провокатор A7 (2,5,6) → HOLOGRAM (3,4,5)
  [Team A] Бурав A6 → SKIP
  [Team B] Радиовышка B2 (4,2,3) → MOVE (4,2,4)
  [Team C] все корабли пропускают ход
! 🎮 GM: принудительно завершает фазу планирования
GM: end_planning
# 
============================================================
# 🔄 ОБРАБОТКА ХОДА 12
# ============================================================
!    ⚠️ Провокатор A7: клетка (3,4,5) уже занята голограммой

📦 ПЕРЕМЕЩЕНИЯ:
!    ⚠️ Радиовышка A2: клетка (4,2,3) занята
   Факел A4: (3, 5, 5) → (3,5,6)
!    ⚠️ Радиовышка B2: клетка (4,2,4) занята

🎯 ВЫСТРЕЛЫ:
   Выпущено ракет: 0
# 
📊 РЕЗУЛЬТАТЫ ХОДА 12:
🎯 Попаданий нет

--- Результаты хода ---
  Попаданий нет

--- Состояние команд после хода ---
  Team A: живых 4/8
    ✓ Радиовышка A2      @ (4,2,4) hp=3/3
    ✓ Факел A4           @ (3,5,6) hp=6/6
    ✓ Бурав A6           @ (4,2,5) hp=4/4
    ✓ Провокатор A7      @ (2,5,6) hp=2/2
    ✗ Артиллерия A1      @ (2,0,6) [уничтожен]
    ✗ Прыгун A3          @ (4,2,6) [уничтожен]
    ✗ Тишина A5          @ (4,9,4) [уничтожен]
    ✗ Паук A8            @ (2,3,6) [уничтожен]
  Team B: живых 1/8
    ✓ Радиовышка B2      @ (4,2,3) hp=3/3
    ✗ Артиллерия B1      @ (4,7,3) [уничтожен]
    ✗ Прыгун B3          @ (3,7,4) [уничтожен]
    ✗ Факел B4           @ (3,2,4) [уничтожен]
    ✗ Тишина B5          @ (4,3,4) [уничтожен]
    ✗ Бурав B6           @ (5,3,7) [уничтожен]
    ✗ Провокатор B7      @ (4,8,3) [уничтожен]
    ✗ Паук B8            @ (4,9,3) [уничтожен]
  Team C: живых 0/8
    ✗ Артиллерия C1      @ (5,3,1) [уничтожен]
    ✗ Радиовышка C2      @ (4,2,5) [уничтожен]
    ✗ Прыгун C3          @ (2,3,6) [уничтожен]
    ✗ Факел C4           @ (5,3,3) [уничтожен]
    ✗ Тишина C5          @ (5,3,2) [уничтожен]
    ✗ Бурав C6           @ (2,3,6) [уничтожен]
    ✗ Провокатор C7      @ (5,3,7) [уничтожен]
    ✗ Паук C8            @ (5,3,5) [уничтожен]

======================================================================
ХОД 13
======================================================================
✓ 🎮 GM: начинаем ход
GM: start_turn

--- Радиовышки: сканирование слоя Z ---
  Радиовышка A2 (z=4): слой чист
  Радиовышка B2 (z=3): слой чист

--- Решения ботов ---
  [Team A] Радиовышка A2 (4,2,4) → MOVE (4,2,3)
  [Team A] Провокатор A7 (2,5,6) → HOLOGRAM (3,4,5)
  [Team A] Факел A4 → SKIP
  [Team A] Бурав A6 → SKIP
  [Team B] Радиовышка B2 (4,2,3) → MOVE (4,2,4)
  [Team C] все корабли пропускают ход
! 🎮 GM: принудительно завершает фазу планирования
GM: end_planning
# 
============================================================
# 🔄 ОБРАБОТКА ХОДА 13
# ============================================================
!    ⚠️ Провокатор A7: клетка (3,4,5) уже занята голограммой

📦 ПЕРЕМЕЩЕНИЯ:
!    ⚠️ Радиовышка A2: клетка (4,2,3) занята
!    ⚠️ Радиовышка B2: клетка (4,2,4) занята

🎯 ВЫСТРЕЛЫ:
   Выпущено ракет: 0
# 
📊 РЕЗУЛЬТАТЫ ХОДА 13:
🎯 Попаданий нет

--- Результаты хода ---
  Попаданий нет

--- Состояние команд после хода ---
  Team A: живых 4/8
    ✓ Радиовышка A2      @ (4,2,4) hp=3/3
    ✓ Факел A4           @ (3,5,6) hp=6/6
    ✓ Бурав A6           @ (4,2,5) hp=4/4
    ✓ Провокатор A7      @ (2,5,6) hp=2/2
    ✗ Артиллерия A1      @ (2,0,6) [уничтожен]
    ✗ Прыгун A3          @ (4,2,6) [уничтожен]
    ✗ Тишина A5          @ (4,9,4) [уничтожен]
    ✗ Паук A8            @ (2,3,6) [уничтожен]
  Team B: живых 1/8
    ✓ Радиовышка B2      @ (4,2,3) hp=3/3
    ✗ Артиллерия B1      @ (4,7,3) [уничтожен]
    ✗ Прыгун B3          @ (3,7,4) [уничтожен]
    ✗ Факел B4           @ (3,2,4) [уничтожен]
    ✗ Тишина B5          @ (4,3,4) [уничтожен]
    ✗ Бурав B6           @ (5,3,7) [уничтожен]
    ✗ Провокатор B7      @ (4,8,3) [уничтожен]
    ✗ Паук B8            @ (4,9,3) [уничтожен]
  Team C: живых 0/8
    ✗ Артиллерия C1      @ (5,3,1) [уничтожен]
    ✗ Радиовышка C2      @ (4,2,5) [уничтожен]
    ✗ Прыгун C3          @ (2,3,6) [уничтожен]
    ✗ Факел C4           @ (5,3,3) [уничтожен]
    ✗ Тишина C5          @ (5,3,2) [уничтожен]
    ✗ Бурав C6           @ (2,3,6) [уничтожен]
    ✗ Провокатор C7      @ (5,3,7) [уничтожен]
    ✗ Паук C8            @ (5,3,5) [уничтожен]

======================================================================
ХОД 14
======================================================================
✓ 🎮 GM: начинаем ход
GM: start_turn

--- Радиовышки: сканирование слоя Z ---
  Радиовышка A2 (z=4): слой чист
  Радиовышка B2 (z=3): слой чист

--- Решения ботов ---
  [Team A] Радиовышка A2 (4,2,4) → MOVE (4,2,3)
  [Team A] Провокатор A7 (2,5,6) → HOLOGRAM (3,4,5)
  [Team A] Факел A4 → SKIP
  [Team A] Бурав A6 → SKIP
  [Team B] Радиовышка B2 (4,2,3) → MOVE (4,2,4)
  [Team C] все корабли пропускают ход
! 🎮 GM: принудительно завершает фазу планирования
GM: end_planning
# 
============================================================
# 🔄 ОБРАБОТКА ХОДА 14
# ============================================================
!    ⚠️ Провокатор A7: клетка (3,4,5) уже занята голограммой

📦 ПЕРЕМЕЩЕНИЯ:
!    ⚠️ Радиовышка A2: клетка (4,2,3) занята
!    ⚠️ Радиовышка B2: клетка (4,2,4) занята

🎯 ВЫСТРЕЛЫ:
   Выпущено ракет: 0
# 
📊 РЕЗУЛЬТАТЫ ХОДА 14:
🎯 Попаданий нет

--- Результаты хода ---
  Попаданий нет

--- Состояние команд после хода ---
  Team A: живых 4/8
    ✓ Радиовышка A2      @ (4,2,4) hp=3/3
    ✓ Факел A4           @ (3,5,6) hp=6/6
    ✓ Бурав A6           @ (4,2,5) hp=4/4
    ✓ Провокатор A7      @ (2,5,6) hp=2/2
    ✗ Артиллерия A1      @ (2,0,6) [уничтожен]
    ✗ Прыгун A3          @ (4,2,6) [уничтожен]
    ✗ Тишина A5          @ (4,9,4) [уничтожен]
    ✗ Паук A8            @ (2,3,6) [уничтожен]
  Team B: живых 1/8
    ✓ Радиовышка B2      @ (4,2,3) hp=3/3
    ✗ Артиллерия B1      @ (4,7,3) [уничтожен]
    ✗ Прыгун B3          @ (3,7,4) [уничтожен]
    ✗ Факел B4           @ (3,2,4) [уничтожен]
    ✗ Тишина B5          @ (4,3,4) [уничтожен]
    ✗ Бурав B6           @ (5,3,7) [уничтожен]
    ✗ Провокатор B7      @ (4,8,3) [уничтожен]
    ✗ Паук B8            @ (4,9,3) [уничтожен]
  Team C: живых 0/8
    ✗ Артиллерия C1      @ (5,3,1) [уничтожен]
    ✗ Радиовышка C2      @ (4,2,5) [уничтожен]
    ✗ Прыгун C3          @ (2,3,6) [уничтожен]
    ✗ Факел C4           @ (5,3,3) [уничтожен]
    ✗ Тишина C5          @ (5,3,2) [уничтожен]
    ✗ Бурав C6           @ (2,3,6) [уничтожен]
    ✗ Провокатор C7      @ (5,3,7) [уничтожен]
    ✗ Паук C8            @ (5,3,5) [уничтожен]

======================================================================
ХОД 15
======================================================================
✓ 🎮 GM: начинаем ход
GM: start_turn

--- Радиовышки: сканирование слоя Z ---
  Радиовышка A2 (z=4): слой чист
  Радиовышка B2 (z=3): слой чист

--- Решения ботов ---
  [Team A] Радиовышка A2 (4,2,4) → MOVE (4,2,3)
  [Team A] Провокатор A7 (2,5,6) → HOLOGRAM (3,4,5)
  [Team A] Факел A4 → SKIP
  [Team A] Бурав A6 → SKIP
  [Team B] Радиовышка B2 (4,2,3) → MOVE (4,2,4)
  [Team C] все корабли пропускают ход
! 🎮 GM: принудительно завершает фазу планирования
GM: end_planning
# 
============================================================
# 🔄 ОБРАБОТКА ХОДА 15
# ============================================================
!    ⚠️ Провокатор A7: клетка (3,4,5) уже занята голограммой

📦 ПЕРЕМЕЩЕНИЯ:
!    ⚠️ Радиовышка A2: клетка (4,2,3) занята
!    ⚠️ Радиовышка B2: клетка (4,2,4) занята

🎯 ВЫСТРЕЛЫ:
   Выпущено ракет: 0
# 
📊 РЕЗУЛЬТАТЫ ХОДА 15:
🎯 Попаданий нет

--- Результаты хода ---
  Попаданий нет

--- Состояние команд после хода ---
  Team A: живых 4/8
    ✓ Радиовышка A2      @ (4,2,4) hp=3/3
    ✓ Факел A4           @ (3,5,6) hp=6/6
    ✓ Бурав A6           @ (4,2,5) hp=4/4
    ✓ Провокатор A7      @ (2,5,6) hp=2/2
    ✗ Артиллерия A1      @ (2,0,6) [уничтожен]
    ✗ Прыгун A3          @ (4,2,6) [уничтожен]
    ✗ Тишина A5          @ (4,9,4) [уничтожен]
    ✗ Паук A8            @ (2,3,6) [уничтожен]
  Team B: живых 1/8
    ✓ Радиовышка B2      @ (4,2,3) hp=3/3
    ✗ Артиллерия B1      @ (4,7,3) [уничтожен]
    ✗ Прыгун B3          @ (3,7,4) [уничтожен]
    ✗ Факел B4           @ (3,2,4) [уничтожен]
    ✗ Тишина B5          @ (4,3,4) [уничтожен]
    ✗ Бурав B6           @ (5,3,7) [уничтожен]
    ✗ Провокатор B7      @ (4,8,3) [уничтожен]
    ✗ Паук B8            @ (4,9,3) [уничтожен]
  Team C: живых 0/8
    ✗ Артиллерия C1      @ (5,3,1) [уничтожен]
    ✗ Радиовышка C2      @ (4,2,5) [уничтожен]
    ✗ Прыгун C3          @ (2,3,6) [уничтожен]
    ✗ Факел C4           @ (5,3,3) [уничтожен]
    ✗ Тишина C5          @ (5,3,2) [уничтожен]
    ✗ Бурав C6           @ (2,3,6) [уничтожен]
    ✗ Провокатор C7      @ (5,3,7) [уничтожен]
    ✗ Паук C8            @ (5,3,5) [уничтожен]

======================================================================
ХОД 16
======================================================================
✓ 🎮 GM: начинаем ход
GM: start_turn

--- Радиовышки: сканирование слоя Z ---
  Радиовышка A2 (z=4): слой чист
  Радиовышка B2 (z=3): слой чист

--- Решения ботов ---
  [Team A] Радиовышка A2 (4,2,4) → MOVE (4,2,3)
  [Team A] Провокатор A7 (2,5,6) → HOLOGRAM (3,4,5)
  [Team A] Факел A4 → SKIP
  [Team A] Бурав A6 → SKIP
  [Team B] Радиовышка B2 (4,2,3) → MOVE (4,2,4)
  [Team C] все корабли пропускают ход
! 🎮 GM: принудительно завершает фазу планирования
GM: end_planning
# 
============================================================
# 🔄 ОБРАБОТКА ХОДА 16
# ============================================================
!    ⚠️ Провокатор A7: клетка (3,4,5) уже занята голограммой

📦 ПЕРЕМЕЩЕНИЯ:
!    ⚠️ Радиовышка A2: клетка (4,2,3) занята
!    ⚠️ Радиовышка B2: клетка (4,2,4) занята

🎯 ВЫСТРЕЛЫ:
   Выпущено ракет: 0
# 
📊 РЕЗУЛЬТАТЫ ХОДА 16:
🎯 Попаданий нет

--- Результаты хода ---
  Попаданий нет

--- Состояние команд после хода ---
  Team A: живых 4/8
    ✓ Радиовышка A2      @ (4,2,4) hp=3/3
    ✓ Факел A4           @ (3,5,6) hp=6/6
    ✓ Бурав A6           @ (4,2,5) hp=4/4
    ✓ Провокатор A7      @ (2,5,6) hp=2/2
    ✗ Артиллерия A1      @ (2,0,6) [уничтожен]
    ✗ Прыгун A3          @ (4,2,6) [уничтожен]
    ✗ Тишина A5          @ (4,9,4) [уничтожен]
    ✗ Паук A8            @ (2,3,6) [уничтожен]
  Team B: живых 1/8
    ✓ Радиовышка B2      @ (4,2,3) hp=3/3
    ✗ Артиллерия B1      @ (4,7,3) [уничтожен]
    ✗ Прыгун B3          @ (3,7,4) [уничтожен]
    ✗ Факел B4           @ (3,2,4) [уничтожен]
    ✗ Тишина B5          @ (4,3,4) [уничтожен]
    ✗ Бурав B6           @ (5,3,7) [уничтожен]
    ✗ Провокатор B7      @ (4,8,3) [уничтожен]
    ✗ Паук B8            @ (4,9,3) [уничтожен]
  Team C: живых 0/8
    ✗ Артиллерия C1      @ (5,3,1) [уничтожен]
    ✗ Радиовышка C2      @ (4,2,5) [уничтожен]
    ✗ Прыгун C3          @ (2,3,6) [уничтожен]
    ✗ Факел C4           @ (5,3,3) [уничтожен]
    ✗ Тишина C5          @ (5,3,2) [уничтожен]
    ✗ Бурав C6           @ (2,3,6) [уничтожен]
    ✗ Провокатор C7      @ (5,3,7) [уничтожен]
    ✗ Паук C8            @ (5,3,5) [уничтожен]

======================================================================
ХОД 17
======================================================================
✓ 🎮 GM: начинаем ход
GM: start_turn

--- Радиовышки: сканирование слоя Z ---
  Радиовышка A2 (z=4): слой чист
  Радиовышка B2 (z=3): слой чист

--- Решения ботов ---
  [Team A] Радиовышка A2 (4,2,4) → MOVE (4,2,3)
  [Team A] Провокатор A7 (2,5,6) → HOLOGRAM (3,4,5)
  [Team A] Факел A4 → SKIP
  [Team A] Бурав A6 → SKIP
  [Team B] Радиовышка B2 (4,2,3) → MOVE (4,2,4)
  [Team C] все корабли пропускают ход
! 🎮 GM: принудительно завершает фазу планирования
GM: end_planning
# 
============================================================
# 🔄 ОБРАБОТКА ХОДА 17
# ============================================================
!    ⚠️ Провокатор A7: клетка (3,4,5) уже занята голограммой

📦 ПЕРЕМЕЩЕНИЯ:
!    ⚠️ Радиовышка A2: клетка (4,2,3) занята
!    ⚠️ Радиовышка B2: клетка (4,2,4) занята

🎯 ВЫСТРЕЛЫ:
   Выпущено ракет: 0
# 
📊 РЕЗУЛЬТАТЫ ХОДА 17:
🎯 Попаданий нет

--- Результаты хода ---
  Попаданий нет

--- Состояние команд после хода ---
  Team A: живых 4/8
    ✓ Радиовышка A2      @ (4,2,4) hp=3/3
    ✓ Факел A4           @ (3,5,6) hp=6/6
    ✓ Бурав A6           @ (4,2,5) hp=4/4
    ✓ Провокатор A7      @ (2,5,6) hp=2/2
    ✗ Артиллерия A1      @ (2,0,6) [уничтожен]
    ✗ Прыгун A3          @ (4,2,6) [уничтожен]
    ✗ Тишина A5          @ (4,9,4) [уничтожен]
    ✗ Паук A8            @ (2,3,6) [уничтожен]
  Team B: живых 1/8
    ✓ Радиовышка B2      @ (4,2,3) hp=3/3
    ✗ Артиллерия B1      @ (4,7,3) [уничтожен]
    ✗ Прыгун B3          @ (3,7,4) [уничтожен]
    ✗ Факел B4           @ (3,2,4) [уничтожен]
    ✗ Тишина B5          @ (4,3,4) [уничтожен]
    ✗ Бурав B6           @ (5,3,7) [уничтожен]
    ✗ Провокатор B7      @ (4,8,3) [уничтожен]
    ✗ Паук B8            @ (4,9,3) [уничтожен]
  Team C: живых 0/8
    ✗ Артиллерия C1      @ (5,3,1) [уничтожен]
    ✗ Радиовышка C2      @ (4,2,5) [уничтожен]
    ✗ Прыгун C3          @ (2,3,6) [уничтожен]
    ✗ Факел C4           @ (5,3,3) [уничтожен]
    ✗ Тишина C5          @ (5,3,2) [уничтожен]
    ✗ Бурав C6           @ (2,3,6) [уничтожен]
    ✗ Провокатор C7      @ (5,3,7) [уничтожен]
    ✗ Паук C8            @ (5,3,5) [уничтожен]

======================================================================
ХОД 18
======================================================================
✓ 🎮 GM: начинаем ход
GM: start_turn

--- Радиовышки: сканирование слоя Z ---
  Радиовышка A2 (z=4): слой чист
  Радиовышка B2 (z=3): слой чист

--- Решения ботов ---
  [Team A] Радиовышка A2 (4,2,4) → MOVE (4,2,3)
  [Team A] Провокатор A7 (2,5,6) → HOLOGRAM (3,4,5)
  [Team A] Факел A4 → SKIP
  [Team A] Бурав A6 → SKIP
  [Team B] Радиовышка B2 (4,2,3) → MOVE (4,2,4)
  [Team C] все корабли пропускают ход
! 🎮 GM: принудительно завершает фазу планирования
GM: end_planning
# 
============================================================
# 🔄 ОБРАБОТКА ХОДА 18
# ============================================================
!    ⚠️ Провокатор A7: клетка (3,4,5) уже занята голограммой

📦 ПЕРЕМЕЩЕНИЯ:
!    ⚠️ Радиовышка A2: клетка (4,2,3) занята
!    ⚠️ Радиовышка B2: клетка (4,2,4) занята

🎯 ВЫСТРЕЛЫ:
   Выпущено ракет: 0
# 
📊 РЕЗУЛЬТАТЫ ХОДА 18:
🎯 Попаданий нет

--- Результаты хода ---
  Попаданий нет

--- Состояние команд после хода ---
  Team A: живых 4/8
    ✓ Радиовышка A2      @ (4,2,4) hp=3/3
    ✓ Факел A4           @ (3,5,6) hp=6/6
    ✓ Бурав A6           @ (4,2,5) hp=4/4
    ✓ Провокатор A7      @ (2,5,6) hp=2/2
    ✗ Артиллерия A1      @ (2,0,6) [уничтожен]
    ✗ Прыгун A3          @ (4,2,6) [уничтожен]
    ✗ Тишина A5          @ (4,9,4) [уничтожен]
    ✗ Паук A8            @ (2,3,6) [уничтожен]
  Team B: живых 1/8
    ✓ Радиовышка B2      @ (4,2,3) hp=3/3
    ✗ Артиллерия B1      @ (4,7,3) [уничтожен]
    ✗ Прыгун B3          @ (3,7,4) [уничтожен]
    ✗ Факел B4           @ (3,2,4) [уничтожен]
    ✗ Тишина B5          @ (4,3,4) [уничтожен]
    ✗ Бурав B6           @ (5,3,7) [уничтожен]
    ✗ Провокатор B7      @ (4,8,3) [уничтожен]
    ✗ Паук B8            @ (4,9,3) [уничтожен]
  Team C: живых 0/8
    ✗ Артиллерия C1      @ (5,3,1) [уничтожен]
    ✗ Радиовышка C2      @ (4,2,5) [уничтожен]
    ✗ Прыгун C3          @ (2,3,6) [уничтожен]
    ✗ Факел C4           @ (5,3,3) [уничтожен]
    ✗ Тишина C5          @ (5,3,2) [уничтожен]
    ✗ Бурав C6           @ (2,3,6) [уничтожен]
    ✗ Провокатор C7      @ (5,3,7) [уничтожен]
    ✗ Паук C8            @ (5,3,5) [уничтожен]

======================================================================
ХОД 19
======================================================================
✓ 🎮 GM: начинаем ход
GM: start_turn

--- Радиовышки: сканирование слоя Z ---
  Радиовышка A2 (z=4): слой чист
  Радиовышка B2 (z=3): слой чист

--- Решения ботов ---
  [Team A] Радиовышка A2 (4,2,4) → MOVE (4,2,3)
  [Team A] Провокатор A7 (2,5,6) → HOLOGRAM (3,4,5)
  [Team A] Факел A4 → SKIP
  [Team A] Бурав A6 → SKIP
  [Team B] Радиовышка B2 (4,2,3) → MOVE (4,2,4)
  [Team C] все корабли пропускают ход
! 🎮 GM: принудительно завершает фазу планирования
GM: end_planning
# 
============================================================
# 🔄 ОБРАБОТКА ХОДА 19
# ============================================================
!    ⚠️ Провокатор A7: клетка (3,4,5) уже занята голограммой

📦 ПЕРЕМЕЩЕНИЯ:
!    ⚠️ Радиовышка A2: клетка (4,2,3) занята
!    ⚠️ Радиовышка B2: клетка (4,2,4) занята

🎯 ВЫСТРЕЛЫ:
   Выпущено ракет: 0
# 
📊 РЕЗУЛЬТАТЫ ХОДА 19:
🎯 Попаданий нет

--- Результаты хода ---
  Попаданий нет

--- Состояние команд после хода ---
  Team A: живых 4/8
    ✓ Радиовышка A2      @ (4,2,4) hp=3/3
    ✓ Факел A4           @ (3,5,6) hp=6/6
    ✓ Бурав A6           @ (4,2,5) hp=4/4
    ✓ Провокатор A7      @ (2,5,6) hp=2/2
    ✗ Артиллерия A1      @ (2,0,6) [уничтожен]
    ✗ Прыгун A3          @ (4,2,6) [уничтожен]
    ✗ Тишина A5          @ (4,9,4) [уничтожен]
    ✗ Паук A8            @ (2,3,6) [уничтожен]
  Team B: живых 1/8
    ✓ Радиовышка B2      @ (4,2,3) hp=3/3
    ✗ Артиллерия B1      @ (4,7,3) [уничтожен]
    ✗ Прыгун B3          @ (3,7,4) [уничтожен]
    ✗ Факел B4           @ (3,2,4) [уничтожен]
    ✗ Тишина B5          @ (4,3,4) [уничтожен]
    ✗ Бурав B6           @ (5,3,7) [уничтожен]
    ✗ Провокатор B7      @ (4,8,3) [уничтожен]
    ✗ Паук B8            @ (4,9,3) [уничтожен]
  Team C: живых 0/8
    ✗ Артиллерия C1      @ (5,3,1) [уничтожен]
    ✗ Радиовышка C2      @ (4,2,5) [уничтожен]
    ✗ Прыгун C3          @ (2,3,6) [уничтожен]
    ✗ Факел C4           @ (5,3,3) [уничтожен]
    ✗ Тишина C5          @ (5,3,2) [уничтожен]
    ✗ Бурав C6           @ (2,3,6) [уничтожен]
    ✗ Провокатор C7      @ (5,3,7) [уничтожен]
    ✗ Паук C8            @ (5,3,5) [уничтожен]

======================================================================
ХОД 20
======================================================================
✓ 🎮 GM: начинаем ход
GM: start_turn

--- Радиовышки: сканирование слоя Z ---
  Радиовышка A2 (z=4): слой чист
  Радиовышка B2 (z=3): слой чист

--- Решения ботов ---
  [Team A] Радиовышка A2 (4,2,4) → MOVE (4,2,3)
  [Team A] Провокатор A7 (2,5,6) → HOLOGRAM (3,4,5)
  [Team A] Факел A4 → SKIP
  [Team A] Бурав A6 → SKIP
  [Team B] Радиовышка B2 (4,2,3) → MOVE (4,2,4)
  [Team C] все корабли пропускают ход
! 🎮 GM: принудительно завершает фазу планирования
GM: end_planning
# 
============================================================
# 🔄 ОБРАБОТКА ХОДА 20
# ============================================================
!    ⚠️ Провокатор A7: клетка (3,4,5) уже занята голограммой

📦 ПЕРЕМЕЩЕНИЯ:
!    ⚠️ Радиовышка A2: клетка (4,2,3) занята
!    ⚠️ Радиовышка B2: клетка (4,2,4) занята

🎯 ВЫСТРЕЛЫ:
   Выпущено ракет: 0
# 
📊 РЕЗУЛЬТАТЫ ХОДА 20:
🎯 Попаданий нет

--- Результаты хода ---
  Попаданий нет

--- Состояние команд после хода ---
  Team A: живых 4/8
    ✓ Радиовышка A2      @ (4,2,4) hp=3/3
    ✓ Факел A4           @ (3,5,6) hp=6/6
    ✓ Бурав A6           @ (4,2,5) hp=4/4
    ✓ Провокатор A7      @ (2,5,6) hp=2/2
    ✗ Артиллерия A1      @ (2,0,6) [уничтожен]
    ✗ Прыгун A3          @ (4,2,6) [уничтожен]
    ✗ Тишина A5          @ (4,9,4) [уничтожен]
    ✗ Паук A8            @ (2,3,6) [уничтожен]
  Team B: живых 1/8
    ✓ Радиовышка B2      @ (4,2,3) hp=3/3
    ✗ Артиллерия B1      @ (4,7,3) [уничтожен]
    ✗ Прыгун B3          @ (3,7,4) [уничтожен]
    ✗ Факел B4           @ (3,2,4) [уничтожен]
    ✗ Тишина B5          @ (4,3,4) [уничтожен]
    ✗ Бурав B6           @ (5,3,7) [уничтожен]
    ✗ Провокатор B7      @ (4,8,3) [уничтожен]
    ✗ Паук B8            @ (4,9,3) [уничтожен]
  Team C: живых 0/8
    ✗ Артиллерия C1      @ (5,3,1) [уничтожен]
    ✗ Радиовышка C2      @ (4,2,5) [уничтожен]
    ✗ Прыгун C3          @ (2,3,6) [уничтожен]
    ✗ Факел C4           @ (5,3,3) [уничтожен]
    ✗ Тишина C5          @ (5,3,2) [уничтожен]
    ✗ Бурав C6           @ (2,3,6) [уничтожен]
    ✗ Провокатор C7      @ (5,3,7) [уничтожен]
    ✗ Паук C8            @ (5,3,5) [уничтожен]

======================================================================
ХОД 21
======================================================================
✓ 🎮 GM: начинаем ход
GM: start_turn

--- Радиовышки: сканирование слоя Z ---
  Радиовышка A2 (z=4): слой чист
  Радиовышка B2 (z=3): слой чист

--- Решения ботов ---
  [Team A] Радиовышка A2 (4,2,4) → MOVE (4,2,3)
  [Team A] Провокатор A7 (2,5,6) → HOLOGRAM (3,4,5)
  [Team A] Факел A4 → SKIP
  [Team A] Бурав A6 → SKIP
  [Team B] Радиовышка B2 (4,2,3) → MOVE (4,2,4)
  [Team C] все корабли пропускают ход
! 🎮 GM: принудительно завершает фазу планирования
GM: end_planning
# 
============================================================
# 🔄 ОБРАБОТКА ХОДА 21
# ============================================================
!    ⚠️ Провокатор A7: клетка (3,4,5) уже занята голограммой

📦 ПЕРЕМЕЩЕНИЯ:
!    ⚠️ Радиовышка A2: клетка (4,2,3) занята
!    ⚠️ Радиовышка B2: клетка (4,2,4) занята

🎯 ВЫСТРЕЛЫ:
   Выпущено ракет: 0
# 
📊 РЕЗУЛЬТАТЫ ХОДА 21:
🎯 Попаданий нет

--- Результаты хода ---
  Попаданий нет

--- Состояние команд после хода ---
  Team A: живых 4/8
    ✓ Радиовышка A2      @ (4,2,4) hp=3/3
    ✓ Факел A4           @ (3,5,6) hp=6/6
    ✓ Бурав A6           @ (4,2,5) hp=4/4
    ✓ Провокатор A7      @ (2,5,6) hp=2/2
    ✗ Артиллерия A1      @ (2,0,6) [уничтожен]
    ✗ Прыгун A3          @ (4,2,6) [уничтожен]
    ✗ Тишина A5          @ (4,9,4) [уничтожен]
    ✗ Паук A8            @ (2,3,6) [уничтожен]
  Team B: живых 1/8
    ✓ Радиовышка B2      @ (4,2,3) hp=3/3
    ✗ Артиллерия B1      @ (4,7,3) [уничтожен]
    ✗ Прыгун B3          @ (3,7,4) [уничтожен]
    ✗ Факел B4           @ (3,2,4) [уничтожен]
    ✗ Тишина B5          @ (4,3,4) [уничтожен]
    ✗ Бурав B6           @ (5,3,7) [уничтожен]
    ✗ Провокатор B7      @ (4,8,3) [уничтожен]
    ✗ Паук B8            @ (4,9,3) [уничтожен]
  Team C: живых 0/8
    ✗ Артиллерия C1      @ (5,3,1) [уничтожен]
    ✗ Радиовышка C2      @ (4,2,5) [уничтожен]
    ✗ Прыгун C3          @ (2,3,6) [уничтожен]
    ✗ Факел C4           @ (5,3,3) [уничтожен]
    ✗ Тишина C5          @ (5,3,2) [уничтожен]
    ✗ Бурав C6           @ (2,3,6) [уничтожен]
    ✗ Провокатор C7      @ (5,3,7) [уничтожен]
    ✗ Паук C8            @ (5,3,5) [уничтожен]

======================================================================
ХОД 22
======================================================================
✓ 🎮 GM: начинаем ход
GM: start_turn

--- Радиовышки: сканирование слоя Z ---
  Радиовышка A2 (z=4): слой чист
  Радиовышка B2 (z=3): слой чист

--- Решения ботов ---
  [Team A] Радиовышка A2 (4,2,4) → MOVE (4,2,3)
  [Team A] Провокатор A7 (2,5,6) → HOLOGRAM (3,4,5)
  [Team A] Факел A4 → SKIP
  [Team A] Бурав A6 → SKIP
  [Team B] Радиовышка B2 (4,2,3) → MOVE (4,2,4)
  [Team C] все корабли пропускают ход
! 🎮 GM: принудительно завершает фазу планирования
GM: end_planning
# 
============================================================
# 🔄 ОБРАБОТКА ХОДА 22
# ============================================================
!    ⚠️ Провокатор A7: клетка (3,4,5) уже занята голограммой

📦 ПЕРЕМЕЩЕНИЯ:
!    ⚠️ Радиовышка A2: клетка (4,2,3) занята
!    ⚠️ Радиовышка B2: клетка (4,2,4) занята

🎯 ВЫСТРЕЛЫ:
   Выпущено ракет: 0
# 
📊 РЕЗУЛЬТАТЫ ХОДА 22:
🎯 Попаданий нет

--- Результаты хода ---
  Попаданий нет

--- Состояние команд после хода ---
  Team A: живых 4/8
    ✓ Радиовышка A2      @ (4,2,4) hp=3/3
    ✓ Факел A4           @ (3,5,6) hp=6/6
    ✓ Бурав A6           @ (4,2,5) hp=4/4
    ✓ Провокатор A7      @ (2,5,6) hp=2/2
    ✗ Артиллерия A1      @ (2,0,6) [уничтожен]
    ✗ Прыгун A3          @ (4,2,6) [уничтожен]
    ✗ Тишина A5          @ (4,9,4) [уничтожен]
    ✗ Паук A8            @ (2,3,6) [уничтожен]
  Team B: живых 1/8
    ✓ Радиовышка B2      @ (4,2,3) hp=3/3
    ✗ Артиллерия B1      @ (4,7,3) [уничтожен]
    ✗ Прыгун B3          @ (3,7,4) [уничтожен]
    ✗ Факел B4           @ (3,2,4) [уничтожен]
    ✗ Тишина B5          @ (4,3,4) [уничтожен]
    ✗ Бурав B6           @ (5,3,7) [уничтожен]
    ✗ Провокатор B7      @ (4,8,3) [уничтожен]
    ✗ Паук B8            @ (4,9,3) [уничтожен]
  Team C: живых 0/8
    ✗ Артиллерия C1      @ (5,3,1) [уничтожен]
    ✗ Радиовышка C2      @ (4,2,5) [уничтожен]
    ✗ Прыгун C3          @ (2,3,6) [уничтожен]
    ✗ Факел C4           @ (5,3,3) [уничтожен]
    ✗ Тишина C5          @ (5,3,2) [уничтожен]
    ✗ Бурав C6           @ (2,3,6) [уничтожен]
    ✗ Провокатор C7      @ (5,3,7) [уничтожен]
    ✗ Паук C8            @ (5,3,5) [уничтожен]

======================================================================
ХОД 23
======================================================================
✓ 🎮 GM: начинаем ход
GM: start_turn

--- Радиовышки: сканирование слоя Z ---
  Радиовышка A2 (z=4): слой чист
  Радиовышка B2 (z=3): слой чист

--- Решения ботов ---
  [Team A] Радиовышка A2 (4,2,4) → MOVE (4,2,3)
  [Team A] Провокатор A7 (2,5,6) → HOLOGRAM (3,4,5)
  [Team A] Факел A4 → SKIP
  [Team A] Бурав A6 → SKIP
  [Team B] Радиовышка B2 (4,2,3) → MOVE (4,2,4)
  [Team C] все корабли пропускают ход
! 🎮 GM: принудительно завершает фазу планирования
GM: end_planning
# 
============================================================
# 🔄 ОБРАБОТКА ХОДА 23
# ============================================================
!    ⚠️ Провокатор A7: клетка (3,4,5) уже занята голограммой

📦 ПЕРЕМЕЩЕНИЯ:
!    ⚠️ Радиовышка A2: клетка (4,2,3) занята
!    ⚠️ Радиовышка B2: клетка (4,2,4) занята

🎯 ВЫСТРЕЛЫ:
   Выпущено ракет: 0
# 
📊 РЕЗУЛЬТАТЫ ХОДА 23:
🎯 Попаданий нет

--- Результаты хода ---
  Попаданий нет

--- Состояние команд после хода ---
  Team A: живых 4/8
    ✓ Радиовышка A2      @ (4,2,4) hp=3/3
    ✓ Факел A4           @ (3,5,6) hp=6/6
    ✓ Бурав A6           @ (4,2,5) hp=4/4
    ✓ Провокатор A7      @ (2,5,6) hp=2/2
    ✗ Артиллерия A1      @ (2,0,6) [уничтожен]
    ✗ Прыгун A3          @ (4,2,6) [уничтожен]
    ✗ Тишина A5          @ (4,9,4) [уничтожен]
    ✗ Паук A8            @ (2,3,6) [уничтожен]
  Team B: живых 1/8
    ✓ Радиовышка B2      @ (4,2,3) hp=3/3
    ✗ Артиллерия B1      @ (4,7,3) [уничтожен]
    ✗ Прыгун B3          @ (3,7,4) [уничтожен]
    ✗ Факел B4           @ (3,2,4) [уничтожен]
    ✗ Тишина B5          @ (4,3,4) [уничтожен]
    ✗ Бурав B6           @ (5,3,7) [уничтожен]
    ✗ Провокатор B7      @ (4,8,3) [уничтожен]
    ✗ Паук B8            @ (4,9,3) [уничтожен]
  Team C: живых 0/8
    ✗ Артиллерия C1      @ (5,3,1) [уничтожен]
    ✗ Радиовышка C2      @ (4,2,5) [уничтожен]
    ✗ Прыгун C3          @ (2,3,6) [уничтожен]
    ✗ Факел C4           @ (5,3,3) [уничтожен]
    ✗ Тишина C5          @ (5,3,2) [уничтожен]
    ✗ Бурав C6           @ (2,3,6) [уничтожен]
    ✗ Провокатор C7      @ (5,3,7) [уничтожен]
    ✗ Паук C8            @ (5,3,5) [уничтожен]

======================================================================
ХОД 24
======================================================================
✓ 🎮 GM: начинаем ход
GM: start_turn

--- Радиовышки: сканирование слоя Z ---
  Радиовышка A2 (z=4): слой чист
  Радиовышка B2 (z=3): слой чист

--- Решения ботов ---
  [Team A] Радиовышка A2 (4,2,4) → MOVE (4,2,3)
  [Team A] Провокатор A7 (2,5,6) → HOLOGRAM (3,4,5)
  [Team A] Факел A4 → SKIP
  [Team A] Бурав A6 → SKIP
  [Team B] Радиовышка B2 (4,2,3) → MOVE (4,2,4)
  [Team C] все корабли пропускают ход
! 🎮 GM: принудительно завершает фазу планирования
GM: end_planning
# 
============================================================
# 🔄 ОБРАБОТКА ХОДА 24
# ============================================================
!    ⚠️ Провокатор A7: клетка (3,4,5) уже занята голограммой

📦 ПЕРЕМЕЩЕНИЯ:
!    ⚠️ Радиовышка A2: клетка (4,2,3) занята
!    ⚠️ Радиовышка B2: клетка (4,2,4) занята

🎯 ВЫСТРЕЛЫ:
   Выпущено ракет: 0
# 
📊 РЕЗУЛЬТАТЫ ХОДА 24:
🎯 Попаданий нет

--- Результаты хода ---
  Попаданий нет

--- Состояние команд после хода ---
  Team A: живых 4/8
    ✓ Радиовышка A2      @ (4,2,4) hp=3/3
    ✓ Факел A4           @ (3,5,6) hp=6/6
    ✓ Бурав A6           @ (4,2,5) hp=4/4
    ✓ Провокатор A7      @ (2,5,6) hp=2/2
    ✗ Артиллерия A1      @ (2,0,6) [уничтожен]
    ✗ Прыгун A3          @ (4,2,6) [уничтожен]
    ✗ Тишина A5          @ (4,9,4) [уничтожен]
    ✗ Паук A8            @ (2,3,6) [уничтожен]
  Team B: живых 1/8
    ✓ Радиовышка B2      @ (4,2,3) hp=3/3
    ✗ Артиллерия B1      @ (4,7,3) [уничтожен]
    ✗ Прыгун B3          @ (3,7,4) [уничтожен]
    ✗ Факел B4           @ (3,2,4) [уничтожен]
    ✗ Тишина B5          @ (4,3,4) [уничтожен]
    ✗ Бурав B6           @ (5,3,7) [уничтожен]
    ✗ Провокатор B7      @ (4,8,3) [уничтожен]
    ✗ Паук B8            @ (4,9,3) [уничтожен]
  Team C: живых 0/8
    ✗ Артиллерия C1      @ (5,3,1) [уничтожен]
    ✗ Радиовышка C2      @ (4,2,5) [уничтожен]
    ✗ Прыгун C3          @ (2,3,6) [уничтожен]
    ✗ Факел C4           @ (5,3,3) [уничтожен]
    ✗ Тишина C5          @ (5,3,2) [уничтожен]
    ✗ Бурав C6           @ (2,3,6) [уничтожен]
    ✗ Провокатор C7      @ (5,3,7) [уничтожен]
    ✗ Паук C8            @ (5,3,5) [уничтожен]

======================================================================
ХОД 25
======================================================================
✓ 🎮 GM: начинаем ход
GM: start_turn

--- Радиовышки: сканирование слоя Z ---
  Радиовышка A2 (z=4): слой чист
  Радиовышка B2 (z=3): слой чист

--- Решения ботов ---
  [Team A] Радиовышка A2 (4,2,4) → MOVE (4,2,3)
  [Team A] Провокатор A7 (2,5,6) → HOLOGRAM (3,4,5)
  [Team A] Факел A4 → SKIP
  [Team A] Бурав A6 → SKIP
  [Team B] Радиовышка B2 (4,2,3) → MOVE (4,2,4)
  [Team C] все корабли пропускают ход
! 🎮 GM: принудительно завершает фазу планирования
GM: end_planning
# 
============================================================
# 🔄 ОБРАБОТКА ХОДА 25
# ============================================================
!    ⚠️ Провокатор A7: клетка (3,4,5) уже занята голограммой

📦 ПЕРЕМЕЩЕНИЯ:
!    ⚠️ Радиовышка A2: клетка (4,2,3) занята
!    ⚠️ Радиовышка B2: клетка (4,2,4) занята

🎯 ВЫСТРЕЛЫ:
   Выпущено ракет: 0
# 
📊 РЕЗУЛЬТАТЫ ХОДА 25:
🎯 Попаданий нет

--- Результаты хода ---
  Попаданий нет

--- Состояние команд после хода ---
  Team A: живых 4/8
    ✓ Радиовышка A2      @ (4,2,4) hp=3/3
    ✓ Факел A4           @ (3,5,6) hp=6/6
    ✓ Бурав A6           @ (4,2,5) hp=4/4
    ✓ Провокатор A7      @ (2,5,6) hp=2/2
    ✗ Артиллерия A1      @ (2,0,6) [уничтожен]
    ✗ Прыгун A3          @ (4,2,6) [уничтожен]
    ✗ Тишина A5          @ (4,9,4) [уничтожен]
    ✗ Паук A8            @ (2,3,6) [уничтожен]
  Team B: живых 1/8
    ✓ Радиовышка B2      @ (4,2,3) hp=3/3
    ✗ Артиллерия B1      @ (4,7,3) [уничтожен]
    ✗ Прыгун B3          @ (3,7,4) [уничтожен]
    ✗ Факел B4           @ (3,2,4) [уничтожен]
    ✗ Тишина B5          @ (4,3,4) [уничтожен]
    ✗ Бурав B6           @ (5,3,7) [уничтожен]
    ✗ Провокатор B7      @ (4,8,3) [уничтожен]
    ✗ Паук B8            @ (4,9,3) [уничтожен]
  Team C: живых 0/8
    ✗ Артиллерия C1      @ (5,3,1) [уничтожен]
    ✗ Радиовышка C2      @ (4,2,5) [уничтожен]
    ✗ Прыгун C3          @ (2,3,6) [уничтожен]
    ✗ Факел C4           @ (5,3,3) [уничтожен]
    ✗ Тишина C5          @ (5,3,2) [уничтожен]
    ✗ Бурав C6           @ (2,3,6) [уничтожен]
    ✗ Провокатор C7      @ (5,3,7) [уничтожен]
    ✗ Паук C8            @ (5,3,5) [уничтожен]

======================================================================
ХОД 26
======================================================================
✓ 🎮 GM: начинаем ход
GM: start_turn

--- Радиовышки: сканирование слоя Z ---
  Радиовышка A2 (z=4): слой чист
  Радиовышка B2 (z=3): слой чист

--- Решения ботов ---
  [Team A] Радиовышка A2 (4,2,4) → MOVE (4,2,3)
  [Team A] Провокатор A7 (2,5,6) → HOLOGRAM (3,4,5)
  [Team A] Факел A4 → SKIP
  [Team A] Бурав A6 → SKIP
  [Team B] Радиовышка B2 (4,2,3) → MOVE (4,2,4)
  [Team C] все корабли пропускают ход
! 🎮 GM: принудительно завершает фазу планирования
GM: end_planning
# 
============================================================
# 🔄 ОБРАБОТКА ХОДА 26
# ============================================================
!    ⚠️ Провокатор A7: клетка (3,4,5) уже занята голограммой

📦 ПЕРЕМЕЩЕНИЯ:
!    ⚠️ Радиовышка A2: клетка (4,2,3) занята
!    ⚠️ Радиовышка B2: клетка (4,2,4) занята

🎯 ВЫСТРЕЛЫ:
   Выпущено ракет: 0
# 
📊 РЕЗУЛЬТАТЫ ХОДА 26:
🎯 Попаданий нет

--- Результаты хода ---
  Попаданий нет

--- Состояние команд после хода ---
  Team A: живых 4/8
    ✓ Радиовышка A2      @ (4,2,4) hp=3/3
    ✓ Факел A4           @ (3,5,6) hp=6/6
    ✓ Бурав A6           @ (4,2,5) hp=4/4
    ✓ Провокатор A7      @ (2,5,6) hp=2/2
    ✗ Артиллерия A1      @ (2,0,6) [уничтожен]
    ✗ Прыгун A3          @ (4,2,6) [уничтожен]
    ✗ Тишина A5          @ (4,9,4) [уничтожен]
    ✗ Паук A8            @ (2,3,6) [уничтожен]
  Team B: живых 1/8
    ✓ Радиовышка B2      @ (4,2,3) hp=3/3
    ✗ Артиллерия B1      @ (4,7,3) [уничтожен]
    ✗ Прыгун B3          @ (3,7,4) [уничтожен]
    ✗ Факел B4           @ (3,2,4) [уничтожен]
    ✗ Тишина B5          @ (4,3,4) [уничтожен]
    ✗ Бурав B6           @ (5,3,7) [уничтожен]
    ✗ Провокатор B7      @ (4,8,3) [уничтожен]
    ✗ Паук B8            @ (4,9,3) [уничтожен]
  Team C: живых 0/8
    ✗ Артиллерия C1      @ (5,3,1) [уничтожен]
    ✗ Радиовышка C2      @ (4,2,5) [уничтожен]
    ✗ Прыгун C3          @ (2,3,6) [уничтожен]
    ✗ Факел C4           @ (5,3,3) [уничтожен]
    ✗ Тишина C5          @ (5,3,2) [уничтожен]
    ✗ Бурав C6           @ (2,3,6) [уничтожен]
    ✗ Провокатор C7      @ (5,3,7) [уничтожен]
    ✗ Паук C8            @ (5,3,5) [уничтожен]

======================================================================
ХОД 27
======================================================================
✓ 🎮 GM: начинаем ход
GM: start_turn

--- Радиовышки: сканирование слоя Z ---
  Радиовышка A2 (z=4): слой чист
  Радиовышка B2 (z=3): слой чист

--- Решения ботов ---
  [Team A] Радиовышка A2 (4,2,4) → MOVE (4,2,3)
  [Team A] Провокатор A7 (2,5,6) → HOLOGRAM (3,4,5)
  [Team A] Факел A4 → SKIP
  [Team A] Бурав A6 → SKIP
  [Team B] Радиовышка B2 (4,2,3) → MOVE (4,2,4)
  [Team C] все корабли пропускают ход
! 🎮 GM: принудительно завершает фазу планирования
GM: end_planning
# 
============================================================
# 🔄 ОБРАБОТКА ХОДА 27
# ============================================================
!    ⚠️ Провокатор A7: клетка (3,4,5) уже занята голограммой

📦 ПЕРЕМЕЩЕНИЯ:
!    ⚠️ Радиовышка A2: клетка (4,2,3) занята
!    ⚠️ Радиовышка B2: клетка (4,2,4) занята

🎯 ВЫСТРЕЛЫ:
   Выпущено ракет: 0
# 
📊 РЕЗУЛЬТАТЫ ХОДА 27:
🎯 Попаданий нет

--- Результаты хода ---
  Попаданий нет

--- Состояние команд после хода ---
  Team A: живых 4/8
    ✓ Радиовышка A2      @ (4,2,4) hp=3/3
    ✓ Факел A4           @ (3,5,6) hp=6/6
    ✓ Бурав A6           @ (4,2,5) hp=4/4
    ✓ Провокатор A7      @ (2,5,6) hp=2/2
    ✗ Артиллерия A1      @ (2,0,6) [уничтожен]
    ✗ Прыгун A3          @ (4,2,6) [уничтожен]
    ✗ Тишина A5          @ (4,9,4) [уничтожен]
    ✗ Паук A8            @ (2,3,6) [уничтожен]
  Team B: живых 1/8
    ✓ Радиовышка B2      @ (4,2,3) hp=3/3
    ✗ Артиллерия B1      @ (4,7,3) [уничтожен]
    ✗ Прыгун B3          @ (3,7,4) [уничтожен]
    ✗ Факел B4           @ (3,2,4) [уничтожен]
    ✗ Тишина B5          @ (4,3,4) [уничтожен]
    ✗ Бурав B6           @ (5,3,7) [уничтожен]
    ✗ Провокатор B7      @ (4,8,3) [уничтожен]
    ✗ Паук B8            @ (4,9,3) [уничтожен]
  Team C: живых 0/8
    ✗ Артиллерия C1      @ (5,3,1) [уничтожен]
    ✗ Радиовышка C2      @ (4,2,5) [уничтожен]
    ✗ Прыгун C3          @ (2,3,6) [уничтожен]
    ✗ Факел C4           @ (5,3,3) [уничтожен]
    ✗ Тишина C5          @ (5,3,2) [уничтожен]
    ✗ Бурав C6           @ (2,3,6) [уничтожен]
    ✗ Провокатор C7      @ (5,3,7) [уничтожен]
    ✗ Паук C8            @ (5,3,5) [уничтожен]

======================================================================
ХОД 28
======================================================================
✓ 🎮 GM: начинаем ход
GM: start_turn

--- Радиовышки: сканирование слоя Z ---
  Радиовышка A2 (z=4): слой чист
  Радиовышка B2 (z=3): слой чист

--- Решения ботов ---
  [Team A] Радиовышка A2 (4,2,4) → MOVE (4,2,3)
  [Team A] Провокатор A7 (2,5,6) → HOLOGRAM (3,4,5)
  [Team A] Факел A4 → SKIP
  [Team A] Бурав A6 → SKIP
  [Team B] Радиовышка B2 (4,2,3) → MOVE (4,2,4)
  [Team C] все корабли пропускают ход
! 🎮 GM: принудительно завершает фазу планирования
GM: end_planning
# 
============================================================
# 🔄 ОБРАБОТКА ХОДА 28
# ============================================================
!    ⚠️ Провокатор A7: клетка (3,4,5) уже занята голограммой

📦 ПЕРЕМЕЩЕНИЯ:
!    ⚠️ Радиовышка A2: клетка (4,2,3) занята
!    ⚠️ Радиовышка B2: клетка (4,2,4) занята

🎯 ВЫСТРЕЛЫ:
   Выпущено ракет: 0
# 
📊 РЕЗУЛЬТАТЫ ХОДА 28:
🎯 Попаданий нет

--- Результаты хода ---
  Попаданий нет

--- Состояние команд после хода ---
  Team A: живых 4/8
    ✓ Радиовышка A2      @ (4,2,4) hp=3/3
    ✓ Факел A4           @ (3,5,6) hp=6/6
    ✓ Бурав A6           @ (4,2,5) hp=4/4
    ✓ Провокатор A7      @ (2,5,6) hp=2/2
    ✗ Артиллерия A1      @ (2,0,6) [уничтожен]
    ✗ Прыгун A3          @ (4,2,6) [уничтожен]
    ✗ Тишина A5          @ (4,9,4) [уничтожен]
    ✗ Паук A8            @ (2,3,6) [уничтожен]
  Team B: живых 1/8
    ✓ Радиовышка B2      @ (4,2,3) hp=3/3
    ✗ Артиллерия B1      @ (4,7,3) [уничтожен]
    ✗ Прыгун B3          @ (3,7,4) [уничтожен]
    ✗ Факел B4           @ (3,2,4) [уничтожен]
    ✗ Тишина B5          @ (4,3,4) [уничтожен]
    ✗ Бурав B6           @ (5,3,7) [уничтожен]
    ✗ Провокатор B7      @ (4,8,3) [уничтожен]
    ✗ Паук B8            @ (4,9,3) [уничтожен]
  Team C: живых 0/8
    ✗ Артиллерия C1      @ (5,3,1) [уничтожен]
    ✗ Радиовышка C2      @ (4,2,5) [уничтожен]
    ✗ Прыгун C3          @ (2,3,6) [уничтожен]
    ✗ Факел C4           @ (5,3,3) [уничтожен]
    ✗ Тишина C5          @ (5,3,2) [уничтожен]
    ✗ Бурав C6           @ (2,3,6) [уничтожен]
    ✗ Провокатор C7      @ (5,3,7) [уничтожен]
    ✗ Паук C8            @ (5,3,5) [уничтожен]

======================================================================
ХОД 29
======================================================================
✓ 🎮 GM: начинаем ход
GM: start_turn

--- Радиовышки: сканирование слоя Z ---
  Радиовышка A2 (z=4): слой чист
  Радиовышка B2 (z=3): слой чист

--- Решения ботов ---
  [Team A] Радиовышка A2 (4,2,4) → MOVE (4,2,3)
  [Team A] Провокатор A7 (2,5,6) → HOLOGRAM (3,4,5)
  [Team A] Факел A4 → SKIP
  [Team A] Бурав A6 → SKIP
  [Team B] Радиовышка B2 (4,2,3) → MOVE (4,2,4)
  [Team C] все корабли пропускают ход
! 🎮 GM: принудительно завершает фазу планирования
GM: end_planning
# 
============================================================
# 🔄 ОБРАБОТКА ХОДА 29
# ============================================================
!    ⚠️ Провокатор A7: клетка (3,4,5) уже занята голограммой

📦 ПЕРЕМЕЩЕНИЯ:
!    ⚠️ Радиовышка A2: клетка (4,2,3) занята
!    ⚠️ Радиовышка B2: клетка (4,2,4) занята

🎯 ВЫСТРЕЛЫ:
   Выпущено ракет: 0
# 
📊 РЕЗУЛЬТАТЫ ХОДА 29:
🎯 Попаданий нет

--- Результаты хода ---
  Попаданий нет

--- Состояние команд после хода ---
  Team A: живых 4/8
    ✓ Радиовышка A2      @ (4,2,4) hp=3/3
    ✓ Факел A4           @ (3,5,6) hp=6/6
    ✓ Бурав A6           @ (4,2,5) hp=4/4
    ✓ Провокатор A7      @ (2,5,6) hp=2/2
    ✗ Артиллерия A1      @ (2,0,6) [уничтожен]
    ✗ Прыгун A3          @ (4,2,6) [уничтожен]
    ✗ Тишина A5          @ (4,9,4) [уничтожен]
    ✗ Паук A8            @ (2,3,6) [уничтожен]
  Team B: живых 1/8
    ✓ Радиовышка B2      @ (4,2,3) hp=3/3
    ✗ Артиллерия B1      @ (4,7,3) [уничтожен]
    ✗ Прыгун B3          @ (3,7,4) [уничтожен]
    ✗ Факел B4           @ (3,2,4) [уничтожен]
    ✗ Тишина B5          @ (4,3,4) [уничтожен]
    ✗ Бурав B6           @ (5,3,7) [уничтожен]
    ✗ Провокатор B7      @ (4,8,3) [уничтожен]
    ✗ Паук B8            @ (4,9,3) [уничтожен]
  Team C: живых 0/8
    ✗ Артиллерия C1      @ (5,3,1) [уничтожен]
    ✗ Радиовышка C2      @ (4,2,5) [уничтожен]
    ✗ Прыгун C3          @ (2,3,6) [уничтожен]
    ✗ Факел C4           @ (5,3,3) [уничтожен]
    ✗ Тишина C5          @ (5,3,2) [уничтожен]
    ✗ Бурав C6           @ (2,3,6) [уничтожен]
    ✗ Провокатор C7      @ (5,3,7) [уничтожен]
    ✗ Паук C8            @ (5,3,5) [уничтожен]

======================================================================
ХОД 30
======================================================================
✓ 🎮 GM: начинаем ход
GM: start_turn

--- Радиовышки: сканирование слоя Z ---
  Радиовышка A2 (z=4): слой чист
  Радиовышка B2 (z=3): слой чист

--- Решения ботов ---
  [Team A] Радиовышка A2 (4,2,4) → MOVE (4,2,3)
  [Team A] Провокатор A7 (2,5,6) → HOLOGRAM (3,4,5)
  [Team A] Факел A4 → SKIP
  [Team A] Бурав A6 → SKIP
  [Team B] Радиовышка B2 (4,2,3) → MOVE (4,2,4)
  [Team C] все корабли пропускают ход
! 🎮 GM: принудительно завершает фазу планирования
GM: end_planning
# 
============================================================
# 🔄 ОБРАБОТКА ХОДА 30
# ============================================================
!    ⚠️ Провокатор A7: клетка (3,4,5) уже занята голограммой

📦 ПЕРЕМЕЩЕНИЯ:
!    ⚠️ Радиовышка A2: клетка (4,2,3) занята
!    ⚠️ Радиовышка B2: клетка (4,2,4) занята

🎯 ВЫСТРЕЛЫ:
   Выпущено ракет: 0
# 
📊 РЕЗУЛЬТАТЫ ХОДА 30:
🎯 Попаданий нет

--- Результаты хода ---
  Попаданий нет

--- Состояние команд после хода ---
  Team A: живых 4/8
    ✓ Радиовышка A2      @ (4,2,4) hp=3/3
    ✓ Факел A4           @ (3,5,6) hp=6/6
    ✓ Бурав A6           @ (4,2,5) hp=4/4
    ✓ Провокатор A7      @ (2,5,6) hp=2/2
    ✗ Артиллерия A1      @ (2,0,6) [уничтожен]
    ✗ Прыгун A3          @ (4,2,6) [уничтожен]
    ✗ Тишина A5          @ (4,9,4) [уничтожен]
    ✗ Паук A8            @ (2,3,6) [уничтожен]
  Team B: живых 1/8
    ✓ Радиовышка B2      @ (4,2,3) hp=3/3
    ✗ Артиллерия B1      @ (4,7,3) [уничтожен]
    ✗ Прыгун B3          @ (3,7,4) [уничтожен]
    ✗ Факел B4           @ (3,2,4) [уничтожен]
    ✗ Тишина B5          @ (4,3,4) [уничтожен]
    ✗ Бурав B6           @ (5,3,7) [уничтожен]
    ✗ Провокатор B7      @ (4,8,3) [уничтожен]
    ✗ Паук B8            @ (4,9,3) [уничтожен]
  Team C: живых 0/8
    ✗ Артиллерия C1      @ (5,3,1) [уничтожен]
    ✗ Радиовышка C2      @ (4,2,5) [уничтожен]
    ✗ Прыгун C3          @ (2,3,6) [уничтожен]
    ✗ Факел C4           @ (5,3,3) [уничтожен]
    ✗ Тишина C5          @ (5,3,2) [уничтожен]
    ✗ Бурав C6           @ (2,3,6) [уничтожен]
    ✗ Провокатор C7      @ (5,3,7) [уничтожен]
    ✗ Паук C8            @ (5,3,5) [уничтожен]

======================================================================
ИТОГ
======================================================================
Лимит ходов (30) исчерпан. Победа по урону: Team A (28 dmg).
   Урон по командам: Team A=28, Team B=9, Team C=15

--- Сводка по командам ---
  Team A: 4/8 живых; hp=15
  Team B: 1/8 живых; hp=3
  Team C: 0/8 живых; hp=0

--- Сводка по пассивкам радиовышек ---
  Team A: сканирований=30, всего врагов-в-слоях=5, уникальных эксклюзивных (видны только радиовышкой)=0
  Team B: сканирований=30, всего врагов-в-слоях=8, уникальных эксклюзивных (видны только радиовышкой)=1
  Team C: сканирований=8, всего врагов-в-слоях=3, уникальных эксклюзивных (видны только радиовышкой)=1

--- Сводка по попаданиям ---
  Всего событий (шоты+тараны+мины): 22
  Уничтожено кораблей всего: 19
  Team A: урон=28 хиты=0 тараны=9 мины(сработало)=1 убийств=9
  Team B: урон=9 хиты=1 тараны=3 мины(сработало)=1 убийств=5
  Team C: урон=15 хиты=2 тараны=3 мины(сработало)=2 убийств=5
! 🎮 GM: остановка игры
