======================================================================
Space Battle 10×10×10 — simulation run at 2026-04-20T13:31:54+00:00
Game mode: advanced
Seed: 114
✓ 🚀 Продвинутый режим: создаю разные типы кораблей
   Команда A: спавн вдоль оси X от (5, 9, 1) до (8, 9, 1)
   Команда B: спавн вдоль оси X от (5, 8, 5) до (2, 8, 5)
   Команда C: спавн вдоль оси Z от (4, 5, 8) до (4, 5, 5)
✓ ✅ Создано 24 кораблей


--- СТАРТОВАЯ РАССТАНОВКА ---
  Team A: живых 8/8
    ✓ Артиллерия A1      @ (5,9,1) hp=1/1
    ✓ Радиовышка A2      @ (3,9,1) hp=3/3
    ✓ Прыгун A3          @ (0,9,1) hp=2/2
    ✓ Факел A4           @ (1,9,1) hp=6/6
    ✓ Тишина A5          @ (4,9,1) hp=2/2
    ✓ Бурав A6           @ (9,9,1) hp=4/4
    ✓ Провокатор A7      @ (2,9,1) hp=2/2
    ✓ Паук A8            @ (8,9,1) hp=1/1
  Team B: живых 8/8
    ✓ Артиллерия B1      @ (5,8,5) hp=1/1
    ✓ Радиовышка B2      @ (1,8,5) hp=3/3
    ✓ Прыгун B3          @ (8,8,5) hp=2/2
    ✓ Факел B4           @ (6,8,5) hp=6/6
    ✓ Тишина B5          @ (3,8,5) hp=2/2
    ✓ Бурав B6           @ (9,8,5) hp=4/4
    ✓ Провокатор B7      @ (0,8,5) hp=2/2
    ✓ Паук B8            @ (2,8,5) hp=1/1
  Team C: живых 8/8
    ✓ Артиллерия C1      @ (4,5,8) hp=1/1
    ✓ Радиовышка C2      @ (4,5,6) hp=3/3
    ✓ Прыгун C3          @ (4,5,7) hp=2/2
    ✓ Факел C4           @ (4,5,1) hp=6/6
    ✓ Тишина C5          @ (4,5,3) hp=2/2
    ✓ Бурав C6           @ (4,5,9) hp=4/4
    ✓ Провокатор C7      @ (4,5,2) hp=2/2
    ✓ Паук C8            @ (4,5,5) hp=1/1

======================================================================
ХОД 1
======================================================================
✓ 🎮 GM: начинаем ход
GM: start_turn

--- Радиовышки: сканирование слоя Z ---
  Радиовышка A2 (z=1): видит 1 врагов  → Факел C4(4,5,1)
  Радиовышка B2 (z=5): видит 1 врагов  → Паук C8(4,5,5)
  Радиовышка C2 (z=6): слой чист

--- Решения ботов ---
  [Team A] Артиллерия A1 (5,9,1) → SHOOT at (5,8,5)
  [Team A] Радиовышка A2 (3,9,1) → MOVE (4,8,2)
  [Team A] Прыгун A3 (0,9,1) → MOVE (1,8,2)
  [Team A] Тишина A5 (4,9,1) → PHASE toggle
  [Team A] Бурав A6 (9,9,1) → MOVE (8,8,2)
  [Team A] Провокатор A7 (2,9,1) → HOLOGRAM (3,8,2)
  [Team A] Паук A8 (8,9,1) → MINE (7,8,2)
  [Team A] Факел A4 → SKIP
  [Team B] Артиллерия B1 (5,8,5) → SHOOT at (4,5,8)
  [Team B] Радиовышка B2 (1,8,5) → MOVE (2,7,6)
  [Team B] Прыгун B3 (8,8,5) → MOVE (7,9,4)
  [Team B] Тишина B5 (3,8,5) → PHASE toggle
  [Team B] Бурав B6 (9,8,5) → MOVE (8,9,4)
  [Team B] Провокатор B7 (0,8,5) → HOLOGRAM (1,9,4)
  [Team B] Паук B8 (2,8,5) → MINE (3,7,6)
  [Team B] Факел B4 → SKIP
  [Team C] Артиллерия C1 (4,5,8) → SHOOT at (5,8,5)
  [Team C] Радиовышка C2 (4,5,6) → MOVE (5,6,5)
  [Team C] Прыгун C3 (4,5,7) → MOVE (5,6,6)
  [Team C] Факел C4 (4,5,1) → SHOOT at (4,9,1)
  [Team C] Тишина C5 (4,5,3) → PHASE toggle
  [Team C] Бурав C6 (4,5,9) → MOVE (5,6,8)
  [Team C] Провокатор C7 (4,5,2) → HOLOGRAM (5,6,3)
  [Team C] Паук C8 (4,5,5) → MINE (5,5,5)
! 🎮 GM: принудительно завершает фазу планирования
GM: end_planning
# 
============================================================
# 🔄 ОБРАБОТКА ХОДА 1
# ============================================================
   🌀 Тишина A5: фаза ВКЛ
   🌀 Тишина B5: фаза ВКЛ
   🌀 Тишина C5: фаза ВКЛ
   🪞 Провокатор A7 создал голограмму H1 в (3,8,2)
   🪞 Провокатор B7 создал голограмму H2 в (1,9,4)
   🪞 Провокатор C7 создал голограмму H3 в (5,6,3)
   💣 Паук A8 установил мину M1 в (7,8,2)
   💣 Паук B8 установил мину M2 в (3,7,6)
   💣 Паук C8 установил мину M3 в (5,5,5)

📦 ПЕРЕМЕЩЕНИЯ:
   Радиовышка A2: (3, 9, 1) → (4,8,2)
   Прыгун A3: (0, 9, 1) → (1,8,2)
!    ⚠️ Бурав A6: Бурав двигается только по 1 оси или по 2 осям строго диагонально
   Радиовышка B2: (1, 8, 5) → (2,7,6)
   Прыгун B3: (8, 8, 5) → (7,9,4)
!    ⚠️ Бурав B6: Бурав двигается только по 1 оси или по 2 осям строго диагонально
   Радиовышка C2: (4, 5, 6) → (5,6,5)
   Прыгун C3: (4, 5, 7) → (5,6,6)
!    ⚠️ Бурав C6: Бурав двигается только по 1 оси или по 2 осям строго диагонально

🎯 ВЫСТРЕЛЫ:
✓    ✅ Артиллерия A1 поразил Артиллерия B1 (2 урона)!
✓    ✅ Артиллерия B1 поразил Артиллерия C1 (2 урона)!
   💀 Артиллерия C1 добивает Артиллерия B1
✓    ✅ Артиллерия C1 поразил Артиллерия B1 (2 урона)!
   Выпущено ракет: 4
# 
📊 РЕЗУЛЬТАТЫ ХОДА 1:
✓ 💥 ПОПАДАНИЯ:
✓    Артиллерия A1 (Team A) → Артиллерия B1 (Team B)
✓    Артиллерия B1 (Team B) → Артиллерия C1 (Team C)
✓    Артиллерия C1 (Team C) → Артиллерия B1 (Team B)

--- Результаты хода ---
  Team A / Артиллерия A1      → Team B / Артиллерия B1      @ (5,8,5)  (УБИТ)
  Team B / Артиллерия B1      → Team C / Артиллерия C1      @ (4,5,8)  (УБИТ)
  Team C / Артиллерия C1      → Team B / Артиллерия B1      @ (5,8,5)  (ранен)

--- Состояние команд после хода ---
  Team A: живых 8/8
    ✓ Артиллерия A1      @ (5,9,1) hp=1/1
    ✓ Радиовышка A2      @ (4,8,2) hp=3/3
    ✓ Прыгун A3          @ (1,8,2) hp=2/2
    ✓ Факел A4           @ (1,9,1) hp=6/6
    ✓ Тишина A5          @ (4,9,1) hp=2/2
    ✓ Бурав A6           @ (9,9,1) hp=4/4
    ✓ Провокатор A7      @ (2,9,1) hp=2/2
    ✓ Паук A8            @ (8,9,1) hp=1/1
  Team B: живых 7/8
    ✓ Радиовышка B2      @ (2,7,6) hp=3/3
    ✓ Прыгун B3          @ (7,9,4) hp=2/2
    ✓ Факел B4           @ (6,8,5) hp=6/6
    ✓ Тишина B5          @ (3,8,5) hp=2/2
    ✓ Бурав B6           @ (9,8,5) hp=4/4
    ✓ Провокатор B7      @ (0,8,5) hp=2/2
    ✓ Паук B8            @ (2,8,5) hp=1/1
    ✗ Артиллерия B1      @ (5,8,5) [уничтожен]
  Team C: живых 7/8
    ✓ Радиовышка C2      @ (5,6,5) hp=3/3
    ✓ Прыгун C3          @ (5,6,6) hp=2/2
    ✓ Факел C4           @ (4,5,1) hp=6/6
    ✓ Тишина C5          @ (4,5,3) hp=2/2
    ✓ Бурав C6           @ (4,5,9) hp=4/4
    ✓ Провокатор C7      @ (4,5,2) hp=2/2
    ✓ Паук C8            @ (4,5,5) hp=1/1
    ✗ Артиллерия C1      @ (4,5,8) [уничтожен]

======================================================================
ХОД 2
======================================================================
✓ 🎮 GM: начинаем ход
GM: start_turn

--- Радиовышки: сканирование слоя Z ---
  Радиовышка A2 (z=2): видит 1 врагов  → Провокатор C7(4,5,2)
  Радиовышка B2 (z=6): видит 1 врагов  → Прыгун C3(5,6,6)
  Радиовышка C2 (z=5): видит 4 врагов  → Провокатор B7(0,8,5), Паук B8(2,8,5), Факел B4(6,8,5), Бурав B6(9,8,5)

--- Решения ботов ---
  [Team A] Артиллерия A1 (5,9,1) → SHOOT at (7,9,4)
  [Team A] Радиовышка A2 (4,8,2) → MOVE (5,9,3)
  [Team A] Прыгун A3 (1,8,2) → MOVE (0,8,3)
  [Team A] Тишина A5 (4,9,1) → MOVE (5,9,2)
  [Team A] Бурав A6 (9,9,1) → MOVE (8,9,2)
  [Team A] Провокатор A7 (2,9,1) → HOLOGRAM (3,8,2)
  [Team A] Паук A8 (8,9,1) → MINE (7,9,2)
  [Team A] Факел A4 → SKIP
  [Team B] Радиовышка B2 (2,7,6) → MOVE (3,6,5)
  [Team B] Прыгун B3 (7,9,4) → MOVE (6,9,3)
  [Team B] Факел B4 (6,8,5) → MOVE (6,9,4)
  [Team B] Тишина B5 (3,8,5) → MOVE (4,7,5)
  [Team B] Бурав B6 (9,8,5) → MOVE (8,9,4)
  [Team B] Провокатор B7 (0,8,5) → HOLOGRAM (1,8,4)
  [Team B] Паук B8 (2,8,5) → MINE (3,8,4)
  [Team C] Радиовышка C2 (5,6,5) → MOVE (6,7,5)
  [Team C] Прыгун C3 (5,6,6) → MOVE (6,8,5)
  [Team C] Факел C4 (4,5,1) → MOVE (5,6,2)
  [Team C] Тишина C5 (4,5,3) → MOVE (4,6,2)
  [Team C] Бурав C6 (4,5,9) → MOVE (3,6,8)
  [Team C] Провокатор C7 (4,5,2) → SHOOT at (4,8,2)
  [Team C] Паук C8 (4,5,5) → MINE (3,6,5)
! 🎮 GM: принудительно завершает фазу планирования
GM: end_planning
# 
============================================================
# 🔄 ОБРАБОТКА ХОДА 2
# ============================================================
!    ⚠️ Провокатор A7: клетка (3,8,2) уже занята голограммой
   🪞 Провокатор B7 создал голограмму H4 в (1,8,4)
   💣 Паук A8 установил мину M4 в (7,9,2)
   💣 Паук B8 установил мину M5 в (3,8,4)
   💣 Паук C8 установил мину M6 в (3,6,5)

📦 ПЕРЕМЕЩЕНИЯ:
   Радиовышка A2: (4, 8, 2) → (5,9,3)
   Прыгун A3: (1, 8, 2) → (0,8,3)
   Тишина A5: (4, 9, 1) → (5,9,2)
   Бурав A6: (9, 9, 1) → (8,9,2)
   Радиовышка B2: (2, 7, 6) → (3,6,5)
!    💥 Мина M6 сработала под Радиовышка B2 (урон 2)
   Прыгун B3: (7, 9, 4) → (6,9,3)
   Факел B4: (6, 8, 5) → (6,9,4)
   Тишина B5: (3, 8, 5) → (4,7,5)
!    ⚠️ Бурав B6: Бурав двигается только по 1 оси или по 2 осям строго диагонально
   Радиовышка C2: (5, 6, 5) → (6,7,5)
   Прыгун C3: (5, 6, 6) → (6,8,5)
   Факел C4: (4, 5, 1) → (5,6,2)
   Тишина C5: (4, 5, 3) → (4,6,2)
!    ⚠️ Бурав C6: Бурав двигается только по 1 оси или по 2 осям строго диагонально

🎯 ВЫСТРЕЛЫ:
   Выпущено ракет: 2
# 
📊 РЕЗУЛЬТАТЫ ХОДА 2:
🎯 Попаданий нет

--- Результаты хода ---
  ? / ?                  → Team B / Радиовышка B2      @ (3,6,5)  (ранен)

--- Состояние команд после хода ---
  Team A: живых 8/8
    ✓ Артиллерия A1      @ (5,9,1) hp=1/1
    ✓ Радиовышка A2      @ (5,9,3) hp=3/3
    ✓ Прыгун A3          @ (0,8,3) hp=2/2
    ✓ Факел A4           @ (1,9,1) hp=6/6
    ✓ Тишина A5          @ (5,9,2) hp=2/2
    ✓ Бурав A6           @ (8,9,2) hp=4/4
    ✓ Провокатор A7      @ (2,9,1) hp=2/2
    ✓ Паук A8            @ (8,9,1) hp=1/1
  Team B: живых 7/8
    ✓ Радиовышка B2      @ (3,6,5) hp=1/3
    ✓ Прыгун B3          @ (6,9,3) hp=2/2
    ✓ Факел B4           @ (6,9,4) hp=6/6
    ✓ Тишина B5          @ (4,7,5) hp=2/2
    ✓ Бурав B6           @ (9,8,5) hp=4/4
    ✓ Провокатор B7      @ (0,8,5) hp=2/2
    ✓ Паук B8            @ (2,8,5) hp=1/1
    ✗ Артиллерия B1      @ (5,8,5) [уничтожен]
  Team C: живых 7/8
    ✓ Радиовышка C2      @ (6,7,5) hp=3/3
    ✓ Прыгун C3          @ (6,8,5) hp=2/2
    ✓ Факел C4           @ (5,6,2) hp=6/6
    ✓ Тишина C5          @ (4,6,2) hp=2/2
    ✓ Бурав C6           @ (4,5,9) hp=4/4
    ✓ Провокатор C7      @ (4,5,2) hp=2/2
    ✓ Паук C8            @ (4,5,5) hp=1/1
    ✗ Артиллерия C1      @ (4,5,8) [уничтожен]

======================================================================
ХОД 3
======================================================================
✓ 🎮 GM: начинаем ход
GM: start_turn

--- Радиовышки: сканирование слоя Z ---
  Радиовышка A2 (z=3): видит 1 врагов  → Прыгун B3(6,9,3)
  Радиовышка B2 (z=5): видит 3 врагов  → Паук C8(4,5,5), Радиовышка C2(6,7,5), Прыгун C3(6,8,5)
  Радиовышка C2 (z=5): видит 4 врагов  → Провокатор B7(0,8,5), Паук B8(2,8,5), Радиовышка B2(3,6,5), Бурав B6(9,8,5)

--- Решения ботов ---
  [Team A] Артиллерия A1 (5,9,1) → SHOOT at (6,9,3)
  [Team A] Радиовышка A2 (5,9,3) → MOVE (6,9,3)
  [Team A] Прыгун A3 (0,8,3) → MOVE (0,8,5)
  [Team A] Тишина A5 (5,9,2) → MOVE (6,9,2)
  [Team A] Бурав A6 (8,9,2) → MOVE (6,9,4)
  [Team A] Провокатор A7 (2,9,1) → HOLOGRAM (3,8,2)
  [Team A] Паук A8 (8,9,1) → MINE (7,9,2)
  [Team A] Факел A4 → SKIP
  [Team B] Радиовышка B2 (3,6,5) → MOVE (4,5,5)
  [Team B] Прыгун B3 (6,9,3) → MOVE (5,9,1)
  [Team B] Факел B4 (6,9,4) → MOVE (5,8,5)
  [Team B] Тишина B5 (4,7,5) → MOVE (5,8,4)
  [Team B] Бурав B6 (9,8,5) → MOVE (6,8,5)
  [Team B] Провокатор B7 (0,8,5) → HOLOGRAM (0,8,4)
  [Team B] Паук B8 (2,8,5) → MINE (1,8,4)
  [Team C] Радиовышка C2 (6,7,5) → MOVE (5,8,4)
  [Team C] Прыгун C3 (6,8,5) → MOVE (6,9,4)
  [Team C] Факел C4 (5,6,2) → MOVE (6,7,3)
  [Team C] Тишина C5 (4,6,2) → MOVE (5,7,1)
  [Team C] Бурав C6 (4,5,9) → MOVE (3,6,8)
  [Team C] Провокатор C7 (4,5,2) → HOLOGRAM (3,6,3)
  [Team C] Паук C8 (4,5,5) → MINE (3,6,5)
! 🎮 GM: принудительно завершает фазу планирования
GM: end_planning
# 
============================================================
# 🔄 ОБРАБОТКА ХОДА 3
# ============================================================
!    ⚠️ Провокатор A7: клетка (3,8,2) уже занята голограммой
   🪞 Провокатор B7 создал голограмму H5 в (0,8,4)
   🪞 Провокатор C7 создал голограмму H6 в (3,6,3)
!    ⚠️ Паук A8: в клетке уже стоит мина
   💣 Паук B8 установил мину M7 в (1,8,4)
!    ⚠️ Паук C8: клетка (3,6,5) занята кораблём

📦 ПЕРЕМЕЩЕНИЯ:
!    ⚠️ Радиовышка A2: клетка (6,9,3) занята
✓    💥 Прыгун A3 тараном уничтожил Провокатор B7 в (0,8,5)
   Прыгун A3: (0, 8, 3) → (0,8,5)
   Тишина A5: (5, 9, 2) → (6,9,2)
✓    💥 Бурав A6 тараном уничтожил Факел B4 в (6,9,4)
   Бурав A6: (8, 9, 2) → (6,9,4)
!    ⚠️ Радиовышка B2: клетка (4,5,5) занята
✓    💥 Прыгун B3 тараном уничтожил Артиллерия A1 в (5,9,1)
   Прыгун B3: (6, 9, 3) → (5,9,1)
   Тишина B5: (4, 7, 5) → (5,8,4)
✓    💥 Бурав B6 тараном уничтожил Прыгун C3 в (6,8,5)
   Бурав B6: (9, 8, 5) → (6,8,5)
   Радиовышка C2: (6, 7, 5) → (5,8,4)
   Факел C4: (5, 6, 2) → (6,7,3)
   Тишина C5: (4, 6, 2) → (5,7,1)
!    ⚠️ Бурав C6: Бурав двигается только по 1 оси или по 2 осям строго диагонально

🎯 ВЫСТРЕЛЫ:
   Выпущено ракет: 0
# 
📊 РЕЗУЛЬТАТЫ ХОДА 3:
🎯 Попаданий нет

--- Результаты хода ---
  Team A / Прыгун A3          → Team B / Провокатор B7      @ (0,8,5)  (УБИТ)
  Team A / Бурав A6           → Team B / Факел B4           @ (6,9,4)  (УБИТ)
  Team B / Прыгун B3          → Team A / Артиллерия A1      @ (5,9,1)  (УБИТ)
  Team B / Бурав B6           → Team C / Прыгун C3          @ (6,8,5)  (УБИТ)

--- Состояние команд после хода ---
  Team A: живых 7/8
    ✓ Радиовышка A2      @ (5,9,3) hp=3/3
    ✓ Прыгун A3          @ (0,8,5) hp=2/2
    ✓ Факел A4           @ (1,9,1) hp=6/6
    ✓ Тишина A5          @ (6,9,2) hp=2/2
    ✓ Бурав A6           @ (6,9,4) hp=4/4
    ✓ Провокатор A7      @ (2,9,1) hp=2/2
    ✓ Паук A8            @ (8,9,1) hp=1/1
    ✗ Артиллерия A1      @ (5,9,1) [уничтожен]
  Team B: живых 5/8
    ✓ Радиовышка B2      @ (3,6,5) hp=1/3
    ✓ Прыгун B3          @ (5,9,1) hp=2/2
    ✓ Тишина B5          @ (5,8,4) hp=2/2
    ✓ Бурав B6           @ (6,8,5) hp=4/4
    ✓ Паук B8            @ (2,8,5) hp=1/1
    ✗ Артиллерия B1      @ (5,8,5) [уничтожен]
    ✗ Факел B4           @ (6,9,4) [уничтожен]
    ✗ Провокатор B7      @ (0,8,5) [уничтожен]
  Team C: живых 6/8
    ✓ Радиовышка C2      @ (5,8,4) hp=3/3
    ✓ Факел C4           @ (6,7,3) hp=6/6
    ✓ Тишина C5          @ (5,7,1) hp=2/2
    ✓ Бурав C6           @ (4,5,9) hp=4/4
    ✓ Провокатор C7      @ (4,5,2) hp=2/2
    ✓ Паук C8            @ (4,5,5) hp=1/1
    ✗ Артиллерия C1      @ (4,5,8) [уничтожен]
    ✗ Прыгун C3          @ (6,8,5) [уничтожен]

======================================================================
ХОД 4
======================================================================
✓ 🎮 GM: начинаем ход
GM: start_turn

--- Радиовышки: сканирование слоя Z ---
  Радиовышка A2 (z=3): видит 1 врагов  → Факел C4(6,7,3)
  Радиовышка B2 (z=5): видит 2 врагов  → Прыгун A3(0,8,5), Паук C8(4,5,5)
  Радиовышка C2 (z=4): видит 1 врагов  → Бурав A6(6,9,4)

--- Решения ботов ---
  [Team A] Радиовышка A2 (5,9,3) → MOVE (5,8,4)
  [Team A] Прыгун A3 (0,8,5) → MOVE (2,8,5)
  [Team A] Факел A4 (1,9,1) → SHOOT at (5,9,1)
  [Team A] Тишина A5 (6,9,2) → MOVE (5,9,1)
  [Team A] Бурав A6 (6,9,4) → MOVE (6,8,5)
  [Team A] Провокатор A7 (2,9,1) → HOLOGRAM (3,9,1)
  [Team A] Паук A8 (8,9,1) → MINE (7,8,2)
  [Team B] Радиовышка B2 (3,6,5) → MOVE (4,5,5)
  [Team B] Прыгун B3 (5,9,1) → MOVE (6,7,3)
  [Team B] Бурав B6 (6,8,5) → MOVE (6,9,4)
  [Team B] Паук B8 (2,8,5) → MINE (1,8,5)
  [Team B] Тишина B5 → SKIP
  [Team C] Радиовышка C2 (5,8,4) → MOVE (5,9,3)
  [Team C] Факел C4 (6,7,3) → MOVE (5,6,2)
  [Team C] Тишина C5 (5,7,1) → MOVE (5,8,2)
  [Team C] Бурав C6 (4,5,9) → MOVE (3,6,8)
  [Team C] Провокатор C7 (4,5,2) → HOLOGRAM (3,6,3)
  [Team C] Паук C8 (4,5,5) → MINE (3,6,5)
! 🎮 GM: принудительно завершает фазу планирования
GM: end_planning
# 
============================================================
# 🔄 ОБРАБОТКА ХОДА 4
# ============================================================
   🪞 Провокатор A7 создал голограмму H7 в (3,9,1)
!    ⚠️ Провокатор C7: клетка (3,6,3) уже занята голограммой
!    ⚠️ Паук A8: в клетке уже стоит мина
   💣 Паук B8 установил мину M8 в (1,8,5)
!    ⚠️ Паук C8: клетка (3,6,5) занята кораблём

📦 ПЕРЕМЕЩЕНИЯ:
!    ⚠️ Радиовышка A2: клетка (5,8,4) занята
✓    💥 Прыгун A3 тараном уничтожил Паук B8 в (2,8,5)
   Прыгун A3: (0, 8, 5) → (2,8,5)
!    ⚠️ Тишина A5: клетка (5,9,1) занята
✓    💥 Бурав A6 тараном уничтожил Бурав B6 в (6,8,5)
   Бурав A6: (6, 9, 4) → (6,8,5)
!    ⚠️ Радиовышка B2: клетка (4,5,5) занята
✓    💥 Прыгун B3 тараном уничтожил Факел C4 в (6,7,3)
   Прыгун B3: (5, 9, 1) → (6,7,3)
!    ⚠️ Радиовышка C2: клетка (5,9,3) занята
   Тишина C5: (5, 7, 1) → (5,8,2)
!    ⚠️ Бурав C6: Бурав двигается только по 1 оси или по 2 осям строго диагонально

🎯 ВЫСТРЕЛЫ:
!    🛡️ Выстрел Факел A4 заблокирован союзником Провокатор A7 в (2, 9, 1)
   Выпущено ракет: 1
# 
📊 РЕЗУЛЬТАТЫ ХОДА 4:
🎯 Попаданий нет

--- Результаты хода ---
  Team A / Прыгун A3          → Team B / Паук B8            @ (2,8,5)  (УБИТ)
  Team A / Бурав A6           → Team B / Бурав B6           @ (6,8,5)  (УБИТ)
  Team B / Прыгун B3          → Team C / Факел C4           @ (6,7,3)  (УБИТ)

--- Состояние команд после хода ---
  Team A: живых 7/8
    ✓ Радиовышка A2      @ (5,9,3) hp=3/3
    ✓ Прыгун A3          @ (2,8,5) hp=2/2
    ✓ Факел A4           @ (1,9,1) hp=6/6
    ✓ Тишина A5          @ (6,9,2) hp=2/2
    ✓ Бурав A6           @ (6,8,5) hp=4/4
    ✓ Провокатор A7      @ (2,9,1) hp=2/2
    ✓ Паук A8            @ (8,9,1) hp=1/1
    ✗ Артиллерия A1      @ (5,9,1) [уничтожен]
  Team B: живых 3/8
    ✓ Радиовышка B2      @ (3,6,5) hp=1/3
    ✓ Прыгун B3          @ (6,7,3) hp=2/2
    ✓ Тишина B5          @ (5,8,4) hp=2/2
    ✗ Артиллерия B1      @ (5,8,5) [уничтожен]
    ✗ Факел B4           @ (6,9,4) [уничтожен]
    ✗ Бурав B6           @ (6,8,5) [уничтожен]
    ✗ Провокатор B7      @ (0,8,5) [уничтожен]
    ✗ Паук B8            @ (2,8,5) [уничтожен]
  Team C: живых 5/8
    ✓ Радиовышка C2      @ (5,8,4) hp=3/3
    ✓ Тишина C5          @ (5,8,2) hp=2/2
    ✓ Бурав C6           @ (4,5,9) hp=4/4
    ✓ Провокатор C7      @ (4,5,2) hp=2/2
    ✓ Паук C8            @ (4,5,5) hp=1/1
    ✗ Артиллерия C1      @ (4,5,8) [уничтожен]
    ✗ Прыгун C3          @ (6,8,5) [уничтожен]
    ✗ Факел C4           @ (6,7,3) [уничтожен]

======================================================================
ХОД 5
======================================================================
✓ 🎮 GM: начинаем ход
GM: start_turn

--- Радиовышки: сканирование слоя Z ---
  Радиовышка A2 (z=3): видит 1 врагов  → Прыгун B3(6,7,3)
  Радиовышка B2 (z=5): видит 3 врагов  → Прыгун A3(2,8,5), Бурав A6(6,8,5), Паук C8(4,5,5)
  Радиовышка C2 (z=4): слой чист

--- Решения ботов ---
  [Team A] Радиовышка A2 (5,9,3) → MOVE (5,8,4)
  [Team A] Прыгун A3 (2,8,5) → MOVE (3,6,5)
  [Team A] Факел A4 (1,9,1) → MOVE (2,8,2)
  [Team A] Тишина A5 (6,9,2) → MOVE (6,8,3)
  [Team A] Бурав A6 (6,8,5) → MOVE (5,8,5)
  [Team A] Провокатор A7 (2,9,1) → HOLOGRAM (3,8,2)
  [Team A] Паук A8 (8,9,1) → MINE (7,8,2)
  [Team B] Радиовышка B2 (3,6,5) → MOVE (4,5,5)
  [Team B] Прыгун B3 (6,7,3) → MOVE (4,5,2)
  [Team B] Тишина B5 → SKIP
  [Team C] Радиовышка C2 (5,8,4) → MOVE (5,9,3)
  [Team C] Тишина C5 (5,8,2) → MOVE (5,9,2)
  [Team C] Бурав C6 (4,5,9) → MOVE (3,6,8)
  [Team C] Провокатор C7 (4,5,2) → HOLOGRAM (5,6,3)
  [Team C] Паук C8 (4,5,5) → MINE (3,6,5)
! 🎮 GM: принудительно завершает фазу планирования
GM: end_planning
# 
============================================================
# 🔄 ОБРАБОТКА ХОДА 5
# ============================================================
!    ⚠️ Провокатор A7: клетка (3,8,2) уже занята голограммой
!    ⚠️ Провокатор C7: клетка (5,6,3) уже занята голограммой
!    ⚠️ Паук A8: в клетке уже стоит мина
!    ⚠️ Паук C8: клетка (3,6,5) занята кораблём

📦 ПЕРЕМЕЩЕНИЯ:
!    ⚠️ Радиовышка A2: клетка (5,8,4) занята
✓    💥 Прыгун A3 тараном уничтожил Радиовышка B2 в (3,6,5)
   Прыгун A3: (2, 8, 5) → (3,6,5)
   Факел A4: (1, 9, 1) → (2,8,2)
   Тишина A5: (6, 9, 2) → (6,8,3)
   Бурав A6: (6, 8, 5) → (5,8,5)
✓    💥 Прыгун B3 тараном уничтожил Провокатор C7 в (4,5,2)
   Прыгун B3: (6, 7, 3) → (4,5,2)
!    ⚠️ Радиовышка C2: клетка (5,9,3) занята
   Тишина C5: (5, 8, 2) → (5,9,2)
!    ⚠️ Бурав C6: Бурав двигается только по 1 оси или по 2 осям строго диагонально

🎯 ВЫСТРЕЛЫ:
   Выпущено ракет: 0
# 
📊 РЕЗУЛЬТАТЫ ХОДА 5:
🎯 Попаданий нет

--- Результаты хода ---
  Team A / Прыгун A3          → Team B / Радиовышка B2      @ (3,6,5)  (УБИТ)
  Team B / Прыгун B3          → Team C / Провокатор C7      @ (4,5,2)  (УБИТ)

--- Состояние команд после хода ---
  Team A: живых 7/8
    ✓ Радиовышка A2      @ (5,9,3) hp=3/3
    ✓ Прыгун A3          @ (3,6,5) hp=2/2
    ✓ Факел A4           @ (2,8,2) hp=6/6
    ✓ Тишина A5          @ (6,8,3) hp=2/2
    ✓ Бурав A6           @ (5,8,5) hp=4/4
    ✓ Провокатор A7      @ (2,9,1) hp=2/2
    ✓ Паук A8            @ (8,9,1) hp=1/1
    ✗ Артиллерия A1      @ (5,9,1) [уничтожен]
  Team B: живых 2/8
    ✓ Прыгун B3          @ (4,5,2) hp=2/2
    ✓ Тишина B5          @ (5,8,4) hp=2/2
    ✗ Артиллерия B1      @ (5,8,5) [уничтожен]
    ✗ Радиовышка B2      @ (3,6,5) [уничтожен]
    ✗ Факел B4           @ (6,9,4) [уничтожен]
    ✗ Бурав B6           @ (6,8,5) [уничтожен]
    ✗ Провокатор B7      @ (0,8,5) [уничтожен]
    ✗ Паук B8            @ (2,8,5) [уничтожен]
  Team C: живых 4/8
    ✓ Радиовышка C2      @ (5,8,4) hp=3/3
    ✓ Тишина C5          @ (5,9,2) hp=2/2
    ✓ Бурав C6           @ (4,5,9) hp=4/4
    ✓ Паук C8            @ (4,5,5) hp=1/1
    ✗ Артиллерия C1      @ (4,5,8) [уничтожен]
    ✗ Прыгун C3          @ (6,8,5) [уничтожен]
    ✗ Факел C4           @ (6,7,3) [уничтожен]
    ✗ Провокатор C7      @ (4,5,2) [уничтожен]

======================================================================
ХОД 6
======================================================================
✓ 🎮 GM: начинаем ход
GM: start_turn

--- Радиовышки: сканирование слоя Z ---
  Радиовышка A2 (z=3): слой чист
  Радиовышка C2 (z=4): слой чист

--- Решения ботов ---
  [Team A] Радиовышка A2 (5,9,3) → MOVE (5,8,4)
  [Team A] Прыгун A3 (3,6,5) → MOVE (4,5,5)
  [Team A] Факел A4 (2,8,2) → MOVE (3,7,3)
  [Team A] Тишина A5 (6,8,3) → MOVE (5,8,3)
  [Team A] Провокатор A7 (2,9,1) → HOLOGRAM (3,8,2)
  [Team A] Паук A8 (8,9,1) → MINE (7,8,2)
  [Team A] Бурав A6 → SKIP
  [Team B] Прыгун B3 (4,5,2) → SHOOT at (4,5,5)
  [Team B] Тишина B5 → SKIP
  [Team C] Радиовышка C2 (5,8,4) → MOVE (5,9,3)
  [Team C] Бурав C6 (4,5,9) → MOVE (3,6,8)
  [Team C] Паук C8 (4,5,5) → MINE (3,6,5)
  [Team C] Тишина C5 → SKIP
! 🎮 GM: принудительно завершает фазу планирования
GM: end_planning
# 
============================================================
# 🔄 ОБРАБОТКА ХОДА 6
# ============================================================
!    ⚠️ Провокатор A7: клетка (3,8,2) уже занята голограммой
!    ⚠️ Паук A8: в клетке уже стоит мина
!    ⚠️ Паук C8: клетка (3,6,5) занята кораблём

📦 ПЕРЕМЕЩЕНИЯ:
!    ⚠️ Радиовышка A2: клетка (5,8,4) занята
✓    💥 Прыгун A3 тараном уничтожил Паук C8 в (4,5,5)
   Прыгун A3: (3, 6, 5) → (4,5,5)
   Факел A4: (2, 8, 2) → (3,7,3)
   Тишина A5: (6, 8, 3) → (5,8,3)
!    ⚠️ Радиовышка C2: клетка (5,9,3) занята
!    ⚠️ Бурав C6: Бурав двигается только по 1 оси или по 2 осям строго диагонально

🎯 ВЫСТРЕЛЫ:
✓    ✅ Прыгун B3 поразил Прыгун A3 (1 урона)!
   Выпущено ракет: 1
# 
📊 РЕЗУЛЬТАТЫ ХОДА 6:
✓ 💥 ПОПАДАНИЯ:
✓    Прыгун B3 (Team B) → Прыгун A3 (Team A)

--- Результаты хода ---
  Team A / Прыгун A3          → Team C / Паук C8            @ (4,5,5)  (УБИТ)
  Team B / Прыгун B3          → Team A / Прыгун A3          @ (4,5,5)  (ранен)

--- Состояние команд после хода ---
  Team A: живых 7/8
    ✓ Радиовышка A2      @ (5,9,3) hp=3/3
    ✓ Прыгун A3          @ (4,5,5) hp=1/2
    ✓ Факел A4           @ (3,7,3) hp=6/6
    ✓ Тишина A5          @ (5,8,3) hp=2/2
    ✓ Бурав A6           @ (5,8,5) hp=4/4
    ✓ Провокатор A7      @ (2,9,1) hp=2/2
    ✓ Паук A8            @ (8,9,1) hp=1/1
    ✗ Артиллерия A1      @ (5,9,1) [уничтожен]
  Team B: живых 2/8
    ✓ Прыгун B3          @ (4,5,2) hp=2/2
    ✓ Тишина B5          @ (5,8,4) hp=2/2
    ✗ Артиллерия B1      @ (5,8,5) [уничтожен]
    ✗ Радиовышка B2      @ (3,6,5) [уничтожен]
    ✗ Факел B4           @ (6,9,4) [уничтожен]
    ✗ Бурав B6           @ (6,8,5) [уничтожен]
    ✗ Провокатор B7      @ (0,8,5) [уничтожен]
    ✗ Паук B8            @ (2,8,5) [уничтожен]
  Team C: живых 3/8
    ✓ Радиовышка C2      @ (5,8,4) hp=3/3
    ✓ Тишина C5          @ (5,9,2) hp=2/2
    ✓ Бурав C6           @ (4,5,9) hp=4/4
    ✗ Артиллерия C1      @ (4,5,8) [уничтожен]
    ✗ Прыгун C3          @ (6,8,5) [уничтожен]
    ✗ Факел C4           @ (6,7,3) [уничтожен]
    ✗ Провокатор C7      @ (4,5,2) [уничтожен]
    ✗ Паук C8            @ (4,5,5) [уничтожен]

======================================================================
ХОД 7
======================================================================
✓ 🎮 GM: начинаем ход
GM: start_turn

--- Радиовышки: сканирование слоя Z ---
  Радиовышка A2 (z=3): слой чист
  Радиовышка C2 (z=4): слой чист

--- Решения ботов ---
  [Team A] Радиовышка A2 (5,9,3) → MOVE (5,8,4)
  [Team A] Прыгун A3 (4,5,5) → SHOOT at (4,5,2)
  [Team A] Факел A4 (3,7,3) → HEAL (AoE)
  [Team A] Провокатор A7 (2,9,1) → HOLOGRAM (3,8,2)
  [Team A] Паук A8 (8,9,1) → MINE (7,8,2)
  [Team A] Бурав A6 → SKIP
  [Team A] Тишина A5 → SKIP
  [Team B] Прыгун B3 (4,5,2) → MOVE (3,7,3)
  [Team B] Тишина B5 → SKIP
  [Team C] Радиовышка C2 (5,8,4) → MOVE (5,9,3)
  [Team C] Бурав C6 (4,5,9) → MOVE (4,5,8)
  [Team C] Тишина C5 → SKIP
! 🎮 GM: принудительно завершает фазу планирования
GM: end_planning
# 
============================================================
# 🔄 ОБРАБОТКА ХОДА 7
# ============================================================
!    ⚠️ Провокатор A7: клетка (3,8,2) уже занята голограммой
!    ⚠️ Паук A8: в клетке уже стоит мина

📦 ПЕРЕМЕЩЕНИЯ:
!    ⚠️ Радиовышка A2: клетка (5,8,4) занята
✓    💥 Прыгун B3 тараном уничтожил Факел A4 в (3,7,3)
   Прыгун B3: (4, 5, 2) → (3,7,3)
!    ⚠️ Радиовышка C2: клетка (5,9,3) занята
   Бурав C6: (4, 5, 9) → (4,5,8)

🎯 ВЫСТРЕЛЫ:
   Выпущено ракет: 1
# 
📊 РЕЗУЛЬТАТЫ ХОДА 7:
🎯 Попаданий нет

--- Результаты хода ---
  Team B / Прыгун B3          → Team A / Факел A4           @ (3,7,3)  (УБИТ)

--- Состояние команд после хода ---
  Team A: живых 6/8
    ✓ Радиовышка A2      @ (5,9,3) hp=3/3
    ✓ Прыгун A3          @ (4,5,5) hp=1/2
    ✓ Тишина A5          @ (5,8,3) hp=2/2
    ✓ Бурав A6           @ (5,8,5) hp=4/4
    ✓ Провокатор A7      @ (2,9,1) hp=2/2
    ✓ Паук A8            @ (8,9,1) hp=1/1
    ✗ Артиллерия A1      @ (5,9,1) [уничтожен]
    ✗ Факел A4           @ (3,7,3) [уничтожен]
  Team B: живых 2/8
    ✓ Прыгун B3          @ (3,7,3) hp=2/2
    ✓ Тишина B5          @ (5,8,4) hp=2/2
    ✗ Артиллерия B1      @ (5,8,5) [уничтожен]
    ✗ Радиовышка B2      @ (3,6,5) [уничтожен]
    ✗ Факел B4           @ (6,9,4) [уничтожен]
    ✗ Бурав B6           @ (6,8,5) [уничтожен]
    ✗ Провокатор B7      @ (0,8,5) [уничтожен]
    ✗ Паук B8            @ (2,8,5) [уничтожен]
  Team C: живых 3/8
    ✓ Радиовышка C2      @ (5,8,4) hp=3/3
    ✓ Тишина C5          @ (5,9,2) hp=2/2
    ✓ Бурав C6           @ (4,5,8) hp=4/4
    ✗ Артиллерия C1      @ (4,5,8) [уничтожен]
    ✗ Прыгун C3          @ (6,8,5) [уничтожен]
    ✗ Факел C4           @ (6,7,3) [уничтожен]
    ✗ Провокатор C7      @ (4,5,2) [уничтожен]
    ✗ Паук C8            @ (4,5,5) [уничтожен]

======================================================================
ХОД 8
======================================================================
✓ 🎮 GM: начинаем ход
GM: start_turn

--- Радиовышки: сканирование слоя Z ---
  Радиовышка A2 (z=3): видит 1 врагов  → Прыгун B3(3,7,3)
  Радиовышка C2 (z=4): слой чист

--- Решения ботов ---
  [Team A] Радиовышка A2 (5,9,3) → MOVE (5,8,4)
  [Team A] Прыгун A3 (4,5,5) → MOVE (3,7,3)
  [Team A] Провокатор A7 (2,9,1) → HOLOGRAM (3,8,2)
  [Team A] Паук A8 (8,9,1) → MINE (7,8,2)
  [Team A] Бурав A6 → SKIP
  [Team A] Тишина A5 → SKIP
  [Team B] Прыгун B3 (3,7,3) → MOVE (2,9,1)
  [Team B] Тишина B5 → SKIP
  [Team C] Радиовышка C2 (5,8,4) → MOVE (5,9,3)
  [Team C] Бурав C6 (4,5,8) → MOVE (4,5,5)
  [Team C] Тишина C5 → SKIP
! 🎮 GM: принудительно завершает фазу планирования
GM: end_planning
# 
============================================================
# 🔄 ОБРАБОТКА ХОДА 8
# ============================================================
!    ⚠️ Провокатор A7: клетка (3,8,2) уже занята голограммой
!    ⚠️ Паук A8: в клетке уже стоит мина

📦 ПЕРЕМЕЩЕНИЯ:
!    ⚠️ Радиовышка A2: клетка (5,8,4) занята
✓    💥 Прыгун A3 тараном уничтожил Прыгун B3 в (3,7,3)
   Прыгун A3: (4, 5, 5) → (3,7,3)
!    ⚠️ Радиовышка C2: клетка (5,9,3) занята
   Бурав C6: (4, 5, 8) → (4,5,5)

🎯 ВЫСТРЕЛЫ:
   Выпущено ракет: 0
# 
📊 РЕЗУЛЬТАТЫ ХОДА 8:
🎯 Попаданий нет

--- Результаты хода ---
  Team A / Прыгун A3          → Team B / Прыгун B3          @ (3,7,3)  (УБИТ)

--- Состояние команд после хода ---
  Team A: живых 6/8
    ✓ Радиовышка A2      @ (5,9,3) hp=3/3
    ✓ Прыгун A3          @ (3,7,3) hp=1/2
    ✓ Тишина A5          @ (5,8,3) hp=2/2
    ✓ Бурав A6           @ (5,8,5) hp=4/4
    ✓ Провокатор A7      @ (2,9,1) hp=2/2
    ✓ Паук A8            @ (8,9,1) hp=1/1
    ✗ Артиллерия A1      @ (5,9,1) [уничтожен]
    ✗ Факел A4           @ (3,7,3) [уничтожен]
  Team B: живых 1/8
    ✓ Тишина B5          @ (5,8,4) hp=2/2
    ✗ Артиллерия B1      @ (5,8,5) [уничтожен]
    ✗ Радиовышка B2      @ (3,6,5) [уничтожен]
    ✗ Прыгун B3          @ (3,7,3) [уничтожен]
    ✗ Факел B4           @ (6,9,4) [уничтожен]
    ✗ Бурав B6           @ (6,8,5) [уничтожен]
    ✗ Провокатор B7      @ (0,8,5) [уничтожен]
    ✗ Паук B8            @ (2,8,5) [уничтожен]
  Team C: живых 3/8
    ✓ Радиовышка C2      @ (5,8,4) hp=3/3
    ✓ Тишина C5          @ (5,9,2) hp=2/2
    ✓ Бурав C6           @ (4,5,5) hp=4/4
    ✗ Артиллерия C1      @ (4,5,8) [уничтожен]
    ✗ Прыгун C3          @ (6,8,5) [уничтожен]
    ✗ Факел C4           @ (6,7,3) [уничтожен]
    ✗ Провокатор C7      @ (4,5,2) [уничтожен]
    ✗ Паук C8            @ (4,5,5) [уничтожен]

======================================================================
ХОД 9
======================================================================
✓ 🎮 GM: начинаем ход
GM: start_turn

--- Радиовышки: сканирование слоя Z ---
  Радиовышка A2 (z=3): слой чист
  Радиовышка C2 (z=4): слой чист

--- Решения ботов ---
  [Team A] Радиовышка A2 (5,9,3) → MOVE (5,8,4)
  [Team A] Прыгун A3 (3,7,3) → MOVE (4,5,5)
  [Team A] Тишина A5 (5,8,3) → PHASE toggle
  [Team A] Провокатор A7 (2,9,1) → HOLOGRAM (3,8,2)
  [Team A] Паук A8 (8,9,1) → MINE (7,8,2)
  [Team A] Бурав A6 → SKIP
  [Team B] все корабли пропускают ход
  [Team C] Радиовышка C2 (5,8,4) → MOVE (5,9,3)
  [Team C] Бурав C6 (4,5,5) → MOVE (3,6,4)
  [Team C] Тишина C5 → SKIP
! 🎮 GM: принудительно завершает фазу планирования
GM: end_planning
# 
============================================================
# 🔄 ОБРАБОТКА ХОДА 9
# ============================================================
   🌀 Тишина A5: фаза ВЫКЛ
!    ⚠️ Провокатор A7: клетка (3,8,2) уже занята голограммой
!    ⚠️ Паук A8: в клетке уже стоит мина

📦 ПЕРЕМЕЩЕНИЯ:
!    ⚠️ Радиовышка A2: клетка (5,8,4) занята
✓    💥 Прыгун A3 тараном уничтожил Бурав C6 в (4,5,5)
   Прыгун A3: (3, 7, 3) → (4,5,5)
!    ⚠️ Радиовышка C2: клетка (5,9,3) занята

🎯 ВЫСТРЕЛЫ:
   Выпущено ракет: 0
# 
📊 РЕЗУЛЬТАТЫ ХОДА 9:
🎯 Попаданий нет

--- Результаты хода ---
  Team A / Прыгун A3          → Team C / Бурав C6           @ (4,5,5)  (УБИТ)

--- Состояние команд после хода ---
  Team A: живых 6/8
    ✓ Радиовышка A2      @ (5,9,3) hp=3/3
    ✓ Прыгун A3          @ (4,5,5) hp=1/2
    ✓ Тишина A5          @ (5,8,3) hp=2/2
    ✓ Бурав A6           @ (5,8,5) hp=4/4
    ✓ Провокатор A7      @ (2,9,1) hp=2/2
    ✓ Паук A8            @ (8,9,1) hp=1/1
    ✗ Артиллерия A1      @ (5,9,1) [уничтожен]
    ✗ Факел A4           @ (3,7,3) [уничтожен]
  Team B: живых 1/8
    ✓ Тишина B5          @ (5,8,4) hp=2/2
    ✗ Артиллерия B1      @ (5,8,5) [уничтожен]
    ✗ Радиовышка B2      @ (3,6,5) [уничтожен]
    ✗ Прыгун B3          @ (3,7,3) [уничтожен]
    ✗ Факел B4           @ (6,9,4) [уничтожен]
    ✗ Бурав B6           @ (6,8,5) [уничтожен]
    ✗ Провокатор B7      @ (0,8,5) [уничтожен]
    ✗ Паук B8            @ (2,8,5) [уничтожен]
  Team C: живых 2/8
    ✓ Радиовышка C2      @ (5,8,4) hp=3/3
    ✓ Тишина C5          @ (5,9,2) hp=2/2
    ✗ Артиллерия C1      @ (4,5,8) [уничтожен]
    ✗ Прыгун C3          @ (6,8,5) [уничтожен]
    ✗ Факел C4           @ (6,7,3) [уничтожен]
    ✗ Бурав C6           @ (4,5,5) [уничтожен]
    ✗ Провокатор C7      @ (4,5,2) [уничтожен]
    ✗ Паук C8            @ (4,5,5) [уничтожен]

======================================================================
ХОД 10
======================================================================
✓ 🎮 GM: начинаем ход
GM: start_turn

--- Радиовышки: сканирование слоя Z ---
  Радиовышка A2 (z=3): слой чист
  Радиовышка C2 (z=4): слой чист

--- Решения ботов ---
  [Team A] Радиовышка A2 (5,9,3) → MOVE (5,8,4)
  [Team A] Прыгун A3 (4,5,5) → MOVE (5,6,4)
  [Team A] Провокатор A7 (2,9,1) → HOLOGRAM (3,8,2)
  [Team A] Паук A8 (8,9,1) → MINE (7,8,2)
  [Team A] Бурав A6 → SKIP
  [Team A] Тишина A5 → SKIP
  [Team B] все корабли пропускают ход
  [Team C] Радиовышка C2 (5,8,4) → MOVE (5,9,3)
  [Team C] Тишина C5 → SKIP
! 🎮 GM: принудительно завершает фазу планирования
GM: end_planning
# 
============================================================
# 🔄 ОБРАБОТКА ХОДА 10
# ============================================================
!    ⚠️ Провокатор A7: клетка (3,8,2) уже занята голограммой
!    ⚠️ Паук A8: в клетке уже стоит мина

📦 ПЕРЕМЕЩЕНИЯ:
!    ⚠️ Радиовышка A2: клетка (5,8,4) занята
   Прыгун A3: (4, 5, 5) → (5,6,4)
!    ⚠️ Радиовышка C2: клетка (5,9,3) занята

🎯 ВЫСТРЕЛЫ:
   Выпущено ракет: 0
# 
📊 РЕЗУЛЬТАТЫ ХОДА 10:
🎯 Попаданий нет

--- Результаты хода ---
  Попаданий нет

--- Состояние команд после хода ---
  Team A: живых 6/8
    ✓ Радиовышка A2      @ (5,9,3) hp=3/3
    ✓ Прыгун A3          @ (5,6,4) hp=1/2
    ✓ Тишина A5          @ (5,8,3) hp=2/2
    ✓ Бурав A6           @ (5,8,5) hp=4/4
    ✓ Провокатор A7      @ (2,9,1) hp=2/2
    ✓ Паук A8            @ (8,9,1) hp=1/1
    ✗ Артиллерия A1      @ (5,9,1) [уничтожен]
    ✗ Факел A4           @ (3,7,3) [уничтожен]
  Team B: живых 1/8
    ✓ Тишина B5          @ (5,8,4) hp=2/2
    ✗ Артиллерия B1      @ (5,8,5) [уничтожен]
    ✗ Радиовышка B2      @ (3,6,5) [уничтожен]
    ✗ Прыгун B3          @ (3,7,3) [уничтожен]
    ✗ Факел B4           @ (6,9,4) [уничтожен]
    ✗ Бурав B6           @ (6,8,5) [уничтожен]
    ✗ Провокатор B7      @ (0,8,5) [уничтожен]
    ✗ Паук B8            @ (2,8,5) [уничтожен]
  Team C: живых 2/8
    ✓ Радиовышка C2      @ (5,8,4) hp=3/3
    ✓ Тишина C5          @ (5,9,2) hp=2/2
    ✗ Артиллерия C1      @ (4,5,8) [уничтожен]
    ✗ Прыгун C3          @ (6,8,5) [уничтожен]
    ✗ Факел C4           @ (6,7,3) [уничтожен]
    ✗ Бурав C6           @ (4,5,5) [уничтожен]
    ✗ Провокатор C7      @ (4,5,2) [уничтожен]
    ✗ Паук C8            @ (4,5,5) [уничтожен]

======================================================================
ХОД 11
======================================================================
✓ 🎮 GM: начинаем ход
GM: start_turn

--- Радиовышки: сканирование слоя Z ---
  Радиовышка A2 (z=3): слой чист
  Радиовышка C2 (z=4): видит 1 врагов  → Прыгун A3(5,6,4)

--- Решения ботов ---
  [Team A] Радиовышка A2 (5,9,3) → MOVE (5,8,4)
  [Team A] Прыгун A3 (5,6,4) → SHOOT at (5,8,4)
  [Team A] Провокатор A7 (2,9,1) → HOLOGRAM (3,8,2)
  [Team A] Паук A8 (8,9,1) → MINE (7,8,2)
  [Team A] Бурав A6 → SKIP
  [Team A] Тишина A5 → SKIP
  [Team B] все корабли пропускают ход
  [Team C] Радиовышка C2 (5,8,4) → MOVE (5,9,3)
  [Team C] Тишина C5 → SKIP
! 🎮 GM: принудительно завершает фазу планирования
GM: end_planning
# 
============================================================
# 🔄 ОБРАБОТКА ХОДА 11
# ============================================================
!    ⚠️ Провокатор A7: клетка (3,8,2) уже занята голограммой
!    ⚠️ Паук A8: в клетке уже стоит мина

📦 ПЕРЕМЕЩЕНИЯ:
!    ⚠️ Радиовышка A2: клетка (5,8,4) занята
!    ⚠️ Радиовышка C2: клетка (5,9,3) занята

🎯 ВЫСТРЕЛЫ:
✓    ✅ Прыгун A3 поразил Радиовышка C2 (1 урона)!
   Выпущено ракет: 1
# 
📊 РЕЗУЛЬТАТЫ ХОДА 11:
✓ 💥 ПОПАДАНИЯ:
✓    Прыгун A3 (Team A) → Радиовышка C2 (Team C)

--- Результаты хода ---
  Team A / Прыгун A3          → Team C / Радиовышка C2      @ (5,8,4)  (ранен)

--- Состояние команд после хода ---
  Team A: живых 6/8
    ✓ Радиовышка A2      @ (5,9,3) hp=3/3
    ✓ Прыгун A3          @ (5,6,4) hp=1/2
    ✓ Тишина A5          @ (5,8,3) hp=2/2
    ✓ Бурав A6           @ (5,8,5) hp=4/4
    ✓ Провокатор A7      @ (2,9,1) hp=2/2
    ✓ Паук A8            @ (8,9,1) hp=1/1
    ✗ Артиллерия A1      @ (5,9,1) [уничтожен]
    ✗ Факел A4           @ (3,7,3) [уничтожен]
  Team B: живых 1/8
    ✓ Тишина B5          @ (5,8,4) hp=2/2
    ✗ Артиллерия B1      @ (5,8,5) [уничтожен]
    ✗ Радиовышка B2      @ (3,6,5) [уничтожен]
    ✗ Прыгун B3          @ (3,7,3) [уничтожен]
    ✗ Факел B4           @ (6,9,4) [уничтожен]
    ✗ Бурав B6           @ (6,8,5) [уничтожен]
    ✗ Провокатор B7      @ (0,8,5) [уничтожен]
    ✗ Паук B8            @ (2,8,5) [уничтожен]
  Team C: живых 2/8
    ✓ Радиовышка C2      @ (5,8,4) hp=2/3
    ✓ Тишина C5          @ (5,9,2) hp=2/2
    ✗ Артиллерия C1      @ (4,5,8) [уничтожен]
    ✗ Прыгун C3          @ (6,8,5) [уничтожен]
    ✗ Факел C4           @ (6,7,3) [уничтожен]
    ✗ Бурав C6           @ (4,5,5) [уничтожен]
    ✗ Провокатор C7      @ (4,5,2) [уничтожен]
    ✗ Паук C8            @ (4,5,5) [уничтожен]

======================================================================
ХОД 12
======================================================================
✓ 🎮 GM: начинаем ход
GM: start_turn

--- Радиовышки: сканирование слоя Z ---
  Радиовышка A2 (z=3): слой чист
  Радиовышка C2 (z=4): видит 1 врагов  → Прыгун A3(5,6,4)

--- Решения ботов ---
  [Team A] Радиовышка A2 (5,9,3) → MOVE (5,8,4)
  [Team A] Прыгун A3 (5,6,4) → SHOOT at (5,8,4)
  [Team A] Провокатор A7 (2,9,1) → HOLOGRAM (3,8,2)
  [Team A] Паук A8 (8,9,1) → MINE (7,8,2)
  [Team A] Бурав A6 → SKIP
  [Team A] Тишина A5 → SKIP
  [Team B] все корабли пропускают ход
  [Team C] Радиовышка C2 (5,8,4) → MOVE (5,9,3)
  [Team C] Тишина C5 → SKIP
! 🎮 GM: принудительно завершает фазу планирования
GM: end_planning
# 
============================================================
# 🔄 ОБРАБОТКА ХОДА 12
# ============================================================
!    ⚠️ Провокатор A7: клетка (3,8,2) уже занята голограммой
!    ⚠️ Паук A8: в клетке уже стоит мина

📦 ПЕРЕМЕЩЕНИЯ:
!    ⚠️ Радиовышка A2: клетка (5,8,4) занята
!    ⚠️ Радиовышка C2: клетка (5,9,3) занята

🎯 ВЫСТРЕЛЫ:
✓    ✅ Прыгун A3 поразил Радиовышка C2 (1 урона)!
   Выпущено ракет: 1
# 
📊 РЕЗУЛЬТАТЫ ХОДА 12:
✓ 💥 ПОПАДАНИЯ:
✓    Прыгун A3 (Team A) → Радиовышка C2 (Team C)

--- Результаты хода ---
  Team A / Прыгун A3          → Team C / Радиовышка C2      @ (5,8,4)  (ранен)

--- Состояние команд после хода ---
  Team A: живых 6/8
    ✓ Радиовышка A2      @ (5,9,3) hp=3/3
    ✓ Прыгун A3          @ (5,6,4) hp=1/2
    ✓ Тишина A5          @ (5,8,3) hp=2/2
    ✓ Бурав A6           @ (5,8,5) hp=4/4
    ✓ Провокатор A7      @ (2,9,1) hp=2/2
    ✓ Паук A8            @ (8,9,1) hp=1/1
    ✗ Артиллерия A1      @ (5,9,1) [уничтожен]
    ✗ Факел A4           @ (3,7,3) [уничтожен]
  Team B: живых 1/8
    ✓ Тишина B5          @ (5,8,4) hp=2/2
    ✗ Артиллерия B1      @ (5,8,5) [уничтожен]
    ✗ Радиовышка B2      @ (3,6,5) [уничтожен]
    ✗ Прыгун B3          @ (3,7,3) [уничтожен]
    ✗ Факел B4           @ (6,9,4) [уничтожен]
    ✗ Бурав B6           @ (6,8,5) [уничтожен]
    ✗ Провокатор B7      @ (0,8,5) [уничтожен]
    ✗ Паук B8            @ (2,8,5) [уничтожен]
  Team C: живых 2/8
    ✓ Радиовышка C2      @ (5,8,4) hp=1/3
    ✓ Тишина C5          @ (5,9,2) hp=2/2
    ✗ Артиллерия C1      @ (4,5,8) [уничтожен]
    ✗ Прыгун C3          @ (6,8,5) [уничтожен]
    ✗ Факел C4           @ (6,7,3) [уничтожен]
    ✗ Бурав C6           @ (4,5,5) [уничтожен]
    ✗ Провокатор C7      @ (4,5,2) [уничтожен]
    ✗ Паук C8            @ (4,5,5) [уничтожен]

======================================================================
ХОД 13
======================================================================
✓ 🎮 GM: начинаем ход
GM: start_turn

--- Радиовышки: сканирование слоя Z ---
  Радиовышка A2 (z=3): слой чист
  Радиовышка C2 (z=4): видит 1 врагов  → Прыгун A3(5,6,4)

--- Решения ботов ---
  [Team A] Радиовышка A2 (5,9,3) → MOVE (5,8,4)
  [Team A] Прыгун A3 (5,6,4) → SHOOT at (5,8,4)
  [Team A] Провокатор A7 (2,9,1) → HOLOGRAM (3,8,2)
  [Team A] Паук A8 (8,9,1) → MINE (7,8,2)
  [Team A] Бурав A6 → SKIP
  [Team A] Тишина A5 → SKIP
  [Team B] все корабли пропускают ход
  [Team C] Радиовышка C2 (5,8,4) → MOVE (5,9,3)
  [Team C] Тишина C5 → SKIP
! 🎮 GM: принудительно завершает фазу планирования
GM: end_planning
# 
============================================================
# 🔄 ОБРАБОТКА ХОДА 13
# ============================================================
!    ⚠️ Провокатор A7: клетка (3,8,2) уже занята голограммой
!    ⚠️ Паук A8: в клетке уже стоит мина

📦 ПЕРЕМЕЩЕНИЯ:
!    ⚠️ Радиовышка A2: клетка (5,8,4) занята
!    ⚠️ Радиовышка C2: клетка (5,9,3) занята

🎯 ВЫСТРЕЛЫ:
✓    ✅ Прыгун A3 поразил Радиовышка C2 (1 урона)!
   Выпущено ракет: 1
# 
📊 РЕЗУЛЬТАТЫ ХОДА 13:
✓ 💥 ПОПАДАНИЯ:
✓    Прыгун A3 (Team A) → Радиовышка C2 (Team C)

--- Результаты хода ---
  Team A / Прыгун A3          → Team C / Радиовышка C2      @ (5,8,4)  (УБИТ)

--- Состояние команд после хода ---
  Team A: живых 6/8
    ✓ Радиовышка A2      @ (5,9,3) hp=3/3
    ✓ Прыгун A3          @ (5,6,4) hp=1/2
    ✓ Тишина A5          @ (5,8,3) hp=2/2
    ✓ Бурав A6           @ (5,8,5) hp=4/4
    ✓ Провокатор A7      @ (2,9,1) hp=2/2
    ✓ Паук A8            @ (8,9,1) hp=1/1
    ✗ Артиллерия A1      @ (5,9,1) [уничтожен]
    ✗ Факел A4           @ (3,7,3) [уничтожен]
  Team B: живых 1/8
    ✓ Тишина B5          @ (5,8,4) hp=2/2
    ✗ Артиллерия B1      @ (5,8,5) [уничтожен]
    ✗ Радиовышка B2      @ (3,6,5) [уничтожен]
    ✗ Прыгун B3          @ (3,7,3) [уничтожен]
    ✗ Факел B4           @ (6,9,4) [уничтожен]
    ✗ Бурав B6           @ (6,8,5) [уничтожен]
    ✗ Провокатор B7      @ (0,8,5) [уничтожен]
    ✗ Паук B8            @ (2,8,5) [уничтожен]
  Team C: живых 1/8
    ✓ Тишина C5          @ (5,9,2) hp=2/2
    ✗ Артиллерия C1      @ (4,5,8) [уничтожен]
    ✗ Радиовышка C2      @ (5,8,4) [уничтожен]
    ✗ Прыгун C3          @ (6,8,5) [уничтожен]
    ✗ Факел C4           @ (6,7,3) [уничтожен]
    ✗ Бурав C6           @ (4,5,5) [уничтожен]
    ✗ Провокатор C7      @ (4,5,2) [уничтожен]
    ✗ Паук C8            @ (4,5,5) [уничтожен]

======================================================================
ХОД 14
======================================================================
✓ 🎮 GM: начинаем ход
GM: start_turn

--- Радиовышки: сканирование слоя Z ---
  Радиовышка A2 (z=3): слой чист

--- Решения ботов ---
  [Team A] Радиовышка A2 (5,9,3) → MOVE (5,8,4)
  [Team A] Прыгун A3 (5,6,4) → MOVE (5,5,5)
  [Team A] Тишина A5 (5,8,3) → MOVE (5,7,4)
  [Team A] Бурав A6 (5,8,5) → MOVE (5,7,5)
  [Team A] Провокатор A7 (2,9,1) → MOVE (3,8,2)
  [Team A] Паук A8 (8,9,1) → MOVE (7,8,2)
  [Team B] Тишина B5 (5,8,4) → MOVE (5,9,3)
  [Team C] Тишина C5 (5,9,2) → MOVE (5,9,3)
! 🎮 GM: принудительно завершает фазу планирования
GM: end_planning
# 
============================================================
# 🔄 ОБРАБОТКА ХОДА 14
# ============================================================

📦 ПЕРЕМЕЩЕНИЯ:
   Радиовышка A2: (5, 9, 3) → (5,8,4)
   Прыгун A3: (5, 6, 4) → (5,5,5)
!    💥 Мина M3 сработала под Прыгун A3 (урон 2) — КОРАБЛЬ УНИЧТОЖЕН
   Тишина A5: (5, 8, 3) → (5,7,4)
   Бурав A6: (5, 8, 5) → (5,7,5)
!    ⚠️ Провокатор A7: клетка (3,8,2) занята
   Паук A8: (8, 9, 1) → (7,8,2)
   Тишина B5: (5, 8, 4) → (5,9,3)
   Тишина C5: (5, 9, 2) → (5,9,3)

🎯 ВЫСТРЕЛЫ:
   Выпущено ракет: 0
# 
📊 РЕЗУЛЬТАТЫ ХОДА 14:
🎯 Попаданий нет

--- Результаты хода ---
  ? / ?                  → Team A / Прыгун A3          @ (5,5,5)  (УБИТ)

--- Состояние команд после хода ---
  Team A: живых 5/8
    ✓ Радиовышка A2      @ (5,8,4) hp=3/3
    ✓ Тишина A5          @ (5,7,4) hp=2/2
    ✓ Бурав A6           @ (5,7,5) hp=4/4
    ✓ Провокатор A7      @ (2,9,1) hp=2/2
    ✓ Паук A8            @ (7,8,2) hp=1/1
    ✗ Артиллерия A1      @ (5,9,1) [уничтожен]
    ✗ Прыгун A3          @ (5,5,5) [уничтожен]
    ✗ Факел A4           @ (3,7,3) [уничтожен]
  Team B: живых 1/8
    ✓ Тишина B5          @ (5,9,3) hp=2/2
    ✗ Артиллерия B1      @ (5,8,5) [уничтожен]
    ✗ Радиовышка B2      @ (3,6,5) [уничтожен]
    ✗ Прыгун B3          @ (3,7,3) [уничтожен]
    ✗ Факел B4           @ (6,9,4) [уничтожен]
    ✗ Бурав B6           @ (6,8,5) [уничтожен]
    ✗ Провокатор B7      @ (0,8,5) [уничтожен]
    ✗ Паук B8            @ (2,8,5) [уничтожен]
  Team C: живых 1/8
    ✓ Тишина C5          @ (5,9,3) hp=2/2
    ✗ Артиллерия C1      @ (4,5,8) [уничтожен]
    ✗ Радиовышка C2      @ (5,8,4) [уничтожен]
    ✗ Прыгун C3          @ (6,8,5) [уничтожен]
    ✗ Факел C4           @ (6,7,3) [уничтожен]
    ✗ Бурав C6           @ (4,5,5) [уничтожен]
    ✗ Провокатор C7      @ (4,5,2) [уничтожен]
    ✗ Паук C8            @ (4,5,5) [уничтожен]

======================================================================
ХОД 15
======================================================================
✓ 🎮 GM: начинаем ход
GM: start_turn

--- Радиовышки: сканирование слоя Z ---
  Радиовышка A2 (z=4): слой чист

--- Решения ботов ---
  [Team A] Радиовышка A2 (5,8,4) → MOVE (5,8,5)
  [Team A] Тишина A5 (5,7,4) → MOVE (5,6,5)
  [Team A] Провокатор A7 (2,9,1) → MOVE (3,8,2)
  [Team A] Паук A8 (7,8,2) → MOVE (6,7,3)
  [Team A] Бурав A6 → SKIP
  [Team B] Тишина B5 (5,9,3) → MOVE (5,8,4)
  [Team C] Тишина C5 (5,9,3) → MOVE (5,8,4)
! 🎮 GM: принудительно завершает фазу планирования
GM: end_planning
# 
============================================================
# 🔄 ОБРАБОТКА ХОДА 15
# ============================================================

📦 ПЕРЕМЕЩЕНИЯ:
   Радиовышка A2: (5, 8, 4) → (5,8,5)
   Тишина A5: (5, 7, 4) → (5,6,5)
!    ⚠️ Провокатор A7: клетка (3,8,2) занята
   Паук A8: (7, 8, 2) → (6,7,3)
   Тишина B5: (5, 9, 3) → (5,8,4)
   Тишина C5: (5, 9, 3) → (5,8,4)

🎯 ВЫСТРЕЛЫ:
   Выпущено ракет: 0
# 
📊 РЕЗУЛЬТАТЫ ХОДА 15:
🎯 Попаданий нет

--- Результаты хода ---
  Попаданий нет

--- Состояние команд после хода ---
  Team A: живых 5/8
    ✓ Радиовышка A2      @ (5,8,5) hp=3/3
    ✓ Тишина A5          @ (5,6,5) hp=2/2
    ✓ Бурав A6           @ (5,7,5) hp=4/4
    ✓ Провокатор A7      @ (2,9,1) hp=2/2
    ✓ Паук A8            @ (6,7,3) hp=1/1
    ✗ Артиллерия A1      @ (5,9,1) [уничтожен]
    ✗ Прыгун A3          @ (5,5,5) [уничтожен]
    ✗ Факел A4           @ (3,7,3) [уничтожен]
  Team B: живых 1/8
    ✓ Тишина B5          @ (5,8,4) hp=2/2
    ✗ Артиллерия B1      @ (5,8,5) [уничтожен]
    ✗ Радиовышка B2      @ (3,6,5) [уничтожен]
    ✗ Прыгун B3          @ (3,7,3) [уничтожен]
    ✗ Факел B4           @ (6,9,4) [уничтожен]
    ✗ Бурав B6           @ (6,8,5) [уничтожен]
    ✗ Провокатор B7      @ (0,8,5) [уничтожен]
    ✗ Паук B8            @ (2,8,5) [уничтожен]
  Team C: живых 1/8
    ✓ Тишина C5          @ (5,8,4) hp=2/2
    ✗ Артиллерия C1      @ (4,5,8) [уничтожен]
    ✗ Радиовышка C2      @ (5,8,4) [уничтожен]
    ✗ Прыгун C3          @ (6,8,5) [уничтожен]
    ✗ Факел C4           @ (6,7,3) [уничтожен]
    ✗ Бурав C6           @ (4,5,5) [уничтожен]
    ✗ Провокатор C7      @ (4,5,2) [уничтожен]
    ✗ Паук C8            @ (4,5,5) [уничтожен]

======================================================================
ХОД 16
======================================================================
✓ 🎮 GM: начинаем ход
GM: start_turn

--- Радиовышки: сканирование слоя Z ---
  Радиовышка A2 (z=5): слой чист

--- Решения ботов ---
  [Team A] Тишина A5 (5,6,5) → MOVE (5,5,5)
  [Team A] Провокатор A7 (2,9,1) → MOVE (3,8,2)
  [Team A] Паук A8 (6,7,3) → MOVE (5,6,4)
  [Team A] Радиовышка A2 → SKIP
  [Team A] Бурав A6 → SKIP
  [Team B] Тишина B5 (5,8,4) → MOVE (5,8,5)
  [Team C] Тишина C5 (5,8,4) → MOVE (5,8,5)
! 🎮 GM: принудительно завершает фазу планирования
GM: end_planning
# 
============================================================
# 🔄 ОБРАБОТКА ХОДА 16
# ============================================================

📦 ПЕРЕМЕЩЕНИЯ:
   Тишина A5: (5, 6, 5) → (5,5,5)
!    ⚠️ Провокатор A7: клетка (3,8,2) занята
   Паук A8: (6, 7, 3) → (5,6,4)
!    ⚠️ Тишина B5: клетка (5,8,5) занята
!    ⚠️ Тишина C5: клетка (5,8,5) занята

🎯 ВЫСТРЕЛЫ:
   Выпущено ракет: 0
# 
📊 РЕЗУЛЬТАТЫ ХОДА 16:
🎯 Попаданий нет

--- Результаты хода ---
  Попаданий нет

--- Состояние команд после хода ---
  Team A: живых 5/8
    ✓ Радиовышка A2      @ (5,8,5) hp=3/3
    ✓ Тишина A5          @ (5,5,5) hp=2/2
    ✓ Бурав A6           @ (5,7,5) hp=4/4
    ✓ Провокатор A7      @ (2,9,1) hp=2/2
    ✓ Паук A8            @ (5,6,4) hp=1/1
    ✗ Артиллерия A1      @ (5,9,1) [уничтожен]
    ✗ Прыгун A3          @ (5,5,5) [уничтожен]
    ✗ Факел A4           @ (3,7,3) [уничтожен]
  Team B: живых 1/8
    ✓ Тишина B5          @ (5,8,4) hp=2/2
    ✗ Артиллерия B1      @ (5,8,5) [уничтожен]
    ✗ Радиовышка B2      @ (3,6,5) [уничтожен]
    ✗ Прыгун B3          @ (3,7,3) [уничтожен]
    ✗ Факел B4           @ (6,9,4) [уничтожен]
    ✗ Бурав B6           @ (6,8,5) [уничтожен]
    ✗ Провокатор B7      @ (0,8,5) [уничтожен]
    ✗ Паук B8            @ (2,8,5) [уничтожен]
  Team C: живых 1/8
    ✓ Тишина C5          @ (5,8,4) hp=2/2
    ✗ Артиллерия C1      @ (4,5,8) [уничтожен]
    ✗ Радиовышка C2      @ (5,8,4) [уничтожен]
    ✗ Прыгун C3          @ (6,8,5) [уничтожен]
    ✗ Факел C4           @ (6,7,3) [уничтожен]
    ✗ Бурав C6           @ (4,5,5) [уничтожен]
    ✗ Провокатор C7      @ (4,5,2) [уничтожен]
    ✗ Паук C8            @ (4,5,5) [уничтожен]

======================================================================
ХОД 17
======================================================================
✓ 🎮 GM: начинаем ход
GM: start_turn

--- Радиовышки: сканирование слоя Z ---
  Радиовышка A2 (z=5): слой чист

--- Решения ботов ---
  [Team A] Бурав A6 (5,7,5) → MOVE (5,6,5)
  [Team A] Провокатор A7 (2,9,1) → MOVE (3,8,2)
  [Team A] Паук A8 (5,6,4) → MOVE (5,5,4)
  [Team A] Радиовышка A2 → SKIP
  [Team A] Тишина A5 → SKIP
  [Team B] Тишина B5 (5,8,4) → MOVE (5,8,5)
  [Team C] Тишина C5 (5,8,4) → MOVE (5,8,5)
! 🎮 GM: принудительно завершает фазу планирования
GM: end_planning
# 
============================================================
# 🔄 ОБРАБОТКА ХОДА 17
# ============================================================

📦 ПЕРЕМЕЩЕНИЯ:
   Бурав A6: (5, 7, 5) → (5,6,5)
!    ⚠️ Провокатор A7: клетка (3,8,2) занята
   Паук A8: (5, 6, 4) → (5,5,4)
!    ⚠️ Тишина B5: клетка (5,8,5) занята
!    ⚠️ Тишина C5: клетка (5,8,5) занята

🎯 ВЫСТРЕЛЫ:
   Выпущено ракет: 0
# 
📊 РЕЗУЛЬТАТЫ ХОДА 17:
🎯 Попаданий нет

--- Результаты хода ---
  Попаданий нет

--- Состояние команд после хода ---
  Team A: живых 5/8
    ✓ Радиовышка A2      @ (5,8,5) hp=3/3
    ✓ Тишина A5          @ (5,5,5) hp=2/2
    ✓ Бурав A6           @ (5,6,5) hp=4/4
    ✓ Провокатор A7      @ (2,9,1) hp=2/2
    ✓ Паук A8            @ (5,5,4) hp=1/1
    ✗ Артиллерия A1      @ (5,9,1) [уничтожен]
    ✗ Прыгун A3          @ (5,5,5) [уничтожен]
    ✗ Факел A4           @ (3,7,3) [уничтожен]
  Team B: живых 1/8
    ✓ Тишина B5          @ (5,8,4) hp=2/2
    ✗ Артиллерия B1      @ (5,8,5) [уничтожен]
    ✗ Радиовышка B2      @ (3,6,5) [уничтожен]
    ✗ Прыгун B3          @ (3,7,3) [уничтожен]
    ✗ Факел B4           @ (6,9,4) [уничтожен]
    ✗ Бурав B6           @ (6,8,5) [уничтожен]
    ✗ Провокатор B7      @ (0,8,5) [уничтожен]
    ✗ Паук B8            @ (2,8,5) [уничтожен]
  Team C: живых 1/8
    ✓ Тишина C5          @ (5,8,4) hp=2/2
    ✗ Артиллерия C1      @ (4,5,8) [уничтожен]
    ✗ Радиовышка C2      @ (5,8,4) [уничтожен]
    ✗ Прыгун C3          @ (6,8,5) [уничтожен]
    ✗ Факел C4           @ (6,7,3) [уничтожен]
    ✗ Бурав C6           @ (4,5,5) [уничтожен]
    ✗ Провокатор C7      @ (4,5,2) [уничтожен]
    ✗ Паук C8            @ (4,5,5) [уничтожен]

======================================================================
ХОД 18
======================================================================
✓ 🎮 GM: начинаем ход
GM: start_turn

--- Радиовышки: сканирование слоя Z ---
  Радиовышка A2 (z=5): слой чист

--- Решения ботов ---
  [Team A] Радиовышка A2 (5,8,5) → MOVE (5,7,5)
  [Team A] Провокатор A7 (2,9,1) → MOVE (3,8,2)
  [Team A] Бурав A6 → SKIP
  [Team A] Тишина A5 → SKIP
  [Team A] Паук A8 → SKIP
  [Team B] Тишина B5 (5,8,4) → MOVE (5,8,5)
  [Team C] Тишина C5 (5,8,4) → MOVE (5,8,5)
! 🎮 GM: принудительно завершает фазу планирования
GM: end_planning
# 
============================================================
# 🔄 ОБРАБОТКА ХОДА 18
# ============================================================

📦 ПЕРЕМЕЩЕНИЯ:
   Радиовышка A2: (5, 8, 5) → (5,7,5)
!    ⚠️ Провокатор A7: клетка (3,8,2) занята
   Тишина B5: (5, 8, 4) → (5,8,5)
   Тишина C5: (5, 8, 4) → (5,8,5)

🎯 ВЫСТРЕЛЫ:
   Выпущено ракет: 0
# 
📊 РЕЗУЛЬТАТЫ ХОДА 18:
🎯 Попаданий нет

--- Результаты хода ---
  Попаданий нет

--- Состояние команд после хода ---
  Team A: живых 5/8
    ✓ Радиовышка A2      @ (5,7,5) hp=3/3
    ✓ Тишина A5          @ (5,5,5) hp=2/2
    ✓ Бурав A6           @ (5,6,5) hp=4/4
    ✓ Провокатор A7      @ (2,9,1) hp=2/2
    ✓ Паук A8            @ (5,5,4) hp=1/1
    ✗ Артиллерия A1      @ (5,9,1) [уничтожен]
    ✗ Прыгун A3          @ (5,5,5) [уничтожен]
    ✗ Факел A4           @ (3,7,3) [уничтожен]
  Team B: живых 1/8
    ✓ Тишина B5          @ (5,8,5) hp=2/2
    ✗ Артиллерия B1      @ (5,8,5) [уничтожен]
    ✗ Радиовышка B2      @ (3,6,5) [уничтожен]
    ✗ Прыгун B3          @ (3,7,3) [уничтожен]
    ✗ Факел B4           @ (6,9,4) [уничтожен]
    ✗ Бурав B6           @ (6,8,5) [уничтожен]
    ✗ Провокатор B7      @ (0,8,5) [уничтожен]
    ✗ Паук B8            @ (2,8,5) [уничтожен]
  Team C: живых 1/8
    ✓ Тишина C5          @ (5,8,5) hp=2/2
    ✗ Артиллерия C1      @ (4,5,8) [уничтожен]
    ✗ Радиовышка C2      @ (5,8,4) [уничтожен]
    ✗ Прыгун C3          @ (6,8,5) [уничтожен]
    ✗ Факел C4           @ (6,7,3) [уничтожен]
    ✗ Бурав C6           @ (4,5,5) [уничтожен]
    ✗ Провокатор C7      @ (4,5,2) [уничтожен]
    ✗ Паук C8            @ (4,5,5) [уничтожен]

======================================================================
ХОД 19
======================================================================
✓ 🎮 GM: начинаем ход
GM: start_turn

--- Радиовышки: сканирование слоя Z ---
  Радиовышка A2 (z=5): слой чист

--- Решения ботов ---
  [Team A] Провокатор A7 (2,9,1) → MOVE (3,8,2)
  [Team A] Радиовышка A2 → SKIP
  [Team A] Бурав A6 → SKIP
  [Team A] Тишина A5 → SKIP
  [Team A] Паук A8 → SKIP
  [Team B] Тишина B5 (5,8,5) → MOVE (5,7,5)
  [Team C] Тишина C5 (5,8,5) → MOVE (5,7,5)
! 🎮 GM: принудительно завершает фазу планирования
GM: end_planning
# 
============================================================
# 🔄 ОБРАБОТКА ХОДА 19
# ============================================================

📦 ПЕРЕМЕЩЕНИЯ:
!    ⚠️ Провокатор A7: клетка (3,8,2) занята
!    ⚠️ Тишина B5: клетка (5,7,5) занята
!    ⚠️ Тишина C5: клетка (5,7,5) занята

🎯 ВЫСТРЕЛЫ:
   Выпущено ракет: 0
# 
📊 РЕЗУЛЬТАТЫ ХОДА 19:
🎯 Попаданий нет

--- Результаты хода ---
  Попаданий нет

--- Состояние команд после хода ---
  Team A: живых 5/8
    ✓ Радиовышка A2      @ (5,7,5) hp=3/3
    ✓ Тишина A5          @ (5,5,5) hp=2/2
    ✓ Бурав A6           @ (5,6,5) hp=4/4
    ✓ Провокатор A7      @ (2,9,1) hp=2/2
    ✓ Паук A8            @ (5,5,4) hp=1/1
    ✗ Артиллерия A1      @ (5,9,1) [уничтожен]
    ✗ Прыгун A3          @ (5,5,5) [уничтожен]
    ✗ Факел A4           @ (3,7,3) [уничтожен]
  Team B: живых 1/8
    ✓ Тишина B5          @ (5,8,5) hp=2/2
    ✗ Артиллерия B1      @ (5,8,5) [уничтожен]
    ✗ Радиовышка B2      @ (3,6,5) [уничтожен]
    ✗ Прыгун B3          @ (3,7,3) [уничтожен]
    ✗ Факел B4           @ (6,9,4) [уничтожен]
    ✗ Бурав B6           @ (6,8,5) [уничтожен]
    ✗ Провокатор B7      @ (0,8,5) [уничтожен]
    ✗ Паук B8            @ (2,8,5) [уничтожен]
  Team C: живых 1/8
    ✓ Тишина C5          @ (5,8,5) hp=2/2
    ✗ Артиллерия C1      @ (4,5,8) [уничтожен]
    ✗ Радиовышка C2      @ (5,8,4) [уничтожен]
    ✗ Прыгун C3          @ (6,8,5) [уничтожен]
    ✗ Факел C4           @ (6,7,3) [уничтожен]
    ✗ Бурав C6           @ (4,5,5) [уничтожен]
    ✗ Провокатор C7      @ (4,5,2) [уничтожен]
    ✗ Паук C8            @ (4,5,5) [уничтожен]

======================================================================
ХОД 20
======================================================================
✓ 🎮 GM: начинаем ход
GM: start_turn

--- Радиовышки: сканирование слоя Z ---
  Радиовышка A2 (z=5): слой чист

--- Решения ботов ---
  [Team A] Провокатор A7 (2,9,1) → MOVE (3,8,2)
  [Team A] Радиовышка A2 → SKIP
  [Team A] Бурав A6 → SKIP
  [Team A] Тишина A5 → SKIP
  [Team A] Паук A8 → SKIP
  [Team B] Тишина B5 (5,8,5) → MOVE (5,7,5)
  [Team C] Тишина C5 (5,8,5) → MOVE (5,7,5)
! 🎮 GM: принудительно завершает фазу планирования
GM: end_planning
# 
============================================================
# 🔄 ОБРАБОТКА ХОДА 20
# ============================================================

📦 ПЕРЕМЕЩЕНИЯ:
!    ⚠️ Провокатор A7: клетка (3,8,2) занята
!    ⚠️ Тишина B5: клетка (5,7,5) занята
!    ⚠️ Тишина C5: клетка (5,7,5) занята

🎯 ВЫСТРЕЛЫ:
   Выпущено ракет: 0
# 
📊 РЕЗУЛЬТАТЫ ХОДА 20:
🎯 Попаданий нет

--- Результаты хода ---
  Попаданий нет

--- Состояние команд после хода ---
  Team A: живых 5/8
    ✓ Радиовышка A2      @ (5,7,5) hp=3/3
    ✓ Тишина A5          @ (5,5,5) hp=2/2
    ✓ Бурав A6           @ (5,6,5) hp=4/4
    ✓ Провокатор A7      @ (2,9,1) hp=2/2
    ✓ Паук A8            @ (5,5,4) hp=1/1
    ✗ Артиллерия A1      @ (5,9,1) [уничтожен]
    ✗ Прыгун A3          @ (5,5,5) [уничтожен]
    ✗ Факел A4           @ (3,7,3) [уничтожен]
  Team B: живых 1/8
    ✓ Тишина B5          @ (5,8,5) hp=2/2
    ✗ Артиллерия B1      @ (5,8,5) [уничтожен]
    ✗ Радиовышка B2      @ (3,6,5) [уничтожен]
    ✗ Прыгун B3          @ (3,7,3) [уничтожен]
    ✗ Факел B4           @ (6,9,4) [уничтожен]
    ✗ Бурав B6           @ (6,8,5) [уничтожен]
    ✗ Провокатор B7      @ (0,8,5) [уничтожен]
    ✗ Паук B8            @ (2,8,5) [уничтожен]
  Team C: живых 1/8
    ✓ Тишина C5          @ (5,8,5) hp=2/2
    ✗ Артиллерия C1      @ (4,5,8) [уничтожен]
    ✗ Радиовышка C2      @ (5,8,4) [уничтожен]
    ✗ Прыгун C3          @ (6,8,5) [уничтожен]
    ✗ Факел C4           @ (6,7,3) [уничтожен]
    ✗ Бурав C6           @ (4,5,5) [уничтожен]
    ✗ Провокатор C7      @ (4,5,2) [уничтожен]
    ✗ Паук C8            @ (4,5,5) [уничтожен]

======================================================================
ХОД 21
======================================================================
✓ 🎮 GM: начинаем ход
GM: start_turn

--- Радиовышки: сканирование слоя Z ---
  Радиовышка A2 (z=5): слой чист

--- Решения ботов ---
  [Team A] Провокатор A7 (2,9,1) → MOVE (3,8,2)
  [Team A] Радиовышка A2 → SKIP
  [Team A] Бурав A6 → SKIP
  [Team A] Тишина A5 → SKIP
  [Team A] Паук A8 → SKIP
  [Team B] Тишина B5 (5,8,5) → MOVE (5,7,5)
  [Team C] Тишина C5 (5,8,5) → MOVE (5,7,5)
! 🎮 GM: принудительно завершает фазу планирования
GM: end_planning
# 
============================================================
# 🔄 ОБРАБОТКА ХОДА 21
# ============================================================

📦 ПЕРЕМЕЩЕНИЯ:
!    ⚠️ Провокатор A7: клетка (3,8,2) занята
!    ⚠️ Тишина B5: клетка (5,7,5) занята
!    ⚠️ Тишина C5: клетка (5,7,5) занята

🎯 ВЫСТРЕЛЫ:
   Выпущено ракет: 0
# 
📊 РЕЗУЛЬТАТЫ ХОДА 21:
🎯 Попаданий нет

--- Результаты хода ---
  Попаданий нет

--- Состояние команд после хода ---
  Team A: живых 5/8
    ✓ Радиовышка A2      @ (5,7,5) hp=3/3
    ✓ Тишина A5          @ (5,5,5) hp=2/2
    ✓ Бурав A6           @ (5,6,5) hp=4/4
    ✓ Провокатор A7      @ (2,9,1) hp=2/2
    ✓ Паук A8            @ (5,5,4) hp=1/1
    ✗ Артиллерия A1      @ (5,9,1) [уничтожен]
    ✗ Прыгун A3          @ (5,5,5) [уничтожен]
    ✗ Факел A4           @ (3,7,3) [уничтожен]
  Team B: живых 1/8
    ✓ Тишина B5          @ (5,8,5) hp=2/2
    ✗ Артиллерия B1      @ (5,8,5) [уничтожен]
    ✗ Радиовышка B2      @ (3,6,5) [уничтожен]
    ✗ Прыгун B3          @ (3,7,3) [уничтожен]
    ✗ Факел B4           @ (6,9,4) [уничтожен]
    ✗ Бурав B6           @ (6,8,5) [уничтожен]
    ✗ Провокатор B7      @ (0,8,5) [уничтожен]
    ✗ Паук B8            @ (2,8,5) [уничтожен]
  Team C: живых 1/8
    ✓ Тишина C5          @ (5,8,5) hp=2/2
    ✗ Артиллерия C1      @ (4,5,8) [уничтожен]
    ✗ Радиовышка C2      @ (5,8,4) [уничтожен]
    ✗ Прыгун C3          @ (6,8,5) [уничтожен]
    ✗ Факел C4           @ (6,7,3) [уничтожен]
    ✗ Бурав C6           @ (4,5,5) [уничтожен]
    ✗ Провокатор C7      @ (4,5,2) [уничтожен]
    ✗ Паук C8            @ (4,5,5) [уничтожен]

======================================================================
ХОД 22
======================================================================
✓ 🎮 GM: начинаем ход
GM: start_turn

--- Радиовышки: сканирование слоя Z ---
  Радиовышка A2 (z=5): слой чист

--- Решения ботов ---
  [Team A] Провокатор A7 (2,9,1) → MOVE (3,8,2)
  [Team A] Радиовышка A2 → SKIP
  [Team A] Бурав A6 → SKIP
  [Team A] Тишина A5 → SKIP
  [Team A] Паук A8 → SKIP
  [Team B] Тишина B5 (5,8,5) → MOVE (5,7,5)
  [Team C] Тишина C5 (5,8,5) → MOVE (5,7,5)
! 🎮 GM: принудительно завершает фазу планирования
GM: end_planning
# 
============================================================
# 🔄 ОБРАБОТКА ХОДА 22
# ============================================================

📦 ПЕРЕМЕЩЕНИЯ:
!    ⚠️ Провокатор A7: клетка (3,8,2) занята
!    ⚠️ Тишина B5: клетка (5,7,5) занята
!    ⚠️ Тишина C5: клетка (5,7,5) занята

🎯 ВЫСТРЕЛЫ:
   Выпущено ракет: 0
# 
📊 РЕЗУЛЬТАТЫ ХОДА 22:
🎯 Попаданий нет

--- Результаты хода ---
  Попаданий нет

--- Состояние команд после хода ---
  Team A: живых 5/8
    ✓ Радиовышка A2      @ (5,7,5) hp=3/3
    ✓ Тишина A5          @ (5,5,5) hp=2/2
    ✓ Бурав A6           @ (5,6,5) hp=4/4
    ✓ Провокатор A7      @ (2,9,1) hp=2/2
    ✓ Паук A8            @ (5,5,4) hp=1/1
    ✗ Артиллерия A1      @ (5,9,1) [уничтожен]
    ✗ Прыгун A3          @ (5,5,5) [уничтожен]
    ✗ Факел A4           @ (3,7,3) [уничтожен]
  Team B: живых 1/8
    ✓ Тишина B5          @ (5,8,5) hp=2/2
    ✗ Артиллерия B1      @ (5,8,5) [уничтожен]
    ✗ Радиовышка B2      @ (3,6,5) [уничтожен]
    ✗ Прыгун B3          @ (3,7,3) [уничтожен]
    ✗ Факел B4           @ (6,9,4) [уничтожен]
    ✗ Бурав B6           @ (6,8,5) [уничтожен]
    ✗ Провокатор B7      @ (0,8,5) [уничтожен]
    ✗ Паук B8            @ (2,8,5) [уничтожен]
  Team C: живых 1/8
    ✓ Тишина C5          @ (5,8,5) hp=2/2
    ✗ Артиллерия C1      @ (4,5,8) [уничтожен]
    ✗ Радиовышка C2      @ (5,8,4) [уничтожен]
    ✗ Прыгун C3          @ (6,8,5) [уничтожен]
    ✗ Факел C4           @ (6,7,3) [уничтожен]
    ✗ Бурав C6           @ (4,5,5) [уничтожен]
    ✗ Провокатор C7      @ (4,5,2) [уничтожен]
    ✗ Паук C8            @ (4,5,5) [уничтожен]

======================================================================
ХОД 23
======================================================================
✓ 🎮 GM: начинаем ход
GM: start_turn

--- Радиовышки: сканирование слоя Z ---
  Радиовышка A2 (z=5): слой чист

--- Решения ботов ---
  [Team A] Провокатор A7 (2,9,1) → MOVE (3,8,2)
  [Team A] Радиовышка A2 → SKIP
  [Team A] Бурав A6 → SKIP
  [Team A] Тишина A5 → SKIP
  [Team A] Паук A8 → SKIP
  [Team B] Тишина B5 (5,8,5) → MOVE (5,7,5)
  [Team C] Тишина C5 (5,8,5) → MOVE (5,7,5)
! 🎮 GM: принудительно завершает фазу планирования
GM: end_planning
# 
============================================================
# 🔄 ОБРАБОТКА ХОДА 23
# ============================================================

📦 ПЕРЕМЕЩЕНИЯ:
!    ⚠️ Провокатор A7: клетка (3,8,2) занята
!    ⚠️ Тишина B5: клетка (5,7,5) занята
!    ⚠️ Тишина C5: клетка (5,7,5) занята

🎯 ВЫСТРЕЛЫ:
   Выпущено ракет: 0
# 
📊 РЕЗУЛЬТАТЫ ХОДА 23:
🎯 Попаданий нет

--- Результаты хода ---
  Попаданий нет

--- Состояние команд после хода ---
  Team A: живых 5/8
    ✓ Радиовышка A2      @ (5,7,5) hp=3/3
    ✓ Тишина A5          @ (5,5,5) hp=2/2
    ✓ Бурав A6           @ (5,6,5) hp=4/4
    ✓ Провокатор A7      @ (2,9,1) hp=2/2
    ✓ Паук A8            @ (5,5,4) hp=1/1
    ✗ Артиллерия A1      @ (5,9,1) [уничтожен]
    ✗ Прыгун A3          @ (5,5,5) [уничтожен]
    ✗ Факел A4           @ (3,7,3) [уничтожен]
  Team B: живых 1/8
    ✓ Тишина B5          @ (5,8,5) hp=2/2
    ✗ Артиллерия B1      @ (5,8,5) [уничтожен]
    ✗ Радиовышка B2      @ (3,6,5) [уничтожен]
    ✗ Прыгун B3          @ (3,7,3) [уничтожен]
    ✗ Факел B4           @ (6,9,4) [уничтожен]
    ✗ Бурав B6           @ (6,8,5) [уничтожен]
    ✗ Провокатор B7      @ (0,8,5) [уничтожен]
    ✗ Паук B8            @ (2,8,5) [уничтожен]
  Team C: живых 1/8
    ✓ Тишина C5          @ (5,8,5) hp=2/2
    ✗ Артиллерия C1      @ (4,5,8) [уничтожен]
    ✗ Радиовышка C2      @ (5,8,4) [уничтожен]
    ✗ Прыгун C3          @ (6,8,5) [уничтожен]
    ✗ Факел C4           @ (6,7,3) [уничтожен]
    ✗ Бурав C6           @ (4,5,5) [уничтожен]
    ✗ Провокатор C7      @ (4,5,2) [уничтожен]
    ✗ Паук C8            @ (4,5,5) [уничтожен]

======================================================================
ХОД 24
======================================================================
✓ 🎮 GM: начинаем ход
GM: start_turn

--- Радиовышки: сканирование слоя Z ---
  Радиовышка A2 (z=5): слой чист

--- Решения ботов ---
  [Team A] Провокатор A7 (2,9,1) → MOVE (3,8,2)
  [Team A] Радиовышка A2 → SKIP
  [Team A] Бурав A6 → SKIP
  [Team A] Тишина A5 → SKIP
  [Team A] Паук A8 → SKIP
  [Team B] Тишина B5 (5,8,5) → MOVE (5,7,5)
  [Team C] Тишина C5 (5,8,5) → MOVE (5,7,5)
! 🎮 GM: принудительно завершает фазу планирования
GM: end_planning
# 
============================================================
# 🔄 ОБРАБОТКА ХОДА 24
# ============================================================

📦 ПЕРЕМЕЩЕНИЯ:
!    ⚠️ Провокатор A7: клетка (3,8,2) занята
!    ⚠️ Тишина B5: клетка (5,7,5) занята
!    ⚠️ Тишина C5: клетка (5,7,5) занята

🎯 ВЫСТРЕЛЫ:
   Выпущено ракет: 0
# 
📊 РЕЗУЛЬТАТЫ ХОДА 24:
🎯 Попаданий нет

--- Результаты хода ---
  Попаданий нет

--- Состояние команд после хода ---
  Team A: живых 5/8
    ✓ Радиовышка A2      @ (5,7,5) hp=3/3
    ✓ Тишина A5          @ (5,5,5) hp=2/2
    ✓ Бурав A6           @ (5,6,5) hp=4/4
    ✓ Провокатор A7      @ (2,9,1) hp=2/2
    ✓ Паук A8            @ (5,5,4) hp=1/1
    ✗ Артиллерия A1      @ (5,9,1) [уничтожен]
    ✗ Прыгун A3          @ (5,5,5) [уничтожен]
    ✗ Факел A4           @ (3,7,3) [уничтожен]
  Team B: живых 1/8
    ✓ Тишина B5          @ (5,8,5) hp=2/2
    ✗ Артиллерия B1      @ (5,8,5) [уничтожен]
    ✗ Радиовышка B2      @ (3,6,5) [уничтожен]
    ✗ Прыгун B3          @ (3,7,3) [уничтожен]
    ✗ Факел B4           @ (6,9,4) [уничтожен]
    ✗ Бурав B6           @ (6,8,5) [уничтожен]
    ✗ Провокатор B7      @ (0,8,5) [уничтожен]
    ✗ Паук B8            @ (2,8,5) [уничтожен]
  Team C: живых 1/8
    ✓ Тишина C5          @ (5,8,5) hp=2/2
    ✗ Артиллерия C1      @ (4,5,8) [уничтожен]
    ✗ Радиовышка C2      @ (5,8,4) [уничтожен]
    ✗ Прыгун C3          @ (6,8,5) [уничтожен]
    ✗ Факел C4           @ (6,7,3) [уничтожен]
    ✗ Бурав C6           @ (4,5,5) [уничтожен]
    ✗ Провокатор C7      @ (4,5,2) [уничтожен]
    ✗ Паук C8            @ (4,5,5) [уничтожен]

======================================================================
ХОД 25
======================================================================
✓ 🎮 GM: начинаем ход
GM: start_turn

--- Радиовышки: сканирование слоя Z ---
  Радиовышка A2 (z=5): слой чист

--- Решения ботов ---
  [Team A] Провокатор A7 (2,9,1) → MOVE (3,8,2)
  [Team A] Радиовышка A2 → SKIP
  [Team A] Бурав A6 → SKIP
  [Team A] Тишина A5 → SKIP
  [Team A] Паук A8 → SKIP
  [Team B] Тишина B5 (5,8,5) → MOVE (5,7,5)
  [Team C] Тишина C5 (5,8,5) → MOVE (5,7,5)
! 🎮 GM: принудительно завершает фазу планирования
GM: end_planning
# 
============================================================
# 🔄 ОБРАБОТКА ХОДА 25
# ============================================================

📦 ПЕРЕМЕЩЕНИЯ:
!    ⚠️ Провокатор A7: клетка (3,8,2) занята
!    ⚠️ Тишина B5: клетка (5,7,5) занята
!    ⚠️ Тишина C5: клетка (5,7,5) занята

🎯 ВЫСТРЕЛЫ:
   Выпущено ракет: 0
# 
📊 РЕЗУЛЬТАТЫ ХОДА 25:
🎯 Попаданий нет

--- Результаты хода ---
  Попаданий нет

--- Состояние команд после хода ---
  Team A: живых 5/8
    ✓ Радиовышка A2      @ (5,7,5) hp=3/3
    ✓ Тишина A5          @ (5,5,5) hp=2/2
    ✓ Бурав A6           @ (5,6,5) hp=4/4
    ✓ Провокатор A7      @ (2,9,1) hp=2/2
    ✓ Паук A8            @ (5,5,4) hp=1/1
    ✗ Артиллерия A1      @ (5,9,1) [уничтожен]
    ✗ Прыгун A3          @ (5,5,5) [уничтожен]
    ✗ Факел A4           @ (3,7,3) [уничтожен]
  Team B: живых 1/8
    ✓ Тишина B5          @ (5,8,5) hp=2/2
    ✗ Артиллерия B1      @ (5,8,5) [уничтожен]
    ✗ Радиовышка B2      @ (3,6,5) [уничтожен]
    ✗ Прыгун B3          @ (3,7,3) [уничтожен]
    ✗ Факел B4           @ (6,9,4) [уничтожен]
    ✗ Бурав B6           @ (6,8,5) [уничтожен]
    ✗ Провокатор B7      @ (0,8,5) [уничтожен]
    ✗ Паук B8            @ (2,8,5) [уничтожен]
  Team C: живых 1/8
    ✓ Тишина C5          @ (5,8,5) hp=2/2
    ✗ Артиллерия C1      @ (4,5,8) [уничтожен]
    ✗ Радиовышка C2      @ (5,8,4) [уничтожен]
    ✗ Прыгун C3          @ (6,8,5) [уничтожен]
    ✗ Факел C4           @ (6,7,3) [уничтожен]
    ✗ Бурав C6           @ (4,5,5) [уничтожен]
    ✗ Провокатор C7      @ (4,5,2) [уничтожен]
    ✗ Паук C8            @ (4,5,5) [уничтожен]

======================================================================
ХОД 26
======================================================================
✓ 🎮 GM: начинаем ход
GM: start_turn

--- Радиовышки: сканирование слоя Z ---
  Радиовышка A2 (z=5): слой чист

--- Решения ботов ---
  [Team A] Провокатор A7 (2,9,1) → MOVE (3,8,2)
  [Team A] Радиовышка A2 → SKIP
  [Team A] Бурав A6 → SKIP
  [Team A] Тишина A5 → SKIP
  [Team A] Паук A8 → SKIP
  [Team B] Тишина B5 (5,8,5) → MOVE (5,7,5)
  [Team C] Тишина C5 (5,8,5) → MOVE (5,7,5)
! 🎮 GM: принудительно завершает фазу планирования
GM: end_planning
# 
============================================================
# 🔄 ОБРАБОТКА ХОДА 26
# ============================================================

📦 ПЕРЕМЕЩЕНИЯ:
!    ⚠️ Провокатор A7: клетка (3,8,2) занята
!    ⚠️ Тишина B5: клетка (5,7,5) занята
!    ⚠️ Тишина C5: клетка (5,7,5) занята

🎯 ВЫСТРЕЛЫ:
   Выпущено ракет: 0
# 
📊 РЕЗУЛЬТАТЫ ХОДА 26:
🎯 Попаданий нет

--- Результаты хода ---
  Попаданий нет

--- Состояние команд после хода ---
  Team A: живых 5/8
    ✓ Радиовышка A2      @ (5,7,5) hp=3/3
    ✓ Тишина A5          @ (5,5,5) hp=2/2
    ✓ Бурав A6           @ (5,6,5) hp=4/4
    ✓ Провокатор A7      @ (2,9,1) hp=2/2
    ✓ Паук A8            @ (5,5,4) hp=1/1
    ✗ Артиллерия A1      @ (5,9,1) [уничтожен]
    ✗ Прыгун A3          @ (5,5,5) [уничтожен]
    ✗ Факел A4           @ (3,7,3) [уничтожен]
  Team B: живых 1/8
    ✓ Тишина B5          @ (5,8,5) hp=2/2
    ✗ Артиллерия B1      @ (5,8,5) [уничтожен]
    ✗ Радиовышка B2      @ (3,6,5) [уничтожен]
    ✗ Прыгун B3          @ (3,7,3) [уничтожен]
    ✗ Факел B4           @ (6,9,4) [уничтожен]
    ✗ Бурав B6           @ (6,8,5) [уничтожен]
    ✗ Провокатор B7      @ (0,8,5) [уничтожен]
    ✗ Паук B8            @ (2,8,5) [уничтожен]
  Team C: живых 1/8
    ✓ Тишина C5          @ (5,8,5) hp=2/2
    ✗ Артиллерия C1      @ (4,5,8) [уничтожен]
    ✗ Радиовышка C2      @ (5,8,4) [уничтожен]
    ✗ Прыгун C3          @ (6,8,5) [уничтожен]
    ✗ Факел C4           @ (6,7,3) [уничтожен]
    ✗ Бурав C6           @ (4,5,5) [уничтожен]
    ✗ Провокатор C7      @ (4,5,2) [уничтожен]
    ✗ Паук C8            @ (4,5,5) [уничтожен]

======================================================================
ХОД 27
======================================================================
✓ 🎮 GM: начинаем ход
GM: start_turn

--- Радиовышки: сканирование слоя Z ---
  Радиовышка A2 (z=5): слой чист

--- Решения ботов ---
  [Team A] Провокатор A7 (2,9,1) → MOVE (3,8,2)
  [Team A] Радиовышка A2 → SKIP
  [Team A] Бурав A6 → SKIP
  [Team A] Тишина A5 → SKIP
  [Team A] Паук A8 → SKIP
  [Team B] Тишина B5 (5,8,5) → MOVE (5,7,5)
  [Team C] Тишина C5 (5,8,5) → MOVE (5,7,5)
! 🎮 GM: принудительно завершает фазу планирования
GM: end_planning
# 
============================================================
# 🔄 ОБРАБОТКА ХОДА 27
# ============================================================

📦 ПЕРЕМЕЩЕНИЯ:
!    ⚠️ Провокатор A7: клетка (3,8,2) занята
!    ⚠️ Тишина B5: клетка (5,7,5) занята
!    ⚠️ Тишина C5: клетка (5,7,5) занята

🎯 ВЫСТРЕЛЫ:
   Выпущено ракет: 0
# 
📊 РЕЗУЛЬТАТЫ ХОДА 27:
🎯 Попаданий нет

--- Результаты хода ---
  Попаданий нет

--- Состояние команд после хода ---
  Team A: живых 5/8
    ✓ Радиовышка A2      @ (5,7,5) hp=3/3
    ✓ Тишина A5          @ (5,5,5) hp=2/2
    ✓ Бурав A6           @ (5,6,5) hp=4/4
    ✓ Провокатор A7      @ (2,9,1) hp=2/2
    ✓ Паук A8            @ (5,5,4) hp=1/1
    ✗ Артиллерия A1      @ (5,9,1) [уничтожен]
    ✗ Прыгун A3          @ (5,5,5) [уничтожен]
    ✗ Факел A4           @ (3,7,3) [уничтожен]
  Team B: живых 1/8
    ✓ Тишина B5          @ (5,8,5) hp=2/2
    ✗ Артиллерия B1      @ (5,8,5) [уничтожен]
    ✗ Радиовышка B2      @ (3,6,5) [уничтожен]
    ✗ Прыгун B3          @ (3,7,3) [уничтожен]
    ✗ Факел B4           @ (6,9,4) [уничтожен]
    ✗ Бурав B6           @ (6,8,5) [уничтожен]
    ✗ Провокатор B7      @ (0,8,5) [уничтожен]
    ✗ Паук B8            @ (2,8,5) [уничтожен]
  Team C: живых 1/8
    ✓ Тишина C5          @ (5,8,5) hp=2/2
    ✗ Артиллерия C1      @ (4,5,8) [уничтожен]
    ✗ Радиовышка C2      @ (5,8,4) [уничтожен]
    ✗ Прыгун C3          @ (6,8,5) [уничтожен]
    ✗ Факел C4           @ (6,7,3) [уничтожен]
    ✗ Бурав C6           @ (4,5,5) [уничтожен]
    ✗ Провокатор C7      @ (4,5,2) [уничтожен]
    ✗ Паук C8            @ (4,5,5) [уничтожен]

======================================================================
ХОД 28
======================================================================
✓ 🎮 GM: начинаем ход
GM: start_turn

--- Радиовышки: сканирование слоя Z ---
  Радиовышка A2 (z=5): слой чист

--- Решения ботов ---
  [Team A] Провокатор A7 (2,9,1) → MOVE (3,8,2)
  [Team A] Радиовышка A2 → SKIP
  [Team A] Бурав A6 → SKIP
  [Team A] Тишина A5 → SKIP
  [Team A] Паук A8 → SKIP
  [Team B] Тишина B5 (5,8,5) → MOVE (5,7,5)
  [Team C] Тишина C5 (5,8,5) → MOVE (5,7,5)
! 🎮 GM: принудительно завершает фазу планирования
GM: end_planning
# 
============================================================
# 🔄 ОБРАБОТКА ХОДА 28
# ============================================================

📦 ПЕРЕМЕЩЕНИЯ:
!    ⚠️ Провокатор A7: клетка (3,8,2) занята
!    ⚠️ Тишина B5: клетка (5,7,5) занята
!    ⚠️ Тишина C5: клетка (5,7,5) занята

🎯 ВЫСТРЕЛЫ:
   Выпущено ракет: 0
# 
📊 РЕЗУЛЬТАТЫ ХОДА 28:
🎯 Попаданий нет

--- Результаты хода ---
  Попаданий нет

--- Состояние команд после хода ---
  Team A: живых 5/8
    ✓ Радиовышка A2      @ (5,7,5) hp=3/3
    ✓ Тишина A5          @ (5,5,5) hp=2/2
    ✓ Бурав A6           @ (5,6,5) hp=4/4
    ✓ Провокатор A7      @ (2,9,1) hp=2/2
    ✓ Паук A8            @ (5,5,4) hp=1/1
    ✗ Артиллерия A1      @ (5,9,1) [уничтожен]
    ✗ Прыгун A3          @ (5,5,5) [уничтожен]
    ✗ Факел A4           @ (3,7,3) [уничтожен]
  Team B: живых 1/8
    ✓ Тишина B5          @ (5,8,5) hp=2/2
    ✗ Артиллерия B1      @ (5,8,5) [уничтожен]
    ✗ Радиовышка B2      @ (3,6,5) [уничтожен]
    ✗ Прыгун B3          @ (3,7,3) [уничтожен]
    ✗ Факел B4           @ (6,9,4) [уничтожен]
    ✗ Бурав B6           @ (6,8,5) [уничтожен]
    ✗ Провокатор B7      @ (0,8,5) [уничтожен]
    ✗ Паук B8            @ (2,8,5) [уничтожен]
  Team C: живых 1/8
    ✓ Тишина C5          @ (5,8,5) hp=2/2
    ✗ Артиллерия C1      @ (4,5,8) [уничтожен]
    ✗ Радиовышка C2      @ (5,8,4) [уничтожен]
    ✗ Прыгун C3          @ (6,8,5) [уничтожен]
    ✗ Факел C4           @ (6,7,3) [уничтожен]
    ✗ Бурав C6           @ (4,5,5) [уничтожен]
    ✗ Провокатор C7      @ (4,5,2) [уничтожен]
    ✗ Паук C8            @ (4,5,5) [уничтожен]

======================================================================
ХОД 29
======================================================================
✓ 🎮 GM: начинаем ход
GM: start_turn

--- Радиовышки: сканирование слоя Z ---
  Радиовышка A2 (z=5): слой чист

--- Решения ботов ---
  [Team A] Провокатор A7 (2,9,1) → MOVE (3,8,2)
  [Team A] Радиовышка A2 → SKIP
  [Team A] Бурав A6 → SKIP
  [Team A] Тишина A5 → SKIP
  [Team A] Паук A8 → SKIP
  [Team B] Тишина B5 (5,8,5) → MOVE (5,7,5)
  [Team C] Тишина C5 (5,8,5) → MOVE (5,7,5)
! 🎮 GM: принудительно завершает фазу планирования
GM: end_planning
# 
============================================================
# 🔄 ОБРАБОТКА ХОДА 29
# ============================================================

📦 ПЕРЕМЕЩЕНИЯ:
!    ⚠️ Провокатор A7: клетка (3,8,2) занята
!    ⚠️ Тишина B5: клетка (5,7,5) занята
!    ⚠️ Тишина C5: клетка (5,7,5) занята

🎯 ВЫСТРЕЛЫ:
   Выпущено ракет: 0
# 
📊 РЕЗУЛЬТАТЫ ХОДА 29:
🎯 Попаданий нет

--- Результаты хода ---
  Попаданий нет

--- Состояние команд после хода ---
  Team A: живых 5/8
    ✓ Радиовышка A2      @ (5,7,5) hp=3/3
    ✓ Тишина A5          @ (5,5,5) hp=2/2
    ✓ Бурав A6           @ (5,6,5) hp=4/4
    ✓ Провокатор A7      @ (2,9,1) hp=2/2
    ✓ Паук A8            @ (5,5,4) hp=1/1
    ✗ Артиллерия A1      @ (5,9,1) [уничтожен]
    ✗ Прыгун A3          @ (5,5,5) [уничтожен]
    ✗ Факел A4           @ (3,7,3) [уничтожен]
  Team B: живых 1/8
    ✓ Тишина B5          @ (5,8,5) hp=2/2
    ✗ Артиллерия B1      @ (5,8,5) [уничтожен]
    ✗ Радиовышка B2      @ (3,6,5) [уничтожен]
    ✗ Прыгун B3          @ (3,7,3) [уничтожен]
    ✗ Факел B4           @ (6,9,4) [уничтожен]
    ✗ Бурав B6           @ (6,8,5) [уничтожен]
    ✗ Провокатор B7      @ (0,8,5) [уничтожен]
    ✗ Паук B8            @ (2,8,5) [уничтожен]
  Team C: живых 1/8
    ✓ Тишина C5          @ (5,8,5) hp=2/2
    ✗ Артиллерия C1      @ (4,5,8) [уничтожен]
    ✗ Радиовышка C2      @ (5,8,4) [уничтожен]
    ✗ Прыгун C3          @ (6,8,5) [уничтожен]
    ✗ Факел C4           @ (6,7,3) [уничтожен]
    ✗ Бурав C6           @ (4,5,5) [уничтожен]
    ✗ Провокатор C7      @ (4,5,2) [уничтожен]
    ✗ Паук C8            @ (4,5,5) [уничтожен]

======================================================================
ХОД 30
======================================================================
✓ 🎮 GM: начинаем ход
GM: start_turn

--- Радиовышки: сканирование слоя Z ---
  Радиовышка A2 (z=5): слой чист

--- Решения ботов ---
  [Team A] Провокатор A7 (2,9,1) → MOVE (3,8,2)
  [Team A] Радиовышка A2 → SKIP
  [Team A] Бурав A6 → SKIP
  [Team A] Тишина A5 → SKIP
  [Team A] Паук A8 → SKIP
  [Team B] Тишина B5 (5,8,5) → MOVE (5,7,5)
  [Team C] Тишина C5 (5,8,5) → MOVE (5,7,5)
! 🎮 GM: принудительно завершает фазу планирования
GM: end_planning
# 
============================================================
# 🔄 ОБРАБОТКА ХОДА 30
# ============================================================

📦 ПЕРЕМЕЩЕНИЯ:
!    ⚠️ Провокатор A7: клетка (3,8,2) занята
!    ⚠️ Тишина B5: клетка (5,7,5) занята
!    ⚠️ Тишина C5: клетка (5,7,5) занята

🎯 ВЫСТРЕЛЫ:
   Выпущено ракет: 0
# 
📊 РЕЗУЛЬТАТЫ ХОДА 30:
🎯 Попаданий нет

--- Результаты хода ---
  Попаданий нет

--- Состояние команд после хода ---
  Team A: живых 5/8
    ✓ Радиовышка A2      @ (5,7,5) hp=3/3
    ✓ Тишина A5          @ (5,5,5) hp=2/2
    ✓ Бурав A6           @ (5,6,5) hp=4/4
    ✓ Провокатор A7      @ (2,9,1) hp=2/2
    ✓ Паук A8            @ (5,5,4) hp=1/1
    ✗ Артиллерия A1      @ (5,9,1) [уничтожен]
    ✗ Прыгун A3          @ (5,5,5) [уничтожен]
    ✗ Факел A4           @ (3,7,3) [уничтожен]
  Team B: живых 1/8
    ✓ Тишина B5          @ (5,8,5) hp=2/2
    ✗ Артиллерия B1      @ (5,8,5) [уничтожен]
    ✗ Радиовышка B2      @ (3,6,5) [уничтожен]
    ✗ Прыгун B3          @ (3,7,3) [уничтожен]
    ✗ Факел B4           @ (6,9,4) [уничтожен]
    ✗ Бурав B6           @ (6,8,5) [уничтожен]
    ✗ Провокатор B7      @ (0,8,5) [уничтожен]
    ✗ Паук B8            @ (2,8,5) [уничтожен]
  Team C: живых 1/8
    ✓ Тишина C5          @ (5,8,5) hp=2/2
    ✗ Артиллерия C1      @ (4,5,8) [уничтожен]
    ✗ Радиовышка C2      @ (5,8,4) [уничтожен]
    ✗ Прыгун C3          @ (6,8,5) [уничтожен]
    ✗ Факел C4           @ (6,7,3) [уничтожен]
    ✗ Бурав C6           @ (4,5,5) [уничтожен]
    ✗ Провокатор C7      @ (4,5,2) [уничтожен]
    ✗ Паук C8            @ (4,5,5) [уничтожен]

======================================================================
ИТОГ
======================================================================
Лимит ходов (30) исчерпан, ничья/пат.

--- Сводка по командам ---
  Team A: 5/8 живых; hp=12
  Team B: 1/8 живых; hp=2
  Team C: 1/8 живых; hp=2

--- Сводка по пассивкам радиовышек ---
  Team A: сканирований=30, всего врагов-в-слоях=6, уникальных эксклюзивных (видны только радиовышкой)=0
  Team B: сканирований=5, всего врагов-в-слоях=10, уникальных эксклюзивных (видны только радиовышкой)=0
  Team C: сканирований=13, всего врагов-в-слоях=12, уникальных эксклюзивных (видны только радиовышкой)=0

--- Сводка по попаданиям ---
  Всего событий (шоты+тараны+мины): 22
  Уничтожено кораблей всего: 17
  Team A: урон=28 хиты=4 тараны=8 мины(сработало)=0 убийств=10
  Team B: урон=20 хиты=2 тараны=5 мины(сработало)=0 убийств=6
  Team C: урон=6 хиты=1 тараны=0 мины(сработало)=2 убийств=1
! 🎮 GM: остановка игры
