======================================================================
Space Battle 10×10×10 — simulation run at 2026-04-20T13:23:54+00:00
Game mode: advanced
Seed: 87
✓ 🚀 Продвинутый режим: создаю разные типы кораблей
   Стартовые Z-слои: A=2, B=3, C=1
✓ ✅ Создано 24 кораблей


--- СТАРТОВАЯ РАССТАНОВКА ---
  Team A: живых 8/8
    ✓ Артиллерия A1      @ (9,1,2) hp=1/1
    ✓ Радиовышка A2      @ (3,3,2) hp=3/3
    ✓ Прыгун A3          @ (5,4,2) hp=2/2
    ✓ Факел A4           @ (6,8,2) hp=6/6
    ✓ Тишина A5          @ (5,9,2) hp=2/2
    ✓ Бурав A6           @ (6,0,2) hp=4/4
    ✓ Провокатор A7      @ (8,0,2) hp=2/2
    ✓ Паук A8            @ (0,0,2) hp=1/1
  Team B: живых 8/8
    ✓ Артиллерия B1      @ (6,5,3) hp=1/1
    ✓ Радиовышка B2      @ (8,1,3) hp=3/3
    ✓ Прыгун B3          @ (4,3,3) hp=2/2
    ✓ Факел B4           @ (7,4,3) hp=6/6
    ✓ Тишина B5          @ (3,2,3) hp=2/2
    ✓ Бурав B6           @ (9,5,3) hp=4/4
    ✓ Провокатор B7      @ (1,0,3) hp=2/2
    ✓ Паук B8            @ (0,2,3) hp=1/1
  Team C: живых 8/8
    ✓ Артиллерия C1      @ (5,8,1) hp=1/1
    ✓ Радиовышка C2      @ (3,6,1) hp=3/3
    ✓ Прыгун C3          @ (1,2,1) hp=2/2
    ✓ Факел C4           @ (0,8,1) hp=6/6
    ✓ Тишина C5          @ (3,7,1) hp=2/2
    ✓ Бурав C6           @ (5,0,1) hp=4/4
    ✓ Провокатор C7      @ (2,3,1) hp=2/2
    ✓ Паук C8            @ (7,8,1) hp=1/1

======================================================================
ХОД 1
======================================================================
✓ 🎮 GM: начинаем ход
GM: start_turn

--- Радиовышки: сканирование слоя Z ---
  Радиовышка A2 (z=2): слой чист
  Радиовышка B2 (z=3): слой чист
  Радиовышка C2 (z=1): слой чист

--- Решения ботов ---
  [Team A] Артиллерия A1 (9,1,2) → SHOOT at (6,5,3)
  [Team A] Радиовышка A2 (3,3,2) → MOVE (4,3,3)
  [Team A] Прыгун A3 (5,4,2) → MOVE (6,5,3)
  [Team A] Факел A4 (6,8,2) → MOVE (7,7,2)
  [Team A] Тишина A5 (5,9,2) → PHASE toggle
  [Team A] Бурав A6 (6,0,2) → MOVE (5,0,1)
  [Team A] Провокатор A7 (8,0,2) → HOLOGRAM (8,1,3)
  [Team A] Паук A8 (0,0,2) → MINE (0,1,2)
  [Team B] Артиллерия B1 (6,5,3) → SHOOT at (5,8,1)
  [Team B] Радиовышка B2 (8,1,3) → MOVE (9,1,2)
  [Team B] Прыгун B3 (4,3,3) → MOVE (5,4,2)
  [Team B] Факел B4 (7,4,3) → MOVE (6,4,3)
  [Team B] Тишина B5 (3,2,3) → PHASE toggle
  [Team B] Бурав B6 (9,5,3) → MOVE (8,6,2)
  [Team B] Провокатор B7 (1,0,3) → HOLOGRAM (0,0,2)
  [Team B] Паук B8 (0,2,3) → MINE (0,1,2)
  [Team C] Артиллерия C1 (5,8,1) → SHOOT at (6,5,3)
  [Team C] Радиовышка C2 (3,6,1) → MOVE (4,5,2)
  [Team C] Прыгун C3 (1,2,1) → MOVE (1,0,3)
  [Team C] Факел C4 (0,8,1) → MOVE (1,8,1)
  [Team C] Тишина C5 (3,7,1) → PHASE toggle
  [Team C] Бурав C6 (5,0,1) → MOVE (6,0,2)
  [Team C] Провокатор C7 (2,3,1) → HOLOGRAM (3,3,2)
  [Team C] Паук C8 (7,8,1) → MINE (6,8,2)
! 🎮 GM: принудительно завершает фазу планирования
GM: end_planning
# 
============================================================
# 🔄 ОБРАБОТКА ХОДА 1
# ============================================================
   🌀 Тишина A5: фаза ВКЛ
   🌀 Тишина B5: фаза ВКЛ
   🌀 Тишина C5: фаза ВКЛ
!    ⚠️ Провокатор A7: клетка (8,1,3) занята кораблём
!    ⚠️ Провокатор B7: клетка (0,0,2) занята кораблём
!    ⚠️ Провокатор C7: клетка (3,3,2) занята кораблём
   💣 Паук A8 установил мину M1 в (0,1,2)
!    ⚠️ Паук B8: в клетке уже стоит мина
!    ⚠️ Паук C8: клетка (6,8,2) занята кораблём

📦 ПЕРЕМЕЩЕНИЯ:
!    ⚠️ Радиовышка A2: клетка (4,3,3) занята
✓    💥 Прыгун A3 тараном уничтожил Артиллерия B1 в (6,5,3)
   Прыгун A3: (5, 4, 2) → (6,5,3)
   Факел A4: (6, 8, 2) → (7,7,2)
✓    💥 Бурав A6 тараном уничтожил Бурав C6 в (5,0,1)
   Бурав A6: (6, 0, 2) → (5,0,1)
!    ⚠️ Радиовышка B2: клетка (9,1,2) занята
   Прыгун B3: (4, 3, 3) → (5,4,2)
   Факел B4: (7, 4, 3) → (6,4,3)
!    ⚠️ Бурав B6: Бурав двигается только по 1 оси или по 2 осям строго диагонально
   Радиовышка C2: (3, 6, 1) → (4,5,2)
✓    💥 Прыгун C3 тараном уничтожил Провокатор B7 в (1,0,3)
   Прыгун C3: (1, 2, 1) → (1,0,3)
   Факел C4: (0, 8, 1) → (1,8,1)

🎯 ВЫСТРЕЛЫ:
✓    ✅ Артиллерия C1 поразил Прыгун A3 (2 урона)!
   Выпущено ракет: 2
# 
📊 РЕЗУЛЬТАТЫ ХОДА 1:
✓ 💥 ПОПАДАНИЯ:
✓    Артиллерия C1 (Team C) → Прыгун A3 (Team A)

--- Результаты хода ---
  Team A / Прыгун A3          → Team B / Артиллерия B1      @ (6,5,3)  (УБИТ)
  Team A / Бурав A6           → Team C / Бурав C6           @ (5,0,1)  (УБИТ)
  Team C / Прыгун C3          → Team B / Провокатор B7      @ (1,0,3)  (УБИТ)
  Team C / Артиллерия C1      → Team A / Прыгун A3          @ (6,5,3)  (УБИТ)

--- Состояние команд после хода ---
  Team A: живых 7/8
    ✓ Артиллерия A1      @ (9,1,2) hp=1/1
    ✓ Радиовышка A2      @ (3,3,2) hp=3/3
    ✓ Факел A4           @ (7,7,2) hp=6/6
    ✓ Тишина A5          @ (5,9,2) hp=2/2
    ✓ Бурав A6           @ (5,0,1) hp=4/4
    ✓ Провокатор A7      @ (8,0,2) hp=2/2
    ✓ Паук A8            @ (0,0,2) hp=1/1
    ✗ Прыгун A3          @ (6,5,3) [уничтожен]
  Team B: живых 6/8
    ✓ Радиовышка B2      @ (8,1,3) hp=3/3
    ✓ Прыгун B3          @ (5,4,2) hp=2/2
    ✓ Факел B4           @ (6,4,3) hp=6/6
    ✓ Тишина B5          @ (3,2,3) hp=2/2
    ✓ Бурав B6           @ (9,5,3) hp=4/4
    ✓ Паук B8            @ (0,2,3) hp=1/1
    ✗ Артиллерия B1      @ (6,5,3) [уничтожен]
    ✗ Провокатор B7      @ (1,0,3) [уничтожен]
  Team C: живых 7/8
    ✓ Артиллерия C1      @ (5,8,1) hp=1/1
    ✓ Радиовышка C2      @ (4,5,2) hp=3/3
    ✓ Прыгун C3          @ (1,0,3) hp=2/2
    ✓ Факел C4           @ (1,8,1) hp=6/6
    ✓ Тишина C5          @ (3,7,1) hp=2/2
    ✓ Провокатор C7      @ (2,3,1) hp=2/2
    ✓ Паук C8            @ (7,8,1) hp=1/1
    ✗ Бурав C6           @ (5,0,1) [уничтожен]

======================================================================
ХОД 2
======================================================================
✓ 🎮 GM: начинаем ход
GM: start_turn

--- Радиовышки: сканирование слоя Z ---
  Радиовышка A2 (z=2): видит 2 врагов  → Прыгун B3(5,4,2), Радиовышка C2(4,5,2)
  Радиовышка B2 (z=3): видит 1 врагов  → Прыгун C3(1,0,3)
  Радиовышка C2 (z=2): видит 6 врагов [+2 эксклюзивно] → Паук A8(0,0,2), Радиовышка A2(3,3,2), Факел A4(7,7,2), Провокатор A7(8,0,2), Артиллерия A1(9,1,2), Прыгун B3(5,4,2)

--- Решения ботов ---
  [Team A] Артиллерия A1 (9,1,2) → SHOOT at (5,8,1)
  [Team A] Радиовышка A2 (3,3,2) → MOVE (2,3,1)
  [Team A] Факел A4 (7,7,2) → MOVE (8,6,2)
  [Team A] Тишина A5 (5,9,2) → MOVE (5,8,1)
  [Team A] Бурав A6 (5,0,1) → MOVE (6,1,2)
  [Team A] Провокатор A7 (8,0,2) → HOLOGRAM (8,1,3)
  [Team A] Паук A8 (0,0,2) → MINE (0,1,2)
  [Team B] Радиовышка B2 (8,1,3) → MOVE (9,1,2)
  [Team B] Прыгун B3 (5,4,2) → MOVE (4,5,2)
  [Team B] Факел B4 (6,4,3) → MOVE (5,4,3)
  [Team B] Тишина B5 (3,2,3) → MOVE (3,3,2)
  [Team B] Бурав B6 (9,5,3) → MOVE (8,6,2)
  [Team B] Паук B8 (0,2,3) → MINE (0,1,3)
  [Team C] Артиллерия C1 (5,8,1) → SHOOT at (9,1,2)
  [Team C] Радиовышка C2 (4,5,2) → MOVE (5,4,2)
  [Team C] Прыгун C3 (1,0,3) → MOVE (0,0,2)
  [Team C] Факел C4 (1,8,1) → MOVE (2,8,1)
  [Team C] Тишина C5 (3,7,1) → MOVE (4,6,2)
  [Team C] Провокатор C7 (2,3,1) → HOLOGRAM (3,3,2)
  [Team C] Паук C8 (7,8,1) → MINE (7,7,2)
! 🎮 GM: принудительно завершает фазу планирования
GM: end_planning
# 
============================================================
# 🔄 ОБРАБОТКА ХОДА 2
# ============================================================
!    ⚠️ Провокатор A7: клетка (8,1,3) занята кораблём
!    ⚠️ Провокатор C7: клетка (3,3,2) занята кораблём
!    ⚠️ Паук A8: в клетке уже стоит мина
   💣 Паук B8 установил мину M2 в (0,1,3)
!    ⚠️ Паук C8: клетка (7,7,2) занята кораблём

📦 ПЕРЕМЕЩЕНИЯ:
!    ⚠️ Радиовышка A2: клетка (2,3,1) занята
   Факел A4: (7, 7, 2) → (8,6,2)
!    ⚠️ Тишина A5: клетка (5,8,1) занята
!    ⚠️ Бурав A6: Бурав двигается только по 1 оси или по 2 осям строго диагонально
!    ⚠️ Радиовышка B2: клетка (9,1,2) занята
✓    💥 Прыгун B3 тараном уничтожил Радиовышка C2 в (4,5,2)
   Прыгун B3: (5, 4, 2) → (4,5,2)
   Факел B4: (6, 4, 3) → (5,4,3)
!    ⚠️ Тишина B5: клетка (3,3,2) занята
!    ⚠️ Бурав B6: Бурав двигается только по 1 оси или по 2 осям строго диагонально
✓    💥 Прыгун C3 тараном уничтожил Паук A8 в (0,0,2)
   Прыгун C3: (1, 0, 3) → (0,0,2)
   Факел C4: (1, 8, 1) → (2,8,1)
   Тишина C5: (3, 7, 1) → (4,6,2)

🎯 ВЫСТРЕЛЫ:
✓    ✅ Артиллерия A1 поразил Артиллерия C1 (2 урона)!
✓    ✅ Артиллерия C1 поразил Артиллерия A1 (2 урона)!
   Выпущено ракет: 2
# 
📊 РЕЗУЛЬТАТЫ ХОДА 2:
✓ 💥 ПОПАДАНИЯ:
✓    Артиллерия A1 (Team A) → Артиллерия C1 (Team C)
✓    Артиллерия C1 (Team C) → Артиллерия A1 (Team A)

--- Результаты хода ---
  Team B / Прыгун B3          → Team C / Радиовышка C2      @ (4,5,2)  (УБИТ)
  Team C / Прыгун C3          → Team A / Паук A8            @ (0,0,2)  (УБИТ)
  Team A / Артиллерия A1      → Team C / Артиллерия C1      @ (5,8,1)  (УБИТ)
  Team C / Артиллерия C1      → Team A / Артиллерия A1      @ (9,1,2)  (УБИТ)

--- Состояние команд после хода ---
  Team A: живых 5/8
    ✓ Радиовышка A2      @ (3,3,2) hp=3/3
    ✓ Факел A4           @ (8,6,2) hp=6/6
    ✓ Тишина A5          @ (5,9,2) hp=2/2
    ✓ Бурав A6           @ (5,0,1) hp=4/4
    ✓ Провокатор A7      @ (8,0,2) hp=2/2
    ✗ Артиллерия A1      @ (9,1,2) [уничтожен]
    ✗ Прыгун A3          @ (6,5,3) [уничтожен]
    ✗ Паук A8            @ (0,0,2) [уничтожен]
  Team B: живых 6/8
    ✓ Радиовышка B2      @ (8,1,3) hp=3/3
    ✓ Прыгун B3          @ (4,5,2) hp=2/2
    ✓ Факел B4           @ (5,4,3) hp=6/6
    ✓ Тишина B5          @ (3,2,3) hp=2/2
    ✓ Бурав B6           @ (9,5,3) hp=4/4
    ✓ Паук B8            @ (0,2,3) hp=1/1
    ✗ Артиллерия B1      @ (6,5,3) [уничтожен]
    ✗ Провокатор B7      @ (1,0,3) [уничтожен]
  Team C: живых 5/8
    ✓ Прыгун C3          @ (0,0,2) hp=2/2
    ✓ Факел C4           @ (2,8,1) hp=6/6
    ✓ Тишина C5          @ (4,6,2) hp=2/2
    ✓ Провокатор C7      @ (2,3,1) hp=2/2
    ✓ Паук C8            @ (7,8,1) hp=1/1
    ✗ Артиллерия C1      @ (5,8,1) [уничтожен]
    ✗ Радиовышка C2      @ (4,5,2) [уничтожен]
    ✗ Бурав C6           @ (5,0,1) [уничтожен]

======================================================================
ХОД 3
======================================================================
✓ 🎮 GM: начинаем ход
GM: start_turn

--- Радиовышки: сканирование слоя Z ---
  Радиовышка A2 (z=2): видит 2 врагов [+2 эксклюзивно] → Прыгун B3(4,5,2), Прыгун C3(0,0,2)
  Радиовышка B2 (z=3): слой чист

--- Решения ботов ---
  [Team A] Радиовышка A2 (3,3,2) → MOVE (2,3,1)
  [Team A] Факел A4 (8,6,2) → MOVE (8,5,2)
  [Team A] Тишина A5 (5,9,2) → MOVE (6,8,1)
  [Team A] Бурав A6 (5,0,1) → MOVE (6,1,2)
  [Team A] Провокатор A7 (8,0,2) → HOLOGRAM (8,1,3)
  [Team B] Радиовышка B2 (8,1,3) → MOVE (8,0,2)
  [Team B] Прыгун B3 (4,5,2) → MOVE (2,3,1)
  [Team B] Факел B4 (5,4,3) → MOVE (5,5,3)
  [Team B] Тишина B5 (3,2,3) → MOVE (3,3,2)
  [Team B] Бурав B6 (9,5,3) → MOVE (8,6,2)
  [Team B] Паук B8 (0,2,3) → MINE (0,1,3)
  [Team C] Прыгун C3 (0,0,2) → MOVE (0,2,3)
  [Team C] Факел C4 (2,8,1) → MOVE (1,7,2)
  [Team C] Тишина C5 (4,6,2) → MOVE (4,5,2)
  [Team C] Провокатор C7 (2,3,1) → HOLOGRAM (3,3,2)
  [Team C] Паук C8 (7,8,1) → MINE (7,7,1)
! 🎮 GM: принудительно завершает фазу планирования
GM: end_planning
# 
============================================================
# 🔄 ОБРАБОТКА ХОДА 3
# ============================================================
!    ⚠️ Провокатор A7: клетка (8,1,3) занята кораблём
!    ⚠️ Провокатор C7: клетка (3,3,2) занята кораблём
!    ⚠️ Паук B8: в клетке уже стоит мина
   💣 Паук C8 установил мину M3 в (7,7,1)

📦 ПЕРЕМЕЩЕНИЯ:
!    ⚠️ Радиовышка A2: клетка (2,3,1) занята
   Факел A4: (8, 6, 2) → (8,5,2)
   Тишина A5: (5, 9, 2) → (6,8,1)
!    ⚠️ Бурав A6: Бурав двигается только по 1 оси или по 2 осям строго диагонально
!    ⚠️ Радиовышка B2: клетка (8,0,2) занята
✓    💥 Прыгун B3 тараном уничтожил Провокатор C7 в (2,3,1)
   Прыгун B3: (4, 5, 2) → (2,3,1)
   Факел B4: (5, 4, 3) → (5,5,3)
!    ⚠️ Тишина B5: клетка (3,3,2) занята
!    ⚠️ Бурав B6: Бурав двигается только по 1 оси или по 2 осям строго диагонально
✓    💥 Прыгун C3 тараном уничтожил Паук B8 в (0,2,3)
   Прыгун C3: (0, 0, 2) → (0,2,3)
   Факел C4: (2, 8, 1) → (1,7,2)
   Тишина C5: (4, 6, 2) → (4,5,2)

🎯 ВЫСТРЕЛЫ:
   Выпущено ракет: 0
# 
📊 РЕЗУЛЬТАТЫ ХОДА 3:
🎯 Попаданий нет

--- Результаты хода ---
  Team B / Прыгун B3          → Team C / Провокатор C7      @ (2,3,1)  (УБИТ)
  Team C / Прыгун C3          → Team B / Паук B8            @ (0,2,3)  (УБИТ)

--- Состояние команд после хода ---
  Team A: живых 5/8
    ✓ Радиовышка A2      @ (3,3,2) hp=3/3
    ✓ Факел A4           @ (8,5,2) hp=6/6
    ✓ Тишина A5          @ (6,8,1) hp=2/2
    ✓ Бурав A6           @ (5,0,1) hp=4/4
    ✓ Провокатор A7      @ (8,0,2) hp=2/2
    ✗ Артиллерия A1      @ (9,1,2) [уничтожен]
    ✗ Прыгун A3          @ (6,5,3) [уничтожен]
    ✗ Паук A8            @ (0,0,2) [уничтожен]
  Team B: живых 5/8
    ✓ Радиовышка B2      @ (8,1,3) hp=3/3
    ✓ Прыгун B3          @ (2,3,1) hp=2/2
    ✓ Факел B4           @ (5,5,3) hp=6/6
    ✓ Тишина B5          @ (3,2,3) hp=2/2
    ✓ Бурав B6           @ (9,5,3) hp=4/4
    ✗ Артиллерия B1      @ (6,5,3) [уничтожен]
    ✗ Провокатор B7      @ (1,0,3) [уничтожен]
    ✗ Паук B8            @ (0,2,3) [уничтожен]
  Team C: живых 4/8
    ✓ Прыгун C3          @ (0,2,3) hp=2/2
    ✓ Факел C4           @ (1,7,2) hp=6/6
    ✓ Тишина C5          @ (4,5,2) hp=2/2
    ✓ Паук C8            @ (7,8,1) hp=1/1
    ✗ Артиллерия C1      @ (5,8,1) [уничтожен]
    ✗ Радиовышка C2      @ (4,5,2) [уничтожен]
    ✗ Бурав C6           @ (5,0,1) [уничтожен]
    ✗ Провокатор C7      @ (2,3,1) [уничтожен]

======================================================================
ХОД 4
======================================================================
✓ 🎮 GM: начинаем ход
GM: start_turn

--- Радиовышки: сканирование слоя Z ---
  Радиовышка A2 (z=2): видит 1 врагов [+1 эксклюзивно] → Факел C4(1,7,2)
  Радиовышка B2 (z=3): видит 1 врагов  → Прыгун C3(0,2,3)

--- Решения ботов ---
  [Team A] Радиовышка A2 (3,3,2) → MOVE (2,3,1)
  [Team A] Факел A4 (8,5,2) → MOVE (8,4,2)
  [Team A] Тишина A5 (6,8,1) → MOVE (7,8,1)
  [Team A] Бурав A6 (5,0,1) → MOVE (6,1,2)
  [Team A] Провокатор A7 (8,0,2) → HOLOGRAM (8,1,3)
  [Team B] Радиовышка B2 (8,1,3) → MOVE (8,0,2)
  [Team B] Прыгун B3 (2,3,1) → MOVE (0,2,3)
  [Team B] Факел B4 (5,5,3) → MOVE (4,4,2)
  [Team B] Тишина B5 (3,2,3) → MOVE (3,3,2)
  [Team B] Бурав B6 (9,5,3) → MOVE (8,5,2)
  [Team C] Прыгун C3 (0,2,3) → MOVE (2,3,1)
  [Team C] Факел C4 (1,7,2) → MOVE (0,6,3)
  [Team C] Тишина C5 (4,5,2) → MOVE (5,5,3)
  [Team C] Паук C8 (7,8,1) → MINE (8,7,2)
! 🎮 GM: принудительно завершает фазу планирования
GM: end_planning
# 
============================================================
# 🔄 ОБРАБОТКА ХОДА 4
# ============================================================
!    ⚠️ Провокатор A7: клетка (8,1,3) занята кораблём
   💣 Паук C8 установил мину M4 в (8,7,2)

📦 ПЕРЕМЕЩЕНИЯ:
!    ⚠️ Радиовышка A2: клетка (2,3,1) занята
   Факел A4: (8, 5, 2) → (8,4,2)
!    ⚠️ Тишина A5: клетка (7,8,1) занята
!    ⚠️ Бурав A6: Бурав двигается только по 1 оси или по 2 осям строго диагонально
!    ⚠️ Радиовышка B2: клетка (8,0,2) занята
✓    💥 Прыгун B3 тараном уничтожил Прыгун C3 в (0,2,3)
   Прыгун B3: (2, 3, 1) → (0,2,3)
   Факел B4: (5, 5, 3) → (4,4,2)
!    ⚠️ Тишина B5: клетка (3,3,2) занята
   Бурав B6: (9, 5, 3) → (8,5,2)
   Факел C4: (1, 7, 2) → (0,6,3)
   Тишина C5: (4, 5, 2) → (5,5,3)

🎯 ВЫСТРЕЛЫ:
   Выпущено ракет: 0
# 
📊 РЕЗУЛЬТАТЫ ХОДА 4:
🎯 Попаданий нет

--- Результаты хода ---
  Team B / Прыгун B3          → Team C / Прыгун C3          @ (0,2,3)  (УБИТ)

--- Состояние команд после хода ---
  Team A: живых 5/8
    ✓ Радиовышка A2      @ (3,3,2) hp=3/3
    ✓ Факел A4           @ (8,4,2) hp=6/6
    ✓ Тишина A5          @ (6,8,1) hp=2/2
    ✓ Бурав A6           @ (5,0,1) hp=4/4
    ✓ Провокатор A7      @ (8,0,2) hp=2/2
    ✗ Артиллерия A1      @ (9,1,2) [уничтожен]
    ✗ Прыгун A3          @ (6,5,3) [уничтожен]
    ✗ Паук A8            @ (0,0,2) [уничтожен]
  Team B: живых 5/8
    ✓ Радиовышка B2      @ (8,1,3) hp=3/3
    ✓ Прыгун B3          @ (0,2,3) hp=2/2
    ✓ Факел B4           @ (4,4,2) hp=6/6
    ✓ Тишина B5          @ (3,2,3) hp=2/2
    ✓ Бурав B6           @ (8,5,2) hp=4/4
    ✗ Артиллерия B1      @ (6,5,3) [уничтожен]
    ✗ Провокатор B7      @ (1,0,3) [уничтожен]
    ✗ Паук B8            @ (0,2,3) [уничтожен]
  Team C: живых 3/8
    ✓ Факел C4           @ (0,6,3) hp=6/6
    ✓ Тишина C5          @ (5,5,3) hp=2/2
    ✓ Паук C8            @ (7,8,1) hp=1/1
    ✗ Артиллерия C1      @ (5,8,1) [уничтожен]
    ✗ Радиовышка C2      @ (4,5,2) [уничтожен]
    ✗ Прыгун C3          @ (0,2,3) [уничтожен]
    ✗ Бурав C6           @ (5,0,1) [уничтожен]
    ✗ Провокатор C7      @ (2,3,1) [уничтожен]

======================================================================
ХОД 5
======================================================================
✓ 🎮 GM: начинаем ход
GM: start_turn

--- Радиовышки: сканирование слоя Z ---
  Радиовышка A2 (z=2): видит 2 врагов [+1 эксклюзивно] → Факел B4(4,4,2), Бурав B6(8,5,2)
  Радиовышка B2 (z=3): видит 1 врагов [+1 эксклюзивно] → Факел C4(0,6,3)

--- Решения ботов ---
  [Team A] Радиовышка A2 (3,3,2) → MOVE (4,4,2)
  [Team A] Факел A4 (8,4,2) → SHOOT at (4,4,2)
  [Team A] Тишина A5 (6,8,1) → MOVE (7,8,1)
  [Team A] Бурав A6 (5,0,1) → MOVE (6,1,2)
  [Team A] Провокатор A7 (8,0,2) → HOLOGRAM (8,1,3)
  [Team B] Радиовышка B2 (8,1,3) → MOVE (8,0,2)
  [Team B] Прыгун B3 (0,2,3) → SHOOT at (0,6,3)
  [Team B] Факел B4 (4,4,2) → SHOOT at (8,4,2)
  [Team B] Тишина B5 (3,2,3) → MOVE (3,3,2)
  [Team B] Бурав B6 (8,5,2) → MOVE (8,4,2)
  [Team C] Факел C4 (0,6,3) → MOVE (1,5,3)
  [Team C] Тишина C5 (5,5,3) → MOVE (4,4,2)
  [Team C] Паук C8 (7,8,1) → MINE (8,7,2)
! 🎮 GM: принудительно завершает фазу планирования
GM: end_planning
# 
============================================================
# 🔄 ОБРАБОТКА ХОДА 5
# ============================================================
!    ⚠️ Провокатор A7: клетка (8,1,3) занята кораблём
!    ⚠️ Паук C8: в клетке уже стоит мина

📦 ПЕРЕМЕЩЕНИЯ:
!    ⚠️ Радиовышка A2: клетка (4,4,2) занята
!    ⚠️ Тишина A5: клетка (7,8,1) занята
!    ⚠️ Бурав A6: Бурав двигается только по 1 оси или по 2 осям строго диагонально
!    ⚠️ Радиовышка B2: клетка (8,0,2) занята
!    ⚠️ Тишина B5: клетка (3,3,2) занята
✓    💥 Бурав B6 тараном уничтожил Факел A4 в (8,4,2)
   Бурав B6: (8, 5, 2) → (8,4,2)
   Факел C4: (0, 6, 3) → (1,5,3)
!    ⚠️ Тишина C5: клетка (4,4,2) занята

🎯 ВЫСТРЕЛЫ:
!    🛡️ Выстрел Факел B4 заблокирован союзником Бурав B6 в (8, 4, 2)
   Выпущено ракет: 2
# 
📊 РЕЗУЛЬТАТЫ ХОДА 5:
🎯 Попаданий нет

--- Результаты хода ---
  Team B / Бурав B6           → Team A / Факел A4           @ (8,4,2)  (УБИТ)

--- Состояние команд после хода ---
  Team A: живых 4/8
    ✓ Радиовышка A2      @ (3,3,2) hp=3/3
    ✓ Тишина A5          @ (6,8,1) hp=2/2
    ✓ Бурав A6           @ (5,0,1) hp=4/4
    ✓ Провокатор A7      @ (8,0,2) hp=2/2
    ✗ Артиллерия A1      @ (9,1,2) [уничтожен]
    ✗ Прыгун A3          @ (6,5,3) [уничтожен]
    ✗ Факел A4           @ (8,4,2) [уничтожен]
    ✗ Паук A8            @ (0,0,2) [уничтожен]
  Team B: живых 5/8
    ✓ Радиовышка B2      @ (8,1,3) hp=3/3
    ✓ Прыгун B3          @ (0,2,3) hp=2/2
    ✓ Факел B4           @ (4,4,2) hp=6/6
    ✓ Тишина B5          @ (3,2,3) hp=2/2
    ✓ Бурав B6           @ (8,4,2) hp=4/4
    ✗ Артиллерия B1      @ (6,5,3) [уничтожен]
    ✗ Провокатор B7      @ (1,0,3) [уничтожен]
    ✗ Паук B8            @ (0,2,3) [уничтожен]
  Team C: живых 3/8
    ✓ Факел C4           @ (1,5,3) hp=6/6
    ✓ Тишина C5          @ (5,5,3) hp=2/2
    ✓ Паук C8            @ (7,8,1) hp=1/1
    ✗ Артиллерия C1      @ (5,8,1) [уничтожен]
    ✗ Радиовышка C2      @ (4,5,2) [уничтожен]
    ✗ Прыгун C3          @ (0,2,3) [уничтожен]
    ✗ Бурав C6           @ (5,0,1) [уничтожен]
    ✗ Провокатор C7      @ (2,3,1) [уничтожен]

======================================================================
ХОД 6
======================================================================
✓ 🎮 GM: начинаем ход
GM: start_turn

--- Радиовышки: сканирование слоя Z ---
  Радиовышка A2 (z=2): видит 2 врагов [+2 эксклюзивно] → Факел B4(4,4,2), Бурав B6(8,4,2)
  Радиовышка B2 (z=3): видит 1 врагов  → Факел C4(1,5,3)

--- Решения ботов ---
  [Team A] Радиовышка A2 (3,3,2) → MOVE (4,4,2)
  [Team A] Тишина A5 (6,8,1) → MOVE (7,8,1)
  [Team A] Бурав A6 (5,0,1) → MOVE (6,1,2)
  [Team A] Провокатор A7 (8,0,2) → HOLOGRAM (8,1,3)
  [Team B] Радиовышка B2 (8,1,3) → MOVE (8,0,2)
  [Team B] Прыгун B3 (0,2,3) → MOVE (1,3,2)
  [Team B] Факел B4 (4,4,2) → MOVE (3,3,3)
  [Team B] Тишина B5 (3,2,3) → MOVE (3,3,2)
  [Team B] Бурав B6 (8,4,2) → MOVE (7,3,1)
  [Team C] Факел C4 (1,5,3) → MOVE (2,5,3)
  [Team C] Тишина C5 (5,5,3) → MOVE (4,4,2)
  [Team C] Паук C8 (7,8,1) → MINE (6,7,2)
! 🎮 GM: принудительно завершает фазу планирования
GM: end_planning
# 
============================================================
# 🔄 ОБРАБОТКА ХОДА 6
# ============================================================
!    ⚠️ Провокатор A7: клетка (8,1,3) занята кораблём
   💣 Паук C8 установил мину M5 в (6,7,2)

📦 ПЕРЕМЕЩЕНИЯ:
!    ⚠️ Радиовышка A2: клетка (4,4,2) занята
!    ⚠️ Тишина A5: клетка (7,8,1) занята
!    ⚠️ Бурав A6: Бурав двигается только по 1 оси или по 2 осям строго диагонально
!    ⚠️ Радиовышка B2: клетка (8,0,2) занята
   Прыгун B3: (0, 2, 3) → (1,3,2)
   Факел B4: (4, 4, 2) → (3,3,3)
!    ⚠️ Тишина B5: клетка (3,3,2) занята
!    ⚠️ Бурав B6: Бурав двигается только по 1 оси или по 2 осям строго диагонально
   Факел C4: (1, 5, 3) → (2,5,3)
   Тишина C5: (5, 5, 3) → (4,4,2)

🎯 ВЫСТРЕЛЫ:
   Выпущено ракет: 0
# 
📊 РЕЗУЛЬТАТЫ ХОДА 6:
🎯 Попаданий нет

--- Результаты хода ---
  Попаданий нет

--- Состояние команд после хода ---
  Team A: живых 4/8
    ✓ Радиовышка A2      @ (3,3,2) hp=3/3
    ✓ Тишина A5          @ (6,8,1) hp=2/2
    ✓ Бурав A6           @ (5,0,1) hp=4/4
    ✓ Провокатор A7      @ (8,0,2) hp=2/2
    ✗ Артиллерия A1      @ (9,1,2) [уничтожен]
    ✗ Прыгун A3          @ (6,5,3) [уничтожен]
    ✗ Факел A4           @ (8,4,2) [уничтожен]
    ✗ Паук A8            @ (0,0,2) [уничтожен]
  Team B: живых 5/8
    ✓ Радиовышка B2      @ (8,1,3) hp=3/3
    ✓ Прыгун B3          @ (1,3,2) hp=2/2
    ✓ Факел B4           @ (3,3,3) hp=6/6
    ✓ Тишина B5          @ (3,2,3) hp=2/2
    ✓ Бурав B6           @ (8,4,2) hp=4/4
    ✗ Артиллерия B1      @ (6,5,3) [уничтожен]
    ✗ Провокатор B7      @ (1,0,3) [уничтожен]
    ✗ Паук B8            @ (0,2,3) [уничтожен]
  Team C: живых 3/8
    ✓ Факел C4           @ (2,5,3) hp=6/6
    ✓ Тишина C5          @ (4,4,2) hp=2/2
    ✓ Паук C8            @ (7,8,1) hp=1/1
    ✗ Артиллерия C1      @ (5,8,1) [уничтожен]
    ✗ Радиовышка C2      @ (4,5,2) [уничтожен]
    ✗ Прыгун C3          @ (0,2,3) [уничтожен]
    ✗ Бурав C6           @ (5,0,1) [уничтожен]
    ✗ Провокатор C7      @ (2,3,1) [уничтожен]

======================================================================
ХОД 7
======================================================================
✓ 🎮 GM: начинаем ход
GM: start_turn

--- Радиовышки: сканирование слоя Z ---
  Радиовышка A2 (z=2): видит 2 врагов [+2 эксклюзивно] → Прыгун B3(1,3,2), Бурав B6(8,4,2)
  Радиовышка B2 (z=3): видит 1 врагов  → Факел C4(2,5,3)

--- Решения ботов ---
  [Team A] Радиовышка A2 (3,3,2) → MOVE (3,3,3)
  [Team A] Тишина A5 (6,8,1) → MOVE (7,8,1)
  [Team A] Бурав A6 (5,0,1) → MOVE (6,1,2)
  [Team A] Провокатор A7 (8,0,2) → HOLOGRAM (8,1,3)
  [Team B] Радиовышка B2 (8,1,3) → MOVE (8,0,2)
  [Team B] Прыгун B3 (1,3,2) → MOVE (2,5,3)
  [Team B] Факел B4 (3,3,3) → SHOOT at (3,3,2)
  [Team B] Тишина B5 (3,2,3) → MOVE (3,3,2)
  [Team B] Бурав B6 (8,4,2) → MOVE (7,3,1)
  [Team C] Факел C4 (2,5,3) → MOVE (3,4,2)
  [Team C] Тишина C5 (4,4,2) → MOVE (3,3,2)
  [Team C] Паук C8 (7,8,1) → MOVE (6,7,2)
! 🎮 GM: принудительно завершает фазу планирования
GM: end_planning
# 
============================================================
# 🔄 ОБРАБОТКА ХОДА 7
# ============================================================
!    ⚠️ Провокатор A7: клетка (8,1,3) занята кораблём

📦 ПЕРЕМЕЩЕНИЯ:
!    ⚠️ Радиовышка A2: клетка (3,3,3) занята
!    ⚠️ Тишина A5: клетка (7,8,1) занята
!    ⚠️ Бурав A6: Бурав двигается только по 1 оси или по 2 осям строго диагонально
!    ⚠️ Радиовышка B2: клетка (8,0,2) занята
✓    💥 Прыгун B3 тараном уничтожил Факел C4 в (2,5,3)
   Прыгун B3: (1, 3, 2) → (2,5,3)
!    ⚠️ Тишина B5: клетка (3,3,2) занята
!    ⚠️ Бурав B6: Бурав двигается только по 1 оси или по 2 осям строго диагонально
!    ⚠️ Тишина C5: клетка (3,3,2) занята
   Паук C8: (7, 8, 1) → (6,7,2)

🎯 ВЫСТРЕЛЫ:
✓    ✅ Факел B4 поразил Радиовышка A2 (1 урона)!
   Выпущено ракет: 1
# 
📊 РЕЗУЛЬТАТЫ ХОДА 7:
✓ 💥 ПОПАДАНИЯ:
✓    Факел B4 (Team B) → Радиовышка A2 (Team A)

--- Результаты хода ---
  Team B / Прыгун B3          → Team C / Факел C4           @ (2,5,3)  (УБИТ)
  Team B / Факел B4           → Team A / Радиовышка A2      @ (3,3,2)  (ранен)

--- Состояние команд после хода ---
  Team A: живых 4/8
    ✓ Радиовышка A2      @ (3,3,2) hp=2/3
    ✓ Тишина A5          @ (6,8,1) hp=2/2
    ✓ Бурав A6           @ (5,0,1) hp=4/4
    ✓ Провокатор A7      @ (8,0,2) hp=2/2
    ✗ Артиллерия A1      @ (9,1,2) [уничтожен]
    ✗ Прыгун A3          @ (6,5,3) [уничтожен]
    ✗ Факел A4           @ (8,4,2) [уничтожен]
    ✗ Паук A8            @ (0,0,2) [уничтожен]
  Team B: живых 5/8
    ✓ Радиовышка B2      @ (8,1,3) hp=3/3
    ✓ Прыгун B3          @ (2,5,3) hp=2/2
    ✓ Факел B4           @ (3,3,3) hp=6/6
    ✓ Тишина B5          @ (3,2,3) hp=2/2
    ✓ Бурав B6           @ (8,4,2) hp=4/4
    ✗ Артиллерия B1      @ (6,5,3) [уничтожен]
    ✗ Провокатор B7      @ (1,0,3) [уничтожен]
    ✗ Паук B8            @ (0,2,3) [уничтожен]
  Team C: живых 2/8
    ✓ Тишина C5          @ (4,4,2) hp=2/2
    ✓ Паук C8            @ (6,7,2) hp=1/1
    ✗ Артиллерия C1      @ (5,8,1) [уничтожен]
    ✗ Радиовышка C2      @ (4,5,2) [уничтожен]
    ✗ Прыгун C3          @ (0,2,3) [уничтожен]
    ✗ Факел C4           @ (2,5,3) [уничтожен]
    ✗ Бурав C6           @ (5,0,1) [уничтожен]
    ✗ Провокатор C7      @ (2,3,1) [уничтожен]

======================================================================
ХОД 8
======================================================================
✓ 🎮 GM: начинаем ход
GM: start_turn

--- Радиовышки: сканирование слоя Z ---
  Радиовышка A2 (z=2): видит 2 врагов [+1 эксклюзивно] → Бурав B6(8,4,2), Паук C8(6,7,2)
  Радиовышка B2 (z=3): слой чист

--- Решения ботов ---
  [Team A] Радиовышка A2 (3,3,2) → MOVE (3,3,3)
  [Team A] Тишина A5 (6,8,1) → MOVE (6,7,2)
  [Team A] Бурав A6 (5,0,1) → MOVE (6,1,2)
  [Team A] Провокатор A7 (8,0,2) → HOLOGRAM (8,1,3)
  [Team B] Радиовышка B2 (8,1,3) → MOVE (8,0,2)
  [Team B] Прыгун B3 (2,5,3) → MOVE (3,3,2)
  [Team B] Факел B4 (3,3,3) → SHOOT at (3,3,2)
  [Team B] Тишина B5 (3,2,3) → MOVE (3,2,2)
  [Team B] Бурав B6 (8,4,2) → MOVE (7,5,2)
  [Team C] Тишина C5 (4,4,2) → MOVE (3,3,2)
  [Team C] Паук C8 (6,7,2) → MINE (7,6,2)
! 🎮 GM: принудительно завершает фазу планирования
GM: end_planning
# 
============================================================
# 🔄 ОБРАБОТКА ХОДА 8
# ============================================================
!    ⚠️ Провокатор A7: клетка (8,1,3) занята кораблём
   💣 Паук C8 установил мину M6 в (7,6,2)

📦 ПЕРЕМЕЩЕНИЯ:
!    ⚠️ Радиовышка A2: клетка (3,3,3) занята
!    ⚠️ Тишина A5: клетка (6,7,2) занята
!    ⚠️ Бурав A6: Бурав двигается только по 1 оси или по 2 осям строго диагонально
!    ⚠️ Радиовышка B2: клетка (8,0,2) занята
✓    💥 Прыгун B3 тараном уничтожил Радиовышка A2 в (3,3,2)
   Прыгун B3: (2, 5, 3) → (3,3,2)
   Тишина B5: (3, 2, 3) → (3,2,2)
   Бурав B6: (8, 4, 2) → (7,5,2)
!    ⚠️ Тишина C5: клетка (3,3,2) занята

🎯 ВЫСТРЕЛЫ:
!    🛡️ Выстрел Факел B4 заблокирован союзником Прыгун B3 в (3, 3, 2)
   Выпущено ракет: 1
# 
📊 РЕЗУЛЬТАТЫ ХОДА 8:
🎯 Попаданий нет

--- Результаты хода ---
  Team B / Прыгун B3          → Team A / Радиовышка A2      @ (3,3,2)  (УБИТ)

--- Состояние команд после хода ---
  Team A: живых 3/8
    ✓ Тишина A5          @ (6,8,1) hp=2/2
    ✓ Бурав A6           @ (5,0,1) hp=4/4
    ✓ Провокатор A7      @ (8,0,2) hp=2/2
    ✗ Артиллерия A1      @ (9,1,2) [уничтожен]
    ✗ Радиовышка A2      @ (3,3,2) [уничтожен]
    ✗ Прыгун A3          @ (6,5,3) [уничтожен]
    ✗ Факел A4           @ (8,4,2) [уничтожен]
    ✗ Паук A8            @ (0,0,2) [уничтожен]
  Team B: живых 5/8
    ✓ Радиовышка B2      @ (8,1,3) hp=3/3
    ✓ Прыгун B3          @ (3,3,2) hp=2/2
    ✓ Факел B4           @ (3,3,3) hp=6/6
    ✓ Тишина B5          @ (3,2,2) hp=2/2
    ✓ Бурав B6           @ (7,5,2) hp=4/4
    ✗ Артиллерия B1      @ (6,5,3) [уничтожен]
    ✗ Провокатор B7      @ (1,0,3) [уничтожен]
    ✗ Паук B8            @ (0,2,3) [уничтожен]
  Team C: живых 2/8
    ✓ Тишина C5          @ (4,4,2) hp=2/2
    ✓ Паук C8            @ (6,7,2) hp=1/1
    ✗ Артиллерия C1      @ (5,8,1) [уничтожен]
    ✗ Радиовышка C2      @ (4,5,2) [уничтожен]
    ✗ Прыгун C3          @ (0,2,3) [уничтожен]
    ✗ Факел C4           @ (2,5,3) [уничтожен]
    ✗ Бурав C6           @ (5,0,1) [уничтожен]
    ✗ Провокатор C7      @ (2,3,1) [уничтожен]

======================================================================
ХОД 9
======================================================================
✓ 🎮 GM: начинаем ход
GM: start_turn

--- Радиовышки: сканирование слоя Z ---
  Радиовышка B2 (z=3): слой чист

--- Решения ботов ---
  [Team A] Тишина A5 (6,8,1) → MOVE (6,7,2)
  [Team A] Бурав A6 (5,0,1) → MOVE (6,1,2)
  [Team A] Провокатор A7 (8,0,2) → HOLOGRAM (8,1,3)
  [Team B] Радиовышка B2 (8,1,3) → MOVE (8,0,2)
  [Team B] Прыгун B3 (3,3,2) → MOVE (4,2,1)
  [Team B] Тишина B5 (3,2,2) → MOVE (4,1,1)
  [Team B] Бурав B6 (7,5,2) → MOVE (6,6,2)
  [Team B] Факел B4 → SKIP
  [Team C] Тишина C5 (4,4,2) → MOVE (3,3,2)
  [Team C] Паук C8 (6,7,2) → MINE (6,6,2)
! 🎮 GM: принудительно завершает фазу планирования
GM: end_planning
# 
============================================================
# 🔄 ОБРАБОТКА ХОДА 9
# ============================================================
!    ⚠️ Провокатор A7: клетка (8,1,3) занята кораблём
   💣 Паук C8 установил мину M7 в (6,6,2)

📦 ПЕРЕМЕЩЕНИЯ:
!    ⚠️ Тишина A5: клетка (6,7,2) занята
!    ⚠️ Бурав A6: Бурав двигается только по 1 оси или по 2 осям строго диагонально
!    ⚠️ Радиовышка B2: клетка (8,0,2) занята
   Прыгун B3: (3, 3, 2) → (4,2,1)
   Тишина B5: (3, 2, 2) → (4,1,1)
   Бурав B6: (7, 5, 2) → (6,6,2)
!    💥 Мина M7 сработала под Бурав B6 (урон 2)
   Тишина C5: (4, 4, 2) → (3,3,2)

🎯 ВЫСТРЕЛЫ:
   Выпущено ракет: 0
# 
📊 РЕЗУЛЬТАТЫ ХОДА 9:
🎯 Попаданий нет

--- Результаты хода ---
  ? / ?                  → Team B / Бурав B6           @ (6,6,2)  (ранен)

--- Состояние команд после хода ---
  Team A: живых 3/8
    ✓ Тишина A5          @ (6,8,1) hp=2/2
    ✓ Бурав A6           @ (5,0,1) hp=4/4
    ✓ Провокатор A7      @ (8,0,2) hp=2/2
    ✗ Артиллерия A1      @ (9,1,2) [уничтожен]
    ✗ Радиовышка A2      @ (3,3,2) [уничтожен]
    ✗ Прыгун A3          @ (6,5,3) [уничтожен]
    ✗ Факел A4           @ (8,4,2) [уничтожен]
    ✗ Паук A8            @ (0,0,2) [уничтожен]
  Team B: живых 5/8
    ✓ Радиовышка B2      @ (8,1,3) hp=3/3
    ✓ Прыгун B3          @ (4,2,1) hp=2/2
    ✓ Факел B4           @ (3,3,3) hp=6/6
    ✓ Тишина B5          @ (4,1,1) hp=2/2
    ✓ Бурав B6           @ (6,6,2) hp=2/4
    ✗ Артиллерия B1      @ (6,5,3) [уничтожен]
    ✗ Провокатор B7      @ (1,0,3) [уничтожен]
    ✗ Паук B8            @ (0,2,3) [уничтожен]
  Team C: живых 2/8
    ✓ Тишина C5          @ (3,3,2) hp=2/2
    ✓ Паук C8            @ (6,7,2) hp=1/1
    ✗ Артиллерия C1      @ (5,8,1) [уничтожен]
    ✗ Радиовышка C2      @ (4,5,2) [уничтожен]
    ✗ Прыгун C3          @ (0,2,3) [уничтожен]
    ✗ Факел C4           @ (2,5,3) [уничтожен]
    ✗ Бурав C6           @ (5,0,1) [уничтожен]
    ✗ Провокатор C7      @ (2,3,1) [уничтожен]

======================================================================
ХОД 10
======================================================================
✓ 🎮 GM: начинаем ход
GM: start_turn

--- Радиовышки: сканирование слоя Z ---
  Радиовышка B2 (z=3): слой чист

--- Решения ботов ---
  [Team A] Тишина A5 (6,8,1) → MOVE (6,7,2)
  [Team A] Бурав A6 (5,0,1) → MOVE (4,1,1)
  [Team A] Провокатор A7 (8,0,2) → HOLOGRAM (8,1,3)
  [Team B] Радиовышка B2 (8,1,3) → MOVE (8,0,2)
  [Team B] Прыгун B3 (4,2,1) → MOVE (5,0,1)
  [Team B] Факел B4 (3,3,3) → MOVE (4,4,2)
  [Team B] Тишина B5 (4,1,1) → MOVE (5,1,1)
  [Team B] Бурав B6 (6,6,2) → MOVE (6,7,2)
  [Team C] Тишина C5 (3,3,2) → MOVE (4,2,1)
  [Team C] Паук C8 (6,7,2) → MINE (6,6,2)
! 🎮 GM: принудительно завершает фазу планирования
GM: end_planning
# 
============================================================
# 🔄 ОБРАБОТКА ХОДА 10
# ============================================================
!    ⚠️ Провокатор A7: клетка (8,1,3) занята кораблём
!    ⚠️ Паук C8: клетка (6,6,2) занята кораблём

📦 ПЕРЕМЕЩЕНИЯ:
!    ⚠️ Тишина A5: клетка (6,7,2) занята
   Бурав A6: (5, 0, 1) → (4,1,1)
!    ⚠️ Радиовышка B2: клетка (8,0,2) занята
   Прыгун B3: (4, 2, 1) → (5,0,1)
   Факел B4: (3, 3, 3) → (4,4,2)
   Тишина B5: (4, 1, 1) → (5,1,1)
✓    💥 Бурав B6 тараном уничтожил Паук C8 в (6,7,2)
   Бурав B6: (6, 6, 2) → (6,7,2)
!    💥 Мина M5 сработала под Бурав B6 (урон 2) — КОРАБЛЬ УНИЧТОЖЕН
   Тишина C5: (3, 3, 2) → (4,2,1)

🎯 ВЫСТРЕЛЫ:
   Выпущено ракет: 0
# 
📊 РЕЗУЛЬТАТЫ ХОДА 10:
🎯 Попаданий нет

--- Результаты хода ---
  Team B / Бурав B6           → Team C / Паук C8            @ (6,7,2)  (УБИТ)
  ? / ?                  → Team B / Бурав B6           @ (6,7,2)  (УБИТ)

--- Состояние команд после хода ---
  Team A: живых 3/8
    ✓ Тишина A5          @ (6,8,1) hp=2/2
    ✓ Бурав A6           @ (4,1,1) hp=4/4
    ✓ Провокатор A7      @ (8,0,2) hp=2/2
    ✗ Артиллерия A1      @ (9,1,2) [уничтожен]
    ✗ Радиовышка A2      @ (3,3,2) [уничтожен]
    ✗ Прыгун A3          @ (6,5,3) [уничтожен]
    ✗ Факел A4           @ (8,4,2) [уничтожен]
    ✗ Паук A8            @ (0,0,2) [уничтожен]
  Team B: живых 4/8
    ✓ Радиовышка B2      @ (8,1,3) hp=3/3
    ✓ Прыгун B3          @ (5,0,1) hp=2/2
    ✓ Факел B4           @ (4,4,2) hp=6/6
    ✓ Тишина B5          @ (5,1,1) hp=2/2
    ✗ Артиллерия B1      @ (6,5,3) [уничтожен]
    ✗ Бурав B6           @ (6,7,2) [уничтожен]
    ✗ Провокатор B7      @ (1,0,3) [уничтожен]
    ✗ Паук B8            @ (0,2,3) [уничтожен]
  Team C: живых 1/8
    ✓ Тишина C5          @ (4,2,1) hp=2/2
    ✗ Артиллерия C1      @ (5,8,1) [уничтожен]
    ✗ Радиовышка C2      @ (4,5,2) [уничтожен]
    ✗ Прыгун C3          @ (0,2,3) [уничтожен]
    ✗ Факел C4           @ (2,5,3) [уничтожен]
    ✗ Бурав C6           @ (5,0,1) [уничтожен]
    ✗ Провокатор C7      @ (2,3,1) [уничтожен]
    ✗ Паук C8            @ (6,7,2) [уничтожен]

======================================================================
ХОД 11
======================================================================
✓ 🎮 GM: начинаем ход
GM: start_turn

--- Радиовышки: сканирование слоя Z ---
  Радиовышка B2 (z=3): слой чист

--- Решения ботов ---
  [Team A] Тишина A5 (6,8,1) → MOVE (5,7,2)
  [Team A] Бурав A6 (4,1,1) → MOVE (5,0,1)
  [Team A] Провокатор A7 (8,0,2) → HOLOGRAM (8,1,3)
  [Team B] Радиовышка B2 (8,1,3) → MOVE (8,0,2)
  [Team B] Прыгун B3 (5,0,1) → MOVE (4,1,1)
  [Team B] Факел B4 (4,4,2) → MOVE (5,3,1)
  [Team B] Тишина B5 → SKIP
  [Team C] Тишина C5 (4,2,1) → MOVE (4,1,1)
! 🎮 GM: принудительно завершает фазу планирования
GM: end_planning
# 
============================================================
# 🔄 ОБРАБОТКА ХОДА 11
# ============================================================
!    ⚠️ Провокатор A7: клетка (8,1,3) занята кораблём

📦 ПЕРЕМЕЩЕНИЯ:
   Тишина A5: (6, 8, 1) → (5,7,2)
✓    💥 Бурав A6 тараном уничтожил Прыгун B3 в (5,0,1)
   Бурав A6: (4, 1, 1) → (5,0,1)
!    ⚠️ Радиовышка B2: клетка (8,0,2) занята
   Факел B4: (4, 4, 2) → (5,3,1)
   Тишина C5: (4, 2, 1) → (4,1,1)

🎯 ВЫСТРЕЛЫ:
   Выпущено ракет: 0
# 
📊 РЕЗУЛЬТАТЫ ХОДА 11:
🎯 Попаданий нет

--- Результаты хода ---
  Team A / Бурав A6           → Team B / Прыгун B3          @ (5,0,1)  (УБИТ)

--- Состояние команд после хода ---
  Team A: живых 3/8
    ✓ Тишина A5          @ (5,7,2) hp=2/2
    ✓ Бурав A6           @ (5,0,1) hp=4/4
    ✓ Провокатор A7      @ (8,0,2) hp=2/2
    ✗ Артиллерия A1      @ (9,1,2) [уничтожен]
    ✗ Радиовышка A2      @ (3,3,2) [уничтожен]
    ✗ Прыгун A3          @ (6,5,3) [уничтожен]
    ✗ Факел A4           @ (8,4,2) [уничтожен]
    ✗ Паук A8            @ (0,0,2) [уничтожен]
  Team B: живых 3/8
    ✓ Радиовышка B2      @ (8,1,3) hp=3/3
    ✓ Факел B4           @ (5,3,1) hp=6/6
    ✓ Тишина B5          @ (5,1,1) hp=2/2
    ✗ Артиллерия B1      @ (6,5,3) [уничтожен]
    ✗ Прыгун B3          @ (5,0,1) [уничтожен]
    ✗ Бурав B6           @ (6,7,2) [уничтожен]
    ✗ Провокатор B7      @ (1,0,3) [уничтожен]
    ✗ Паук B8            @ (0,2,3) [уничтожен]
  Team C: живых 1/8
    ✓ Тишина C5          @ (4,1,1) hp=2/2
    ✗ Артиллерия C1      @ (5,8,1) [уничтожен]
    ✗ Радиовышка C2      @ (4,5,2) [уничтожен]
    ✗ Прыгун C3          @ (0,2,3) [уничтожен]
    ✗ Факел C4           @ (2,5,3) [уничтожен]
    ✗ Бурав C6           @ (5,0,1) [уничтожен]
    ✗ Провокатор C7      @ (2,3,1) [уничтожен]
    ✗ Паук C8            @ (6,7,2) [уничтожен]

======================================================================
ХОД 12
======================================================================
✓ 🎮 GM: начинаем ход
GM: start_turn

--- Радиовышки: сканирование слоя Z ---
  Радиовышка B2 (z=3): слой чист

--- Решения ботов ---
  [Team A] Тишина A5 (5,7,2) → MOVE (5,6,1)
  [Team A] Бурав A6 (5,0,1) → MOVE (5,3,1)
  [Team A] Провокатор A7 (8,0,2) → HOLOGRAM (8,1,3)
  [Team B] Радиовышка B2 (8,1,3) → MOVE (8,0,2)
  [Team B] Факел B4 (5,3,1) → SHOOT at (5,0,1)
  [Team B] Тишина B5 (5,1,1) → MOVE (5,0,1)
  [Team C] Тишина C5 (4,1,1) → MOVE (5,0,1)
! 🎮 GM: принудительно завершает фазу планирования
GM: end_planning
# 
============================================================
# 🔄 ОБРАБОТКА ХОДА 12
# ============================================================
!    ⚠️ Провокатор A7: клетка (8,1,3) занята кораблём

📦 ПЕРЕМЕЩЕНИЯ:
   Тишина A5: (5, 7, 2) → (5,6,1)
✓    💥 Бурав A6 тараном уничтожил Факел B4 в (5,3,1)
   Бурав A6: (5, 0, 1) → (5,3,1)
!    ⚠️ Радиовышка B2: клетка (8,0,2) занята
   Тишина B5: (5, 1, 1) → (5,0,1)
   Тишина C5: (4, 1, 1) → (5,0,1)

🎯 ВЫСТРЕЛЫ:
   Выпущено ракет: 0
# 
📊 РЕЗУЛЬТАТЫ ХОДА 12:
🎯 Попаданий нет

--- Результаты хода ---
  Team A / Бурав A6           → Team B / Факел B4           @ (5,3,1)  (УБИТ)

--- Состояние команд после хода ---
  Team A: живых 3/8
    ✓ Тишина A5          @ (5,6,1) hp=2/2
    ✓ Бурав A6           @ (5,3,1) hp=4/4
    ✓ Провокатор A7      @ (8,0,2) hp=2/2
    ✗ Артиллерия A1      @ (9,1,2) [уничтожен]
    ✗ Радиовышка A2      @ (3,3,2) [уничтожен]
    ✗ Прыгун A3          @ (6,5,3) [уничтожен]
    ✗ Факел A4           @ (8,4,2) [уничтожен]
    ✗ Паук A8            @ (0,0,2) [уничтожен]
  Team B: живых 2/8
    ✓ Радиовышка B2      @ (8,1,3) hp=3/3
    ✓ Тишина B5          @ (5,0,1) hp=2/2
    ✗ Артиллерия B1      @ (6,5,3) [уничтожен]
    ✗ Прыгун B3          @ (5,0,1) [уничтожен]
    ✗ Факел B4           @ (5,3,1) [уничтожен]
    ✗ Бурав B6           @ (6,7,2) [уничтожен]
    ✗ Провокатор B7      @ (1,0,3) [уничтожен]
    ✗ Паук B8            @ (0,2,3) [уничтожен]
  Team C: живых 1/8
    ✓ Тишина C5          @ (5,0,1) hp=2/2
    ✗ Артиллерия C1      @ (5,8,1) [уничтожен]
    ✗ Радиовышка C2      @ (4,5,2) [уничтожен]
    ✗ Прыгун C3          @ (0,2,3) [уничтожен]
    ✗ Факел C4           @ (2,5,3) [уничтожен]
    ✗ Бурав C6           @ (5,0,1) [уничтожен]
    ✗ Провокатор C7      @ (2,3,1) [уничтожен]
    ✗ Паук C8            @ (6,7,2) [уничтожен]

======================================================================
ХОД 13
======================================================================
✓ 🎮 GM: начинаем ход
GM: start_turn

--- Радиовышки: сканирование слоя Z ---
  Радиовышка B2 (z=3): слой чист

--- Решения ботов ---
  [Team A] Тишина A5 (5,6,1) → PHASE toggle
  [Team A] Бурав A6 (5,3,1) → MOVE (6,2,2)
  [Team A] Провокатор A7 (8,0,2) → HOLOGRAM (8,1,3)
  [Team B] Радиовышка B2 (8,1,3) → MOVE (8,0,2)
  [Team B] Тишина B5 (5,0,1) → MOVE (5,1,1)
  [Team C] Тишина C5 (5,0,1) → MOVE (5,1,1)
! 🎮 GM: принудительно завершает фазу планирования
GM: end_planning
# 
============================================================
# 🔄 ОБРАБОТКА ХОДА 13
# ============================================================
   🌀 Тишина A5: фаза ВЫКЛ
!    ⚠️ Провокатор A7: клетка (8,1,3) занята кораблём

📦 ПЕРЕМЕЩЕНИЯ:
!    ⚠️ Бурав A6: Бурав двигается только по 1 оси или по 2 осям строго диагонально
!    ⚠️ Радиовышка B2: клетка (8,0,2) занята
   Тишина B5: (5, 0, 1) → (5,1,1)
   Тишина C5: (5, 0, 1) → (5,1,1)

🎯 ВЫСТРЕЛЫ:
   Выпущено ракет: 0
# 
📊 РЕЗУЛЬТАТЫ ХОДА 13:
🎯 Попаданий нет

--- Результаты хода ---
  Попаданий нет

--- Состояние команд после хода ---
  Team A: живых 3/8
    ✓ Тишина A5          @ (5,6,1) hp=2/2
    ✓ Бурав A6           @ (5,3,1) hp=4/4
    ✓ Провокатор A7      @ (8,0,2) hp=2/2
    ✗ Артиллерия A1      @ (9,1,2) [уничтожен]
    ✗ Радиовышка A2      @ (3,3,2) [уничтожен]
    ✗ Прыгун A3          @ (6,5,3) [уничтожен]
    ✗ Факел A4           @ (8,4,2) [уничтожен]
    ✗ Паук A8            @ (0,0,2) [уничтожен]
  Team B: живых 2/8
    ✓ Радиовышка B2      @ (8,1,3) hp=3/3
    ✓ Тишина B5          @ (5,1,1) hp=2/2
    ✗ Артиллерия B1      @ (6,5,3) [уничтожен]
    ✗ Прыгун B3          @ (5,0,1) [уничтожен]
    ✗ Факел B4           @ (5,3,1) [уничтожен]
    ✗ Бурав B6           @ (6,7,2) [уничтожен]
    ✗ Провокатор B7      @ (1,0,3) [уничтожен]
    ✗ Паук B8            @ (0,2,3) [уничтожен]
  Team C: живых 1/8
    ✓ Тишина C5          @ (5,1,1) hp=2/2
    ✗ Артиллерия C1      @ (5,8,1) [уничтожен]
    ✗ Радиовышка C2      @ (4,5,2) [уничтожен]
    ✗ Прыгун C3          @ (0,2,3) [уничтожен]
    ✗ Факел C4           @ (2,5,3) [уничтожен]
    ✗ Бурав C6           @ (5,0,1) [уничтожен]
    ✗ Провокатор C7      @ (2,3,1) [уничтожен]
    ✗ Паук C8            @ (6,7,2) [уничтожен]

======================================================================
ХОД 14
======================================================================
✓ 🎮 GM: начинаем ход
GM: start_turn

--- Радиовышки: сканирование слоя Z ---
  Радиовышка B2 (z=3): слой чист

--- Решения ботов ---
  [Team A] Тишина A5 (5,6,1) → MOVE (6,5,2)
  [Team A] Бурав A6 (5,3,1) → MOVE (6,2,2)
  [Team A] Провокатор A7 (8,0,2) → HOLOGRAM (8,1,3)
  [Team B] Радиовышка B2 (8,1,3) → MOVE (8,0,2)
  [Team B] Тишина B5 (5,1,1) → MOVE (5,2,1)
  [Team C] Тишина C5 (5,1,1) → MOVE (5,2,1)
! 🎮 GM: принудительно завершает фазу планирования
GM: end_planning
# 
============================================================
# 🔄 ОБРАБОТКА ХОДА 14
# ============================================================
!    ⚠️ Провокатор A7: клетка (8,1,3) занята кораблём

📦 ПЕРЕМЕЩЕНИЯ:
   Тишина A5: (5, 6, 1) → (6,5,2)
!    ⚠️ Бурав A6: Бурав двигается только по 1 оси или по 2 осям строго диагонально
!    ⚠️ Радиовышка B2: клетка (8,0,2) занята
   Тишина B5: (5, 1, 1) → (5,2,1)
   Тишина C5: (5, 1, 1) → (5,2,1)

🎯 ВЫСТРЕЛЫ:
   Выпущено ракет: 0
# 
📊 РЕЗУЛЬТАТЫ ХОДА 14:
🎯 Попаданий нет

--- Результаты хода ---
  Попаданий нет

--- Состояние команд после хода ---
  Team A: живых 3/8
    ✓ Тишина A5          @ (6,5,2) hp=2/2
    ✓ Бурав A6           @ (5,3,1) hp=4/4
    ✓ Провокатор A7      @ (8,0,2) hp=2/2
    ✗ Артиллерия A1      @ (9,1,2) [уничтожен]
    ✗ Радиовышка A2      @ (3,3,2) [уничтожен]
    ✗ Прыгун A3          @ (6,5,3) [уничтожен]
    ✗ Факел A4           @ (8,4,2) [уничтожен]
    ✗ Паук A8            @ (0,0,2) [уничтожен]
  Team B: живых 2/8
    ✓ Радиовышка B2      @ (8,1,3) hp=3/3
    ✓ Тишина B5          @ (5,2,1) hp=2/2
    ✗ Артиллерия B1      @ (6,5,3) [уничтожен]
    ✗ Прыгун B3          @ (5,0,1) [уничтожен]
    ✗ Факел B4           @ (5,3,1) [уничтожен]
    ✗ Бурав B6           @ (6,7,2) [уничтожен]
    ✗ Провокатор B7      @ (1,0,3) [уничтожен]
    ✗ Паук B8            @ (0,2,3) [уничтожен]
  Team C: живых 1/8
    ✓ Тишина C5          @ (5,2,1) hp=2/2
    ✗ Артиллерия C1      @ (5,8,1) [уничтожен]
    ✗ Радиовышка C2      @ (4,5,2) [уничтожен]
    ✗ Прыгун C3          @ (0,2,3) [уничтожен]
    ✗ Факел C4           @ (2,5,3) [уничтожен]
    ✗ Бурав C6           @ (5,0,1) [уничтожен]
    ✗ Провокатор C7      @ (2,3,1) [уничтожен]
    ✗ Паук C8            @ (6,7,2) [уничтожен]

======================================================================
ХОД 15
======================================================================
✓ 🎮 GM: начинаем ход
GM: start_turn

--- Радиовышки: сканирование слоя Z ---
  Радиовышка B2 (z=3): слой чист

--- Решения ботов ---
  [Team A] Тишина A5 (6,5,2) → MOVE (7,4,3)
  [Team A] Бурав A6 (5,3,1) → MOVE (6,2,2)
  [Team A] Провокатор A7 (8,0,2) → HOLOGRAM (8,1,3)
  [Team B] Радиовышка B2 (8,1,3) → MOVE (8,0,2)
  [Team B] Тишина B5 (5,2,1) → MOVE (5,3,1)
  [Team C] Тишина C5 (5,2,1) → MOVE (5,3,1)
! 🎮 GM: принудительно завершает фазу планирования
GM: end_planning
# 
============================================================
# 🔄 ОБРАБОТКА ХОДА 15
# ============================================================
!    ⚠️ Провокатор A7: клетка (8,1,3) занята кораблём

📦 ПЕРЕМЕЩЕНИЯ:
   Тишина A5: (6, 5, 2) → (7,4,3)
!    ⚠️ Бурав A6: Бурав двигается только по 1 оси или по 2 осям строго диагонально
!    ⚠️ Радиовышка B2: клетка (8,0,2) занята
!    ⚠️ Тишина B5: клетка (5,3,1) занята
!    ⚠️ Тишина C5: клетка (5,3,1) занята

🎯 ВЫСТРЕЛЫ:
   Выпущено ракет: 0
# 
📊 РЕЗУЛЬТАТЫ ХОДА 15:
🎯 Попаданий нет

--- Результаты хода ---
  Попаданий нет

--- Состояние команд после хода ---
  Team A: живых 3/8
    ✓ Тишина A5          @ (7,4,3) hp=2/2
    ✓ Бурав A6           @ (5,3,1) hp=4/4
    ✓ Провокатор A7      @ (8,0,2) hp=2/2
    ✗ Артиллерия A1      @ (9,1,2) [уничтожен]
    ✗ Радиовышка A2      @ (3,3,2) [уничтожен]
    ✗ Прыгун A3          @ (6,5,3) [уничтожен]
    ✗ Факел A4           @ (8,4,2) [уничтожен]
    ✗ Паук A8            @ (0,0,2) [уничтожен]
  Team B: живых 2/8
    ✓ Радиовышка B2      @ (8,1,3) hp=3/3
    ✓ Тишина B5          @ (5,2,1) hp=2/2
    ✗ Артиллерия B1      @ (6,5,3) [уничтожен]
    ✗ Прыгун B3          @ (5,0,1) [уничтожен]
    ✗ Факел B4           @ (5,3,1) [уничтожен]
    ✗ Бурав B6           @ (6,7,2) [уничтожен]
    ✗ Провокатор B7      @ (1,0,3) [уничтожен]
    ✗ Паук B8            @ (0,2,3) [уничтожен]
  Team C: живых 1/8
    ✓ Тишина C5          @ (5,2,1) hp=2/2
    ✗ Артиллерия C1      @ (5,8,1) [уничтожен]
    ✗ Радиовышка C2      @ (4,5,2) [уничтожен]
    ✗ Прыгун C3          @ (0,2,3) [уничтожен]
    ✗ Факел C4           @ (2,5,3) [уничтожен]
    ✗ Бурав C6           @ (5,0,1) [уничтожен]
    ✗ Провокатор C7      @ (2,3,1) [уничтожен]
    ✗ Паук C8            @ (6,7,2) [уничтожен]

======================================================================
ХОД 16
======================================================================
✓ 🎮 GM: начинаем ход
GM: start_turn

--- Радиовышки: сканирование слоя Z ---
  Радиовышка B2 (z=3): видит 1 врагов  → Тишина A5(7,4,3)

--- Решения ботов ---
  [Team A] Тишина A5 (7,4,3) → MOVE (8,3,3)
  [Team A] Бурав A6 (5,3,1) → MOVE (6,2,2)
  [Team A] Провокатор A7 (8,0,2) → HOLOGRAM (8,1,3)
  [Team B] Радиовышка B2 (8,1,3) → MOVE (8,0,2)
  [Team B] Тишина B5 (5,2,1) → MOVE (5,3,1)
  [Team C] Тишина C5 (5,2,1) → MOVE (5,3,1)
! 🎮 GM: принудительно завершает фазу планирования
GM: end_planning
# 
============================================================
# 🔄 ОБРАБОТКА ХОДА 16
# ============================================================
!    ⚠️ Провокатор A7: клетка (8,1,3) занята кораблём

📦 ПЕРЕМЕЩЕНИЯ:
   Тишина A5: (7, 4, 3) → (8,3,3)
!    ⚠️ Бурав A6: Бурав двигается только по 1 оси или по 2 осям строго диагонально
!    ⚠️ Радиовышка B2: клетка (8,0,2) занята
!    ⚠️ Тишина B5: клетка (5,3,1) занята
!    ⚠️ Тишина C5: клетка (5,3,1) занята

🎯 ВЫСТРЕЛЫ:
   Выпущено ракет: 0
# 
📊 РЕЗУЛЬТАТЫ ХОДА 16:
🎯 Попаданий нет

--- Результаты хода ---
  Попаданий нет

--- Состояние команд после хода ---
  Team A: живых 3/8
    ✓ Тишина A5          @ (8,3,3) hp=2/2
    ✓ Бурав A6           @ (5,3,1) hp=4/4
    ✓ Провокатор A7      @ (8,0,2) hp=2/2
    ✗ Артиллерия A1      @ (9,1,2) [уничтожен]
    ✗ Радиовышка A2      @ (3,3,2) [уничтожен]
    ✗ Прыгун A3          @ (6,5,3) [уничтожен]
    ✗ Факел A4           @ (8,4,2) [уничтожен]
    ✗ Паук A8            @ (0,0,2) [уничтожен]
  Team B: живых 2/8
    ✓ Радиовышка B2      @ (8,1,3) hp=3/3
    ✓ Тишина B5          @ (5,2,1) hp=2/2
    ✗ Артиллерия B1      @ (6,5,3) [уничтожен]
    ✗ Прыгун B3          @ (5,0,1) [уничтожен]
    ✗ Факел B4           @ (5,3,1) [уничтожен]
    ✗ Бурав B6           @ (6,7,2) [уничтожен]
    ✗ Провокатор B7      @ (1,0,3) [уничтожен]
    ✗ Паук B8            @ (0,2,3) [уничтожен]
  Team C: живых 1/8
    ✓ Тишина C5          @ (5,2,1) hp=2/2
    ✗ Артиллерия C1      @ (5,8,1) [уничтожен]
    ✗ Радиовышка C2      @ (4,5,2) [уничтожен]
    ✗ Прыгун C3          @ (0,2,3) [уничтожен]
    ✗ Факел C4           @ (2,5,3) [уничтожен]
    ✗ Бурав C6           @ (5,0,1) [уничтожен]
    ✗ Провокатор C7      @ (2,3,1) [уничтожен]
    ✗ Паук C8            @ (6,7,2) [уничтожен]

======================================================================
ХОД 17
======================================================================
✓ 🎮 GM: начинаем ход
GM: start_turn

--- Радиовышки: сканирование слоя Z ---
  Радиовышка B2 (z=3): видит 1 врагов  → Тишина A5(8,3,3)

--- Решения ботов ---
  [Team A] Тишина A5 (8,3,3) → MOVE (8,2,3)
  [Team A] Бурав A6 (5,3,1) → MOVE (6,2,2)
  [Team A] Провокатор A7 (8,0,2) → HOLOGRAM (8,1,3)
  [Team B] Радиовышка B2 (8,1,3) → MOVE (8,0,2)
  [Team B] Тишина B5 (5,2,1) → MOVE (5,3,1)
  [Team C] Тишина C5 (5,2,1) → MOVE (5,3,1)
! 🎮 GM: принудительно завершает фазу планирования
GM: end_planning
# 
============================================================
# 🔄 ОБРАБОТКА ХОДА 17
# ============================================================
!    ⚠️ Провокатор A7: клетка (8,1,3) занята кораблём

📦 ПЕРЕМЕЩЕНИЯ:
   Тишина A5: (8, 3, 3) → (8,2,3)
!    ⚠️ Бурав A6: Бурав двигается только по 1 оси или по 2 осям строго диагонально
!    ⚠️ Радиовышка B2: клетка (8,0,2) занята
!    ⚠️ Тишина B5: клетка (5,3,1) занята
!    ⚠️ Тишина C5: клетка (5,3,1) занята

🎯 ВЫСТРЕЛЫ:
   Выпущено ракет: 0
# 
📊 РЕЗУЛЬТАТЫ ХОДА 17:
🎯 Попаданий нет

--- Результаты хода ---
  Попаданий нет

--- Состояние команд после хода ---
  Team A: живых 3/8
    ✓ Тишина A5          @ (8,2,3) hp=2/2
    ✓ Бурав A6           @ (5,3,1) hp=4/4
    ✓ Провокатор A7      @ (8,0,2) hp=2/2
    ✗ Артиллерия A1      @ (9,1,2) [уничтожен]
    ✗ Радиовышка A2      @ (3,3,2) [уничтожен]
    ✗ Прыгун A3          @ (6,5,3) [уничтожен]
    ✗ Факел A4           @ (8,4,2) [уничтожен]
    ✗ Паук A8            @ (0,0,2) [уничтожен]
  Team B: живых 2/8
    ✓ Радиовышка B2      @ (8,1,3) hp=3/3
    ✓ Тишина B5          @ (5,2,1) hp=2/2
    ✗ Артиллерия B1      @ (6,5,3) [уничтожен]
    ✗ Прыгун B3          @ (5,0,1) [уничтожен]
    ✗ Факел B4           @ (5,3,1) [уничтожен]
    ✗ Бурав B6           @ (6,7,2) [уничтожен]
    ✗ Провокатор B7      @ (1,0,3) [уничтожен]
    ✗ Паук B8            @ (0,2,3) [уничтожен]
  Team C: живых 1/8
    ✓ Тишина C5          @ (5,2,1) hp=2/2
    ✗ Артиллерия C1      @ (5,8,1) [уничтожен]
    ✗ Радиовышка C2      @ (4,5,2) [уничтожен]
    ✗ Прыгун C3          @ (0,2,3) [уничтожен]
    ✗ Факел C4           @ (2,5,3) [уничтожен]
    ✗ Бурав C6           @ (5,0,1) [уничтожен]
    ✗ Провокатор C7      @ (2,3,1) [уничтожен]
    ✗ Паук C8            @ (6,7,2) [уничтожен]

======================================================================
ХОД 18
======================================================================
✓ 🎮 GM: начинаем ход
GM: start_turn

--- Радиовышки: сканирование слоя Z ---
  Радиовышка B2 (z=3): видит 1 врагов  → Тишина A5(8,2,3)

--- Решения ботов ---
  [Team A] Тишина A5 (8,2,3) → MOVE (8,1,3)
  [Team A] Бурав A6 (5,3,1) → MOVE (6,2,2)
  [Team A] Провокатор A7 (8,0,2) → HOLOGRAM (8,0,3)
  [Team B] Радиовышка B2 (8,1,3) → MOVE (8,2,3)
  [Team B] Тишина B5 (5,2,1) → MOVE (5,3,1)
  [Team C] Тишина C5 (5,2,1) → MOVE (5,3,1)
! 🎮 GM: принудительно завершает фазу планирования
GM: end_planning
# 
============================================================
# 🔄 ОБРАБОТКА ХОДА 18
# ============================================================
   🪞 Провокатор A7 создал голограмму H1 в (8,0,3)

📦 ПЕРЕМЕЩЕНИЯ:
!    ⚠️ Тишина A5: клетка (8,1,3) занята
!    ⚠️ Бурав A6: Бурав двигается только по 1 оси или по 2 осям строго диагонально
!    ⚠️ Радиовышка B2: клетка (8,2,3) занята
!    ⚠️ Тишина B5: клетка (5,3,1) занята
!    ⚠️ Тишина C5: клетка (5,3,1) занята

🎯 ВЫСТРЕЛЫ:
   Выпущено ракет: 0
# 
📊 РЕЗУЛЬТАТЫ ХОДА 18:
🎯 Попаданий нет

--- Результаты хода ---
  Попаданий нет

--- Состояние команд после хода ---
  Team A: живых 3/8
    ✓ Тишина A5          @ (8,2,3) hp=2/2
    ✓ Бурав A6           @ (5,3,1) hp=4/4
    ✓ Провокатор A7      @ (8,0,2) hp=2/2
    ✗ Артиллерия A1      @ (9,1,2) [уничтожен]
    ✗ Радиовышка A2      @ (3,3,2) [уничтожен]
    ✗ Прыгун A3          @ (6,5,3) [уничтожен]
    ✗ Факел A4           @ (8,4,2) [уничтожен]
    ✗ Паук A8            @ (0,0,2) [уничтожен]
  Team B: живых 2/8
    ✓ Радиовышка B2      @ (8,1,3) hp=3/3
    ✓ Тишина B5          @ (5,2,1) hp=2/2
    ✗ Артиллерия B1      @ (6,5,3) [уничтожен]
    ✗ Прыгун B3          @ (5,0,1) [уничтожен]
    ✗ Факел B4           @ (5,3,1) [уничтожен]
    ✗ Бурав B6           @ (6,7,2) [уничтожен]
    ✗ Провокатор B7      @ (1,0,3) [уничтожен]
    ✗ Паук B8            @ (0,2,3) [уничтожен]
  Team C: живых 1/8
    ✓ Тишина C5          @ (5,2,1) hp=2/2
    ✗ Артиллерия C1      @ (5,8,1) [уничтожен]
    ✗ Радиовышка C2      @ (4,5,2) [уничтожен]
    ✗ Прыгун C3          @ (0,2,3) [уничтожен]
    ✗ Факел C4           @ (2,5,3) [уничтожен]
    ✗ Бурав C6           @ (5,0,1) [уничтожен]
    ✗ Провокатор C7      @ (2,3,1) [уничтожен]
    ✗ Паук C8            @ (6,7,2) [уничтожен]

======================================================================
ХОД 19
======================================================================
✓ 🎮 GM: начинаем ход
GM: start_turn

--- Радиовышки: сканирование слоя Z ---
  Радиовышка B2 (z=3): видит 1 врагов  → Тишина A5(8,2,3)

--- Решения ботов ---
  [Team A] Тишина A5 (8,2,3) → MOVE (8,1,3)
  [Team A] Бурав A6 (5,3,1) → MOVE (6,2,2)
  [Team A] Провокатор A7 (8,0,2) → HOLOGRAM (8,0,3)
  [Team B] Радиовышка B2 (8,1,3) → MOVE (8,2,3)
  [Team B] Тишина B5 (5,2,1) → MOVE (5,3,1)
  [Team C] Тишина C5 (5,2,1) → MOVE (5,3,1)
! 🎮 GM: принудительно завершает фазу планирования
GM: end_planning
# 
============================================================
# 🔄 ОБРАБОТКА ХОДА 19
# ============================================================
!    ⚠️ Провокатор A7: клетка (8,0,3) уже занята голограммой

📦 ПЕРЕМЕЩЕНИЯ:
!    ⚠️ Тишина A5: клетка (8,1,3) занята
!    ⚠️ Бурав A6: Бурав двигается только по 1 оси или по 2 осям строго диагонально
!    ⚠️ Радиовышка B2: клетка (8,2,3) занята
!    ⚠️ Тишина B5: клетка (5,3,1) занята
!    ⚠️ Тишина C5: клетка (5,3,1) занята

🎯 ВЫСТРЕЛЫ:
   Выпущено ракет: 0
# 
📊 РЕЗУЛЬТАТЫ ХОДА 19:
🎯 Попаданий нет

--- Результаты хода ---
  Попаданий нет

--- Состояние команд после хода ---
  Team A: живых 3/8
    ✓ Тишина A5          @ (8,2,3) hp=2/2
    ✓ Бурав A6           @ (5,3,1) hp=4/4
    ✓ Провокатор A7      @ (8,0,2) hp=2/2
    ✗ Артиллерия A1      @ (9,1,2) [уничтожен]
    ✗ Радиовышка A2      @ (3,3,2) [уничтожен]
    ✗ Прыгун A3          @ (6,5,3) [уничтожен]
    ✗ Факел A4           @ (8,4,2) [уничтожен]
    ✗ Паук A8            @ (0,0,2) [уничтожен]
  Team B: живых 2/8
    ✓ Радиовышка B2      @ (8,1,3) hp=3/3
    ✓ Тишина B5          @ (5,2,1) hp=2/2
    ✗ Артиллерия B1      @ (6,5,3) [уничтожен]
    ✗ Прыгун B3          @ (5,0,1) [уничтожен]
    ✗ Факел B4           @ (5,3,1) [уничтожен]
    ✗ Бурав B6           @ (6,7,2) [уничтожен]
    ✗ Провокатор B7      @ (1,0,3) [уничтожен]
    ✗ Паук B8            @ (0,2,3) [уничтожен]
  Team C: живых 1/8
    ✓ Тишина C5          @ (5,2,1) hp=2/2
    ✗ Артиллерия C1      @ (5,8,1) [уничтожен]
    ✗ Радиовышка C2      @ (4,5,2) [уничтожен]
    ✗ Прыгун C3          @ (0,2,3) [уничтожен]
    ✗ Факел C4           @ (2,5,3) [уничтожен]
    ✗ Бурав C6           @ (5,0,1) [уничтожен]
    ✗ Провокатор C7      @ (2,3,1) [уничтожен]
    ✗ Паук C8            @ (6,7,2) [уничтожен]

======================================================================
ХОД 20
======================================================================
✓ 🎮 GM: начинаем ход
GM: start_turn

--- Радиовышки: сканирование слоя Z ---
  Радиовышка B2 (z=3): видит 1 врагов  → Тишина A5(8,2,3)

--- Решения ботов ---
  [Team A] Тишина A5 (8,2,3) → MOVE (8,1,3)
  [Team A] Бурав A6 (5,3,1) → MOVE (6,2,2)
  [Team A] Провокатор A7 (8,0,2) → HOLOGRAM (8,1,2)
  [Team B] Радиовышка B2 (8,1,3) → MOVE (8,2,3)
  [Team B] Тишина B5 (5,2,1) → MOVE (5,3,1)
  [Team C] Тишина C5 (5,2,1) → MOVE (5,3,1)
! 🎮 GM: принудительно завершает фазу планирования
GM: end_planning
# 
============================================================
# 🔄 ОБРАБОТКА ХОДА 20
# ============================================================
   🪞 Провокатор A7 создал голограмму H2 в (8,1,2)

📦 ПЕРЕМЕЩЕНИЯ:
!    ⚠️ Тишина A5: клетка (8,1,3) занята
!    ⚠️ Бурав A6: Бурав двигается только по 1 оси или по 2 осям строго диагонально
!    ⚠️ Радиовышка B2: клетка (8,2,3) занята
!    ⚠️ Тишина B5: клетка (5,3,1) занята
!    ⚠️ Тишина C5: клетка (5,3,1) занята

🎯 ВЫСТРЕЛЫ:
   Выпущено ракет: 0
# 
📊 РЕЗУЛЬТАТЫ ХОДА 20:
🎯 Попаданий нет

--- Результаты хода ---
  Попаданий нет

--- Состояние команд после хода ---
  Team A: живых 3/8
    ✓ Тишина A5          @ (8,2,3) hp=2/2
    ✓ Бурав A6           @ (5,3,1) hp=4/4
    ✓ Провокатор A7      @ (8,0,2) hp=2/2
    ✗ Артиллерия A1      @ (9,1,2) [уничтожен]
    ✗ Радиовышка A2      @ (3,3,2) [уничтожен]
    ✗ Прыгун A3          @ (6,5,3) [уничтожен]
    ✗ Факел A4           @ (8,4,2) [уничтожен]
    ✗ Паук A8            @ (0,0,2) [уничтожен]
  Team B: живых 2/8
    ✓ Радиовышка B2      @ (8,1,3) hp=3/3
    ✓ Тишина B5          @ (5,2,1) hp=2/2
    ✗ Артиллерия B1      @ (6,5,3) [уничтожен]
    ✗ Прыгун B3          @ (5,0,1) [уничтожен]
    ✗ Факел B4           @ (5,3,1) [уничтожен]
    ✗ Бурав B6           @ (6,7,2) [уничтожен]
    ✗ Провокатор B7      @ (1,0,3) [уничтожен]
    ✗ Паук B8            @ (0,2,3) [уничтожен]
  Team C: живых 1/8
    ✓ Тишина C5          @ (5,2,1) hp=2/2
    ✗ Артиллерия C1      @ (5,8,1) [уничтожен]
    ✗ Радиовышка C2      @ (4,5,2) [уничтожен]
    ✗ Прыгун C3          @ (0,2,3) [уничтожен]
    ✗ Факел C4           @ (2,5,3) [уничтожен]
    ✗ Бурав C6           @ (5,0,1) [уничтожен]
    ✗ Провокатор C7      @ (2,3,1) [уничтожен]
    ✗ Паук C8            @ (6,7,2) [уничтожен]

======================================================================
ХОД 21
======================================================================
✓ 🎮 GM: начинаем ход
GM: start_turn

--- Радиовышки: сканирование слоя Z ---
  Радиовышка B2 (z=3): видит 1 врагов  → Тишина A5(8,2,3)

--- Решения ботов ---
  [Team A] Тишина A5 (8,2,3) → MOVE (8,1,3)
  [Team A] Бурав A6 (5,3,1) → MOVE (6,2,2)
  [Team A] Провокатор A7 (8,0,2) → HOLOGRAM (8,1,2)
  [Team B] Радиовышка B2 (8,1,3) → MOVE (8,2,3)
  [Team B] Тишина B5 (5,2,1) → MOVE (5,3,1)
  [Team C] Тишина C5 (5,2,1) → MOVE (5,3,1)
! 🎮 GM: принудительно завершает фазу планирования
GM: end_planning
# 
============================================================
# 🔄 ОБРАБОТКА ХОДА 21
# ============================================================
!    ⚠️ Провокатор A7: клетка (8,1,2) уже занята голограммой

📦 ПЕРЕМЕЩЕНИЯ:
!    ⚠️ Тишина A5: клетка (8,1,3) занята
!    ⚠️ Бурав A6: Бурав двигается только по 1 оси или по 2 осям строго диагонально
!    ⚠️ Радиовышка B2: клетка (8,2,3) занята
!    ⚠️ Тишина B5: клетка (5,3,1) занята
!    ⚠️ Тишина C5: клетка (5,3,1) занята

🎯 ВЫСТРЕЛЫ:
   Выпущено ракет: 0
# 
📊 РЕЗУЛЬТАТЫ ХОДА 21:
🎯 Попаданий нет

--- Результаты хода ---
  Попаданий нет

--- Состояние команд после хода ---
  Team A: живых 3/8
    ✓ Тишина A5          @ (8,2,3) hp=2/2
    ✓ Бурав A6           @ (5,3,1) hp=4/4
    ✓ Провокатор A7      @ (8,0,2) hp=2/2
    ✗ Артиллерия A1      @ (9,1,2) [уничтожен]
    ✗ Радиовышка A2      @ (3,3,2) [уничтожен]
    ✗ Прыгун A3          @ (6,5,3) [уничтожен]
    ✗ Факел A4           @ (8,4,2) [уничтожен]
    ✗ Паук A8            @ (0,0,2) [уничтожен]
  Team B: живых 2/8
    ✓ Радиовышка B2      @ (8,1,3) hp=3/3
    ✓ Тишина B5          @ (5,2,1) hp=2/2
    ✗ Артиллерия B1      @ (6,5,3) [уничтожен]
    ✗ Прыгун B3          @ (5,0,1) [уничтожен]
    ✗ Факел B4           @ (5,3,1) [уничтожен]
    ✗ Бурав B6           @ (6,7,2) [уничтожен]
    ✗ Провокатор B7      @ (1,0,3) [уничтожен]
    ✗ Паук B8            @ (0,2,3) [уничтожен]
  Team C: живых 1/8
    ✓ Тишина C5          @ (5,2,1) hp=2/2
    ✗ Артиллерия C1      @ (5,8,1) [уничтожен]
    ✗ Радиовышка C2      @ (4,5,2) [уничтожен]
    ✗ Прыгун C3          @ (0,2,3) [уничтожен]
    ✗ Факел C4           @ (2,5,3) [уничтожен]
    ✗ Бурав C6           @ (5,0,1) [уничтожен]
    ✗ Провокатор C7      @ (2,3,1) [уничтожен]
    ✗ Паук C8            @ (6,7,2) [уничтожен]

======================================================================
ХОД 22
======================================================================
✓ 🎮 GM: начинаем ход
GM: start_turn

--- Радиовышки: сканирование слоя Z ---
  Радиовышка B2 (z=3): видит 1 врагов  → Тишина A5(8,2,3)

--- Решения ботов ---
  [Team A] Тишина A5 (8,2,3) → MOVE (8,1,3)
  [Team A] Бурав A6 (5,3,1) → MOVE (6,2,2)
  [Team A] Провокатор A7 (8,0,2) → HOLOGRAM (8,1,2)
  [Team B] Радиовышка B2 (8,1,3) → MOVE (8,2,3)
  [Team B] Тишина B5 (5,2,1) → MOVE (5,3,1)
  [Team C] Тишина C5 (5,2,1) → MOVE (5,3,1)
! 🎮 GM: принудительно завершает фазу планирования
GM: end_planning
# 
============================================================
# 🔄 ОБРАБОТКА ХОДА 22
# ============================================================
!    ⚠️ Провокатор A7: клетка (8,1,2) уже занята голограммой

📦 ПЕРЕМЕЩЕНИЯ:
!    ⚠️ Тишина A5: клетка (8,1,3) занята
!    ⚠️ Бурав A6: Бурав двигается только по 1 оси или по 2 осям строго диагонально
!    ⚠️ Радиовышка B2: клетка (8,2,3) занята
!    ⚠️ Тишина B5: клетка (5,3,1) занята
!    ⚠️ Тишина C5: клетка (5,3,1) занята

🎯 ВЫСТРЕЛЫ:
   Выпущено ракет: 0
# 
📊 РЕЗУЛЬТАТЫ ХОДА 22:
🎯 Попаданий нет

--- Результаты хода ---
  Попаданий нет

--- Состояние команд после хода ---
  Team A: живых 3/8
    ✓ Тишина A5          @ (8,2,3) hp=2/2
    ✓ Бурав A6           @ (5,3,1) hp=4/4
    ✓ Провокатор A7      @ (8,0,2) hp=2/2
    ✗ Артиллерия A1      @ (9,1,2) [уничтожен]
    ✗ Радиовышка A2      @ (3,3,2) [уничтожен]
    ✗ Прыгун A3          @ (6,5,3) [уничтожен]
    ✗ Факел A4           @ (8,4,2) [уничтожен]
    ✗ Паук A8            @ (0,0,2) [уничтожен]
  Team B: живых 2/8
    ✓ Радиовышка B2      @ (8,1,3) hp=3/3
    ✓ Тишина B5          @ (5,2,1) hp=2/2
    ✗ Артиллерия B1      @ (6,5,3) [уничтожен]
    ✗ Прыгун B3          @ (5,0,1) [уничтожен]
    ✗ Факел B4           @ (5,3,1) [уничтожен]
    ✗ Бурав B6           @ (6,7,2) [уничтожен]
    ✗ Провокатор B7      @ (1,0,3) [уничтожен]
    ✗ Паук B8            @ (0,2,3) [уничтожен]
  Team C: живых 1/8
    ✓ Тишина C5          @ (5,2,1) hp=2/2
    ✗ Артиллерия C1      @ (5,8,1) [уничтожен]
    ✗ Радиовышка C2      @ (4,5,2) [уничтожен]
    ✗ Прыгун C3          @ (0,2,3) [уничтожен]
    ✗ Факел C4           @ (2,5,3) [уничтожен]
    ✗ Бурав C6           @ (5,0,1) [уничтожен]
    ✗ Провокатор C7      @ (2,3,1) [уничтожен]
    ✗ Паук C8            @ (6,7,2) [уничтожен]

======================================================================
ХОД 23
======================================================================
✓ 🎮 GM: начинаем ход
GM: start_turn

--- Радиовышки: сканирование слоя Z ---
  Радиовышка B2 (z=3): видит 1 врагов  → Тишина A5(8,2,3)

--- Решения ботов ---
  [Team A] Тишина A5 (8,2,3) → MOVE (8,1,3)
  [Team A] Бурав A6 (5,3,1) → MOVE (6,2,2)
  [Team A] Провокатор A7 (8,0,2) → HOLOGRAM (8,1,2)
  [Team B] Радиовышка B2 (8,1,3) → MOVE (8,2,3)
  [Team B] Тишина B5 (5,2,1) → MOVE (5,3,1)
  [Team C] Тишина C5 (5,2,1) → MOVE (5,3,1)
! 🎮 GM: принудительно завершает фазу планирования
GM: end_planning
# 
============================================================
# 🔄 ОБРАБОТКА ХОДА 23
# ============================================================
!    ⚠️ Провокатор A7: клетка (8,1,2) уже занята голограммой

📦 ПЕРЕМЕЩЕНИЯ:
!    ⚠️ Тишина A5: клетка (8,1,3) занята
!    ⚠️ Бурав A6: Бурав двигается только по 1 оси или по 2 осям строго диагонально
!    ⚠️ Радиовышка B2: клетка (8,2,3) занята
!    ⚠️ Тишина B5: клетка (5,3,1) занята
!    ⚠️ Тишина C5: клетка (5,3,1) занята

🎯 ВЫСТРЕЛЫ:
   Выпущено ракет: 0
# 
📊 РЕЗУЛЬТАТЫ ХОДА 23:
🎯 Попаданий нет

--- Результаты хода ---
  Попаданий нет

--- Состояние команд после хода ---
  Team A: живых 3/8
    ✓ Тишина A5          @ (8,2,3) hp=2/2
    ✓ Бурав A6           @ (5,3,1) hp=4/4
    ✓ Провокатор A7      @ (8,0,2) hp=2/2
    ✗ Артиллерия A1      @ (9,1,2) [уничтожен]
    ✗ Радиовышка A2      @ (3,3,2) [уничтожен]
    ✗ Прыгун A3          @ (6,5,3) [уничтожен]
    ✗ Факел A4           @ (8,4,2) [уничтожен]
    ✗ Паук A8            @ (0,0,2) [уничтожен]
  Team B: живых 2/8
    ✓ Радиовышка B2      @ (8,1,3) hp=3/3
    ✓ Тишина B5          @ (5,2,1) hp=2/2
    ✗ Артиллерия B1      @ (6,5,3) [уничтожен]
    ✗ Прыгун B3          @ (5,0,1) [уничтожен]
    ✗ Факел B4           @ (5,3,1) [уничтожен]
    ✗ Бурав B6           @ (6,7,2) [уничтожен]
    ✗ Провокатор B7      @ (1,0,3) [уничтожен]
    ✗ Паук B8            @ (0,2,3) [уничтожен]
  Team C: живых 1/8
    ✓ Тишина C5          @ (5,2,1) hp=2/2
    ✗ Артиллерия C1      @ (5,8,1) [уничтожен]
    ✗ Радиовышка C2      @ (4,5,2) [уничтожен]
    ✗ Прыгун C3          @ (0,2,3) [уничтожен]
    ✗ Факел C4           @ (2,5,3) [уничтожен]
    ✗ Бурав C6           @ (5,0,1) [уничтожен]
    ✗ Провокатор C7      @ (2,3,1) [уничтожен]
    ✗ Паук C8            @ (6,7,2) [уничтожен]

======================================================================
ХОД 24
======================================================================
✓ 🎮 GM: начинаем ход
GM: start_turn

--- Радиовышки: сканирование слоя Z ---
  Радиовышка B2 (z=3): видит 1 врагов  → Тишина A5(8,2,3)

--- Решения ботов ---
  [Team A] Тишина A5 (8,2,3) → MOVE (8,1,3)
  [Team A] Бурав A6 (5,3,1) → MOVE (6,2,2)
  [Team A] Провокатор A7 (8,0,2) → HOLOGRAM (8,1,2)
  [Team B] Радиовышка B2 (8,1,3) → MOVE (8,2,3)
  [Team B] Тишина B5 (5,2,1) → MOVE (5,3,1)
  [Team C] Тишина C5 (5,2,1) → MOVE (5,3,1)
! 🎮 GM: принудительно завершает фазу планирования
GM: end_planning
# 
============================================================
# 🔄 ОБРАБОТКА ХОДА 24
# ============================================================
!    ⚠️ Провокатор A7: клетка (8,1,2) уже занята голограммой

📦 ПЕРЕМЕЩЕНИЯ:
!    ⚠️ Тишина A5: клетка (8,1,3) занята
!    ⚠️ Бурав A6: Бурав двигается только по 1 оси или по 2 осям строго диагонально
!    ⚠️ Радиовышка B2: клетка (8,2,3) занята
!    ⚠️ Тишина B5: клетка (5,3,1) занята
!    ⚠️ Тишина C5: клетка (5,3,1) занята

🎯 ВЫСТРЕЛЫ:
   Выпущено ракет: 0
# 
📊 РЕЗУЛЬТАТЫ ХОДА 24:
🎯 Попаданий нет

--- Результаты хода ---
  Попаданий нет

--- Состояние команд после хода ---
  Team A: живых 3/8
    ✓ Тишина A5          @ (8,2,3) hp=2/2
    ✓ Бурав A6           @ (5,3,1) hp=4/4
    ✓ Провокатор A7      @ (8,0,2) hp=2/2
    ✗ Артиллерия A1      @ (9,1,2) [уничтожен]
    ✗ Радиовышка A2      @ (3,3,2) [уничтожен]
    ✗ Прыгун A3          @ (6,5,3) [уничтожен]
    ✗ Факел A4           @ (8,4,2) [уничтожен]
    ✗ Паук A8            @ (0,0,2) [уничтожен]
  Team B: живых 2/8
    ✓ Радиовышка B2      @ (8,1,3) hp=3/3
    ✓ Тишина B5          @ (5,2,1) hp=2/2
    ✗ Артиллерия B1      @ (6,5,3) [уничтожен]
    ✗ Прыгун B3          @ (5,0,1) [уничтожен]
    ✗ Факел B4           @ (5,3,1) [уничтожен]
    ✗ Бурав B6           @ (6,7,2) [уничтожен]
    ✗ Провокатор B7      @ (1,0,3) [уничтожен]
    ✗ Паук B8            @ (0,2,3) [уничтожен]
  Team C: живых 1/8
    ✓ Тишина C5          @ (5,2,1) hp=2/2
    ✗ Артиллерия C1      @ (5,8,1) [уничтожен]
    ✗ Радиовышка C2      @ (4,5,2) [уничтожен]
    ✗ Прыгун C3          @ (0,2,3) [уничтожен]
    ✗ Факел C4           @ (2,5,3) [уничтожен]
    ✗ Бурав C6           @ (5,0,1) [уничтожен]
    ✗ Провокатор C7      @ (2,3,1) [уничтожен]
    ✗ Паук C8            @ (6,7,2) [уничтожен]

======================================================================
ХОД 25
======================================================================
✓ 🎮 GM: начинаем ход
GM: start_turn

--- Радиовышки: сканирование слоя Z ---
  Радиовышка B2 (z=3): видит 1 врагов  → Тишина A5(8,2,3)

--- Решения ботов ---
  [Team A] Тишина A5 (8,2,3) → MOVE (8,1,3)
  [Team A] Бурав A6 (5,3,1) → MOVE (6,2,2)
  [Team A] Провокатор A7 (8,0,2) → HOLOGRAM (8,0,3)
  [Team B] Радиовышка B2 (8,1,3) → MOVE (8,2,3)
  [Team B] Тишина B5 (5,2,1) → MOVE (5,3,1)
  [Team C] Тишина C5 (5,2,1) → MOVE (5,3,1)
! 🎮 GM: принудительно завершает фазу планирования
GM: end_planning
# 
============================================================
# 🔄 ОБРАБОТКА ХОДА 25
# ============================================================
!    ⚠️ Провокатор A7: клетка (8,0,3) уже занята голограммой

📦 ПЕРЕМЕЩЕНИЯ:
!    ⚠️ Тишина A5: клетка (8,1,3) занята
!    ⚠️ Бурав A6: Бурав двигается только по 1 оси или по 2 осям строго диагонально
!    ⚠️ Радиовышка B2: клетка (8,2,3) занята
!    ⚠️ Тишина B5: клетка (5,3,1) занята
!    ⚠️ Тишина C5: клетка (5,3,1) занята

🎯 ВЫСТРЕЛЫ:
   Выпущено ракет: 0
# 
📊 РЕЗУЛЬТАТЫ ХОДА 25:
🎯 Попаданий нет

--- Результаты хода ---
  Попаданий нет

--- Состояние команд после хода ---
  Team A: живых 3/8
    ✓ Тишина A5          @ (8,2,3) hp=2/2
    ✓ Бурав A6           @ (5,3,1) hp=4/4
    ✓ Провокатор A7      @ (8,0,2) hp=2/2
    ✗ Артиллерия A1      @ (9,1,2) [уничтожен]
    ✗ Радиовышка A2      @ (3,3,2) [уничтожен]
    ✗ Прыгун A3          @ (6,5,3) [уничтожен]
    ✗ Факел A4           @ (8,4,2) [уничтожен]
    ✗ Паук A8            @ (0,0,2) [уничтожен]
  Team B: живых 2/8
    ✓ Радиовышка B2      @ (8,1,3) hp=3/3
    ✓ Тишина B5          @ (5,2,1) hp=2/2
    ✗ Артиллерия B1      @ (6,5,3) [уничтожен]
    ✗ Прыгун B3          @ (5,0,1) [уничтожен]
    ✗ Факел B4           @ (5,3,1) [уничтожен]
    ✗ Бурав B6           @ (6,7,2) [уничтожен]
    ✗ Провокатор B7      @ (1,0,3) [уничтожен]
    ✗ Паук B8            @ (0,2,3) [уничтожен]
  Team C: живых 1/8
    ✓ Тишина C5          @ (5,2,1) hp=2/2
    ✗ Артиллерия C1      @ (5,8,1) [уничтожен]
    ✗ Радиовышка C2      @ (4,5,2) [уничтожен]
    ✗ Прыгун C3          @ (0,2,3) [уничтожен]
    ✗ Факел C4           @ (2,5,3) [уничтожен]
    ✗ Бурав C6           @ (5,0,1) [уничтожен]
    ✗ Провокатор C7      @ (2,3,1) [уничтожен]
    ✗ Паук C8            @ (6,7,2) [уничтожен]

======================================================================
ХОД 26
======================================================================
✓ 🎮 GM: начинаем ход
GM: start_turn

--- Радиовышки: сканирование слоя Z ---
  Радиовышка B2 (z=3): видит 1 врагов  → Тишина A5(8,2,3)

--- Решения ботов ---
  [Team A] Тишина A5 (8,2,3) → MOVE (8,1,3)
  [Team A] Бурав A6 (5,3,1) → MOVE (6,2,2)
  [Team A] Провокатор A7 (8,0,2) → HOLOGRAM (8,1,2)
  [Team B] Радиовышка B2 (8,1,3) → MOVE (8,2,3)
  [Team B] Тишина B5 (5,2,1) → MOVE (5,3,1)
  [Team C] Тишина C5 (5,2,1) → MOVE (5,3,1)
! 🎮 GM: принудительно завершает фазу планирования
GM: end_planning
# 
============================================================
# 🔄 ОБРАБОТКА ХОДА 26
# ============================================================
!    ⚠️ Провокатор A7: клетка (8,1,2) уже занята голограммой

📦 ПЕРЕМЕЩЕНИЯ:
!    ⚠️ Тишина A5: клетка (8,1,3) занята
!    ⚠️ Бурав A6: Бурав двигается только по 1 оси или по 2 осям строго диагонально
!    ⚠️ Радиовышка B2: клетка (8,2,3) занята
!    ⚠️ Тишина B5: клетка (5,3,1) занята
!    ⚠️ Тишина C5: клетка (5,3,1) занята

🎯 ВЫСТРЕЛЫ:
   Выпущено ракет: 0
# 
📊 РЕЗУЛЬТАТЫ ХОДА 26:
🎯 Попаданий нет

--- Результаты хода ---
  Попаданий нет

--- Состояние команд после хода ---
  Team A: живых 3/8
    ✓ Тишина A5          @ (8,2,3) hp=2/2
    ✓ Бурав A6           @ (5,3,1) hp=4/4
    ✓ Провокатор A7      @ (8,0,2) hp=2/2
    ✗ Артиллерия A1      @ (9,1,2) [уничтожен]
    ✗ Радиовышка A2      @ (3,3,2) [уничтожен]
    ✗ Прыгун A3          @ (6,5,3) [уничтожен]
    ✗ Факел A4           @ (8,4,2) [уничтожен]
    ✗ Паук A8            @ (0,0,2) [уничтожен]
  Team B: живых 2/8
    ✓ Радиовышка B2      @ (8,1,3) hp=3/3
    ✓ Тишина B5          @ (5,2,1) hp=2/2
    ✗ Артиллерия B1      @ (6,5,3) [уничтожен]
    ✗ Прыгун B3          @ (5,0,1) [уничтожен]
    ✗ Факел B4           @ (5,3,1) [уничтожен]
    ✗ Бурав B6           @ (6,7,2) [уничтожен]
    ✗ Провокатор B7      @ (1,0,3) [уничтожен]
    ✗ Паук B8            @ (0,2,3) [уничтожен]
  Team C: живых 1/8
    ✓ Тишина C5          @ (5,2,1) hp=2/2
    ✗ Артиллерия C1      @ (5,8,1) [уничтожен]
    ✗ Радиовышка C2      @ (4,5,2) [уничтожен]
    ✗ Прыгун C3          @ (0,2,3) [уничтожен]
    ✗ Факел C4           @ (2,5,3) [уничтожен]
    ✗ Бурав C6           @ (5,0,1) [уничтожен]
    ✗ Провокатор C7      @ (2,3,1) [уничтожен]
    ✗ Паук C8            @ (6,7,2) [уничтожен]

======================================================================
ХОД 27
======================================================================
✓ 🎮 GM: начинаем ход
GM: start_turn

--- Радиовышки: сканирование слоя Z ---
  Радиовышка B2 (z=3): видит 1 врагов  → Тишина A5(8,2,3)

--- Решения ботов ---
  [Team A] Тишина A5 (8,2,3) → MOVE (8,1,3)
  [Team A] Бурав A6 (5,3,1) → MOVE (6,2,2)
  [Team A] Провокатор A7 (8,0,2) → HOLOGRAM (8,1,2)
  [Team B] Радиовышка B2 (8,1,3) → MOVE (8,2,3)
  [Team B] Тишина B5 (5,2,1) → MOVE (5,3,1)
  [Team C] Тишина C5 (5,2,1) → MOVE (5,3,1)
! 🎮 GM: принудительно завершает фазу планирования
GM: end_planning
# 
============================================================
# 🔄 ОБРАБОТКА ХОДА 27
# ============================================================
!    ⚠️ Провокатор A7: клетка (8,1,2) уже занята голограммой

📦 ПЕРЕМЕЩЕНИЯ:
!    ⚠️ Тишина A5: клетка (8,1,3) занята
!    ⚠️ Бурав A6: Бурав двигается только по 1 оси или по 2 осям строго диагонально
!    ⚠️ Радиовышка B2: клетка (8,2,3) занята
!    ⚠️ Тишина B5: клетка (5,3,1) занята
!    ⚠️ Тишина C5: клетка (5,3,1) занята

🎯 ВЫСТРЕЛЫ:
   Выпущено ракет: 0
# 
📊 РЕЗУЛЬТАТЫ ХОДА 27:
🎯 Попаданий нет

--- Результаты хода ---
  Попаданий нет

--- Состояние команд после хода ---
  Team A: живых 3/8
    ✓ Тишина A5          @ (8,2,3) hp=2/2
    ✓ Бурав A6           @ (5,3,1) hp=4/4
    ✓ Провокатор A7      @ (8,0,2) hp=2/2
    ✗ Артиллерия A1      @ (9,1,2) [уничтожен]
    ✗ Радиовышка A2      @ (3,3,2) [уничтожен]
    ✗ Прыгун A3          @ (6,5,3) [уничтожен]
    ✗ Факел A4           @ (8,4,2) [уничтожен]
    ✗ Паук A8            @ (0,0,2) [уничтожен]
  Team B: живых 2/8
    ✓ Радиовышка B2      @ (8,1,3) hp=3/3
    ✓ Тишина B5          @ (5,2,1) hp=2/2
    ✗ Артиллерия B1      @ (6,5,3) [уничтожен]
    ✗ Прыгун B3          @ (5,0,1) [уничтожен]
    ✗ Факел B4           @ (5,3,1) [уничтожен]
    ✗ Бурав B6           @ (6,7,2) [уничтожен]
    ✗ Провокатор B7      @ (1,0,3) [уничтожен]
    ✗ Паук B8            @ (0,2,3) [уничтожен]
  Team C: живых 1/8
    ✓ Тишина C5          @ (5,2,1) hp=2/2
    ✗ Артиллерия C1      @ (5,8,1) [уничтожен]
    ✗ Радиовышка C2      @ (4,5,2) [уничтожен]
    ✗ Прыгун C3          @ (0,2,3) [уничтожен]
    ✗ Факел C4           @ (2,5,3) [уничтожен]
    ✗ Бурав C6           @ (5,0,1) [уничтожен]
    ✗ Провокатор C7      @ (2,3,1) [уничтожен]
    ✗ Паук C8            @ (6,7,2) [уничтожен]

======================================================================
ХОД 28
======================================================================
✓ 🎮 GM: начинаем ход
GM: start_turn

--- Радиовышки: сканирование слоя Z ---
  Радиовышка B2 (z=3): видит 1 врагов  → Тишина A5(8,2,3)

--- Решения ботов ---
  [Team A] Тишина A5 (8,2,3) → MOVE (8,1,3)
  [Team A] Бурав A6 (5,3,1) → MOVE (6,2,2)
  [Team A] Провокатор A7 (8,0,2) → HOLOGRAM (8,1,2)
  [Team B] Радиовышка B2 (8,1,3) → MOVE (8,2,3)
  [Team B] Тишина B5 (5,2,1) → MOVE (5,3,1)
  [Team C] Тишина C5 (5,2,1) → MOVE (5,3,1)
! 🎮 GM: принудительно завершает фазу планирования
GM: end_planning
# 
============================================================
# 🔄 ОБРАБОТКА ХОДА 28
# ============================================================
!    ⚠️ Провокатор A7: клетка (8,1,2) уже занята голограммой

📦 ПЕРЕМЕЩЕНИЯ:
!    ⚠️ Тишина A5: клетка (8,1,3) занята
!    ⚠️ Бурав A6: Бурав двигается только по 1 оси или по 2 осям строго диагонально
!    ⚠️ Радиовышка B2: клетка (8,2,3) занята
!    ⚠️ Тишина B5: клетка (5,3,1) занята
!    ⚠️ Тишина C5: клетка (5,3,1) занята

🎯 ВЫСТРЕЛЫ:
   Выпущено ракет: 0
# 
📊 РЕЗУЛЬТАТЫ ХОДА 28:
🎯 Попаданий нет

--- Результаты хода ---
  Попаданий нет

--- Состояние команд после хода ---
  Team A: живых 3/8
    ✓ Тишина A5          @ (8,2,3) hp=2/2
    ✓ Бурав A6           @ (5,3,1) hp=4/4
    ✓ Провокатор A7      @ (8,0,2) hp=2/2
    ✗ Артиллерия A1      @ (9,1,2) [уничтожен]
    ✗ Радиовышка A2      @ (3,3,2) [уничтожен]
    ✗ Прыгун A3          @ (6,5,3) [уничтожен]
    ✗ Факел A4           @ (8,4,2) [уничтожен]
    ✗ Паук A8            @ (0,0,2) [уничтожен]
  Team B: живых 2/8
    ✓ Радиовышка B2      @ (8,1,3) hp=3/3
    ✓ Тишина B5          @ (5,2,1) hp=2/2
    ✗ Артиллерия B1      @ (6,5,3) [уничтожен]
    ✗ Прыгун B3          @ (5,0,1) [уничтожен]
    ✗ Факел B4           @ (5,3,1) [уничтожен]
    ✗ Бурав B6           @ (6,7,2) [уничтожен]
    ✗ Провокатор B7      @ (1,0,3) [уничтожен]
    ✗ Паук B8            @ (0,2,3) [уничтожен]
  Team C: живых 1/8
    ✓ Тишина C5          @ (5,2,1) hp=2/2
    ✗ Артиллерия C1      @ (5,8,1) [уничтожен]
    ✗ Радиовышка C2      @ (4,5,2) [уничтожен]
    ✗ Прыгун C3          @ (0,2,3) [уничтожен]
    ✗ Факел C4           @ (2,5,3) [уничтожен]
    ✗ Бурав C6           @ (5,0,1) [уничтожен]
    ✗ Провокатор C7      @ (2,3,1) [уничтожен]
    ✗ Паук C8            @ (6,7,2) [уничтожен]

======================================================================
ХОД 29
======================================================================
✓ 🎮 GM: начинаем ход
GM: start_turn

--- Радиовышки: сканирование слоя Z ---
  Радиовышка B2 (z=3): видит 1 врагов  → Тишина A5(8,2,3)

--- Решения ботов ---
  [Team A] Тишина A5 (8,2,3) → MOVE (8,1,3)
  [Team A] Бурав A6 (5,3,1) → MOVE (6,2,2)
  [Team A] Провокатор A7 (8,0,2) → HOLOGRAM (8,0,3)
  [Team B] Радиовышка B2 (8,1,3) → MOVE (8,2,3)
  [Team B] Тишина B5 (5,2,1) → MOVE (5,3,1)
  [Team C] Тишина C5 (5,2,1) → MOVE (5,3,1)
! 🎮 GM: принудительно завершает фазу планирования
GM: end_planning
# 
============================================================
# 🔄 ОБРАБОТКА ХОДА 29
# ============================================================
!    ⚠️ Провокатор A7: клетка (8,0,3) уже занята голограммой

📦 ПЕРЕМЕЩЕНИЯ:
!    ⚠️ Тишина A5: клетка (8,1,3) занята
!    ⚠️ Бурав A6: Бурав двигается только по 1 оси или по 2 осям строго диагонально
!    ⚠️ Радиовышка B2: клетка (8,2,3) занята
!    ⚠️ Тишина B5: клетка (5,3,1) занята
!    ⚠️ Тишина C5: клетка (5,3,1) занята

🎯 ВЫСТРЕЛЫ:
   Выпущено ракет: 0
# 
📊 РЕЗУЛЬТАТЫ ХОДА 29:
🎯 Попаданий нет

--- Результаты хода ---
  Попаданий нет

--- Состояние команд после хода ---
  Team A: живых 3/8
    ✓ Тишина A5          @ (8,2,3) hp=2/2
    ✓ Бурав A6           @ (5,3,1) hp=4/4
    ✓ Провокатор A7      @ (8,0,2) hp=2/2
    ✗ Артиллерия A1      @ (9,1,2) [уничтожен]
    ✗ Радиовышка A2      @ (3,3,2) [уничтожен]
    ✗ Прыгун A3          @ (6,5,3) [уничтожен]
    ✗ Факел A4           @ (8,4,2) [уничтожен]
    ✗ Паук A8            @ (0,0,2) [уничтожен]
  Team B: живых 2/8
    ✓ Радиовышка B2      @ (8,1,3) hp=3/3
    ✓ Тишина B5          @ (5,2,1) hp=2/2
    ✗ Артиллерия B1      @ (6,5,3) [уничтожен]
    ✗ Прыгун B3          @ (5,0,1) [уничтожен]
    ✗ Факел B4           @ (5,3,1) [уничтожен]
    ✗ Бурав B6           @ (6,7,2) [уничтожен]
    ✗ Провокатор B7      @ (1,0,3) [уничтожен]
    ✗ Паук B8            @ (0,2,3) [уничтожен]
  Team C: живых 1/8
    ✓ Тишина C5          @ (5,2,1) hp=2/2
    ✗ Артиллерия C1      @ (5,8,1) [уничтожен]
    ✗ Радиовышка C2      @ (4,5,2) [уничтожен]
    ✗ Прыгун C3          @ (0,2,3) [уничтожен]
    ✗ Факел C4           @ (2,5,3) [уничтожен]
    ✗ Бурав C6           @ (5,0,1) [уничтожен]
    ✗ Провокатор C7      @ (2,3,1) [уничтожен]
    ✗ Паук C8            @ (6,7,2) [уничтожен]

======================================================================
ХОД 30
======================================================================
✓ 🎮 GM: начинаем ход
GM: start_turn

--- Радиовышки: сканирование слоя Z ---
  Радиовышка B2 (z=3): видит 1 врагов  → Тишина A5(8,2,3)

--- Решения ботов ---
  [Team A] Тишина A5 (8,2,3) → MOVE (8,1,3)
  [Team A] Бурав A6 (5,3,1) → MOVE (6,2,2)
  [Team A] Провокатор A7 (8,0,2) → HOLOGRAM (8,1,2)
  [Team B] Радиовышка B2 (8,1,3) → MOVE (8,2,3)
  [Team B] Тишина B5 (5,2,1) → MOVE (5,3,1)
  [Team C] Тишина C5 (5,2,1) → MOVE (5,3,1)
! 🎮 GM: принудительно завершает фазу планирования
GM: end_planning
# 
============================================================
# 🔄 ОБРАБОТКА ХОДА 30
# ============================================================
!    ⚠️ Провокатор A7: клетка (8,1,2) уже занята голограммой

📦 ПЕРЕМЕЩЕНИЯ:
!    ⚠️ Тишина A5: клетка (8,1,3) занята
!    ⚠️ Бурав A6: Бурав двигается только по 1 оси или по 2 осям строго диагонально
!    ⚠️ Радиовышка B2: клетка (8,2,3) занята
!    ⚠️ Тишина B5: клетка (5,3,1) занята
!    ⚠️ Тишина C5: клетка (5,3,1) занята

🎯 ВЫСТРЕЛЫ:
   Выпущено ракет: 0
# 
📊 РЕЗУЛЬТАТЫ ХОДА 30:
🎯 Попаданий нет

--- Результаты хода ---
  Попаданий нет

--- Состояние команд после хода ---
  Team A: живых 3/8
    ✓ Тишина A5          @ (8,2,3) hp=2/2
    ✓ Бурав A6           @ (5,3,1) hp=4/4
    ✓ Провокатор A7      @ (8,0,2) hp=2/2
    ✗ Артиллерия A1      @ (9,1,2) [уничтожен]
    ✗ Радиовышка A2      @ (3,3,2) [уничтожен]
    ✗ Прыгун A3          @ (6,5,3) [уничтожен]
    ✗ Факел A4           @ (8,4,2) [уничтожен]
    ✗ Паук A8            @ (0,0,2) [уничтожен]
  Team B: живых 2/8
    ✓ Радиовышка B2      @ (8,1,3) hp=3/3
    ✓ Тишина B5          @ (5,2,1) hp=2/2
    ✗ Артиллерия B1      @ (6,5,3) [уничтожен]
    ✗ Прыгун B3          @ (5,0,1) [уничтожен]
    ✗ Факел B4           @ (5,3,1) [уничтожен]
    ✗ Бурав B6           @ (6,7,2) [уничтожен]
    ✗ Провокатор B7      @ (1,0,3) [уничтожен]
    ✗ Паук B8            @ (0,2,3) [уничтожен]
  Team C: живых 1/8
    ✓ Тишина C5          @ (5,2,1) hp=2/2
    ✗ Артиллерия C1      @ (5,8,1) [уничтожен]
    ✗ Радиовышка C2      @ (4,5,2) [уничтожен]
    ✗ Прыгун C3          @ (0,2,3) [уничтожен]
    ✗ Факел C4           @ (2,5,3) [уничтожен]
    ✗ Бурав C6           @ (5,0,1) [уничтожен]
    ✗ Провокатор C7      @ (2,3,1) [уничтожен]
    ✗ Паук C8            @ (6,7,2) [уничтожен]

======================================================================
ИТОГ
======================================================================
Лимит ходов (30) исчерпан, ничья/пат.

--- Сводка по командам ---
  Team A: 3/8 живых; hp=8
  Team B: 2/8 живых; hp=5
  Team C: 1/8 живых; hp=2

--- Сводка по пассивкам радиовышек ---
  Team A: сканирований=8, всего врагов-в-слоях=13, уникальных эксклюзивных (видны только радиовышкой)=5
  Team B: сканирований=30, всего врагов-в-слоях=20, уникальных эксклюзивных (видны только радиовышкой)=1
  Team C: сканирований=2, всего врагов-в-слоях=6, уникальных эксклюзивных (видны только радиовышкой)=2

--- Сводка по попаданиям ---
  Всего событий (шоты+тараны+мины): 20
  Уничтожено кораблей всего: 18
  Team A: урон=15 хиты=1 тараны=4 мины(сработало)=0 убийств=5
  Team B: урон=24 хиты=1 тараны=7 мины(сработало)=0 убийств=7
  Team C: урон=12 хиты=2 тараны=3 мины(сработало)=2 убийств=6
! 🎮 GM: остановка игры
