======================================================================
Space Battle 10×10×10 — simulation run at 2026-04-20T13:23:54+00:00
Game mode: advanced
Seed: 83
✓ 🚀 Продвинутый режим: создаю разные типы кораблей
   Стартовые Z-слои: A=7, B=9, C=1
✓ ✅ Создано 24 кораблей


--- СТАРТОВАЯ РАССТАНОВКА ---
  Team A: живых 8/8
    ✓ Артиллерия A1      @ (9,5,7) hp=1/1
    ✓ Радиовышка A2      @ (0,1,7) hp=3/3
    ✓ Прыгун A3          @ (5,5,7) hp=2/2
    ✓ Факел A4           @ (7,2,7) hp=6/6
    ✓ Тишина A5          @ (4,6,7) hp=2/2
    ✓ Бурав A6           @ (5,4,7) hp=4/4
    ✓ Провокатор A7      @ (7,3,7) hp=2/2
    ✓ Паук A8            @ (3,4,7) hp=1/1
  Team B: живых 8/8
    ✓ Артиллерия B1      @ (2,5,9) hp=1/1
    ✓ Радиовышка B2      @ (1,9,9) hp=3/3
    ✓ Прыгун B3          @ (9,5,9) hp=2/2
    ✓ Факел B4           @ (8,3,9) hp=6/6
    ✓ Тишина B5          @ (0,1,9) hp=2/2
    ✓ Бурав B6           @ (1,0,9) hp=4/4
    ✓ Провокатор B7      @ (3,6,9) hp=2/2
    ✓ Паук B8            @ (5,8,9) hp=1/1
  Team C: живых 8/8
    ✓ Артиллерия C1      @ (1,3,1) hp=1/1
    ✓ Радиовышка C2      @ (0,4,1) hp=3/3
    ✓ Прыгун C3          @ (4,6,1) hp=2/2
    ✓ Факел C4           @ (4,8,1) hp=6/6
    ✓ Тишина C5          @ (2,7,1) hp=2/2
    ✓ Бурав C6           @ (3,8,1) hp=4/4
    ✓ Провокатор C7      @ (0,5,1) hp=2/2
    ✓ Паук C8            @ (4,3,1) hp=1/1

======================================================================
ХОД 1
======================================================================
✓ 🎮 GM: начинаем ход
GM: start_turn

--- Радиовышки: сканирование слоя Z ---
  Радиовышка A2 (z=7): слой чист
  Радиовышка B2 (z=9): слой чист
  Радиовышка C2 (z=1): слой чист

--- Решения ботов ---
  [Team A] Артиллерия A1 (9,5,7) → SHOOT at (2,5,9)
  [Team A] Радиовышка A2 (0,1,7) → MOVE (0,1,8)
  [Team A] Прыгун A3 (5,5,7) → MOVE (3,6,9)
  [Team A] Факел A4 (7,2,7) → MOVE (8,3,7)
  [Team A] Тишина A5 (4,6,7) → PHASE toggle
  [Team A] Бурав A6 (5,4,7) → MOVE (4,5,8)
  [Team A] Провокатор A7 (7,3,7) → HOLOGRAM (8,4,8)
  [Team A] Паук A8 (3,4,7) → MINE (4,5,8)
  [Team B] Артиллерия B1 (2,5,9) → SHOOT at (9,5,7)
  [Team B] Радиовышка B2 (1,9,9) → MOVE (2,8,8)
  [Team B] Прыгун B3 (9,5,9) → MOVE (9,5,7)
  [Team B] Факел B4 (8,3,9) → MOVE (7,4,9)
  [Team B] Тишина B5 (0,1,9) → PHASE toggle
  [Team B] Бурав B6 (1,0,9) → MOVE (0,1,8)
  [Team B] Провокатор B7 (3,6,9) → HOLOGRAM (4,5,8)
  [Team B] Паук B8 (5,8,9) → MINE (4,7,8)
  [Team C] Артиллерия C1 (1,3,1) → SHOOT at (0,0,0)
  [Team C] Радиовышка C2 (0,4,1) → MOVE (1,5,2)
  [Team C] Прыгун C3 (4,6,1) → MOVE (5,5,2)
  [Team C] Факел C4 (4,8,1) → MOVE (3,7,1)
  [Team C] Тишина C5 (2,7,1) → MOVE (3,6,2)
  [Team C] Бурав C6 (3,8,1) → MOVE (4,7,2)
  [Team C] Провокатор C7 (0,5,1) → MOVE (0,5,2)
  [Team C] Паук C8 (4,3,1) → MOVE (5,4,2)
! 🎮 GM: принудительно завершает фазу планирования
GM: end_planning
# 
============================================================
# 🔄 ОБРАБОТКА ХОДА 1
# ============================================================
   🌀 Тишина A5: фаза ВКЛ
   🌀 Тишина B5: фаза ВКЛ
   🪞 Провокатор A7 создал голограмму H1 в (8,4,8)
   🪞 Провокатор B7 создал голограмму H2 в (4,5,8)
   💣 Паук A8 установил мину M1 в (4,5,8)
   💣 Паук B8 установил мину M2 в (4,7,8)

📦 ПЕРЕМЕЩЕНИЯ:
   Радиовышка A2: (0, 1, 7) → (0,1,8)
✓    💥 Прыгун A3 тараном уничтожил Провокатор B7 в (3,6,9)
   Прыгун A3: (5, 5, 7) → (3,6,9)
   Факел A4: (7, 2, 7) → (8,3,7)
!    ⚠️ Бурав A6: Бурав двигается только по 1 оси или по 2 осям строго диагонально
   Радиовышка B2: (1, 9, 9) → (2,8,8)
✓    💥 Прыгун B3 тараном уничтожил Артиллерия A1 в (9,5,7)
   Прыгун B3: (9, 5, 9) → (9,5,7)
   Факел B4: (8, 3, 9) → (7,4,9)
!    ⚠️ Бурав B6: Бурав двигается только по 1 оси или по 2 осям строго диагонально
   Радиовышка C2: (0, 4, 1) → (1,5,2)
   Прыгун C3: (4, 6, 1) → (5,5,2)
   Факел C4: (4, 8, 1) → (3,7,1)
   Тишина C5: (2, 7, 1) → (3,6,2)
!    ⚠️ Бурав C6: Бурав двигается только по 1 оси или по 2 осям строго диагонально
   Провокатор C7: (0, 5, 1) → (0,5,2)
   Паук C8: (4, 3, 1) → (5,4,2)

🎯 ВЫСТРЕЛЫ:
   Выпущено ракет: 2
# 
📊 РЕЗУЛЬТАТЫ ХОДА 1:
🎯 Попаданий нет

--- Результаты хода ---
  Team A / Прыгун A3          → Team B / Провокатор B7      @ (3,6,9)  (УБИТ)
  Team B / Прыгун B3          → Team A / Артиллерия A1      @ (9,5,7)  (УБИТ)

--- Состояние команд после хода ---
  Team A: живых 7/8
    ✓ Радиовышка A2      @ (0,1,8) hp=3/3
    ✓ Прыгун A3          @ (3,6,9) hp=2/2
    ✓ Факел A4           @ (8,3,7) hp=6/6
    ✓ Тишина A5          @ (4,6,7) hp=2/2
    ✓ Бурав A6           @ (5,4,7) hp=4/4
    ✓ Провокатор A7      @ (7,3,7) hp=2/2
    ✓ Паук A8            @ (3,4,7) hp=1/1
    ✗ Артиллерия A1      @ (9,5,7) [уничтожен]
  Team B: живых 7/8
    ✓ Артиллерия B1      @ (2,5,9) hp=1/1
    ✓ Радиовышка B2      @ (2,8,8) hp=3/3
    ✓ Прыгун B3          @ (9,5,7) hp=2/2
    ✓ Факел B4           @ (7,4,9) hp=6/6
    ✓ Тишина B5          @ (0,1,9) hp=2/2
    ✓ Бурав B6           @ (1,0,9) hp=4/4
    ✓ Паук B8            @ (5,8,9) hp=1/1
    ✗ Провокатор B7      @ (3,6,9) [уничтожен]
  Team C: живых 8/8
    ✓ Артиллерия C1      @ (1,3,1) hp=1/1
    ✓ Радиовышка C2      @ (1,5,2) hp=3/3
    ✓ Прыгун C3          @ (5,5,2) hp=2/2
    ✓ Факел C4           @ (3,7,1) hp=6/6
    ✓ Тишина C5          @ (3,6,2) hp=2/2
    ✓ Бурав C6           @ (3,8,1) hp=4/4
    ✓ Провокатор C7      @ (0,5,2) hp=2/2
    ✓ Паук C8            @ (5,4,2) hp=1/1

======================================================================
ХОД 2
======================================================================
✓ 🎮 GM: начинаем ход
GM: start_turn

--- Радиовышки: сканирование слоя Z ---
  Радиовышка A2 (z=8): видит 1 врагов  → Радиовышка B2(2,8,8)
  Радиовышка B2 (z=8): видит 1 врагов  → Радиовышка A2(0,1,8)
  Радиовышка C2 (z=2): слой чист

--- Решения ботов ---
  [Team A] Радиовышка A2 (0,1,8) → MOVE (1,0,9)
  [Team A] Прыгун A3 (3,6,9) → MOVE (2,5,9)
  [Team A] Факел A4 (8,3,7) → MOVE (7,4,8)
  [Team A] Тишина A5 (4,6,7) → MOVE (3,5,8)
  [Team A] Бурав A6 (5,4,7) → MOVE (7,4,9)
  [Team A] Провокатор A7 (7,3,7) → HOLOGRAM (8,4,7)
  [Team A] Паук A8 (3,4,7) → MINE (2,5,8)
  [Team B] Артиллерия B1 (2,5,9) → SHOOT at (3,6,9)
  [Team B] Радиовышка B2 (2,8,8) → MOVE (3,7,9)
  [Team B] Прыгун B3 (9,5,7) → MOVE (8,3,7)
  [Team B] Факел B4 (7,4,9) → MOVE (6,5,9)
  [Team B] Тишина B5 (0,1,9) → MOVE (0,1,8)
  [Team B] Бурав B6 (1,0,9) → MOVE (0,0,8)
  [Team B] Паук B8 (5,8,9) → MINE (4,7,9)
  [Team C] Артиллерия C1 (1,3,1) → SHOOT at (9,4,9)
  [Team C] Радиовышка C2 (1,5,2) → MOVE (2,5,3)
  [Team C] Прыгун C3 (5,5,2) → MOVE (5,5,3)
  [Team C] Факел C4 (3,7,1) → MOVE (2,6,1)
  [Team C] Тишина C5 (3,6,2) → MOVE (4,5,3)
  [Team C] Бурав C6 (3,8,1) → MOVE (4,7,2)
  [Team C] Провокатор C7 (0,5,2) → MOVE (1,5,3)
  [Team C] Паук C8 (5,4,2) → MOVE (5,4,3)
! 🎮 GM: принудительно завершает фазу планирования
GM: end_planning
# 
============================================================
# 🔄 ОБРАБОТКА ХОДА 2
# ============================================================
   🪞 Провокатор A7 создал голограмму H3 в (8,4,7)
   💣 Паук A8 установил мину M3 в (2,5,8)
   💣 Паук B8 установил мину M4 в (4,7,9)

📦 ПЕРЕМЕЩЕНИЯ:
!    ⚠️ Радиовышка A2: клетка (1,0,9) занята
✓    💥 Прыгун A3 тараном уничтожил Артиллерия B1 в (2,5,9)
   Прыгун A3: (3, 6, 9) → (2,5,9)
   Факел A4: (8, 3, 7) → (7,4,8)
   Тишина A5: (4, 6, 7) → (3,5,8)
✓    💥 Бурав A6 тараном уничтожил Факел B4 в (7,4,9)
   Бурав A6: (5, 4, 7) → (7,4,9)
   Радиовышка B2: (2, 8, 8) → (3,7,9)
   Прыгун B3: (9, 5, 7) → (8,3,7)
!    ⚠️ Тишина B5: клетка (0,1,8) занята
   Бурав B6: (1, 0, 9) → (0,0,8)
   Радиовышка C2: (1, 5, 2) → (2,5,3)
   Прыгун C3: (5, 5, 2) → (5,5,3)
   Факел C4: (3, 7, 1) → (2,6,1)
   Тишина C5: (3, 6, 2) → (4,5,3)
!    ⚠️ Бурав C6: Бурав двигается только по 1 оси или по 2 осям строго диагонально
   Провокатор C7: (0, 5, 2) → (1,5,3)
   Паук C8: (5, 4, 2) → (5,4,3)

🎯 ВЫСТРЕЛЫ:
   Выпущено ракет: 1
# 
📊 РЕЗУЛЬТАТЫ ХОДА 2:
🎯 Попаданий нет

--- Результаты хода ---
  Team A / Прыгун A3          → Team B / Артиллерия B1      @ (2,5,9)  (УБИТ)
  Team A / Бурав A6           → Team B / Факел B4           @ (7,4,9)  (УБИТ)

--- Состояние команд после хода ---
  Team A: живых 7/8
    ✓ Радиовышка A2      @ (0,1,8) hp=3/3
    ✓ Прыгун A3          @ (2,5,9) hp=2/2
    ✓ Факел A4           @ (7,4,8) hp=6/6
    ✓ Тишина A5          @ (3,5,8) hp=2/2
    ✓ Бурав A6           @ (7,4,9) hp=4/4
    ✓ Провокатор A7      @ (7,3,7) hp=2/2
    ✓ Паук A8            @ (3,4,7) hp=1/1
    ✗ Артиллерия A1      @ (9,5,7) [уничтожен]
  Team B: живых 5/8
    ✓ Радиовышка B2      @ (3,7,9) hp=3/3
    ✓ Прыгун B3          @ (8,3,7) hp=2/2
    ✓ Тишина B5          @ (0,1,9) hp=2/2
    ✓ Бурав B6           @ (0,0,8) hp=4/4
    ✓ Паук B8            @ (5,8,9) hp=1/1
    ✗ Артиллерия B1      @ (2,5,9) [уничтожен]
    ✗ Факел B4           @ (7,4,9) [уничтожен]
    ✗ Провокатор B7      @ (3,6,9) [уничтожен]
  Team C: живых 8/8
    ✓ Артиллерия C1      @ (1,3,1) hp=1/1
    ✓ Радиовышка C2      @ (2,5,3) hp=3/3
    ✓ Прыгун C3          @ (5,5,3) hp=2/2
    ✓ Факел C4           @ (2,6,1) hp=6/6
    ✓ Тишина C5          @ (4,5,3) hp=2/2
    ✓ Бурав C6           @ (3,8,1) hp=4/4
    ✓ Провокатор C7      @ (1,5,3) hp=2/2
    ✓ Паук C8            @ (5,4,3) hp=1/1

======================================================================
ХОД 3
======================================================================
✓ 🎮 GM: начинаем ход
GM: start_turn

--- Радиовышки: сканирование слоя Z ---
  Радиовышка A2 (z=8): видит 1 врагов [+1 эксклюзивно] → Бурав B6(0,0,8)
  Радиовышка B2 (z=9): видит 2 врагов  → Прыгун A3(2,5,9), Бурав A6(7,4,9)
  Радиовышка C2 (z=3): слой чист

--- Решения ботов ---
  [Team A] Радиовышка A2 (0,1,8) → MOVE (0,0,8)
  [Team A] Прыгун A3 (2,5,9) → MOVE (3,7,9)
  [Team A] Факел A4 (7,4,8) → MOVE (6,5,9)
  [Team A] Тишина A5 (3,5,8) → MOVE (3,6,9)
  [Team A] Бурав A6 (7,4,9) → MOVE (8,3,8)
  [Team A] Провокатор A7 (7,3,7) → HOLOGRAM (8,3,7)
  [Team A] Паук A8 (3,4,7) → MINE (3,5,7)
  [Team B] Радиовышка B2 (3,7,9) → MOVE (2,6,9)
  [Team B] Прыгун B3 (8,3,7) → MOVE (7,4,8)
  [Team B] Тишина B5 (0,1,9) → MOVE (0,1,8)
  [Team B] Паук B8 (5,8,9) → MINE (4,7,9)
  [Team B] Бурав B6 → SKIP
  [Team C] Артиллерия C1 (1,3,1) → SHOOT at (0,0,1)
  [Team C] Радиовышка C2 (2,5,3) → MOVE (3,5,4)
  [Team C] Прыгун C3 (5,5,3) → MOVE (5,5,4)
  [Team C] Факел C4 (2,6,1) → MOVE (1,5,1)
  [Team C] Тишина C5 (4,5,3) → MOVE (4,5,4)
  [Team C] Бурав C6 (3,8,1) → MOVE (4,7,2)
  [Team C] Провокатор C7 (1,5,3) → MOVE (2,5,4)
  [Team C] Паук C8 (5,4,3) → MOVE (5,4,4)
! 🎮 GM: принудительно завершает фазу планирования
GM: end_planning
# 
============================================================
# 🔄 ОБРАБОТКА ХОДА 3
# ============================================================
!    ⚠️ Провокатор A7: клетка (8,3,7) занята кораблём
   💣 Паук A8 установил мину M5 в (3,5,7)
!    ⚠️ Паук B8: в клетке уже стоит мина

📦 ПЕРЕМЕЩЕНИЯ:
!    ⚠️ Радиовышка A2: клетка (0,0,8) занята
✓    💥 Прыгун A3 тараном уничтожил Радиовышка B2 в (3,7,9)
   Прыгун A3: (2, 5, 9) → (3,7,9)
   Факел A4: (7, 4, 8) → (6,5,9)
   Тишина A5: (3, 5, 8) → (3,6,9)
!    ⚠️ Бурав A6: Бурав двигается только по 1 оси или по 2 осям строго диагонально
   Прыгун B3: (8, 3, 7) → (7,4,8)
!    ⚠️ Тишина B5: клетка (0,1,8) занята
   Радиовышка C2: (2, 5, 3) → (3,5,4)
   Прыгун C3: (5, 5, 3) → (5,5,4)
   Факел C4: (2, 6, 1) → (1,5,1)
   Тишина C5: (4, 5, 3) → (4,5,4)
!    ⚠️ Бурав C6: Бурав двигается только по 1 оси или по 2 осям строго диагонально
   Провокатор C7: (1, 5, 3) → (2,5,4)
   Паук C8: (5, 4, 3) → (5,4,4)

🎯 ВЫСТРЕЛЫ:
   Выпущено ракет: 1
# 
📊 РЕЗУЛЬТАТЫ ХОДА 3:
🎯 Попаданий нет

--- Результаты хода ---
  Team A / Прыгун A3          → Team B / Радиовышка B2      @ (3,7,9)  (УБИТ)

--- Состояние команд после хода ---
  Team A: живых 7/8
    ✓ Радиовышка A2      @ (0,1,8) hp=3/3
    ✓ Прыгун A3          @ (3,7,9) hp=2/2
    ✓ Факел A4           @ (6,5,9) hp=6/6
    ✓ Тишина A5          @ (3,6,9) hp=2/2
    ✓ Бурав A6           @ (7,4,9) hp=4/4
    ✓ Провокатор A7      @ (7,3,7) hp=2/2
    ✓ Паук A8            @ (3,4,7) hp=1/1
    ✗ Артиллерия A1      @ (9,5,7) [уничтожен]
  Team B: живых 4/8
    ✓ Прыгун B3          @ (7,4,8) hp=2/2
    ✓ Тишина B5          @ (0,1,9) hp=2/2
    ✓ Бурав B6           @ (0,0,8) hp=4/4
    ✓ Паук B8            @ (5,8,9) hp=1/1
    ✗ Артиллерия B1      @ (2,5,9) [уничтожен]
    ✗ Радиовышка B2      @ (3,7,9) [уничтожен]
    ✗ Факел B4           @ (7,4,9) [уничтожен]
    ✗ Провокатор B7      @ (3,6,9) [уничтожен]
  Team C: живых 8/8
    ✓ Артиллерия C1      @ (1,3,1) hp=1/1
    ✓ Радиовышка C2      @ (3,5,4) hp=3/3
    ✓ Прыгун C3          @ (5,5,4) hp=2/2
    ✓ Факел C4           @ (1,5,1) hp=6/6
    ✓ Тишина C5          @ (4,5,4) hp=2/2
    ✓ Бурав C6           @ (3,8,1) hp=4/4
    ✓ Провокатор C7      @ (2,5,4) hp=2/2
    ✓ Паук C8            @ (5,4,4) hp=1/1

======================================================================
ХОД 4
======================================================================
✓ 🎮 GM: начинаем ход
GM: start_turn

--- Радиовышки: сканирование слоя Z ---
  Радиовышка A2 (z=8): видит 2 врагов [+1 эксклюзивно] → Бурав B6(0,0,8), Прыгун B3(7,4,8)
  Радиовышка C2 (z=4): слой чист

--- Решения ботов ---
  [Team A] Радиовышка A2 (0,1,8) → MOVE (0,0,8)
  [Team A] Прыгун A3 (3,7,9) → MOVE (5,8,9)
  [Team A] Факел A4 (6,5,9) → MOVE (5,6,9)
  [Team A] Тишина A5 (3,6,9) → MOVE (4,7,9)
  [Team A] Бурав A6 (7,4,9) → MOVE (7,4,8)
  [Team A] Провокатор A7 (7,3,7) → HOLOGRAM (7,3,8)
  [Team A] Паук A8 (3,4,7) → MINE (3,5,6)
  [Team B] Прыгун B3 (7,4,8) → MOVE (6,5,9)
  [Team B] Тишина B5 (0,1,9) → PHASE toggle
  [Team B] Бурав B6 (0,0,8) → MOVE (0,1,8)
  [Team B] Паук B8 (5,8,9) → MINE (4,8,9)
  [Team C] Артиллерия C1 (1,3,1) → SHOOT at (7,3,7)
  [Team C] Радиовышка C2 (3,5,4) → MOVE (3,4,5)
  [Team C] Прыгун C3 (5,5,4) → MOVE (6,4,5)
  [Team C] Факел C4 (1,5,1) → MOVE (1,4,1)
  [Team C] Тишина C5 (4,5,4) → PHASE toggle
  [Team C] Бурав C6 (3,8,1) → MOVE (4,7,2)
  [Team C] Провокатор C7 (2,5,4) → HOLOGRAM (2,5,5)
  [Team C] Паук C8 (5,4,4) → MINE (6,3,5)
! 🎮 GM: принудительно завершает фазу планирования
GM: end_planning
# 
============================================================
# 🔄 ОБРАБОТКА ХОДА 4
# ============================================================
   🌀 Тишина B5: фаза ВЫКЛ
   🌀 Тишина C5: фаза ВКЛ
   🪞 Провокатор A7 создал голограмму H4 в (7,3,8)
   🪞 Провокатор C7 создал голограмму H5 в (2,5,5)
   💣 Паук A8 установил мину M6 в (3,5,6)
   💣 Паук B8 установил мину M7 в (4,8,9)
   💣 Паук C8 установил мину M8 в (6,3,5)

📦 ПЕРЕМЕЩЕНИЯ:
!    ⚠️ Радиовышка A2: клетка (0,0,8) занята
✓    💥 Прыгун A3 тараном уничтожил Паук B8 в (5,8,9)
   Прыгун A3: (3, 7, 9) → (5,8,9)
   Факел A4: (6, 5, 9) → (5,6,9)
   Тишина A5: (3, 6, 9) → (4,7,9)
!    💥 Мина M4 сработала под Тишина A5 (урон 0)
✓    💥 Бурав A6 тараном уничтожил Прыгун B3 в (7,4,8)
   Бурав A6: (7, 4, 9) → (7,4,8)
✓    💥 Бурав B6 тараном уничтожил Радиовышка A2 в (0,1,8)
   Бурав B6: (0, 0, 8) → (0,1,8)
   Радиовышка C2: (3, 5, 4) → (3,4,5)
   Прыгун C3: (5, 5, 4) → (6,4,5)
   Факел C4: (1, 5, 1) → (1,4,1)
!    ⚠️ Бурав C6: Бурав двигается только по 1 оси или по 2 осям строго диагонально

🎯 ВЫСТРЕЛЫ:
✓    ✅ Артиллерия C1 поразил Провокатор A7 (2 урона)!
   Выпущено ракет: 1
# 
📊 РЕЗУЛЬТАТЫ ХОДА 4:
✓ 💥 ПОПАДАНИЯ:
✓    Артиллерия C1 (Team C) → Провокатор A7 (Team A)

--- Результаты хода ---
  Team A / Прыгун A3          → Team B / Паук B8            @ (5,8,9)  (УБИТ)
  ? / ?                  → Team A / Тишина A5          @ (4,7,9)  (ранен)
  Team A / Бурав A6           → Team B / Прыгун B3          @ (7,4,8)  (УБИТ)
  Team B / Бурав B6           → Team A / Радиовышка A2      @ (0,1,8)  (УБИТ)
  Team C / Артиллерия C1      → Team A / Провокатор A7      @ (7,3,7)  (УБИТ)

--- Состояние команд после хода ---
  Team A: живых 5/8
    ✓ Прыгун A3          @ (5,8,9) hp=2/2
    ✓ Факел A4           @ (5,6,9) hp=6/6
    ✓ Тишина A5          @ (4,7,9) hp=2/2
    ✓ Бурав A6           @ (7,4,8) hp=4/4
    ✓ Паук A8            @ (3,4,7) hp=1/1
    ✗ Артиллерия A1      @ (9,5,7) [уничтожен]
    ✗ Радиовышка A2      @ (0,1,8) [уничтожен]
    ✗ Провокатор A7      @ (7,3,7) [уничтожен]
  Team B: живых 2/8
    ✓ Тишина B5          @ (0,1,9) hp=2/2
    ✓ Бурав B6           @ (0,1,8) hp=4/4
    ✗ Артиллерия B1      @ (2,5,9) [уничтожен]
    ✗ Радиовышка B2      @ (3,7,9) [уничтожен]
    ✗ Прыгун B3          @ (7,4,8) [уничтожен]
    ✗ Факел B4           @ (7,4,9) [уничтожен]
    ✗ Провокатор B7      @ (3,6,9) [уничтожен]
    ✗ Паук B8            @ (5,8,9) [уничтожен]
  Team C: живых 8/8
    ✓ Артиллерия C1      @ (1,3,1) hp=1/1
    ✓ Радиовышка C2      @ (3,4,5) hp=3/3
    ✓ Прыгун C3          @ (6,4,5) hp=2/2
    ✓ Факел C4           @ (1,4,1) hp=6/6
    ✓ Тишина C5          @ (4,5,4) hp=2/2
    ✓ Бурав C6           @ (3,8,1) hp=4/4
    ✓ Провокатор C7      @ (2,5,4) hp=2/2
    ✓ Паук C8            @ (5,4,4) hp=1/1

======================================================================
ХОД 5
======================================================================
✓ 🎮 GM: начинаем ход
GM: start_turn

--- Радиовышки: сканирование слоя Z ---
  Радиовышка C2 (z=5): слой чист

--- Решения ботов ---
  [Team A] Прыгун A3 (5,8,9) → MOVE (4,7,8)
  [Team A] Факел A4 (5,6,9) → MOVE (5,7,9)
  [Team A] Тишина A5 (4,7,9) → MOVE (3,6,8)
  [Team A] Бурав A6 (7,4,8) → MOVE (6,4,7)
  [Team A] Паук A8 (3,4,7) → MINE (3,4,6)
  [Team B] Тишина B5 (0,1,9) → MOVE (1,2,8)
  [Team B] Бурав B6 (0,1,8) → MOVE (1,2,7)
  [Team C] Артиллерия C1 (1,3,1) → SHOOT at (3,4,7)
  [Team C] Радиовышка C2 (3,4,5) → MOVE (3,4,6)
  [Team C] Прыгун C3 (6,4,5) → MOVE (7,4,6)
  [Team C] Тишина C5 (4,5,4) → PHASE toggle
  [Team C] Бурав C6 (3,8,1) → MOVE (3,7,2)
  [Team C] Провокатор C7 (2,5,4) → HOLOGRAM (2,4,4)
  [Team C] Паук C8 (5,4,4) → MINE (4,4,5)
  [Team C] Факел C4 → SKIP
! 🎮 GM: принудительно завершает фазу планирования
GM: end_planning
# 
============================================================
# 🔄 ОБРАБОТКА ХОДА 5
# ============================================================
   🌀 Тишина C5: фаза ВЫКЛ
   🪞 Провокатор C7 создал голограмму H6 в (2,4,4)
   💣 Паук A8 установил мину M9 в (3,4,6)
   💣 Паук C8 установил мину M10 в (4,4,5)

📦 ПЕРЕМЕЩЕНИЯ:
   Прыгун A3: (5, 8, 9) → (4,7,8)
!    💥 Мина M2 сработала под Прыгун A3 (урон 2) — КОРАБЛЬ УНИЧТОЖЕН
   Факел A4: (5, 6, 9) → (5,7,9)
   Тишина A5: (4, 7, 9) → (3,6,8)
   Бурав A6: (7, 4, 8) → (6,4,7)
   Тишина B5: (0, 1, 9) → (1,2,8)
!    ⚠️ Бурав B6: Бурав двигается только по 1 оси или по 2 осям строго диагонально
   Радиовышка C2: (3, 4, 5) → (3,4,6)
!    💥 Мина M9 сработала под Радиовышка C2 (урон 2)
   Прыгун C3: (6, 4, 5) → (7,4,6)
   Бурав C6: (3, 8, 1) → (3,7,2)

🎯 ВЫСТРЕЛЫ:
✓    ✅ Артиллерия C1 поразил Паук A8 (2 урона)!
   Выпущено ракет: 1
# 
📊 РЕЗУЛЬТАТЫ ХОДА 5:
✓ 💥 ПОПАДАНИЯ:
✓    Артиллерия C1 (Team C) → Паук A8 (Team A)

--- Результаты хода ---
  ? / ?                  → Team A / Прыгун A3          @ (4,7,8)  (УБИТ)
  ? / ?                  → Team C / Радиовышка C2      @ (3,4,6)  (ранен)
  Team C / Артиллерия C1      → Team A / Паук A8            @ (3,4,7)  (УБИТ)

--- Состояние команд после хода ---
  Team A: живых 3/8
    ✓ Факел A4           @ (5,7,9) hp=6/6
    ✓ Тишина A5          @ (3,6,8) hp=2/2
    ✓ Бурав A6           @ (6,4,7) hp=4/4
    ✗ Артиллерия A1      @ (9,5,7) [уничтожен]
    ✗ Радиовышка A2      @ (0,1,8) [уничтожен]
    ✗ Прыгун A3          @ (4,7,8) [уничтожен]
    ✗ Провокатор A7      @ (7,3,7) [уничтожен]
    ✗ Паук A8            @ (3,4,7) [уничтожен]
  Team B: живых 2/8
    ✓ Тишина B5          @ (1,2,8) hp=2/2
    ✓ Бурав B6           @ (0,1,8) hp=4/4
    ✗ Артиллерия B1      @ (2,5,9) [уничтожен]
    ✗ Радиовышка B2      @ (3,7,9) [уничтожен]
    ✗ Прыгун B3          @ (7,4,8) [уничтожен]
    ✗ Факел B4           @ (7,4,9) [уничтожен]
    ✗ Провокатор B7      @ (3,6,9) [уничтожен]
    ✗ Паук B8            @ (5,8,9) [уничтожен]
  Team C: живых 8/8
    ✓ Артиллерия C1      @ (1,3,1) hp=1/1
    ✓ Радиовышка C2      @ (3,4,6) hp=1/3
    ✓ Прыгун C3          @ (7,4,6) hp=2/2
    ✓ Факел C4           @ (1,4,1) hp=6/6
    ✓ Тишина C5          @ (4,5,4) hp=2/2
    ✓ Бурав C6           @ (3,7,2) hp=4/4
    ✓ Провокатор C7      @ (2,5,4) hp=2/2
    ✓ Паук C8            @ (5,4,4) hp=1/1

======================================================================
ХОД 6
======================================================================
✓ 🎮 GM: начинаем ход
GM: start_turn

--- Радиовышки: сканирование слоя Z ---
  Радиовышка C2 (z=6): слой чист

--- Решения ботов ---
  [Team A] Факел A4 (5,7,9) → MOVE (6,6,8)
  [Team A] Тишина A5 (3,6,8) → MOVE (3,5,7)
  [Team A] Бурав A6 (6,4,7) → MOVE (7,4,6)
  [Team B] Тишина B5 (1,2,8) → MOVE (2,3,7)
  [Team B] Бурав B6 (0,1,8) → MOVE (1,2,7)
  [Team C] Артиллерия C1 (1,3,1) → SHOOT at (1,2,8)
  [Team C] Радиовышка C2 (3,4,6) → MOVE (2,3,7)
  [Team C] Прыгун C3 (7,4,6) → MOVE (6,4,7)
  [Team C] Факел C4 (1,4,1) → MOVE (2,4,2)
  [Team C] Тишина C5 (4,5,4) → PHASE toggle
  [Team C] Бурав C6 (3,7,2) → MOVE (4,6,3)
  [Team C] Провокатор C7 (2,5,4) → HOLOGRAM (3,4,5)
  [Team C] Паук C8 (5,4,4) → MINE (6,4,5)
! 🎮 GM: принудительно завершает фазу планирования
GM: end_planning
# 
============================================================
# 🔄 ОБРАБОТКА ХОДА 6
# ============================================================
   🌀 Тишина C5: фаза ВКЛ
   🪞 Провокатор C7 создал голограмму H7 в (3,4,5)
   💣 Паук C8 установил мину M11 в (6,4,5)

📦 ПЕРЕМЕЩЕНИЯ:
   Факел A4: (5, 7, 9) → (6,6,8)
   Тишина A5: (3, 6, 8) → (3,5,7)
✓    💥 Бурав A6 тараном уничтожил Прыгун C3 в (7,4,6)
   Бурав A6: (6, 4, 7) → (7,4,6)
   Тишина B5: (1, 2, 8) → (2,3,7)
!    ⚠️ Бурав B6: Бурав двигается только по 1 оси или по 2 осям строго диагонально
!    ⚠️ Радиовышка C2: клетка (2,3,7) занята
   Факел C4: (1, 4, 1) → (2,4,2)
!    ⚠️ Бурав C6: Бурав двигается только по 1 оси или по 2 осям строго диагонально

🎯 ВЫСТРЕЛЫ:
   Выпущено ракет: 1
# 
📊 РЕЗУЛЬТАТЫ ХОДА 6:
🎯 Попаданий нет

--- Результаты хода ---
  Team A / Бурав A6           → Team C / Прыгун C3          @ (7,4,6)  (УБИТ)

--- Состояние команд после хода ---
  Team A: живых 3/8
    ✓ Факел A4           @ (6,6,8) hp=6/6
    ✓ Тишина A5          @ (3,5,7) hp=2/2
    ✓ Бурав A6           @ (7,4,6) hp=4/4
    ✗ Артиллерия A1      @ (9,5,7) [уничтожен]
    ✗ Радиовышка A2      @ (0,1,8) [уничтожен]
    ✗ Прыгун A3          @ (4,7,8) [уничтожен]
    ✗ Провокатор A7      @ (7,3,7) [уничтожен]
    ✗ Паук A8            @ (3,4,7) [уничтожен]
  Team B: живых 2/8
    ✓ Тишина B5          @ (2,3,7) hp=2/2
    ✓ Бурав B6           @ (0,1,8) hp=4/4
    ✗ Артиллерия B1      @ (2,5,9) [уничтожен]
    ✗ Радиовышка B2      @ (3,7,9) [уничтожен]
    ✗ Прыгун B3          @ (7,4,8) [уничтожен]
    ✗ Факел B4           @ (7,4,9) [уничтожен]
    ✗ Провокатор B7      @ (3,6,9) [уничтожен]
    ✗ Паук B8            @ (5,8,9) [уничтожен]
  Team C: живых 7/8
    ✓ Артиллерия C1      @ (1,3,1) hp=1/1
    ✓ Радиовышка C2      @ (3,4,6) hp=1/3
    ✓ Факел C4           @ (2,4,2) hp=6/6
    ✓ Тишина C5          @ (4,5,4) hp=2/2
    ✓ Бурав C6           @ (3,7,2) hp=4/4
    ✓ Провокатор C7      @ (2,5,4) hp=2/2
    ✓ Паук C8            @ (5,4,4) hp=1/1
    ✗ Прыгун C3          @ (7,4,6) [уничтожен]

======================================================================
ХОД 7
======================================================================
✓ 🎮 GM: начинаем ход
GM: start_turn

--- Радиовышки: сканирование слоя Z ---
  Радиовышка C2 (z=6): видит 1 врагов  → Бурав A6(7,4,6)

--- Решения ботов ---
  [Team A] Факел A4 (6,6,8) → MOVE (7,5,7)
  [Team A] Тишина A5 (3,5,7) → MOVE (3,4,6)
  [Team A] Бурав A6 (7,4,6) → MOVE (5,4,4)
  [Team B] Тишина B5 (2,3,7) → PHASE toggle
  [Team B] Бурав B6 (0,1,8) → MOVE (1,2,7)
  [Team C] Артиллерия C1 (1,3,1) → SHOOT at (2,3,7)
  [Team C] Радиовышка C2 (3,4,6) → MOVE (2,3,7)
  [Team C] Факел C4 (2,4,2) → MOVE (3,4,3)
  [Team C] Тишина C5 (4,5,4) → MOVE (5,4,5)
  [Team C] Бурав C6 (3,7,2) → MOVE (4,6,3)
  [Team C] Провокатор C7 (2,5,4) → HOLOGRAM (2,4,5)
  [Team C] Паук C8 (5,4,4) → MINE (6,4,5)
! 🎮 GM: принудительно завершает фазу планирования
GM: end_planning
# 
============================================================
# 🔄 ОБРАБОТКА ХОДА 7
# ============================================================
   🌀 Тишина B5: фаза ВКЛ
   🪞 Провокатор C7 создал голограмму H8 в (2,4,5)
!    ⚠️ Паук C8: в клетке уже стоит мина

📦 ПЕРЕМЕЩЕНИЯ:
   Факел A4: (6, 6, 8) → (7,5,7)
!    ⚠️ Тишина A5: клетка (3,4,6) занята
✓    💥 Бурав A6 тараном уничтожил Паук C8 в (5,4,4)
   Бурав A6: (7, 4, 6) → (5,4,4)
!    ⚠️ Бурав B6: Бурав двигается только по 1 оси или по 2 осям строго диагонально
   Радиовышка C2: (3, 4, 6) → (2,3,7)
   Факел C4: (2, 4, 2) → (3,4,3)
   Тишина C5: (4, 5, 4) → (5,4,5)
!    ⚠️ Бурав C6: Бурав двигается только по 1 оси или по 2 осям строго диагонально

🎯 ВЫСТРЕЛЫ:
   Выпущено ракет: 1
# 
📊 РЕЗУЛЬТАТЫ ХОДА 7:
🎯 Попаданий нет

--- Результаты хода ---
  Team A / Бурав A6           → Team C / Паук C8            @ (5,4,4)  (УБИТ)

--- Состояние команд после хода ---
  Team A: живых 3/8
    ✓ Факел A4           @ (7,5,7) hp=6/6
    ✓ Тишина A5          @ (3,5,7) hp=2/2
    ✓ Бурав A6           @ (5,4,4) hp=4/4
    ✗ Артиллерия A1      @ (9,5,7) [уничтожен]
    ✗ Радиовышка A2      @ (0,1,8) [уничтожен]
    ✗ Прыгун A3          @ (4,7,8) [уничтожен]
    ✗ Провокатор A7      @ (7,3,7) [уничтожен]
    ✗ Паук A8            @ (3,4,7) [уничтожен]
  Team B: живых 2/8
    ✓ Тишина B5          @ (2,3,7) hp=2/2
    ✓ Бурав B6           @ (0,1,8) hp=4/4
    ✗ Артиллерия B1      @ (2,5,9) [уничтожен]
    ✗ Радиовышка B2      @ (3,7,9) [уничтожен]
    ✗ Прыгун B3          @ (7,4,8) [уничтожен]
    ✗ Факел B4           @ (7,4,9) [уничтожен]
    ✗ Провокатор B7      @ (3,6,9) [уничтожен]
    ✗ Паук B8            @ (5,8,9) [уничтожен]
  Team C: живых 6/8
    ✓ Артиллерия C1      @ (1,3,1) hp=1/1
    ✓ Радиовышка C2      @ (2,3,7) hp=1/3
    ✓ Факел C4           @ (3,4,3) hp=6/6
    ✓ Тишина C5          @ (5,4,5) hp=2/2
    ✓ Бурав C6           @ (3,7,2) hp=4/4
    ✓ Провокатор C7      @ (2,5,4) hp=2/2
    ✗ Прыгун C3          @ (7,4,6) [уничтожен]
    ✗ Паук C8            @ (5,4,4) [уничтожен]

======================================================================
ХОД 8
======================================================================
✓ 🎮 GM: начинаем ход
GM: start_turn

--- Радиовышки: сканирование слоя Z ---
  Радиовышка C2 (z=7): видит 1 врагов  → Факел A4(7,5,7)

--- Решения ботов ---
  [Team A] Факел A4 (7,5,7) → MOVE (6,4,6)
  [Team A] Тишина A5 (3,5,7) → MOVE (2,4,7)
  [Team A] Бурав A6 (5,4,4) → MOVE (4,4,3)
  [Team B] Бурав B6 (0,1,8) → MOVE (1,2,7)
  [Team B] Тишина B5 → SKIP
  [Team C] Артиллерия C1 (1,3,1) → SHOOT at (7,5,7)
  [Team C] Радиовышка C2 (2,3,7) → MOVE (1,2,8)
  [Team C] Факел C4 (3,4,3) → MOVE (2,3,4)
  [Team C] Тишина C5 (5,4,5) → MOVE (5,4,4)
  [Team C] Бурав C6 (3,7,2) → MOVE (4,6,3)
  [Team C] Провокатор C7 (2,5,4) → HOLOGRAM (3,4,4)
! 🎮 GM: принудительно завершает фазу планирования
GM: end_planning
# 
============================================================
# 🔄 ОБРАБОТКА ХОДА 8
# ============================================================
   🪞 Провокатор C7 создал голограмму H9 в (3,4,4)

📦 ПЕРЕМЕЩЕНИЯ:
   Факел A4: (7, 5, 7) → (6,4,6)
   Тишина A5: (3, 5, 7) → (2,4,7)
   Бурав A6: (5, 4, 4) → (4,4,3)
!    ⚠️ Бурав B6: Бурав двигается только по 1 оси или по 2 осям строго диагонально
   Радиовышка C2: (2, 3, 7) → (1,2,8)
   Факел C4: (3, 4, 3) → (2,3,4)
   Тишина C5: (5, 4, 5) → (5,4,4)
!    ⚠️ Бурав C6: Бурав двигается только по 1 оси или по 2 осям строго диагонально

🎯 ВЫСТРЕЛЫ:
   Выпущено ракет: 1
# 
📊 РЕЗУЛЬТАТЫ ХОДА 8:
🎯 Попаданий нет

--- Результаты хода ---
  Попаданий нет

--- Состояние команд после хода ---
  Team A: живых 3/8
    ✓ Факел A4           @ (6,4,6) hp=6/6
    ✓ Тишина A5          @ (2,4,7) hp=2/2
    ✓ Бурав A6           @ (4,4,3) hp=4/4
    ✗ Артиллерия A1      @ (9,5,7) [уничтожен]
    ✗ Радиовышка A2      @ (0,1,8) [уничтожен]
    ✗ Прыгун A3          @ (4,7,8) [уничтожен]
    ✗ Провокатор A7      @ (7,3,7) [уничтожен]
    ✗ Паук A8            @ (3,4,7) [уничтожен]
  Team B: живых 2/8
    ✓ Тишина B5          @ (2,3,7) hp=2/2
    ✓ Бурав B6           @ (0,1,8) hp=4/4
    ✗ Артиллерия B1      @ (2,5,9) [уничтожен]
    ✗ Радиовышка B2      @ (3,7,9) [уничтожен]
    ✗ Прыгун B3          @ (7,4,8) [уничтожен]
    ✗ Факел B4           @ (7,4,9) [уничтожен]
    ✗ Провокатор B7      @ (3,6,9) [уничтожен]
    ✗ Паук B8            @ (5,8,9) [уничтожен]
  Team C: живых 6/8
    ✓ Артиллерия C1      @ (1,3,1) hp=1/1
    ✓ Радиовышка C2      @ (1,2,8) hp=1/3
    ✓ Факел C4           @ (2,3,4) hp=6/6
    ✓ Тишина C5          @ (5,4,4) hp=2/2
    ✓ Бурав C6           @ (3,7,2) hp=4/4
    ✓ Провокатор C7      @ (2,5,4) hp=2/2
    ✗ Прыгун C3          @ (7,4,6) [уничтожен]
    ✗ Паук C8            @ (5,4,4) [уничтожен]

======================================================================
ХОД 9
======================================================================
✓ 🎮 GM: начинаем ход
GM: start_turn

--- Радиовышки: сканирование слоя Z ---
  Радиовышка C2 (z=8): видит 1 врагов [+1 эксклюзивно] → Бурав B6(0,1,8)

--- Решения ботов ---
  [Team A] Факел A4 (6,4,6) → MOVE (5,4,5)
  [Team A] Тишина A5 (2,4,7) → MOVE (1,3,8)
  [Team A] Бурав A6 (4,4,3) → MOVE (3,3,4)
  [Team B] Тишина B5 (2,3,7) → MOVE (1,2,8)
  [Team B] Бурав B6 (0,1,8) → MOVE (1,1,8)
  [Team C] Артиллерия C1 (1,3,1) → SHOOT at (6,4,6)
  [Team C] Радиовышка C2 (1,2,8) → MOVE (0,1,8)
  [Team C] Факел C4 (2,3,4) → MOVE (1,2,5)
  [Team C] Тишина C5 (5,4,4) → MOVE (4,4,3)
  [Team C] Бурав C6 (3,7,2) → MOVE (4,6,3)
  [Team C] Провокатор C7 (2,5,4) → HOLOGRAM (3,4,3)
! 🎮 GM: принудительно завершает фазу планирования
GM: end_planning
# 
============================================================
# 🔄 ОБРАБОТКА ХОДА 9
# ============================================================
   🪞 Провокатор C7 создал голограмму H10 в (3,4,3)

📦 ПЕРЕМЕЩЕНИЯ:
   Факел A4: (6, 4, 6) → (5,4,5)
   Тишина A5: (2, 4, 7) → (1,3,8)
!    ⚠️ Бурав A6: Бурав двигается только по 1 оси или по 2 осям строго диагонально
!    ⚠️ Тишина B5: клетка (1,2,8) занята
   Бурав B6: (0, 1, 8) → (1,1,8)
   Радиовышка C2: (1, 2, 8) → (0,1,8)
   Факел C4: (2, 3, 4) → (1,2,5)
!    ⚠️ Тишина C5: клетка (4,4,3) занята
!    ⚠️ Бурав C6: Бурав двигается только по 1 оси или по 2 осям строго диагонально

🎯 ВЫСТРЕЛЫ:
   Выпущено ракет: 1
# 
📊 РЕЗУЛЬТАТЫ ХОДА 9:
🎯 Попаданий нет

--- Результаты хода ---
  Попаданий нет

--- Состояние команд после хода ---
  Team A: живых 3/8
    ✓ Факел A4           @ (5,4,5) hp=6/6
    ✓ Тишина A5          @ (1,3,8) hp=2/2
    ✓ Бурав A6           @ (4,4,3) hp=4/4
    ✗ Артиллерия A1      @ (9,5,7) [уничтожен]
    ✗ Радиовышка A2      @ (0,1,8) [уничтожен]
    ✗ Прыгун A3          @ (4,7,8) [уничтожен]
    ✗ Провокатор A7      @ (7,3,7) [уничтожен]
    ✗ Паук A8            @ (3,4,7) [уничтожен]
  Team B: живых 2/8
    ✓ Тишина B5          @ (2,3,7) hp=2/2
    ✓ Бурав B6           @ (1,1,8) hp=4/4
    ✗ Артиллерия B1      @ (2,5,9) [уничтожен]
    ✗ Радиовышка B2      @ (3,7,9) [уничтожен]
    ✗ Прыгун B3          @ (7,4,8) [уничтожен]
    ✗ Факел B4           @ (7,4,9) [уничтожен]
    ✗ Провокатор B7      @ (3,6,9) [уничтожен]
    ✗ Паук B8            @ (5,8,9) [уничтожен]
  Team C: живых 6/8
    ✓ Артиллерия C1      @ (1,3,1) hp=1/1
    ✓ Радиовышка C2      @ (0,1,8) hp=1/3
    ✓ Факел C4           @ (1,2,5) hp=6/6
    ✓ Тишина C5          @ (5,4,4) hp=2/2
    ✓ Бурав C6           @ (3,7,2) hp=4/4
    ✓ Провокатор C7      @ (2,5,4) hp=2/2
    ✗ Прыгун C3          @ (7,4,6) [уничтожен]
    ✗ Паук C8            @ (5,4,4) [уничтожен]

======================================================================
ХОД 10
======================================================================
✓ 🎮 GM: начинаем ход
GM: start_turn

--- Радиовышки: сканирование слоя Z ---
  Радиовышка C2 (z=8): видит 1 врагов  → Бурав B6(1,1,8)

--- Решения ботов ---
  [Team A] Факел A4 (5,4,5) → MOVE (4,4,4)
  [Team A] Тишина A5 (1,3,8) → MOVE (1,2,8)
  [Team A] Бурав A6 (4,4,3) → MOVE (3,5,4)
  [Team B] Тишина B5 (2,3,7) → MOVE (1,2,8)
  [Team B] Бурав B6 (1,1,8) → MOVE (0,1,8)
  [Team C] Артиллерия C1 (1,3,1) → SHOOT at (5,4,5)
  [Team C] Радиовышка C2 (0,1,8) → MOVE (1,1,8)
  [Team C] Факел C4 (1,2,5) → MOVE (0,1,6)
  [Team C] Тишина C5 (5,4,4) → MOVE (5,4,5)
  [Team C] Бурав C6 (3,7,2) → MOVE (4,6,3)
  [Team C] Провокатор C7 (2,5,4) → HOLOGRAM (3,4,3)
! 🎮 GM: принудительно завершает фазу планирования
GM: end_planning
# 
============================================================
# 🔄 ОБРАБОТКА ХОДА 10
# ============================================================
!    ⚠️ Провокатор C7: клетка (3,4,3) уже занята голограммой

📦 ПЕРЕМЕЩЕНИЯ:
   Факел A4: (5, 4, 5) → (4,4,4)
   Тишина A5: (1, 3, 8) → (1,2,8)
!    ⚠️ Бурав A6: Бурав двигается только по 1 оси или по 2 осям строго диагонально
   Тишина B5: (2, 3, 7) → (1,2,8)
✓    💥 Бурав B6 тараном уничтожил Радиовышка C2 в (0,1,8)
   Бурав B6: (1, 1, 8) → (0,1,8)
   Факел C4: (1, 2, 5) → (0,1,6)
   Тишина C5: (5, 4, 4) → (5,4,5)
!    ⚠️ Бурав C6: Бурав двигается только по 1 оси или по 2 осям строго диагонально

🎯 ВЫСТРЕЛЫ:
   Выпущено ракет: 1
# 
📊 РЕЗУЛЬТАТЫ ХОДА 10:
🎯 Попаданий нет

--- Результаты хода ---
  Team B / Бурав B6           → Team C / Радиовышка C2      @ (0,1,8)  (УБИТ)

--- Состояние команд после хода ---
  Team A: живых 3/8
    ✓ Факел A4           @ (4,4,4) hp=6/6
    ✓ Тишина A5          @ (1,2,8) hp=2/2
    ✓ Бурав A6           @ (4,4,3) hp=4/4
    ✗ Артиллерия A1      @ (9,5,7) [уничтожен]
    ✗ Радиовышка A2      @ (0,1,8) [уничтожен]
    ✗ Прыгун A3          @ (4,7,8) [уничтожен]
    ✗ Провокатор A7      @ (7,3,7) [уничтожен]
    ✗ Паук A8            @ (3,4,7) [уничтожен]
  Team B: живых 2/8
    ✓ Тишина B5          @ (1,2,8) hp=2/2
    ✓ Бурав B6           @ (0,1,8) hp=4/4
    ✗ Артиллерия B1      @ (2,5,9) [уничтожен]
    ✗ Радиовышка B2      @ (3,7,9) [уничтожен]
    ✗ Прыгун B3          @ (7,4,8) [уничтожен]
    ✗ Факел B4           @ (7,4,9) [уничтожен]
    ✗ Провокатор B7      @ (3,6,9) [уничтожен]
    ✗ Паук B8            @ (5,8,9) [уничтожен]
  Team C: живых 5/8
    ✓ Артиллерия C1      @ (1,3,1) hp=1/1
    ✓ Факел C4           @ (0,1,6) hp=6/6
    ✓ Тишина C5          @ (5,4,5) hp=2/2
    ✓ Бурав C6           @ (3,7,2) hp=4/4
    ✓ Провокатор C7      @ (2,5,4) hp=2/2
    ✗ Радиовышка C2      @ (0,1,8) [уничтожен]
    ✗ Прыгун C3          @ (7,4,6) [уничтожен]
    ✗ Паук C8            @ (5,4,4) [уничтожен]

======================================================================
ХОД 11
======================================================================
✓ 🎮 GM: начинаем ход
GM: start_turn

--- Радиовышки: сканирование слоя Z ---
  (у команд не осталось живых радиовышек)

--- Решения ботов ---
  [Team A] Тишина A5 (1,2,8) → MOVE (0,1,8)
  [Team A] Бурав A6 (4,4,3) → MOVE (3,5,4)
  [Team A] Факел A4 → SKIP
  [Team B] Тишина B5 (1,2,8) → MOVE (0,1,7)
  [Team B] Бурав B6 (0,1,8) → MOVE (0,1,6)
  [Team C] Артиллерия C1 (1,3,1) → SHOOT at (4,4,4)
  [Team C] Факел C4 (0,1,6) → SHOOT at (0,1,8)
  [Team C] Тишина C5 (5,4,5) → MOVE (4,4,4)
  [Team C] Бурав C6 (3,7,2) → MOVE (4,6,3)
  [Team C] Провокатор C7 (2,5,4) → HOLOGRAM (3,4,4)
! 🎮 GM: принудительно завершает фазу планирования
GM: end_planning
# 
============================================================
# 🔄 ОБРАБОТКА ХОДА 11
# ============================================================
!    ⚠️ Провокатор C7: клетка (3,4,4) уже занята голограммой

📦 ПЕРЕМЕЩЕНИЯ:
!    ⚠️ Тишина A5: клетка (0,1,8) занята
!    ⚠️ Бурав A6: Бурав двигается только по 1 оси или по 2 осям строго диагонально
   Тишина B5: (1, 2, 8) → (0,1,7)
✓    💥 Бурав B6 тараном уничтожил Факел C4 в (0,1,6)
   Бурав B6: (0, 1, 8) → (0,1,6)
!    ⚠️ Тишина C5: клетка (4,4,4) занята
!    ⚠️ Бурав C6: Бурав двигается только по 1 оси или по 2 осям строго диагонально

🎯 ВЫСТРЕЛЫ:
✓    ✅ Артиллерия C1 поразил Факел A4 (2 урона)!
   Выпущено ракет: 1
# 
📊 РЕЗУЛЬТАТЫ ХОДА 11:
✓ 💥 ПОПАДАНИЯ:
✓    Артиллерия C1 (Team C) → Факел A4 (Team A)

--- Результаты хода ---
  Team B / Бурав B6           → Team C / Факел C4           @ (0,1,6)  (УБИТ)
  Team C / Артиллерия C1      → Team A / Факел A4           @ (4,4,4)  (ранен)

--- Состояние команд после хода ---
  Team A: живых 3/8
    ✓ Факел A4           @ (4,4,4) hp=4/6
    ✓ Тишина A5          @ (1,2,8) hp=2/2
    ✓ Бурав A6           @ (4,4,3) hp=4/4
    ✗ Артиллерия A1      @ (9,5,7) [уничтожен]
    ✗ Радиовышка A2      @ (0,1,8) [уничтожен]
    ✗ Прыгун A3          @ (4,7,8) [уничтожен]
    ✗ Провокатор A7      @ (7,3,7) [уничтожен]
    ✗ Паук A8            @ (3,4,7) [уничтожен]
  Team B: живых 2/8
    ✓ Тишина B5          @ (0,1,7) hp=2/2
    ✓ Бурав B6           @ (0,1,6) hp=4/4
    ✗ Артиллерия B1      @ (2,5,9) [уничтожен]
    ✗ Радиовышка B2      @ (3,7,9) [уничтожен]
    ✗ Прыгун B3          @ (7,4,8) [уничтожен]
    ✗ Факел B4           @ (7,4,9) [уничтожен]
    ✗ Провокатор B7      @ (3,6,9) [уничтожен]
    ✗ Паук B8            @ (5,8,9) [уничтожен]
  Team C: живых 4/8
    ✓ Артиллерия C1      @ (1,3,1) hp=1/1
    ✓ Тишина C5          @ (5,4,5) hp=2/2
    ✓ Бурав C6           @ (3,7,2) hp=4/4
    ✓ Провокатор C7      @ (2,5,4) hp=2/2
    ✗ Радиовышка C2      @ (0,1,8) [уничтожен]
    ✗ Прыгун C3          @ (7,4,6) [уничтожен]
    ✗ Факел C4           @ (0,1,6) [уничтожен]
    ✗ Паук C8            @ (5,4,4) [уничтожен]

======================================================================
ХОД 12
======================================================================
✓ 🎮 GM: начинаем ход
GM: start_turn

--- Радиовышки: сканирование слоя Z ---
  (у команд не осталось живых радиовышек)

--- Решения ботов ---
  [Team A] Факел A4 (4,4,4) → HEAL (AoE)
  [Team A] Тишина A5 (1,2,8) → MOVE (0,1,7)
  [Team A] Бурав A6 (4,4,3) → MOVE (3,5,4)
  [Team B] Тишина B5 (0,1,7) → PHASE toggle
  [Team B] Бурав B6 (0,1,6) → MOVE (1,2,5)
  [Team C] Артиллерия C1 (1,3,1) → SHOOT at (4,4,4)
  [Team C] Тишина C5 (5,4,5) → MOVE (4,4,4)
  [Team C] Бурав C6 (3,7,2) → MOVE (4,6,3)
  [Team C] Провокатор C7 (2,5,4) → HOLOGRAM (3,4,4)
! 🎮 GM: принудительно завершает фазу планирования
GM: end_planning
# 
============================================================
# 🔄 ОБРАБОТКА ХОДА 12
# ============================================================
   🌀 Тишина B5: фаза ВЫКЛ
!    ⚠️ Провокатор C7: клетка (3,4,4) уже занята голограммой

📦 ПЕРЕМЕЩЕНИЯ:
!    ⚠️ Тишина A5: клетка (0,1,7) занята
!    ⚠️ Бурав A6: Бурав двигается только по 1 оси или по 2 осям строго диагонально
!    ⚠️ Бурав B6: Бурав двигается только по 1 оси или по 2 осям строго диагонально
!    ⚠️ Тишина C5: клетка (4,4,4) занята
!    ⚠️ Бурав C6: Бурав двигается только по 1 оси или по 2 осям строго диагонально

🎯 ВЫСТРЕЛЫ:
✓    ✅ Артиллерия C1 поразил Факел A4 (2 урона)!
✓    💚 Факел A4 лечит Факел A4 → hits=3/6
   Выпущено ракет: 1
# 
📊 РЕЗУЛЬТАТЫ ХОДА 12:
✓ 💥 ПОПАДАНИЯ:
✓    Артиллерия C1 (Team C) → Факел A4 (Team A)

--- Результаты хода ---
  Team C / Артиллерия C1      → Team A / Факел A4           @ (4,4,4)  (ранен)

--- Состояние команд после хода ---
  Team A: живых 3/8
    ✓ Факел A4           @ (4,4,4) hp=3/6
    ✓ Тишина A5          @ (1,2,8) hp=2/2
    ✓ Бурав A6           @ (4,4,3) hp=4/4
    ✗ Артиллерия A1      @ (9,5,7) [уничтожен]
    ✗ Радиовышка A2      @ (0,1,8) [уничтожен]
    ✗ Прыгун A3          @ (4,7,8) [уничтожен]
    ✗ Провокатор A7      @ (7,3,7) [уничтожен]
    ✗ Паук A8            @ (3,4,7) [уничтожен]
  Team B: живых 2/8
    ✓ Тишина B5          @ (0,1,7) hp=2/2
    ✓ Бурав B6           @ (0,1,6) hp=4/4
    ✗ Артиллерия B1      @ (2,5,9) [уничтожен]
    ✗ Радиовышка B2      @ (3,7,9) [уничтожен]
    ✗ Прыгун B3          @ (7,4,8) [уничтожен]
    ✗ Факел B4           @ (7,4,9) [уничтожен]
    ✗ Провокатор B7      @ (3,6,9) [уничтожен]
    ✗ Паук B8            @ (5,8,9) [уничтожен]
  Team C: живых 4/8
    ✓ Артиллерия C1      @ (1,3,1) hp=1/1
    ✓ Тишина C5          @ (5,4,5) hp=2/2
    ✓ Бурав C6           @ (3,7,2) hp=4/4
    ✓ Провокатор C7      @ (2,5,4) hp=2/2
    ✗ Радиовышка C2      @ (0,1,8) [уничтожен]
    ✗ Прыгун C3          @ (7,4,6) [уничтожен]
    ✗ Факел C4           @ (0,1,6) [уничтожен]
    ✗ Паук C8            @ (5,4,4) [уничтожен]

======================================================================
ХОД 13
======================================================================
✓ 🎮 GM: начинаем ход
GM: start_turn

--- Радиовышки: сканирование слоя Z ---
  (у команд не осталось живых радиовышек)

--- Решения ботов ---
  [Team A] Факел A4 (4,4,4) → HEAL (AoE)
  [Team A] Тишина A5 (1,2,8) → MOVE (0,1,7)
  [Team A] Бурав A6 (4,4,3) → MOVE (3,5,4)
  [Team B] Тишина B5 (0,1,7) → MOVE (1,2,6)
  [Team B] Бурав B6 (0,1,6) → MOVE (1,2,5)
  [Team C] Артиллерия C1 (1,3,1) → SHOOT at (4,4,4)
  [Team C] Тишина C5 (5,4,5) → MOVE (4,4,4)
  [Team C] Бурав C6 (3,7,2) → MOVE (4,6,3)
  [Team C] Провокатор C7 (2,5,4) → HOLOGRAM (3,4,4)
! 🎮 GM: принудительно завершает фазу планирования
GM: end_planning
# 
============================================================
# 🔄 ОБРАБОТКА ХОДА 13
# ============================================================
!    ⚠️ Провокатор C7: клетка (3,4,4) уже занята голограммой

📦 ПЕРЕМЕЩЕНИЯ:
!    ⚠️ Тишина A5: клетка (0,1,7) занята
!    ⚠️ Бурав A6: Бурав двигается только по 1 оси или по 2 осям строго диагонально
   Тишина B5: (0, 1, 7) → (1,2,6)
!    ⚠️ Бурав B6: Бурав двигается только по 1 оси или по 2 осям строго диагонально
!    ⚠️ Тишина C5: клетка (4,4,4) занята
!    ⚠️ Бурав C6: Бурав двигается только по 1 оси или по 2 осям строго диагонально

🎯 ВЫСТРЕЛЫ:
✓    ✅ Артиллерия C1 поразил Факел A4 (2 урона)!
✓    💚 Факел A4 лечит Факел A4 → hits=4/6
   Выпущено ракет: 1
# 
📊 РЕЗУЛЬТАТЫ ХОДА 13:
✓ 💥 ПОПАДАНИЯ:
✓    Артиллерия C1 (Team C) → Факел A4 (Team A)

--- Результаты хода ---
  Team C / Артиллерия C1      → Team A / Факел A4           @ (4,4,4)  (ранен)

--- Состояние команд после хода ---
  Team A: живых 3/8
    ✓ Факел A4           @ (4,4,4) hp=2/6
    ✓ Тишина A5          @ (1,2,8) hp=2/2
    ✓ Бурав A6           @ (4,4,3) hp=4/4
    ✗ Артиллерия A1      @ (9,5,7) [уничтожен]
    ✗ Радиовышка A2      @ (0,1,8) [уничтожен]
    ✗ Прыгун A3          @ (4,7,8) [уничтожен]
    ✗ Провокатор A7      @ (7,3,7) [уничтожен]
    ✗ Паук A8            @ (3,4,7) [уничтожен]
  Team B: живых 2/8
    ✓ Тишина B5          @ (1,2,6) hp=2/2
    ✓ Бурав B6           @ (0,1,6) hp=4/4
    ✗ Артиллерия B1      @ (2,5,9) [уничтожен]
    ✗ Радиовышка B2      @ (3,7,9) [уничтожен]
    ✗ Прыгун B3          @ (7,4,8) [уничтожен]
    ✗ Факел B4           @ (7,4,9) [уничтожен]
    ✗ Провокатор B7      @ (3,6,9) [уничтожен]
    ✗ Паук B8            @ (5,8,9) [уничтожен]
  Team C: живых 4/8
    ✓ Артиллерия C1      @ (1,3,1) hp=1/1
    ✓ Тишина C5          @ (5,4,5) hp=2/2
    ✓ Бурав C6           @ (3,7,2) hp=4/4
    ✓ Провокатор C7      @ (2,5,4) hp=2/2
    ✗ Радиовышка C2      @ (0,1,8) [уничтожен]
    ✗ Прыгун C3          @ (7,4,6) [уничтожен]
    ✗ Факел C4           @ (0,1,6) [уничтожен]
    ✗ Паук C8            @ (5,4,4) [уничтожен]

======================================================================
ХОД 14
======================================================================
✓ 🎮 GM: начинаем ход
GM: start_turn

--- Радиовышки: сканирование слоя Z ---
  (у команд не осталось живых радиовышек)

--- Решения ботов ---
  [Team A] Факел A4 (4,4,4) → HEAL (AoE)
  [Team A] Тишина A5 (1,2,8) → MOVE (1,2,7)
  [Team A] Бурав A6 (4,4,3) → MOVE (3,5,4)
  [Team B] Тишина B5 (1,2,6) → PHASE toggle
  [Team B] Бурав B6 (0,1,6) → MOVE (1,2,5)
  [Team C] Артиллерия C1 (1,3,1) → SHOOT at (4,4,4)
  [Team C] Тишина C5 (5,4,5) → MOVE (4,4,4)
  [Team C] Бурав C6 (3,7,2) → MOVE (4,6,3)
  [Team C] Провокатор C7 (2,5,4) → HOLOGRAM (3,4,4)
! 🎮 GM: принудительно завершает фазу планирования
GM: end_planning
# 
============================================================
# 🔄 ОБРАБОТКА ХОДА 14
# ============================================================
   🌀 Тишина B5: фаза ВКЛ
!    ⚠️ Провокатор C7: клетка (3,4,4) уже занята голограммой

📦 ПЕРЕМЕЩЕНИЯ:
   Тишина A5: (1, 2, 8) → (1,2,7)
!    ⚠️ Бурав A6: Бурав двигается только по 1 оси или по 2 осям строго диагонально
!    ⚠️ Бурав B6: Бурав двигается только по 1 оси или по 2 осям строго диагонально
!    ⚠️ Тишина C5: клетка (4,4,4) занята
!    ⚠️ Бурав C6: Бурав двигается только по 1 оси или по 2 осям строго диагонально

🎯 ВЫСТРЕЛЫ:
✓    ✅ Артиллерия C1 поразил Факел A4 (2 урона)!
   Выпущено ракет: 1
# 
📊 РЕЗУЛЬТАТЫ ХОДА 14:
✓ 💥 ПОПАДАНИЯ:
✓    Артиллерия C1 (Team C) → Факел A4 (Team A)

--- Результаты хода ---
  Team C / Артиллерия C1      → Team A / Факел A4           @ (4,4,4)  (УБИТ)

--- Состояние команд после хода ---
  Team A: живых 2/8
    ✓ Тишина A5          @ (1,2,7) hp=2/2
    ✓ Бурав A6           @ (4,4,3) hp=4/4
    ✗ Артиллерия A1      @ (9,5,7) [уничтожен]
    ✗ Радиовышка A2      @ (0,1,8) [уничтожен]
    ✗ Прыгун A3          @ (4,7,8) [уничтожен]
    ✗ Факел A4           @ (4,4,4) [уничтожен]
    ✗ Провокатор A7      @ (7,3,7) [уничтожен]
    ✗ Паук A8            @ (3,4,7) [уничтожен]
  Team B: живых 2/8
    ✓ Тишина B5          @ (1,2,6) hp=2/2
    ✓ Бурав B6           @ (0,1,6) hp=4/4
    ✗ Артиллерия B1      @ (2,5,9) [уничтожен]
    ✗ Радиовышка B2      @ (3,7,9) [уничтожен]
    ✗ Прыгун B3          @ (7,4,8) [уничтожен]
    ✗ Факел B4           @ (7,4,9) [уничтожен]
    ✗ Провокатор B7      @ (3,6,9) [уничтожен]
    ✗ Паук B8            @ (5,8,9) [уничтожен]
  Team C: живых 4/8
    ✓ Артиллерия C1      @ (1,3,1) hp=1/1
    ✓ Тишина C5          @ (5,4,5) hp=2/2
    ✓ Бурав C6           @ (3,7,2) hp=4/4
    ✓ Провокатор C7      @ (2,5,4) hp=2/2
    ✗ Радиовышка C2      @ (0,1,8) [уничтожен]
    ✗ Прыгун C3          @ (7,4,6) [уничтожен]
    ✗ Факел C4           @ (0,1,6) [уничтожен]
    ✗ Паук C8            @ (5,4,4) [уничтожен]

======================================================================
ХОД 15
======================================================================
✓ 🎮 GM: начинаем ход
GM: start_turn

--- Радиовышки: сканирование слоя Z ---
  (у команд не осталось живых радиовышек)

--- Решения ботов ---
  [Team A] Тишина A5 (1,2,7) → MOVE (0,1,6)
  [Team A] Бурав A6 (4,4,3) → MOVE (3,5,4)
  [Team B] Тишина B5 (1,2,6) → MOVE (2,3,5)
  [Team B] Бурав B6 (0,1,6) → MOVE (1,2,5)
  [Team C] Артиллерия C1 (1,3,1) → SHOOT at (4,4,3)
  [Team C] Тишина C5 (5,4,5) → PHASE toggle
  [Team C] Бурав C6 (3,7,2) → MOVE (4,6,3)
  [Team C] Провокатор C7 (2,5,4) → HOLOGRAM (3,4,3)
! 🎮 GM: принудительно завершает фазу планирования
GM: end_planning
# 
============================================================
# 🔄 ОБРАБОТКА ХОДА 15
# ============================================================
   🌀 Тишина C5: фаза ВЫКЛ
!    ⚠️ Провокатор C7: клетка (3,4,3) уже занята голограммой

📦 ПЕРЕМЕЩЕНИЯ:
!    ⚠️ Тишина A5: клетка (0,1,6) занята
!    ⚠️ Бурав A6: Бурав двигается только по 1 оси или по 2 осям строго диагонально
   Тишина B5: (1, 2, 6) → (2,3,5)
!    ⚠️ Бурав B6: Бурав двигается только по 1 оси или по 2 осям строго диагонально
!    ⚠️ Бурав C6: Бурав двигается только по 1 оси или по 2 осям строго диагонально

🎯 ВЫСТРЕЛЫ:
✓    ✅ Артиллерия C1 поразил Бурав A6 (2 урона)!
   Выпущено ракет: 1
# 
📊 РЕЗУЛЬТАТЫ ХОДА 15:
✓ 💥 ПОПАДАНИЯ:
✓    Артиллерия C1 (Team C) → Бурав A6 (Team A)

--- Результаты хода ---
  Team C / Артиллерия C1      → Team A / Бурав A6           @ (4,4,3)  (ранен)

--- Состояние команд после хода ---
  Team A: живых 2/8
    ✓ Тишина A5          @ (1,2,7) hp=2/2
    ✓ Бурав A6           @ (4,4,3) hp=2/4
    ✗ Артиллерия A1      @ (9,5,7) [уничтожен]
    ✗ Радиовышка A2      @ (0,1,8) [уничтожен]
    ✗ Прыгун A3          @ (4,7,8) [уничтожен]
    ✗ Факел A4           @ (4,4,4) [уничтожен]
    ✗ Провокатор A7      @ (7,3,7) [уничтожен]
    ✗ Паук A8            @ (3,4,7) [уничтожен]
  Team B: живых 2/8
    ✓ Тишина B5          @ (2,3,5) hp=2/2
    ✓ Бурав B6           @ (0,1,6) hp=4/4
    ✗ Артиллерия B1      @ (2,5,9) [уничтожен]
    ✗ Радиовышка B2      @ (3,7,9) [уничтожен]
    ✗ Прыгун B3          @ (7,4,8) [уничтожен]
    ✗ Факел B4           @ (7,4,9) [уничтожен]
    ✗ Провокатор B7      @ (3,6,9) [уничтожен]
    ✗ Паук B8            @ (5,8,9) [уничтожен]
  Team C: живых 4/8
    ✓ Артиллерия C1      @ (1,3,1) hp=1/1
    ✓ Тишина C5          @ (5,4,5) hp=2/2
    ✓ Бурав C6           @ (3,7,2) hp=4/4
    ✓ Провокатор C7      @ (2,5,4) hp=2/2
    ✗ Радиовышка C2      @ (0,1,8) [уничтожен]
    ✗ Прыгун C3          @ (7,4,6) [уничтожен]
    ✗ Факел C4           @ (0,1,6) [уничтожен]
    ✗ Паук C8            @ (5,4,4) [уничтожен]

======================================================================
ХОД 16
======================================================================
✓ 🎮 GM: начинаем ход
GM: start_turn

--- Радиовышки: сканирование слоя Z ---
  (у команд не осталось живых радиовышек)

--- Решения ботов ---
  [Team A] Тишина A5 (1,2,7) → MOVE (0,1,6)
  [Team A] Бурав A6 (4,4,3) → MOVE (5,4,4)
  [Team B] Тишина B5 (2,3,5) → MOVE (3,4,4)
  [Team B] Бурав B6 (0,1,6) → MOVE (1,2,5)
  [Team C] Артиллерия C1 (1,3,1) → SHOOT at (4,4,3)
  [Team C] Тишина C5 (5,4,5) → MOVE (4,4,4)
  [Team C] Бурав C6 (3,7,2) → MOVE (4,6,3)
  [Team C] Провокатор C7 (2,5,4) → HOLOGRAM (3,4,3)
! 🎮 GM: принудительно завершает фазу планирования
GM: end_planning
# 
============================================================
# 🔄 ОБРАБОТКА ХОДА 16
# ============================================================
!    ⚠️ Провокатор C7: клетка (3,4,3) уже занята голограммой

📦 ПЕРЕМЕЩЕНИЯ:
!    ⚠️ Тишина A5: клетка (0,1,6) занята
   Бурав A6: (4, 4, 3) → (5,4,4)
!    ⚠️ Тишина B5: клетка (3,4,4) занята
!    ⚠️ Бурав B6: Бурав двигается только по 1 оси или по 2 осям строго диагонально
   Тишина C5: (5, 4, 5) → (4,4,4)
!    ⚠️ Бурав C6: Бурав двигается только по 1 оси или по 2 осям строго диагонально

🎯 ВЫСТРЕЛЫ:
   Выпущено ракет: 1
# 
📊 РЕЗУЛЬТАТЫ ХОДА 16:
🎯 Попаданий нет

--- Результаты хода ---
  Попаданий нет

--- Состояние команд после хода ---
  Team A: живых 2/8
    ✓ Тишина A5          @ (1,2,7) hp=2/2
    ✓ Бурав A6           @ (5,4,4) hp=2/4
    ✗ Артиллерия A1      @ (9,5,7) [уничтожен]
    ✗ Радиовышка A2      @ (0,1,8) [уничтожен]
    ✗ Прыгун A3          @ (4,7,8) [уничтожен]
    ✗ Факел A4           @ (4,4,4) [уничтожен]
    ✗ Провокатор A7      @ (7,3,7) [уничтожен]
    ✗ Паук A8            @ (3,4,7) [уничтожен]
  Team B: живых 2/8
    ✓ Тишина B5          @ (2,3,5) hp=2/2
    ✓ Бурав B6           @ (0,1,6) hp=4/4
    ✗ Артиллерия B1      @ (2,5,9) [уничтожен]
    ✗ Радиовышка B2      @ (3,7,9) [уничтожен]
    ✗ Прыгун B3          @ (7,4,8) [уничтожен]
    ✗ Факел B4           @ (7,4,9) [уничтожен]
    ✗ Провокатор B7      @ (3,6,9) [уничтожен]
    ✗ Паук B8            @ (5,8,9) [уничтожен]
  Team C: живых 4/8
    ✓ Артиллерия C1      @ (1,3,1) hp=1/1
    ✓ Тишина C5          @ (4,4,4) hp=2/2
    ✓ Бурав C6           @ (3,7,2) hp=4/4
    ✓ Провокатор C7      @ (2,5,4) hp=2/2
    ✗ Радиовышка C2      @ (0,1,8) [уничтожен]
    ✗ Прыгун C3          @ (7,4,6) [уничтожен]
    ✗ Факел C4           @ (0,1,6) [уничтожен]
    ✗ Паук C8            @ (5,4,4) [уничтожен]

======================================================================
ХОД 17
======================================================================
✓ 🎮 GM: начинаем ход
GM: start_turn

--- Радиовышки: сканирование слоя Z ---
  (у команд не осталось живых радиовышек)

--- Решения ботов ---
  [Team A] Тишина A5 (1,2,7) → MOVE (0,1,6)
  [Team A] Бурав A6 (5,4,4) → MOVE (4,4,4)
  [Team B] Тишина B5 (2,3,5) → MOVE (3,4,4)
  [Team B] Бурав B6 (0,1,6) → MOVE (1,2,5)
  [Team C] Артиллерия C1 (1,3,1) → SHOOT at (5,4,4)
  [Team C] Тишина C5 (4,4,4) → MOVE (5,4,4)
  [Team C] Бурав C6 (3,7,2) → MOVE (4,6,3)
  [Team C] Провокатор C7 (2,5,4) → HOLOGRAM (3,4,4)
! 🎮 GM: принудительно завершает фазу планирования
GM: end_planning
# 
============================================================
# 🔄 ОБРАБОТКА ХОДА 17
# ============================================================
!    ⚠️ Провокатор C7: клетка (3,4,4) уже занята голограммой

📦 ПЕРЕМЕЩЕНИЯ:
!    ⚠️ Тишина A5: клетка (0,1,6) занята
✓    💥 Бурав A6 тараном уничтожил Тишина C5 в (4,4,4)
   Бурав A6: (5, 4, 4) → (4,4,4)
!    ⚠️ Тишина B5: клетка (3,4,4) занята
!    ⚠️ Бурав B6: Бурав двигается только по 1 оси или по 2 осям строго диагонально
!    ⚠️ Бурав C6: Бурав двигается только по 1 оси или по 2 осям строго диагонально

🎯 ВЫСТРЕЛЫ:
   Выпущено ракет: 1
# 
📊 РЕЗУЛЬТАТЫ ХОДА 17:
🎯 Попаданий нет

--- Результаты хода ---
  Team A / Бурав A6           → Team C / Тишина C5          @ (4,4,4)  (УБИТ)

--- Состояние команд после хода ---
  Team A: живых 2/8
    ✓ Тишина A5          @ (1,2,7) hp=2/2
    ✓ Бурав A6           @ (4,4,4) hp=2/4
    ✗ Артиллерия A1      @ (9,5,7) [уничтожен]
    ✗ Радиовышка A2      @ (0,1,8) [уничтожен]
    ✗ Прыгун A3          @ (4,7,8) [уничтожен]
    ✗ Факел A4           @ (4,4,4) [уничтожен]
    ✗ Провокатор A7      @ (7,3,7) [уничтожен]
    ✗ Паук A8            @ (3,4,7) [уничтожен]
  Team B: живых 2/8
    ✓ Тишина B5          @ (2,3,5) hp=2/2
    ✓ Бурав B6           @ (0,1,6) hp=4/4
    ✗ Артиллерия B1      @ (2,5,9) [уничтожен]
    ✗ Радиовышка B2      @ (3,7,9) [уничтожен]
    ✗ Прыгун B3          @ (7,4,8) [уничтожен]
    ✗ Факел B4           @ (7,4,9) [уничтожен]
    ✗ Провокатор B7      @ (3,6,9) [уничтожен]
    ✗ Паук B8            @ (5,8,9) [уничтожен]
  Team C: живых 3/8
    ✓ Артиллерия C1      @ (1,3,1) hp=1/1
    ✓ Бурав C6           @ (3,7,2) hp=4/4
    ✓ Провокатор C7      @ (2,5,4) hp=2/2
    ✗ Радиовышка C2      @ (0,1,8) [уничтожен]
    ✗ Прыгун C3          @ (7,4,6) [уничтожен]
    ✗ Факел C4           @ (0,1,6) [уничтожен]
    ✗ Тишина C5          @ (4,4,4) [уничтожен]
    ✗ Паук C8            @ (5,4,4) [уничтожен]

======================================================================
ХОД 18
======================================================================
✓ 🎮 GM: начинаем ход
GM: start_turn

--- Радиовышки: сканирование слоя Z ---
  (у команд не осталось живых радиовышек)

--- Решения ботов ---
  [Team A] Тишина A5 (1,2,7) → MOVE (0,1,6)
  [Team A] Бурав A6 (4,4,4) → MOVE (3,5,4)
  [Team B] Тишина B5 (2,3,5) → MOVE (3,4,4)
  [Team B] Бурав B6 (0,1,6) → MOVE (1,2,5)
  [Team C] Артиллерия C1 (1,3,1) → SHOOT at (4,4,4)
  [Team C] Бурав C6 (3,7,2) → MOVE (4,6,3)
  [Team C] Провокатор C7 (2,5,4) → HOLOGRAM (3,4,4)
! 🎮 GM: принудительно завершает фазу планирования
GM: end_planning
# 
============================================================
# 🔄 ОБРАБОТКА ХОДА 18
# ============================================================
!    ⚠️ Провокатор C7: клетка (3,4,4) уже занята голограммой

📦 ПЕРЕМЕЩЕНИЯ:
!    ⚠️ Тишина A5: клетка (0,1,6) занята
   Бурав A6: (4, 4, 4) → (3,5,4)
!    ⚠️ Тишина B5: клетка (3,4,4) занята
!    ⚠️ Бурав B6: Бурав двигается только по 1 оси или по 2 осям строго диагонально
!    ⚠️ Бурав C6: Бурав двигается только по 1 оси или по 2 осям строго диагонально

🎯 ВЫСТРЕЛЫ:
   Выпущено ракет: 1
# 
📊 РЕЗУЛЬТАТЫ ХОДА 18:
🎯 Попаданий нет

--- Результаты хода ---
  Попаданий нет

--- Состояние команд после хода ---
  Team A: живых 2/8
    ✓ Тишина A5          @ (1,2,7) hp=2/2
    ✓ Бурав A6           @ (3,5,4) hp=2/4
    ✗ Артиллерия A1      @ (9,5,7) [уничтожен]
    ✗ Радиовышка A2      @ (0,1,8) [уничтожен]
    ✗ Прыгун A3          @ (4,7,8) [уничтожен]
    ✗ Факел A4           @ (4,4,4) [уничтожен]
    ✗ Провокатор A7      @ (7,3,7) [уничтожен]
    ✗ Паук A8            @ (3,4,7) [уничтожен]
  Team B: живых 2/8
    ✓ Тишина B5          @ (2,3,5) hp=2/2
    ✓ Бурав B6           @ (0,1,6) hp=4/4
    ✗ Артиллерия B1      @ (2,5,9) [уничтожен]
    ✗ Радиовышка B2      @ (3,7,9) [уничтожен]
    ✗ Прыгун B3          @ (7,4,8) [уничтожен]
    ✗ Факел B4           @ (7,4,9) [уничтожен]
    ✗ Провокатор B7      @ (3,6,9) [уничтожен]
    ✗ Паук B8            @ (5,8,9) [уничтожен]
  Team C: живых 3/8
    ✓ Артиллерия C1      @ (1,3,1) hp=1/1
    ✓ Бурав C6           @ (3,7,2) hp=4/4
    ✓ Провокатор C7      @ (2,5,4) hp=2/2
    ✗ Радиовышка C2      @ (0,1,8) [уничтожен]
    ✗ Прыгун C3          @ (7,4,6) [уничтожен]
    ✗ Факел C4           @ (0,1,6) [уничтожен]
    ✗ Тишина C5          @ (4,4,4) [уничтожен]
    ✗ Паук C8            @ (5,4,4) [уничтожен]

======================================================================
ХОД 19
======================================================================
✓ 🎮 GM: начинаем ход
GM: start_turn

--- Радиовышки: сканирование слоя Z ---
  (у команд не осталось живых радиовышек)

--- Решения ботов ---
  [Team A] Тишина A5 (1,2,7) → MOVE (0,1,6)
  [Team A] Бурав A6 (3,5,4) → MOVE (2,5,4)
  [Team B] Тишина B5 (2,3,5) → MOVE (3,4,4)
  [Team B] Бурав B6 (0,1,6) → MOVE (1,2,5)
  [Team C] Артиллерия C1 (1,3,1) → SHOOT at (3,5,4)
  [Team C] Бурав C6 (3,7,2) → MOVE (3,5,4)
  [Team C] Провокатор C7 (2,5,4) → SHOOT at (3,5,4)
! 🎮 GM: принудительно завершает фазу планирования
GM: end_planning
# 
============================================================
# 🔄 ОБРАБОТКА ХОДА 19
# ============================================================

📦 ПЕРЕМЕЩЕНИЯ:
!    ⚠️ Тишина A5: клетка (0,1,6) занята
✓    💥 Бурав A6 тараном уничтожил Провокатор C7 в (2,5,4)
   Бурав A6: (3, 5, 4) → (2,5,4)
!    ⚠️ Тишина B5: клетка (3,4,4) занята
!    ⚠️ Бурав B6: Бурав двигается только по 1 оси или по 2 осям строго диагонально
   Бурав C6: (3, 7, 2) → (3,5,4)

🎯 ВЫСТРЕЛЫ:
   Выпущено ракет: 1
# 
📊 РЕЗУЛЬТАТЫ ХОДА 19:
🎯 Попаданий нет

--- Результаты хода ---
  Team A / Бурав A6           → Team C / Провокатор C7      @ (2,5,4)  (УБИТ)

--- Состояние команд после хода ---
  Team A: живых 2/8
    ✓ Тишина A5          @ (1,2,7) hp=2/2
    ✓ Бурав A6           @ (2,5,4) hp=2/4
    ✗ Артиллерия A1      @ (9,5,7) [уничтожен]
    ✗ Радиовышка A2      @ (0,1,8) [уничтожен]
    ✗ Прыгун A3          @ (4,7,8) [уничтожен]
    ✗ Факел A4           @ (4,4,4) [уничтожен]
    ✗ Провокатор A7      @ (7,3,7) [уничтожен]
    ✗ Паук A8            @ (3,4,7) [уничтожен]
  Team B: живых 2/8
    ✓ Тишина B5          @ (2,3,5) hp=2/2
    ✓ Бурав B6           @ (0,1,6) hp=4/4
    ✗ Артиллерия B1      @ (2,5,9) [уничтожен]
    ✗ Радиовышка B2      @ (3,7,9) [уничтожен]
    ✗ Прыгун B3          @ (7,4,8) [уничтожен]
    ✗ Факел B4           @ (7,4,9) [уничтожен]
    ✗ Провокатор B7      @ (3,6,9) [уничтожен]
    ✗ Паук B8            @ (5,8,9) [уничтожен]
  Team C: живых 2/8
    ✓ Артиллерия C1      @ (1,3,1) hp=1/1
    ✓ Бурав C6           @ (3,5,4) hp=4/4
    ✗ Радиовышка C2      @ (0,1,8) [уничтожен]
    ✗ Прыгун C3          @ (7,4,6) [уничтожен]
    ✗ Факел C4           @ (0,1,6) [уничтожен]
    ✗ Тишина C5          @ (4,4,4) [уничтожен]
    ✗ Провокатор C7      @ (2,5,4) [уничтожен]
    ✗ Паук C8            @ (5,4,4) [уничтожен]

======================================================================
ХОД 20
======================================================================
✓ 🎮 GM: начинаем ход
GM: start_turn

--- Радиовышки: сканирование слоя Z ---
  (у команд не осталось живых радиовышек)

--- Решения ботов ---
  [Team A] Тишина A5 (1,2,7) → MOVE (0,1,6)
  [Team A] Бурав A6 (2,5,4) → MOVE (3,5,4)
  [Team B] Тишина B5 (2,3,5) → PHASE toggle
  [Team B] Бурав B6 (0,1,6) → MOVE (1,2,5)
  [Team C] Артиллерия C1 (1,3,1) → SHOOT at (2,5,4)
  [Team C] Бурав C6 (3,5,4) → MOVE (2,5,4)
! 🎮 GM: принудительно завершает фазу планирования
GM: end_planning
# 
============================================================
# 🔄 ОБРАБОТКА ХОДА 20
# ============================================================
   🌀 Тишина B5: фаза ВЫКЛ

📦 ПЕРЕМЕЩЕНИЯ:
!    ⚠️ Тишина A5: клетка (0,1,6) занята
✓    💥 Бурав A6 тараном уничтожил Бурав C6 в (3,5,4)
   Бурав A6: (2, 5, 4) → (3,5,4)
!    ⚠️ Бурав B6: Бурав двигается только по 1 оси или по 2 осям строго диагонально

🎯 ВЫСТРЕЛЫ:
   Выпущено ракет: 1
# 
📊 РЕЗУЛЬТАТЫ ХОДА 20:
🎯 Попаданий нет

--- Результаты хода ---
  Team A / Бурав A6           → Team C / Бурав C6           @ (3,5,4)  (УБИТ)

--- Состояние команд после хода ---
  Team A: живых 2/8
    ✓ Тишина A5          @ (1,2,7) hp=2/2
    ✓ Бурав A6           @ (3,5,4) hp=2/4
    ✗ Артиллерия A1      @ (9,5,7) [уничтожен]
    ✗ Радиовышка A2      @ (0,1,8) [уничтожен]
    ✗ Прыгун A3          @ (4,7,8) [уничтожен]
    ✗ Факел A4           @ (4,4,4) [уничтожен]
    ✗ Провокатор A7      @ (7,3,7) [уничтожен]
    ✗ Паук A8            @ (3,4,7) [уничтожен]
  Team B: живых 2/8
    ✓ Тишина B5          @ (2,3,5) hp=2/2
    ✓ Бурав B6           @ (0,1,6) hp=4/4
    ✗ Артиллерия B1      @ (2,5,9) [уничтожен]
    ✗ Радиовышка B2      @ (3,7,9) [уничтожен]
    ✗ Прыгун B3          @ (7,4,8) [уничтожен]
    ✗ Факел B4           @ (7,4,9) [уничтожен]
    ✗ Провокатор B7      @ (3,6,9) [уничтожен]
    ✗ Паук B8            @ (5,8,9) [уничтожен]
  Team C: живых 1/8
    ✓ Артиллерия C1      @ (1,3,1) hp=1/1
    ✗ Радиовышка C2      @ (0,1,8) [уничтожен]
    ✗ Прыгун C3          @ (7,4,6) [уничтожен]
    ✗ Факел C4           @ (0,1,6) [уничтожен]
    ✗ Тишина C5          @ (4,4,4) [уничтожен]
    ✗ Бурав C6           @ (3,5,4) [уничтожен]
    ✗ Провокатор C7      @ (2,5,4) [уничтожен]
    ✗ Паук C8            @ (5,4,4) [уничтожен]

======================================================================
ХОД 21
======================================================================
✓ 🎮 GM: начинаем ход
GM: start_turn

--- Радиовышки: сканирование слоя Z ---
  (у команд не осталось живых радиовышек)

--- Решения ботов ---
  [Team A] Тишина A5 (1,2,7) → MOVE (0,1,6)
  [Team A] Бурав A6 (3,5,4) → MOVE (2,4,5)
  [Team B] Тишина B5 (2,3,5) → MOVE (3,4,4)
  [Team B] Бурав B6 (0,1,6) → MOVE (1,2,5)
  [Team C] Артиллерия C1 (1,3,1) → SHOOT at (3,5,4)
! 🎮 GM: принудительно завершает фазу планирования
GM: end_planning
# 
============================================================
# 🔄 ОБРАБОТКА ХОДА 21
# ============================================================

📦 ПЕРЕМЕЩЕНИЯ:
!    ⚠️ Тишина A5: клетка (0,1,6) занята
!    ⚠️ Бурав A6: Бурав двигается только по 1 оси или по 2 осям строго диагонально
!    ⚠️ Тишина B5: клетка (3,4,4) занята
!    ⚠️ Бурав B6: Бурав двигается только по 1 оси или по 2 осям строго диагонально

🎯 ВЫСТРЕЛЫ:
✓    ✅ Артиллерия C1 поразил Бурав A6 (2 урона)!
   Выпущено ракет: 1
# 
📊 РЕЗУЛЬТАТЫ ХОДА 21:
✓ 💥 ПОПАДАНИЯ:
✓    Артиллерия C1 (Team C) → Бурав A6 (Team A)

--- Результаты хода ---
  Team C / Артиллерия C1      → Team A / Бурав A6           @ (3,5,4)  (УБИТ)

--- Состояние команд после хода ---
  Team A: живых 1/8
    ✓ Тишина A5          @ (1,2,7) hp=2/2
    ✗ Артиллерия A1      @ (9,5,7) [уничтожен]
    ✗ Радиовышка A2      @ (0,1,8) [уничтожен]
    ✗ Прыгун A3          @ (4,7,8) [уничтожен]
    ✗ Факел A4           @ (4,4,4) [уничтожен]
    ✗ Бурав A6           @ (3,5,4) [уничтожен]
    ✗ Провокатор A7      @ (7,3,7) [уничтожен]
    ✗ Паук A8            @ (3,4,7) [уничтожен]
  Team B: живых 2/8
    ✓ Тишина B5          @ (2,3,5) hp=2/2
    ✓ Бурав B6           @ (0,1,6) hp=4/4
    ✗ Артиллерия B1      @ (2,5,9) [уничтожен]
    ✗ Радиовышка B2      @ (3,7,9) [уничтожен]
    ✗ Прыгун B3          @ (7,4,8) [уничтожен]
    ✗ Факел B4           @ (7,4,9) [уничтожен]
    ✗ Провокатор B7      @ (3,6,9) [уничтожен]
    ✗ Паук B8            @ (5,8,9) [уничтожен]
  Team C: живых 1/8
    ✓ Артиллерия C1      @ (1,3,1) hp=1/1
    ✗ Радиовышка C2      @ (0,1,8) [уничтожен]
    ✗ Прыгун C3          @ (7,4,6) [уничтожен]
    ✗ Факел C4           @ (0,1,6) [уничтожен]
    ✗ Тишина C5          @ (4,4,4) [уничтожен]
    ✗ Бурав C6           @ (3,5,4) [уничтожен]
    ✗ Провокатор C7      @ (2,5,4) [уничтожен]
    ✗ Паук C8            @ (5,4,4) [уничтожен]

======================================================================
ХОД 22
======================================================================
✓ 🎮 GM: начинаем ход
GM: start_turn

--- Радиовышки: сканирование слоя Z ---
  (у команд не осталось живых радиовышек)

--- Решения ботов ---
  [Team A] Тишина A5 (1,2,7) → PHASE toggle
  [Team B] Тишина B5 (2,3,5) → MOVE (3,4,5)
  [Team B] Бурав B6 (0,1,6) → MOVE (1,2,5)
  [Team C] Артиллерия C1 (1,3,1) → SHOOT at (9,4,8)
! 🎮 GM: принудительно завершает фазу планирования
GM: end_planning
# 
============================================================
# 🔄 ОБРАБОТКА ХОДА 22
# ============================================================
   🌀 Тишина A5: фаза ВЫКЛ

📦 ПЕРЕМЕЩЕНИЯ:
!    ⚠️ Тишина B5: клетка (3,4,5) занята
!    ⚠️ Бурав B6: Бурав двигается только по 1 оси или по 2 осям строго диагонально

🎯 ВЫСТРЕЛЫ:
   Выпущено ракет: 1
# 
📊 РЕЗУЛЬТАТЫ ХОДА 22:
🎯 Попаданий нет

--- Результаты хода ---
  Попаданий нет

--- Состояние команд после хода ---
  Team A: живых 1/8
    ✓ Тишина A5          @ (1,2,7) hp=2/2
    ✗ Артиллерия A1      @ (9,5,7) [уничтожен]
    ✗ Радиовышка A2      @ (0,1,8) [уничтожен]
    ✗ Прыгун A3          @ (4,7,8) [уничтожен]
    ✗ Факел A4           @ (4,4,4) [уничтожен]
    ✗ Бурав A6           @ (3,5,4) [уничтожен]
    ✗ Провокатор A7      @ (7,3,7) [уничтожен]
    ✗ Паук A8            @ (3,4,7) [уничтожен]
  Team B: живых 2/8
    ✓ Тишина B5          @ (2,3,5) hp=2/2
    ✓ Бурав B6           @ (0,1,6) hp=4/4
    ✗ Артиллерия B1      @ (2,5,9) [уничтожен]
    ✗ Радиовышка B2      @ (3,7,9) [уничтожен]
    ✗ Прыгун B3          @ (7,4,8) [уничтожен]
    ✗ Факел B4           @ (7,4,9) [уничтожен]
    ✗ Провокатор B7      @ (3,6,9) [уничтожен]
    ✗ Паук B8            @ (5,8,9) [уничтожен]
  Team C: живых 1/8
    ✓ Артиллерия C1      @ (1,3,1) hp=1/1
    ✗ Радиовышка C2      @ (0,1,8) [уничтожен]
    ✗ Прыгун C3          @ (7,4,6) [уничтожен]
    ✗ Факел C4           @ (0,1,6) [уничтожен]
    ✗ Тишина C5          @ (4,4,4) [уничтожен]
    ✗ Бурав C6           @ (3,5,4) [уничтожен]
    ✗ Провокатор C7      @ (2,5,4) [уничтожен]
    ✗ Паук C8            @ (5,4,4) [уничтожен]

======================================================================
ХОД 23
======================================================================
✓ 🎮 GM: начинаем ход
GM: start_turn

--- Радиовышки: сканирование слоя Z ---
  (у команд не осталось живых радиовышек)

--- Решения ботов ---
  [Team A] Тишина A5 (1,2,7) → MOVE (0,1,6)
  [Team B] Тишина B5 (2,3,5) → MOVE (1,2,6)
  [Team B] Бурав B6 (0,1,6) → MOVE (1,2,7)
  [Team C] Артиллерия C1 (1,3,1) → SHOOT at (0,0,1)
! 🎮 GM: принудительно завершает фазу планирования
GM: end_planning
# 
============================================================
# 🔄 ОБРАБОТКА ХОДА 23
# ============================================================

📦 ПЕРЕМЕЩЕНИЯ:
!    ⚠️ Тишина A5: клетка (0,1,6) занята
   Тишина B5: (2, 3, 5) → (1,2,6)
!    ⚠️ Бурав B6: Бурав двигается только по 1 оси или по 2 осям строго диагонально

🎯 ВЫСТРЕЛЫ:
   Выпущено ракет: 1
# 
📊 РЕЗУЛЬТАТЫ ХОДА 23:
🎯 Попаданий нет

--- Результаты хода ---
  Попаданий нет

--- Состояние команд после хода ---
  Team A: живых 1/8
    ✓ Тишина A5          @ (1,2,7) hp=2/2
    ✗ Артиллерия A1      @ (9,5,7) [уничтожен]
    ✗ Радиовышка A2      @ (0,1,8) [уничтожен]
    ✗ Прыгун A3          @ (4,7,8) [уничтожен]
    ✗ Факел A4           @ (4,4,4) [уничтожен]
    ✗ Бурав A6           @ (3,5,4) [уничтожен]
    ✗ Провокатор A7      @ (7,3,7) [уничтожен]
    ✗ Паук A8            @ (3,4,7) [уничтожен]
  Team B: живых 2/8
    ✓ Тишина B5          @ (1,2,6) hp=2/2
    ✓ Бурав B6           @ (0,1,6) hp=4/4
    ✗ Артиллерия B1      @ (2,5,9) [уничтожен]
    ✗ Радиовышка B2      @ (3,7,9) [уничтожен]
    ✗ Прыгун B3          @ (7,4,8) [уничтожен]
    ✗ Факел B4           @ (7,4,9) [уничтожен]
    ✗ Провокатор B7      @ (3,6,9) [уничтожен]
    ✗ Паук B8            @ (5,8,9) [уничтожен]
  Team C: живых 1/8
    ✓ Артиллерия C1      @ (1,3,1) hp=1/1
    ✗ Радиовышка C2      @ (0,1,8) [уничтожен]
    ✗ Прыгун C3          @ (7,4,6) [уничтожен]
    ✗ Факел C4           @ (0,1,6) [уничтожен]
    ✗ Тишина C5          @ (4,4,4) [уничтожен]
    ✗ Бурав C6           @ (3,5,4) [уничтожен]
    ✗ Провокатор C7      @ (2,5,4) [уничтожен]
    ✗ Паук C8            @ (5,4,4) [уничтожен]

======================================================================
ХОД 24
======================================================================
✓ 🎮 GM: начинаем ход
GM: start_turn

--- Радиовышки: сканирование слоя Z ---
  (у команд не осталось живых радиовышек)

--- Решения ботов ---
  [Team A] Тишина A5 (1,2,7) → MOVE (1,2,6)
  [Team B] Тишина B5 (1,2,6) → MOVE (1,2,7)
  [Team B] Бурав B6 (0,1,6) → MOVE (1,1,6)
  [Team C] Артиллерия C1 (1,3,1) → SHOOT at (9,9,9)
! 🎮 GM: принудительно завершает фазу планирования
GM: end_planning
# 
============================================================
# 🔄 ОБРАБОТКА ХОДА 24
# ============================================================

📦 ПЕРЕМЕЩЕНИЯ:
!    ⚠️ Тишина A5: клетка (1,2,6) занята
!    ⚠️ Тишина B5: клетка (1,2,7) занята
   Бурав B6: (0, 1, 6) → (1,1,6)

🎯 ВЫСТРЕЛЫ:
   Выпущено ракет: 1
# 
📊 РЕЗУЛЬТАТЫ ХОДА 24:
🎯 Попаданий нет

--- Результаты хода ---
  Попаданий нет

--- Состояние команд после хода ---
  Team A: живых 1/8
    ✓ Тишина A5          @ (1,2,7) hp=2/2
    ✗ Артиллерия A1      @ (9,5,7) [уничтожен]
    ✗ Радиовышка A2      @ (0,1,8) [уничтожен]
    ✗ Прыгун A3          @ (4,7,8) [уничтожен]
    ✗ Факел A4           @ (4,4,4) [уничтожен]
    ✗ Бурав A6           @ (3,5,4) [уничтожен]
    ✗ Провокатор A7      @ (7,3,7) [уничтожен]
    ✗ Паук A8            @ (3,4,7) [уничтожен]
  Team B: живых 2/8
    ✓ Тишина B5          @ (1,2,6) hp=2/2
    ✓ Бурав B6           @ (1,1,6) hp=4/4
    ✗ Артиллерия B1      @ (2,5,9) [уничтожен]
    ✗ Радиовышка B2      @ (3,7,9) [уничтожен]
    ✗ Прыгун B3          @ (7,4,8) [уничтожен]
    ✗ Факел B4           @ (7,4,9) [уничтожен]
    ✗ Провокатор B7      @ (3,6,9) [уничтожен]
    ✗ Паук B8            @ (5,8,9) [уничтожен]
  Team C: живых 1/8
    ✓ Артиллерия C1      @ (1,3,1) hp=1/1
    ✗ Радиовышка C2      @ (0,1,8) [уничтожен]
    ✗ Прыгун C3          @ (7,4,6) [уничтожен]
    ✗ Факел C4           @ (0,1,6) [уничтожен]
    ✗ Тишина C5          @ (4,4,4) [уничтожен]
    ✗ Бурав C6           @ (3,5,4) [уничтожен]
    ✗ Провокатор C7      @ (2,5,4) [уничтожен]
    ✗ Паук C8            @ (5,4,4) [уничтожен]

======================================================================
ХОД 25
======================================================================
✓ 🎮 GM: начинаем ход
GM: start_turn

--- Радиовышки: сканирование слоя Z ---
  (у команд не осталось живых радиовышек)

--- Решения ботов ---
  [Team A] Тишина A5 (1,2,7) → MOVE (1,2,6)
  [Team B] Тишина B5 (1,2,6) → MOVE (1,2,7)
  [Team B] Бурав B6 (1,1,6) → MOVE (1,1,7)
  [Team C] Артиллерия C1 (1,3,1) → SHOOT at (0,0,1)
! 🎮 GM: принудительно завершает фазу планирования
GM: end_planning
# 
============================================================
# 🔄 ОБРАБОТКА ХОДА 25
# ============================================================

📦 ПЕРЕМЕЩЕНИЯ:
!    ⚠️ Тишина A5: клетка (1,2,6) занята
!    ⚠️ Тишина B5: клетка (1,2,7) занята
   Бурав B6: (1, 1, 6) → (1,1,7)

🎯 ВЫСТРЕЛЫ:
   Выпущено ракет: 1
# 
📊 РЕЗУЛЬТАТЫ ХОДА 25:
🎯 Попаданий нет

--- Результаты хода ---
  Попаданий нет

--- Состояние команд после хода ---
  Team A: живых 1/8
    ✓ Тишина A5          @ (1,2,7) hp=2/2
    ✗ Артиллерия A1      @ (9,5,7) [уничтожен]
    ✗ Радиовышка A2      @ (0,1,8) [уничтожен]
    ✗ Прыгун A3          @ (4,7,8) [уничтожен]
    ✗ Факел A4           @ (4,4,4) [уничтожен]
    ✗ Бурав A6           @ (3,5,4) [уничтожен]
    ✗ Провокатор A7      @ (7,3,7) [уничтожен]
    ✗ Паук A8            @ (3,4,7) [уничтожен]
  Team B: живых 2/8
    ✓ Тишина B5          @ (1,2,6) hp=2/2
    ✓ Бурав B6           @ (1,1,7) hp=4/4
    ✗ Артиллерия B1      @ (2,5,9) [уничтожен]
    ✗ Радиовышка B2      @ (3,7,9) [уничтожен]
    ✗ Прыгун B3          @ (7,4,8) [уничтожен]
    ✗ Факел B4           @ (7,4,9) [уничтожен]
    ✗ Провокатор B7      @ (3,6,9) [уничтожен]
    ✗ Паук B8            @ (5,8,9) [уничтожен]
  Team C: живых 1/8
    ✓ Артиллерия C1      @ (1,3,1) hp=1/1
    ✗ Радиовышка C2      @ (0,1,8) [уничтожен]
    ✗ Прыгун C3          @ (7,4,6) [уничтожен]
    ✗ Факел C4           @ (0,1,6) [уничтожен]
    ✗ Тишина C5          @ (4,4,4) [уничтожен]
    ✗ Бурав C6           @ (3,5,4) [уничтожен]
    ✗ Провокатор C7      @ (2,5,4) [уничтожен]
    ✗ Паук C8            @ (5,4,4) [уничтожен]

======================================================================
ХОД 26
======================================================================
✓ 🎮 GM: начинаем ход
GM: start_turn

--- Радиовышки: сканирование слоя Z ---
  (у команд не осталось живых радиовышек)

--- Решения ботов ---
  [Team A] Тишина A5 (1,2,7) → MOVE (1,2,6)
  [Team B] Тишина B5 (1,2,6) → MOVE (1,2,7)
  [Team B] Бурав B6 → SKIP
  [Team C] Артиллерия C1 (1,3,1) → SHOOT at (9,4,9)
! 🎮 GM: принудительно завершает фазу планирования
GM: end_planning
# 
============================================================
# 🔄 ОБРАБОТКА ХОДА 26
# ============================================================

📦 ПЕРЕМЕЩЕНИЯ:
!    ⚠️ Тишина A5: клетка (1,2,6) занята
!    ⚠️ Тишина B5: клетка (1,2,7) занята

🎯 ВЫСТРЕЛЫ:
   Выпущено ракет: 1
# 
📊 РЕЗУЛЬТАТЫ ХОДА 26:
🎯 Попаданий нет

--- Результаты хода ---
  Попаданий нет

--- Состояние команд после хода ---
  Team A: живых 1/8
    ✓ Тишина A5          @ (1,2,7) hp=2/2
    ✗ Артиллерия A1      @ (9,5,7) [уничтожен]
    ✗ Радиовышка A2      @ (0,1,8) [уничтожен]
    ✗ Прыгун A3          @ (4,7,8) [уничтожен]
    ✗ Факел A4           @ (4,4,4) [уничтожен]
    ✗ Бурав A6           @ (3,5,4) [уничтожен]
    ✗ Провокатор A7      @ (7,3,7) [уничтожен]
    ✗ Паук A8            @ (3,4,7) [уничтожен]
  Team B: живых 2/8
    ✓ Тишина B5          @ (1,2,6) hp=2/2
    ✓ Бурав B6           @ (1,1,7) hp=4/4
    ✗ Артиллерия B1      @ (2,5,9) [уничтожен]
    ✗ Радиовышка B2      @ (3,7,9) [уничтожен]
    ✗ Прыгун B3          @ (7,4,8) [уничтожен]
    ✗ Факел B4           @ (7,4,9) [уничтожен]
    ✗ Провокатор B7      @ (3,6,9) [уничтожен]
    ✗ Паук B8            @ (5,8,9) [уничтожен]
  Team C: живых 1/8
    ✓ Артиллерия C1      @ (1,3,1) hp=1/1
    ✗ Радиовышка C2      @ (0,1,8) [уничтожен]
    ✗ Прыгун C3          @ (7,4,6) [уничтожен]
    ✗ Факел C4           @ (0,1,6) [уничтожен]
    ✗ Тишина C5          @ (4,4,4) [уничтожен]
    ✗ Бурав C6           @ (3,5,4) [уничтожен]
    ✗ Провокатор C7      @ (2,5,4) [уничтожен]
    ✗ Паук C8            @ (5,4,4) [уничтожен]

======================================================================
ХОД 27
======================================================================
✓ 🎮 GM: начинаем ход
GM: start_turn

--- Радиовышки: сканирование слоя Z ---
  (у команд не осталось живых радиовышек)

--- Решения ботов ---
  [Team A] Тишина A5 (1,2,7) → MOVE (1,2,6)
  [Team B] Тишина B5 (1,2,6) → MOVE (1,2,7)
  [Team B] Бурав B6 → SKIP
  [Team C] Артиллерия C1 (1,3,1) → SHOOT at (9,4,9)
! 🎮 GM: принудительно завершает фазу планирования
GM: end_planning
# 
============================================================
# 🔄 ОБРАБОТКА ХОДА 27
# ============================================================

📦 ПЕРЕМЕЩЕНИЯ:
!    ⚠️ Тишина A5: клетка (1,2,6) занята
!    ⚠️ Тишина B5: клетка (1,2,7) занята

🎯 ВЫСТРЕЛЫ:
   Выпущено ракет: 1
# 
📊 РЕЗУЛЬТАТЫ ХОДА 27:
🎯 Попаданий нет

--- Результаты хода ---
  Попаданий нет

--- Состояние команд после хода ---
  Team A: живых 1/8
    ✓ Тишина A5          @ (1,2,7) hp=2/2
    ✗ Артиллерия A1      @ (9,5,7) [уничтожен]
    ✗ Радиовышка A2      @ (0,1,8) [уничтожен]
    ✗ Прыгун A3          @ (4,7,8) [уничтожен]
    ✗ Факел A4           @ (4,4,4) [уничтожен]
    ✗ Бурав A6           @ (3,5,4) [уничтожен]
    ✗ Провокатор A7      @ (7,3,7) [уничтожен]
    ✗ Паук A8            @ (3,4,7) [уничтожен]
  Team B: живых 2/8
    ✓ Тишина B5          @ (1,2,6) hp=2/2
    ✓ Бурав B6           @ (1,1,7) hp=4/4
    ✗ Артиллерия B1      @ (2,5,9) [уничтожен]
    ✗ Радиовышка B2      @ (3,7,9) [уничтожен]
    ✗ Прыгун B3          @ (7,4,8) [уничтожен]
    ✗ Факел B4           @ (7,4,9) [уничтожен]
    ✗ Провокатор B7      @ (3,6,9) [уничтожен]
    ✗ Паук B8            @ (5,8,9) [уничтожен]
  Team C: живых 1/8
    ✓ Артиллерия C1      @ (1,3,1) hp=1/1
    ✗ Радиовышка C2      @ (0,1,8) [уничтожен]
    ✗ Прыгун C3          @ (7,4,6) [уничтожен]
    ✗ Факел C4           @ (0,1,6) [уничтожен]
    ✗ Тишина C5          @ (4,4,4) [уничтожен]
    ✗ Бурав C6           @ (3,5,4) [уничтожен]
    ✗ Провокатор C7      @ (2,5,4) [уничтожен]
    ✗ Паук C8            @ (5,4,4) [уничтожен]

======================================================================
ХОД 28
======================================================================
✓ 🎮 GM: начинаем ход
GM: start_turn

--- Радиовышки: сканирование слоя Z ---
  (у команд не осталось живых радиовышек)

--- Решения ботов ---
  [Team A] Тишина A5 (1,2,7) → MOVE (1,2,6)
  [Team B] Тишина B5 (1,2,6) → MOVE (1,2,7)
  [Team B] Бурав B6 → SKIP
  [Team C] Артиллерия C1 (1,3,1) → SHOOT at (9,4,9)
! 🎮 GM: принудительно завершает фазу планирования
GM: end_planning
# 
============================================================
# 🔄 ОБРАБОТКА ХОДА 28
# ============================================================

📦 ПЕРЕМЕЩЕНИЯ:
!    ⚠️ Тишина A5: клетка (1,2,6) занята
!    ⚠️ Тишина B5: клетка (1,2,7) занята

🎯 ВЫСТРЕЛЫ:
   Выпущено ракет: 1
# 
📊 РЕЗУЛЬТАТЫ ХОДА 28:
🎯 Попаданий нет

--- Результаты хода ---
  Попаданий нет

--- Состояние команд после хода ---
  Team A: живых 1/8
    ✓ Тишина A5          @ (1,2,7) hp=2/2
    ✗ Артиллерия A1      @ (9,5,7) [уничтожен]
    ✗ Радиовышка A2      @ (0,1,8) [уничтожен]
    ✗ Прыгун A3          @ (4,7,8) [уничтожен]
    ✗ Факел A4           @ (4,4,4) [уничтожен]
    ✗ Бурав A6           @ (3,5,4) [уничтожен]
    ✗ Провокатор A7      @ (7,3,7) [уничтожен]
    ✗ Паук A8            @ (3,4,7) [уничтожен]
  Team B: живых 2/8
    ✓ Тишина B5          @ (1,2,6) hp=2/2
    ✓ Бурав B6           @ (1,1,7) hp=4/4
    ✗ Артиллерия B1      @ (2,5,9) [уничтожен]
    ✗ Радиовышка B2      @ (3,7,9) [уничтожен]
    ✗ Прыгун B3          @ (7,4,8) [уничтожен]
    ✗ Факел B4           @ (7,4,9) [уничтожен]
    ✗ Провокатор B7      @ (3,6,9) [уничтожен]
    ✗ Паук B8            @ (5,8,9) [уничтожен]
  Team C: живых 1/8
    ✓ Артиллерия C1      @ (1,3,1) hp=1/1
    ✗ Радиовышка C2      @ (0,1,8) [уничтожен]
    ✗ Прыгун C3          @ (7,4,6) [уничтожен]
    ✗ Факел C4           @ (0,1,6) [уничтожен]
    ✗ Тишина C5          @ (4,4,4) [уничтожен]
    ✗ Бурав C6           @ (3,5,4) [уничтожен]
    ✗ Провокатор C7      @ (2,5,4) [уничтожен]
    ✗ Паук C8            @ (5,4,4) [уничтожен]

======================================================================
ХОД 29
======================================================================
✓ 🎮 GM: начинаем ход
GM: start_turn

--- Радиовышки: сканирование слоя Z ---
  (у команд не осталось живых радиовышек)

--- Решения ботов ---
  [Team A] Тишина A5 (1,2,7) → MOVE (1,2,6)
  [Team B] Тишина B5 (1,2,6) → MOVE (1,2,7)
  [Team B] Бурав B6 → SKIP
  [Team C] Артиллерия C1 (1,3,1) → SHOOT at (9,4,9)
! 🎮 GM: принудительно завершает фазу планирования
GM: end_planning
# 
============================================================
# 🔄 ОБРАБОТКА ХОДА 29
# ============================================================

📦 ПЕРЕМЕЩЕНИЯ:
!    ⚠️ Тишина A5: клетка (1,2,6) занята
!    ⚠️ Тишина B5: клетка (1,2,7) занята

🎯 ВЫСТРЕЛЫ:
   Выпущено ракет: 1
# 
📊 РЕЗУЛЬТАТЫ ХОДА 29:
🎯 Попаданий нет

--- Результаты хода ---
  Попаданий нет

--- Состояние команд после хода ---
  Team A: живых 1/8
    ✓ Тишина A5          @ (1,2,7) hp=2/2
    ✗ Артиллерия A1      @ (9,5,7) [уничтожен]
    ✗ Радиовышка A2      @ (0,1,8) [уничтожен]
    ✗ Прыгун A3          @ (4,7,8) [уничтожен]
    ✗ Факел A4           @ (4,4,4) [уничтожен]
    ✗ Бурав A6           @ (3,5,4) [уничтожен]
    ✗ Провокатор A7      @ (7,3,7) [уничтожен]
    ✗ Паук A8            @ (3,4,7) [уничтожен]
  Team B: живых 2/8
    ✓ Тишина B5          @ (1,2,6) hp=2/2
    ✓ Бурав B6           @ (1,1,7) hp=4/4
    ✗ Артиллерия B1      @ (2,5,9) [уничтожен]
    ✗ Радиовышка B2      @ (3,7,9) [уничтожен]
    ✗ Прыгун B3          @ (7,4,8) [уничтожен]
    ✗ Факел B4           @ (7,4,9) [уничтожен]
    ✗ Провокатор B7      @ (3,6,9) [уничтожен]
    ✗ Паук B8            @ (5,8,9) [уничтожен]
  Team C: живых 1/8
    ✓ Артиллерия C1      @ (1,3,1) hp=1/1
    ✗ Радиовышка C2      @ (0,1,8) [уничтожен]
    ✗ Прыгун C3          @ (7,4,6) [уничтожен]
    ✗ Факел C4           @ (0,1,6) [уничтожен]
    ✗ Тишина C5          @ (4,4,4) [уничтожен]
    ✗ Бурав C6           @ (3,5,4) [уничтожен]
    ✗ Провокатор C7      @ (2,5,4) [уничтожен]
    ✗ Паук C8            @ (5,4,4) [уничтожен]

======================================================================
ХОД 30
======================================================================
✓ 🎮 GM: начинаем ход
GM: start_turn

--- Радиовышки: сканирование слоя Z ---
  (у команд не осталось живых радиовышек)

--- Решения ботов ---
  [Team A] Тишина A5 (1,2,7) → MOVE (1,2,6)
  [Team B] Тишина B5 (1,2,6) → MOVE (1,2,7)
  [Team B] Бурав B6 → SKIP
  [Team C] Артиллерия C1 (1,3,1) → SHOOT at (0,0,1)
! 🎮 GM: принудительно завершает фазу планирования
GM: end_planning
# 
============================================================
# 🔄 ОБРАБОТКА ХОДА 30
# ============================================================

📦 ПЕРЕМЕЩЕНИЯ:
!    ⚠️ Тишина A5: клетка (1,2,6) занята
!    ⚠️ Тишина B5: клетка (1,2,7) занята

🎯 ВЫСТРЕЛЫ:
   Выпущено ракет: 1
# 
📊 РЕЗУЛЬТАТЫ ХОДА 30:
🎯 Попаданий нет

--- Результаты хода ---
  Попаданий нет

--- Состояние команд после хода ---
  Team A: живых 1/8
    ✓ Тишина A5          @ (1,2,7) hp=2/2
    ✗ Артиллерия A1      @ (9,5,7) [уничтожен]
    ✗ Радиовышка A2      @ (0,1,8) [уничтожен]
    ✗ Прыгун A3          @ (4,7,8) [уничтожен]
    ✗ Факел A4           @ (4,4,4) [уничтожен]
    ✗ Бурав A6           @ (3,5,4) [уничтожен]
    ✗ Провокатор A7      @ (7,3,7) [уничтожен]
    ✗ Паук A8            @ (3,4,7) [уничтожен]
  Team B: живых 2/8
    ✓ Тишина B5          @ (1,2,6) hp=2/2
    ✓ Бурав B6           @ (1,1,7) hp=4/4
    ✗ Артиллерия B1      @ (2,5,9) [уничтожен]
    ✗ Радиовышка B2      @ (3,7,9) [уничтожен]
    ✗ Прыгун B3          @ (7,4,8) [уничтожен]
    ✗ Факел B4           @ (7,4,9) [уничтожен]
    ✗ Провокатор B7      @ (3,6,9) [уничтожен]
    ✗ Паук B8            @ (5,8,9) [уничтожен]
  Team C: живых 1/8
    ✓ Артиллерия C1      @ (1,3,1) hp=1/1
    ✗ Радиовышка C2      @ (0,1,8) [уничтожен]
    ✗ Прыгун C3          @ (7,4,6) [уничтожен]
    ✗ Факел C4           @ (0,1,6) [уничтожен]
    ✗ Тишина C5          @ (4,4,4) [уничтожен]
    ✗ Бурав C6           @ (3,5,4) [уничтожен]
    ✗ Провокатор C7      @ (2,5,4) [уничтожен]
    ✗ Паук C8            @ (5,4,4) [уничтожен]

======================================================================
ИТОГ
======================================================================
Лимит ходов (30) исчерпан, ничья/пат.

--- Сводка по командам ---
  Team A: 1/8 живых; hp=2
  Team B: 2/8 живых; hp=6
  Team C: 1/8 живых; hp=1

--- Сводка по пассивкам радиовышек ---
  Team A: сканирований=4, всего врагов-в-слоях=4, уникальных эксклюзивных (видны только радиовышкой)=1
  Team B: сканирований=3, всего врагов-в-слоях=3, уникальных эксклюзивных (видны только радиовышкой)=0
  Team C: сканирований=10, всего врагов-в-слоях=4, уникальных эксклюзивных (видны только радиовышкой)=1

--- Сводка по попаданиям ---
  Всего событий (шоты+тараны+мины): 26
  Уничтожено кораблей всего: 20
  Team A: урон=28 хиты=0 тараны=11 мины(сработало)=1 убийств=11
  Team B: урон=15 хиты=0 тараны=4 мины(сработало)=2 убийств=5
  Team C: урон=16 хиты=8 тараны=0 мины(сработало)=0 убийств=4
! 🎮 GM: остановка игры
