======================================================================
Space Battle 10×10×10 — simulation run at 2026-04-20T13:39:21+00:00
Game mode: advanced
Seed: 136
✓ 🚀 Продвинутый режим: создаю разные типы кораблей
   Команда A: спавн вдоль оси Z от (6, 8, 0) до (6, 8, 9)
   Команда B: спавн вдоль оси Z от (7, 0, 2) до (7, 0, 3)
   Команда C: спавн вдоль оси Y от (8, 3, 4) до (8, 5, 4)
✓ ✅ Создано 24 кораблей


--- СТАРТОВАЯ РАССТАНОВКА ---
  Team A: живых 8/8
    ✓ Артиллерия A1      @ (6,8,0) hp=1/1
    ✓ Радиовышка A2      @ (6,8,6) hp=3/3
    ✓ Прыгун A3          @ (6,8,7) hp=2/2
    ✓ Факел A4           @ (6,8,8) hp=6/6
    ✓ Тишина A5          @ (6,8,1) hp=2/2
    ✓ Бурав A6           @ (6,8,3) hp=4/4
    ✓ Провокатор A7      @ (6,8,5) hp=2/2
    ✓ Паук A8            @ (6,8,9) hp=1/1
  Team B: живых 8/8
    ✓ Артиллерия B1      @ (7,0,2) hp=1/1
    ✓ Радиовышка B2      @ (7,0,0) hp=3/3
    ✓ Прыгун B3          @ (7,0,8) hp=2/2
    ✓ Факел B4           @ (7,0,1) hp=6/6
    ✓ Тишина B5          @ (7,0,6) hp=2/2
    ✓ Бурав B6           @ (7,0,4) hp=4/4
    ✓ Провокатор B7      @ (7,0,9) hp=2/2
    ✓ Паук B8            @ (7,0,3) hp=1/1
  Team C: живых 8/8
    ✓ Артиллерия C1      @ (8,3,4) hp=1/1
    ✓ Радиовышка C2      @ (8,4,4) hp=3/3
    ✓ Прыгун C3          @ (8,8,4) hp=2/2
    ✓ Факел C4           @ (8,9,4) hp=6/6
    ✓ Тишина C5          @ (8,0,4) hp=2/2
    ✓ Бурав C6           @ (8,2,4) hp=4/4
    ✓ Провокатор C7      @ (8,6,4) hp=2/2
    ✓ Паук C8            @ (8,5,4) hp=1/1

======================================================================
ХОД 1
======================================================================
✓ 🎮 GM: начинаем ход
GM: start_turn

--- Радиовышки: сканирование слоя Z ---
  Радиовышка A2 (z=6): видит 1 врагов [+1 эксклюзивно] → Тишина B5(7,0,6)
  Радиовышка B2 (z=0): видит 1 врагов [+1 эксклюзивно] → Артиллерия A1(6,8,0)
  Радиовышка C2 (z=4): видит 1 врагов  → Бурав B6(7,0,4)

--- Решения ботов ---
  [Team A] Артиллерия A1 (6,8,0) → SHOOT at (8,8,4)
  [Team A] Радиовышка A2 (6,8,6) → MOVE (7,8,5)
  [Team A] Прыгун A3 (6,8,7) → MOVE (7,8,6)
  [Team A] Тишина A5 (6,8,1) → PHASE toggle
  [Team A] Бурав A6 (6,8,3) → MOVE (7,8,4)
  [Team A] Провокатор A7 (6,8,5) → HOLOGRAM (6,8,4)
  [Team A] Паук A8 (6,8,9) → MOVE (7,7,8)
  [Team A] Факел A4 → SKIP
  [Team B] Артиллерия B1 (7,0,2) → SHOOT at (8,3,4)
  [Team B] Радиовышка B2 (7,0,0) → MOVE (8,1,1)
  [Team B] Прыгун B3 (7,0,8) → MOVE (8,1,7)
  [Team B] Тишина B5 (7,0,6) → PHASE toggle
  [Team B] Бурав B6 (7,0,4) → MOVE (8,0,4)
  [Team B] Провокатор B7 (7,0,9) → HOLOGRAM (8,1,8)
  [Team B] Паук B8 (7,0,3) → MINE (7,1,3)
  [Team B] Факел B4 → SKIP
  [Team C] Артиллерия C1 (8,3,4) → SHOOT at (7,0,2)
  [Team C] Радиовышка C2 (8,4,4) → MOVE (7,5,3)
  [Team C] Прыгун C3 (8,8,4) → MOVE (6,8,5)
  [Team C] Тишина C5 (8,0,4) → PHASE toggle
  [Team C] Бурав C6 (8,2,4) → MOVE (7,1,3)
  [Team C] Провокатор C7 (8,6,4) → HOLOGRAM (7,7,5)
  [Team C] Паук C8 (8,5,4) → MINE (7,6,5)
  [Team C] Факел C4 → SKIP
! 🎮 GM: принудительно завершает фазу планирования
GM: end_planning
# 
============================================================
# 🔄 ОБРАБОТКА ХОДА 1
# ============================================================
   🌀 Тишина A5: уходит в фазу на 1 ход
   🌀 Тишина B5: уходит в фазу на 1 ход
   🌀 Тишина C5: уходит в фазу на 1 ход
   🪞 Провокатор A7 создал голограмму H1 в (6,8,4)
   🪞 Провокатор B7 создал голограмму H2 в (8,1,8)
   🪞 Провокатор C7 создал голограмму H3 в (7,7,5)
   💣 Паук B8 установил мину M1 в (7,1,3)
   💣 Паук C8 установил мину M2 в (7,6,5)

📦 ПЕРЕМЕЩЕНИЯ:
   Радиовышка A2: (6, 8, 6) → (7,8,5)
   Прыгун A3: (6, 8, 7) → (7,8,6)
   Бурав A6: (6, 8, 3) → (7,8,4)
   Паук A8: (6, 8, 9) → (7,7,8)
   Радиовышка B2: (7, 0, 0) → (8,1,1)
   Прыгун B3: (7, 0, 8) → (8,1,7)
✓    💥 Бурав B6 пробивает фазу Тишина C5 тараном
✓    💥 Бурав B6 тараном уничтожил Тишина C5 в (8,0,4)
   Бурав B6: (7, 0, 4) → (8,0,4)
   Радиовышка C2: (8, 4, 4) → (7,5,3)
✓    💥 Прыгун C3 тараном уничтожил Провокатор A7 в (6,8,5)
   Прыгун C3: (8, 8, 4) → (6,8,5)
!    ⚠️ Бурав C6: Бурав двигается только по 1 оси или по 2 осям строго диагонально

🎯 ВЫСТРЕЛЫ:
✓    ✅ Артиллерия B1 поразил Артиллерия C1 (2 урона)!
✓    ✅ Артиллерия C1 поразил Артиллерия B1 (2 урона)!
   Выпущено ракет: 3
# 
📊 РЕЗУЛЬТАТЫ ХОДА 1:
✓ 💥 ПОПАДАНИЯ:
✓    Артиллерия B1 (Team B) → Артиллерия C1 (Team C)
✓    Артиллерия C1 (Team C) → Артиллерия B1 (Team B)

--- Результаты хода ---
  Team B / Бурав B6           → Team C / Тишина C5          @ (8,0,4)  (УБИТ)
  Team C / Прыгун C3          → Team A / Провокатор A7      @ (6,8,5)  (УБИТ)
  Team B / Артиллерия B1      → Team C / Артиллерия C1      @ (8,3,4)  (УБИТ)
  Team C / Артиллерия C1      → Team B / Артиллерия B1      @ (7,0,2)  (УБИТ)

--- Состояние команд после хода ---
  Team A: живых 7/8
    ✓ Артиллерия A1      @ (6,8,0) hp=1/1
    ✓ Радиовышка A2      @ (7,8,5) hp=3/3
    ✓ Прыгун A3          @ (7,8,6) hp=2/2
    ✓ Факел A4           @ (6,8,8) hp=6/6
    ✓ Тишина A5          @ (6,8,1) hp=2/2
    ✓ Бурав A6           @ (7,8,4) hp=4/4
    ✓ Паук A8            @ (7,7,8) hp=1/1
    ✗ Провокатор A7      @ (6,8,5) [уничтожен]
  Team B: живых 7/8
    ✓ Радиовышка B2      @ (8,1,1) hp=3/3
    ✓ Прыгун B3          @ (8,1,7) hp=2/2
    ✓ Факел B4           @ (7,0,1) hp=6/6
    ✓ Тишина B5          @ (7,0,6) hp=2/2
    ✓ Бурав B6           @ (8,0,4) hp=4/4
    ✓ Провокатор B7      @ (7,0,9) hp=2/2
    ✓ Паук B8            @ (7,0,3) hp=1/1
    ✗ Артиллерия B1      @ (7,0,2) [уничтожен]
  Team C: живых 6/8
    ✓ Радиовышка C2      @ (7,5,3) hp=3/3
    ✓ Прыгун C3          @ (6,8,5) hp=2/2
    ✓ Факел C4           @ (8,9,4) hp=6/6
    ✓ Бурав C6           @ (8,2,4) hp=4/4
    ✓ Провокатор C7      @ (8,6,4) hp=2/2
    ✓ Паук C8            @ (8,5,4) hp=1/1
    ✗ Артиллерия C1      @ (8,3,4) [уничтожен]
    ✗ Тишина C5          @ (8,0,4) [уничтожен]

======================================================================
ХОД 2
======================================================================
✓ 🎮 GM: начинаем ход
GM: start_turn

--- Радиовышки: сканирование слоя Z ---
  Радиовышка A2 (z=5): видит 1 врагов  → Прыгун C3(6,8,5)
  Радиовышка B2 (z=1): слой чист
  Радиовышка C2 (z=3): видит 1 врагов  → Паук B8(7,0,3)

--- Решения ботов ---
  [Team A] Артиллерия A1 (6,8,0) → SHOOT at (8,6,4)
  [Team A] Радиовышка A2 (7,8,5) → MOVE (6,8,5)
  [Team A] Прыгун A3 (7,8,6) → MOVE (8,9,4)
  [Team A] Факел A4 (6,8,8) → SHOOT at (6,8,5)
  [Team A] Тишина A5 (6,8,1) → MOVE (7,7,2)
  [Team A] Бурав A6 (7,8,4) → MOVE (6,8,4)
  [Team A] Паук A8 (7,7,8) → MINE (6,8,7)
  [Team B] Радиовышка B2 (8,1,1) → MOVE (8,2,2)
  [Team B] Прыгун B3 (8,1,7) → MOVE (8,2,6)
  [Team B] Факел B4 (7,0,1) → MOVE (8,1,2)
  [Team B] Тишина B5 (7,0,6) → MOVE (8,1,5)
  [Team B] Бурав B6 (8,0,4) → MOVE (8,2,4)
  [Team B] Провокатор B7 (7,0,9) → HOLOGRAM (8,1,8)
  [Team B] Паук B8 (7,0,3) → MINE (8,1,4)
  [Team C] Радиовышка C2 (7,5,3) → MOVE (6,6,2)
  [Team C] Прыгун C3 (6,8,5) → MOVE (7,8,6)
  [Team C] Факел C4 (8,9,4) → MOVE (7,8,5)
  [Team C] Бурав C6 (8,2,4) → MOVE (8,0,4)
  [Team C] Провокатор C7 (8,6,4) → HOLOGRAM (7,7,5)
  [Team C] Паук C8 (8,5,4) → MINE (7,6,5)
! 🎮 GM: принудительно завершает фазу планирования
GM: end_planning
# 
============================================================
# 🔄 ОБРАБОТКА ХОДА 2
# ============================================================
   🌀 Тишина A5: фаза спала (действовала 1 ход)
   🌀 Тишина B5: фаза спала (действовала 1 ход)
!    ⚠️ Провокатор B7: клетка (8,1,8) уже занята голограммой
!    ⚠️ Провокатор C7: клетка (7,7,5) уже занята голограммой
   💣 Паук A8 установил мину M3 в (6,8,7)
   💣 Паук B8 установил мину M4 в (8,1,4)
!    ⚠️ Паук C8: в клетке уже стоит мина

📦 ПЕРЕМЕЩЕНИЯ:
!    ⚠️ Радиовышка A2: клетка (6,8,5) занята
✓    💥 Прыгун A3 тараном уничтожил Факел C4 в (8,9,4)
   Прыгун A3: (7, 8, 6) → (8,9,4)
   Тишина A5: (6, 8, 1) → (7,7,2)
   Бурав A6: (7, 8, 4) → (6,8,4)
   Радиовышка B2: (8, 1, 1) → (8,2,2)
   Прыгун B3: (8, 1, 7) → (8,2,6)
   Факел B4: (7, 0, 1) → (8,1,2)
   Тишина B5: (7, 0, 6) → (8,1,5)
✓    💥 Бурав B6 тараном уничтожил Бурав C6 в (8,2,4)
   Бурав B6: (8, 0, 4) → (8,2,4)
   Радиовышка C2: (7, 5, 3) → (6,6,2)
   Прыгун C3: (6, 8, 5) → (7,8,6)

🎯 ВЫСТРЕЛЫ:
✓    ✅ Артиллерия A1 поразил Провокатор C7 (2 урона)!
   Выпущено ракет: 2
# 
📊 РЕЗУЛЬТАТЫ ХОДА 2:
✓ 💥 ПОПАДАНИЯ:
✓    Артиллерия A1 (Team A) → Провокатор C7 (Team C)

--- Результаты хода ---
  Team A / Прыгун A3          → Team C / Факел C4           @ (8,9,4)  (УБИТ)
  Team B / Бурав B6           → Team C / Бурав C6           @ (8,2,4)  (УБИТ)
  Team A / Артиллерия A1      → Team C / Провокатор C7      @ (8,6,4)  (УБИТ)

--- Состояние команд после хода ---
  Team A: живых 7/8
    ✓ Артиллерия A1      @ (6,8,0) hp=1/1
    ✓ Радиовышка A2      @ (7,8,5) hp=3/3
    ✓ Прыгун A3          @ (8,9,4) hp=2/2
    ✓ Факел A4           @ (6,8,8) hp=6/6
    ✓ Тишина A5          @ (7,7,2) hp=2/2
    ✓ Бурав A6           @ (6,8,4) hp=4/4
    ✓ Паук A8            @ (7,7,8) hp=1/1
    ✗ Провокатор A7      @ (6,8,5) [уничтожен]
  Team B: живых 7/8
    ✓ Радиовышка B2      @ (8,2,2) hp=3/3
    ✓ Прыгун B3          @ (8,2,6) hp=2/2
    ✓ Факел B4           @ (8,1,2) hp=6/6
    ✓ Тишина B5          @ (8,1,5) hp=2/2
    ✓ Бурав B6           @ (8,2,4) hp=4/4
    ✓ Провокатор B7      @ (7,0,9) hp=2/2
    ✓ Паук B8            @ (7,0,3) hp=1/1
    ✗ Артиллерия B1      @ (7,0,2) [уничтожен]
  Team C: живых 3/8
    ✓ Радиовышка C2      @ (6,6,2) hp=3/3
    ✓ Прыгун C3          @ (7,8,6) hp=2/2
    ✓ Паук C8            @ (8,5,4) hp=1/1
    ✗ Артиллерия C1      @ (8,3,4) [уничтожен]
    ✗ Факел C4           @ (8,9,4) [уничтожен]
    ✗ Тишина C5          @ (8,0,4) [уничтожен]
    ✗ Бурав C6           @ (8,2,4) [уничтожен]
    ✗ Провокатор C7      @ (8,6,4) [уничтожен]

======================================================================
ХОД 3
======================================================================
✓ 🎮 GM: начинаем ход
GM: start_turn

--- Радиовышки: сканирование слоя Z ---
  Радиовышка A2 (z=5): видит 1 врагов [+1 эксклюзивно] → Тишина B5(8,1,5)
  Радиовышка B2 (z=2): видит 2 врагов [+1 эксклюзивно] → Тишина A5(7,7,2), Радиовышка C2(6,6,2)
  Радиовышка C2 (z=2): видит 3 врагов  → Тишина A5(7,7,2), Факел B4(8,1,2), Радиовышка B2(8,2,2)

--- Решения ботов ---
  [Team A] Артиллерия A1 (6,8,0) → SHOOT at (7,8,6)
  [Team A] Радиовышка A2 (7,8,5) → MOVE (7,8,6)
  [Team A] Прыгун A3 (8,9,4) → SHOOT at (8,5,4)
  [Team A] Факел A4 (6,8,8) → MOVE (6,8,7)
  [Team A] Тишина A5 (7,7,2) → MOVE (6,6,2)
  [Team A] Бурав A6 (6,8,4) → MOVE (6,7,3)
  [Team A] Паук A8 (7,7,8) → MINE (7,8,7)
  [Team B] Радиовышка B2 (8,2,2) → MOVE (8,3,3)
  [Team B] Прыгун B3 (8,2,6) → MOVE (8,3,5)
  [Team B] Факел B4 (8,1,2) → MOVE (8,2,3)
  [Team B] Тишина B5 (8,1,5) → MOVE (8,1,4)
  [Team B] Бурав B6 (8,2,4) → MOVE (8,5,4)
  [Team B] Провокатор B7 (7,0,9) → HOLOGRAM (8,1,8)
  [Team B] Паук B8 (7,0,3) → MOVE (8,0,4)
  [Team C] Радиовышка C2 (6,6,2) → MOVE (7,7,2)
  [Team C] Прыгун C3 (7,8,6) → MOVE (6,8,8)
  [Team C] Паук C8 (8,5,4) → MINE (7,6,3)
! 🎮 GM: принудительно завершает фазу планирования
GM: end_planning
# 
============================================================
# 🔄 ОБРАБОТКА ХОДА 3
# ============================================================
!    ⚠️ Провокатор B7: клетка (8,1,8) уже занята голограммой
   💣 Паук A8 установил мину M5 в (7,8,7)
   💣 Паук C8 установил мину M6 в (7,6,3)

📦 ПЕРЕМЕЩЕНИЯ:
!    ⚠️ Радиовышка A2: клетка (7,8,6) занята
   Факел A4: (6, 8, 8) → (6,8,7)
!    ⚠️ Тишина A5: клетка (6,6,2) занята
   Бурав A6: (6, 8, 4) → (6,7,3)
   Радиовышка B2: (8, 2, 2) → (8,3,3)
   Прыгун B3: (8, 2, 6) → (8,3,5)
   Факел B4: (8, 1, 2) → (8,2,3)
   Тишина B5: (8, 1, 5) → (8,1,4)
✓    💥 Бурав B6 тараном уничтожил Паук C8 в (8,5,4)
   Бурав B6: (8, 2, 4) → (8,5,4)
   Паук B8: (7, 0, 3) → (8,0,4)
!    ⚠️ Радиовышка C2: клетка (7,7,2) занята
   Прыгун C3: (7, 8, 6) → (6,8,8)

🎯 ВЫСТРЕЛЫ:
✓    ✅ Прыгун A3 поразил Бурав B6 (1 урона)!
   Выпущено ракет: 2
# 
📊 РЕЗУЛЬТАТЫ ХОДА 3:
✓ 💥 ПОПАДАНИЯ:
✓    Прыгун A3 (Team A) → Бурав B6 (Team B)

--- Результаты хода ---
  Team B / Бурав B6           → Team C / Паук C8            @ (8,5,4)  (УБИТ)
  Team A / Прыгун A3          → Team B / Бурав B6           @ (8,5,4)  (ранен)

--- Состояние команд после хода ---
  Team A: живых 7/8
    ✓ Артиллерия A1      @ (6,8,0) hp=1/1
    ✓ Радиовышка A2      @ (7,8,5) hp=3/3
    ✓ Прыгун A3          @ (8,9,4) hp=2/2
    ✓ Факел A4           @ (6,8,7) hp=6/6
    ✓ Тишина A5          @ (7,7,2) hp=2/2
    ✓ Бурав A6           @ (6,7,3) hp=4/4
    ✓ Паук A8            @ (7,7,8) hp=1/1
    ✗ Провокатор A7      @ (6,8,5) [уничтожен]
  Team B: живых 7/8
    ✓ Радиовышка B2      @ (8,3,3) hp=3/3
    ✓ Прыгун B3          @ (8,3,5) hp=2/2
    ✓ Факел B4           @ (8,2,3) hp=6/6
    ✓ Тишина B5          @ (8,1,4) hp=2/2
    ✓ Бурав B6           @ (8,5,4) hp=3/4
    ✓ Провокатор B7      @ (7,0,9) hp=2/2
    ✓ Паук B8            @ (8,0,4) hp=1/1
    ✗ Артиллерия B1      @ (7,0,2) [уничтожен]
  Team C: живых 2/8
    ✓ Радиовышка C2      @ (6,6,2) hp=3/3
    ✓ Прыгун C3          @ (6,8,8) hp=2/2
    ✗ Артиллерия C1      @ (8,3,4) [уничтожен]
    ✗ Факел C4           @ (8,9,4) [уничтожен]
    ✗ Тишина C5          @ (8,0,4) [уничтожен]
    ✗ Бурав C6           @ (8,2,4) [уничтожен]
    ✗ Провокатор C7      @ (8,6,4) [уничтожен]
    ✗ Паук C8            @ (8,5,4) [уничтожен]

======================================================================
ХОД 4
======================================================================
✓ 🎮 GM: начинаем ход
GM: start_turn

--- Радиовышки: сканирование слоя Z ---
  Радиовышка A2 (z=5): видит 1 врагов  → Прыгун B3(8,3,5)
  Радиовышка B2 (z=3): видит 1 врагов  → Бурав A6(6,7,3)
  Радиовышка C2 (z=2): видит 1 врагов [+1 эксклюзивно] → Тишина A5(7,7,2)

--- Решения ботов ---
  [Team A] Артиллерия A1 (6,8,0) → SHOOT at (8,3,5)
  [Team A] Радиовышка A2 (7,8,5) → MOVE (8,7,4)
  [Team A] Прыгун A3 (8,9,4) → SHOOT at (8,5,4)
  [Team A] Факел A4 (6,8,7) → SHOOT at (6,8,8)
  [Team A] Тишина A5 (7,7,2) → MOVE (6,6,2)
  [Team A] Бурав A6 (6,7,3) → MOVE (6,6,3)
  [Team A] Паук A8 (7,7,8) → MINE (6,8,8)
  [Team B] Радиовышка B2 (8,3,3) → MOVE (7,4,2)
  [Team B] Прыгун B3 (8,3,5) → MOVE (7,4,4)
  [Team B] Факел B4 (8,2,3) → MOVE (8,3,4)
  [Team B] Тишина B5 (8,1,4) → MOVE (7,2,3)
  [Team B] Бурав B6 (8,5,4) → MOVE (7,6,3)
  [Team B] Провокатор B7 (7,0,9) → MOVE (7,1,8)
  [Team B] Паук B8 (8,0,4) → MOVE (7,1,3)
  [Team C] Радиовышка C2 (6,6,2) → MOVE (7,7,2)
  [Team C] Прыгун C3 (6,8,8) → MOVE (6,8,7)
! 🎮 GM: принудительно завершает фазу планирования
GM: end_planning
# 
============================================================
# 🔄 ОБРАБОТКА ХОДА 4
# ============================================================
!    ⚠️ Паук A8: клетка (6,8,8) занята кораблём

📦 ПЕРЕМЕЩЕНИЯ:
   Радиовышка A2: (7, 8, 5) → (8,7,4)
!    ⚠️ Тишина A5: клетка (6,6,2) занята
   Бурав A6: (6, 7, 3) → (6,6,3)
   Радиовышка B2: (8, 3, 3) → (7,4,2)
   Прыгун B3: (8, 3, 5) → (7,4,4)
   Факел B4: (8, 2, 3) → (8,3,4)
   Тишина B5: (8, 1, 4) → (7,2,3)
!    ⚠️ Бурав B6: Бурав двигается только по 1 оси или по 2 осям строго диагонально
   Провокатор B7: (7, 0, 9) → (7,1,8)
   Паук B8: (8, 0, 4) → (7,1,3)
!    ⚠️ Радиовышка C2: клетка (7,7,2) занята
✓    💥 Прыгун C3 тараном уничтожил Факел A4 в (6,8,7)
   Прыгун C3: (6, 8, 8) → (6,8,7)
!    💥 Мина M3 сработала под Прыгун C3 (урон 2) — КОРАБЛЬ УНИЧТОЖЕН

🎯 ВЫСТРЕЛЫ:
!    🛡️ Выстрел Прыгун A3 заблокирован союзником Радиовышка A2 в (8, 7, 4)
   Выпущено ракет: 2
# 
📊 РЕЗУЛЬТАТЫ ХОДА 4:
🎯 Попаданий нет

--- Результаты хода ---
  Team C / Прыгун C3          → Team A / Факел A4           @ (6,8,7)  (УБИТ)
  ? / ?                  → Team C / Прыгун C3          @ (6,8,7)  (УБИТ)

--- Состояние команд после хода ---
  Team A: живых 6/8
    ✓ Артиллерия A1      @ (6,8,0) hp=1/1
    ✓ Радиовышка A2      @ (8,7,4) hp=3/3
    ✓ Прыгун A3          @ (8,9,4) hp=2/2
    ✓ Тишина A5          @ (7,7,2) hp=2/2
    ✓ Бурав A6           @ (6,6,3) hp=4/4
    ✓ Паук A8            @ (7,7,8) hp=1/1
    ✗ Факел A4           @ (6,8,7) [уничтожен]
    ✗ Провокатор A7      @ (6,8,5) [уничтожен]
  Team B: живых 7/8
    ✓ Радиовышка B2      @ (7,4,2) hp=3/3
    ✓ Прыгун B3          @ (7,4,4) hp=2/2
    ✓ Факел B4           @ (8,3,4) hp=6/6
    ✓ Тишина B5          @ (7,2,3) hp=2/2
    ✓ Бурав B6           @ (8,5,4) hp=3/4
    ✓ Провокатор B7      @ (7,1,8) hp=2/2
    ✓ Паук B8            @ (7,1,3) hp=1/1
    ✗ Артиллерия B1      @ (7,0,2) [уничтожен]
  Team C: живых 1/8
    ✓ Радиовышка C2      @ (6,6,2) hp=3/3
    ✗ Артиллерия C1      @ (8,3,4) [уничтожен]
    ✗ Прыгун C3          @ (6,8,7) [уничтожен]
    ✗ Факел C4           @ (8,9,4) [уничтожен]
    ✗ Тишина C5          @ (8,0,4) [уничтожен]
    ✗ Бурав C6           @ (8,2,4) [уничтожен]
    ✗ Провокатор C7      @ (8,6,4) [уничтожен]
    ✗ Паук C8            @ (8,5,4) [уничтожен]

======================================================================
ХОД 5
======================================================================
✓ 🎮 GM: начинаем ход
GM: start_turn

--- Радиовышки: сканирование слоя Z ---
  Радиовышка A2 (z=4): видит 3 врагов  → Прыгун B3(7,4,4), Факел B4(8,3,4), Бурав B6(8,5,4)
  Радиовышка B2 (z=2): видит 2 врагов  → Тишина A5(7,7,2), Радиовышка C2(6,6,2)
  Радиовышка C2 (z=2): видит 2 врагов [+2 эксклюзивно] → Тишина A5(7,7,2), Радиовышка B2(7,4,2)

--- Решения ботов ---
  [Team A] Артиллерия A1 (6,8,0) → SHOOT at (7,4,4)
  [Team A] Радиовышка A2 (8,7,4) → MOVE (8,6,4)
  [Team A] Прыгун A3 (8,9,4) → SHOOT at (8,5,4)
  [Team A] Тишина A5 (7,7,2) → PHASE toggle
  [Team A] Бурав A6 (6,6,3) → MOVE (6,6,2)
  [Team A] Паук A8 (7,7,8) → MINE (7,6,7)
  [Team B] Радиовышка B2 (7,4,2) → MOVE (6,5,3)
  [Team B] Прыгун B3 (7,4,4) → MOVE (6,6,3)
  [Team B] Факел B4 (8,3,4) → HEAL (AoE)
  [Team B] Тишина B5 (7,2,3) → PHASE toggle
  [Team B] Бурав B6 (8,5,4) → MOVE (8,7,4)
  [Team B] Провокатор B7 (7,1,8) → HOLOGRAM (6,2,7)
  [Team B] Паук B8 (7,1,3) → MOVE (6,2,3)
  [Team C] Радиовышка C2 (6,6,2) → MOVE (7,7,2)
! 🎮 GM: принудительно завершает фазу планирования
GM: end_planning
# 
============================================================
# 🔄 ОБРАБОТКА ХОДА 5
# ============================================================
   🌀 Тишина A5: уходит в фазу на 1 ход
   🌀 Тишина B5: уходит в фазу на 1 ход
   🪞 Провокатор B7 создал голограмму H4 в (6,2,7)
   💣 Паук A8 установил мину M7 в (7,6,7)

📦 ПЕРЕМЕЩЕНИЯ:
   Радиовышка A2: (8, 7, 4) → (8,6,4)
✓    💥 Бурав A6 тараном уничтожил Радиовышка C2 в (6,6,2)
   Бурав A6: (6, 6, 3) → (6,6,2)
   Радиовышка B2: (7, 4, 2) → (6,5,3)
   Прыгун B3: (7, 4, 4) → (6,6,3)
   Бурав B6: (8, 5, 4) → (8,7,4)
   Паук B8: (7, 1, 3) → (6,2,3)

🎯 ВЫСТРЕЛЫ:
✓    ✅ Прыгун A3 поразил Бурав B6 (1 урона)!
!    ⚠️ Факел B4: некого лечить
   Выпущено ракет: 2
# 
📊 РЕЗУЛЬТАТЫ ХОДА 5:
✓ 💥 ПОПАДАНИЯ:
✓    Прыгун A3 (Team A) → Бурав B6 (Team B)

--- Результаты хода ---
  Team A / Бурав A6           → Team C / Радиовышка C2      @ (6,6,2)  (УБИТ)
  Team A / Прыгун A3          → Team B / Бурав B6           @ (8,7,4)  (ранен)

--- Состояние команд после хода ---
  Team A: живых 6/8
    ✓ Артиллерия A1      @ (6,8,0) hp=1/1
    ✓ Радиовышка A2      @ (8,6,4) hp=3/3
    ✓ Прыгун A3          @ (8,9,4) hp=2/2
    ✓ Тишина A5          @ (7,7,2) hp=2/2
    ✓ Бурав A6           @ (6,6,2) hp=4/4
    ✓ Паук A8            @ (7,7,8) hp=1/1
    ✗ Факел A4           @ (6,8,7) [уничтожен]
    ✗ Провокатор A7      @ (6,8,5) [уничтожен]
  Team B: живых 7/8
    ✓ Радиовышка B2      @ (6,5,3) hp=3/3
    ✓ Прыгун B3          @ (6,6,3) hp=2/2
    ✓ Факел B4           @ (8,3,4) hp=6/6
    ✓ Тишина B5          @ (7,2,3) hp=2/2
    ✓ Бурав B6           @ (8,7,4) hp=2/4
    ✓ Провокатор B7      @ (7,1,8) hp=2/2
    ✓ Паук B8            @ (6,2,3) hp=1/1
    ✗ Артиллерия B1      @ (7,0,2) [уничтожен]
  Team C: живых 0/8
    ✗ Артиллерия C1      @ (8,3,4) [уничтожен]
    ✗ Радиовышка C2      @ (6,6,2) [уничтожен]
    ✗ Прыгун C3          @ (6,8,7) [уничтожен]
    ✗ Факел C4           @ (8,9,4) [уничтожен]
    ✗ Тишина C5          @ (8,0,4) [уничтожен]
    ✗ Бурав C6           @ (8,2,4) [уничтожен]
    ✗ Провокатор C7      @ (8,6,4) [уничтожен]
    ✗ Паук C8            @ (8,5,4) [уничтожен]

======================================================================
ХОД 6
======================================================================
✓ 🎮 GM: начинаем ход
GM: start_turn

--- Радиовышки: сканирование слоя Z ---
  Радиовышка A2 (z=4): видит 2 врагов  → Факел B4(8,3,4), Бурав B6(8,7,4)
  Радиовышка B2 (z=3): слой чист

--- Решения ботов ---
  [Team A] Артиллерия A1 (6,8,0) → SHOOT at (6,6,3)
  [Team A] Радиовышка A2 (8,6,4) → MOVE (8,7,4)
  [Team A] Прыгун A3 (8,9,4) → SHOOT at (8,7,4)
  [Team A] Тишина A5 (7,7,2) → MOVE (6,6,3)
  [Team A] Бурав A6 (6,6,2) → MOVE (6,5,3)
  [Team A] Паук A8 (7,7,8) → MINE (8,6,7)
  [Team B] Радиовышка B2 (6,5,3) → MOVE (6,6,2)
  [Team B] Прыгун B3 (6,6,3) → MOVE (8,6,4)
  [Team B] Факел B4 (8,3,4) → SHOOT at (8,6,4)
  [Team B] Тишина B5 (7,2,3) → MOVE (8,2,3)
  [Team B] Бурав B6 (8,7,4) → MOVE (8,9,4)
  [Team B] Провокатор B7 (7,1,8) → HOLOGRAM (8,2,7)
  [Team B] Паук B8 (6,2,3) → MINE (7,3,4)
  [Team C] все корабли пропускают ход
! 🎮 GM: принудительно завершает фазу планирования
GM: end_planning
# 
============================================================
# 🔄 ОБРАБОТКА ХОДА 6
# ============================================================
   🌀 Тишина A5: фаза спала (действовала 1 ход)
   🌀 Тишина B5: фаза спала (действовала 1 ход)
   🪞 Провокатор B7 создал голограмму H5 в (8,2,7)
   💣 Паук A8 установил мину M8 в (8,6,7)
   💣 Паук B8 установил мину M9 в (7,3,4)

📦 ПЕРЕМЕЩЕНИЯ:
!    ⚠️ Радиовышка A2: клетка (8,7,4) занята
!    ⚠️ Тишина A5: клетка (6,6,3) занята
✓    💥 Бурав A6 тараном уничтожил Радиовышка B2 в (6,5,3)
   Бурав A6: (6, 6, 2) → (6,5,3)
✓    💥 Прыгун B3 тараном уничтожил Радиовышка A2 в (8,6,4)
   Прыгун B3: (6, 6, 3) → (8,6,4)
   Тишина B5: (7, 2, 3) → (8,2,3)
✓    💥 Бурав B6 тараном уничтожил Прыгун A3 в (8,9,4)
   Бурав B6: (8, 7, 4) → (8,9,4)

🎯 ВЫСТРЕЛЫ:
!    🛡️ Выстрел Факел B4 заблокирован союзником Прыгун B3 в (8, 6, 4)
   Выпущено ракет: 2
# 
📊 РЕЗУЛЬТАТЫ ХОДА 6:
🎯 Попаданий нет

--- Результаты хода ---
  Team A / Бурав A6           → Team B / Радиовышка B2      @ (6,5,3)  (УБИТ)
  Team B / Прыгун B3          → Team A / Радиовышка A2      @ (8,6,4)  (УБИТ)
  Team B / Бурав B6           → Team A / Прыгун A3          @ (8,9,4)  (УБИТ)

--- Состояние команд после хода ---
  Team A: живых 4/8
    ✓ Артиллерия A1      @ (6,8,0) hp=1/1
    ✓ Тишина A5          @ (7,7,2) hp=2/2
    ✓ Бурав A6           @ (6,5,3) hp=4/4
    ✓ Паук A8            @ (7,7,8) hp=1/1
    ✗ Радиовышка A2      @ (8,6,4) [уничтожен]
    ✗ Прыгун A3          @ (8,9,4) [уничтожен]
    ✗ Факел A4           @ (6,8,7) [уничтожен]
    ✗ Провокатор A7      @ (6,8,5) [уничтожен]
  Team B: живых 6/8
    ✓ Прыгун B3          @ (8,6,4) hp=2/2
    ✓ Факел B4           @ (8,3,4) hp=6/6
    ✓ Тишина B5          @ (8,2,3) hp=2/2
    ✓ Бурав B6           @ (8,9,4) hp=2/4
    ✓ Провокатор B7      @ (7,1,8) hp=2/2
    ✓ Паук B8            @ (6,2,3) hp=1/1
    ✗ Артиллерия B1      @ (7,0,2) [уничтожен]
    ✗ Радиовышка B2      @ (6,5,3) [уничтожен]
  Team C: живых 0/8
    ✗ Артиллерия C1      @ (8,3,4) [уничтожен]
    ✗ Радиовышка C2      @ (6,6,2) [уничтожен]
    ✗ Прыгун C3          @ (6,8,7) [уничтожен]
    ✗ Факел C4           @ (8,9,4) [уничтожен]
    ✗ Тишина C5          @ (8,0,4) [уничтожен]
    ✗ Бурав C6           @ (8,2,4) [уничтожен]
    ✗ Провокатор C7      @ (8,6,4) [уничтожен]
    ✗ Паук C8            @ (8,5,4) [уничтожен]

======================================================================
ХОД 7
======================================================================
✓ 🎮 GM: начинаем ход
GM: start_turn

--- Радиовышки: сканирование слоя Z ---
  (у команд не осталось живых радиовышек)

--- Решения ботов ---
  [Team A] Артиллерия A1 (6,8,0) → SHOOT at (8,6,4)
  [Team A] Тишина A5 (7,7,2) → MOVE (8,6,3)
  [Team A] Бурав A6 (6,5,3) → MOVE (6,2,3)
  [Team A] Паук A8 (7,7,8) → MINE (8,6,7)
  [Team B] Прыгун B3 (8,6,4) → MOVE (6,5,3)
  [Team B] Факел B4 (8,3,4) → MOVE (8,4,4)
  [Team B] Тишина B5 (8,2,3) → MOVE (7,3,3)
  [Team B] Бурав B6 (8,9,4) → MOVE (7,8,3)
  [Team B] Провокатор B7 (7,1,8) → HOLOGRAM (6,2,7)
  [Team B] Паук B8 (6,2,3) → MINE (6,3,3)
  [Team C] все корабли пропускают ход
! 🎮 GM: принудительно завершает фазу планирования
GM: end_planning
# 
============================================================
# 🔄 ОБРАБОТКА ХОДА 7
# ============================================================
!    ⚠️ Провокатор B7: клетка (6,2,7) уже занята голограммой
!    ⚠️ Паук A8: в клетке уже стоит мина
   💣 Паук B8 установил мину M10 в (6,3,3)

📦 ПЕРЕМЕЩЕНИЯ:
   Тишина A5: (7, 7, 2) → (8,6,3)
✓    💥 Бурав A6 тараном уничтожил Паук B8 в (6,2,3)
   Бурав A6: (6, 5, 3) → (6,2,3)
   Прыгун B3: (8, 6, 4) → (6,5,3)
   Факел B4: (8, 3, 4) → (8,4,4)
   Тишина B5: (8, 2, 3) → (7,3,3)
!    ⚠️ Бурав B6: Бурав двигается только по 1 оси или по 2 осям строго диагонально

🎯 ВЫСТРЕЛЫ:
   Выпущено ракет: 1
# 
📊 РЕЗУЛЬТАТЫ ХОДА 7:
🎯 Попаданий нет

--- Результаты хода ---
  Team A / Бурав A6           → Team B / Паук B8            @ (6,2,3)  (УБИТ)

--- Состояние команд после хода ---
  Team A: живых 4/8
    ✓ Артиллерия A1      @ (6,8,0) hp=1/1
    ✓ Тишина A5          @ (8,6,3) hp=2/2
    ✓ Бурав A6           @ (6,2,3) hp=4/4
    ✓ Паук A8            @ (7,7,8) hp=1/1
    ✗ Радиовышка A2      @ (8,6,4) [уничтожен]
    ✗ Прыгун A3          @ (8,9,4) [уничтожен]
    ✗ Факел A4           @ (6,8,7) [уничтожен]
    ✗ Провокатор A7      @ (6,8,5) [уничтожен]
  Team B: живых 5/8
    ✓ Прыгун B3          @ (6,5,3) hp=2/2
    ✓ Факел B4           @ (8,4,4) hp=6/6
    ✓ Тишина B5          @ (7,3,3) hp=2/2
    ✓ Бурав B6           @ (8,9,4) hp=2/4
    ✓ Провокатор B7      @ (7,1,8) hp=2/2
    ✗ Артиллерия B1      @ (7,0,2) [уничтожен]
    ✗ Радиовышка B2      @ (6,5,3) [уничтожен]
    ✗ Паук B8            @ (6,2,3) [уничтожен]
  Team C: живых 0/8
    ✗ Артиллерия C1      @ (8,3,4) [уничтожен]
    ✗ Радиовышка C2      @ (6,6,2) [уничтожен]
    ✗ Прыгун C3          @ (6,8,7) [уничтожен]
    ✗ Факел C4           @ (8,9,4) [уничтожен]
    ✗ Тишина C5          @ (8,0,4) [уничтожен]
    ✗ Бурав C6           @ (8,2,4) [уничтожен]
    ✗ Провокатор C7      @ (8,6,4) [уничтожен]
    ✗ Паук C8            @ (8,5,4) [уничтожен]

======================================================================
ХОД 8
======================================================================
✓ 🎮 GM: начинаем ход
GM: start_turn

--- Радиовышки: сканирование слоя Z ---
  (у команд не осталось живых радиовышек)

--- Решения ботов ---
  [Team A] Артиллерия A1 (6,8,0) → SHOOT at (6,5,3)
  [Team A] Тишина A5 (8,6,3) → MOVE (7,5,3)
  [Team A] Бурав A6 (6,2,3) → MOVE (6,5,3)
  [Team A] Паук A8 (7,7,8) → MINE (8,6,7)
  [Team B] Прыгун B3 (6,5,3) → MOVE (8,6,3)
  [Team B] Факел B4 (8,4,4) → MOVE (8,5,4)
  [Team B] Тишина B5 (7,3,3) → MOVE (6,2,3)
  [Team B] Бурав B6 (8,9,4) → MOVE (8,8,3)
  [Team B] Провокатор B7 (7,1,8) → HOLOGRAM (8,2,7)
  [Team C] все корабли пропускают ход
! 🎮 GM: принудительно завершает фазу планирования
GM: end_planning
# 
============================================================
# 🔄 ОБРАБОТКА ХОДА 8
# ============================================================
!    ⚠️ Провокатор B7: клетка (8,2,7) уже занята голограммой
!    ⚠️ Паук A8: в клетке уже стоит мина

📦 ПЕРЕМЕЩЕНИЯ:
   Тишина A5: (8, 6, 3) → (7,5,3)
✓    💥 Бурав A6 тараном уничтожил Прыгун B3 в (6,5,3)
   Бурав A6: (6, 2, 3) → (6,5,3)
   Факел B4: (8, 4, 4) → (8,5,4)
   Тишина B5: (7, 3, 3) → (6,2,3)
   Бурав B6: (8, 9, 4) → (8,8,3)

🎯 ВЫСТРЕЛЫ:
   Выпущено ракет: 1
# 
📊 РЕЗУЛЬТАТЫ ХОДА 8:
🎯 Попаданий нет

--- Результаты хода ---
  Team A / Бурав A6           → Team B / Прыгун B3          @ (6,5,3)  (УБИТ)

--- Состояние команд после хода ---
  Team A: живых 4/8
    ✓ Артиллерия A1      @ (6,8,0) hp=1/1
    ✓ Тишина A5          @ (7,5,3) hp=2/2
    ✓ Бурав A6           @ (6,5,3) hp=4/4
    ✓ Паук A8            @ (7,7,8) hp=1/1
    ✗ Радиовышка A2      @ (8,6,4) [уничтожен]
    ✗ Прыгун A3          @ (8,9,4) [уничтожен]
    ✗ Факел A4           @ (6,8,7) [уничтожен]
    ✗ Провокатор A7      @ (6,8,5) [уничтожен]
  Team B: живых 4/8
    ✓ Факел B4           @ (8,5,4) hp=6/6
    ✓ Тишина B5          @ (6,2,3) hp=2/2
    ✓ Бурав B6           @ (8,8,3) hp=2/4
    ✓ Провокатор B7      @ (7,1,8) hp=2/2
    ✗ Артиллерия B1      @ (7,0,2) [уничтожен]
    ✗ Радиовышка B2      @ (6,5,3) [уничтожен]
    ✗ Прыгун B3          @ (6,5,3) [уничтожен]
    ✗ Паук B8            @ (6,2,3) [уничтожен]
  Team C: живых 0/8
    ✗ Артиллерия C1      @ (8,3,4) [уничтожен]
    ✗ Радиовышка C2      @ (6,6,2) [уничтожен]
    ✗ Прыгун C3          @ (6,8,7) [уничтожен]
    ✗ Факел C4           @ (8,9,4) [уничтожен]
    ✗ Тишина C5          @ (8,0,4) [уничтожен]
    ✗ Бурав C6           @ (8,2,4) [уничтожен]
    ✗ Провокатор C7      @ (8,6,4) [уничтожен]
    ✗ Паук C8            @ (8,5,4) [уничтожен]

======================================================================
ХОД 9
======================================================================
✓ 🎮 GM: начинаем ход
GM: start_turn

--- Радиовышки: сканирование слоя Z ---
  (у команд не осталось живых радиовышек)

--- Решения ботов ---
  [Team A] Артиллерия A1 (6,8,0) → SHOOT at (8,8,3)
  [Team A] Тишина A5 (7,5,3) → PHASE toggle
  [Team A] Бурав A6 (6,5,3) → MOVE (6,2,3)
  [Team A] Паук A8 (7,7,8) → MINE (8,6,7)
  [Team B] Факел B4 (8,5,4) → MOVE (8,6,3)
  [Team B] Тишина B5 (6,2,3) → PHASE toggle
  [Team B] Бурав B6 (8,8,3) → MOVE (7,8,2)
  [Team B] Провокатор B7 (7,1,8) → HOLOGRAM (7,2,7)
  [Team C] все корабли пропускают ход
! 🎮 GM: принудительно завершает фазу планирования
GM: end_planning
# 
============================================================
# 🔄 ОБРАБОТКА ХОДА 9
# ============================================================
   🌀 Тишина A5: уходит в фазу на 1 ход
   🌀 Тишина B5: уходит в фазу на 1 ход
   🪞 Провокатор B7 создал голограмму H6 в (7,2,7)
!    ⚠️ Паук A8: в клетке уже стоит мина

📦 ПЕРЕМЕЩЕНИЯ:
✓    💥 Бурав A6 пробивает фазу Тишина B5 тараном
✓    💥 Бурав A6 тараном уничтожил Тишина B5 в (6,2,3)
   Бурав A6: (6, 5, 3) → (6,2,3)
   Факел B4: (8, 5, 4) → (8,6,3)
   Бурав B6: (8, 8, 3) → (7,8,2)

🎯 ВЫСТРЕЛЫ:
   Выпущено ракет: 1
# 
📊 РЕЗУЛЬТАТЫ ХОДА 9:
🎯 Попаданий нет

--- Результаты хода ---
  Team A / Бурав A6           → Team B / Тишина B5          @ (6,2,3)  (УБИТ)

--- Состояние команд после хода ---
  Team A: живых 4/8
    ✓ Артиллерия A1      @ (6,8,0) hp=1/1
    ✓ Тишина A5          @ (7,5,3) hp=2/2
    ✓ Бурав A6           @ (6,2,3) hp=4/4
    ✓ Паук A8            @ (7,7,8) hp=1/1
    ✗ Радиовышка A2      @ (8,6,4) [уничтожен]
    ✗ Прыгун A3          @ (8,9,4) [уничтожен]
    ✗ Факел A4           @ (6,8,7) [уничтожен]
    ✗ Провокатор A7      @ (6,8,5) [уничтожен]
  Team B: живых 3/8
    ✓ Факел B4           @ (8,6,3) hp=6/6
    ✓ Бурав B6           @ (7,8,2) hp=2/4
    ✓ Провокатор B7      @ (7,1,8) hp=2/2
    ✗ Артиллерия B1      @ (7,0,2) [уничтожен]
    ✗ Радиовышка B2      @ (6,5,3) [уничтожен]
    ✗ Прыгун B3          @ (6,5,3) [уничтожен]
    ✗ Тишина B5          @ (6,2,3) [уничтожен]
    ✗ Паук B8            @ (6,2,3) [уничтожен]
  Team C: живых 0/8
    ✗ Артиллерия C1      @ (8,3,4) [уничтожен]
    ✗ Радиовышка C2      @ (6,6,2) [уничтожен]
    ✗ Прыгун C3          @ (6,8,7) [уничтожен]
    ✗ Факел C4           @ (8,9,4) [уничтожен]
    ✗ Тишина C5          @ (8,0,4) [уничтожен]
    ✗ Бурав C6           @ (8,2,4) [уничтожен]
    ✗ Провокатор C7      @ (8,6,4) [уничтожен]
    ✗ Паук C8            @ (8,5,4) [уничтожен]

======================================================================
ХОД 10
======================================================================
✓ 🎮 GM: начинаем ход
GM: start_turn

--- Радиовышки: сканирование слоя Z ---
  (у команд не осталось живых радиовышек)

--- Решения ботов ---
  [Team A] Артиллерия A1 (6,8,0) → SHOOT at (7,8,2)
  [Team A] Тишина A5 (7,5,3) → MOVE (8,6,3)
  [Team A] Бурав A6 (6,2,3) → MOVE (7,3,3)
  [Team A] Паук A8 (7,7,8) → MOVE (8,6,7)
  [Team B] Факел B4 (8,6,3) → HEAL (AoE)
  [Team B] Бурав B6 (7,8,2) → MOVE (6,8,1)
  [Team B] Провокатор B7 (7,1,8) → HOLOGRAM (6,2,7)
  [Team C] все корабли пропускают ход
! 🎮 GM: принудительно завершает фазу планирования
GM: end_planning
# 
============================================================
# 🔄 ОБРАБОТКА ХОДА 10
# ============================================================
   🌀 Тишина A5: фаза спала (действовала 1 ход)
!    ⚠️ Провокатор B7: клетка (6,2,7) уже занята голограммой

📦 ПЕРЕМЕЩЕНИЯ:
!    ⚠️ Тишина A5: клетка (8,6,3) занята
   Бурав A6: (6, 2, 3) → (7,3,3)
   Паук A8: (7, 7, 8) → (8,6,7)
   Бурав B6: (7, 8, 2) → (6,8,1)

🎯 ВЫСТРЕЛЫ:
✓    💚 Факел B4 лечит Бурав B6 → hits=1/4
   Выпущено ракет: 1
# 
📊 РЕЗУЛЬТАТЫ ХОДА 10:
🎯 Попаданий нет

--- Результаты хода ---
  Попаданий нет

--- Состояние команд после хода ---
  Team A: живых 4/8
    ✓ Артиллерия A1      @ (6,8,0) hp=1/1
    ✓ Тишина A5          @ (7,5,3) hp=2/2
    ✓ Бурав A6           @ (7,3,3) hp=4/4
    ✓ Паук A8            @ (8,6,7) hp=1/1
    ✗ Радиовышка A2      @ (8,6,4) [уничтожен]
    ✗ Прыгун A3          @ (8,9,4) [уничтожен]
    ✗ Факел A4           @ (6,8,7) [уничтожен]
    ✗ Провокатор A7      @ (6,8,5) [уничтожен]
  Team B: живых 3/8
    ✓ Факел B4           @ (8,6,3) hp=6/6
    ✓ Бурав B6           @ (6,8,1) hp=3/4
    ✓ Провокатор B7      @ (7,1,8) hp=2/2
    ✗ Артиллерия B1      @ (7,0,2) [уничтожен]
    ✗ Радиовышка B2      @ (6,5,3) [уничтожен]
    ✗ Прыгун B3          @ (6,5,3) [уничтожен]
    ✗ Тишина B5          @ (6,2,3) [уничтожен]
    ✗ Паук B8            @ (6,2,3) [уничтожен]
  Team C: живых 0/8
    ✗ Артиллерия C1      @ (8,3,4) [уничтожен]
    ✗ Радиовышка C2      @ (6,6,2) [уничтожен]
    ✗ Прыгун C3          @ (6,8,7) [уничтожен]
    ✗ Факел C4           @ (8,9,4) [уничтожен]
    ✗ Тишина C5          @ (8,0,4) [уничтожен]
    ✗ Бурав C6           @ (8,2,4) [уничтожен]
    ✗ Провокатор C7      @ (8,6,4) [уничтожен]
    ✗ Паук C8            @ (8,5,4) [уничтожен]

======================================================================
ХОД 11
======================================================================
✓ 🎮 GM: начинаем ход
GM: start_turn

--- Радиовышки: сканирование слоя Z ---
  (у команд не осталось живых радиовышек)

--- Решения ботов ---
  [Team A] Артиллерия A1 (6,8,0) → SHOOT at (8,6,3)
  [Team A] Тишина A5 (7,5,3) → MOVE (8,6,3)
  [Team A] Бурав A6 (7,3,3) → MOVE (8,4,3)
  [Team A] Паук A8 (8,6,7) → MINE (8,6,6)
  [Team B] Факел B4 (8,6,3) → HEAL (AoE)
  [Team B] Бурав B6 (6,8,1) → MOVE (6,8,0)
  [Team B] Провокатор B7 (7,1,8) → HOLOGRAM (7,2,7)
  [Team C] все корабли пропускают ход
! 🎮 GM: принудительно завершает фазу планирования
GM: end_planning
# 
============================================================
# 🔄 ОБРАБОТКА ХОДА 11
# ============================================================
!    ⚠️ Провокатор B7: клетка (7,2,7) уже занята голограммой
   💣 Паук A8 установил мину M11 в (8,6,6)

📦 ПЕРЕМЕЩЕНИЯ:
!    ⚠️ Тишина A5: клетка (8,6,3) занята
   Бурав A6: (7, 3, 3) → (8,4,3)
✓    💥 Бурав B6 тараном уничтожил Артиллерия A1 в (6,8,0)
   Бурав B6: (6, 8, 1) → (6,8,0)

🎯 ВЫСТРЕЛЫ:
!    ⚠️ Факел B4: некого лечить
   Выпущено ракет: 0
# 
📊 РЕЗУЛЬТАТЫ ХОДА 11:
🎯 Попаданий нет

--- Результаты хода ---
  Team B / Бурав B6           → Team A / Артиллерия A1      @ (6,8,0)  (УБИТ)

--- Состояние команд после хода ---
  Team A: живых 3/8
    ✓ Тишина A5          @ (7,5,3) hp=2/2
    ✓ Бурав A6           @ (8,4,3) hp=4/4
    ✓ Паук A8            @ (8,6,7) hp=1/1
    ✗ Артиллерия A1      @ (6,8,0) [уничтожен]
    ✗ Радиовышка A2      @ (8,6,4) [уничтожен]
    ✗ Прыгун A3          @ (8,9,4) [уничтожен]
    ✗ Факел A4           @ (6,8,7) [уничтожен]
    ✗ Провокатор A7      @ (6,8,5) [уничтожен]
  Team B: живых 3/8
    ✓ Факел B4           @ (8,6,3) hp=6/6
    ✓ Бурав B6           @ (6,8,0) hp=3/4
    ✓ Провокатор B7      @ (7,1,8) hp=2/2
    ✗ Артиллерия B1      @ (7,0,2) [уничтожен]
    ✗ Радиовышка B2      @ (6,5,3) [уничтожен]
    ✗ Прыгун B3          @ (6,5,3) [уничтожен]
    ✗ Тишина B5          @ (6,2,3) [уничтожен]
    ✗ Паук B8            @ (6,2,3) [уничтожен]
  Team C: живых 0/8
    ✗ Артиллерия C1      @ (8,3,4) [уничтожен]
    ✗ Радиовышка C2      @ (6,6,2) [уничтожен]
    ✗ Прыгун C3          @ (6,8,7) [уничтожен]
    ✗ Факел C4           @ (8,9,4) [уничтожен]
    ✗ Тишина C5          @ (8,0,4) [уничтожен]
    ✗ Бурав C6           @ (8,2,4) [уничтожен]
    ✗ Провокатор C7      @ (8,6,4) [уничтожен]
    ✗ Паук C8            @ (8,5,4) [уничтожен]

======================================================================
ХОД 12
======================================================================
✓ 🎮 GM: начинаем ход
GM: start_turn

--- Радиовышки: сканирование слоя Z ---
  (у команд не осталось живых радиовышек)

--- Решения ботов ---
  [Team A] Тишина A5 (7,5,3) → MOVE (8,6,3)
  [Team A] Бурав A6 (8,4,3) → MOVE (8,5,3)
  [Team A] Паук A8 (8,6,7) → MINE (8,6,6)
  [Team B] Факел B4 (8,6,3) → SHOOT at (8,6,7)
  [Team B] Бурав B6 (6,8,0) → MOVE (7,7,1)
  [Team B] Провокатор B7 (7,1,8) → HOLOGRAM (7,2,7)
  [Team C] все корабли пропускают ход
! 🎮 GM: принудительно завершает фазу планирования
GM: end_planning
# 
============================================================
# 🔄 ОБРАБОТКА ХОДА 12
# ============================================================
!    ⚠️ Провокатор B7: клетка (7,2,7) уже занята голограммой
!    ⚠️ Паук A8: в клетке уже стоит мина

📦 ПЕРЕМЕЩЕНИЯ:
!    ⚠️ Тишина A5: клетка (8,6,3) занята
   Бурав A6: (8, 4, 3) → (8,5,3)
!    ⚠️ Бурав B6: Бурав двигается только по 1 оси или по 2 осям строго диагонально

🎯 ВЫСТРЕЛЫ:
✓    ✅ Факел B4 поразил Паук A8 (1 урона)!
   Выпущено ракет: 1
# 
📊 РЕЗУЛЬТАТЫ ХОДА 12:
✓ 💥 ПОПАДАНИЯ:
✓    Факел B4 (Team B) → Паук A8 (Team A)

--- Результаты хода ---
  Team B / Факел B4           → Team A / Паук A8            @ (8,6,7)  (УБИТ)

--- Состояние команд после хода ---
  Team A: живых 2/8
    ✓ Тишина A5          @ (7,5,3) hp=2/2
    ✓ Бурав A6           @ (8,5,3) hp=4/4
    ✗ Артиллерия A1      @ (6,8,0) [уничтожен]
    ✗ Радиовышка A2      @ (8,6,4) [уничтожен]
    ✗ Прыгун A3          @ (8,9,4) [уничтожен]
    ✗ Факел A4           @ (6,8,7) [уничтожен]
    ✗ Провокатор A7      @ (6,8,5) [уничтожен]
    ✗ Паук A8            @ (8,6,7) [уничтожен]
  Team B: живых 3/8
    ✓ Факел B4           @ (8,6,3) hp=6/6
    ✓ Бурав B6           @ (6,8,0) hp=3/4
    ✓ Провокатор B7      @ (7,1,8) hp=2/2
    ✗ Артиллерия B1      @ (7,0,2) [уничтожен]
    ✗ Радиовышка B2      @ (6,5,3) [уничтожен]
    ✗ Прыгун B3          @ (6,5,3) [уничтожен]
    ✗ Тишина B5          @ (6,2,3) [уничтожен]
    ✗ Паук B8            @ (6,2,3) [уничтожен]
  Team C: живых 0/8
    ✗ Артиллерия C1      @ (8,3,4) [уничтожен]
    ✗ Радиовышка C2      @ (6,6,2) [уничтожен]
    ✗ Прыгун C3          @ (6,8,7) [уничтожен]
    ✗ Факел C4           @ (8,9,4) [уничтожен]
    ✗ Тишина C5          @ (8,0,4) [уничтожен]
    ✗ Бурав C6           @ (8,2,4) [уничтожен]
    ✗ Провокатор C7      @ (8,6,4) [уничтожен]
    ✗ Паук C8            @ (8,5,4) [уничтожен]

======================================================================
ХОД 13
======================================================================
✓ 🎮 GM: начинаем ход
GM: start_turn

--- Радиовышки: сканирование слоя Z ---
  (у команд не осталось живых радиовышек)

--- Решения ботов ---
  [Team A] Тишина A5 (7,5,3) → PHASE toggle
  [Team A] Бурав A6 (8,5,3) → MOVE (8,6,3)
  [Team B] Факел B4 (8,6,3) → SHOOT at (8,5,3)
  [Team B] Бурав B6 (6,8,0) → MOVE (7,7,1)
  [Team B] Провокатор B7 (7,1,8) → HOLOGRAM (7,2,7)
  [Team C] все корабли пропускают ход
! 🎮 GM: принудительно завершает фазу планирования
GM: end_planning
# 
============================================================
# 🔄 ОБРАБОТКА ХОДА 13
# ============================================================
   🌀 Тишина A5: уходит в фазу на 1 ход
!    ⚠️ Провокатор B7: клетка (7,2,7) уже занята голограммой

📦 ПЕРЕМЕЩЕНИЯ:
✓    💥 Бурав A6 тараном уничтожил Факел B4 в (8,6,3)
   Бурав A6: (8, 5, 3) → (8,6,3)
!    ⚠️ Бурав B6: Бурав двигается только по 1 оси или по 2 осям строго диагонально

🎯 ВЫСТРЕЛЫ:
   Выпущено ракет: 0
# 
📊 РЕЗУЛЬТАТЫ ХОДА 13:
🎯 Попаданий нет

--- Результаты хода ---
  Team A / Бурав A6           → Team B / Факел B4           @ (8,6,3)  (УБИТ)

--- Состояние команд после хода ---
  Team A: живых 2/8
    ✓ Тишина A5          @ (7,5,3) hp=2/2
    ✓ Бурав A6           @ (8,6,3) hp=4/4
    ✗ Артиллерия A1      @ (6,8,0) [уничтожен]
    ✗ Радиовышка A2      @ (8,6,4) [уничтожен]
    ✗ Прыгун A3          @ (8,9,4) [уничтожен]
    ✗ Факел A4           @ (6,8,7) [уничтожен]
    ✗ Провокатор A7      @ (6,8,5) [уничтожен]
    ✗ Паук A8            @ (8,6,7) [уничтожен]
  Team B: живых 2/8
    ✓ Бурав B6           @ (6,8,0) hp=3/4
    ✓ Провокатор B7      @ (7,1,8) hp=2/2
    ✗ Артиллерия B1      @ (7,0,2) [уничтожен]
    ✗ Радиовышка B2      @ (6,5,3) [уничтожен]
    ✗ Прыгун B3          @ (6,5,3) [уничтожен]
    ✗ Факел B4           @ (8,6,3) [уничтожен]
    ✗ Тишина B5          @ (6,2,3) [уничтожен]
    ✗ Паук B8            @ (6,2,3) [уничтожен]
  Team C: живых 0/8
    ✗ Артиллерия C1      @ (8,3,4) [уничтожен]
    ✗ Радиовышка C2      @ (6,6,2) [уничтожен]
    ✗ Прыгун C3          @ (6,8,7) [уничтожен]
    ✗ Факел C4           @ (8,9,4) [уничтожен]
    ✗ Тишина C5          @ (8,0,4) [уничтожен]
    ✗ Бурав C6           @ (8,2,4) [уничтожен]
    ✗ Провокатор C7      @ (8,6,4) [уничтожен]
    ✗ Паук C8            @ (8,5,4) [уничтожен]

======================================================================
ХОД 14
======================================================================
✓ 🎮 GM: начинаем ход
GM: start_turn

--- Радиовышки: сканирование слоя Z ---
  (у команд не осталось живых радиовышек)

--- Решения ботов ---
  [Team A] Тишина A5 (7,5,3) → MOVE (6,6,2)
  [Team A] Бурав A6 (8,6,3) → MOVE (7,7,2)
  [Team B] Бурав B6 (6,8,0) → MOVE (7,7,1)
  [Team B] Провокатор B7 (7,1,8) → HOLOGRAM (8,2,7)
  [Team C] все корабли пропускают ход
! 🎮 GM: принудительно завершает фазу планирования
GM: end_planning
# 
============================================================
# 🔄 ОБРАБОТКА ХОДА 14
# ============================================================
   🌀 Тишина A5: фаза спала (действовала 1 ход)
!    ⚠️ Провокатор B7: клетка (8,2,7) уже занята голограммой

📦 ПЕРЕМЕЩЕНИЯ:
   Тишина A5: (7, 5, 3) → (6,6,2)
!    ⚠️ Бурав A6: Бурав двигается только по 1 оси или по 2 осям строго диагонально
!    ⚠️ Бурав B6: Бурав двигается только по 1 оси или по 2 осям строго диагонально

🎯 ВЫСТРЕЛЫ:
   Выпущено ракет: 0
# 
📊 РЕЗУЛЬТАТЫ ХОДА 14:
🎯 Попаданий нет

--- Результаты хода ---
  Попаданий нет

--- Состояние команд после хода ---
  Team A: живых 2/8
    ✓ Тишина A5          @ (6,6,2) hp=2/2
    ✓ Бурав A6           @ (8,6,3) hp=4/4
    ✗ Артиллерия A1      @ (6,8,0) [уничтожен]
    ✗ Радиовышка A2      @ (8,6,4) [уничтожен]
    ✗ Прыгун A3          @ (8,9,4) [уничтожен]
    ✗ Факел A4           @ (6,8,7) [уничтожен]
    ✗ Провокатор A7      @ (6,8,5) [уничтожен]
    ✗ Паук A8            @ (8,6,7) [уничтожен]
  Team B: живых 2/8
    ✓ Бурав B6           @ (6,8,0) hp=3/4
    ✓ Провокатор B7      @ (7,1,8) hp=2/2
    ✗ Артиллерия B1      @ (7,0,2) [уничтожен]
    ✗ Радиовышка B2      @ (6,5,3) [уничтожен]
    ✗ Прыгун B3          @ (6,5,3) [уничтожен]
    ✗ Факел B4           @ (8,6,3) [уничтожен]
    ✗ Тишина B5          @ (6,2,3) [уничтожен]
    ✗ Паук B8            @ (6,2,3) [уничтожен]
  Team C: живых 0/8
    ✗ Артиллерия C1      @ (8,3,4) [уничтожен]
    ✗ Радиовышка C2      @ (6,6,2) [уничтожен]
    ✗ Прыгун C3          @ (6,8,7) [уничтожен]
    ✗ Факел C4           @ (8,9,4) [уничтожен]
    ✗ Тишина C5          @ (8,0,4) [уничтожен]
    ✗ Бурав C6           @ (8,2,4) [уничтожен]
    ✗ Провокатор C7      @ (8,6,4) [уничтожен]
    ✗ Паук C8            @ (8,5,4) [уничтожен]

======================================================================
ХОД 15
======================================================================
✓ 🎮 GM: начинаем ход
GM: start_turn

--- Радиовышки: сканирование слоя Z ---
  (у команд не осталось живых радиовышек)

--- Решения ботов ---
  [Team A] Тишина A5 (6,6,2) → MOVE (6,7,1)
  [Team A] Бурав A6 (8,6,3) → MOVE (7,7,2)
  [Team B] Бурав B6 (6,8,0) → MOVE (6,6,2)
  [Team B] Провокатор B7 (7,1,8) → HOLOGRAM (8,2,7)
  [Team C] все корабли пропускают ход
! 🎮 GM: принудительно завершает фазу планирования
GM: end_planning
# 
============================================================
# 🔄 ОБРАБОТКА ХОДА 15
# ============================================================
!    ⚠️ Провокатор B7: клетка (8,2,7) уже занята голограммой

📦 ПЕРЕМЕЩЕНИЯ:
   Тишина A5: (6, 6, 2) → (6,7,1)
!    ⚠️ Бурав A6: Бурав двигается только по 1 оси или по 2 осям строго диагонально
   Бурав B6: (6, 8, 0) → (6,6,2)

🎯 ВЫСТРЕЛЫ:
   Выпущено ракет: 0
# 
📊 РЕЗУЛЬТАТЫ ХОДА 15:
🎯 Попаданий нет

--- Результаты хода ---
  Попаданий нет

--- Состояние команд после хода ---
  Team A: живых 2/8
    ✓ Тишина A5          @ (6,7,1) hp=2/2
    ✓ Бурав A6           @ (8,6,3) hp=4/4
    ✗ Артиллерия A1      @ (6,8,0) [уничтожен]
    ✗ Радиовышка A2      @ (8,6,4) [уничтожен]
    ✗ Прыгун A3          @ (8,9,4) [уничтожен]
    ✗ Факел A4           @ (6,8,7) [уничтожен]
    ✗ Провокатор A7      @ (6,8,5) [уничтожен]
    ✗ Паук A8            @ (8,6,7) [уничтожен]
  Team B: живых 2/8
    ✓ Бурав B6           @ (6,6,2) hp=3/4
    ✓ Провокатор B7      @ (7,1,8) hp=2/2
    ✗ Артиллерия B1      @ (7,0,2) [уничтожен]
    ✗ Радиовышка B2      @ (6,5,3) [уничтожен]
    ✗ Прыгун B3          @ (6,5,3) [уничтожен]
    ✗ Факел B4           @ (8,6,3) [уничтожен]
    ✗ Тишина B5          @ (6,2,3) [уничтожен]
    ✗ Паук B8            @ (6,2,3) [уничтожен]
  Team C: живых 0/8
    ✗ Артиллерия C1      @ (8,3,4) [уничтожен]
    ✗ Радиовышка C2      @ (6,6,2) [уничтожен]
    ✗ Прыгун C3          @ (6,8,7) [уничтожен]
    ✗ Факел C4           @ (8,9,4) [уничтожен]
    ✗ Тишина C5          @ (8,0,4) [уничтожен]
    ✗ Бурав C6           @ (8,2,4) [уничтожен]
    ✗ Провокатор C7      @ (8,6,4) [уничтожен]
    ✗ Паук C8            @ (8,5,4) [уничтожен]

======================================================================
ХОД 16
======================================================================
✓ 🎮 GM: начинаем ход
GM: start_turn

--- Радиовышки: сканирование слоя Z ---
  (у команд не осталось живых радиовышек)

--- Решения ботов ---
  [Team A] Тишина A5 (6,7,1) → MOVE (6,6,2)
  [Team A] Бурав A6 (8,6,3) → MOVE (7,6,2)
  [Team B] Бурав B6 (6,6,2) → MOVE (6,7,1)
  [Team B] Провокатор B7 (7,1,8) → HOLOGRAM (8,2,7)
  [Team C] все корабли пропускают ход
! 🎮 GM: принудительно завершает фазу планирования
GM: end_planning
# 
============================================================
# 🔄 ОБРАБОТКА ХОДА 16
# ============================================================
!    ⚠️ Провокатор B7: клетка (8,2,7) уже занята голограммой

📦 ПЕРЕМЕЩЕНИЯ:
!    ⚠️ Тишина A5: клетка (6,6,2) занята
   Бурав A6: (8, 6, 3) → (7,6,2)
✓    💥 Бурав B6 тараном уничтожил Тишина A5 в (6,7,1)
   Бурав B6: (6, 6, 2) → (6,7,1)

🎯 ВЫСТРЕЛЫ:
   Выпущено ракет: 0
# 
📊 РЕЗУЛЬТАТЫ ХОДА 16:
🎯 Попаданий нет

--- Результаты хода ---
  Team B / Бурав B6           → Team A / Тишина A5          @ (6,7,1)  (УБИТ)

--- Состояние команд после хода ---
  Team A: живых 1/8
    ✓ Бурав A6           @ (7,6,2) hp=4/4
    ✗ Артиллерия A1      @ (6,8,0) [уничтожен]
    ✗ Радиовышка A2      @ (8,6,4) [уничтожен]
    ✗ Прыгун A3          @ (8,9,4) [уничтожен]
    ✗ Факел A4           @ (6,8,7) [уничтожен]
    ✗ Тишина A5          @ (6,7,1) [уничтожен]
    ✗ Провокатор A7      @ (6,8,5) [уничтожен]
    ✗ Паук A8            @ (8,6,7) [уничтожен]
  Team B: живых 2/8
    ✓ Бурав B6           @ (6,7,1) hp=3/4
    ✓ Провокатор B7      @ (7,1,8) hp=2/2
    ✗ Артиллерия B1      @ (7,0,2) [уничтожен]
    ✗ Радиовышка B2      @ (6,5,3) [уничтожен]
    ✗ Прыгун B3          @ (6,5,3) [уничтожен]
    ✗ Факел B4           @ (8,6,3) [уничтожен]
    ✗ Тишина B5          @ (6,2,3) [уничтожен]
    ✗ Паук B8            @ (6,2,3) [уничтожен]
  Team C: живых 0/8
    ✗ Артиллерия C1      @ (8,3,4) [уничтожен]
    ✗ Радиовышка C2      @ (6,6,2) [уничтожен]
    ✗ Прыгун C3          @ (6,8,7) [уничтожен]
    ✗ Факел C4           @ (8,9,4) [уничтожен]
    ✗ Тишина C5          @ (8,0,4) [уничтожен]
    ✗ Бурав C6           @ (8,2,4) [уничтожен]
    ✗ Провокатор C7      @ (8,6,4) [уничтожен]
    ✗ Паук C8            @ (8,5,4) [уничтожен]

======================================================================
ХОД 17
======================================================================
✓ 🎮 GM: начинаем ход
GM: start_turn

--- Радиовышки: сканирование слоя Z ---
  (у команд не осталось живых радиовышек)

--- Решения ботов ---
  [Team A] Бурав A6 (7,6,2) → MOVE (6,7,1)
  [Team B] Бурав B6 (6,7,1) → MOVE (7,6,2)
  [Team B] Провокатор B7 (7,1,8) → MOVE (7,2,7)
  [Team C] все корабли пропускают ход
! 🎮 GM: принудительно завершает фазу планирования
GM: end_planning
# 
============================================================
# 🔄 ОБРАБОТКА ХОДА 17
# ============================================================

📦 ПЕРЕМЕЩЕНИЯ:
!    ⚠️ Бурав A6: Бурав двигается только по 1 оси или по 2 осям строго диагонально
!    ⚠️ Бурав B6: Бурав двигается только по 1 оси или по 2 осям строго диагонально
!    ⚠️ Провокатор B7: клетка (7,2,7) занята

🎯 ВЫСТРЕЛЫ:
   Выпущено ракет: 0
# 
📊 РЕЗУЛЬТАТЫ ХОДА 17:
🎯 Попаданий нет

--- Результаты хода ---
  Попаданий нет

--- Состояние команд после хода ---
  Team A: живых 1/8
    ✓ Бурав A6           @ (7,6,2) hp=4/4
    ✗ Артиллерия A1      @ (6,8,0) [уничтожен]
    ✗ Радиовышка A2      @ (8,6,4) [уничтожен]
    ✗ Прыгун A3          @ (8,9,4) [уничтожен]
    ✗ Факел A4           @ (6,8,7) [уничтожен]
    ✗ Тишина A5          @ (6,7,1) [уничтожен]
    ✗ Провокатор A7      @ (6,8,5) [уничтожен]
    ✗ Паук A8            @ (8,6,7) [уничтожен]
  Team B: живых 2/8
    ✓ Бурав B6           @ (6,7,1) hp=3/4
    ✓ Провокатор B7      @ (7,1,8) hp=2/2
    ✗ Артиллерия B1      @ (7,0,2) [уничтожен]
    ✗ Радиовышка B2      @ (6,5,3) [уничтожен]
    ✗ Прыгун B3          @ (6,5,3) [уничтожен]
    ✗ Факел B4           @ (8,6,3) [уничтожен]
    ✗ Тишина B5          @ (6,2,3) [уничтожен]
    ✗ Паук B8            @ (6,2,3) [уничтожен]
  Team C: живых 0/8
    ✗ Артиллерия C1      @ (8,3,4) [уничтожен]
    ✗ Радиовышка C2      @ (6,6,2) [уничтожен]
    ✗ Прыгун C3          @ (6,8,7) [уничтожен]
    ✗ Факел C4           @ (8,9,4) [уничтожен]
    ✗ Тишина C5          @ (8,0,4) [уничтожен]
    ✗ Бурав C6           @ (8,2,4) [уничтожен]
    ✗ Провокатор C7      @ (8,6,4) [уничтожен]
    ✗ Паук C8            @ (8,5,4) [уничтожен]

======================================================================
ХОД 18
======================================================================
✓ 🎮 GM: начинаем ход
GM: start_turn

--- Радиовышки: сканирование слоя Z ---
  (у команд не осталось живых радиовышек)

--- Решения ботов ---
  [Team A] Бурав A6 (7,6,2) → MOVE (6,7,1)
  [Team B] Бурав B6 (6,7,1) → MOVE (7,6,2)
  [Team B] Провокатор B7 (7,1,8) → MOVE (7,2,7)
  [Team C] все корабли пропускают ход
! 🎮 GM: принудительно завершает фазу планирования
GM: end_planning
# 
============================================================
# 🔄 ОБРАБОТКА ХОДА 18
# ============================================================

📦 ПЕРЕМЕЩЕНИЯ:
!    ⚠️ Бурав A6: Бурав двигается только по 1 оси или по 2 осям строго диагонально
!    ⚠️ Бурав B6: Бурав двигается только по 1 оси или по 2 осям строго диагонально
!    ⚠️ Провокатор B7: клетка (7,2,7) занята

🎯 ВЫСТРЕЛЫ:
   Выпущено ракет: 0
# 
📊 РЕЗУЛЬТАТЫ ХОДА 18:
🎯 Попаданий нет

--- Результаты хода ---
  Попаданий нет

--- Состояние команд после хода ---
  Team A: живых 1/8
    ✓ Бурав A6           @ (7,6,2) hp=4/4
    ✗ Артиллерия A1      @ (6,8,0) [уничтожен]
    ✗ Радиовышка A2      @ (8,6,4) [уничтожен]
    ✗ Прыгун A3          @ (8,9,4) [уничтожен]
    ✗ Факел A4           @ (6,8,7) [уничтожен]
    ✗ Тишина A5          @ (6,7,1) [уничтожен]
    ✗ Провокатор A7      @ (6,8,5) [уничтожен]
    ✗ Паук A8            @ (8,6,7) [уничтожен]
  Team B: живых 2/8
    ✓ Бурав B6           @ (6,7,1) hp=3/4
    ✓ Провокатор B7      @ (7,1,8) hp=2/2
    ✗ Артиллерия B1      @ (7,0,2) [уничтожен]
    ✗ Радиовышка B2      @ (6,5,3) [уничтожен]
    ✗ Прыгун B3          @ (6,5,3) [уничтожен]
    ✗ Факел B4           @ (8,6,3) [уничтожен]
    ✗ Тишина B5          @ (6,2,3) [уничтожен]
    ✗ Паук B8            @ (6,2,3) [уничтожен]
  Team C: живых 0/8
    ✗ Артиллерия C1      @ (8,3,4) [уничтожен]
    ✗ Радиовышка C2      @ (6,6,2) [уничтожен]
    ✗ Прыгун C3          @ (6,8,7) [уничтожен]
    ✗ Факел C4           @ (8,9,4) [уничтожен]
    ✗ Тишина C5          @ (8,0,4) [уничтожен]
    ✗ Бурав C6           @ (8,2,4) [уничтожен]
    ✗ Провокатор C7      @ (8,6,4) [уничтожен]
    ✗ Паук C8            @ (8,5,4) [уничтожен]

======================================================================
ХОД 19
======================================================================
✓ 🎮 GM: начинаем ход
GM: start_turn

--- Радиовышки: сканирование слоя Z ---
  (у команд не осталось живых радиовышек)

--- Решения ботов ---
  [Team A] Бурав A6 (7,6,2) → MOVE (6,7,1)
  [Team B] Бурав B6 (6,7,1) → MOVE (7,6,2)
  [Team B] Провокатор B7 (7,1,8) → MOVE (7,2,7)
  [Team C] все корабли пропускают ход
! 🎮 GM: принудительно завершает фазу планирования
GM: end_planning
# 
============================================================
# 🔄 ОБРАБОТКА ХОДА 19
# ============================================================

📦 ПЕРЕМЕЩЕНИЯ:
!    ⚠️ Бурав A6: Бурав двигается только по 1 оси или по 2 осям строго диагонально
!    ⚠️ Бурав B6: Бурав двигается только по 1 оси или по 2 осям строго диагонально
!    ⚠️ Провокатор B7: клетка (7,2,7) занята

🎯 ВЫСТРЕЛЫ:
   Выпущено ракет: 0
# 
📊 РЕЗУЛЬТАТЫ ХОДА 19:
🎯 Попаданий нет

--- Результаты хода ---
  Попаданий нет

--- Состояние команд после хода ---
  Team A: живых 1/8
    ✓ Бурав A6           @ (7,6,2) hp=4/4
    ✗ Артиллерия A1      @ (6,8,0) [уничтожен]
    ✗ Радиовышка A2      @ (8,6,4) [уничтожен]
    ✗ Прыгун A3          @ (8,9,4) [уничтожен]
    ✗ Факел A4           @ (6,8,7) [уничтожен]
    ✗ Тишина A5          @ (6,7,1) [уничтожен]
    ✗ Провокатор A7      @ (6,8,5) [уничтожен]
    ✗ Паук A8            @ (8,6,7) [уничтожен]
  Team B: живых 2/8
    ✓ Бурав B6           @ (6,7,1) hp=3/4
    ✓ Провокатор B7      @ (7,1,8) hp=2/2
    ✗ Артиллерия B1      @ (7,0,2) [уничтожен]
    ✗ Радиовышка B2      @ (6,5,3) [уничтожен]
    ✗ Прыгун B3          @ (6,5,3) [уничтожен]
    ✗ Факел B4           @ (8,6,3) [уничтожен]
    ✗ Тишина B5          @ (6,2,3) [уничтожен]
    ✗ Паук B8            @ (6,2,3) [уничтожен]
  Team C: живых 0/8
    ✗ Артиллерия C1      @ (8,3,4) [уничтожен]
    ✗ Радиовышка C2      @ (6,6,2) [уничтожен]
    ✗ Прыгун C3          @ (6,8,7) [уничтожен]
    ✗ Факел C4           @ (8,9,4) [уничтожен]
    ✗ Тишина C5          @ (8,0,4) [уничтожен]
    ✗ Бурав C6           @ (8,2,4) [уничтожен]
    ✗ Провокатор C7      @ (8,6,4) [уничтожен]
    ✗ Паук C8            @ (8,5,4) [уничтожен]

======================================================================
ХОД 20
======================================================================
✓ 🎮 GM: начинаем ход
GM: start_turn

--- Радиовышки: сканирование слоя Z ---
  (у команд не осталось живых радиовышек)

--- Решения ботов ---
  [Team A] Бурав A6 (7,6,2) → MOVE (6,7,1)
  [Team B] Бурав B6 (6,7,1) → MOVE (7,6,2)
  [Team B] Провокатор B7 (7,1,8) → MOVE (7,2,7)
  [Team C] все корабли пропускают ход
! 🎮 GM: принудительно завершает фазу планирования
GM: end_planning
# 
============================================================
# 🔄 ОБРАБОТКА ХОДА 20
# ============================================================

📦 ПЕРЕМЕЩЕНИЯ:
!    ⚠️ Бурав A6: Бурав двигается только по 1 оси или по 2 осям строго диагонально
!    ⚠️ Бурав B6: Бурав двигается только по 1 оси или по 2 осям строго диагонально
!    ⚠️ Провокатор B7: клетка (7,2,7) занята

🎯 ВЫСТРЕЛЫ:
   Выпущено ракет: 0
# 
📊 РЕЗУЛЬТАТЫ ХОДА 20:
🎯 Попаданий нет

--- Результаты хода ---
  Попаданий нет

--- Состояние команд после хода ---
  Team A: живых 1/8
    ✓ Бурав A6           @ (7,6,2) hp=4/4
    ✗ Артиллерия A1      @ (6,8,0) [уничтожен]
    ✗ Радиовышка A2      @ (8,6,4) [уничтожен]
    ✗ Прыгун A3          @ (8,9,4) [уничтожен]
    ✗ Факел A4           @ (6,8,7) [уничтожен]
    ✗ Тишина A5          @ (6,7,1) [уничтожен]
    ✗ Провокатор A7      @ (6,8,5) [уничтожен]
    ✗ Паук A8            @ (8,6,7) [уничтожен]
  Team B: живых 2/8
    ✓ Бурав B6           @ (6,7,1) hp=3/4
    ✓ Провокатор B7      @ (7,1,8) hp=2/2
    ✗ Артиллерия B1      @ (7,0,2) [уничтожен]
    ✗ Радиовышка B2      @ (6,5,3) [уничтожен]
    ✗ Прыгун B3          @ (6,5,3) [уничтожен]
    ✗ Факел B4           @ (8,6,3) [уничтожен]
    ✗ Тишина B5          @ (6,2,3) [уничтожен]
    ✗ Паук B8            @ (6,2,3) [уничтожен]
  Team C: живых 0/8
    ✗ Артиллерия C1      @ (8,3,4) [уничтожен]
    ✗ Радиовышка C2      @ (6,6,2) [уничтожен]
    ✗ Прыгун C3          @ (6,8,7) [уничтожен]
    ✗ Факел C4           @ (8,9,4) [уничтожен]
    ✗ Тишина C5          @ (8,0,4) [уничтожен]
    ✗ Бурав C6           @ (8,2,4) [уничтожен]
    ✗ Провокатор C7      @ (8,6,4) [уничтожен]
    ✗ Паук C8            @ (8,5,4) [уничтожен]

======================================================================
ХОД 21
======================================================================
✓ 🎮 GM: начинаем ход
GM: start_turn

--- Радиовышки: сканирование слоя Z ---
  (у команд не осталось живых радиовышек)

--- Решения ботов ---
  [Team A] Бурав A6 (7,6,2) → MOVE (6,7,1)
  [Team B] Бурав B6 (6,7,1) → MOVE (7,6,2)
  [Team B] Провокатор B7 (7,1,8) → MOVE (7,2,7)
  [Team C] все корабли пропускают ход
! 🎮 GM: принудительно завершает фазу планирования
GM: end_planning
# 
============================================================
# 🔄 ОБРАБОТКА ХОДА 21
# ============================================================

📦 ПЕРЕМЕЩЕНИЯ:
!    ⚠️ Бурав A6: Бурав двигается только по 1 оси или по 2 осям строго диагонально
!    ⚠️ Бурав B6: Бурав двигается только по 1 оси или по 2 осям строго диагонально
!    ⚠️ Провокатор B7: клетка (7,2,7) занята

🎯 ВЫСТРЕЛЫ:
   Выпущено ракет: 0
# 
📊 РЕЗУЛЬТАТЫ ХОДА 21:
🎯 Попаданий нет

--- Результаты хода ---
  Попаданий нет

--- Состояние команд после хода ---
  Team A: живых 1/8
    ✓ Бурав A6           @ (7,6,2) hp=4/4
    ✗ Артиллерия A1      @ (6,8,0) [уничтожен]
    ✗ Радиовышка A2      @ (8,6,4) [уничтожен]
    ✗ Прыгун A3          @ (8,9,4) [уничтожен]
    ✗ Факел A4           @ (6,8,7) [уничтожен]
    ✗ Тишина A5          @ (6,7,1) [уничтожен]
    ✗ Провокатор A7      @ (6,8,5) [уничтожен]
    ✗ Паук A8            @ (8,6,7) [уничтожен]
  Team B: живых 2/8
    ✓ Бурав B6           @ (6,7,1) hp=3/4
    ✓ Провокатор B7      @ (7,1,8) hp=2/2
    ✗ Артиллерия B1      @ (7,0,2) [уничтожен]
    ✗ Радиовышка B2      @ (6,5,3) [уничтожен]
    ✗ Прыгун B3          @ (6,5,3) [уничтожен]
    ✗ Факел B4           @ (8,6,3) [уничтожен]
    ✗ Тишина B5          @ (6,2,3) [уничтожен]
    ✗ Паук B8            @ (6,2,3) [уничтожен]
  Team C: живых 0/8
    ✗ Артиллерия C1      @ (8,3,4) [уничтожен]
    ✗ Радиовышка C2      @ (6,6,2) [уничтожен]
    ✗ Прыгун C3          @ (6,8,7) [уничтожен]
    ✗ Факел C4           @ (8,9,4) [уничтожен]
    ✗ Тишина C5          @ (8,0,4) [уничтожен]
    ✗ Бурав C6           @ (8,2,4) [уничтожен]
    ✗ Провокатор C7      @ (8,6,4) [уничтожен]
    ✗ Паук C8            @ (8,5,4) [уничтожен]

======================================================================
ХОД 22
======================================================================
✓ 🎮 GM: начинаем ход
GM: start_turn

--- Радиовышки: сканирование слоя Z ---
  (у команд не осталось живых радиовышек)

--- Решения ботов ---
  [Team A] Бурав A6 (7,6,2) → MOVE (6,7,1)
  [Team B] Бурав B6 (6,7,1) → MOVE (7,6,2)
  [Team B] Провокатор B7 (7,1,8) → MOVE (7,2,7)
  [Team C] все корабли пропускают ход
! 🎮 GM: принудительно завершает фазу планирования
GM: end_planning
# 
============================================================
# 🔄 ОБРАБОТКА ХОДА 22
# ============================================================

📦 ПЕРЕМЕЩЕНИЯ:
!    ⚠️ Бурав A6: Бурав двигается только по 1 оси или по 2 осям строго диагонально
!    ⚠️ Бурав B6: Бурав двигается только по 1 оси или по 2 осям строго диагонально
!    ⚠️ Провокатор B7: клетка (7,2,7) занята

🎯 ВЫСТРЕЛЫ:
   Выпущено ракет: 0
# 
📊 РЕЗУЛЬТАТЫ ХОДА 22:
🎯 Попаданий нет

--- Результаты хода ---
  Попаданий нет

--- Состояние команд после хода ---
  Team A: живых 1/8
    ✓ Бурав A6           @ (7,6,2) hp=4/4
    ✗ Артиллерия A1      @ (6,8,0) [уничтожен]
    ✗ Радиовышка A2      @ (8,6,4) [уничтожен]
    ✗ Прыгун A3          @ (8,9,4) [уничтожен]
    ✗ Факел A4           @ (6,8,7) [уничтожен]
    ✗ Тишина A5          @ (6,7,1) [уничтожен]
    ✗ Провокатор A7      @ (6,8,5) [уничтожен]
    ✗ Паук A8            @ (8,6,7) [уничтожен]
  Team B: живых 2/8
    ✓ Бурав B6           @ (6,7,1) hp=3/4
    ✓ Провокатор B7      @ (7,1,8) hp=2/2
    ✗ Артиллерия B1      @ (7,0,2) [уничтожен]
    ✗ Радиовышка B2      @ (6,5,3) [уничтожен]
    ✗ Прыгун B3          @ (6,5,3) [уничтожен]
    ✗ Факел B4           @ (8,6,3) [уничтожен]
    ✗ Тишина B5          @ (6,2,3) [уничтожен]
    ✗ Паук B8            @ (6,2,3) [уничтожен]
  Team C: живых 0/8
    ✗ Артиллерия C1      @ (8,3,4) [уничтожен]
    ✗ Радиовышка C2      @ (6,6,2) [уничтожен]
    ✗ Прыгун C3          @ (6,8,7) [уничтожен]
    ✗ Факел C4           @ (8,9,4) [уничтожен]
    ✗ Тишина C5          @ (8,0,4) [уничтожен]
    ✗ Бурав C6           @ (8,2,4) [уничтожен]
    ✗ Провокатор C7      @ (8,6,4) [уничтожен]
    ✗ Паук C8            @ (8,5,4) [уничтожен]

======================================================================
ХОД 23
======================================================================
✓ 🎮 GM: начинаем ход
GM: start_turn

--- Радиовышки: сканирование слоя Z ---
  (у команд не осталось живых радиовышек)

--- Решения ботов ---
  [Team A] Бурав A6 (7,6,2) → MOVE (6,7,1)
  [Team B] Бурав B6 (6,7,1) → MOVE (7,6,2)
  [Team B] Провокатор B7 (7,1,8) → MOVE (7,2,7)
  [Team C] все корабли пропускают ход
! 🎮 GM: принудительно завершает фазу планирования
GM: end_planning
# 
============================================================
# 🔄 ОБРАБОТКА ХОДА 23
# ============================================================

📦 ПЕРЕМЕЩЕНИЯ:
!    ⚠️ Бурав A6: Бурав двигается только по 1 оси или по 2 осям строго диагонально
!    ⚠️ Бурав B6: Бурав двигается только по 1 оси или по 2 осям строго диагонально
!    ⚠️ Провокатор B7: клетка (7,2,7) занята

🎯 ВЫСТРЕЛЫ:
   Выпущено ракет: 0
# 
📊 РЕЗУЛЬТАТЫ ХОДА 23:
🎯 Попаданий нет

--- Результаты хода ---
  Попаданий нет

--- Состояние команд после хода ---
  Team A: живых 1/8
    ✓ Бурав A6           @ (7,6,2) hp=4/4
    ✗ Артиллерия A1      @ (6,8,0) [уничтожен]
    ✗ Радиовышка A2      @ (8,6,4) [уничтожен]
    ✗ Прыгун A3          @ (8,9,4) [уничтожен]
    ✗ Факел A4           @ (6,8,7) [уничтожен]
    ✗ Тишина A5          @ (6,7,1) [уничтожен]
    ✗ Провокатор A7      @ (6,8,5) [уничтожен]
    ✗ Паук A8            @ (8,6,7) [уничтожен]
  Team B: живых 2/8
    ✓ Бурав B6           @ (6,7,1) hp=3/4
    ✓ Провокатор B7      @ (7,1,8) hp=2/2
    ✗ Артиллерия B1      @ (7,0,2) [уничтожен]
    ✗ Радиовышка B2      @ (6,5,3) [уничтожен]
    ✗ Прыгун B3          @ (6,5,3) [уничтожен]
    ✗ Факел B4           @ (8,6,3) [уничтожен]
    ✗ Тишина B5          @ (6,2,3) [уничтожен]
    ✗ Паук B8            @ (6,2,3) [уничтожен]
  Team C: живых 0/8
    ✗ Артиллерия C1      @ (8,3,4) [уничтожен]
    ✗ Радиовышка C2      @ (6,6,2) [уничтожен]
    ✗ Прыгун C3          @ (6,8,7) [уничтожен]
    ✗ Факел C4           @ (8,9,4) [уничтожен]
    ✗ Тишина C5          @ (8,0,4) [уничтожен]
    ✗ Бурав C6           @ (8,2,4) [уничтожен]
    ✗ Провокатор C7      @ (8,6,4) [уничтожен]
    ✗ Паук C8            @ (8,5,4) [уничтожен]

======================================================================
ХОД 24
======================================================================
✓ 🎮 GM: начинаем ход
GM: start_turn

--- Радиовышки: сканирование слоя Z ---
  (у команд не осталось живых радиовышек)

--- Решения ботов ---
  [Team A] Бурав A6 (7,6,2) → MOVE (6,7,1)
  [Team B] Бурав B6 (6,7,1) → MOVE (7,6,2)
  [Team B] Провокатор B7 (7,1,8) → MOVE (7,2,7)
  [Team C] все корабли пропускают ход
! 🎮 GM: принудительно завершает фазу планирования
GM: end_planning
# 
============================================================
# 🔄 ОБРАБОТКА ХОДА 24
# ============================================================

📦 ПЕРЕМЕЩЕНИЯ:
!    ⚠️ Бурав A6: Бурав двигается только по 1 оси или по 2 осям строго диагонально
!    ⚠️ Бурав B6: Бурав двигается только по 1 оси или по 2 осям строго диагонально
!    ⚠️ Провокатор B7: клетка (7,2,7) занята

🎯 ВЫСТРЕЛЫ:
   Выпущено ракет: 0
# 
📊 РЕЗУЛЬТАТЫ ХОДА 24:
🎯 Попаданий нет

--- Результаты хода ---
  Попаданий нет

--- Состояние команд после хода ---
  Team A: живых 1/8
    ✓ Бурав A6           @ (7,6,2) hp=4/4
    ✗ Артиллерия A1      @ (6,8,0) [уничтожен]
    ✗ Радиовышка A2      @ (8,6,4) [уничтожен]
    ✗ Прыгун A3          @ (8,9,4) [уничтожен]
    ✗ Факел A4           @ (6,8,7) [уничтожен]
    ✗ Тишина A5          @ (6,7,1) [уничтожен]
    ✗ Провокатор A7      @ (6,8,5) [уничтожен]
    ✗ Паук A8            @ (8,6,7) [уничтожен]
  Team B: живых 2/8
    ✓ Бурав B6           @ (6,7,1) hp=3/4
    ✓ Провокатор B7      @ (7,1,8) hp=2/2
    ✗ Артиллерия B1      @ (7,0,2) [уничтожен]
    ✗ Радиовышка B2      @ (6,5,3) [уничтожен]
    ✗ Прыгун B3          @ (6,5,3) [уничтожен]
    ✗ Факел B4           @ (8,6,3) [уничтожен]
    ✗ Тишина B5          @ (6,2,3) [уничтожен]
    ✗ Паук B8            @ (6,2,3) [уничтожен]
  Team C: живых 0/8
    ✗ Артиллерия C1      @ (8,3,4) [уничтожен]
    ✗ Радиовышка C2      @ (6,6,2) [уничтожен]
    ✗ Прыгун C3          @ (6,8,7) [уничтожен]
    ✗ Факел C4           @ (8,9,4) [уничтожен]
    ✗ Тишина C5          @ (8,0,4) [уничтожен]
    ✗ Бурав C6           @ (8,2,4) [уничтожен]
    ✗ Провокатор C7      @ (8,6,4) [уничтожен]
    ✗ Паук C8            @ (8,5,4) [уничтожен]

======================================================================
ХОД 25
======================================================================
✓ 🎮 GM: начинаем ход
GM: start_turn

--- Радиовышки: сканирование слоя Z ---
  (у команд не осталось живых радиовышек)

--- Решения ботов ---
  [Team A] Бурав A6 (7,6,2) → MOVE (6,7,1)
  [Team B] Бурав B6 (6,7,1) → MOVE (7,6,2)
  [Team B] Провокатор B7 (7,1,8) → MOVE (7,2,7)
  [Team C] все корабли пропускают ход
! 🎮 GM: принудительно завершает фазу планирования
GM: end_planning
# 
============================================================
# 🔄 ОБРАБОТКА ХОДА 25
# ============================================================

📦 ПЕРЕМЕЩЕНИЯ:
!    ⚠️ Бурав A6: Бурав двигается только по 1 оси или по 2 осям строго диагонально
!    ⚠️ Бурав B6: Бурав двигается только по 1 оси или по 2 осям строго диагонально
!    ⚠️ Провокатор B7: клетка (7,2,7) занята

🎯 ВЫСТРЕЛЫ:
   Выпущено ракет: 0
# 
📊 РЕЗУЛЬТАТЫ ХОДА 25:
🎯 Попаданий нет

--- Результаты хода ---
  Попаданий нет

--- Состояние команд после хода ---
  Team A: живых 1/8
    ✓ Бурав A6           @ (7,6,2) hp=4/4
    ✗ Артиллерия A1      @ (6,8,0) [уничтожен]
    ✗ Радиовышка A2      @ (8,6,4) [уничтожен]
    ✗ Прыгун A3          @ (8,9,4) [уничтожен]
    ✗ Факел A4           @ (6,8,7) [уничтожен]
    ✗ Тишина A5          @ (6,7,1) [уничтожен]
    ✗ Провокатор A7      @ (6,8,5) [уничтожен]
    ✗ Паук A8            @ (8,6,7) [уничтожен]
  Team B: живых 2/8
    ✓ Бурав B6           @ (6,7,1) hp=3/4
    ✓ Провокатор B7      @ (7,1,8) hp=2/2
    ✗ Артиллерия B1      @ (7,0,2) [уничтожен]
    ✗ Радиовышка B2      @ (6,5,3) [уничтожен]
    ✗ Прыгун B3          @ (6,5,3) [уничтожен]
    ✗ Факел B4           @ (8,6,3) [уничтожен]
    ✗ Тишина B5          @ (6,2,3) [уничтожен]
    ✗ Паук B8            @ (6,2,3) [уничтожен]
  Team C: живых 0/8
    ✗ Артиллерия C1      @ (8,3,4) [уничтожен]
    ✗ Радиовышка C2      @ (6,6,2) [уничтожен]
    ✗ Прыгун C3          @ (6,8,7) [уничтожен]
    ✗ Факел C4           @ (8,9,4) [уничтожен]
    ✗ Тишина C5          @ (8,0,4) [уничтожен]
    ✗ Бурав C6           @ (8,2,4) [уничтожен]
    ✗ Провокатор C7      @ (8,6,4) [уничтожен]
    ✗ Паук C8            @ (8,5,4) [уничтожен]

======================================================================
ХОД 26
======================================================================
✓ 🎮 GM: начинаем ход
GM: start_turn

--- Радиовышки: сканирование слоя Z ---
  (у команд не осталось живых радиовышек)

--- Решения ботов ---
  [Team A] Бурав A6 (7,6,2) → MOVE (6,7,1)
  [Team B] Бурав B6 (6,7,1) → MOVE (7,6,2)
  [Team B] Провокатор B7 (7,1,8) → MOVE (7,2,7)
  [Team C] все корабли пропускают ход
! 🎮 GM: принудительно завершает фазу планирования
GM: end_planning
# 
============================================================
# 🔄 ОБРАБОТКА ХОДА 26
# ============================================================

📦 ПЕРЕМЕЩЕНИЯ:
!    ⚠️ Бурав A6: Бурав двигается только по 1 оси или по 2 осям строго диагонально
!    ⚠️ Бурав B6: Бурав двигается только по 1 оси или по 2 осям строго диагонально
!    ⚠️ Провокатор B7: клетка (7,2,7) занята

🎯 ВЫСТРЕЛЫ:
   Выпущено ракет: 0
# 
📊 РЕЗУЛЬТАТЫ ХОДА 26:
🎯 Попаданий нет

--- Результаты хода ---
  Попаданий нет

--- Состояние команд после хода ---
  Team A: живых 1/8
    ✓ Бурав A6           @ (7,6,2) hp=4/4
    ✗ Артиллерия A1      @ (6,8,0) [уничтожен]
    ✗ Радиовышка A2      @ (8,6,4) [уничтожен]
    ✗ Прыгун A3          @ (8,9,4) [уничтожен]
    ✗ Факел A4           @ (6,8,7) [уничтожен]
    ✗ Тишина A5          @ (6,7,1) [уничтожен]
    ✗ Провокатор A7      @ (6,8,5) [уничтожен]
    ✗ Паук A8            @ (8,6,7) [уничтожен]
  Team B: живых 2/8
    ✓ Бурав B6           @ (6,7,1) hp=3/4
    ✓ Провокатор B7      @ (7,1,8) hp=2/2
    ✗ Артиллерия B1      @ (7,0,2) [уничтожен]
    ✗ Радиовышка B2      @ (6,5,3) [уничтожен]
    ✗ Прыгун B3          @ (6,5,3) [уничтожен]
    ✗ Факел B4           @ (8,6,3) [уничтожен]
    ✗ Тишина B5          @ (6,2,3) [уничтожен]
    ✗ Паук B8            @ (6,2,3) [уничтожен]
  Team C: живых 0/8
    ✗ Артиллерия C1      @ (8,3,4) [уничтожен]
    ✗ Радиовышка C2      @ (6,6,2) [уничтожен]
    ✗ Прыгун C3          @ (6,8,7) [уничтожен]
    ✗ Факел C4           @ (8,9,4) [уничтожен]
    ✗ Тишина C5          @ (8,0,4) [уничтожен]
    ✗ Бурав C6           @ (8,2,4) [уничтожен]
    ✗ Провокатор C7      @ (8,6,4) [уничтожен]
    ✗ Паук C8            @ (8,5,4) [уничтожен]

======================================================================
ХОД 27
======================================================================
✓ 🎮 GM: начинаем ход
GM: start_turn

--- Радиовышки: сканирование слоя Z ---
  (у команд не осталось живых радиовышек)

--- Решения ботов ---
  [Team A] Бурав A6 (7,6,2) → MOVE (6,7,1)
  [Team B] Бурав B6 (6,7,1) → MOVE (7,6,2)
  [Team B] Провокатор B7 (7,1,8) → MOVE (7,2,7)
  [Team C] все корабли пропускают ход
! 🎮 GM: принудительно завершает фазу планирования
GM: end_planning
# 
============================================================
# 🔄 ОБРАБОТКА ХОДА 27
# ============================================================

📦 ПЕРЕМЕЩЕНИЯ:
!    ⚠️ Бурав A6: Бурав двигается только по 1 оси или по 2 осям строго диагонально
!    ⚠️ Бурав B6: Бурав двигается только по 1 оси или по 2 осям строго диагонально
!    ⚠️ Провокатор B7: клетка (7,2,7) занята

🎯 ВЫСТРЕЛЫ:
   Выпущено ракет: 0
# 
📊 РЕЗУЛЬТАТЫ ХОДА 27:
🎯 Попаданий нет

--- Результаты хода ---
  Попаданий нет

--- Состояние команд после хода ---
  Team A: живых 1/8
    ✓ Бурав A6           @ (7,6,2) hp=4/4
    ✗ Артиллерия A1      @ (6,8,0) [уничтожен]
    ✗ Радиовышка A2      @ (8,6,4) [уничтожен]
    ✗ Прыгун A3          @ (8,9,4) [уничтожен]
    ✗ Факел A4           @ (6,8,7) [уничтожен]
    ✗ Тишина A5          @ (6,7,1) [уничтожен]
    ✗ Провокатор A7      @ (6,8,5) [уничтожен]
    ✗ Паук A8            @ (8,6,7) [уничтожен]
  Team B: живых 2/8
    ✓ Бурав B6           @ (6,7,1) hp=3/4
    ✓ Провокатор B7      @ (7,1,8) hp=2/2
    ✗ Артиллерия B1      @ (7,0,2) [уничтожен]
    ✗ Радиовышка B2      @ (6,5,3) [уничтожен]
    ✗ Прыгун B3          @ (6,5,3) [уничтожен]
    ✗ Факел B4           @ (8,6,3) [уничтожен]
    ✗ Тишина B5          @ (6,2,3) [уничтожен]
    ✗ Паук B8            @ (6,2,3) [уничтожен]
  Team C: живых 0/8
    ✗ Артиллерия C1      @ (8,3,4) [уничтожен]
    ✗ Радиовышка C2      @ (6,6,2) [уничтожен]
    ✗ Прыгун C3          @ (6,8,7) [уничтожен]
    ✗ Факел C4           @ (8,9,4) [уничтожен]
    ✗ Тишина C5          @ (8,0,4) [уничтожен]
    ✗ Бурав C6           @ (8,2,4) [уничтожен]
    ✗ Провокатор C7      @ (8,6,4) [уничтожен]
    ✗ Паук C8            @ (8,5,4) [уничтожен]

======================================================================
ХОД 28
======================================================================
✓ 🎮 GM: начинаем ход
GM: start_turn

--- Радиовышки: сканирование слоя Z ---
  (у команд не осталось живых радиовышек)

--- Решения ботов ---
  [Team A] Бурав A6 (7,6,2) → MOVE (6,7,1)
  [Team B] Бурав B6 (6,7,1) → MOVE (7,6,2)
  [Team B] Провокатор B7 (7,1,8) → MOVE (7,2,7)
  [Team C] все корабли пропускают ход
! 🎮 GM: принудительно завершает фазу планирования
GM: end_planning
# 
============================================================
# 🔄 ОБРАБОТКА ХОДА 28
# ============================================================

📦 ПЕРЕМЕЩЕНИЯ:
!    ⚠️ Бурав A6: Бурав двигается только по 1 оси или по 2 осям строго диагонально
!    ⚠️ Бурав B6: Бурав двигается только по 1 оси или по 2 осям строго диагонально
!    ⚠️ Провокатор B7: клетка (7,2,7) занята

🎯 ВЫСТРЕЛЫ:
   Выпущено ракет: 0
# 
📊 РЕЗУЛЬТАТЫ ХОДА 28:
🎯 Попаданий нет

--- Результаты хода ---
  Попаданий нет

--- Состояние команд после хода ---
  Team A: живых 1/8
    ✓ Бурав A6           @ (7,6,2) hp=4/4
    ✗ Артиллерия A1      @ (6,8,0) [уничтожен]
    ✗ Радиовышка A2      @ (8,6,4) [уничтожен]
    ✗ Прыгун A3          @ (8,9,4) [уничтожен]
    ✗ Факел A4           @ (6,8,7) [уничтожен]
    ✗ Тишина A5          @ (6,7,1) [уничтожен]
    ✗ Провокатор A7      @ (6,8,5) [уничтожен]
    ✗ Паук A8            @ (8,6,7) [уничтожен]
  Team B: живых 2/8
    ✓ Бурав B6           @ (6,7,1) hp=3/4
    ✓ Провокатор B7      @ (7,1,8) hp=2/2
    ✗ Артиллерия B1      @ (7,0,2) [уничтожен]
    ✗ Радиовышка B2      @ (6,5,3) [уничтожен]
    ✗ Прыгун B3          @ (6,5,3) [уничтожен]
    ✗ Факел B4           @ (8,6,3) [уничтожен]
    ✗ Тишина B5          @ (6,2,3) [уничтожен]
    ✗ Паук B8            @ (6,2,3) [уничтожен]
  Team C: живых 0/8
    ✗ Артиллерия C1      @ (8,3,4) [уничтожен]
    ✗ Радиовышка C2      @ (6,6,2) [уничтожен]
    ✗ Прыгун C3          @ (6,8,7) [уничтожен]
    ✗ Факел C4           @ (8,9,4) [уничтожен]
    ✗ Тишина C5          @ (8,0,4) [уничтожен]
    ✗ Бурав C6           @ (8,2,4) [уничтожен]
    ✗ Провокатор C7      @ (8,6,4) [уничтожен]
    ✗ Паук C8            @ (8,5,4) [уничтожен]

======================================================================
ХОД 29
======================================================================
✓ 🎮 GM: начинаем ход
GM: start_turn

--- Радиовышки: сканирование слоя Z ---
  (у команд не осталось живых радиовышек)

--- Решения ботов ---
  [Team A] Бурав A6 (7,6,2) → MOVE (6,7,1)
  [Team B] Бурав B6 (6,7,1) → MOVE (7,6,2)
  [Team B] Провокатор B7 (7,1,8) → MOVE (7,2,7)
  [Team C] все корабли пропускают ход
! 🎮 GM: принудительно завершает фазу планирования
GM: end_planning
# 
============================================================
# 🔄 ОБРАБОТКА ХОДА 29
# ============================================================

📦 ПЕРЕМЕЩЕНИЯ:
!    ⚠️ Бурав A6: Бурав двигается только по 1 оси или по 2 осям строго диагонально
!    ⚠️ Бурав B6: Бурав двигается только по 1 оси или по 2 осям строго диагонально
!    ⚠️ Провокатор B7: клетка (7,2,7) занята

🎯 ВЫСТРЕЛЫ:
   Выпущено ракет: 0
# 
📊 РЕЗУЛЬТАТЫ ХОДА 29:
🎯 Попаданий нет

--- Результаты хода ---
  Попаданий нет

--- Состояние команд после хода ---
  Team A: живых 1/8
    ✓ Бурав A6           @ (7,6,2) hp=4/4
    ✗ Артиллерия A1      @ (6,8,0) [уничтожен]
    ✗ Радиовышка A2      @ (8,6,4) [уничтожен]
    ✗ Прыгун A3          @ (8,9,4) [уничтожен]
    ✗ Факел A4           @ (6,8,7) [уничтожен]
    ✗ Тишина A5          @ (6,7,1) [уничтожен]
    ✗ Провокатор A7      @ (6,8,5) [уничтожен]
    ✗ Паук A8            @ (8,6,7) [уничтожен]
  Team B: живых 2/8
    ✓ Бурав B6           @ (6,7,1) hp=3/4
    ✓ Провокатор B7      @ (7,1,8) hp=2/2
    ✗ Артиллерия B1      @ (7,0,2) [уничтожен]
    ✗ Радиовышка B2      @ (6,5,3) [уничтожен]
    ✗ Прыгун B3          @ (6,5,3) [уничтожен]
    ✗ Факел B4           @ (8,6,3) [уничтожен]
    ✗ Тишина B5          @ (6,2,3) [уничтожен]
    ✗ Паук B8            @ (6,2,3) [уничтожен]
  Team C: живых 0/8
    ✗ Артиллерия C1      @ (8,3,4) [уничтожен]
    ✗ Радиовышка C2      @ (6,6,2) [уничтожен]
    ✗ Прыгун C3          @ (6,8,7) [уничтожен]
    ✗ Факел C4           @ (8,9,4) [уничтожен]
    ✗ Тишина C5          @ (8,0,4) [уничтожен]
    ✗ Бурав C6           @ (8,2,4) [уничтожен]
    ✗ Провокатор C7      @ (8,6,4) [уничтожен]
    ✗ Паук C8            @ (8,5,4) [уничтожен]

======================================================================
ХОД 30
======================================================================
✓ 🎮 GM: начинаем ход
GM: start_turn

--- Радиовышки: сканирование слоя Z ---
  (у команд не осталось живых радиовышек)

--- Решения ботов ---
  [Team A] Бурав A6 (7,6,2) → MOVE (6,7,1)
  [Team B] Бурав B6 (6,7,1) → MOVE (7,6,2)
  [Team B] Провокатор B7 (7,1,8) → MOVE (7,2,7)
  [Team C] все корабли пропускают ход
! 🎮 GM: принудительно завершает фазу планирования
GM: end_planning
# 
============================================================
# 🔄 ОБРАБОТКА ХОДА 30
# ============================================================

📦 ПЕРЕМЕЩЕНИЯ:
!    ⚠️ Бурав A6: Бурав двигается только по 1 оси или по 2 осям строго диагонально
!    ⚠️ Бурав B6: Бурав двигается только по 1 оси или по 2 осям строго диагонально
!    ⚠️ Провокатор B7: клетка (7,2,7) занята

🎯 ВЫСТРЕЛЫ:
   Выпущено ракет: 0
# 
📊 РЕЗУЛЬТАТЫ ХОДА 30:
🎯 Попаданий нет

--- Результаты хода ---
  Попаданий нет

--- Состояние команд после хода ---
  Team A: живых 1/8
    ✓ Бурав A6           @ (7,6,2) hp=4/4
    ✗ Артиллерия A1      @ (6,8,0) [уничтожен]
    ✗ Радиовышка A2      @ (8,6,4) [уничтожен]
    ✗ Прыгун A3          @ (8,9,4) [уничтожен]
    ✗ Факел A4           @ (6,8,7) [уничтожен]
    ✗ Тишина A5          @ (6,7,1) [уничтожен]
    ✗ Провокатор A7      @ (6,8,5) [уничтожен]
    ✗ Паук A8            @ (8,6,7) [уничтожен]
  Team B: живых 2/8
    ✓ Бурав B6           @ (6,7,1) hp=3/4
    ✓ Провокатор B7      @ (7,1,8) hp=2/2
    ✗ Артиллерия B1      @ (7,0,2) [уничтожен]
    ✗ Радиовышка B2      @ (6,5,3) [уничтожен]
    ✗ Прыгун B3          @ (6,5,3) [уничтожен]
    ✗ Факел B4           @ (8,6,3) [уничтожен]
    ✗ Тишина B5          @ (6,2,3) [уничтожен]
    ✗ Паук B8            @ (6,2,3) [уничтожен]
  Team C: живых 0/8
    ✗ Артиллерия C1      @ (8,3,4) [уничтожен]
    ✗ Радиовышка C2      @ (6,6,2) [уничтожен]
    ✗ Прыгун C3          @ (6,8,7) [уничтожен]
    ✗ Факел C4           @ (8,9,4) [уничтожен]
    ✗ Тишина C5          @ (8,0,4) [уничтожен]
    ✗ Бурав C6           @ (8,2,4) [уничтожен]
    ✗ Провокатор C7      @ (8,6,4) [уничтожен]
    ✗ Паук C8            @ (8,5,4) [уничтожен]

======================================================================
ИТОГ
======================================================================
Лимит ходов (30) исчерпан. Победа по урону: Team A (29 dmg).
   Урон по командам: Team A=29, Team B=18, Team C=10

--- Сводка по командам ---
  Team A: 1/8 живых; hp=4
  Team B: 2/8 живых; hp=5
  Team C: 0/8 живых; hp=0

--- Сводка по пассивкам радиовышек ---
  Team A: сканирований=6, всего врагов-в-слоях=9, уникальных эксклюзивных (видны только радиовышкой)=1
  Team B: сканирований=6, всего врагов-в-слоях=6, уникальных эксклюзивных (видны только радиовышкой)=2
  Team C: сканирований=5, всего врагов-в-слоях=8, уникальных эксклюзивных (видны только радиовышкой)=2

--- Сводка по попаданиям ---
  Всего событий (шоты+тараны+мины): 23
  Уничтожено кораблей всего: 21
  Team A: урон=29 хиты=3 тараны=7 мины(сработало)=1 убийств=9
  Team B: урон=18 хиты=2 тараны=7 мины(сработало)=0 убийств=9
  Team C: урон=10 хиты=1 тараны=2 мины(сработало)=0 убийств=3
! 🎮 GM: остановка игры
