======================================================================
Space Battle 10×10×10 — simulation run at 2026-04-20T10:42:37+00:00
Game mode: advanced
Seed: 42
✓ 🚀 Продвинутый режим: создаю разные типы кораблей
✓ ✅ Создано 15 кораблей


--- СТАРТОВАЯ РАССТАНОВКА ---
  Team A: живых 5/5
    ✓ Крейсер A1         @ (0,0,0) hp=1/1
    ✓ Артиллерия A2      @ (0,2,0) hp=3/3
    ✓ Радиовышка A3      @ (0,4,0) hp=2/2
    ✓ Базовый A4         @ (0,6,0) hp=2/2
    ✓ Базовый A5         @ (0,8,0) hp=2/2
  Team B: живых 5/5
    ✓ Крейсер B1         @ (9,9,9) hp=1/1
    ✓ Артиллерия B2      @ (9,7,9) hp=3/3
    ✓ Радиовышка B3      @ (9,5,9) hp=2/2
    ✓ Базовый B4         @ (9,3,9) hp=2/2
    ✓ Базовый B5         @ (9,1,9) hp=2/2
  Team C: живых 5/5
    ✓ Крейсер C1         @ (4,9,4) hp=1/1
    ✓ Артиллерия C2      @ (5,9,4) hp=3/3
    ✓ Радиовышка C3      @ (6,9,4) hp=2/2
    ✓ Базовый C4         @ (7,9,4) hp=2/2
    ✓ Базовый C5         @ (8,9,4) hp=2/2

======================================================================
ХОД 1
======================================================================
✓ 🎮 GM: начинаем ход
GM: start_turn

--- Решения ботов ---
  [Team A] Крейсер A1 (0,0,0) → MOVE (1,1,1)
  [Team A] Радиовышка A3 (0,4,0) → MOVE (1,5,1)
  [Team A] Базовый A4 (0,6,0) → MOVE (1,6,0)
  [Team A] Базовый A5 (0,8,0) → MOVE (1,7,1)
  [Team A] Артиллерия A2 → SKIP
  [Team B] Крейсер B1 (9,9,9) → MOVE (8,8,8)
  [Team B] Радиовышка B3 (9,5,9) → MOVE (8,5,8)
  [Team B] Базовый B4 (9,3,9) → MOVE (8,4,8)
  [Team B] Базовый B5 (9,1,9) → MOVE (8,2,8)
  [Team B] Артиллерия B2 → SKIP
  [Team C] Крейсер C1 (4,9,4) → MOVE (5,8,5)
  [Team C] Радиовышка C3 (6,9,4) → MOVE (5,9,5)
  [Team C] Базовый C4 (7,9,4) → MOVE (6,8,5)
  [Team C] Базовый C5 (8,9,4) → MOVE (7,8,5)
  [Team C] Артиллерия C2 → SKIP
! 🎮 GM: принудительно завершает фазу планирования
GM: end_planning
# 
============================================================
# 🔄 ОБРАБОТКА ХОДА 1
# ============================================================

📦 ПЕРЕМЕЩЕНИЯ:
   Крейсер A1: (0, 0, 0) → (1,1,1)
   Радиовышка A3: (0, 4, 0) → (1,5,1)
   Базовый A4: (0, 6, 0) → (1,6,0)
   Базовый A5: (0, 8, 0) → (1,7,1)
   Крейсер B1: (9, 9, 9) → (8,8,8)
   Радиовышка B3: (9, 5, 9) → (8,5,8)
   Базовый B4: (9, 3, 9) → (8,4,8)
   Базовый B5: (9, 1, 9) → (8,2,8)
   Крейсер C1: (4, 9, 4) → (5,8,5)
   Радиовышка C3: (6, 9, 4) → (5,9,5)
   Базовый C4: (7, 9, 4) → (6,8,5)
   Базовый C5: (8, 9, 4) → (7,8,5)

🎯 ВЫСТРЕЛЫ:
   Выпущено ракет: 0
# 
📊 РЕЗУЛЬТАТЫ ХОДА 1:
🎯 Попаданий нет

--- Результаты хода ---
  Попаданий нет

--- Состояние команд после хода ---
  Team A: живых 5/5
    ✓ Крейсер A1         @ (1,1,1) hp=1/1
    ✓ Артиллерия A2      @ (0,2,0) hp=3/3
    ✓ Радиовышка A3      @ (1,5,1) hp=2/2
    ✓ Базовый A4         @ (1,6,0) hp=2/2
    ✓ Базовый A5         @ (1,7,1) hp=2/2
  Team B: живых 5/5
    ✓ Крейсер B1         @ (8,8,8) hp=1/1
    ✓ Артиллерия B2      @ (9,7,9) hp=3/3
    ✓ Радиовышка B3      @ (8,5,8) hp=2/2
    ✓ Базовый B4         @ (8,4,8) hp=2/2
    ✓ Базовый B5         @ (8,2,8) hp=2/2
  Team C: живых 5/5
    ✓ Крейсер C1         @ (5,8,5) hp=1/1
    ✓ Артиллерия C2      @ (5,9,4) hp=3/3
    ✓ Радиовышка C3      @ (5,9,5) hp=2/2
    ✓ Базовый C4         @ (6,8,5) hp=2/2
    ✓ Базовый C5         @ (7,8,5) hp=2/2

======================================================================
ХОД 2
======================================================================
✓ 🎮 GM: начинаем ход
GM: start_turn

--- Решения ботов ---
  [Team A] Крейсер A1 (1,1,1) → MOVE (2,2,2)
  [Team A] Радиовышка A3 (1,5,1) → MOVE (2,5,2)
  [Team A] Базовый A4 (1,6,0) → MOVE (2,5,1)
  [Team A] Базовый A5 (1,7,1) → MOVE (2,6,2)
  [Team A] Артиллерия A2 → SKIP
  [Team B] Крейсер B1 (8,8,8) → MOVE (7,8,7)
  [Team B] Артиллерия B2 (9,7,9) → SHOOT at (5,9,5)
  [Team B] Радиовышка B3 (8,5,8) → MOVE (7,6,7)
  [Team B] Базовый B4 (8,4,8) → MOVE (7,5,7)
  [Team B] Базовый B5 (8,2,8) → MOVE (7,3,7)
  [Team C] Крейсер C1 (5,8,5) → MOVE (6,8,6)
  [Team C] Артиллерия C2 (5,9,4) → SHOOT at (8,5,8)
  [Team C] Радиовышка C3 (5,9,5) → MOVE (6,9,5)
  [Team C] Базовый C4 (6,8,5) → MOVE (7,8,6)
  [Team C] Базовый C5 (7,8,5) → MOVE (8,8,6)
! 🎮 GM: принудительно завершает фазу планирования
GM: end_planning
# 
============================================================
# 🔄 ОБРАБОТКА ХОДА 2
# ============================================================

📦 ПЕРЕМЕЩЕНИЯ:
   Крейсер A1: (1, 1, 1) → (2,2,2)
   Радиовышка A3: (1, 5, 1) → (2,5,2)
   Базовый A4: (1, 6, 0) → (2,5,1)
   Базовый A5: (1, 7, 1) → (2,6,2)
   Крейсер B1: (8, 8, 8) → (7,8,7)
   Радиовышка B3: (8, 5, 8) → (7,6,7)
   Базовый B4: (8, 4, 8) → (7,5,7)
   Базовый B5: (8, 2, 8) → (7,3,7)
   Крейсер C1: (5, 8, 5) → (6,8,6)
   Радиовышка C3: (5, 9, 5) → (6,9,5)
   Базовый C4: (6, 8, 5) → (7,8,6)
   Базовый C5: (7, 8, 5) → (8,8,6)

🎯 ВЫСТРЕЛЫ:
   Выпущено ракет: 2
# 
📊 РЕЗУЛЬТАТЫ ХОДА 2:
🎯 Попаданий нет

--- Результаты хода ---
  Попаданий нет

--- Состояние команд после хода ---
  Team A: живых 5/5
    ✓ Крейсер A1         @ (2,2,2) hp=1/1
    ✓ Артиллерия A2      @ (0,2,0) hp=3/3
    ✓ Радиовышка A3      @ (2,5,2) hp=2/2
    ✓ Базовый A4         @ (2,5,1) hp=2/2
    ✓ Базовый A5         @ (2,6,2) hp=2/2
  Team B: живых 5/5
    ✓ Крейсер B1         @ (7,8,7) hp=1/1
    ✓ Артиллерия B2      @ (9,7,9) hp=3/3
    ✓ Радиовышка B3      @ (7,6,7) hp=2/2
    ✓ Базовый B4         @ (7,5,7) hp=2/2
    ✓ Базовый B5         @ (7,3,7) hp=2/2
  Team C: живых 5/5
    ✓ Крейсер C1         @ (6,8,6) hp=1/1
    ✓ Артиллерия C2      @ (5,9,4) hp=3/3
    ✓ Радиовышка C3      @ (6,9,5) hp=2/2
    ✓ Базовый C4         @ (7,8,6) hp=2/2
    ✓ Базовый C5         @ (8,8,6) hp=2/2

======================================================================
ХОД 3
======================================================================
✓ 🎮 GM: начинаем ход
GM: start_turn

--- Решения ботов ---
  [Team A] Крейсер A1 (2,2,2) → MOVE (3,3,3)
  [Team A] Артиллерия A2 (0,2,0) → SHOOT at (5,9,4)
  [Team A] Радиовышка A3 (2,5,2) → MOVE (3,6,3)
  [Team A] Базовый A4 (2,5,1) → MOVE (3,6,2)
  [Team A] Базовый A5 (2,6,2) → MOVE (3,7,3)
  [Team B] Крейсер B1 (7,8,7) → SHOOT at (7,8,6)
  [Team B] Артиллерия B2 (9,7,9) → SHOOT at (8,8,6)
  [Team B] Радиовышка B3 (7,6,7) → MOVE (6,7,6)
  [Team B] Базовый B4 (7,5,7) → MOVE (6,6,6)
  [Team B] Базовый B5 (7,3,7) → MOVE (6,4,6)
  [Team C] Крейсер C1 (6,8,6) → MOVE (7,8,7)
  [Team C] Артиллерия C2 (5,9,4) → SHOOT at (7,8,7)
  [Team C] Радиовышка C3 (6,9,5) → MOVE (7,9,5)
  [Team C] Базовый C4 (7,8,6) → SHOOT at (7,8,7)
  [Team C] Базовый C5 (8,8,6) → MOVE (8,8,7)
! 🎮 GM: принудительно завершает фазу планирования
GM: end_planning
# 
============================================================
# 🔄 ОБРАБОТКА ХОДА 3
# ============================================================

📦 ПЕРЕМЕЩЕНИЯ:
   Крейсер A1: (2, 2, 2) → (3,3,3)
   Радиовышка A3: (2, 5, 2) → (3,6,3)
   Базовый A4: (2, 5, 1) → (3,6,2)
   Базовый A5: (2, 6, 2) → (3,7,3)
   Радиовышка B3: (7, 6, 7) → (6,7,6)
   Базовый B4: (7, 5, 7) → (6,6,6)
   Базовый B5: (7, 3, 7) → (6,4,6)
!    ⚠️ Крейсер C1: клетка (7,8,7) занята
   Радиовышка C3: (6, 9, 5) → (7,9,5)
   Базовый C5: (8, 8, 6) → (8,8,7)

🎯 ВЫСТРЕЛЫ:
✓    ✅ Артиллерия A2 поразил Артиллерия C2!
✓    ✅ Крейсер B1 поразил Базовый C4!
✓    ✅ Артиллерия C2 поразил Крейсер B1!
   💀 Базовый C4 добивает Крейсер B1
✓    ✅ Базовый C4 поразил Крейсер B1!
   Выпущено ракет: 5
# 
📊 РЕЗУЛЬТАТЫ ХОДА 3:
✓ 💥 ПОПАДАНИЯ:
✓    Артиллерия A2 (Team A) → Артиллерия C2 (Team C)
✓    Крейсер B1 (Team B) → Базовый C4 (Team C)
✓    Артиллерия C2 (Team C) → Крейсер B1 (Team B)
✓    Базовый C4 (Team C) → Крейсер B1 (Team B)

--- Результаты хода ---
  Team A / Артиллерия A2      → Team C / Артиллерия C2      @ (5,9,4)  (ранен)
  Team B / Крейсер B1         → Team C / Базовый C4         @ (7,8,6)  (ранен)
  Team C / Артиллерия C2      → Team B / Крейсер B1         @ (7,8,7)  (УБИТ)
  Team C / Базовый C4         → Team B / Крейсер B1         @ (7,8,7)  (ранен)

--- Состояние команд после хода ---
  Team A: живых 5/5
    ✓ Крейсер A1         @ (3,3,3) hp=1/1
    ✓ Артиллерия A2      @ (0,2,0) hp=3/3
    ✓ Радиовышка A3      @ (3,6,3) hp=2/2
    ✓ Базовый A4         @ (3,6,2) hp=2/2
    ✓ Базовый A5         @ (3,7,3) hp=2/2
  Team B: живых 4/5
    ✓ Артиллерия B2      @ (9,7,9) hp=3/3
    ✓ Радиовышка B3      @ (6,7,6) hp=2/2
    ✓ Базовый B4         @ (6,6,6) hp=2/2
    ✓ Базовый B5         @ (6,4,6) hp=2/2
    ✗ Крейсер B1         @ (7,8,7) [уничтожен]
  Team C: живых 5/5
    ✓ Крейсер C1         @ (6,8,6) hp=1/1
    ✓ Артиллерия C2      @ (5,9,4) hp=2/3
    ✓ Радиовышка C3      @ (7,9,5) hp=2/2
    ✓ Базовый C4         @ (7,8,6) hp=1/2
    ✓ Базовый C5         @ (8,8,7) hp=2/2

======================================================================
ХОД 4
======================================================================
✓ 🎮 GM: начинаем ход
GM: start_turn

--- Решения ботов ---
  [Team A] Крейсер A1 (3,3,3) → MOVE (4,4,4)
  [Team A] Артиллерия A2 (0,2,0) → SHOOT at (6,6,6)
  [Team A] Радиовышка A3 (3,6,3) → MOVE (4,7,4)
  [Team A] Базовый A4 (3,6,2) → MOVE (4,7,3)
  [Team A] Базовый A5 (3,7,3) → MOVE (4,8,4)
  [Team B] Артиллерия B2 (9,7,9) → SHOOT at (8,8,7)
  [Team B] Радиовышка B3 (6,7,6) → MOVE (6,8,6)
  [Team B] Базовый B4 (6,6,6) → SHOOT at (6,8,6)
  [Team B] Базовый B5 (6,4,6) → SHOOT at (6,8,6)
  [Team C] Крейсер C1 (6,8,6) → SHOOT at (6,7,6)
  [Team C] Артиллерия C2 (5,9,4) → SHOOT at (3,7,3)
  [Team C] Радиовышка C3 (7,9,5) → MOVE (7,9,6)
  [Team C] Базовый C4 (7,8,6) → MOVE (6,7,6)
  [Team C] Базовый C5 (8,8,7) → MOVE (9,7,8)
! 🎮 GM: принудительно завершает фазу планирования
GM: end_planning
# 
============================================================
# 🔄 ОБРАБОТКА ХОДА 4
# ============================================================

📦 ПЕРЕМЕЩЕНИЯ:
   Крейсер A1: (3, 3, 3) → (4,4,4)
   Радиовышка A3: (3, 6, 3) → (4,7,4)
   Базовый A4: (3, 6, 2) → (4,7,3)
   Базовый A5: (3, 7, 3) → (4,8,4)
!    ⚠️ Радиовышка B3: клетка (6,8,6) занята
   Радиовышка C3: (7, 9, 5) → (7,9,6)
!    ⚠️ Базовый C4: клетка (6,7,6) занята
   Базовый C5: (8, 8, 7) → (9,7,8)

🎯 ВЫСТРЕЛЫ:
!    🛡️ Выстрел Базовый B4 заблокирован союзником Радиовышка B3 в (6, 7, 6)
!    🛡️ Выстрел Базовый B5 заблокирован союзником Базовый B4 в (6, 6, 6)
✓    ✅ Артиллерия A2 поразил Базовый B4!
✓    ✅ Крейсер C1 поразил Радиовышка B3!
   Выпущено ракет: 6
# 
📊 РЕЗУЛЬТАТЫ ХОДА 4:
✓ 💥 ПОПАДАНИЯ:
✓    Артиллерия A2 (Team A) → Базовый B4 (Team B)
✓    Крейсер C1 (Team C) → Радиовышка B3 (Team B)

--- Результаты хода ---
  Team A / Артиллерия A2      → Team B / Базовый B4         @ (6,6,6)  (ранен)
  Team C / Крейсер C1         → Team B / Радиовышка B3      @ (6,7,6)  (ранен)

--- Состояние команд после хода ---
  Team A: живых 5/5
    ✓ Крейсер A1         @ (4,4,4) hp=1/1
    ✓ Артиллерия A2      @ (0,2,0) hp=3/3
    ✓ Радиовышка A3      @ (4,7,4) hp=2/2
    ✓ Базовый A4         @ (4,7,3) hp=2/2
    ✓ Базовый A5         @ (4,8,4) hp=2/2
  Team B: живых 4/5
    ✓ Артиллерия B2      @ (9,7,9) hp=3/3
    ✓ Радиовышка B3      @ (6,7,6) hp=1/2
    ✓ Базовый B4         @ (6,6,6) hp=1/2
    ✓ Базовый B5         @ (6,4,6) hp=2/2
    ✗ Крейсер B1         @ (7,8,7) [уничтожен]
  Team C: живых 5/5
    ✓ Крейсер C1         @ (6,8,6) hp=1/1
    ✓ Артиллерия C2      @ (5,9,4) hp=2/3
    ✓ Радиовышка C3      @ (7,9,6) hp=2/2
    ✓ Базовый C4         @ (7,8,6) hp=1/2
    ✓ Базовый C5         @ (9,7,8) hp=2/2

======================================================================
ХОД 5
======================================================================
✓ 🎮 GM: начинаем ход
GM: start_turn

--- Решения ботов ---
  [Team A] Крейсер A1 (4,4,4) → MOVE (5,5,5)
  [Team A] Артиллерия A2 (0,2,0) → SHOOT at (6,8,6)
  [Team A] Радиовышка A3 (4,7,4) → MOVE (5,7,5)
  [Team A] Базовый A4 (4,7,3) → MOVE (5,8,4)
  [Team A] Базовый A5 (4,8,4) → MOVE (5,9,4)
  [Team B] Артиллерия B2 (9,7,9) → SHOOT at (9,7,8)
  [Team B] Радиовышка B3 (6,7,6) → MOVE (6,8,6)
  [Team B] Базовый B4 (6,6,6) → SHOOT at (6,8,6)
  [Team B] Базовый B5 (6,4,6) → SHOOT at (6,8,6)
  [Team C] Крейсер C1 (6,8,6) → SHOOT at (6,7,6)
  [Team C] Артиллерия C2 (5,9,4) → SHOOT at (4,8,4)
  [Team C] Радиовышка C3 (7,9,6) → MOVE (6,9,6)
  [Team C] Базовый C4 (7,8,6) → MOVE (6,7,6)
  [Team C] Базовый C5 (9,7,8) → SHOOT at (9,7,9)
! 🎮 GM: принудительно завершает фазу планирования
GM: end_planning
# 
============================================================
# 🔄 ОБРАБОТКА ХОДА 5
# ============================================================

📦 ПЕРЕМЕЩЕНИЯ:
   Крейсер A1: (4, 4, 4) → (5,5,5)
   Радиовышка A3: (4, 7, 4) → (5,7,5)
   Базовый A4: (4, 7, 3) → (5,8,4)
!    ⚠️ Базовый A5: клетка (5,9,4) занята
!    ⚠️ Радиовышка B3: клетка (6,8,6) занята
   Радиовышка C3: (7, 9, 6) → (6,9,6)
!    ⚠️ Базовый C4: клетка (6,7,6) занята

🎯 ВЫСТРЕЛЫ:
!    🛡️ Выстрел Базовый B4 заблокирован союзником Радиовышка B3 в (6, 7, 6)
!    🛡️ Выстрел Базовый B5 заблокирован союзником Базовый B4 в (6, 6, 6)
✓    ✅ Артиллерия A2 поразил Крейсер C1!
✓    ✅ Артиллерия B2 поразил Базовый C5!
✓    ✅ Крейсер C1 поразил Радиовышка B3!
✓    ✅ Артиллерия C2 поразил Базовый A5!
✓    ✅ Базовый C5 поразил Артиллерия B2!
   Выпущено ракет: 7
# 
📊 РЕЗУЛЬТАТЫ ХОДА 5:
✓ 💥 ПОПАДАНИЯ:
✓    Артиллерия A2 (Team A) → Крейсер C1 (Team C)
✓    Артиллерия B2 (Team B) → Базовый C5 (Team C)
✓    Крейсер C1 (Team C) → Радиовышка B3 (Team B)
✓    Артиллерия C2 (Team C) → Базовый A5 (Team A)
✓    Базовый C5 (Team C) → Артиллерия B2 (Team B)

--- Результаты хода ---
  Team A / Артиллерия A2      → Team C / Крейсер C1         @ (6,8,6)  (УБИТ)
  Team B / Артиллерия B2      → Team C / Базовый C5         @ (9,7,8)  (ранен)
  Team C / Крейсер C1         → Team B / Радиовышка B3      @ (6,7,6)  (УБИТ)
  Team C / Артиллерия C2      → Team A / Базовый A5         @ (4,8,4)  (ранен)
  Team C / Базовый C5         → Team B / Артиллерия B2      @ (9,7,9)  (ранен)

--- Состояние команд после хода ---
  Team A: живых 5/5
    ✓ Крейсер A1         @ (5,5,5) hp=1/1
    ✓ Артиллерия A2      @ (0,2,0) hp=3/3
    ✓ Радиовышка A3      @ (5,7,5) hp=2/2
    ✓ Базовый A4         @ (5,8,4) hp=2/2
    ✓ Базовый A5         @ (4,8,4) hp=1/2
  Team B: живых 3/5
    ✓ Артиллерия B2      @ (9,7,9) hp=2/3
    ✓ Базовый B4         @ (6,6,6) hp=1/2
    ✓ Базовый B5         @ (6,4,6) hp=2/2
    ✗ Крейсер B1         @ (7,8,7) [уничтожен]
    ✗ Радиовышка B3      @ (6,7,6) [уничтожен]
  Team C: живых 4/5
    ✓ Артиллерия C2      @ (5,9,4) hp=2/3
    ✓ Радиовышка C3      @ (6,9,6) hp=2/2
    ✓ Базовый C4         @ (7,8,6) hp=1/2
    ✓ Базовый C5         @ (9,7,8) hp=1/2
    ✗ Крейсер C1         @ (6,8,6) [уничтожен]

======================================================================
ХОД 6
======================================================================
✓ 🎮 GM: начинаем ход
GM: start_turn

--- Решения ботов ---
  [Team A] Крейсер A1 (5,5,5) → MOVE (6,6,6)
  [Team A] Артиллерия A2 (0,2,0) → SHOOT at (6,4,6)
  [Team A] Радиовышка A3 (5,7,5) → MOVE (6,7,6)
  [Team A] Базовый A4 (5,8,4) → SHOOT at (5,9,4)
  [Team A] Базовый A5 (4,8,4) → MOVE (5,9,4)
  [Team B] Артиллерия B2 (9,7,9) → SHOOT at (9,7,8)
  [Team B] Базовый B4 (6,6,6) → SHOOT at (6,9,6)
  [Team B] Базовый B5 (6,4,6) → SHOOT at (6,9,6)
  [Team C] Артиллерия C2 (5,9,4) → SHOOT at (4,8,4)
  [Team C] Радиовышка C3 (6,9,6) → MOVE (5,8,5)
  [Team C] Базовый C4 (7,8,6) → MOVE (6,7,5)
  [Team C] Базовый C5 (9,7,8) → SHOOT at (9,7,9)
! 🎮 GM: принудительно завершает фазу планирования
GM: end_planning
# 
============================================================
# 🔄 ОБРАБОТКА ХОДА 6
# ============================================================

📦 ПЕРЕМЕЩЕНИЯ:
!    ⚠️ Крейсер A1: клетка (6,6,6) занята
   Радиовышка A3: (5, 7, 5) → (6,7,6)
!    ⚠️ Базовый A5: клетка (5,9,4) занята
   Радиовышка C3: (6, 9, 6) → (5,8,5)
   Базовый C4: (7, 8, 6) → (6,7,5)

🎯 ВЫСТРЕЛЫ:
!    🛡️ Выстрел Базовый B5 заблокирован союзником Базовый B4 в (6, 6, 6)
✓    ✅ Артиллерия A2 поразил Базовый B5!
✓    ✅ Базовый A4 поразил Артиллерия C2!
✓    ✅ Артиллерия B2 поразил Базовый C5!
✓    ✅ Базовый B4 поразил Радиовышка A3!
✓    ✅ Артиллерия C2 поразил Базовый A5!
✓    ✅ Базовый C5 поразил Артиллерия B2!
   Выпущено ракет: 7
# 
📊 РЕЗУЛЬТАТЫ ХОДА 6:
✓ 💥 ПОПАДАНИЯ:
✓    Артиллерия A2 (Team A) → Базовый B5 (Team B)
✓    Базовый A4 (Team A) → Артиллерия C2 (Team C)
✓    Артиллерия B2 (Team B) → Базовый C5 (Team C)
✓    Базовый B4 (Team B) → Радиовышка A3 (Team A)
✓    Артиллерия C2 (Team C) → Базовый A5 (Team A)
✓    Базовый C5 (Team C) → Артиллерия B2 (Team B)

--- Результаты хода ---
  Team A / Артиллерия A2      → Team B / Базовый B5         @ (6,4,6)  (ранен)
  Team A / Базовый A4         → Team C / Артиллерия C2      @ (5,9,4)  (ранен)
  Team B / Артиллерия B2      → Team C / Базовый C5         @ (9,7,8)  (УБИТ)
  Team B / Базовый B4         → Team A / Радиовышка A3      @ (6,7,6)  (ранен)
  Team C / Артиллерия C2      → Team A / Базовый A5         @ (4,8,4)  (УБИТ)
  Team C / Базовый C5         → Team B / Артиллерия B2      @ (9,7,9)  (ранен)

--- Состояние команд после хода ---
  Team A: живых 4/5
    ✓ Крейсер A1         @ (5,5,5) hp=1/1
    ✓ Артиллерия A2      @ (0,2,0) hp=3/3
    ✓ Радиовышка A3      @ (6,7,6) hp=1/2
    ✓ Базовый A4         @ (5,8,4) hp=2/2
    ✗ Базовый A5         @ (4,8,4) [уничтожен]
  Team B: живых 3/5
    ✓ Артиллерия B2      @ (9,7,9) hp=1/3
    ✓ Базовый B4         @ (6,6,6) hp=1/2
    ✓ Базовый B5         @ (6,4,6) hp=1/2
    ✗ Крейсер B1         @ (7,8,7) [уничтожен]
    ✗ Радиовышка B3      @ (6,7,6) [уничтожен]
  Team C: живых 3/5
    ✓ Артиллерия C2      @ (5,9,4) hp=1/3
    ✓ Радиовышка C3      @ (5,8,5) hp=2/2
    ✓ Базовый C4         @ (6,7,5) hp=1/2
    ✗ Крейсер C1         @ (6,8,6) [уничтожен]
    ✗ Базовый C5         @ (9,7,8) [уничтожен]

======================================================================
ХОД 7
======================================================================
✓ 🎮 GM: начинаем ход
GM: start_turn

--- Решения ботов ---
  [Team A] Крейсер A1 (5,5,5) → SHOOT at (5,8,5)
  [Team A] Артиллерия A2 (0,2,0) → SHOOT at (5,8,5)
  [Team A] Радиовышка A3 (6,7,6) → MOVE (6,6,6)
  [Team A] Базовый A4 (5,8,4) → SHOOT at (5,9,4)
  [Team B] Артиллерия B2 (9,7,9) → SHOOT at (6,7,6)
  [Team B] Базовый B4 (6,6,6) → SHOOT at (6,7,6)
  [Team B] Базовый B5 (6,4,6) → SHOOT at (6,7,6)
  [Team C] Артиллерия C2 (5,9,4) → SHOOT at (5,8,4)
  [Team C] Радиовышка C3 (5,8,5) → MOVE (6,7,6)
  [Team C] Базовый C4 (6,7,5) → SHOOT at (6,7,6)
! 🎮 GM: принудительно завершает фазу планирования
GM: end_planning
# 
============================================================
# 🔄 ОБРАБОТКА ХОДА 7
# ============================================================

📦 ПЕРЕМЕЩЕНИЯ:
!    ⚠️ Радиовышка A3: клетка (6,6,6) занята
!    ⚠️ Радиовышка C3: клетка (6,7,6) занята

🎯 ВЫСТРЕЛЫ:
!    🛡️ Выстрел Базовый B5 заблокирован союзником Базовый B4 в (6, 6, 6)
✓    ✅ Крейсер A1 поразил Радиовышка C3!
✓    ✅ Артиллерия A2 поразил Радиовышка C3!
✓    ✅ Базовый A4 поразил Артиллерия C2!
✓    ✅ Артиллерия B2 поразил Радиовышка A3!
   💀 Базовый B4 добивает Радиовышка A3
✓    ✅ Базовый B4 поразил Радиовышка A3!
✓    ✅ Артиллерия C2 поразил Базовый A4!
   💀 Базовый C4 добивает Радиовышка A3
✓    ✅ Базовый C4 поразил Радиовышка A3!
   Выпущено ракет: 8
# 
📊 РЕЗУЛЬТАТЫ ХОДА 7:
✓ 💥 ПОПАДАНИЯ:
✓    Крейсер A1 (Team A) → Радиовышка C3 (Team C)
✓    Артиллерия A2 (Team A) → Радиовышка C3 (Team C)
✓    Базовый A4 (Team A) → Артиллерия C2 (Team C)
✓    Артиллерия B2 (Team B) → Радиовышка A3 (Team A)
✓    Базовый B4 (Team B) → Радиовышка A3 (Team A)
✓    Артиллерия C2 (Team C) → Базовый A4 (Team A)
✓    Базовый C4 (Team C) → Радиовышка A3 (Team A)

--- Результаты хода ---
  Team A / Крейсер A1         → Team C / Радиовышка C3      @ (5,8,5)  (ранен)
  Team A / Артиллерия A2      → Team C / Радиовышка C3      @ (5,8,5)  (УБИТ)
  Team A / Базовый A4         → Team C / Артиллерия C2      @ (5,9,4)  (УБИТ)
  Team B / Артиллерия B2      → Team A / Радиовышка A3      @ (6,7,6)  (УБИТ)
  Team B / Базовый B4         → Team A / Радиовышка A3      @ (6,7,6)  (ранен)
  Team C / Артиллерия C2      → Team A / Базовый A4         @ (5,8,4)  (ранен)
  Team C / Базовый C4         → Team A / Радиовышка A3      @ (6,7,6)  (ранен)

--- Состояние команд после хода ---
  Team A: живых 3/5
    ✓ Крейсер A1         @ (5,5,5) hp=1/1
    ✓ Артиллерия A2      @ (0,2,0) hp=3/3
    ✓ Базовый A4         @ (5,8,4) hp=1/2
    ✗ Радиовышка A3      @ (6,7,6) [уничтожен]
    ✗ Базовый A5         @ (4,8,4) [уничтожен]
  Team B: живых 3/5
    ✓ Артиллерия B2      @ (9,7,9) hp=1/3
    ✓ Базовый B4         @ (6,6,6) hp=1/2
    ✓ Базовый B5         @ (6,4,6) hp=1/2
    ✗ Крейсер B1         @ (7,8,7) [уничтожен]
    ✗ Радиовышка B3      @ (6,7,6) [уничтожен]
  Team C: живых 1/5
    ✓ Базовый C4         @ (6,7,5) hp=1/2
    ✗ Крейсер C1         @ (6,8,6) [уничтожен]
    ✗ Артиллерия C2      @ (5,9,4) [уничтожен]
    ✗ Радиовышка C3      @ (5,8,5) [уничтожен]
    ✗ Базовый C5         @ (9,7,8) [уничтожен]

======================================================================
ХОД 8
======================================================================
✓ 🎮 GM: начинаем ход
GM: start_turn

--- Решения ботов ---
  [Team A] Крейсер A1 (5,5,5) → MOVE (6,6,6)
  [Team A] Артиллерия A2 (0,2,0) → SHOOT at (6,4,6)
  [Team A] Базовый A4 (5,8,4) → MOVE (6,7,5)
  [Team B] Артиллерия B2 (9,7,9) → SHOOT at (6,7,5)
  [Team B] Базовый B4 (6,6,6) → MOVE (5,5,5)
  [Team B] Базовый B5 (6,4,6) → MOVE (6,5,5)
  [Team C] Базовый C4 (6,7,5) → MOVE (5,8,4)
! 🎮 GM: принудительно завершает фазу планирования
GM: end_planning
# 
============================================================
# 🔄 ОБРАБОТКА ХОДА 8
# ============================================================

📦 ПЕРЕМЕЩЕНИЯ:
!    ⚠️ Крейсер A1: клетка (6,6,6) занята
!    ⚠️ Базовый A4: клетка (6,7,5) занята
!    ⚠️ Базовый B4: клетка (5,5,5) занята
   Базовый B5: (6, 4, 6) → (6,5,5)
!    ⚠️ Базовый C4: клетка (5,8,4) занята

🎯 ВЫСТРЕЛЫ:
✓    ✅ Артиллерия B2 поразил Базовый C4!
   Выпущено ракет: 2
# 
📊 РЕЗУЛЬТАТЫ ХОДА 8:
✓ 💥 ПОПАДАНИЯ:
✓    Артиллерия B2 (Team B) → Базовый C4 (Team C)

--- Результаты хода ---
  Team B / Артиллерия B2      → Team C / Базовый C4         @ (6,7,5)  (УБИТ)

--- Состояние команд после хода ---
  Team A: живых 3/5
    ✓ Крейсер A1         @ (5,5,5) hp=1/1
    ✓ Артиллерия A2      @ (0,2,0) hp=3/3
    ✓ Базовый A4         @ (5,8,4) hp=1/2
    ✗ Радиовышка A3      @ (6,7,6) [уничтожен]
    ✗ Базовый A5         @ (4,8,4) [уничтожен]
  Team B: живых 3/5
    ✓ Артиллерия B2      @ (9,7,9) hp=1/3
    ✓ Базовый B4         @ (6,6,6) hp=1/2
    ✓ Базовый B5         @ (6,5,5) hp=1/2
    ✗ Крейсер B1         @ (7,8,7) [уничтожен]
    ✗ Радиовышка B3      @ (6,7,6) [уничтожен]
  Team C: живых 0/5
    ✗ Крейсер C1         @ (6,8,6) [уничтожен]
    ✗ Артиллерия C2      @ (5,9,4) [уничтожен]
    ✗ Радиовышка C3      @ (5,8,5) [уничтожен]
    ✗ Базовый C4         @ (6,7,5) [уничтожен]
    ✗ Базовый C5         @ (9,7,8) [уничтожен]

======================================================================
ХОД 9
======================================================================
✓ 🎮 GM: начинаем ход
GM: start_turn

--- Решения ботов ---
  [Team A] Крейсер A1 (5,5,5) → SHOOT at (6,5,5)
  [Team A] Артиллерия A2 (0,2,0) → SHOOT at (6,6,6)
  [Team A] Базовый A4 (5,8,4) → MOVE (6,7,5)
  [Team B] Артиллерия B2 (9,7,9) → SHOOT at (5,5,5)
  [Team B] Базовый B4 (6,6,6) → MOVE (5,5,5)
  [Team B] Базовый B5 (6,5,5) → SHOOT at (5,5,5)
  [Team C] все корабли пропускают ход
! 🎮 GM: принудительно завершает фазу планирования
GM: end_planning
# 
============================================================
# 🔄 ОБРАБОТКА ХОДА 9
# ============================================================

📦 ПЕРЕМЕЩЕНИЯ:
   Базовый A4: (5, 8, 4) → (6,7,5)
!    ⚠️ Базовый B4: клетка (5,5,5) занята

🎯 ВЫСТРЕЛЫ:
✓    ✅ Крейсер A1 поразил Базовый B5!
✓    ✅ Артиллерия A2 поразил Базовый B4!
✓    ✅ Артиллерия B2 поразил Крейсер A1!
   💀 Базовый B5 добивает Крейсер A1
✓    ✅ Базовый B5 поразил Крейсер A1!
   Выпущено ракет: 4
# 
📊 РЕЗУЛЬТАТЫ ХОДА 9:
✓ 💥 ПОПАДАНИЯ:
✓    Крейсер A1 (Team A) → Базовый B5 (Team B)
✓    Артиллерия A2 (Team A) → Базовый B4 (Team B)
✓    Артиллерия B2 (Team B) → Крейсер A1 (Team A)
✓    Базовый B5 (Team B) → Крейсер A1 (Team A)

--- Результаты хода ---
  Team A / Крейсер A1         → Team B / Базовый B5         @ (6,5,5)  (УБИТ)
  Team A / Артиллерия A2      → Team B / Базовый B4         @ (6,6,6)  (УБИТ)
  Team B / Артиллерия B2      → Team A / Крейсер A1         @ (5,5,5)  (УБИТ)
  Team B / Базовый B5         → Team A / Крейсер A1         @ (5,5,5)  (ранен)

--- Состояние команд после хода ---
  Team A: живых 2/5
    ✓ Артиллерия A2      @ (0,2,0) hp=3/3
    ✓ Базовый A4         @ (6,7,5) hp=1/2
    ✗ Крейсер A1         @ (5,5,5) [уничтожен]
    ✗ Радиовышка A3      @ (6,7,6) [уничтожен]
    ✗ Базовый A5         @ (4,8,4) [уничтожен]
  Team B: живых 1/5
    ✓ Артиллерия B2      @ (9,7,9) hp=1/3
    ✗ Крейсер B1         @ (7,8,7) [уничтожен]
    ✗ Радиовышка B3      @ (6,7,6) [уничтожен]
    ✗ Базовый B4         @ (6,6,6) [уничтожен]
    ✗ Базовый B5         @ (6,5,5) [уничтожен]
  Team C: живых 0/5
    ✗ Крейсер C1         @ (6,8,6) [уничтожен]
    ✗ Артиллерия C2      @ (5,9,4) [уничтожен]
    ✗ Радиовышка C3      @ (5,8,5) [уничтожен]
    ✗ Базовый C4         @ (6,7,5) [уничтожен]
    ✗ Базовый C5         @ (9,7,8) [уничтожен]

======================================================================
ХОД 10
======================================================================
✓ 🎮 GM: начинаем ход
GM: start_turn

--- Решения ботов ---
  [Team A] Базовый A4 (6,7,5) → MOVE (5,6,5)
  [Team A] Артиллерия A2 → SKIP
  [Team B] все корабли пропускают ход
  [Team C] все корабли пропускают ход
! 🎮 GM: принудительно завершает фазу планирования
GM: end_planning
# 
============================================================
# 🔄 ОБРАБОТКА ХОДА 10
# ============================================================

📦 ПЕРЕМЕЩЕНИЯ:
   Базовый A4: (6, 7, 5) → (5,6,5)

🎯 ВЫСТРЕЛЫ:
   Выпущено ракет: 0
# 
📊 РЕЗУЛЬТАТЫ ХОДА 10:
🎯 Попаданий нет

--- Результаты хода ---
  Попаданий нет

--- Состояние команд после хода ---
  Team A: живых 2/5
    ✓ Артиллерия A2      @ (0,2,0) hp=3/3
    ✓ Базовый A4         @ (5,6,5) hp=1/2
    ✗ Крейсер A1         @ (5,5,5) [уничтожен]
    ✗ Радиовышка A3      @ (6,7,6) [уничтожен]
    ✗ Базовый A5         @ (4,8,4) [уничтожен]
  Team B: живых 1/5
    ✓ Артиллерия B2      @ (9,7,9) hp=1/3
    ✗ Крейсер B1         @ (7,8,7) [уничтожен]
    ✗ Радиовышка B3      @ (6,7,6) [уничтожен]
    ✗ Базовый B4         @ (6,6,6) [уничтожен]
    ✗ Базовый B5         @ (6,5,5) [уничтожен]
  Team C: живых 0/5
    ✗ Крейсер C1         @ (6,8,6) [уничтожен]
    ✗ Артиллерия C2      @ (5,9,4) [уничтожен]
    ✗ Радиовышка C3      @ (5,8,5) [уничтожен]
    ✗ Базовый C4         @ (6,7,5) [уничтожен]
    ✗ Базовый C5         @ (9,7,8) [уничтожен]

======================================================================
ХОД 11
======================================================================
✓ 🎮 GM: начинаем ход
GM: start_turn

--- Решения ботов ---
  [Team A] Базовый A4 (5,6,5) → MOVE (5,5,5)
  [Team A] Артиллерия A2 → SKIP
  [Team B] все корабли пропускают ход
  [Team C] все корабли пропускают ход
! 🎮 GM: принудительно завершает фазу планирования
GM: end_planning
# 
============================================================
# 🔄 ОБРАБОТКА ХОДА 11
# ============================================================

📦 ПЕРЕМЕЩЕНИЯ:
   Базовый A4: (5, 6, 5) → (5,5,5)

🎯 ВЫСТРЕЛЫ:
   Выпущено ракет: 0
# 
📊 РЕЗУЛЬТАТЫ ХОДА 11:
🎯 Попаданий нет

--- Результаты хода ---
  Попаданий нет

--- Состояние команд после хода ---
  Team A: живых 2/5
    ✓ Артиллерия A2      @ (0,2,0) hp=3/3
    ✓ Базовый A4         @ (5,5,5) hp=1/2
    ✗ Крейсер A1         @ (5,5,5) [уничтожен]
    ✗ Радиовышка A3      @ (6,7,6) [уничтожен]
    ✗ Базовый A5         @ (4,8,4) [уничтожен]
  Team B: живых 1/5
    ✓ Артиллерия B2      @ (9,7,9) hp=1/3
    ✗ Крейсер B1         @ (7,8,7) [уничтожен]
    ✗ Радиовышка B3      @ (6,7,6) [уничтожен]
    ✗ Базовый B4         @ (6,6,6) [уничтожен]
    ✗ Базовый B5         @ (6,5,5) [уничтожен]
  Team C: живых 0/5
    ✗ Крейсер C1         @ (6,8,6) [уничтожен]
    ✗ Артиллерия C2      @ (5,9,4) [уничтожен]
    ✗ Радиовышка C3      @ (5,8,5) [уничтожен]
    ✗ Базовый C4         @ (6,7,5) [уничтожен]
    ✗ Базовый C5         @ (9,7,8) [уничтожен]

======================================================================
ХОД 12
======================================================================
✓ 🎮 GM: начинаем ход
GM: start_turn

--- Решения ботов ---
  [Team A] все корабли пропускают ход
  [Team B] все корабли пропускают ход
  [Team C] все корабли пропускают ход
! 🎮 GM: принудительно завершает фазу планирования
GM: end_planning
# 
============================================================
# 🔄 ОБРАБОТКА ХОДА 12
# ============================================================

📦 ПЕРЕМЕЩЕНИЯ:

🎯 ВЫСТРЕЛЫ:
   Выпущено ракет: 0
# 
📊 РЕЗУЛЬТАТЫ ХОДА 12:
🎯 Попаданий нет

--- Результаты хода ---
  Попаданий нет

--- Состояние команд после хода ---
  Team A: живых 2/5
    ✓ Артиллерия A2      @ (0,2,0) hp=3/3
    ✓ Базовый A4         @ (5,5,5) hp=1/2
    ✗ Крейсер A1         @ (5,5,5) [уничтожен]
    ✗ Радиовышка A3      @ (6,7,6) [уничтожен]
    ✗ Базовый A5         @ (4,8,4) [уничтожен]
  Team B: живых 1/5
    ✓ Артиллерия B2      @ (9,7,9) hp=1/3
    ✗ Крейсер B1         @ (7,8,7) [уничтожен]
    ✗ Радиовышка B3      @ (6,7,6) [уничтожен]
    ✗ Базовый B4         @ (6,6,6) [уничтожен]
    ✗ Базовый B5         @ (6,5,5) [уничтожен]
  Team C: живых 0/5
    ✗ Крейсер C1         @ (6,8,6) [уничтожен]
    ✗ Артиллерия C2      @ (5,9,4) [уничтожен]
    ✗ Радиовышка C3      @ (5,8,5) [уничтожен]
    ✗ Базовый C4         @ (6,7,5) [уничтожен]
    ✗ Базовый C5         @ (9,7,8) [уничтожен]

======================================================================
ХОД 13
======================================================================
✓ 🎮 GM: начинаем ход
GM: start_turn

--- Решения ботов ---
  [Team A] все корабли пропускают ход
  [Team B] все корабли пропускают ход
  [Team C] все корабли пропускают ход
! 🎮 GM: принудительно завершает фазу планирования
GM: end_planning
# 
============================================================
# 🔄 ОБРАБОТКА ХОДА 13
# ============================================================

📦 ПЕРЕМЕЩЕНИЯ:

🎯 ВЫСТРЕЛЫ:
   Выпущено ракет: 0
# 
📊 РЕЗУЛЬТАТЫ ХОДА 13:
🎯 Попаданий нет

--- Результаты хода ---
  Попаданий нет

--- Состояние команд после хода ---
  Team A: живых 2/5
    ✓ Артиллерия A2      @ (0,2,0) hp=3/3
    ✓ Базовый A4         @ (5,5,5) hp=1/2
    ✗ Крейсер A1         @ (5,5,5) [уничтожен]
    ✗ Радиовышка A3      @ (6,7,6) [уничтожен]
    ✗ Базовый A5         @ (4,8,4) [уничтожен]
  Team B: живых 1/5
    ✓ Артиллерия B2      @ (9,7,9) hp=1/3
    ✗ Крейсер B1         @ (7,8,7) [уничтожен]
    ✗ Радиовышка B3      @ (6,7,6) [уничтожен]
    ✗ Базовый B4         @ (6,6,6) [уничтожен]
    ✗ Базовый B5         @ (6,5,5) [уничтожен]
  Team C: живых 0/5
    ✗ Крейсер C1         @ (6,8,6) [уничтожен]
    ✗ Артиллерия C2      @ (5,9,4) [уничтожен]
    ✗ Радиовышка C3      @ (5,8,5) [уничтожен]
    ✗ Базовый C4         @ (6,7,5) [уничтожен]
    ✗ Базовый C5         @ (9,7,8) [уничтожен]

======================================================================
ХОД 14
======================================================================
✓ 🎮 GM: начинаем ход
GM: start_turn

--- Решения ботов ---
  [Team A] все корабли пропускают ход
  [Team B] все корабли пропускают ход
  [Team C] все корабли пропускают ход
! 🎮 GM: принудительно завершает фазу планирования
GM: end_planning
# 
============================================================
# 🔄 ОБРАБОТКА ХОДА 14
# ============================================================

📦 ПЕРЕМЕЩЕНИЯ:

🎯 ВЫСТРЕЛЫ:
   Выпущено ракет: 0
# 
📊 РЕЗУЛЬТАТЫ ХОДА 14:
🎯 Попаданий нет

--- Результаты хода ---
  Попаданий нет

--- Состояние команд после хода ---
  Team A: живых 2/5
    ✓ Артиллерия A2      @ (0,2,0) hp=3/3
    ✓ Базовый A4         @ (5,5,5) hp=1/2
    ✗ Крейсер A1         @ (5,5,5) [уничтожен]
    ✗ Радиовышка A3      @ (6,7,6) [уничтожен]
    ✗ Базовый A5         @ (4,8,4) [уничтожен]
  Team B: живых 1/5
    ✓ Артиллерия B2      @ (9,7,9) hp=1/3
    ✗ Крейсер B1         @ (7,8,7) [уничтожен]
    ✗ Радиовышка B3      @ (6,7,6) [уничтожен]
    ✗ Базовый B4         @ (6,6,6) [уничтожен]
    ✗ Базовый B5         @ (6,5,5) [уничтожен]
  Team C: живых 0/5
    ✗ Крейсер C1         @ (6,8,6) [уничтожен]
    ✗ Артиллерия C2      @ (5,9,4) [уничтожен]
    ✗ Радиовышка C3      @ (5,8,5) [уничтожен]
    ✗ Базовый C4         @ (6,7,5) [уничтожен]
    ✗ Базовый C5         @ (9,7,8) [уничтожен]

======================================================================
ХОД 15
======================================================================
✓ 🎮 GM: начинаем ход
GM: start_turn

--- Решения ботов ---
  [Team A] все корабли пропускают ход
  [Team B] все корабли пропускают ход
  [Team C] все корабли пропускают ход
! 🎮 GM: принудительно завершает фазу планирования
GM: end_planning
# 
============================================================
# 🔄 ОБРАБОТКА ХОДА 15
# ============================================================

📦 ПЕРЕМЕЩЕНИЯ:

🎯 ВЫСТРЕЛЫ:
   Выпущено ракет: 0
# 
📊 РЕЗУЛЬТАТЫ ХОДА 15:
🎯 Попаданий нет

--- Результаты хода ---
  Попаданий нет

--- Состояние команд после хода ---
  Team A: живых 2/5
    ✓ Артиллерия A2      @ (0,2,0) hp=3/3
    ✓ Базовый A4         @ (5,5,5) hp=1/2
    ✗ Крейсер A1         @ (5,5,5) [уничтожен]
    ✗ Радиовышка A3      @ (6,7,6) [уничтожен]
    ✗ Базовый A5         @ (4,8,4) [уничтожен]
  Team B: живых 1/5
    ✓ Артиллерия B2      @ (9,7,9) hp=1/3
    ✗ Крейсер B1         @ (7,8,7) [уничтожен]
    ✗ Радиовышка B3      @ (6,7,6) [уничтожен]
    ✗ Базовый B4         @ (6,6,6) [уничтожен]
    ✗ Базовый B5         @ (6,5,5) [уничтожен]
  Team C: живых 0/5
    ✗ Крейсер C1         @ (6,8,6) [уничтожен]
    ✗ Артиллерия C2      @ (5,9,4) [уничтожен]
    ✗ Радиовышка C3      @ (5,8,5) [уничтожен]
    ✗ Базовый C4         @ (6,7,5) [уничтожен]
    ✗ Базовый C5         @ (9,7,8) [уничтожен]

======================================================================
ХОД 16
======================================================================
✓ 🎮 GM: начинаем ход
GM: start_turn

--- Решения ботов ---
  [Team A] все корабли пропускают ход
  [Team B] все корабли пропускают ход
  [Team C] все корабли пропускают ход
! 🎮 GM: принудительно завершает фазу планирования
GM: end_planning
# 
============================================================
# 🔄 ОБРАБОТКА ХОДА 16
# ============================================================

📦 ПЕРЕМЕЩЕНИЯ:

🎯 ВЫСТРЕЛЫ:
   Выпущено ракет: 0
# 
📊 РЕЗУЛЬТАТЫ ХОДА 16:
🎯 Попаданий нет

--- Результаты хода ---
  Попаданий нет

--- Состояние команд после хода ---
  Team A: живых 2/5
    ✓ Артиллерия A2      @ (0,2,0) hp=3/3
    ✓ Базовый A4         @ (5,5,5) hp=1/2
    ✗ Крейсер A1         @ (5,5,5) [уничтожен]
    ✗ Радиовышка A3      @ (6,7,6) [уничтожен]
    ✗ Базовый A5         @ (4,8,4) [уничтожен]
  Team B: живых 1/5
    ✓ Артиллерия B2      @ (9,7,9) hp=1/3
    ✗ Крейсер B1         @ (7,8,7) [уничтожен]
    ✗ Радиовышка B3      @ (6,7,6) [уничтожен]
    ✗ Базовый B4         @ (6,6,6) [уничтожен]
    ✗ Базовый B5         @ (6,5,5) [уничтожен]
  Team C: живых 0/5
    ✗ Крейсер C1         @ (6,8,6) [уничтожен]
    ✗ Артиллерия C2      @ (5,9,4) [уничтожен]
    ✗ Радиовышка C3      @ (5,8,5) [уничтожен]
    ✗ Базовый C4         @ (6,7,5) [уничтожен]
    ✗ Базовый C5         @ (9,7,8) [уничтожен]

======================================================================
ХОД 17
======================================================================
✓ 🎮 GM: начинаем ход
GM: start_turn

--- Решения ботов ---
  [Team A] все корабли пропускают ход
  [Team B] все корабли пропускают ход
  [Team C] все корабли пропускают ход
! 🎮 GM: принудительно завершает фазу планирования
GM: end_planning
# 
============================================================
# 🔄 ОБРАБОТКА ХОДА 17
# ============================================================

📦 ПЕРЕМЕЩЕНИЯ:

🎯 ВЫСТРЕЛЫ:
   Выпущено ракет: 0
# 
📊 РЕЗУЛЬТАТЫ ХОДА 17:
🎯 Попаданий нет

--- Результаты хода ---
  Попаданий нет

--- Состояние команд после хода ---
  Team A: живых 2/5
    ✓ Артиллерия A2      @ (0,2,0) hp=3/3
    ✓ Базовый A4         @ (5,5,5) hp=1/2
    ✗ Крейсер A1         @ (5,5,5) [уничтожен]
    ✗ Радиовышка A3      @ (6,7,6) [уничтожен]
    ✗ Базовый A5         @ (4,8,4) [уничтожен]
  Team B: живых 1/5
    ✓ Артиллерия B2      @ (9,7,9) hp=1/3
    ✗ Крейсер B1         @ (7,8,7) [уничтожен]
    ✗ Радиовышка B3      @ (6,7,6) [уничтожен]
    ✗ Базовый B4         @ (6,6,6) [уничтожен]
    ✗ Базовый B5         @ (6,5,5) [уничтожен]
  Team C: живых 0/5
    ✗ Крейсер C1         @ (6,8,6) [уничтожен]
    ✗ Артиллерия C2      @ (5,9,4) [уничтожен]
    ✗ Радиовышка C3      @ (5,8,5) [уничтожен]
    ✗ Базовый C4         @ (6,7,5) [уничтожен]
    ✗ Базовый C5         @ (9,7,8) [уничтожен]

======================================================================
ХОД 18
======================================================================
✓ 🎮 GM: начинаем ход
GM: start_turn

--- Решения ботов ---
  [Team A] все корабли пропускают ход
  [Team B] все корабли пропускают ход
  [Team C] все корабли пропускают ход
! 🎮 GM: принудительно завершает фазу планирования
GM: end_planning
# 
============================================================
# 🔄 ОБРАБОТКА ХОДА 18
# ============================================================

📦 ПЕРЕМЕЩЕНИЯ:

🎯 ВЫСТРЕЛЫ:
   Выпущено ракет: 0
# 
📊 РЕЗУЛЬТАТЫ ХОДА 18:
🎯 Попаданий нет

--- Результаты хода ---
  Попаданий нет

--- Состояние команд после хода ---
  Team A: живых 2/5
    ✓ Артиллерия A2      @ (0,2,0) hp=3/3
    ✓ Базовый A4         @ (5,5,5) hp=1/2
    ✗ Крейсер A1         @ (5,5,5) [уничтожен]
    ✗ Радиовышка A3      @ (6,7,6) [уничтожен]
    ✗ Базовый A5         @ (4,8,4) [уничтожен]
  Team B: живых 1/5
    ✓ Артиллерия B2      @ (9,7,9) hp=1/3
    ✗ Крейсер B1         @ (7,8,7) [уничтожен]
    ✗ Радиовышка B3      @ (6,7,6) [уничтожен]
    ✗ Базовый B4         @ (6,6,6) [уничтожен]
    ✗ Базовый B5         @ (6,5,5) [уничтожен]
  Team C: живых 0/5
    ✗ Крейсер C1         @ (6,8,6) [уничтожен]
    ✗ Артиллерия C2      @ (5,9,4) [уничтожен]
    ✗ Радиовышка C3      @ (5,8,5) [уничтожен]
    ✗ Базовый C4         @ (6,7,5) [уничтожен]
    ✗ Базовый C5         @ (9,7,8) [уничтожен]

======================================================================
ХОД 19
======================================================================
✓ 🎮 GM: начинаем ход
GM: start_turn

--- Решения ботов ---
  [Team A] все корабли пропускают ход
  [Team B] все корабли пропускают ход
  [Team C] все корабли пропускают ход
! 🎮 GM: принудительно завершает фазу планирования
GM: end_planning
# 
============================================================
# 🔄 ОБРАБОТКА ХОДА 19
# ============================================================

📦 ПЕРЕМЕЩЕНИЯ:

🎯 ВЫСТРЕЛЫ:
   Выпущено ракет: 0
# 
📊 РЕЗУЛЬТАТЫ ХОДА 19:
🎯 Попаданий нет

--- Результаты хода ---
  Попаданий нет

--- Состояние команд после хода ---
  Team A: живых 2/5
    ✓ Артиллерия A2      @ (0,2,0) hp=3/3
    ✓ Базовый A4         @ (5,5,5) hp=1/2
    ✗ Крейсер A1         @ (5,5,5) [уничтожен]
    ✗ Радиовышка A3      @ (6,7,6) [уничтожен]
    ✗ Базовый A5         @ (4,8,4) [уничтожен]
  Team B: живых 1/5
    ✓ Артиллерия B2      @ (9,7,9) hp=1/3
    ✗ Крейсер B1         @ (7,8,7) [уничтожен]
    ✗ Радиовышка B3      @ (6,7,6) [уничтожен]
    ✗ Базовый B4         @ (6,6,6) [уничтожен]
    ✗ Базовый B5         @ (6,5,5) [уничтожен]
  Team C: живых 0/5
    ✗ Крейсер C1         @ (6,8,6) [уничтожен]
    ✗ Артиллерия C2      @ (5,9,4) [уничтожен]
    ✗ Радиовышка C3      @ (5,8,5) [уничтожен]
    ✗ Базовый C4         @ (6,7,5) [уничтожен]
    ✗ Базовый C5         @ (9,7,8) [уничтожен]

======================================================================
ХОД 20
======================================================================
✓ 🎮 GM: начинаем ход
GM: start_turn

--- Решения ботов ---
  [Team A] все корабли пропускают ход
  [Team B] все корабли пропускают ход
  [Team C] все корабли пропускают ход
! 🎮 GM: принудительно завершает фазу планирования
GM: end_planning
# 
============================================================
# 🔄 ОБРАБОТКА ХОДА 20
# ============================================================

📦 ПЕРЕМЕЩЕНИЯ:

🎯 ВЫСТРЕЛЫ:
   Выпущено ракет: 0
# 
📊 РЕЗУЛЬТАТЫ ХОДА 20:
🎯 Попаданий нет

--- Результаты хода ---
  Попаданий нет

--- Состояние команд после хода ---
  Team A: живых 2/5
    ✓ Артиллерия A2      @ (0,2,0) hp=3/3
    ✓ Базовый A4         @ (5,5,5) hp=1/2
    ✗ Крейсер A1         @ (5,5,5) [уничтожен]
    ✗ Радиовышка A3      @ (6,7,6) [уничтожен]
    ✗ Базовый A5         @ (4,8,4) [уничтожен]
  Team B: живых 1/5
    ✓ Артиллерия B2      @ (9,7,9) hp=1/3
    ✗ Крейсер B1         @ (7,8,7) [уничтожен]
    ✗ Радиовышка B3      @ (6,7,6) [уничтожен]
    ✗ Базовый B4         @ (6,6,6) [уничтожен]
    ✗ Базовый B5         @ (6,5,5) [уничтожен]
  Team C: живых 0/5
    ✗ Крейсер C1         @ (6,8,6) [уничтожен]
    ✗ Артиллерия C2      @ (5,9,4) [уничтожен]
    ✗ Радиовышка C3      @ (5,8,5) [уничтожен]
    ✗ Базовый C4         @ (6,7,5) [уничтожен]
    ✗ Базовый C5         @ (9,7,8) [уничтожен]

======================================================================
ХОД 21
======================================================================
✓ 🎮 GM: начинаем ход
GM: start_turn

--- Решения ботов ---
  [Team A] все корабли пропускают ход
  [Team B] все корабли пропускают ход
  [Team C] все корабли пропускают ход
! 🎮 GM: принудительно завершает фазу планирования
GM: end_planning
# 
============================================================
# 🔄 ОБРАБОТКА ХОДА 21
# ============================================================

📦 ПЕРЕМЕЩЕНИЯ:

🎯 ВЫСТРЕЛЫ:
   Выпущено ракет: 0
# 
📊 РЕЗУЛЬТАТЫ ХОДА 21:
🎯 Попаданий нет

--- Результаты хода ---
  Попаданий нет

--- Состояние команд после хода ---
  Team A: живых 2/5
    ✓ Артиллерия A2      @ (0,2,0) hp=3/3
    ✓ Базовый A4         @ (5,5,5) hp=1/2
    ✗ Крейсер A1         @ (5,5,5) [уничтожен]
    ✗ Радиовышка A3      @ (6,7,6) [уничтожен]
    ✗ Базовый A5         @ (4,8,4) [уничтожен]
  Team B: живых 1/5
    ✓ Артиллерия B2      @ (9,7,9) hp=1/3
    ✗ Крейсер B1         @ (7,8,7) [уничтожен]
    ✗ Радиовышка B3      @ (6,7,6) [уничтожен]
    ✗ Базовый B4         @ (6,6,6) [уничтожен]
    ✗ Базовый B5         @ (6,5,5) [уничтожен]
  Team C: живых 0/5
    ✗ Крейсер C1         @ (6,8,6) [уничтожен]
    ✗ Артиллерия C2      @ (5,9,4) [уничтожен]
    ✗ Радиовышка C3      @ (5,8,5) [уничтожен]
    ✗ Базовый C4         @ (6,7,5) [уничтожен]
    ✗ Базовый C5         @ (9,7,8) [уничтожен]

======================================================================
ХОД 22
======================================================================
✓ 🎮 GM: начинаем ход
GM: start_turn

--- Решения ботов ---
  [Team A] все корабли пропускают ход
  [Team B] все корабли пропускают ход
  [Team C] все корабли пропускают ход
! 🎮 GM: принудительно завершает фазу планирования
GM: end_planning
# 
============================================================
# 🔄 ОБРАБОТКА ХОДА 22
# ============================================================

📦 ПЕРЕМЕЩЕНИЯ:

🎯 ВЫСТРЕЛЫ:
   Выпущено ракет: 0
# 
📊 РЕЗУЛЬТАТЫ ХОДА 22:
🎯 Попаданий нет

--- Результаты хода ---
  Попаданий нет

--- Состояние команд после хода ---
  Team A: живых 2/5
    ✓ Артиллерия A2      @ (0,2,0) hp=3/3
    ✓ Базовый A4         @ (5,5,5) hp=1/2
    ✗ Крейсер A1         @ (5,5,5) [уничтожен]
    ✗ Радиовышка A3      @ (6,7,6) [уничтожен]
    ✗ Базовый A5         @ (4,8,4) [уничтожен]
  Team B: живых 1/5
    ✓ Артиллерия B2      @ (9,7,9) hp=1/3
    ✗ Крейсер B1         @ (7,8,7) [уничтожен]
    ✗ Радиовышка B3      @ (6,7,6) [уничтожен]
    ✗ Базовый B4         @ (6,6,6) [уничтожен]
    ✗ Базовый B5         @ (6,5,5) [уничтожен]
  Team C: живых 0/5
    ✗ Крейсер C1         @ (6,8,6) [уничтожен]
    ✗ Артиллерия C2      @ (5,9,4) [уничтожен]
    ✗ Радиовышка C3      @ (5,8,5) [уничтожен]
    ✗ Базовый C4         @ (6,7,5) [уничтожен]
    ✗ Базовый C5         @ (9,7,8) [уничтожен]

======================================================================
ХОД 23
======================================================================
✓ 🎮 GM: начинаем ход
GM: start_turn

--- Решения ботов ---
  [Team A] все корабли пропускают ход
  [Team B] все корабли пропускают ход
  [Team C] все корабли пропускают ход
! 🎮 GM: принудительно завершает фазу планирования
GM: end_planning
# 
============================================================
# 🔄 ОБРАБОТКА ХОДА 23
# ============================================================

📦 ПЕРЕМЕЩЕНИЯ:

🎯 ВЫСТРЕЛЫ:
   Выпущено ракет: 0
# 
📊 РЕЗУЛЬТАТЫ ХОДА 23:
🎯 Попаданий нет

--- Результаты хода ---
  Попаданий нет

--- Состояние команд после хода ---
  Team A: живых 2/5
    ✓ Артиллерия A2      @ (0,2,0) hp=3/3
    ✓ Базовый A4         @ (5,5,5) hp=1/2
    ✗ Крейсер A1         @ (5,5,5) [уничтожен]
    ✗ Радиовышка A3      @ (6,7,6) [уничтожен]
    ✗ Базовый A5         @ (4,8,4) [уничтожен]
  Team B: живых 1/5
    ✓ Артиллерия B2      @ (9,7,9) hp=1/3
    ✗ Крейсер B1         @ (7,8,7) [уничтожен]
    ✗ Радиовышка B3      @ (6,7,6) [уничтожен]
    ✗ Базовый B4         @ (6,6,6) [уничтожен]
    ✗ Базовый B5         @ (6,5,5) [уничтожен]
  Team C: живых 0/5
    ✗ Крейсер C1         @ (6,8,6) [уничтожен]
    ✗ Артиллерия C2      @ (5,9,4) [уничтожен]
    ✗ Радиовышка C3      @ (5,8,5) [уничтожен]
    ✗ Базовый C4         @ (6,7,5) [уничтожен]
    ✗ Базовый C5         @ (9,7,8) [уничтожен]

======================================================================
ХОД 24
======================================================================
✓ 🎮 GM: начинаем ход
GM: start_turn

--- Решения ботов ---
  [Team A] все корабли пропускают ход
  [Team B] все корабли пропускают ход
  [Team C] все корабли пропускают ход
! 🎮 GM: принудительно завершает фазу планирования
GM: end_planning
# 
============================================================
# 🔄 ОБРАБОТКА ХОДА 24
# ============================================================

📦 ПЕРЕМЕЩЕНИЯ:

🎯 ВЫСТРЕЛЫ:
   Выпущено ракет: 0
# 
📊 РЕЗУЛЬТАТЫ ХОДА 24:
🎯 Попаданий нет

--- Результаты хода ---
  Попаданий нет

--- Состояние команд после хода ---
  Team A: живых 2/5
    ✓ Артиллерия A2      @ (0,2,0) hp=3/3
    ✓ Базовый A4         @ (5,5,5) hp=1/2
    ✗ Крейсер A1         @ (5,5,5) [уничтожен]
    ✗ Радиовышка A3      @ (6,7,6) [уничтожен]
    ✗ Базовый A5         @ (4,8,4) [уничтожен]
  Team B: живых 1/5
    ✓ Артиллерия B2      @ (9,7,9) hp=1/3
    ✗ Крейсер B1         @ (7,8,7) [уничтожен]
    ✗ Радиовышка B3      @ (6,7,6) [уничтожен]
    ✗ Базовый B4         @ (6,6,6) [уничтожен]
    ✗ Базовый B5         @ (6,5,5) [уничтожен]
  Team C: живых 0/5
    ✗ Крейсер C1         @ (6,8,6) [уничтожен]
    ✗ Артиллерия C2      @ (5,9,4) [уничтожен]
    ✗ Радиовышка C3      @ (5,8,5) [уничтожен]
    ✗ Базовый C4         @ (6,7,5) [уничтожен]
    ✗ Базовый C5         @ (9,7,8) [уничтожен]

======================================================================
ХОД 25
======================================================================
✓ 🎮 GM: начинаем ход
GM: start_turn

--- Решения ботов ---
  [Team A] все корабли пропускают ход
  [Team B] все корабли пропускают ход
  [Team C] все корабли пропускают ход
! 🎮 GM: принудительно завершает фазу планирования
GM: end_planning
# 
============================================================
# 🔄 ОБРАБОТКА ХОДА 25
# ============================================================

📦 ПЕРЕМЕЩЕНИЯ:

🎯 ВЫСТРЕЛЫ:
   Выпущено ракет: 0
# 
📊 РЕЗУЛЬТАТЫ ХОДА 25:
🎯 Попаданий нет

--- Результаты хода ---
  Попаданий нет

--- Состояние команд после хода ---
  Team A: живых 2/5
    ✓ Артиллерия A2      @ (0,2,0) hp=3/3
    ✓ Базовый A4         @ (5,5,5) hp=1/2
    ✗ Крейсер A1         @ (5,5,5) [уничтожен]
    ✗ Радиовышка A3      @ (6,7,6) [уничтожен]
    ✗ Базовый A5         @ (4,8,4) [уничтожен]
  Team B: живых 1/5
    ✓ Артиллерия B2      @ (9,7,9) hp=1/3
    ✗ Крейсер B1         @ (7,8,7) [уничтожен]
    ✗ Радиовышка B3      @ (6,7,6) [уничтожен]
    ✗ Базовый B4         @ (6,6,6) [уничтожен]
    ✗ Базовый B5         @ (6,5,5) [уничтожен]
  Team C: живых 0/5
    ✗ Крейсер C1         @ (6,8,6) [уничтожен]
    ✗ Артиллерия C2      @ (5,9,4) [уничтожен]
    ✗ Радиовышка C3      @ (5,8,5) [уничтожен]
    ✗ Базовый C4         @ (6,7,5) [уничтожен]
    ✗ Базовый C5         @ (9,7,8) [уничтожен]

======================================================================
ХОД 26
======================================================================
✓ 🎮 GM: начинаем ход
GM: start_turn

--- Решения ботов ---
  [Team A] все корабли пропускают ход
  [Team B] все корабли пропускают ход
  [Team C] все корабли пропускают ход
! 🎮 GM: принудительно завершает фазу планирования
GM: end_planning
# 
============================================================
# 🔄 ОБРАБОТКА ХОДА 26
# ============================================================

📦 ПЕРЕМЕЩЕНИЯ:

🎯 ВЫСТРЕЛЫ:
   Выпущено ракет: 0
# 
📊 РЕЗУЛЬТАТЫ ХОДА 26:
🎯 Попаданий нет

--- Результаты хода ---
  Попаданий нет

--- Состояние команд после хода ---
  Team A: живых 2/5
    ✓ Артиллерия A2      @ (0,2,0) hp=3/3
    ✓ Базовый A4         @ (5,5,5) hp=1/2
    ✗ Крейсер A1         @ (5,5,5) [уничтожен]
    ✗ Радиовышка A3      @ (6,7,6) [уничтожен]
    ✗ Базовый A5         @ (4,8,4) [уничтожен]
  Team B: живых 1/5
    ✓ Артиллерия B2      @ (9,7,9) hp=1/3
    ✗ Крейсер B1         @ (7,8,7) [уничтожен]
    ✗ Радиовышка B3      @ (6,7,6) [уничтожен]
    ✗ Базовый B4         @ (6,6,6) [уничтожен]
    ✗ Базовый B5         @ (6,5,5) [уничтожен]
  Team C: живых 0/5
    ✗ Крейсер C1         @ (6,8,6) [уничтожен]
    ✗ Артиллерия C2      @ (5,9,4) [уничтожен]
    ✗ Радиовышка C3      @ (5,8,5) [уничтожен]
    ✗ Базовый C4         @ (6,7,5) [уничтожен]
    ✗ Базовый C5         @ (9,7,8) [уничтожен]

======================================================================
ХОД 27
======================================================================
✓ 🎮 GM: начинаем ход
GM: start_turn

--- Решения ботов ---
  [Team A] все корабли пропускают ход
  [Team B] все корабли пропускают ход
  [Team C] все корабли пропускают ход
! 🎮 GM: принудительно завершает фазу планирования
GM: end_planning
# 
============================================================
# 🔄 ОБРАБОТКА ХОДА 27
# ============================================================

📦 ПЕРЕМЕЩЕНИЯ:

🎯 ВЫСТРЕЛЫ:
   Выпущено ракет: 0
# 
📊 РЕЗУЛЬТАТЫ ХОДА 27:
🎯 Попаданий нет

--- Результаты хода ---
  Попаданий нет

--- Состояние команд после хода ---
  Team A: живых 2/5
    ✓ Артиллерия A2      @ (0,2,0) hp=3/3
    ✓ Базовый A4         @ (5,5,5) hp=1/2
    ✗ Крейсер A1         @ (5,5,5) [уничтожен]
    ✗ Радиовышка A3      @ (6,7,6) [уничтожен]
    ✗ Базовый A5         @ (4,8,4) [уничтожен]
  Team B: живых 1/5
    ✓ Артиллерия B2      @ (9,7,9) hp=1/3
    ✗ Крейсер B1         @ (7,8,7) [уничтожен]
    ✗ Радиовышка B3      @ (6,7,6) [уничтожен]
    ✗ Базовый B4         @ (6,6,6) [уничтожен]
    ✗ Базовый B5         @ (6,5,5) [уничтожен]
  Team C: живых 0/5
    ✗ Крейсер C1         @ (6,8,6) [уничтожен]
    ✗ Артиллерия C2      @ (5,9,4) [уничтожен]
    ✗ Радиовышка C3      @ (5,8,5) [уничтожен]
    ✗ Базовый C4         @ (6,7,5) [уничтожен]
    ✗ Базовый C5         @ (9,7,8) [уничтожен]

======================================================================
ХОД 28
======================================================================
✓ 🎮 GM: начинаем ход
GM: start_turn

--- Решения ботов ---
  [Team A] все корабли пропускают ход
  [Team B] все корабли пропускают ход
  [Team C] все корабли пропускают ход
! 🎮 GM: принудительно завершает фазу планирования
GM: end_planning
# 
============================================================
# 🔄 ОБРАБОТКА ХОДА 28
# ============================================================

📦 ПЕРЕМЕЩЕНИЯ:

🎯 ВЫСТРЕЛЫ:
   Выпущено ракет: 0
# 
📊 РЕЗУЛЬТАТЫ ХОДА 28:
🎯 Попаданий нет

--- Результаты хода ---
  Попаданий нет

--- Состояние команд после хода ---
  Team A: живых 2/5
    ✓ Артиллерия A2      @ (0,2,0) hp=3/3
    ✓ Базовый A4         @ (5,5,5) hp=1/2
    ✗ Крейсер A1         @ (5,5,5) [уничтожен]
    ✗ Радиовышка A3      @ (6,7,6) [уничтожен]
    ✗ Базовый A5         @ (4,8,4) [уничтожен]
  Team B: живых 1/5
    ✓ Артиллерия B2      @ (9,7,9) hp=1/3
    ✗ Крейсер B1         @ (7,8,7) [уничтожен]
    ✗ Радиовышка B3      @ (6,7,6) [уничтожен]
    ✗ Базовый B4         @ (6,6,6) [уничтожен]
    ✗ Базовый B5         @ (6,5,5) [уничтожен]
  Team C: живых 0/5
    ✗ Крейсер C1         @ (6,8,6) [уничтожен]
    ✗ Артиллерия C2      @ (5,9,4) [уничтожен]
    ✗ Радиовышка C3      @ (5,8,5) [уничтожен]
    ✗ Базовый C4         @ (6,7,5) [уничтожен]
    ✗ Базовый C5         @ (9,7,8) [уничтожен]

======================================================================
ХОД 29
======================================================================
✓ 🎮 GM: начинаем ход
GM: start_turn

--- Решения ботов ---
  [Team A] все корабли пропускают ход
  [Team B] все корабли пропускают ход
  [Team C] все корабли пропускают ход
! 🎮 GM: принудительно завершает фазу планирования
GM: end_planning
# 
============================================================
# 🔄 ОБРАБОТКА ХОДА 29
# ============================================================

📦 ПЕРЕМЕЩЕНИЯ:

🎯 ВЫСТРЕЛЫ:
   Выпущено ракет: 0
# 
📊 РЕЗУЛЬТАТЫ ХОДА 29:
🎯 Попаданий нет

--- Результаты хода ---
  Попаданий нет

--- Состояние команд после хода ---
  Team A: живых 2/5
    ✓ Артиллерия A2      @ (0,2,0) hp=3/3
    ✓ Базовый A4         @ (5,5,5) hp=1/2
    ✗ Крейсер A1         @ (5,5,5) [уничтожен]
    ✗ Радиовышка A3      @ (6,7,6) [уничтожен]
    ✗ Базовый A5         @ (4,8,4) [уничтожен]
  Team B: живых 1/5
    ✓ Артиллерия B2      @ (9,7,9) hp=1/3
    ✗ Крейсер B1         @ (7,8,7) [уничтожен]
    ✗ Радиовышка B3      @ (6,7,6) [уничтожен]
    ✗ Базовый B4         @ (6,6,6) [уничтожен]
    ✗ Базовый B5         @ (6,5,5) [уничтожен]
  Team C: живых 0/5
    ✗ Крейсер C1         @ (6,8,6) [уничтожен]
    ✗ Артиллерия C2      @ (5,9,4) [уничтожен]
    ✗ Радиовышка C3      @ (5,8,5) [уничтожен]
    ✗ Базовый C4         @ (6,7,5) [уничтожен]
    ✗ Базовый C5         @ (9,7,8) [уничтожен]

======================================================================
ХОД 30
======================================================================
✓ 🎮 GM: начинаем ход
GM: start_turn

--- Решения ботов ---
  [Team A] все корабли пропускают ход
  [Team B] все корабли пропускают ход
  [Team C] все корабли пропускают ход
! 🎮 GM: принудительно завершает фазу планирования
GM: end_planning
# 
============================================================
# 🔄 ОБРАБОТКА ХОДА 30
# ============================================================

📦 ПЕРЕМЕЩЕНИЯ:

🎯 ВЫСТРЕЛЫ:
   Выпущено ракет: 0
# 
📊 РЕЗУЛЬТАТЫ ХОДА 30:
🎯 Попаданий нет

--- Результаты хода ---
  Попаданий нет

--- Состояние команд после хода ---
  Team A: живых 2/5
    ✓ Артиллерия A2      @ (0,2,0) hp=3/3
    ✓ Базовый A4         @ (5,5,5) hp=1/2
    ✗ Крейсер A1         @ (5,5,5) [уничтожен]
    ✗ Радиовышка A3      @ (6,7,6) [уничтожен]
    ✗ Базовый A5         @ (4,8,4) [уничтожен]
  Team B: живых 1/5
    ✓ Артиллерия B2      @ (9,7,9) hp=1/3
    ✗ Крейсер B1         @ (7,8,7) [уничтожен]
    ✗ Радиовышка B3      @ (6,7,6) [уничтожен]
    ✗ Базовый B4         @ (6,6,6) [уничтожен]
    ✗ Базовый B5         @ (6,5,5) [уничтожен]
  Team C: живых 0/5
    ✗ Крейсер C1         @ (6,8,6) [уничтожен]
    ✗ Артиллерия C2      @ (5,9,4) [уничтожен]
    ✗ Радиовышка C3      @ (5,8,5) [уничтожен]
    ✗ Базовый C4         @ (6,7,5) [уничтожен]
    ✗ Базовый C5         @ (9,7,8) [уничтожен]

======================================================================
ИТОГ
======================================================================
Лимит ходов (30) исчерпан, ничья/пат.

--- Сводка по командам ---
  Team A: 2/5 живых кораблей
  Team B: 1/5 живых кораблей
  Team C: 0/5 живых кораблей

--- Сводка по попаданиям ---
  Всего попаданий: 29
  Уничтожено кораблей: 12
  Попаданий от Team A: 10
  Попаданий от Team B: 9
  Попаданий от Team C: 10
! 🎮 GM: остановка игры
