======================================================================
Space Battle 10×10×10 — simulation run at 2026-04-20T13:39:21+00:00
Game mode: advanced
Seed: 133
✓ 🚀 Продвинутый режим: создаю разные типы кораблей
   Команда A: спавн вдоль оси Y от (5, 5, 7) до (5, 1, 7)
   Команда B: спавн вдоль оси X от (8, 0, 6) до (4, 0, 6)
   Команда C: спавн вдоль оси Y от (9, 4, 2) до (9, 8, 2)
✓ ✅ Создано 24 кораблей


--- СТАРТОВАЯ РАССТАНОВКА ---
  Team A: живых 8/8
    ✓ Артиллерия A1      @ (5,5,7) hp=1/1
    ✓ Радиовышка A2      @ (5,9,7) hp=3/3
    ✓ Прыгун A3          @ (5,0,7) hp=2/2
    ✓ Факел A4           @ (5,8,7) hp=6/6
    ✓ Тишина A5          @ (5,7,7) hp=2/2
    ✓ Бурав A6           @ (5,2,7) hp=4/4
    ✓ Провокатор A7      @ (5,4,7) hp=2/2
    ✓ Паук A8            @ (5,1,7) hp=1/1
  Team B: живых 8/8
    ✓ Артиллерия B1      @ (8,0,6) hp=1/1
    ✓ Радиовышка B2      @ (6,0,6) hp=3/3
    ✓ Прыгун B3          @ (2,0,6) hp=2/2
    ✓ Факел B4           @ (0,0,6) hp=6/6
    ✓ Тишина B5          @ (7,0,6) hp=2/2
    ✓ Бурав B6           @ (1,0,6) hp=4/4
    ✓ Провокатор B7      @ (9,0,6) hp=2/2
    ✓ Паук B8            @ (4,0,6) hp=1/1
  Team C: живых 8/8
    ✓ Артиллерия C1      @ (9,4,2) hp=1/1
    ✓ Радиовышка C2      @ (9,1,2) hp=3/3
    ✓ Прыгун C3          @ (9,2,2) hp=2/2
    ✓ Факел C4           @ (9,9,2) hp=6/6
    ✓ Тишина C5          @ (9,0,2) hp=2/2
    ✓ Бурав C6           @ (9,7,2) hp=4/4
    ✓ Провокатор C7      @ (9,5,2) hp=2/2
    ✓ Паук C8            @ (9,8,2) hp=1/1

======================================================================
ХОД 1
======================================================================
✓ 🎮 GM: начинаем ход
GM: start_turn

--- Радиовышки: сканирование слоя Z ---
  Радиовышка A2 (z=7): слой чист
  Радиовышка B2 (z=6): слой чист
  Радиовышка C2 (z=2): слой чист

--- Решения ботов ---
  [Team A] Артиллерия A1 (5,5,7) → SHOOT at (8,0,6)
  [Team A] Радиовышка A2 (5,9,7) → MOVE (6,8,6)
  [Team A] Прыгун A3 (5,0,7) → MOVE (6,0,6)
  [Team A] Тишина A5 (5,7,7) → PHASE toggle
  [Team A] Бурав A6 (5,2,7) → MOVE (6,1,6)
  [Team A] Провокатор A7 (5,4,7) → HOLOGRAM (6,3,6)
  [Team A] Паук A8 (5,1,7) → MINE (6,0,7)
  [Team A] Факел A4 → SKIP
  [Team B] Артиллерия B1 (8,0,6) → SHOOT at (9,4,2)
  [Team B] Радиовышка B2 (6,0,6) → MOVE (5,0,7)
  [Team B] Прыгун B3 (2,0,6) → MOVE (3,0,7)
  [Team B] Тишина B5 (7,0,6) → PHASE toggle
  [Team B] Бурав B6 (1,0,6) → MOVE (2,0,7)
  [Team B] Провокатор B7 (9,0,6) → HOLOGRAM (8,0,7)
  [Team B] Паук B8 (4,0,6) → MINE (5,0,6)
  [Team B] Факел B4 → SKIP
  [Team C] Артиллерия C1 (9,4,2) → SHOOT at (8,0,6)
  [Team C] Радиовышка C2 (9,1,2) → MOVE (8,0,3)
  [Team C] Прыгун C3 (9,2,2) → MOVE (8,1,3)
  [Team C] Тишина C5 (9,0,2) → PHASE toggle
  [Team C] Бурав C6 (9,7,2) → MOVE (8,6,3)
  [Team C] Провокатор C7 (9,5,2) → HOLOGRAM (8,4,3)
  [Team C] Паук C8 (9,8,2) → MOVE (8,7,3)
  [Team C] Факел C4 → SKIP
! 🎮 GM: принудительно завершает фазу планирования
GM: end_planning
# 
============================================================
# 🔄 ОБРАБОТКА ХОДА 1
# ============================================================
   🌀 Тишина A5: уходит в фазу на 1 ход
   🌀 Тишина B5: уходит в фазу на 1 ход
   🌀 Тишина C5: уходит в фазу на 1 ход
   🪞 Провокатор A7 создал голограмму H1 в (6,3,6)
   🪞 Провокатор B7 создал голограмму H2 в (8,0,7)
   🪞 Провокатор C7 создал голограмму H3 в (8,4,3)
   💣 Паук A8 установил мину M1 в (6,0,7)
   💣 Паук B8 установил мину M2 в (5,0,6)

📦 ПЕРЕМЕЩЕНИЯ:
   Радиовышка A2: (5, 9, 7) → (6,8,6)
✓    💥 Прыгун A3 тараном уничтожил Радиовышка B2 в (6,0,6)
   Прыгун A3: (5, 0, 7) → (6,0,6)
!    ⚠️ Бурав A6: Бурав двигается только по 1 оси или по 2 осям строго диагонально
   Прыгун B3: (2, 0, 6) → (3,0,7)
   Бурав B6: (1, 0, 6) → (2,0,7)
   Радиовышка C2: (9, 1, 2) → (8,0,3)
   Прыгун C3: (9, 2, 2) → (8,1,3)
!    ⚠️ Бурав C6: Бурав двигается только по 1 оси или по 2 осям строго диагонально
   Паук C8: (9, 8, 2) → (8,7,3)

🎯 ВЫСТРЕЛЫ:
✓    ✅ Артиллерия A1 поразил Артиллерия B1 (2 урона)!
✓    ✅ Артиллерия B1 поразил Артиллерия C1 (2 урона)!
   💀 Артиллерия C1 добивает Артиллерия B1
✓    ✅ Артиллерия C1 поразил Артиллерия B1 (2 урона)!
   Выпущено ракет: 3
# 
📊 РЕЗУЛЬТАТЫ ХОДА 1:
✓ 💥 ПОПАДАНИЯ:
✓    Артиллерия A1 (Team A) → Артиллерия B1 (Team B)
✓    Артиллерия B1 (Team B) → Артиллерия C1 (Team C)
✓    Артиллерия C1 (Team C) → Артиллерия B1 (Team B)

--- Результаты хода ---
  Team A / Прыгун A3          → Team B / Радиовышка B2      @ (6,0,6)  (УБИТ)
  Team A / Артиллерия A1      → Team B / Артиллерия B1      @ (8,0,6)  (УБИТ)
  Team B / Артиллерия B1      → Team C / Артиллерия C1      @ (9,4,2)  (УБИТ)
  Team C / Артиллерия C1      → Team B / Артиллерия B1      @ (8,0,6)  (ранен)

--- Состояние команд после хода ---
  Team A: живых 8/8
    ✓ Артиллерия A1      @ (5,5,7) hp=1/1
    ✓ Радиовышка A2      @ (6,8,6) hp=3/3
    ✓ Прыгун A3          @ (6,0,6) hp=2/2
    ✓ Факел A4           @ (5,8,7) hp=6/6
    ✓ Тишина A5          @ (5,7,7) hp=2/2
    ✓ Бурав A6           @ (5,2,7) hp=4/4
    ✓ Провокатор A7      @ (5,4,7) hp=2/2
    ✓ Паук A8            @ (5,1,7) hp=1/1
  Team B: живых 6/8
    ✓ Прыгун B3          @ (3,0,7) hp=2/2
    ✓ Факел B4           @ (0,0,6) hp=6/6
    ✓ Тишина B5          @ (7,0,6) hp=2/2
    ✓ Бурав B6           @ (2,0,7) hp=4/4
    ✓ Провокатор B7      @ (9,0,6) hp=2/2
    ✓ Паук B8            @ (4,0,6) hp=1/1
    ✗ Артиллерия B1      @ (8,0,6) [уничтожен]
    ✗ Радиовышка B2      @ (6,0,6) [уничтожен]
  Team C: живых 7/8
    ✓ Радиовышка C2      @ (8,0,3) hp=3/3
    ✓ Прыгун C3          @ (8,1,3) hp=2/2
    ✓ Факел C4           @ (9,9,2) hp=6/6
    ✓ Тишина C5          @ (9,0,2) hp=2/2
    ✓ Бурав C6           @ (9,7,2) hp=4/4
    ✓ Провокатор C7      @ (9,5,2) hp=2/2
    ✓ Паук C8            @ (8,7,3) hp=1/1
    ✗ Артиллерия C1      @ (9,4,2) [уничтожен]

======================================================================
ХОД 2
======================================================================
✓ 🎮 GM: начинаем ход
GM: start_turn

--- Радиовышки: сканирование слоя Z ---
  Радиовышка A2 (z=6): видит 3 врагов [+1 эксклюзивно] → Факел B4(0,0,6), Паук B8(4,0,6), Провокатор B7(9,0,6)
  Радиовышка C2 (z=3): слой чист

--- Решения ботов ---
  [Team A] Артиллерия A1 (5,5,7) → SHOOT at (8,1,3)
  [Team A] Радиовышка A2 (6,8,6) → MOVE (7,7,5)
  [Team A] Прыгун A3 (6,0,6) → MOVE (4,0,6)
  [Team A] Тишина A5 (5,7,7) → MOVE (6,7,6)
  [Team A] Бурав A6 (5,2,7) → MOVE (3,0,7)
  [Team A] Провокатор A7 (5,4,7) → HOLOGRAM (4,3,7)
  [Team A] Паук A8 (5,1,7) → MINE (4,1,7)
  [Team A] Факел A4 → SKIP
  [Team B] Прыгун B3 (3,0,7) → MOVE (5,2,7)
  [Team B] Факел B4 (0,0,6) → MOVE (1,0,7)
  [Team B] Тишина B5 (7,0,6) → MOVE (6,0,6)
  [Team B] Бурав B6 (2,0,7) → MOVE (3,1,7)
  [Team B] Провокатор B7 (9,0,6) → HOLOGRAM (8,0,6)
  [Team B] Паук B8 (4,0,6) → MINE (4,1,7)
  [Team C] Радиовышка C2 (8,0,3) → MOVE (7,0,4)
  [Team C] Прыгун C3 (8,1,3) → MOVE (7,1,4)
  [Team C] Факел C4 (9,9,2) → MOVE (8,8,3)
  [Team C] Тишина C5 (9,0,2) → MOVE (8,0,2)
  [Team C] Бурав C6 (9,7,2) → MOVE (8,7,2)
  [Team C] Провокатор C7 (9,5,2) → HOLOGRAM (8,6,3)
  [Team C] Паук C8 (8,7,3) → MINE (7,8,4)
! 🎮 GM: принудительно завершает фазу планирования
GM: end_planning
# 
============================================================
# 🔄 ОБРАБОТКА ХОДА 2
# ============================================================
   🌀 Тишина A5: фаза спала (действовала 1 ход)
   🌀 Тишина B5: фаза спала (действовала 1 ход)
   🌀 Тишина C5: фаза спала (действовала 1 ход)
   🪞 Провокатор A7 создал голограмму H4 в (4,3,7)
   🪞 Провокатор B7 создал голограмму H5 в (8,0,6)
   🪞 Провокатор C7 создал голограмму H6 в (8,6,3)
   💣 Паук A8 установил мину M3 в (4,1,7)
!    ⚠️ Паук B8: в клетке уже стоит мина
   💣 Паук C8 установил мину M4 в (7,8,4)

📦 ПЕРЕМЕЩЕНИЯ:
   Радиовышка A2: (6, 8, 6) → (7,7,5)
✓    💥 Прыгун A3 тараном уничтожил Паук B8 в (4,0,6)
   Прыгун A3: (6, 0, 6) → (4,0,6)
   Тишина A5: (5, 7, 7) → (6,7,6)
✓    💥 Бурав A6 тараном уничтожил Прыгун B3 в (3,0,7)
   Бурав A6: (5, 2, 7) → (3,0,7)
   Факел B4: (0, 0, 6) → (1,0,7)
   Тишина B5: (7, 0, 6) → (6,0,6)
   Бурав B6: (2, 0, 7) → (3,1,7)
   Радиовышка C2: (8, 0, 3) → (7,0,4)
   Прыгун C3: (8, 1, 3) → (7,1,4)
   Факел C4: (9, 9, 2) → (8,8,3)
   Тишина C5: (9, 0, 2) → (8,0,2)
   Бурав C6: (9, 7, 2) → (8,7,2)

🎯 ВЫСТРЕЛЫ:
   Выпущено ракет: 1
# 
📊 РЕЗУЛЬТАТЫ ХОДА 2:
🎯 Попаданий нет

--- Результаты хода ---
  Team A / Прыгун A3          → Team B / Паук B8            @ (4,0,6)  (УБИТ)
  Team A / Бурав A6           → Team B / Прыгун B3          @ (3,0,7)  (УБИТ)

--- Состояние команд после хода ---
  Team A: живых 8/8
    ✓ Артиллерия A1      @ (5,5,7) hp=1/1
    ✓ Радиовышка A2      @ (7,7,5) hp=3/3
    ✓ Прыгун A3          @ (4,0,6) hp=2/2
    ✓ Факел A4           @ (5,8,7) hp=6/6
    ✓ Тишина A5          @ (6,7,6) hp=2/2
    ✓ Бурав A6           @ (3,0,7) hp=4/4
    ✓ Провокатор A7      @ (5,4,7) hp=2/2
    ✓ Паук A8            @ (5,1,7) hp=1/1
  Team B: живых 4/8
    ✓ Факел B4           @ (1,0,7) hp=6/6
    ✓ Тишина B5          @ (6,0,6) hp=2/2
    ✓ Бурав B6           @ (3,1,7) hp=4/4
    ✓ Провокатор B7      @ (9,0,6) hp=2/2
    ✗ Артиллерия B1      @ (8,0,6) [уничтожен]
    ✗ Радиовышка B2      @ (6,0,6) [уничтожен]
    ✗ Прыгун B3          @ (3,0,7) [уничтожен]
    ✗ Паук B8            @ (4,0,6) [уничтожен]
  Team C: живых 7/8
    ✓ Радиовышка C2      @ (7,0,4) hp=3/3
    ✓ Прыгун C3          @ (7,1,4) hp=2/2
    ✓ Факел C4           @ (8,8,3) hp=6/6
    ✓ Тишина C5          @ (8,0,2) hp=2/2
    ✓ Бурав C6           @ (8,7,2) hp=4/4
    ✓ Провокатор C7      @ (9,5,2) hp=2/2
    ✓ Паук C8            @ (8,7,3) hp=1/1
    ✗ Артиллерия C1      @ (9,4,2) [уничтожен]

======================================================================
ХОД 3
======================================================================
✓ 🎮 GM: начинаем ход
GM: start_turn

--- Радиовышки: сканирование слоя Z ---
  Радиовышка A2 (z=5): слой чист
  Радиовышка C2 (z=4): слой чист

--- Решения ботов ---
  [Team A] Артиллерия A1 (5,5,7) → SHOOT at (7,1,4)
  [Team A] Радиовышка A2 (7,7,5) → MOVE (8,8,4)
  [Team A] Прыгун A3 (4,0,6) → MOVE (3,1,7)
  [Team A] Факел A4 (5,8,7) → MOVE (5,7,7)
  [Team A] Тишина A5 (6,7,6) → MOVE (7,8,5)
  [Team A] Бурав A6 (3,0,7) → MOVE (1,0,7)
  [Team A] Провокатор A7 (5,4,7) → HOLOGRAM (4,3,7)
  [Team A] Паук A8 (5,1,7) → MINE (6,0,6)
  [Team B] Факел B4 (1,0,7) → SHOOT at (3,0,7)
  [Team B] Тишина B5 (6,0,6) → MOVE (5,1,7)
  [Team B] Бурав B6 (3,1,7) → MOVE (3,0,7)
  [Team B] Провокатор B7 (9,0,6) → HOLOGRAM (8,0,5)
  [Team C] Радиовышка C2 (7,0,4) → MOVE (6,0,5)
  [Team C] Прыгун C3 (7,1,4) → MOVE (9,0,6)
  [Team C] Факел C4 (8,8,3) → MOVE (7,7,4)
  [Team C] Тишина C5 (8,0,2) → MOVE (7,0,3)
  [Team C] Бурав C6 (8,7,2) → MOVE (7,7,3)
  [Team C] Провокатор C7 (9,5,2) → HOLOGRAM (8,6,3)
  [Team C] Паук C8 (8,7,3) → MINE (8,8,4)
! 🎮 GM: принудительно завершает фазу планирования
GM: end_planning
# 
============================================================
# 🔄 ОБРАБОТКА ХОДА 3
# ============================================================
!    ⚠️ Провокатор A7: клетка (4,3,7) уже занята голограммой
   🪞 Провокатор B7 создал голограмму H7 в (8,0,5)
!    ⚠️ Провокатор C7: клетка (8,6,3) уже занята голограммой
!    ⚠️ Паук A8: клетка (6,0,6) занята кораблём
   💣 Паук C8 установил мину M5 в (8,8,4)

📦 ПЕРЕМЕЩЕНИЯ:
   Радиовышка A2: (7, 7, 5) → (8,8,4)
!    💥 Мина M5 сработала под Радиовышка A2 (урон 2)
✓    💥 Прыгун A3 тараном уничтожил Бурав B6 в (3,1,7)
   Прыгун A3: (4, 0, 6) → (3,1,7)
   Факел A4: (5, 8, 7) → (5,7,7)
   Тишина A5: (6, 7, 6) → (7,8,5)
✓    💥 Бурав A6 тараном уничтожил Факел B4 в (1,0,7)
   Бурав A6: (3, 0, 7) → (1,0,7)
!    ⚠️ Тишина B5: клетка (5,1,7) занята
   Радиовышка C2: (7, 0, 4) → (6,0,5)
✓    💥 Прыгун C3 тараном уничтожил Провокатор B7 в (9,0,6)
   Прыгун C3: (7, 1, 4) → (9,0,6)
   Факел C4: (8, 8, 3) → (7,7,4)
   Тишина C5: (8, 0, 2) → (7,0,3)
   Бурав C6: (8, 7, 2) → (7,7,3)

🎯 ВЫСТРЕЛЫ:
   Выпущено ракет: 1
# 
📊 РЕЗУЛЬТАТЫ ХОДА 3:
🎯 Попаданий нет

--- Результаты хода ---
  ? / ?                  → Team A / Радиовышка A2      @ (8,8,4)  (ранен)
  Team A / Прыгун A3          → Team B / Бурав B6           @ (3,1,7)  (УБИТ)
  Team A / Бурав A6           → Team B / Факел B4           @ (1,0,7)  (УБИТ)
  Team C / Прыгун C3          → Team B / Провокатор B7      @ (9,0,6)  (УБИТ)

--- Состояние команд после хода ---
  Team A: живых 8/8
    ✓ Артиллерия A1      @ (5,5,7) hp=1/1
    ✓ Радиовышка A2      @ (8,8,4) hp=1/3
    ✓ Прыгун A3          @ (3,1,7) hp=2/2
    ✓ Факел A4           @ (5,7,7) hp=6/6
    ✓ Тишина A5          @ (7,8,5) hp=2/2
    ✓ Бурав A6           @ (1,0,7) hp=4/4
    ✓ Провокатор A7      @ (5,4,7) hp=2/2
    ✓ Паук A8            @ (5,1,7) hp=1/1
  Team B: живых 1/8
    ✓ Тишина B5          @ (6,0,6) hp=2/2
    ✗ Артиллерия B1      @ (8,0,6) [уничтожен]
    ✗ Радиовышка B2      @ (6,0,6) [уничтожен]
    ✗ Прыгун B3          @ (3,0,7) [уничтожен]
    ✗ Факел B4           @ (1,0,7) [уничтожен]
    ✗ Бурав B6           @ (3,1,7) [уничтожен]
    ✗ Провокатор B7      @ (9,0,6) [уничтожен]
    ✗ Паук B8            @ (4,0,6) [уничтожен]
  Team C: живых 7/8
    ✓ Радиовышка C2      @ (6,0,5) hp=3/3
    ✓ Прыгун C3          @ (9,0,6) hp=2/2
    ✓ Факел C4           @ (7,7,4) hp=6/6
    ✓ Тишина C5          @ (7,0,3) hp=2/2
    ✓ Бурав C6           @ (7,7,3) hp=4/4
    ✓ Провокатор C7      @ (9,5,2) hp=2/2
    ✓ Паук C8            @ (8,7,3) hp=1/1
    ✗ Артиллерия C1      @ (9,4,2) [уничтожен]

======================================================================
ХОД 4
======================================================================
✓ 🎮 GM: начинаем ход
GM: start_turn

--- Радиовышки: сканирование слоя Z ---
  Радиовышка A2 (z=4): видит 1 врагов  → Факел C4(7,7,4)
  Радиовышка C2 (z=5): видит 1 врагов  → Тишина A5(7,8,5)

--- Решения ботов ---
  [Team A] Артиллерия A1 (5,5,7) → SHOOT at (9,0,6)
  [Team A] Радиовышка A2 (8,8,4) → MOVE (7,7,4)
  [Team A] Прыгун A3 (3,1,7) → MOVE (4,0,6)
  [Team A] Факел A4 (5,7,7) → MOVE (6,8,6)
  [Team A] Тишина A5 (7,8,5) → MOVE (7,8,4)
  [Team A] Бурав A6 (1,0,7) → MOVE (2,0,6)
  [Team A] Провокатор A7 (5,4,7) → HOLOGRAM (6,5,6)
  [Team A] Паук A8 (5,1,7) → MINE (5,1,6)
  [Team B] Тишина B5 (6,0,6) → MOVE (5,1,7)
  [Team C] Радиовышка C2 (6,0,5) → MOVE (6,0,6)
  [Team C] Прыгун C3 (9,0,6) → SHOOT at (6,0,6)
  [Team C] Факел C4 (7,7,4) → MOVE (8,6,5)
  [Team C] Тишина C5 (7,0,3) → MOVE (6,0,4)
  [Team C] Бурав C6 (7,7,3) → MOVE (8,8,4)
  [Team C] Провокатор C7 (9,5,2) → HOLOGRAM (8,6,3)
  [Team C] Паук C8 (8,7,3) → MINE (8,7,4)
! 🎮 GM: принудительно завершает фазу планирования
GM: end_planning
# 
============================================================
# 🔄 ОБРАБОТКА ХОДА 4
# ============================================================
   🪞 Провокатор A7 создал голограмму H8 в (6,5,6)
!    ⚠️ Провокатор C7: клетка (8,6,3) уже занята голограммой
   💣 Паук A8 установил мину M6 в (5,1,6)
   💣 Паук C8 установил мину M7 в (8,7,4)

📦 ПЕРЕМЕЩЕНИЯ:
!    ⚠️ Радиовышка A2: клетка (7,7,4) занята
   Прыгун A3: (3, 1, 7) → (4,0,6)
   Факел A4: (5, 7, 7) → (6,8,6)
   Тишина A5: (7, 8, 5) → (7,8,4)
!    💥 Мина M4 сработала под Тишина A5 (урон 2) — КОРАБЛЬ УНИЧТОЖЕН
   Бурав A6: (1, 0, 7) → (2,0,6)
!    ⚠️ Тишина B5: клетка (5,1,7) занята
!    ⚠️ Радиовышка C2: клетка (6,0,6) занята
   Факел C4: (7, 7, 4) → (8,6,5)
   Тишина C5: (7, 0, 3) → (6,0,4)
!    ⚠️ Бурав C6: Бурав двигается только по 1 оси или по 2 осям строго диагонально

🎯 ВЫСТРЕЛЫ:
✓    ✅ Артиллерия A1 поразил Прыгун C3 (2 урона)!
✓    💥 Прыгун C3 раскрыл голограмму H5 в (8, 0, 6)
   Выпущено ракет: 2
# 
📊 РЕЗУЛЬТАТЫ ХОДА 4:
✓ 💥 ПОПАДАНИЯ:
✓    Артиллерия A1 (Team A) → Прыгун C3 (Team C)
✓    Прыгун C3 (Team C) → голограмма H5 (Team B)

--- Результаты хода ---
  ? / ?                  → Team A / Тишина A5          @ (7,8,4)  (УБИТ)
  Team A / Артиллерия A1      → Team C / Прыгун C3          @ (9,0,6)  (УБИТ)

--- Состояние команд после хода ---
  Team A: живых 7/8
    ✓ Артиллерия A1      @ (5,5,7) hp=1/1
    ✓ Радиовышка A2      @ (8,8,4) hp=1/3
    ✓ Прыгун A3          @ (4,0,6) hp=2/2
    ✓ Факел A4           @ (6,8,6) hp=6/6
    ✓ Бурав A6           @ (2,0,6) hp=4/4
    ✓ Провокатор A7      @ (5,4,7) hp=2/2
    ✓ Паук A8            @ (5,1,7) hp=1/1
    ✗ Тишина A5          @ (7,8,4) [уничтожен]
  Team B: живых 1/8
    ✓ Тишина B5          @ (6,0,6) hp=2/2
    ✗ Артиллерия B1      @ (8,0,6) [уничтожен]
    ✗ Радиовышка B2      @ (6,0,6) [уничтожен]
    ✗ Прыгун B3          @ (3,0,7) [уничтожен]
    ✗ Факел B4           @ (1,0,7) [уничтожен]
    ✗ Бурав B6           @ (3,1,7) [уничтожен]
    ✗ Провокатор B7      @ (9,0,6) [уничтожен]
    ✗ Паук B8            @ (4,0,6) [уничтожен]
  Team C: живых 6/8
    ✓ Радиовышка C2      @ (6,0,5) hp=3/3
    ✓ Факел C4           @ (8,6,5) hp=6/6
    ✓ Тишина C5          @ (6,0,4) hp=2/2
    ✓ Бурав C6           @ (7,7,3) hp=4/4
    ✓ Провокатор C7      @ (9,5,2) hp=2/2
    ✓ Паук C8            @ (8,7,3) hp=1/1
    ✗ Артиллерия C1      @ (9,4,2) [уничтожен]
    ✗ Прыгун C3          @ (9,0,6) [уничтожен]

======================================================================
ХОД 5
======================================================================
✓ 🎮 GM: начинаем ход
GM: start_turn

--- Радиовышки: сканирование слоя Z ---
  Радиовышка A2 (z=4): видит 1 врагов  → Тишина C5(6,0,4)
  Радиовышка C2 (z=5): слой чист

--- Решения ботов ---
  [Team A] Артиллерия A1 (5,5,7) → SHOOT at (9,5,2)
  [Team A] Радиовышка A2 (8,8,4) → MOVE (7,7,3)
  [Team A] Прыгун A3 (4,0,6) → MOVE (6,0,5)
  [Team A] Факел A4 (6,8,6) → HEAL (AoE)
  [Team A] Бурав A6 (2,0,6) → MOVE (3,0,6)
  [Team A] Провокатор A7 (5,4,7) → HOLOGRAM (6,5,6)
  [Team A] Паук A8 (5,1,7) → MINE (5,0,6)
  [Team B] Тишина B5 (6,0,6) → PHASE toggle
  [Team C] Радиовышка C2 (6,0,5) → MOVE (6,0,6)
  [Team C] Факел C4 (8,6,5) → MOVE (9,5,4)
  [Team C] Тишина C5 (6,0,4) → PHASE toggle
  [Team C] Бурав C6 (7,7,3) → MOVE (8,8,4)
  [Team C] Провокатор C7 (9,5,2) → HOLOGRAM (8,6,3)
  [Team C] Паук C8 (8,7,3) → MINE (8,7,4)
! 🎮 GM: принудительно завершает фазу планирования
GM: end_planning
# 
============================================================
# 🔄 ОБРАБОТКА ХОДА 5
# ============================================================
   🌀 Тишина B5: уходит в фазу на 1 ход
   🌀 Тишина C5: уходит в фазу на 1 ход
!    ⚠️ Провокатор A7: клетка (6,5,6) уже занята голограммой
!    ⚠️ Провокатор C7: клетка (8,6,3) уже занята голограммой
!    ⚠️ Паук A8: в клетке уже стоит мина
!    ⚠️ Паук C8: в клетке уже стоит мина

📦 ПЕРЕМЕЩЕНИЯ:
!    ⚠️ Радиовышка A2: клетка (7,7,3) занята
✓    💥 Прыгун A3 тараном уничтожил Радиовышка C2 в (6,0,5)
   Прыгун A3: (4, 0, 6) → (6,0,5)
   Бурав A6: (2, 0, 6) → (3,0,6)
   Факел C4: (8, 6, 5) → (9,5,4)
!    ⚠️ Бурав C6: Бурав двигается только по 1 оси или по 2 осям строго диагонально

🎯 ВЫСТРЕЛЫ:
✓    ✅ Артиллерия A1 поразил Провокатор C7 (2 урона)!
✓    💚 Факел A4 лечит Радиовышка A2 → hits=1/3
   Выпущено ракет: 1
# 
📊 РЕЗУЛЬТАТЫ ХОДА 5:
✓ 💥 ПОПАДАНИЯ:
✓    Артиллерия A1 (Team A) → Провокатор C7 (Team C)

--- Результаты хода ---
  Team A / Прыгун A3          → Team C / Радиовышка C2      @ (6,0,5)  (УБИТ)
  Team A / Артиллерия A1      → Team C / Провокатор C7      @ (9,5,2)  (УБИТ)

--- Состояние команд после хода ---
  Team A: живых 7/8
    ✓ Артиллерия A1      @ (5,5,7) hp=1/1
    ✓ Радиовышка A2      @ (8,8,4) hp=2/3
    ✓ Прыгун A3          @ (6,0,5) hp=2/2
    ✓ Факел A4           @ (6,8,6) hp=6/6
    ✓ Бурав A6           @ (3,0,6) hp=4/4
    ✓ Провокатор A7      @ (5,4,7) hp=2/2
    ✓ Паук A8            @ (5,1,7) hp=1/1
    ✗ Тишина A5          @ (7,8,4) [уничтожен]
  Team B: живых 1/8
    ✓ Тишина B5          @ (6,0,6) hp=2/2
    ✗ Артиллерия B1      @ (8,0,6) [уничтожен]
    ✗ Радиовышка B2      @ (6,0,6) [уничтожен]
    ✗ Прыгун B3          @ (3,0,7) [уничтожен]
    ✗ Факел B4           @ (1,0,7) [уничтожен]
    ✗ Бурав B6           @ (3,1,7) [уничтожен]
    ✗ Провокатор B7      @ (9,0,6) [уничтожен]
    ✗ Паук B8            @ (4,0,6) [уничтожен]
  Team C: живых 4/8
    ✓ Факел C4           @ (9,5,4) hp=6/6
    ✓ Тишина C5          @ (6,0,4) hp=2/2
    ✓ Бурав C6           @ (7,7,3) hp=4/4
    ✓ Паук C8            @ (8,7,3) hp=1/1
    ✗ Артиллерия C1      @ (9,4,2) [уничтожен]
    ✗ Радиовышка C2      @ (6,0,5) [уничтожен]
    ✗ Прыгун C3          @ (9,0,6) [уничтожен]
    ✗ Провокатор C7      @ (9,5,2) [уничтожен]

======================================================================
ХОД 6
======================================================================
✓ 🎮 GM: начинаем ход
GM: start_turn

--- Радиовышки: сканирование слоя Z ---
  Радиовышка A2 (z=4): видит 1 врагов  → Факел C4(9,5,4)

--- Решения ботов ---
  [Team A] Артиллерия A1 (5,5,7) → SHOOT at (8,7,3)
  [Team A] Радиовышка A2 (8,8,4) → MOVE (7,7,3)
  [Team A] Прыгун A3 (6,0,5) → MOVE (7,1,4)
  [Team A] Факел A4 (6,8,6) → HEAL (AoE)
  [Team A] Бурав A6 (3,0,6) → MOVE (4,1,5)
  [Team A] Провокатор A7 (5,4,7) → HOLOGRAM (6,5,6)
  [Team A] Паук A8 (5,1,7) → MINE (6,2,6)
  [Team B] Тишина B5 (6,0,6) → MOVE (6,0,5)
  [Team C] Факел C4 (9,5,4) → MOVE (8,6,3)
  [Team C] Тишина C5 (6,0,4) → MOVE (6,0,5)
  [Team C] Бурав C6 (7,7,3) → MOVE (8,8,4)
  [Team C] Паук C8 (8,7,3) → MINE (8,7,4)
! 🎮 GM: принудительно завершает фазу планирования
GM: end_planning
# 
============================================================
# 🔄 ОБРАБОТКА ХОДА 6
# ============================================================
   🌀 Тишина B5: фаза спала (действовала 1 ход)
   🌀 Тишина C5: фаза спала (действовала 1 ход)
!    ⚠️ Провокатор A7: клетка (6,5,6) уже занята голограммой
   💣 Паук A8 установил мину M8 в (6,2,6)
!    ⚠️ Паук C8: в клетке уже стоит мина

📦 ПЕРЕМЕЩЕНИЯ:
!    ⚠️ Радиовышка A2: клетка (7,7,3) занята
   Прыгун A3: (6, 0, 5) → (7,1,4)
!    ⚠️ Бурав A6: Бурав двигается только по 1 оси или по 2 осям строго диагонально
   Тишина B5: (6, 0, 6) → (6,0,5)
!    ⚠️ Факел C4: клетка (8,6,3) занята
!    ⚠️ Тишина C5: клетка (6,0,5) занята
!    ⚠️ Бурав C6: Бурав двигается только по 1 оси или по 2 осям строго диагонально

🎯 ВЫСТРЕЛЫ:
✓    ✅ Артиллерия A1 поразил Паук C8 (2 урона)!
✓    💚 Факел A4 лечит Радиовышка A2 → hits=0/3
   Выпущено ракет: 1
# 
📊 РЕЗУЛЬТАТЫ ХОДА 6:
✓ 💥 ПОПАДАНИЯ:
✓    Артиллерия A1 (Team A) → Паук C8 (Team C)

--- Результаты хода ---
  Team A / Артиллерия A1      → Team C / Паук C8            @ (8,7,3)  (УБИТ)

--- Состояние команд после хода ---
  Team A: живых 7/8
    ✓ Артиллерия A1      @ (5,5,7) hp=1/1
    ✓ Радиовышка A2      @ (8,8,4) hp=3/3
    ✓ Прыгун A3          @ (7,1,4) hp=2/2
    ✓ Факел A4           @ (6,8,6) hp=6/6
    ✓ Бурав A6           @ (3,0,6) hp=4/4
    ✓ Провокатор A7      @ (5,4,7) hp=2/2
    ✓ Паук A8            @ (5,1,7) hp=1/1
    ✗ Тишина A5          @ (7,8,4) [уничтожен]
  Team B: живых 1/8
    ✓ Тишина B5          @ (6,0,5) hp=2/2
    ✗ Артиллерия B1      @ (8,0,6) [уничтожен]
    ✗ Радиовышка B2      @ (6,0,6) [уничтожен]
    ✗ Прыгун B3          @ (3,0,7) [уничтожен]
    ✗ Факел B4           @ (1,0,7) [уничтожен]
    ✗ Бурав B6           @ (3,1,7) [уничтожен]
    ✗ Провокатор B7      @ (9,0,6) [уничтожен]
    ✗ Паук B8            @ (4,0,6) [уничтожен]
  Team C: живых 3/8
    ✓ Факел C4           @ (9,5,4) hp=6/6
    ✓ Тишина C5          @ (6,0,4) hp=2/2
    ✓ Бурав C6           @ (7,7,3) hp=4/4
    ✗ Артиллерия C1      @ (9,4,2) [уничтожен]
    ✗ Радиовышка C2      @ (6,0,5) [уничтожен]
    ✗ Прыгун C3          @ (9,0,6) [уничтожен]
    ✗ Провокатор C7      @ (9,5,2) [уничтожен]
    ✗ Паук C8            @ (8,7,3) [уничтожен]

======================================================================
ХОД 7
======================================================================
✓ 🎮 GM: начинаем ход
GM: start_turn

--- Радиовышки: сканирование слоя Z ---
  Радиовышка A2 (z=4): видит 2 врагов  → Тишина C5(6,0,4), Факел C4(9,5,4)

--- Решения ботов ---
  [Team A] Артиллерия A1 (5,5,7) → SHOOT at (6,0,5)
  [Team A] Радиовышка A2 (8,8,4) → MOVE (7,7,3)
  [Team A] Прыгун A3 (7,1,4) → MOVE (6,0,5)
  [Team A] Факел A4 (6,8,6) → MOVE (5,7,7)
  [Team A] Бурав A6 (3,0,6) → MOVE (4,0,5)
  [Team A] Провокатор A7 (5,4,7) → HOLOGRAM (6,3,6)
  [Team A] Паук A8 (5,1,7) → MINE (6,0,6)
  [Team B] Тишина B5 (6,0,5) → MOVE (7,1,4)
  [Team C] Факел C4 (9,5,4) → MOVE (8,6,3)
  [Team C] Тишина C5 (6,0,4) → MOVE (7,1,4)
  [Team C] Бурав C6 (7,7,3) → MOVE (8,8,4)
! 🎮 GM: принудительно завершает фазу планирования
GM: end_planning
# 
============================================================
# 🔄 ОБРАБОТКА ХОДА 7
# ============================================================
!    ⚠️ Провокатор A7: клетка (6,3,6) уже занята голограммой
   💣 Паук A8 установил мину M9 в (6,0,6)

📦 ПЕРЕМЕЩЕНИЯ:
!    ⚠️ Радиовышка A2: клетка (7,7,3) занята
✓    💥 Прыгун A3 тараном уничтожил Тишина B5 в (6,0,5)
   Прыгун A3: (7, 1, 4) → (6,0,5)
   Факел A4: (6, 8, 6) → (5,7,7)
   Бурав A6: (3, 0, 6) → (4,0,5)
!    ⚠️ Факел C4: клетка (8,6,3) занята
   Тишина C5: (6, 0, 4) → (7,1,4)
!    ⚠️ Бурав C6: Бурав двигается только по 1 оси или по 2 осям строго диагонально

🎯 ВЫСТРЕЛЫ:
   Выпущено ракет: 1
# 
📊 РЕЗУЛЬТАТЫ ХОДА 7:
🎯 Попаданий нет

--- Результаты хода ---
  Team A / Прыгун A3          → Team B / Тишина B5          @ (6,0,5)  (УБИТ)

--- Состояние команд после хода ---
  Team A: живых 7/8
    ✓ Артиллерия A1      @ (5,5,7) hp=1/1
    ✓ Радиовышка A2      @ (8,8,4) hp=3/3
    ✓ Прыгун A3          @ (6,0,5) hp=2/2
    ✓ Факел A4           @ (5,7,7) hp=6/6
    ✓ Бурав A6           @ (4,0,5) hp=4/4
    ✓ Провокатор A7      @ (5,4,7) hp=2/2
    ✓ Паук A8            @ (5,1,7) hp=1/1
    ✗ Тишина A5          @ (7,8,4) [уничтожен]
  Team B: живых 0/8
    ✗ Артиллерия B1      @ (8,0,6) [уничтожен]
    ✗ Радиовышка B2      @ (6,0,6) [уничтожен]
    ✗ Прыгун B3          @ (3,0,7) [уничтожен]
    ✗ Факел B4           @ (1,0,7) [уничтожен]
    ✗ Тишина B5          @ (6,0,5) [уничтожен]
    ✗ Бурав B6           @ (3,1,7) [уничтожен]
    ✗ Провокатор B7      @ (9,0,6) [уничтожен]
    ✗ Паук B8            @ (4,0,6) [уничтожен]
  Team C: живых 3/8
    ✓ Факел C4           @ (9,5,4) hp=6/6
    ✓ Тишина C5          @ (7,1,4) hp=2/2
    ✓ Бурав C6           @ (7,7,3) hp=4/4
    ✗ Артиллерия C1      @ (9,4,2) [уничтожен]
    ✗ Радиовышка C2      @ (6,0,5) [уничтожен]
    ✗ Прыгун C3          @ (9,0,6) [уничтожен]
    ✗ Провокатор C7      @ (9,5,2) [уничтожен]
    ✗ Паук C8            @ (8,7,3) [уничтожен]

======================================================================
ХОД 8
======================================================================
✓ 🎮 GM: начинаем ход
GM: start_turn

--- Радиовышки: сканирование слоя Z ---
  Радиовышка A2 (z=4): видит 2 врагов  → Тишина C5(7,1,4), Факел C4(9,5,4)

--- Решения ботов ---
  [Team A] Артиллерия A1 (5,5,7) → SHOOT at (7,1,4)
  [Team A] Радиовышка A2 (8,8,4) → MOVE (7,7,3)
  [Team A] Прыгун A3 (6,0,5) → MOVE (7,1,4)
  [Team A] Факел A4 (5,7,7) → MOVE (5,6,7)
  [Team A] Бурав A6 (4,0,5) → MOVE (5,1,4)
  [Team A] Провокатор A7 (5,4,7) → HOLOGRAM (6,3,6)
  [Team A] Паук A8 (5,1,7) → MINE (6,1,6)
  [Team B] все корабли пропускают ход
  [Team C] Факел C4 (9,5,4) → MOVE (8,6,3)
  [Team C] Тишина C5 (7,1,4) → MOVE (6,0,5)
  [Team C] Бурав C6 (7,7,3) → MOVE (8,8,4)
! 🎮 GM: принудительно завершает фазу планирования
GM: end_planning
# 
============================================================
# 🔄 ОБРАБОТКА ХОДА 8
# ============================================================
!    ⚠️ Провокатор A7: клетка (6,3,6) уже занята голограммой
   💣 Паук A8 установил мину M10 в (6,1,6)

📦 ПЕРЕМЕЩЕНИЯ:
!    ⚠️ Радиовышка A2: клетка (7,7,3) занята
✓    💥 Прыгун A3 тараном уничтожил Тишина C5 в (7,1,4)
   Прыгун A3: (6, 0, 5) → (7,1,4)
   Факел A4: (5, 7, 7) → (5,6,7)
!    ⚠️ Бурав A6: Бурав двигается только по 1 оси или по 2 осям строго диагонально
!    ⚠️ Факел C4: клетка (8,6,3) занята
!    ⚠️ Бурав C6: Бурав двигается только по 1 оси или по 2 осям строго диагонально

🎯 ВЫСТРЕЛЫ:
   Выпущено ракет: 1
# 
📊 РЕЗУЛЬТАТЫ ХОДА 8:
🎯 Попаданий нет

--- Результаты хода ---
  Team A / Прыгун A3          → Team C / Тишина C5          @ (7,1,4)  (УБИТ)

--- Состояние команд после хода ---
  Team A: живых 7/8
    ✓ Артиллерия A1      @ (5,5,7) hp=1/1
    ✓ Радиовышка A2      @ (8,8,4) hp=3/3
    ✓ Прыгун A3          @ (7,1,4) hp=2/2
    ✓ Факел A4           @ (5,6,7) hp=6/6
    ✓ Бурав A6           @ (4,0,5) hp=4/4
    ✓ Провокатор A7      @ (5,4,7) hp=2/2
    ✓ Паук A8            @ (5,1,7) hp=1/1
    ✗ Тишина A5          @ (7,8,4) [уничтожен]
  Team B: живых 0/8
    ✗ Артиллерия B1      @ (8,0,6) [уничтожен]
    ✗ Радиовышка B2      @ (6,0,6) [уничтожен]
    ✗ Прыгун B3          @ (3,0,7) [уничтожен]
    ✗ Факел B4           @ (1,0,7) [уничтожен]
    ✗ Тишина B5          @ (6,0,5) [уничтожен]
    ✗ Бурав B6           @ (3,1,7) [уничтожен]
    ✗ Провокатор B7      @ (9,0,6) [уничтожен]
    ✗ Паук B8            @ (4,0,6) [уничтожен]
  Team C: живых 2/8
    ✓ Факел C4           @ (9,5,4) hp=6/6
    ✓ Бурав C6           @ (7,7,3) hp=4/4
    ✗ Артиллерия C1      @ (9,4,2) [уничтожен]
    ✗ Радиовышка C2      @ (6,0,5) [уничтожен]
    ✗ Прыгун C3          @ (9,0,6) [уничтожен]
    ✗ Тишина C5          @ (7,1,4) [уничтожен]
    ✗ Провокатор C7      @ (9,5,2) [уничтожен]
    ✗ Паук C8            @ (8,7,3) [уничтожен]

======================================================================
ХОД 9
======================================================================
✓ 🎮 GM: начинаем ход
GM: start_turn

--- Радиовышки: сканирование слоя Z ---
  Радиовышка A2 (z=4): видит 1 врагов  → Факел C4(9,5,4)

--- Решения ботов ---
  [Team A] Артиллерия A1 (5,5,7) → SHOOT at (9,5,4)
  [Team A] Радиовышка A2 (8,8,4) → MOVE (7,7,3)
  [Team A] Прыгун A3 (7,1,4) → MOVE (8,2,4)
  [Team A] Бурав A6 (4,0,5) → MOVE (5,1,4)
  [Team A] Провокатор A7 (5,4,7) → HOLOGRAM (6,5,6)
  [Team A] Паук A8 (5,1,7) → MINE (6,2,6)
  [Team A] Факел A4 → SKIP
  [Team B] все корабли пропускают ход
  [Team C] Факел C4 (9,5,4) → MOVE (8,6,3)
  [Team C] Бурав C6 (7,7,3) → MOVE (8,8,4)
! 🎮 GM: принудительно завершает фазу планирования
GM: end_planning
# 
============================================================
# 🔄 ОБРАБОТКА ХОДА 9
# ============================================================
!    ⚠️ Провокатор A7: клетка (6,5,6) уже занята голограммой
!    ⚠️ Паук A8: в клетке уже стоит мина

📦 ПЕРЕМЕЩЕНИЯ:
!    ⚠️ Радиовышка A2: клетка (7,7,3) занята
   Прыгун A3: (7, 1, 4) → (8,2,4)
!    ⚠️ Бурав A6: Бурав двигается только по 1 оси или по 2 осям строго диагонально
!    ⚠️ Факел C4: клетка (8,6,3) занята
!    ⚠️ Бурав C6: Бурав двигается только по 1 оси или по 2 осям строго диагонально

🎯 ВЫСТРЕЛЫ:
✓    ✅ Артиллерия A1 поразил Факел C4 (2 урона)!
   Выпущено ракет: 1
# 
📊 РЕЗУЛЬТАТЫ ХОДА 9:
✓ 💥 ПОПАДАНИЯ:
✓    Артиллерия A1 (Team A) → Факел C4 (Team C)

--- Результаты хода ---
  Team A / Артиллерия A1      → Team C / Факел C4           @ (9,5,4)  (ранен)

--- Состояние команд после хода ---
  Team A: живых 7/8
    ✓ Артиллерия A1      @ (5,5,7) hp=1/1
    ✓ Радиовышка A2      @ (8,8,4) hp=3/3
    ✓ Прыгун A3          @ (8,2,4) hp=2/2
    ✓ Факел A4           @ (5,6,7) hp=6/6
    ✓ Бурав A6           @ (4,0,5) hp=4/4
    ✓ Провокатор A7      @ (5,4,7) hp=2/2
    ✓ Паук A8            @ (5,1,7) hp=1/1
    ✗ Тишина A5          @ (7,8,4) [уничтожен]
  Team B: живых 0/8
    ✗ Артиллерия B1      @ (8,0,6) [уничтожен]
    ✗ Радиовышка B2      @ (6,0,6) [уничтожен]
    ✗ Прыгун B3          @ (3,0,7) [уничтожен]
    ✗ Факел B4           @ (1,0,7) [уничтожен]
    ✗ Тишина B5          @ (6,0,5) [уничтожен]
    ✗ Бурав B6           @ (3,1,7) [уничтожен]
    ✗ Провокатор B7      @ (9,0,6) [уничтожен]
    ✗ Паук B8            @ (4,0,6) [уничтожен]
  Team C: живых 2/8
    ✓ Факел C4           @ (9,5,4) hp=4/6
    ✓ Бурав C6           @ (7,7,3) hp=4/4
    ✗ Артиллерия C1      @ (9,4,2) [уничтожен]
    ✗ Радиовышка C2      @ (6,0,5) [уничтожен]
    ✗ Прыгун C3          @ (9,0,6) [уничтожен]
    ✗ Тишина C5          @ (7,1,4) [уничтожен]
    ✗ Провокатор C7      @ (9,5,2) [уничтожен]
    ✗ Паук C8            @ (8,7,3) [уничтожен]

======================================================================
ХОД 10
======================================================================
✓ 🎮 GM: начинаем ход
GM: start_turn

--- Радиовышки: сканирование слоя Z ---
  Радиовышка A2 (z=4): видит 1 врагов  → Факел C4(9,5,4)

--- Решения ботов ---
  [Team A] Артиллерия A1 (5,5,7) → SHOOT at (9,5,4)
  [Team A] Радиовышка A2 (8,8,4) → MOVE (7,7,3)
  [Team A] Прыгун A3 (8,2,4) → MOVE (9,3,4)
  [Team A] Бурав A6 (4,0,5) → MOVE (5,1,4)
  [Team A] Провокатор A7 (5,4,7) → HOLOGRAM (6,5,6)
  [Team A] Паук A8 (5,1,7) → MINE (6,2,6)
  [Team A] Факел A4 → SKIP
  [Team B] все корабли пропускают ход
  [Team C] Факел C4 (9,5,4) → HEAL (AoE)
  [Team C] Бурав C6 (7,7,3) → MOVE (8,8,4)
! 🎮 GM: принудительно завершает фазу планирования
GM: end_planning
# 
============================================================
# 🔄 ОБРАБОТКА ХОДА 10
# ============================================================
!    ⚠️ Провокатор A7: клетка (6,5,6) уже занята голограммой
!    ⚠️ Паук A8: в клетке уже стоит мина

📦 ПЕРЕМЕЩЕНИЯ:
!    ⚠️ Радиовышка A2: клетка (7,7,3) занята
   Прыгун A3: (8, 2, 4) → (9,3,4)
!    ⚠️ Бурав A6: Бурав двигается только по 1 оси или по 2 осям строго диагонально
!    ⚠️ Бурав C6: Бурав двигается только по 1 оси или по 2 осям строго диагонально

🎯 ВЫСТРЕЛЫ:
✓    ✅ Артиллерия A1 поразил Факел C4 (2 урона)!
✓    💚 Факел C4 лечит Факел C4 → hits=3/6
   Выпущено ракет: 1
# 
📊 РЕЗУЛЬТАТЫ ХОДА 10:
✓ 💥 ПОПАДАНИЯ:
✓    Артиллерия A1 (Team A) → Факел C4 (Team C)

--- Результаты хода ---
  Team A / Артиллерия A1      → Team C / Факел C4           @ (9,5,4)  (ранен)

--- Состояние команд после хода ---
  Team A: живых 7/8
    ✓ Артиллерия A1      @ (5,5,7) hp=1/1
    ✓ Радиовышка A2      @ (8,8,4) hp=3/3
    ✓ Прыгун A3          @ (9,3,4) hp=2/2
    ✓ Факел A4           @ (5,6,7) hp=6/6
    ✓ Бурав A6           @ (4,0,5) hp=4/4
    ✓ Провокатор A7      @ (5,4,7) hp=2/2
    ✓ Паук A8            @ (5,1,7) hp=1/1
    ✗ Тишина A5          @ (7,8,4) [уничтожен]
  Team B: живых 0/8
    ✗ Артиллерия B1      @ (8,0,6) [уничтожен]
    ✗ Радиовышка B2      @ (6,0,6) [уничтожен]
    ✗ Прыгун B3          @ (3,0,7) [уничтожен]
    ✗ Факел B4           @ (1,0,7) [уничтожен]
    ✗ Тишина B5          @ (6,0,5) [уничтожен]
    ✗ Бурав B6           @ (3,1,7) [уничтожен]
    ✗ Провокатор B7      @ (9,0,6) [уничтожен]
    ✗ Паук B8            @ (4,0,6) [уничтожен]
  Team C: живых 2/8
    ✓ Факел C4           @ (9,5,4) hp=3/6
    ✓ Бурав C6           @ (7,7,3) hp=4/4
    ✗ Артиллерия C1      @ (9,4,2) [уничтожен]
    ✗ Радиовышка C2      @ (6,0,5) [уничтожен]
    ✗ Прыгун C3          @ (9,0,6) [уничтожен]
    ✗ Тишина C5          @ (7,1,4) [уничтожен]
    ✗ Провокатор C7      @ (9,5,2) [уничтожен]
    ✗ Паук C8            @ (8,7,3) [уничтожен]

======================================================================
ХОД 11
======================================================================
✓ 🎮 GM: начинаем ход
GM: start_turn

--- Радиовышки: сканирование слоя Z ---
  Радиовышка A2 (z=4): видит 1 врагов  → Факел C4(9,5,4)

--- Решения ботов ---
  [Team A] Артиллерия A1 (5,5,7) → SHOOT at (9,5,4)
  [Team A] Радиовышка A2 (8,8,4) → MOVE (7,7,3)
  [Team A] Прыгун A3 (9,3,4) → MOVE (9,5,4)
  [Team A] Бурав A6 (4,0,5) → MOVE (5,1,4)
  [Team A] Провокатор A7 (5,4,7) → HOLOGRAM (6,5,6)
  [Team A] Паук A8 (5,1,7) → MINE (6,2,6)
  [Team A] Факел A4 → SKIP
  [Team B] все корабли пропускают ход
  [Team C] Факел C4 (9,5,4) → HEAL (AoE)
  [Team C] Бурав C6 (7,7,3) → MOVE (8,8,4)
! 🎮 GM: принудительно завершает фазу планирования
GM: end_planning
# 
============================================================
# 🔄 ОБРАБОТКА ХОДА 11
# ============================================================
!    ⚠️ Провокатор A7: клетка (6,5,6) уже занята голограммой
!    ⚠️ Паук A8: в клетке уже стоит мина

📦 ПЕРЕМЕЩЕНИЯ:
!    ⚠️ Радиовышка A2: клетка (7,7,3) занята
✓    💥 Прыгун A3 тараном уничтожил Факел C4 в (9,5,4)
   Прыгун A3: (9, 3, 4) → (9,5,4)
!    ⚠️ Бурав A6: Бурав двигается только по 1 оси или по 2 осям строго диагонально
!    ⚠️ Бурав C6: Бурав двигается только по 1 оси или по 2 осям строго диагонально

🎯 ВЫСТРЕЛЫ:
   Выпущено ракет: 1
# 
📊 РЕЗУЛЬТАТЫ ХОДА 11:
🎯 Попаданий нет

--- Результаты хода ---
  Team A / Прыгун A3          → Team C / Факел C4           @ (9,5,4)  (УБИТ)

--- Состояние команд после хода ---
  Team A: живых 7/8
    ✓ Артиллерия A1      @ (5,5,7) hp=1/1
    ✓ Радиовышка A2      @ (8,8,4) hp=3/3
    ✓ Прыгун A3          @ (9,5,4) hp=2/2
    ✓ Факел A4           @ (5,6,7) hp=6/6
    ✓ Бурав A6           @ (4,0,5) hp=4/4
    ✓ Провокатор A7      @ (5,4,7) hp=2/2
    ✓ Паук A8            @ (5,1,7) hp=1/1
    ✗ Тишина A5          @ (7,8,4) [уничтожен]
  Team B: живых 0/8
    ✗ Артиллерия B1      @ (8,0,6) [уничтожен]
    ✗ Радиовышка B2      @ (6,0,6) [уничтожен]
    ✗ Прыгун B3          @ (3,0,7) [уничтожен]
    ✗ Факел B4           @ (1,0,7) [уничтожен]
    ✗ Тишина B5          @ (6,0,5) [уничтожен]
    ✗ Бурав B6           @ (3,1,7) [уничтожен]
    ✗ Провокатор B7      @ (9,0,6) [уничтожен]
    ✗ Паук B8            @ (4,0,6) [уничтожен]
  Team C: живых 1/8
    ✓ Бурав C6           @ (7,7,3) hp=4/4
    ✗ Артиллерия C1      @ (9,4,2) [уничтожен]
    ✗ Радиовышка C2      @ (6,0,5) [уничтожен]
    ✗ Прыгун C3          @ (9,0,6) [уничтожен]
    ✗ Факел C4           @ (9,5,4) [уничтожен]
    ✗ Тишина C5          @ (7,1,4) [уничтожен]
    ✗ Провокатор C7      @ (9,5,2) [уничтожен]
    ✗ Паук C8            @ (8,7,3) [уничтожен]

======================================================================
ХОД 12
======================================================================
✓ 🎮 GM: начинаем ход
GM: start_turn

--- Радиовышки: сканирование слоя Z ---
  Радиовышка A2 (z=4): слой чист

--- Решения ботов ---
  [Team A] Артиллерия A1 (5,5,7) → SHOOT at (7,7,3)
  [Team A] Радиовышка A2 (8,8,4) → MOVE (7,7,3)
  [Team A] Прыгун A3 (9,5,4) → MOVE (8,6,3)
  [Team A] Бурав A6 (4,0,5) → MOVE (5,1,4)
  [Team A] Провокатор A7 (5,4,7) → HOLOGRAM (6,5,6)
  [Team A] Паук A8 (5,1,7) → MOVE (6,2,6)
  [Team A] Факел A4 → SKIP
  [Team B] все корабли пропускают ход
  [Team C] Бурав C6 (7,7,3) → MOVE (8,8,4)
! 🎮 GM: принудительно завершает фазу планирования
GM: end_planning
# 
============================================================
# 🔄 ОБРАБОТКА ХОДА 12
# ============================================================
!    ⚠️ Провокатор A7: клетка (6,5,6) уже занята голограммой

📦 ПЕРЕМЕЩЕНИЯ:
!    ⚠️ Радиовышка A2: клетка (7,7,3) занята
✓    💥 Прыгун A3 тараном сбросил голограмму H6
   Прыгун A3: (9, 5, 4) → (8,6,3)
!    ⚠️ Бурав A6: Бурав двигается только по 1 оси или по 2 осям строго диагонально
   Паук A8: (5, 1, 7) → (6,2,6)
!    ⚠️ Бурав C6: Бурав двигается только по 1 оси или по 2 осям строго диагонально

🎯 ВЫСТРЕЛЫ:
✓    ✅ Артиллерия A1 поразил Бурав C6 (2 урона)!
   Выпущено ракет: 1
# 
📊 РЕЗУЛЬТАТЫ ХОДА 12:
✓ 💥 ПОПАДАНИЯ:
✓    Артиллерия A1 (Team A) → Бурав C6 (Team C)

--- Результаты хода ---
  Team A / Артиллерия A1      → Team C / Бурав C6           @ (7,7,3)  (ранен)

--- Состояние команд после хода ---
  Team A: живых 7/8
    ✓ Артиллерия A1      @ (5,5,7) hp=1/1
    ✓ Радиовышка A2      @ (8,8,4) hp=3/3
    ✓ Прыгун A3          @ (8,6,3) hp=2/2
    ✓ Факел A4           @ (5,6,7) hp=6/6
    ✓ Бурав A6           @ (4,0,5) hp=4/4
    ✓ Провокатор A7      @ (5,4,7) hp=2/2
    ✓ Паук A8            @ (6,2,6) hp=1/1
    ✗ Тишина A5          @ (7,8,4) [уничтожен]
  Team B: живых 0/8
    ✗ Артиллерия B1      @ (8,0,6) [уничтожен]
    ✗ Радиовышка B2      @ (6,0,6) [уничтожен]
    ✗ Прыгун B3          @ (3,0,7) [уничтожен]
    ✗ Факел B4           @ (1,0,7) [уничтожен]
    ✗ Тишина B5          @ (6,0,5) [уничтожен]
    ✗ Бурав B6           @ (3,1,7) [уничтожен]
    ✗ Провокатор B7      @ (9,0,6) [уничтожен]
    ✗ Паук B8            @ (4,0,6) [уничтожен]
  Team C: живых 1/8
    ✓ Бурав C6           @ (7,7,3) hp=2/4
    ✗ Артиллерия C1      @ (9,4,2) [уничтожен]
    ✗ Радиовышка C2      @ (6,0,5) [уничтожен]
    ✗ Прыгун C3          @ (9,0,6) [уничтожен]
    ✗ Факел C4           @ (9,5,4) [уничтожен]
    ✗ Тишина C5          @ (7,1,4) [уничтожен]
    ✗ Провокатор C7      @ (9,5,2) [уничтожен]
    ✗ Паук C8            @ (8,7,3) [уничтожен]

======================================================================
ХОД 13
======================================================================
✓ 🎮 GM: начинаем ход
GM: start_turn

--- Радиовышки: сканирование слоя Z ---
  Радиовышка A2 (z=4): слой чист

--- Решения ботов ---
  [Team A] Артиллерия A1 (5,5,7) → SHOOT at (7,7,3)
  [Team A] Радиовышка A2 (8,8,4) → MOVE (7,7,3)
  [Team A] Прыгун A3 (8,6,3) → MOVE (7,6,3)
  [Team A] Бурав A6 (4,0,5) → MOVE (5,1,4)
  [Team A] Провокатор A7 (5,4,7) → HOLOGRAM (6,5,6)
  [Team A] Паук A8 (6,2,6) → MOVE (7,3,5)
  [Team A] Факел A4 → SKIP
  [Team B] все корабли пропускают ход
  [Team C] Бурав C6 (7,7,3) → MOVE (8,6,3)
! 🎮 GM: принудительно завершает фазу планирования
GM: end_planning
# 
============================================================
# 🔄 ОБРАБОТКА ХОДА 13
# ============================================================
!    ⚠️ Провокатор A7: клетка (6,5,6) уже занята голограммой

📦 ПЕРЕМЕЩЕНИЯ:
!    ⚠️ Радиовышка A2: клетка (7,7,3) занята
   Прыгун A3: (8, 6, 3) → (7,6,3)
!    ⚠️ Бурав A6: Бурав двигается только по 1 оси или по 2 осям строго диагонально
   Паук A8: (6, 2, 6) → (7,3,5)
   Бурав C6: (7, 7, 3) → (8,6,3)

🎯 ВЫСТРЕЛЫ:
   Выпущено ракет: 1
# 
📊 РЕЗУЛЬТАТЫ ХОДА 13:
🎯 Попаданий нет

--- Результаты хода ---
  Попаданий нет

--- Состояние команд после хода ---
  Team A: живых 7/8
    ✓ Артиллерия A1      @ (5,5,7) hp=1/1
    ✓ Радиовышка A2      @ (8,8,4) hp=3/3
    ✓ Прыгун A3          @ (7,6,3) hp=2/2
    ✓ Факел A4           @ (5,6,7) hp=6/6
    ✓ Бурав A6           @ (4,0,5) hp=4/4
    ✓ Провокатор A7      @ (5,4,7) hp=2/2
    ✓ Паук A8            @ (7,3,5) hp=1/1
    ✗ Тишина A5          @ (7,8,4) [уничтожен]
  Team B: живых 0/8
    ✗ Артиллерия B1      @ (8,0,6) [уничтожен]
    ✗ Радиовышка B2      @ (6,0,6) [уничтожен]
    ✗ Прыгун B3          @ (3,0,7) [уничтожен]
    ✗ Факел B4           @ (1,0,7) [уничтожен]
    ✗ Тишина B5          @ (6,0,5) [уничтожен]
    ✗ Бурав B6           @ (3,1,7) [уничтожен]
    ✗ Провокатор B7      @ (9,0,6) [уничтожен]
    ✗ Паук B8            @ (4,0,6) [уничтожен]
  Team C: живых 1/8
    ✓ Бурав C6           @ (8,6,3) hp=2/4
    ✗ Артиллерия C1      @ (9,4,2) [уничтожен]
    ✗ Радиовышка C2      @ (6,0,5) [уничтожен]
    ✗ Прыгун C3          @ (9,0,6) [уничтожен]
    ✗ Факел C4           @ (9,5,4) [уничтожен]
    ✗ Тишина C5          @ (7,1,4) [уничтожен]
    ✗ Провокатор C7      @ (9,5,2) [уничтожен]
    ✗ Паук C8            @ (8,7,3) [уничтожен]

======================================================================
ХОД 14
======================================================================
✓ 🎮 GM: начинаем ход
GM: start_turn

--- Радиовышки: сканирование слоя Z ---
  Радиовышка A2 (z=4): слой чист

--- Решения ботов ---
  [Team A] Артиллерия A1 (5,5,7) → SHOOT at (8,6,3)
  [Team A] Радиовышка A2 (8,8,4) → MOVE (8,7,3)
  [Team A] Прыгун A3 (7,6,3) → MOVE (8,6,3)
  [Team A] Бурав A6 (4,0,5) → MOVE (5,1,4)
  [Team A] Провокатор A7 (5,4,7) → HOLOGRAM (6,5,6)
  [Team A] Паук A8 (7,3,5) → MINE (8,4,4)
  [Team A] Факел A4 → SKIP
  [Team B] все корабли пропускают ход
  [Team C] Бурав C6 (8,6,3) → MOVE (7,6,3)
! 🎮 GM: принудительно завершает фазу планирования
GM: end_planning
# 
============================================================
# 🔄 ОБРАБОТКА ХОДА 14
# ============================================================
!    ⚠️ Провокатор A7: клетка (6,5,6) уже занята голограммой
   💣 Паук A8 установил мину M11 в (8,4,4)

📦 ПЕРЕМЕЩЕНИЯ:
   Радиовышка A2: (8, 8, 4) → (8,7,3)
✓    💥 Прыгун A3 тараном уничтожил Бурав C6 в (8,6,3)
   Прыгун A3: (7, 6, 3) → (8,6,3)
!    ⚠️ Бурав A6: Бурав двигается только по 1 оси или по 2 осям строго диагонально

🎯 ВЫСТРЕЛЫ:
   Выпущено ракет: 1
# 
📊 РЕЗУЛЬТАТЫ ХОДА 14:
🎯 Попаданий нет
# 
🎮🎮🎮🎮🎮🎮🎮🎮🎮🎮🎮🎮🎮🎮🎮🎮🎮🎮🎮🎮
#         ИГРА ОКОНЧЕНА!
# 🎮🎮🎮🎮🎮🎮🎮🎮🎮🎮🎮🎮🎮🎮🎮🎮🎮🎮🎮🎮
✓         🏆 ПОБЕДИТЕЛЬ: Team A

--- Результаты хода ---
  Team A / Прыгун A3          → Team C / Бурав C6           @ (8,6,3)  (УБИТ)

--- Состояние команд после хода ---
  Team A: живых 7/8
    ✓ Артиллерия A1      @ (5,5,7) hp=1/1
    ✓ Радиовышка A2      @ (8,7,3) hp=3/3
    ✓ Прыгун A3          @ (8,6,3) hp=2/2
    ✓ Факел A4           @ (5,6,7) hp=6/6
    ✓ Бурав A6           @ (4,0,5) hp=4/4
    ✓ Провокатор A7      @ (5,4,7) hp=2/2
    ✓ Паук A8            @ (7,3,5) hp=1/1
    ✗ Тишина A5          @ (7,8,4) [уничтожен]
  Team B: живых 0/8
    ✗ Артиллерия B1      @ (8,0,6) [уничтожен]
    ✗ Радиовышка B2      @ (6,0,6) [уничтожен]
    ✗ Прыгун B3          @ (3,0,7) [уничтожен]
    ✗ Факел B4           @ (1,0,7) [уничтожен]
    ✗ Тишина B5          @ (6,0,5) [уничтожен]
    ✗ Бурав B6           @ (3,1,7) [уничтожен]
    ✗ Провокатор B7      @ (9,0,6) [уничтожен]
    ✗ Паук B8            @ (4,0,6) [уничтожен]
  Team C: живых 0/8
    ✗ Артиллерия C1      @ (9,4,2) [уничтожен]
    ✗ Радиовышка C2      @ (6,0,5) [уничтожен]
    ✗ Прыгун C3          @ (9,0,6) [уничтожен]
    ✗ Факел C4           @ (9,5,4) [уничтожен]
    ✗ Тишина C5          @ (7,1,4) [уничтожен]
    ✗ Бурав C6           @ (8,6,3) [уничтожен]
    ✗ Провокатор C7      @ (9,5,2) [уничтожен]
    ✗ Паук C8            @ (8,7,3) [уничтожен]

======================================================================
ИТОГ
======================================================================
Игра окончена. Победитель: Team A
Ходов сыграно: 14

--- Сводка по командам ---
  Team A: 7/8 живых; hp=19
  Team B: 0/8 живых; hp=0
  Team C: 0/8 живых; hp=0

--- Сводка по пассивкам радиовышек ---
  Team A: сканирований=14, всего врагов-в-слоях=13, уникальных эксклюзивных (видны только радиовышкой)=1
  Team B: сканирований=1, всего врагов-в-слоях=0, уникальных эксклюзивных (видны только радиовышкой)=0
  Team C: сканирований=5, всего врагов-в-слоях=1, уникальных эксклюзивных (видны только радиовышкой)=0

--- Сводка по попаданиям ---
  Всего событий (шоты+тараны+мины): 22
  Уничтожено кораблей всего: 17
  Team A: урон=47 хиты=7 тараны=10 мины(сработало)=0 убийств=14
  Team B: урон=2 хиты=1 тараны=0 мины(сработало)=0 убийств=1
  Team C: урон=8 хиты=1 тараны=1 мины(сработало)=2 убийств=2
! 🎮 GM: остановка игры
