======================================================================
Space Battle 10×10×10 — simulation run at 2026-04-20T13:31:54+00:00
Game mode: advanced
Seed: 116
✓ 🚀 Продвинутый режим: создаю разные типы кораблей
   Команда A: спавн вдоль оси Z от (9, 8, 4) до (9, 8, 8)
   Команда B: спавн вдоль оси Y от (6, 6, 9) до (6, 8, 9)
   Команда C: спавн вдоль оси Y от (8, 8, 1) до (8, 5, 1)
✓ ✅ Создано 24 кораблей


--- СТАРТОВАЯ РАССТАНОВКА ---
  Team A: живых 8/8
    ✓ Артиллерия A1      @ (9,8,4) hp=1/1
    ✓ Радиовышка A2      @ (9,8,0) hp=3/3
    ✓ Прыгун A3          @ (9,8,1) hp=2/2
    ✓ Факел A4           @ (9,8,5) hp=6/6
    ✓ Тишина A5          @ (9,8,7) hp=2/2
    ✓ Бурав A6           @ (9,8,3) hp=4/4
    ✓ Провокатор A7      @ (9,8,9) hp=2/2
    ✓ Паук A8            @ (9,8,8) hp=1/1
  Team B: живых 8/8
    ✓ Артиллерия B1      @ (6,6,9) hp=1/1
    ✓ Радиовышка B2      @ (6,1,9) hp=3/3
    ✓ Прыгун B3          @ (6,7,9) hp=2/2
    ✓ Факел B4           @ (6,0,9) hp=6/6
    ✓ Тишина B5          @ (6,2,9) hp=2/2
    ✓ Бурав B6           @ (6,4,9) hp=4/4
    ✓ Провокатор B7      @ (6,5,9) hp=2/2
    ✓ Паук B8            @ (6,8,9) hp=1/1
  Team C: живых 8/8
    ✓ Артиллерия C1      @ (8,8,1) hp=1/1
    ✓ Радиовышка C2      @ (8,7,1) hp=3/3
    ✓ Прыгун C3          @ (8,3,1) hp=2/2
    ✓ Факел C4           @ (8,4,1) hp=6/6
    ✓ Тишина C5          @ (8,9,1) hp=2/2
    ✓ Бурав C6           @ (8,6,1) hp=4/4
    ✓ Провокатор C7      @ (8,2,1) hp=2/2
    ✓ Паук C8            @ (8,5,1) hp=1/1

======================================================================
ХОД 1
======================================================================
✓ 🎮 GM: начинаем ход
GM: start_turn

--- Радиовышки: сканирование слоя Z ---
  Радиовышка A2 (z=0): слой чист
  Радиовышка B2 (z=9): видит 1 врагов  → Провокатор A7(9,8,9)
  Радиовышка C2 (z=1): видит 1 врагов  → Прыгун A3(9,8,1)

--- Решения ботов ---
  [Team A] Артиллерия A1 (9,8,4) → SHOOT at (8,8,1)
  [Team A] Радиовышка A2 (9,8,0) → MOVE (8,8,1)
  [Team A] Прыгун A3 (9,8,1) → MOVE (8,6,1)
  [Team A] Тишина A5 (9,8,7) → PHASE toggle
  [Team A] Бурав A6 (9,8,3) → MOVE (8,8,2)
  [Team A] Провокатор A7 (9,8,9) → HOLOGRAM (8,7,9)
  [Team A] Паук A8 (9,8,8) → MINE (8,7,9)
  [Team A] Факел A4 → SKIP
  [Team B] Артиллерия B1 (6,6,9) → SHOOT at (9,8,9)
  [Team B] Радиовышка B2 (6,1,9) → MOVE (7,2,8)
  [Team B] Прыгун B3 (6,7,9) → MOVE (7,8,8)
  [Team B] Тишина B5 (6,2,9) → MOVE (7,3,8)
  [Team B] Бурав B6 (6,4,9) → MOVE (7,5,8)
  [Team B] Провокатор B7 (6,5,9) → HOLOGRAM (7,6,8)
  [Team B] Паук B8 (6,8,9) → MINE (6,8,8)
  [Team B] Факел B4 → SKIP
  [Team C] Артиллерия C1 (8,8,1) → SHOOT at (9,8,4)
  [Team C] Радиовышка C2 (8,7,1) → MOVE (9,8,0)
  [Team C] Прыгун C3 (8,3,1) → MOVE (9,4,2)
  [Team C] Тишина C5 (8,9,1) → PHASE toggle
  [Team C] Бурав C6 (8,6,1) → MOVE (9,7,0)
  [Team C] Провокатор C7 (8,2,1) → MOVE (9,3,2)
  [Team C] Паук C8 (8,5,1) → MINE (9,6,2)
  [Team C] Факел C4 → SKIP
! 🎮 GM: принудительно завершает фазу планирования
GM: end_planning
# 
============================================================
# 🔄 ОБРАБОТКА ХОДА 1
# ============================================================
   🌀 Тишина A5: фаза ВКЛ
   🌀 Тишина C5: фаза ВКЛ
   🪞 Провокатор A7 создал голограмму H1 в (8,7,9)
   🪞 Провокатор B7 создал голограмму H2 в (7,6,8)
   💣 Паук A8 установил мину M1 в (8,7,9)
   💣 Паук B8 установил мину M2 в (6,8,8)
   💣 Паук C8 установил мину M3 в (9,6,2)

📦 ПЕРЕМЕЩЕНИЯ:
!    ⚠️ Радиовышка A2: клетка (8,8,1) занята
✓    💥 Прыгун A3 тараном уничтожил Бурав C6 в (8,6,1)
   Прыгун A3: (9, 8, 1) → (8,6,1)
   Бурав A6: (9, 8, 3) → (8,8,2)
   Радиовышка B2: (6, 1, 9) → (7,2,8)
   Прыгун B3: (6, 7, 9) → (7,8,8)
   Тишина B5: (6, 2, 9) → (7,3,8)
!    ⚠️ Бурав B6: Бурав двигается только по 1 оси или по 2 осям строго диагонально
!    ⚠️ Радиовышка C2: клетка (9,8,0) занята
   Прыгун C3: (8, 3, 1) → (9,4,2)
   Провокатор C7: (8, 2, 1) → (9,3,2)

🎯 ВЫСТРЕЛЫ:
✓    ✅ Артиллерия A1 поразил Артиллерия C1 (2 урона)!
✓    ✅ Артиллерия B1 поразил Провокатор A7 (2 урона)!
✓    ✅ Артиллерия C1 поразил Артиллерия A1 (2 урона)!
   Выпущено ракет: 3
# 
📊 РЕЗУЛЬТАТЫ ХОДА 1:
✓ 💥 ПОПАДАНИЯ:
✓    Артиллерия A1 (Team A) → Артиллерия C1 (Team C)
✓    Артиллерия B1 (Team B) → Провокатор A7 (Team A)
✓    Артиллерия C1 (Team C) → Артиллерия A1 (Team A)

--- Результаты хода ---
  Team A / Прыгун A3          → Team C / Бурав C6           @ (8,6,1)  (УБИТ)
  Team A / Артиллерия A1      → Team C / Артиллерия C1      @ (8,8,1)  (УБИТ)
  Team B / Артиллерия B1      → Team A / Провокатор A7      @ (9,8,9)  (УБИТ)
  Team C / Артиллерия C1      → Team A / Артиллерия A1      @ (9,8,4)  (УБИТ)

--- Состояние команд после хода ---
  Team A: живых 6/8
    ✓ Радиовышка A2      @ (9,8,0) hp=3/3
    ✓ Прыгун A3          @ (8,6,1) hp=2/2
    ✓ Факел A4           @ (9,8,5) hp=6/6
    ✓ Тишина A5          @ (9,8,7) hp=2/2
    ✓ Бурав A6           @ (8,8,2) hp=4/4
    ✓ Паук A8            @ (9,8,8) hp=1/1
    ✗ Артиллерия A1      @ (9,8,4) [уничтожен]
    ✗ Провокатор A7      @ (9,8,9) [уничтожен]
  Team B: живых 8/8
    ✓ Артиллерия B1      @ (6,6,9) hp=1/1
    ✓ Радиовышка B2      @ (7,2,8) hp=3/3
    ✓ Прыгун B3          @ (7,8,8) hp=2/2
    ✓ Факел B4           @ (6,0,9) hp=6/6
    ✓ Тишина B5          @ (7,3,8) hp=2/2
    ✓ Бурав B6           @ (6,4,9) hp=4/4
    ✓ Провокатор B7      @ (6,5,9) hp=2/2
    ✓ Паук B8            @ (6,8,9) hp=1/1
  Team C: живых 6/8
    ✓ Радиовышка C2      @ (8,7,1) hp=3/3
    ✓ Прыгун C3          @ (9,4,2) hp=2/2
    ✓ Факел C4           @ (8,4,1) hp=6/6
    ✓ Тишина C5          @ (8,9,1) hp=2/2
    ✓ Провокатор C7      @ (9,3,2) hp=2/2
    ✓ Паук C8            @ (8,5,1) hp=1/1
    ✗ Артиллерия C1      @ (8,8,1) [уничтожен]
    ✗ Бурав C6           @ (8,6,1) [уничтожен]

======================================================================
ХОД 2
======================================================================
✓ 🎮 GM: начинаем ход
GM: start_turn

--- Радиовышки: сканирование слоя Z ---
  Радиовышка A2 (z=0): слой чист
  Радиовышка B2 (z=8): видит 1 врагов  → Паук A8(9,8,8)
  Радиовышка C2 (z=1): видит 1 врагов  → Прыгун A3(8,6,1)

--- Решения ботов ---
  [Team A] Радиовышка A2 (9,8,0) → MOVE (8,7,1)
  [Team A] Прыгун A3 (8,6,1) → MOVE (8,4,1)
  [Team A] Факел A4 (9,8,5) → MOVE (8,7,4)
  [Team A] Тишина A5 (9,8,7) → MOVE (8,8,8)
  [Team A] Бурав A6 (8,8,2) → MOVE (8,8,1)
  [Team A] Паук A8 (9,8,8) → MINE (8,8,7)
  [Team B] Артиллерия B1 (6,6,9) → SHOOT at (9,8,8)
  [Team B] Радиовышка B2 (7,2,8) → MOVE (8,3,7)
  [Team B] Прыгун B3 (7,8,8) → MOVE (9,8,8)
  [Team B] Факел B4 (6,0,9) → MOVE (6,1,9)
  [Team B] Тишина B5 (7,3,8) → PHASE toggle
  [Team B] Бурав B6 (6,4,9) → MOVE (7,5,8)
  [Team B] Провокатор B7 (6,5,9) → HOLOGRAM (7,6,8)
  [Team B] Паук B8 (6,8,9) → MINE (6,8,8)
  [Team C] Радиовышка C2 (8,7,1) → MOVE (9,8,0)
  [Team C] Прыгун C3 (9,4,2) → MOVE (8,6,1)
  [Team C] Факел C4 (8,4,1) → SHOOT at (8,6,1)
  [Team C] Тишина C5 (8,9,1) → MOVE (8,9,0)
  [Team C] Провокатор C7 (9,3,2) → HOLOGRAM (9,3,1)
  [Team C] Паук C8 → SKIP
! 🎮 GM: принудительно завершает фазу планирования
GM: end_planning
# 
============================================================
# 🔄 ОБРАБОТКА ХОДА 2
# ============================================================
   🌀 Тишина B5: фаза ВКЛ
!    ⚠️ Провокатор B7: клетка (7,6,8) уже занята голограммой
   🪞 Провокатор C7 создал голограмму H3 в (9,3,1)
   💣 Паук A8 установил мину M4 в (8,8,7)
!    ⚠️ Паук B8: в клетке уже стоит мина

📦 ПЕРЕМЕЩЕНИЯ:
!    ⚠️ Радиовышка A2: клетка (8,7,1) занята
✓    💥 Прыгун A3 тараном уничтожил Факел C4 в (8,4,1)
   Прыгун A3: (8, 6, 1) → (8,4,1)
   Факел A4: (9, 8, 5) → (8,7,4)
   Тишина A5: (9, 8, 7) → (8,8,8)
   Бурав A6: (8, 8, 2) → (8,8,1)
   Радиовышка B2: (7, 2, 8) → (8,3,7)
✓    💥 Прыгун B3 тараном уничтожил Паук A8 в (9,8,8)
   Прыгун B3: (7, 8, 8) → (9,8,8)
   Факел B4: (6, 0, 9) → (6,1,9)
!    ⚠️ Бурав B6: Бурав двигается только по 1 оси или по 2 осям строго диагонально
!    ⚠️ Радиовышка C2: клетка (9,8,0) занята
   Прыгун C3: (9, 4, 2) → (8,6,1)
   Тишина C5: (8, 9, 1) → (8,9,0)

🎯 ВЫСТРЕЛЫ:
   Выпущено ракет: 1
# 
📊 РЕЗУЛЬТАТЫ ХОДА 2:
🎯 Попаданий нет

--- Результаты хода ---
  Team A / Прыгун A3          → Team C / Факел C4           @ (8,4,1)  (УБИТ)
  Team B / Прыгун B3          → Team A / Паук A8            @ (9,8,8)  (УБИТ)

--- Состояние команд после хода ---
  Team A: живых 5/8
    ✓ Радиовышка A2      @ (9,8,0) hp=3/3
    ✓ Прыгун A3          @ (8,4,1) hp=2/2
    ✓ Факел A4           @ (8,7,4) hp=6/6
    ✓ Тишина A5          @ (8,8,8) hp=2/2
    ✓ Бурав A6           @ (8,8,1) hp=4/4
    ✗ Артиллерия A1      @ (9,8,4) [уничтожен]
    ✗ Провокатор A7      @ (9,8,9) [уничтожен]
    ✗ Паук A8            @ (9,8,8) [уничтожен]
  Team B: живых 8/8
    ✓ Артиллерия B1      @ (6,6,9) hp=1/1
    ✓ Радиовышка B2      @ (8,3,7) hp=3/3
    ✓ Прыгун B3          @ (9,8,8) hp=2/2
    ✓ Факел B4           @ (6,1,9) hp=6/6
    ✓ Тишина B5          @ (7,3,8) hp=2/2
    ✓ Бурав B6           @ (6,4,9) hp=4/4
    ✓ Провокатор B7      @ (6,5,9) hp=2/2
    ✓ Паук B8            @ (6,8,9) hp=1/1
  Team C: живых 5/8
    ✓ Радиовышка C2      @ (8,7,1) hp=3/3
    ✓ Прыгун C3          @ (8,6,1) hp=2/2
    ✓ Тишина C5          @ (8,9,0) hp=2/2
    ✓ Провокатор C7      @ (9,3,2) hp=2/2
    ✓ Паук C8            @ (8,5,1) hp=1/1
    ✗ Артиллерия C1      @ (8,8,1) [уничтожен]
    ✗ Факел C4           @ (8,4,1) [уничтожен]
    ✗ Бурав C6           @ (8,6,1) [уничтожен]

======================================================================
ХОД 3
======================================================================
✓ 🎮 GM: начинаем ход
GM: start_turn

--- Радиовышки: сканирование слоя Z ---
  Радиовышка A2 (z=0): слой чист
  Радиовышка B2 (z=7): слой чист
  Радиовышка C2 (z=1): видит 2 врагов  → Прыгун A3(8,4,1), Бурав A6(8,8,1)

--- Решения ботов ---
  [Team A] Радиовышка A2 (9,8,0) → MOVE (8,7,1)
  [Team A] Прыгун A3 (8,4,1) → MOVE (9,3,2)
  [Team A] Факел A4 (8,7,4) → SHOOT at (8,7,1)
  [Team A] Тишина A5 (8,8,8) → MOVE (9,8,8)
  [Team A] Бурав A6 (8,8,1) → MOVE (8,6,1)
  [Team B] Артиллерия B1 (6,6,9) → SHOOT at (8,7,4)
  [Team B] Радиовышка B2 (8,3,7) → MOVE (8,4,6)
  [Team B] Прыгун B3 (9,8,8) → MOVE (8,7,7)
  [Team B] Факел B4 (6,1,9) → MOVE (6,2,9)
  [Team B] Тишина B5 (7,3,8) → MOVE (8,4,7)
  [Team B] Бурав B6 (6,4,9) → MOVE (7,5,8)
  [Team B] Провокатор B7 (6,5,9) → HOLOGRAM (7,6,8)
  [Team B] Паук B8 (6,8,9) → MOVE (7,7,8)
  [Team C] Радиовышка C2 (8,7,1) → MOVE (9,8,0)
  [Team C] Прыгун C3 (8,6,1) → MOVE (8,4,1)
  [Team C] Тишина C5 (8,9,0) → MOVE (9,9,0)
  [Team C] Провокатор C7 (9,3,2) → HOLOGRAM (8,3,1)
  [Team C] Паук C8 → SKIP
! 🎮 GM: принудительно завершает фазу планирования
GM: end_planning
# 
============================================================
# 🔄 ОБРАБОТКА ХОДА 3
# ============================================================
!    ⚠️ Провокатор B7: клетка (7,6,8) уже занята голограммой
   🪞 Провокатор C7 создал голограмму H4 в (8,3,1)

📦 ПЕРЕМЕЩЕНИЯ:
!    ⚠️ Радиовышка A2: клетка (8,7,1) занята
✓    💥 Прыгун A3 тараном уничтожил Провокатор C7 в (9,3,2)
   Прыгун A3: (8, 4, 1) → (9,3,2)
!    ⚠️ Тишина A5: клетка (9,8,8) занята
✓    💥 Бурав A6 тараном уничтожил Прыгун C3 в (8,6,1)
   Бурав A6: (8, 8, 1) → (8,6,1)
   Радиовышка B2: (8, 3, 7) → (8,4,6)
   Прыгун B3: (9, 8, 8) → (8,7,7)
   Факел B4: (6, 1, 9) → (6,2,9)
   Тишина B5: (7, 3, 8) → (8,4,7)
!    ⚠️ Бурав B6: Бурав двигается только по 1 оси или по 2 осям строго диагонально
   Паук B8: (6, 8, 9) → (7,7,8)
!    ⚠️ Радиовышка C2: клетка (9,8,0) занята
   Тишина C5: (8, 9, 0) → (9,9,0)

🎯 ВЫСТРЕЛЫ:
✓    ✅ Факел A4 поразил Радиовышка C2 (1 урона)!
✓    ✅ Артиллерия B1 поразил Факел A4 (2 урона)!
   Выпущено ракет: 2
# 
📊 РЕЗУЛЬТАТЫ ХОДА 3:
✓ 💥 ПОПАДАНИЯ:
✓    Факел A4 (Team A) → Радиовышка C2 (Team C)
✓    Артиллерия B1 (Team B) → Факел A4 (Team A)

--- Результаты хода ---
  Team A / Прыгун A3          → Team C / Провокатор C7      @ (9,3,2)  (УБИТ)
  Team A / Бурав A6           → Team C / Прыгун C3          @ (8,6,1)  (УБИТ)
  Team A / Факел A4           → Team C / Радиовышка C2      @ (8,7,1)  (ранен)
  Team B / Артиллерия B1      → Team A / Факел A4           @ (8,7,4)  (ранен)

--- Состояние команд после хода ---
  Team A: живых 5/8
    ✓ Радиовышка A2      @ (9,8,0) hp=3/3
    ✓ Прыгун A3          @ (9,3,2) hp=2/2
    ✓ Факел A4           @ (8,7,4) hp=4/6
    ✓ Тишина A5          @ (8,8,8) hp=2/2
    ✓ Бурав A6           @ (8,6,1) hp=4/4
    ✗ Артиллерия A1      @ (9,8,4) [уничтожен]
    ✗ Провокатор A7      @ (9,8,9) [уничтожен]
    ✗ Паук A8            @ (9,8,8) [уничтожен]
  Team B: живых 8/8
    ✓ Артиллерия B1      @ (6,6,9) hp=1/1
    ✓ Радиовышка B2      @ (8,4,6) hp=3/3
    ✓ Прыгун B3          @ (8,7,7) hp=2/2
    ✓ Факел B4           @ (6,2,9) hp=6/6
    ✓ Тишина B5          @ (8,4,7) hp=2/2
    ✓ Бурав B6           @ (6,4,9) hp=4/4
    ✓ Провокатор B7      @ (6,5,9) hp=2/2
    ✓ Паук B8            @ (7,7,8) hp=1/1
  Team C: живых 3/8
    ✓ Радиовышка C2      @ (8,7,1) hp=2/3
    ✓ Тишина C5          @ (9,9,0) hp=2/2
    ✓ Паук C8            @ (8,5,1) hp=1/1
    ✗ Артиллерия C1      @ (8,8,1) [уничтожен]
    ✗ Прыгун C3          @ (8,6,1) [уничтожен]
    ✗ Факел C4           @ (8,4,1) [уничтожен]
    ✗ Бурав C6           @ (8,6,1) [уничтожен]
    ✗ Провокатор C7      @ (9,3,2) [уничтожен]

======================================================================
ХОД 4
======================================================================
✓ 🎮 GM: начинаем ход
GM: start_turn

--- Радиовышки: сканирование слоя Z ---
  Радиовышка A2 (z=0): слой чист
  Радиовышка B2 (z=6): слой чист
  Радиовышка C2 (z=1): видит 1 врагов  → Бурав A6(8,6,1)

--- Решения ботов ---
  [Team A] Радиовышка A2 (9,8,0) → MOVE (8,7,1)
  [Team A] Прыгун A3 (9,3,2) → MOVE (8,5,1)
  [Team A] Факел A4 (8,7,4) → HEAL (AoE)
  [Team A] Тишина A5 (8,8,8) → MOVE (8,7,7)
  [Team A] Бурав A6 → SKIP
  [Team B] Артиллерия B1 (6,6,9) → SHOOT at (9,3,2)
  [Team B] Радиовышка B2 (8,4,6) → MOVE (8,5,5)
  [Team B] Прыгун B3 (8,7,7) → SHOOT at (8,7,4)
  [Team B] Факел B4 (6,2,9) → MOVE (6,3,9)
  [Team B] Тишина B5 (8,4,7) → MOVE (8,5,6)
  [Team B] Бурав B6 (6,4,9) → MOVE (7,5,8)
  [Team B] Провокатор B7 (6,5,9) → HOLOGRAM (7,6,8)
  [Team B] Паук B8 (7,7,8) → MINE (8,7,8)
  [Team C] Радиовышка C2 (8,7,1) → MOVE (9,8,0)
  [Team C] Паук C8 (8,5,1) → MINE (8,4,1)
  [Team C] Тишина C5 → SKIP
! 🎮 GM: принудительно завершает фазу планирования
GM: end_planning
# 
============================================================
# 🔄 ОБРАБОТКА ХОДА 4
# ============================================================
!    ⚠️ Провокатор B7: клетка (7,6,8) уже занята голограммой
   💣 Паук B8 установил мину M5 в (8,7,8)
   💣 Паук C8 установил мину M6 в (8,4,1)

📦 ПЕРЕМЕЩЕНИЯ:
!    ⚠️ Радиовышка A2: клетка (8,7,1) занята
✓    💥 Прыгун A3 тараном уничтожил Паук C8 в (8,5,1)
   Прыгун A3: (9, 3, 2) → (8,5,1)
!    ⚠️ Тишина A5: клетка (8,7,7) занята
   Радиовышка B2: (8, 4, 6) → (8,5,5)
   Факел B4: (6, 2, 9) → (6,3,9)
   Тишина B5: (8, 4, 7) → (8,5,6)
!    ⚠️ Бурав B6: Бурав двигается только по 1 оси или по 2 осям строго диагонально
!    ⚠️ Радиовышка C2: клетка (9,8,0) занята

🎯 ВЫСТРЕЛЫ:
✓    ✅ Прыгун B3 поразил Факел A4 (1 урона)!
✓    💚 Факел A4 лечит Факел A4 → hits=2/6
   Выпущено ракет: 2
# 
📊 РЕЗУЛЬТАТЫ ХОДА 4:
✓ 💥 ПОПАДАНИЯ:
✓    Прыгун B3 (Team B) → Факел A4 (Team A)

--- Результаты хода ---
  Team A / Прыгун A3          → Team C / Паук C8            @ (8,5,1)  (УБИТ)
  Team B / Прыгун B3          → Team A / Факел A4           @ (8,7,4)  (ранен)

--- Состояние команд после хода ---
  Team A: живых 5/8
    ✓ Радиовышка A2      @ (9,8,0) hp=3/3
    ✓ Прыгун A3          @ (8,5,1) hp=2/2
    ✓ Факел A4           @ (8,7,4) hp=4/6
    ✓ Тишина A5          @ (8,8,8) hp=2/2
    ✓ Бурав A6           @ (8,6,1) hp=4/4
    ✗ Артиллерия A1      @ (9,8,4) [уничтожен]
    ✗ Провокатор A7      @ (9,8,9) [уничтожен]
    ✗ Паук A8            @ (9,8,8) [уничтожен]
  Team B: живых 8/8
    ✓ Артиллерия B1      @ (6,6,9) hp=1/1
    ✓ Радиовышка B2      @ (8,5,5) hp=3/3
    ✓ Прыгун B3          @ (8,7,7) hp=2/2
    ✓ Факел B4           @ (6,3,9) hp=6/6
    ✓ Тишина B5          @ (8,5,6) hp=2/2
    ✓ Бурав B6           @ (6,4,9) hp=4/4
    ✓ Провокатор B7      @ (6,5,9) hp=2/2
    ✓ Паук B8            @ (7,7,8) hp=1/1
  Team C: живых 2/8
    ✓ Радиовышка C2      @ (8,7,1) hp=2/3
    ✓ Тишина C5          @ (9,9,0) hp=2/2
    ✗ Артиллерия C1      @ (8,8,1) [уничтожен]
    ✗ Прыгун C3          @ (8,6,1) [уничтожен]
    ✗ Факел C4           @ (8,4,1) [уничтожен]
    ✗ Бурав C6           @ (8,6,1) [уничтожен]
    ✗ Провокатор C7      @ (9,3,2) [уничтожен]
    ✗ Паук C8            @ (8,5,1) [уничтожен]

======================================================================
ХОД 5
======================================================================
✓ 🎮 GM: начинаем ход
GM: start_turn

--- Радиовышки: сканирование слоя Z ---
  Радиовышка A2 (z=0): слой чист
  Радиовышка B2 (z=5): слой чист
  Радиовышка C2 (z=1): видит 2 врагов  → Прыгун A3(8,5,1), Бурав A6(8,6,1)

--- Решения ботов ---
  [Team A] Радиовышка A2 (9,8,0) → MOVE (8,7,1)
  [Team A] Прыгун A3 (8,5,1) → SHOOT at (8,7,1)
  [Team A] Факел A4 (8,7,4) → HEAL (AoE)
  [Team A] Тишина A5 (8,8,8) → MOVE (8,7,7)
  [Team A] Бурав A6 → SKIP
  [Team B] Артиллерия B1 (6,6,9) → SHOOT at (8,5,1)
  [Team B] Радиовышка B2 (8,5,5) → MOVE (8,6,4)
  [Team B] Прыгун B3 (8,7,7) → SHOOT at (8,7,4)
  [Team B] Тишина B5 (8,5,6) → MOVE (8,6,5)
  [Team B] Бурав B6 (6,4,9) → MOVE (7,5,8)
  [Team B] Провокатор B7 (6,5,9) → HOLOGRAM (7,6,8)
  [Team B] Паук B8 (7,7,8) → MINE (8,7,8)
  [Team B] Факел B4 → SKIP
  [Team C] Радиовышка C2 (8,7,1) → MOVE (9,8,0)
  [Team C] Тишина C5 → SKIP
! 🎮 GM: принудительно завершает фазу планирования
GM: end_planning
# 
============================================================
# 🔄 ОБРАБОТКА ХОДА 5
# ============================================================
!    ⚠️ Провокатор B7: клетка (7,6,8) уже занята голограммой
!    ⚠️ Паук B8: в клетке уже стоит мина

📦 ПЕРЕМЕЩЕНИЯ:
!    ⚠️ Радиовышка A2: клетка (8,7,1) занята
!    ⚠️ Тишина A5: клетка (8,7,7) занята
   Радиовышка B2: (8, 5, 5) → (8,6,4)
   Тишина B5: (8, 5, 6) → (8,6,5)
!    ⚠️ Бурав B6: Бурав двигается только по 1 оси или по 2 осям строго диагонально
!    ⚠️ Радиовышка C2: клетка (9,8,0) занята

🎯 ВЫСТРЕЛЫ:
!    🛡️ Выстрел Прыгун A3 заблокирован союзником Бурав A6 в (8, 6, 1)
✓    ✅ Артиллерия B1 поразил Прыгун A3 (2 урона)!
✓    ✅ Прыгун B3 поразил Факел A4 (1 урона)!
✓    💚 Факел A4 лечит Факел A4 → hits=2/6
   Выпущено ракет: 3
# 
📊 РЕЗУЛЬТАТЫ ХОДА 5:
✓ 💥 ПОПАДАНИЯ:
✓    Артиллерия B1 (Team B) → Прыгун A3 (Team A)
✓    Прыгун B3 (Team B) → Факел A4 (Team A)

--- Результаты хода ---
  Team B / Артиллерия B1      → Team A / Прыгун A3          @ (8,5,1)  (УБИТ)
  Team B / Прыгун B3          → Team A / Факел A4           @ (8,7,4)  (ранен)

--- Состояние команд после хода ---
  Team A: живых 4/8
    ✓ Радиовышка A2      @ (9,8,0) hp=3/3
    ✓ Факел A4           @ (8,7,4) hp=4/6
    ✓ Тишина A5          @ (8,8,8) hp=2/2
    ✓ Бурав A6           @ (8,6,1) hp=4/4
    ✗ Артиллерия A1      @ (9,8,4) [уничтожен]
    ✗ Прыгун A3          @ (8,5,1) [уничтожен]
    ✗ Провокатор A7      @ (9,8,9) [уничтожен]
    ✗ Паук A8            @ (9,8,8) [уничтожен]
  Team B: живых 8/8
    ✓ Артиллерия B1      @ (6,6,9) hp=1/1
    ✓ Радиовышка B2      @ (8,6,4) hp=3/3
    ✓ Прыгун B3          @ (8,7,7) hp=2/2
    ✓ Факел B4           @ (6,3,9) hp=6/6
    ✓ Тишина B5          @ (8,6,5) hp=2/2
    ✓ Бурав B6           @ (6,4,9) hp=4/4
    ✓ Провокатор B7      @ (6,5,9) hp=2/2
    ✓ Паук B8            @ (7,7,8) hp=1/1
  Team C: живых 2/8
    ✓ Радиовышка C2      @ (8,7,1) hp=2/3
    ✓ Тишина C5          @ (9,9,0) hp=2/2
    ✗ Артиллерия C1      @ (8,8,1) [уничтожен]
    ✗ Прыгун C3          @ (8,6,1) [уничтожен]
    ✗ Факел C4           @ (8,4,1) [уничтожен]
    ✗ Бурав C6           @ (8,6,1) [уничтожен]
    ✗ Провокатор C7      @ (9,3,2) [уничтожен]
    ✗ Паук C8            @ (8,5,1) [уничтожен]

======================================================================
ХОД 6
======================================================================
✓ 🎮 GM: начинаем ход
GM: start_turn

--- Радиовышки: сканирование слоя Z ---
  Радиовышка A2 (z=0): слой чист
  Радиовышка B2 (z=4): видит 1 врагов  → Факел A4(8,7,4)
  Радиовышка C2 (z=1): видит 1 врагов  → Бурав A6(8,6,1)

--- Решения ботов ---
  [Team A] Радиовышка A2 (9,8,0) → MOVE (8,7,1)
  [Team A] Факел A4 (8,7,4) → HEAL (AoE)
  [Team A] Тишина A5 (8,8,8) → MOVE (8,7,7)
  [Team A] Бурав A6 (8,6,1) → MOVE (8,6,4)
  [Team B] Артиллерия B1 (6,6,9) → SHOOT at (8,7,1)
  [Team B] Радиовышка B2 (8,6,4) → MOVE (8,7,4)
  [Team B] Прыгун B3 (8,7,7) → SHOOT at (8,7,4)
  [Team B] Тишина B5 (8,6,5) → MOVE (8,7,5)
  [Team B] Бурав B6 (6,4,9) → MOVE (7,5,8)
  [Team B] Провокатор B7 (6,5,9) → HOLOGRAM (7,6,8)
  [Team B] Паук B8 (7,7,8) → MINE (7,7,7)
  [Team B] Факел B4 → SKIP
  [Team C] Радиовышка C2 (8,7,1) → MOVE (9,8,0)
  [Team C] Тишина C5 → SKIP
! 🎮 GM: принудительно завершает фазу планирования
GM: end_planning
# 
============================================================
# 🔄 ОБРАБОТКА ХОДА 6
# ============================================================
!    ⚠️ Провокатор B7: клетка (7,6,8) уже занята голограммой
   💣 Паук B8 установил мину M7 в (7,7,7)

📦 ПЕРЕМЕЩЕНИЯ:
!    ⚠️ Радиовышка A2: клетка (8,7,1) занята
!    ⚠️ Тишина A5: клетка (8,7,7) занята
✓    💥 Бурав A6 тараном уничтожил Радиовышка B2 в (8,6,4)
   Бурав A6: (8, 6, 1) → (8,6,4)
   Тишина B5: (8, 6, 5) → (8,7,5)
!    ⚠️ Бурав B6: Бурав двигается только по 1 оси или по 2 осям строго диагонально
!    ⚠️ Радиовышка C2: клетка (9,8,0) занята

🎯 ВЫСТРЕЛЫ:
✓    ✅ Артиллерия B1 поразил Радиовышка C2 (2 урона)!
✓    ✅ Прыгун B3 поразил Факел A4 (1 урона)!
✓    💚 Факел A4 лечит Факел A4 → hits=2/6
   Выпущено ракет: 2
# 
📊 РЕЗУЛЬТАТЫ ХОДА 6:
✓ 💥 ПОПАДАНИЯ:
✓    Артиллерия B1 (Team B) → Радиовышка C2 (Team C)
✓    Прыгун B3 (Team B) → Факел A4 (Team A)

--- Результаты хода ---
  Team A / Бурав A6           → Team B / Радиовышка B2      @ (8,6,4)  (УБИТ)
  Team B / Артиллерия B1      → Team C / Радиовышка C2      @ (8,7,1)  (УБИТ)
  Team B / Прыгун B3          → Team A / Факел A4           @ (8,7,4)  (ранен)

--- Состояние команд после хода ---
  Team A: живых 4/8
    ✓ Радиовышка A2      @ (9,8,0) hp=3/3
    ✓ Факел A4           @ (8,7,4) hp=4/6
    ✓ Тишина A5          @ (8,8,8) hp=2/2
    ✓ Бурав A6           @ (8,6,4) hp=4/4
    ✗ Артиллерия A1      @ (9,8,4) [уничтожен]
    ✗ Прыгун A3          @ (8,5,1) [уничтожен]
    ✗ Провокатор A7      @ (9,8,9) [уничтожен]
    ✗ Паук A8            @ (9,8,8) [уничтожен]
  Team B: живых 7/8
    ✓ Артиллерия B1      @ (6,6,9) hp=1/1
    ✓ Прыгун B3          @ (8,7,7) hp=2/2
    ✓ Факел B4           @ (6,3,9) hp=6/6
    ✓ Тишина B5          @ (8,7,5) hp=2/2
    ✓ Бурав B6           @ (6,4,9) hp=4/4
    ✓ Провокатор B7      @ (6,5,9) hp=2/2
    ✓ Паук B8            @ (7,7,8) hp=1/1
    ✗ Радиовышка B2      @ (8,6,4) [уничтожен]
  Team C: живых 1/8
    ✓ Тишина C5          @ (9,9,0) hp=2/2
    ✗ Артиллерия C1      @ (8,8,1) [уничтожен]
    ✗ Радиовышка C2      @ (8,7,1) [уничтожен]
    ✗ Прыгун C3          @ (8,6,1) [уничтожен]
    ✗ Факел C4           @ (8,4,1) [уничтожен]
    ✗ Бурав C6           @ (8,6,1) [уничтожен]
    ✗ Провокатор C7      @ (9,3,2) [уничтожен]
    ✗ Паук C8            @ (8,5,1) [уничтожен]

======================================================================
ХОД 7
======================================================================
✓ 🎮 GM: начинаем ход
GM: start_turn

--- Радиовышки: сканирование слоя Z ---
  Радиовышка A2 (z=0): слой чист

--- Решения ботов ---
  [Team A] Радиовышка A2 (9,8,0) → MOVE (8,7,1)
  [Team A] Факел A4 (8,7,4) → HEAL (AoE)
  [Team A] Тишина A5 (8,8,8) → MOVE (8,7,7)
  [Team A] Бурав A6 (8,6,4) → MOVE (8,7,5)
  [Team B] Артиллерия B1 (6,6,9) → SHOOT at (8,7,4)
  [Team B] Прыгун B3 (8,7,7) → SHOOT at (8,7,4)
  [Team B] Тишина B5 (8,7,5) → MOVE (8,7,4)
  [Team B] Бурав B6 (6,4,9) → MOVE (7,5,8)
  [Team B] Провокатор B7 (6,5,9) → HOLOGRAM (7,6,8)
  [Team B] Паук B8 (7,7,8) → MINE (8,7,8)
  [Team B] Факел B4 → SKIP
  [Team C] Тишина C5 (9,9,0) → MOVE (9,8,0)
! 🎮 GM: принудительно завершает фазу планирования
GM: end_planning
# 
============================================================
# 🔄 ОБРАБОТКА ХОДА 7
# ============================================================
!    ⚠️ Провокатор B7: клетка (7,6,8) уже занята голограммой
!    ⚠️ Паук B8: в клетке уже стоит мина

📦 ПЕРЕМЕЩЕНИЯ:
   Радиовышка A2: (9, 8, 0) → (8,7,1)
!    ⚠️ Тишина A5: клетка (8,7,7) занята
   Бурав A6: (8, 6, 4) → (8,7,5)
!    ⚠️ Тишина B5: клетка (8,7,4) занята
!    ⚠️ Бурав B6: Бурав двигается только по 1 оси или по 2 осям строго диагонально
   Тишина C5: (9, 9, 0) → (9,8,0)

🎯 ВЫСТРЕЛЫ:
✓    ✅ Артиллерия B1 поразил Факел A4 (2 урона)!
✓    ✅ Прыгун B3 поразил Бурав A6 (1 урона)!
✓    💚 Факел A4 лечит Факел A4 → hits=3/6
✓    💚 Факел A4 лечит Бурав A6 → hits=0/4
   Выпущено ракет: 2
# 
📊 РЕЗУЛЬТАТЫ ХОДА 7:
✓ 💥 ПОПАДАНИЯ:
✓    Артиллерия B1 (Team B) → Факел A4 (Team A)
✓    Прыгун B3 (Team B) → Бурав A6 (Team A)

--- Результаты хода ---
  Team B / Артиллерия B1      → Team A / Факел A4           @ (8,7,4)  (ранен)
  Team B / Прыгун B3          → Team A / Бурав A6           @ (8,7,5)  (ранен)

--- Состояние команд после хода ---
  Team A: живых 4/8
    ✓ Радиовышка A2      @ (8,7,1) hp=3/3
    ✓ Факел A4           @ (8,7,4) hp=3/6
    ✓ Тишина A5          @ (8,8,8) hp=2/2
    ✓ Бурав A6           @ (8,7,5) hp=4/4
    ✗ Артиллерия A1      @ (9,8,4) [уничтожен]
    ✗ Прыгун A3          @ (8,5,1) [уничтожен]
    ✗ Провокатор A7      @ (9,8,9) [уничтожен]
    ✗ Паук A8            @ (9,8,8) [уничтожен]
  Team B: живых 7/8
    ✓ Артиллерия B1      @ (6,6,9) hp=1/1
    ✓ Прыгун B3          @ (8,7,7) hp=2/2
    ✓ Факел B4           @ (6,3,9) hp=6/6
    ✓ Тишина B5          @ (8,7,5) hp=2/2
    ✓ Бурав B6           @ (6,4,9) hp=4/4
    ✓ Провокатор B7      @ (6,5,9) hp=2/2
    ✓ Паук B8            @ (7,7,8) hp=1/1
    ✗ Радиовышка B2      @ (8,6,4) [уничтожен]
  Team C: живых 1/8
    ✓ Тишина C5          @ (9,8,0) hp=2/2
    ✗ Артиллерия C1      @ (8,8,1) [уничтожен]
    ✗ Радиовышка C2      @ (8,7,1) [уничтожен]
    ✗ Прыгун C3          @ (8,6,1) [уничтожен]
    ✗ Факел C4           @ (8,4,1) [уничтожен]
    ✗ Бурав C6           @ (8,6,1) [уничтожен]
    ✗ Провокатор C7      @ (9,3,2) [уничтожен]
    ✗ Паук C8            @ (8,5,1) [уничтожен]

======================================================================
ХОД 8
======================================================================
✓ 🎮 GM: начинаем ход
GM: start_turn

--- Радиовышки: сканирование слоя Z ---
  Радиовышка A2 (z=1): слой чист

--- Решения ботов ---
  [Team A] Радиовышка A2 (8,7,1) → MOVE (8,7,2)
  [Team A] Факел A4 (8,7,4) → HEAL (AoE)
  [Team A] Тишина A5 (8,8,8) → MOVE (8,7,7)
  [Team A] Бурав A6 (8,7,5) → MOVE (8,7,6)
  [Team B] Артиллерия B1 (6,6,9) → SHOOT at (8,7,4)
  [Team B] Прыгун B3 (8,7,7) → SHOOT at (8,7,4)
  [Team B] Бурав B6 (6,4,9) → MOVE (7,5,8)
  [Team B] Провокатор B7 (6,5,9) → HOLOGRAM (7,6,8)
  [Team B] Паук B8 (7,7,8) → MINE (8,7,8)
  [Team B] Тишина B5 → SKIP
  [Team B] Факел B4 → SKIP
  [Team C] Тишина C5 (9,8,0) → MOVE (8,7,1)
! 🎮 GM: принудительно завершает фазу планирования
GM: end_planning
# 
============================================================
# 🔄 ОБРАБОТКА ХОДА 8
# ============================================================
!    ⚠️ Провокатор B7: клетка (7,6,8) уже занята голограммой
!    ⚠️ Паук B8: в клетке уже стоит мина

📦 ПЕРЕМЕЩЕНИЯ:
   Радиовышка A2: (8, 7, 1) → (8,7,2)
!    ⚠️ Тишина A5: клетка (8,7,7) занята
   Бурав A6: (8, 7, 5) → (8,7,6)
!    ⚠️ Бурав B6: Бурав двигается только по 1 оси или по 2 осям строго диагонально
   Тишина C5: (9, 8, 0) → (8,7,1)

🎯 ВЫСТРЕЛЫ:
✓    ✅ Артиллерия B1 поразил Факел A4 (2 урона)!
✓    ✅ Прыгун B3 поразил Бурав A6 (1 урона)!
✓    💚 Факел A4 лечит Факел A4 → hits=4/6
✓    💚 Факел A4 лечит Бурав A6 → hits=0/4
   Выпущено ракет: 2
# 
📊 РЕЗУЛЬТАТЫ ХОДА 8:
✓ 💥 ПОПАДАНИЯ:
✓    Артиллерия B1 (Team B) → Факел A4 (Team A)
✓    Прыгун B3 (Team B) → Бурав A6 (Team A)

--- Результаты хода ---
  Team B / Артиллерия B1      → Team A / Факел A4           @ (8,7,4)  (ранен)
  Team B / Прыгун B3          → Team A / Бурав A6           @ (8,7,6)  (ранен)

--- Состояние команд после хода ---
  Team A: живых 4/8
    ✓ Радиовышка A2      @ (8,7,2) hp=3/3
    ✓ Факел A4           @ (8,7,4) hp=2/6
    ✓ Тишина A5          @ (8,8,8) hp=2/2
    ✓ Бурав A6           @ (8,7,6) hp=4/4
    ✗ Артиллерия A1      @ (9,8,4) [уничтожен]
    ✗ Прыгун A3          @ (8,5,1) [уничтожен]
    ✗ Провокатор A7      @ (9,8,9) [уничтожен]
    ✗ Паук A8            @ (9,8,8) [уничтожен]
  Team B: живых 7/8
    ✓ Артиллерия B1      @ (6,6,9) hp=1/1
    ✓ Прыгун B3          @ (8,7,7) hp=2/2
    ✓ Факел B4           @ (6,3,9) hp=6/6
    ✓ Тишина B5          @ (8,7,5) hp=2/2
    ✓ Бурав B6           @ (6,4,9) hp=4/4
    ✓ Провокатор B7      @ (6,5,9) hp=2/2
    ✓ Паук B8            @ (7,7,8) hp=1/1
    ✗ Радиовышка B2      @ (8,6,4) [уничтожен]
  Team C: живых 1/8
    ✓ Тишина C5          @ (8,7,1) hp=2/2
    ✗ Артиллерия C1      @ (8,8,1) [уничтожен]
    ✗ Радиовышка C2      @ (8,7,1) [уничтожен]
    ✗ Прыгун C3          @ (8,6,1) [уничтожен]
    ✗ Факел C4           @ (8,4,1) [уничтожен]
    ✗ Бурав C6           @ (8,6,1) [уничтожен]
    ✗ Провокатор C7      @ (9,3,2) [уничтожен]
    ✗ Паук C8            @ (8,5,1) [уничтожен]

======================================================================
ХОД 9
======================================================================
✓ 🎮 GM: начинаем ход
GM: start_turn

--- Радиовышки: сканирование слоя Z ---
  Радиовышка A2 (z=2): слой чист

--- Решения ботов ---
  [Team A] Радиовышка A2 (8,7,2) → MOVE (8,7,3)
  [Team A] Факел A4 (8,7,4) → HEAL (AoE)
  [Team A] Тишина A5 (8,8,8) → MOVE (8,7,7)
  [Team A] Бурав A6 → SKIP
  [Team B] Артиллерия B1 (6,6,9) → SHOOT at (8,7,4)
  [Team B] Прыгун B3 (8,7,7) → MOVE (8,7,6)
  [Team B] Тишина B5 (8,7,5) → MOVE (8,7,4)
  [Team B] Бурав B6 (6,4,9) → MOVE (7,5,8)
  [Team B] Провокатор B7 (6,5,9) → HOLOGRAM (7,6,8)
  [Team B] Паук B8 (7,7,8) → MINE (8,7,8)
  [Team B] Факел B4 → SKIP
  [Team C] Тишина C5 (8,7,1) → MOVE (8,7,2)
! 🎮 GM: принудительно завершает фазу планирования
GM: end_planning
# 
============================================================
# 🔄 ОБРАБОТКА ХОДА 9
# ============================================================
!    ⚠️ Провокатор B7: клетка (7,6,8) уже занята голограммой
!    ⚠️ Паук B8: в клетке уже стоит мина

📦 ПЕРЕМЕЩЕНИЯ:
   Радиовышка A2: (8, 7, 2) → (8,7,3)
!    ⚠️ Тишина A5: клетка (8,7,7) занята
✓    💥 Прыгун B3 тараном уничтожил Бурав A6 в (8,7,6)
   Прыгун B3: (8, 7, 7) → (8,7,6)
!    ⚠️ Тишина B5: клетка (8,7,4) занята
!    ⚠️ Бурав B6: Бурав двигается только по 1 оси или по 2 осям строго диагонально
   Тишина C5: (8, 7, 1) → (8,7,2)

🎯 ВЫСТРЕЛЫ:
✓    ✅ Артиллерия B1 поразил Факел A4 (2 урона)!
   Выпущено ракет: 1
# 
📊 РЕЗУЛЬТАТЫ ХОДА 9:
✓ 💥 ПОПАДАНИЯ:
✓    Артиллерия B1 (Team B) → Факел A4 (Team A)

--- Результаты хода ---
  Team B / Прыгун B3          → Team A / Бурав A6           @ (8,7,6)  (УБИТ)
  Team B / Артиллерия B1      → Team A / Факел A4           @ (8,7,4)  (УБИТ)

--- Состояние команд после хода ---
  Team A: живых 2/8
    ✓ Радиовышка A2      @ (8,7,3) hp=3/3
    ✓ Тишина A5          @ (8,8,8) hp=2/2
    ✗ Артиллерия A1      @ (9,8,4) [уничтожен]
    ✗ Прыгун A3          @ (8,5,1) [уничтожен]
    ✗ Факел A4           @ (8,7,4) [уничтожен]
    ✗ Бурав A6           @ (8,7,6) [уничтожен]
    ✗ Провокатор A7      @ (9,8,9) [уничтожен]
    ✗ Паук A8            @ (9,8,8) [уничтожен]
  Team B: живых 7/8
    ✓ Артиллерия B1      @ (6,6,9) hp=1/1
    ✓ Прыгун B3          @ (8,7,6) hp=2/2
    ✓ Факел B4           @ (6,3,9) hp=6/6
    ✓ Тишина B5          @ (8,7,5) hp=2/2
    ✓ Бурав B6           @ (6,4,9) hp=4/4
    ✓ Провокатор B7      @ (6,5,9) hp=2/2
    ✓ Паук B8            @ (7,7,8) hp=1/1
    ✗ Радиовышка B2      @ (8,6,4) [уничтожен]
  Team C: живых 1/8
    ✓ Тишина C5          @ (8,7,2) hp=2/2
    ✗ Артиллерия C1      @ (8,8,1) [уничтожен]
    ✗ Радиовышка C2      @ (8,7,1) [уничтожен]
    ✗ Прыгун C3          @ (8,6,1) [уничтожен]
    ✗ Факел C4           @ (8,4,1) [уничтожен]
    ✗ Бурав C6           @ (8,6,1) [уничтожен]
    ✗ Провокатор C7      @ (9,3,2) [уничтожен]
    ✗ Паук C8            @ (8,5,1) [уничтожен]

======================================================================
ХОД 10
======================================================================
✓ 🎮 GM: начинаем ход
GM: start_turn

--- Радиовышки: сканирование слоя Z ---
  Радиовышка A2 (z=3): слой чист

--- Решения ботов ---
  [Team A] Радиовышка A2 (8,7,3) → MOVE (8,7,4)
  [Team A] Тишина A5 (8,8,8) → MOVE (7,7,8)
  [Team B] Артиллерия B1 (6,6,9) → SHOOT at (8,7,3)
  [Team B] Прыгун B3 (8,7,6) → SHOOT at (8,7,3)
  [Team B] Тишина B5 (8,7,5) → PHASE toggle
  [Team B] Бурав B6 (6,4,9) → MOVE (7,5,8)
  [Team B] Провокатор B7 (6,5,9) → MOVE (7,6,8)
  [Team B] Паук B8 (7,7,8) → MOVE (8,7,7)
  [Team B] Факел B4 → SKIP
  [Team C] Тишина C5 (8,7,2) → MOVE (8,7,3)
! 🎮 GM: принудительно завершает фазу планирования
GM: end_planning
# 
============================================================
# 🔄 ОБРАБОТКА ХОДА 10
# ============================================================
   🌀 Тишина B5: фаза ВЫКЛ

📦 ПЕРЕМЕЩЕНИЯ:
   Радиовышка A2: (8, 7, 3) → (8,7,4)
!    ⚠️ Тишина A5: клетка (7,7,8) занята
!    ⚠️ Бурав B6: Бурав двигается только по 1 оси или по 2 осям строго диагонально
!    ⚠️ Провокатор B7: клетка (7,6,8) занята
   Паук B8: (7, 7, 8) → (8,7,7)
   Тишина C5: (8, 7, 2) → (8,7,3)

🎯 ВЫСТРЕЛЫ:
!    🛡️ Выстрел Прыгун B3 заблокирован союзником Тишина B5 в (8, 7, 5)
   Выпущено ракет: 2
# 
📊 РЕЗУЛЬТАТЫ ХОДА 10:
🎯 Попаданий нет

--- Результаты хода ---
  Попаданий нет

--- Состояние команд после хода ---
  Team A: живых 2/8
    ✓ Радиовышка A2      @ (8,7,4) hp=3/3
    ✓ Тишина A5          @ (8,8,8) hp=2/2
    ✗ Артиллерия A1      @ (9,8,4) [уничтожен]
    ✗ Прыгун A3          @ (8,5,1) [уничтожен]
    ✗ Факел A4           @ (8,7,4) [уничтожен]
    ✗ Бурав A6           @ (8,7,6) [уничтожен]
    ✗ Провокатор A7      @ (9,8,9) [уничтожен]
    ✗ Паук A8            @ (9,8,8) [уничтожен]
  Team B: живых 7/8
    ✓ Артиллерия B1      @ (6,6,9) hp=1/1
    ✓ Прыгун B3          @ (8,7,6) hp=2/2
    ✓ Факел B4           @ (6,3,9) hp=6/6
    ✓ Тишина B5          @ (8,7,5) hp=2/2
    ✓ Бурав B6           @ (6,4,9) hp=4/4
    ✓ Провокатор B7      @ (6,5,9) hp=2/2
    ✓ Паук B8            @ (8,7,7) hp=1/1
    ✗ Радиовышка B2      @ (8,6,4) [уничтожен]
  Team C: живых 1/8
    ✓ Тишина C5          @ (8,7,3) hp=2/2
    ✗ Артиллерия C1      @ (8,8,1) [уничтожен]
    ✗ Радиовышка C2      @ (8,7,1) [уничтожен]
    ✗ Прыгун C3          @ (8,6,1) [уничтожен]
    ✗ Факел C4           @ (8,4,1) [уничтожен]
    ✗ Бурав C6           @ (8,6,1) [уничтожен]
    ✗ Провокатор C7      @ (9,3,2) [уничтожен]
    ✗ Паук C8            @ (8,5,1) [уничтожен]

======================================================================
ХОД 11
======================================================================
✓ 🎮 GM: начинаем ход
GM: start_turn

--- Радиовышки: сканирование слоя Z ---
  Радиовышка A2 (z=4): слой чист

--- Решения ботов ---
  [Team A] Радиовышка A2 (8,7,4) → MOVE (8,7,5)
  [Team A] Тишина A5 (8,8,8) → MOVE (8,7,7)
  [Team B] Артиллерия B1 (6,6,9) → SHOOT at (8,7,4)
  [Team B] Прыгун B3 (8,7,6) → MOVE (8,7,4)
  [Team B] Бурав B6 (6,4,9) → MOVE (7,5,8)
  [Team B] Провокатор B7 (6,5,9) → HOLOGRAM (7,6,8)
  [Team B] Паук B8 → SKIP
  [Team B] Тишина B5 → SKIP
  [Team B] Факел B4 → SKIP
  [Team C] Тишина C5 (8,7,3) → MOVE (8,7,4)
! 🎮 GM: принудительно завершает фазу планирования
GM: end_planning
# 
============================================================
# 🔄 ОБРАБОТКА ХОДА 11
# ============================================================
!    ⚠️ Провокатор B7: клетка (7,6,8) уже занята голограммой

📦 ПЕРЕМЕЩЕНИЯ:
!    ⚠️ Радиовышка A2: клетка (8,7,5) занята
!    ⚠️ Тишина A5: клетка (8,7,7) занята
✓    💥 Прыгун B3 тараном уничтожил Радиовышка A2 в (8,7,4)
   Прыгун B3: (8, 7, 6) → (8,7,4)
!    ⚠️ Бурав B6: Бурав двигается только по 1 оси или по 2 осям строго диагонально
!    ⚠️ Тишина C5: клетка (8,7,4) занята

🎯 ВЫСТРЕЛЫ:
   Выпущено ракет: 1
# 
📊 РЕЗУЛЬТАТЫ ХОДА 11:
🎯 Попаданий нет

--- Результаты хода ---
  Team B / Прыгун B3          → Team A / Радиовышка A2      @ (8,7,4)  (УБИТ)

--- Состояние команд после хода ---
  Team A: живых 1/8
    ✓ Тишина A5          @ (8,8,8) hp=2/2
    ✗ Артиллерия A1      @ (9,8,4) [уничтожен]
    ✗ Радиовышка A2      @ (8,7,4) [уничтожен]
    ✗ Прыгун A3          @ (8,5,1) [уничтожен]
    ✗ Факел A4           @ (8,7,4) [уничтожен]
    ✗ Бурав A6           @ (8,7,6) [уничтожен]
    ✗ Провокатор A7      @ (9,8,9) [уничтожен]
    ✗ Паук A8            @ (9,8,8) [уничтожен]
  Team B: живых 7/8
    ✓ Артиллерия B1      @ (6,6,9) hp=1/1
    ✓ Прыгун B3          @ (8,7,4) hp=2/2
    ✓ Факел B4           @ (6,3,9) hp=6/6
    ✓ Тишина B5          @ (8,7,5) hp=2/2
    ✓ Бурав B6           @ (6,4,9) hp=4/4
    ✓ Провокатор B7      @ (6,5,9) hp=2/2
    ✓ Паук B8            @ (8,7,7) hp=1/1
    ✗ Радиовышка B2      @ (8,6,4) [уничтожен]
  Team C: живых 1/8
    ✓ Тишина C5          @ (8,7,3) hp=2/2
    ✗ Артиллерия C1      @ (8,8,1) [уничтожен]
    ✗ Радиовышка C2      @ (8,7,1) [уничтожен]
    ✗ Прыгун C3          @ (8,6,1) [уничтожен]
    ✗ Факел C4           @ (8,4,1) [уничтожен]
    ✗ Бурав C6           @ (8,6,1) [уничтожен]
    ✗ Провокатор C7      @ (9,3,2) [уничтожен]
    ✗ Паук C8            @ (8,5,1) [уничтожен]

======================================================================
ХОД 12
======================================================================
✓ 🎮 GM: начинаем ход
GM: start_turn

--- Радиовышки: сканирование слоя Z ---
  (у команд не осталось живых радиовышек)

--- Решения ботов ---
  [Team A] Тишина A5 (8,8,8) → MOVE (8,7,7)
  [Team B] Артиллерия B1 (6,6,9) → SHOOT at (0,5,1)
  [Team B] Прыгун B3 (8,7,4) → MOVE (7,6,5)
  [Team B] Тишина B5 (8,7,5) → MOVE (7,7,5)
  [Team B] Бурав B6 (6,4,9) → MOVE (5,5,8)
  [Team B] Провокатор B7 (6,5,9) → MOVE (6,5,8)
  [Team B] Паук B8 (8,7,7) → MOVE (7,6,6)
  [Team B] Факел B4 → SKIP
  [Team C] Тишина C5 (8,7,3) → MOVE (8,7,4)
! 🎮 GM: принудительно завершает фазу планирования
GM: end_planning
# 
============================================================
# 🔄 ОБРАБОТКА ХОДА 12
# ============================================================

📦 ПЕРЕМЕЩЕНИЯ:
!    ⚠️ Тишина A5: клетка (8,7,7) занята
   Прыгун B3: (8, 7, 4) → (7,6,5)
   Тишина B5: (8, 7, 5) → (7,7,5)
!    ⚠️ Бурав B6: Бурав двигается только по 1 оси или по 2 осям строго диагонально
   Провокатор B7: (6, 5, 9) → (6,5,8)
   Паук B8: (8, 7, 7) → (7,6,6)
   Тишина C5: (8, 7, 3) → (8,7,4)

🎯 ВЫСТРЕЛЫ:
   Выпущено ракет: 1
# 
📊 РЕЗУЛЬТАТЫ ХОДА 12:
🎯 Попаданий нет

--- Результаты хода ---
  Попаданий нет

--- Состояние команд после хода ---
  Team A: живых 1/8
    ✓ Тишина A5          @ (8,8,8) hp=2/2
    ✗ Артиллерия A1      @ (9,8,4) [уничтожен]
    ✗ Радиовышка A2      @ (8,7,4) [уничтожен]
    ✗ Прыгун A3          @ (8,5,1) [уничтожен]
    ✗ Факел A4           @ (8,7,4) [уничтожен]
    ✗ Бурав A6           @ (8,7,6) [уничтожен]
    ✗ Провокатор A7      @ (9,8,9) [уничтожен]
    ✗ Паук A8            @ (9,8,8) [уничтожен]
  Team B: живых 7/8
    ✓ Артиллерия B1      @ (6,6,9) hp=1/1
    ✓ Прыгун B3          @ (7,6,5) hp=2/2
    ✓ Факел B4           @ (6,3,9) hp=6/6
    ✓ Тишина B5          @ (7,7,5) hp=2/2
    ✓ Бурав B6           @ (6,4,9) hp=4/4
    ✓ Провокатор B7      @ (6,5,8) hp=2/2
    ✓ Паук B8            @ (7,6,6) hp=1/1
    ✗ Радиовышка B2      @ (8,6,4) [уничтожен]
  Team C: живых 1/8
    ✓ Тишина C5          @ (8,7,4) hp=2/2
    ✗ Артиллерия C1      @ (8,8,1) [уничтожен]
    ✗ Радиовышка C2      @ (8,7,1) [уничтожен]
    ✗ Прыгун C3          @ (8,6,1) [уничтожен]
    ✗ Факел C4           @ (8,4,1) [уничтожен]
    ✗ Бурав C6           @ (8,6,1) [уничтожен]
    ✗ Провокатор C7      @ (9,3,2) [уничтожен]
    ✗ Паук C8            @ (8,5,1) [уничтожен]

======================================================================
ХОД 13
======================================================================
✓ 🎮 GM: начинаем ход
GM: start_turn

--- Радиовышки: сканирование слоя Z ---
  (у команд не осталось живых радиовышек)

--- Решения ботов ---
  [Team A] Тишина A5 (8,8,8) → MOVE (7,7,9)
  [Team B] Артиллерия B1 (6,6,9) → SHOOT at (0,0,1)
  [Team B] Прыгун B3 (7,6,5) → MOVE (6,5,5)
  [Team B] Тишина B5 (7,7,5) → MOVE (6,6,5)
  [Team B] Бурав B6 (6,4,9) → MOVE (5,5,8)
  [Team B] Провокатор B7 (6,5,8) → MOVE (5,5,7)
  [Team B] Паук B8 (7,6,6) → MOVE (7,5,6)
  [Team B] Факел B4 → SKIP
  [Team C] Тишина C5 (8,7,4) → MOVE (7,6,5)
! 🎮 GM: принудительно завершает фазу планирования
GM: end_planning
# 
============================================================
# 🔄 ОБРАБОТКА ХОДА 13
# ============================================================

📦 ПЕРЕМЕЩЕНИЯ:
   Тишина A5: (8, 8, 8) → (7,7,9)
   Прыгун B3: (7, 6, 5) → (6,5,5)
   Тишина B5: (7, 7, 5) → (6,6,5)
!    ⚠️ Бурав B6: Бурав двигается только по 1 оси или по 2 осям строго диагонально
   Провокатор B7: (6, 5, 8) → (5,5,7)
   Паук B8: (7, 6, 6) → (7,5,6)
   Тишина C5: (8, 7, 4) → (7,6,5)

🎯 ВЫСТРЕЛЫ:
   Выпущено ракет: 1
# 
📊 РЕЗУЛЬТАТЫ ХОДА 13:
🎯 Попаданий нет

--- Результаты хода ---
  Попаданий нет

--- Состояние команд после хода ---
  Team A: живых 1/8
    ✓ Тишина A5          @ (7,7,9) hp=2/2
    ✗ Артиллерия A1      @ (9,8,4) [уничтожен]
    ✗ Радиовышка A2      @ (8,7,4) [уничтожен]
    ✗ Прыгун A3          @ (8,5,1) [уничтожен]
    ✗ Факел A4           @ (8,7,4) [уничтожен]
    ✗ Бурав A6           @ (8,7,6) [уничтожен]
    ✗ Провокатор A7      @ (9,8,9) [уничтожен]
    ✗ Паук A8            @ (9,8,8) [уничтожен]
  Team B: живых 7/8
    ✓ Артиллерия B1      @ (6,6,9) hp=1/1
    ✓ Прыгун B3          @ (6,5,5) hp=2/2
    ✓ Факел B4           @ (6,3,9) hp=6/6
    ✓ Тишина B5          @ (6,6,5) hp=2/2
    ✓ Бурав B6           @ (6,4,9) hp=4/4
    ✓ Провокатор B7      @ (5,5,7) hp=2/2
    ✓ Паук B8            @ (7,5,6) hp=1/1
    ✗ Радиовышка B2      @ (8,6,4) [уничтожен]
  Team C: живых 1/8
    ✓ Тишина C5          @ (7,6,5) hp=2/2
    ✗ Артиллерия C1      @ (8,8,1) [уничтожен]
    ✗ Радиовышка C2      @ (8,7,1) [уничтожен]
    ✗ Прыгун C3          @ (8,6,1) [уничтожен]
    ✗ Факел C4           @ (8,4,1) [уничтожен]
    ✗ Бурав C6           @ (8,6,1) [уничтожен]
    ✗ Провокатор C7      @ (9,3,2) [уничтожен]
    ✗ Паук C8            @ (8,5,1) [уничтожен]

======================================================================
ХОД 14
======================================================================
✓ 🎮 GM: начинаем ход
GM: start_turn

--- Радиовышки: сканирование слоя Z ---
  (у команд не осталось живых радиовышек)

--- Решения ботов ---
  [Team A] Тишина A5 (7,7,9) → MOVE (6,6,9)
  [Team B] Артиллерия B1 (6,6,9) → SHOOT at (0,0,0)
  [Team B] Прыгун B3 (6,5,5) → MOVE (5,5,5)
  [Team B] Тишина B5 (6,6,5) → MOVE (5,6,5)
  [Team B] Бурав B6 (6,4,9) → MOVE (5,5,8)
  [Team B] Провокатор B7 (5,5,7) → MOVE (5,5,6)
  [Team B] Паук B8 (7,5,6) → MOVE (7,5,5)
  [Team B] Факел B4 → SKIP
  [Team C] Тишина C5 (7,6,5) → MOVE (6,5,5)
! 🎮 GM: принудительно завершает фазу планирования
GM: end_planning
# 
============================================================
# 🔄 ОБРАБОТКА ХОДА 14
# ============================================================

📦 ПЕРЕМЕЩЕНИЯ:
!    ⚠️ Тишина A5: клетка (6,6,9) занята
   Прыгун B3: (6, 5, 5) → (5,5,5)
   Тишина B5: (6, 6, 5) → (5,6,5)
!    ⚠️ Бурав B6: Бурав двигается только по 1 оси или по 2 осям строго диагонально
   Провокатор B7: (5, 5, 7) → (5,5,6)
   Паук B8: (7, 5, 6) → (7,5,5)
   Тишина C5: (7, 6, 5) → (6,5,5)

🎯 ВЫСТРЕЛЫ:
   Выпущено ракет: 1
# 
📊 РЕЗУЛЬТАТЫ ХОДА 14:
🎯 Попаданий нет

--- Результаты хода ---
  Попаданий нет

--- Состояние команд после хода ---
  Team A: живых 1/8
    ✓ Тишина A5          @ (7,7,9) hp=2/2
    ✗ Артиллерия A1      @ (9,8,4) [уничтожен]
    ✗ Радиовышка A2      @ (8,7,4) [уничтожен]
    ✗ Прыгун A3          @ (8,5,1) [уничтожен]
    ✗ Факел A4           @ (8,7,4) [уничтожен]
    ✗ Бурав A6           @ (8,7,6) [уничтожен]
    ✗ Провокатор A7      @ (9,8,9) [уничтожен]
    ✗ Паук A8            @ (9,8,8) [уничтожен]
  Team B: живых 7/8
    ✓ Артиллерия B1      @ (6,6,9) hp=1/1
    ✓ Прыгун B3          @ (5,5,5) hp=2/2
    ✓ Факел B4           @ (6,3,9) hp=6/6
    ✓ Тишина B5          @ (5,6,5) hp=2/2
    ✓ Бурав B6           @ (6,4,9) hp=4/4
    ✓ Провокатор B7      @ (5,5,6) hp=2/2
    ✓ Паук B8            @ (7,5,5) hp=1/1
    ✗ Радиовышка B2      @ (8,6,4) [уничтожен]
  Team C: живых 1/8
    ✓ Тишина C5          @ (6,5,5) hp=2/2
    ✗ Артиллерия C1      @ (8,8,1) [уничтожен]
    ✗ Радиовышка C2      @ (8,7,1) [уничтожен]
    ✗ Прыгун C3          @ (8,6,1) [уничтожен]
    ✗ Факел C4           @ (8,4,1) [уничтожен]
    ✗ Бурав C6           @ (8,6,1) [уничтожен]
    ✗ Провокатор C7      @ (9,3,2) [уничтожен]
    ✗ Паук C8            @ (8,5,1) [уничтожен]

======================================================================
ХОД 15
======================================================================
✓ 🎮 GM: начинаем ход
GM: start_turn

--- Радиовышки: сканирование слоя Z ---
  (у команд не осталось живых радиовышек)

--- Решения ботов ---
  [Team A] Тишина A5 (7,7,9) → MOVE (6,6,9)
  [Team B] Артиллерия B1 (6,6,9) → SHOOT at (0,5,1)
  [Team B] Бурав B6 (6,4,9) → MOVE (5,5,8)
  [Team B] Паук B8 (7,5,5) → MOVE (6,5,5)
  [Team B] Тишина B5 → SKIP
  [Team B] Факел B4 → SKIP
  [Team B] Провокатор B7 → SKIP
  [Team B] Прыгун B3 → SKIP
  [Team C] Тишина C5 (6,5,5) → MOVE (5,5,5)
! 🎮 GM: принудительно завершает фазу планирования
GM: end_planning
# 
============================================================
# 🔄 ОБРАБОТКА ХОДА 15
# ============================================================

📦 ПЕРЕМЕЩЕНИЯ:
!    ⚠️ Тишина A5: клетка (6,6,9) занята
!    ⚠️ Бурав B6: Бурав двигается только по 1 оси или по 2 осям строго диагонально
   Паук B8: (7, 5, 5) → (6,5,5)
!    ⚠️ Тишина C5: клетка (5,5,5) занята

🎯 ВЫСТРЕЛЫ:
   Выпущено ракет: 1
# 
📊 РЕЗУЛЬТАТЫ ХОДА 15:
🎯 Попаданий нет

--- Результаты хода ---
  Попаданий нет

--- Состояние команд после хода ---
  Team A: живых 1/8
    ✓ Тишина A5          @ (7,7,9) hp=2/2
    ✗ Артиллерия A1      @ (9,8,4) [уничтожен]
    ✗ Радиовышка A2      @ (8,7,4) [уничтожен]
    ✗ Прыгун A3          @ (8,5,1) [уничтожен]
    ✗ Факел A4           @ (8,7,4) [уничтожен]
    ✗ Бурав A6           @ (8,7,6) [уничтожен]
    ✗ Провокатор A7      @ (9,8,9) [уничтожен]
    ✗ Паук A8            @ (9,8,8) [уничтожен]
  Team B: живых 7/8
    ✓ Артиллерия B1      @ (6,6,9) hp=1/1
    ✓ Прыгун B3          @ (5,5,5) hp=2/2
    ✓ Факел B4           @ (6,3,9) hp=6/6
    ✓ Тишина B5          @ (5,6,5) hp=2/2
    ✓ Бурав B6           @ (6,4,9) hp=4/4
    ✓ Провокатор B7      @ (5,5,6) hp=2/2
    ✓ Паук B8            @ (6,5,5) hp=1/1
    ✗ Радиовышка B2      @ (8,6,4) [уничтожен]
  Team C: живых 1/8
    ✓ Тишина C5          @ (6,5,5) hp=2/2
    ✗ Артиллерия C1      @ (8,8,1) [уничтожен]
    ✗ Радиовышка C2      @ (8,7,1) [уничтожен]
    ✗ Прыгун C3          @ (8,6,1) [уничтожен]
    ✗ Факел C4           @ (8,4,1) [уничтожен]
    ✗ Бурав C6           @ (8,6,1) [уничтожен]
    ✗ Провокатор C7      @ (9,3,2) [уничтожен]
    ✗ Паук C8            @ (8,5,1) [уничтожен]

======================================================================
ХОД 16
======================================================================
✓ 🎮 GM: начинаем ход
GM: start_turn

--- Радиовышки: сканирование слоя Z ---
  (у команд не осталось живых радиовышек)

--- Решения ботов ---
  [Team A] Тишина A5 (7,7,9) → MOVE (6,6,9)
  [Team B] Артиллерия B1 (6,6,9) → SHOOT at (7,9,4)
  [Team B] Бурав B6 (6,4,9) → MOVE (5,5,8)
  [Team B] Паук B8 → SKIP
  [Team B] Тишина B5 → SKIP
  [Team B] Провокатор B7 → SKIP
  [Team B] Прыгун B3 → SKIP
  [Team B] Факел B4 → SKIP
  [Team C] все корабли пропускают ход
! 🎮 GM: принудительно завершает фазу планирования
GM: end_planning
# 
============================================================
# 🔄 ОБРАБОТКА ХОДА 16
# ============================================================

📦 ПЕРЕМЕЩЕНИЯ:
!    ⚠️ Тишина A5: клетка (6,6,9) занята
!    ⚠️ Бурав B6: Бурав двигается только по 1 оси или по 2 осям строго диагонально

🎯 ВЫСТРЕЛЫ:
   Выпущено ракет: 1
# 
📊 РЕЗУЛЬТАТЫ ХОДА 16:
🎯 Попаданий нет

--- Результаты хода ---
  Попаданий нет

--- Состояние команд после хода ---
  Team A: живых 1/8
    ✓ Тишина A5          @ (7,7,9) hp=2/2
    ✗ Артиллерия A1      @ (9,8,4) [уничтожен]
    ✗ Радиовышка A2      @ (8,7,4) [уничтожен]
    ✗ Прыгун A3          @ (8,5,1) [уничтожен]
    ✗ Факел A4           @ (8,7,4) [уничтожен]
    ✗ Бурав A6           @ (8,7,6) [уничтожен]
    ✗ Провокатор A7      @ (9,8,9) [уничтожен]
    ✗ Паук A8            @ (9,8,8) [уничтожен]
  Team B: живых 7/8
    ✓ Артиллерия B1      @ (6,6,9) hp=1/1
    ✓ Прыгун B3          @ (5,5,5) hp=2/2
    ✓ Факел B4           @ (6,3,9) hp=6/6
    ✓ Тишина B5          @ (5,6,5) hp=2/2
    ✓ Бурав B6           @ (6,4,9) hp=4/4
    ✓ Провокатор B7      @ (5,5,6) hp=2/2
    ✓ Паук B8            @ (6,5,5) hp=1/1
    ✗ Радиовышка B2      @ (8,6,4) [уничтожен]
  Team C: живых 1/8
    ✓ Тишина C5          @ (6,5,5) hp=2/2
    ✗ Артиллерия C1      @ (8,8,1) [уничтожен]
    ✗ Радиовышка C2      @ (8,7,1) [уничтожен]
    ✗ Прыгун C3          @ (8,6,1) [уничтожен]
    ✗ Факел C4           @ (8,4,1) [уничтожен]
    ✗ Бурав C6           @ (8,6,1) [уничтожен]
    ✗ Провокатор C7      @ (9,3,2) [уничтожен]
    ✗ Паук C8            @ (8,5,1) [уничтожен]

======================================================================
ХОД 17
======================================================================
✓ 🎮 GM: начинаем ход
GM: start_turn

--- Радиовышки: сканирование слоя Z ---
  (у команд не осталось живых радиовышек)

--- Решения ботов ---
  [Team A] Тишина A5 (7,7,9) → MOVE (6,6,9)
  [Team B] Артиллерия B1 (6,6,9) → SHOOT at (7,9,4)
  [Team B] Бурав B6 (6,4,9) → MOVE (5,5,8)
  [Team B] Паук B8 → SKIP
  [Team B] Тишина B5 → SKIP
  [Team B] Провокатор B7 → SKIP
  [Team B] Прыгун B3 → SKIP
  [Team B] Факел B4 → SKIP
  [Team C] все корабли пропускают ход
! 🎮 GM: принудительно завершает фазу планирования
GM: end_planning
# 
============================================================
# 🔄 ОБРАБОТКА ХОДА 17
# ============================================================

📦 ПЕРЕМЕЩЕНИЯ:
!    ⚠️ Тишина A5: клетка (6,6,9) занята
!    ⚠️ Бурав B6: Бурав двигается только по 1 оси или по 2 осям строго диагонально

🎯 ВЫСТРЕЛЫ:
   Выпущено ракет: 1
# 
📊 РЕЗУЛЬТАТЫ ХОДА 17:
🎯 Попаданий нет

--- Результаты хода ---
  Попаданий нет

--- Состояние команд после хода ---
  Team A: живых 1/8
    ✓ Тишина A5          @ (7,7,9) hp=2/2
    ✗ Артиллерия A1      @ (9,8,4) [уничтожен]
    ✗ Радиовышка A2      @ (8,7,4) [уничтожен]
    ✗ Прыгун A3          @ (8,5,1) [уничтожен]
    ✗ Факел A4           @ (8,7,4) [уничтожен]
    ✗ Бурав A6           @ (8,7,6) [уничтожен]
    ✗ Провокатор A7      @ (9,8,9) [уничтожен]
    ✗ Паук A8            @ (9,8,8) [уничтожен]
  Team B: живых 7/8
    ✓ Артиллерия B1      @ (6,6,9) hp=1/1
    ✓ Прыгун B3          @ (5,5,5) hp=2/2
    ✓ Факел B4           @ (6,3,9) hp=6/6
    ✓ Тишина B5          @ (5,6,5) hp=2/2
    ✓ Бурав B6           @ (6,4,9) hp=4/4
    ✓ Провокатор B7      @ (5,5,6) hp=2/2
    ✓ Паук B8            @ (6,5,5) hp=1/1
    ✗ Радиовышка B2      @ (8,6,4) [уничтожен]
  Team C: живых 1/8
    ✓ Тишина C5          @ (6,5,5) hp=2/2
    ✗ Артиллерия C1      @ (8,8,1) [уничтожен]
    ✗ Радиовышка C2      @ (8,7,1) [уничтожен]
    ✗ Прыгун C3          @ (8,6,1) [уничтожен]
    ✗ Факел C4           @ (8,4,1) [уничтожен]
    ✗ Бурав C6           @ (8,6,1) [уничтожен]
    ✗ Провокатор C7      @ (9,3,2) [уничтожен]
    ✗ Паук C8            @ (8,5,1) [уничтожен]

======================================================================
ХОД 18
======================================================================
✓ 🎮 GM: начинаем ход
GM: start_turn

--- Радиовышки: сканирование слоя Z ---
  (у команд не осталось живых радиовышек)

--- Решения ботов ---
  [Team A] Тишина A5 (7,7,9) → MOVE (6,6,9)
  [Team B] Артиллерия B1 (6,6,9) → SHOOT at (0,5,1)
  [Team B] Бурав B6 (6,4,9) → MOVE (5,5,8)
  [Team B] Паук B8 → SKIP
  [Team B] Тишина B5 → SKIP
  [Team B] Провокатор B7 → SKIP
  [Team B] Прыгун B3 → SKIP
  [Team B] Факел B4 → SKIP
  [Team C] все корабли пропускают ход
! 🎮 GM: принудительно завершает фазу планирования
GM: end_planning
# 
============================================================
# 🔄 ОБРАБОТКА ХОДА 18
# ============================================================

📦 ПЕРЕМЕЩЕНИЯ:
!    ⚠️ Тишина A5: клетка (6,6,9) занята
!    ⚠️ Бурав B6: Бурав двигается только по 1 оси или по 2 осям строго диагонально

🎯 ВЫСТРЕЛЫ:
   Выпущено ракет: 1
# 
📊 РЕЗУЛЬТАТЫ ХОДА 18:
🎯 Попаданий нет

--- Результаты хода ---
  Попаданий нет

--- Состояние команд после хода ---
  Team A: живых 1/8
    ✓ Тишина A5          @ (7,7,9) hp=2/2
    ✗ Артиллерия A1      @ (9,8,4) [уничтожен]
    ✗ Радиовышка A2      @ (8,7,4) [уничтожен]
    ✗ Прыгун A3          @ (8,5,1) [уничтожен]
    ✗ Факел A4           @ (8,7,4) [уничтожен]
    ✗ Бурав A6           @ (8,7,6) [уничтожен]
    ✗ Провокатор A7      @ (9,8,9) [уничтожен]
    ✗ Паук A8            @ (9,8,8) [уничтожен]
  Team B: живых 7/8
    ✓ Артиллерия B1      @ (6,6,9) hp=1/1
    ✓ Прыгун B3          @ (5,5,5) hp=2/2
    ✓ Факел B4           @ (6,3,9) hp=6/6
    ✓ Тишина B5          @ (5,6,5) hp=2/2
    ✓ Бурав B6           @ (6,4,9) hp=4/4
    ✓ Провокатор B7      @ (5,5,6) hp=2/2
    ✓ Паук B8            @ (6,5,5) hp=1/1
    ✗ Радиовышка B2      @ (8,6,4) [уничтожен]
  Team C: живых 1/8
    ✓ Тишина C5          @ (6,5,5) hp=2/2
    ✗ Артиллерия C1      @ (8,8,1) [уничтожен]
    ✗ Радиовышка C2      @ (8,7,1) [уничтожен]
    ✗ Прыгун C3          @ (8,6,1) [уничтожен]
    ✗ Факел C4           @ (8,4,1) [уничтожен]
    ✗ Бурав C6           @ (8,6,1) [уничтожен]
    ✗ Провокатор C7      @ (9,3,2) [уничтожен]
    ✗ Паук C8            @ (8,5,1) [уничтожен]

======================================================================
ХОД 19
======================================================================
✓ 🎮 GM: начинаем ход
GM: start_turn

--- Радиовышки: сканирование слоя Z ---
  (у команд не осталось живых радиовышек)

--- Решения ботов ---
  [Team A] Тишина A5 (7,7,9) → MOVE (6,6,9)
  [Team B] Артиллерия B1 (6,6,9) → SHOOT at (7,9,4)
  [Team B] Бурав B6 (6,4,9) → MOVE (5,5,8)
  [Team B] Паук B8 → SKIP
  [Team B] Тишина B5 → SKIP
  [Team B] Провокатор B7 → SKIP
  [Team B] Прыгун B3 → SKIP
  [Team B] Факел B4 → SKIP
  [Team C] все корабли пропускают ход
! 🎮 GM: принудительно завершает фазу планирования
GM: end_planning
# 
============================================================
# 🔄 ОБРАБОТКА ХОДА 19
# ============================================================

📦 ПЕРЕМЕЩЕНИЯ:
!    ⚠️ Тишина A5: клетка (6,6,9) занята
!    ⚠️ Бурав B6: Бурав двигается только по 1 оси или по 2 осям строго диагонально

🎯 ВЫСТРЕЛЫ:
   Выпущено ракет: 1
# 
📊 РЕЗУЛЬТАТЫ ХОДА 19:
🎯 Попаданий нет

--- Результаты хода ---
  Попаданий нет

--- Состояние команд после хода ---
  Team A: живых 1/8
    ✓ Тишина A5          @ (7,7,9) hp=2/2
    ✗ Артиллерия A1      @ (9,8,4) [уничтожен]
    ✗ Радиовышка A2      @ (8,7,4) [уничтожен]
    ✗ Прыгун A3          @ (8,5,1) [уничтожен]
    ✗ Факел A4           @ (8,7,4) [уничтожен]
    ✗ Бурав A6           @ (8,7,6) [уничтожен]
    ✗ Провокатор A7      @ (9,8,9) [уничтожен]
    ✗ Паук A8            @ (9,8,8) [уничтожен]
  Team B: живых 7/8
    ✓ Артиллерия B1      @ (6,6,9) hp=1/1
    ✓ Прыгун B3          @ (5,5,5) hp=2/2
    ✓ Факел B4           @ (6,3,9) hp=6/6
    ✓ Тишина B5          @ (5,6,5) hp=2/2
    ✓ Бурав B6           @ (6,4,9) hp=4/4
    ✓ Провокатор B7      @ (5,5,6) hp=2/2
    ✓ Паук B8            @ (6,5,5) hp=1/1
    ✗ Радиовышка B2      @ (8,6,4) [уничтожен]
  Team C: живых 1/8
    ✓ Тишина C5          @ (6,5,5) hp=2/2
    ✗ Артиллерия C1      @ (8,8,1) [уничтожен]
    ✗ Радиовышка C2      @ (8,7,1) [уничтожен]
    ✗ Прыгун C3          @ (8,6,1) [уничтожен]
    ✗ Факел C4           @ (8,4,1) [уничтожен]
    ✗ Бурав C6           @ (8,6,1) [уничтожен]
    ✗ Провокатор C7      @ (9,3,2) [уничтожен]
    ✗ Паук C8            @ (8,5,1) [уничтожен]

======================================================================
ХОД 20
======================================================================
✓ 🎮 GM: начинаем ход
GM: start_turn

--- Радиовышки: сканирование слоя Z ---
  (у команд не осталось живых радиовышек)

--- Решения ботов ---
  [Team A] Тишина A5 (7,7,9) → MOVE (6,6,9)
  [Team B] Артиллерия B1 (6,6,9) → SHOOT at (0,0,0)
  [Team B] Бурав B6 (6,4,9) → MOVE (5,5,8)
  [Team B] Паук B8 → SKIP
  [Team B] Тишина B5 → SKIP
  [Team B] Провокатор B7 → SKIP
  [Team B] Прыгун B3 → SKIP
  [Team B] Факел B4 → SKIP
  [Team C] все корабли пропускают ход
! 🎮 GM: принудительно завершает фазу планирования
GM: end_planning
# 
============================================================
# 🔄 ОБРАБОТКА ХОДА 20
# ============================================================

📦 ПЕРЕМЕЩЕНИЯ:
!    ⚠️ Тишина A5: клетка (6,6,9) занята
!    ⚠️ Бурав B6: Бурав двигается только по 1 оси или по 2 осям строго диагонально

🎯 ВЫСТРЕЛЫ:
   Выпущено ракет: 1
# 
📊 РЕЗУЛЬТАТЫ ХОДА 20:
🎯 Попаданий нет

--- Результаты хода ---
  Попаданий нет

--- Состояние команд после хода ---
  Team A: живых 1/8
    ✓ Тишина A5          @ (7,7,9) hp=2/2
    ✗ Артиллерия A1      @ (9,8,4) [уничтожен]
    ✗ Радиовышка A2      @ (8,7,4) [уничтожен]
    ✗ Прыгун A3          @ (8,5,1) [уничтожен]
    ✗ Факел A4           @ (8,7,4) [уничтожен]
    ✗ Бурав A6           @ (8,7,6) [уничтожен]
    ✗ Провокатор A7      @ (9,8,9) [уничтожен]
    ✗ Паук A8            @ (9,8,8) [уничтожен]
  Team B: живых 7/8
    ✓ Артиллерия B1      @ (6,6,9) hp=1/1
    ✓ Прыгун B3          @ (5,5,5) hp=2/2
    ✓ Факел B4           @ (6,3,9) hp=6/6
    ✓ Тишина B5          @ (5,6,5) hp=2/2
    ✓ Бурав B6           @ (6,4,9) hp=4/4
    ✓ Провокатор B7      @ (5,5,6) hp=2/2
    ✓ Паук B8            @ (6,5,5) hp=1/1
    ✗ Радиовышка B2      @ (8,6,4) [уничтожен]
  Team C: живых 1/8
    ✓ Тишина C5          @ (6,5,5) hp=2/2
    ✗ Артиллерия C1      @ (8,8,1) [уничтожен]
    ✗ Радиовышка C2      @ (8,7,1) [уничтожен]
    ✗ Прыгун C3          @ (8,6,1) [уничтожен]
    ✗ Факел C4           @ (8,4,1) [уничтожен]
    ✗ Бурав C6           @ (8,6,1) [уничтожен]
    ✗ Провокатор C7      @ (9,3,2) [уничтожен]
    ✗ Паук C8            @ (8,5,1) [уничтожен]

======================================================================
ХОД 21
======================================================================
✓ 🎮 GM: начинаем ход
GM: start_turn

--- Радиовышки: сканирование слоя Z ---
  (у команд не осталось живых радиовышек)

--- Решения ботов ---
  [Team A] Тишина A5 (7,7,9) → MOVE (6,6,9)
  [Team B] Артиллерия B1 (6,6,9) → SHOOT at (4,9,5)
  [Team B] Бурав B6 (6,4,9) → MOVE (5,5,8)
  [Team B] Паук B8 → SKIP
  [Team B] Тишина B5 → SKIP
  [Team B] Провокатор B7 → SKIP
  [Team B] Прыгун B3 → SKIP
  [Team B] Факел B4 → SKIP
  [Team C] все корабли пропускают ход
! 🎮 GM: принудительно завершает фазу планирования
GM: end_planning
# 
============================================================
# 🔄 ОБРАБОТКА ХОДА 21
# ============================================================

📦 ПЕРЕМЕЩЕНИЯ:
!    ⚠️ Тишина A5: клетка (6,6,9) занята
!    ⚠️ Бурав B6: Бурав двигается только по 1 оси или по 2 осям строго диагонально

🎯 ВЫСТРЕЛЫ:
   Выпущено ракет: 1
# 
📊 РЕЗУЛЬТАТЫ ХОДА 21:
🎯 Попаданий нет

--- Результаты хода ---
  Попаданий нет

--- Состояние команд после хода ---
  Team A: живых 1/8
    ✓ Тишина A5          @ (7,7,9) hp=2/2
    ✗ Артиллерия A1      @ (9,8,4) [уничтожен]
    ✗ Радиовышка A2      @ (8,7,4) [уничтожен]
    ✗ Прыгун A3          @ (8,5,1) [уничтожен]
    ✗ Факел A4           @ (8,7,4) [уничтожен]
    ✗ Бурав A6           @ (8,7,6) [уничтожен]
    ✗ Провокатор A7      @ (9,8,9) [уничтожен]
    ✗ Паук A8            @ (9,8,8) [уничтожен]
  Team B: живых 7/8
    ✓ Артиллерия B1      @ (6,6,9) hp=1/1
    ✓ Прыгун B3          @ (5,5,5) hp=2/2
    ✓ Факел B4           @ (6,3,9) hp=6/6
    ✓ Тишина B5          @ (5,6,5) hp=2/2
    ✓ Бурав B6           @ (6,4,9) hp=4/4
    ✓ Провокатор B7      @ (5,5,6) hp=2/2
    ✓ Паук B8            @ (6,5,5) hp=1/1
    ✗ Радиовышка B2      @ (8,6,4) [уничтожен]
  Team C: живых 1/8
    ✓ Тишина C5          @ (6,5,5) hp=2/2
    ✗ Артиллерия C1      @ (8,8,1) [уничтожен]
    ✗ Радиовышка C2      @ (8,7,1) [уничтожен]
    ✗ Прыгун C3          @ (8,6,1) [уничтожен]
    ✗ Факел C4           @ (8,4,1) [уничтожен]
    ✗ Бурав C6           @ (8,6,1) [уничтожен]
    ✗ Провокатор C7      @ (9,3,2) [уничтожен]
    ✗ Паук C8            @ (8,5,1) [уничтожен]

======================================================================
ХОД 22
======================================================================
✓ 🎮 GM: начинаем ход
GM: start_turn

--- Радиовышки: сканирование слоя Z ---
  (у команд не осталось живых радиовышек)

--- Решения ботов ---
  [Team A] Тишина A5 (7,7,9) → MOVE (6,6,9)
  [Team B] Артиллерия B1 (6,6,9) → SHOOT at (0,0,0)
  [Team B] Бурав B6 (6,4,9) → MOVE (5,5,8)
  [Team B] Паук B8 → SKIP
  [Team B] Тишина B5 → SKIP
  [Team B] Провокатор B7 → SKIP
  [Team B] Прыгун B3 → SKIP
  [Team B] Факел B4 → SKIP
  [Team C] все корабли пропускают ход
! 🎮 GM: принудительно завершает фазу планирования
GM: end_planning
# 
============================================================
# 🔄 ОБРАБОТКА ХОДА 22
# ============================================================

📦 ПЕРЕМЕЩЕНИЯ:
!    ⚠️ Тишина A5: клетка (6,6,9) занята
!    ⚠️ Бурав B6: Бурав двигается только по 1 оси или по 2 осям строго диагонально

🎯 ВЫСТРЕЛЫ:
   Выпущено ракет: 1
# 
📊 РЕЗУЛЬТАТЫ ХОДА 22:
🎯 Попаданий нет

--- Результаты хода ---
  Попаданий нет

--- Состояние команд после хода ---
  Team A: живых 1/8
    ✓ Тишина A5          @ (7,7,9) hp=2/2
    ✗ Артиллерия A1      @ (9,8,4) [уничтожен]
    ✗ Радиовышка A2      @ (8,7,4) [уничтожен]
    ✗ Прыгун A3          @ (8,5,1) [уничтожен]
    ✗ Факел A4           @ (8,7,4) [уничтожен]
    ✗ Бурав A6           @ (8,7,6) [уничтожен]
    ✗ Провокатор A7      @ (9,8,9) [уничтожен]
    ✗ Паук A8            @ (9,8,8) [уничтожен]
  Team B: живых 7/8
    ✓ Артиллерия B1      @ (6,6,9) hp=1/1
    ✓ Прыгун B3          @ (5,5,5) hp=2/2
    ✓ Факел B4           @ (6,3,9) hp=6/6
    ✓ Тишина B5          @ (5,6,5) hp=2/2
    ✓ Бурав B6           @ (6,4,9) hp=4/4
    ✓ Провокатор B7      @ (5,5,6) hp=2/2
    ✓ Паук B8            @ (6,5,5) hp=1/1
    ✗ Радиовышка B2      @ (8,6,4) [уничтожен]
  Team C: живых 1/8
    ✓ Тишина C5          @ (6,5,5) hp=2/2
    ✗ Артиллерия C1      @ (8,8,1) [уничтожен]
    ✗ Радиовышка C2      @ (8,7,1) [уничтожен]
    ✗ Прыгун C3          @ (8,6,1) [уничтожен]
    ✗ Факел C4           @ (8,4,1) [уничтожен]
    ✗ Бурав C6           @ (8,6,1) [уничтожен]
    ✗ Провокатор C7      @ (9,3,2) [уничтожен]
    ✗ Паук C8            @ (8,5,1) [уничтожен]

======================================================================
ХОД 23
======================================================================
✓ 🎮 GM: начинаем ход
GM: start_turn

--- Радиовышки: сканирование слоя Z ---
  (у команд не осталось живых радиовышек)

--- Решения ботов ---
  [Team A] Тишина A5 (7,7,9) → MOVE (6,6,9)
  [Team B] Артиллерия B1 (6,6,9) → SHOOT at (4,9,4)
  [Team B] Бурав B6 (6,4,9) → MOVE (5,5,8)
  [Team B] Паук B8 → SKIP
  [Team B] Тишина B5 → SKIP
  [Team B] Провокатор B7 → SKIP
  [Team B] Прыгун B3 → SKIP
  [Team B] Факел B4 → SKIP
  [Team C] все корабли пропускают ход
! 🎮 GM: принудительно завершает фазу планирования
GM: end_planning
# 
============================================================
# 🔄 ОБРАБОТКА ХОДА 23
# ============================================================

📦 ПЕРЕМЕЩЕНИЯ:
!    ⚠️ Тишина A5: клетка (6,6,9) занята
!    ⚠️ Бурав B6: Бурав двигается только по 1 оси или по 2 осям строго диагонально

🎯 ВЫСТРЕЛЫ:
   Выпущено ракет: 1
# 
📊 РЕЗУЛЬТАТЫ ХОДА 23:
🎯 Попаданий нет

--- Результаты хода ---
  Попаданий нет

--- Состояние команд после хода ---
  Team A: живых 1/8
    ✓ Тишина A5          @ (7,7,9) hp=2/2
    ✗ Артиллерия A1      @ (9,8,4) [уничтожен]
    ✗ Радиовышка A2      @ (8,7,4) [уничтожен]
    ✗ Прыгун A3          @ (8,5,1) [уничтожен]
    ✗ Факел A4           @ (8,7,4) [уничтожен]
    ✗ Бурав A6           @ (8,7,6) [уничтожен]
    ✗ Провокатор A7      @ (9,8,9) [уничтожен]
    ✗ Паук A8            @ (9,8,8) [уничтожен]
  Team B: живых 7/8
    ✓ Артиллерия B1      @ (6,6,9) hp=1/1
    ✓ Прыгун B3          @ (5,5,5) hp=2/2
    ✓ Факел B4           @ (6,3,9) hp=6/6
    ✓ Тишина B5          @ (5,6,5) hp=2/2
    ✓ Бурав B6           @ (6,4,9) hp=4/4
    ✓ Провокатор B7      @ (5,5,6) hp=2/2
    ✓ Паук B8            @ (6,5,5) hp=1/1
    ✗ Радиовышка B2      @ (8,6,4) [уничтожен]
  Team C: живых 1/8
    ✓ Тишина C5          @ (6,5,5) hp=2/2
    ✗ Артиллерия C1      @ (8,8,1) [уничтожен]
    ✗ Радиовышка C2      @ (8,7,1) [уничтожен]
    ✗ Прыгун C3          @ (8,6,1) [уничтожен]
    ✗ Факел C4           @ (8,4,1) [уничтожен]
    ✗ Бурав C6           @ (8,6,1) [уничтожен]
    ✗ Провокатор C7      @ (9,3,2) [уничтожен]
    ✗ Паук C8            @ (8,5,1) [уничтожен]

======================================================================
ХОД 24
======================================================================
✓ 🎮 GM: начинаем ход
GM: start_turn

--- Радиовышки: сканирование слоя Z ---
  (у команд не осталось живых радиовышек)

--- Решения ботов ---
  [Team A] Тишина A5 (7,7,9) → MOVE (6,6,9)
  [Team B] Артиллерия B1 (6,6,9) → SHOOT at (4,9,4)
  [Team B] Бурав B6 (6,4,9) → MOVE (5,5,8)
  [Team B] Паук B8 → SKIP
  [Team B] Тишина B5 → SKIP
  [Team B] Провокатор B7 → SKIP
  [Team B] Прыгун B3 → SKIP
  [Team B] Факел B4 → SKIP
  [Team C] все корабли пропускают ход
! 🎮 GM: принудительно завершает фазу планирования
GM: end_planning
# 
============================================================
# 🔄 ОБРАБОТКА ХОДА 24
# ============================================================

📦 ПЕРЕМЕЩЕНИЯ:
!    ⚠️ Тишина A5: клетка (6,6,9) занята
!    ⚠️ Бурав B6: Бурав двигается только по 1 оси или по 2 осям строго диагонально

🎯 ВЫСТРЕЛЫ:
   Выпущено ракет: 1
# 
📊 РЕЗУЛЬТАТЫ ХОДА 24:
🎯 Попаданий нет

--- Результаты хода ---
  Попаданий нет

--- Состояние команд после хода ---
  Team A: живых 1/8
    ✓ Тишина A5          @ (7,7,9) hp=2/2
    ✗ Артиллерия A1      @ (9,8,4) [уничтожен]
    ✗ Радиовышка A2      @ (8,7,4) [уничтожен]
    ✗ Прыгун A3          @ (8,5,1) [уничтожен]
    ✗ Факел A4           @ (8,7,4) [уничтожен]
    ✗ Бурав A6           @ (8,7,6) [уничтожен]
    ✗ Провокатор A7      @ (9,8,9) [уничтожен]
    ✗ Паук A8            @ (9,8,8) [уничтожен]
  Team B: живых 7/8
    ✓ Артиллерия B1      @ (6,6,9) hp=1/1
    ✓ Прыгун B3          @ (5,5,5) hp=2/2
    ✓ Факел B4           @ (6,3,9) hp=6/6
    ✓ Тишина B5          @ (5,6,5) hp=2/2
    ✓ Бурав B6           @ (6,4,9) hp=4/4
    ✓ Провокатор B7      @ (5,5,6) hp=2/2
    ✓ Паук B8            @ (6,5,5) hp=1/1
    ✗ Радиовышка B2      @ (8,6,4) [уничтожен]
  Team C: живых 1/8
    ✓ Тишина C5          @ (6,5,5) hp=2/2
    ✗ Артиллерия C1      @ (8,8,1) [уничтожен]
    ✗ Радиовышка C2      @ (8,7,1) [уничтожен]
    ✗ Прыгун C3          @ (8,6,1) [уничтожен]
    ✗ Факел C4           @ (8,4,1) [уничтожен]
    ✗ Бурав C6           @ (8,6,1) [уничтожен]
    ✗ Провокатор C7      @ (9,3,2) [уничтожен]
    ✗ Паук C8            @ (8,5,1) [уничтожен]

======================================================================
ХОД 25
======================================================================
✓ 🎮 GM: начинаем ход
GM: start_turn

--- Радиовышки: сканирование слоя Z ---
  (у команд не осталось живых радиовышек)

--- Решения ботов ---
  [Team A] Тишина A5 (7,7,9) → MOVE (6,6,9)
  [Team B] Артиллерия B1 (6,6,9) → SHOOT at (7,9,5)
  [Team B] Бурав B6 (6,4,9) → MOVE (5,5,8)
  [Team B] Паук B8 → SKIP
  [Team B] Тишина B5 → SKIP
  [Team B] Провокатор B7 → SKIP
  [Team B] Прыгун B3 → SKIP
  [Team B] Факел B4 → SKIP
  [Team C] все корабли пропускают ход
! 🎮 GM: принудительно завершает фазу планирования
GM: end_planning
# 
============================================================
# 🔄 ОБРАБОТКА ХОДА 25
# ============================================================

📦 ПЕРЕМЕЩЕНИЯ:
!    ⚠️ Тишина A5: клетка (6,6,9) занята
!    ⚠️ Бурав B6: Бурав двигается только по 1 оси или по 2 осям строго диагонально

🎯 ВЫСТРЕЛЫ:
   Выпущено ракет: 1
# 
📊 РЕЗУЛЬТАТЫ ХОДА 25:
🎯 Попаданий нет

--- Результаты хода ---
  Попаданий нет

--- Состояние команд после хода ---
  Team A: живых 1/8
    ✓ Тишина A5          @ (7,7,9) hp=2/2
    ✗ Артиллерия A1      @ (9,8,4) [уничтожен]
    ✗ Радиовышка A2      @ (8,7,4) [уничтожен]
    ✗ Прыгун A3          @ (8,5,1) [уничтожен]
    ✗ Факел A4           @ (8,7,4) [уничтожен]
    ✗ Бурав A6           @ (8,7,6) [уничтожен]
    ✗ Провокатор A7      @ (9,8,9) [уничтожен]
    ✗ Паук A8            @ (9,8,8) [уничтожен]
  Team B: живых 7/8
    ✓ Артиллерия B1      @ (6,6,9) hp=1/1
    ✓ Прыгун B3          @ (5,5,5) hp=2/2
    ✓ Факел B4           @ (6,3,9) hp=6/6
    ✓ Тишина B5          @ (5,6,5) hp=2/2
    ✓ Бурав B6           @ (6,4,9) hp=4/4
    ✓ Провокатор B7      @ (5,5,6) hp=2/2
    ✓ Паук B8            @ (6,5,5) hp=1/1
    ✗ Радиовышка B2      @ (8,6,4) [уничтожен]
  Team C: живых 1/8
    ✓ Тишина C5          @ (6,5,5) hp=2/2
    ✗ Артиллерия C1      @ (8,8,1) [уничтожен]
    ✗ Радиовышка C2      @ (8,7,1) [уничтожен]
    ✗ Прыгун C3          @ (8,6,1) [уничтожен]
    ✗ Факел C4           @ (8,4,1) [уничтожен]
    ✗ Бурав C6           @ (8,6,1) [уничтожен]
    ✗ Провокатор C7      @ (9,3,2) [уничтожен]
    ✗ Паук C8            @ (8,5,1) [уничтожен]

======================================================================
ХОД 26
======================================================================
✓ 🎮 GM: начинаем ход
GM: start_turn

--- Радиовышки: сканирование слоя Z ---
  (у команд не осталось живых радиовышек)

--- Решения ботов ---
  [Team A] Тишина A5 (7,7,9) → MOVE (6,6,9)
  [Team B] Артиллерия B1 (6,6,9) → SHOOT at (0,5,1)
  [Team B] Бурав B6 (6,4,9) → MOVE (5,5,8)
  [Team B] Паук B8 → SKIP
  [Team B] Тишина B5 → SKIP
  [Team B] Провокатор B7 → SKIP
  [Team B] Прыгун B3 → SKIP
  [Team B] Факел B4 → SKIP
  [Team C] все корабли пропускают ход
! 🎮 GM: принудительно завершает фазу планирования
GM: end_planning
# 
============================================================
# 🔄 ОБРАБОТКА ХОДА 26
# ============================================================

📦 ПЕРЕМЕЩЕНИЯ:
!    ⚠️ Тишина A5: клетка (6,6,9) занята
!    ⚠️ Бурав B6: Бурав двигается только по 1 оси или по 2 осям строго диагонально

🎯 ВЫСТРЕЛЫ:
   Выпущено ракет: 1
# 
📊 РЕЗУЛЬТАТЫ ХОДА 26:
🎯 Попаданий нет

--- Результаты хода ---
  Попаданий нет

--- Состояние команд после хода ---
  Team A: живых 1/8
    ✓ Тишина A5          @ (7,7,9) hp=2/2
    ✗ Артиллерия A1      @ (9,8,4) [уничтожен]
    ✗ Радиовышка A2      @ (8,7,4) [уничтожен]
    ✗ Прыгун A3          @ (8,5,1) [уничтожен]
    ✗ Факел A4           @ (8,7,4) [уничтожен]
    ✗ Бурав A6           @ (8,7,6) [уничтожен]
    ✗ Провокатор A7      @ (9,8,9) [уничтожен]
    ✗ Паук A8            @ (9,8,8) [уничтожен]
  Team B: живых 7/8
    ✓ Артиллерия B1      @ (6,6,9) hp=1/1
    ✓ Прыгун B3          @ (5,5,5) hp=2/2
    ✓ Факел B4           @ (6,3,9) hp=6/6
    ✓ Тишина B5          @ (5,6,5) hp=2/2
    ✓ Бурав B6           @ (6,4,9) hp=4/4
    ✓ Провокатор B7      @ (5,5,6) hp=2/2
    ✓ Паук B8            @ (6,5,5) hp=1/1
    ✗ Радиовышка B2      @ (8,6,4) [уничтожен]
  Team C: живых 1/8
    ✓ Тишина C5          @ (6,5,5) hp=2/2
    ✗ Артиллерия C1      @ (8,8,1) [уничтожен]
    ✗ Радиовышка C2      @ (8,7,1) [уничтожен]
    ✗ Прыгун C3          @ (8,6,1) [уничтожен]
    ✗ Факел C4           @ (8,4,1) [уничтожен]
    ✗ Бурав C6           @ (8,6,1) [уничтожен]
    ✗ Провокатор C7      @ (9,3,2) [уничтожен]
    ✗ Паук C8            @ (8,5,1) [уничтожен]

======================================================================
ХОД 27
======================================================================
✓ 🎮 GM: начинаем ход
GM: start_turn

--- Радиовышки: сканирование слоя Z ---
  (у команд не осталось живых радиовышек)

--- Решения ботов ---
  [Team A] Тишина A5 (7,7,9) → MOVE (6,6,9)
  [Team B] Артиллерия B1 (6,6,9) → SHOOT at (0,0,1)
  [Team B] Бурав B6 (6,4,9) → MOVE (5,5,8)
  [Team B] Паук B8 → SKIP
  [Team B] Тишина B5 → SKIP
  [Team B] Провокатор B7 → SKIP
  [Team B] Прыгун B3 → SKIP
  [Team B] Факел B4 → SKIP
  [Team C] все корабли пропускают ход
! 🎮 GM: принудительно завершает фазу планирования
GM: end_planning
# 
============================================================
# 🔄 ОБРАБОТКА ХОДА 27
# ============================================================

📦 ПЕРЕМЕЩЕНИЯ:
!    ⚠️ Тишина A5: клетка (6,6,9) занята
!    ⚠️ Бурав B6: Бурав двигается только по 1 оси или по 2 осям строго диагонально

🎯 ВЫСТРЕЛЫ:
   Выпущено ракет: 1
# 
📊 РЕЗУЛЬТАТЫ ХОДА 27:
🎯 Попаданий нет

--- Результаты хода ---
  Попаданий нет

--- Состояние команд после хода ---
  Team A: живых 1/8
    ✓ Тишина A5          @ (7,7,9) hp=2/2
    ✗ Артиллерия A1      @ (9,8,4) [уничтожен]
    ✗ Радиовышка A2      @ (8,7,4) [уничтожен]
    ✗ Прыгун A3          @ (8,5,1) [уничтожен]
    ✗ Факел A4           @ (8,7,4) [уничтожен]
    ✗ Бурав A6           @ (8,7,6) [уничтожен]
    ✗ Провокатор A7      @ (9,8,9) [уничтожен]
    ✗ Паук A8            @ (9,8,8) [уничтожен]
  Team B: живых 7/8
    ✓ Артиллерия B1      @ (6,6,9) hp=1/1
    ✓ Прыгун B3          @ (5,5,5) hp=2/2
    ✓ Факел B4           @ (6,3,9) hp=6/6
    ✓ Тишина B5          @ (5,6,5) hp=2/2
    ✓ Бурав B6           @ (6,4,9) hp=4/4
    ✓ Провокатор B7      @ (5,5,6) hp=2/2
    ✓ Паук B8            @ (6,5,5) hp=1/1
    ✗ Радиовышка B2      @ (8,6,4) [уничтожен]
  Team C: живых 1/8
    ✓ Тишина C5          @ (6,5,5) hp=2/2
    ✗ Артиллерия C1      @ (8,8,1) [уничтожен]
    ✗ Радиовышка C2      @ (8,7,1) [уничтожен]
    ✗ Прыгун C3          @ (8,6,1) [уничтожен]
    ✗ Факел C4           @ (8,4,1) [уничтожен]
    ✗ Бурав C6           @ (8,6,1) [уничтожен]
    ✗ Провокатор C7      @ (9,3,2) [уничтожен]
    ✗ Паук C8            @ (8,5,1) [уничтожен]

======================================================================
ХОД 28
======================================================================
✓ 🎮 GM: начинаем ход
GM: start_turn

--- Радиовышки: сканирование слоя Z ---
  (у команд не осталось живых радиовышек)

--- Решения ботов ---
  [Team A] Тишина A5 (7,7,9) → MOVE (6,6,9)
  [Team B] Артиллерия B1 (6,6,9) → SHOOT at (0,0,0)
  [Team B] Бурав B6 (6,4,9) → MOVE (5,5,8)
  [Team B] Паук B8 → SKIP
  [Team B] Тишина B5 → SKIP
  [Team B] Провокатор B7 → SKIP
  [Team B] Прыгун B3 → SKIP
  [Team B] Факел B4 → SKIP
  [Team C] все корабли пропускают ход
! 🎮 GM: принудительно завершает фазу планирования
GM: end_planning
# 
============================================================
# 🔄 ОБРАБОТКА ХОДА 28
# ============================================================

📦 ПЕРЕМЕЩЕНИЯ:
!    ⚠️ Тишина A5: клетка (6,6,9) занята
!    ⚠️ Бурав B6: Бурав двигается только по 1 оси или по 2 осям строго диагонально

🎯 ВЫСТРЕЛЫ:
   Выпущено ракет: 1
# 
📊 РЕЗУЛЬТАТЫ ХОДА 28:
🎯 Попаданий нет

--- Результаты хода ---
  Попаданий нет

--- Состояние команд после хода ---
  Team A: живых 1/8
    ✓ Тишина A5          @ (7,7,9) hp=2/2
    ✗ Артиллерия A1      @ (9,8,4) [уничтожен]
    ✗ Радиовышка A2      @ (8,7,4) [уничтожен]
    ✗ Прыгун A3          @ (8,5,1) [уничтожен]
    ✗ Факел A4           @ (8,7,4) [уничтожен]
    ✗ Бурав A6           @ (8,7,6) [уничтожен]
    ✗ Провокатор A7      @ (9,8,9) [уничтожен]
    ✗ Паук A8            @ (9,8,8) [уничтожен]
  Team B: живых 7/8
    ✓ Артиллерия B1      @ (6,6,9) hp=1/1
    ✓ Прыгун B3          @ (5,5,5) hp=2/2
    ✓ Факел B4           @ (6,3,9) hp=6/6
    ✓ Тишина B5          @ (5,6,5) hp=2/2
    ✓ Бурав B6           @ (6,4,9) hp=4/4
    ✓ Провокатор B7      @ (5,5,6) hp=2/2
    ✓ Паук B8            @ (6,5,5) hp=1/1
    ✗ Радиовышка B2      @ (8,6,4) [уничтожен]
  Team C: живых 1/8
    ✓ Тишина C5          @ (6,5,5) hp=2/2
    ✗ Артиллерия C1      @ (8,8,1) [уничтожен]
    ✗ Радиовышка C2      @ (8,7,1) [уничтожен]
    ✗ Прыгун C3          @ (8,6,1) [уничтожен]
    ✗ Факел C4           @ (8,4,1) [уничтожен]
    ✗ Бурав C6           @ (8,6,1) [уничтожен]
    ✗ Провокатор C7      @ (9,3,2) [уничтожен]
    ✗ Паук C8            @ (8,5,1) [уничтожен]

======================================================================
ХОД 29
======================================================================
✓ 🎮 GM: начинаем ход
GM: start_turn

--- Радиовышки: сканирование слоя Z ---
  (у команд не осталось живых радиовышек)

--- Решения ботов ---
  [Team A] Тишина A5 (7,7,9) → MOVE (6,6,9)
  [Team B] Артиллерия B1 (6,6,9) → SHOOT at (4,9,5)
  [Team B] Бурав B6 (6,4,9) → MOVE (5,5,8)
  [Team B] Паук B8 → SKIP
  [Team B] Тишина B5 → SKIP
  [Team B] Провокатор B7 → SKIP
  [Team B] Прыгун B3 → SKIP
  [Team B] Факел B4 → SKIP
  [Team C] все корабли пропускают ход
! 🎮 GM: принудительно завершает фазу планирования
GM: end_planning
# 
============================================================
# 🔄 ОБРАБОТКА ХОДА 29
# ============================================================

📦 ПЕРЕМЕЩЕНИЯ:
!    ⚠️ Тишина A5: клетка (6,6,9) занята
!    ⚠️ Бурав B6: Бурав двигается только по 1 оси или по 2 осям строго диагонально

🎯 ВЫСТРЕЛЫ:
   Выпущено ракет: 1
# 
📊 РЕЗУЛЬТАТЫ ХОДА 29:
🎯 Попаданий нет

--- Результаты хода ---
  Попаданий нет

--- Состояние команд после хода ---
  Team A: живых 1/8
    ✓ Тишина A5          @ (7,7,9) hp=2/2
    ✗ Артиллерия A1      @ (9,8,4) [уничтожен]
    ✗ Радиовышка A2      @ (8,7,4) [уничтожен]
    ✗ Прыгун A3          @ (8,5,1) [уничтожен]
    ✗ Факел A4           @ (8,7,4) [уничтожен]
    ✗ Бурав A6           @ (8,7,6) [уничтожен]
    ✗ Провокатор A7      @ (9,8,9) [уничтожен]
    ✗ Паук A8            @ (9,8,8) [уничтожен]
  Team B: живых 7/8
    ✓ Артиллерия B1      @ (6,6,9) hp=1/1
    ✓ Прыгун B3          @ (5,5,5) hp=2/2
    ✓ Факел B4           @ (6,3,9) hp=6/6
    ✓ Тишина B5          @ (5,6,5) hp=2/2
    ✓ Бурав B6           @ (6,4,9) hp=4/4
    ✓ Провокатор B7      @ (5,5,6) hp=2/2
    ✓ Паук B8            @ (6,5,5) hp=1/1
    ✗ Радиовышка B2      @ (8,6,4) [уничтожен]
  Team C: живых 1/8
    ✓ Тишина C5          @ (6,5,5) hp=2/2
    ✗ Артиллерия C1      @ (8,8,1) [уничтожен]
    ✗ Радиовышка C2      @ (8,7,1) [уничтожен]
    ✗ Прыгун C3          @ (8,6,1) [уничтожен]
    ✗ Факел C4           @ (8,4,1) [уничтожен]
    ✗ Бурав C6           @ (8,6,1) [уничтожен]
    ✗ Провокатор C7      @ (9,3,2) [уничтожен]
    ✗ Паук C8            @ (8,5,1) [уничтожен]

======================================================================
ХОД 30
======================================================================
✓ 🎮 GM: начинаем ход
GM: start_turn

--- Радиовышки: сканирование слоя Z ---
  (у команд не осталось живых радиовышек)

--- Решения ботов ---
  [Team A] Тишина A5 (7,7,9) → MOVE (6,6,9)
  [Team B] Артиллерия B1 (6,6,9) → SHOOT at (0,5,0)
  [Team B] Бурав B6 (6,4,9) → MOVE (5,5,8)
  [Team B] Паук B8 → SKIP
  [Team B] Тишина B5 → SKIP
  [Team B] Провокатор B7 → SKIP
  [Team B] Прыгун B3 → SKIP
  [Team B] Факел B4 → SKIP
  [Team C] все корабли пропускают ход
! 🎮 GM: принудительно завершает фазу планирования
GM: end_planning
# 
============================================================
# 🔄 ОБРАБОТКА ХОДА 30
# ============================================================

📦 ПЕРЕМЕЩЕНИЯ:
!    ⚠️ Тишина A5: клетка (6,6,9) занята
!    ⚠️ Бурав B6: Бурав двигается только по 1 оси или по 2 осям строго диагонально

🎯 ВЫСТРЕЛЫ:
   Выпущено ракет: 1
# 
📊 РЕЗУЛЬТАТЫ ХОДА 30:
🎯 Попаданий нет

--- Результаты хода ---
  Попаданий нет

--- Состояние команд после хода ---
  Team A: живых 1/8
    ✓ Тишина A5          @ (7,7,9) hp=2/2
    ✗ Артиллерия A1      @ (9,8,4) [уничтожен]
    ✗ Радиовышка A2      @ (8,7,4) [уничтожен]
    ✗ Прыгун A3          @ (8,5,1) [уничтожен]
    ✗ Факел A4           @ (8,7,4) [уничтожен]
    ✗ Бурав A6           @ (8,7,6) [уничтожен]
    ✗ Провокатор A7      @ (9,8,9) [уничтожен]
    ✗ Паук A8            @ (9,8,8) [уничтожен]
  Team B: живых 7/8
    ✓ Артиллерия B1      @ (6,6,9) hp=1/1
    ✓ Прыгун B3          @ (5,5,5) hp=2/2
    ✓ Факел B4           @ (6,3,9) hp=6/6
    ✓ Тишина B5          @ (5,6,5) hp=2/2
    ✓ Бурав B6           @ (6,4,9) hp=4/4
    ✓ Провокатор B7      @ (5,5,6) hp=2/2
    ✓ Паук B8            @ (6,5,5) hp=1/1
    ✗ Радиовышка B2      @ (8,6,4) [уничтожен]
  Team C: живых 1/8
    ✓ Тишина C5          @ (6,5,5) hp=2/2
    ✗ Артиллерия C1      @ (8,8,1) [уничтожен]
    ✗ Радиовышка C2      @ (8,7,1) [уничтожен]
    ✗ Прыгун C3          @ (8,6,1) [уничтожен]
    ✗ Факел C4           @ (8,4,1) [уничтожен]
    ✗ Бурав C6           @ (8,6,1) [уничтожен]
    ✗ Провокатор C7      @ (9,3,2) [уничтожен]
    ✗ Паук C8            @ (8,5,1) [уничтожен]

======================================================================
ИТОГ
======================================================================
Лимит ходов (30) исчерпан, ничья/пат.

--- Сводка по командам ---
  Team A: 1/8 живых; hp=2
  Team B: 7/8 живых; hp=18
  Team C: 1/8 живых; hp=2

--- Сводка по пассивкам радиовышек ---
  Team A: сканирований=11, всего врагов-в-слоях=0, уникальных эксклюзивных (видны только радиовышкой)=0
  Team B: сканирований=6, всего врагов-в-слоях=3, уникальных эксклюзивных (видны только радиовышкой)=0
  Team C: сканирований=6, всего врагов-в-слоях=8, уникальных эксклюзивных (видны только радиовышкой)=0

--- Сводка по попаданиям ---
  Всего событий (шоты+тараны+мины): 24
  Уничтожено кораблей всего: 15
  Team A: урон=21 хиты=2 тараны=6 мины(сработало)=0 убийств=7
  Team B: урон=27 хиты=12 тараны=3 мины(сработало)=0 убийств=7
  Team C: урон=2 хиты=1 тараны=0 мины(сработало)=0 убийств=1
! 🎮 GM: остановка игры
