======================================================================
Space Battle 10×10×10 — simulation run at 2026-04-20T13:31:54+00:00
Game mode: advanced
Seed: 112
✓ 🚀 Продвинутый режим: создаю разные типы кораблей
   Команда A: спавн вдоль оси Y от (9, 4, 9) до (9, 0, 9)
   Команда B: спавн вдоль оси Z от (7, 0, 6) до (7, 0, 0)
   Команда C: спавн вдоль оси Z от (9, 2, 7) до (9, 2, 0)
✓ ✅ Создано 24 кораблей


--- СТАРТОВАЯ РАССТАНОВКА ---
  Team A: живых 8/8
    ✓ Артиллерия A1      @ (9,4,9) hp=1/1
    ✓ Радиовышка A2      @ (9,7,9) hp=3/3
    ✓ Прыгун A3          @ (9,6,9) hp=2/2
    ✓ Факел A4           @ (9,8,9) hp=6/6
    ✓ Тишина A5          @ (9,5,9) hp=2/2
    ✓ Бурав A6           @ (9,1,9) hp=4/4
    ✓ Провокатор A7      @ (9,2,9) hp=2/2
    ✓ Паук A8            @ (9,0,9) hp=1/1
  Team B: живых 8/8
    ✓ Артиллерия B1      @ (7,0,6) hp=1/1
    ✓ Радиовышка B2      @ (7,0,3) hp=3/3
    ✓ Прыгун B3          @ (7,0,7) hp=2/2
    ✓ Факел B4           @ (7,0,8) hp=6/6
    ✓ Тишина B5          @ (7,0,2) hp=2/2
    ✓ Бурав B6           @ (7,0,5) hp=4/4
    ✓ Провокатор B7      @ (7,0,1) hp=2/2
    ✓ Паук B8            @ (7,0,0) hp=1/1
  Team C: живых 8/8
    ✓ Артиллерия C1      @ (9,2,7) hp=1/1
    ✓ Радиовышка C2      @ (9,2,8) hp=3/3
    ✓ Прыгун C3          @ (9,2,5) hp=2/2
    ✓ Факел C4           @ (9,2,3) hp=6/6
    ✓ Тишина C5          @ (9,2,4) hp=2/2
    ✓ Бурав C6           @ (9,2,6) hp=4/4
    ✓ Провокатор C7      @ (9,2,2) hp=2/2
    ✓ Паук C8            @ (9,2,0) hp=1/1

======================================================================
ХОД 1
======================================================================
✓ 🎮 GM: начинаем ход
GM: start_turn

--- Радиовышки: сканирование слоя Z ---
  Радиовышка A2 (z=9): слой чист
  Радиовышка B2 (z=3): видит 1 врагов  → Факел C4(9,2,3)
  Радиовышка C2 (z=8): видит 1 врагов  → Факел B4(7,0,8)

--- Решения ботов ---
  [Team A] Артиллерия A1 (9,4,9) → SHOOT at (9,2,7)
  [Team A] Радиовышка A2 (9,7,9) → MOVE (9,6,8)
  [Team A] Прыгун A3 (9,6,9) → MOVE (9,5,8)
  [Team A] Тишина A5 (9,5,9) → PHASE toggle
  [Team A] Бурав A6 (9,1,9) → MOVE (9,2,8)
  [Team A] Провокатор A7 (9,2,9) → SHOOT at (9,2,7)
  [Team A] Паук A8 (9,0,9) → MINE (8,1,8)
  [Team A] Факел A4 → SKIP
  [Team B] Артиллерия B1 (7,0,6) → SHOOT at (9,2,7)
  [Team B] Радиовышка B2 (7,0,3) → MOVE (8,1,4)
  [Team B] Прыгун B3 (7,0,7) → MOVE (9,2,7)
  [Team B] Тишина B5 (7,0,2) → PHASE toggle
  [Team B] Бурав B6 (7,0,5) → MOVE (9,2,5)
  [Team B] Провокатор B7 (7,0,1) → HOLOGRAM (8,1,2)
  [Team B] Паук B8 (7,0,0) → MINE (8,1,1)
  [Team B] Факел B4 → SKIP
  [Team C] Артиллерия C1 (9,2,7) → SHOOT at (9,4,9)
  [Team C] Радиовышка C2 (9,2,8) → MOVE (9,1,9)
  [Team C] Прыгун C3 (9,2,5) → MOVE (7,0,6)
  [Team C] Тишина C5 (9,2,4) → PHASE toggle
  [Team C] Бурав C6 (9,2,6) → MOVE (9,2,9)
  [Team C] Провокатор C7 (9,2,2) → HOLOGRAM (8,1,3)
  [Team C] Паук C8 (9,2,0) → MINE (8,1,1)
  [Team C] Факел C4 → SKIP
! 🎮 GM: принудительно завершает фазу планирования
GM: end_planning
# 
============================================================
# 🔄 ОБРАБОТКА ХОДА 1
# ============================================================
   🌀 Тишина A5: фаза ВКЛ
   🌀 Тишина B5: фаза ВКЛ
   🌀 Тишина C5: фаза ВКЛ
   🪞 Провокатор B7 создал голограмму H1 в (8,1,2)
   🪞 Провокатор C7 создал голограмму H2 в (8,1,3)
   💣 Паук A8 установил мину M1 в (8,1,8)
   💣 Паук B8 установил мину M2 в (8,1,1)
!    ⚠️ Паук C8: в клетке уже стоит мина

📦 ПЕРЕМЕЩЕНИЯ:
   Радиовышка A2: (9, 7, 9) → (9,6,8)
   Прыгун A3: (9, 6, 9) → (9,5,8)
✓    💥 Бурав A6 тараном уничтожил Радиовышка C2 в (9,2,8)
   Бурав A6: (9, 1, 9) → (9,2,8)
   Радиовышка B2: (7, 0, 3) → (8,1,4)
✓    💥 Прыгун B3 тараном уничтожил Артиллерия C1 в (9,2,7)
   Прыгун B3: (7, 0, 7) → (9,2,7)
✓    💥 Бурав B6 тараном уничтожил Прыгун C3 в (9,2,5)
   Бурав B6: (7, 0, 5) → (9,2,5)
✓    💥 Бурав C6 тараном уничтожил Провокатор A7 в (9,2,9)
   Бурав C6: (9, 2, 6) → (9,2,9)

🎯 ВЫСТРЕЛЫ:
✓    ✅ Артиллерия A1 поразил Прыгун B3 (2 урона)!
   Выпущено ракет: 2
# 
📊 РЕЗУЛЬТАТЫ ХОДА 1:
✓ 💥 ПОПАДАНИЯ:
✓    Артиллерия A1 (Team A) → Прыгун B3 (Team B)

--- Результаты хода ---
  Team A / Бурав A6           → Team C / Радиовышка C2      @ (9,2,8)  (УБИТ)
  Team B / Прыгун B3          → Team C / Артиллерия C1      @ (9,2,7)  (УБИТ)
  Team B / Бурав B6           → Team C / Прыгун C3          @ (9,2,5)  (УБИТ)
  Team C / Бурав C6           → Team A / Провокатор A7      @ (9,2,9)  (УБИТ)
  Team A / Артиллерия A1      → Team B / Прыгун B3          @ (9,2,7)  (УБИТ)

--- Состояние команд после хода ---
  Team A: живых 7/8
    ✓ Артиллерия A1      @ (9,4,9) hp=1/1
    ✓ Радиовышка A2      @ (9,6,8) hp=3/3
    ✓ Прыгун A3          @ (9,5,8) hp=2/2
    ✓ Факел A4           @ (9,8,9) hp=6/6
    ✓ Тишина A5          @ (9,5,9) hp=2/2
    ✓ Бурав A6           @ (9,2,8) hp=4/4
    ✓ Паук A8            @ (9,0,9) hp=1/1
    ✗ Провокатор A7      @ (9,2,9) [уничтожен]
  Team B: живых 7/8
    ✓ Артиллерия B1      @ (7,0,6) hp=1/1
    ✓ Радиовышка B2      @ (8,1,4) hp=3/3
    ✓ Факел B4           @ (7,0,8) hp=6/6
    ✓ Тишина B5          @ (7,0,2) hp=2/2
    ✓ Бурав B6           @ (9,2,5) hp=4/4
    ✓ Провокатор B7      @ (7,0,1) hp=2/2
    ✓ Паук B8            @ (7,0,0) hp=1/1
    ✗ Прыгун B3          @ (9,2,7) [уничтожен]
  Team C: живых 5/8
    ✓ Факел C4           @ (9,2,3) hp=6/6
    ✓ Тишина C5          @ (9,2,4) hp=2/2
    ✓ Бурав C6           @ (9,2,9) hp=4/4
    ✓ Провокатор C7      @ (9,2,2) hp=2/2
    ✓ Паук C8            @ (9,2,0) hp=1/1
    ✗ Артиллерия C1      @ (9,2,7) [уничтожен]
    ✗ Радиовышка C2      @ (9,2,8) [уничтожен]
    ✗ Прыгун C3          @ (9,2,5) [уничтожен]

======================================================================
ХОД 2
======================================================================
✓ 🎮 GM: начинаем ход
GM: start_turn

--- Радиовышки: сканирование слоя Z ---
  Радиовышка A2 (z=8): видит 1 врагов  → Факел B4(7,0,8)
  Радиовышка B2 (z=4): слой чист

--- Решения ботов ---
  [Team A] Артиллерия A1 (9,4,9) → SHOOT at (7,0,6)
  [Team A] Радиовышка A2 (9,6,8) → MOVE (9,5,7)
  [Team A] Прыгун A3 (9,5,8) → MOVE (9,4,7)
  [Team A] Факел A4 (9,8,9) → MOVE (9,7,9)
  [Team A] Бурав A6 (9,2,8) → MOVE (7,0,8)
  [Team A] Паук A8 (9,0,9) → MINE (8,1,8)
  [Team A] Тишина A5 → SKIP
  [Team B] Артиллерия B1 (7,0,6) → SHOOT at (9,4,9)
  [Team B] Радиовышка B2 (8,1,4) → MOVE (9,2,3)
  [Team B] Факел B4 (7,0,8) → MOVE (7,0,7)
  [Team B] Тишина B5 (7,0,2) → MOVE (8,1,3)
  [Team B] Бурав B6 (9,2,5) → MOVE (9,5,8)
  [Team B] Провокатор B7 (7,0,1) → HOLOGRAM (8,1,2)
  [Team B] Паук B8 (7,0,0) → MINE (8,1,1)
  [Team C] Факел C4 (9,2,3) → SHOOT at (9,2,5)
  [Team C] Тишина C5 (9,2,4) → MOVE (8,1,4)
  [Team C] Бурав C6 (9,2,9) → MOVE (9,4,9)
  [Team C] Провокатор C7 (9,2,2) → HOLOGRAM (8,1,3)
  [Team C] Паук C8 (9,2,0) → MINE (8,1,1)
! 🎮 GM: принудительно завершает фазу планирования
GM: end_planning
# 
============================================================
# 🔄 ОБРАБОТКА ХОДА 2
# ============================================================
!    ⚠️ Провокатор B7: клетка (8,1,2) уже занята голограммой
!    ⚠️ Провокатор C7: клетка (8,1,3) уже занята голограммой
!    ⚠️ Паук A8: в клетке уже стоит мина
!    ⚠️ Паук B8: в клетке уже стоит мина
!    ⚠️ Паук C8: в клетке уже стоит мина

📦 ПЕРЕМЕЩЕНИЯ:
   Радиовышка A2: (9, 6, 8) → (9,5,7)
   Прыгун A3: (9, 5, 8) → (9,4,7)
   Факел A4: (9, 8, 9) → (9,7,9)
✓    💥 Бурав A6 тараном уничтожил Факел B4 в (7,0,8)
   Бурав A6: (9, 2, 8) → (7,0,8)
!    ⚠️ Радиовышка B2: клетка (9,2,3) занята
!    ⚠️ Тишина B5: клетка (8,1,3) занята
   Бурав B6: (9, 2, 5) → (9,5,8)
!    ⚠️ Тишина C5: клетка (8,1,4) занята
✓    💥 Бурав C6 тараном уничтожил Артиллерия A1 в (9,4,9)
   Бурав C6: (9, 2, 9) → (9,4,9)

🎯 ВЫСТРЕЛЫ:
✓    ✅ Артиллерия B1 поразил Бурав C6 (2 урона)!
   Выпущено ракет: 2
# 
📊 РЕЗУЛЬТАТЫ ХОДА 2:
✓ 💥 ПОПАДАНИЯ:
✓    Артиллерия B1 (Team B) → Бурав C6 (Team C)

--- Результаты хода ---
  Team A / Бурав A6           → Team B / Факел B4           @ (7,0,8)  (УБИТ)
  Team C / Бурав C6           → Team A / Артиллерия A1      @ (9,4,9)  (УБИТ)
  Team B / Артиллерия B1      → Team C / Бурав C6           @ (9,4,9)  (ранен)

--- Состояние команд после хода ---
  Team A: живых 6/8
    ✓ Радиовышка A2      @ (9,5,7) hp=3/3
    ✓ Прыгун A3          @ (9,4,7) hp=2/2
    ✓ Факел A4           @ (9,7,9) hp=6/6
    ✓ Тишина A5          @ (9,5,9) hp=2/2
    ✓ Бурав A6           @ (7,0,8) hp=4/4
    ✓ Паук A8            @ (9,0,9) hp=1/1
    ✗ Артиллерия A1      @ (9,4,9) [уничтожен]
    ✗ Провокатор A7      @ (9,2,9) [уничтожен]
  Team B: живых 6/8
    ✓ Артиллерия B1      @ (7,0,6) hp=1/1
    ✓ Радиовышка B2      @ (8,1,4) hp=3/3
    ✓ Тишина B5          @ (7,0,2) hp=2/2
    ✓ Бурав B6           @ (9,5,8) hp=4/4
    ✓ Провокатор B7      @ (7,0,1) hp=2/2
    ✓ Паук B8            @ (7,0,0) hp=1/1
    ✗ Прыгун B3          @ (9,2,7) [уничтожен]
    ✗ Факел B4           @ (7,0,8) [уничтожен]
  Team C: живых 5/8
    ✓ Факел C4           @ (9,2,3) hp=6/6
    ✓ Тишина C5          @ (9,2,4) hp=2/2
    ✓ Бурав C6           @ (9,4,9) hp=2/4
    ✓ Провокатор C7      @ (9,2,2) hp=2/2
    ✓ Паук C8            @ (9,2,0) hp=1/1
    ✗ Артиллерия C1      @ (9,2,7) [уничтожен]
    ✗ Радиовышка C2      @ (9,2,8) [уничтожен]
    ✗ Прыгун C3          @ (9,2,5) [уничтожен]

======================================================================
ХОД 3
======================================================================
✓ 🎮 GM: начинаем ход
GM: start_turn

--- Радиовышки: сканирование слоя Z ---
  Радиовышка A2 (z=7): слой чист
  Радиовышка B2 (z=4): слой чист

--- Решения ботов ---
  [Team A] Радиовышка A2 (9,5,7) → MOVE (9,5,8)
  [Team A] Прыгун A3 (9,4,7) → MOVE (9,4,9)
  [Team A] Факел A4 (9,7,9) → SHOOT at (9,4,9)
  [Team A] Бурав A6 (7,0,8) → MOVE (7,0,6)
  [Team A] Паук A8 (9,0,9) → MINE (8,0,8)
  [Team A] Тишина A5 → SKIP
  [Team B] Артиллерия B1 (7,0,6) → SHOOT at (9,4,9)
  [Team B] Радиовышка B2 (8,1,4) → MOVE (9,2,3)
  [Team B] Тишина B5 (7,0,2) → MOVE (8,1,3)
  [Team B] Бурав B6 (9,5,8) → MOVE (9,4,7)
  [Team B] Провокатор B7 (7,0,1) → HOLOGRAM (8,1,2)
  [Team B] Паук B8 (7,0,0) → MINE (8,1,1)
  [Team C] Факел C4 (9,2,3) → MOVE (9,3,4)
  [Team C] Тишина C5 (9,2,4) → MOVE (8,1,4)
  [Team C] Бурав C6 (9,4,9) → MOVE (9,7,9)
  [Team C] Провокатор C7 (9,2,2) → HOLOGRAM (8,1,3)
  [Team C] Паук C8 (9,2,0) → MINE (8,1,1)
! 🎮 GM: принудительно завершает фазу планирования
GM: end_planning
# 
============================================================
# 🔄 ОБРАБОТКА ХОДА 3
# ============================================================
!    ⚠️ Провокатор B7: клетка (8,1,2) уже занята голограммой
!    ⚠️ Провокатор C7: клетка (8,1,3) уже занята голограммой
   💣 Паук A8 установил мину M3 в (8,0,8)
!    ⚠️ Паук B8: в клетке уже стоит мина
!    ⚠️ Паук C8: в клетке уже стоит мина

📦 ПЕРЕМЕЩЕНИЯ:
!    ⚠️ Радиовышка A2: клетка (9,5,8) занята
✓    💥 Прыгун A3 тараном уничтожил Бурав C6 в (9,4,9)
   Прыгун A3: (9, 4, 7) → (9,4,9)
✓    💥 Бурав A6 тараном уничтожил Артиллерия B1 в (7,0,6)
   Бурав A6: (7, 0, 8) → (7,0,6)
!    ⚠️ Радиовышка B2: клетка (9,2,3) занята
!    ⚠️ Тишина B5: клетка (8,1,3) занята
   Бурав B6: (9, 5, 8) → (9,4,7)
   Факел C4: (9, 2, 3) → (9,3,4)
!    ⚠️ Тишина C5: клетка (8,1,4) занята

🎯 ВЫСТРЕЛЫ:
!    🛡️ Выстрел Факел A4 заблокирован союзником Прыгун A3 в (9, 4, 9)
   Выпущено ракет: 1
# 
📊 РЕЗУЛЬТАТЫ ХОДА 3:
🎯 Попаданий нет

--- Результаты хода ---
  Team A / Прыгун A3          → Team C / Бурав C6           @ (9,4,9)  (УБИТ)
  Team A / Бурав A6           → Team B / Артиллерия B1      @ (7,0,6)  (УБИТ)

--- Состояние команд после хода ---
  Team A: живых 6/8
    ✓ Радиовышка A2      @ (9,5,7) hp=3/3
    ✓ Прыгун A3          @ (9,4,9) hp=2/2
    ✓ Факел A4           @ (9,7,9) hp=6/6
    ✓ Тишина A5          @ (9,5,9) hp=2/2
    ✓ Бурав A6           @ (7,0,6) hp=4/4
    ✓ Паук A8            @ (9,0,9) hp=1/1
    ✗ Артиллерия A1      @ (9,4,9) [уничтожен]
    ✗ Провокатор A7      @ (9,2,9) [уничтожен]
  Team B: живых 5/8
    ✓ Радиовышка B2      @ (8,1,4) hp=3/3
    ✓ Тишина B5          @ (7,0,2) hp=2/2
    ✓ Бурав B6           @ (9,4,7) hp=4/4
    ✓ Провокатор B7      @ (7,0,1) hp=2/2
    ✓ Паук B8            @ (7,0,0) hp=1/1
    ✗ Артиллерия B1      @ (7,0,6) [уничтожен]
    ✗ Прыгун B3          @ (9,2,7) [уничтожен]
    ✗ Факел B4           @ (7,0,8) [уничтожен]
  Team C: живых 4/8
    ✓ Факел C4           @ (9,3,4) hp=6/6
    ✓ Тишина C5          @ (9,2,4) hp=2/2
    ✓ Провокатор C7      @ (9,2,2) hp=2/2
    ✓ Паук C8            @ (9,2,0) hp=1/1
    ✗ Артиллерия C1      @ (9,2,7) [уничтожен]
    ✗ Радиовышка C2      @ (9,2,8) [уничтожен]
    ✗ Прыгун C3          @ (9,2,5) [уничтожен]
    ✗ Бурав C6           @ (9,4,9) [уничтожен]

======================================================================
ХОД 4
======================================================================
✓ 🎮 GM: начинаем ход
GM: start_turn

--- Радиовышки: сканирование слоя Z ---
  Радиовышка A2 (z=7): видит 1 врагов  → Бурав B6(9,4,7)
  Радиовышка B2 (z=4): видит 1 врагов  → Факел C4(9,3,4)

--- Решения ботов ---
  [Team A] Радиовышка A2 (9,5,7) → MOVE (9,4,7)
  [Team A] Прыгун A3 (9,4,9) → SHOOT at (9,4,7)
  [Team A] Факел A4 (9,7,9) → MOVE (9,6,9)
  [Team A] Тишина A5 (9,5,9) → MOVE (9,4,8)
  [Team A] Бурав A6 (7,0,6) → MOVE (8,1,5)
  [Team A] Паук A8 (9,0,9) → MINE (9,1,8)
  [Team B] Радиовышка B2 (8,1,4) → MOVE (7,0,5)
  [Team B] Тишина B5 (7,0,2) → MOVE (8,1,2)
  [Team B] Бурав B6 (9,4,7) → MOVE (9,4,9)
  [Team B] Провокатор B7 (7,0,1) → HOLOGRAM (8,0,2)
  [Team B] Паук B8 (7,0,0) → MINE (8,1,1)
  [Team C] Факел C4 (9,3,4) → MOVE (9,2,3)
  [Team C] Тишина C5 (9,2,4) → MOVE (8,1,4)
  [Team C] Провокатор C7 (9,2,2) → HOLOGRAM (8,1,3)
  [Team C] Паук C8 (9,2,0) → MINE (8,1,1)
! 🎮 GM: принудительно завершает фазу планирования
GM: end_planning
# 
============================================================
# 🔄 ОБРАБОТКА ХОДА 4
# ============================================================
   🪞 Провокатор B7 создал голограмму H3 в (8,0,2)
!    ⚠️ Провокатор C7: клетка (8,1,3) уже занята голограммой
   💣 Паук A8 установил мину M4 в (9,1,8)
!    ⚠️ Паук B8: в клетке уже стоит мина
!    ⚠️ Паук C8: в клетке уже стоит мина

📦 ПЕРЕМЕЩЕНИЯ:
!    ⚠️ Радиовышка A2: клетка (9,4,7) занята
   Факел A4: (9, 7, 9) → (9,6,9)
   Тишина A5: (9, 5, 9) → (9,4,8)
!    ⚠️ Бурав A6: Бурав двигается только по 1 оси или по 2 осям строго диагонально
   Радиовышка B2: (8, 1, 4) → (7,0,5)
!    ⚠️ Тишина B5: клетка (8,1,2) занята
✓    💥 Бурав B6 тараном уничтожил Прыгун A3 в (9,4,9)
   Бурав B6: (9, 4, 7) → (9,4,9)
   Факел C4: (9, 3, 4) → (9,2,3)
   Тишина C5: (9, 2, 4) → (8,1,4)

🎯 ВЫСТРЕЛЫ:
   Выпущено ракет: 0
# 
📊 РЕЗУЛЬТАТЫ ХОДА 4:
🎯 Попаданий нет

--- Результаты хода ---
  Team B / Бурав B6           → Team A / Прыгун A3          @ (9,4,9)  (УБИТ)

--- Состояние команд после хода ---
  Team A: живых 5/8
    ✓ Радиовышка A2      @ (9,5,7) hp=3/3
    ✓ Факел A4           @ (9,6,9) hp=6/6
    ✓ Тишина A5          @ (9,4,8) hp=2/2
    ✓ Бурав A6           @ (7,0,6) hp=4/4
    ✓ Паук A8            @ (9,0,9) hp=1/1
    ✗ Артиллерия A1      @ (9,4,9) [уничтожен]
    ✗ Прыгун A3          @ (9,4,9) [уничтожен]
    ✗ Провокатор A7      @ (9,2,9) [уничтожен]
  Team B: живых 5/8
    ✓ Радиовышка B2      @ (7,0,5) hp=3/3
    ✓ Тишина B5          @ (7,0,2) hp=2/2
    ✓ Бурав B6           @ (9,4,9) hp=4/4
    ✓ Провокатор B7      @ (7,0,1) hp=2/2
    ✓ Паук B8            @ (7,0,0) hp=1/1
    ✗ Артиллерия B1      @ (7,0,6) [уничтожен]
    ✗ Прыгун B3          @ (9,2,7) [уничтожен]
    ✗ Факел B4           @ (7,0,8) [уничтожен]
  Team C: живых 4/8
    ✓ Факел C4           @ (9,2,3) hp=6/6
    ✓ Тишина C5          @ (8,1,4) hp=2/2
    ✓ Провокатор C7      @ (9,2,2) hp=2/2
    ✓ Паук C8            @ (9,2,0) hp=1/1
    ✗ Артиллерия C1      @ (9,2,7) [уничтожен]
    ✗ Радиовышка C2      @ (9,2,8) [уничтожен]
    ✗ Прыгун C3          @ (9,2,5) [уничтожен]
    ✗ Бурав C6           @ (9,4,9) [уничтожен]

======================================================================
ХОД 5
======================================================================
✓ 🎮 GM: начинаем ход
GM: start_turn

--- Радиовышки: сканирование слоя Z ---
  Радиовышка A2 (z=7): слой чист
  Радиовышка B2 (z=5): слой чист

--- Решения ботов ---
  [Team A] Радиовышка A2 (9,5,7) → MOVE (9,4,7)
  [Team A] Факел A4 (9,6,9) → SHOOT at (9,4,9)
  [Team A] Тишина A5 (9,4,8) → MOVE (9,4,9)
  [Team A] Бурав A6 (7,0,6) → MOVE (7,0,5)
  [Team A] Паук A8 (9,0,9) → MINE (8,0,8)
  [Team B] Радиовышка B2 (7,0,5) → MOVE (7,0,6)
  [Team B] Тишина B5 (7,0,2) → MOVE (8,1,3)
  [Team B] Бурав B6 (9,4,9) → MOVE (9,6,9)
  [Team B] Провокатор B7 (7,0,1) → HOLOGRAM (8,1,2)
  [Team B] Паук B8 (7,0,0) → MINE (8,1,1)
  [Team C] Тишина C5 (8,1,4) → MOVE (7,0,5)
  [Team C] Провокатор C7 (9,2,2) → HOLOGRAM (8,1,1)
  [Team C] Паук C8 (9,2,0) → MINE (8,1,1)
  [Team C] Факел C4 → SKIP
! 🎮 GM: принудительно завершает фазу планирования
GM: end_planning
# 
============================================================
# 🔄 ОБРАБОТКА ХОДА 5
# ============================================================
!    ⚠️ Провокатор B7: клетка (8,1,2) уже занята голограммой
   🪞 Провокатор C7 создал голограмму H4 в (8,1,1)
!    ⚠️ Паук A8: в клетке уже стоит мина
!    ⚠️ Паук B8: в клетке уже стоит мина
!    ⚠️ Паук C8: в клетке уже стоит мина

📦 ПЕРЕМЕЩЕНИЯ:
   Радиовышка A2: (9, 5, 7) → (9,4,7)
!    ⚠️ Тишина A5: клетка (9,4,9) занята
✓    💥 Бурав A6 тараном уничтожил Радиовышка B2 в (7,0,5)
   Бурав A6: (7, 0, 6) → (7,0,5)
!    ⚠️ Тишина B5: клетка (8,1,3) занята
✓    💥 Бурав B6 тараном уничтожил Факел A4 в (9,6,9)
   Бурав B6: (9, 4, 9) → (9,6,9)
!    ⚠️ Тишина C5: клетка (7,0,5) занята

🎯 ВЫСТРЕЛЫ:
   Выпущено ракет: 0
# 
📊 РЕЗУЛЬТАТЫ ХОДА 5:
🎯 Попаданий нет

--- Результаты хода ---
  Team A / Бурав A6           → Team B / Радиовышка B2      @ (7,0,5)  (УБИТ)
  Team B / Бурав B6           → Team A / Факел A4           @ (9,6,9)  (УБИТ)

--- Состояние команд после хода ---
  Team A: живых 4/8
    ✓ Радиовышка A2      @ (9,4,7) hp=3/3
    ✓ Тишина A5          @ (9,4,8) hp=2/2
    ✓ Бурав A6           @ (7,0,5) hp=4/4
    ✓ Паук A8            @ (9,0,9) hp=1/1
    ✗ Артиллерия A1      @ (9,4,9) [уничтожен]
    ✗ Прыгун A3          @ (9,4,9) [уничтожен]
    ✗ Факел A4           @ (9,6,9) [уничтожен]
    ✗ Провокатор A7      @ (9,2,9) [уничтожен]
  Team B: живых 4/8
    ✓ Тишина B5          @ (7,0,2) hp=2/2
    ✓ Бурав B6           @ (9,6,9) hp=4/4
    ✓ Провокатор B7      @ (7,0,1) hp=2/2
    ✓ Паук B8            @ (7,0,0) hp=1/1
    ✗ Артиллерия B1      @ (7,0,6) [уничтожен]
    ✗ Радиовышка B2      @ (7,0,5) [уничтожен]
    ✗ Прыгун B3          @ (9,2,7) [уничтожен]
    ✗ Факел B4           @ (7,0,8) [уничтожен]
  Team C: живых 4/8
    ✓ Факел C4           @ (9,2,3) hp=6/6
    ✓ Тишина C5          @ (8,1,4) hp=2/2
    ✓ Провокатор C7      @ (9,2,2) hp=2/2
    ✓ Паук C8            @ (9,2,0) hp=1/1
    ✗ Артиллерия C1      @ (9,2,7) [уничтожен]
    ✗ Радиовышка C2      @ (9,2,8) [уничтожен]
    ✗ Прыгун C3          @ (9,2,5) [уничтожен]
    ✗ Бурав C6           @ (9,4,9) [уничтожен]

======================================================================
ХОД 6
======================================================================
✓ 🎮 GM: начинаем ход
GM: start_turn

--- Радиовышки: сканирование слоя Z ---
  Радиовышка A2 (z=7): слой чист

--- Решения ботов ---
  [Team A] Радиовышка A2 (9,4,7) → MOVE (9,5,8)
  [Team A] Тишина A5 (9,4,8) → MOVE (9,5,9)
  [Team A] Бурав A6 (7,0,5) → MOVE (8,1,4)
  [Team A] Паук A8 (9,0,9) → MOVE (9,1,9)
  [Team B] Тишина B5 (7,0,2) → MOVE (8,1,3)
  [Team B] Бурав B6 (9,6,9) → MOVE (9,4,7)
  [Team B] Провокатор B7 (7,0,1) → HOLOGRAM (8,1,2)
  [Team B] Паук B8 (7,0,0) → MINE (8,1,1)
  [Team C] Тишина C5 (8,1,4) → MOVE (7,0,5)
  [Team C] Провокатор C7 (9,2,2) → HOLOGRAM (8,1,1)
  [Team C] Паук C8 (9,2,0) → MINE (8,1,1)
  [Team C] Факел C4 → SKIP
! 🎮 GM: принудительно завершает фазу планирования
GM: end_planning
# 
============================================================
# 🔄 ОБРАБОТКА ХОДА 6
# ============================================================
!    ⚠️ Провокатор B7: клетка (8,1,2) уже занята голограммой
!    ⚠️ Провокатор C7: клетка (8,1,1) уже занята голограммой
!    ⚠️ Паук B8: в клетке уже стоит мина
!    ⚠️ Паук C8: в клетке уже стоит мина

📦 ПЕРЕМЕЩЕНИЯ:
   Радиовышка A2: (9, 4, 7) → (9,5,8)
   Тишина A5: (9, 4, 8) → (9,5,9)
!    ⚠️ Бурав A6: Бурав двигается только по 1 оси или по 2 осям строго диагонально
   Паук A8: (9, 0, 9) → (9,1,9)
!    ⚠️ Тишина B5: клетка (8,1,3) занята
   Бурав B6: (9, 6, 9) → (9,4,7)
!    ⚠️ Тишина C5: клетка (7,0,5) занята

🎯 ВЫСТРЕЛЫ:
   Выпущено ракет: 0
# 
📊 РЕЗУЛЬТАТЫ ХОДА 6:
🎯 Попаданий нет

--- Результаты хода ---
  Попаданий нет

--- Состояние команд после хода ---
  Team A: живых 4/8
    ✓ Радиовышка A2      @ (9,5,8) hp=3/3
    ✓ Тишина A5          @ (9,5,9) hp=2/2
    ✓ Бурав A6           @ (7,0,5) hp=4/4
    ✓ Паук A8            @ (9,1,9) hp=1/1
    ✗ Артиллерия A1      @ (9,4,9) [уничтожен]
    ✗ Прыгун A3          @ (9,4,9) [уничтожен]
    ✗ Факел A4           @ (9,6,9) [уничтожен]
    ✗ Провокатор A7      @ (9,2,9) [уничтожен]
  Team B: живых 4/8
    ✓ Тишина B5          @ (7,0,2) hp=2/2
    ✓ Бурав B6           @ (9,4,7) hp=4/4
    ✓ Провокатор B7      @ (7,0,1) hp=2/2
    ✓ Паук B8            @ (7,0,0) hp=1/1
    ✗ Артиллерия B1      @ (7,0,6) [уничтожен]
    ✗ Радиовышка B2      @ (7,0,5) [уничтожен]
    ✗ Прыгун B3          @ (9,2,7) [уничтожен]
    ✗ Факел B4           @ (7,0,8) [уничтожен]
  Team C: живых 4/8
    ✓ Факел C4           @ (9,2,3) hp=6/6
    ✓ Тишина C5          @ (8,1,4) hp=2/2
    ✓ Провокатор C7      @ (9,2,2) hp=2/2
    ✓ Паук C8            @ (9,2,0) hp=1/1
    ✗ Артиллерия C1      @ (9,2,7) [уничтожен]
    ✗ Радиовышка C2      @ (9,2,8) [уничтожен]
    ✗ Прыгун C3          @ (9,2,5) [уничтожен]
    ✗ Бурав C6           @ (9,4,9) [уничтожен]

======================================================================
ХОД 7
======================================================================
✓ 🎮 GM: начинаем ход
GM: start_turn

--- Радиовышки: сканирование слоя Z ---
  Радиовышка A2 (z=8): слой чист

--- Решения ботов ---
  [Team A] Радиовышка A2 (9,5,8) → MOVE (9,4,7)
  [Team A] Тишина A5 (9,5,9) → PHASE toggle
  [Team A] Бурав A6 (7,0,5) → MOVE (8,1,4)
  [Team A] Паук A8 (9,1,9) → MINE (9,2,8)
  [Team B] Тишина B5 (7,0,2) → MOVE (8,1,3)
  [Team B] Бурав B6 (9,4,7) → MOVE (9,5,8)
  [Team B] Провокатор B7 (7,0,1) → HOLOGRAM (8,1,2)
  [Team B] Паук B8 (7,0,0) → MINE (8,1,1)
  [Team C] Тишина C5 (8,1,4) → MOVE (7,0,5)
  [Team C] Провокатор C7 (9,2,2) → HOLOGRAM (8,1,1)
  [Team C] Паук C8 (9,2,0) → MINE (8,1,1)
  [Team C] Факел C4 → SKIP
! 🎮 GM: принудительно завершает фазу планирования
GM: end_planning
# 
============================================================
# 🔄 ОБРАБОТКА ХОДА 7
# ============================================================
   🌀 Тишина A5: фаза ВЫКЛ
!    ⚠️ Провокатор B7: клетка (8,1,2) уже занята голограммой
!    ⚠️ Провокатор C7: клетка (8,1,1) уже занята голограммой
   💣 Паук A8 установил мину M5 в (9,2,8)
!    ⚠️ Паук B8: в клетке уже стоит мина
!    ⚠️ Паук C8: в клетке уже стоит мина

📦 ПЕРЕМЕЩЕНИЯ:
!    ⚠️ Радиовышка A2: клетка (9,4,7) занята
!    ⚠️ Бурав A6: Бурав двигается только по 1 оси или по 2 осям строго диагонально
!    ⚠️ Тишина B5: клетка (8,1,3) занята
✓    💥 Бурав B6 тараном уничтожил Радиовышка A2 в (9,5,8)
   Бурав B6: (9, 4, 7) → (9,5,8)
!    ⚠️ Тишина C5: клетка (7,0,5) занята

🎯 ВЫСТРЕЛЫ:
   Выпущено ракет: 0
# 
📊 РЕЗУЛЬТАТЫ ХОДА 7:
🎯 Попаданий нет

--- Результаты хода ---
  Team B / Бурав B6           → Team A / Радиовышка A2      @ (9,5,8)  (УБИТ)

--- Состояние команд после хода ---
  Team A: живых 3/8
    ✓ Тишина A5          @ (9,5,9) hp=2/2
    ✓ Бурав A6           @ (7,0,5) hp=4/4
    ✓ Паук A8            @ (9,1,9) hp=1/1
    ✗ Артиллерия A1      @ (9,4,9) [уничтожен]
    ✗ Радиовышка A2      @ (9,5,8) [уничтожен]
    ✗ Прыгун A3          @ (9,4,9) [уничтожен]
    ✗ Факел A4           @ (9,6,9) [уничтожен]
    ✗ Провокатор A7      @ (9,2,9) [уничтожен]
  Team B: живых 4/8
    ✓ Тишина B5          @ (7,0,2) hp=2/2
    ✓ Бурав B6           @ (9,5,8) hp=4/4
    ✓ Провокатор B7      @ (7,0,1) hp=2/2
    ✓ Паук B8            @ (7,0,0) hp=1/1
    ✗ Артиллерия B1      @ (7,0,6) [уничтожен]
    ✗ Радиовышка B2      @ (7,0,5) [уничтожен]
    ✗ Прыгун B3          @ (9,2,7) [уничтожен]
    ✗ Факел B4           @ (7,0,8) [уничтожен]
  Team C: живых 4/8
    ✓ Факел C4           @ (9,2,3) hp=6/6
    ✓ Тишина C5          @ (8,1,4) hp=2/2
    ✓ Провокатор C7      @ (9,2,2) hp=2/2
    ✓ Паук C8            @ (9,2,0) hp=1/1
    ✗ Артиллерия C1      @ (9,2,7) [уничтожен]
    ✗ Радиовышка C2      @ (9,2,8) [уничтожен]
    ✗ Прыгун C3          @ (9,2,5) [уничтожен]
    ✗ Бурав C6           @ (9,4,9) [уничтожен]

======================================================================
ХОД 8
======================================================================
✓ 🎮 GM: начинаем ход
GM: start_turn

--- Радиовышки: сканирование слоя Z ---
  (у команд не осталось живых радиовышек)

--- Решения ботов ---
  [Team A] Тишина A5 (9,5,9) → MOVE (9,5,8)
  [Team A] Бурав A6 (7,0,5) → MOVE (8,1,4)
  [Team A] Паук A8 (9,1,9) → MINE (9,2,8)
  [Team B] Тишина B5 (7,0,2) → MOVE (8,1,3)
  [Team B] Бурав B6 (9,5,8) → MOVE (9,5,9)
  [Team B] Провокатор B7 (7,0,1) → HOLOGRAM (8,1,2)
  [Team B] Паук B8 (7,0,0) → MINE (8,1,1)
  [Team C] Тишина C5 (8,1,4) → MOVE (7,0,5)
  [Team C] Провокатор C7 (9,2,2) → HOLOGRAM (8,1,1)
  [Team C] Паук C8 (9,2,0) → MINE (8,1,1)
  [Team C] Факел C4 → SKIP
! 🎮 GM: принудительно завершает фазу планирования
GM: end_planning
# 
============================================================
# 🔄 ОБРАБОТКА ХОДА 8
# ============================================================
!    ⚠️ Провокатор B7: клетка (8,1,2) уже занята голограммой
!    ⚠️ Провокатор C7: клетка (8,1,1) уже занята голограммой
!    ⚠️ Паук A8: в клетке уже стоит мина
!    ⚠️ Паук B8: в клетке уже стоит мина
!    ⚠️ Паук C8: в клетке уже стоит мина

📦 ПЕРЕМЕЩЕНИЯ:
!    ⚠️ Тишина A5: клетка (9,5,8) занята
!    ⚠️ Бурав A6: Бурав двигается только по 1 оси или по 2 осям строго диагонально
!    ⚠️ Тишина B5: клетка (8,1,3) занята
✓    💥 Бурав B6 тараном уничтожил Тишина A5 в (9,5,9)
   Бурав B6: (9, 5, 8) → (9,5,9)
!    ⚠️ Тишина C5: клетка (7,0,5) занята

🎯 ВЫСТРЕЛЫ:
   Выпущено ракет: 0
# 
📊 РЕЗУЛЬТАТЫ ХОДА 8:
🎯 Попаданий нет

--- Результаты хода ---
  Team B / Бурав B6           → Team A / Тишина A5          @ (9,5,9)  (УБИТ)

--- Состояние команд после хода ---
  Team A: живых 2/8
    ✓ Бурав A6           @ (7,0,5) hp=4/4
    ✓ Паук A8            @ (9,1,9) hp=1/1
    ✗ Артиллерия A1      @ (9,4,9) [уничтожен]
    ✗ Радиовышка A2      @ (9,5,8) [уничтожен]
    ✗ Прыгун A3          @ (9,4,9) [уничтожен]
    ✗ Факел A4           @ (9,6,9) [уничтожен]
    ✗ Тишина A5          @ (9,5,9) [уничтожен]
    ✗ Провокатор A7      @ (9,2,9) [уничтожен]
  Team B: живых 4/8
    ✓ Тишина B5          @ (7,0,2) hp=2/2
    ✓ Бурав B6           @ (9,5,9) hp=4/4
    ✓ Провокатор B7      @ (7,0,1) hp=2/2
    ✓ Паук B8            @ (7,0,0) hp=1/1
    ✗ Артиллерия B1      @ (7,0,6) [уничтожен]
    ✗ Радиовышка B2      @ (7,0,5) [уничтожен]
    ✗ Прыгун B3          @ (9,2,7) [уничтожен]
    ✗ Факел B4           @ (7,0,8) [уничтожен]
  Team C: живых 4/8
    ✓ Факел C4           @ (9,2,3) hp=6/6
    ✓ Тишина C5          @ (8,1,4) hp=2/2
    ✓ Провокатор C7      @ (9,2,2) hp=2/2
    ✓ Паук C8            @ (9,2,0) hp=1/1
    ✗ Артиллерия C1      @ (9,2,7) [уничтожен]
    ✗ Радиовышка C2      @ (9,2,8) [уничтожен]
    ✗ Прыгун C3          @ (9,2,5) [уничтожен]
    ✗ Бурав C6           @ (9,4,9) [уничтожен]

======================================================================
ХОД 9
======================================================================
✓ 🎮 GM: начинаем ход
GM: start_turn

--- Радиовышки: сканирование слоя Z ---
  (у команд не осталось живых радиовышек)

--- Решения ботов ---
  [Team A] Бурав A6 (7,0,5) → MOVE (8,1,4)
  [Team A] Паук A8 (9,1,9) → MINE (9,2,9)
  [Team B] Тишина B5 (7,0,2) → MOVE (8,1,3)
  [Team B] Бурав B6 (9,5,9) → MOVE (9,4,9)
  [Team B] Провокатор B7 (7,0,1) → HOLOGRAM (8,1,2)
  [Team B] Паук B8 (7,0,0) → MINE (8,1,1)
  [Team C] Тишина C5 (8,1,4) → MOVE (7,0,5)
  [Team C] Провокатор C7 (9,2,2) → HOLOGRAM (8,1,1)
  [Team C] Паук C8 (9,2,0) → MINE (8,1,1)
  [Team C] Факел C4 → SKIP
! 🎮 GM: принудительно завершает фазу планирования
GM: end_planning
# 
============================================================
# 🔄 ОБРАБОТКА ХОДА 9
# ============================================================
!    ⚠️ Провокатор B7: клетка (8,1,2) уже занята голограммой
!    ⚠️ Провокатор C7: клетка (8,1,1) уже занята голограммой
   💣 Паук A8 установил мину M6 в (9,2,9)
!    ⚠️ Паук B8: в клетке уже стоит мина
!    ⚠️ Паук C8: в клетке уже стоит мина

📦 ПЕРЕМЕЩЕНИЯ:
!    ⚠️ Бурав A6: Бурав двигается только по 1 оси или по 2 осям строго диагонально
!    ⚠️ Тишина B5: клетка (8,1,3) занята
   Бурав B6: (9, 5, 9) → (9,4,9)
!    ⚠️ Тишина C5: клетка (7,0,5) занята

🎯 ВЫСТРЕЛЫ:
   Выпущено ракет: 0
# 
📊 РЕЗУЛЬТАТЫ ХОДА 9:
🎯 Попаданий нет

--- Результаты хода ---
  Попаданий нет

--- Состояние команд после хода ---
  Team A: живых 2/8
    ✓ Бурав A6           @ (7,0,5) hp=4/4
    ✓ Паук A8            @ (9,1,9) hp=1/1
    ✗ Артиллерия A1      @ (9,4,9) [уничтожен]
    ✗ Радиовышка A2      @ (9,5,8) [уничтожен]
    ✗ Прыгун A3          @ (9,4,9) [уничтожен]
    ✗ Факел A4           @ (9,6,9) [уничтожен]
    ✗ Тишина A5          @ (9,5,9) [уничтожен]
    ✗ Провокатор A7      @ (9,2,9) [уничтожен]
  Team B: живых 4/8
    ✓ Тишина B5          @ (7,0,2) hp=2/2
    ✓ Бурав B6           @ (9,4,9) hp=4/4
    ✓ Провокатор B7      @ (7,0,1) hp=2/2
    ✓ Паук B8            @ (7,0,0) hp=1/1
    ✗ Артиллерия B1      @ (7,0,6) [уничтожен]
    ✗ Радиовышка B2      @ (7,0,5) [уничтожен]
    ✗ Прыгун B3          @ (9,2,7) [уничтожен]
    ✗ Факел B4           @ (7,0,8) [уничтожен]
  Team C: живых 4/8
    ✓ Факел C4           @ (9,2,3) hp=6/6
    ✓ Тишина C5          @ (8,1,4) hp=2/2
    ✓ Провокатор C7      @ (9,2,2) hp=2/2
    ✓ Паук C8            @ (9,2,0) hp=1/1
    ✗ Артиллерия C1      @ (9,2,7) [уничтожен]
    ✗ Радиовышка C2      @ (9,2,8) [уничтожен]
    ✗ Прыгун C3          @ (9,2,5) [уничтожен]
    ✗ Бурав C6           @ (9,4,9) [уничтожен]

======================================================================
ХОД 10
======================================================================
✓ 🎮 GM: начинаем ход
GM: start_turn

--- Радиовышки: сканирование слоя Z ---
  (у команд не осталось живых радиовышек)

--- Решения ботов ---
  [Team A] Бурав A6 (7,0,5) → MOVE (8,1,4)
  [Team A] Паук A8 (9,1,9) → MINE (9,2,9)
  [Team B] Тишина B5 (7,0,2) → MOVE (8,1,3)
  [Team B] Бурав B6 (9,4,9) → MOVE (9,1,9)
  [Team B] Провокатор B7 (7,0,1) → HOLOGRAM (8,1,2)
  [Team B] Паук B8 (7,0,0) → MINE (8,1,1)
  [Team C] Тишина C5 (8,1,4) → MOVE (7,0,5)
  [Team C] Провокатор C7 (9,2,2) → HOLOGRAM (8,1,1)
  [Team C] Паук C8 (9,2,0) → MINE (8,1,1)
  [Team C] Факел C4 → SKIP
! 🎮 GM: принудительно завершает фазу планирования
GM: end_planning
# 
============================================================
# 🔄 ОБРАБОТКА ХОДА 10
# ============================================================
!    ⚠️ Провокатор B7: клетка (8,1,2) уже занята голограммой
!    ⚠️ Провокатор C7: клетка (8,1,1) уже занята голограммой
!    ⚠️ Паук A8: в клетке уже стоит мина
!    ⚠️ Паук B8: в клетке уже стоит мина
!    ⚠️ Паук C8: в клетке уже стоит мина

📦 ПЕРЕМЕЩЕНИЯ:
!    ⚠️ Бурав A6: Бурав двигается только по 1 оси или по 2 осям строго диагонально
!    ⚠️ Тишина B5: клетка (8,1,3) занята
✓    💥 Бурав B6 тараном уничтожил Паук A8 в (9,1,9)
   Бурав B6: (9, 4, 9) → (9,1,9)
!    ⚠️ Тишина C5: клетка (7,0,5) занята

🎯 ВЫСТРЕЛЫ:
   Выпущено ракет: 0
# 
📊 РЕЗУЛЬТАТЫ ХОДА 10:
🎯 Попаданий нет

--- Результаты хода ---
  Team B / Бурав B6           → Team A / Паук A8            @ (9,1,9)  (УБИТ)

--- Состояние команд после хода ---
  Team A: живых 1/8
    ✓ Бурав A6           @ (7,0,5) hp=4/4
    ✗ Артиллерия A1      @ (9,4,9) [уничтожен]
    ✗ Радиовышка A2      @ (9,5,8) [уничтожен]
    ✗ Прыгун A3          @ (9,4,9) [уничтожен]
    ✗ Факел A4           @ (9,6,9) [уничтожен]
    ✗ Тишина A5          @ (9,5,9) [уничтожен]
    ✗ Провокатор A7      @ (9,2,9) [уничтожен]
    ✗ Паук A8            @ (9,1,9) [уничтожен]
  Team B: живых 4/8
    ✓ Тишина B5          @ (7,0,2) hp=2/2
    ✓ Бурав B6           @ (9,1,9) hp=4/4
    ✓ Провокатор B7      @ (7,0,1) hp=2/2
    ✓ Паук B8            @ (7,0,0) hp=1/1
    ✗ Артиллерия B1      @ (7,0,6) [уничтожен]
    ✗ Радиовышка B2      @ (7,0,5) [уничтожен]
    ✗ Прыгун B3          @ (9,2,7) [уничтожен]
    ✗ Факел B4           @ (7,0,8) [уничтожен]
  Team C: живых 4/8
    ✓ Факел C4           @ (9,2,3) hp=6/6
    ✓ Тишина C5          @ (8,1,4) hp=2/2
    ✓ Провокатор C7      @ (9,2,2) hp=2/2
    ✓ Паук C8            @ (9,2,0) hp=1/1
    ✗ Артиллерия C1      @ (9,2,7) [уничтожен]
    ✗ Радиовышка C2      @ (9,2,8) [уничтожен]
    ✗ Прыгун C3          @ (9,2,5) [уничтожен]
    ✗ Бурав C6           @ (9,4,9) [уничтожен]

======================================================================
ХОД 11
======================================================================
✓ 🎮 GM: начинаем ход
GM: start_turn

--- Радиовышки: сканирование слоя Z ---
  (у команд не осталось живых радиовышек)

--- Решения ботов ---
  [Team A] Бурав A6 (7,0,5) → MOVE (8,1,4)
  [Team B] Тишина B5 (7,0,2) → MOVE (8,1,3)
  [Team B] Бурав B6 (9,1,9) → MOVE (8,0,8)
  [Team B] Провокатор B7 (7,0,1) → HOLOGRAM (8,1,2)
  [Team B] Паук B8 (7,0,0) → MINE (8,1,1)
  [Team C] Тишина C5 (8,1,4) → MOVE (7,0,5)
  [Team C] Провокатор C7 (9,2,2) → HOLOGRAM (8,1,1)
  [Team C] Паук C8 (9,2,0) → MINE (8,1,1)
  [Team C] Факел C4 → SKIP
! 🎮 GM: принудительно завершает фазу планирования
GM: end_planning
# 
============================================================
# 🔄 ОБРАБОТКА ХОДА 11
# ============================================================
!    ⚠️ Провокатор B7: клетка (8,1,2) уже занята голограммой
!    ⚠️ Провокатор C7: клетка (8,1,1) уже занята голограммой
!    ⚠️ Паук B8: в клетке уже стоит мина
!    ⚠️ Паук C8: в клетке уже стоит мина

📦 ПЕРЕМЕЩЕНИЯ:
!    ⚠️ Бурав A6: Бурав двигается только по 1 оси или по 2 осям строго диагонально
!    ⚠️ Тишина B5: клетка (8,1,3) занята
!    ⚠️ Бурав B6: Бурав двигается только по 1 оси или по 2 осям строго диагонально
!    ⚠️ Тишина C5: клетка (7,0,5) занята

🎯 ВЫСТРЕЛЫ:
   Выпущено ракет: 0
# 
📊 РЕЗУЛЬТАТЫ ХОДА 11:
🎯 Попаданий нет

--- Результаты хода ---
  Попаданий нет

--- Состояние команд после хода ---
  Team A: живых 1/8
    ✓ Бурав A6           @ (7,0,5) hp=4/4
    ✗ Артиллерия A1      @ (9,4,9) [уничтожен]
    ✗ Радиовышка A2      @ (9,5,8) [уничтожен]
    ✗ Прыгун A3          @ (9,4,9) [уничтожен]
    ✗ Факел A4           @ (9,6,9) [уничтожен]
    ✗ Тишина A5          @ (9,5,9) [уничтожен]
    ✗ Провокатор A7      @ (9,2,9) [уничтожен]
    ✗ Паук A8            @ (9,1,9) [уничтожен]
  Team B: живых 4/8
    ✓ Тишина B5          @ (7,0,2) hp=2/2
    ✓ Бурав B6           @ (9,1,9) hp=4/4
    ✓ Провокатор B7      @ (7,0,1) hp=2/2
    ✓ Паук B8            @ (7,0,0) hp=1/1
    ✗ Артиллерия B1      @ (7,0,6) [уничтожен]
    ✗ Радиовышка B2      @ (7,0,5) [уничтожен]
    ✗ Прыгун B3          @ (9,2,7) [уничтожен]
    ✗ Факел B4           @ (7,0,8) [уничтожен]
  Team C: живых 4/8
    ✓ Факел C4           @ (9,2,3) hp=6/6
    ✓ Тишина C5          @ (8,1,4) hp=2/2
    ✓ Провокатор C7      @ (9,2,2) hp=2/2
    ✓ Паук C8            @ (9,2,0) hp=1/1
    ✗ Артиллерия C1      @ (9,2,7) [уничтожен]
    ✗ Радиовышка C2      @ (9,2,8) [уничтожен]
    ✗ Прыгун C3          @ (9,2,5) [уничтожен]
    ✗ Бурав C6           @ (9,4,9) [уничтожен]

======================================================================
ХОД 12
======================================================================
✓ 🎮 GM: начинаем ход
GM: start_turn

--- Радиовышки: сканирование слоя Z ---
  (у команд не осталось живых радиовышек)

--- Решения ботов ---
  [Team A] Бурав A6 (7,0,5) → MOVE (8,1,4)
  [Team B] Тишина B5 (7,0,2) → MOVE (8,1,3)
  [Team B] Бурав B6 (9,1,9) → MOVE (8,0,8)
  [Team B] Провокатор B7 (7,0,1) → HOLOGRAM (8,1,2)
  [Team B] Паук B8 (7,0,0) → MINE (8,1,1)
  [Team C] Тишина C5 (8,1,4) → MOVE (7,0,5)
  [Team C] Провокатор C7 (9,2,2) → HOLOGRAM (8,1,1)
  [Team C] Паук C8 (9,2,0) → MINE (8,1,1)
  [Team C] Факел C4 → SKIP
! 🎮 GM: принудительно завершает фазу планирования
GM: end_planning
# 
============================================================
# 🔄 ОБРАБОТКА ХОДА 12
# ============================================================
!    ⚠️ Провокатор B7: клетка (8,1,2) уже занята голограммой
!    ⚠️ Провокатор C7: клетка (8,1,1) уже занята голограммой
!    ⚠️ Паук B8: в клетке уже стоит мина
!    ⚠️ Паук C8: в клетке уже стоит мина

📦 ПЕРЕМЕЩЕНИЯ:
!    ⚠️ Бурав A6: Бурав двигается только по 1 оси или по 2 осям строго диагонально
!    ⚠️ Тишина B5: клетка (8,1,3) занята
!    ⚠️ Бурав B6: Бурав двигается только по 1 оси или по 2 осям строго диагонально
!    ⚠️ Тишина C5: клетка (7,0,5) занята

🎯 ВЫСТРЕЛЫ:
   Выпущено ракет: 0
# 
📊 РЕЗУЛЬТАТЫ ХОДА 12:
🎯 Попаданий нет

--- Результаты хода ---
  Попаданий нет

--- Состояние команд после хода ---
  Team A: живых 1/8
    ✓ Бурав A6           @ (7,0,5) hp=4/4
    ✗ Артиллерия A1      @ (9,4,9) [уничтожен]
    ✗ Радиовышка A2      @ (9,5,8) [уничтожен]
    ✗ Прыгун A3          @ (9,4,9) [уничтожен]
    ✗ Факел A4           @ (9,6,9) [уничтожен]
    ✗ Тишина A5          @ (9,5,9) [уничтожен]
    ✗ Провокатор A7      @ (9,2,9) [уничтожен]
    ✗ Паук A8            @ (9,1,9) [уничтожен]
  Team B: живых 4/8
    ✓ Тишина B5          @ (7,0,2) hp=2/2
    ✓ Бурав B6           @ (9,1,9) hp=4/4
    ✓ Провокатор B7      @ (7,0,1) hp=2/2
    ✓ Паук B8            @ (7,0,0) hp=1/1
    ✗ Артиллерия B1      @ (7,0,6) [уничтожен]
    ✗ Радиовышка B2      @ (7,0,5) [уничтожен]
    ✗ Прыгун B3          @ (9,2,7) [уничтожен]
    ✗ Факел B4           @ (7,0,8) [уничтожен]
  Team C: живых 4/8
    ✓ Факел C4           @ (9,2,3) hp=6/6
    ✓ Тишина C5          @ (8,1,4) hp=2/2
    ✓ Провокатор C7      @ (9,2,2) hp=2/2
    ✓ Паук C8            @ (9,2,0) hp=1/1
    ✗ Артиллерия C1      @ (9,2,7) [уничтожен]
    ✗ Радиовышка C2      @ (9,2,8) [уничтожен]
    ✗ Прыгун C3          @ (9,2,5) [уничтожен]
    ✗ Бурав C6           @ (9,4,9) [уничтожен]

======================================================================
ХОД 13
======================================================================
✓ 🎮 GM: начинаем ход
GM: start_turn

--- Радиовышки: сканирование слоя Z ---
  (у команд не осталось живых радиовышек)

--- Решения ботов ---
  [Team A] Бурав A6 (7,0,5) → MOVE (8,1,4)
  [Team B] Тишина B5 (7,0,2) → MOVE (8,1,3)
  [Team B] Бурав B6 (9,1,9) → MOVE (8,0,8)
  [Team B] Провокатор B7 (7,0,1) → HOLOGRAM (8,1,2)
  [Team B] Паук B8 (7,0,0) → MINE (8,1,1)
  [Team C] Тишина C5 (8,1,4) → MOVE (7,0,5)
  [Team C] Провокатор C7 (9,2,2) → HOLOGRAM (8,1,1)
  [Team C] Паук C8 (9,2,0) → MINE (8,1,1)
  [Team C] Факел C4 → SKIP
! 🎮 GM: принудительно завершает фазу планирования
GM: end_planning
# 
============================================================
# 🔄 ОБРАБОТКА ХОДА 13
# ============================================================
!    ⚠️ Провокатор B7: клетка (8,1,2) уже занята голограммой
!    ⚠️ Провокатор C7: клетка (8,1,1) уже занята голограммой
!    ⚠️ Паук B8: в клетке уже стоит мина
!    ⚠️ Паук C8: в клетке уже стоит мина

📦 ПЕРЕМЕЩЕНИЯ:
!    ⚠️ Бурав A6: Бурав двигается только по 1 оси или по 2 осям строго диагонально
!    ⚠️ Тишина B5: клетка (8,1,3) занята
!    ⚠️ Бурав B6: Бурав двигается только по 1 оси или по 2 осям строго диагонально
!    ⚠️ Тишина C5: клетка (7,0,5) занята

🎯 ВЫСТРЕЛЫ:
   Выпущено ракет: 0
# 
📊 РЕЗУЛЬТАТЫ ХОДА 13:
🎯 Попаданий нет

--- Результаты хода ---
  Попаданий нет

--- Состояние команд после хода ---
  Team A: живых 1/8
    ✓ Бурав A6           @ (7,0,5) hp=4/4
    ✗ Артиллерия A1      @ (9,4,9) [уничтожен]
    ✗ Радиовышка A2      @ (9,5,8) [уничтожен]
    ✗ Прыгун A3          @ (9,4,9) [уничтожен]
    ✗ Факел A4           @ (9,6,9) [уничтожен]
    ✗ Тишина A5          @ (9,5,9) [уничтожен]
    ✗ Провокатор A7      @ (9,2,9) [уничтожен]
    ✗ Паук A8            @ (9,1,9) [уничтожен]
  Team B: живых 4/8
    ✓ Тишина B5          @ (7,0,2) hp=2/2
    ✓ Бурав B6           @ (9,1,9) hp=4/4
    ✓ Провокатор B7      @ (7,0,1) hp=2/2
    ✓ Паук B8            @ (7,0,0) hp=1/1
    ✗ Артиллерия B1      @ (7,0,6) [уничтожен]
    ✗ Радиовышка B2      @ (7,0,5) [уничтожен]
    ✗ Прыгун B3          @ (9,2,7) [уничтожен]
    ✗ Факел B4           @ (7,0,8) [уничтожен]
  Team C: живых 4/8
    ✓ Факел C4           @ (9,2,3) hp=6/6
    ✓ Тишина C5          @ (8,1,4) hp=2/2
    ✓ Провокатор C7      @ (9,2,2) hp=2/2
    ✓ Паук C8            @ (9,2,0) hp=1/1
    ✗ Артиллерия C1      @ (9,2,7) [уничтожен]
    ✗ Радиовышка C2      @ (9,2,8) [уничтожен]
    ✗ Прыгун C3          @ (9,2,5) [уничтожен]
    ✗ Бурав C6           @ (9,4,9) [уничтожен]

======================================================================
ХОД 14
======================================================================
✓ 🎮 GM: начинаем ход
GM: start_turn

--- Радиовышки: сканирование слоя Z ---
  (у команд не осталось живых радиовышек)

--- Решения ботов ---
  [Team A] Бурав A6 (7,0,5) → MOVE (8,1,4)
  [Team B] Тишина B5 (7,0,2) → MOVE (8,1,3)
  [Team B] Бурав B6 (9,1,9) → MOVE (8,0,8)
  [Team B] Провокатор B7 (7,0,1) → HOLOGRAM (8,1,2)
  [Team B] Паук B8 (7,0,0) → MINE (8,1,1)
  [Team C] Тишина C5 (8,1,4) → MOVE (7,0,5)
  [Team C] Провокатор C7 (9,2,2) → HOLOGRAM (8,1,1)
  [Team C] Паук C8 (9,2,0) → MINE (8,1,1)
  [Team C] Факел C4 → SKIP
! 🎮 GM: принудительно завершает фазу планирования
GM: end_planning
# 
============================================================
# 🔄 ОБРАБОТКА ХОДА 14
# ============================================================
!    ⚠️ Провокатор B7: клетка (8,1,2) уже занята голограммой
!    ⚠️ Провокатор C7: клетка (8,1,1) уже занята голограммой
!    ⚠️ Паук B8: в клетке уже стоит мина
!    ⚠️ Паук C8: в клетке уже стоит мина

📦 ПЕРЕМЕЩЕНИЯ:
!    ⚠️ Бурав A6: Бурав двигается только по 1 оси или по 2 осям строго диагонально
!    ⚠️ Тишина B5: клетка (8,1,3) занята
!    ⚠️ Бурав B6: Бурав двигается только по 1 оси или по 2 осям строго диагонально
!    ⚠️ Тишина C5: клетка (7,0,5) занята

🎯 ВЫСТРЕЛЫ:
   Выпущено ракет: 0
# 
📊 РЕЗУЛЬТАТЫ ХОДА 14:
🎯 Попаданий нет

--- Результаты хода ---
  Попаданий нет

--- Состояние команд после хода ---
  Team A: живых 1/8
    ✓ Бурав A6           @ (7,0,5) hp=4/4
    ✗ Артиллерия A1      @ (9,4,9) [уничтожен]
    ✗ Радиовышка A2      @ (9,5,8) [уничтожен]
    ✗ Прыгун A3          @ (9,4,9) [уничтожен]
    ✗ Факел A4           @ (9,6,9) [уничтожен]
    ✗ Тишина A5          @ (9,5,9) [уничтожен]
    ✗ Провокатор A7      @ (9,2,9) [уничтожен]
    ✗ Паук A8            @ (9,1,9) [уничтожен]
  Team B: живых 4/8
    ✓ Тишина B5          @ (7,0,2) hp=2/2
    ✓ Бурав B6           @ (9,1,9) hp=4/4
    ✓ Провокатор B7      @ (7,0,1) hp=2/2
    ✓ Паук B8            @ (7,0,0) hp=1/1
    ✗ Артиллерия B1      @ (7,0,6) [уничтожен]
    ✗ Радиовышка B2      @ (7,0,5) [уничтожен]
    ✗ Прыгун B3          @ (9,2,7) [уничтожен]
    ✗ Факел B4           @ (7,0,8) [уничтожен]
  Team C: живых 4/8
    ✓ Факел C4           @ (9,2,3) hp=6/6
    ✓ Тишина C5          @ (8,1,4) hp=2/2
    ✓ Провокатор C7      @ (9,2,2) hp=2/2
    ✓ Паук C8            @ (9,2,0) hp=1/1
    ✗ Артиллерия C1      @ (9,2,7) [уничтожен]
    ✗ Радиовышка C2      @ (9,2,8) [уничтожен]
    ✗ Прыгун C3          @ (9,2,5) [уничтожен]
    ✗ Бурав C6           @ (9,4,9) [уничтожен]

======================================================================
ХОД 15
======================================================================
✓ 🎮 GM: начинаем ход
GM: start_turn

--- Радиовышки: сканирование слоя Z ---
  (у команд не осталось живых радиовышек)

--- Решения ботов ---
  [Team A] Бурав A6 (7,0,5) → MOVE (8,1,4)
  [Team B] Тишина B5 (7,0,2) → MOVE (8,1,3)
  [Team B] Бурав B6 (9,1,9) → MOVE (8,0,8)
  [Team B] Провокатор B7 (7,0,1) → HOLOGRAM (8,1,2)
  [Team B] Паук B8 (7,0,0) → MINE (8,1,1)
  [Team C] Тишина C5 (8,1,4) → MOVE (7,0,5)
  [Team C] Провокатор C7 (9,2,2) → HOLOGRAM (8,1,1)
  [Team C] Паук C8 (9,2,0) → MINE (8,1,1)
  [Team C] Факел C4 → SKIP
! 🎮 GM: принудительно завершает фазу планирования
GM: end_planning
# 
============================================================
# 🔄 ОБРАБОТКА ХОДА 15
# ============================================================
!    ⚠️ Провокатор B7: клетка (8,1,2) уже занята голограммой
!    ⚠️ Провокатор C7: клетка (8,1,1) уже занята голограммой
!    ⚠️ Паук B8: в клетке уже стоит мина
!    ⚠️ Паук C8: в клетке уже стоит мина

📦 ПЕРЕМЕЩЕНИЯ:
!    ⚠️ Бурав A6: Бурав двигается только по 1 оси или по 2 осям строго диагонально
!    ⚠️ Тишина B5: клетка (8,1,3) занята
!    ⚠️ Бурав B6: Бурав двигается только по 1 оси или по 2 осям строго диагонально
!    ⚠️ Тишина C5: клетка (7,0,5) занята

🎯 ВЫСТРЕЛЫ:
   Выпущено ракет: 0
# 
📊 РЕЗУЛЬТАТЫ ХОДА 15:
🎯 Попаданий нет

--- Результаты хода ---
  Попаданий нет

--- Состояние команд после хода ---
  Team A: живых 1/8
    ✓ Бурав A6           @ (7,0,5) hp=4/4
    ✗ Артиллерия A1      @ (9,4,9) [уничтожен]
    ✗ Радиовышка A2      @ (9,5,8) [уничтожен]
    ✗ Прыгун A3          @ (9,4,9) [уничтожен]
    ✗ Факел A4           @ (9,6,9) [уничтожен]
    ✗ Тишина A5          @ (9,5,9) [уничтожен]
    ✗ Провокатор A7      @ (9,2,9) [уничтожен]
    ✗ Паук A8            @ (9,1,9) [уничтожен]
  Team B: живых 4/8
    ✓ Тишина B5          @ (7,0,2) hp=2/2
    ✓ Бурав B6           @ (9,1,9) hp=4/4
    ✓ Провокатор B7      @ (7,0,1) hp=2/2
    ✓ Паук B8            @ (7,0,0) hp=1/1
    ✗ Артиллерия B1      @ (7,0,6) [уничтожен]
    ✗ Радиовышка B2      @ (7,0,5) [уничтожен]
    ✗ Прыгун B3          @ (9,2,7) [уничтожен]
    ✗ Факел B4           @ (7,0,8) [уничтожен]
  Team C: живых 4/8
    ✓ Факел C4           @ (9,2,3) hp=6/6
    ✓ Тишина C5          @ (8,1,4) hp=2/2
    ✓ Провокатор C7      @ (9,2,2) hp=2/2
    ✓ Паук C8            @ (9,2,0) hp=1/1
    ✗ Артиллерия C1      @ (9,2,7) [уничтожен]
    ✗ Радиовышка C2      @ (9,2,8) [уничтожен]
    ✗ Прыгун C3          @ (9,2,5) [уничтожен]
    ✗ Бурав C6           @ (9,4,9) [уничтожен]

======================================================================
ХОД 16
======================================================================
✓ 🎮 GM: начинаем ход
GM: start_turn

--- Радиовышки: сканирование слоя Z ---
  (у команд не осталось живых радиовышек)

--- Решения ботов ---
  [Team A] Бурав A6 (7,0,5) → MOVE (8,1,4)
  [Team B] Тишина B5 (7,0,2) → MOVE (8,1,3)
  [Team B] Бурав B6 (9,1,9) → MOVE (8,0,8)
  [Team B] Провокатор B7 (7,0,1) → HOLOGRAM (8,1,2)
  [Team B] Паук B8 (7,0,0) → MINE (8,1,1)
  [Team C] Тишина C5 (8,1,4) → MOVE (7,0,5)
  [Team C] Провокатор C7 (9,2,2) → HOLOGRAM (8,1,1)
  [Team C] Паук C8 (9,2,0) → MINE (8,1,1)
  [Team C] Факел C4 → SKIP
! 🎮 GM: принудительно завершает фазу планирования
GM: end_planning
# 
============================================================
# 🔄 ОБРАБОТКА ХОДА 16
# ============================================================
!    ⚠️ Провокатор B7: клетка (8,1,2) уже занята голограммой
!    ⚠️ Провокатор C7: клетка (8,1,1) уже занята голограммой
!    ⚠️ Паук B8: в клетке уже стоит мина
!    ⚠️ Паук C8: в клетке уже стоит мина

📦 ПЕРЕМЕЩЕНИЯ:
!    ⚠️ Бурав A6: Бурав двигается только по 1 оси или по 2 осям строго диагонально
!    ⚠️ Тишина B5: клетка (8,1,3) занята
!    ⚠️ Бурав B6: Бурав двигается только по 1 оси или по 2 осям строго диагонально
!    ⚠️ Тишина C5: клетка (7,0,5) занята

🎯 ВЫСТРЕЛЫ:
   Выпущено ракет: 0
# 
📊 РЕЗУЛЬТАТЫ ХОДА 16:
🎯 Попаданий нет

--- Результаты хода ---
  Попаданий нет

--- Состояние команд после хода ---
  Team A: живых 1/8
    ✓ Бурав A6           @ (7,0,5) hp=4/4
    ✗ Артиллерия A1      @ (9,4,9) [уничтожен]
    ✗ Радиовышка A2      @ (9,5,8) [уничтожен]
    ✗ Прыгун A3          @ (9,4,9) [уничтожен]
    ✗ Факел A4           @ (9,6,9) [уничтожен]
    ✗ Тишина A5          @ (9,5,9) [уничтожен]
    ✗ Провокатор A7      @ (9,2,9) [уничтожен]
    ✗ Паук A8            @ (9,1,9) [уничтожен]
  Team B: живых 4/8
    ✓ Тишина B5          @ (7,0,2) hp=2/2
    ✓ Бурав B6           @ (9,1,9) hp=4/4
    ✓ Провокатор B7      @ (7,0,1) hp=2/2
    ✓ Паук B8            @ (7,0,0) hp=1/1
    ✗ Артиллерия B1      @ (7,0,6) [уничтожен]
    ✗ Радиовышка B2      @ (7,0,5) [уничтожен]
    ✗ Прыгун B3          @ (9,2,7) [уничтожен]
    ✗ Факел B4           @ (7,0,8) [уничтожен]
  Team C: живых 4/8
    ✓ Факел C4           @ (9,2,3) hp=6/6
    ✓ Тишина C5          @ (8,1,4) hp=2/2
    ✓ Провокатор C7      @ (9,2,2) hp=2/2
    ✓ Паук C8            @ (9,2,0) hp=1/1
    ✗ Артиллерия C1      @ (9,2,7) [уничтожен]
    ✗ Радиовышка C2      @ (9,2,8) [уничтожен]
    ✗ Прыгун C3          @ (9,2,5) [уничтожен]
    ✗ Бурав C6           @ (9,4,9) [уничтожен]

======================================================================
ХОД 17
======================================================================
✓ 🎮 GM: начинаем ход
GM: start_turn

--- Радиовышки: сканирование слоя Z ---
  (у команд не осталось живых радиовышек)

--- Решения ботов ---
  [Team A] Бурав A6 (7,0,5) → MOVE (8,1,4)
  [Team B] Тишина B5 (7,0,2) → MOVE (8,1,3)
  [Team B] Бурав B6 (9,1,9) → MOVE (8,0,8)
  [Team B] Провокатор B7 (7,0,1) → HOLOGRAM (8,1,2)
  [Team B] Паук B8 (7,0,0) → MINE (8,1,1)
  [Team C] Тишина C5 (8,1,4) → MOVE (7,0,5)
  [Team C] Провокатор C7 (9,2,2) → HOLOGRAM (8,1,1)
  [Team C] Паук C8 (9,2,0) → MINE (8,1,1)
  [Team C] Факел C4 → SKIP
! 🎮 GM: принудительно завершает фазу планирования
GM: end_planning
# 
============================================================
# 🔄 ОБРАБОТКА ХОДА 17
# ============================================================
!    ⚠️ Провокатор B7: клетка (8,1,2) уже занята голограммой
!    ⚠️ Провокатор C7: клетка (8,1,1) уже занята голограммой
!    ⚠️ Паук B8: в клетке уже стоит мина
!    ⚠️ Паук C8: в клетке уже стоит мина

📦 ПЕРЕМЕЩЕНИЯ:
!    ⚠️ Бурав A6: Бурав двигается только по 1 оси или по 2 осям строго диагонально
!    ⚠️ Тишина B5: клетка (8,1,3) занята
!    ⚠️ Бурав B6: Бурав двигается только по 1 оси или по 2 осям строго диагонально
!    ⚠️ Тишина C5: клетка (7,0,5) занята

🎯 ВЫСТРЕЛЫ:
   Выпущено ракет: 0
# 
📊 РЕЗУЛЬТАТЫ ХОДА 17:
🎯 Попаданий нет

--- Результаты хода ---
  Попаданий нет

--- Состояние команд после хода ---
  Team A: живых 1/8
    ✓ Бурав A6           @ (7,0,5) hp=4/4
    ✗ Артиллерия A1      @ (9,4,9) [уничтожен]
    ✗ Радиовышка A2      @ (9,5,8) [уничтожен]
    ✗ Прыгун A3          @ (9,4,9) [уничтожен]
    ✗ Факел A4           @ (9,6,9) [уничтожен]
    ✗ Тишина A5          @ (9,5,9) [уничтожен]
    ✗ Провокатор A7      @ (9,2,9) [уничтожен]
    ✗ Паук A8            @ (9,1,9) [уничтожен]
  Team B: живых 4/8
    ✓ Тишина B5          @ (7,0,2) hp=2/2
    ✓ Бурав B6           @ (9,1,9) hp=4/4
    ✓ Провокатор B7      @ (7,0,1) hp=2/2
    ✓ Паук B8            @ (7,0,0) hp=1/1
    ✗ Артиллерия B1      @ (7,0,6) [уничтожен]
    ✗ Радиовышка B2      @ (7,0,5) [уничтожен]
    ✗ Прыгун B3          @ (9,2,7) [уничтожен]
    ✗ Факел B4           @ (7,0,8) [уничтожен]
  Team C: живых 4/8
    ✓ Факел C4           @ (9,2,3) hp=6/6
    ✓ Тишина C5          @ (8,1,4) hp=2/2
    ✓ Провокатор C7      @ (9,2,2) hp=2/2
    ✓ Паук C8            @ (9,2,0) hp=1/1
    ✗ Артиллерия C1      @ (9,2,7) [уничтожен]
    ✗ Радиовышка C2      @ (9,2,8) [уничтожен]
    ✗ Прыгун C3          @ (9,2,5) [уничтожен]
    ✗ Бурав C6           @ (9,4,9) [уничтожен]

======================================================================
ХОД 18
======================================================================
✓ 🎮 GM: начинаем ход
GM: start_turn

--- Радиовышки: сканирование слоя Z ---
  (у команд не осталось живых радиовышек)

--- Решения ботов ---
  [Team A] Бурав A6 (7,0,5) → MOVE (8,1,4)
  [Team B] Тишина B5 (7,0,2) → MOVE (8,1,3)
  [Team B] Бурав B6 (9,1,9) → MOVE (8,0,8)
  [Team B] Провокатор B7 (7,0,1) → HOLOGRAM (8,1,2)
  [Team B] Паук B8 (7,0,0) → MINE (8,1,1)
  [Team C] Тишина C5 (8,1,4) → MOVE (7,0,5)
  [Team C] Провокатор C7 (9,2,2) → HOLOGRAM (8,1,1)
  [Team C] Паук C8 (9,2,0) → MINE (8,1,1)
  [Team C] Факел C4 → SKIP
! 🎮 GM: принудительно завершает фазу планирования
GM: end_planning
# 
============================================================
# 🔄 ОБРАБОТКА ХОДА 18
# ============================================================
!    ⚠️ Провокатор B7: клетка (8,1,2) уже занята голограммой
!    ⚠️ Провокатор C7: клетка (8,1,1) уже занята голограммой
!    ⚠️ Паук B8: в клетке уже стоит мина
!    ⚠️ Паук C8: в клетке уже стоит мина

📦 ПЕРЕМЕЩЕНИЯ:
!    ⚠️ Бурав A6: Бурав двигается только по 1 оси или по 2 осям строго диагонально
!    ⚠️ Тишина B5: клетка (8,1,3) занята
!    ⚠️ Бурав B6: Бурав двигается только по 1 оси или по 2 осям строго диагонально
!    ⚠️ Тишина C5: клетка (7,0,5) занята

🎯 ВЫСТРЕЛЫ:
   Выпущено ракет: 0
# 
📊 РЕЗУЛЬТАТЫ ХОДА 18:
🎯 Попаданий нет

--- Результаты хода ---
  Попаданий нет

--- Состояние команд после хода ---
  Team A: живых 1/8
    ✓ Бурав A6           @ (7,0,5) hp=4/4
    ✗ Артиллерия A1      @ (9,4,9) [уничтожен]
    ✗ Радиовышка A2      @ (9,5,8) [уничтожен]
    ✗ Прыгун A3          @ (9,4,9) [уничтожен]
    ✗ Факел A4           @ (9,6,9) [уничтожен]
    ✗ Тишина A5          @ (9,5,9) [уничтожен]
    ✗ Провокатор A7      @ (9,2,9) [уничтожен]
    ✗ Паук A8            @ (9,1,9) [уничтожен]
  Team B: живых 4/8
    ✓ Тишина B5          @ (7,0,2) hp=2/2
    ✓ Бурав B6           @ (9,1,9) hp=4/4
    ✓ Провокатор B7      @ (7,0,1) hp=2/2
    ✓ Паук B8            @ (7,0,0) hp=1/1
    ✗ Артиллерия B1      @ (7,0,6) [уничтожен]
    ✗ Радиовышка B2      @ (7,0,5) [уничтожен]
    ✗ Прыгун B3          @ (9,2,7) [уничтожен]
    ✗ Факел B4           @ (7,0,8) [уничтожен]
  Team C: живых 4/8
    ✓ Факел C4           @ (9,2,3) hp=6/6
    ✓ Тишина C5          @ (8,1,4) hp=2/2
    ✓ Провокатор C7      @ (9,2,2) hp=2/2
    ✓ Паук C8            @ (9,2,0) hp=1/1
    ✗ Артиллерия C1      @ (9,2,7) [уничтожен]
    ✗ Радиовышка C2      @ (9,2,8) [уничтожен]
    ✗ Прыгун C3          @ (9,2,5) [уничтожен]
    ✗ Бурав C6           @ (9,4,9) [уничтожен]

======================================================================
ХОД 19
======================================================================
✓ 🎮 GM: начинаем ход
GM: start_turn

--- Радиовышки: сканирование слоя Z ---
  (у команд не осталось живых радиовышек)

--- Решения ботов ---
  [Team A] Бурав A6 (7,0,5) → MOVE (8,1,4)
  [Team B] Тишина B5 (7,0,2) → MOVE (8,1,3)
  [Team B] Бурав B6 (9,1,9) → MOVE (8,0,8)
  [Team B] Провокатор B7 (7,0,1) → HOLOGRAM (8,1,2)
  [Team B] Паук B8 (7,0,0) → MINE (8,1,1)
  [Team C] Тишина C5 (8,1,4) → MOVE (7,0,5)
  [Team C] Провокатор C7 (9,2,2) → HOLOGRAM (8,1,1)
  [Team C] Паук C8 (9,2,0) → MINE (8,1,1)
  [Team C] Факел C4 → SKIP
! 🎮 GM: принудительно завершает фазу планирования
GM: end_planning
# 
============================================================
# 🔄 ОБРАБОТКА ХОДА 19
# ============================================================
!    ⚠️ Провокатор B7: клетка (8,1,2) уже занята голограммой
!    ⚠️ Провокатор C7: клетка (8,1,1) уже занята голограммой
!    ⚠️ Паук B8: в клетке уже стоит мина
!    ⚠️ Паук C8: в клетке уже стоит мина

📦 ПЕРЕМЕЩЕНИЯ:
!    ⚠️ Бурав A6: Бурав двигается только по 1 оси или по 2 осям строго диагонально
!    ⚠️ Тишина B5: клетка (8,1,3) занята
!    ⚠️ Бурав B6: Бурав двигается только по 1 оси или по 2 осям строго диагонально
!    ⚠️ Тишина C5: клетка (7,0,5) занята

🎯 ВЫСТРЕЛЫ:
   Выпущено ракет: 0
# 
📊 РЕЗУЛЬТАТЫ ХОДА 19:
🎯 Попаданий нет

--- Результаты хода ---
  Попаданий нет

--- Состояние команд после хода ---
  Team A: живых 1/8
    ✓ Бурав A6           @ (7,0,5) hp=4/4
    ✗ Артиллерия A1      @ (9,4,9) [уничтожен]
    ✗ Радиовышка A2      @ (9,5,8) [уничтожен]
    ✗ Прыгун A3          @ (9,4,9) [уничтожен]
    ✗ Факел A4           @ (9,6,9) [уничтожен]
    ✗ Тишина A5          @ (9,5,9) [уничтожен]
    ✗ Провокатор A7      @ (9,2,9) [уничтожен]
    ✗ Паук A8            @ (9,1,9) [уничтожен]
  Team B: живых 4/8
    ✓ Тишина B5          @ (7,0,2) hp=2/2
    ✓ Бурав B6           @ (9,1,9) hp=4/4
    ✓ Провокатор B7      @ (7,0,1) hp=2/2
    ✓ Паук B8            @ (7,0,0) hp=1/1
    ✗ Артиллерия B1      @ (7,0,6) [уничтожен]
    ✗ Радиовышка B2      @ (7,0,5) [уничтожен]
    ✗ Прыгун B3          @ (9,2,7) [уничтожен]
    ✗ Факел B4           @ (7,0,8) [уничтожен]
  Team C: живых 4/8
    ✓ Факел C4           @ (9,2,3) hp=6/6
    ✓ Тишина C5          @ (8,1,4) hp=2/2
    ✓ Провокатор C7      @ (9,2,2) hp=2/2
    ✓ Паук C8            @ (9,2,0) hp=1/1
    ✗ Артиллерия C1      @ (9,2,7) [уничтожен]
    ✗ Радиовышка C2      @ (9,2,8) [уничтожен]
    ✗ Прыгун C3          @ (9,2,5) [уничтожен]
    ✗ Бурав C6           @ (9,4,9) [уничтожен]

======================================================================
ХОД 20
======================================================================
✓ 🎮 GM: начинаем ход
GM: start_turn

--- Радиовышки: сканирование слоя Z ---
  (у команд не осталось живых радиовышек)

--- Решения ботов ---
  [Team A] Бурав A6 (7,0,5) → MOVE (8,1,4)
  [Team B] Тишина B5 (7,0,2) → MOVE (8,1,3)
  [Team B] Бурав B6 (9,1,9) → MOVE (8,0,8)
  [Team B] Провокатор B7 (7,0,1) → HOLOGRAM (8,1,2)
  [Team B] Паук B8 (7,0,0) → MINE (8,1,1)
  [Team C] Тишина C5 (8,1,4) → MOVE (7,0,5)
  [Team C] Провокатор C7 (9,2,2) → HOLOGRAM (8,1,1)
  [Team C] Паук C8 (9,2,0) → MINE (8,1,1)
  [Team C] Факел C4 → SKIP
! 🎮 GM: принудительно завершает фазу планирования
GM: end_planning
# 
============================================================
# 🔄 ОБРАБОТКА ХОДА 20
# ============================================================
!    ⚠️ Провокатор B7: клетка (8,1,2) уже занята голограммой
!    ⚠️ Провокатор C7: клетка (8,1,1) уже занята голограммой
!    ⚠️ Паук B8: в клетке уже стоит мина
!    ⚠️ Паук C8: в клетке уже стоит мина

📦 ПЕРЕМЕЩЕНИЯ:
!    ⚠️ Бурав A6: Бурав двигается только по 1 оси или по 2 осям строго диагонально
!    ⚠️ Тишина B5: клетка (8,1,3) занята
!    ⚠️ Бурав B6: Бурав двигается только по 1 оси или по 2 осям строго диагонально
!    ⚠️ Тишина C5: клетка (7,0,5) занята

🎯 ВЫСТРЕЛЫ:
   Выпущено ракет: 0
# 
📊 РЕЗУЛЬТАТЫ ХОДА 20:
🎯 Попаданий нет

--- Результаты хода ---
  Попаданий нет

--- Состояние команд после хода ---
  Team A: живых 1/8
    ✓ Бурав A6           @ (7,0,5) hp=4/4
    ✗ Артиллерия A1      @ (9,4,9) [уничтожен]
    ✗ Радиовышка A2      @ (9,5,8) [уничтожен]
    ✗ Прыгун A3          @ (9,4,9) [уничтожен]
    ✗ Факел A4           @ (9,6,9) [уничтожен]
    ✗ Тишина A5          @ (9,5,9) [уничтожен]
    ✗ Провокатор A7      @ (9,2,9) [уничтожен]
    ✗ Паук A8            @ (9,1,9) [уничтожен]
  Team B: живых 4/8
    ✓ Тишина B5          @ (7,0,2) hp=2/2
    ✓ Бурав B6           @ (9,1,9) hp=4/4
    ✓ Провокатор B7      @ (7,0,1) hp=2/2
    ✓ Паук B8            @ (7,0,0) hp=1/1
    ✗ Артиллерия B1      @ (7,0,6) [уничтожен]
    ✗ Радиовышка B2      @ (7,0,5) [уничтожен]
    ✗ Прыгун B3          @ (9,2,7) [уничтожен]
    ✗ Факел B4           @ (7,0,8) [уничтожен]
  Team C: живых 4/8
    ✓ Факел C4           @ (9,2,3) hp=6/6
    ✓ Тишина C5          @ (8,1,4) hp=2/2
    ✓ Провокатор C7      @ (9,2,2) hp=2/2
    ✓ Паук C8            @ (9,2,0) hp=1/1
    ✗ Артиллерия C1      @ (9,2,7) [уничтожен]
    ✗ Радиовышка C2      @ (9,2,8) [уничтожен]
    ✗ Прыгун C3          @ (9,2,5) [уничтожен]
    ✗ Бурав C6           @ (9,4,9) [уничтожен]

======================================================================
ХОД 21
======================================================================
✓ 🎮 GM: начинаем ход
GM: start_turn

--- Радиовышки: сканирование слоя Z ---
  (у команд не осталось живых радиовышек)

--- Решения ботов ---
  [Team A] Бурав A6 (7,0,5) → MOVE (8,1,4)
  [Team B] Тишина B5 (7,0,2) → MOVE (8,1,3)
  [Team B] Бурав B6 (9,1,9) → MOVE (8,0,8)
  [Team B] Провокатор B7 (7,0,1) → HOLOGRAM (8,1,2)
  [Team B] Паук B8 (7,0,0) → MINE (8,1,1)
  [Team C] Тишина C5 (8,1,4) → MOVE (7,0,5)
  [Team C] Провокатор C7 (9,2,2) → HOLOGRAM (8,1,1)
  [Team C] Паук C8 (9,2,0) → MINE (8,1,1)
  [Team C] Факел C4 → SKIP
! 🎮 GM: принудительно завершает фазу планирования
GM: end_planning
# 
============================================================
# 🔄 ОБРАБОТКА ХОДА 21
# ============================================================
!    ⚠️ Провокатор B7: клетка (8,1,2) уже занята голограммой
!    ⚠️ Провокатор C7: клетка (8,1,1) уже занята голограммой
!    ⚠️ Паук B8: в клетке уже стоит мина
!    ⚠️ Паук C8: в клетке уже стоит мина

📦 ПЕРЕМЕЩЕНИЯ:
!    ⚠️ Бурав A6: Бурав двигается только по 1 оси или по 2 осям строго диагонально
!    ⚠️ Тишина B5: клетка (8,1,3) занята
!    ⚠️ Бурав B6: Бурав двигается только по 1 оси или по 2 осям строго диагонально
!    ⚠️ Тишина C5: клетка (7,0,5) занята

🎯 ВЫСТРЕЛЫ:
   Выпущено ракет: 0
# 
📊 РЕЗУЛЬТАТЫ ХОДА 21:
🎯 Попаданий нет

--- Результаты хода ---
  Попаданий нет

--- Состояние команд после хода ---
  Team A: живых 1/8
    ✓ Бурав A6           @ (7,0,5) hp=4/4
    ✗ Артиллерия A1      @ (9,4,9) [уничтожен]
    ✗ Радиовышка A2      @ (9,5,8) [уничтожен]
    ✗ Прыгун A3          @ (9,4,9) [уничтожен]
    ✗ Факел A4           @ (9,6,9) [уничтожен]
    ✗ Тишина A5          @ (9,5,9) [уничтожен]
    ✗ Провокатор A7      @ (9,2,9) [уничтожен]
    ✗ Паук A8            @ (9,1,9) [уничтожен]
  Team B: живых 4/8
    ✓ Тишина B5          @ (7,0,2) hp=2/2
    ✓ Бурав B6           @ (9,1,9) hp=4/4
    ✓ Провокатор B7      @ (7,0,1) hp=2/2
    ✓ Паук B8            @ (7,0,0) hp=1/1
    ✗ Артиллерия B1      @ (7,0,6) [уничтожен]
    ✗ Радиовышка B2      @ (7,0,5) [уничтожен]
    ✗ Прыгун B3          @ (9,2,7) [уничтожен]
    ✗ Факел B4           @ (7,0,8) [уничтожен]
  Team C: живых 4/8
    ✓ Факел C4           @ (9,2,3) hp=6/6
    ✓ Тишина C5          @ (8,1,4) hp=2/2
    ✓ Провокатор C7      @ (9,2,2) hp=2/2
    ✓ Паук C8            @ (9,2,0) hp=1/1
    ✗ Артиллерия C1      @ (9,2,7) [уничтожен]
    ✗ Радиовышка C2      @ (9,2,8) [уничтожен]
    ✗ Прыгун C3          @ (9,2,5) [уничтожен]
    ✗ Бурав C6           @ (9,4,9) [уничтожен]

======================================================================
ХОД 22
======================================================================
✓ 🎮 GM: начинаем ход
GM: start_turn

--- Радиовышки: сканирование слоя Z ---
  (у команд не осталось живых радиовышек)

--- Решения ботов ---
  [Team A] Бурав A6 (7,0,5) → MOVE (8,1,4)
  [Team B] Тишина B5 (7,0,2) → MOVE (8,1,3)
  [Team B] Бурав B6 (9,1,9) → MOVE (8,0,8)
  [Team B] Провокатор B7 (7,0,1) → HOLOGRAM (8,1,2)
  [Team B] Паук B8 (7,0,0) → MINE (8,1,1)
  [Team C] Тишина C5 (8,1,4) → MOVE (7,0,5)
  [Team C] Провокатор C7 (9,2,2) → HOLOGRAM (8,1,1)
  [Team C] Паук C8 (9,2,0) → MINE (8,1,1)
  [Team C] Факел C4 → SKIP
! 🎮 GM: принудительно завершает фазу планирования
GM: end_planning
# 
============================================================
# 🔄 ОБРАБОТКА ХОДА 22
# ============================================================
!    ⚠️ Провокатор B7: клетка (8,1,2) уже занята голограммой
!    ⚠️ Провокатор C7: клетка (8,1,1) уже занята голограммой
!    ⚠️ Паук B8: в клетке уже стоит мина
!    ⚠️ Паук C8: в клетке уже стоит мина

📦 ПЕРЕМЕЩЕНИЯ:
!    ⚠️ Бурав A6: Бурав двигается только по 1 оси или по 2 осям строго диагонально
!    ⚠️ Тишина B5: клетка (8,1,3) занята
!    ⚠️ Бурав B6: Бурав двигается только по 1 оси или по 2 осям строго диагонально
!    ⚠️ Тишина C5: клетка (7,0,5) занята

🎯 ВЫСТРЕЛЫ:
   Выпущено ракет: 0
# 
📊 РЕЗУЛЬТАТЫ ХОДА 22:
🎯 Попаданий нет

--- Результаты хода ---
  Попаданий нет

--- Состояние команд после хода ---
  Team A: живых 1/8
    ✓ Бурав A6           @ (7,0,5) hp=4/4
    ✗ Артиллерия A1      @ (9,4,9) [уничтожен]
    ✗ Радиовышка A2      @ (9,5,8) [уничтожен]
    ✗ Прыгун A3          @ (9,4,9) [уничтожен]
    ✗ Факел A4           @ (9,6,9) [уничтожен]
    ✗ Тишина A5          @ (9,5,9) [уничтожен]
    ✗ Провокатор A7      @ (9,2,9) [уничтожен]
    ✗ Паук A8            @ (9,1,9) [уничтожен]
  Team B: живых 4/8
    ✓ Тишина B5          @ (7,0,2) hp=2/2
    ✓ Бурав B6           @ (9,1,9) hp=4/4
    ✓ Провокатор B7      @ (7,0,1) hp=2/2
    ✓ Паук B8            @ (7,0,0) hp=1/1
    ✗ Артиллерия B1      @ (7,0,6) [уничтожен]
    ✗ Радиовышка B2      @ (7,0,5) [уничтожен]
    ✗ Прыгун B3          @ (9,2,7) [уничтожен]
    ✗ Факел B4           @ (7,0,8) [уничтожен]
  Team C: живых 4/8
    ✓ Факел C4           @ (9,2,3) hp=6/6
    ✓ Тишина C5          @ (8,1,4) hp=2/2
    ✓ Провокатор C7      @ (9,2,2) hp=2/2
    ✓ Паук C8            @ (9,2,0) hp=1/1
    ✗ Артиллерия C1      @ (9,2,7) [уничтожен]
    ✗ Радиовышка C2      @ (9,2,8) [уничтожен]
    ✗ Прыгун C3          @ (9,2,5) [уничтожен]
    ✗ Бурав C6           @ (9,4,9) [уничтожен]

======================================================================
ХОД 23
======================================================================
✓ 🎮 GM: начинаем ход
GM: start_turn

--- Радиовышки: сканирование слоя Z ---
  (у команд не осталось живых радиовышек)

--- Решения ботов ---
  [Team A] Бурав A6 (7,0,5) → MOVE (8,1,4)
  [Team B] Тишина B5 (7,0,2) → MOVE (8,1,3)
  [Team B] Бурав B6 (9,1,9) → MOVE (8,0,8)
  [Team B] Провокатор B7 (7,0,1) → HOLOGRAM (8,1,2)
  [Team B] Паук B8 (7,0,0) → MINE (8,1,1)
  [Team C] Тишина C5 (8,1,4) → MOVE (7,0,5)
  [Team C] Провокатор C7 (9,2,2) → HOLOGRAM (8,1,1)
  [Team C] Паук C8 (9,2,0) → MINE (8,1,1)
  [Team C] Факел C4 → SKIP
! 🎮 GM: принудительно завершает фазу планирования
GM: end_planning
# 
============================================================
# 🔄 ОБРАБОТКА ХОДА 23
# ============================================================
!    ⚠️ Провокатор B7: клетка (8,1,2) уже занята голограммой
!    ⚠️ Провокатор C7: клетка (8,1,1) уже занята голограммой
!    ⚠️ Паук B8: в клетке уже стоит мина
!    ⚠️ Паук C8: в клетке уже стоит мина

📦 ПЕРЕМЕЩЕНИЯ:
!    ⚠️ Бурав A6: Бурав двигается только по 1 оси или по 2 осям строго диагонально
!    ⚠️ Тишина B5: клетка (8,1,3) занята
!    ⚠️ Бурав B6: Бурав двигается только по 1 оси или по 2 осям строго диагонально
!    ⚠️ Тишина C5: клетка (7,0,5) занята

🎯 ВЫСТРЕЛЫ:
   Выпущено ракет: 0
# 
📊 РЕЗУЛЬТАТЫ ХОДА 23:
🎯 Попаданий нет

--- Результаты хода ---
  Попаданий нет

--- Состояние команд после хода ---
  Team A: живых 1/8
    ✓ Бурав A6           @ (7,0,5) hp=4/4
    ✗ Артиллерия A1      @ (9,4,9) [уничтожен]
    ✗ Радиовышка A2      @ (9,5,8) [уничтожен]
    ✗ Прыгун A3          @ (9,4,9) [уничтожен]
    ✗ Факел A4           @ (9,6,9) [уничтожен]
    ✗ Тишина A5          @ (9,5,9) [уничтожен]
    ✗ Провокатор A7      @ (9,2,9) [уничтожен]
    ✗ Паук A8            @ (9,1,9) [уничтожен]
  Team B: живых 4/8
    ✓ Тишина B5          @ (7,0,2) hp=2/2
    ✓ Бурав B6           @ (9,1,9) hp=4/4
    ✓ Провокатор B7      @ (7,0,1) hp=2/2
    ✓ Паук B8            @ (7,0,0) hp=1/1
    ✗ Артиллерия B1      @ (7,0,6) [уничтожен]
    ✗ Радиовышка B2      @ (7,0,5) [уничтожен]
    ✗ Прыгун B3          @ (9,2,7) [уничтожен]
    ✗ Факел B4           @ (7,0,8) [уничтожен]
  Team C: живых 4/8
    ✓ Факел C4           @ (9,2,3) hp=6/6
    ✓ Тишина C5          @ (8,1,4) hp=2/2
    ✓ Провокатор C7      @ (9,2,2) hp=2/2
    ✓ Паук C8            @ (9,2,0) hp=1/1
    ✗ Артиллерия C1      @ (9,2,7) [уничтожен]
    ✗ Радиовышка C2      @ (9,2,8) [уничтожен]
    ✗ Прыгун C3          @ (9,2,5) [уничтожен]
    ✗ Бурав C6           @ (9,4,9) [уничтожен]

======================================================================
ХОД 24
======================================================================
✓ 🎮 GM: начинаем ход
GM: start_turn

--- Радиовышки: сканирование слоя Z ---
  (у команд не осталось живых радиовышек)

--- Решения ботов ---
  [Team A] Бурав A6 (7,0,5) → MOVE (8,1,4)
  [Team B] Тишина B5 (7,0,2) → MOVE (8,1,3)
  [Team B] Бурав B6 (9,1,9) → MOVE (8,0,8)
  [Team B] Провокатор B7 (7,0,1) → HOLOGRAM (8,1,2)
  [Team B] Паук B8 (7,0,0) → MINE (8,1,1)
  [Team C] Тишина C5 (8,1,4) → MOVE (7,0,5)
  [Team C] Провокатор C7 (9,2,2) → HOLOGRAM (8,1,1)
  [Team C] Паук C8 (9,2,0) → MINE (8,1,1)
  [Team C] Факел C4 → SKIP
! 🎮 GM: принудительно завершает фазу планирования
GM: end_planning
# 
============================================================
# 🔄 ОБРАБОТКА ХОДА 24
# ============================================================
!    ⚠️ Провокатор B7: клетка (8,1,2) уже занята голограммой
!    ⚠️ Провокатор C7: клетка (8,1,1) уже занята голограммой
!    ⚠️ Паук B8: в клетке уже стоит мина
!    ⚠️ Паук C8: в клетке уже стоит мина

📦 ПЕРЕМЕЩЕНИЯ:
!    ⚠️ Бурав A6: Бурав двигается только по 1 оси или по 2 осям строго диагонально
!    ⚠️ Тишина B5: клетка (8,1,3) занята
!    ⚠️ Бурав B6: Бурав двигается только по 1 оси или по 2 осям строго диагонально
!    ⚠️ Тишина C5: клетка (7,0,5) занята

🎯 ВЫСТРЕЛЫ:
   Выпущено ракет: 0
# 
📊 РЕЗУЛЬТАТЫ ХОДА 24:
🎯 Попаданий нет

--- Результаты хода ---
  Попаданий нет

--- Состояние команд после хода ---
  Team A: живых 1/8
    ✓ Бурав A6           @ (7,0,5) hp=4/4
    ✗ Артиллерия A1      @ (9,4,9) [уничтожен]
    ✗ Радиовышка A2      @ (9,5,8) [уничтожен]
    ✗ Прыгун A3          @ (9,4,9) [уничтожен]
    ✗ Факел A4           @ (9,6,9) [уничтожен]
    ✗ Тишина A5          @ (9,5,9) [уничтожен]
    ✗ Провокатор A7      @ (9,2,9) [уничтожен]
    ✗ Паук A8            @ (9,1,9) [уничтожен]
  Team B: живых 4/8
    ✓ Тишина B5          @ (7,0,2) hp=2/2
    ✓ Бурав B6           @ (9,1,9) hp=4/4
    ✓ Провокатор B7      @ (7,0,1) hp=2/2
    ✓ Паук B8            @ (7,0,0) hp=1/1
    ✗ Артиллерия B1      @ (7,0,6) [уничтожен]
    ✗ Радиовышка B2      @ (7,0,5) [уничтожен]
    ✗ Прыгун B3          @ (9,2,7) [уничтожен]
    ✗ Факел B4           @ (7,0,8) [уничтожен]
  Team C: живых 4/8
    ✓ Факел C4           @ (9,2,3) hp=6/6
    ✓ Тишина C5          @ (8,1,4) hp=2/2
    ✓ Провокатор C7      @ (9,2,2) hp=2/2
    ✓ Паук C8            @ (9,2,0) hp=1/1
    ✗ Артиллерия C1      @ (9,2,7) [уничтожен]
    ✗ Радиовышка C2      @ (9,2,8) [уничтожен]
    ✗ Прыгун C3          @ (9,2,5) [уничтожен]
    ✗ Бурав C6           @ (9,4,9) [уничтожен]

======================================================================
ХОД 25
======================================================================
✓ 🎮 GM: начинаем ход
GM: start_turn

--- Радиовышки: сканирование слоя Z ---
  (у команд не осталось живых радиовышек)

--- Решения ботов ---
  [Team A] Бурав A6 (7,0,5) → MOVE (8,1,4)
  [Team B] Тишина B5 (7,0,2) → MOVE (8,1,3)
  [Team B] Бурав B6 (9,1,9) → MOVE (8,0,8)
  [Team B] Провокатор B7 (7,0,1) → HOLOGRAM (8,1,2)
  [Team B] Паук B8 (7,0,0) → MINE (8,1,1)
  [Team C] Тишина C5 (8,1,4) → MOVE (7,0,5)
  [Team C] Провокатор C7 (9,2,2) → HOLOGRAM (8,1,1)
  [Team C] Паук C8 (9,2,0) → MINE (8,1,1)
  [Team C] Факел C4 → SKIP
! 🎮 GM: принудительно завершает фазу планирования
GM: end_planning
# 
============================================================
# 🔄 ОБРАБОТКА ХОДА 25
# ============================================================
!    ⚠️ Провокатор B7: клетка (8,1,2) уже занята голограммой
!    ⚠️ Провокатор C7: клетка (8,1,1) уже занята голограммой
!    ⚠️ Паук B8: в клетке уже стоит мина
!    ⚠️ Паук C8: в клетке уже стоит мина

📦 ПЕРЕМЕЩЕНИЯ:
!    ⚠️ Бурав A6: Бурав двигается только по 1 оси или по 2 осям строго диагонально
!    ⚠️ Тишина B5: клетка (8,1,3) занята
!    ⚠️ Бурав B6: Бурав двигается только по 1 оси или по 2 осям строго диагонально
!    ⚠️ Тишина C5: клетка (7,0,5) занята

🎯 ВЫСТРЕЛЫ:
   Выпущено ракет: 0
# 
📊 РЕЗУЛЬТАТЫ ХОДА 25:
🎯 Попаданий нет

--- Результаты хода ---
  Попаданий нет

--- Состояние команд после хода ---
  Team A: живых 1/8
    ✓ Бурав A6           @ (7,0,5) hp=4/4
    ✗ Артиллерия A1      @ (9,4,9) [уничтожен]
    ✗ Радиовышка A2      @ (9,5,8) [уничтожен]
    ✗ Прыгун A3          @ (9,4,9) [уничтожен]
    ✗ Факел A4           @ (9,6,9) [уничтожен]
    ✗ Тишина A5          @ (9,5,9) [уничтожен]
    ✗ Провокатор A7      @ (9,2,9) [уничтожен]
    ✗ Паук A8            @ (9,1,9) [уничтожен]
  Team B: живых 4/8
    ✓ Тишина B5          @ (7,0,2) hp=2/2
    ✓ Бурав B6           @ (9,1,9) hp=4/4
    ✓ Провокатор B7      @ (7,0,1) hp=2/2
    ✓ Паук B8            @ (7,0,0) hp=1/1
    ✗ Артиллерия B1      @ (7,0,6) [уничтожен]
    ✗ Радиовышка B2      @ (7,0,5) [уничтожен]
    ✗ Прыгун B3          @ (9,2,7) [уничтожен]
    ✗ Факел B4           @ (7,0,8) [уничтожен]
  Team C: живых 4/8
    ✓ Факел C4           @ (9,2,3) hp=6/6
    ✓ Тишина C5          @ (8,1,4) hp=2/2
    ✓ Провокатор C7      @ (9,2,2) hp=2/2
    ✓ Паук C8            @ (9,2,0) hp=1/1
    ✗ Артиллерия C1      @ (9,2,7) [уничтожен]
    ✗ Радиовышка C2      @ (9,2,8) [уничтожен]
    ✗ Прыгун C3          @ (9,2,5) [уничтожен]
    ✗ Бурав C6           @ (9,4,9) [уничтожен]

======================================================================
ХОД 26
======================================================================
✓ 🎮 GM: начинаем ход
GM: start_turn

--- Радиовышки: сканирование слоя Z ---
  (у команд не осталось живых радиовышек)

--- Решения ботов ---
  [Team A] Бурав A6 (7,0,5) → MOVE (8,1,4)
  [Team B] Тишина B5 (7,0,2) → MOVE (8,1,3)
  [Team B] Бурав B6 (9,1,9) → MOVE (8,0,8)
  [Team B] Провокатор B7 (7,0,1) → HOLOGRAM (8,1,2)
  [Team B] Паук B8 (7,0,0) → MINE (8,1,1)
  [Team C] Тишина C5 (8,1,4) → MOVE (7,0,5)
  [Team C] Провокатор C7 (9,2,2) → HOLOGRAM (8,1,1)
  [Team C] Паук C8 (9,2,0) → MINE (8,1,1)
  [Team C] Факел C4 → SKIP
! 🎮 GM: принудительно завершает фазу планирования
GM: end_planning
# 
============================================================
# 🔄 ОБРАБОТКА ХОДА 26
# ============================================================
!    ⚠️ Провокатор B7: клетка (8,1,2) уже занята голограммой
!    ⚠️ Провокатор C7: клетка (8,1,1) уже занята голограммой
!    ⚠️ Паук B8: в клетке уже стоит мина
!    ⚠️ Паук C8: в клетке уже стоит мина

📦 ПЕРЕМЕЩЕНИЯ:
!    ⚠️ Бурав A6: Бурав двигается только по 1 оси или по 2 осям строго диагонально
!    ⚠️ Тишина B5: клетка (8,1,3) занята
!    ⚠️ Бурав B6: Бурав двигается только по 1 оси или по 2 осям строго диагонально
!    ⚠️ Тишина C5: клетка (7,0,5) занята

🎯 ВЫСТРЕЛЫ:
   Выпущено ракет: 0
# 
📊 РЕЗУЛЬТАТЫ ХОДА 26:
🎯 Попаданий нет

--- Результаты хода ---
  Попаданий нет

--- Состояние команд после хода ---
  Team A: живых 1/8
    ✓ Бурав A6           @ (7,0,5) hp=4/4
    ✗ Артиллерия A1      @ (9,4,9) [уничтожен]
    ✗ Радиовышка A2      @ (9,5,8) [уничтожен]
    ✗ Прыгун A3          @ (9,4,9) [уничтожен]
    ✗ Факел A4           @ (9,6,9) [уничтожен]
    ✗ Тишина A5          @ (9,5,9) [уничтожен]
    ✗ Провокатор A7      @ (9,2,9) [уничтожен]
    ✗ Паук A8            @ (9,1,9) [уничтожен]
  Team B: живых 4/8
    ✓ Тишина B5          @ (7,0,2) hp=2/2
    ✓ Бурав B6           @ (9,1,9) hp=4/4
    ✓ Провокатор B7      @ (7,0,1) hp=2/2
    ✓ Паук B8            @ (7,0,0) hp=1/1
    ✗ Артиллерия B1      @ (7,0,6) [уничтожен]
    ✗ Радиовышка B2      @ (7,0,5) [уничтожен]
    ✗ Прыгун B3          @ (9,2,7) [уничтожен]
    ✗ Факел B4           @ (7,0,8) [уничтожен]
  Team C: живых 4/8
    ✓ Факел C4           @ (9,2,3) hp=6/6
    ✓ Тишина C5          @ (8,1,4) hp=2/2
    ✓ Провокатор C7      @ (9,2,2) hp=2/2
    ✓ Паук C8            @ (9,2,0) hp=1/1
    ✗ Артиллерия C1      @ (9,2,7) [уничтожен]
    ✗ Радиовышка C2      @ (9,2,8) [уничтожен]
    ✗ Прыгун C3          @ (9,2,5) [уничтожен]
    ✗ Бурав C6           @ (9,4,9) [уничтожен]

======================================================================
ХОД 27
======================================================================
✓ 🎮 GM: начинаем ход
GM: start_turn

--- Радиовышки: сканирование слоя Z ---
  (у команд не осталось живых радиовышек)

--- Решения ботов ---
  [Team A] Бурав A6 (7,0,5) → MOVE (8,1,4)
  [Team B] Тишина B5 (7,0,2) → MOVE (8,1,3)
  [Team B] Бурав B6 (9,1,9) → MOVE (8,0,8)
  [Team B] Провокатор B7 (7,0,1) → HOLOGRAM (8,1,2)
  [Team B] Паук B8 (7,0,0) → MINE (8,1,1)
  [Team C] Тишина C5 (8,1,4) → MOVE (7,0,5)
  [Team C] Провокатор C7 (9,2,2) → HOLOGRAM (8,1,1)
  [Team C] Паук C8 (9,2,0) → MINE (8,1,1)
  [Team C] Факел C4 → SKIP
! 🎮 GM: принудительно завершает фазу планирования
GM: end_planning
# 
============================================================
# 🔄 ОБРАБОТКА ХОДА 27
# ============================================================
!    ⚠️ Провокатор B7: клетка (8,1,2) уже занята голограммой
!    ⚠️ Провокатор C7: клетка (8,1,1) уже занята голограммой
!    ⚠️ Паук B8: в клетке уже стоит мина
!    ⚠️ Паук C8: в клетке уже стоит мина

📦 ПЕРЕМЕЩЕНИЯ:
!    ⚠️ Бурав A6: Бурав двигается только по 1 оси или по 2 осям строго диагонально
!    ⚠️ Тишина B5: клетка (8,1,3) занята
!    ⚠️ Бурав B6: Бурав двигается только по 1 оси или по 2 осям строго диагонально
!    ⚠️ Тишина C5: клетка (7,0,5) занята

🎯 ВЫСТРЕЛЫ:
   Выпущено ракет: 0
# 
📊 РЕЗУЛЬТАТЫ ХОДА 27:
🎯 Попаданий нет

--- Результаты хода ---
  Попаданий нет

--- Состояние команд после хода ---
  Team A: живых 1/8
    ✓ Бурав A6           @ (7,0,5) hp=4/4
    ✗ Артиллерия A1      @ (9,4,9) [уничтожен]
    ✗ Радиовышка A2      @ (9,5,8) [уничтожен]
    ✗ Прыгун A3          @ (9,4,9) [уничтожен]
    ✗ Факел A4           @ (9,6,9) [уничтожен]
    ✗ Тишина A5          @ (9,5,9) [уничтожен]
    ✗ Провокатор A7      @ (9,2,9) [уничтожен]
    ✗ Паук A8            @ (9,1,9) [уничтожен]
  Team B: живых 4/8
    ✓ Тишина B5          @ (7,0,2) hp=2/2
    ✓ Бурав B6           @ (9,1,9) hp=4/4
    ✓ Провокатор B7      @ (7,0,1) hp=2/2
    ✓ Паук B8            @ (7,0,0) hp=1/1
    ✗ Артиллерия B1      @ (7,0,6) [уничтожен]
    ✗ Радиовышка B2      @ (7,0,5) [уничтожен]
    ✗ Прыгун B3          @ (9,2,7) [уничтожен]
    ✗ Факел B4           @ (7,0,8) [уничтожен]
  Team C: живых 4/8
    ✓ Факел C4           @ (9,2,3) hp=6/6
    ✓ Тишина C5          @ (8,1,4) hp=2/2
    ✓ Провокатор C7      @ (9,2,2) hp=2/2
    ✓ Паук C8            @ (9,2,0) hp=1/1
    ✗ Артиллерия C1      @ (9,2,7) [уничтожен]
    ✗ Радиовышка C2      @ (9,2,8) [уничтожен]
    ✗ Прыгун C3          @ (9,2,5) [уничтожен]
    ✗ Бурав C6           @ (9,4,9) [уничтожен]

======================================================================
ХОД 28
======================================================================
✓ 🎮 GM: начинаем ход
GM: start_turn

--- Радиовышки: сканирование слоя Z ---
  (у команд не осталось живых радиовышек)

--- Решения ботов ---
  [Team A] Бурав A6 (7,0,5) → MOVE (8,1,4)
  [Team B] Тишина B5 (7,0,2) → MOVE (8,1,3)
  [Team B] Бурав B6 (9,1,9) → MOVE (8,0,8)
  [Team B] Провокатор B7 (7,0,1) → HOLOGRAM (8,1,2)
  [Team B] Паук B8 (7,0,0) → MINE (8,1,1)
  [Team C] Тишина C5 (8,1,4) → MOVE (7,0,5)
  [Team C] Провокатор C7 (9,2,2) → HOLOGRAM (8,1,1)
  [Team C] Паук C8 (9,2,0) → MINE (8,1,1)
  [Team C] Факел C4 → SKIP
! 🎮 GM: принудительно завершает фазу планирования
GM: end_planning
# 
============================================================
# 🔄 ОБРАБОТКА ХОДА 28
# ============================================================
!    ⚠️ Провокатор B7: клетка (8,1,2) уже занята голограммой
!    ⚠️ Провокатор C7: клетка (8,1,1) уже занята голограммой
!    ⚠️ Паук B8: в клетке уже стоит мина
!    ⚠️ Паук C8: в клетке уже стоит мина

📦 ПЕРЕМЕЩЕНИЯ:
!    ⚠️ Бурав A6: Бурав двигается только по 1 оси или по 2 осям строго диагонально
!    ⚠️ Тишина B5: клетка (8,1,3) занята
!    ⚠️ Бурав B6: Бурав двигается только по 1 оси или по 2 осям строго диагонально
!    ⚠️ Тишина C5: клетка (7,0,5) занята

🎯 ВЫСТРЕЛЫ:
   Выпущено ракет: 0
# 
📊 РЕЗУЛЬТАТЫ ХОДА 28:
🎯 Попаданий нет

--- Результаты хода ---
  Попаданий нет

--- Состояние команд после хода ---
  Team A: живых 1/8
    ✓ Бурав A6           @ (7,0,5) hp=4/4
    ✗ Артиллерия A1      @ (9,4,9) [уничтожен]
    ✗ Радиовышка A2      @ (9,5,8) [уничтожен]
    ✗ Прыгун A3          @ (9,4,9) [уничтожен]
    ✗ Факел A4           @ (9,6,9) [уничтожен]
    ✗ Тишина A5          @ (9,5,9) [уничтожен]
    ✗ Провокатор A7      @ (9,2,9) [уничтожен]
    ✗ Паук A8            @ (9,1,9) [уничтожен]
  Team B: живых 4/8
    ✓ Тишина B5          @ (7,0,2) hp=2/2
    ✓ Бурав B6           @ (9,1,9) hp=4/4
    ✓ Провокатор B7      @ (7,0,1) hp=2/2
    ✓ Паук B8            @ (7,0,0) hp=1/1
    ✗ Артиллерия B1      @ (7,0,6) [уничтожен]
    ✗ Радиовышка B2      @ (7,0,5) [уничтожен]
    ✗ Прыгун B3          @ (9,2,7) [уничтожен]
    ✗ Факел B4           @ (7,0,8) [уничтожен]
  Team C: живых 4/8
    ✓ Факел C4           @ (9,2,3) hp=6/6
    ✓ Тишина C5          @ (8,1,4) hp=2/2
    ✓ Провокатор C7      @ (9,2,2) hp=2/2
    ✓ Паук C8            @ (9,2,0) hp=1/1
    ✗ Артиллерия C1      @ (9,2,7) [уничтожен]
    ✗ Радиовышка C2      @ (9,2,8) [уничтожен]
    ✗ Прыгун C3          @ (9,2,5) [уничтожен]
    ✗ Бурав C6           @ (9,4,9) [уничтожен]

======================================================================
ХОД 29
======================================================================
✓ 🎮 GM: начинаем ход
GM: start_turn

--- Радиовышки: сканирование слоя Z ---
  (у команд не осталось живых радиовышек)

--- Решения ботов ---
  [Team A] Бурав A6 (7,0,5) → MOVE (8,1,4)
  [Team B] Тишина B5 (7,0,2) → MOVE (8,1,3)
  [Team B] Бурав B6 (9,1,9) → MOVE (8,0,8)
  [Team B] Провокатор B7 (7,0,1) → HOLOGRAM (8,1,2)
  [Team B] Паук B8 (7,0,0) → MINE (8,1,1)
  [Team C] Тишина C5 (8,1,4) → MOVE (7,0,5)
  [Team C] Провокатор C7 (9,2,2) → HOLOGRAM (8,1,1)
  [Team C] Паук C8 (9,2,0) → MINE (8,1,1)
  [Team C] Факел C4 → SKIP
! 🎮 GM: принудительно завершает фазу планирования
GM: end_planning
# 
============================================================
# 🔄 ОБРАБОТКА ХОДА 29
# ============================================================
!    ⚠️ Провокатор B7: клетка (8,1,2) уже занята голограммой
!    ⚠️ Провокатор C7: клетка (8,1,1) уже занята голограммой
!    ⚠️ Паук B8: в клетке уже стоит мина
!    ⚠️ Паук C8: в клетке уже стоит мина

📦 ПЕРЕМЕЩЕНИЯ:
!    ⚠️ Бурав A6: Бурав двигается только по 1 оси или по 2 осям строго диагонально
!    ⚠️ Тишина B5: клетка (8,1,3) занята
!    ⚠️ Бурав B6: Бурав двигается только по 1 оси или по 2 осям строго диагонально
!    ⚠️ Тишина C5: клетка (7,0,5) занята

🎯 ВЫСТРЕЛЫ:
   Выпущено ракет: 0
# 
📊 РЕЗУЛЬТАТЫ ХОДА 29:
🎯 Попаданий нет

--- Результаты хода ---
  Попаданий нет

--- Состояние команд после хода ---
  Team A: живых 1/8
    ✓ Бурав A6           @ (7,0,5) hp=4/4
    ✗ Артиллерия A1      @ (9,4,9) [уничтожен]
    ✗ Радиовышка A2      @ (9,5,8) [уничтожен]
    ✗ Прыгун A3          @ (9,4,9) [уничтожен]
    ✗ Факел A4           @ (9,6,9) [уничтожен]
    ✗ Тишина A5          @ (9,5,9) [уничтожен]
    ✗ Провокатор A7      @ (9,2,9) [уничтожен]
    ✗ Паук A8            @ (9,1,9) [уничтожен]
  Team B: живых 4/8
    ✓ Тишина B5          @ (7,0,2) hp=2/2
    ✓ Бурав B6           @ (9,1,9) hp=4/4
    ✓ Провокатор B7      @ (7,0,1) hp=2/2
    ✓ Паук B8            @ (7,0,0) hp=1/1
    ✗ Артиллерия B1      @ (7,0,6) [уничтожен]
    ✗ Радиовышка B2      @ (7,0,5) [уничтожен]
    ✗ Прыгун B3          @ (9,2,7) [уничтожен]
    ✗ Факел B4           @ (7,0,8) [уничтожен]
  Team C: живых 4/8
    ✓ Факел C4           @ (9,2,3) hp=6/6
    ✓ Тишина C5          @ (8,1,4) hp=2/2
    ✓ Провокатор C7      @ (9,2,2) hp=2/2
    ✓ Паук C8            @ (9,2,0) hp=1/1
    ✗ Артиллерия C1      @ (9,2,7) [уничтожен]
    ✗ Радиовышка C2      @ (9,2,8) [уничтожен]
    ✗ Прыгун C3          @ (9,2,5) [уничтожен]
    ✗ Бурав C6           @ (9,4,9) [уничтожен]

======================================================================
ХОД 30
======================================================================
✓ 🎮 GM: начинаем ход
GM: start_turn

--- Радиовышки: сканирование слоя Z ---
  (у команд не осталось живых радиовышек)

--- Решения ботов ---
  [Team A] Бурав A6 (7,0,5) → MOVE (8,1,4)
  [Team B] Тишина B5 (7,0,2) → MOVE (8,1,3)
  [Team B] Бурав B6 (9,1,9) → MOVE (8,0,8)
  [Team B] Провокатор B7 (7,0,1) → HOLOGRAM (8,1,2)
  [Team B] Паук B8 (7,0,0) → MINE (8,1,1)
  [Team C] Тишина C5 (8,1,4) → MOVE (7,0,5)
  [Team C] Провокатор C7 (9,2,2) → HOLOGRAM (8,1,1)
  [Team C] Паук C8 (9,2,0) → MINE (8,1,1)
  [Team C] Факел C4 → SKIP
! 🎮 GM: принудительно завершает фазу планирования
GM: end_planning
# 
============================================================
# 🔄 ОБРАБОТКА ХОДА 30
# ============================================================
!    ⚠️ Провокатор B7: клетка (8,1,2) уже занята голограммой
!    ⚠️ Провокатор C7: клетка (8,1,1) уже занята голограммой
!    ⚠️ Паук B8: в клетке уже стоит мина
!    ⚠️ Паук C8: в клетке уже стоит мина

📦 ПЕРЕМЕЩЕНИЯ:
!    ⚠️ Бурав A6: Бурав двигается только по 1 оси или по 2 осям строго диагонально
!    ⚠️ Тишина B5: клетка (8,1,3) занята
!    ⚠️ Бурав B6: Бурав двигается только по 1 оси или по 2 осям строго диагонально
!    ⚠️ Тишина C5: клетка (7,0,5) занята

🎯 ВЫСТРЕЛЫ:
   Выпущено ракет: 0
# 
📊 РЕЗУЛЬТАТЫ ХОДА 30:
🎯 Попаданий нет

--- Результаты хода ---
  Попаданий нет

--- Состояние команд после хода ---
  Team A: живых 1/8
    ✓ Бурав A6           @ (7,0,5) hp=4/4
    ✗ Артиллерия A1      @ (9,4,9) [уничтожен]
    ✗ Радиовышка A2      @ (9,5,8) [уничтожен]
    ✗ Прыгун A3          @ (9,4,9) [уничтожен]
    ✗ Факел A4           @ (9,6,9) [уничтожен]
    ✗ Тишина A5          @ (9,5,9) [уничтожен]
    ✗ Провокатор A7      @ (9,2,9) [уничтожен]
    ✗ Паук A8            @ (9,1,9) [уничтожен]
  Team B: живых 4/8
    ✓ Тишина B5          @ (7,0,2) hp=2/2
    ✓ Бурав B6           @ (9,1,9) hp=4/4
    ✓ Провокатор B7      @ (7,0,1) hp=2/2
    ✓ Паук B8            @ (7,0,0) hp=1/1
    ✗ Артиллерия B1      @ (7,0,6) [уничтожен]
    ✗ Радиовышка B2      @ (7,0,5) [уничтожен]
    ✗ Прыгун B3          @ (9,2,7) [уничтожен]
    ✗ Факел B4           @ (7,0,8) [уничтожен]
  Team C: живых 4/8
    ✓ Факел C4           @ (9,2,3) hp=6/6
    ✓ Тишина C5          @ (8,1,4) hp=2/2
    ✓ Провокатор C7      @ (9,2,2) hp=2/2
    ✓ Паук C8            @ (9,2,0) hp=1/1
    ✗ Артиллерия C1      @ (9,2,7) [уничтожен]
    ✗ Радиовышка C2      @ (9,2,8) [уничтожен]
    ✗ Прыгун C3          @ (9,2,5) [уничтожен]
    ✗ Бурав C6           @ (9,4,9) [уничтожен]

======================================================================
ИТОГ
======================================================================
Лимит ходов (30) исчерпан, ничья/пат.

--- Сводка по командам ---
  Team A: 1/8 живых; hp=4
  Team B: 4/8 живых; hp=9
  Team C: 4/8 живых; hp=11

--- Сводка по пассивкам радиовышек ---
  Team A: сканирований=7, всего врагов-в-слоях=2, уникальных эксклюзивных (видны только радиовышкой)=0
  Team B: сканирований=5, всего врагов-в-слоях=2, уникальных эксклюзивных (видны только радиовышкой)=0
  Team C: сканирований=1, всего врагов-в-слоях=1, уникальных эксклюзивных (видны только радиовышкой)=0

--- Сводка по попаданиям ---
  Всего событий (шоты+тараны+мины): 16
  Уничтожено кораблей всего: 15
  Team A: урон=19 хиты=1 тараны=5 мины(сработало)=0 убийств=6
  Team B: урон=19 хиты=1 тараны=7 мины(сработало)=0 убийств=7
  Team C: урон=3 хиты=0 тараны=2 мины(сработало)=0 убийств=2
! 🎮 GM: остановка игры
