======================================================================
Space Battle 10×10×10 — simulation run at 2026-04-20T13:31:54+00:00
Game mode: advanced
Seed: 119
✓ 🚀 Продвинутый режим: создаю разные типы кораблей
   Команда A: спавн вдоль оси Y от (2, 8, 8) до (2, 5, 8)
   Команда B: спавн вдоль оси Y от (3, 9, 7) до (3, 7, 7)
   Команда C: спавн вдоль оси Z от (5, 3, 2) до (5, 3, 1)
✓ ✅ Создано 24 кораблей


--- СТАРТОВАЯ РАССТАНОВКА ---
  Team A: живых 8/8
    ✓ Артиллерия A1      @ (2,8,8) hp=1/1
    ✓ Радиовышка A2      @ (2,6,8) hp=3/3
    ✓ Прыгун A3          @ (2,1,8) hp=2/2
    ✓ Факел A4           @ (2,0,8) hp=6/6
    ✓ Тишина A5          @ (2,3,8) hp=2/2
    ✓ Бурав A6           @ (2,7,8) hp=4/4
    ✓ Провокатор A7      @ (2,4,8) hp=2/2
    ✓ Паук A8            @ (2,5,8) hp=1/1
  Team B: живых 8/8
    ✓ Артиллерия B1      @ (3,9,7) hp=1/1
    ✓ Радиовышка B2      @ (3,0,7) hp=3/3
    ✓ Прыгун B3          @ (3,6,7) hp=2/2
    ✓ Факел B4           @ (3,5,7) hp=6/6
    ✓ Тишина B5          @ (3,2,7) hp=2/2
    ✓ Бурав B6           @ (3,3,7) hp=4/4
    ✓ Провокатор B7      @ (3,8,7) hp=2/2
    ✓ Паук B8            @ (3,7,7) hp=1/1
  Team C: живых 8/8
    ✓ Артиллерия C1      @ (5,3,2) hp=1/1
    ✓ Радиовышка C2      @ (5,3,7) hp=3/3
    ✓ Прыгун C3          @ (5,3,0) hp=2/2
    ✓ Факел C4           @ (5,3,6) hp=6/6
    ✓ Тишина C5          @ (5,3,4) hp=2/2
    ✓ Бурав C6           @ (5,3,5) hp=4/4
    ✓ Провокатор C7      @ (5,3,3) hp=2/2
    ✓ Паук C8            @ (5,3,1) hp=1/1

======================================================================
ХОД 1
======================================================================
✓ 🎮 GM: начинаем ход
GM: start_turn

--- Радиовышки: сканирование слоя Z ---
  Радиовышка A2 (z=8): слой чист
  Радиовышка B2 (z=7): видит 1 врагов  → Радиовышка C2(5,3,7)
  Радиовышка C2 (z=7): видит 8 врагов [+2 эксклюзивно] → Радиовышка B2(3,0,7), Тишина B5(3,2,7), Бурав B6(3,3,7), Факел B4(3,5,7), Прыгун B3(3,6,7), Паук B8(3,7,7), Провокатор B7(3,8,7), Артиллерия B1(3,9,7)

--- Решения ботов ---
  [Team A] Артиллерия A1 (2,8,8) → SHOOT at (3,9,7)
  [Team A] Радиовышка A2 (2,6,8) → MOVE (3,6,7)
  [Team A] Прыгун A3 (2,1,8) → MOVE (3,3,7)
  [Team A] Тишина A5 (2,3,8) → PHASE toggle
  [Team A] Бурав A6 (2,7,8) → MOVE (3,7,7)
  [Team A] Провокатор A7 (2,4,8) → HOLOGRAM (3,5,7)
  [Team A] Паук A8 (2,5,8) → MINE (2,6,7)
  [Team A] Факел A4 → SKIP
  [Team B] Артиллерия B1 (3,9,7) → SHOOT at (2,8,8)
  [Team B] Радиовышка B2 (3,0,7) → MOVE (2,1,8)
  [Team B] Прыгун B3 (3,6,7) → MOVE (2,8,8)
  [Team B] Тишина B5 (3,2,7) → PHASE toggle
  [Team B] Бурав B6 (3,3,7) → MOVE (5,3,5)
  [Team B] Провокатор B7 (3,8,7) → HOLOGRAM (3,8,8)
  [Team B] Паук B8 (3,7,7) → MINE (2,7,8)
  [Team B] Факел B4 → SKIP
  [Team C] Артиллерия C1 (5,3,2) → SHOOT at (3,9,7)
  [Team C] Радиовышка C2 (5,3,7) → MOVE (4,4,7)
  [Team C] Прыгун C3 (5,3,0) → MOVE (4,4,1)
  [Team C] Тишина C5 (5,3,4) → PHASE toggle
  [Team C] Бурав C6 (5,3,5) → MOVE (3,3,7)
  [Team C] Провокатор C7 (5,3,3) → HOLOGRAM (4,2,4)
  [Team C] Паук C8 (5,3,1) → MOVE (4,4,2)
  [Team C] Факел C4 → SKIP
! 🎮 GM: принудительно завершает фазу планирования
GM: end_planning
# 
============================================================
# 🔄 ОБРАБОТКА ХОДА 1
# ============================================================
   🌀 Тишина A5: фаза ВКЛ
   🌀 Тишина B5: фаза ВКЛ
   🌀 Тишина C5: фаза ВКЛ
!    ⚠️ Провокатор A7: клетка (3,5,7) занята кораблём
   🪞 Провокатор B7 создал голограмму H1 в (3,8,8)
   🪞 Провокатор C7 создал голограмму H2 в (4,2,4)
   💣 Паук A8 установил мину M1 в (2,6,7)
!    ⚠️ Паук B8: клетка (2,7,8) занята кораблём

📦 ПЕРЕМЕЩЕНИЯ:
!    ⚠️ Радиовышка A2: клетка (3,6,7) занята
✓    💥 Прыгун A3 тараном уничтожил Бурав B6 в (3,3,7)
   Прыгун A3: (2, 1, 8) → (3,3,7)
✓    💥 Бурав A6 тараном уничтожил Паук B8 в (3,7,7)
   Бурав A6: (2, 7, 8) → (3,7,7)
   Радиовышка B2: (3, 0, 7) → (2,1,8)
✓    💥 Прыгун B3 тараном уничтожил Артиллерия A1 в (2,8,8)
   Прыгун B3: (3, 6, 7) → (2,8,8)
   Радиовышка C2: (5, 3, 7) → (4,4,7)
   Прыгун C3: (5, 3, 0) → (4,4,1)
✓    💥 Бурав C6 тараном уничтожил Прыгун A3 в (3,3,7)
   Бурав C6: (5, 3, 5) → (3,3,7)
   Паук C8: (5, 3, 1) → (4,4,2)

🎯 ВЫСТРЕЛЫ:
✓    ✅ Артиллерия C1 поразил Артиллерия B1 (2 урона)!
   Выпущено ракет: 2
# 
📊 РЕЗУЛЬТАТЫ ХОДА 1:
✓ 💥 ПОПАДАНИЯ:
✓    Артиллерия C1 (Team C) → Артиллерия B1 (Team B)

--- Результаты хода ---
  Team A / Прыгун A3          → Team B / Бурав B6           @ (3,3,7)  (УБИТ)
  Team A / Бурав A6           → Team B / Паук B8            @ (3,7,7)  (УБИТ)
  Team B / Прыгун B3          → Team A / Артиллерия A1      @ (2,8,8)  (УБИТ)
  Team C / Бурав C6           → Team A / Прыгун A3          @ (3,3,7)  (УБИТ)
  Team C / Артиллерия C1      → Team B / Артиллерия B1      @ (3,9,7)  (УБИТ)

--- Состояние команд после хода ---
  Team A: живых 6/8
    ✓ Радиовышка A2      @ (2,6,8) hp=3/3
    ✓ Факел A4           @ (2,0,8) hp=6/6
    ✓ Тишина A5          @ (2,3,8) hp=2/2
    ✓ Бурав A6           @ (3,7,7) hp=4/4
    ✓ Провокатор A7      @ (2,4,8) hp=2/2
    ✓ Паук A8            @ (2,5,8) hp=1/1
    ✗ Артиллерия A1      @ (2,8,8) [уничтожен]
    ✗ Прыгун A3          @ (3,3,7) [уничтожен]
  Team B: живых 5/8
    ✓ Радиовышка B2      @ (2,1,8) hp=3/3
    ✓ Прыгун B3          @ (2,8,8) hp=2/2
    ✓ Факел B4           @ (3,5,7) hp=6/6
    ✓ Тишина B5          @ (3,2,7) hp=2/2
    ✓ Провокатор B7      @ (3,8,7) hp=2/2
    ✗ Артиллерия B1      @ (3,9,7) [уничтожен]
    ✗ Бурав B6           @ (3,3,7) [уничтожен]
    ✗ Паук B8            @ (3,7,7) [уничтожен]
  Team C: живых 8/8
    ✓ Артиллерия C1      @ (5,3,2) hp=1/1
    ✓ Радиовышка C2      @ (4,4,7) hp=3/3
    ✓ Прыгун C3          @ (4,4,1) hp=2/2
    ✓ Факел C4           @ (5,3,6) hp=6/6
    ✓ Тишина C5          @ (5,3,4) hp=2/2
    ✓ Бурав C6           @ (3,3,7) hp=4/4
    ✓ Провокатор C7      @ (5,3,3) hp=2/2
    ✓ Паук C8            @ (4,4,2) hp=1/1

======================================================================
ХОД 2
======================================================================
✓ 🎮 GM: начинаем ход
GM: start_turn

--- Радиовышки: сканирование слоя Z ---
  Радиовышка A2 (z=8): видит 2 врагов  → Радиовышка B2(2,1,8), Прыгун B3(2,8,8)
  Радиовышка B2 (z=8): видит 4 врагов  → Факел A4(2,0,8), Провокатор A7(2,4,8), Паук A8(2,5,8), Радиовышка A2(2,6,8)
  Радиовышка C2 (z=7): видит 3 врагов [+1 эксклюзивно] → Бурав A6(3,7,7), Факел B4(3,5,7), Провокатор B7(3,8,7)

--- Решения ботов ---
  [Team A] Радиовышка A2 (2,6,8) → MOVE (3,5,7)
  [Team A] Факел A4 (2,0,8) → SHOOT at (2,1,8)
  [Team A] Тишина A5 (2,3,8) → MOVE (3,3,7)
  [Team A] Бурав A6 (3,7,7) → MOVE (3,8,7)
  [Team A] Провокатор A7 (2,4,8) → HOLOGRAM (2,5,7)
  [Team A] Паук A8 (2,5,8) → MINE (3,5,8)
  [Team B] Радиовышка B2 (2,1,8) → MOVE (2,0,8)
  [Team B] Прыгун B3 (2,8,8) → MOVE (3,7,7)
  [Team B] Факел B4 (3,5,7) → SHOOT at (3,3,7)
  [Team B] Тишина B5 (3,2,7) → MOVE (3,3,7)
  [Team B] Провокатор B7 (3,8,7) → SHOOT at (3,7,7)
  [Team C] Артиллерия C1 (5,3,2) → SHOOT at (3,8,7)
  [Team C] Радиовышка C2 (4,4,7) → MOVE (3,5,7)
  [Team C] Прыгун C3 (4,4,1) → MOVE (3,5,2)
  [Team C] Факел C4 (5,3,6) → MOVE (5,3,5)
  [Team C] Тишина C5 (5,3,4) → MOVE (4,4,5)
  [Team C] Бурав C6 (3,3,7) → MOVE (2,4,8)
  [Team C] Провокатор C7 (5,3,3) → HOLOGRAM (4,4,4)
  [Team C] Паук C8 (4,4,2) → MOVE (3,5,3)
! 🎮 GM: принудительно завершает фазу планирования
GM: end_planning
# 
============================================================
# 🔄 ОБРАБОТКА ХОДА 2
# ============================================================
   🪞 Провокатор A7 создал голограмму H3 в (2,5,7)
   🪞 Провокатор C7 создал голограмму H4 в (4,4,4)
   💣 Паук A8 установил мину M2 в (3,5,8)

📦 ПЕРЕМЕЩЕНИЯ:
!    ⚠️ Радиовышка A2: клетка (3,5,7) занята
!    ⚠️ Тишина A5: клетка (3,3,7) занята
✓    💥 Бурав A6 тараном уничтожил Провокатор B7 в (3,8,7)
   Бурав A6: (3, 7, 7) → (3,8,7)
!    ⚠️ Радиовышка B2: клетка (2,0,8) занята
   Прыгун B3: (2, 8, 8) → (3,7,7)
!    ⚠️ Тишина B5: клетка (3,3,7) занята
!    ⚠️ Радиовышка C2: клетка (3,5,7) занята
   Прыгун C3: (4, 4, 1) → (3,5,2)
   Факел C4: (5, 3, 6) → (5,3,5)
   Тишина C5: (5, 3, 4) → (4,4,5)
!    ⚠️ Бурав C6: Бурав двигается только по 1 оси или по 2 осям строго диагонально
   Паук C8: (4, 4, 2) → (3,5,3)

🎯 ВЫСТРЕЛЫ:
✓    ✅ Факел A4 поразил Радиовышка B2 (1 урона)!
✓    ✅ Факел B4 поразил Бурав C6 (1 урона)!
✓    ✅ Артиллерия C1 поразил Бурав A6 (2 урона)!
   Выпущено ракет: 3
# 
📊 РЕЗУЛЬТАТЫ ХОДА 2:
✓ 💥 ПОПАДАНИЯ:
✓    Факел A4 (Team A) → Радиовышка B2 (Team B)
✓    Факел B4 (Team B) → Бурав C6 (Team C)
✓    Артиллерия C1 (Team C) → Бурав A6 (Team A)

--- Результаты хода ---
  Team A / Бурав A6           → Team B / Провокатор B7      @ (3,8,7)  (УБИТ)
  Team A / Факел A4           → Team B / Радиовышка B2      @ (2,1,8)  (ранен)
  Team B / Факел B4           → Team C / Бурав C6           @ (3,3,7)  (ранен)
  Team C / Артиллерия C1      → Team A / Бурав A6           @ (3,8,7)  (ранен)

--- Состояние команд после хода ---
  Team A: живых 6/8
    ✓ Радиовышка A2      @ (2,6,8) hp=3/3
    ✓ Факел A4           @ (2,0,8) hp=6/6
    ✓ Тишина A5          @ (2,3,8) hp=2/2
    ✓ Бурав A6           @ (3,8,7) hp=2/4
    ✓ Провокатор A7      @ (2,4,8) hp=2/2
    ✓ Паук A8            @ (2,5,8) hp=1/1
    ✗ Артиллерия A1      @ (2,8,8) [уничтожен]
    ✗ Прыгун A3          @ (3,3,7) [уничтожен]
  Team B: живых 4/8
    ✓ Радиовышка B2      @ (2,1,8) hp=2/3
    ✓ Прыгун B3          @ (3,7,7) hp=2/2
    ✓ Факел B4           @ (3,5,7) hp=6/6
    ✓ Тишина B5          @ (3,2,7) hp=2/2
    ✗ Артиллерия B1      @ (3,9,7) [уничтожен]
    ✗ Бурав B6           @ (3,3,7) [уничтожен]
    ✗ Провокатор B7      @ (3,8,7) [уничтожен]
    ✗ Паук B8            @ (3,7,7) [уничтожен]
  Team C: живых 8/8
    ✓ Артиллерия C1      @ (5,3,2) hp=1/1
    ✓ Радиовышка C2      @ (4,4,7) hp=3/3
    ✓ Прыгун C3          @ (3,5,2) hp=2/2
    ✓ Факел C4           @ (5,3,5) hp=6/6
    ✓ Тишина C5          @ (4,4,5) hp=2/2
    ✓ Бурав C6           @ (3,3,7) hp=3/4
    ✓ Провокатор C7      @ (5,3,3) hp=2/2
    ✓ Паук C8            @ (3,5,3) hp=1/1

======================================================================
ХОД 3
======================================================================
✓ 🎮 GM: начинаем ход
GM: start_turn

--- Радиовышки: сканирование слоя Z ---
  Радиовышка A2 (z=8): видит 1 врагов  → Радиовышка B2(2,1,8)
  Радиовышка B2 (z=8): видит 4 врагов  → Факел A4(2,0,8), Провокатор A7(2,4,8), Паук A8(2,5,8), Радиовышка A2(2,6,8)
  Радиовышка C2 (z=7): видит 3 врагов  → Бурав A6(3,8,7), Факел B4(3,5,7), Прыгун B3(3,7,7)

--- Решения ботов ---
  [Team A] Радиовышка A2 (2,6,8) → MOVE (3,7,7)
  [Team A] Факел A4 (2,0,8) → SHOOT at (2,1,8)
  [Team A] Тишина A5 (2,3,8) → MOVE (3,3,7)
  [Team A] Бурав A6 (3,8,7) → MOVE (3,5,7)
  [Team A] Провокатор A7 (2,4,8) → HOLOGRAM (2,5,7)
  [Team A] Паук A8 (2,5,8) → MINE (3,5,8)
  [Team B] Радиовышка B2 (2,1,8) → MOVE (2,0,8)
  [Team B] Прыгун B3 (3,7,7) → MOVE (2,6,8)
  [Team B] Факел B4 (3,5,7) → SHOOT at (3,5,3)
  [Team B] Тишина B5 (3,2,7) → MOVE (3,3,7)
  [Team C] Артиллерия C1 (5,3,2) → SHOOT at (3,7,7)
  [Team C] Радиовышка C2 (4,4,7) → MOVE (3,5,7)
  [Team C] Прыгун C3 (3,5,2) → SHOOT at (3,5,7)
  [Team C] Факел C4 (5,3,5) → HEAL (AoE)
  [Team C] Тишина C5 (4,4,5) → MOVE (3,5,6)
  [Team C] Бурав C6 (3,3,7) → MOVE (2,4,8)
  [Team C] Провокатор C7 (5,3,3) → HOLOGRAM (4,4,4)
  [Team C] Паук C8 (3,5,3) → MINE (3,6,4)
! 🎮 GM: принудительно завершает фазу планирования
GM: end_planning
# 
============================================================
# 🔄 ОБРАБОТКА ХОДА 3
# ============================================================
!    ⚠️ Провокатор A7: клетка (2,5,7) уже занята голограммой
!    ⚠️ Провокатор C7: клетка (4,4,4) уже занята голограммой
!    ⚠️ Паук A8: в клетке уже стоит мина
   💣 Паук C8 установил мину M3 в (3,6,4)

📦 ПЕРЕМЕЩЕНИЯ:
!    ⚠️ Радиовышка A2: клетка (3,7,7) занята
!    ⚠️ Тишина A5: клетка (3,3,7) занята
✓    💥 Бурав A6 тараном уничтожил Факел B4 в (3,5,7)
   Бурав A6: (3, 8, 7) → (3,5,7)
!    ⚠️ Радиовышка B2: клетка (2,0,8) занята
✓    💥 Прыгун B3 тараном уничтожил Радиовышка A2 в (2,6,8)
   Прыгун B3: (3, 7, 7) → (2,6,8)
!    ⚠️ Тишина B5: клетка (3,3,7) занята
!    ⚠️ Радиовышка C2: клетка (3,5,7) занята
   Тишина C5: (4, 4, 5) → (3,5,6)
!    ⚠️ Бурав C6: Бурав двигается только по 1 оси или по 2 осям строго диагонально

🎯 ВЫСТРЕЛЫ:
!    🛡️ Выстрел Прыгун C3 заблокирован союзником Паук C8 в (3, 5, 3)
✓    ✅ Факел A4 поразил Радиовышка B2 (1 урона)!
✓    💚 Факел C4 лечит Бурав C6 → hits=0/4
   Выпущено ракет: 3
# 
📊 РЕЗУЛЬТАТЫ ХОДА 3:
✓ 💥 ПОПАДАНИЯ:
✓    Факел A4 (Team A) → Радиовышка B2 (Team B)

--- Результаты хода ---
  Team A / Бурав A6           → Team B / Факел B4           @ (3,5,7)  (УБИТ)
  Team B / Прыгун B3          → Team A / Радиовышка A2      @ (2,6,8)  (УБИТ)
  Team A / Факел A4           → Team B / Радиовышка B2      @ (2,1,8)  (ранен)

--- Состояние команд после хода ---
  Team A: живых 5/8
    ✓ Факел A4           @ (2,0,8) hp=6/6
    ✓ Тишина A5          @ (2,3,8) hp=2/2
    ✓ Бурав A6           @ (3,5,7) hp=2/4
    ✓ Провокатор A7      @ (2,4,8) hp=2/2
    ✓ Паук A8            @ (2,5,8) hp=1/1
    ✗ Артиллерия A1      @ (2,8,8) [уничтожен]
    ✗ Радиовышка A2      @ (2,6,8) [уничтожен]
    ✗ Прыгун A3          @ (3,3,7) [уничтожен]
  Team B: живых 3/8
    ✓ Радиовышка B2      @ (2,1,8) hp=1/3
    ✓ Прыгун B3          @ (2,6,8) hp=2/2
    ✓ Тишина B5          @ (3,2,7) hp=2/2
    ✗ Артиллерия B1      @ (3,9,7) [уничтожен]
    ✗ Факел B4           @ (3,5,7) [уничтожен]
    ✗ Бурав B6           @ (3,3,7) [уничтожен]
    ✗ Провокатор B7      @ (3,8,7) [уничтожен]
    ✗ Паук B8            @ (3,7,7) [уничтожен]
  Team C: живых 8/8
    ✓ Артиллерия C1      @ (5,3,2) hp=1/1
    ✓ Радиовышка C2      @ (4,4,7) hp=3/3
    ✓ Прыгун C3          @ (3,5,2) hp=2/2
    ✓ Факел C4           @ (5,3,5) hp=6/6
    ✓ Тишина C5          @ (3,5,6) hp=2/2
    ✓ Бурав C6           @ (3,3,7) hp=4/4
    ✓ Провокатор C7      @ (5,3,3) hp=2/2
    ✓ Паук C8            @ (3,5,3) hp=1/1

======================================================================
ХОД 4
======================================================================
✓ 🎮 GM: начинаем ход
GM: start_turn

--- Радиовышки: сканирование слоя Z ---
  Радиовышка B2 (z=8): видит 3 врагов  → Факел A4(2,0,8), Провокатор A7(2,4,8), Паук A8(2,5,8)
  Радиовышка C2 (z=7): видит 1 врагов  → Бурав A6(3,5,7)

--- Решения ботов ---
  [Team A] Факел A4 (2,0,8) → SHOOT at (2,1,8)
  [Team A] Тишина A5 (2,3,8) → MOVE (3,3,7)
  [Team A] Бурав A6 (3,5,7) → MOVE (4,4,7)
  [Team A] Провокатор A7 (2,4,8) → HOLOGRAM (3,4,8)
  [Team A] Паук A8 (2,5,8) → MINE (2,6,8)
  [Team B] Радиовышка B2 (2,1,8) → MOVE (2,0,8)
  [Team B] Прыгун B3 (2,6,8) → MOVE (2,4,8)
  [Team B] Тишина B5 (3,2,7) → MOVE (3,3,7)
  [Team C] Артиллерия C1 (5,3,2) → SHOOT at (3,5,7)
  [Team C] Радиовышка C2 (4,4,7) → MOVE (3,5,7)
  [Team C] Прыгун C3 (3,5,2) → SHOOT at (3,5,7)
  [Team C] Факел C4 (5,3,5) → MOVE (5,3,4)
  [Team C] Бурав C6 (3,3,7) → MOVE (2,4,8)
  [Team C] Провокатор C7 (5,3,3) → HOLOGRAM (4,4,4)
  [Team C] Паук C8 (3,5,3) → MINE (3,5,4)
  [Team C] Тишина C5 → SKIP
! 🎮 GM: принудительно завершает фазу планирования
GM: end_planning
# 
============================================================
# 🔄 ОБРАБОТКА ХОДА 4
# ============================================================
   🪞 Провокатор A7 создал голограмму H5 в (3,4,8)
!    ⚠️ Провокатор C7: клетка (4,4,4) уже занята голограммой
!    ⚠️ Паук A8: клетка (2,6,8) занята кораблём
   💣 Паук C8 установил мину M4 в (3,5,4)

📦 ПЕРЕМЕЩЕНИЯ:
!    ⚠️ Тишина A5: клетка (3,3,7) занята
✓    💥 Бурав A6 тараном уничтожил Радиовышка C2 в (4,4,7)
   Бурав A6: (3, 5, 7) → (4,4,7)
!    ⚠️ Радиовышка B2: клетка (2,0,8) занята
✓    💥 Прыгун B3 тараном уничтожил Провокатор A7 в (2,4,8)
   Прыгун B3: (2, 6, 8) → (2,4,8)
!    ⚠️ Тишина B5: клетка (3,3,7) занята
   Факел C4: (5, 3, 5) → (5,3,4)
!    ⚠️ Бурав C6: Бурав двигается только по 1 оси или по 2 осям строго диагонально

🎯 ВЫСТРЕЛЫ:
!    🛡️ Выстрел Прыгун C3 заблокирован союзником Паук C8 в (3, 5, 3)
✓    ✅ Факел A4 поразил Радиовышка B2 (1 урона)!
   Выпущено ракет: 3
# 
📊 РЕЗУЛЬТАТЫ ХОДА 4:
✓ 💥 ПОПАДАНИЯ:
✓    Факел A4 (Team A) → Радиовышка B2 (Team B)

--- Результаты хода ---
  Team A / Бурав A6           → Team C / Радиовышка C2      @ (4,4,7)  (УБИТ)
  Team B / Прыгун B3          → Team A / Провокатор A7      @ (2,4,8)  (УБИТ)
  Team A / Факел A4           → Team B / Радиовышка B2      @ (2,1,8)  (УБИТ)

--- Состояние команд после хода ---
  Team A: живых 4/8
    ✓ Факел A4           @ (2,0,8) hp=6/6
    ✓ Тишина A5          @ (2,3,8) hp=2/2
    ✓ Бурав A6           @ (4,4,7) hp=2/4
    ✓ Паук A8            @ (2,5,8) hp=1/1
    ✗ Артиллерия A1      @ (2,8,8) [уничтожен]
    ✗ Радиовышка A2      @ (2,6,8) [уничтожен]
    ✗ Прыгун A3          @ (3,3,7) [уничтожен]
    ✗ Провокатор A7      @ (2,4,8) [уничтожен]
  Team B: живых 2/8
    ✓ Прыгун B3          @ (2,4,8) hp=2/2
    ✓ Тишина B5          @ (3,2,7) hp=2/2
    ✗ Артиллерия B1      @ (3,9,7) [уничтожен]
    ✗ Радиовышка B2      @ (2,1,8) [уничтожен]
    ✗ Факел B4           @ (3,5,7) [уничтожен]
    ✗ Бурав B6           @ (3,3,7) [уничтожен]
    ✗ Провокатор B7      @ (3,8,7) [уничтожен]
    ✗ Паук B8            @ (3,7,7) [уничтожен]
  Team C: живых 7/8
    ✓ Артиллерия C1      @ (5,3,2) hp=1/1
    ✓ Прыгун C3          @ (3,5,2) hp=2/2
    ✓ Факел C4           @ (5,3,4) hp=6/6
    ✓ Тишина C5          @ (3,5,6) hp=2/2
    ✓ Бурав C6           @ (3,3,7) hp=4/4
    ✓ Провокатор C7      @ (5,3,3) hp=2/2
    ✓ Паук C8            @ (3,5,3) hp=1/1
    ✗ Радиовышка C2      @ (4,4,7) [уничтожен]

======================================================================
ХОД 5
======================================================================
✓ 🎮 GM: начинаем ход
GM: start_turn

--- Радиовышки: сканирование слоя Z ---
  (у команд не осталось живых радиовышек)

--- Решения ботов ---
  [Team A] Факел A4 (2,0,8) → SHOOT at (2,4,8)
  [Team A] Тишина A5 (2,3,8) → MOVE (2,4,8)
  [Team A] Бурав A6 (4,4,7) → MOVE (3,3,7)
  [Team A] Паук A8 → SKIP
  [Team B] Прыгун B3 (2,4,8) → MOVE (3,3,7)
  [Team B] Тишина B5 → SKIP
  [Team C] Артиллерия C1 (5,3,2) → SHOOT at (4,4,7)
  [Team C] Прыгун C3 (3,5,2) → MOVE (4,4,3)
  [Team C] Тишина C5 (3,5,6) → MOVE (4,4,7)
  [Team C] Бурав C6 (3,3,7) → MOVE (3,4,7)
  [Team C] Провокатор C7 (5,3,3) → HOLOGRAM (4,4,4)
  [Team C] Паук C8 (3,5,3) → MINE (4,4,4)
  [Team C] Факел C4 → SKIP
! 🎮 GM: принудительно завершает фазу планирования
GM: end_planning
# 
============================================================
# 🔄 ОБРАБОТКА ХОДА 5
# ============================================================
!    ⚠️ Провокатор C7: клетка (4,4,4) уже занята голограммой
   💣 Паук C8 установил мину M5 в (4,4,4)

📦 ПЕРЕМЕЩЕНИЯ:
!    ⚠️ Тишина A5: клетка (2,4,8) занята
✓    💥 Бурав A6 тараном уничтожил Бурав C6 в (3,3,7)
   Бурав A6: (4, 4, 7) → (3,3,7)
✓    💥 Прыгун B3 тараном уничтожил Бурав A6 в (3,3,7)
   Прыгун B3: (2, 4, 8) → (3,3,7)
   Прыгун C3: (3, 5, 2) → (4,4,3)
   Тишина C5: (3, 5, 6) → (4,4,7)

🎯 ВЫСТРЕЛЫ:
   Выпущено ракет: 2
# 
📊 РЕЗУЛЬТАТЫ ХОДА 5:
🎯 Попаданий нет

--- Результаты хода ---
  Team A / Бурав A6           → Team C / Бурав C6           @ (3,3,7)  (УБИТ)
  Team B / Прыгун B3          → Team A / Бурав A6           @ (3,3,7)  (УБИТ)

--- Состояние команд после хода ---
  Team A: живых 3/8
    ✓ Факел A4           @ (2,0,8) hp=6/6
    ✓ Тишина A5          @ (2,3,8) hp=2/2
    ✓ Паук A8            @ (2,5,8) hp=1/1
    ✗ Артиллерия A1      @ (2,8,8) [уничтожен]
    ✗ Радиовышка A2      @ (2,6,8) [уничтожен]
    ✗ Прыгун A3          @ (3,3,7) [уничтожен]
    ✗ Бурав A6           @ (3,3,7) [уничтожен]
    ✗ Провокатор A7      @ (2,4,8) [уничтожен]
  Team B: живых 2/8
    ✓ Прыгун B3          @ (3,3,7) hp=2/2
    ✓ Тишина B5          @ (3,2,7) hp=2/2
    ✗ Артиллерия B1      @ (3,9,7) [уничтожен]
    ✗ Радиовышка B2      @ (2,1,8) [уничтожен]
    ✗ Факел B4           @ (3,5,7) [уничтожен]
    ✗ Бурав B6           @ (3,3,7) [уничтожен]
    ✗ Провокатор B7      @ (3,8,7) [уничтожен]
    ✗ Паук B8            @ (3,7,7) [уничтожен]
  Team C: живых 6/8
    ✓ Артиллерия C1      @ (5,3,2) hp=1/1
    ✓ Прыгун C3          @ (4,4,3) hp=2/2
    ✓ Факел C4           @ (5,3,4) hp=6/6
    ✓ Тишина C5          @ (4,4,7) hp=2/2
    ✓ Провокатор C7      @ (5,3,3) hp=2/2
    ✓ Паук C8            @ (3,5,3) hp=1/1
    ✗ Радиовышка C2      @ (4,4,7) [уничтожен]
    ✗ Бурав C6           @ (3,3,7) [уничтожен]

======================================================================
ХОД 6
======================================================================
✓ 🎮 GM: начинаем ход
GM: start_turn

--- Радиовышки: сканирование слоя Z ---
  (у команд не осталось живых радиовышек)

--- Решения ботов ---
  [Team A] Факел A4 (2,0,8) → MOVE (2,1,8)
  [Team A] Тишина A5 (2,3,8) → MOVE (3,3,7)
  [Team A] Паук A8 (2,5,8) → MINE (3,4,7)
  [Team B] Прыгун B3 (3,3,7) → MOVE (2,5,8)
  [Team B] Тишина B5 (3,2,7) → MOVE (2,1,8)
  [Team C] Артиллерия C1 (5,3,2) → SHOOT at (3,3,7)
  [Team C] Прыгун C3 (4,4,3) → MOVE (3,3,4)
  [Team C] Тишина C5 (4,4,7) → MOVE (3,3,7)
  [Team C] Провокатор C7 (5,3,3) → HOLOGRAM (4,3,4)
  [Team C] Паук C8 (3,5,3) → MINE (3,4,4)
  [Team C] Факел C4 → SKIP
! 🎮 GM: принудительно завершает фазу планирования
GM: end_planning
# 
============================================================
# 🔄 ОБРАБОТКА ХОДА 6
# ============================================================
   🪞 Провокатор C7 создал голограмму H6 в (4,3,4)
   💣 Паук A8 установил мину M6 в (3,4,7)
   💣 Паук C8 установил мину M7 в (3,4,4)

📦 ПЕРЕМЕЩЕНИЯ:
   Факел A4: (2, 0, 8) → (2,1,8)
!    ⚠️ Тишина A5: клетка (3,3,7) занята
✓    💥 Прыгун B3 тараном уничтожил Паук A8 в (2,5,8)
   Прыгун B3: (3, 3, 7) → (2,5,8)
!    ⚠️ Тишина B5: клетка (2,1,8) занята
   Прыгун C3: (4, 4, 3) → (3,3,4)
   Тишина C5: (4, 4, 7) → (3,3,7)

🎯 ВЫСТРЕЛЫ:
   Выпущено ракет: 1
# 
📊 РЕЗУЛЬТАТЫ ХОДА 6:
🎯 Попаданий нет

--- Результаты хода ---
  Team B / Прыгун B3          → Team A / Паук A8            @ (2,5,8)  (УБИТ)

--- Состояние команд после хода ---
  Team A: живых 2/8
    ✓ Факел A4           @ (2,1,8) hp=6/6
    ✓ Тишина A5          @ (2,3,8) hp=2/2
    ✗ Артиллерия A1      @ (2,8,8) [уничтожен]
    ✗ Радиовышка A2      @ (2,6,8) [уничтожен]
    ✗ Прыгун A3          @ (3,3,7) [уничтожен]
    ✗ Бурав A6           @ (3,3,7) [уничтожен]
    ✗ Провокатор A7      @ (2,4,8) [уничтожен]
    ✗ Паук A8            @ (2,5,8) [уничтожен]
  Team B: живых 2/8
    ✓ Прыгун B3          @ (2,5,8) hp=2/2
    ✓ Тишина B5          @ (3,2,7) hp=2/2
    ✗ Артиллерия B1      @ (3,9,7) [уничтожен]
    ✗ Радиовышка B2      @ (2,1,8) [уничтожен]
    ✗ Факел B4           @ (3,5,7) [уничтожен]
    ✗ Бурав B6           @ (3,3,7) [уничтожен]
    ✗ Провокатор B7      @ (3,8,7) [уничтожен]
    ✗ Паук B8            @ (3,7,7) [уничтожен]
  Team C: живых 6/8
    ✓ Артиллерия C1      @ (5,3,2) hp=1/1
    ✓ Прыгун C3          @ (3,3,4) hp=2/2
    ✓ Факел C4           @ (5,3,4) hp=6/6
    ✓ Тишина C5          @ (3,3,7) hp=2/2
    ✓ Провокатор C7      @ (5,3,3) hp=2/2
    ✓ Паук C8            @ (3,5,3) hp=1/1
    ✗ Радиовышка C2      @ (4,4,7) [уничтожен]
    ✗ Бурав C6           @ (3,3,7) [уничтожен]

======================================================================
ХОД 7
======================================================================
✓ 🎮 GM: начинаем ход
GM: start_turn

--- Радиовышки: сканирование слоя Z ---
  (у команд не осталось живых радиовышек)

--- Решения ботов ---
  [Team A] Факел A4 (2,1,8) → SHOOT at (2,5,8)
  [Team A] Тишина A5 (2,3,8) → MOVE (2,4,8)
  [Team B] Прыгун B3 (2,5,8) → SHOOT at (2,1,8)
  [Team B] Тишина B5 (3,2,7) → MOVE (2,1,8)
  [Team C] Артиллерия C1 (5,3,2) → SHOOT at (2,5,8)
  [Team C] Прыгун C3 (3,3,4) → MOVE (2,2,5)
  [Team C] Тишина C5 (3,3,7) → MOVE (2,2,8)
  [Team C] Провокатор C7 (5,3,3) → HOLOGRAM (4,2,4)
  [Team C] Паук C8 (3,5,3) → MOVE (2,4,4)
  [Team C] Факел C4 → SKIP
! 🎮 GM: принудительно завершает фазу планирования
GM: end_planning
# 
============================================================
# 🔄 ОБРАБОТКА ХОДА 7
# ============================================================
!    ⚠️ Провокатор C7: клетка (4,2,4) уже занята голограммой

📦 ПЕРЕМЕЩЕНИЯ:
   Тишина A5: (2, 3, 8) → (2,4,8)
!    ⚠️ Тишина B5: клетка (2,1,8) занята
   Прыгун C3: (3, 3, 4) → (2,2,5)
   Тишина C5: (3, 3, 7) → (2,2,8)
   Паук C8: (3, 5, 3) → (2,4,4)

🎯 ВЫСТРЕЛЫ:
✓    ✅ Факел A4 поразил Прыгун B3 (1 урона)!
✓    ✅ Прыгун B3 поразил Факел A4 (1 урона)!
✓    ✅ Артиллерия C1 поразил Прыгун B3 (2 урона)!
   Выпущено ракет: 3
# 
📊 РЕЗУЛЬТАТЫ ХОДА 7:
✓ 💥 ПОПАДАНИЯ:
✓    Факел A4 (Team A) → Прыгун B3 (Team B)
✓    Прыгун B3 (Team B) → Факел A4 (Team A)
✓    Артиллерия C1 (Team C) → Прыгун B3 (Team B)

--- Результаты хода ---
  Team A / Факел A4           → Team B / Прыгун B3          @ (2,5,8)  (ранен)
  Team B / Прыгун B3          → Team A / Факел A4           @ (2,1,8)  (ранен)
  Team C / Артиллерия C1      → Team B / Прыгун B3          @ (2,5,8)  (УБИТ)

--- Состояние команд после хода ---
  Team A: живых 2/8
    ✓ Факел A4           @ (2,1,8) hp=5/6
    ✓ Тишина A5          @ (2,4,8) hp=2/2
    ✗ Артиллерия A1      @ (2,8,8) [уничтожен]
    ✗ Радиовышка A2      @ (2,6,8) [уничтожен]
    ✗ Прыгун A3          @ (3,3,7) [уничтожен]
    ✗ Бурав A6           @ (3,3,7) [уничтожен]
    ✗ Провокатор A7      @ (2,4,8) [уничтожен]
    ✗ Паук A8            @ (2,5,8) [уничтожен]
  Team B: живых 1/8
    ✓ Тишина B5          @ (3,2,7) hp=2/2
    ✗ Артиллерия B1      @ (3,9,7) [уничтожен]
    ✗ Радиовышка B2      @ (2,1,8) [уничтожен]
    ✗ Прыгун B3          @ (2,5,8) [уничтожен]
    ✗ Факел B4           @ (3,5,7) [уничтожен]
    ✗ Бурав B6           @ (3,3,7) [уничтожен]
    ✗ Провокатор B7      @ (3,8,7) [уничтожен]
    ✗ Паук B8            @ (3,7,7) [уничтожен]
  Team C: живых 6/8
    ✓ Артиллерия C1      @ (5,3,2) hp=1/1
    ✓ Прыгун C3          @ (2,2,5) hp=2/2
    ✓ Факел C4           @ (5,3,4) hp=6/6
    ✓ Тишина C5          @ (2,2,8) hp=2/2
    ✓ Провокатор C7      @ (5,3,3) hp=2/2
    ✓ Паук C8            @ (2,4,4) hp=1/1
    ✗ Радиовышка C2      @ (4,4,7) [уничтожен]
    ✗ Бурав C6           @ (3,3,7) [уничтожен]

======================================================================
ХОД 8
======================================================================
✓ 🎮 GM: начинаем ход
GM: start_turn

--- Радиовышки: сканирование слоя Z ---
  (у команд не осталось живых радиовышек)

--- Решения ботов ---
  [Team A] Факел A4 (2,1,8) → HEAL (AoE)
  [Team A] Тишина A5 (2,4,8) → MOVE (2,3,7)
  [Team B] Тишина B5 (3,2,7) → MOVE (2,1,8)
  [Team C] Артиллерия C1 (5,3,2) → SHOOT at (2,1,8)
  [Team C] Прыгун C3 (2,2,5) → MOVE (2,1,6)
  [Team C] Тишина C5 (2,2,8) → MOVE (2,1,8)
  [Team C] Провокатор C7 (5,3,3) → HOLOGRAM (4,2,4)
  [Team C] Паук C8 (2,4,4) → MINE (2,3,5)
  [Team C] Факел C4 → SKIP
! 🎮 GM: принудительно завершает фазу планирования
GM: end_planning
# 
============================================================
# 🔄 ОБРАБОТКА ХОДА 8
# ============================================================
!    ⚠️ Провокатор C7: клетка (4,2,4) уже занята голограммой
   💣 Паук C8 установил мину M8 в (2,3,5)

📦 ПЕРЕМЕЩЕНИЯ:
   Тишина A5: (2, 4, 8) → (2,3,7)
!    ⚠️ Тишина B5: клетка (2,1,8) занята
   Прыгун C3: (2, 2, 5) → (2,1,6)
!    ⚠️ Тишина C5: клетка (2,1,8) занята

🎯 ВЫСТРЕЛЫ:
✓    ✅ Артиллерия C1 поразил Факел A4 (2 урона)!
✓    💚 Факел A4 лечит Факел A4 → hits=2/6
   Выпущено ракет: 1
# 
📊 РЕЗУЛЬТАТЫ ХОДА 8:
✓ 💥 ПОПАДАНИЯ:
✓    Артиллерия C1 (Team C) → Факел A4 (Team A)

--- Результаты хода ---
  Team C / Артиллерия C1      → Team A / Факел A4           @ (2,1,8)  (ранен)

--- Состояние команд после хода ---
  Team A: живых 2/8
    ✓ Факел A4           @ (2,1,8) hp=4/6
    ✓ Тишина A5          @ (2,3,7) hp=2/2
    ✗ Артиллерия A1      @ (2,8,8) [уничтожен]
    ✗ Радиовышка A2      @ (2,6,8) [уничтожен]
    ✗ Прыгун A3          @ (3,3,7) [уничтожен]
    ✗ Бурав A6           @ (3,3,7) [уничтожен]
    ✗ Провокатор A7      @ (2,4,8) [уничтожен]
    ✗ Паук A8            @ (2,5,8) [уничтожен]
  Team B: живых 1/8
    ✓ Тишина B5          @ (3,2,7) hp=2/2
    ✗ Артиллерия B1      @ (3,9,7) [уничтожен]
    ✗ Радиовышка B2      @ (2,1,8) [уничтожен]
    ✗ Прыгун B3          @ (2,5,8) [уничтожен]
    ✗ Факел B4           @ (3,5,7) [уничтожен]
    ✗ Бурав B6           @ (3,3,7) [уничтожен]
    ✗ Провокатор B7      @ (3,8,7) [уничтожен]
    ✗ Паук B8            @ (3,7,7) [уничтожен]
  Team C: живых 6/8
    ✓ Артиллерия C1      @ (5,3,2) hp=1/1
    ✓ Прыгун C3          @ (2,1,6) hp=2/2
    ✓ Факел C4           @ (5,3,4) hp=6/6
    ✓ Тишина C5          @ (2,2,8) hp=2/2
    ✓ Провокатор C7      @ (5,3,3) hp=2/2
    ✓ Паук C8            @ (2,4,4) hp=1/1
    ✗ Радиовышка C2      @ (4,4,7) [уничтожен]
    ✗ Бурав C6           @ (3,3,7) [уничтожен]

======================================================================
ХОД 9
======================================================================
✓ 🎮 GM: начинаем ход
GM: start_turn

--- Радиовышки: сканирование слоя Z ---
  (у команд не осталось живых радиовышек)

--- Решения ботов ---
  [Team A] Факел A4 (2,1,8) → HEAL (AoE)
  [Team A] Тишина A5 (2,3,7) → MOVE (2,2,6)
  [Team B] Тишина B5 (3,2,7) → MOVE (2,1,8)
  [Team C] Артиллерия C1 (5,3,2) → SHOOT at (2,1,8)
  [Team C] Прыгун C3 (2,1,6) → MOVE (2,1,8)
  [Team C] Провокатор C7 (5,3,3) → HOLOGRAM (4,2,4)
  [Team C] Паук C8 (2,4,4) → MINE (2,3,5)
  [Team C] Факел C4 → SKIP
  [Team C] Тишина C5 → SKIP
! 🎮 GM: принудительно завершает фазу планирования
GM: end_planning
# 
============================================================
# 🔄 ОБРАБОТКА ХОДА 9
# ============================================================
!    ⚠️ Провокатор C7: клетка (4,2,4) уже занята голограммой
!    ⚠️ Паук C8: в клетке уже стоит мина

📦 ПЕРЕМЕЩЕНИЯ:
   Тишина A5: (2, 3, 7) → (2,2,6)
!    ⚠️ Тишина B5: клетка (2,1,8) занята
✓    💥 Прыгун C3 тараном уничтожил Факел A4 в (2,1,8)
   Прыгун C3: (2, 1, 6) → (2,1,8)

🎯 ВЫСТРЕЛЫ:
   Выпущено ракет: 1
# 
📊 РЕЗУЛЬТАТЫ ХОДА 9:
🎯 Попаданий нет

--- Результаты хода ---
  Team C / Прыгун C3          → Team A / Факел A4           @ (2,1,8)  (УБИТ)

--- Состояние команд после хода ---
  Team A: живых 1/8
    ✓ Тишина A5          @ (2,2,6) hp=2/2
    ✗ Артиллерия A1      @ (2,8,8) [уничтожен]
    ✗ Радиовышка A2      @ (2,6,8) [уничтожен]
    ✗ Прыгун A3          @ (3,3,7) [уничтожен]
    ✗ Факел A4           @ (2,1,8) [уничтожен]
    ✗ Бурав A6           @ (3,3,7) [уничтожен]
    ✗ Провокатор A7      @ (2,4,8) [уничтожен]
    ✗ Паук A8            @ (2,5,8) [уничтожен]
  Team B: живых 1/8
    ✓ Тишина B5          @ (3,2,7) hp=2/2
    ✗ Артиллерия B1      @ (3,9,7) [уничтожен]
    ✗ Радиовышка B2      @ (2,1,8) [уничтожен]
    ✗ Прыгун B3          @ (2,5,8) [уничтожен]
    ✗ Факел B4           @ (3,5,7) [уничтожен]
    ✗ Бурав B6           @ (3,3,7) [уничтожен]
    ✗ Провокатор B7      @ (3,8,7) [уничтожен]
    ✗ Паук B8            @ (3,7,7) [уничтожен]
  Team C: живых 6/8
    ✓ Артиллерия C1      @ (5,3,2) hp=1/1
    ✓ Прыгун C3          @ (2,1,8) hp=2/2
    ✓ Факел C4           @ (5,3,4) hp=6/6
    ✓ Тишина C5          @ (2,2,8) hp=2/2
    ✓ Провокатор C7      @ (5,3,3) hp=2/2
    ✓ Паук C8            @ (2,4,4) hp=1/1
    ✗ Радиовышка C2      @ (4,4,7) [уничтожен]
    ✗ Бурав C6           @ (3,3,7) [уничтожен]

======================================================================
ХОД 10
======================================================================
✓ 🎮 GM: начинаем ход
GM: start_turn

--- Радиовышки: сканирование слоя Z ---
  (у команд не осталось живых радиовышек)

--- Решения ботов ---
  [Team A] Тишина A5 (2,2,6) → MOVE (2,1,7)
  [Team B] Тишина B5 (3,2,7) → MOVE (2,1,8)
  [Team C] Артиллерия C1 (5,3,2) → SHOOT at (0,0,1)
  [Team C] Прыгун C3 (2,1,8) → MOVE (3,2,7)
  [Team C] Тишина C5 (2,2,8) → PHASE toggle
  [Team C] Провокатор C7 (5,3,3) → MOVE (5,4,4)
  [Team C] Паук C8 (2,4,4) → MOVE (3,5,5)
  [Team C] Факел C4 → SKIP
! 🎮 GM: принудительно завершает фазу планирования
GM: end_planning
# 
============================================================
# 🔄 ОБРАБОТКА ХОДА 10
# ============================================================
   🌀 Тишина C5: фаза ВЫКЛ

📦 ПЕРЕМЕЩЕНИЯ:
   Тишина A5: (2, 2, 6) → (2,1,7)
!    ⚠️ Тишина B5: клетка (2,1,8) занята
   Прыгун C3: (2, 1, 8) → (3,2,7)
   Провокатор C7: (5, 3, 3) → (5,4,4)
   Паук C8: (2, 4, 4) → (3,5,5)

🎯 ВЫСТРЕЛЫ:
   Выпущено ракет: 1
# 
📊 РЕЗУЛЬТАТЫ ХОДА 10:
🎯 Попаданий нет

--- Результаты хода ---
  Попаданий нет

--- Состояние команд после хода ---
  Team A: живых 1/8
    ✓ Тишина A5          @ (2,1,7) hp=2/2
    ✗ Артиллерия A1      @ (2,8,8) [уничтожен]
    ✗ Радиовышка A2      @ (2,6,8) [уничтожен]
    ✗ Прыгун A3          @ (3,3,7) [уничтожен]
    ✗ Факел A4           @ (2,1,8) [уничтожен]
    ✗ Бурав A6           @ (3,3,7) [уничтожен]
    ✗ Провокатор A7      @ (2,4,8) [уничтожен]
    ✗ Паук A8            @ (2,5,8) [уничтожен]
  Team B: живых 1/8
    ✓ Тишина B5          @ (3,2,7) hp=2/2
    ✗ Артиллерия B1      @ (3,9,7) [уничтожен]
    ✗ Радиовышка B2      @ (2,1,8) [уничтожен]
    ✗ Прыгун B3          @ (2,5,8) [уничтожен]
    ✗ Факел B4           @ (3,5,7) [уничтожен]
    ✗ Бурав B6           @ (3,3,7) [уничтожен]
    ✗ Провокатор B7      @ (3,8,7) [уничтожен]
    ✗ Паук B8            @ (3,7,7) [уничтожен]
  Team C: живых 6/8
    ✓ Артиллерия C1      @ (5,3,2) hp=1/1
    ✓ Прыгун C3          @ (3,2,7) hp=2/2
    ✓ Факел C4           @ (5,3,4) hp=6/6
    ✓ Тишина C5          @ (2,2,8) hp=2/2
    ✓ Провокатор C7      @ (5,4,4) hp=2/2
    ✓ Паук C8            @ (3,5,5) hp=1/1
    ✗ Радиовышка C2      @ (4,4,7) [уничтожен]
    ✗ Бурав C6           @ (3,3,7) [уничтожен]

======================================================================
ХОД 11
======================================================================
✓ 🎮 GM: начинаем ход
GM: start_turn

--- Радиовышки: сканирование слоя Z ---
  (у команд не осталось живых радиовышек)

--- Решения ботов ---
  [Team A] Тишина A5 (2,1,7) → MOVE (3,2,7)
  [Team B] все корабли пропускают ход
  [Team C] Артиллерия C1 (5,3,2) → SHOOT at (9,9,9)
  [Team C] Прыгун C3 (3,2,7) → MOVE (4,3,6)
  [Team C] Факел C4 (5,3,4) → MOVE (5,3,3)
  [Team C] Тишина C5 (2,2,8) → MOVE (3,3,7)
  [Team C] Провокатор C7 (5,4,4) → MOVE (5,5,5)
  [Team C] Паук C8 (3,5,5) → MOVE (4,5,5)
! 🎮 GM: принудительно завершает фазу планирования
GM: end_planning
# 
============================================================
# 🔄 ОБРАБОТКА ХОДА 11
# ============================================================

📦 ПЕРЕМЕЩЕНИЯ:
!    ⚠️ Тишина A5: клетка (3,2,7) занята
   Прыгун C3: (3, 2, 7) → (4,3,6)
   Факел C4: (5, 3, 4) → (5,3,3)
   Тишина C5: (2, 2, 8) → (3,3,7)
   Провокатор C7: (5, 4, 4) → (5,5,5)
   Паук C8: (3, 5, 5) → (4,5,5)

🎯 ВЫСТРЕЛЫ:
   Выпущено ракет: 1
# 
📊 РЕЗУЛЬТАТЫ ХОДА 11:
🎯 Попаданий нет

--- Результаты хода ---
  Попаданий нет

--- Состояние команд после хода ---
  Team A: живых 1/8
    ✓ Тишина A5          @ (2,1,7) hp=2/2
    ✗ Артиллерия A1      @ (2,8,8) [уничтожен]
    ✗ Радиовышка A2      @ (2,6,8) [уничтожен]
    ✗ Прыгун A3          @ (3,3,7) [уничтожен]
    ✗ Факел A4           @ (2,1,8) [уничтожен]
    ✗ Бурав A6           @ (3,3,7) [уничтожен]
    ✗ Провокатор A7      @ (2,4,8) [уничтожен]
    ✗ Паук A8            @ (2,5,8) [уничтожен]
  Team B: живых 1/8
    ✓ Тишина B5          @ (3,2,7) hp=2/2
    ✗ Артиллерия B1      @ (3,9,7) [уничтожен]
    ✗ Радиовышка B2      @ (2,1,8) [уничтожен]
    ✗ Прыгун B3          @ (2,5,8) [уничтожен]
    ✗ Факел B4           @ (3,5,7) [уничтожен]
    ✗ Бурав B6           @ (3,3,7) [уничтожен]
    ✗ Провокатор B7      @ (3,8,7) [уничтожен]
    ✗ Паук B8            @ (3,7,7) [уничтожен]
  Team C: живых 6/8
    ✓ Артиллерия C1      @ (5,3,2) hp=1/1
    ✓ Прыгун C3          @ (4,3,6) hp=2/2
    ✓ Факел C4           @ (5,3,3) hp=6/6
    ✓ Тишина C5          @ (3,3,7) hp=2/2
    ✓ Провокатор C7      @ (5,5,5) hp=2/2
    ✓ Паук C8            @ (4,5,5) hp=1/1
    ✗ Радиовышка C2      @ (4,4,7) [уничтожен]
    ✗ Бурав C6           @ (3,3,7) [уничтожен]

======================================================================
ХОД 12
======================================================================
✓ 🎮 GM: начинаем ход
GM: start_turn

--- Радиовышки: сканирование слоя Z ---
  (у команд не осталось живых радиовышек)

--- Решения ботов ---
  [Team A] Тишина A5 (2,1,7) → MOVE (3,2,6)
  [Team B] Тишина B5 (3,2,7) → MOVE (4,3,6)
  [Team C] Артиллерия C1 (5,3,2) → SHOOT at (9,4,8)
  [Team C] Прыгун C3 (4,3,6) → MOVE (5,4,5)
  [Team C] Тишина C5 (3,3,7) → MOVE (4,4,6)
  [Team C] Факел C4 → SKIP
  [Team C] Провокатор C7 → SKIP
  [Team C] Паук C8 → SKIP
! 🎮 GM: принудительно завершает фазу планирования
GM: end_planning
# 
============================================================
# 🔄 ОБРАБОТКА ХОДА 12
# ============================================================

📦 ПЕРЕМЕЩЕНИЯ:
   Тишина A5: (2, 1, 7) → (3,2,6)
!    ⚠️ Тишина B5: клетка (4,3,6) занята
   Прыгун C3: (4, 3, 6) → (5,4,5)
   Тишина C5: (3, 3, 7) → (4,4,6)

🎯 ВЫСТРЕЛЫ:
   Выпущено ракет: 1
# 
📊 РЕЗУЛЬТАТЫ ХОДА 12:
🎯 Попаданий нет

--- Результаты хода ---
  Попаданий нет

--- Состояние команд после хода ---
  Team A: живых 1/8
    ✓ Тишина A5          @ (3,2,6) hp=2/2
    ✗ Артиллерия A1      @ (2,8,8) [уничтожен]
    ✗ Радиовышка A2      @ (2,6,8) [уничтожен]
    ✗ Прыгун A3          @ (3,3,7) [уничтожен]
    ✗ Факел A4           @ (2,1,8) [уничтожен]
    ✗ Бурав A6           @ (3,3,7) [уничтожен]
    ✗ Провокатор A7      @ (2,4,8) [уничтожен]
    ✗ Паук A8            @ (2,5,8) [уничтожен]
  Team B: живых 1/8
    ✓ Тишина B5          @ (3,2,7) hp=2/2
    ✗ Артиллерия B1      @ (3,9,7) [уничтожен]
    ✗ Радиовышка B2      @ (2,1,8) [уничтожен]
    ✗ Прыгун B3          @ (2,5,8) [уничтожен]
    ✗ Факел B4           @ (3,5,7) [уничтожен]
    ✗ Бурав B6           @ (3,3,7) [уничтожен]
    ✗ Провокатор B7      @ (3,8,7) [уничтожен]
    ✗ Паук B8            @ (3,7,7) [уничтожен]
  Team C: живых 6/8
    ✓ Артиллерия C1      @ (5,3,2) hp=1/1
    ✓ Прыгун C3          @ (5,4,5) hp=2/2
    ✓ Факел C4           @ (5,3,3) hp=6/6
    ✓ Тишина C5          @ (4,4,6) hp=2/2
    ✓ Провокатор C7      @ (5,5,5) hp=2/2
    ✓ Паук C8            @ (4,5,5) hp=1/1
    ✗ Радиовышка C2      @ (4,4,7) [уничтожен]
    ✗ Бурав C6           @ (3,3,7) [уничтожен]

======================================================================
ХОД 13
======================================================================
✓ 🎮 GM: начинаем ход
GM: start_turn

--- Радиовышки: сканирование слоя Z ---
  (у команд не осталось живых радиовышек)

--- Решения ботов ---
  [Team A] Тишина A5 (3,2,6) → MOVE (4,3,5)
  [Team B] Тишина B5 (3,2,7) → MOVE (4,3,6)
  [Team C] Артиллерия C1 (5,3,2) → SHOOT at (0,5,1)
  [Team C] Тишина C5 (4,4,6) → MOVE (5,5,6)
  [Team C] Прыгун C3 → SKIP
  [Team C] Факел C4 → SKIP
  [Team C] Провокатор C7 → SKIP
  [Team C] Паук C8 → SKIP
! 🎮 GM: принудительно завершает фазу планирования
GM: end_planning
# 
============================================================
# 🔄 ОБРАБОТКА ХОДА 13
# ============================================================

📦 ПЕРЕМЕЩЕНИЯ:
   Тишина A5: (3, 2, 6) → (4,3,5)
   Тишина B5: (3, 2, 7) → (4,3,6)
   Тишина C5: (4, 4, 6) → (5,5,6)

🎯 ВЫСТРЕЛЫ:
   Выпущено ракет: 1
# 
📊 РЕЗУЛЬТАТЫ ХОДА 13:
🎯 Попаданий нет

--- Результаты хода ---
  Попаданий нет

--- Состояние команд после хода ---
  Team A: живых 1/8
    ✓ Тишина A5          @ (4,3,5) hp=2/2
    ✗ Артиллерия A1      @ (2,8,8) [уничтожен]
    ✗ Радиовышка A2      @ (2,6,8) [уничтожен]
    ✗ Прыгун A3          @ (3,3,7) [уничтожен]
    ✗ Факел A4           @ (2,1,8) [уничтожен]
    ✗ Бурав A6           @ (3,3,7) [уничтожен]
    ✗ Провокатор A7      @ (2,4,8) [уничтожен]
    ✗ Паук A8            @ (2,5,8) [уничтожен]
  Team B: живых 1/8
    ✓ Тишина B5          @ (4,3,6) hp=2/2
    ✗ Артиллерия B1      @ (3,9,7) [уничтожен]
    ✗ Радиовышка B2      @ (2,1,8) [уничтожен]
    ✗ Прыгун B3          @ (2,5,8) [уничтожен]
    ✗ Факел B4           @ (3,5,7) [уничтожен]
    ✗ Бурав B6           @ (3,3,7) [уничтожен]
    ✗ Провокатор B7      @ (3,8,7) [уничтожен]
    ✗ Паук B8            @ (3,7,7) [уничтожен]
  Team C: живых 6/8
    ✓ Артиллерия C1      @ (5,3,2) hp=1/1
    ✓ Прыгун C3          @ (5,4,5) hp=2/2
    ✓ Факел C4           @ (5,3,3) hp=6/6
    ✓ Тишина C5          @ (5,5,6) hp=2/2
    ✓ Провокатор C7      @ (5,5,5) hp=2/2
    ✓ Паук C8            @ (4,5,5) hp=1/1
    ✗ Радиовышка C2      @ (4,4,7) [уничтожен]
    ✗ Бурав C6           @ (3,3,7) [уничтожен]

======================================================================
ХОД 14
======================================================================
✓ 🎮 GM: начинаем ход
GM: start_turn

--- Радиовышки: сканирование слоя Z ---
  (у команд не осталось живых радиовышек)

--- Решения ботов ---
  [Team A] Тишина A5 (4,3,5) → MOVE (5,4,5)
  [Team B] Тишина B5 (4,3,6) → MOVE (5,4,5)
  [Team C] Артиллерия C1 (5,3,2) → SHOOT at (0,5,1)
  [Team C] Прыгун C3 → SKIP
  [Team C] Факел C4 → SKIP
  [Team C] Тишина C5 → SKIP
  [Team C] Провокатор C7 → SKIP
  [Team C] Паук C8 → SKIP
! 🎮 GM: принудительно завершает фазу планирования
GM: end_planning
# 
============================================================
# 🔄 ОБРАБОТКА ХОДА 14
# ============================================================

📦 ПЕРЕМЕЩЕНИЯ:
!    ⚠️ Тишина A5: клетка (5,4,5) занята
!    ⚠️ Тишина B5: клетка (5,4,5) занята

🎯 ВЫСТРЕЛЫ:
   Выпущено ракет: 1
# 
📊 РЕЗУЛЬТАТЫ ХОДА 14:
🎯 Попаданий нет

--- Результаты хода ---
  Попаданий нет

--- Состояние команд после хода ---
  Team A: живых 1/8
    ✓ Тишина A5          @ (4,3,5) hp=2/2
    ✗ Артиллерия A1      @ (2,8,8) [уничтожен]
    ✗ Радиовышка A2      @ (2,6,8) [уничтожен]
    ✗ Прыгун A3          @ (3,3,7) [уничтожен]
    ✗ Факел A4           @ (2,1,8) [уничтожен]
    ✗ Бурав A6           @ (3,3,7) [уничтожен]
    ✗ Провокатор A7      @ (2,4,8) [уничтожен]
    ✗ Паук A8            @ (2,5,8) [уничтожен]
  Team B: живых 1/8
    ✓ Тишина B5          @ (4,3,6) hp=2/2
    ✗ Артиллерия B1      @ (3,9,7) [уничтожен]
    ✗ Радиовышка B2      @ (2,1,8) [уничтожен]
    ✗ Прыгун B3          @ (2,5,8) [уничтожен]
    ✗ Факел B4           @ (3,5,7) [уничтожен]
    ✗ Бурав B6           @ (3,3,7) [уничтожен]
    ✗ Провокатор B7      @ (3,8,7) [уничтожен]
    ✗ Паук B8            @ (3,7,7) [уничтожен]
  Team C: живых 6/8
    ✓ Артиллерия C1      @ (5,3,2) hp=1/1
    ✓ Прыгун C3          @ (5,4,5) hp=2/2
    ✓ Факел C4           @ (5,3,3) hp=6/6
    ✓ Тишина C5          @ (5,5,6) hp=2/2
    ✓ Провокатор C7      @ (5,5,5) hp=2/2
    ✓ Паук C8            @ (4,5,5) hp=1/1
    ✗ Радиовышка C2      @ (4,4,7) [уничтожен]
    ✗ Бурав C6           @ (3,3,7) [уничтожен]

======================================================================
ХОД 15
======================================================================
✓ 🎮 GM: начинаем ход
GM: start_turn

--- Радиовышки: сканирование слоя Z ---
  (у команд не осталось живых радиовышек)

--- Решения ботов ---
  [Team A] Тишина A5 (4,3,5) → MOVE (5,4,5)
  [Team B] Тишина B5 (4,3,6) → MOVE (5,4,5)
  [Team C] Артиллерия C1 (5,3,2) → SHOOT at (0,0,1)
  [Team C] Прыгун C3 → SKIP
  [Team C] Факел C4 → SKIP
  [Team C] Тишина C5 → SKIP
  [Team C] Провокатор C7 → SKIP
  [Team C] Паук C8 → SKIP
! 🎮 GM: принудительно завершает фазу планирования
GM: end_planning
# 
============================================================
# 🔄 ОБРАБОТКА ХОДА 15
# ============================================================

📦 ПЕРЕМЕЩЕНИЯ:
!    ⚠️ Тишина A5: клетка (5,4,5) занята
!    ⚠️ Тишина B5: клетка (5,4,5) занята

🎯 ВЫСТРЕЛЫ:
   Выпущено ракет: 1
# 
📊 РЕЗУЛЬТАТЫ ХОДА 15:
🎯 Попаданий нет

--- Результаты хода ---
  Попаданий нет

--- Состояние команд после хода ---
  Team A: живых 1/8
    ✓ Тишина A5          @ (4,3,5) hp=2/2
    ✗ Артиллерия A1      @ (2,8,8) [уничтожен]
    ✗ Радиовышка A2      @ (2,6,8) [уничтожен]
    ✗ Прыгун A3          @ (3,3,7) [уничтожен]
    ✗ Факел A4           @ (2,1,8) [уничтожен]
    ✗ Бурав A6           @ (3,3,7) [уничтожен]
    ✗ Провокатор A7      @ (2,4,8) [уничтожен]
    ✗ Паук A8            @ (2,5,8) [уничтожен]
  Team B: живых 1/8
    ✓ Тишина B5          @ (4,3,6) hp=2/2
    ✗ Артиллерия B1      @ (3,9,7) [уничтожен]
    ✗ Радиовышка B2      @ (2,1,8) [уничтожен]
    ✗ Прыгун B3          @ (2,5,8) [уничтожен]
    ✗ Факел B4           @ (3,5,7) [уничтожен]
    ✗ Бурав B6           @ (3,3,7) [уничтожен]
    ✗ Провокатор B7      @ (3,8,7) [уничтожен]
    ✗ Паук B8            @ (3,7,7) [уничтожен]
  Team C: живых 6/8
    ✓ Артиллерия C1      @ (5,3,2) hp=1/1
    ✓ Прыгун C3          @ (5,4,5) hp=2/2
    ✓ Факел C4           @ (5,3,3) hp=6/6
    ✓ Тишина C5          @ (5,5,6) hp=2/2
    ✓ Провокатор C7      @ (5,5,5) hp=2/2
    ✓ Паук C8            @ (4,5,5) hp=1/1
    ✗ Радиовышка C2      @ (4,4,7) [уничтожен]
    ✗ Бурав C6           @ (3,3,7) [уничтожен]

======================================================================
ХОД 16
======================================================================
✓ 🎮 GM: начинаем ход
GM: start_turn

--- Радиовышки: сканирование слоя Z ---
  (у команд не осталось живых радиовышек)

--- Решения ботов ---
  [Team A] Тишина A5 (4,3,5) → MOVE (5,4,5)
  [Team B] Тишина B5 (4,3,6) → MOVE (5,4,5)
  [Team C] Артиллерия C1 (5,3,2) → SHOOT at (9,9,9)
  [Team C] Прыгун C3 → SKIP
  [Team C] Факел C4 → SKIP
  [Team C] Тишина C5 → SKIP
  [Team C] Провокатор C7 → SKIP
  [Team C] Паук C8 → SKIP
! 🎮 GM: принудительно завершает фазу планирования
GM: end_planning
# 
============================================================
# 🔄 ОБРАБОТКА ХОДА 16
# ============================================================

📦 ПЕРЕМЕЩЕНИЯ:
!    ⚠️ Тишина A5: клетка (5,4,5) занята
!    ⚠️ Тишина B5: клетка (5,4,5) занята

🎯 ВЫСТРЕЛЫ:
   Выпущено ракет: 1
# 
📊 РЕЗУЛЬТАТЫ ХОДА 16:
🎯 Попаданий нет

--- Результаты хода ---
  Попаданий нет

--- Состояние команд после хода ---
  Team A: живых 1/8
    ✓ Тишина A5          @ (4,3,5) hp=2/2
    ✗ Артиллерия A1      @ (2,8,8) [уничтожен]
    ✗ Радиовышка A2      @ (2,6,8) [уничтожен]
    ✗ Прыгун A3          @ (3,3,7) [уничтожен]
    ✗ Факел A4           @ (2,1,8) [уничтожен]
    ✗ Бурав A6           @ (3,3,7) [уничтожен]
    ✗ Провокатор A7      @ (2,4,8) [уничтожен]
    ✗ Паук A8            @ (2,5,8) [уничтожен]
  Team B: живых 1/8
    ✓ Тишина B5          @ (4,3,6) hp=2/2
    ✗ Артиллерия B1      @ (3,9,7) [уничтожен]
    ✗ Радиовышка B2      @ (2,1,8) [уничтожен]
    ✗ Прыгун B3          @ (2,5,8) [уничтожен]
    ✗ Факел B4           @ (3,5,7) [уничтожен]
    ✗ Бурав B6           @ (3,3,7) [уничтожен]
    ✗ Провокатор B7      @ (3,8,7) [уничтожен]
    ✗ Паук B8            @ (3,7,7) [уничтожен]
  Team C: живых 6/8
    ✓ Артиллерия C1      @ (5,3,2) hp=1/1
    ✓ Прыгун C3          @ (5,4,5) hp=2/2
    ✓ Факел C4           @ (5,3,3) hp=6/6
    ✓ Тишина C5          @ (5,5,6) hp=2/2
    ✓ Провокатор C7      @ (5,5,5) hp=2/2
    ✓ Паук C8            @ (4,5,5) hp=1/1
    ✗ Радиовышка C2      @ (4,4,7) [уничтожен]
    ✗ Бурав C6           @ (3,3,7) [уничтожен]

======================================================================
ХОД 17
======================================================================
✓ 🎮 GM: начинаем ход
GM: start_turn

--- Радиовышки: сканирование слоя Z ---
  (у команд не осталось живых радиовышек)

--- Решения ботов ---
  [Team A] Тишина A5 (4,3,5) → MOVE (5,4,5)
  [Team B] Тишина B5 (4,3,6) → MOVE (5,4,5)
  [Team C] Артиллерия C1 (5,3,2) → SHOOT at (9,9,9)
  [Team C] Прыгун C3 → SKIP
  [Team C] Факел C4 → SKIP
  [Team C] Тишина C5 → SKIP
  [Team C] Провокатор C7 → SKIP
  [Team C] Паук C8 → SKIP
! 🎮 GM: принудительно завершает фазу планирования
GM: end_planning
# 
============================================================
# 🔄 ОБРАБОТКА ХОДА 17
# ============================================================

📦 ПЕРЕМЕЩЕНИЯ:
!    ⚠️ Тишина A5: клетка (5,4,5) занята
!    ⚠️ Тишина B5: клетка (5,4,5) занята

🎯 ВЫСТРЕЛЫ:
   Выпущено ракет: 1
# 
📊 РЕЗУЛЬТАТЫ ХОДА 17:
🎯 Попаданий нет

--- Результаты хода ---
  Попаданий нет

--- Состояние команд после хода ---
  Team A: живых 1/8
    ✓ Тишина A5          @ (4,3,5) hp=2/2
    ✗ Артиллерия A1      @ (2,8,8) [уничтожен]
    ✗ Радиовышка A2      @ (2,6,8) [уничтожен]
    ✗ Прыгун A3          @ (3,3,7) [уничтожен]
    ✗ Факел A4           @ (2,1,8) [уничтожен]
    ✗ Бурав A6           @ (3,3,7) [уничтожен]
    ✗ Провокатор A7      @ (2,4,8) [уничтожен]
    ✗ Паук A8            @ (2,5,8) [уничтожен]
  Team B: живых 1/8
    ✓ Тишина B5          @ (4,3,6) hp=2/2
    ✗ Артиллерия B1      @ (3,9,7) [уничтожен]
    ✗ Радиовышка B2      @ (2,1,8) [уничтожен]
    ✗ Прыгун B3          @ (2,5,8) [уничтожен]
    ✗ Факел B4           @ (3,5,7) [уничтожен]
    ✗ Бурав B6           @ (3,3,7) [уничтожен]
    ✗ Провокатор B7      @ (3,8,7) [уничтожен]
    ✗ Паук B8            @ (3,7,7) [уничтожен]
  Team C: живых 6/8
    ✓ Артиллерия C1      @ (5,3,2) hp=1/1
    ✓ Прыгун C3          @ (5,4,5) hp=2/2
    ✓ Факел C4           @ (5,3,3) hp=6/6
    ✓ Тишина C5          @ (5,5,6) hp=2/2
    ✓ Провокатор C7      @ (5,5,5) hp=2/2
    ✓ Паук C8            @ (4,5,5) hp=1/1
    ✗ Радиовышка C2      @ (4,4,7) [уничтожен]
    ✗ Бурав C6           @ (3,3,7) [уничтожен]

======================================================================
ХОД 18
======================================================================
✓ 🎮 GM: начинаем ход
GM: start_turn

--- Радиовышки: сканирование слоя Z ---
  (у команд не осталось живых радиовышек)

--- Решения ботов ---
  [Team A] Тишина A5 (4,3,5) → MOVE (5,4,5)
  [Team B] Тишина B5 (4,3,6) → MOVE (5,4,5)
  [Team C] Артиллерия C1 (5,3,2) → SHOOT at (0,0,1)
  [Team C] Прыгун C3 → SKIP
  [Team C] Факел C4 → SKIP
  [Team C] Тишина C5 → SKIP
  [Team C] Провокатор C7 → SKIP
  [Team C] Паук C8 → SKIP
! 🎮 GM: принудительно завершает фазу планирования
GM: end_planning
# 
============================================================
# 🔄 ОБРАБОТКА ХОДА 18
# ============================================================

📦 ПЕРЕМЕЩЕНИЯ:
!    ⚠️ Тишина A5: клетка (5,4,5) занята
!    ⚠️ Тишина B5: клетка (5,4,5) занята

🎯 ВЫСТРЕЛЫ:
   Выпущено ракет: 1
# 
📊 РЕЗУЛЬТАТЫ ХОДА 18:
🎯 Попаданий нет

--- Результаты хода ---
  Попаданий нет

--- Состояние команд после хода ---
  Team A: живых 1/8
    ✓ Тишина A5          @ (4,3,5) hp=2/2
    ✗ Артиллерия A1      @ (2,8,8) [уничтожен]
    ✗ Радиовышка A2      @ (2,6,8) [уничтожен]
    ✗ Прыгун A3          @ (3,3,7) [уничтожен]
    ✗ Факел A4           @ (2,1,8) [уничтожен]
    ✗ Бурав A6           @ (3,3,7) [уничтожен]
    ✗ Провокатор A7      @ (2,4,8) [уничтожен]
    ✗ Паук A8            @ (2,5,8) [уничтожен]
  Team B: живых 1/8
    ✓ Тишина B5          @ (4,3,6) hp=2/2
    ✗ Артиллерия B1      @ (3,9,7) [уничтожен]
    ✗ Радиовышка B2      @ (2,1,8) [уничтожен]
    ✗ Прыгун B3          @ (2,5,8) [уничтожен]
    ✗ Факел B4           @ (3,5,7) [уничтожен]
    ✗ Бурав B6           @ (3,3,7) [уничтожен]
    ✗ Провокатор B7      @ (3,8,7) [уничтожен]
    ✗ Паук B8            @ (3,7,7) [уничтожен]
  Team C: живых 6/8
    ✓ Артиллерия C1      @ (5,3,2) hp=1/1
    ✓ Прыгун C3          @ (5,4,5) hp=2/2
    ✓ Факел C4           @ (5,3,3) hp=6/6
    ✓ Тишина C5          @ (5,5,6) hp=2/2
    ✓ Провокатор C7      @ (5,5,5) hp=2/2
    ✓ Паук C8            @ (4,5,5) hp=1/1
    ✗ Радиовышка C2      @ (4,4,7) [уничтожен]
    ✗ Бурав C6           @ (3,3,7) [уничтожен]

======================================================================
ХОД 19
======================================================================
✓ 🎮 GM: начинаем ход
GM: start_turn

--- Радиовышки: сканирование слоя Z ---
  (у команд не осталось живых радиовышек)

--- Решения ботов ---
  [Team A] Тишина A5 (4,3,5) → MOVE (5,4,5)
  [Team B] Тишина B5 (4,3,6) → MOVE (5,4,5)
  [Team C] Артиллерия C1 (5,3,2) → SHOOT at (0,5,0)
  [Team C] Прыгун C3 → SKIP
  [Team C] Факел C4 → SKIP
  [Team C] Тишина C5 → SKIP
  [Team C] Провокатор C7 → SKIP
  [Team C] Паук C8 → SKIP
! 🎮 GM: принудительно завершает фазу планирования
GM: end_planning
# 
============================================================
# 🔄 ОБРАБОТКА ХОДА 19
# ============================================================

📦 ПЕРЕМЕЩЕНИЯ:
!    ⚠️ Тишина A5: клетка (5,4,5) занята
!    ⚠️ Тишина B5: клетка (5,4,5) занята

🎯 ВЫСТРЕЛЫ:
   Выпущено ракет: 1
# 
📊 РЕЗУЛЬТАТЫ ХОДА 19:
🎯 Попаданий нет

--- Результаты хода ---
  Попаданий нет

--- Состояние команд после хода ---
  Team A: живых 1/8
    ✓ Тишина A5          @ (4,3,5) hp=2/2
    ✗ Артиллерия A1      @ (2,8,8) [уничтожен]
    ✗ Радиовышка A2      @ (2,6,8) [уничтожен]
    ✗ Прыгун A3          @ (3,3,7) [уничтожен]
    ✗ Факел A4           @ (2,1,8) [уничтожен]
    ✗ Бурав A6           @ (3,3,7) [уничтожен]
    ✗ Провокатор A7      @ (2,4,8) [уничтожен]
    ✗ Паук A8            @ (2,5,8) [уничтожен]
  Team B: живых 1/8
    ✓ Тишина B5          @ (4,3,6) hp=2/2
    ✗ Артиллерия B1      @ (3,9,7) [уничтожен]
    ✗ Радиовышка B2      @ (2,1,8) [уничтожен]
    ✗ Прыгун B3          @ (2,5,8) [уничтожен]
    ✗ Факел B4           @ (3,5,7) [уничтожен]
    ✗ Бурав B6           @ (3,3,7) [уничтожен]
    ✗ Провокатор B7      @ (3,8,7) [уничтожен]
    ✗ Паук B8            @ (3,7,7) [уничтожен]
  Team C: живых 6/8
    ✓ Артиллерия C1      @ (5,3,2) hp=1/1
    ✓ Прыгун C3          @ (5,4,5) hp=2/2
    ✓ Факел C4           @ (5,3,3) hp=6/6
    ✓ Тишина C5          @ (5,5,6) hp=2/2
    ✓ Провокатор C7      @ (5,5,5) hp=2/2
    ✓ Паук C8            @ (4,5,5) hp=1/1
    ✗ Радиовышка C2      @ (4,4,7) [уничтожен]
    ✗ Бурав C6           @ (3,3,7) [уничтожен]

======================================================================
ХОД 20
======================================================================
✓ 🎮 GM: начинаем ход
GM: start_turn

--- Радиовышки: сканирование слоя Z ---
  (у команд не осталось живых радиовышек)

--- Решения ботов ---
  [Team A] Тишина A5 (4,3,5) → MOVE (5,4,5)
  [Team B] Тишина B5 (4,3,6) → MOVE (5,4,5)
  [Team C] Артиллерия C1 (5,3,2) → SHOOT at (0,5,0)
  [Team C] Прыгун C3 → SKIP
  [Team C] Факел C4 → SKIP
  [Team C] Тишина C5 → SKIP
  [Team C] Провокатор C7 → SKIP
  [Team C] Паук C8 → SKIP
! 🎮 GM: принудительно завершает фазу планирования
GM: end_planning
# 
============================================================
# 🔄 ОБРАБОТКА ХОДА 20
# ============================================================

📦 ПЕРЕМЕЩЕНИЯ:
!    ⚠️ Тишина A5: клетка (5,4,5) занята
!    ⚠️ Тишина B5: клетка (5,4,5) занята

🎯 ВЫСТРЕЛЫ:
   Выпущено ракет: 1
# 
📊 РЕЗУЛЬТАТЫ ХОДА 20:
🎯 Попаданий нет

--- Результаты хода ---
  Попаданий нет

--- Состояние команд после хода ---
  Team A: живых 1/8
    ✓ Тишина A5          @ (4,3,5) hp=2/2
    ✗ Артиллерия A1      @ (2,8,8) [уничтожен]
    ✗ Радиовышка A2      @ (2,6,8) [уничтожен]
    ✗ Прыгун A3          @ (3,3,7) [уничтожен]
    ✗ Факел A4           @ (2,1,8) [уничтожен]
    ✗ Бурав A6           @ (3,3,7) [уничтожен]
    ✗ Провокатор A7      @ (2,4,8) [уничтожен]
    ✗ Паук A8            @ (2,5,8) [уничтожен]
  Team B: живых 1/8
    ✓ Тишина B5          @ (4,3,6) hp=2/2
    ✗ Артиллерия B1      @ (3,9,7) [уничтожен]
    ✗ Радиовышка B2      @ (2,1,8) [уничтожен]
    ✗ Прыгун B3          @ (2,5,8) [уничтожен]
    ✗ Факел B4           @ (3,5,7) [уничтожен]
    ✗ Бурав B6           @ (3,3,7) [уничтожен]
    ✗ Провокатор B7      @ (3,8,7) [уничтожен]
    ✗ Паук B8            @ (3,7,7) [уничтожен]
  Team C: живых 6/8
    ✓ Артиллерия C1      @ (5,3,2) hp=1/1
    ✓ Прыгун C3          @ (5,4,5) hp=2/2
    ✓ Факел C4           @ (5,3,3) hp=6/6
    ✓ Тишина C5          @ (5,5,6) hp=2/2
    ✓ Провокатор C7      @ (5,5,5) hp=2/2
    ✓ Паук C8            @ (4,5,5) hp=1/1
    ✗ Радиовышка C2      @ (4,4,7) [уничтожен]
    ✗ Бурав C6           @ (3,3,7) [уничтожен]

======================================================================
ХОД 21
======================================================================
✓ 🎮 GM: начинаем ход
GM: start_turn

--- Радиовышки: сканирование слоя Z ---
  (у команд не осталось живых радиовышек)

--- Решения ботов ---
  [Team A] Тишина A5 (4,3,5) → MOVE (5,4,5)
  [Team B] Тишина B5 (4,3,6) → MOVE (5,4,5)
  [Team C] Артиллерия C1 (5,3,2) → SHOOT at (9,9,8)
  [Team C] Прыгун C3 → SKIP
  [Team C] Факел C4 → SKIP
  [Team C] Тишина C5 → SKIP
  [Team C] Провокатор C7 → SKIP
  [Team C] Паук C8 → SKIP
! 🎮 GM: принудительно завершает фазу планирования
GM: end_planning
# 
============================================================
# 🔄 ОБРАБОТКА ХОДА 21
# ============================================================

📦 ПЕРЕМЕЩЕНИЯ:
!    ⚠️ Тишина A5: клетка (5,4,5) занята
!    ⚠️ Тишина B5: клетка (5,4,5) занята

🎯 ВЫСТРЕЛЫ:
   Выпущено ракет: 1
# 
📊 РЕЗУЛЬТАТЫ ХОДА 21:
🎯 Попаданий нет

--- Результаты хода ---
  Попаданий нет

--- Состояние команд после хода ---
  Team A: живых 1/8
    ✓ Тишина A5          @ (4,3,5) hp=2/2
    ✗ Артиллерия A1      @ (2,8,8) [уничтожен]
    ✗ Радиовышка A2      @ (2,6,8) [уничтожен]
    ✗ Прыгун A3          @ (3,3,7) [уничтожен]
    ✗ Факел A4           @ (2,1,8) [уничтожен]
    ✗ Бурав A6           @ (3,3,7) [уничтожен]
    ✗ Провокатор A7      @ (2,4,8) [уничтожен]
    ✗ Паук A8            @ (2,5,8) [уничтожен]
  Team B: живых 1/8
    ✓ Тишина B5          @ (4,3,6) hp=2/2
    ✗ Артиллерия B1      @ (3,9,7) [уничтожен]
    ✗ Радиовышка B2      @ (2,1,8) [уничтожен]
    ✗ Прыгун B3          @ (2,5,8) [уничтожен]
    ✗ Факел B4           @ (3,5,7) [уничтожен]
    ✗ Бурав B6           @ (3,3,7) [уничтожен]
    ✗ Провокатор B7      @ (3,8,7) [уничтожен]
    ✗ Паук B8            @ (3,7,7) [уничтожен]
  Team C: живых 6/8
    ✓ Артиллерия C1      @ (5,3,2) hp=1/1
    ✓ Прыгун C3          @ (5,4,5) hp=2/2
    ✓ Факел C4           @ (5,3,3) hp=6/6
    ✓ Тишина C5          @ (5,5,6) hp=2/2
    ✓ Провокатор C7      @ (5,5,5) hp=2/2
    ✓ Паук C8            @ (4,5,5) hp=1/1
    ✗ Радиовышка C2      @ (4,4,7) [уничтожен]
    ✗ Бурав C6           @ (3,3,7) [уничтожен]

======================================================================
ХОД 22
======================================================================
✓ 🎮 GM: начинаем ход
GM: start_turn

--- Радиовышки: сканирование слоя Z ---
  (у команд не осталось живых радиовышек)

--- Решения ботов ---
  [Team A] Тишина A5 (4,3,5) → MOVE (5,4,5)
  [Team B] Тишина B5 (4,3,6) → MOVE (5,4,5)
  [Team C] Артиллерия C1 (5,3,2) → SHOOT at (0,0,0)
  [Team C] Прыгун C3 → SKIP
  [Team C] Факел C4 → SKIP
  [Team C] Тишина C5 → SKIP
  [Team C] Провокатор C7 → SKIP
  [Team C] Паук C8 → SKIP
! 🎮 GM: принудительно завершает фазу планирования
GM: end_planning
# 
============================================================
# 🔄 ОБРАБОТКА ХОДА 22
# ============================================================

📦 ПЕРЕМЕЩЕНИЯ:
!    ⚠️ Тишина A5: клетка (5,4,5) занята
!    ⚠️ Тишина B5: клетка (5,4,5) занята

🎯 ВЫСТРЕЛЫ:
   Выпущено ракет: 1
# 
📊 РЕЗУЛЬТАТЫ ХОДА 22:
🎯 Попаданий нет

--- Результаты хода ---
  Попаданий нет

--- Состояние команд после хода ---
  Team A: живых 1/8
    ✓ Тишина A5          @ (4,3,5) hp=2/2
    ✗ Артиллерия A1      @ (2,8,8) [уничтожен]
    ✗ Радиовышка A2      @ (2,6,8) [уничтожен]
    ✗ Прыгун A3          @ (3,3,7) [уничтожен]
    ✗ Факел A4           @ (2,1,8) [уничтожен]
    ✗ Бурав A6           @ (3,3,7) [уничтожен]
    ✗ Провокатор A7      @ (2,4,8) [уничтожен]
    ✗ Паук A8            @ (2,5,8) [уничтожен]
  Team B: живых 1/8
    ✓ Тишина B5          @ (4,3,6) hp=2/2
    ✗ Артиллерия B1      @ (3,9,7) [уничтожен]
    ✗ Радиовышка B2      @ (2,1,8) [уничтожен]
    ✗ Прыгун B3          @ (2,5,8) [уничтожен]
    ✗ Факел B4           @ (3,5,7) [уничтожен]
    ✗ Бурав B6           @ (3,3,7) [уничтожен]
    ✗ Провокатор B7      @ (3,8,7) [уничтожен]
    ✗ Паук B8            @ (3,7,7) [уничтожен]
  Team C: живых 6/8
    ✓ Артиллерия C1      @ (5,3,2) hp=1/1
    ✓ Прыгун C3          @ (5,4,5) hp=2/2
    ✓ Факел C4           @ (5,3,3) hp=6/6
    ✓ Тишина C5          @ (5,5,6) hp=2/2
    ✓ Провокатор C7      @ (5,5,5) hp=2/2
    ✓ Паук C8            @ (4,5,5) hp=1/1
    ✗ Радиовышка C2      @ (4,4,7) [уничтожен]
    ✗ Бурав C6           @ (3,3,7) [уничтожен]

======================================================================
ХОД 23
======================================================================
✓ 🎮 GM: начинаем ход
GM: start_turn

--- Радиовышки: сканирование слоя Z ---
  (у команд не осталось живых радиовышек)

--- Решения ботов ---
  [Team A] Тишина A5 (4,3,5) → MOVE (5,4,5)
  [Team B] Тишина B5 (4,3,6) → MOVE (5,4,5)
  [Team C] Артиллерия C1 (5,3,2) → SHOOT at (9,9,8)
  [Team C] Прыгун C3 → SKIP
  [Team C] Факел C4 → SKIP
  [Team C] Тишина C5 → SKIP
  [Team C] Провокатор C7 → SKIP
  [Team C] Паук C8 → SKIP
! 🎮 GM: принудительно завершает фазу планирования
GM: end_planning
# 
============================================================
# 🔄 ОБРАБОТКА ХОДА 23
# ============================================================

📦 ПЕРЕМЕЩЕНИЯ:
!    ⚠️ Тишина A5: клетка (5,4,5) занята
!    ⚠️ Тишина B5: клетка (5,4,5) занята

🎯 ВЫСТРЕЛЫ:
   Выпущено ракет: 1
# 
📊 РЕЗУЛЬТАТЫ ХОДА 23:
🎯 Попаданий нет

--- Результаты хода ---
  Попаданий нет

--- Состояние команд после хода ---
  Team A: живых 1/8
    ✓ Тишина A5          @ (4,3,5) hp=2/2
    ✗ Артиллерия A1      @ (2,8,8) [уничтожен]
    ✗ Радиовышка A2      @ (2,6,8) [уничтожен]
    ✗ Прыгун A3          @ (3,3,7) [уничтожен]
    ✗ Факел A4           @ (2,1,8) [уничтожен]
    ✗ Бурав A6           @ (3,3,7) [уничтожен]
    ✗ Провокатор A7      @ (2,4,8) [уничтожен]
    ✗ Паук A8            @ (2,5,8) [уничтожен]
  Team B: живых 1/8
    ✓ Тишина B5          @ (4,3,6) hp=2/2
    ✗ Артиллерия B1      @ (3,9,7) [уничтожен]
    ✗ Радиовышка B2      @ (2,1,8) [уничтожен]
    ✗ Прыгун B3          @ (2,5,8) [уничтожен]
    ✗ Факел B4           @ (3,5,7) [уничтожен]
    ✗ Бурав B6           @ (3,3,7) [уничтожен]
    ✗ Провокатор B7      @ (3,8,7) [уничтожен]
    ✗ Паук B8            @ (3,7,7) [уничтожен]
  Team C: живых 6/8
    ✓ Артиллерия C1      @ (5,3,2) hp=1/1
    ✓ Прыгун C3          @ (5,4,5) hp=2/2
    ✓ Факел C4           @ (5,3,3) hp=6/6
    ✓ Тишина C5          @ (5,5,6) hp=2/2
    ✓ Провокатор C7      @ (5,5,5) hp=2/2
    ✓ Паук C8            @ (4,5,5) hp=1/1
    ✗ Радиовышка C2      @ (4,4,7) [уничтожен]
    ✗ Бурав C6           @ (3,3,7) [уничтожен]

======================================================================
ХОД 24
======================================================================
✓ 🎮 GM: начинаем ход
GM: start_turn

--- Радиовышки: сканирование слоя Z ---
  (у команд не осталось живых радиовышек)

--- Решения ботов ---
  [Team A] Тишина A5 (4,3,5) → MOVE (5,4,5)
  [Team B] Тишина B5 (4,3,6) → MOVE (5,4,5)
  [Team C] Артиллерия C1 (5,3,2) → SHOOT at (9,4,9)
  [Team C] Прыгун C3 → SKIP
  [Team C] Факел C4 → SKIP
  [Team C] Тишина C5 → SKIP
  [Team C] Провокатор C7 → SKIP
  [Team C] Паук C8 → SKIP
! 🎮 GM: принудительно завершает фазу планирования
GM: end_planning
# 
============================================================
# 🔄 ОБРАБОТКА ХОДА 24
# ============================================================

📦 ПЕРЕМЕЩЕНИЯ:
!    ⚠️ Тишина A5: клетка (5,4,5) занята
!    ⚠️ Тишина B5: клетка (5,4,5) занята

🎯 ВЫСТРЕЛЫ:
   Выпущено ракет: 1
# 
📊 РЕЗУЛЬТАТЫ ХОДА 24:
🎯 Попаданий нет

--- Результаты хода ---
  Попаданий нет

--- Состояние команд после хода ---
  Team A: живых 1/8
    ✓ Тишина A5          @ (4,3,5) hp=2/2
    ✗ Артиллерия A1      @ (2,8,8) [уничтожен]
    ✗ Радиовышка A2      @ (2,6,8) [уничтожен]
    ✗ Прыгун A3          @ (3,3,7) [уничтожен]
    ✗ Факел A4           @ (2,1,8) [уничтожен]
    ✗ Бурав A6           @ (3,3,7) [уничтожен]
    ✗ Провокатор A7      @ (2,4,8) [уничтожен]
    ✗ Паук A8            @ (2,5,8) [уничтожен]
  Team B: живых 1/8
    ✓ Тишина B5          @ (4,3,6) hp=2/2
    ✗ Артиллерия B1      @ (3,9,7) [уничтожен]
    ✗ Радиовышка B2      @ (2,1,8) [уничтожен]
    ✗ Прыгун B3          @ (2,5,8) [уничтожен]
    ✗ Факел B4           @ (3,5,7) [уничтожен]
    ✗ Бурав B6           @ (3,3,7) [уничтожен]
    ✗ Провокатор B7      @ (3,8,7) [уничтожен]
    ✗ Паук B8            @ (3,7,7) [уничтожен]
  Team C: живых 6/8
    ✓ Артиллерия C1      @ (5,3,2) hp=1/1
    ✓ Прыгун C3          @ (5,4,5) hp=2/2
    ✓ Факел C4           @ (5,3,3) hp=6/6
    ✓ Тишина C5          @ (5,5,6) hp=2/2
    ✓ Провокатор C7      @ (5,5,5) hp=2/2
    ✓ Паук C8            @ (4,5,5) hp=1/1
    ✗ Радиовышка C2      @ (4,4,7) [уничтожен]
    ✗ Бурав C6           @ (3,3,7) [уничтожен]

======================================================================
ХОД 25
======================================================================
✓ 🎮 GM: начинаем ход
GM: start_turn

--- Радиовышки: сканирование слоя Z ---
  (у команд не осталось живых радиовышек)

--- Решения ботов ---
  [Team A] Тишина A5 (4,3,5) → MOVE (5,4,5)
  [Team B] Тишина B5 (4,3,6) → MOVE (5,4,5)
  [Team C] Артиллерия C1 (5,3,2) → SHOOT at (9,4,8)
  [Team C] Прыгун C3 → SKIP
  [Team C] Факел C4 → SKIP
  [Team C] Тишина C5 → SKIP
  [Team C] Провокатор C7 → SKIP
  [Team C] Паук C8 → SKIP
! 🎮 GM: принудительно завершает фазу планирования
GM: end_planning
# 
============================================================
# 🔄 ОБРАБОТКА ХОДА 25
# ============================================================

📦 ПЕРЕМЕЩЕНИЯ:
!    ⚠️ Тишина A5: клетка (5,4,5) занята
!    ⚠️ Тишина B5: клетка (5,4,5) занята

🎯 ВЫСТРЕЛЫ:
   Выпущено ракет: 1
# 
📊 РЕЗУЛЬТАТЫ ХОДА 25:
🎯 Попаданий нет

--- Результаты хода ---
  Попаданий нет

--- Состояние команд после хода ---
  Team A: живых 1/8
    ✓ Тишина A5          @ (4,3,5) hp=2/2
    ✗ Артиллерия A1      @ (2,8,8) [уничтожен]
    ✗ Радиовышка A2      @ (2,6,8) [уничтожен]
    ✗ Прыгун A3          @ (3,3,7) [уничтожен]
    ✗ Факел A4           @ (2,1,8) [уничтожен]
    ✗ Бурав A6           @ (3,3,7) [уничтожен]
    ✗ Провокатор A7      @ (2,4,8) [уничтожен]
    ✗ Паук A8            @ (2,5,8) [уничтожен]
  Team B: живых 1/8
    ✓ Тишина B5          @ (4,3,6) hp=2/2
    ✗ Артиллерия B1      @ (3,9,7) [уничтожен]
    ✗ Радиовышка B2      @ (2,1,8) [уничтожен]
    ✗ Прыгун B3          @ (2,5,8) [уничтожен]
    ✗ Факел B4           @ (3,5,7) [уничтожен]
    ✗ Бурав B6           @ (3,3,7) [уничтожен]
    ✗ Провокатор B7      @ (3,8,7) [уничтожен]
    ✗ Паук B8            @ (3,7,7) [уничтожен]
  Team C: живых 6/8
    ✓ Артиллерия C1      @ (5,3,2) hp=1/1
    ✓ Прыгун C3          @ (5,4,5) hp=2/2
    ✓ Факел C4           @ (5,3,3) hp=6/6
    ✓ Тишина C5          @ (5,5,6) hp=2/2
    ✓ Провокатор C7      @ (5,5,5) hp=2/2
    ✓ Паук C8            @ (4,5,5) hp=1/1
    ✗ Радиовышка C2      @ (4,4,7) [уничтожен]
    ✗ Бурав C6           @ (3,3,7) [уничтожен]

======================================================================
ХОД 26
======================================================================
✓ 🎮 GM: начинаем ход
GM: start_turn

--- Радиовышки: сканирование слоя Z ---
  (у команд не осталось живых радиовышек)

--- Решения ботов ---
  [Team A] Тишина A5 (4,3,5) → MOVE (5,4,5)
  [Team B] Тишина B5 (4,3,6) → MOVE (5,4,5)
  [Team C] Артиллерия C1 (5,3,2) → SHOOT at (9,9,8)
  [Team C] Прыгун C3 → SKIP
  [Team C] Факел C4 → SKIP
  [Team C] Тишина C5 → SKIP
  [Team C] Провокатор C7 → SKIP
  [Team C] Паук C8 → SKIP
! 🎮 GM: принудительно завершает фазу планирования
GM: end_planning
# 
============================================================
# 🔄 ОБРАБОТКА ХОДА 26
# ============================================================

📦 ПЕРЕМЕЩЕНИЯ:
!    ⚠️ Тишина A5: клетка (5,4,5) занята
!    ⚠️ Тишина B5: клетка (5,4,5) занята

🎯 ВЫСТРЕЛЫ:
   Выпущено ракет: 1
# 
📊 РЕЗУЛЬТАТЫ ХОДА 26:
🎯 Попаданий нет

--- Результаты хода ---
  Попаданий нет

--- Состояние команд после хода ---
  Team A: живых 1/8
    ✓ Тишина A5          @ (4,3,5) hp=2/2
    ✗ Артиллерия A1      @ (2,8,8) [уничтожен]
    ✗ Радиовышка A2      @ (2,6,8) [уничтожен]
    ✗ Прыгун A3          @ (3,3,7) [уничтожен]
    ✗ Факел A4           @ (2,1,8) [уничтожен]
    ✗ Бурав A6           @ (3,3,7) [уничтожен]
    ✗ Провокатор A7      @ (2,4,8) [уничтожен]
    ✗ Паук A8            @ (2,5,8) [уничтожен]
  Team B: живых 1/8
    ✓ Тишина B5          @ (4,3,6) hp=2/2
    ✗ Артиллерия B1      @ (3,9,7) [уничтожен]
    ✗ Радиовышка B2      @ (2,1,8) [уничтожен]
    ✗ Прыгун B3          @ (2,5,8) [уничтожен]
    ✗ Факел B4           @ (3,5,7) [уничтожен]
    ✗ Бурав B6           @ (3,3,7) [уничтожен]
    ✗ Провокатор B7      @ (3,8,7) [уничтожен]
    ✗ Паук B8            @ (3,7,7) [уничтожен]
  Team C: живых 6/8
    ✓ Артиллерия C1      @ (5,3,2) hp=1/1
    ✓ Прыгун C3          @ (5,4,5) hp=2/2
    ✓ Факел C4           @ (5,3,3) hp=6/6
    ✓ Тишина C5          @ (5,5,6) hp=2/2
    ✓ Провокатор C7      @ (5,5,5) hp=2/2
    ✓ Паук C8            @ (4,5,5) hp=1/1
    ✗ Радиовышка C2      @ (4,4,7) [уничтожен]
    ✗ Бурав C6           @ (3,3,7) [уничтожен]

======================================================================
ХОД 27
======================================================================
✓ 🎮 GM: начинаем ход
GM: start_turn

--- Радиовышки: сканирование слоя Z ---
  (у команд не осталось живых радиовышек)

--- Решения ботов ---
  [Team A] Тишина A5 (4,3,5) → MOVE (5,4,5)
  [Team B] Тишина B5 (4,3,6) → MOVE (5,4,5)
  [Team C] Артиллерия C1 (5,3,2) → SHOOT at (0,0,0)
  [Team C] Прыгун C3 → SKIP
  [Team C] Факел C4 → SKIP
  [Team C] Тишина C5 → SKIP
  [Team C] Провокатор C7 → SKIP
  [Team C] Паук C8 → SKIP
! 🎮 GM: принудительно завершает фазу планирования
GM: end_planning
# 
============================================================
# 🔄 ОБРАБОТКА ХОДА 27
# ============================================================

📦 ПЕРЕМЕЩЕНИЯ:
!    ⚠️ Тишина A5: клетка (5,4,5) занята
!    ⚠️ Тишина B5: клетка (5,4,5) занята

🎯 ВЫСТРЕЛЫ:
   Выпущено ракет: 1
# 
📊 РЕЗУЛЬТАТЫ ХОДА 27:
🎯 Попаданий нет

--- Результаты хода ---
  Попаданий нет

--- Состояние команд после хода ---
  Team A: живых 1/8
    ✓ Тишина A5          @ (4,3,5) hp=2/2
    ✗ Артиллерия A1      @ (2,8,8) [уничтожен]
    ✗ Радиовышка A2      @ (2,6,8) [уничтожен]
    ✗ Прыгун A3          @ (3,3,7) [уничтожен]
    ✗ Факел A4           @ (2,1,8) [уничтожен]
    ✗ Бурав A6           @ (3,3,7) [уничтожен]
    ✗ Провокатор A7      @ (2,4,8) [уничтожен]
    ✗ Паук A8            @ (2,5,8) [уничтожен]
  Team B: живых 1/8
    ✓ Тишина B5          @ (4,3,6) hp=2/2
    ✗ Артиллерия B1      @ (3,9,7) [уничтожен]
    ✗ Радиовышка B2      @ (2,1,8) [уничтожен]
    ✗ Прыгун B3          @ (2,5,8) [уничтожен]
    ✗ Факел B4           @ (3,5,7) [уничтожен]
    ✗ Бурав B6           @ (3,3,7) [уничтожен]
    ✗ Провокатор B7      @ (3,8,7) [уничтожен]
    ✗ Паук B8            @ (3,7,7) [уничтожен]
  Team C: живых 6/8
    ✓ Артиллерия C1      @ (5,3,2) hp=1/1
    ✓ Прыгун C3          @ (5,4,5) hp=2/2
    ✓ Факел C4           @ (5,3,3) hp=6/6
    ✓ Тишина C5          @ (5,5,6) hp=2/2
    ✓ Провокатор C7      @ (5,5,5) hp=2/2
    ✓ Паук C8            @ (4,5,5) hp=1/1
    ✗ Радиовышка C2      @ (4,4,7) [уничтожен]
    ✗ Бурав C6           @ (3,3,7) [уничтожен]

======================================================================
ХОД 28
======================================================================
✓ 🎮 GM: начинаем ход
GM: start_turn

--- Радиовышки: сканирование слоя Z ---
  (у команд не осталось живых радиовышек)

--- Решения ботов ---
  [Team A] Тишина A5 (4,3,5) → MOVE (5,4,5)
  [Team B] Тишина B5 (4,3,6) → MOVE (5,4,5)
  [Team C] Артиллерия C1 (5,3,2) → SHOOT at (0,5,0)
  [Team C] Прыгун C3 → SKIP
  [Team C] Факел C4 → SKIP
  [Team C] Тишина C5 → SKIP
  [Team C] Провокатор C7 → SKIP
  [Team C] Паук C8 → SKIP
! 🎮 GM: принудительно завершает фазу планирования
GM: end_planning
# 
============================================================
# 🔄 ОБРАБОТКА ХОДА 28
# ============================================================

📦 ПЕРЕМЕЩЕНИЯ:
!    ⚠️ Тишина A5: клетка (5,4,5) занята
!    ⚠️ Тишина B5: клетка (5,4,5) занята

🎯 ВЫСТРЕЛЫ:
   Выпущено ракет: 1
# 
📊 РЕЗУЛЬТАТЫ ХОДА 28:
🎯 Попаданий нет

--- Результаты хода ---
  Попаданий нет

--- Состояние команд после хода ---
  Team A: живых 1/8
    ✓ Тишина A5          @ (4,3,5) hp=2/2
    ✗ Артиллерия A1      @ (2,8,8) [уничтожен]
    ✗ Радиовышка A2      @ (2,6,8) [уничтожен]
    ✗ Прыгун A3          @ (3,3,7) [уничтожен]
    ✗ Факел A4           @ (2,1,8) [уничтожен]
    ✗ Бурав A6           @ (3,3,7) [уничтожен]
    ✗ Провокатор A7      @ (2,4,8) [уничтожен]
    ✗ Паук A8            @ (2,5,8) [уничтожен]
  Team B: живых 1/8
    ✓ Тишина B5          @ (4,3,6) hp=2/2
    ✗ Артиллерия B1      @ (3,9,7) [уничтожен]
    ✗ Радиовышка B2      @ (2,1,8) [уничтожен]
    ✗ Прыгун B3          @ (2,5,8) [уничтожен]
    ✗ Факел B4           @ (3,5,7) [уничтожен]
    ✗ Бурав B6           @ (3,3,7) [уничтожен]
    ✗ Провокатор B7      @ (3,8,7) [уничтожен]
    ✗ Паук B8            @ (3,7,7) [уничтожен]
  Team C: живых 6/8
    ✓ Артиллерия C1      @ (5,3,2) hp=1/1
    ✓ Прыгун C3          @ (5,4,5) hp=2/2
    ✓ Факел C4           @ (5,3,3) hp=6/6
    ✓ Тишина C5          @ (5,5,6) hp=2/2
    ✓ Провокатор C7      @ (5,5,5) hp=2/2
    ✓ Паук C8            @ (4,5,5) hp=1/1
    ✗ Радиовышка C2      @ (4,4,7) [уничтожен]
    ✗ Бурав C6           @ (3,3,7) [уничтожен]

======================================================================
ХОД 29
======================================================================
✓ 🎮 GM: начинаем ход
GM: start_turn

--- Радиовышки: сканирование слоя Z ---
  (у команд не осталось живых радиовышек)

--- Решения ботов ---
  [Team A] Тишина A5 (4,3,5) → MOVE (5,4,5)
  [Team B] Тишина B5 (4,3,6) → MOVE (5,4,5)
  [Team C] Артиллерия C1 (5,3,2) → SHOOT at (0,0,0)
  [Team C] Прыгун C3 → SKIP
  [Team C] Факел C4 → SKIP
  [Team C] Тишина C5 → SKIP
  [Team C] Провокатор C7 → SKIP
  [Team C] Паук C8 → SKIP
! 🎮 GM: принудительно завершает фазу планирования
GM: end_planning
# 
============================================================
# 🔄 ОБРАБОТКА ХОДА 29
# ============================================================

📦 ПЕРЕМЕЩЕНИЯ:
!    ⚠️ Тишина A5: клетка (5,4,5) занята
!    ⚠️ Тишина B5: клетка (5,4,5) занята

🎯 ВЫСТРЕЛЫ:
   Выпущено ракет: 1
# 
📊 РЕЗУЛЬТАТЫ ХОДА 29:
🎯 Попаданий нет

--- Результаты хода ---
  Попаданий нет

--- Состояние команд после хода ---
  Team A: живых 1/8
    ✓ Тишина A5          @ (4,3,5) hp=2/2
    ✗ Артиллерия A1      @ (2,8,8) [уничтожен]
    ✗ Радиовышка A2      @ (2,6,8) [уничтожен]
    ✗ Прыгун A3          @ (3,3,7) [уничтожен]
    ✗ Факел A4           @ (2,1,8) [уничтожен]
    ✗ Бурав A6           @ (3,3,7) [уничтожен]
    ✗ Провокатор A7      @ (2,4,8) [уничтожен]
    ✗ Паук A8            @ (2,5,8) [уничтожен]
  Team B: живых 1/8
    ✓ Тишина B5          @ (4,3,6) hp=2/2
    ✗ Артиллерия B1      @ (3,9,7) [уничтожен]
    ✗ Радиовышка B2      @ (2,1,8) [уничтожен]
    ✗ Прыгун B3          @ (2,5,8) [уничтожен]
    ✗ Факел B4           @ (3,5,7) [уничтожен]
    ✗ Бурав B6           @ (3,3,7) [уничтожен]
    ✗ Провокатор B7      @ (3,8,7) [уничтожен]
    ✗ Паук B8            @ (3,7,7) [уничтожен]
  Team C: живых 6/8
    ✓ Артиллерия C1      @ (5,3,2) hp=1/1
    ✓ Прыгун C3          @ (5,4,5) hp=2/2
    ✓ Факел C4           @ (5,3,3) hp=6/6
    ✓ Тишина C5          @ (5,5,6) hp=2/2
    ✓ Провокатор C7      @ (5,5,5) hp=2/2
    ✓ Паук C8            @ (4,5,5) hp=1/1
    ✗ Радиовышка C2      @ (4,4,7) [уничтожен]
    ✗ Бурав C6           @ (3,3,7) [уничтожен]

======================================================================
ХОД 30
======================================================================
✓ 🎮 GM: начинаем ход
GM: start_turn

--- Радиовышки: сканирование слоя Z ---
  (у команд не осталось живых радиовышек)

--- Решения ботов ---
  [Team A] Тишина A5 (4,3,5) → MOVE (5,4,5)
  [Team B] Тишина B5 (4,3,6) → MOVE (5,4,5)
  [Team C] Артиллерия C1 (5,3,2) → SHOOT at (9,9,9)
  [Team C] Прыгун C3 → SKIP
  [Team C] Факел C4 → SKIP
  [Team C] Тишина C5 → SKIP
  [Team C] Провокатор C7 → SKIP
  [Team C] Паук C8 → SKIP
! 🎮 GM: принудительно завершает фазу планирования
GM: end_planning
# 
============================================================
# 🔄 ОБРАБОТКА ХОДА 30
# ============================================================

📦 ПЕРЕМЕЩЕНИЯ:
!    ⚠️ Тишина A5: клетка (5,4,5) занята
!    ⚠️ Тишина B5: клетка (5,4,5) занята

🎯 ВЫСТРЕЛЫ:
   Выпущено ракет: 1
# 
📊 РЕЗУЛЬТАТЫ ХОДА 30:
🎯 Попаданий нет

--- Результаты хода ---
  Попаданий нет

--- Состояние команд после хода ---
  Team A: живых 1/8
    ✓ Тишина A5          @ (4,3,5) hp=2/2
    ✗ Артиллерия A1      @ (2,8,8) [уничтожен]
    ✗ Радиовышка A2      @ (2,6,8) [уничтожен]
    ✗ Прыгун A3          @ (3,3,7) [уничтожен]
    ✗ Факел A4           @ (2,1,8) [уничтожен]
    ✗ Бурав A6           @ (3,3,7) [уничтожен]
    ✗ Провокатор A7      @ (2,4,8) [уничтожен]
    ✗ Паук A8            @ (2,5,8) [уничтожен]
  Team B: живых 1/8
    ✓ Тишина B5          @ (4,3,6) hp=2/2
    ✗ Артиллерия B1      @ (3,9,7) [уничтожен]
    ✗ Радиовышка B2      @ (2,1,8) [уничтожен]
    ✗ Прыгун B3          @ (2,5,8) [уничтожен]
    ✗ Факел B4           @ (3,5,7) [уничтожен]
    ✗ Бурав B6           @ (3,3,7) [уничтожен]
    ✗ Провокатор B7      @ (3,8,7) [уничтожен]
    ✗ Паук B8            @ (3,7,7) [уничтожен]
  Team C: живых 6/8
    ✓ Артиллерия C1      @ (5,3,2) hp=1/1
    ✓ Прыгун C3          @ (5,4,5) hp=2/2
    ✓ Факел C4           @ (5,3,3) hp=6/6
    ✓ Тишина C5          @ (5,5,6) hp=2/2
    ✓ Провокатор C7      @ (5,5,5) hp=2/2
    ✓ Паук C8            @ (4,5,5) hp=1/1
    ✗ Радиовышка C2      @ (4,4,7) [уничтожен]
    ✗ Бурав C6           @ (3,3,7) [уничтожен]

======================================================================
ИТОГ
======================================================================
Лимит ходов (30) исчерпан, ничья/пат.

--- Сводка по командам ---
  Team A: 1/8 живых; hp=2
  Team B: 1/8 живых; hp=2
  Team C: 6/8 живых; hp=14

--- Сводка по пассивкам радиовышек ---
  Team A: сканирований=3, всего врагов-в-слоях=3, уникальных эксклюзивных (видны только радиовышкой)=0
  Team B: сканирований=4, всего врагов-в-слоях=12, уникальных эксклюзивных (видны только радиовышкой)=0
  Team C: сканирований=4, всего врагов-в-слоях=15, уникальных эксклюзивных (видны только радиовышкой)=2

--- Сводка по попаданиям ---
  Всего событий (шоты+тараны+мины): 23
  Уничтожено кораблей всего: 16
  Team A: урон=24 хиты=4 тараны=6 мины(сработало)=0 убийств=7
  Team B: урон=13 хиты=2 тараны=5 мины(сработало)=0 убийств=5
  Team C: урон=16 хиты=4 тараны=2 мины(сработало)=0 убийств=4
! 🎮 GM: остановка игры
