======================================================================
Space Battle 10×10×10 — simulation run at 2026-04-20T13:23:54+00:00
Game mode: advanced
Seed: 100
✓ 🚀 Продвинутый режим: создаю разные типы кораблей
   Стартовые Z-слои: A=2, B=7, C=8
✓ ✅ Создано 24 кораблей


--- СТАРТОВАЯ РАССТАНОВКА ---
  Team A: живых 8/8
    ✓ Артиллерия A1      @ (9,5,2) hp=1/1
    ✓ Радиовышка A2      @ (7,7,2) hp=3/3
    ✓ Прыгун A3          @ (2,7,2) hp=2/2
    ✓ Факел A4           @ (1,1,2) hp=6/6
    ✓ Тишина A5          @ (1,7,2) hp=2/2
    ✓ Бурав A6           @ (3,4,2) hp=4/4
    ✓ Провокатор A7      @ (8,5,2) hp=2/2
    ✓ Паук A8            @ (9,1,2) hp=1/1
  Team B: живых 8/8
    ✓ Артиллерия B1      @ (5,5,7) hp=1/1
    ✓ Радиовышка B2      @ (2,2,7) hp=3/3
    ✓ Прыгун B3          @ (3,9,7) hp=2/2
    ✓ Факел B4           @ (8,6,7) hp=6/6
    ✓ Тишина B5          @ (7,9,7) hp=2/2
    ✓ Бурав B6           @ (7,7,7) hp=4/4
    ✓ Провокатор B7      @ (3,5,7) hp=2/2
    ✓ Паук B8            @ (5,4,7) hp=1/1
  Team C: живых 8/8
    ✓ Артиллерия C1      @ (3,2,8) hp=1/1
    ✓ Радиовышка C2      @ (3,3,8) hp=3/3
    ✓ Прыгун C3          @ (8,3,8) hp=2/2
    ✓ Факел C4           @ (6,7,8) hp=6/6
    ✓ Тишина C5          @ (9,8,8) hp=2/2
    ✓ Бурав C6           @ (7,8,8) hp=4/4
    ✓ Провокатор C7      @ (8,0,8) hp=2/2
    ✓ Паук C8            @ (1,2,8) hp=1/1

======================================================================
ХОД 1
======================================================================
✓ 🎮 GM: начинаем ход
GM: start_turn

--- Радиовышки: сканирование слоя Z ---
  Радиовышка A2 (z=2): слой чист
  Радиовышка B2 (z=7): слой чист
  Радиовышка C2 (z=8): слой чист

--- Решения ботов ---
  [Team A] Артиллерия A1 (9,5,2) → SHOOT at (9,9,9)
  [Team A] Радиовышка A2 (7,7,2) → MOVE (6,6,3)
  [Team A] Прыгун A3 (2,7,2) → MOVE (3,6,3)
  [Team A] Факел A4 (1,1,2) → MOVE (2,2,2)
  [Team A] Тишина A5 (1,7,2) → MOVE (2,6,3)
  [Team A] Бурав A6 (3,4,2) → MOVE (4,5,3)
  [Team A] Провокатор A7 (8,5,2) → MOVE (7,5,3)
  [Team A] Паук A8 (9,1,2) → MOVE (8,2,3)
  [Team B] Артиллерия B1 (5,5,7) → SHOOT at (3,2,8)
  [Team B] Радиовышка B2 (2,2,7) → MOVE (3,2,8)
  [Team B] Прыгун B3 (3,9,7) → MOVE (4,8,8)
  [Team B] Факел B4 (8,6,7) → MOVE (7,5,7)
  [Team B] Тишина B5 (7,9,7) → PHASE toggle
  [Team B] Бурав B6 (7,7,7) → MOVE (6,7,8)
  [Team B] Провокатор B7 (3,5,7) → HOLOGRAM (3,4,8)
  [Team B] Паук B8 (5,4,7) → MINE (4,3,8)
  [Team C] Артиллерия C1 (3,2,8) → SHOOT at (5,5,7)
  [Team C] Радиовышка C2 (3,3,8) → MOVE (2,2,7)
  [Team C] Прыгун C3 (8,3,8) → MOVE (7,4,7)
  [Team C] Факел C4 (6,7,8) → MOVE (5,6,8)
  [Team C] Тишина C5 (9,8,8) → PHASE toggle
  [Team C] Бурав C6 (7,8,8) → MOVE (7,7,7)
  [Team C] Провокатор C7 (8,0,8) → HOLOGRAM (7,1,7)
  [Team C] Паук C8 (1,2,8) → MINE (1,2,7)
! 🎮 GM: принудительно завершает фазу планирования
GM: end_planning
# 
============================================================
# 🔄 ОБРАБОТКА ХОДА 1
# ============================================================
   🌀 Тишина B5: фаза ВКЛ
   🌀 Тишина C5: фаза ВКЛ
   🪞 Провокатор B7 создал голограмму H1 в (3,4,8)
   🪞 Провокатор C7 создал голограмму H2 в (7,1,7)
   💣 Паук B8 установил мину M1 в (4,3,8)
   💣 Паук C8 установил мину M2 в (1,2,7)

📦 ПЕРЕМЕЩЕНИЯ:
   Радиовышка A2: (7, 7, 2) → (6,6,3)
   Прыгун A3: (2, 7, 2) → (3,6,3)
   Факел A4: (1, 1, 2) → (2,2,2)
   Тишина A5: (1, 7, 2) → (2,6,3)
!    ⚠️ Бурав A6: Бурав двигается только по 1 оси или по 2 осям строго диагонально
   Провокатор A7: (8, 5, 2) → (7,5,3)
   Паук A8: (9, 1, 2) → (8,2,3)
!    ⚠️ Радиовышка B2: клетка (3,2,8) занята
   Прыгун B3: (3, 9, 7) → (4,8,8)
   Факел B4: (8, 6, 7) → (7,5,7)
✓    💥 Бурав B6 тараном уничтожил Факел C4 в (6,7,8)
   Бурав B6: (7, 7, 7) → (6,7,8)
!    ⚠️ Радиовышка C2: клетка (2,2,7) занята
   Прыгун C3: (8, 3, 8) → (7,4,7)
   Бурав C6: (7, 8, 8) → (7,7,7)

🎯 ВЫСТРЕЛЫ:
✓    ✅ Артиллерия B1 поразил Артиллерия C1 (2 урона)!
✓    ✅ Артиллерия C1 поразил Артиллерия B1 (2 урона)!
   Выпущено ракет: 3
# 
📊 РЕЗУЛЬТАТЫ ХОДА 1:
✓ 💥 ПОПАДАНИЯ:
✓    Артиллерия B1 (Team B) → Артиллерия C1 (Team C)
✓    Артиллерия C1 (Team C) → Артиллерия B1 (Team B)

--- Результаты хода ---
  Team B / Бурав B6           → Team C / Факел C4           @ (6,7,8)  (УБИТ)
  Team B / Артиллерия B1      → Team C / Артиллерия C1      @ (3,2,8)  (УБИТ)
  Team C / Артиллерия C1      → Team B / Артиллерия B1      @ (5,5,7)  (УБИТ)

--- Состояние команд после хода ---
  Team A: живых 8/8
    ✓ Артиллерия A1      @ (9,5,2) hp=1/1
    ✓ Радиовышка A2      @ (6,6,3) hp=3/3
    ✓ Прыгун A3          @ (3,6,3) hp=2/2
    ✓ Факел A4           @ (2,2,2) hp=6/6
    ✓ Тишина A5          @ (2,6,3) hp=2/2
    ✓ Бурав A6           @ (3,4,2) hp=4/4
    ✓ Провокатор A7      @ (7,5,3) hp=2/2
    ✓ Паук A8            @ (8,2,3) hp=1/1
  Team B: живых 7/8
    ✓ Радиовышка B2      @ (2,2,7) hp=3/3
    ✓ Прыгун B3          @ (4,8,8) hp=2/2
    ✓ Факел B4           @ (7,5,7) hp=6/6
    ✓ Тишина B5          @ (7,9,7) hp=2/2
    ✓ Бурав B6           @ (6,7,8) hp=4/4
    ✓ Провокатор B7      @ (3,5,7) hp=2/2
    ✓ Паук B8            @ (5,4,7) hp=1/1
    ✗ Артиллерия B1      @ (5,5,7) [уничтожен]
  Team C: живых 6/8
    ✓ Радиовышка C2      @ (3,3,8) hp=3/3
    ✓ Прыгун C3          @ (7,4,7) hp=2/2
    ✓ Тишина C5          @ (9,8,8) hp=2/2
    ✓ Бурав C6           @ (7,7,7) hp=4/4
    ✓ Провокатор C7      @ (8,0,8) hp=2/2
    ✓ Паук C8            @ (1,2,8) hp=1/1
    ✗ Артиллерия C1      @ (3,2,8) [уничтожен]
    ✗ Факел C4           @ (6,7,8) [уничтожен]

======================================================================
ХОД 2
======================================================================
✓ 🎮 GM: начинаем ход
GM: start_turn

--- Радиовышки: сканирование слоя Z ---
  Радиовышка A2 (z=3): слой чист
  Радиовышка B2 (z=7): видит 2 врагов  → Прыгун C3(7,4,7), Бурав C6(7,7,7)
  Радиовышка C2 (z=8): видит 2 врагов  → Прыгун B3(4,8,8), Бурав B6(6,7,8)

--- Решения ботов ---
  [Team A] Артиллерия A1 (9,5,2) → SHOOT at (9,9,8)
  [Team A] Радиовышка A2 (6,6,3) → MOVE (5,5,4)
  [Team A] Прыгун A3 (3,6,3) → MOVE (4,5,4)
  [Team A] Факел A4 (2,2,2) → MOVE (3,3,2)
  [Team A] Тишина A5 (2,6,3) → MOVE (3,5,4)
  [Team A] Бурав A6 (3,4,2) → MOVE (4,5,3)
  [Team A] Провокатор A7 (7,5,3) → MOVE (6,5,4)
  [Team A] Паук A8 (8,2,3) → MOVE (7,3,4)
  [Team B] Радиовышка B2 (2,2,7) → MOVE (3,3,8)
  [Team B] Прыгун B3 (4,8,8) → MOVE (5,7,7)
  [Team B] Факел B4 (7,5,7) → SHOOT at (7,4,7)
  [Team B] Тишина B5 (7,9,7) → MOVE (7,8,7)
  [Team B] Бурав B6 (6,7,8) → MOVE (7,7,7)
  [Team B] Провокатор B7 (3,5,7) → HOLOGRAM (3,4,8)
  [Team B] Паук B8 (5,4,7) → MINE (4,3,8)
  [Team C] Радиовышка C2 (3,3,8) → MOVE (2,2,7)
  [Team C] Прыгун C3 (7,4,7) → MOVE (7,5,7)
  [Team C] Тишина C5 (9,8,8) → MOVE (8,7,7)
  [Team C] Бурав C6 (7,7,7) → MOVE (6,7,8)
  [Team C] Провокатор C7 (8,0,8) → HOLOGRAM (7,1,7)
  [Team C] Паук C8 (1,2,8) → MINE (1,2,7)
! 🎮 GM: принудительно завершает фазу планирования
GM: end_planning
# 
============================================================
# 🔄 ОБРАБОТКА ХОДА 2
# ============================================================
!    ⚠️ Провокатор B7: клетка (3,4,8) уже занята голограммой
!    ⚠️ Провокатор C7: клетка (7,1,7) уже занята голограммой
!    ⚠️ Паук B8: в клетке уже стоит мина
!    ⚠️ Паук C8: в клетке уже стоит мина

📦 ПЕРЕМЕЩЕНИЯ:
   Радиовышка A2: (6, 6, 3) → (5,5,4)
   Прыгун A3: (3, 6, 3) → (4,5,4)
   Факел A4: (2, 2, 2) → (3,3,2)
   Тишина A5: (2, 6, 3) → (3,5,4)
!    ⚠️ Бурав A6: Бурав двигается только по 1 оси или по 2 осям строго диагонально
   Провокатор A7: (7, 5, 3) → (6,5,4)
   Паук A8: (8, 2, 3) → (7,3,4)
!    ⚠️ Радиовышка B2: клетка (3,3,8) занята
   Прыгун B3: (4, 8, 8) → (5,7,7)
   Тишина B5: (7, 9, 7) → (7,8,7)
✓    💥 Бурав B6 тараном уничтожил Бурав C6 в (7,7,7)
   Бурав B6: (6, 7, 8) → (7,7,7)
!    ⚠️ Радиовышка C2: клетка (2,2,7) занята
✓    💥 Прыгун C3 тараном уничтожил Факел B4 в (7,5,7)
   Прыгун C3: (7, 4, 7) → (7,5,7)
   Тишина C5: (9, 8, 8) → (8,7,7)

🎯 ВЫСТРЕЛЫ:
   Выпущено ракет: 1
# 
📊 РЕЗУЛЬТАТЫ ХОДА 2:
🎯 Попаданий нет

--- Результаты хода ---
  Team B / Бурав B6           → Team C / Бурав C6           @ (7,7,7)  (УБИТ)
  Team C / Прыгун C3          → Team B / Факел B4           @ (7,5,7)  (УБИТ)

--- Состояние команд после хода ---
  Team A: живых 8/8
    ✓ Артиллерия A1      @ (9,5,2) hp=1/1
    ✓ Радиовышка A2      @ (5,5,4) hp=3/3
    ✓ Прыгун A3          @ (4,5,4) hp=2/2
    ✓ Факел A4           @ (3,3,2) hp=6/6
    ✓ Тишина A5          @ (3,5,4) hp=2/2
    ✓ Бурав A6           @ (3,4,2) hp=4/4
    ✓ Провокатор A7      @ (6,5,4) hp=2/2
    ✓ Паук A8            @ (7,3,4) hp=1/1
  Team B: живых 6/8
    ✓ Радиовышка B2      @ (2,2,7) hp=3/3
    ✓ Прыгун B3          @ (5,7,7) hp=2/2
    ✓ Тишина B5          @ (7,8,7) hp=2/2
    ✓ Бурав B6           @ (7,7,7) hp=4/4
    ✓ Провокатор B7      @ (3,5,7) hp=2/2
    ✓ Паук B8            @ (5,4,7) hp=1/1
    ✗ Артиллерия B1      @ (5,5,7) [уничтожен]
    ✗ Факел B4           @ (7,5,7) [уничтожен]
  Team C: живых 5/8
    ✓ Радиовышка C2      @ (3,3,8) hp=3/3
    ✓ Прыгун C3          @ (7,5,7) hp=2/2
    ✓ Тишина C5          @ (8,7,7) hp=2/2
    ✓ Провокатор C7      @ (8,0,8) hp=2/2
    ✓ Паук C8            @ (1,2,8) hp=1/1
    ✗ Артиллерия C1      @ (3,2,8) [уничтожен]
    ✗ Факел C4           @ (6,7,8) [уничтожен]
    ✗ Бурав C6           @ (7,7,7) [уничтожен]

======================================================================
ХОД 3
======================================================================
✓ 🎮 GM: начинаем ход
GM: start_turn

--- Радиовышки: сканирование слоя Z ---
  Радиовышка A2 (z=4): слой чист
  Радиовышка B2 (z=7): видит 1 врагов  → Прыгун C3(7,5,7)
  Радиовышка C2 (z=8): слой чист

--- Решения ботов ---
  [Team A] Артиллерия A1 (9,5,2) → SHOOT at (7,5,7)
  [Team A] Радиовышка A2 (5,5,4) → MOVE (4,4,5)
  [Team A] Прыгун A3 (4,5,4) → MOVE (3,4,5)
  [Team A] Факел A4 (3,3,2) → MOVE (4,4,2)
  [Team A] Тишина A5 (3,5,4) → PHASE toggle
  [Team A] Бурав A6 (3,4,2) → MOVE (2,3,3)
  [Team A] Провокатор A7 (6,5,4) → HOLOGRAM (5,6,5)
  [Team A] Паук A8 (7,3,4) → MINE (6,4,5)
  [Team B] Радиовышка B2 (2,2,7) → MOVE (3,3,8)
  [Team B] Прыгун B3 (5,7,7) → MOVE (7,5,7)
  [Team B] Тишина B5 (7,8,7) → MOVE (6,7,6)
  [Team B] Бурав B6 (7,7,7) → MOVE (7,6,7)
  [Team B] Провокатор B7 (3,5,7) → HOLOGRAM (3,4,8)
  [Team B] Паук B8 (5,4,7) → MINE (4,3,8)
  [Team C] Радиовышка C2 (3,3,8) → MOVE (2,2,7)
  [Team C] Прыгун C3 (7,5,7) → MOVE (5,7,7)
  [Team C] Тишина C5 (8,7,7) → MOVE (7,7,7)
  [Team C] Провокатор C7 (8,0,8) → HOLOGRAM (7,1,7)
  [Team C] Паук C8 (1,2,8) → MINE (1,2,7)
! 🎮 GM: принудительно завершает фазу планирования
GM: end_planning
# 
============================================================
# 🔄 ОБРАБОТКА ХОДА 3
# ============================================================
   🌀 Тишина A5: фаза ВКЛ
   🪞 Провокатор A7 создал голограмму H3 в (5,6,5)
!    ⚠️ Провокатор B7: клетка (3,4,8) уже занята голограммой
!    ⚠️ Провокатор C7: клетка (7,1,7) уже занята голограммой
   💣 Паук A8 установил мину M3 в (6,4,5)
!    ⚠️ Паук B8: в клетке уже стоит мина
!    ⚠️ Паук C8: в клетке уже стоит мина

📦 ПЕРЕМЕЩЕНИЯ:
   Радиовышка A2: (5, 5, 4) → (4,4,5)
   Прыгун A3: (4, 5, 4) → (3,4,5)
   Факел A4: (3, 3, 2) → (4,4,2)
!    ⚠️ Бурав A6: Бурав двигается только по 1 оси или по 2 осям строго диагонально
!    ⚠️ Радиовышка B2: клетка (3,3,8) занята
✓    💥 Прыгун B3 тараном уничтожил Прыгун C3 в (7,5,7)
   Прыгун B3: (5, 7, 7) → (7,5,7)
   Тишина B5: (7, 8, 7) → (6,7,6)
   Бурав B6: (7, 7, 7) → (7,6,7)
!    ⚠️ Радиовышка C2: клетка (2,2,7) занята
   Тишина C5: (8, 7, 7) → (7,7,7)

🎯 ВЫСТРЕЛЫ:
✓    ✅ Артиллерия A1 поразил Прыгун B3 (2 урона)!
   Выпущено ракет: 1
# 
📊 РЕЗУЛЬТАТЫ ХОДА 3:
✓ 💥 ПОПАДАНИЯ:
✓    Артиллерия A1 (Team A) → Прыгун B3 (Team B)

--- Результаты хода ---
  Team B / Прыгун B3          → Team C / Прыгун C3          @ (7,5,7)  (УБИТ)
  Team A / Артиллерия A1      → Team B / Прыгун B3          @ (7,5,7)  (УБИТ)

--- Состояние команд после хода ---
  Team A: живых 8/8
    ✓ Артиллерия A1      @ (9,5,2) hp=1/1
    ✓ Радиовышка A2      @ (4,4,5) hp=3/3
    ✓ Прыгун A3          @ (3,4,5) hp=2/2
    ✓ Факел A4           @ (4,4,2) hp=6/6
    ✓ Тишина A5          @ (3,5,4) hp=2/2
    ✓ Бурав A6           @ (3,4,2) hp=4/4
    ✓ Провокатор A7      @ (6,5,4) hp=2/2
    ✓ Паук A8            @ (7,3,4) hp=1/1
  Team B: живых 5/8
    ✓ Радиовышка B2      @ (2,2,7) hp=3/3
    ✓ Тишина B5          @ (6,7,6) hp=2/2
    ✓ Бурав B6           @ (7,6,7) hp=4/4
    ✓ Провокатор B7      @ (3,5,7) hp=2/2
    ✓ Паук B8            @ (5,4,7) hp=1/1
    ✗ Артиллерия B1      @ (5,5,7) [уничтожен]
    ✗ Прыгун B3          @ (7,5,7) [уничтожен]
    ✗ Факел B4           @ (7,5,7) [уничтожен]
  Team C: живых 4/8
    ✓ Радиовышка C2      @ (3,3,8) hp=3/3
    ✓ Тишина C5          @ (7,7,7) hp=2/2
    ✓ Провокатор C7      @ (8,0,8) hp=2/2
    ✓ Паук C8            @ (1,2,8) hp=1/1
    ✗ Артиллерия C1      @ (3,2,8) [уничтожен]
    ✗ Прыгун C3          @ (7,5,7) [уничтожен]
    ✗ Факел C4           @ (6,7,8) [уничтожен]
    ✗ Бурав C6           @ (7,7,7) [уничтожен]

======================================================================
ХОД 4
======================================================================
✓ 🎮 GM: начинаем ход
GM: start_turn

--- Радиовышки: сканирование слоя Z ---
  Радиовышка A2 (z=5): слой чист
  Радиовышка B2 (z=7): слой чист
  Радиовышка C2 (z=8): слой чист

--- Решения ботов ---
  [Team A] Артиллерия A1 (9,5,2) → SHOOT at (3,5,7)
  [Team A] Радиовышка A2 (4,4,5) → MOVE (3,3,6)
  [Team A] Прыгун A3 (3,4,5) → MOVE (3,5,7)
  [Team A] Факел A4 (4,4,2) → MOVE (5,5,2)
  [Team A] Тишина A5 (3,5,4) → MOVE (2,4,5)
  [Team A] Бурав A6 (3,4,2) → MOVE (2,3,3)
  [Team A] Провокатор A7 (6,5,4) → HOLOGRAM (7,6,5)
  [Team A] Паук A8 (7,3,4) → MINE (7,4,5)
  [Team B] Радиовышка B2 (2,2,7) → MOVE (3,3,8)
  [Team B] Тишина B5 (6,7,6) → MOVE (6,6,5)
  [Team B] Бурав B6 (7,6,7) → MOVE (7,3,4)
  [Team B] Провокатор B7 (3,5,7) → HOLOGRAM (4,4,6)
  [Team B] Паук B8 (5,4,7) → MINE (4,4,6)
  [Team C] Радиовышка C2 (3,3,8) → MOVE (2,2,7)
  [Team C] Тишина C5 (7,7,7) → MOVE (7,6,7)
  [Team C] Провокатор C7 (8,0,8) → HOLOGRAM (7,1,7)
  [Team C] Паук C8 (1,2,8) → MINE (1,2,7)
! 🎮 GM: принудительно завершает фазу планирования
GM: end_planning
# 
============================================================
# 🔄 ОБРАБОТКА ХОДА 4
# ============================================================
   🪞 Провокатор A7 создал голограмму H4 в (7,6,5)
   🪞 Провокатор B7 создал голограмму H5 в (4,4,6)
!    ⚠️ Провокатор C7: клетка (7,1,7) уже занята голограммой
   💣 Паук A8 установил мину M4 в (7,4,5)
   💣 Паук B8 установил мину M5 в (4,4,6)
!    ⚠️ Паук C8: в клетке уже стоит мина

📦 ПЕРЕМЕЩЕНИЯ:
   Радиовышка A2: (4, 4, 5) → (3,3,6)
✓    💥 Прыгун A3 тараном уничтожил Провокатор B7 в (3,5,7)
   Прыгун A3: (3, 4, 5) → (3,5,7)
   Факел A4: (4, 4, 2) → (5,5,2)
   Тишина A5: (3, 5, 4) → (2,4,5)
!    ⚠️ Бурав A6: Бурав двигается только по 1 оси или по 2 осям строго диагонально
!    ⚠️ Радиовышка B2: клетка (3,3,8) занята
   Тишина B5: (6, 7, 6) → (6,6,5)
✓    💥 Бурав B6 тараном уничтожил Паук A8 в (7,3,4)
   Бурав B6: (7, 6, 7) → (7,3,4)
!    ⚠️ Радиовышка C2: клетка (2,2,7) занята
   Тишина C5: (7, 7, 7) → (7,6,7)

🎯 ВЫСТРЕЛЫ:
   Выпущено ракет: 1
# 
📊 РЕЗУЛЬТАТЫ ХОДА 4:
🎯 Попаданий нет

--- Результаты хода ---
  Team A / Прыгун A3          → Team B / Провокатор B7      @ (3,5,7)  (УБИТ)
  Team B / Бурав B6           → Team A / Паук A8            @ (7,3,4)  (УБИТ)

--- Состояние команд после хода ---
  Team A: живых 7/8
    ✓ Артиллерия A1      @ (9,5,2) hp=1/1
    ✓ Радиовышка A2      @ (3,3,6) hp=3/3
    ✓ Прыгун A3          @ (3,5,7) hp=2/2
    ✓ Факел A4           @ (5,5,2) hp=6/6
    ✓ Тишина A5          @ (2,4,5) hp=2/2
    ✓ Бурав A6           @ (3,4,2) hp=4/4
    ✓ Провокатор A7      @ (6,5,4) hp=2/2
    ✗ Паук A8            @ (7,3,4) [уничтожен]
  Team B: живых 4/8
    ✓ Радиовышка B2      @ (2,2,7) hp=3/3
    ✓ Тишина B5          @ (6,6,5) hp=2/2
    ✓ Бурав B6           @ (7,3,4) hp=4/4
    ✓ Паук B8            @ (5,4,7) hp=1/1
    ✗ Артиллерия B1      @ (5,5,7) [уничтожен]
    ✗ Прыгун B3          @ (7,5,7) [уничтожен]
    ✗ Факел B4           @ (7,5,7) [уничтожен]
    ✗ Провокатор B7      @ (3,5,7) [уничтожен]
  Team C: живых 4/8
    ✓ Радиовышка C2      @ (3,3,8) hp=3/3
    ✓ Тишина C5          @ (7,6,7) hp=2/2
    ✓ Провокатор C7      @ (8,0,8) hp=2/2
    ✓ Паук C8            @ (1,2,8) hp=1/1
    ✗ Артиллерия C1      @ (3,2,8) [уничтожен]
    ✗ Прыгун C3          @ (7,5,7) [уничтожен]
    ✗ Факел C4           @ (6,7,8) [уничтожен]
    ✗ Бурав C6           @ (7,7,7) [уничтожен]

======================================================================
ХОД 5
======================================================================
✓ 🎮 GM: начинаем ход
GM: start_turn

--- Радиовышки: сканирование слоя Z ---
  Радиовышка A2 (z=6): слой чист
  Радиовышка B2 (z=7): видит 1 врагов  → Прыгун A3(3,5,7)
  Радиовышка C2 (z=8): слой чист

--- Решения ботов ---
  [Team A] Артиллерия A1 (9,5,2) → SHOOT at (5,4,7)
  [Team A] Радиовышка A2 (3,3,6) → MOVE (2,2,7)
  [Team A] Прыгун A3 (3,5,7) → MOVE (3,3,8)
  [Team A] Факел A4 (5,5,2) → MOVE (6,5,2)
  [Team A] Тишина A5 (2,4,5) → PHASE toggle
  [Team A] Бурав A6 (3,4,2) → MOVE (4,3,3)
  [Team A] Провокатор A7 (6,5,4) → HOLOGRAM (7,4,4)
  [Team B] Радиовышка B2 (2,2,7) → MOVE (3,3,6)
  [Team B] Тишина B5 (6,6,5) → MOVE (6,5,4)
  [Team B] Бурав B6 (7,3,4) → MOVE (8,4,3)
  [Team B] Паук B8 (5,4,7) → MINE (4,4,7)
  [Team C] Радиовышка C2 (3,3,8) → MOVE (2,2,7)
  [Team C] Тишина C5 (7,6,7) → MOVE (6,5,7)
  [Team C] Провокатор C7 (8,0,8) → HOLOGRAM (7,1,7)
  [Team C] Паук C8 (1,2,8) → MINE (1,2,7)
! 🎮 GM: принудительно завершает фазу планирования
GM: end_planning
# 
============================================================
# 🔄 ОБРАБОТКА ХОДА 5
# ============================================================
   🌀 Тишина A5: фаза ВЫКЛ
   🪞 Провокатор A7 создал голограмму H6 в (7,4,4)
!    ⚠️ Провокатор C7: клетка (7,1,7) уже занята голограммой
   💣 Паук B8 установил мину M6 в (4,4,7)
!    ⚠️ Паук C8: в клетке уже стоит мина

📦 ПЕРЕМЕЩЕНИЯ:
!    ⚠️ Радиовышка A2: клетка (2,2,7) занята
✓    💥 Прыгун A3 тараном уничтожил Радиовышка C2 в (3,3,8)
   Прыгун A3: (3, 5, 7) → (3,3,8)
   Факел A4: (5, 5, 2) → (6,5,2)
!    ⚠️ Бурав A6: Бурав двигается только по 1 оси или по 2 осям строго диагонально
!    ⚠️ Радиовышка B2: клетка (3,3,6) занята
!    ⚠️ Тишина B5: клетка (6,5,4) занята
!    ⚠️ Бурав B6: Бурав двигается только по 1 оси или по 2 осям строго диагонально
   Тишина C5: (7, 6, 7) → (6,5,7)

🎯 ВЫСТРЕЛЫ:
✓    ✅ Артиллерия A1 поразил Паук B8 (2 урона)!
   Выпущено ракет: 1
# 
📊 РЕЗУЛЬТАТЫ ХОДА 5:
✓ 💥 ПОПАДАНИЯ:
✓    Артиллерия A1 (Team A) → Паук B8 (Team B)

--- Результаты хода ---
  Team A / Прыгун A3          → Team C / Радиовышка C2      @ (3,3,8)  (УБИТ)
  Team A / Артиллерия A1      → Team B / Паук B8            @ (5,4,7)  (УБИТ)

--- Состояние команд после хода ---
  Team A: живых 7/8
    ✓ Артиллерия A1      @ (9,5,2) hp=1/1
    ✓ Радиовышка A2      @ (3,3,6) hp=3/3
    ✓ Прыгун A3          @ (3,3,8) hp=2/2
    ✓ Факел A4           @ (6,5,2) hp=6/6
    ✓ Тишина A5          @ (2,4,5) hp=2/2
    ✓ Бурав A6           @ (3,4,2) hp=4/4
    ✓ Провокатор A7      @ (6,5,4) hp=2/2
    ✗ Паук A8            @ (7,3,4) [уничтожен]
  Team B: живых 3/8
    ✓ Радиовышка B2      @ (2,2,7) hp=3/3
    ✓ Тишина B5          @ (6,6,5) hp=2/2
    ✓ Бурав B6           @ (7,3,4) hp=4/4
    ✗ Артиллерия B1      @ (5,5,7) [уничтожен]
    ✗ Прыгун B3          @ (7,5,7) [уничтожен]
    ✗ Факел B4           @ (7,5,7) [уничтожен]
    ✗ Провокатор B7      @ (3,5,7) [уничтожен]
    ✗ Паук B8            @ (5,4,7) [уничтожен]
  Team C: живых 3/8
    ✓ Тишина C5          @ (6,5,7) hp=2/2
    ✓ Провокатор C7      @ (8,0,8) hp=2/2
    ✓ Паук C8            @ (1,2,8) hp=1/1
    ✗ Артиллерия C1      @ (3,2,8) [уничтожен]
    ✗ Радиовышка C2      @ (3,3,8) [уничтожен]
    ✗ Прыгун C3          @ (7,5,7) [уничтожен]
    ✗ Факел C4           @ (6,7,8) [уничтожен]
    ✗ Бурав C6           @ (7,7,7) [уничтожен]

======================================================================
ХОД 6
======================================================================
✓ 🎮 GM: начинаем ход
GM: start_turn

--- Радиовышки: сканирование слоя Z ---
  Радиовышка A2 (z=6): слой чист
  Радиовышка B2 (z=7): слой чист

--- Решения ботов ---
  [Team A] Артиллерия A1 (9,5,2) → SHOOT at (1,2,8)
  [Team A] Радиовышка A2 (3,3,6) → MOVE (2,2,7)
  [Team A] Прыгун A3 (3,3,8) → MOVE (1,2,8)
  [Team A] Факел A4 (6,5,2) → MOVE (7,5,2)
  [Team A] Тишина A5 (2,4,5) → MOVE (2,3,6)
  [Team A] Бурав A6 (3,4,2) → MOVE (4,3,3)
  [Team A] Провокатор A7 (6,5,4) → HOLOGRAM (7,4,4)
  [Team B] Радиовышка B2 (2,2,7) → MOVE (3,3,6)
  [Team B] Тишина B5 (6,6,5) → MOVE (6,5,4)
  [Team B] Бурав B6 (7,3,4) → MOVE (8,4,3)
  [Team C] Тишина C5 (6,5,7) → MOVE (5,4,6)
  [Team C] Провокатор C7 (8,0,8) → HOLOGRAM (7,1,7)
  [Team C] Паук C8 (1,2,8) → MINE (2,2,8)
! 🎮 GM: принудительно завершает фазу планирования
GM: end_planning
# 
============================================================
# 🔄 ОБРАБОТКА ХОДА 6
# ============================================================
!    ⚠️ Провокатор A7: клетка (7,4,4) уже занята голограммой
!    ⚠️ Провокатор C7: клетка (7,1,7) уже занята голограммой
   💣 Паук C8 установил мину M7 в (2,2,8)

📦 ПЕРЕМЕЩЕНИЯ:
!    ⚠️ Радиовышка A2: клетка (2,2,7) занята
✓    💥 Прыгун A3 тараном уничтожил Паук C8 в (1,2,8)
   Прыгун A3: (3, 3, 8) → (1,2,8)
   Факел A4: (6, 5, 2) → (7,5,2)
   Тишина A5: (2, 4, 5) → (2,3,6)
!    ⚠️ Бурав A6: Бурав двигается только по 1 оси или по 2 осям строго диагонально
!    ⚠️ Радиовышка B2: клетка (3,3,6) занята
!    ⚠️ Тишина B5: клетка (6,5,4) занята
!    ⚠️ Бурав B6: Бурав двигается только по 1 оси или по 2 осям строго диагонально
   Тишина C5: (6, 5, 7) → (5,4,6)

🎯 ВЫСТРЕЛЫ:
   Выпущено ракет: 1
# 
📊 РЕЗУЛЬТАТЫ ХОДА 6:
🎯 Попаданий нет

--- Результаты хода ---
  Team A / Прыгун A3          → Team C / Паук C8            @ (1,2,8)  (УБИТ)

--- Состояние команд после хода ---
  Team A: живых 7/8
    ✓ Артиллерия A1      @ (9,5,2) hp=1/1
    ✓ Радиовышка A2      @ (3,3,6) hp=3/3
    ✓ Прыгун A3          @ (1,2,8) hp=2/2
    ✓ Факел A4           @ (7,5,2) hp=6/6
    ✓ Тишина A5          @ (2,3,6) hp=2/2
    ✓ Бурав A6           @ (3,4,2) hp=4/4
    ✓ Провокатор A7      @ (6,5,4) hp=2/2
    ✗ Паук A8            @ (7,3,4) [уничтожен]
  Team B: живых 3/8
    ✓ Радиовышка B2      @ (2,2,7) hp=3/3
    ✓ Тишина B5          @ (6,6,5) hp=2/2
    ✓ Бурав B6           @ (7,3,4) hp=4/4
    ✗ Артиллерия B1      @ (5,5,7) [уничтожен]
    ✗ Прыгун B3          @ (7,5,7) [уничтожен]
    ✗ Факел B4           @ (7,5,7) [уничтожен]
    ✗ Провокатор B7      @ (3,5,7) [уничтожен]
    ✗ Паук B8            @ (5,4,7) [уничтожен]
  Team C: живых 2/8
    ✓ Тишина C5          @ (5,4,6) hp=2/2
    ✓ Провокатор C7      @ (8,0,8) hp=2/2
    ✗ Артиллерия C1      @ (3,2,8) [уничтожен]
    ✗ Радиовышка C2      @ (3,3,8) [уничтожен]
    ✗ Прыгун C3          @ (7,5,7) [уничтожен]
    ✗ Факел C4           @ (6,7,8) [уничтожен]
    ✗ Бурав C6           @ (7,7,7) [уничтожен]
    ✗ Паук C8            @ (1,2,8) [уничтожен]

======================================================================
ХОД 7
======================================================================
✓ 🎮 GM: начинаем ход
GM: start_turn

--- Радиовышки: сканирование слоя Z ---
  Радиовышка A2 (z=6): слой чист
  Радиовышка B2 (z=7): слой чист

--- Решения ботов ---
  [Team A] Артиллерия A1 (9,5,2) → SHOOT at (7,3,4)
  [Team A] Радиовышка A2 (3,3,6) → MOVE (2,2,7)
  [Team A] Прыгун A3 (1,2,8) → MOVE (2,2,8)
  [Team A] Факел A4 (7,5,2) → MOVE (8,5,2)
  [Team A] Тишина A5 (2,3,6) → MOVE (2,2,6)
  [Team A] Бурав A6 (3,4,2) → MOVE (4,3,3)
  [Team A] Провокатор A7 (6,5,4) → HOLOGRAM (7,4,4)
  [Team B] Радиовышка B2 (2,2,7) → MOVE (3,3,6)
  [Team B] Тишина B5 (6,6,5) → MOVE (6,5,4)
  [Team B] Бурав B6 (7,3,4) → MOVE (7,5,2)
  [Team C] Тишина C5 (5,4,6) → MOVE (4,3,6)
  [Team C] Провокатор C7 (8,0,8) → HOLOGRAM (7,1,7)
! 🎮 GM: принудительно завершает фазу планирования
GM: end_planning
# 
============================================================
# 🔄 ОБРАБОТКА ХОДА 7
# ============================================================
!    ⚠️ Провокатор A7: клетка (7,4,4) уже занята голограммой
!    ⚠️ Провокатор C7: клетка (7,1,7) уже занята голограммой

📦 ПЕРЕМЕЩЕНИЯ:
!    ⚠️ Радиовышка A2: клетка (2,2,7) занята
   Прыгун A3: (1, 2, 8) → (2,2,8)
!    💥 Мина M7 сработала под Прыгун A3 (урон 2) — КОРАБЛЬ УНИЧТОЖЕН
   Факел A4: (7, 5, 2) → (8,5,2)
   Тишина A5: (2, 3, 6) → (2,2,6)
!    ⚠️ Бурав A6: Бурав двигается только по 1 оси или по 2 осям строго диагонально
!    ⚠️ Радиовышка B2: клетка (3,3,6) занята
!    ⚠️ Тишина B5: клетка (6,5,4) занята
   Бурав B6: (7, 3, 4) → (7,5,2)
   Тишина C5: (5, 4, 6) → (4,3,6)

🎯 ВЫСТРЕЛЫ:
   Выпущено ракет: 1
# 
📊 РЕЗУЛЬТАТЫ ХОДА 7:
🎯 Попаданий нет

--- Результаты хода ---
  ? / ?                  → Team A / Прыгун A3          @ (2,2,8)  (УБИТ)

--- Состояние команд после хода ---
  Team A: живых 6/8
    ✓ Артиллерия A1      @ (9,5,2) hp=1/1
    ✓ Радиовышка A2      @ (3,3,6) hp=3/3
    ✓ Факел A4           @ (8,5,2) hp=6/6
    ✓ Тишина A5          @ (2,2,6) hp=2/2
    ✓ Бурав A6           @ (3,4,2) hp=4/4
    ✓ Провокатор A7      @ (6,5,4) hp=2/2
    ✗ Прыгун A3          @ (2,2,8) [уничтожен]
    ✗ Паук A8            @ (7,3,4) [уничтожен]
  Team B: живых 3/8
    ✓ Радиовышка B2      @ (2,2,7) hp=3/3
    ✓ Тишина B5          @ (6,6,5) hp=2/2
    ✓ Бурав B6           @ (7,5,2) hp=4/4
    ✗ Артиллерия B1      @ (5,5,7) [уничтожен]
    ✗ Прыгун B3          @ (7,5,7) [уничтожен]
    ✗ Факел B4           @ (7,5,7) [уничтожен]
    ✗ Провокатор B7      @ (3,5,7) [уничтожен]
    ✗ Паук B8            @ (5,4,7) [уничтожен]
  Team C: живых 2/8
    ✓ Тишина C5          @ (4,3,6) hp=2/2
    ✓ Провокатор C7      @ (8,0,8) hp=2/2
    ✗ Артиллерия C1      @ (3,2,8) [уничтожен]
    ✗ Радиовышка C2      @ (3,3,8) [уничтожен]
    ✗ Прыгун C3          @ (7,5,7) [уничтожен]
    ✗ Факел C4           @ (6,7,8) [уничтожен]
    ✗ Бурав C6           @ (7,7,7) [уничтожен]
    ✗ Паук C8            @ (1,2,8) [уничтожен]

======================================================================
ХОД 8
======================================================================
✓ 🎮 GM: начинаем ход
GM: start_turn

--- Радиовышки: сканирование слоя Z ---
  Радиовышка A2 (z=6): слой чист
  Радиовышка B2 (z=7): слой чист

--- Решения ботов ---
  [Team A] Артиллерия A1 (9,5,2) → SHOOT at (7,5,2)
  [Team A] Радиовышка A2 (3,3,6) → MOVE (2,2,7)
  [Team A] Факел A4 (8,5,2) → SHOOT at (7,5,2)
  [Team A] Бурав A6 (3,4,2) → MOVE (4,5,2)
  [Team A] Провокатор A7 (6,5,4) → HOLOGRAM (7,5,3)
  [Team A] Тишина A5 → SKIP
  [Team B] Радиовышка B2 (2,2,7) → MOVE (3,3,6)
  [Team B] Тишина B5 (6,6,5) → MOVE (6,5,4)
  [Team B] Бурав B6 (7,5,2) → MOVE (9,5,2)
  [Team C] Тишина C5 (4,3,6) → MOVE (3,3,6)
  [Team C] Провокатор C7 (8,0,8) → HOLOGRAM (7,1,7)
! 🎮 GM: принудительно завершает фазу планирования
GM: end_planning
# 
============================================================
# 🔄 ОБРАБОТКА ХОДА 8
# ============================================================
   🪞 Провокатор A7 создал голограмму H7 в (7,5,3)
!    ⚠️ Провокатор C7: клетка (7,1,7) уже занята голограммой

📦 ПЕРЕМЕЩЕНИЯ:
!    ⚠️ Радиовышка A2: клетка (2,2,7) занята
   Бурав A6: (3, 4, 2) → (4,5,2)
!    ⚠️ Радиовышка B2: клетка (3,3,6) занята
!    ⚠️ Тишина B5: клетка (6,5,4) занята
✓    💥 Бурав B6 тараном уничтожил Артиллерия A1 в (9,5,2)
   Бурав B6: (7, 5, 2) → (9,5,2)
!    ⚠️ Тишина C5: клетка (3,3,6) занята

🎯 ВЫСТРЕЛЫ:
   Выпущено ракет: 1
# 
📊 РЕЗУЛЬТАТЫ ХОДА 8:
🎯 Попаданий нет

--- Результаты хода ---
  Team B / Бурав B6           → Team A / Артиллерия A1      @ (9,5,2)  (УБИТ)

--- Состояние команд после хода ---
  Team A: живых 5/8
    ✓ Радиовышка A2      @ (3,3,6) hp=3/3
    ✓ Факел A4           @ (8,5,2) hp=6/6
    ✓ Тишина A5          @ (2,2,6) hp=2/2
    ✓ Бурав A6           @ (4,5,2) hp=4/4
    ✓ Провокатор A7      @ (6,5,4) hp=2/2
    ✗ Артиллерия A1      @ (9,5,2) [уничтожен]
    ✗ Прыгун A3          @ (2,2,8) [уничтожен]
    ✗ Паук A8            @ (7,3,4) [уничтожен]
  Team B: живых 3/8
    ✓ Радиовышка B2      @ (2,2,7) hp=3/3
    ✓ Тишина B5          @ (6,6,5) hp=2/2
    ✓ Бурав B6           @ (9,5,2) hp=4/4
    ✗ Артиллерия B1      @ (5,5,7) [уничтожен]
    ✗ Прыгун B3          @ (7,5,7) [уничтожен]
    ✗ Факел B4           @ (7,5,7) [уничтожен]
    ✗ Провокатор B7      @ (3,5,7) [уничтожен]
    ✗ Паук B8            @ (5,4,7) [уничтожен]
  Team C: живых 2/8
    ✓ Тишина C5          @ (4,3,6) hp=2/2
    ✓ Провокатор C7      @ (8,0,8) hp=2/2
    ✗ Артиллерия C1      @ (3,2,8) [уничтожен]
    ✗ Радиовышка C2      @ (3,3,8) [уничтожен]
    ✗ Прыгун C3          @ (7,5,7) [уничтожен]
    ✗ Факел C4           @ (6,7,8) [уничтожен]
    ✗ Бурав C6           @ (7,7,7) [уничтожен]
    ✗ Паук C8            @ (1,2,8) [уничтожен]

======================================================================
ХОД 9
======================================================================
✓ 🎮 GM: начинаем ход
GM: start_turn

--- Радиовышки: сканирование слоя Z ---
  Радиовышка A2 (z=6): слой чист
  Радиовышка B2 (z=7): слой чист

--- Решения ботов ---
  [Team A] Радиовышка A2 (3,3,6) → MOVE (2,2,7)
  [Team A] Факел A4 (8,5,2) → SHOOT at (9,5,2)
  [Team A] Бурав A6 (4,5,2) → MOVE (3,4,3)
  [Team A] Провокатор A7 (6,5,4) → HOLOGRAM (7,5,3)
  [Team A] Тишина A5 → SKIP
  [Team B] Радиовышка B2 (2,2,7) → MOVE (3,3,6)
  [Team B] Тишина B5 (6,6,5) → MOVE (6,5,4)
  [Team B] Бурав B6 (9,5,2) → MOVE (8,5,2)
  [Team C] Тишина C5 (4,3,6) → MOVE (3,3,6)
  [Team C] Провокатор C7 (8,0,8) → HOLOGRAM (7,1,7)
! 🎮 GM: принудительно завершает фазу планирования
GM: end_planning
# 
============================================================
# 🔄 ОБРАБОТКА ХОДА 9
# ============================================================
!    ⚠️ Провокатор A7: клетка (7,5,3) уже занята голограммой
!    ⚠️ Провокатор C7: клетка (7,1,7) уже занята голограммой

📦 ПЕРЕМЕЩЕНИЯ:
!    ⚠️ Радиовышка A2: клетка (2,2,7) занята
!    ⚠️ Бурав A6: Бурав двигается только по 1 оси или по 2 осям строго диагонально
!    ⚠️ Радиовышка B2: клетка (3,3,6) занята
!    ⚠️ Тишина B5: клетка (6,5,4) занята
✓    💥 Бурав B6 тараном уничтожил Факел A4 в (8,5,2)
   Бурав B6: (9, 5, 2) → (8,5,2)
!    ⚠️ Тишина C5: клетка (3,3,6) занята

🎯 ВЫСТРЕЛЫ:
   Выпущено ракет: 0
# 
📊 РЕЗУЛЬТАТЫ ХОДА 9:
🎯 Попаданий нет

--- Результаты хода ---
  Team B / Бурав B6           → Team A / Факел A4           @ (8,5,2)  (УБИТ)

--- Состояние команд после хода ---
  Team A: живых 4/8
    ✓ Радиовышка A2      @ (3,3,6) hp=3/3
    ✓ Тишина A5          @ (2,2,6) hp=2/2
    ✓ Бурав A6           @ (4,5,2) hp=4/4
    ✓ Провокатор A7      @ (6,5,4) hp=2/2
    ✗ Артиллерия A1      @ (9,5,2) [уничтожен]
    ✗ Прыгун A3          @ (2,2,8) [уничтожен]
    ✗ Факел A4           @ (8,5,2) [уничтожен]
    ✗ Паук A8            @ (7,3,4) [уничтожен]
  Team B: живых 3/8
    ✓ Радиовышка B2      @ (2,2,7) hp=3/3
    ✓ Тишина B5          @ (6,6,5) hp=2/2
    ✓ Бурав B6           @ (8,5,2) hp=4/4
    ✗ Артиллерия B1      @ (5,5,7) [уничтожен]
    ✗ Прыгун B3          @ (7,5,7) [уничтожен]
    ✗ Факел B4           @ (7,5,7) [уничтожен]
    ✗ Провокатор B7      @ (3,5,7) [уничтожен]
    ✗ Паук B8            @ (5,4,7) [уничтожен]
  Team C: живых 2/8
    ✓ Тишина C5          @ (4,3,6) hp=2/2
    ✓ Провокатор C7      @ (8,0,8) hp=2/2
    ✗ Артиллерия C1      @ (3,2,8) [уничтожен]
    ✗ Радиовышка C2      @ (3,3,8) [уничтожен]
    ✗ Прыгун C3          @ (7,5,7) [уничтожен]
    ✗ Факел C4           @ (6,7,8) [уничтожен]
    ✗ Бурав C6           @ (7,7,7) [уничтожен]
    ✗ Паук C8            @ (1,2,8) [уничтожен]

======================================================================
ХОД 10
======================================================================
✓ 🎮 GM: начинаем ход
GM: start_turn

--- Радиовышки: сканирование слоя Z ---
  Радиовышка A2 (z=6): слой чист
  Радиовышка B2 (z=7): слой чист

--- Решения ботов ---
  [Team A] Радиовышка A2 (3,3,6) → MOVE (2,2,7)
  [Team A] Бурав A6 (4,5,2) → MOVE (5,5,2)
  [Team A] Провокатор A7 (6,5,4) → HOLOGRAM (7,5,3)
  [Team A] Тишина A5 → SKIP
  [Team B] Радиовышка B2 (2,2,7) → MOVE (3,3,6)
  [Team B] Тишина B5 (6,6,5) → MOVE (6,5,4)
  [Team B] Бурав B6 (8,5,2) → MOVE (7,5,3)
  [Team C] Тишина C5 (4,3,6) → MOVE (3,3,6)
  [Team C] Провокатор C7 (8,0,8) → HOLOGRAM (7,1,7)
! 🎮 GM: принудительно завершает фазу планирования
GM: end_planning
# 
============================================================
# 🔄 ОБРАБОТКА ХОДА 10
# ============================================================
!    ⚠️ Провокатор A7: клетка (7,5,3) уже занята голограммой
!    ⚠️ Провокатор C7: клетка (7,1,7) уже занята голограммой

📦 ПЕРЕМЕЩЕНИЯ:
!    ⚠️ Радиовышка A2: клетка (2,2,7) занята
   Бурав A6: (4, 5, 2) → (5,5,2)
!    ⚠️ Радиовышка B2: клетка (3,3,6) занята
!    ⚠️ Тишина B5: клетка (6,5,4) занята
✓    💥 Бурав B6 тараном сбросил голограмму H7
   Бурав B6: (8, 5, 2) → (7,5,3)
!    ⚠️ Тишина C5: клетка (3,3,6) занята

🎯 ВЫСТРЕЛЫ:
   Выпущено ракет: 0
# 
📊 РЕЗУЛЬТАТЫ ХОДА 10:
🎯 Попаданий нет

--- Результаты хода ---
  Попаданий нет

--- Состояние команд после хода ---
  Team A: живых 4/8
    ✓ Радиовышка A2      @ (3,3,6) hp=3/3
    ✓ Тишина A5          @ (2,2,6) hp=2/2
    ✓ Бурав A6           @ (5,5,2) hp=4/4
    ✓ Провокатор A7      @ (6,5,4) hp=2/2
    ✗ Артиллерия A1      @ (9,5,2) [уничтожен]
    ✗ Прыгун A3          @ (2,2,8) [уничтожен]
    ✗ Факел A4           @ (8,5,2) [уничтожен]
    ✗ Паук A8            @ (7,3,4) [уничтожен]
  Team B: живых 3/8
    ✓ Радиовышка B2      @ (2,2,7) hp=3/3
    ✓ Тишина B5          @ (6,6,5) hp=2/2
    ✓ Бурав B6           @ (7,5,3) hp=4/4
    ✗ Артиллерия B1      @ (5,5,7) [уничтожен]
    ✗ Прыгун B3          @ (7,5,7) [уничтожен]
    ✗ Факел B4           @ (7,5,7) [уничтожен]
    ✗ Провокатор B7      @ (3,5,7) [уничтожен]
    ✗ Паук B8            @ (5,4,7) [уничтожен]
  Team C: живых 2/8
    ✓ Тишина C5          @ (4,3,6) hp=2/2
    ✓ Провокатор C7      @ (8,0,8) hp=2/2
    ✗ Артиллерия C1      @ (3,2,8) [уничтожен]
    ✗ Радиовышка C2      @ (3,3,8) [уничтожен]
    ✗ Прыгун C3          @ (7,5,7) [уничтожен]
    ✗ Факел C4           @ (6,7,8) [уничтожен]
    ✗ Бурав C6           @ (7,7,7) [уничтожен]
    ✗ Паук C8            @ (1,2,8) [уничтожен]

======================================================================
ХОД 11
======================================================================
✓ 🎮 GM: начинаем ход
GM: start_turn

--- Радиовышки: сканирование слоя Z ---
  Радиовышка A2 (z=6): слой чист
  Радиовышка B2 (z=7): слой чист

--- Решения ботов ---
  [Team A] Радиовышка A2 (3,3,6) → MOVE (2,2,7)
  [Team A] Бурав A6 (5,5,2) → MOVE (6,5,3)
  [Team A] Провокатор A7 (6,5,4) → HOLOGRAM (7,5,3)
  [Team A] Тишина A5 → SKIP
  [Team B] Радиовышка B2 (2,2,7) → MOVE (3,3,6)
  [Team B] Тишина B5 (6,6,5) → MOVE (6,5,4)
  [Team B] Бурав B6 (7,5,3) → MOVE (6,5,3)
  [Team C] Тишина C5 (4,3,6) → MOVE (3,3,6)
  [Team C] Провокатор C7 (8,0,8) → HOLOGRAM (7,1,7)
! 🎮 GM: принудительно завершает фазу планирования
GM: end_planning
# 
============================================================
# 🔄 ОБРАБОТКА ХОДА 11
# ============================================================
!    ⚠️ Провокатор A7: клетка (7,5,3) занята кораблём
!    ⚠️ Провокатор C7: клетка (7,1,7) уже занята голограммой

📦 ПЕРЕМЕЩЕНИЯ:
!    ⚠️ Радиовышка A2: клетка (2,2,7) занята
   Бурав A6: (5, 5, 2) → (6,5,3)
!    ⚠️ Радиовышка B2: клетка (3,3,6) занята
!    ⚠️ Тишина B5: клетка (6,5,4) занята
✓    💥 Бурав B6 тараном уничтожил Бурав A6 в (6,5,3)
   Бурав B6: (7, 5, 3) → (6,5,3)
!    ⚠️ Тишина C5: клетка (3,3,6) занята

🎯 ВЫСТРЕЛЫ:
   Выпущено ракет: 0
# 
📊 РЕЗУЛЬТАТЫ ХОДА 11:
🎯 Попаданий нет

--- Результаты хода ---
  Team B / Бурав B6           → Team A / Бурав A6           @ (6,5,3)  (УБИТ)

--- Состояние команд после хода ---
  Team A: живых 3/8
    ✓ Радиовышка A2      @ (3,3,6) hp=3/3
    ✓ Тишина A5          @ (2,2,6) hp=2/2
    ✓ Провокатор A7      @ (6,5,4) hp=2/2
    ✗ Артиллерия A1      @ (9,5,2) [уничтожен]
    ✗ Прыгун A3          @ (2,2,8) [уничтожен]
    ✗ Факел A4           @ (8,5,2) [уничтожен]
    ✗ Бурав A6           @ (6,5,3) [уничтожен]
    ✗ Паук A8            @ (7,3,4) [уничтожен]
  Team B: живых 3/8
    ✓ Радиовышка B2      @ (2,2,7) hp=3/3
    ✓ Тишина B5          @ (6,6,5) hp=2/2
    ✓ Бурав B6           @ (6,5,3) hp=4/4
    ✗ Артиллерия B1      @ (5,5,7) [уничтожен]
    ✗ Прыгун B3          @ (7,5,7) [уничтожен]
    ✗ Факел B4           @ (7,5,7) [уничтожен]
    ✗ Провокатор B7      @ (3,5,7) [уничтожен]
    ✗ Паук B8            @ (5,4,7) [уничтожен]
  Team C: живых 2/8
    ✓ Тишина C5          @ (4,3,6) hp=2/2
    ✓ Провокатор C7      @ (8,0,8) hp=2/2
    ✗ Артиллерия C1      @ (3,2,8) [уничтожен]
    ✗ Радиовышка C2      @ (3,3,8) [уничтожен]
    ✗ Прыгун C3          @ (7,5,7) [уничтожен]
    ✗ Факел C4           @ (6,7,8) [уничтожен]
    ✗ Бурав C6           @ (7,7,7) [уничтожен]
    ✗ Паук C8            @ (1,2,8) [уничтожен]

======================================================================
ХОД 12
======================================================================
✓ 🎮 GM: начинаем ход
GM: start_turn

--- Радиовышки: сканирование слоя Z ---
  Радиовышка A2 (z=6): слой чист
  Радиовышка B2 (z=7): слой чист

--- Решения ботов ---
  [Team A] Радиовышка A2 (3,3,6) → MOVE (2,2,7)
  [Team A] Провокатор A7 (6,5,4) → HOLOGRAM (6,5,3)
  [Team A] Тишина A5 → SKIP
  [Team B] Радиовышка B2 (2,2,7) → MOVE (3,3,6)
  [Team B] Тишина B5 (6,6,5) → MOVE (6,5,4)
  [Team B] Бурав B6 → SKIP
  [Team C] Тишина C5 (4,3,6) → MOVE (3,3,6)
  [Team C] Провокатор C7 (8,0,8) → HOLOGRAM (7,1,7)
! 🎮 GM: принудительно завершает фазу планирования
GM: end_planning
# 
============================================================
# 🔄 ОБРАБОТКА ХОДА 12
# ============================================================
!    ⚠️ Провокатор A7: клетка (6,5,3) занята кораблём
!    ⚠️ Провокатор C7: клетка (7,1,7) уже занята голограммой

📦 ПЕРЕМЕЩЕНИЯ:
!    ⚠️ Радиовышка A2: клетка (2,2,7) занята
!    ⚠️ Радиовышка B2: клетка (3,3,6) занята
!    ⚠️ Тишина B5: клетка (6,5,4) занята
!    ⚠️ Тишина C5: клетка (3,3,6) занята

🎯 ВЫСТРЕЛЫ:
   Выпущено ракет: 0
# 
📊 РЕЗУЛЬТАТЫ ХОДА 12:
🎯 Попаданий нет

--- Результаты хода ---
  Попаданий нет

--- Состояние команд после хода ---
  Team A: живых 3/8
    ✓ Радиовышка A2      @ (3,3,6) hp=3/3
    ✓ Тишина A5          @ (2,2,6) hp=2/2
    ✓ Провокатор A7      @ (6,5,4) hp=2/2
    ✗ Артиллерия A1      @ (9,5,2) [уничтожен]
    ✗ Прыгун A3          @ (2,2,8) [уничтожен]
    ✗ Факел A4           @ (8,5,2) [уничтожен]
    ✗ Бурав A6           @ (6,5,3) [уничтожен]
    ✗ Паук A8            @ (7,3,4) [уничтожен]
  Team B: живых 3/8
    ✓ Радиовышка B2      @ (2,2,7) hp=3/3
    ✓ Тишина B5          @ (6,6,5) hp=2/2
    ✓ Бурав B6           @ (6,5,3) hp=4/4
    ✗ Артиллерия B1      @ (5,5,7) [уничтожен]
    ✗ Прыгун B3          @ (7,5,7) [уничтожен]
    ✗ Факел B4           @ (7,5,7) [уничтожен]
    ✗ Провокатор B7      @ (3,5,7) [уничтожен]
    ✗ Паук B8            @ (5,4,7) [уничтожен]
  Team C: живых 2/8
    ✓ Тишина C5          @ (4,3,6) hp=2/2
    ✓ Провокатор C7      @ (8,0,8) hp=2/2
    ✗ Артиллерия C1      @ (3,2,8) [уничтожен]
    ✗ Радиовышка C2      @ (3,3,8) [уничтожен]
    ✗ Прыгун C3          @ (7,5,7) [уничтожен]
    ✗ Факел C4           @ (6,7,8) [уничтожен]
    ✗ Бурав C6           @ (7,7,7) [уничтожен]
    ✗ Паук C8            @ (1,2,8) [уничтожен]

======================================================================
ХОД 13
======================================================================
✓ 🎮 GM: начинаем ход
GM: start_turn

--- Радиовышки: сканирование слоя Z ---
  Радиовышка A2 (z=6): слой чист
  Радиовышка B2 (z=7): слой чист

--- Решения ботов ---
  [Team A] Радиовышка A2 (3,3,6) → MOVE (2,2,7)
  [Team A] Провокатор A7 (6,5,4) → HOLOGRAM (6,5,3)
  [Team A] Тишина A5 → SKIP
  [Team B] Радиовышка B2 (2,2,7) → MOVE (3,3,6)
  [Team B] Тишина B5 (6,6,5) → MOVE (6,5,4)
  [Team B] Бурав B6 → SKIP
  [Team C] Тишина C5 (4,3,6) → MOVE (3,3,6)
  [Team C] Провокатор C7 (8,0,8) → HOLOGRAM (7,1,7)
! 🎮 GM: принудительно завершает фазу планирования
GM: end_planning
# 
============================================================
# 🔄 ОБРАБОТКА ХОДА 13
# ============================================================
!    ⚠️ Провокатор A7: клетка (6,5,3) занята кораблём
!    ⚠️ Провокатор C7: клетка (7,1,7) уже занята голограммой

📦 ПЕРЕМЕЩЕНИЯ:
!    ⚠️ Радиовышка A2: клетка (2,2,7) занята
!    ⚠️ Радиовышка B2: клетка (3,3,6) занята
!    ⚠️ Тишина B5: клетка (6,5,4) занята
!    ⚠️ Тишина C5: клетка (3,3,6) занята

🎯 ВЫСТРЕЛЫ:
   Выпущено ракет: 0
# 
📊 РЕЗУЛЬТАТЫ ХОДА 13:
🎯 Попаданий нет

--- Результаты хода ---
  Попаданий нет

--- Состояние команд после хода ---
  Team A: живых 3/8
    ✓ Радиовышка A2      @ (3,3,6) hp=3/3
    ✓ Тишина A5          @ (2,2,6) hp=2/2
    ✓ Провокатор A7      @ (6,5,4) hp=2/2
    ✗ Артиллерия A1      @ (9,5,2) [уничтожен]
    ✗ Прыгун A3          @ (2,2,8) [уничтожен]
    ✗ Факел A4           @ (8,5,2) [уничтожен]
    ✗ Бурав A6           @ (6,5,3) [уничтожен]
    ✗ Паук A8            @ (7,3,4) [уничтожен]
  Team B: живых 3/8
    ✓ Радиовышка B2      @ (2,2,7) hp=3/3
    ✓ Тишина B5          @ (6,6,5) hp=2/2
    ✓ Бурав B6           @ (6,5,3) hp=4/4
    ✗ Артиллерия B1      @ (5,5,7) [уничтожен]
    ✗ Прыгун B3          @ (7,5,7) [уничтожен]
    ✗ Факел B4           @ (7,5,7) [уничтожен]
    ✗ Провокатор B7      @ (3,5,7) [уничтожен]
    ✗ Паук B8            @ (5,4,7) [уничтожен]
  Team C: живых 2/8
    ✓ Тишина C5          @ (4,3,6) hp=2/2
    ✓ Провокатор C7      @ (8,0,8) hp=2/2
    ✗ Артиллерия C1      @ (3,2,8) [уничтожен]
    ✗ Радиовышка C2      @ (3,3,8) [уничтожен]
    ✗ Прыгун C3          @ (7,5,7) [уничтожен]
    ✗ Факел C4           @ (6,7,8) [уничтожен]
    ✗ Бурав C6           @ (7,7,7) [уничтожен]
    ✗ Паук C8            @ (1,2,8) [уничтожен]

======================================================================
ХОД 14
======================================================================
✓ 🎮 GM: начинаем ход
GM: start_turn

--- Радиовышки: сканирование слоя Z ---
  Радиовышка A2 (z=6): слой чист
  Радиовышка B2 (z=7): слой чист

--- Решения ботов ---
  [Team A] Радиовышка A2 (3,3,6) → MOVE (2,2,7)
  [Team A] Провокатор A7 (6,5,4) → HOLOGRAM (6,5,3)
  [Team A] Тишина A5 → SKIP
  [Team B] Радиовышка B2 (2,2,7) → MOVE (3,3,6)
  [Team B] Тишина B5 (6,6,5) → MOVE (6,5,4)
  [Team B] Бурав B6 → SKIP
  [Team C] Тишина C5 (4,3,6) → MOVE (3,3,6)
  [Team C] Провокатор C7 (8,0,8) → HOLOGRAM (7,1,7)
! 🎮 GM: принудительно завершает фазу планирования
GM: end_planning
# 
============================================================
# 🔄 ОБРАБОТКА ХОДА 14
# ============================================================
!    ⚠️ Провокатор A7: клетка (6,5,3) занята кораблём
!    ⚠️ Провокатор C7: клетка (7,1,7) уже занята голограммой

📦 ПЕРЕМЕЩЕНИЯ:
!    ⚠️ Радиовышка A2: клетка (2,2,7) занята
!    ⚠️ Радиовышка B2: клетка (3,3,6) занята
!    ⚠️ Тишина B5: клетка (6,5,4) занята
!    ⚠️ Тишина C5: клетка (3,3,6) занята

🎯 ВЫСТРЕЛЫ:
   Выпущено ракет: 0
# 
📊 РЕЗУЛЬТАТЫ ХОДА 14:
🎯 Попаданий нет

--- Результаты хода ---
  Попаданий нет

--- Состояние команд после хода ---
  Team A: живых 3/8
    ✓ Радиовышка A2      @ (3,3,6) hp=3/3
    ✓ Тишина A5          @ (2,2,6) hp=2/2
    ✓ Провокатор A7      @ (6,5,4) hp=2/2
    ✗ Артиллерия A1      @ (9,5,2) [уничтожен]
    ✗ Прыгун A3          @ (2,2,8) [уничтожен]
    ✗ Факел A4           @ (8,5,2) [уничтожен]
    ✗ Бурав A6           @ (6,5,3) [уничтожен]
    ✗ Паук A8            @ (7,3,4) [уничтожен]
  Team B: живых 3/8
    ✓ Радиовышка B2      @ (2,2,7) hp=3/3
    ✓ Тишина B5          @ (6,6,5) hp=2/2
    ✓ Бурав B6           @ (6,5,3) hp=4/4
    ✗ Артиллерия B1      @ (5,5,7) [уничтожен]
    ✗ Прыгун B3          @ (7,5,7) [уничтожен]
    ✗ Факел B4           @ (7,5,7) [уничтожен]
    ✗ Провокатор B7      @ (3,5,7) [уничтожен]
    ✗ Паук B8            @ (5,4,7) [уничтожен]
  Team C: живых 2/8
    ✓ Тишина C5          @ (4,3,6) hp=2/2
    ✓ Провокатор C7      @ (8,0,8) hp=2/2
    ✗ Артиллерия C1      @ (3,2,8) [уничтожен]
    ✗ Радиовышка C2      @ (3,3,8) [уничтожен]
    ✗ Прыгун C3          @ (7,5,7) [уничтожен]
    ✗ Факел C4           @ (6,7,8) [уничтожен]
    ✗ Бурав C6           @ (7,7,7) [уничтожен]
    ✗ Паук C8            @ (1,2,8) [уничтожен]

======================================================================
ХОД 15
======================================================================
✓ 🎮 GM: начинаем ход
GM: start_turn

--- Радиовышки: сканирование слоя Z ---
  Радиовышка A2 (z=6): слой чист
  Радиовышка B2 (z=7): слой чист

--- Решения ботов ---
  [Team A] Радиовышка A2 (3,3,6) → MOVE (2,2,7)
  [Team A] Провокатор A7 (6,5,4) → HOLOGRAM (6,5,3)
  [Team A] Тишина A5 → SKIP
  [Team B] Радиовышка B2 (2,2,7) → MOVE (3,3,6)
  [Team B] Тишина B5 (6,6,5) → MOVE (6,5,4)
  [Team B] Бурав B6 → SKIP
  [Team C] Тишина C5 (4,3,6) → MOVE (3,3,6)
  [Team C] Провокатор C7 (8,0,8) → HOLOGRAM (7,1,7)
! 🎮 GM: принудительно завершает фазу планирования
GM: end_planning
# 
============================================================
# 🔄 ОБРАБОТКА ХОДА 15
# ============================================================
!    ⚠️ Провокатор A7: клетка (6,5,3) занята кораблём
!    ⚠️ Провокатор C7: клетка (7,1,7) уже занята голограммой

📦 ПЕРЕМЕЩЕНИЯ:
!    ⚠️ Радиовышка A2: клетка (2,2,7) занята
!    ⚠️ Радиовышка B2: клетка (3,3,6) занята
!    ⚠️ Тишина B5: клетка (6,5,4) занята
!    ⚠️ Тишина C5: клетка (3,3,6) занята

🎯 ВЫСТРЕЛЫ:
   Выпущено ракет: 0
# 
📊 РЕЗУЛЬТАТЫ ХОДА 15:
🎯 Попаданий нет

--- Результаты хода ---
  Попаданий нет

--- Состояние команд после хода ---
  Team A: живых 3/8
    ✓ Радиовышка A2      @ (3,3,6) hp=3/3
    ✓ Тишина A5          @ (2,2,6) hp=2/2
    ✓ Провокатор A7      @ (6,5,4) hp=2/2
    ✗ Артиллерия A1      @ (9,5,2) [уничтожен]
    ✗ Прыгун A3          @ (2,2,8) [уничтожен]
    ✗ Факел A4           @ (8,5,2) [уничтожен]
    ✗ Бурав A6           @ (6,5,3) [уничтожен]
    ✗ Паук A8            @ (7,3,4) [уничтожен]
  Team B: живых 3/8
    ✓ Радиовышка B2      @ (2,2,7) hp=3/3
    ✓ Тишина B5          @ (6,6,5) hp=2/2
    ✓ Бурав B6           @ (6,5,3) hp=4/4
    ✗ Артиллерия B1      @ (5,5,7) [уничтожен]
    ✗ Прыгун B3          @ (7,5,7) [уничтожен]
    ✗ Факел B4           @ (7,5,7) [уничтожен]
    ✗ Провокатор B7      @ (3,5,7) [уничтожен]
    ✗ Паук B8            @ (5,4,7) [уничтожен]
  Team C: живых 2/8
    ✓ Тишина C5          @ (4,3,6) hp=2/2
    ✓ Провокатор C7      @ (8,0,8) hp=2/2
    ✗ Артиллерия C1      @ (3,2,8) [уничтожен]
    ✗ Радиовышка C2      @ (3,3,8) [уничтожен]
    ✗ Прыгун C3          @ (7,5,7) [уничтожен]
    ✗ Факел C4           @ (6,7,8) [уничтожен]
    ✗ Бурав C6           @ (7,7,7) [уничтожен]
    ✗ Паук C8            @ (1,2,8) [уничтожен]

======================================================================
ХОД 16
======================================================================
✓ 🎮 GM: начинаем ход
GM: start_turn

--- Радиовышки: сканирование слоя Z ---
  Радиовышка A2 (z=6): слой чист
  Радиовышка B2 (z=7): слой чист

--- Решения ботов ---
  [Team A] Радиовышка A2 (3,3,6) → MOVE (2,2,7)
  [Team A] Провокатор A7 (6,5,4) → HOLOGRAM (6,5,3)
  [Team A] Тишина A5 → SKIP
  [Team B] Радиовышка B2 (2,2,7) → MOVE (3,3,6)
  [Team B] Тишина B5 (6,6,5) → MOVE (6,5,4)
  [Team B] Бурав B6 → SKIP
  [Team C] Тишина C5 (4,3,6) → MOVE (3,3,6)
  [Team C] Провокатор C7 (8,0,8) → HOLOGRAM (7,1,7)
! 🎮 GM: принудительно завершает фазу планирования
GM: end_planning
# 
============================================================
# 🔄 ОБРАБОТКА ХОДА 16
# ============================================================
!    ⚠️ Провокатор A7: клетка (6,5,3) занята кораблём
!    ⚠️ Провокатор C7: клетка (7,1,7) уже занята голограммой

📦 ПЕРЕМЕЩЕНИЯ:
!    ⚠️ Радиовышка A2: клетка (2,2,7) занята
!    ⚠️ Радиовышка B2: клетка (3,3,6) занята
!    ⚠️ Тишина B5: клетка (6,5,4) занята
!    ⚠️ Тишина C5: клетка (3,3,6) занята

🎯 ВЫСТРЕЛЫ:
   Выпущено ракет: 0
# 
📊 РЕЗУЛЬТАТЫ ХОДА 16:
🎯 Попаданий нет

--- Результаты хода ---
  Попаданий нет

--- Состояние команд после хода ---
  Team A: живых 3/8
    ✓ Радиовышка A2      @ (3,3,6) hp=3/3
    ✓ Тишина A5          @ (2,2,6) hp=2/2
    ✓ Провокатор A7      @ (6,5,4) hp=2/2
    ✗ Артиллерия A1      @ (9,5,2) [уничтожен]
    ✗ Прыгун A3          @ (2,2,8) [уничтожен]
    ✗ Факел A4           @ (8,5,2) [уничтожен]
    ✗ Бурав A6           @ (6,5,3) [уничтожен]
    ✗ Паук A8            @ (7,3,4) [уничтожен]
  Team B: живых 3/8
    ✓ Радиовышка B2      @ (2,2,7) hp=3/3
    ✓ Тишина B5          @ (6,6,5) hp=2/2
    ✓ Бурав B6           @ (6,5,3) hp=4/4
    ✗ Артиллерия B1      @ (5,5,7) [уничтожен]
    ✗ Прыгун B3          @ (7,5,7) [уничтожен]
    ✗ Факел B4           @ (7,5,7) [уничтожен]
    ✗ Провокатор B7      @ (3,5,7) [уничтожен]
    ✗ Паук B8            @ (5,4,7) [уничтожен]
  Team C: живых 2/8
    ✓ Тишина C5          @ (4,3,6) hp=2/2
    ✓ Провокатор C7      @ (8,0,8) hp=2/2
    ✗ Артиллерия C1      @ (3,2,8) [уничтожен]
    ✗ Радиовышка C2      @ (3,3,8) [уничтожен]
    ✗ Прыгун C3          @ (7,5,7) [уничтожен]
    ✗ Факел C4           @ (6,7,8) [уничтожен]
    ✗ Бурав C6           @ (7,7,7) [уничтожен]
    ✗ Паук C8            @ (1,2,8) [уничтожен]

======================================================================
ХОД 17
======================================================================
✓ 🎮 GM: начинаем ход
GM: start_turn

--- Радиовышки: сканирование слоя Z ---
  Радиовышка A2 (z=6): слой чист
  Радиовышка B2 (z=7): слой чист

--- Решения ботов ---
  [Team A] Радиовышка A2 (3,3,6) → MOVE (2,2,7)
  [Team A] Провокатор A7 (6,5,4) → HOLOGRAM (6,5,3)
  [Team A] Тишина A5 → SKIP
  [Team B] Радиовышка B2 (2,2,7) → MOVE (3,3,6)
  [Team B] Тишина B5 (6,6,5) → MOVE (6,5,4)
  [Team B] Бурав B6 → SKIP
  [Team C] Тишина C5 (4,3,6) → MOVE (3,3,6)
  [Team C] Провокатор C7 (8,0,8) → HOLOGRAM (7,1,7)
! 🎮 GM: принудительно завершает фазу планирования
GM: end_planning
# 
============================================================
# 🔄 ОБРАБОТКА ХОДА 17
# ============================================================
!    ⚠️ Провокатор A7: клетка (6,5,3) занята кораблём
!    ⚠️ Провокатор C7: клетка (7,1,7) уже занята голограммой

📦 ПЕРЕМЕЩЕНИЯ:
!    ⚠️ Радиовышка A2: клетка (2,2,7) занята
!    ⚠️ Радиовышка B2: клетка (3,3,6) занята
!    ⚠️ Тишина B5: клетка (6,5,4) занята
!    ⚠️ Тишина C5: клетка (3,3,6) занята

🎯 ВЫСТРЕЛЫ:
   Выпущено ракет: 0
# 
📊 РЕЗУЛЬТАТЫ ХОДА 17:
🎯 Попаданий нет

--- Результаты хода ---
  Попаданий нет

--- Состояние команд после хода ---
  Team A: живых 3/8
    ✓ Радиовышка A2      @ (3,3,6) hp=3/3
    ✓ Тишина A5          @ (2,2,6) hp=2/2
    ✓ Провокатор A7      @ (6,5,4) hp=2/2
    ✗ Артиллерия A1      @ (9,5,2) [уничтожен]
    ✗ Прыгун A3          @ (2,2,8) [уничтожен]
    ✗ Факел A4           @ (8,5,2) [уничтожен]
    ✗ Бурав A6           @ (6,5,3) [уничтожен]
    ✗ Паук A8            @ (7,3,4) [уничтожен]
  Team B: живых 3/8
    ✓ Радиовышка B2      @ (2,2,7) hp=3/3
    ✓ Тишина B5          @ (6,6,5) hp=2/2
    ✓ Бурав B6           @ (6,5,3) hp=4/4
    ✗ Артиллерия B1      @ (5,5,7) [уничтожен]
    ✗ Прыгун B3          @ (7,5,7) [уничтожен]
    ✗ Факел B4           @ (7,5,7) [уничтожен]
    ✗ Провокатор B7      @ (3,5,7) [уничтожен]
    ✗ Паук B8            @ (5,4,7) [уничтожен]
  Team C: живых 2/8
    ✓ Тишина C5          @ (4,3,6) hp=2/2
    ✓ Провокатор C7      @ (8,0,8) hp=2/2
    ✗ Артиллерия C1      @ (3,2,8) [уничтожен]
    ✗ Радиовышка C2      @ (3,3,8) [уничтожен]
    ✗ Прыгун C3          @ (7,5,7) [уничтожен]
    ✗ Факел C4           @ (6,7,8) [уничтожен]
    ✗ Бурав C6           @ (7,7,7) [уничтожен]
    ✗ Паук C8            @ (1,2,8) [уничтожен]

======================================================================
ХОД 18
======================================================================
✓ 🎮 GM: начинаем ход
GM: start_turn

--- Радиовышки: сканирование слоя Z ---
  Радиовышка A2 (z=6): слой чист
  Радиовышка B2 (z=7): слой чист

--- Решения ботов ---
  [Team A] Радиовышка A2 (3,3,6) → MOVE (2,2,7)
  [Team A] Провокатор A7 (6,5,4) → HOLOGRAM (6,5,3)
  [Team A] Тишина A5 → SKIP
  [Team B] Радиовышка B2 (2,2,7) → MOVE (3,3,6)
  [Team B] Тишина B5 (6,6,5) → MOVE (6,5,4)
  [Team B] Бурав B6 → SKIP
  [Team C] Тишина C5 (4,3,6) → MOVE (3,3,6)
  [Team C] Провокатор C7 (8,0,8) → HOLOGRAM (7,1,7)
! 🎮 GM: принудительно завершает фазу планирования
GM: end_planning
# 
============================================================
# 🔄 ОБРАБОТКА ХОДА 18
# ============================================================
!    ⚠️ Провокатор A7: клетка (6,5,3) занята кораблём
!    ⚠️ Провокатор C7: клетка (7,1,7) уже занята голограммой

📦 ПЕРЕМЕЩЕНИЯ:
!    ⚠️ Радиовышка A2: клетка (2,2,7) занята
!    ⚠️ Радиовышка B2: клетка (3,3,6) занята
!    ⚠️ Тишина B5: клетка (6,5,4) занята
!    ⚠️ Тишина C5: клетка (3,3,6) занята

🎯 ВЫСТРЕЛЫ:
   Выпущено ракет: 0
# 
📊 РЕЗУЛЬТАТЫ ХОДА 18:
🎯 Попаданий нет

--- Результаты хода ---
  Попаданий нет

--- Состояние команд после хода ---
  Team A: живых 3/8
    ✓ Радиовышка A2      @ (3,3,6) hp=3/3
    ✓ Тишина A5          @ (2,2,6) hp=2/2
    ✓ Провокатор A7      @ (6,5,4) hp=2/2
    ✗ Артиллерия A1      @ (9,5,2) [уничтожен]
    ✗ Прыгун A3          @ (2,2,8) [уничтожен]
    ✗ Факел A4           @ (8,5,2) [уничтожен]
    ✗ Бурав A6           @ (6,5,3) [уничтожен]
    ✗ Паук A8            @ (7,3,4) [уничтожен]
  Team B: живых 3/8
    ✓ Радиовышка B2      @ (2,2,7) hp=3/3
    ✓ Тишина B5          @ (6,6,5) hp=2/2
    ✓ Бурав B6           @ (6,5,3) hp=4/4
    ✗ Артиллерия B1      @ (5,5,7) [уничтожен]
    ✗ Прыгун B3          @ (7,5,7) [уничтожен]
    ✗ Факел B4           @ (7,5,7) [уничтожен]
    ✗ Провокатор B7      @ (3,5,7) [уничтожен]
    ✗ Паук B8            @ (5,4,7) [уничтожен]
  Team C: живых 2/8
    ✓ Тишина C5          @ (4,3,6) hp=2/2
    ✓ Провокатор C7      @ (8,0,8) hp=2/2
    ✗ Артиллерия C1      @ (3,2,8) [уничтожен]
    ✗ Радиовышка C2      @ (3,3,8) [уничтожен]
    ✗ Прыгун C3          @ (7,5,7) [уничтожен]
    ✗ Факел C4           @ (6,7,8) [уничтожен]
    ✗ Бурав C6           @ (7,7,7) [уничтожен]
    ✗ Паук C8            @ (1,2,8) [уничтожен]

======================================================================
ХОД 19
======================================================================
✓ 🎮 GM: начинаем ход
GM: start_turn

--- Радиовышки: сканирование слоя Z ---
  Радиовышка A2 (z=6): слой чист
  Радиовышка B2 (z=7): слой чист

--- Решения ботов ---
  [Team A] Радиовышка A2 (3,3,6) → MOVE (2,2,7)
  [Team A] Провокатор A7 (6,5,4) → HOLOGRAM (6,5,3)
  [Team A] Тишина A5 → SKIP
  [Team B] Радиовышка B2 (2,2,7) → MOVE (3,3,6)
  [Team B] Тишина B5 (6,6,5) → MOVE (6,5,4)
  [Team B] Бурав B6 → SKIP
  [Team C] Тишина C5 (4,3,6) → MOVE (3,3,6)
  [Team C] Провокатор C7 (8,0,8) → HOLOGRAM (7,1,7)
! 🎮 GM: принудительно завершает фазу планирования
GM: end_planning
# 
============================================================
# 🔄 ОБРАБОТКА ХОДА 19
# ============================================================
!    ⚠️ Провокатор A7: клетка (6,5,3) занята кораблём
!    ⚠️ Провокатор C7: клетка (7,1,7) уже занята голограммой

📦 ПЕРЕМЕЩЕНИЯ:
!    ⚠️ Радиовышка A2: клетка (2,2,7) занята
!    ⚠️ Радиовышка B2: клетка (3,3,6) занята
!    ⚠️ Тишина B5: клетка (6,5,4) занята
!    ⚠️ Тишина C5: клетка (3,3,6) занята

🎯 ВЫСТРЕЛЫ:
   Выпущено ракет: 0
# 
📊 РЕЗУЛЬТАТЫ ХОДА 19:
🎯 Попаданий нет

--- Результаты хода ---
  Попаданий нет

--- Состояние команд после хода ---
  Team A: живых 3/8
    ✓ Радиовышка A2      @ (3,3,6) hp=3/3
    ✓ Тишина A5          @ (2,2,6) hp=2/2
    ✓ Провокатор A7      @ (6,5,4) hp=2/2
    ✗ Артиллерия A1      @ (9,5,2) [уничтожен]
    ✗ Прыгун A3          @ (2,2,8) [уничтожен]
    ✗ Факел A4           @ (8,5,2) [уничтожен]
    ✗ Бурав A6           @ (6,5,3) [уничтожен]
    ✗ Паук A8            @ (7,3,4) [уничтожен]
  Team B: живых 3/8
    ✓ Радиовышка B2      @ (2,2,7) hp=3/3
    ✓ Тишина B5          @ (6,6,5) hp=2/2
    ✓ Бурав B6           @ (6,5,3) hp=4/4
    ✗ Артиллерия B1      @ (5,5,7) [уничтожен]
    ✗ Прыгун B3          @ (7,5,7) [уничтожен]
    ✗ Факел B4           @ (7,5,7) [уничтожен]
    ✗ Провокатор B7      @ (3,5,7) [уничтожен]
    ✗ Паук B8            @ (5,4,7) [уничтожен]
  Team C: живых 2/8
    ✓ Тишина C5          @ (4,3,6) hp=2/2
    ✓ Провокатор C7      @ (8,0,8) hp=2/2
    ✗ Артиллерия C1      @ (3,2,8) [уничтожен]
    ✗ Радиовышка C2      @ (3,3,8) [уничтожен]
    ✗ Прыгун C3          @ (7,5,7) [уничтожен]
    ✗ Факел C4           @ (6,7,8) [уничтожен]
    ✗ Бурав C6           @ (7,7,7) [уничтожен]
    ✗ Паук C8            @ (1,2,8) [уничтожен]

======================================================================
ХОД 20
======================================================================
✓ 🎮 GM: начинаем ход
GM: start_turn

--- Радиовышки: сканирование слоя Z ---
  Радиовышка A2 (z=6): слой чист
  Радиовышка B2 (z=7): слой чист

--- Решения ботов ---
  [Team A] Радиовышка A2 (3,3,6) → MOVE (2,2,7)
  [Team A] Провокатор A7 (6,5,4) → HOLOGRAM (6,5,3)
  [Team A] Тишина A5 → SKIP
  [Team B] Радиовышка B2 (2,2,7) → MOVE (3,3,6)
  [Team B] Тишина B5 (6,6,5) → MOVE (6,5,4)
  [Team B] Бурав B6 → SKIP
  [Team C] Тишина C5 (4,3,6) → MOVE (3,3,6)
  [Team C] Провокатор C7 (8,0,8) → HOLOGRAM (7,1,7)
! 🎮 GM: принудительно завершает фазу планирования
GM: end_planning
# 
============================================================
# 🔄 ОБРАБОТКА ХОДА 20
# ============================================================
!    ⚠️ Провокатор A7: клетка (6,5,3) занята кораблём
!    ⚠️ Провокатор C7: клетка (7,1,7) уже занята голограммой

📦 ПЕРЕМЕЩЕНИЯ:
!    ⚠️ Радиовышка A2: клетка (2,2,7) занята
!    ⚠️ Радиовышка B2: клетка (3,3,6) занята
!    ⚠️ Тишина B5: клетка (6,5,4) занята
!    ⚠️ Тишина C5: клетка (3,3,6) занята

🎯 ВЫСТРЕЛЫ:
   Выпущено ракет: 0
# 
📊 РЕЗУЛЬТАТЫ ХОДА 20:
🎯 Попаданий нет

--- Результаты хода ---
  Попаданий нет

--- Состояние команд после хода ---
  Team A: живых 3/8
    ✓ Радиовышка A2      @ (3,3,6) hp=3/3
    ✓ Тишина A5          @ (2,2,6) hp=2/2
    ✓ Провокатор A7      @ (6,5,4) hp=2/2
    ✗ Артиллерия A1      @ (9,5,2) [уничтожен]
    ✗ Прыгун A3          @ (2,2,8) [уничтожен]
    ✗ Факел A4           @ (8,5,2) [уничтожен]
    ✗ Бурав A6           @ (6,5,3) [уничтожен]
    ✗ Паук A8            @ (7,3,4) [уничтожен]
  Team B: живых 3/8
    ✓ Радиовышка B2      @ (2,2,7) hp=3/3
    ✓ Тишина B5          @ (6,6,5) hp=2/2
    ✓ Бурав B6           @ (6,5,3) hp=4/4
    ✗ Артиллерия B1      @ (5,5,7) [уничтожен]
    ✗ Прыгун B3          @ (7,5,7) [уничтожен]
    ✗ Факел B4           @ (7,5,7) [уничтожен]
    ✗ Провокатор B7      @ (3,5,7) [уничтожен]
    ✗ Паук B8            @ (5,4,7) [уничтожен]
  Team C: живых 2/8
    ✓ Тишина C5          @ (4,3,6) hp=2/2
    ✓ Провокатор C7      @ (8,0,8) hp=2/2
    ✗ Артиллерия C1      @ (3,2,8) [уничтожен]
    ✗ Радиовышка C2      @ (3,3,8) [уничтожен]
    ✗ Прыгун C3          @ (7,5,7) [уничтожен]
    ✗ Факел C4           @ (6,7,8) [уничтожен]
    ✗ Бурав C6           @ (7,7,7) [уничтожен]
    ✗ Паук C8            @ (1,2,8) [уничтожен]

======================================================================
ХОД 21
======================================================================
✓ 🎮 GM: начинаем ход
GM: start_turn

--- Радиовышки: сканирование слоя Z ---
  Радиовышка A2 (z=6): слой чист
  Радиовышка B2 (z=7): слой чист

--- Решения ботов ---
  [Team A] Радиовышка A2 (3,3,6) → MOVE (2,2,7)
  [Team A] Провокатор A7 (6,5,4) → HOLOGRAM (6,5,3)
  [Team A] Тишина A5 → SKIP
  [Team B] Радиовышка B2 (2,2,7) → MOVE (3,3,6)
  [Team B] Тишина B5 (6,6,5) → MOVE (6,5,4)
  [Team B] Бурав B6 → SKIP
  [Team C] Тишина C5 (4,3,6) → MOVE (3,3,6)
  [Team C] Провокатор C7 (8,0,8) → HOLOGRAM (7,1,7)
! 🎮 GM: принудительно завершает фазу планирования
GM: end_planning
# 
============================================================
# 🔄 ОБРАБОТКА ХОДА 21
# ============================================================
!    ⚠️ Провокатор A7: клетка (6,5,3) занята кораблём
!    ⚠️ Провокатор C7: клетка (7,1,7) уже занята голограммой

📦 ПЕРЕМЕЩЕНИЯ:
!    ⚠️ Радиовышка A2: клетка (2,2,7) занята
!    ⚠️ Радиовышка B2: клетка (3,3,6) занята
!    ⚠️ Тишина B5: клетка (6,5,4) занята
!    ⚠️ Тишина C5: клетка (3,3,6) занята

🎯 ВЫСТРЕЛЫ:
   Выпущено ракет: 0
# 
📊 РЕЗУЛЬТАТЫ ХОДА 21:
🎯 Попаданий нет

--- Результаты хода ---
  Попаданий нет

--- Состояние команд после хода ---
  Team A: живых 3/8
    ✓ Радиовышка A2      @ (3,3,6) hp=3/3
    ✓ Тишина A5          @ (2,2,6) hp=2/2
    ✓ Провокатор A7      @ (6,5,4) hp=2/2
    ✗ Артиллерия A1      @ (9,5,2) [уничтожен]
    ✗ Прыгун A3          @ (2,2,8) [уничтожен]
    ✗ Факел A4           @ (8,5,2) [уничтожен]
    ✗ Бурав A6           @ (6,5,3) [уничтожен]
    ✗ Паук A8            @ (7,3,4) [уничтожен]
  Team B: живых 3/8
    ✓ Радиовышка B2      @ (2,2,7) hp=3/3
    ✓ Тишина B5          @ (6,6,5) hp=2/2
    ✓ Бурав B6           @ (6,5,3) hp=4/4
    ✗ Артиллерия B1      @ (5,5,7) [уничтожен]
    ✗ Прыгун B3          @ (7,5,7) [уничтожен]
    ✗ Факел B4           @ (7,5,7) [уничтожен]
    ✗ Провокатор B7      @ (3,5,7) [уничтожен]
    ✗ Паук B8            @ (5,4,7) [уничтожен]
  Team C: живых 2/8
    ✓ Тишина C5          @ (4,3,6) hp=2/2
    ✓ Провокатор C7      @ (8,0,8) hp=2/2
    ✗ Артиллерия C1      @ (3,2,8) [уничтожен]
    ✗ Радиовышка C2      @ (3,3,8) [уничтожен]
    ✗ Прыгун C3          @ (7,5,7) [уничтожен]
    ✗ Факел C4           @ (6,7,8) [уничтожен]
    ✗ Бурав C6           @ (7,7,7) [уничтожен]
    ✗ Паук C8            @ (1,2,8) [уничтожен]

======================================================================
ХОД 22
======================================================================
✓ 🎮 GM: начинаем ход
GM: start_turn

--- Радиовышки: сканирование слоя Z ---
  Радиовышка A2 (z=6): слой чист
  Радиовышка B2 (z=7): слой чист

--- Решения ботов ---
  [Team A] Радиовышка A2 (3,3,6) → MOVE (2,2,7)
  [Team A] Провокатор A7 (6,5,4) → HOLOGRAM (6,5,3)
  [Team A] Тишина A5 → SKIP
  [Team B] Радиовышка B2 (2,2,7) → MOVE (3,3,6)
  [Team B] Тишина B5 (6,6,5) → MOVE (6,5,4)
  [Team B] Бурав B6 → SKIP
  [Team C] Тишина C5 (4,3,6) → MOVE (3,3,6)
  [Team C] Провокатор C7 (8,0,8) → HOLOGRAM (7,1,7)
! 🎮 GM: принудительно завершает фазу планирования
GM: end_planning
# 
============================================================
# 🔄 ОБРАБОТКА ХОДА 22
# ============================================================
!    ⚠️ Провокатор A7: клетка (6,5,3) занята кораблём
!    ⚠️ Провокатор C7: клетка (7,1,7) уже занята голограммой

📦 ПЕРЕМЕЩЕНИЯ:
!    ⚠️ Радиовышка A2: клетка (2,2,7) занята
!    ⚠️ Радиовышка B2: клетка (3,3,6) занята
!    ⚠️ Тишина B5: клетка (6,5,4) занята
!    ⚠️ Тишина C5: клетка (3,3,6) занята

🎯 ВЫСТРЕЛЫ:
   Выпущено ракет: 0
# 
📊 РЕЗУЛЬТАТЫ ХОДА 22:
🎯 Попаданий нет

--- Результаты хода ---
  Попаданий нет

--- Состояние команд после хода ---
  Team A: живых 3/8
    ✓ Радиовышка A2      @ (3,3,6) hp=3/3
    ✓ Тишина A5          @ (2,2,6) hp=2/2
    ✓ Провокатор A7      @ (6,5,4) hp=2/2
    ✗ Артиллерия A1      @ (9,5,2) [уничтожен]
    ✗ Прыгун A3          @ (2,2,8) [уничтожен]
    ✗ Факел A4           @ (8,5,2) [уничтожен]
    ✗ Бурав A6           @ (6,5,3) [уничтожен]
    ✗ Паук A8            @ (7,3,4) [уничтожен]
  Team B: живых 3/8
    ✓ Радиовышка B2      @ (2,2,7) hp=3/3
    ✓ Тишина B5          @ (6,6,5) hp=2/2
    ✓ Бурав B6           @ (6,5,3) hp=4/4
    ✗ Артиллерия B1      @ (5,5,7) [уничтожен]
    ✗ Прыгун B3          @ (7,5,7) [уничтожен]
    ✗ Факел B4           @ (7,5,7) [уничтожен]
    ✗ Провокатор B7      @ (3,5,7) [уничтожен]
    ✗ Паук B8            @ (5,4,7) [уничтожен]
  Team C: живых 2/8
    ✓ Тишина C5          @ (4,3,6) hp=2/2
    ✓ Провокатор C7      @ (8,0,8) hp=2/2
    ✗ Артиллерия C1      @ (3,2,8) [уничтожен]
    ✗ Радиовышка C2      @ (3,3,8) [уничтожен]
    ✗ Прыгун C3          @ (7,5,7) [уничтожен]
    ✗ Факел C4           @ (6,7,8) [уничтожен]
    ✗ Бурав C6           @ (7,7,7) [уничтожен]
    ✗ Паук C8            @ (1,2,8) [уничтожен]

======================================================================
ХОД 23
======================================================================
✓ 🎮 GM: начинаем ход
GM: start_turn

--- Радиовышки: сканирование слоя Z ---
  Радиовышка A2 (z=6): слой чист
  Радиовышка B2 (z=7): слой чист

--- Решения ботов ---
  [Team A] Радиовышка A2 (3,3,6) → MOVE (2,2,7)
  [Team A] Провокатор A7 (6,5,4) → HOLOGRAM (6,5,3)
  [Team A] Тишина A5 → SKIP
  [Team B] Радиовышка B2 (2,2,7) → MOVE (3,3,6)
  [Team B] Тишина B5 (6,6,5) → MOVE (6,5,4)
  [Team B] Бурав B6 → SKIP
  [Team C] Тишина C5 (4,3,6) → MOVE (3,3,6)
  [Team C] Провокатор C7 (8,0,8) → HOLOGRAM (7,1,7)
! 🎮 GM: принудительно завершает фазу планирования
GM: end_planning
# 
============================================================
# 🔄 ОБРАБОТКА ХОДА 23
# ============================================================
!    ⚠️ Провокатор A7: клетка (6,5,3) занята кораблём
!    ⚠️ Провокатор C7: клетка (7,1,7) уже занята голограммой

📦 ПЕРЕМЕЩЕНИЯ:
!    ⚠️ Радиовышка A2: клетка (2,2,7) занята
!    ⚠️ Радиовышка B2: клетка (3,3,6) занята
!    ⚠️ Тишина B5: клетка (6,5,4) занята
!    ⚠️ Тишина C5: клетка (3,3,6) занята

🎯 ВЫСТРЕЛЫ:
   Выпущено ракет: 0
# 
📊 РЕЗУЛЬТАТЫ ХОДА 23:
🎯 Попаданий нет

--- Результаты хода ---
  Попаданий нет

--- Состояние команд после хода ---
  Team A: живых 3/8
    ✓ Радиовышка A2      @ (3,3,6) hp=3/3
    ✓ Тишина A5          @ (2,2,6) hp=2/2
    ✓ Провокатор A7      @ (6,5,4) hp=2/2
    ✗ Артиллерия A1      @ (9,5,2) [уничтожен]
    ✗ Прыгун A3          @ (2,2,8) [уничтожен]
    ✗ Факел A4           @ (8,5,2) [уничтожен]
    ✗ Бурав A6           @ (6,5,3) [уничтожен]
    ✗ Паук A8            @ (7,3,4) [уничтожен]
  Team B: живых 3/8
    ✓ Радиовышка B2      @ (2,2,7) hp=3/3
    ✓ Тишина B5          @ (6,6,5) hp=2/2
    ✓ Бурав B6           @ (6,5,3) hp=4/4
    ✗ Артиллерия B1      @ (5,5,7) [уничтожен]
    ✗ Прыгун B3          @ (7,5,7) [уничтожен]
    ✗ Факел B4           @ (7,5,7) [уничтожен]
    ✗ Провокатор B7      @ (3,5,7) [уничтожен]
    ✗ Паук B8            @ (5,4,7) [уничтожен]
  Team C: живых 2/8
    ✓ Тишина C5          @ (4,3,6) hp=2/2
    ✓ Провокатор C7      @ (8,0,8) hp=2/2
    ✗ Артиллерия C1      @ (3,2,8) [уничтожен]
    ✗ Радиовышка C2      @ (3,3,8) [уничтожен]
    ✗ Прыгун C3          @ (7,5,7) [уничтожен]
    ✗ Факел C4           @ (6,7,8) [уничтожен]
    ✗ Бурав C6           @ (7,7,7) [уничтожен]
    ✗ Паук C8            @ (1,2,8) [уничтожен]

======================================================================
ХОД 24
======================================================================
✓ 🎮 GM: начинаем ход
GM: start_turn

--- Радиовышки: сканирование слоя Z ---
  Радиовышка A2 (z=6): слой чист
  Радиовышка B2 (z=7): слой чист

--- Решения ботов ---
  [Team A] Радиовышка A2 (3,3,6) → MOVE (2,2,7)
  [Team A] Провокатор A7 (6,5,4) → HOLOGRAM (6,5,3)
  [Team A] Тишина A5 → SKIP
  [Team B] Радиовышка B2 (2,2,7) → MOVE (3,3,6)
  [Team B] Тишина B5 (6,6,5) → MOVE (6,5,4)
  [Team B] Бурав B6 → SKIP
  [Team C] Тишина C5 (4,3,6) → MOVE (3,3,6)
  [Team C] Провокатор C7 (8,0,8) → HOLOGRAM (7,1,7)
! 🎮 GM: принудительно завершает фазу планирования
GM: end_planning
# 
============================================================
# 🔄 ОБРАБОТКА ХОДА 24
# ============================================================
!    ⚠️ Провокатор A7: клетка (6,5,3) занята кораблём
!    ⚠️ Провокатор C7: клетка (7,1,7) уже занята голограммой

📦 ПЕРЕМЕЩЕНИЯ:
!    ⚠️ Радиовышка A2: клетка (2,2,7) занята
!    ⚠️ Радиовышка B2: клетка (3,3,6) занята
!    ⚠️ Тишина B5: клетка (6,5,4) занята
!    ⚠️ Тишина C5: клетка (3,3,6) занята

🎯 ВЫСТРЕЛЫ:
   Выпущено ракет: 0
# 
📊 РЕЗУЛЬТАТЫ ХОДА 24:
🎯 Попаданий нет

--- Результаты хода ---
  Попаданий нет

--- Состояние команд после хода ---
  Team A: живых 3/8
    ✓ Радиовышка A2      @ (3,3,6) hp=3/3
    ✓ Тишина A5          @ (2,2,6) hp=2/2
    ✓ Провокатор A7      @ (6,5,4) hp=2/2
    ✗ Артиллерия A1      @ (9,5,2) [уничтожен]
    ✗ Прыгун A3          @ (2,2,8) [уничтожен]
    ✗ Факел A4           @ (8,5,2) [уничтожен]
    ✗ Бурав A6           @ (6,5,3) [уничтожен]
    ✗ Паук A8            @ (7,3,4) [уничтожен]
  Team B: живых 3/8
    ✓ Радиовышка B2      @ (2,2,7) hp=3/3
    ✓ Тишина B5          @ (6,6,5) hp=2/2
    ✓ Бурав B6           @ (6,5,3) hp=4/4
    ✗ Артиллерия B1      @ (5,5,7) [уничтожен]
    ✗ Прыгун B3          @ (7,5,7) [уничтожен]
    ✗ Факел B4           @ (7,5,7) [уничтожен]
    ✗ Провокатор B7      @ (3,5,7) [уничтожен]
    ✗ Паук B8            @ (5,4,7) [уничтожен]
  Team C: живых 2/8
    ✓ Тишина C5          @ (4,3,6) hp=2/2
    ✓ Провокатор C7      @ (8,0,8) hp=2/2
    ✗ Артиллерия C1      @ (3,2,8) [уничтожен]
    ✗ Радиовышка C2      @ (3,3,8) [уничтожен]
    ✗ Прыгун C3          @ (7,5,7) [уничтожен]
    ✗ Факел C4           @ (6,7,8) [уничтожен]
    ✗ Бурав C6           @ (7,7,7) [уничтожен]
    ✗ Паук C8            @ (1,2,8) [уничтожен]

======================================================================
ХОД 25
======================================================================
✓ 🎮 GM: начинаем ход
GM: start_turn

--- Радиовышки: сканирование слоя Z ---
  Радиовышка A2 (z=6): слой чист
  Радиовышка B2 (z=7): слой чист

--- Решения ботов ---
  [Team A] Радиовышка A2 (3,3,6) → MOVE (2,2,7)
  [Team A] Провокатор A7 (6,5,4) → HOLOGRAM (6,5,3)
  [Team A] Тишина A5 → SKIP
  [Team B] Радиовышка B2 (2,2,7) → MOVE (3,3,6)
  [Team B] Тишина B5 (6,6,5) → MOVE (6,5,4)
  [Team B] Бурав B6 → SKIP
  [Team C] Тишина C5 (4,3,6) → MOVE (3,3,6)
  [Team C] Провокатор C7 (8,0,8) → HOLOGRAM (7,1,7)
! 🎮 GM: принудительно завершает фазу планирования
GM: end_planning
# 
============================================================
# 🔄 ОБРАБОТКА ХОДА 25
# ============================================================
!    ⚠️ Провокатор A7: клетка (6,5,3) занята кораблём
!    ⚠️ Провокатор C7: клетка (7,1,7) уже занята голограммой

📦 ПЕРЕМЕЩЕНИЯ:
!    ⚠️ Радиовышка A2: клетка (2,2,7) занята
!    ⚠️ Радиовышка B2: клетка (3,3,6) занята
!    ⚠️ Тишина B5: клетка (6,5,4) занята
!    ⚠️ Тишина C5: клетка (3,3,6) занята

🎯 ВЫСТРЕЛЫ:
   Выпущено ракет: 0
# 
📊 РЕЗУЛЬТАТЫ ХОДА 25:
🎯 Попаданий нет

--- Результаты хода ---
  Попаданий нет

--- Состояние команд после хода ---
  Team A: живых 3/8
    ✓ Радиовышка A2      @ (3,3,6) hp=3/3
    ✓ Тишина A5          @ (2,2,6) hp=2/2
    ✓ Провокатор A7      @ (6,5,4) hp=2/2
    ✗ Артиллерия A1      @ (9,5,2) [уничтожен]
    ✗ Прыгун A3          @ (2,2,8) [уничтожен]
    ✗ Факел A4           @ (8,5,2) [уничтожен]
    ✗ Бурав A6           @ (6,5,3) [уничтожен]
    ✗ Паук A8            @ (7,3,4) [уничтожен]
  Team B: живых 3/8
    ✓ Радиовышка B2      @ (2,2,7) hp=3/3
    ✓ Тишина B5          @ (6,6,5) hp=2/2
    ✓ Бурав B6           @ (6,5,3) hp=4/4
    ✗ Артиллерия B1      @ (5,5,7) [уничтожен]
    ✗ Прыгун B3          @ (7,5,7) [уничтожен]
    ✗ Факел B4           @ (7,5,7) [уничтожен]
    ✗ Провокатор B7      @ (3,5,7) [уничтожен]
    ✗ Паук B8            @ (5,4,7) [уничтожен]
  Team C: живых 2/8
    ✓ Тишина C5          @ (4,3,6) hp=2/2
    ✓ Провокатор C7      @ (8,0,8) hp=2/2
    ✗ Артиллерия C1      @ (3,2,8) [уничтожен]
    ✗ Радиовышка C2      @ (3,3,8) [уничтожен]
    ✗ Прыгун C3          @ (7,5,7) [уничтожен]
    ✗ Факел C4           @ (6,7,8) [уничтожен]
    ✗ Бурав C6           @ (7,7,7) [уничтожен]
    ✗ Паук C8            @ (1,2,8) [уничтожен]

======================================================================
ХОД 26
======================================================================
✓ 🎮 GM: начинаем ход
GM: start_turn

--- Радиовышки: сканирование слоя Z ---
  Радиовышка A2 (z=6): слой чист
  Радиовышка B2 (z=7): слой чист

--- Решения ботов ---
  [Team A] Радиовышка A2 (3,3,6) → MOVE (2,2,7)
  [Team A] Провокатор A7 (6,5,4) → HOLOGRAM (6,5,3)
  [Team A] Тишина A5 → SKIP
  [Team B] Радиовышка B2 (2,2,7) → MOVE (3,3,6)
  [Team B] Тишина B5 (6,6,5) → MOVE (6,5,4)
  [Team B] Бурав B6 → SKIP
  [Team C] Тишина C5 (4,3,6) → MOVE (3,3,6)
  [Team C] Провокатор C7 (8,0,8) → HOLOGRAM (7,1,7)
! 🎮 GM: принудительно завершает фазу планирования
GM: end_planning
# 
============================================================
# 🔄 ОБРАБОТКА ХОДА 26
# ============================================================
!    ⚠️ Провокатор A7: клетка (6,5,3) занята кораблём
!    ⚠️ Провокатор C7: клетка (7,1,7) уже занята голограммой

📦 ПЕРЕМЕЩЕНИЯ:
!    ⚠️ Радиовышка A2: клетка (2,2,7) занята
!    ⚠️ Радиовышка B2: клетка (3,3,6) занята
!    ⚠️ Тишина B5: клетка (6,5,4) занята
!    ⚠️ Тишина C5: клетка (3,3,6) занята

🎯 ВЫСТРЕЛЫ:
   Выпущено ракет: 0
# 
📊 РЕЗУЛЬТАТЫ ХОДА 26:
🎯 Попаданий нет

--- Результаты хода ---
  Попаданий нет

--- Состояние команд после хода ---
  Team A: живых 3/8
    ✓ Радиовышка A2      @ (3,3,6) hp=3/3
    ✓ Тишина A5          @ (2,2,6) hp=2/2
    ✓ Провокатор A7      @ (6,5,4) hp=2/2
    ✗ Артиллерия A1      @ (9,5,2) [уничтожен]
    ✗ Прыгун A3          @ (2,2,8) [уничтожен]
    ✗ Факел A4           @ (8,5,2) [уничтожен]
    ✗ Бурав A6           @ (6,5,3) [уничтожен]
    ✗ Паук A8            @ (7,3,4) [уничтожен]
  Team B: живых 3/8
    ✓ Радиовышка B2      @ (2,2,7) hp=3/3
    ✓ Тишина B5          @ (6,6,5) hp=2/2
    ✓ Бурав B6           @ (6,5,3) hp=4/4
    ✗ Артиллерия B1      @ (5,5,7) [уничтожен]
    ✗ Прыгун B3          @ (7,5,7) [уничтожен]
    ✗ Факел B4           @ (7,5,7) [уничтожен]
    ✗ Провокатор B7      @ (3,5,7) [уничтожен]
    ✗ Паук B8            @ (5,4,7) [уничтожен]
  Team C: живых 2/8
    ✓ Тишина C5          @ (4,3,6) hp=2/2
    ✓ Провокатор C7      @ (8,0,8) hp=2/2
    ✗ Артиллерия C1      @ (3,2,8) [уничтожен]
    ✗ Радиовышка C2      @ (3,3,8) [уничтожен]
    ✗ Прыгун C3          @ (7,5,7) [уничтожен]
    ✗ Факел C4           @ (6,7,8) [уничтожен]
    ✗ Бурав C6           @ (7,7,7) [уничтожен]
    ✗ Паук C8            @ (1,2,8) [уничтожен]

======================================================================
ХОД 27
======================================================================
✓ 🎮 GM: начинаем ход
GM: start_turn

--- Радиовышки: сканирование слоя Z ---
  Радиовышка A2 (z=6): слой чист
  Радиовышка B2 (z=7): слой чист

--- Решения ботов ---
  [Team A] Радиовышка A2 (3,3,6) → MOVE (2,2,7)
  [Team A] Провокатор A7 (6,5,4) → HOLOGRAM (6,5,3)
  [Team A] Тишина A5 → SKIP
  [Team B] Радиовышка B2 (2,2,7) → MOVE (3,3,6)
  [Team B] Тишина B5 (6,6,5) → MOVE (6,5,4)
  [Team B] Бурав B6 → SKIP
  [Team C] Тишина C5 (4,3,6) → MOVE (3,3,6)
  [Team C] Провокатор C7 (8,0,8) → HOLOGRAM (7,1,7)
! 🎮 GM: принудительно завершает фазу планирования
GM: end_planning
# 
============================================================
# 🔄 ОБРАБОТКА ХОДА 27
# ============================================================
!    ⚠️ Провокатор A7: клетка (6,5,3) занята кораблём
!    ⚠️ Провокатор C7: клетка (7,1,7) уже занята голограммой

📦 ПЕРЕМЕЩЕНИЯ:
!    ⚠️ Радиовышка A2: клетка (2,2,7) занята
!    ⚠️ Радиовышка B2: клетка (3,3,6) занята
!    ⚠️ Тишина B5: клетка (6,5,4) занята
!    ⚠️ Тишина C5: клетка (3,3,6) занята

🎯 ВЫСТРЕЛЫ:
   Выпущено ракет: 0
# 
📊 РЕЗУЛЬТАТЫ ХОДА 27:
🎯 Попаданий нет

--- Результаты хода ---
  Попаданий нет

--- Состояние команд после хода ---
  Team A: живых 3/8
    ✓ Радиовышка A2      @ (3,3,6) hp=3/3
    ✓ Тишина A5          @ (2,2,6) hp=2/2
    ✓ Провокатор A7      @ (6,5,4) hp=2/2
    ✗ Артиллерия A1      @ (9,5,2) [уничтожен]
    ✗ Прыгун A3          @ (2,2,8) [уничтожен]
    ✗ Факел A4           @ (8,5,2) [уничтожен]
    ✗ Бурав A6           @ (6,5,3) [уничтожен]
    ✗ Паук A8            @ (7,3,4) [уничтожен]
  Team B: живых 3/8
    ✓ Радиовышка B2      @ (2,2,7) hp=3/3
    ✓ Тишина B5          @ (6,6,5) hp=2/2
    ✓ Бурав B6           @ (6,5,3) hp=4/4
    ✗ Артиллерия B1      @ (5,5,7) [уничтожен]
    ✗ Прыгун B3          @ (7,5,7) [уничтожен]
    ✗ Факел B4           @ (7,5,7) [уничтожен]
    ✗ Провокатор B7      @ (3,5,7) [уничтожен]
    ✗ Паук B8            @ (5,4,7) [уничтожен]
  Team C: живых 2/8
    ✓ Тишина C5          @ (4,3,6) hp=2/2
    ✓ Провокатор C7      @ (8,0,8) hp=2/2
    ✗ Артиллерия C1      @ (3,2,8) [уничтожен]
    ✗ Радиовышка C2      @ (3,3,8) [уничтожен]
    ✗ Прыгун C3          @ (7,5,7) [уничтожен]
    ✗ Факел C4           @ (6,7,8) [уничтожен]
    ✗ Бурав C6           @ (7,7,7) [уничтожен]
    ✗ Паук C8            @ (1,2,8) [уничтожен]

======================================================================
ХОД 28
======================================================================
✓ 🎮 GM: начинаем ход
GM: start_turn

--- Радиовышки: сканирование слоя Z ---
  Радиовышка A2 (z=6): слой чист
  Радиовышка B2 (z=7): слой чист

--- Решения ботов ---
  [Team A] Радиовышка A2 (3,3,6) → MOVE (2,2,7)
  [Team A] Провокатор A7 (6,5,4) → HOLOGRAM (6,5,3)
  [Team A] Тишина A5 → SKIP
  [Team B] Радиовышка B2 (2,2,7) → MOVE (3,3,6)
  [Team B] Тишина B5 (6,6,5) → MOVE (6,5,4)
  [Team B] Бурав B6 → SKIP
  [Team C] Тишина C5 (4,3,6) → MOVE (3,3,6)
  [Team C] Провокатор C7 (8,0,8) → HOLOGRAM (7,1,7)
! 🎮 GM: принудительно завершает фазу планирования
GM: end_planning
# 
============================================================
# 🔄 ОБРАБОТКА ХОДА 28
# ============================================================
!    ⚠️ Провокатор A7: клетка (6,5,3) занята кораблём
!    ⚠️ Провокатор C7: клетка (7,1,7) уже занята голограммой

📦 ПЕРЕМЕЩЕНИЯ:
!    ⚠️ Радиовышка A2: клетка (2,2,7) занята
!    ⚠️ Радиовышка B2: клетка (3,3,6) занята
!    ⚠️ Тишина B5: клетка (6,5,4) занята
!    ⚠️ Тишина C5: клетка (3,3,6) занята

🎯 ВЫСТРЕЛЫ:
   Выпущено ракет: 0
# 
📊 РЕЗУЛЬТАТЫ ХОДА 28:
🎯 Попаданий нет

--- Результаты хода ---
  Попаданий нет

--- Состояние команд после хода ---
  Team A: живых 3/8
    ✓ Радиовышка A2      @ (3,3,6) hp=3/3
    ✓ Тишина A5          @ (2,2,6) hp=2/2
    ✓ Провокатор A7      @ (6,5,4) hp=2/2
    ✗ Артиллерия A1      @ (9,5,2) [уничтожен]
    ✗ Прыгун A3          @ (2,2,8) [уничтожен]
    ✗ Факел A4           @ (8,5,2) [уничтожен]
    ✗ Бурав A6           @ (6,5,3) [уничтожен]
    ✗ Паук A8            @ (7,3,4) [уничтожен]
  Team B: живых 3/8
    ✓ Радиовышка B2      @ (2,2,7) hp=3/3
    ✓ Тишина B5          @ (6,6,5) hp=2/2
    ✓ Бурав B6           @ (6,5,3) hp=4/4
    ✗ Артиллерия B1      @ (5,5,7) [уничтожен]
    ✗ Прыгун B3          @ (7,5,7) [уничтожен]
    ✗ Факел B4           @ (7,5,7) [уничтожен]
    ✗ Провокатор B7      @ (3,5,7) [уничтожен]
    ✗ Паук B8            @ (5,4,7) [уничтожен]
  Team C: живых 2/8
    ✓ Тишина C5          @ (4,3,6) hp=2/2
    ✓ Провокатор C7      @ (8,0,8) hp=2/2
    ✗ Артиллерия C1      @ (3,2,8) [уничтожен]
    ✗ Радиовышка C2      @ (3,3,8) [уничтожен]
    ✗ Прыгун C3          @ (7,5,7) [уничтожен]
    ✗ Факел C4           @ (6,7,8) [уничтожен]
    ✗ Бурав C6           @ (7,7,7) [уничтожен]
    ✗ Паук C8            @ (1,2,8) [уничтожен]

======================================================================
ХОД 29
======================================================================
✓ 🎮 GM: начинаем ход
GM: start_turn

--- Радиовышки: сканирование слоя Z ---
  Радиовышка A2 (z=6): слой чист
  Радиовышка B2 (z=7): слой чист

--- Решения ботов ---
  [Team A] Радиовышка A2 (3,3,6) → MOVE (2,2,7)
  [Team A] Провокатор A7 (6,5,4) → HOLOGRAM (6,5,3)
  [Team A] Тишина A5 → SKIP
  [Team B] Радиовышка B2 (2,2,7) → MOVE (3,3,6)
  [Team B] Тишина B5 (6,6,5) → MOVE (6,5,4)
  [Team B] Бурав B6 → SKIP
  [Team C] Тишина C5 (4,3,6) → MOVE (3,3,6)
  [Team C] Провокатор C7 (8,0,8) → HOLOGRAM (7,1,7)
! 🎮 GM: принудительно завершает фазу планирования
GM: end_planning
# 
============================================================
# 🔄 ОБРАБОТКА ХОДА 29
# ============================================================
!    ⚠️ Провокатор A7: клетка (6,5,3) занята кораблём
!    ⚠️ Провокатор C7: клетка (7,1,7) уже занята голограммой

📦 ПЕРЕМЕЩЕНИЯ:
!    ⚠️ Радиовышка A2: клетка (2,2,7) занята
!    ⚠️ Радиовышка B2: клетка (3,3,6) занята
!    ⚠️ Тишина B5: клетка (6,5,4) занята
!    ⚠️ Тишина C5: клетка (3,3,6) занята

🎯 ВЫСТРЕЛЫ:
   Выпущено ракет: 0
# 
📊 РЕЗУЛЬТАТЫ ХОДА 29:
🎯 Попаданий нет

--- Результаты хода ---
  Попаданий нет

--- Состояние команд после хода ---
  Team A: живых 3/8
    ✓ Радиовышка A2      @ (3,3,6) hp=3/3
    ✓ Тишина A5          @ (2,2,6) hp=2/2
    ✓ Провокатор A7      @ (6,5,4) hp=2/2
    ✗ Артиллерия A1      @ (9,5,2) [уничтожен]
    ✗ Прыгун A3          @ (2,2,8) [уничтожен]
    ✗ Факел A4           @ (8,5,2) [уничтожен]
    ✗ Бурав A6           @ (6,5,3) [уничтожен]
    ✗ Паук A8            @ (7,3,4) [уничтожен]
  Team B: живых 3/8
    ✓ Радиовышка B2      @ (2,2,7) hp=3/3
    ✓ Тишина B5          @ (6,6,5) hp=2/2
    ✓ Бурав B6           @ (6,5,3) hp=4/4
    ✗ Артиллерия B1      @ (5,5,7) [уничтожен]
    ✗ Прыгун B3          @ (7,5,7) [уничтожен]
    ✗ Факел B4           @ (7,5,7) [уничтожен]
    ✗ Провокатор B7      @ (3,5,7) [уничтожен]
    ✗ Паук B8            @ (5,4,7) [уничтожен]
  Team C: живых 2/8
    ✓ Тишина C5          @ (4,3,6) hp=2/2
    ✓ Провокатор C7      @ (8,0,8) hp=2/2
    ✗ Артиллерия C1      @ (3,2,8) [уничтожен]
    ✗ Радиовышка C2      @ (3,3,8) [уничтожен]
    ✗ Прыгун C3          @ (7,5,7) [уничтожен]
    ✗ Факел C4           @ (6,7,8) [уничтожен]
    ✗ Бурав C6           @ (7,7,7) [уничтожен]
    ✗ Паук C8            @ (1,2,8) [уничтожен]

======================================================================
ХОД 30
======================================================================
✓ 🎮 GM: начинаем ход
GM: start_turn

--- Радиовышки: сканирование слоя Z ---
  Радиовышка A2 (z=6): слой чист
  Радиовышка B2 (z=7): слой чист

--- Решения ботов ---
  [Team A] Радиовышка A2 (3,3,6) → MOVE (2,2,7)
  [Team A] Провокатор A7 (6,5,4) → HOLOGRAM (6,5,3)
  [Team A] Тишина A5 → SKIP
  [Team B] Радиовышка B2 (2,2,7) → MOVE (3,3,6)
  [Team B] Тишина B5 (6,6,5) → MOVE (6,5,4)
  [Team B] Бурав B6 → SKIP
  [Team C] Тишина C5 (4,3,6) → MOVE (3,3,6)
  [Team C] Провокатор C7 (8,0,8) → HOLOGRAM (7,1,7)
! 🎮 GM: принудительно завершает фазу планирования
GM: end_planning
# 
============================================================
# 🔄 ОБРАБОТКА ХОДА 30
# ============================================================
!    ⚠️ Провокатор A7: клетка (6,5,3) занята кораблём
!    ⚠️ Провокатор C7: клетка (7,1,7) уже занята голограммой

📦 ПЕРЕМЕЩЕНИЯ:
!    ⚠️ Радиовышка A2: клетка (2,2,7) занята
!    ⚠️ Радиовышка B2: клетка (3,3,6) занята
!    ⚠️ Тишина B5: клетка (6,5,4) занята
!    ⚠️ Тишина C5: клетка (3,3,6) занята

🎯 ВЫСТРЕЛЫ:
   Выпущено ракет: 0
# 
📊 РЕЗУЛЬТАТЫ ХОДА 30:
🎯 Попаданий нет

--- Результаты хода ---
  Попаданий нет

--- Состояние команд после хода ---
  Team A: живых 3/8
    ✓ Радиовышка A2      @ (3,3,6) hp=3/3
    ✓ Тишина A5          @ (2,2,6) hp=2/2
    ✓ Провокатор A7      @ (6,5,4) hp=2/2
    ✗ Артиллерия A1      @ (9,5,2) [уничтожен]
    ✗ Прыгун A3          @ (2,2,8) [уничтожен]
    ✗ Факел A4           @ (8,5,2) [уничтожен]
    ✗ Бурав A6           @ (6,5,3) [уничтожен]
    ✗ Паук A8            @ (7,3,4) [уничтожен]
  Team B: живых 3/8
    ✓ Радиовышка B2      @ (2,2,7) hp=3/3
    ✓ Тишина B5          @ (6,6,5) hp=2/2
    ✓ Бурав B6           @ (6,5,3) hp=4/4
    ✗ Артиллерия B1      @ (5,5,7) [уничтожен]
    ✗ Прыгун B3          @ (7,5,7) [уничтожен]
    ✗ Факел B4           @ (7,5,7) [уничтожен]
    ✗ Провокатор B7      @ (3,5,7) [уничтожен]
    ✗ Паук B8            @ (5,4,7) [уничтожен]
  Team C: живых 2/8
    ✓ Тишина C5          @ (4,3,6) hp=2/2
    ✓ Провокатор C7      @ (8,0,8) hp=2/2
    ✗ Артиллерия C1      @ (3,2,8) [уничтожен]
    ✗ Радиовышка C2      @ (3,3,8) [уничтожен]
    ✗ Прыгун C3          @ (7,5,7) [уничтожен]
    ✗ Факел C4           @ (6,7,8) [уничтожен]
    ✗ Бурав C6           @ (7,7,7) [уничтожен]
    ✗ Паук C8            @ (1,2,8) [уничтожен]

======================================================================
ИТОГ
======================================================================
Лимит ходов (30) исчерпан, ничья/пат.

--- Сводка по командам ---
  Team A: 3/8 живых; hp=7
  Team B: 3/8 живых; hp=9
  Team C: 2/8 живых; hp=4

--- Сводка по пассивкам радиовышек ---
  Team A: сканирований=30, всего врагов-в-слоях=0, уникальных эксклюзивных (видны только радиовышкой)=0
  Team B: сканирований=30, всего врагов-в-слоях=4, уникальных эксклюзивных (видны только радиовышкой)=0
  Team C: сканирований=5, всего врагов-в-слоях=2, уникальных эксклюзивных (видны только радиовышкой)=0

--- Сводка по попаданиям ---
  Всего событий (шоты+тараны+мины): 16
  Уничтожено кораблей всего: 16
  Team A: урон=10 хиты=2 тараны=3 мины(сработало)=0 убийств=5
  Team B: урон=26 хиты=1 тараны=7 мины(сработало)=0 убийств=8
  Team C: урон=10 хиты=1 тараны=1 мины(сработало)=1 убийств=3
! 🎮 GM: остановка игры
