======================================================================
Space Battle 10×10×10 — simulation run at 2026-04-20T13:23:54+00:00
Game mode: advanced
Seed: 94
✓ 🚀 Продвинутый режим: создаю разные типы кораблей
   Стартовые Z-слои: A=8, B=2, C=1
✓ ✅ Создано 24 кораблей


--- СТАРТОВАЯ РАССТАНОВКА ---
  Team A: живых 8/8
    ✓ Артиллерия A1      @ (7,3,8) hp=1/1
    ✓ Радиовышка A2      @ (5,0,8) hp=3/3
    ✓ Прыгун A3          @ (0,0,8) hp=2/2
    ✓ Факел A4           @ (7,8,8) hp=6/6
    ✓ Тишина A5          @ (9,0,8) hp=2/2
    ✓ Бурав A6           @ (4,0,8) hp=4/4
    ✓ Провокатор A7      @ (0,4,8) hp=2/2
    ✓ Паук A8            @ (6,9,8) hp=1/1
  Team B: живых 8/8
    ✓ Артиллерия B1      @ (4,6,2) hp=1/1
    ✓ Радиовышка B2      @ (1,3,2) hp=3/3
    ✓ Прыгун B3          @ (5,8,2) hp=2/2
    ✓ Факел B4           @ (2,0,2) hp=6/6
    ✓ Тишина B5          @ (3,4,2) hp=2/2
    ✓ Бурав B6           @ (8,9,2) hp=4/4
    ✓ Провокатор B7      @ (8,5,2) hp=2/2
    ✓ Паук B8            @ (3,7,2) hp=1/1
  Team C: живых 8/8
    ✓ Артиллерия C1      @ (9,8,1) hp=1/1
    ✓ Радиовышка C2      @ (8,6,1) hp=3/3
    ✓ Прыгун C3          @ (8,9,1) hp=2/2
    ✓ Факел C4           @ (9,5,1) hp=6/6
    ✓ Тишина C5          @ (1,1,1) hp=2/2
    ✓ Бурав C6           @ (9,2,1) hp=4/4
    ✓ Провокатор C7      @ (7,8,1) hp=2/2
    ✓ Паук C8            @ (0,0,1) hp=1/1

======================================================================
ХОД 1
======================================================================
✓ 🎮 GM: начинаем ход
GM: start_turn

--- Радиовышки: сканирование слоя Z ---
  Радиовышка A2 (z=8): слой чист
  Радиовышка B2 (z=2): слой чист
  Радиовышка C2 (z=1): слой чист

--- Решения ботов ---
  [Team A] Артиллерия A1 (7,3,8) → SHOOT at (4,9,4)
  [Team A] Радиовышка A2 (5,0,8) → MOVE (5,1,7)
  [Team A] Прыгун A3 (0,0,8) → MOVE (1,1,7)
  [Team A] Факел A4 (7,8,8) → MOVE (7,7,8)
  [Team A] Тишина A5 (9,0,8) → MOVE (8,1,7)
  [Team A] Бурав A6 (4,0,8) → MOVE (4,0,7)
  [Team A] Провокатор A7 (0,4,8) → MOVE (1,5,7)
  [Team A] Паук A8 (6,9,8) → MOVE (5,8,7)
  [Team B] Артиллерия B1 (4,6,2) → SHOOT at (9,8,1)
  [Team B] Радиовышка B2 (1,3,2) → MOVE (1,2,1)
  [Team B] Прыгун B3 (5,8,2) → MOVE (7,8,1)
  [Team B] Факел B4 (2,0,2) → MOVE (3,1,2)
  [Team B] Тишина B5 (3,4,2) → PHASE toggle
  [Team B] Бурав B6 (8,9,2) → MOVE (8,9,1)
  [Team B] Провокатор B7 (8,5,2) → HOLOGRAM (8,6,1)
  [Team B] Паук B8 (3,7,2) → MINE (4,8,1)
  [Team C] Артиллерия C1 (9,8,1) → SHOOT at (4,6,2)
  [Team C] Радиовышка C2 (8,6,1) → MOVE (8,5,2)
  [Team C] Прыгун C3 (8,9,1) → MOVE (8,9,2)
  [Team C] Факел C4 (9,5,1) → MOVE (9,6,1)
  [Team C] Тишина C5 (1,1,1) → PHASE toggle
  [Team C] Бурав C6 (9,2,1) → MOVE (8,3,2)
  [Team C] Провокатор C7 (7,8,1) → HOLOGRAM (8,8,1)
  [Team C] Паук C8 (0,0,1) → MINE (1,0,2)
! 🎮 GM: принудительно завершает фазу планирования
GM: end_planning
# 
============================================================
# 🔄 ОБРАБОТКА ХОДА 1
# ============================================================
   🌀 Тишина B5: фаза ВКЛ
   🌀 Тишина C5: фаза ВКЛ
!    ⚠️ Провокатор B7: клетка (8,6,1) занята кораблём
   🪞 Провокатор C7 создал голограмму H1 в (8,8,1)
   💣 Паук B8 установил мину M1 в (4,8,1)
   💣 Паук C8 установил мину M2 в (1,0,2)

📦 ПЕРЕМЕЩЕНИЯ:
   Радиовышка A2: (5, 0, 8) → (5,1,7)
   Прыгун A3: (0, 0, 8) → (1,1,7)
   Факел A4: (7, 8, 8) → (7,7,8)
   Тишина A5: (9, 0, 8) → (8,1,7)
   Бурав A6: (4, 0, 8) → (4,0,7)
   Провокатор A7: (0, 4, 8) → (1,5,7)
   Паук A8: (6, 9, 8) → (5,8,7)
   Радиовышка B2: (1, 3, 2) → (1,2,1)
✓    💥 Прыгун B3 тараном уничтожил Провокатор C7 в (7,8,1)
   Прыгун B3: (5, 8, 2) → (7,8,1)
   Факел B4: (2, 0, 2) → (3,1,2)
✓    💥 Бурав B6 тараном уничтожил Прыгун C3 в (8,9,1)
   Бурав B6: (8, 9, 2) → (8,9,1)
!    ⚠️ Радиовышка C2: клетка (8,5,2) занята
   Факел C4: (9, 5, 1) → (9,6,1)
!    ⚠️ Бурав C6: Бурав двигается только по 1 оси или по 2 осям строго диагонально

🎯 ВЫСТРЕЛЫ:
✓    ✅ Артиллерия B1 поразил Артиллерия C1 (2 урона)!
✓    ✅ Артиллерия C1 поразил Артиллерия B1 (2 урона)!
   Выпущено ракет: 3
# 
📊 РЕЗУЛЬТАТЫ ХОДА 1:
✓ 💥 ПОПАДАНИЯ:
✓    Артиллерия B1 (Team B) → Артиллерия C1 (Team C)
✓    Артиллерия C1 (Team C) → Артиллерия B1 (Team B)

--- Результаты хода ---
  Team B / Прыгун B3          → Team C / Провокатор C7      @ (7,8,1)  (УБИТ)
  Team B / Бурав B6           → Team C / Прыгун C3          @ (8,9,1)  (УБИТ)
  Team B / Артиллерия B1      → Team C / Артиллерия C1      @ (9,8,1)  (УБИТ)
  Team C / Артиллерия C1      → Team B / Артиллерия B1      @ (4,6,2)  (УБИТ)

--- Состояние команд после хода ---
  Team A: живых 8/8
    ✓ Артиллерия A1      @ (7,3,8) hp=1/1
    ✓ Радиовышка A2      @ (5,1,7) hp=3/3
    ✓ Прыгун A3          @ (1,1,7) hp=2/2
    ✓ Факел A4           @ (7,7,8) hp=6/6
    ✓ Тишина A5          @ (8,1,7) hp=2/2
    ✓ Бурав A6           @ (4,0,7) hp=4/4
    ✓ Провокатор A7      @ (1,5,7) hp=2/2
    ✓ Паук A8            @ (5,8,7) hp=1/1
  Team B: живых 7/8
    ✓ Радиовышка B2      @ (1,2,1) hp=3/3
    ✓ Прыгун B3          @ (7,8,1) hp=2/2
    ✓ Факел B4           @ (3,1,2) hp=6/6
    ✓ Тишина B5          @ (3,4,2) hp=2/2
    ✓ Бурав B6           @ (8,9,1) hp=4/4
    ✓ Провокатор B7      @ (8,5,2) hp=2/2
    ✓ Паук B8            @ (3,7,2) hp=1/1
    ✗ Артиллерия B1      @ (4,6,2) [уничтожен]
  Team C: живых 5/8
    ✓ Радиовышка C2      @ (8,6,1) hp=3/3
    ✓ Факел C4           @ (9,6,1) hp=6/6
    ✓ Тишина C5          @ (1,1,1) hp=2/2
    ✓ Бурав C6           @ (9,2,1) hp=4/4
    ✓ Паук C8            @ (0,0,1) hp=1/1
    ✗ Артиллерия C1      @ (9,8,1) [уничтожен]
    ✗ Прыгун C3          @ (8,9,1) [уничтожен]
    ✗ Провокатор C7      @ (7,8,1) [уничтожен]

======================================================================
ХОД 2
======================================================================
✓ 🎮 GM: начинаем ход
GM: start_turn

--- Радиовышки: сканирование слоя Z ---
  Радиовышка A2 (z=7): слой чист
  Радиовышка B2 (z=1): видит 4 врагов  → Паук C8(0,0,1), Радиовышка C2(8,6,1), Бурав C6(9,2,1), Факел C4(9,6,1)
  Радиовышка C2 (z=1): видит 3 врагов  → Радиовышка B2(1,2,1), Прыгун B3(7,8,1), Бурав B6(8,9,1)

--- Решения ботов ---
  [Team A] Артиллерия A1 (7,3,8) → SHOOT at (4,9,5)
  [Team A] Радиовышка A2 (5,1,7) → MOVE (5,2,6)
  [Team A] Прыгун A3 (1,1,7) → MOVE (2,2,6)
  [Team A] Факел A4 (7,7,8) → MOVE (7,6,8)
  [Team A] Тишина A5 (8,1,7) → MOVE (7,2,6)
  [Team A] Бурав A6 (4,0,7) → MOVE (5,1,6)
  [Team A] Провокатор A7 (1,5,7) → MOVE (2,5,6)
  [Team A] Паук A8 (5,8,7) → MOVE (5,7,6)
  [Team B] Радиовышка B2 (1,2,1) → MOVE (0,1,1)
  [Team B] Прыгун B3 (7,8,1) → MOVE (9,6,1)
  [Team B] Факел B4 (3,1,2) → MOVE (4,2,1)
  [Team B] Тишина B5 (3,4,2) → PHASE toggle
  [Team B] Бурав B6 (8,9,1) → MOVE (8,6,1)
  [Team B] Провокатор B7 (8,5,2) → HOLOGRAM (8,6,2)
  [Team B] Паук B8 (3,7,2) → MOVE (4,6,1)
  [Team C] Радиовышка C2 (8,6,1) → MOVE (8,5,2)
  [Team C] Факел C4 (9,6,1) → MOVE (9,5,1)
  [Team C] Тишина C5 (1,1,1) → MOVE (1,2,1)
  [Team C] Бурав C6 (9,2,1) → MOVE (8,3,2)
  [Team C] Паук C8 (0,0,1) → MINE (0,1,1)
! 🎮 GM: принудительно завершает фазу планирования
GM: end_planning
# 
============================================================
# 🔄 ОБРАБОТКА ХОДА 2
# ============================================================
   🌀 Тишина B5: фаза ВЫКЛ
   🪞 Провокатор B7 создал голограмму H2 в (8,6,2)
   💣 Паук C8 установил мину M3 в (0,1,1)

📦 ПЕРЕМЕЩЕНИЯ:
   Радиовышка A2: (5, 1, 7) → (5,2,6)
   Прыгун A3: (1, 1, 7) → (2,2,6)
   Факел A4: (7, 7, 8) → (7,6,8)
   Тишина A5: (8, 1, 7) → (7,2,6)
!    ⚠️ Бурав A6: Бурав двигается только по 1 оси или по 2 осям строго диагонально
   Провокатор A7: (1, 5, 7) → (2,5,6)
   Паук A8: (5, 8, 7) → (5,7,6)
   Радиовышка B2: (1, 2, 1) → (0,1,1)
!    💥 Мина M3 сработала под Радиовышка B2 (урон 2)
✓    💥 Прыгун B3 тараном уничтожил Факел C4 в (9,6,1)
   Прыгун B3: (7, 8, 1) → (9,6,1)
   Факел B4: (3, 1, 2) → (4,2,1)
✓    💥 Бурав B6 тараном уничтожил Радиовышка C2 в (8,6,1)
   Бурав B6: (8, 9, 1) → (8,6,1)
   Паук B8: (3, 7, 2) → (4,6,1)
   Тишина C5: (1, 1, 1) → (1,2,1)
!    ⚠️ Бурав C6: Бурав двигается только по 1 оси или по 2 осям строго диагонально

🎯 ВЫСТРЕЛЫ:
   Выпущено ракет: 1
# 
📊 РЕЗУЛЬТАТЫ ХОДА 2:
🎯 Попаданий нет

--- Результаты хода ---
  ? / ?                  → Team B / Радиовышка B2      @ (0,1,1)  (ранен)
  Team B / Прыгун B3          → Team C / Факел C4           @ (9,6,1)  (УБИТ)
  Team B / Бурав B6           → Team C / Радиовышка C2      @ (8,6,1)  (УБИТ)

--- Состояние команд после хода ---
  Team A: живых 8/8
    ✓ Артиллерия A1      @ (7,3,8) hp=1/1
    ✓ Радиовышка A2      @ (5,2,6) hp=3/3
    ✓ Прыгун A3          @ (2,2,6) hp=2/2
    ✓ Факел A4           @ (7,6,8) hp=6/6
    ✓ Тишина A5          @ (7,2,6) hp=2/2
    ✓ Бурав A6           @ (4,0,7) hp=4/4
    ✓ Провокатор A7      @ (2,5,6) hp=2/2
    ✓ Паук A8            @ (5,7,6) hp=1/1
  Team B: живых 7/8
    ✓ Радиовышка B2      @ (0,1,1) hp=1/3
    ✓ Прыгун B3          @ (9,6,1) hp=2/2
    ✓ Факел B4           @ (4,2,1) hp=6/6
    ✓ Тишина B5          @ (3,4,2) hp=2/2
    ✓ Бурав B6           @ (8,6,1) hp=4/4
    ✓ Провокатор B7      @ (8,5,2) hp=2/2
    ✓ Паук B8            @ (4,6,1) hp=1/1
    ✗ Артиллерия B1      @ (4,6,2) [уничтожен]
  Team C: живых 3/8
    ✓ Тишина C5          @ (1,2,1) hp=2/2
    ✓ Бурав C6           @ (9,2,1) hp=4/4
    ✓ Паук C8            @ (0,0,1) hp=1/1
    ✗ Артиллерия C1      @ (9,8,1) [уничтожен]
    ✗ Радиовышка C2      @ (8,6,1) [уничтожен]
    ✗ Прыгун C3          @ (8,9,1) [уничтожен]
    ✗ Факел C4           @ (9,6,1) [уничтожен]
    ✗ Провокатор C7      @ (7,8,1) [уничтожен]

======================================================================
ХОД 3
======================================================================
✓ 🎮 GM: начинаем ход
GM: start_turn

--- Радиовышки: сканирование слоя Z ---
  Радиовышка A2 (z=6): слой чист
  Радиовышка B2 (z=1): видит 2 врагов [+1 эксклюзивно] → Паук C8(0,0,1), Бурав C6(9,2,1)

--- Решения ботов ---
  [Team A] Артиллерия A1 (7,3,8) → SHOOT at (4,9,5)
  [Team A] Радиовышка A2 (5,2,6) → MOVE (5,3,5)
  [Team A] Прыгун A3 (2,2,6) → MOVE (3,3,5)
  [Team A] Факел A4 (7,6,8) → MOVE (7,5,8)
  [Team A] Тишина A5 (7,2,6) → MOVE (6,3,5)
  [Team A] Бурав A6 (4,0,7) → MOVE (5,1,6)
  [Team A] Провокатор A7 (2,5,6) → MOVE (3,5,5)
  [Team A] Паук A8 (5,7,6) → MOVE (5,6,5)
  [Team B] Радиовышка B2 (0,1,1) → MOVE (0,0,1)
  [Team B] Прыгун B3 (9,6,1) → SHOOT at (9,2,1)
  [Team B] Факел B4 (4,2,1) → SHOOT at (9,2,1)
  [Team B] Тишина B5 (3,4,2) → MOVE (2,3,1)
  [Team B] Бурав B6 (8,6,1) → MOVE (9,5,1)
  [Team B] Провокатор B7 (8,5,2) → HOLOGRAM (9,4,1)
  [Team B] Паук B8 (4,6,1) → MOVE (5,5,1)
  [Team C] Тишина C5 (1,2,1) → MOVE (0,1,1)
  [Team C] Бурав C6 (9,2,1) → MOVE (8,3,2)
  [Team C] Паук C8 → SKIP
! 🎮 GM: принудительно завершает фазу планирования
GM: end_planning
# 
============================================================
# 🔄 ОБРАБОТКА ХОДА 3
# ============================================================
   🪞 Провокатор B7 создал голограмму H3 в (9,4,1)

📦 ПЕРЕМЕЩЕНИЯ:
   Радиовышка A2: (5, 2, 6) → (5,3,5)
   Прыгун A3: (2, 2, 6) → (3,3,5)
   Факел A4: (7, 6, 8) → (7,5,8)
   Тишина A5: (7, 2, 6) → (6,3,5)
!    ⚠️ Бурав A6: Бурав двигается только по 1 оси или по 2 осям строго диагонально
   Провокатор A7: (2, 5, 6) → (3,5,5)
   Паук A8: (5, 7, 6) → (5,6,5)
!    ⚠️ Радиовышка B2: клетка (0,0,1) занята
   Тишина B5: (3, 4, 2) → (2,3,1)
   Бурав B6: (8, 6, 1) → (9,5,1)
   Паук B8: (4, 6, 1) → (5,5,1)
!    ⚠️ Тишина C5: клетка (0,1,1) занята
!    ⚠️ Бурав C6: Бурав двигается только по 1 оси или по 2 осям строго диагонально

🎯 ВЫСТРЕЛЫ:
!    🛡️ Выстрел Прыгун B3 заблокирован союзником Бурав B6 в (9, 5, 1)
✓    ✅ Факел B4 поразил Бурав C6 (1 урона)!
   Выпущено ракет: 3
# 
📊 РЕЗУЛЬТАТЫ ХОДА 3:
✓ 💥 ПОПАДАНИЯ:
✓    Факел B4 (Team B) → Бурав C6 (Team C)

--- Результаты хода ---
  Team B / Факел B4           → Team C / Бурав C6           @ (9,2,1)  (ранен)

--- Состояние команд после хода ---
  Team A: живых 8/8
    ✓ Артиллерия A1      @ (7,3,8) hp=1/1
    ✓ Радиовышка A2      @ (5,3,5) hp=3/3
    ✓ Прыгун A3          @ (3,3,5) hp=2/2
    ✓ Факел A4           @ (7,5,8) hp=6/6
    ✓ Тишина A5          @ (6,3,5) hp=2/2
    ✓ Бурав A6           @ (4,0,7) hp=4/4
    ✓ Провокатор A7      @ (3,5,5) hp=2/2
    ✓ Паук A8            @ (5,6,5) hp=1/1
  Team B: живых 7/8
    ✓ Радиовышка B2      @ (0,1,1) hp=1/3
    ✓ Прыгун B3          @ (9,6,1) hp=2/2
    ✓ Факел B4           @ (4,2,1) hp=6/6
    ✓ Тишина B5          @ (2,3,1) hp=2/2
    ✓ Бурав B6           @ (9,5,1) hp=4/4
    ✓ Провокатор B7      @ (8,5,2) hp=2/2
    ✓ Паук B8            @ (5,5,1) hp=1/1
    ✗ Артиллерия B1      @ (4,6,2) [уничтожен]
  Team C: живых 3/8
    ✓ Тишина C5          @ (1,2,1) hp=2/2
    ✓ Бурав C6           @ (9,2,1) hp=3/4
    ✓ Паук C8            @ (0,0,1) hp=1/1
    ✗ Артиллерия C1      @ (9,8,1) [уничтожен]
    ✗ Радиовышка C2      @ (8,6,1) [уничтожен]
    ✗ Прыгун C3          @ (8,9,1) [уничтожен]
    ✗ Факел C4           @ (9,6,1) [уничтожен]
    ✗ Провокатор C7      @ (7,8,1) [уничтожен]

======================================================================
ХОД 4
======================================================================
✓ 🎮 GM: начинаем ход
GM: start_turn

--- Радиовышки: сканирование слоя Z ---
  Радиовышка A2 (z=5): слой чист
  Радиовышка B2 (z=1): видит 2 врагов  → Паук C8(0,0,1), Бурав C6(9,2,1)

--- Решения ботов ---
  [Team A] Артиллерия A1 (7,3,8) → SHOOT at (8,5,2)
  [Team A] Радиовышка A2 (5,3,5) → MOVE (6,4,4)
  [Team A] Прыгун A3 (3,3,5) → MOVE (4,4,4)
  [Team A] Факел A4 (7,5,8) → MOVE (7,4,8)
  [Team A] Тишина A5 (6,3,5) → PHASE toggle
  [Team A] Бурав A6 (4,0,7) → MOVE (5,1,6)
  [Team A] Провокатор A7 (3,5,5) → HOLOGRAM (4,5,4)
  [Team A] Паук A8 (5,6,5) → MINE (6,5,4)
  [Team B] Радиовышка B2 (0,1,1) → MOVE (0,0,1)
  [Team B] Прыгун B3 (9,6,1) → SHOOT at (9,2,1)
  [Team B] Факел B4 (4,2,1) → SHOOT at (9,2,1)
  [Team B] Тишина B5 (2,3,1) → MOVE (1,2,1)
  [Team B] Бурав B6 (9,5,1) → MOVE (9,2,1)
  [Team B] Провокатор B7 (8,5,2) → HOLOGRAM (7,4,3)
  [Team B] Паук B8 (5,5,1) → MINE (5,4,2)
  [Team C] Тишина C5 (1,2,1) → MOVE (0,1,1)
  [Team C] Бурав C6 (9,2,1) → MOVE (9,5,1)
  [Team C] Паук C8 → SKIP
! 🎮 GM: принудительно завершает фазу планирования
GM: end_planning
# 
============================================================
# 🔄 ОБРАБОТКА ХОДА 4
# ============================================================
   🌀 Тишина A5: фаза ВКЛ
   🪞 Провокатор A7 создал голограмму H4 в (4,5,4)
   🪞 Провокатор B7 создал голограмму H5 в (7,4,3)
   💣 Паук A8 установил мину M4 в (6,5,4)
   💣 Паук B8 установил мину M5 в (5,4,2)

📦 ПЕРЕМЕЩЕНИЯ:
   Радиовышка A2: (5, 3, 5) → (6,4,4)
   Прыгун A3: (3, 3, 5) → (4,4,4)
   Факел A4: (7, 5, 8) → (7,4,8)
!    ⚠️ Бурав A6: Бурав двигается только по 1 оси или по 2 осям строго диагонально
!    ⚠️ Радиовышка B2: клетка (0,0,1) занята
   Тишина B5: (2, 3, 1) → (1,2,1)
✓    💥 Бурав B6 тараном уничтожил Бурав C6 в (9,2,1)
   Бурав B6: (9, 5, 1) → (9,2,1)
!    ⚠️ Тишина C5: клетка (0,1,1) занята

🎯 ВЫСТРЕЛЫ:
!    🛡️ Выстрел Прыгун B3 гасится собственной голограммой в (9, 4, 1)
!    🛡️ Выстрел Факел B4 заблокирован союзником Бурав B6 в (9, 2, 1)
✓    ✅ Артиллерия A1 поразил Провокатор B7 (2 урона)!
   Выпущено ракет: 3
# 
📊 РЕЗУЛЬТАТЫ ХОДА 4:
✓ 💥 ПОПАДАНИЯ:
✓    Артиллерия A1 (Team A) → Провокатор B7 (Team B)

--- Результаты хода ---
  Team B / Бурав B6           → Team C / Бурав C6           @ (9,2,1)  (УБИТ)
  Team A / Артиллерия A1      → Team B / Провокатор B7      @ (8,5,2)  (УБИТ)

--- Состояние команд после хода ---
  Team A: живых 8/8
    ✓ Артиллерия A1      @ (7,3,8) hp=1/1
    ✓ Радиовышка A2      @ (6,4,4) hp=3/3
    ✓ Прыгун A3          @ (4,4,4) hp=2/2
    ✓ Факел A4           @ (7,4,8) hp=6/6
    ✓ Тишина A5          @ (6,3,5) hp=2/2
    ✓ Бурав A6           @ (4,0,7) hp=4/4
    ✓ Провокатор A7      @ (3,5,5) hp=2/2
    ✓ Паук A8            @ (5,6,5) hp=1/1
  Team B: живых 6/8
    ✓ Радиовышка B2      @ (0,1,1) hp=1/3
    ✓ Прыгун B3          @ (9,6,1) hp=2/2
    ✓ Факел B4           @ (4,2,1) hp=6/6
    ✓ Тишина B5          @ (1,2,1) hp=2/2
    ✓ Бурав B6           @ (9,2,1) hp=4/4
    ✓ Паук B8            @ (5,5,1) hp=1/1
    ✗ Артиллерия B1      @ (4,6,2) [уничтожен]
    ✗ Провокатор B7      @ (8,5,2) [уничтожен]
  Team C: живых 2/8
    ✓ Тишина C5          @ (1,2,1) hp=2/2
    ✓ Паук C8            @ (0,0,1) hp=1/1
    ✗ Артиллерия C1      @ (9,8,1) [уничтожен]
    ✗ Радиовышка C2      @ (8,6,1) [уничтожен]
    ✗ Прыгун C3          @ (8,9,1) [уничтожен]
    ✗ Факел C4           @ (9,6,1) [уничтожен]
    ✗ Бурав C6           @ (9,2,1) [уничтожен]
    ✗ Провокатор C7      @ (7,8,1) [уничтожен]

======================================================================
ХОД 5
======================================================================
✓ 🎮 GM: начинаем ход
GM: start_turn

--- Радиовышки: сканирование слоя Z ---
  Радиовышка A2 (z=4): слой чист
  Радиовышка B2 (z=1): видит 1 врагов  → Паук C8(0,0,1)

--- Решения ботов ---
  [Team A] Артиллерия A1 (7,3,8) → SHOOT at (9,6,1)
  [Team A] Радиовышка A2 (6,4,4) → MOVE (7,5,3)
  [Team A] Прыгун A3 (4,4,4) → MOVE (4,3,3)
  [Team A] Тишина A5 (6,3,5) → MOVE (7,4,4)
  [Team A] Бурав A6 (4,0,7) → MOVE (5,1,6)
  [Team A] Провокатор A7 (3,5,5) → HOLOGRAM (3,5,4)
  [Team A] Паук A8 (5,6,5) → MINE (6,6,4)
  [Team A] Факел A4 → SKIP
  [Team B] Радиовышка B2 (0,1,1) → MOVE (0,0,1)
  [Team B] Прыгун B3 (9,6,1) → MOVE (8,5,2)
  [Team B] Факел B4 (4,2,1) → MOVE (3,1,1)
  [Team B] Тишина B5 (1,2,1) → PHASE toggle
  [Team B] Бурав B6 (9,2,1) → MOVE (8,3,2)
  [Team B] Паук B8 (5,5,1) → MINE (6,4,2)
  [Team C] Паук C8 (0,0,1) → MINE (0,1,1)
  [Team C] Тишина C5 → SKIP
! 🎮 GM: принудительно завершает фазу планирования
GM: end_planning
# 
============================================================
# 🔄 ОБРАБОТКА ХОДА 5
# ============================================================
   🌀 Тишина B5: фаза ВКЛ
   🪞 Провокатор A7 создал голограмму H6 в (3,5,4)
   💣 Паук A8 установил мину M6 в (6,6,4)
   💣 Паук B8 установил мину M7 в (6,4,2)
!    ⚠️ Паук C8: клетка (0,1,1) занята кораблём

📦 ПЕРЕМЕЩЕНИЯ:
   Радиовышка A2: (6, 4, 4) → (7,5,3)
   Прыгун A3: (4, 4, 4) → (4,3,3)
   Тишина A5: (6, 3, 5) → (7,4,4)
!    ⚠️ Бурав A6: Бурав двигается только по 1 оси или по 2 осям строго диагонально
!    ⚠️ Радиовышка B2: клетка (0,0,1) занята
   Прыгун B3: (9, 6, 1) → (8,5,2)
   Факел B4: (4, 2, 1) → (3,1,1)
!    ⚠️ Бурав B6: Бурав двигается только по 1 оси или по 2 осям строго диагонально

🎯 ВЫСТРЕЛЫ:
   Выпущено ракет: 1
# 
📊 РЕЗУЛЬТАТЫ ХОДА 5:
🎯 Попаданий нет

--- Результаты хода ---
  Попаданий нет

--- Состояние команд после хода ---
  Team A: живых 8/8
    ✓ Артиллерия A1      @ (7,3,8) hp=1/1
    ✓ Радиовышка A2      @ (7,5,3) hp=3/3
    ✓ Прыгун A3          @ (4,3,3) hp=2/2
    ✓ Факел A4           @ (7,4,8) hp=6/6
    ✓ Тишина A5          @ (7,4,4) hp=2/2
    ✓ Бурав A6           @ (4,0,7) hp=4/4
    ✓ Провокатор A7      @ (3,5,5) hp=2/2
    ✓ Паук A8            @ (5,6,5) hp=1/1
  Team B: живых 6/8
    ✓ Радиовышка B2      @ (0,1,1) hp=1/3
    ✓ Прыгун B3          @ (8,5,2) hp=2/2
    ✓ Факел B4           @ (3,1,1) hp=6/6
    ✓ Тишина B5          @ (1,2,1) hp=2/2
    ✓ Бурав B6           @ (9,2,1) hp=4/4
    ✓ Паук B8            @ (5,5,1) hp=1/1
    ✗ Артиллерия B1      @ (4,6,2) [уничтожен]
    ✗ Провокатор B7      @ (8,5,2) [уничтожен]
  Team C: живых 2/8
    ✓ Тишина C5          @ (1,2,1) hp=2/2
    ✓ Паук C8            @ (0,0,1) hp=1/1
    ✗ Артиллерия C1      @ (9,8,1) [уничтожен]
    ✗ Радиовышка C2      @ (8,6,1) [уничтожен]
    ✗ Прыгун C3          @ (8,9,1) [уничтожен]
    ✗ Факел C4           @ (9,6,1) [уничтожен]
    ✗ Бурав C6           @ (9,2,1) [уничтожен]
    ✗ Провокатор C7      @ (7,8,1) [уничтожен]

======================================================================
ХОД 6
======================================================================
✓ 🎮 GM: начинаем ход
GM: start_turn

--- Радиовышки: сканирование слоя Z ---
  Радиовышка A2 (z=3): слой чист
  Радиовышка B2 (z=1): видит 1 врагов  → Паук C8(0,0,1)

--- Решения ботов ---
  [Team A] Артиллерия A1 (7,3,8) → SHOOT at (8,5,2)
  [Team A] Радиовышка A2 (7,5,3) → MOVE (8,5,2)
  [Team A] Прыгун A3 (4,3,3) → MOVE (3,1,1)
  [Team A] Тишина A5 (7,4,4) → MOVE (8,5,3)
  [Team A] Бурав A6 (4,0,7) → MOVE (5,1,6)
  [Team A] Провокатор A7 (3,5,5) → HOLOGRAM (3,4,4)
  [Team A] Паук A8 (5,6,5) → MINE (6,5,4)
  [Team A] Факел A4 → SKIP
  [Team B] Радиовышка B2 (0,1,1) → MOVE (0,0,1)
  [Team B] Прыгун B3 (8,5,2) → MOVE (7,5,3)
  [Team B] Факел B4 (3,1,1) → MOVE (2,1,1)
  [Team B] Тишина B5 (1,2,1) → MOVE (0,2,1)
  [Team B] Бурав B6 (9,2,1) → MOVE (8,3,2)
  [Team B] Паук B8 (5,5,1) → MINE (6,5,2)
  [Team C] Тишина C5 (1,2,1) → MOVE (0,1,1)
  [Team C] Паук C8 → SKIP
! 🎮 GM: принудительно завершает фазу планирования
GM: end_planning
# 
============================================================
# 🔄 ОБРАБОТКА ХОДА 6
# ============================================================
   🪞 Провокатор A7 создал голограмму H7 в (3,4,4)
!    ⚠️ Паук A8: в клетке уже стоит мина
   💣 Паук B8 установил мину M8 в (6,5,2)

📦 ПЕРЕМЕЩЕНИЯ:
!    ⚠️ Радиовышка A2: клетка (8,5,2) занята
✓    💥 Прыгун A3 тараном уничтожил Факел B4 в (3,1,1)
   Прыгун A3: (4, 3, 3) → (3,1,1)
   Тишина A5: (7, 4, 4) → (8,5,3)
!    ⚠️ Бурав A6: Бурав двигается только по 1 оси или по 2 осям строго диагонально
!    ⚠️ Радиовышка B2: клетка (0,0,1) занята
✓    💥 Прыгун B3 тараном уничтожил Радиовышка A2 в (7,5,3)
   Прыгун B3: (8, 5, 2) → (7,5,3)
   Тишина B5: (1, 2, 1) → (0,2,1)
!    ⚠️ Бурав B6: Бурав двигается только по 1 оси или по 2 осям строго диагонально
!    ⚠️ Тишина C5: клетка (0,1,1) занята

🎯 ВЫСТРЕЛЫ:
   Выпущено ракет: 1
# 
📊 РЕЗУЛЬТАТЫ ХОДА 6:
🎯 Попаданий нет

--- Результаты хода ---
  Team A / Прыгун A3          → Team B / Факел B4           @ (3,1,1)  (УБИТ)
  Team B / Прыгун B3          → Team A / Радиовышка A2      @ (7,5,3)  (УБИТ)

--- Состояние команд после хода ---
  Team A: живых 7/8
    ✓ Артиллерия A1      @ (7,3,8) hp=1/1
    ✓ Прыгун A3          @ (3,1,1) hp=2/2
    ✓ Факел A4           @ (7,4,8) hp=6/6
    ✓ Тишина A5          @ (8,5,3) hp=2/2
    ✓ Бурав A6           @ (4,0,7) hp=4/4
    ✓ Провокатор A7      @ (3,5,5) hp=2/2
    ✓ Паук A8            @ (5,6,5) hp=1/1
    ✗ Радиовышка A2      @ (7,5,3) [уничтожен]
  Team B: живых 5/8
    ✓ Радиовышка B2      @ (0,1,1) hp=1/3
    ✓ Прыгун B3          @ (7,5,3) hp=2/2
    ✓ Тишина B5          @ (0,2,1) hp=2/2
    ✓ Бурав B6           @ (9,2,1) hp=4/4
    ✓ Паук B8            @ (5,5,1) hp=1/1
    ✗ Артиллерия B1      @ (4,6,2) [уничтожен]
    ✗ Факел B4           @ (3,1,1) [уничтожен]
    ✗ Провокатор B7      @ (8,5,2) [уничтожен]
  Team C: живых 2/8
    ✓ Тишина C5          @ (1,2,1) hp=2/2
    ✓ Паук C8            @ (0,0,1) hp=1/1
    ✗ Артиллерия C1      @ (9,8,1) [уничтожен]
    ✗ Радиовышка C2      @ (8,6,1) [уничтожен]
    ✗ Прыгун C3          @ (8,9,1) [уничтожен]
    ✗ Факел C4           @ (9,6,1) [уничтожен]
    ✗ Бурав C6           @ (9,2,1) [уничтожен]
    ✗ Провокатор C7      @ (7,8,1) [уничтожен]

======================================================================
ХОД 7
======================================================================
✓ 🎮 GM: начинаем ход
GM: start_turn

--- Радиовышки: сканирование слоя Z ---
  Радиовышка B2 (z=1): видит 2 врагов  → Прыгун A3(3,1,1), Паук C8(0,0,1)

--- Решения ботов ---
  [Team A] Артиллерия A1 (7,3,8) → SHOOT at (7,5,3)
  [Team A] Прыгун A3 (3,1,1) → SHOOT at (0,1,1)
  [Team A] Тишина A5 (8,5,3) → MOVE (7,5,3)
  [Team A] Бурав A6 (4,0,7) → MOVE (5,1,6)
  [Team A] Провокатор A7 (3,5,5) → HOLOGRAM (2,4,4)
  [Team A] Паук A8 (5,6,5) → MINE (6,5,4)
  [Team A] Факел A4 → SKIP
  [Team B] Радиовышка B2 (0,1,1) → MOVE (0,0,1)
  [Team B] Прыгун B3 (7,5,3) → MOVE (5,6,5)
  [Team B] Бурав B6 (9,2,1) → MOVE (8,3,2)
  [Team B] Паук B8 (5,5,1) → MINE (4,4,1)
  [Team B] Тишина B5 → SKIP
  [Team C] Тишина C5 (1,2,1) → MOVE (0,1,1)
  [Team C] Паук C8 → SKIP
! 🎮 GM: принудительно завершает фазу планирования
GM: end_planning
# 
============================================================
# 🔄 ОБРАБОТКА ХОДА 7
# ============================================================
   🪞 Провокатор A7 создал голограмму H8 в (2,4,4)
!    ⚠️ Паук A8: в клетке уже стоит мина
   💣 Паук B8 установил мину M9 в (4,4,1)

📦 ПЕРЕМЕЩЕНИЯ:
!    ⚠️ Тишина A5: клетка (7,5,3) занята
!    ⚠️ Бурав A6: Бурав двигается только по 1 оси или по 2 осям строго диагонально
!    ⚠️ Радиовышка B2: клетка (0,0,1) занята
✓    💥 Прыгун B3 тараном уничтожил Паук A8 в (5,6,5)
   Прыгун B3: (7, 5, 3) → (5,6,5)
!    ⚠️ Бурав B6: Бурав двигается только по 1 оси или по 2 осям строго диагонально
!    ⚠️ Тишина C5: клетка (0,1,1) занята

🎯 ВЫСТРЕЛЫ:
✓    ✅ Прыгун A3 поразил Радиовышка B2 (1 урона)!
   Выпущено ракет: 2
# 
📊 РЕЗУЛЬТАТЫ ХОДА 7:
✓ 💥 ПОПАДАНИЯ:
✓    Прыгун A3 (Team A) → Радиовышка B2 (Team B)

--- Результаты хода ---
  Team B / Прыгун B3          → Team A / Паук A8            @ (5,6,5)  (УБИТ)
  Team A / Прыгун A3          → Team B / Радиовышка B2      @ (0,1,1)  (УБИТ)

--- Состояние команд после хода ---
  Team A: живых 6/8
    ✓ Артиллерия A1      @ (7,3,8) hp=1/1
    ✓ Прыгун A3          @ (3,1,1) hp=2/2
    ✓ Факел A4           @ (7,4,8) hp=6/6
    ✓ Тишина A5          @ (8,5,3) hp=2/2
    ✓ Бурав A6           @ (4,0,7) hp=4/4
    ✓ Провокатор A7      @ (3,5,5) hp=2/2
    ✗ Радиовышка A2      @ (7,5,3) [уничтожен]
    ✗ Паук A8            @ (5,6,5) [уничтожен]
  Team B: живых 4/8
    ✓ Прыгун B3          @ (5,6,5) hp=2/2
    ✓ Тишина B5          @ (0,2,1) hp=2/2
    ✓ Бурав B6           @ (9,2,1) hp=4/4
    ✓ Паук B8            @ (5,5,1) hp=1/1
    ✗ Артиллерия B1      @ (4,6,2) [уничтожен]
    ✗ Радиовышка B2      @ (0,1,1) [уничтожен]
    ✗ Факел B4           @ (3,1,1) [уничтожен]
    ✗ Провокатор B7      @ (8,5,2) [уничтожен]
  Team C: живых 2/8
    ✓ Тишина C5          @ (1,2,1) hp=2/2
    ✓ Паук C8            @ (0,0,1) hp=1/1
    ✗ Артиллерия C1      @ (9,8,1) [уничтожен]
    ✗ Радиовышка C2      @ (8,6,1) [уничтожен]
    ✗ Прыгун C3          @ (8,9,1) [уничтожен]
    ✗ Факел C4           @ (9,6,1) [уничтожен]
    ✗ Бурав C6           @ (9,2,1) [уничтожен]
    ✗ Провокатор C7      @ (7,8,1) [уничтожен]

======================================================================
ХОД 8
======================================================================
✓ 🎮 GM: начинаем ход
GM: start_turn

--- Радиовышки: сканирование слоя Z ---
  (у команд не осталось живых радиовышек)

--- Решения ботов ---
  [Team A] Артиллерия A1 (7,3,8) → SHOOT at (5,6,5)
  [Team A] Прыгун A3 (3,1,1) → MOVE (2,0,1)
  [Team A] Тишина A5 (8,5,3) → MOVE (7,6,4)
  [Team A] Бурав A6 (4,0,7) → MOVE (5,1,6)
  [Team A] Провокатор A7 (3,5,5) → HOLOGRAM (4,6,5)
  [Team A] Факел A4 → SKIP
  [Team B] Прыгун B3 (5,6,5) → MOVE (3,5,5)
  [Team B] Тишина B5 (0,2,1) → MOVE (0,1,1)
  [Team B] Бурав B6 (9,2,1) → MOVE (8,1,1)
  [Team B] Паук B8 (5,5,1) → MINE (4,4,1)
  [Team C] Тишина C5 (1,2,1) → MOVE (2,1,1)
  [Team C] Паук C8 (0,0,1) → MINE (1,1,1)
! 🎮 GM: принудительно завершает фазу планирования
GM: end_planning
# 
============================================================
# 🔄 ОБРАБОТКА ХОДА 8
# ============================================================
   🪞 Провокатор A7 создал голограмму H9 в (4,6,5)
!    ⚠️ Паук B8: в клетке уже стоит мина
   💣 Паук C8 установил мину M10 в (1,1,1)

📦 ПЕРЕМЕЩЕНИЯ:
   Прыгун A3: (3, 1, 1) → (2,0,1)
   Тишина A5: (8, 5, 3) → (7,6,4)
!    ⚠️ Бурав A6: Бурав двигается только по 1 оси или по 2 осям строго диагонально
✓    💥 Прыгун B3 тараном уничтожил Провокатор A7 в (3,5,5)
   Прыгун B3: (5, 6, 5) → (3,5,5)
   Тишина B5: (0, 2, 1) → (0,1,1)
   Бурав B6: (9, 2, 1) → (8,1,1)
   Тишина C5: (1, 2, 1) → (2,1,1)

🎯 ВЫСТРЕЛЫ:
   Выпущено ракет: 1
# 
📊 РЕЗУЛЬТАТЫ ХОДА 8:
🎯 Попаданий нет

--- Результаты хода ---
  Team B / Прыгун B3          → Team A / Провокатор A7      @ (3,5,5)  (УБИТ)

--- Состояние команд после хода ---
  Team A: живых 5/8
    ✓ Артиллерия A1      @ (7,3,8) hp=1/1
    ✓ Прыгун A3          @ (2,0,1) hp=2/2
    ✓ Факел A4           @ (7,4,8) hp=6/6
    ✓ Тишина A5          @ (7,6,4) hp=2/2
    ✓ Бурав A6           @ (4,0,7) hp=4/4
    ✗ Радиовышка A2      @ (7,5,3) [уничтожен]
    ✗ Провокатор A7      @ (3,5,5) [уничтожен]
    ✗ Паук A8            @ (5,6,5) [уничтожен]
  Team B: живых 4/8
    ✓ Прыгун B3          @ (3,5,5) hp=2/2
    ✓ Тишина B5          @ (0,1,1) hp=2/2
    ✓ Бурав B6           @ (8,1,1) hp=4/4
    ✓ Паук B8            @ (5,5,1) hp=1/1
    ✗ Артиллерия B1      @ (4,6,2) [уничтожен]
    ✗ Радиовышка B2      @ (0,1,1) [уничтожен]
    ✗ Факел B4           @ (3,1,1) [уничтожен]
    ✗ Провокатор B7      @ (8,5,2) [уничтожен]
  Team C: живых 2/8
    ✓ Тишина C5          @ (2,1,1) hp=2/2
    ✓ Паук C8            @ (0,0,1) hp=1/1
    ✗ Артиллерия C1      @ (9,8,1) [уничтожен]
    ✗ Радиовышка C2      @ (8,6,1) [уничтожен]
    ✗ Прыгун C3          @ (8,9,1) [уничтожен]
    ✗ Факел C4           @ (9,6,1) [уничтожен]
    ✗ Бурав C6           @ (9,2,1) [уничтожен]
    ✗ Провокатор C7      @ (7,8,1) [уничтожен]

======================================================================
ХОД 9
======================================================================
✓ 🎮 GM: начинаем ход
GM: start_turn

--- Радиовышки: сканирование слоя Z ---
  (у команд не осталось живых радиовышек)

--- Решения ботов ---
  [Team A] Артиллерия A1 (7,3,8) → SHOOT at (0,0,1)
  [Team A] Прыгун A3 (2,0,1) → MOVE (0,0,1)
  [Team A] Тишина A5 (7,6,4) → PHASE toggle
  [Team A] Бурав A6 (4,0,7) → MOVE (5,1,6)
  [Team A] Факел A4 → SKIP
  [Team B] Прыгун B3 (3,5,5) → MOVE (2,4,4)
  [Team B] Тишина B5 (0,1,1) → MOVE (0,0,1)
  [Team B] Бурав B6 (8,1,1) → MOVE (7,0,1)
  [Team B] Паук B8 (5,5,1) → MOVE (4,4,1)
  [Team C] Тишина C5 (2,1,1) → MOVE (2,0,1)
  [Team C] Паук C8 (0,0,1) → MINE (1,0,1)
! 🎮 GM: принудительно завершает фазу планирования
GM: end_planning
# 
============================================================
# 🔄 ОБРАБОТКА ХОДА 9
# ============================================================
   🌀 Тишина A5: фаза ВЫКЛ
   💣 Паук C8 установил мину M11 в (1,0,1)

📦 ПЕРЕМЕЩЕНИЯ:
✓    💥 Прыгун A3 тараном уничтожил Паук C8 в (0,0,1)
   Прыгун A3: (2, 0, 1) → (0,0,1)
!    ⚠️ Бурав A6: Бурав двигается только по 1 оси или по 2 осям строго диагонально
✓    💥 Прыгун B3 тараном сбросил голограмму H8
   Прыгун B3: (3, 5, 5) → (2,4,4)
!    ⚠️ Тишина B5: клетка (0,0,1) занята
   Бурав B6: (8, 1, 1) → (7,0,1)
   Паук B8: (5, 5, 1) → (4,4,1)
   Тишина C5: (2, 1, 1) → (2,0,1)

🎯 ВЫСТРЕЛЫ:
   Выпущено ракет: 1
# 
📊 РЕЗУЛЬТАТЫ ХОДА 9:
🎯 Попаданий нет

--- Результаты хода ---
  Team A / Прыгун A3          → Team C / Паук C8            @ (0,0,1)  (УБИТ)

--- Состояние команд после хода ---
  Team A: живых 5/8
    ✓ Артиллерия A1      @ (7,3,8) hp=1/1
    ✓ Прыгун A3          @ (0,0,1) hp=2/2
    ✓ Факел A4           @ (7,4,8) hp=6/6
    ✓ Тишина A5          @ (7,6,4) hp=2/2
    ✓ Бурав A6           @ (4,0,7) hp=4/4
    ✗ Радиовышка A2      @ (7,5,3) [уничтожен]
    ✗ Провокатор A7      @ (3,5,5) [уничтожен]
    ✗ Паук A8            @ (5,6,5) [уничтожен]
  Team B: живых 4/8
    ✓ Прыгун B3          @ (2,4,4) hp=2/2
    ✓ Тишина B5          @ (0,1,1) hp=2/2
    ✓ Бурав B6           @ (7,0,1) hp=4/4
    ✓ Паук B8            @ (4,4,1) hp=1/1
    ✗ Артиллерия B1      @ (4,6,2) [уничтожен]
    ✗ Радиовышка B2      @ (0,1,1) [уничтожен]
    ✗ Факел B4           @ (3,1,1) [уничтожен]
    ✗ Провокатор B7      @ (8,5,2) [уничтожен]
  Team C: живых 1/8
    ✓ Тишина C5          @ (2,0,1) hp=2/2
    ✗ Артиллерия C1      @ (9,8,1) [уничтожен]
    ✗ Радиовышка C2      @ (8,6,1) [уничтожен]
    ✗ Прыгун C3          @ (8,9,1) [уничтожен]
    ✗ Факел C4           @ (9,6,1) [уничтожен]
    ✗ Бурав C6           @ (9,2,1) [уничтожен]
    ✗ Провокатор C7      @ (7,8,1) [уничтожен]
    ✗ Паук C8            @ (0,0,1) [уничтожен]

======================================================================
ХОД 10
======================================================================
✓ 🎮 GM: начинаем ход
GM: start_turn

--- Радиовышки: сканирование слоя Z ---
  (у команд не осталось живых радиовышек)

--- Решения ботов ---
  [Team A] Артиллерия A1 (7,3,8) → SHOOT at (4,4,1)
  [Team A] Прыгун A3 (0,0,1) → MOVE (1,1,1)
  [Team A] Тишина A5 (7,6,4) → MOVE (6,5,3)
  [Team A] Бурав A6 (4,0,7) → MOVE (4,1,6)
  [Team A] Факел A4 → SKIP
  [Team B] Прыгун B3 (2,4,4) → MOVE (1,3,3)
  [Team B] Тишина B5 (0,1,1) → MOVE (0,0,1)
  [Team B] Бурав B6 (7,0,1) → MOVE (7,1,2)
  [Team B] Паук B8 (4,4,1) → MINE (5,5,2)
  [Team C] Тишина C5 (2,0,1) → MOVE (1,0,1)
! 🎮 GM: принудительно завершает фазу планирования
GM: end_planning
# 
============================================================
# 🔄 ОБРАБОТКА ХОДА 10
# ============================================================
   💣 Паук B8 установил мину M12 в (5,5,2)

📦 ПЕРЕМЕЩЕНИЯ:
   Прыгун A3: (0, 0, 1) → (1,1,1)
!    💥 Мина M10 сработала под Прыгун A3 (урон 2) — КОРАБЛЬ УНИЧТОЖЕН
   Тишина A5: (7, 6, 4) → (6,5,3)
   Бурав A6: (4, 0, 7) → (4,1,6)
   Прыгун B3: (2, 4, 4) → (1,3,3)
   Тишина B5: (0, 1, 1) → (0,0,1)
   Бурав B6: (7, 0, 1) → (7,1,2)
   Тишина C5: (2, 0, 1) → (1,0,1)

🎯 ВЫСТРЕЛЫ:
✓    ✅ Артиллерия A1 поразил Паук B8 (2 урона)!
   Выпущено ракет: 1
# 
📊 РЕЗУЛЬТАТЫ ХОДА 10:
✓ 💥 ПОПАДАНИЯ:
✓    Артиллерия A1 (Team A) → Паук B8 (Team B)

--- Результаты хода ---
  ? / ?                  → Team A / Прыгун A3          @ (1,1,1)  (УБИТ)
  Team A / Артиллерия A1      → Team B / Паук B8            @ (4,4,1)  (УБИТ)

--- Состояние команд после хода ---
  Team A: живых 4/8
    ✓ Артиллерия A1      @ (7,3,8) hp=1/1
    ✓ Факел A4           @ (7,4,8) hp=6/6
    ✓ Тишина A5          @ (6,5,3) hp=2/2
    ✓ Бурав A6           @ (4,1,6) hp=4/4
    ✗ Радиовышка A2      @ (7,5,3) [уничтожен]
    ✗ Прыгун A3          @ (1,1,1) [уничтожен]
    ✗ Провокатор A7      @ (3,5,5) [уничтожен]
    ✗ Паук A8            @ (5,6,5) [уничтожен]
  Team B: живых 3/8
    ✓ Прыгун B3          @ (1,3,3) hp=2/2
    ✓ Тишина B5          @ (0,0,1) hp=2/2
    ✓ Бурав B6           @ (7,1,2) hp=4/4
    ✗ Артиллерия B1      @ (4,6,2) [уничтожен]
    ✗ Радиовышка B2      @ (0,1,1) [уничтожен]
    ✗ Факел B4           @ (3,1,1) [уничтожен]
    ✗ Провокатор B7      @ (8,5,2) [уничтожен]
    ✗ Паук B8            @ (4,4,1) [уничтожен]
  Team C: живых 1/8
    ✓ Тишина C5          @ (1,0,1) hp=2/2
    ✗ Артиллерия C1      @ (9,8,1) [уничтожен]
    ✗ Радиовышка C2      @ (8,6,1) [уничтожен]
    ✗ Прыгун C3          @ (8,9,1) [уничтожен]
    ✗ Факел C4           @ (9,6,1) [уничтожен]
    ✗ Бурав C6           @ (9,2,1) [уничтожен]
    ✗ Провокатор C7      @ (7,8,1) [уничтожен]
    ✗ Паук C8            @ (0,0,1) [уничтожен]

======================================================================
ХОД 11
======================================================================
✓ 🎮 GM: начинаем ход
GM: start_turn

--- Радиовышки: сканирование слоя Z ---
  (у команд не осталось живых радиовышек)

--- Решения ботов ---
  [Team A] Артиллерия A1 (7,3,8) → SHOOT at (1,3,3)
  [Team A] Тишина A5 (6,5,3) → PHASE toggle
  [Team A] Бурав A6 (4,1,6) → MOVE (3,2,5)
  [Team A] Факел A4 → SKIP
  [Team B] Прыгун B3 (1,3,3) → MOVE (2,2,4)
  [Team B] Тишина B5 (0,0,1) → PHASE toggle
  [Team B] Бурав B6 (7,1,2) → MOVE (6,1,3)
  [Team C] Тишина C5 (1,0,1) → MOVE (1,1,2)
! 🎮 GM: принудительно завершает фазу планирования
GM: end_planning
# 
============================================================
# 🔄 ОБРАБОТКА ХОДА 11
# ============================================================
   🌀 Тишина A5: фаза ВКЛ
   🌀 Тишина B5: фаза ВЫКЛ

📦 ПЕРЕМЕЩЕНИЯ:
!    ⚠️ Бурав A6: Бурав двигается только по 1 оси или по 2 осям строго диагонально
   Прыгун B3: (1, 3, 3) → (2,2,4)
   Бурав B6: (7, 1, 2) → (6,1,3)
   Тишина C5: (1, 0, 1) → (1,1,2)

🎯 ВЫСТРЕЛЫ:
   Выпущено ракет: 1
# 
📊 РЕЗУЛЬТАТЫ ХОДА 11:
🎯 Попаданий нет

--- Результаты хода ---
  Попаданий нет

--- Состояние команд после хода ---
  Team A: живых 4/8
    ✓ Артиллерия A1      @ (7,3,8) hp=1/1
    ✓ Факел A4           @ (7,4,8) hp=6/6
    ✓ Тишина A5          @ (6,5,3) hp=2/2
    ✓ Бурав A6           @ (4,1,6) hp=4/4
    ✗ Радиовышка A2      @ (7,5,3) [уничтожен]
    ✗ Прыгун A3          @ (1,1,1) [уничтожен]
    ✗ Провокатор A7      @ (3,5,5) [уничтожен]
    ✗ Паук A8            @ (5,6,5) [уничтожен]
  Team B: живых 3/8
    ✓ Прыгун B3          @ (2,2,4) hp=2/2
    ✓ Тишина B5          @ (0,0,1) hp=2/2
    ✓ Бурав B6           @ (6,1,3) hp=4/4
    ✗ Артиллерия B1      @ (4,6,2) [уничтожен]
    ✗ Радиовышка B2      @ (0,1,1) [уничтожен]
    ✗ Факел B4           @ (3,1,1) [уничтожен]
    ✗ Провокатор B7      @ (8,5,2) [уничтожен]
    ✗ Паук B8            @ (4,4,1) [уничтожен]
  Team C: живых 1/8
    ✓ Тишина C5          @ (1,1,2) hp=2/2
    ✗ Артиллерия C1      @ (9,8,1) [уничтожен]
    ✗ Радиовышка C2      @ (8,6,1) [уничтожен]
    ✗ Прыгун C3          @ (8,9,1) [уничтожен]
    ✗ Факел C4           @ (9,6,1) [уничтожен]
    ✗ Бурав C6           @ (9,2,1) [уничтожен]
    ✗ Провокатор C7      @ (7,8,1) [уничтожен]
    ✗ Паук C8            @ (0,0,1) [уничтожен]

======================================================================
ХОД 12
======================================================================
✓ 🎮 GM: начинаем ход
GM: start_turn

--- Радиовышки: сканирование слоя Z ---
  (у команд не осталось живых радиовышек)

--- Решения ботов ---
  [Team A] Артиллерия A1 (7,3,8) → SHOOT at (2,2,4)
  [Team A] Тишина A5 (6,5,3) → MOVE (5,4,4)
  [Team A] Бурав A6 (4,1,6) → MOVE (3,2,5)
  [Team A] Факел A4 → SKIP
  [Team B] Прыгун B3 (2,2,4) → MOVE (4,1,6)
  [Team B] Тишина B5 (0,0,1) → MOVE (1,1,2)
  [Team B] Бурав B6 (6,1,3) → MOVE (5,1,4)
  [Team C] Тишина C5 (1,1,2) → MOVE (0,0,1)
! 🎮 GM: принудительно завершает фазу планирования
GM: end_planning
# 
============================================================
# 🔄 ОБРАБОТКА ХОДА 12
# ============================================================

📦 ПЕРЕМЕЩЕНИЯ:
   Тишина A5: (6, 5, 3) → (5,4,4)
!    ⚠️ Бурав A6: Бурав двигается только по 1 оси или по 2 осям строго диагонально
✓    💥 Прыгун B3 тараном уничтожил Бурав A6 в (4,1,6)
   Прыгун B3: (2, 2, 4) → (4,1,6)
   Тишина B5: (0, 0, 1) → (1,1,2)
   Бурав B6: (6, 1, 3) → (5,1,4)
   Тишина C5: (1, 1, 2) → (0,0,1)

🎯 ВЫСТРЕЛЫ:
   Выпущено ракет: 1
# 
📊 РЕЗУЛЬТАТЫ ХОДА 12:
🎯 Попаданий нет

--- Результаты хода ---
  Team B / Прыгун B3          → Team A / Бурав A6           @ (4,1,6)  (УБИТ)

--- Состояние команд после хода ---
  Team A: живых 3/8
    ✓ Артиллерия A1      @ (7,3,8) hp=1/1
    ✓ Факел A4           @ (7,4,8) hp=6/6
    ✓ Тишина A5          @ (5,4,4) hp=2/2
    ✗ Радиовышка A2      @ (7,5,3) [уничтожен]
    ✗ Прыгун A3          @ (1,1,1) [уничтожен]
    ✗ Бурав A6           @ (4,1,6) [уничтожен]
    ✗ Провокатор A7      @ (3,5,5) [уничтожен]
    ✗ Паук A8            @ (5,6,5) [уничтожен]
  Team B: живых 3/8
    ✓ Прыгун B3          @ (4,1,6) hp=2/2
    ✓ Тишина B5          @ (1,1,2) hp=2/2
    ✓ Бурав B6           @ (5,1,4) hp=4/4
    ✗ Артиллерия B1      @ (4,6,2) [уничтожен]
    ✗ Радиовышка B2      @ (0,1,1) [уничтожен]
    ✗ Факел B4           @ (3,1,1) [уничтожен]
    ✗ Провокатор B7      @ (8,5,2) [уничтожен]
    ✗ Паук B8            @ (4,4,1) [уничтожен]
  Team C: живых 1/8
    ✓ Тишина C5          @ (0,0,1) hp=2/2
    ✗ Артиллерия C1      @ (9,8,1) [уничтожен]
    ✗ Радиовышка C2      @ (8,6,1) [уничтожен]
    ✗ Прыгун C3          @ (8,9,1) [уничтожен]
    ✗ Факел C4           @ (9,6,1) [уничтожен]
    ✗ Бурав C6           @ (9,2,1) [уничтожен]
    ✗ Провокатор C7      @ (7,8,1) [уничтожен]
    ✗ Паук C8            @ (0,0,1) [уничтожен]

======================================================================
ХОД 13
======================================================================
✓ 🎮 GM: начинаем ход
GM: start_turn

--- Радиовышки: сканирование слоя Z ---
  (у команд не осталось живых радиовышек)

--- Решения ботов ---
  [Team A] Артиллерия A1 (7,3,8) → SHOOT at (4,1,6)
  [Team A] Тишина A5 (5,4,4) → MOVE (4,3,5)
  [Team A] Факел A4 → SKIP
  [Team B] Прыгун B3 (4,1,6) → MOVE (5,2,7)
  [Team B] Тишина B5 (1,1,2) → PHASE toggle
  [Team B] Бурав B6 (5,1,4) → MOVE (6,2,5)
  [Team C] Тишина C5 (0,0,1) → PHASE toggle
! 🎮 GM: принудительно завершает фазу планирования
GM: end_planning
# 
============================================================
# 🔄 ОБРАБОТКА ХОДА 13
# ============================================================
   🌀 Тишина B5: фаза ВКЛ
   🌀 Тишина C5: фаза ВЫКЛ

📦 ПЕРЕМЕЩЕНИЯ:
   Тишина A5: (5, 4, 4) → (4,3,5)
   Прыгун B3: (4, 1, 6) → (5,2,7)
!    ⚠️ Бурав B6: Бурав двигается только по 1 оси или по 2 осям строго диагонально

🎯 ВЫСТРЕЛЫ:
   Выпущено ракет: 1
# 
📊 РЕЗУЛЬТАТЫ ХОДА 13:
🎯 Попаданий нет

--- Результаты хода ---
  Попаданий нет

--- Состояние команд после хода ---
  Team A: живых 3/8
    ✓ Артиллерия A1      @ (7,3,8) hp=1/1
    ✓ Факел A4           @ (7,4,8) hp=6/6
    ✓ Тишина A5          @ (4,3,5) hp=2/2
    ✗ Радиовышка A2      @ (7,5,3) [уничтожен]
    ✗ Прыгун A3          @ (1,1,1) [уничтожен]
    ✗ Бурав A6           @ (4,1,6) [уничтожен]
    ✗ Провокатор A7      @ (3,5,5) [уничтожен]
    ✗ Паук A8            @ (5,6,5) [уничтожен]
  Team B: живых 3/8
    ✓ Прыгун B3          @ (5,2,7) hp=2/2
    ✓ Тишина B5          @ (1,1,2) hp=2/2
    ✓ Бурав B6           @ (5,1,4) hp=4/4
    ✗ Артиллерия B1      @ (4,6,2) [уничтожен]
    ✗ Радиовышка B2      @ (0,1,1) [уничтожен]
    ✗ Факел B4           @ (3,1,1) [уничтожен]
    ✗ Провокатор B7      @ (8,5,2) [уничтожен]
    ✗ Паук B8            @ (4,4,1) [уничтожен]
  Team C: живых 1/8
    ✓ Тишина C5          @ (0,0,1) hp=2/2
    ✗ Артиллерия C1      @ (9,8,1) [уничтожен]
    ✗ Радиовышка C2      @ (8,6,1) [уничтожен]
    ✗ Прыгун C3          @ (8,9,1) [уничтожен]
    ✗ Факел C4           @ (9,6,1) [уничтожен]
    ✗ Бурав C6           @ (9,2,1) [уничтожен]
    ✗ Провокатор C7      @ (7,8,1) [уничтожен]
    ✗ Паук C8            @ (0,0,1) [уничтожен]

======================================================================
ХОД 14
======================================================================
✓ 🎮 GM: начинаем ход
GM: start_turn

--- Радиовышки: сканирование слоя Z ---
  (у команд не осталось живых радиовышек)

--- Решения ботов ---
  [Team A] Артиллерия A1 (7,3,8) → SHOOT at (5,2,7)
  [Team A] Тишина A5 (4,3,5) → MOVE (5,2,6)
  [Team A] Факел A4 → SKIP
  [Team B] Прыгун B3 (5,2,7) → MOVE (7,3,8)
  [Team B] Тишина B5 (1,1,2) → MOVE (0,0,1)
  [Team B] Бурав B6 (5,1,4) → MOVE (6,2,5)
  [Team C] Тишина C5 (0,0,1) → MOVE (1,1,2)
! 🎮 GM: принудительно завершает фазу планирования
GM: end_planning
# 
============================================================
# 🔄 ОБРАБОТКА ХОДА 14
# ============================================================

📦 ПЕРЕМЕЩЕНИЯ:
   Тишина A5: (4, 3, 5) → (5,2,6)
✓    💥 Прыгун B3 тараном уничтожил Артиллерия A1 в (7,3,8)
   Прыгун B3: (5, 2, 7) → (7,3,8)
!    ⚠️ Тишина B5: клетка (0,0,1) занята
!    ⚠️ Бурав B6: Бурав двигается только по 1 оси или по 2 осям строго диагонально
   Тишина C5: (0, 0, 1) → (1,1,2)

🎯 ВЫСТРЕЛЫ:
   Выпущено ракет: 0
# 
📊 РЕЗУЛЬТАТЫ ХОДА 14:
🎯 Попаданий нет

--- Результаты хода ---
  Team B / Прыгун B3          → Team A / Артиллерия A1      @ (7,3,8)  (УБИТ)

--- Состояние команд после хода ---
  Team A: живых 2/8
    ✓ Факел A4           @ (7,4,8) hp=6/6
    ✓ Тишина A5          @ (5,2,6) hp=2/2
    ✗ Артиллерия A1      @ (7,3,8) [уничтожен]
    ✗ Радиовышка A2      @ (7,5,3) [уничтожен]
    ✗ Прыгун A3          @ (1,1,1) [уничтожен]
    ✗ Бурав A6           @ (4,1,6) [уничтожен]
    ✗ Провокатор A7      @ (3,5,5) [уничтожен]
    ✗ Паук A8            @ (5,6,5) [уничтожен]
  Team B: живых 3/8
    ✓ Прыгун B3          @ (7,3,8) hp=2/2
    ✓ Тишина B5          @ (1,1,2) hp=2/2
    ✓ Бурав B6           @ (5,1,4) hp=4/4
    ✗ Артиллерия B1      @ (4,6,2) [уничтожен]
    ✗ Радиовышка B2      @ (0,1,1) [уничтожен]
    ✗ Факел B4           @ (3,1,1) [уничтожен]
    ✗ Провокатор B7      @ (8,5,2) [уничтожен]
    ✗ Паук B8            @ (4,4,1) [уничтожен]
  Team C: живых 1/8
    ✓ Тишина C5          @ (1,1,2) hp=2/2
    ✗ Артиллерия C1      @ (9,8,1) [уничтожен]
    ✗ Радиовышка C2      @ (8,6,1) [уничтожен]
    ✗ Прыгун C3          @ (8,9,1) [уничтожен]
    ✗ Факел C4           @ (9,6,1) [уничтожен]
    ✗ Бурав C6           @ (9,2,1) [уничтожен]
    ✗ Провокатор C7      @ (7,8,1) [уничтожен]
    ✗ Паук C8            @ (0,0,1) [уничтожен]

======================================================================
ХОД 15
======================================================================
✓ 🎮 GM: начинаем ход
GM: start_turn

--- Радиовышки: сканирование слоя Z ---
  (у команд не осталось живых радиовышек)

--- Решения ботов ---
  [Team A] Факел A4 (7,4,8) → SHOOT at (7,3,8)
  [Team A] Тишина A5 (5,2,6) → MOVE (6,3,7)
  [Team B] Прыгун B3 (7,3,8) → MOVE (7,4,8)
  [Team B] Тишина B5 (1,1,2) → PHASE toggle
  [Team B] Бурав B6 (5,1,4) → MOVE (6,2,5)
  [Team C] все корабли пропускают ход
! 🎮 GM: принудительно завершает фазу планирования
GM: end_planning
# 
============================================================
# 🔄 ОБРАБОТКА ХОДА 15
# ============================================================
   🌀 Тишина B5: фаза ВЫКЛ

📦 ПЕРЕМЕЩЕНИЯ:
   Тишина A5: (5, 2, 6) → (6,3,7)
✓    💥 Прыгун B3 тараном уничтожил Факел A4 в (7,4,8)
   Прыгун B3: (7, 3, 8) → (7,4,8)
!    ⚠️ Бурав B6: Бурав двигается только по 1 оси или по 2 осям строго диагонально

🎯 ВЫСТРЕЛЫ:
   Выпущено ракет: 0
# 
📊 РЕЗУЛЬТАТЫ ХОДА 15:
🎯 Попаданий нет

--- Результаты хода ---
  Team B / Прыгун B3          → Team A / Факел A4           @ (7,4,8)  (УБИТ)

--- Состояние команд после хода ---
  Team A: живых 1/8
    ✓ Тишина A5          @ (6,3,7) hp=2/2
    ✗ Артиллерия A1      @ (7,3,8) [уничтожен]
    ✗ Радиовышка A2      @ (7,5,3) [уничтожен]
    ✗ Прыгун A3          @ (1,1,1) [уничтожен]
    ✗ Факел A4           @ (7,4,8) [уничтожен]
    ✗ Бурав A6           @ (4,1,6) [уничтожен]
    ✗ Провокатор A7      @ (3,5,5) [уничтожен]
    ✗ Паук A8            @ (5,6,5) [уничтожен]
  Team B: живых 3/8
    ✓ Прыгун B3          @ (7,4,8) hp=2/2
    ✓ Тишина B5          @ (1,1,2) hp=2/2
    ✓ Бурав B6           @ (5,1,4) hp=4/4
    ✗ Артиллерия B1      @ (4,6,2) [уничтожен]
    ✗ Радиовышка B2      @ (0,1,1) [уничтожен]
    ✗ Факел B4           @ (3,1,1) [уничтожен]
    ✗ Провокатор B7      @ (8,5,2) [уничтожен]
    ✗ Паук B8            @ (4,4,1) [уничтожен]
  Team C: живых 1/8
    ✓ Тишина C5          @ (1,1,2) hp=2/2
    ✗ Артиллерия C1      @ (9,8,1) [уничтожен]
    ✗ Радиовышка C2      @ (8,6,1) [уничтожен]
    ✗ Прыгун C3          @ (8,9,1) [уничтожен]
    ✗ Факел C4           @ (9,6,1) [уничтожен]
    ✗ Бурав C6           @ (9,2,1) [уничтожен]
    ✗ Провокатор C7      @ (7,8,1) [уничтожен]
    ✗ Паук C8            @ (0,0,1) [уничтожен]

======================================================================
ХОД 16
======================================================================
✓ 🎮 GM: начинаем ход
GM: start_turn

--- Радиовышки: сканирование слоя Z ---
  (у команд не осталось живых радиовышек)

--- Решения ботов ---
  [Team A] Тишина A5 (6,3,7) → MOVE (7,4,8)
  [Team B] Прыгун B3 (7,4,8) → MOVE (6,3,7)
  [Team B] Бурав B6 (5,1,4) → MOVE (4,1,3)
  [Team B] Тишина B5 → SKIP
  [Team C] все корабли пропускают ход
! 🎮 GM: принудительно завершает фазу планирования
GM: end_planning
# 
============================================================
# 🔄 ОБРАБОТКА ХОДА 16
# ============================================================

📦 ПЕРЕМЕЩЕНИЯ:
!    ⚠️ Тишина A5: клетка (7,4,8) занята
   Прыгун B3: (7, 4, 8) → (6,3,7)
   Бурав B6: (5, 1, 4) → (4,1,3)

🎯 ВЫСТРЕЛЫ:
   Выпущено ракет: 0
# 
📊 РЕЗУЛЬТАТЫ ХОДА 16:
🎯 Попаданий нет

--- Результаты хода ---
  Попаданий нет

--- Состояние команд после хода ---
  Team A: живых 1/8
    ✓ Тишина A5          @ (6,3,7) hp=2/2
    ✗ Артиллерия A1      @ (7,3,8) [уничтожен]
    ✗ Радиовышка A2      @ (7,5,3) [уничтожен]
    ✗ Прыгун A3          @ (1,1,1) [уничтожен]
    ✗ Факел A4           @ (7,4,8) [уничтожен]
    ✗ Бурав A6           @ (4,1,6) [уничтожен]
    ✗ Провокатор A7      @ (3,5,5) [уничтожен]
    ✗ Паук A8            @ (5,6,5) [уничтожен]
  Team B: живых 3/8
    ✓ Прыгун B3          @ (6,3,7) hp=2/2
    ✓ Тишина B5          @ (1,1,2) hp=2/2
    ✓ Бурав B6           @ (4,1,3) hp=4/4
    ✗ Артиллерия B1      @ (4,6,2) [уничтожен]
    ✗ Радиовышка B2      @ (0,1,1) [уничтожен]
    ✗ Факел B4           @ (3,1,1) [уничтожен]
    ✗ Провокатор B7      @ (8,5,2) [уничтожен]
    ✗ Паук B8            @ (4,4,1) [уничтожен]
  Team C: живых 1/8
    ✓ Тишина C5          @ (1,1,2) hp=2/2
    ✗ Артиллерия C1      @ (9,8,1) [уничтожен]
    ✗ Радиовышка C2      @ (8,6,1) [уничтожен]
    ✗ Прыгун C3          @ (8,9,1) [уничтожен]
    ✗ Факел C4           @ (9,6,1) [уничтожен]
    ✗ Бурав C6           @ (9,2,1) [уничтожен]
    ✗ Провокатор C7      @ (7,8,1) [уничтожен]
    ✗ Паук C8            @ (0,0,1) [уничтожен]

======================================================================
ХОД 17
======================================================================
✓ 🎮 GM: начинаем ход
GM: start_turn

--- Радиовышки: сканирование слоя Z ---
  (у команд не осталось живых радиовышек)

--- Решения ботов ---
  [Team A] все корабли пропускают ход
  [Team B] Прыгун B3 (6,3,7) → MOVE (5,2,6)
  [Team B] Бурав B6 (4,1,3) → MOVE (3,1,2)
  [Team B] Тишина B5 → SKIP
  [Team C] все корабли пропускают ход
! 🎮 GM: принудительно завершает фазу планирования
GM: end_planning
# 
============================================================
# 🔄 ОБРАБОТКА ХОДА 17
# ============================================================

📦 ПЕРЕМЕЩЕНИЯ:
   Прыгун B3: (6, 3, 7) → (5,2,6)
   Бурав B6: (4, 1, 3) → (3,1,2)

🎯 ВЫСТРЕЛЫ:
   Выпущено ракет: 0
# 
📊 РЕЗУЛЬТАТЫ ХОДА 17:
🎯 Попаданий нет

--- Результаты хода ---
  Попаданий нет

--- Состояние команд после хода ---
  Team A: живых 1/8
    ✓ Тишина A5          @ (6,3,7) hp=2/2
    ✗ Артиллерия A1      @ (7,3,8) [уничтожен]
    ✗ Радиовышка A2      @ (7,5,3) [уничтожен]
    ✗ Прыгун A3          @ (1,1,1) [уничтожен]
    ✗ Факел A4           @ (7,4,8) [уничтожен]
    ✗ Бурав A6           @ (4,1,6) [уничтожен]
    ✗ Провокатор A7      @ (3,5,5) [уничтожен]
    ✗ Паук A8            @ (5,6,5) [уничтожен]
  Team B: живых 3/8
    ✓ Прыгун B3          @ (5,2,6) hp=2/2
    ✓ Тишина B5          @ (1,1,2) hp=2/2
    ✓ Бурав B6           @ (3,1,2) hp=4/4
    ✗ Артиллерия B1      @ (4,6,2) [уничтожен]
    ✗ Радиовышка B2      @ (0,1,1) [уничтожен]
    ✗ Факел B4           @ (3,1,1) [уничтожен]
    ✗ Провокатор B7      @ (8,5,2) [уничтожен]
    ✗ Паук B8            @ (4,4,1) [уничтожен]
  Team C: живых 1/8
    ✓ Тишина C5          @ (1,1,2) hp=2/2
    ✗ Артиллерия C1      @ (9,8,1) [уничтожен]
    ✗ Радиовышка C2      @ (8,6,1) [уничтожен]
    ✗ Прыгун C3          @ (8,9,1) [уничтожен]
    ✗ Факел C4           @ (9,6,1) [уничтожен]
    ✗ Бурав C6           @ (9,2,1) [уничтожен]
    ✗ Провокатор C7      @ (7,8,1) [уничтожен]
    ✗ Паук C8            @ (0,0,1) [уничтожен]

======================================================================
ХОД 18
======================================================================
✓ 🎮 GM: начинаем ход
GM: start_turn

--- Радиовышки: сканирование слоя Z ---
  (у команд не осталось живых радиовышек)

--- Решения ботов ---
  [Team A] Тишина A5 (6,3,7) → MOVE (5,2,6)
  [Team B] Прыгун B3 (5,2,6) → MOVE (4,1,5)
  [Team B] Бурав B6 (3,1,2) → MOVE (2,1,2)
  [Team B] Тишина B5 → SKIP
  [Team C] все корабли пропускают ход
! 🎮 GM: принудительно завершает фазу планирования
GM: end_planning
# 
============================================================
# 🔄 ОБРАБОТКА ХОДА 18
# ============================================================

📦 ПЕРЕМЕЩЕНИЯ:
!    ⚠️ Тишина A5: клетка (5,2,6) занята
   Прыгун B3: (5, 2, 6) → (4,1,5)
   Бурав B6: (3, 1, 2) → (2,1,2)

🎯 ВЫСТРЕЛЫ:
   Выпущено ракет: 0
# 
📊 РЕЗУЛЬТАТЫ ХОДА 18:
🎯 Попаданий нет

--- Результаты хода ---
  Попаданий нет

--- Состояние команд после хода ---
  Team A: живых 1/8
    ✓ Тишина A5          @ (6,3,7) hp=2/2
    ✗ Артиллерия A1      @ (7,3,8) [уничтожен]
    ✗ Радиовышка A2      @ (7,5,3) [уничтожен]
    ✗ Прыгун A3          @ (1,1,1) [уничтожен]
    ✗ Факел A4           @ (7,4,8) [уничтожен]
    ✗ Бурав A6           @ (4,1,6) [уничтожен]
    ✗ Провокатор A7      @ (3,5,5) [уничтожен]
    ✗ Паук A8            @ (5,6,5) [уничтожен]
  Team B: живых 3/8
    ✓ Прыгун B3          @ (4,1,5) hp=2/2
    ✓ Тишина B5          @ (1,1,2) hp=2/2
    ✓ Бурав B6           @ (2,1,2) hp=4/4
    ✗ Артиллерия B1      @ (4,6,2) [уничтожен]
    ✗ Радиовышка B2      @ (0,1,1) [уничтожен]
    ✗ Факел B4           @ (3,1,1) [уничтожен]
    ✗ Провокатор B7      @ (8,5,2) [уничтожен]
    ✗ Паук B8            @ (4,4,1) [уничтожен]
  Team C: живых 1/8
    ✓ Тишина C5          @ (1,1,2) hp=2/2
    ✗ Артиллерия C1      @ (9,8,1) [уничтожен]
    ✗ Радиовышка C2      @ (8,6,1) [уничтожен]
    ✗ Прыгун C3          @ (8,9,1) [уничтожен]
    ✗ Факел C4           @ (9,6,1) [уничтожен]
    ✗ Бурав C6           @ (9,2,1) [уничтожен]
    ✗ Провокатор C7      @ (7,8,1) [уничтожен]
    ✗ Паук C8            @ (0,0,1) [уничтожен]

======================================================================
ХОД 19
======================================================================
✓ 🎮 GM: начинаем ход
GM: start_turn

--- Радиовышки: сканирование слоя Z ---
  (у команд не осталось живых радиовышек)

--- Решения ботов ---
  [Team A] Тишина A5 (6,3,7) → MOVE (5,2,6)
  [Team B] Прыгун B3 (4,1,5) → MOVE (3,1,4)
  [Team B] Тишина B5 → SKIP
  [Team B] Бурав B6 → SKIP
  [Team C] Тишина C5 (1,1,2) → PHASE toggle
! 🎮 GM: принудительно завершает фазу планирования
GM: end_planning
# 
============================================================
# 🔄 ОБРАБОТКА ХОДА 19
# ============================================================
   🌀 Тишина C5: фаза ВКЛ

📦 ПЕРЕМЕЩЕНИЯ:
   Тишина A5: (6, 3, 7) → (5,2,6)
   Прыгун B3: (4, 1, 5) → (3,1,4)

🎯 ВЫСТРЕЛЫ:
   Выпущено ракет: 0
# 
📊 РЕЗУЛЬТАТЫ ХОДА 19:
🎯 Попаданий нет

--- Результаты хода ---
  Попаданий нет

--- Состояние команд после хода ---
  Team A: живых 1/8
    ✓ Тишина A5          @ (5,2,6) hp=2/2
    ✗ Артиллерия A1      @ (7,3,8) [уничтожен]
    ✗ Радиовышка A2      @ (7,5,3) [уничтожен]
    ✗ Прыгун A3          @ (1,1,1) [уничтожен]
    ✗ Факел A4           @ (7,4,8) [уничтожен]
    ✗ Бурав A6           @ (4,1,6) [уничтожен]
    ✗ Провокатор A7      @ (3,5,5) [уничтожен]
    ✗ Паук A8            @ (5,6,5) [уничтожен]
  Team B: живых 3/8
    ✓ Прыгун B3          @ (3,1,4) hp=2/2
    ✓ Тишина B5          @ (1,1,2) hp=2/2
    ✓ Бурав B6           @ (2,1,2) hp=4/4
    ✗ Артиллерия B1      @ (4,6,2) [уничтожен]
    ✗ Радиовышка B2      @ (0,1,1) [уничтожен]
    ✗ Факел B4           @ (3,1,1) [уничтожен]
    ✗ Провокатор B7      @ (8,5,2) [уничтожен]
    ✗ Паук B8            @ (4,4,1) [уничтожен]
  Team C: живых 1/8
    ✓ Тишина C5          @ (1,1,2) hp=2/2
    ✗ Артиллерия C1      @ (9,8,1) [уничтожен]
    ✗ Радиовышка C2      @ (8,6,1) [уничтожен]
    ✗ Прыгун C3          @ (8,9,1) [уничтожен]
    ✗ Факел C4           @ (9,6,1) [уничтожен]
    ✗ Бурав C6           @ (9,2,1) [уничтожен]
    ✗ Провокатор C7      @ (7,8,1) [уничтожен]
    ✗ Паук C8            @ (0,0,1) [уничтожен]

======================================================================
ХОД 20
======================================================================
✓ 🎮 GM: начинаем ход
GM: start_turn

--- Радиовышки: сканирование слоя Z ---
  (у команд не осталось живых радиовышек)

--- Решения ботов ---
  [Team A] Тишина A5 (5,2,6) → MOVE (4,1,5)
  [Team B] Прыгун B3 (3,1,4) → MOVE (2,1,3)
  [Team B] Тишина B5 → SKIP
  [Team B] Бурав B6 → SKIP
  [Team C] все корабли пропускают ход
! 🎮 GM: принудительно завершает фазу планирования
GM: end_planning
# 
============================================================
# 🔄 ОБРАБОТКА ХОДА 20
# ============================================================

📦 ПЕРЕМЕЩЕНИЯ:
   Тишина A5: (5, 2, 6) → (4,1,5)
   Прыгун B3: (3, 1, 4) → (2,1,3)

🎯 ВЫСТРЕЛЫ:
   Выпущено ракет: 0
# 
📊 РЕЗУЛЬТАТЫ ХОДА 20:
🎯 Попаданий нет

--- Результаты хода ---
  Попаданий нет

--- Состояние команд после хода ---
  Team A: живых 1/8
    ✓ Тишина A5          @ (4,1,5) hp=2/2
    ✗ Артиллерия A1      @ (7,3,8) [уничтожен]
    ✗ Радиовышка A2      @ (7,5,3) [уничтожен]
    ✗ Прыгун A3          @ (1,1,1) [уничтожен]
    ✗ Факел A4           @ (7,4,8) [уничтожен]
    ✗ Бурав A6           @ (4,1,6) [уничтожен]
    ✗ Провокатор A7      @ (3,5,5) [уничтожен]
    ✗ Паук A8            @ (5,6,5) [уничтожен]
  Team B: живых 3/8
    ✓ Прыгун B3          @ (2,1,3) hp=2/2
    ✓ Тишина B5          @ (1,1,2) hp=2/2
    ✓ Бурав B6           @ (2,1,2) hp=4/4
    ✗ Артиллерия B1      @ (4,6,2) [уничтожен]
    ✗ Радиовышка B2      @ (0,1,1) [уничтожен]
    ✗ Факел B4           @ (3,1,1) [уничтожен]
    ✗ Провокатор B7      @ (8,5,2) [уничтожен]
    ✗ Паук B8            @ (4,4,1) [уничтожен]
  Team C: живых 1/8
    ✓ Тишина C5          @ (1,1,2) hp=2/2
    ✗ Артиллерия C1      @ (9,8,1) [уничтожен]
    ✗ Радиовышка C2      @ (8,6,1) [уничтожен]
    ✗ Прыгун C3          @ (8,9,1) [уничтожен]
    ✗ Факел C4           @ (9,6,1) [уничтожен]
    ✗ Бурав C6           @ (9,2,1) [уничтожен]
    ✗ Провокатор C7      @ (7,8,1) [уничтожен]
    ✗ Паук C8            @ (0,0,1) [уничтожен]

======================================================================
ХОД 21
======================================================================
✓ 🎮 GM: начинаем ход
GM: start_turn

--- Радиовышки: сканирование слоя Z ---
  (у команд не осталось живых радиовышек)

--- Решения ботов ---
  [Team A] Тишина A5 (4,1,5) → MOVE (3,1,4)
  [Team B] Прыгун B3 (2,1,3) → MOVE (1,1,3)
  [Team B] Тишина B5 → SKIP
  [Team B] Бурав B6 → SKIP
  [Team C] все корабли пропускают ход
! 🎮 GM: принудительно завершает фазу планирования
GM: end_planning
# 
============================================================
# 🔄 ОБРАБОТКА ХОДА 21
# ============================================================

📦 ПЕРЕМЕЩЕНИЯ:
   Тишина A5: (4, 1, 5) → (3,1,4)
   Прыгун B3: (2, 1, 3) → (1,1,3)

🎯 ВЫСТРЕЛЫ:
   Выпущено ракет: 0
# 
📊 РЕЗУЛЬТАТЫ ХОДА 21:
🎯 Попаданий нет

--- Результаты хода ---
  Попаданий нет

--- Состояние команд после хода ---
  Team A: живых 1/8
    ✓ Тишина A5          @ (3,1,4) hp=2/2
    ✗ Артиллерия A1      @ (7,3,8) [уничтожен]
    ✗ Радиовышка A2      @ (7,5,3) [уничтожен]
    ✗ Прыгун A3          @ (1,1,1) [уничтожен]
    ✗ Факел A4           @ (7,4,8) [уничтожен]
    ✗ Бурав A6           @ (4,1,6) [уничтожен]
    ✗ Провокатор A7      @ (3,5,5) [уничтожен]
    ✗ Паук A8            @ (5,6,5) [уничтожен]
  Team B: живых 3/8
    ✓ Прыгун B3          @ (1,1,3) hp=2/2
    ✓ Тишина B5          @ (1,1,2) hp=2/2
    ✓ Бурав B6           @ (2,1,2) hp=4/4
    ✗ Артиллерия B1      @ (4,6,2) [уничтожен]
    ✗ Радиовышка B2      @ (0,1,1) [уничтожен]
    ✗ Факел B4           @ (3,1,1) [уничтожен]
    ✗ Провокатор B7      @ (8,5,2) [уничтожен]
    ✗ Паук B8            @ (4,4,1) [уничтожен]
  Team C: живых 1/8
    ✓ Тишина C5          @ (1,1,2) hp=2/2
    ✗ Артиллерия C1      @ (9,8,1) [уничтожен]
    ✗ Радиовышка C2      @ (8,6,1) [уничтожен]
    ✗ Прыгун C3          @ (8,9,1) [уничтожен]
    ✗ Факел C4           @ (9,6,1) [уничтожен]
    ✗ Бурав C6           @ (9,2,1) [уничтожен]
    ✗ Провокатор C7      @ (7,8,1) [уничтожен]
    ✗ Паук C8            @ (0,0,1) [уничтожен]

======================================================================
ХОД 22
======================================================================
✓ 🎮 GM: начинаем ход
GM: start_turn

--- Радиовышки: сканирование слоя Z ---
  (у команд не осталось живых радиовышек)

--- Решения ботов ---
  [Team A] Тишина A5 (3,1,4) → MOVE (2,1,3)
  [Team B] все корабли пропускают ход
  [Team C] все корабли пропускают ход
! 🎮 GM: принудительно завершает фазу планирования
GM: end_planning
# 
============================================================
# 🔄 ОБРАБОТКА ХОДА 22
# ============================================================

📦 ПЕРЕМЕЩЕНИЯ:
   Тишина A5: (3, 1, 4) → (2,1,3)

🎯 ВЫСТРЕЛЫ:
   Выпущено ракет: 0
# 
📊 РЕЗУЛЬТАТЫ ХОДА 22:
🎯 Попаданий нет

--- Результаты хода ---
  Попаданий нет

--- Состояние команд после хода ---
  Team A: живых 1/8
    ✓ Тишина A5          @ (2,1,3) hp=2/2
    ✗ Артиллерия A1      @ (7,3,8) [уничтожен]
    ✗ Радиовышка A2      @ (7,5,3) [уничтожен]
    ✗ Прыгун A3          @ (1,1,1) [уничтожен]
    ✗ Факел A4           @ (7,4,8) [уничтожен]
    ✗ Бурав A6           @ (4,1,6) [уничтожен]
    ✗ Провокатор A7      @ (3,5,5) [уничтожен]
    ✗ Паук A8            @ (5,6,5) [уничтожен]
  Team B: живых 3/8
    ✓ Прыгун B3          @ (1,1,3) hp=2/2
    ✓ Тишина B5          @ (1,1,2) hp=2/2
    ✓ Бурав B6           @ (2,1,2) hp=4/4
    ✗ Артиллерия B1      @ (4,6,2) [уничтожен]
    ✗ Радиовышка B2      @ (0,1,1) [уничтожен]
    ✗ Факел B4           @ (3,1,1) [уничтожен]
    ✗ Провокатор B7      @ (8,5,2) [уничтожен]
    ✗ Паук B8            @ (4,4,1) [уничтожен]
  Team C: живых 1/8
    ✓ Тишина C5          @ (1,1,2) hp=2/2
    ✗ Артиллерия C1      @ (9,8,1) [уничтожен]
    ✗ Радиовышка C2      @ (8,6,1) [уничтожен]
    ✗ Прыгун C3          @ (8,9,1) [уничтожен]
    ✗ Факел C4           @ (9,6,1) [уничтожен]
    ✗ Бурав C6           @ (9,2,1) [уничтожен]
    ✗ Провокатор C7      @ (7,8,1) [уничтожен]
    ✗ Паук C8            @ (0,0,1) [уничтожен]

======================================================================
ХОД 23
======================================================================
✓ 🎮 GM: начинаем ход
GM: start_turn

--- Радиовышки: сканирование слоя Z ---
  (у команд не осталось живых радиовышек)

--- Решения ботов ---
  [Team A] Тишина A5 (2,1,3) → MOVE (1,1,3)
  [Team B] все корабли пропускают ход
  [Team C] все корабли пропускают ход
! 🎮 GM: принудительно завершает фазу планирования
GM: end_planning
# 
============================================================
# 🔄 ОБРАБОТКА ХОДА 23
# ============================================================

📦 ПЕРЕМЕЩЕНИЯ:
!    ⚠️ Тишина A5: клетка (1,1,3) занята

🎯 ВЫСТРЕЛЫ:
   Выпущено ракет: 0
# 
📊 РЕЗУЛЬТАТЫ ХОДА 23:
🎯 Попаданий нет

--- Результаты хода ---
  Попаданий нет

--- Состояние команд после хода ---
  Team A: живых 1/8
    ✓ Тишина A5          @ (2,1,3) hp=2/2
    ✗ Артиллерия A1      @ (7,3,8) [уничтожен]
    ✗ Радиовышка A2      @ (7,5,3) [уничтожен]
    ✗ Прыгун A3          @ (1,1,1) [уничтожен]
    ✗ Факел A4           @ (7,4,8) [уничтожен]
    ✗ Бурав A6           @ (4,1,6) [уничтожен]
    ✗ Провокатор A7      @ (3,5,5) [уничтожен]
    ✗ Паук A8            @ (5,6,5) [уничтожен]
  Team B: живых 3/8
    ✓ Прыгун B3          @ (1,1,3) hp=2/2
    ✓ Тишина B5          @ (1,1,2) hp=2/2
    ✓ Бурав B6           @ (2,1,2) hp=4/4
    ✗ Артиллерия B1      @ (4,6,2) [уничтожен]
    ✗ Радиовышка B2      @ (0,1,1) [уничтожен]
    ✗ Факел B4           @ (3,1,1) [уничтожен]
    ✗ Провокатор B7      @ (8,5,2) [уничтожен]
    ✗ Паук B8            @ (4,4,1) [уничтожен]
  Team C: живых 1/8
    ✓ Тишина C5          @ (1,1,2) hp=2/2
    ✗ Артиллерия C1      @ (9,8,1) [уничтожен]
    ✗ Радиовышка C2      @ (8,6,1) [уничтожен]
    ✗ Прыгун C3          @ (8,9,1) [уничтожен]
    ✗ Факел C4           @ (9,6,1) [уничтожен]
    ✗ Бурав C6           @ (9,2,1) [уничтожен]
    ✗ Провокатор C7      @ (7,8,1) [уничтожен]
    ✗ Паук C8            @ (0,0,1) [уничтожен]

======================================================================
ХОД 24
======================================================================
✓ 🎮 GM: начинаем ход
GM: start_turn

--- Радиовышки: сканирование слоя Z ---
  (у команд не осталось живых радиовышек)

--- Решения ботов ---
  [Team A] Тишина A5 (2,1,3) → MOVE (1,1,3)
  [Team B] все корабли пропускают ход
  [Team C] все корабли пропускают ход
! 🎮 GM: принудительно завершает фазу планирования
GM: end_planning
# 
============================================================
# 🔄 ОБРАБОТКА ХОДА 24
# ============================================================

📦 ПЕРЕМЕЩЕНИЯ:
!    ⚠️ Тишина A5: клетка (1,1,3) занята

🎯 ВЫСТРЕЛЫ:
   Выпущено ракет: 0
# 
📊 РЕЗУЛЬТАТЫ ХОДА 24:
🎯 Попаданий нет

--- Результаты хода ---
  Попаданий нет

--- Состояние команд после хода ---
  Team A: живых 1/8
    ✓ Тишина A5          @ (2,1,3) hp=2/2
    ✗ Артиллерия A1      @ (7,3,8) [уничтожен]
    ✗ Радиовышка A2      @ (7,5,3) [уничтожен]
    ✗ Прыгун A3          @ (1,1,1) [уничтожен]
    ✗ Факел A4           @ (7,4,8) [уничтожен]
    ✗ Бурав A6           @ (4,1,6) [уничтожен]
    ✗ Провокатор A7      @ (3,5,5) [уничтожен]
    ✗ Паук A8            @ (5,6,5) [уничтожен]
  Team B: живых 3/8
    ✓ Прыгун B3          @ (1,1,3) hp=2/2
    ✓ Тишина B5          @ (1,1,2) hp=2/2
    ✓ Бурав B6           @ (2,1,2) hp=4/4
    ✗ Артиллерия B1      @ (4,6,2) [уничтожен]
    ✗ Радиовышка B2      @ (0,1,1) [уничтожен]
    ✗ Факел B4           @ (3,1,1) [уничтожен]
    ✗ Провокатор B7      @ (8,5,2) [уничтожен]
    ✗ Паук B8            @ (4,4,1) [уничтожен]
  Team C: живых 1/8
    ✓ Тишина C5          @ (1,1,2) hp=2/2
    ✗ Артиллерия C1      @ (9,8,1) [уничтожен]
    ✗ Радиовышка C2      @ (8,6,1) [уничтожен]
    ✗ Прыгун C3          @ (8,9,1) [уничтожен]
    ✗ Факел C4           @ (9,6,1) [уничтожен]
    ✗ Бурав C6           @ (9,2,1) [уничтожен]
    ✗ Провокатор C7      @ (7,8,1) [уничтожен]
    ✗ Паук C8            @ (0,0,1) [уничтожен]

======================================================================
ХОД 25
======================================================================
✓ 🎮 GM: начинаем ход
GM: start_turn

--- Радиовышки: сканирование слоя Z ---
  (у команд не осталось живых радиовышек)

--- Решения ботов ---
  [Team A] Тишина A5 (2,1,3) → MOVE (1,1,3)
  [Team B] все корабли пропускают ход
  [Team C] все корабли пропускают ход
! 🎮 GM: принудительно завершает фазу планирования
GM: end_planning
# 
============================================================
# 🔄 ОБРАБОТКА ХОДА 25
# ============================================================

📦 ПЕРЕМЕЩЕНИЯ:
!    ⚠️ Тишина A5: клетка (1,1,3) занята

🎯 ВЫСТРЕЛЫ:
   Выпущено ракет: 0
# 
📊 РЕЗУЛЬТАТЫ ХОДА 25:
🎯 Попаданий нет

--- Результаты хода ---
  Попаданий нет

--- Состояние команд после хода ---
  Team A: живых 1/8
    ✓ Тишина A5          @ (2,1,3) hp=2/2
    ✗ Артиллерия A1      @ (7,3,8) [уничтожен]
    ✗ Радиовышка A2      @ (7,5,3) [уничтожен]
    ✗ Прыгун A3          @ (1,1,1) [уничтожен]
    ✗ Факел A4           @ (7,4,8) [уничтожен]
    ✗ Бурав A6           @ (4,1,6) [уничтожен]
    ✗ Провокатор A7      @ (3,5,5) [уничтожен]
    ✗ Паук A8            @ (5,6,5) [уничтожен]
  Team B: живых 3/8
    ✓ Прыгун B3          @ (1,1,3) hp=2/2
    ✓ Тишина B5          @ (1,1,2) hp=2/2
    ✓ Бурав B6           @ (2,1,2) hp=4/4
    ✗ Артиллерия B1      @ (4,6,2) [уничтожен]
    ✗ Радиовышка B2      @ (0,1,1) [уничтожен]
    ✗ Факел B4           @ (3,1,1) [уничтожен]
    ✗ Провокатор B7      @ (8,5,2) [уничтожен]
    ✗ Паук B8            @ (4,4,1) [уничтожен]
  Team C: живых 1/8
    ✓ Тишина C5          @ (1,1,2) hp=2/2
    ✗ Артиллерия C1      @ (9,8,1) [уничтожен]
    ✗ Радиовышка C2      @ (8,6,1) [уничтожен]
    ✗ Прыгун C3          @ (8,9,1) [уничтожен]
    ✗ Факел C4           @ (9,6,1) [уничтожен]
    ✗ Бурав C6           @ (9,2,1) [уничтожен]
    ✗ Провокатор C7      @ (7,8,1) [уничтожен]
    ✗ Паук C8            @ (0,0,1) [уничтожен]

======================================================================
ХОД 26
======================================================================
✓ 🎮 GM: начинаем ход
GM: start_turn

--- Радиовышки: сканирование слоя Z ---
  (у команд не осталось живых радиовышек)

--- Решения ботов ---
  [Team A] Тишина A5 (2,1,3) → MOVE (1,1,3)
  [Team B] Прыгун B3 (1,1,3) → MOVE (2,2,4)
  [Team B] Тишина B5 (1,1,2) → MOVE (2,2,3)
  [Team B] Бурав B6 (2,1,2) → MOVE (3,2,3)
  [Team C] все корабли пропускают ход
! 🎮 GM: принудительно завершает фазу планирования
GM: end_planning
# 
============================================================
# 🔄 ОБРАБОТКА ХОДА 26
# ============================================================

📦 ПЕРЕМЕЩЕНИЯ:
!    ⚠️ Тишина A5: клетка (1,1,3) занята
   Прыгун B3: (1, 1, 3) → (2,2,4)
   Тишина B5: (1, 1, 2) → (2,2,3)
!    ⚠️ Бурав B6: Бурав двигается только по 1 оси или по 2 осям строго диагонально

🎯 ВЫСТРЕЛЫ:
   Выпущено ракет: 0
# 
📊 РЕЗУЛЬТАТЫ ХОДА 26:
🎯 Попаданий нет

--- Результаты хода ---
  Попаданий нет

--- Состояние команд после хода ---
  Team A: живых 1/8
    ✓ Тишина A5          @ (2,1,3) hp=2/2
    ✗ Артиллерия A1      @ (7,3,8) [уничтожен]
    ✗ Радиовышка A2      @ (7,5,3) [уничтожен]
    ✗ Прыгун A3          @ (1,1,1) [уничтожен]
    ✗ Факел A4           @ (7,4,8) [уничтожен]
    ✗ Бурав A6           @ (4,1,6) [уничтожен]
    ✗ Провокатор A7      @ (3,5,5) [уничтожен]
    ✗ Паук A8            @ (5,6,5) [уничтожен]
  Team B: живых 3/8
    ✓ Прыгун B3          @ (2,2,4) hp=2/2
    ✓ Тишина B5          @ (2,2,3) hp=2/2
    ✓ Бурав B6           @ (2,1,2) hp=4/4
    ✗ Артиллерия B1      @ (4,6,2) [уничтожен]
    ✗ Радиовышка B2      @ (0,1,1) [уничтожен]
    ✗ Факел B4           @ (3,1,1) [уничтожен]
    ✗ Провокатор B7      @ (8,5,2) [уничтожен]
    ✗ Паук B8            @ (4,4,1) [уничтожен]
  Team C: живых 1/8
    ✓ Тишина C5          @ (1,1,2) hp=2/2
    ✗ Артиллерия C1      @ (9,8,1) [уничтожен]
    ✗ Радиовышка C2      @ (8,6,1) [уничтожен]
    ✗ Прыгун C3          @ (8,9,1) [уничтожен]
    ✗ Факел C4           @ (9,6,1) [уничтожен]
    ✗ Бурав C6           @ (9,2,1) [уничтожен]
    ✗ Провокатор C7      @ (7,8,1) [уничтожен]
    ✗ Паук C8            @ (0,0,1) [уничтожен]

======================================================================
ХОД 27
======================================================================
✓ 🎮 GM: начинаем ход
GM: start_turn

--- Радиовышки: сканирование слоя Z ---
  (у команд не осталось живых радиовышек)

--- Решения ботов ---
  [Team A] Тишина A5 (2,1,3) → MOVE (2,2,4)
  [Team B] Прыгун B3 (2,2,4) → MOVE (3,3,5)
  [Team B] Тишина B5 (2,2,3) → MOVE (3,3,4)
  [Team B] Бурав B6 (2,1,2) → MOVE (3,2,3)
  [Team C] Тишина C5 (1,1,2) → MOVE (2,2,3)
! 🎮 GM: принудительно завершает фазу планирования
GM: end_planning
# 
============================================================
# 🔄 ОБРАБОТКА ХОДА 27
# ============================================================

📦 ПЕРЕМЕЩЕНИЯ:
!    ⚠️ Тишина A5: клетка (2,2,4) занята
   Прыгун B3: (2, 2, 4) → (3,3,5)
   Тишина B5: (2, 2, 3) → (3,3,4)
!    ⚠️ Бурав B6: Бурав двигается только по 1 оси или по 2 осям строго диагонально
   Тишина C5: (1, 1, 2) → (2,2,3)

🎯 ВЫСТРЕЛЫ:
   Выпущено ракет: 0
# 
📊 РЕЗУЛЬТАТЫ ХОДА 27:
🎯 Попаданий нет

--- Результаты хода ---
  Попаданий нет

--- Состояние команд после хода ---
  Team A: живых 1/8
    ✓ Тишина A5          @ (2,1,3) hp=2/2
    ✗ Артиллерия A1      @ (7,3,8) [уничтожен]
    ✗ Радиовышка A2      @ (7,5,3) [уничтожен]
    ✗ Прыгун A3          @ (1,1,1) [уничтожен]
    ✗ Факел A4           @ (7,4,8) [уничтожен]
    ✗ Бурав A6           @ (4,1,6) [уничтожен]
    ✗ Провокатор A7      @ (3,5,5) [уничтожен]
    ✗ Паук A8            @ (5,6,5) [уничтожен]
  Team B: живых 3/8
    ✓ Прыгун B3          @ (3,3,5) hp=2/2
    ✓ Тишина B5          @ (3,3,4) hp=2/2
    ✓ Бурав B6           @ (2,1,2) hp=4/4
    ✗ Артиллерия B1      @ (4,6,2) [уничтожен]
    ✗ Радиовышка B2      @ (0,1,1) [уничтожен]
    ✗ Факел B4           @ (3,1,1) [уничтожен]
    ✗ Провокатор B7      @ (8,5,2) [уничтожен]
    ✗ Паук B8            @ (4,4,1) [уничтожен]
  Team C: живых 1/8
    ✓ Тишина C5          @ (2,2,3) hp=2/2
    ✗ Артиллерия C1      @ (9,8,1) [уничтожен]
    ✗ Радиовышка C2      @ (8,6,1) [уничтожен]
    ✗ Прыгун C3          @ (8,9,1) [уничтожен]
    ✗ Факел C4           @ (9,6,1) [уничтожен]
    ✗ Бурав C6           @ (9,2,1) [уничтожен]
    ✗ Провокатор C7      @ (7,8,1) [уничтожен]
    ✗ Паук C8            @ (0,0,1) [уничтожен]

======================================================================
ХОД 28
======================================================================
✓ 🎮 GM: начинаем ход
GM: start_turn

--- Радиовышки: сканирование слоя Z ---
  (у команд не осталось живых радиовышек)

--- Решения ботов ---
  [Team A] Тишина A5 (2,1,3) → MOVE (2,1,2)
  [Team B] Прыгун B3 (3,3,5) → MOVE (4,4,5)
  [Team B] Тишина B5 (3,3,4) → MOVE (3,4,4)
  [Team B] Бурав B6 (2,1,2) → MOVE (3,2,3)
  [Team C] Тишина C5 (2,2,3) → MOVE (3,3,4)
! 🎮 GM: принудительно завершает фазу планирования
GM: end_planning
# 
============================================================
# 🔄 ОБРАБОТКА ХОДА 28
# ============================================================

📦 ПЕРЕМЕЩЕНИЯ:
!    ⚠️ Тишина A5: клетка (2,1,2) занята
   Прыгун B3: (3, 3, 5) → (4,4,5)
!    ⚠️ Тишина B5: клетка (3,4,4) занята
!    ⚠️ Бурав B6: Бурав двигается только по 1 оси или по 2 осям строго диагонально
!    ⚠️ Тишина C5: клетка (3,3,4) занята

🎯 ВЫСТРЕЛЫ:
   Выпущено ракет: 0
# 
📊 РЕЗУЛЬТАТЫ ХОДА 28:
🎯 Попаданий нет

--- Результаты хода ---
  Попаданий нет

--- Состояние команд после хода ---
  Team A: живых 1/8
    ✓ Тишина A5          @ (2,1,3) hp=2/2
    ✗ Артиллерия A1      @ (7,3,8) [уничтожен]
    ✗ Радиовышка A2      @ (7,5,3) [уничтожен]
    ✗ Прыгун A3          @ (1,1,1) [уничтожен]
    ✗ Факел A4           @ (7,4,8) [уничтожен]
    ✗ Бурав A6           @ (4,1,6) [уничтожен]
    ✗ Провокатор A7      @ (3,5,5) [уничтожен]
    ✗ Паук A8            @ (5,6,5) [уничтожен]
  Team B: живых 3/8
    ✓ Прыгун B3          @ (4,4,5) hp=2/2
    ✓ Тишина B5          @ (3,3,4) hp=2/2
    ✓ Бурав B6           @ (2,1,2) hp=4/4
    ✗ Артиллерия B1      @ (4,6,2) [уничтожен]
    ✗ Радиовышка B2      @ (0,1,1) [уничтожен]
    ✗ Факел B4           @ (3,1,1) [уничтожен]
    ✗ Провокатор B7      @ (8,5,2) [уничтожен]
    ✗ Паук B8            @ (4,4,1) [уничтожен]
  Team C: живых 1/8
    ✓ Тишина C5          @ (2,2,3) hp=2/2
    ✗ Артиллерия C1      @ (9,8,1) [уничтожен]
    ✗ Радиовышка C2      @ (8,6,1) [уничтожен]
    ✗ Прыгун C3          @ (8,9,1) [уничтожен]
    ✗ Факел C4           @ (9,6,1) [уничтожен]
    ✗ Бурав C6           @ (9,2,1) [уничтожен]
    ✗ Провокатор C7      @ (7,8,1) [уничтожен]
    ✗ Паук C8            @ (0,0,1) [уничтожен]

======================================================================
ХОД 29
======================================================================
✓ 🎮 GM: начинаем ход
GM: start_turn

--- Радиовышки: сканирование слоя Z ---
  (у команд не осталось живых радиовышек)

--- Решения ботов ---
  [Team A] Тишина A5 (2,1,3) → MOVE (2,1,2)
  [Team B] Прыгун B3 (4,4,5) → MOVE (5,5,5)
  [Team B] Тишина B5 (3,3,4) → MOVE (3,3,5)
  [Team B] Бурав B6 (2,1,2) → MOVE (3,2,3)
  [Team C] Тишина C5 (2,2,3) → MOVE (3,3,4)
! 🎮 GM: принудительно завершает фазу планирования
GM: end_planning
# 
============================================================
# 🔄 ОБРАБОТКА ХОДА 29
# ============================================================

📦 ПЕРЕМЕЩЕНИЯ:
!    ⚠️ Тишина A5: клетка (2,1,2) занята
   Прыгун B3: (4, 4, 5) → (5,5,5)
   Тишина B5: (3, 3, 4) → (3,3,5)
!    ⚠️ Бурав B6: Бурав двигается только по 1 оси или по 2 осям строго диагонально
   Тишина C5: (2, 2, 3) → (3,3,4)

🎯 ВЫСТРЕЛЫ:
   Выпущено ракет: 0
# 
📊 РЕЗУЛЬТАТЫ ХОДА 29:
🎯 Попаданий нет

--- Результаты хода ---
  Попаданий нет

--- Состояние команд после хода ---
  Team A: живых 1/8
    ✓ Тишина A5          @ (2,1,3) hp=2/2
    ✗ Артиллерия A1      @ (7,3,8) [уничтожен]
    ✗ Радиовышка A2      @ (7,5,3) [уничтожен]
    ✗ Прыгун A3          @ (1,1,1) [уничтожен]
    ✗ Факел A4           @ (7,4,8) [уничтожен]
    ✗ Бурав A6           @ (4,1,6) [уничтожен]
    ✗ Провокатор A7      @ (3,5,5) [уничтожен]
    ✗ Паук A8            @ (5,6,5) [уничтожен]
  Team B: живых 3/8
    ✓ Прыгун B3          @ (5,5,5) hp=2/2
    ✓ Тишина B5          @ (3,3,5) hp=2/2
    ✓ Бурав B6           @ (2,1,2) hp=4/4
    ✗ Артиллерия B1      @ (4,6,2) [уничтожен]
    ✗ Радиовышка B2      @ (0,1,1) [уничтожен]
    ✗ Факел B4           @ (3,1,1) [уничтожен]
    ✗ Провокатор B7      @ (8,5,2) [уничтожен]
    ✗ Паук B8            @ (4,4,1) [уничтожен]
  Team C: живых 1/8
    ✓ Тишина C5          @ (3,3,4) hp=2/2
    ✗ Артиллерия C1      @ (9,8,1) [уничтожен]
    ✗ Радиовышка C2      @ (8,6,1) [уничтожен]
    ✗ Прыгун C3          @ (8,9,1) [уничтожен]
    ✗ Факел C4           @ (9,6,1) [уничтожен]
    ✗ Бурав C6           @ (9,2,1) [уничтожен]
    ✗ Провокатор C7      @ (7,8,1) [уничтожен]
    ✗ Паук C8            @ (0,0,1) [уничтожен]

======================================================================
ХОД 30
======================================================================
✓ 🎮 GM: начинаем ход
GM: start_turn

--- Радиовышки: сканирование слоя Z ---
  (у команд не осталось живых радиовышек)

--- Решения ботов ---
  [Team A] Тишина A5 (2,1,3) → PHASE toggle
  [Team B] Тишина B5 (3,3,5) → MOVE (4,4,5)
  [Team B] Бурав B6 (2,1,2) → MOVE (3,2,3)
  [Team B] Прыгун B3 → SKIP
  [Team C] Тишина C5 (3,3,4) → MOVE (3,3,5)
! 🎮 GM: принудительно завершает фазу планирования
GM: end_planning
# 
============================================================
# 🔄 ОБРАБОТКА ХОДА 30
# ============================================================
   🌀 Тишина A5: фаза ВЫКЛ

📦 ПЕРЕМЕЩЕНИЯ:
   Тишина B5: (3, 3, 5) → (4,4,5)
!    ⚠️ Бурав B6: Бурав двигается только по 1 оси или по 2 осям строго диагонально
   Тишина C5: (3, 3, 4) → (3,3,5)

🎯 ВЫСТРЕЛЫ:
   Выпущено ракет: 0
# 
📊 РЕЗУЛЬТАТЫ ХОДА 30:
🎯 Попаданий нет

--- Результаты хода ---
  Попаданий нет

--- Состояние команд после хода ---
  Team A: живых 1/8
    ✓ Тишина A5          @ (2,1,3) hp=2/2
    ✗ Артиллерия A1      @ (7,3,8) [уничтожен]
    ✗ Радиовышка A2      @ (7,5,3) [уничтожен]
    ✗ Прыгун A3          @ (1,1,1) [уничтожен]
    ✗ Факел A4           @ (7,4,8) [уничтожен]
    ✗ Бурав A6           @ (4,1,6) [уничтожен]
    ✗ Провокатор A7      @ (3,5,5) [уничтожен]
    ✗ Паук A8            @ (5,6,5) [уничтожен]
  Team B: живых 3/8
    ✓ Прыгун B3          @ (5,5,5) hp=2/2
    ✓ Тишина B5          @ (4,4,5) hp=2/2
    ✓ Бурав B6           @ (2,1,2) hp=4/4
    ✗ Артиллерия B1      @ (4,6,2) [уничтожен]
    ✗ Радиовышка B2      @ (0,1,1) [уничтожен]
    ✗ Факел B4           @ (3,1,1) [уничтожен]
    ✗ Провокатор B7      @ (8,5,2) [уничтожен]
    ✗ Паук B8            @ (4,4,1) [уничтожен]
  Team C: живых 1/8
    ✓ Тишина C5          @ (3,3,5) hp=2/2
    ✗ Артиллерия C1      @ (9,8,1) [уничтожен]
    ✗ Радиовышка C2      @ (8,6,1) [уничтожен]
    ✗ Прыгун C3          @ (8,9,1) [уничтожен]
    ✗ Факел C4           @ (9,6,1) [уничтожен]
    ✗ Бурав C6           @ (9,2,1) [уничтожен]
    ✗ Провокатор C7      @ (7,8,1) [уничтожен]
    ✗ Паук C8            @ (0,0,1) [уничтожен]

======================================================================
ИТОГ
======================================================================
Лимит ходов (30) исчерпан, ничья/пат.

--- Сводка по командам ---
  Team A: 1/8 живых; hp=2
  Team B: 3/8 живых; hp=8
  Team C: 1/8 живых; hp=2

--- Сводка по пассивкам радиовышек ---
  Team A: сканирований=6, всего врагов-в-слоях=0, уникальных эксклюзивных (видны только радиовышкой)=0
  Team B: сканирований=7, всего врагов-в-слоях=12, уникальных эксклюзивных (видны только радиовышкой)=1
  Team C: сканирований=2, всего врагов-в-слоях=3, уникальных эксклюзивных (видны только радиовышкой)=0

--- Сводка по попаданиям ---
  Всего событий (шоты+тараны+мины): 21
  Уничтожено кораблей всего: 19
  Team A: урон=12 хиты=3 тараны=2 мины(сработало)=0 убийств=5
  Team B: урон=37 хиты=2 тараны=11 мины(сработало)=0 убийств=12
  Team C: урон=6 хиты=1 тараны=0 мины(сработало)=2 убийств=2
! 🎮 GM: остановка игры
