======================================================================
Space Battle 10×10×10 — simulation run at 2026-04-20T13:39:21+00:00
Game mode: advanced
Seed: 140
✓ 🚀 Продвинутый режим: создаю разные типы кораблей
   Команда A: спавн вдоль оси X от (0, 0, 4) до (2, 0, 4)
   Команда B: спавн вдоль оси X от (4, 6, 6) до (7, 6, 6)
   Команда C: спавн вдоль оси Y от (4, 8, 0) до (4, 2, 0)
✓ ✅ Создано 24 кораблей


--- СТАРТОВАЯ РАССТАНОВКА ---
  Team A: живых 8/8
    ✓ Артиллерия A1      @ (0,0,4) hp=1/1
    ✓ Радиовышка A2      @ (8,0,4) hp=3/3
    ✓ Прыгун A3          @ (9,0,4) hp=2/2
    ✓ Факел A4           @ (5,0,4) hp=6/6
    ✓ Тишина A5          @ (6,0,4) hp=2/2
    ✓ Бурав A6           @ (1,0,4) hp=4/4
    ✓ Провокатор A7      @ (7,0,4) hp=2/2
    ✓ Паук A8            @ (2,0,4) hp=1/1
  Team B: живых 8/8
    ✓ Артиллерия B1      @ (4,6,6) hp=1/1
    ✓ Радиовышка B2      @ (0,6,6) hp=3/3
    ✓ Прыгун B3          @ (2,6,6) hp=2/2
    ✓ Факел B4           @ (1,6,6) hp=6/6
    ✓ Тишина B5          @ (9,6,6) hp=2/2
    ✓ Бурав B6           @ (6,6,6) hp=4/4
    ✓ Провокатор B7      @ (3,6,6) hp=2/2
    ✓ Паук B8            @ (7,6,6) hp=1/1
  Team C: живых 8/8
    ✓ Артиллерия C1      @ (4,8,0) hp=1/1
    ✓ Радиовышка C2      @ (4,9,0) hp=3/3
    ✓ Прыгун C3          @ (4,6,0) hp=2/2
    ✓ Факел C4           @ (4,3,0) hp=6/6
    ✓ Тишина C5          @ (4,1,0) hp=2/2
    ✓ Бурав C6           @ (4,7,0) hp=4/4
    ✓ Провокатор C7      @ (4,0,0) hp=2/2
    ✓ Паук C8            @ (4,2,0) hp=1/1

======================================================================
ХОД 1
======================================================================
✓ 🎮 GM: начинаем ход
GM: start_turn

--- Радиовышки: сканирование слоя Z ---
  Радиовышка A2 (z=4): слой чист
  Радиовышка B2 (z=6): слой чист
  Радиовышка C2 (z=0): слой чист

--- Решения ботов ---
  [Team A] Артиллерия A1 (0,0,4) → SHOOT at (4,0,0)
  [Team A] Радиовышка A2 (8,0,4) → MOVE (7,1,3)
  [Team A] Прыгун A3 (9,0,4) → MOVE (8,1,3)
  [Team A] Факел A4 (5,0,4) → MOVE (4,0,4)
  [Team A] Тишина A5 (6,0,4) → PHASE toggle
  [Team A] Бурав A6 (1,0,4) → MOVE (2,1,3)
  [Team A] Провокатор A7 (7,0,4) → HOLOGRAM (6,1,3)
  [Team A] Паук A8 (2,0,4) → MINE (3,1,3)
  [Team B] Артиллерия B1 (4,6,6) → SHOOT at (0,5,0)
  [Team B] Радиовышка B2 (0,6,6) → MOVE (1,5,5)
  [Team B] Прыгун B3 (2,6,6) → MOVE (3,5,5)
  [Team B] Тишина B5 (9,6,6) → MOVE (8,5,5)
  [Team B] Бурав B6 (6,6,6) → MOVE (5,5,5)
  [Team B] Провокатор B7 (3,6,6) → MOVE (4,5,5)
  [Team B] Паук B8 (7,6,6) → MOVE (6,5,5)
  [Team B] Факел B4 → SKIP
  [Team C] Артиллерия C1 (4,8,0) → SHOOT at (0,0,4)
  [Team C] Радиовышка C2 (4,9,0) → MOVE (3,8,1)
  [Team C] Прыгун C3 (4,6,0) → MOVE (3,5,1)
  [Team C] Факел C4 (4,3,0) → MOVE (4,4,0)
  [Team C] Тишина C5 (4,1,0) → PHASE toggle
  [Team C] Бурав C6 (4,7,0) → MOVE (3,6,1)
  [Team C] Провокатор C7 (4,0,0) → HOLOGRAM (3,0,1)
  [Team C] Паук C8 (4,2,0) → MINE (3,1,1)
! 🎮 GM: принудительно завершает фазу планирования
GM: end_planning
# 
============================================================
# 🔄 ОБРАБОТКА ХОДА 1
# ============================================================
   🌀 Тишина A5: уходит в фазу на 1 ход
   🌀 Тишина C5: уходит в фазу на 1 ход
   🪞 Провокатор A7 создал голограмму H1 в (6,1,3)
   🪞 Провокатор C7 создал голограмму H2 в (3,0,1)
   💣 Паук A8 установил мину M1 в (3,1,3)
   💣 Паук C8 установил мину M2 в (3,1,1)

📦 ПЕРЕМЕЩЕНИЯ:
   Радиовышка A2: (8, 0, 4) → (7,1,3)
   Прыгун A3: (9, 0, 4) → (8,1,3)
   Факел A4: (5, 0, 4) → (4,0,4)
!    ⚠️ Бурав A6: Бурав двигается только по 1 оси или по 2 осям строго диагонально
   Радиовышка B2: (0, 6, 6) → (1,5,5)
   Прыгун B3: (2, 6, 6) → (3,5,5)
   Тишина B5: (9, 6, 6) → (8,5,5)
!    ⚠️ Бурав B6: Бурав двигается только по 1 оси или по 2 осям строго диагонально
   Провокатор B7: (3, 6, 6) → (4,5,5)
   Паук B8: (7, 6, 6) → (6,5,5)
   Радиовышка C2: (4, 9, 0) → (3,8,1)
   Прыгун C3: (4, 6, 0) → (3,5,1)
   Факел C4: (4, 3, 0) → (4,4,0)
!    ⚠️ Бурав C6: Бурав двигается только по 1 оси или по 2 осям строго диагонально

🎯 ВЫСТРЕЛЫ:
✓    ✅ Артиллерия A1 поразил Провокатор C7 (2 урона)!
✓    ✅ Артиллерия C1 поразил Артиллерия A1 (2 урона)!
   Выпущено ракет: 3
# 
📊 РЕЗУЛЬТАТЫ ХОДА 1:
✓ 💥 ПОПАДАНИЯ:
✓    Артиллерия A1 (Team A) → Провокатор C7 (Team C)
✓    Артиллерия C1 (Team C) → Артиллерия A1 (Team A)

--- Результаты хода ---
  Team A / Артиллерия A1      → Team C / Провокатор C7      @ (4,0,0)  (УБИТ)
  Team C / Артиллерия C1      → Team A / Артиллерия A1      @ (0,0,4)  (УБИТ)

--- Состояние команд после хода ---
  Team A: живых 7/8
    ✓ Радиовышка A2      @ (7,1,3) hp=3/3
    ✓ Прыгун A3          @ (8,1,3) hp=2/2
    ✓ Факел A4           @ (4,0,4) hp=6/6
    ✓ Тишина A5          @ (6,0,4) hp=2/2
    ✓ Бурав A6           @ (1,0,4) hp=4/4
    ✓ Провокатор A7      @ (7,0,4) hp=2/2
    ✓ Паук A8            @ (2,0,4) hp=1/1
    ✗ Артиллерия A1      @ (0,0,4) [уничтожен]
  Team B: живых 8/8
    ✓ Артиллерия B1      @ (4,6,6) hp=1/1
    ✓ Радиовышка B2      @ (1,5,5) hp=3/3
    ✓ Прыгун B3          @ (3,5,5) hp=2/2
    ✓ Факел B4           @ (1,6,6) hp=6/6
    ✓ Тишина B5          @ (8,5,5) hp=2/2
    ✓ Бурав B6           @ (6,6,6) hp=4/4
    ✓ Провокатор B7      @ (4,5,5) hp=2/2
    ✓ Паук B8            @ (6,5,5) hp=1/1
  Team C: живых 7/8
    ✓ Артиллерия C1      @ (4,8,0) hp=1/1
    ✓ Радиовышка C2      @ (3,8,1) hp=3/3
    ✓ Прыгун C3          @ (3,5,1) hp=2/2
    ✓ Факел C4           @ (4,4,0) hp=6/6
    ✓ Тишина C5          @ (4,1,0) hp=2/2
    ✓ Бурав C6           @ (4,7,0) hp=4/4
    ✓ Паук C8            @ (4,2,0) hp=1/1
    ✗ Провокатор C7      @ (4,0,0) [уничтожен]

======================================================================
ХОД 2
======================================================================
✓ 🎮 GM: начинаем ход
GM: start_turn

--- Радиовышки: сканирование слоя Z ---
  Радиовышка A2 (z=3): слой чист
  Радиовышка B2 (z=5): слой чист
  Радиовышка C2 (z=1): слой чист

--- Решения ботов ---
  [Team A] Радиовышка A2 (7,1,3) → MOVE (6,2,2)
  [Team A] Прыгун A3 (8,1,3) → MOVE (8,2,4)
  [Team A] Факел A4 (4,0,4) → MOVE (5,1,3)
  [Team A] Тишина A5 (6,0,4) → MOVE (6,1,3)
  [Team A] Бурав A6 (1,0,4) → MOVE (2,1,3)
  [Team A] Провокатор A7 (7,0,4) → HOLOGRAM (6,1,4)
  [Team A] Паук A8 (2,0,4) → MINE (3,1,3)
  [Team B] Артиллерия B1 (4,6,6) → SHOOT at (3,5,1)
  [Team B] Радиовышка B2 (1,5,5) → MOVE (2,6,4)
  [Team B] Прыгун B3 (3,5,5) → SHOOT at (3,5,1)
  [Team B] Факел B4 (1,6,6) → MOVE (2,6,6)
  [Team B] Тишина B5 (8,5,5) → PHASE toggle
  [Team B] Бурав B6 (6,6,6) → MOVE (7,5,5)
  [Team B] Провокатор B7 (4,5,5) → HOLOGRAM (5,4,4)
  [Team B] Паук B8 (6,5,5) → MINE (7,4,4)
  [Team C] Артиллерия C1 (4,8,0) → SHOOT at (4,5,5)
  [Team C] Радиовышка C2 (3,8,1) → MOVE (2,7,2)
  [Team C] Прыгун C3 (3,5,1) → SHOOT at (3,5,5)
  [Team C] Факел C4 (4,4,0) → MOVE (4,5,0)
  [Team C] Тишина C5 (4,1,0) → MOVE (5,1,1)
  [Team C] Бурав C6 (4,7,0) → MOVE (3,6,1)
  [Team C] Паук C8 (4,2,0) → MINE (5,1,0)
! 🎮 GM: принудительно завершает фазу планирования
GM: end_planning
# 
============================================================
# 🔄 ОБРАБОТКА ХОДА 2
# ============================================================
   🌀 Тишина A5: фаза спала (действовала 1 ход)
   🌀 Тишина C5: фаза спала (действовала 1 ход)
   🌀 Тишина B5: уходит в фазу на 1 ход
   🪞 Провокатор A7 создал голограмму H3 в (6,1,4)
   🪞 Провокатор B7 создал голограмму H4 в (5,4,4)
!    ⚠️ Паук A8: в клетке уже стоит мина
   💣 Паук B8 установил мину M3 в (7,4,4)
   💣 Паук C8 установил мину M4 в (5,1,0)

📦 ПЕРЕМЕЩЕНИЯ:
   Радиовышка A2: (7, 1, 3) → (6,2,2)
   Прыгун A3: (8, 1, 3) → (8,2,4)
   Факел A4: (4, 0, 4) → (5,1,3)
!    ⚠️ Тишина A5: клетка (6,1,3) занята
!    ⚠️ Бурав A6: Бурав двигается только по 1 оси или по 2 осям строго диагонально
   Радиовышка B2: (1, 5, 5) → (2,6,4)
   Факел B4: (1, 6, 6) → (2,6,6)
!    ⚠️ Бурав B6: Бурав двигается только по 1 оси или по 2 осям строго диагонально
   Радиовышка C2: (3, 8, 1) → (2,7,2)
   Факел C4: (4, 4, 0) → (4,5,0)
   Тишина C5: (4, 1, 0) → (5,1,1)
!    ⚠️ Бурав C6: Бурав двигается только по 1 оси или по 2 осям строго диагонально

🎯 ВЫСТРЕЛЫ:
✓    ✅ Артиллерия B1 поразил Прыгун C3 (2 урона)!
   💀 Прыгун B3 добивает Прыгун C3
✓    ✅ Прыгун B3 поразил Прыгун C3 (1 урона)!
✓    ✅ Артиллерия C1 поразил Провокатор B7 (2 урона)!
✓    ✅ Прыгун C3 поразил Прыгун B3 (1 урона)!
   Выпущено ракет: 4
# 
📊 РЕЗУЛЬТАТЫ ХОДА 2:
✓ 💥 ПОПАДАНИЯ:
✓    Артиллерия B1 (Team B) → Прыгун C3 (Team C)
✓    Прыгун B3 (Team B) → Прыгун C3 (Team C)
✓    Артиллерия C1 (Team C) → Провокатор B7 (Team B)
✓    Прыгун C3 (Team C) → Прыгун B3 (Team B)

--- Результаты хода ---
  Team B / Артиллерия B1      → Team C / Прыгун C3          @ (3,5,1)  (УБИТ)
  Team B / Прыгун B3          → Team C / Прыгун C3          @ (3,5,1)  (ранен)
  Team C / Артиллерия C1      → Team B / Провокатор B7      @ (4,5,5)  (УБИТ)
  Team C / Прыгун C3          → Team B / Прыгун B3          @ (3,5,5)  (ранен)

--- Состояние команд после хода ---
  Team A: живых 7/8
    ✓ Радиовышка A2      @ (6,2,2) hp=3/3
    ✓ Прыгун A3          @ (8,2,4) hp=2/2
    ✓ Факел A4           @ (5,1,3) hp=6/6
    ✓ Тишина A5          @ (6,0,4) hp=2/2
    ✓ Бурав A6           @ (1,0,4) hp=4/4
    ✓ Провокатор A7      @ (7,0,4) hp=2/2
    ✓ Паук A8            @ (2,0,4) hp=1/1
    ✗ Артиллерия A1      @ (0,0,4) [уничтожен]
  Team B: живых 7/8
    ✓ Артиллерия B1      @ (4,6,6) hp=1/1
    ✓ Радиовышка B2      @ (2,6,4) hp=3/3
    ✓ Прыгун B3          @ (3,5,5) hp=1/2
    ✓ Факел B4           @ (2,6,6) hp=6/6
    ✓ Тишина B5          @ (8,5,5) hp=2/2
    ✓ Бурав B6           @ (6,6,6) hp=4/4
    ✓ Паук B8            @ (6,5,5) hp=1/1
    ✗ Провокатор B7      @ (4,5,5) [уничтожен]
  Team C: живых 6/8
    ✓ Артиллерия C1      @ (4,8,0) hp=1/1
    ✓ Радиовышка C2      @ (2,7,2) hp=3/3
    ✓ Факел C4           @ (4,5,0) hp=6/6
    ✓ Тишина C5          @ (5,1,1) hp=2/2
    ✓ Бурав C6           @ (4,7,0) hp=4/4
    ✓ Паук C8            @ (4,2,0) hp=1/1
    ✗ Прыгун C3          @ (3,5,1) [уничтожен]
    ✗ Провокатор C7      @ (4,0,0) [уничтожен]

======================================================================
ХОД 3
======================================================================
✓ 🎮 GM: начинаем ход
GM: start_turn

--- Радиовышки: сканирование слоя Z ---
  Радиовышка A2 (z=2): видит 1 врагов [+1 эксклюзивно] → Радиовышка C2(2,7,2)
  Радиовышка B2 (z=4): видит 5 врагов [+4 эксклюзивно] → Бурав A6(1,0,4), Паук A8(2,0,4), Тишина A5(6,0,4), Провокатор A7(7,0,4), Прыгун A3(8,2,4)
  Радиовышка C2 (z=2): видит 1 врагов  → Радиовышка A2(6,2,2)

--- Решения ботов ---
  [Team A] Радиовышка A2 (6,2,2) → MOVE (5,1,1)
  [Team A] Прыгун A3 (8,2,4) → MOVE (7,3,5)
  [Team A] Факел A4 (5,1,3) → SHOOT at (5,1,1)
  [Team A] Тишина A5 (6,0,4) → MOVE (6,0,3)
  [Team A] Бурав A6 (1,0,4) → MOVE (2,1,3)
  [Team A] Провокатор A7 (7,0,4) → HOLOGRAM (6,1,3)
  [Team A] Паук A8 (2,0,4) → MINE (3,1,3)
  [Team B] Артиллерия B1 (4,6,6) → SHOOT at (4,8,0)
  [Team B] Радиовышка B2 (2,6,4) → MOVE (2,7,3)
  [Team B] Прыгун B3 (3,5,5) → MOVE (4,4,4)
  [Team B] Факел B4 (2,6,6) → HEAL (AoE)
  [Team B] Тишина B5 (8,5,5) → MOVE (7,4,4)
  [Team B] Бурав B6 (6,6,6) → MOVE (6,6,5)
  [Team B] Паук B8 (6,5,5) → MINE (6,4,4)
  [Team C] Артиллерия C1 (4,8,0) → SHOOT at (4,6,6)
  [Team C] Радиовышка C2 (2,7,2) → MOVE (2,6,3)
  [Team C] Факел C4 (4,5,0) → MOVE (4,6,0)
  [Team C] Тишина C5 (5,1,1) → MOVE (6,2,2)
  [Team C] Бурав C6 (4,7,0) → MOVE (3,6,1)
  [Team C] Паук C8 (4,2,0) → MINE (5,2,1)
! 🎮 GM: принудительно завершает фазу планирования
GM: end_planning
# 
============================================================
# 🔄 ОБРАБОТКА ХОДА 3
# ============================================================
   🌀 Тишина B5: фаза спала (действовала 1 ход)
!    ⚠️ Провокатор A7: клетка (6,1,3) уже занята голограммой
!    ⚠️ Паук A8: в клетке уже стоит мина
   💣 Паук B8 установил мину M5 в (6,4,4)
   💣 Паук C8 установил мину M6 в (5,2,1)

📦 ПЕРЕМЕЩЕНИЯ:
!    ⚠️ Радиовышка A2: клетка (5,1,1) занята
   Прыгун A3: (8, 2, 4) → (7,3,5)
   Тишина A5: (6, 0, 4) → (6,0,3)
!    ⚠️ Бурав A6: Бурав двигается только по 1 оси или по 2 осям строго диагонально
   Радиовышка B2: (2, 6, 4) → (2,7,3)
   Прыгун B3: (3, 5, 5) → (4,4,4)
   Тишина B5: (8, 5, 5) → (7,4,4)
   Бурав B6: (6, 6, 6) → (6,6,5)
   Радиовышка C2: (2, 7, 2) → (2,6,3)
   Факел C4: (4, 5, 0) → (4,6,0)
!    ⚠️ Тишина C5: клетка (6,2,2) занята
!    ⚠️ Бурав C6: Бурав двигается только по 1 оси или по 2 осям строго диагонально

🎯 ВЫСТРЕЛЫ:
✓    ✅ Факел A4 поразил Тишина C5 (1 урона)!
✓    ✅ Артиллерия B1 поразил Артиллерия C1 (2 урона)!
✓    ✅ Артиллерия C1 поразил Артиллерия B1 (2 урона)!
✓    💚 Факел B4 лечит Прыгун B3 → hits=0/2
   Выпущено ракет: 3
# 
📊 РЕЗУЛЬТАТЫ ХОДА 3:
✓ 💥 ПОПАДАНИЯ:
✓    Факел A4 (Team A) → Тишина C5 (Team C)
✓    Артиллерия B1 (Team B) → Артиллерия C1 (Team C)
✓    Артиллерия C1 (Team C) → Артиллерия B1 (Team B)

--- Результаты хода ---
  Team A / Факел A4           → Team C / Тишина C5          @ (5,1,1)  (ранен)
  Team B / Артиллерия B1      → Team C / Артиллерия C1      @ (4,8,0)  (УБИТ)
  Team C / Артиллерия C1      → Team B / Артиллерия B1      @ (4,6,6)  (УБИТ)

--- Состояние команд после хода ---
  Team A: живых 7/8
    ✓ Радиовышка A2      @ (6,2,2) hp=3/3
    ✓ Прыгун A3          @ (7,3,5) hp=2/2
    ✓ Факел A4           @ (5,1,3) hp=6/6
    ✓ Тишина A5          @ (6,0,3) hp=2/2
    ✓ Бурав A6           @ (1,0,4) hp=4/4
    ✓ Провокатор A7      @ (7,0,4) hp=2/2
    ✓ Паук A8            @ (2,0,4) hp=1/1
    ✗ Артиллерия A1      @ (0,0,4) [уничтожен]
  Team B: живых 6/8
    ✓ Радиовышка B2      @ (2,7,3) hp=3/3
    ✓ Прыгун B3          @ (4,4,4) hp=2/2
    ✓ Факел B4           @ (2,6,6) hp=6/6
    ✓ Тишина B5          @ (7,4,4) hp=2/2
    ✓ Бурав B6           @ (6,6,5) hp=4/4
    ✓ Паук B8            @ (6,5,5) hp=1/1
    ✗ Артиллерия B1      @ (4,6,6) [уничтожен]
    ✗ Провокатор B7      @ (4,5,5) [уничтожен]
  Team C: живых 5/8
    ✓ Радиовышка C2      @ (2,6,3) hp=3/3
    ✓ Факел C4           @ (4,6,0) hp=6/6
    ✓ Тишина C5          @ (5,1,1) hp=1/2
    ✓ Бурав C6           @ (4,7,0) hp=4/4
    ✓ Паук C8            @ (4,2,0) hp=1/1
    ✗ Артиллерия C1      @ (4,8,0) [уничтожен]
    ✗ Прыгун C3          @ (3,5,1) [уничтожен]
    ✗ Провокатор C7      @ (4,0,0) [уничтожен]

======================================================================
ХОД 4
======================================================================
✓ 🎮 GM: начинаем ход
GM: start_turn

--- Радиовышки: сканирование слоя Z ---
  Радиовышка A2 (z=2): слой чист
  Радиовышка B2 (z=3): видит 3 врагов  → Факел A4(5,1,3), Тишина A5(6,0,3), Радиовышка C2(2,6,3)
  Радиовышка C2 (z=3): видит 3 врагов  → Факел A4(5,1,3), Тишина A5(6,0,3), Радиовышка B2(2,7,3)

--- Решения ботов ---
  [Team A] Радиовышка A2 (6,2,2) → MOVE (5,1,1)
  [Team A] Прыгун A3 (7,3,5) → MOVE (7,4,4)
  [Team A] Факел A4 (5,1,3) → SHOOT at (5,1,1)
  [Team A] Тишина A5 (6,0,3) → MOVE (5,1,2)
  [Team A] Бурав A6 (1,0,4) → MOVE (2,1,4)
  [Team A] Провокатор A7 (7,0,4) → HOLOGRAM (6,1,3)
  [Team A] Паук A8 (2,0,4) → MINE (3,1,3)
  [Team B] Радиовышка B2 (2,7,3) → MOVE (2,6,3)
  [Team B] Прыгун B3 (4,4,4) → MOVE (6,2,2)
  [Team B] Факел B4 (2,6,6) → SHOOT at (2,6,3)
  [Team B] Тишина B5 (7,4,4) → MOVE (7,3,5)
  [Team B] Бурав B6 (6,6,5) → MOVE (7,5,5)
  [Team B] Паук B8 (6,5,5) → MINE (7,4,5)
  [Team C] Радиовышка C2 (2,6,3) → MOVE (2,7,3)
  [Team C] Факел C4 (4,6,0) → MOVE (5,5,1)
  [Team C] Тишина C5 (5,1,1) → MOVE (6,2,2)
  [Team C] Бурав C6 (4,7,0) → MOVE (3,7,1)
  [Team C] Паук C8 (4,2,0) → MINE (5,2,1)
! 🎮 GM: принудительно завершает фазу планирования
GM: end_planning
# 
============================================================
# 🔄 ОБРАБОТКА ХОДА 4
# ============================================================
!    ⚠️ Провокатор A7: клетка (6,1,3) уже занята голограммой
!    ⚠️ Паук A8: в клетке уже стоит мина
   💣 Паук B8 установил мину M7 в (7,4,5)
!    ⚠️ Паук C8: в клетке уже стоит мина

📦 ПЕРЕМЕЩЕНИЯ:
!    ⚠️ Радиовышка A2: клетка (5,1,1) занята
✓    💥 Прыгун A3 тараном уничтожил Тишина B5 в (7,4,4)
   Прыгун A3: (7, 3, 5) → (7,4,4)
!    💥 Мина M3 сработала под Прыгун A3 (урон 2) — КОРАБЛЬ УНИЧТОЖЕН
   Тишина A5: (6, 0, 3) → (5,1,2)
   Бурав A6: (1, 0, 4) → (2,1,4)
!    ⚠️ Радиовышка B2: клетка (2,6,3) занята
✓    💥 Прыгун B3 тараном уничтожил Радиовышка A2 в (6,2,2)
   Прыгун B3: (4, 4, 4) → (6,2,2)
   Бурав B6: (6, 6, 5) → (7,5,5)
!    ⚠️ Радиовышка C2: клетка (2,7,3) занята
   Факел C4: (4, 6, 0) → (5,5,1)
!    ⚠️ Тишина C5: клетка (6,2,2) занята
   Бурав C6: (4, 7, 0) → (3,7,1)

🎯 ВЫСТРЕЛЫ:
!    🛡️ Выстрел Факел A4 заблокирован союзником Тишина A5 в (5, 1, 2)
✓    ✅ Факел B4 поразил Радиовышка C2 (1 урона)!
   Выпущено ракет: 2
# 
📊 РЕЗУЛЬТАТЫ ХОДА 4:
✓ 💥 ПОПАДАНИЯ:
✓    Факел B4 (Team B) → Радиовышка C2 (Team C)

--- Результаты хода ---
  Team A / Прыгун A3          → Team B / Тишина B5          @ (7,4,4)  (УБИТ)
  ? / ?                  → Team A / Прыгун A3          @ (7,4,4)  (УБИТ)
  Team B / Прыгун B3          → Team A / Радиовышка A2      @ (6,2,2)  (УБИТ)
  Team B / Факел B4           → Team C / Радиовышка C2      @ (2,6,3)  (ранен)

--- Состояние команд после хода ---
  Team A: живых 5/8
    ✓ Факел A4           @ (5,1,3) hp=6/6
    ✓ Тишина A5          @ (5,1,2) hp=2/2
    ✓ Бурав A6           @ (2,1,4) hp=4/4
    ✓ Провокатор A7      @ (7,0,4) hp=2/2
    ✓ Паук A8            @ (2,0,4) hp=1/1
    ✗ Артиллерия A1      @ (0,0,4) [уничтожен]
    ✗ Радиовышка A2      @ (6,2,2) [уничтожен]
    ✗ Прыгун A3          @ (7,4,4) [уничтожен]
  Team B: живых 5/8
    ✓ Радиовышка B2      @ (2,7,3) hp=3/3
    ✓ Прыгун B3          @ (6,2,2) hp=2/2
    ✓ Факел B4           @ (2,6,6) hp=6/6
    ✓ Бурав B6           @ (7,5,5) hp=4/4
    ✓ Паук B8            @ (6,5,5) hp=1/1
    ✗ Артиллерия B1      @ (4,6,6) [уничтожен]
    ✗ Тишина B5          @ (7,4,4) [уничтожен]
    ✗ Провокатор B7      @ (4,5,5) [уничтожен]
  Team C: живых 5/8
    ✓ Радиовышка C2      @ (2,6,3) hp=2/3
    ✓ Факел C4           @ (5,5,1) hp=6/6
    ✓ Тишина C5          @ (5,1,1) hp=1/2
    ✓ Бурав C6           @ (3,7,1) hp=4/4
    ✓ Паук C8            @ (4,2,0) hp=1/1
    ✗ Артиллерия C1      @ (4,8,0) [уничтожен]
    ✗ Прыгун C3          @ (3,5,1) [уничтожен]
    ✗ Провокатор C7      @ (4,0,0) [уничтожен]

======================================================================
ХОД 5
======================================================================
✓ 🎮 GM: начинаем ход
GM: start_turn

--- Радиовышки: сканирование слоя Z ---
  Радиовышка B2 (z=3): видит 2 врагов  → Факел A4(5,1,3), Радиовышка C2(2,6,3)
  Радиовышка C2 (z=3): видит 2 врагов  → Факел A4(5,1,3), Радиовышка B2(2,7,3)

--- Решения ботов ---
  [Team A] Факел A4 (5,1,3) → SHOOT at (5,1,1)
  [Team A] Тишина A5 (5,1,2) → PHASE toggle
  [Team A] Бурав A6 (2,1,4) → MOVE (5,1,1)
  [Team A] Провокатор A7 (7,0,4) → HOLOGRAM (6,1,3)
  [Team A] Паук A8 (2,0,4) → MINE (3,1,3)
  [Team B] Радиовышка B2 (2,7,3) → MOVE (2,6,3)
  [Team B] Прыгун B3 (6,2,2) → MOVE (5,1,3)
  [Team B] Факел B4 (2,6,6) → SHOOT at (2,6,3)
  [Team B] Бурав B6 (7,5,5) → MOVE (6,4,4)
  [Team B] Паук B8 (6,5,5) → MINE (5,4,4)
  [Team C] Радиовышка C2 (2,6,3) → MOVE (2,7,3)
  [Team C] Факел C4 (5,5,1) → MOVE (5,4,1)
  [Team C] Тишина C5 (5,1,1) → PHASE toggle
  [Team C] Бурав C6 (3,7,1) → MOVE (2,7,2)
  [Team C] Паук C8 (4,2,0) → MINE (4,1,1)
! 🎮 GM: принудительно завершает фазу планирования
GM: end_planning
# 
============================================================
# 🔄 ОБРАБОТКА ХОДА 5
# ============================================================
   🌀 Тишина A5: уходит в фазу на 1 ход
   🌀 Тишина C5: уходит в фазу на 1 ход
!    ⚠️ Провокатор A7: клетка (6,1,3) уже занята голограммой
!    ⚠️ Паук A8: в клетке уже стоит мина
   💣 Паук B8 установил мину M8 в (5,4,4)
   💣 Паук C8 установил мину M9 в (4,1,1)

📦 ПЕРЕМЕЩЕНИЯ:
✓    💥 Бурав A6 пробивает фазу Тишина C5 тараном
✓    💥 Бурав A6 тараном уничтожил Тишина C5 в (5,1,1)
   Бурав A6: (2, 1, 4) → (5,1,1)
!    ⚠️ Радиовышка B2: клетка (2,6,3) занята
✓    💥 Прыгун B3 тараном уничтожил Факел A4 в (5,1,3)
   Прыгун B3: (6, 2, 2) → (5,1,3)
!    ⚠️ Бурав B6: Бурав двигается только по 1 оси или по 2 осям строго диагонально
!    ⚠️ Радиовышка C2: клетка (2,7,3) занята
   Факел C4: (5, 5, 1) → (5,4,1)
   Бурав C6: (3, 7, 1) → (2,7,2)

🎯 ВЫСТРЕЛЫ:
✓    ✅ Факел B4 поразил Радиовышка C2 (1 урона)!
   Выпущено ракет: 1
# 
📊 РЕЗУЛЬТАТЫ ХОДА 5:
✓ 💥 ПОПАДАНИЯ:
✓    Факел B4 (Team B) → Радиовышка C2 (Team C)

--- Результаты хода ---
  Team A / Бурав A6           → Team C / Тишина C5          @ (5,1,1)  (УБИТ)
  Team B / Прыгун B3          → Team A / Факел A4           @ (5,1,3)  (УБИТ)
  Team B / Факел B4           → Team C / Радиовышка C2      @ (2,6,3)  (ранен)

--- Состояние команд после хода ---
  Team A: живых 4/8
    ✓ Тишина A5          @ (5,1,2) hp=2/2
    ✓ Бурав A6           @ (5,1,1) hp=4/4
    ✓ Провокатор A7      @ (7,0,4) hp=2/2
    ✓ Паук A8            @ (2,0,4) hp=1/1
    ✗ Артиллерия A1      @ (0,0,4) [уничтожен]
    ✗ Радиовышка A2      @ (6,2,2) [уничтожен]
    ✗ Прыгун A3          @ (7,4,4) [уничтожен]
    ✗ Факел A4           @ (5,1,3) [уничтожен]
  Team B: живых 5/8
    ✓ Радиовышка B2      @ (2,7,3) hp=3/3
    ✓ Прыгун B3          @ (5,1,3) hp=2/2
    ✓ Факел B4           @ (2,6,6) hp=6/6
    ✓ Бурав B6           @ (7,5,5) hp=4/4
    ✓ Паук B8            @ (6,5,5) hp=1/1
    ✗ Артиллерия B1      @ (4,6,6) [уничтожен]
    ✗ Тишина B5          @ (7,4,4) [уничтожен]
    ✗ Провокатор B7      @ (4,5,5) [уничтожен]
  Team C: живых 4/8
    ✓ Радиовышка C2      @ (2,6,3) hp=1/3
    ✓ Факел C4           @ (5,4,1) hp=6/6
    ✓ Бурав C6           @ (2,7,2) hp=4/4
    ✓ Паук C8            @ (4,2,0) hp=1/1
    ✗ Артиллерия C1      @ (4,8,0) [уничтожен]
    ✗ Прыгун C3          @ (3,5,1) [уничтожен]
    ✗ Тишина C5          @ (5,1,1) [уничтожен]
    ✗ Провокатор C7      @ (4,0,0) [уничтожен]

======================================================================
ХОД 6
======================================================================
✓ 🎮 GM: начинаем ход
GM: start_turn

--- Радиовышки: сканирование слоя Z ---
  Радиовышка B2 (z=3): видит 1 врагов  → Радиовышка C2(2,6,3)
  Радиовышка C2 (z=3): видит 2 врагов  → Радиовышка B2(2,7,3), Прыгун B3(5,1,3)

--- Решения ботов ---
  [Team A] Тишина A5 (5,1,2) → MOVE (5,1,3)
  [Team A] Бурав A6 (5,1,1) → MOVE (5,4,1)
  [Team A] Провокатор A7 (7,0,4) → HOLOGRAM (6,1,3)
  [Team A] Паук A8 (2,0,4) → MINE (3,1,3)
  [Team B] Радиовышка B2 (2,7,3) → MOVE (2,6,3)
  [Team B] Прыгун B3 (5,1,3) → MOVE (7,0,4)
  [Team B] Факел B4 (2,6,6) → SHOOT at (2,6,3)
  [Team B] Бурав B6 (7,5,5) → MOVE (6,4,4)
  [Team B] Паук B8 (6,5,5) → MINE (5,4,4)
  [Team C] Радиовышка C2 (2,6,3) → MOVE (2,7,3)
  [Team C] Факел C4 (5,4,1) → SHOOT at (5,1,1)
  [Team C] Паук C8 (4,2,0) → MINE (5,1,1)
  [Team C] Бурав C6 → SKIP
! 🎮 GM: принудительно завершает фазу планирования
GM: end_planning
# 
============================================================
# 🔄 ОБРАБОТКА ХОДА 6
# ============================================================
   🌀 Тишина A5: фаза спала (действовала 1 ход)
!    ⚠️ Провокатор A7: клетка (6,1,3) уже занята голограммой
!    ⚠️ Паук A8: в клетке уже стоит мина
!    ⚠️ Паук B8: в клетке уже стоит мина
!    ⚠️ Паук C8: клетка (5,1,1) занята кораблём

📦 ПЕРЕМЕЩЕНИЯ:
!    ⚠️ Тишина A5: клетка (5,1,3) занята
✓    💥 Бурав A6 тараном уничтожил Факел C4 в (5,4,1)
   Бурав A6: (5, 1, 1) → (5,4,1)
!    ⚠️ Радиовышка B2: клетка (2,6,3) занята
✓    💥 Прыгун B3 тараном уничтожил Провокатор A7 в (7,0,4)
   Прыгун B3: (5, 1, 3) → (7,0,4)
!    ⚠️ Бурав B6: Бурав двигается только по 1 оси или по 2 осям строго диагонально
!    ⚠️ Радиовышка C2: клетка (2,7,3) занята

🎯 ВЫСТРЕЛЫ:
✓    ✅ Факел B4 поразил Радиовышка C2 (1 урона)!
   Выпущено ракет: 1
# 
📊 РЕЗУЛЬТАТЫ ХОДА 6:
✓ 💥 ПОПАДАНИЯ:
✓    Факел B4 (Team B) → Радиовышка C2 (Team C)

--- Результаты хода ---
  Team A / Бурав A6           → Team C / Факел C4           @ (5,4,1)  (УБИТ)
  Team B / Прыгун B3          → Team A / Провокатор A7      @ (7,0,4)  (УБИТ)
  Team B / Факел B4           → Team C / Радиовышка C2      @ (2,6,3)  (УБИТ)

--- Состояние команд после хода ---
  Team A: живых 3/8
    ✓ Тишина A5          @ (5,1,2) hp=2/2
    ✓ Бурав A6           @ (5,4,1) hp=4/4
    ✓ Паук A8            @ (2,0,4) hp=1/1
    ✗ Артиллерия A1      @ (0,0,4) [уничтожен]
    ✗ Радиовышка A2      @ (6,2,2) [уничтожен]
    ✗ Прыгун A3          @ (7,4,4) [уничтожен]
    ✗ Факел A4           @ (5,1,3) [уничтожен]
    ✗ Провокатор A7      @ (7,0,4) [уничтожен]
  Team B: живых 5/8
    ✓ Радиовышка B2      @ (2,7,3) hp=3/3
    ✓ Прыгун B3          @ (7,0,4) hp=2/2
    ✓ Факел B4           @ (2,6,6) hp=6/6
    ✓ Бурав B6           @ (7,5,5) hp=4/4
    ✓ Паук B8            @ (6,5,5) hp=1/1
    ✗ Артиллерия B1      @ (4,6,6) [уничтожен]
    ✗ Тишина B5          @ (7,4,4) [уничтожен]
    ✗ Провокатор B7      @ (4,5,5) [уничтожен]
  Team C: живых 2/8
    ✓ Бурав C6           @ (2,7,2) hp=4/4
    ✓ Паук C8            @ (4,2,0) hp=1/1
    ✗ Артиллерия C1      @ (4,8,0) [уничтожен]
    ✗ Радиовышка C2      @ (2,6,3) [уничтожен]
    ✗ Прыгун C3          @ (3,5,1) [уничтожен]
    ✗ Факел C4           @ (5,4,1) [уничтожен]
    ✗ Тишина C5          @ (5,1,1) [уничтожен]
    ✗ Провокатор C7      @ (4,0,0) [уничтожен]

======================================================================
ХОД 7
======================================================================
✓ 🎮 GM: начинаем ход
GM: start_turn

--- Радиовышки: сканирование слоя Z ---
  Радиовышка B2 (z=3): слой чист

--- Решения ботов ---
  [Team A] Тишина A5 (5,1,2) → MOVE (6,0,3)
  [Team A] Бурав A6 (5,4,1) → MOVE (4,3,0)
  [Team A] Паук A8 (2,0,4) → MINE (3,1,3)
  [Team B] Радиовышка B2 (2,7,3) → MOVE (2,7,2)
  [Team B] Прыгун B3 (7,0,4) → MOVE (5,1,2)
  [Team B] Факел B4 (2,6,6) → MOVE (3,5,5)
  [Team B] Бурав B6 (7,5,5) → MOVE (6,4,4)
  [Team B] Паук B8 (6,5,5) → MINE (5,4,4)
  [Team C] Бурав C6 (2,7,2) → MOVE (2,7,3)
  [Team C] Паук C8 (4,2,0) → MINE (4,2,1)
! 🎮 GM: принудительно завершает фазу планирования
GM: end_planning
# 
============================================================
# 🔄 ОБРАБОТКА ХОДА 7
# ============================================================
!    ⚠️ Паук A8: в клетке уже стоит мина
!    ⚠️ Паук B8: в клетке уже стоит мина
   💣 Паук C8 установил мину M10 в (4,2,1)

📦 ПЕРЕМЕЩЕНИЯ:
   Тишина A5: (5, 1, 2) → (6,0,3)
!    ⚠️ Бурав A6: Бурав двигается только по 1 оси или по 2 осям строго диагонально
!    ⚠️ Радиовышка B2: клетка (2,7,2) занята
   Прыгун B3: (7, 0, 4) → (5,1,2)
   Факел B4: (2, 6, 6) → (3,5,5)
!    ⚠️ Бурав B6: Бурав двигается только по 1 оси или по 2 осям строго диагонально
✓    💥 Бурав C6 тараном уничтожил Радиовышка B2 в (2,7,3)
   Бурав C6: (2, 7, 2) → (2,7,3)

🎯 ВЫСТРЕЛЫ:
   Выпущено ракет: 0
# 
📊 РЕЗУЛЬТАТЫ ХОДА 7:
🎯 Попаданий нет

--- Результаты хода ---
  Team C / Бурав C6           → Team B / Радиовышка B2      @ (2,7,3)  (УБИТ)

--- Состояние команд после хода ---
  Team A: живых 3/8
    ✓ Тишина A5          @ (6,0,3) hp=2/2
    ✓ Бурав A6           @ (5,4,1) hp=4/4
    ✓ Паук A8            @ (2,0,4) hp=1/1
    ✗ Артиллерия A1      @ (0,0,4) [уничтожен]
    ✗ Радиовышка A2      @ (6,2,2) [уничтожен]
    ✗ Прыгун A3          @ (7,4,4) [уничтожен]
    ✗ Факел A4           @ (5,1,3) [уничтожен]
    ✗ Провокатор A7      @ (7,0,4) [уничтожен]
  Team B: живых 4/8
    ✓ Прыгун B3          @ (5,1,2) hp=2/2
    ✓ Факел B4           @ (3,5,5) hp=6/6
    ✓ Бурав B6           @ (7,5,5) hp=4/4
    ✓ Паук B8            @ (6,5,5) hp=1/1
    ✗ Артиллерия B1      @ (4,6,6) [уничтожен]
    ✗ Радиовышка B2      @ (2,7,3) [уничтожен]
    ✗ Тишина B5          @ (7,4,4) [уничтожен]
    ✗ Провокатор B7      @ (4,5,5) [уничтожен]
  Team C: живых 2/8
    ✓ Бурав C6           @ (2,7,3) hp=4/4
    ✓ Паук C8            @ (4,2,0) hp=1/1
    ✗ Артиллерия C1      @ (4,8,0) [уничтожен]
    ✗ Радиовышка C2      @ (2,6,3) [уничтожен]
    ✗ Прыгун C3          @ (3,5,1) [уничтожен]
    ✗ Факел C4           @ (5,4,1) [уничтожен]
    ✗ Тишина C5          @ (5,1,1) [уничтожен]
    ✗ Провокатор C7      @ (4,0,0) [уничтожен]

======================================================================
ХОД 8
======================================================================
✓ 🎮 GM: начинаем ход
GM: start_turn

--- Радиовышки: сканирование слоя Z ---
  (у команд не осталось живых радиовышек)

--- Решения ботов ---
  [Team A] Тишина A5 (6,0,3) → MOVE (5,1,2)
  [Team A] Бурав A6 (5,4,1) → MOVE (4,3,0)
  [Team A] Паук A8 (2,0,4) → MINE (3,1,3)
  [Team B] Прыгун B3 (5,1,2) → MOVE (6,0,3)
  [Team B] Факел B4 (3,5,5) → MOVE (4,4,4)
  [Team B] Бурав B6 (7,5,5) → MOVE (6,4,4)
  [Team B] Паук B8 (6,5,5) → MINE (5,4,4)
  [Team C] Бурав C6 (2,7,3) → MOVE (3,6,4)
  [Team C] Паук C8 (4,2,0) → MINE (4,2,1)
! 🎮 GM: принудительно завершает фазу планирования
GM: end_planning
# 
============================================================
# 🔄 ОБРАБОТКА ХОДА 8
# ============================================================
!    ⚠️ Паук A8: в клетке уже стоит мина
!    ⚠️ Паук B8: в клетке уже стоит мина
!    ⚠️ Паук C8: в клетке уже стоит мина

📦 ПЕРЕМЕЩЕНИЯ:
!    ⚠️ Тишина A5: клетка (5,1,2) занята
!    ⚠️ Бурав A6: Бурав двигается только по 1 оси или по 2 осям строго диагонально
✓    💥 Прыгун B3 тараном уничтожил Тишина A5 в (6,0,3)
   Прыгун B3: (5, 1, 2) → (6,0,3)
   Факел B4: (3, 5, 5) → (4,4,4)
!    ⚠️ Бурав B6: Бурав двигается только по 1 оси или по 2 осям строго диагонально
!    ⚠️ Бурав C6: Бурав двигается только по 1 оси или по 2 осям строго диагонально

🎯 ВЫСТРЕЛЫ:
   Выпущено ракет: 0
# 
📊 РЕЗУЛЬТАТЫ ХОДА 8:
🎯 Попаданий нет

--- Результаты хода ---
  Team B / Прыгун B3          → Team A / Тишина A5          @ (6,0,3)  (УБИТ)

--- Состояние команд после хода ---
  Team A: живых 2/8
    ✓ Бурав A6           @ (5,4,1) hp=4/4
    ✓ Паук A8            @ (2,0,4) hp=1/1
    ✗ Артиллерия A1      @ (0,0,4) [уничтожен]
    ✗ Радиовышка A2      @ (6,2,2) [уничтожен]
    ✗ Прыгун A3          @ (7,4,4) [уничтожен]
    ✗ Факел A4           @ (5,1,3) [уничтожен]
    ✗ Тишина A5          @ (6,0,3) [уничтожен]
    ✗ Провокатор A7      @ (7,0,4) [уничтожен]
  Team B: живых 4/8
    ✓ Прыгун B3          @ (6,0,3) hp=2/2
    ✓ Факел B4           @ (4,4,4) hp=6/6
    ✓ Бурав B6           @ (7,5,5) hp=4/4
    ✓ Паук B8            @ (6,5,5) hp=1/1
    ✗ Артиллерия B1      @ (4,6,6) [уничтожен]
    ✗ Радиовышка B2      @ (2,7,3) [уничтожен]
    ✗ Тишина B5          @ (7,4,4) [уничтожен]
    ✗ Провокатор B7      @ (4,5,5) [уничтожен]
  Team C: живых 2/8
    ✓ Бурав C6           @ (2,7,3) hp=4/4
    ✓ Паук C8            @ (4,2,0) hp=1/1
    ✗ Артиллерия C1      @ (4,8,0) [уничтожен]
    ✗ Радиовышка C2      @ (2,6,3) [уничтожен]
    ✗ Прыгун C3          @ (3,5,1) [уничтожен]
    ✗ Факел C4           @ (5,4,1) [уничтожен]
    ✗ Тишина C5          @ (5,1,1) [уничтожен]
    ✗ Провокатор C7      @ (4,0,0) [уничтожен]

======================================================================
ХОД 9
======================================================================
✓ 🎮 GM: начинаем ход
GM: start_turn

--- Радиовышки: сканирование слоя Z ---
  (у команд не осталось живых радиовышек)

--- Решения ботов ---
  [Team A] Бурав A6 (5,4,1) → MOVE (4,3,0)
  [Team A] Паук A8 (2,0,4) → MINE (3,0,3)
  [Team B] Прыгун B3 (6,0,3) → MOVE (5,1,2)
  [Team B] Факел B4 (4,4,4) → MOVE (5,3,3)
  [Team B] Бурав B6 (7,5,5) → MOVE (6,4,4)
  [Team B] Паук B8 (6,5,5) → MINE (5,4,4)
  [Team C] Бурав C6 (2,7,3) → MOVE (3,6,2)
  [Team C] Паук C8 (4,2,0) → MINE (4,3,0)
! 🎮 GM: принудительно завершает фазу планирования
GM: end_planning
# 
============================================================
# 🔄 ОБРАБОТКА ХОДА 9
# ============================================================
   💣 Паук A8 установил мину M11 в (3,0,3)
!    ⚠️ Паук B8: в клетке уже стоит мина
   💣 Паук C8 установил мину M12 в (4,3,0)

📦 ПЕРЕМЕЩЕНИЯ:
!    ⚠️ Бурав A6: Бурав двигается только по 1 оси или по 2 осям строго диагонально
   Прыгун B3: (6, 0, 3) → (5,1,2)
   Факел B4: (4, 4, 4) → (5,3,3)
!    ⚠️ Бурав B6: Бурав двигается только по 1 оси или по 2 осям строго диагонально
!    ⚠️ Бурав C6: Бурав двигается только по 1 оси или по 2 осям строго диагонально

🎯 ВЫСТРЕЛЫ:
   Выпущено ракет: 0
# 
📊 РЕЗУЛЬТАТЫ ХОДА 9:
🎯 Попаданий нет

--- Результаты хода ---
  Попаданий нет

--- Состояние команд после хода ---
  Team A: живых 2/8
    ✓ Бурав A6           @ (5,4,1) hp=4/4
    ✓ Паук A8            @ (2,0,4) hp=1/1
    ✗ Артиллерия A1      @ (0,0,4) [уничтожен]
    ✗ Радиовышка A2      @ (6,2,2) [уничтожен]
    ✗ Прыгун A3          @ (7,4,4) [уничтожен]
    ✗ Факел A4           @ (5,1,3) [уничтожен]
    ✗ Тишина A5          @ (6,0,3) [уничтожен]
    ✗ Провокатор A7      @ (7,0,4) [уничтожен]
  Team B: живых 4/8
    ✓ Прыгун B3          @ (5,1,2) hp=2/2
    ✓ Факел B4           @ (5,3,3) hp=6/6
    ✓ Бурав B6           @ (7,5,5) hp=4/4
    ✓ Паук B8            @ (6,5,5) hp=1/1
    ✗ Артиллерия B1      @ (4,6,6) [уничтожен]
    ✗ Радиовышка B2      @ (2,7,3) [уничтожен]
    ✗ Тишина B5          @ (7,4,4) [уничтожен]
    ✗ Провокатор B7      @ (4,5,5) [уничтожен]
  Team C: живых 2/8
    ✓ Бурав C6           @ (2,7,3) hp=4/4
    ✓ Паук C8            @ (4,2,0) hp=1/1
    ✗ Артиллерия C1      @ (4,8,0) [уничтожен]
    ✗ Радиовышка C2      @ (2,6,3) [уничтожен]
    ✗ Прыгун C3          @ (3,5,1) [уничтожен]
    ✗ Факел C4           @ (5,4,1) [уничтожен]
    ✗ Тишина C5          @ (5,1,1) [уничтожен]
    ✗ Провокатор C7      @ (4,0,0) [уничтожен]

======================================================================
ХОД 10
======================================================================
✓ 🎮 GM: начинаем ход
GM: start_turn

--- Радиовышки: сканирование слоя Z ---
  (у команд не осталось живых радиовышек)

--- Решения ботов ---
  [Team A] Бурав A6 (5,4,1) → MOVE (5,3,2)
  [Team A] Паук A8 (2,0,4) → MINE (3,1,3)
  [Team B] Прыгун B3 (5,1,2) → MOVE (4,2,0)
  [Team B] Факел B4 (5,3,3) → MOVE (5,2,2)
  [Team B] Бурав B6 (7,5,5) → MOVE (6,4,4)
  [Team B] Паук B8 (6,5,5) → MINE (5,4,4)
  [Team C] Бурав C6 (2,7,3) → MOVE (3,6,2)
  [Team C] Паук C8 (4,2,0) → MINE (4,2,1)
! 🎮 GM: принудительно завершает фазу планирования
GM: end_planning
# 
============================================================
# 🔄 ОБРАБОТКА ХОДА 10
# ============================================================
!    ⚠️ Паук A8: в клетке уже стоит мина
!    ⚠️ Паук B8: в клетке уже стоит мина
!    ⚠️ Паук C8: в клетке уже стоит мина

📦 ПЕРЕМЕЩЕНИЯ:
   Бурав A6: (5, 4, 1) → (5,3,2)
✓    💥 Прыгун B3 тараном уничтожил Паук C8 в (4,2,0)
   Прыгун B3: (5, 1, 2) → (4,2,0)
   Факел B4: (5, 3, 3) → (5,2,2)
!    ⚠️ Бурав B6: Бурав двигается только по 1 оси или по 2 осям строго диагонально
!    ⚠️ Бурав C6: Бурав двигается только по 1 оси или по 2 осям строго диагонально

🎯 ВЫСТРЕЛЫ:
   Выпущено ракет: 0
# 
📊 РЕЗУЛЬТАТЫ ХОДА 10:
🎯 Попаданий нет

--- Результаты хода ---
  Team B / Прыгун B3          → Team C / Паук C8            @ (4,2,0)  (УБИТ)

--- Состояние команд после хода ---
  Team A: живых 2/8
    ✓ Бурав A6           @ (5,3,2) hp=4/4
    ✓ Паук A8            @ (2,0,4) hp=1/1
    ✗ Артиллерия A1      @ (0,0,4) [уничтожен]
    ✗ Радиовышка A2      @ (6,2,2) [уничтожен]
    ✗ Прыгун A3          @ (7,4,4) [уничтожен]
    ✗ Факел A4           @ (5,1,3) [уничтожен]
    ✗ Тишина A5          @ (6,0,3) [уничтожен]
    ✗ Провокатор A7      @ (7,0,4) [уничтожен]
  Team B: живых 4/8
    ✓ Прыгун B3          @ (4,2,0) hp=2/2
    ✓ Факел B4           @ (5,2,2) hp=6/6
    ✓ Бурав B6           @ (7,5,5) hp=4/4
    ✓ Паук B8            @ (6,5,5) hp=1/1
    ✗ Артиллерия B1      @ (4,6,6) [уничтожен]
    ✗ Радиовышка B2      @ (2,7,3) [уничтожен]
    ✗ Тишина B5          @ (7,4,4) [уничтожен]
    ✗ Провокатор B7      @ (4,5,5) [уничтожен]
  Team C: живых 1/8
    ✓ Бурав C6           @ (2,7,3) hp=4/4
    ✗ Артиллерия C1      @ (4,8,0) [уничтожен]
    ✗ Радиовышка C2      @ (2,6,3) [уничтожен]
    ✗ Прыгун C3          @ (3,5,1) [уничтожен]
    ✗ Факел C4           @ (5,4,1) [уничтожен]
    ✗ Тишина C5          @ (5,1,1) [уничтожен]
    ✗ Провокатор C7      @ (4,0,0) [уничтожен]
    ✗ Паук C8            @ (4,2,0) [уничтожен]

======================================================================
ХОД 11
======================================================================
✓ 🎮 GM: начинаем ход
GM: start_turn

--- Радиовышки: сканирование слоя Z ---
  (у команд не осталось живых радиовышек)

--- Решения ботов ---
  [Team A] Бурав A6 (5,3,2) → MOVE (5,2,2)
  [Team A] Паук A8 (2,0,4) → MINE (3,1,3)
  [Team B] Прыгун B3 (4,2,0) → MOVE (5,3,2)
  [Team B] Факел B4 (5,2,2) → SHOOT at (5,3,2)
  [Team B] Бурав B6 (7,5,5) → MOVE (6,4,4)
  [Team B] Паук B8 (6,5,5) → MINE (5,4,4)
  [Team C] Бурав C6 (2,7,3) → MOVE (3,6,2)
! 🎮 GM: принудительно завершает фазу планирования
GM: end_planning
# 
============================================================
# 🔄 ОБРАБОТКА ХОДА 11
# ============================================================
!    ⚠️ Паук A8: в клетке уже стоит мина
!    ⚠️ Паук B8: в клетке уже стоит мина

📦 ПЕРЕМЕЩЕНИЯ:
✓    💥 Бурав A6 тараном уничтожил Факел B4 в (5,2,2)
   Бурав A6: (5, 3, 2) → (5,2,2)
   Прыгун B3: (4, 2, 0) → (5,3,2)
!    ⚠️ Бурав B6: Бурав двигается только по 1 оси или по 2 осям строго диагонально
!    ⚠️ Бурав C6: Бурав двигается только по 1 оси или по 2 осям строго диагонально

🎯 ВЫСТРЕЛЫ:
   Выпущено ракет: 0
# 
📊 РЕЗУЛЬТАТЫ ХОДА 11:
🎯 Попаданий нет

--- Результаты хода ---
  Team A / Бурав A6           → Team B / Факел B4           @ (5,2,2)  (УБИТ)

--- Состояние команд после хода ---
  Team A: живых 2/8
    ✓ Бурав A6           @ (5,2,2) hp=4/4
    ✓ Паук A8            @ (2,0,4) hp=1/1
    ✗ Артиллерия A1      @ (0,0,4) [уничтожен]
    ✗ Радиовышка A2      @ (6,2,2) [уничтожен]
    ✗ Прыгун A3          @ (7,4,4) [уничтожен]
    ✗ Факел A4           @ (5,1,3) [уничтожен]
    ✗ Тишина A5          @ (6,0,3) [уничтожен]
    ✗ Провокатор A7      @ (7,0,4) [уничтожен]
  Team B: живых 3/8
    ✓ Прыгун B3          @ (5,3,2) hp=2/2
    ✓ Бурав B6           @ (7,5,5) hp=4/4
    ✓ Паук B8            @ (6,5,5) hp=1/1
    ✗ Артиллерия B1      @ (4,6,6) [уничтожен]
    ✗ Радиовышка B2      @ (2,7,3) [уничтожен]
    ✗ Факел B4           @ (5,2,2) [уничтожен]
    ✗ Тишина B5          @ (7,4,4) [уничтожен]
    ✗ Провокатор B7      @ (4,5,5) [уничтожен]
  Team C: живых 1/8
    ✓ Бурав C6           @ (2,7,3) hp=4/4
    ✗ Артиллерия C1      @ (4,8,0) [уничтожен]
    ✗ Радиовышка C2      @ (2,6,3) [уничтожен]
    ✗ Прыгун C3          @ (3,5,1) [уничтожен]
    ✗ Факел C4           @ (5,4,1) [уничтожен]
    ✗ Тишина C5          @ (5,1,1) [уничтожен]
    ✗ Провокатор C7      @ (4,0,0) [уничтожен]
    ✗ Паук C8            @ (4,2,0) [уничтожен]

======================================================================
ХОД 12
======================================================================
✓ 🎮 GM: начинаем ход
GM: start_turn

--- Радиовышки: сканирование слоя Z ---
  (у команд не осталось живых радиовышек)

--- Решения ботов ---
  [Team A] Бурав A6 (5,2,2) → MOVE (5,3,2)
  [Team A] Паук A8 (2,0,4) → MINE (3,1,3)
  [Team B] Прыгун B3 (5,3,2) → MOVE (5,2,2)
  [Team B] Бурав B6 (7,5,5) → MOVE (6,4,4)
  [Team B] Паук B8 (6,5,5) → MINE (5,4,4)
  [Team C] Бурав C6 (2,7,3) → MOVE (3,6,2)
! 🎮 GM: принудительно завершает фазу планирования
GM: end_planning
# 
============================================================
# 🔄 ОБРАБОТКА ХОДА 12
# ============================================================
!    ⚠️ Паук A8: в клетке уже стоит мина
!    ⚠️ Паук B8: в клетке уже стоит мина

📦 ПЕРЕМЕЩЕНИЯ:
✓    💥 Бурав A6 тараном уничтожил Прыгун B3 в (5,3,2)
   Бурав A6: (5, 2, 2) → (5,3,2)
!    ⚠️ Бурав B6: Бурав двигается только по 1 оси или по 2 осям строго диагонально
!    ⚠️ Бурав C6: Бурав двигается только по 1 оси или по 2 осям строго диагонально

🎯 ВЫСТРЕЛЫ:
   Выпущено ракет: 0
# 
📊 РЕЗУЛЬТАТЫ ХОДА 12:
🎯 Попаданий нет

--- Результаты хода ---
  Team A / Бурав A6           → Team B / Прыгун B3          @ (5,3,2)  (УБИТ)

--- Состояние команд после хода ---
  Team A: живых 2/8
    ✓ Бурав A6           @ (5,3,2) hp=4/4
    ✓ Паук A8            @ (2,0,4) hp=1/1
    ✗ Артиллерия A1      @ (0,0,4) [уничтожен]
    ✗ Радиовышка A2      @ (6,2,2) [уничтожен]
    ✗ Прыгун A3          @ (7,4,4) [уничтожен]
    ✗ Факел A4           @ (5,1,3) [уничтожен]
    ✗ Тишина A5          @ (6,0,3) [уничтожен]
    ✗ Провокатор A7      @ (7,0,4) [уничтожен]
  Team B: живых 2/8
    ✓ Бурав B6           @ (7,5,5) hp=4/4
    ✓ Паук B8            @ (6,5,5) hp=1/1
    ✗ Артиллерия B1      @ (4,6,6) [уничтожен]
    ✗ Радиовышка B2      @ (2,7,3) [уничтожен]
    ✗ Прыгун B3          @ (5,3,2) [уничтожен]
    ✗ Факел B4           @ (5,2,2) [уничтожен]
    ✗ Тишина B5          @ (7,4,4) [уничтожен]
    ✗ Провокатор B7      @ (4,5,5) [уничтожен]
  Team C: живых 1/8
    ✓ Бурав C6           @ (2,7,3) hp=4/4
    ✗ Артиллерия C1      @ (4,8,0) [уничтожен]
    ✗ Радиовышка C2      @ (2,6,3) [уничтожен]
    ✗ Прыгун C3          @ (3,5,1) [уничтожен]
    ✗ Факел C4           @ (5,4,1) [уничтожен]
    ✗ Тишина C5          @ (5,1,1) [уничтожен]
    ✗ Провокатор C7      @ (4,0,0) [уничтожен]
    ✗ Паук C8            @ (4,2,0) [уничтожен]

======================================================================
ХОД 13
======================================================================
✓ 🎮 GM: начинаем ход
GM: start_turn

--- Радиовышки: сканирование слоя Z ---
  (у команд не осталось живых радиовышек)

--- Решения ботов ---
  [Team A] Бурав A6 (5,3,2) → MOVE (6,4,3)
  [Team A] Паук A8 (2,0,4) → MOVE (3,1,5)
  [Team B] Бурав B6 (7,5,5) → MOVE (6,4,4)
  [Team B] Паук B8 (6,5,5) → MINE (5,4,4)
  [Team C] Бурав C6 (2,7,3) → MOVE (3,6,2)
! 🎮 GM: принудительно завершает фазу планирования
GM: end_planning
# 
============================================================
# 🔄 ОБРАБОТКА ХОДА 13
# ============================================================
!    ⚠️ Паук B8: в клетке уже стоит мина

📦 ПЕРЕМЕЩЕНИЯ:
!    ⚠️ Бурав A6: Бурав двигается только по 1 оси или по 2 осям строго диагонально
   Паук A8: (2, 0, 4) → (3,1,5)
!    ⚠️ Бурав B6: Бурав двигается только по 1 оси или по 2 осям строго диагонально
!    ⚠️ Бурав C6: Бурав двигается только по 1 оси или по 2 осям строго диагонально

🎯 ВЫСТРЕЛЫ:
   Выпущено ракет: 0
# 
📊 РЕЗУЛЬТАТЫ ХОДА 13:
🎯 Попаданий нет

--- Результаты хода ---
  Попаданий нет

--- Состояние команд после хода ---
  Team A: живых 2/8
    ✓ Бурав A6           @ (5,3,2) hp=4/4
    ✓ Паук A8            @ (3,1,5) hp=1/1
    ✗ Артиллерия A1      @ (0,0,4) [уничтожен]
    ✗ Радиовышка A2      @ (6,2,2) [уничтожен]
    ✗ Прыгун A3          @ (7,4,4) [уничтожен]
    ✗ Факел A4           @ (5,1,3) [уничтожен]
    ✗ Тишина A5          @ (6,0,3) [уничтожен]
    ✗ Провокатор A7      @ (7,0,4) [уничтожен]
  Team B: живых 2/8
    ✓ Бурав B6           @ (7,5,5) hp=4/4
    ✓ Паук B8            @ (6,5,5) hp=1/1
    ✗ Артиллерия B1      @ (4,6,6) [уничтожен]
    ✗ Радиовышка B2      @ (2,7,3) [уничтожен]
    ✗ Прыгун B3          @ (5,3,2) [уничтожен]
    ✗ Факел B4           @ (5,2,2) [уничтожен]
    ✗ Тишина B5          @ (7,4,4) [уничтожен]
    ✗ Провокатор B7      @ (4,5,5) [уничтожен]
  Team C: живых 1/8
    ✓ Бурав C6           @ (2,7,3) hp=4/4
    ✗ Артиллерия C1      @ (4,8,0) [уничтожен]
    ✗ Радиовышка C2      @ (2,6,3) [уничтожен]
    ✗ Прыгун C3          @ (3,5,1) [уничтожен]
    ✗ Факел C4           @ (5,4,1) [уничтожен]
    ✗ Тишина C5          @ (5,1,1) [уничтожен]
    ✗ Провокатор C7      @ (4,0,0) [уничтожен]
    ✗ Паук C8            @ (4,2,0) [уничтожен]

======================================================================
ХОД 14
======================================================================
✓ 🎮 GM: начинаем ход
GM: start_turn

--- Радиовышки: сканирование слоя Z ---
  (у команд не осталось живых радиовышек)

--- Решения ботов ---
  [Team A] Бурав A6 (5,3,2) → MOVE (6,4,3)
  [Team A] Паук A8 (3,1,5) → MINE (4,2,5)
  [Team B] Бурав B6 (7,5,5) → MOVE (6,4,4)
  [Team B] Паук B8 (6,5,5) → MINE (5,4,4)
  [Team C] Бурав C6 (2,7,3) → MOVE (3,6,2)
! 🎮 GM: принудительно завершает фазу планирования
GM: end_planning
# 
============================================================
# 🔄 ОБРАБОТКА ХОДА 14
# ============================================================
   💣 Паук A8 установил мину M13 в (4,2,5)
!    ⚠️ Паук B8: в клетке уже стоит мина

📦 ПЕРЕМЕЩЕНИЯ:
!    ⚠️ Бурав A6: Бурав двигается только по 1 оси или по 2 осям строго диагонально
!    ⚠️ Бурав B6: Бурав двигается только по 1 оси или по 2 осям строго диагонально
!    ⚠️ Бурав C6: Бурав двигается только по 1 оси или по 2 осям строго диагонально

🎯 ВЫСТРЕЛЫ:
   Выпущено ракет: 0
# 
📊 РЕЗУЛЬТАТЫ ХОДА 14:
🎯 Попаданий нет

--- Результаты хода ---
  Попаданий нет

--- Состояние команд после хода ---
  Team A: живых 2/8
    ✓ Бурав A6           @ (5,3,2) hp=4/4
    ✓ Паук A8            @ (3,1,5) hp=1/1
    ✗ Артиллерия A1      @ (0,0,4) [уничтожен]
    ✗ Радиовышка A2      @ (6,2,2) [уничтожен]
    ✗ Прыгун A3          @ (7,4,4) [уничтожен]
    ✗ Факел A4           @ (5,1,3) [уничтожен]
    ✗ Тишина A5          @ (6,0,3) [уничтожен]
    ✗ Провокатор A7      @ (7,0,4) [уничтожен]
  Team B: живых 2/8
    ✓ Бурав B6           @ (7,5,5) hp=4/4
    ✓ Паук B8            @ (6,5,5) hp=1/1
    ✗ Артиллерия B1      @ (4,6,6) [уничтожен]
    ✗ Радиовышка B2      @ (2,7,3) [уничтожен]
    ✗ Прыгун B3          @ (5,3,2) [уничтожен]
    ✗ Факел B4           @ (5,2,2) [уничтожен]
    ✗ Тишина B5          @ (7,4,4) [уничтожен]
    ✗ Провокатор B7      @ (4,5,5) [уничтожен]
  Team C: живых 1/8
    ✓ Бурав C6           @ (2,7,3) hp=4/4
    ✗ Артиллерия C1      @ (4,8,0) [уничтожен]
    ✗ Радиовышка C2      @ (2,6,3) [уничтожен]
    ✗ Прыгун C3          @ (3,5,1) [уничтожен]
    ✗ Факел C4           @ (5,4,1) [уничтожен]
    ✗ Тишина C5          @ (5,1,1) [уничтожен]
    ✗ Провокатор C7      @ (4,0,0) [уничтожен]
    ✗ Паук C8            @ (4,2,0) [уничтожен]

======================================================================
ХОД 15
======================================================================
✓ 🎮 GM: начинаем ход
GM: start_turn

--- Радиовышки: сканирование слоя Z ---
  (у команд не осталось живых радиовышек)

--- Решения ботов ---
  [Team A] Бурав A6 (5,3,2) → MOVE (6,4,3)
  [Team A] Паук A8 (3,1,5) → MINE (4,2,5)
  [Team B] Бурав B6 (7,5,5) → MOVE (6,4,4)
  [Team B] Паук B8 (6,5,5) → MINE (5,4,4)
  [Team C] Бурав C6 (2,7,3) → MOVE (3,6,2)
! 🎮 GM: принудительно завершает фазу планирования
GM: end_planning
# 
============================================================
# 🔄 ОБРАБОТКА ХОДА 15
# ============================================================
!    ⚠️ Паук A8: в клетке уже стоит мина
!    ⚠️ Паук B8: в клетке уже стоит мина

📦 ПЕРЕМЕЩЕНИЯ:
!    ⚠️ Бурав A6: Бурав двигается только по 1 оси или по 2 осям строго диагонально
!    ⚠️ Бурав B6: Бурав двигается только по 1 оси или по 2 осям строго диагонально
!    ⚠️ Бурав C6: Бурав двигается только по 1 оси или по 2 осям строго диагонально

🎯 ВЫСТРЕЛЫ:
   Выпущено ракет: 0
# 
📊 РЕЗУЛЬТАТЫ ХОДА 15:
🎯 Попаданий нет

--- Результаты хода ---
  Попаданий нет

--- Состояние команд после хода ---
  Team A: живых 2/8
    ✓ Бурав A6           @ (5,3,2) hp=4/4
    ✓ Паук A8            @ (3,1,5) hp=1/1
    ✗ Артиллерия A1      @ (0,0,4) [уничтожен]
    ✗ Радиовышка A2      @ (6,2,2) [уничтожен]
    ✗ Прыгун A3          @ (7,4,4) [уничтожен]
    ✗ Факел A4           @ (5,1,3) [уничтожен]
    ✗ Тишина A5          @ (6,0,3) [уничтожен]
    ✗ Провокатор A7      @ (7,0,4) [уничтожен]
  Team B: живых 2/8
    ✓ Бурав B6           @ (7,5,5) hp=4/4
    ✓ Паук B8            @ (6,5,5) hp=1/1
    ✗ Артиллерия B1      @ (4,6,6) [уничтожен]
    ✗ Радиовышка B2      @ (2,7,3) [уничтожен]
    ✗ Прыгун B3          @ (5,3,2) [уничтожен]
    ✗ Факел B4           @ (5,2,2) [уничтожен]
    ✗ Тишина B5          @ (7,4,4) [уничтожен]
    ✗ Провокатор B7      @ (4,5,5) [уничтожен]
  Team C: живых 1/8
    ✓ Бурав C6           @ (2,7,3) hp=4/4
    ✗ Артиллерия C1      @ (4,8,0) [уничтожен]
    ✗ Радиовышка C2      @ (2,6,3) [уничтожен]
    ✗ Прыгун C3          @ (3,5,1) [уничтожен]
    ✗ Факел C4           @ (5,4,1) [уничтожен]
    ✗ Тишина C5          @ (5,1,1) [уничтожен]
    ✗ Провокатор C7      @ (4,0,0) [уничтожен]
    ✗ Паук C8            @ (4,2,0) [уничтожен]

======================================================================
ХОД 16
======================================================================
✓ 🎮 GM: начинаем ход
GM: start_turn

--- Радиовышки: сканирование слоя Z ---
  (у команд не осталось живых радиовышек)

--- Решения ботов ---
  [Team A] Бурав A6 (5,3,2) → MOVE (6,4,3)
  [Team A] Паук A8 (3,1,5) → MINE (4,2,5)
  [Team B] Бурав B6 (7,5,5) → MOVE (6,4,4)
  [Team B] Паук B8 (6,5,5) → MINE (5,4,4)
  [Team C] Бурав C6 (2,7,3) → MOVE (3,6,2)
! 🎮 GM: принудительно завершает фазу планирования
GM: end_planning
# 
============================================================
# 🔄 ОБРАБОТКА ХОДА 16
# ============================================================
!    ⚠️ Паук A8: в клетке уже стоит мина
!    ⚠️ Паук B8: в клетке уже стоит мина

📦 ПЕРЕМЕЩЕНИЯ:
!    ⚠️ Бурав A6: Бурав двигается только по 1 оси или по 2 осям строго диагонально
!    ⚠️ Бурав B6: Бурав двигается только по 1 оси или по 2 осям строго диагонально
!    ⚠️ Бурав C6: Бурав двигается только по 1 оси или по 2 осям строго диагонально

🎯 ВЫСТРЕЛЫ:
   Выпущено ракет: 0
# 
📊 РЕЗУЛЬТАТЫ ХОДА 16:
🎯 Попаданий нет

--- Результаты хода ---
  Попаданий нет

--- Состояние команд после хода ---
  Team A: живых 2/8
    ✓ Бурав A6           @ (5,3,2) hp=4/4
    ✓ Паук A8            @ (3,1,5) hp=1/1
    ✗ Артиллерия A1      @ (0,0,4) [уничтожен]
    ✗ Радиовышка A2      @ (6,2,2) [уничтожен]
    ✗ Прыгун A3          @ (7,4,4) [уничтожен]
    ✗ Факел A4           @ (5,1,3) [уничтожен]
    ✗ Тишина A5          @ (6,0,3) [уничтожен]
    ✗ Провокатор A7      @ (7,0,4) [уничтожен]
  Team B: живых 2/8
    ✓ Бурав B6           @ (7,5,5) hp=4/4
    ✓ Паук B8            @ (6,5,5) hp=1/1
    ✗ Артиллерия B1      @ (4,6,6) [уничтожен]
    ✗ Радиовышка B2      @ (2,7,3) [уничтожен]
    ✗ Прыгун B3          @ (5,3,2) [уничтожен]
    ✗ Факел B4           @ (5,2,2) [уничтожен]
    ✗ Тишина B5          @ (7,4,4) [уничтожен]
    ✗ Провокатор B7      @ (4,5,5) [уничтожен]
  Team C: живых 1/8
    ✓ Бурав C6           @ (2,7,3) hp=4/4
    ✗ Артиллерия C1      @ (4,8,0) [уничтожен]
    ✗ Радиовышка C2      @ (2,6,3) [уничтожен]
    ✗ Прыгун C3          @ (3,5,1) [уничтожен]
    ✗ Факел C4           @ (5,4,1) [уничтожен]
    ✗ Тишина C5          @ (5,1,1) [уничтожен]
    ✗ Провокатор C7      @ (4,0,0) [уничтожен]
    ✗ Паук C8            @ (4,2,0) [уничтожен]

======================================================================
ХОД 17
======================================================================
✓ 🎮 GM: начинаем ход
GM: start_turn

--- Радиовышки: сканирование слоя Z ---
  (у команд не осталось живых радиовышек)

--- Решения ботов ---
  [Team A] Бурав A6 (5,3,2) → MOVE (6,4,3)
  [Team A] Паук A8 (3,1,5) → MINE (4,2,5)
  [Team B] Бурав B6 (7,5,5) → MOVE (6,4,4)
  [Team B] Паук B8 (6,5,5) → MINE (5,4,4)
  [Team C] Бурав C6 (2,7,3) → MOVE (3,6,2)
! 🎮 GM: принудительно завершает фазу планирования
GM: end_planning
# 
============================================================
# 🔄 ОБРАБОТКА ХОДА 17
# ============================================================
!    ⚠️ Паук A8: в клетке уже стоит мина
!    ⚠️ Паук B8: в клетке уже стоит мина

📦 ПЕРЕМЕЩЕНИЯ:
!    ⚠️ Бурав A6: Бурав двигается только по 1 оси или по 2 осям строго диагонально
!    ⚠️ Бурав B6: Бурав двигается только по 1 оси или по 2 осям строго диагонально
!    ⚠️ Бурав C6: Бурав двигается только по 1 оси или по 2 осям строго диагонально

🎯 ВЫСТРЕЛЫ:
   Выпущено ракет: 0
# 
📊 РЕЗУЛЬТАТЫ ХОДА 17:
🎯 Попаданий нет

--- Результаты хода ---
  Попаданий нет

--- Состояние команд после хода ---
  Team A: живых 2/8
    ✓ Бурав A6           @ (5,3,2) hp=4/4
    ✓ Паук A8            @ (3,1,5) hp=1/1
    ✗ Артиллерия A1      @ (0,0,4) [уничтожен]
    ✗ Радиовышка A2      @ (6,2,2) [уничтожен]
    ✗ Прыгун A3          @ (7,4,4) [уничтожен]
    ✗ Факел A4           @ (5,1,3) [уничтожен]
    ✗ Тишина A5          @ (6,0,3) [уничтожен]
    ✗ Провокатор A7      @ (7,0,4) [уничтожен]
  Team B: живых 2/8
    ✓ Бурав B6           @ (7,5,5) hp=4/4
    ✓ Паук B8            @ (6,5,5) hp=1/1
    ✗ Артиллерия B1      @ (4,6,6) [уничтожен]
    ✗ Радиовышка B2      @ (2,7,3) [уничтожен]
    ✗ Прыгун B3          @ (5,3,2) [уничтожен]
    ✗ Факел B4           @ (5,2,2) [уничтожен]
    ✗ Тишина B5          @ (7,4,4) [уничтожен]
    ✗ Провокатор B7      @ (4,5,5) [уничтожен]
  Team C: живых 1/8
    ✓ Бурав C6           @ (2,7,3) hp=4/4
    ✗ Артиллерия C1      @ (4,8,0) [уничтожен]
    ✗ Радиовышка C2      @ (2,6,3) [уничтожен]
    ✗ Прыгун C3          @ (3,5,1) [уничтожен]
    ✗ Факел C4           @ (5,4,1) [уничтожен]
    ✗ Тишина C5          @ (5,1,1) [уничтожен]
    ✗ Провокатор C7      @ (4,0,0) [уничтожен]
    ✗ Паук C8            @ (4,2,0) [уничтожен]

======================================================================
ХОД 18
======================================================================
✓ 🎮 GM: начинаем ход
GM: start_turn

--- Радиовышки: сканирование слоя Z ---
  (у команд не осталось живых радиовышек)

--- Решения ботов ---
  [Team A] Бурав A6 (5,3,2) → MOVE (6,4,3)
  [Team A] Паук A8 (3,1,5) → MINE (4,2,5)
  [Team B] Бурав B6 (7,5,5) → MOVE (6,4,4)
  [Team B] Паук B8 (6,5,5) → MINE (5,4,4)
  [Team C] Бурав C6 (2,7,3) → MOVE (3,6,2)
! 🎮 GM: принудительно завершает фазу планирования
GM: end_planning
# 
============================================================
# 🔄 ОБРАБОТКА ХОДА 18
# ============================================================
!    ⚠️ Паук A8: в клетке уже стоит мина
!    ⚠️ Паук B8: в клетке уже стоит мина

📦 ПЕРЕМЕЩЕНИЯ:
!    ⚠️ Бурав A6: Бурав двигается только по 1 оси или по 2 осям строго диагонально
!    ⚠️ Бурав B6: Бурав двигается только по 1 оси или по 2 осям строго диагонально
!    ⚠️ Бурав C6: Бурав двигается только по 1 оси или по 2 осям строго диагонально

🎯 ВЫСТРЕЛЫ:
   Выпущено ракет: 0
# 
📊 РЕЗУЛЬТАТЫ ХОДА 18:
🎯 Попаданий нет

--- Результаты хода ---
  Попаданий нет

--- Состояние команд после хода ---
  Team A: живых 2/8
    ✓ Бурав A6           @ (5,3,2) hp=4/4
    ✓ Паук A8            @ (3,1,5) hp=1/1
    ✗ Артиллерия A1      @ (0,0,4) [уничтожен]
    ✗ Радиовышка A2      @ (6,2,2) [уничтожен]
    ✗ Прыгун A3          @ (7,4,4) [уничтожен]
    ✗ Факел A4           @ (5,1,3) [уничтожен]
    ✗ Тишина A5          @ (6,0,3) [уничтожен]
    ✗ Провокатор A7      @ (7,0,4) [уничтожен]
  Team B: живых 2/8
    ✓ Бурав B6           @ (7,5,5) hp=4/4
    ✓ Паук B8            @ (6,5,5) hp=1/1
    ✗ Артиллерия B1      @ (4,6,6) [уничтожен]
    ✗ Радиовышка B2      @ (2,7,3) [уничтожен]
    ✗ Прыгун B3          @ (5,3,2) [уничтожен]
    ✗ Факел B4           @ (5,2,2) [уничтожен]
    ✗ Тишина B5          @ (7,4,4) [уничтожен]
    ✗ Провокатор B7      @ (4,5,5) [уничтожен]
  Team C: живых 1/8
    ✓ Бурав C6           @ (2,7,3) hp=4/4
    ✗ Артиллерия C1      @ (4,8,0) [уничтожен]
    ✗ Радиовышка C2      @ (2,6,3) [уничтожен]
    ✗ Прыгун C3          @ (3,5,1) [уничтожен]
    ✗ Факел C4           @ (5,4,1) [уничтожен]
    ✗ Тишина C5          @ (5,1,1) [уничтожен]
    ✗ Провокатор C7      @ (4,0,0) [уничтожен]
    ✗ Паук C8            @ (4,2,0) [уничтожен]

======================================================================
ХОД 19
======================================================================
✓ 🎮 GM: начинаем ход
GM: start_turn

--- Радиовышки: сканирование слоя Z ---
  (у команд не осталось живых радиовышек)

--- Решения ботов ---
  [Team A] Бурав A6 (5,3,2) → MOVE (6,4,3)
  [Team A] Паук A8 (3,1,5) → MINE (4,2,5)
  [Team B] Бурав B6 (7,5,5) → MOVE (6,4,4)
  [Team B] Паук B8 (6,5,5) → MINE (5,4,4)
  [Team C] Бурав C6 (2,7,3) → MOVE (3,6,2)
! 🎮 GM: принудительно завершает фазу планирования
GM: end_planning
# 
============================================================
# 🔄 ОБРАБОТКА ХОДА 19
# ============================================================
!    ⚠️ Паук A8: в клетке уже стоит мина
!    ⚠️ Паук B8: в клетке уже стоит мина

📦 ПЕРЕМЕЩЕНИЯ:
!    ⚠️ Бурав A6: Бурав двигается только по 1 оси или по 2 осям строго диагонально
!    ⚠️ Бурав B6: Бурав двигается только по 1 оси или по 2 осям строго диагонально
!    ⚠️ Бурав C6: Бурав двигается только по 1 оси или по 2 осям строго диагонально

🎯 ВЫСТРЕЛЫ:
   Выпущено ракет: 0
# 
📊 РЕЗУЛЬТАТЫ ХОДА 19:
🎯 Попаданий нет

--- Результаты хода ---
  Попаданий нет

--- Состояние команд после хода ---
  Team A: живых 2/8
    ✓ Бурав A6           @ (5,3,2) hp=4/4
    ✓ Паук A8            @ (3,1,5) hp=1/1
    ✗ Артиллерия A1      @ (0,0,4) [уничтожен]
    ✗ Радиовышка A2      @ (6,2,2) [уничтожен]
    ✗ Прыгун A3          @ (7,4,4) [уничтожен]
    ✗ Факел A4           @ (5,1,3) [уничтожен]
    ✗ Тишина A5          @ (6,0,3) [уничтожен]
    ✗ Провокатор A7      @ (7,0,4) [уничтожен]
  Team B: живых 2/8
    ✓ Бурав B6           @ (7,5,5) hp=4/4
    ✓ Паук B8            @ (6,5,5) hp=1/1
    ✗ Артиллерия B1      @ (4,6,6) [уничтожен]
    ✗ Радиовышка B2      @ (2,7,3) [уничтожен]
    ✗ Прыгун B3          @ (5,3,2) [уничтожен]
    ✗ Факел B4           @ (5,2,2) [уничтожен]
    ✗ Тишина B5          @ (7,4,4) [уничтожен]
    ✗ Провокатор B7      @ (4,5,5) [уничтожен]
  Team C: живых 1/8
    ✓ Бурав C6           @ (2,7,3) hp=4/4
    ✗ Артиллерия C1      @ (4,8,0) [уничтожен]
    ✗ Радиовышка C2      @ (2,6,3) [уничтожен]
    ✗ Прыгун C3          @ (3,5,1) [уничтожен]
    ✗ Факел C4           @ (5,4,1) [уничтожен]
    ✗ Тишина C5          @ (5,1,1) [уничтожен]
    ✗ Провокатор C7      @ (4,0,0) [уничтожен]
    ✗ Паук C8            @ (4,2,0) [уничтожен]

======================================================================
ХОД 20
======================================================================
✓ 🎮 GM: начинаем ход
GM: start_turn

--- Радиовышки: сканирование слоя Z ---
  (у команд не осталось живых радиовышек)

--- Решения ботов ---
  [Team A] Бурав A6 (5,3,2) → MOVE (6,4,3)
  [Team A] Паук A8 (3,1,5) → MINE (4,2,5)
  [Team B] Бурав B6 (7,5,5) → MOVE (6,4,4)
  [Team B] Паук B8 (6,5,5) → MINE (5,4,4)
  [Team C] Бурав C6 (2,7,3) → MOVE (3,6,2)
! 🎮 GM: принудительно завершает фазу планирования
GM: end_planning
# 
============================================================
# 🔄 ОБРАБОТКА ХОДА 20
# ============================================================
!    ⚠️ Паук A8: в клетке уже стоит мина
!    ⚠️ Паук B8: в клетке уже стоит мина

📦 ПЕРЕМЕЩЕНИЯ:
!    ⚠️ Бурав A6: Бурав двигается только по 1 оси или по 2 осям строго диагонально
!    ⚠️ Бурав B6: Бурав двигается только по 1 оси или по 2 осям строго диагонально
!    ⚠️ Бурав C6: Бурав двигается только по 1 оси или по 2 осям строго диагонально

🎯 ВЫСТРЕЛЫ:
   Выпущено ракет: 0
# 
📊 РЕЗУЛЬТАТЫ ХОДА 20:
🎯 Попаданий нет

--- Результаты хода ---
  Попаданий нет

--- Состояние команд после хода ---
  Team A: живых 2/8
    ✓ Бурав A6           @ (5,3,2) hp=4/4
    ✓ Паук A8            @ (3,1,5) hp=1/1
    ✗ Артиллерия A1      @ (0,0,4) [уничтожен]
    ✗ Радиовышка A2      @ (6,2,2) [уничтожен]
    ✗ Прыгун A3          @ (7,4,4) [уничтожен]
    ✗ Факел A4           @ (5,1,3) [уничтожен]
    ✗ Тишина A5          @ (6,0,3) [уничтожен]
    ✗ Провокатор A7      @ (7,0,4) [уничтожен]
  Team B: живых 2/8
    ✓ Бурав B6           @ (7,5,5) hp=4/4
    ✓ Паук B8            @ (6,5,5) hp=1/1
    ✗ Артиллерия B1      @ (4,6,6) [уничтожен]
    ✗ Радиовышка B2      @ (2,7,3) [уничтожен]
    ✗ Прыгун B3          @ (5,3,2) [уничтожен]
    ✗ Факел B4           @ (5,2,2) [уничтожен]
    ✗ Тишина B5          @ (7,4,4) [уничтожен]
    ✗ Провокатор B7      @ (4,5,5) [уничтожен]
  Team C: живых 1/8
    ✓ Бурав C6           @ (2,7,3) hp=4/4
    ✗ Артиллерия C1      @ (4,8,0) [уничтожен]
    ✗ Радиовышка C2      @ (2,6,3) [уничтожен]
    ✗ Прыгун C3          @ (3,5,1) [уничтожен]
    ✗ Факел C4           @ (5,4,1) [уничтожен]
    ✗ Тишина C5          @ (5,1,1) [уничтожен]
    ✗ Провокатор C7      @ (4,0,0) [уничтожен]
    ✗ Паук C8            @ (4,2,0) [уничтожен]

======================================================================
ХОД 21
======================================================================
✓ 🎮 GM: начинаем ход
GM: start_turn

--- Радиовышки: сканирование слоя Z ---
  (у команд не осталось живых радиовышек)

--- Решения ботов ---
  [Team A] Бурав A6 (5,3,2) → MOVE (6,4,3)
  [Team A] Паук A8 (3,1,5) → MINE (4,2,5)
  [Team B] Бурав B6 (7,5,5) → MOVE (6,4,4)
  [Team B] Паук B8 (6,5,5) → MINE (5,4,4)
  [Team C] Бурав C6 (2,7,3) → MOVE (3,6,2)
! 🎮 GM: принудительно завершает фазу планирования
GM: end_planning
# 
============================================================
# 🔄 ОБРАБОТКА ХОДА 21
# ============================================================
!    ⚠️ Паук A8: в клетке уже стоит мина
!    ⚠️ Паук B8: в клетке уже стоит мина

📦 ПЕРЕМЕЩЕНИЯ:
!    ⚠️ Бурав A6: Бурав двигается только по 1 оси или по 2 осям строго диагонально
!    ⚠️ Бурав B6: Бурав двигается только по 1 оси или по 2 осям строго диагонально
!    ⚠️ Бурав C6: Бурав двигается только по 1 оси или по 2 осям строго диагонально

🎯 ВЫСТРЕЛЫ:
   Выпущено ракет: 0
# 
📊 РЕЗУЛЬТАТЫ ХОДА 21:
🎯 Попаданий нет

--- Результаты хода ---
  Попаданий нет

--- Состояние команд после хода ---
  Team A: живых 2/8
    ✓ Бурав A6           @ (5,3,2) hp=4/4
    ✓ Паук A8            @ (3,1,5) hp=1/1
    ✗ Артиллерия A1      @ (0,0,4) [уничтожен]
    ✗ Радиовышка A2      @ (6,2,2) [уничтожен]
    ✗ Прыгун A3          @ (7,4,4) [уничтожен]
    ✗ Факел A4           @ (5,1,3) [уничтожен]
    ✗ Тишина A5          @ (6,0,3) [уничтожен]
    ✗ Провокатор A7      @ (7,0,4) [уничтожен]
  Team B: живых 2/8
    ✓ Бурав B6           @ (7,5,5) hp=4/4
    ✓ Паук B8            @ (6,5,5) hp=1/1
    ✗ Артиллерия B1      @ (4,6,6) [уничтожен]
    ✗ Радиовышка B2      @ (2,7,3) [уничтожен]
    ✗ Прыгун B3          @ (5,3,2) [уничтожен]
    ✗ Факел B4           @ (5,2,2) [уничтожен]
    ✗ Тишина B5          @ (7,4,4) [уничтожен]
    ✗ Провокатор B7      @ (4,5,5) [уничтожен]
  Team C: живых 1/8
    ✓ Бурав C6           @ (2,7,3) hp=4/4
    ✗ Артиллерия C1      @ (4,8,0) [уничтожен]
    ✗ Радиовышка C2      @ (2,6,3) [уничтожен]
    ✗ Прыгун C3          @ (3,5,1) [уничтожен]
    ✗ Факел C4           @ (5,4,1) [уничтожен]
    ✗ Тишина C5          @ (5,1,1) [уничтожен]
    ✗ Провокатор C7      @ (4,0,0) [уничтожен]
    ✗ Паук C8            @ (4,2,0) [уничтожен]

======================================================================
ХОД 22
======================================================================
✓ 🎮 GM: начинаем ход
GM: start_turn

--- Радиовышки: сканирование слоя Z ---
  (у команд не осталось живых радиовышек)

--- Решения ботов ---
  [Team A] Бурав A6 (5,3,2) → MOVE (6,4,3)
  [Team A] Паук A8 (3,1,5) → MINE (4,2,5)
  [Team B] Бурав B6 (7,5,5) → MOVE (6,4,4)
  [Team B] Паук B8 (6,5,5) → MINE (5,4,4)
  [Team C] Бурав C6 (2,7,3) → MOVE (3,6,2)
! 🎮 GM: принудительно завершает фазу планирования
GM: end_planning
# 
============================================================
# 🔄 ОБРАБОТКА ХОДА 22
# ============================================================
!    ⚠️ Паук A8: в клетке уже стоит мина
!    ⚠️ Паук B8: в клетке уже стоит мина

📦 ПЕРЕМЕЩЕНИЯ:
!    ⚠️ Бурав A6: Бурав двигается только по 1 оси или по 2 осям строго диагонально
!    ⚠️ Бурав B6: Бурав двигается только по 1 оси или по 2 осям строго диагонально
!    ⚠️ Бурав C6: Бурав двигается только по 1 оси или по 2 осям строго диагонально

🎯 ВЫСТРЕЛЫ:
   Выпущено ракет: 0
# 
📊 РЕЗУЛЬТАТЫ ХОДА 22:
🎯 Попаданий нет

--- Результаты хода ---
  Попаданий нет

--- Состояние команд после хода ---
  Team A: живых 2/8
    ✓ Бурав A6           @ (5,3,2) hp=4/4
    ✓ Паук A8            @ (3,1,5) hp=1/1
    ✗ Артиллерия A1      @ (0,0,4) [уничтожен]
    ✗ Радиовышка A2      @ (6,2,2) [уничтожен]
    ✗ Прыгун A3          @ (7,4,4) [уничтожен]
    ✗ Факел A4           @ (5,1,3) [уничтожен]
    ✗ Тишина A5          @ (6,0,3) [уничтожен]
    ✗ Провокатор A7      @ (7,0,4) [уничтожен]
  Team B: живых 2/8
    ✓ Бурав B6           @ (7,5,5) hp=4/4
    ✓ Паук B8            @ (6,5,5) hp=1/1
    ✗ Артиллерия B1      @ (4,6,6) [уничтожен]
    ✗ Радиовышка B2      @ (2,7,3) [уничтожен]
    ✗ Прыгун B3          @ (5,3,2) [уничтожен]
    ✗ Факел B4           @ (5,2,2) [уничтожен]
    ✗ Тишина B5          @ (7,4,4) [уничтожен]
    ✗ Провокатор B7      @ (4,5,5) [уничтожен]
  Team C: живых 1/8
    ✓ Бурав C6           @ (2,7,3) hp=4/4
    ✗ Артиллерия C1      @ (4,8,0) [уничтожен]
    ✗ Радиовышка C2      @ (2,6,3) [уничтожен]
    ✗ Прыгун C3          @ (3,5,1) [уничтожен]
    ✗ Факел C4           @ (5,4,1) [уничтожен]
    ✗ Тишина C5          @ (5,1,1) [уничтожен]
    ✗ Провокатор C7      @ (4,0,0) [уничтожен]
    ✗ Паук C8            @ (4,2,0) [уничтожен]

======================================================================
ХОД 23
======================================================================
✓ 🎮 GM: начинаем ход
GM: start_turn

--- Радиовышки: сканирование слоя Z ---
  (у команд не осталось живых радиовышек)

--- Решения ботов ---
  [Team A] Бурав A6 (5,3,2) → MOVE (6,4,3)
  [Team A] Паук A8 (3,1,5) → MINE (4,2,5)
  [Team B] Бурав B6 (7,5,5) → MOVE (6,4,4)
  [Team B] Паук B8 (6,5,5) → MINE (5,4,4)
  [Team C] Бурав C6 (2,7,3) → MOVE (3,6,2)
! 🎮 GM: принудительно завершает фазу планирования
GM: end_planning
# 
============================================================
# 🔄 ОБРАБОТКА ХОДА 23
# ============================================================
!    ⚠️ Паук A8: в клетке уже стоит мина
!    ⚠️ Паук B8: в клетке уже стоит мина

📦 ПЕРЕМЕЩЕНИЯ:
!    ⚠️ Бурав A6: Бурав двигается только по 1 оси или по 2 осям строго диагонально
!    ⚠️ Бурав B6: Бурав двигается только по 1 оси или по 2 осям строго диагонально
!    ⚠️ Бурав C6: Бурав двигается только по 1 оси или по 2 осям строго диагонально

🎯 ВЫСТРЕЛЫ:
   Выпущено ракет: 0
# 
📊 РЕЗУЛЬТАТЫ ХОДА 23:
🎯 Попаданий нет

--- Результаты хода ---
  Попаданий нет

--- Состояние команд после хода ---
  Team A: живых 2/8
    ✓ Бурав A6           @ (5,3,2) hp=4/4
    ✓ Паук A8            @ (3,1,5) hp=1/1
    ✗ Артиллерия A1      @ (0,0,4) [уничтожен]
    ✗ Радиовышка A2      @ (6,2,2) [уничтожен]
    ✗ Прыгун A3          @ (7,4,4) [уничтожен]
    ✗ Факел A4           @ (5,1,3) [уничтожен]
    ✗ Тишина A5          @ (6,0,3) [уничтожен]
    ✗ Провокатор A7      @ (7,0,4) [уничтожен]
  Team B: живых 2/8
    ✓ Бурав B6           @ (7,5,5) hp=4/4
    ✓ Паук B8            @ (6,5,5) hp=1/1
    ✗ Артиллерия B1      @ (4,6,6) [уничтожен]
    ✗ Радиовышка B2      @ (2,7,3) [уничтожен]
    ✗ Прыгун B3          @ (5,3,2) [уничтожен]
    ✗ Факел B4           @ (5,2,2) [уничтожен]
    ✗ Тишина B5          @ (7,4,4) [уничтожен]
    ✗ Провокатор B7      @ (4,5,5) [уничтожен]
  Team C: живых 1/8
    ✓ Бурав C6           @ (2,7,3) hp=4/4
    ✗ Артиллерия C1      @ (4,8,0) [уничтожен]
    ✗ Радиовышка C2      @ (2,6,3) [уничтожен]
    ✗ Прыгун C3          @ (3,5,1) [уничтожен]
    ✗ Факел C4           @ (5,4,1) [уничтожен]
    ✗ Тишина C5          @ (5,1,1) [уничтожен]
    ✗ Провокатор C7      @ (4,0,0) [уничтожен]
    ✗ Паук C8            @ (4,2,0) [уничтожен]

======================================================================
ХОД 24
======================================================================
✓ 🎮 GM: начинаем ход
GM: start_turn

--- Радиовышки: сканирование слоя Z ---
  (у команд не осталось живых радиовышек)

--- Решения ботов ---
  [Team A] Бурав A6 (5,3,2) → MOVE (6,4,3)
  [Team A] Паук A8 (3,1,5) → MINE (4,2,5)
  [Team B] Бурав B6 (7,5,5) → MOVE (6,4,4)
  [Team B] Паук B8 (6,5,5) → MINE (5,4,4)
  [Team C] Бурав C6 (2,7,3) → MOVE (3,6,2)
! 🎮 GM: принудительно завершает фазу планирования
GM: end_planning
# 
============================================================
# 🔄 ОБРАБОТКА ХОДА 24
# ============================================================
!    ⚠️ Паук A8: в клетке уже стоит мина
!    ⚠️ Паук B8: в клетке уже стоит мина

📦 ПЕРЕМЕЩЕНИЯ:
!    ⚠️ Бурав A6: Бурав двигается только по 1 оси или по 2 осям строго диагонально
!    ⚠️ Бурав B6: Бурав двигается только по 1 оси или по 2 осям строго диагонально
!    ⚠️ Бурав C6: Бурав двигается только по 1 оси или по 2 осям строго диагонально

🎯 ВЫСТРЕЛЫ:
   Выпущено ракет: 0
# 
📊 РЕЗУЛЬТАТЫ ХОДА 24:
🎯 Попаданий нет

--- Результаты хода ---
  Попаданий нет

--- Состояние команд после хода ---
  Team A: живых 2/8
    ✓ Бурав A6           @ (5,3,2) hp=4/4
    ✓ Паук A8            @ (3,1,5) hp=1/1
    ✗ Артиллерия A1      @ (0,0,4) [уничтожен]
    ✗ Радиовышка A2      @ (6,2,2) [уничтожен]
    ✗ Прыгун A3          @ (7,4,4) [уничтожен]
    ✗ Факел A4           @ (5,1,3) [уничтожен]
    ✗ Тишина A5          @ (6,0,3) [уничтожен]
    ✗ Провокатор A7      @ (7,0,4) [уничтожен]
  Team B: живых 2/8
    ✓ Бурав B6           @ (7,5,5) hp=4/4
    ✓ Паук B8            @ (6,5,5) hp=1/1
    ✗ Артиллерия B1      @ (4,6,6) [уничтожен]
    ✗ Радиовышка B2      @ (2,7,3) [уничтожен]
    ✗ Прыгун B3          @ (5,3,2) [уничтожен]
    ✗ Факел B4           @ (5,2,2) [уничтожен]
    ✗ Тишина B5          @ (7,4,4) [уничтожен]
    ✗ Провокатор B7      @ (4,5,5) [уничтожен]
  Team C: живых 1/8
    ✓ Бурав C6           @ (2,7,3) hp=4/4
    ✗ Артиллерия C1      @ (4,8,0) [уничтожен]
    ✗ Радиовышка C2      @ (2,6,3) [уничтожен]
    ✗ Прыгун C3          @ (3,5,1) [уничтожен]
    ✗ Факел C4           @ (5,4,1) [уничтожен]
    ✗ Тишина C5          @ (5,1,1) [уничтожен]
    ✗ Провокатор C7      @ (4,0,0) [уничтожен]
    ✗ Паук C8            @ (4,2,0) [уничтожен]

======================================================================
ХОД 25
======================================================================
✓ 🎮 GM: начинаем ход
GM: start_turn

--- Радиовышки: сканирование слоя Z ---
  (у команд не осталось живых радиовышек)

--- Решения ботов ---
  [Team A] Бурав A6 (5,3,2) → MOVE (6,4,3)
  [Team A] Паук A8 (3,1,5) → MINE (4,2,5)
  [Team B] Бурав B6 (7,5,5) → MOVE (6,4,4)
  [Team B] Паук B8 (6,5,5) → MINE (5,4,4)
  [Team C] Бурав C6 (2,7,3) → MOVE (3,6,2)
! 🎮 GM: принудительно завершает фазу планирования
GM: end_planning
# 
============================================================
# 🔄 ОБРАБОТКА ХОДА 25
# ============================================================
!    ⚠️ Паук A8: в клетке уже стоит мина
!    ⚠️ Паук B8: в клетке уже стоит мина

📦 ПЕРЕМЕЩЕНИЯ:
!    ⚠️ Бурав A6: Бурав двигается только по 1 оси или по 2 осям строго диагонально
!    ⚠️ Бурав B6: Бурав двигается только по 1 оси или по 2 осям строго диагонально
!    ⚠️ Бурав C6: Бурав двигается только по 1 оси или по 2 осям строго диагонально

🎯 ВЫСТРЕЛЫ:
   Выпущено ракет: 0
# 
📊 РЕЗУЛЬТАТЫ ХОДА 25:
🎯 Попаданий нет

--- Результаты хода ---
  Попаданий нет

--- Состояние команд после хода ---
  Team A: живых 2/8
    ✓ Бурав A6           @ (5,3,2) hp=4/4
    ✓ Паук A8            @ (3,1,5) hp=1/1
    ✗ Артиллерия A1      @ (0,0,4) [уничтожен]
    ✗ Радиовышка A2      @ (6,2,2) [уничтожен]
    ✗ Прыгун A3          @ (7,4,4) [уничтожен]
    ✗ Факел A4           @ (5,1,3) [уничтожен]
    ✗ Тишина A5          @ (6,0,3) [уничтожен]
    ✗ Провокатор A7      @ (7,0,4) [уничтожен]
  Team B: живых 2/8
    ✓ Бурав B6           @ (7,5,5) hp=4/4
    ✓ Паук B8            @ (6,5,5) hp=1/1
    ✗ Артиллерия B1      @ (4,6,6) [уничтожен]
    ✗ Радиовышка B2      @ (2,7,3) [уничтожен]
    ✗ Прыгун B3          @ (5,3,2) [уничтожен]
    ✗ Факел B4           @ (5,2,2) [уничтожен]
    ✗ Тишина B5          @ (7,4,4) [уничтожен]
    ✗ Провокатор B7      @ (4,5,5) [уничтожен]
  Team C: живых 1/8
    ✓ Бурав C6           @ (2,7,3) hp=4/4
    ✗ Артиллерия C1      @ (4,8,0) [уничтожен]
    ✗ Радиовышка C2      @ (2,6,3) [уничтожен]
    ✗ Прыгун C3          @ (3,5,1) [уничтожен]
    ✗ Факел C4           @ (5,4,1) [уничтожен]
    ✗ Тишина C5          @ (5,1,1) [уничтожен]
    ✗ Провокатор C7      @ (4,0,0) [уничтожен]
    ✗ Паук C8            @ (4,2,0) [уничтожен]

======================================================================
ХОД 26
======================================================================
✓ 🎮 GM: начинаем ход
GM: start_turn

--- Радиовышки: сканирование слоя Z ---
  (у команд не осталось живых радиовышек)

--- Решения ботов ---
  [Team A] Бурав A6 (5,3,2) → MOVE (6,4,3)
  [Team A] Паук A8 (3,1,5) → MINE (4,2,5)
  [Team B] Бурав B6 (7,5,5) → MOVE (6,4,4)
  [Team B] Паук B8 (6,5,5) → MINE (5,4,4)
  [Team C] Бурав C6 (2,7,3) → MOVE (3,6,2)
! 🎮 GM: принудительно завершает фазу планирования
GM: end_planning
# 
============================================================
# 🔄 ОБРАБОТКА ХОДА 26
# ============================================================
!    ⚠️ Паук A8: в клетке уже стоит мина
!    ⚠️ Паук B8: в клетке уже стоит мина

📦 ПЕРЕМЕЩЕНИЯ:
!    ⚠️ Бурав A6: Бурав двигается только по 1 оси или по 2 осям строго диагонально
!    ⚠️ Бурав B6: Бурав двигается только по 1 оси или по 2 осям строго диагонально
!    ⚠️ Бурав C6: Бурав двигается только по 1 оси или по 2 осям строго диагонально

🎯 ВЫСТРЕЛЫ:
   Выпущено ракет: 0
# 
📊 РЕЗУЛЬТАТЫ ХОДА 26:
🎯 Попаданий нет

--- Результаты хода ---
  Попаданий нет

--- Состояние команд после хода ---
  Team A: живых 2/8
    ✓ Бурав A6           @ (5,3,2) hp=4/4
    ✓ Паук A8            @ (3,1,5) hp=1/1
    ✗ Артиллерия A1      @ (0,0,4) [уничтожен]
    ✗ Радиовышка A2      @ (6,2,2) [уничтожен]
    ✗ Прыгун A3          @ (7,4,4) [уничтожен]
    ✗ Факел A4           @ (5,1,3) [уничтожен]
    ✗ Тишина A5          @ (6,0,3) [уничтожен]
    ✗ Провокатор A7      @ (7,0,4) [уничтожен]
  Team B: живых 2/8
    ✓ Бурав B6           @ (7,5,5) hp=4/4
    ✓ Паук B8            @ (6,5,5) hp=1/1
    ✗ Артиллерия B1      @ (4,6,6) [уничтожен]
    ✗ Радиовышка B2      @ (2,7,3) [уничтожен]
    ✗ Прыгун B3          @ (5,3,2) [уничтожен]
    ✗ Факел B4           @ (5,2,2) [уничтожен]
    ✗ Тишина B5          @ (7,4,4) [уничтожен]
    ✗ Провокатор B7      @ (4,5,5) [уничтожен]
  Team C: живых 1/8
    ✓ Бурав C6           @ (2,7,3) hp=4/4
    ✗ Артиллерия C1      @ (4,8,0) [уничтожен]
    ✗ Радиовышка C2      @ (2,6,3) [уничтожен]
    ✗ Прыгун C3          @ (3,5,1) [уничтожен]
    ✗ Факел C4           @ (5,4,1) [уничтожен]
    ✗ Тишина C5          @ (5,1,1) [уничтожен]
    ✗ Провокатор C7      @ (4,0,0) [уничтожен]
    ✗ Паук C8            @ (4,2,0) [уничтожен]

======================================================================
ХОД 27
======================================================================
✓ 🎮 GM: начинаем ход
GM: start_turn

--- Радиовышки: сканирование слоя Z ---
  (у команд не осталось живых радиовышек)

--- Решения ботов ---
  [Team A] Бурав A6 (5,3,2) → MOVE (6,4,3)
  [Team A] Паук A8 (3,1,5) → MINE (4,2,5)
  [Team B] Бурав B6 (7,5,5) → MOVE (6,4,4)
  [Team B] Паук B8 (6,5,5) → MINE (5,4,4)
  [Team C] Бурав C6 (2,7,3) → MOVE (3,6,2)
! 🎮 GM: принудительно завершает фазу планирования
GM: end_planning
# 
============================================================
# 🔄 ОБРАБОТКА ХОДА 27
# ============================================================
!    ⚠️ Паук A8: в клетке уже стоит мина
!    ⚠️ Паук B8: в клетке уже стоит мина

📦 ПЕРЕМЕЩЕНИЯ:
!    ⚠️ Бурав A6: Бурав двигается только по 1 оси или по 2 осям строго диагонально
!    ⚠️ Бурав B6: Бурав двигается только по 1 оси или по 2 осям строго диагонально
!    ⚠️ Бурав C6: Бурав двигается только по 1 оси или по 2 осям строго диагонально

🎯 ВЫСТРЕЛЫ:
   Выпущено ракет: 0
# 
📊 РЕЗУЛЬТАТЫ ХОДА 27:
🎯 Попаданий нет

--- Результаты хода ---
  Попаданий нет

--- Состояние команд после хода ---
  Team A: живых 2/8
    ✓ Бурав A6           @ (5,3,2) hp=4/4
    ✓ Паук A8            @ (3,1,5) hp=1/1
    ✗ Артиллерия A1      @ (0,0,4) [уничтожен]
    ✗ Радиовышка A2      @ (6,2,2) [уничтожен]
    ✗ Прыгун A3          @ (7,4,4) [уничтожен]
    ✗ Факел A4           @ (5,1,3) [уничтожен]
    ✗ Тишина A5          @ (6,0,3) [уничтожен]
    ✗ Провокатор A7      @ (7,0,4) [уничтожен]
  Team B: живых 2/8
    ✓ Бурав B6           @ (7,5,5) hp=4/4
    ✓ Паук B8            @ (6,5,5) hp=1/1
    ✗ Артиллерия B1      @ (4,6,6) [уничтожен]
    ✗ Радиовышка B2      @ (2,7,3) [уничтожен]
    ✗ Прыгун B3          @ (5,3,2) [уничтожен]
    ✗ Факел B4           @ (5,2,2) [уничтожен]
    ✗ Тишина B5          @ (7,4,4) [уничтожен]
    ✗ Провокатор B7      @ (4,5,5) [уничтожен]
  Team C: живых 1/8
    ✓ Бурав C6           @ (2,7,3) hp=4/4
    ✗ Артиллерия C1      @ (4,8,0) [уничтожен]
    ✗ Радиовышка C2      @ (2,6,3) [уничтожен]
    ✗ Прыгун C3          @ (3,5,1) [уничтожен]
    ✗ Факел C4           @ (5,4,1) [уничтожен]
    ✗ Тишина C5          @ (5,1,1) [уничтожен]
    ✗ Провокатор C7      @ (4,0,0) [уничтожен]
    ✗ Паук C8            @ (4,2,0) [уничтожен]

======================================================================
ХОД 28
======================================================================
✓ 🎮 GM: начинаем ход
GM: start_turn

--- Радиовышки: сканирование слоя Z ---
  (у команд не осталось живых радиовышек)

--- Решения ботов ---
  [Team A] Бурав A6 (5,3,2) → MOVE (6,4,3)
  [Team A] Паук A8 (3,1,5) → MINE (4,2,5)
  [Team B] Бурав B6 (7,5,5) → MOVE (6,4,4)
  [Team B] Паук B8 (6,5,5) → MINE (5,4,4)
  [Team C] Бурав C6 (2,7,3) → MOVE (3,6,2)
! 🎮 GM: принудительно завершает фазу планирования
GM: end_planning
# 
============================================================
# 🔄 ОБРАБОТКА ХОДА 28
# ============================================================
!    ⚠️ Паук A8: в клетке уже стоит мина
!    ⚠️ Паук B8: в клетке уже стоит мина

📦 ПЕРЕМЕЩЕНИЯ:
!    ⚠️ Бурав A6: Бурав двигается только по 1 оси или по 2 осям строго диагонально
!    ⚠️ Бурав B6: Бурав двигается только по 1 оси или по 2 осям строго диагонально
!    ⚠️ Бурав C6: Бурав двигается только по 1 оси или по 2 осям строго диагонально

🎯 ВЫСТРЕЛЫ:
   Выпущено ракет: 0
# 
📊 РЕЗУЛЬТАТЫ ХОДА 28:
🎯 Попаданий нет

--- Результаты хода ---
  Попаданий нет

--- Состояние команд после хода ---
  Team A: живых 2/8
    ✓ Бурав A6           @ (5,3,2) hp=4/4
    ✓ Паук A8            @ (3,1,5) hp=1/1
    ✗ Артиллерия A1      @ (0,0,4) [уничтожен]
    ✗ Радиовышка A2      @ (6,2,2) [уничтожен]
    ✗ Прыгун A3          @ (7,4,4) [уничтожен]
    ✗ Факел A4           @ (5,1,3) [уничтожен]
    ✗ Тишина A5          @ (6,0,3) [уничтожен]
    ✗ Провокатор A7      @ (7,0,4) [уничтожен]
  Team B: живых 2/8
    ✓ Бурав B6           @ (7,5,5) hp=4/4
    ✓ Паук B8            @ (6,5,5) hp=1/1
    ✗ Артиллерия B1      @ (4,6,6) [уничтожен]
    ✗ Радиовышка B2      @ (2,7,3) [уничтожен]
    ✗ Прыгун B3          @ (5,3,2) [уничтожен]
    ✗ Факел B4           @ (5,2,2) [уничтожен]
    ✗ Тишина B5          @ (7,4,4) [уничтожен]
    ✗ Провокатор B7      @ (4,5,5) [уничтожен]
  Team C: живых 1/8
    ✓ Бурав C6           @ (2,7,3) hp=4/4
    ✗ Артиллерия C1      @ (4,8,0) [уничтожен]
    ✗ Радиовышка C2      @ (2,6,3) [уничтожен]
    ✗ Прыгун C3          @ (3,5,1) [уничтожен]
    ✗ Факел C4           @ (5,4,1) [уничтожен]
    ✗ Тишина C5          @ (5,1,1) [уничтожен]
    ✗ Провокатор C7      @ (4,0,0) [уничтожен]
    ✗ Паук C8            @ (4,2,0) [уничтожен]

======================================================================
ХОД 29
======================================================================
✓ 🎮 GM: начинаем ход
GM: start_turn

--- Радиовышки: сканирование слоя Z ---
  (у команд не осталось живых радиовышек)

--- Решения ботов ---
  [Team A] Бурав A6 (5,3,2) → MOVE (6,4,3)
  [Team A] Паук A8 (3,1,5) → MINE (4,2,5)
  [Team B] Бурав B6 (7,5,5) → MOVE (6,4,4)
  [Team B] Паук B8 (6,5,5) → MINE (5,4,4)
  [Team C] Бурав C6 (2,7,3) → MOVE (3,6,2)
! 🎮 GM: принудительно завершает фазу планирования
GM: end_planning
# 
============================================================
# 🔄 ОБРАБОТКА ХОДА 29
# ============================================================
!    ⚠️ Паук A8: в клетке уже стоит мина
!    ⚠️ Паук B8: в клетке уже стоит мина

📦 ПЕРЕМЕЩЕНИЯ:
!    ⚠️ Бурав A6: Бурав двигается только по 1 оси или по 2 осям строго диагонально
!    ⚠️ Бурав B6: Бурав двигается только по 1 оси или по 2 осям строго диагонально
!    ⚠️ Бурав C6: Бурав двигается только по 1 оси или по 2 осям строго диагонально

🎯 ВЫСТРЕЛЫ:
   Выпущено ракет: 0
# 
📊 РЕЗУЛЬТАТЫ ХОДА 29:
🎯 Попаданий нет

--- Результаты хода ---
  Попаданий нет

--- Состояние команд после хода ---
  Team A: живых 2/8
    ✓ Бурав A6           @ (5,3,2) hp=4/4
    ✓ Паук A8            @ (3,1,5) hp=1/1
    ✗ Артиллерия A1      @ (0,0,4) [уничтожен]
    ✗ Радиовышка A2      @ (6,2,2) [уничтожен]
    ✗ Прыгун A3          @ (7,4,4) [уничтожен]
    ✗ Факел A4           @ (5,1,3) [уничтожен]
    ✗ Тишина A5          @ (6,0,3) [уничтожен]
    ✗ Провокатор A7      @ (7,0,4) [уничтожен]
  Team B: живых 2/8
    ✓ Бурав B6           @ (7,5,5) hp=4/4
    ✓ Паук B8            @ (6,5,5) hp=1/1
    ✗ Артиллерия B1      @ (4,6,6) [уничтожен]
    ✗ Радиовышка B2      @ (2,7,3) [уничтожен]
    ✗ Прыгун B3          @ (5,3,2) [уничтожен]
    ✗ Факел B4           @ (5,2,2) [уничтожен]
    ✗ Тишина B5          @ (7,4,4) [уничтожен]
    ✗ Провокатор B7      @ (4,5,5) [уничтожен]
  Team C: живых 1/8
    ✓ Бурав C6           @ (2,7,3) hp=4/4
    ✗ Артиллерия C1      @ (4,8,0) [уничтожен]
    ✗ Радиовышка C2      @ (2,6,3) [уничтожен]
    ✗ Прыгун C3          @ (3,5,1) [уничтожен]
    ✗ Факел C4           @ (5,4,1) [уничтожен]
    ✗ Тишина C5          @ (5,1,1) [уничтожен]
    ✗ Провокатор C7      @ (4,0,0) [уничтожен]
    ✗ Паук C8            @ (4,2,0) [уничтожен]

======================================================================
ХОД 30
======================================================================
✓ 🎮 GM: начинаем ход
GM: start_turn

--- Радиовышки: сканирование слоя Z ---
  (у команд не осталось живых радиовышек)

--- Решения ботов ---
  [Team A] Бурав A6 (5,3,2) → MOVE (6,4,3)
  [Team A] Паук A8 (3,1,5) → MINE (4,2,5)
  [Team B] Бурав B6 (7,5,5) → MOVE (6,4,4)
  [Team B] Паук B8 (6,5,5) → MINE (5,4,4)
  [Team C] Бурав C6 (2,7,3) → MOVE (3,6,2)
! 🎮 GM: принудительно завершает фазу планирования
GM: end_planning
# 
============================================================
# 🔄 ОБРАБОТКА ХОДА 30
# ============================================================
!    ⚠️ Паук A8: в клетке уже стоит мина
!    ⚠️ Паук B8: в клетке уже стоит мина

📦 ПЕРЕМЕЩЕНИЯ:
!    ⚠️ Бурав A6: Бурав двигается только по 1 оси или по 2 осям строго диагонально
!    ⚠️ Бурав B6: Бурав двигается только по 1 оси или по 2 осям строго диагонально
!    ⚠️ Бурав C6: Бурав двигается только по 1 оси или по 2 осям строго диагонально

🎯 ВЫСТРЕЛЫ:
   Выпущено ракет: 0
# 
📊 РЕЗУЛЬТАТЫ ХОДА 30:
🎯 Попаданий нет

--- Результаты хода ---
  Попаданий нет

--- Состояние команд после хода ---
  Team A: живых 2/8
    ✓ Бурав A6           @ (5,3,2) hp=4/4
    ✓ Паук A8            @ (3,1,5) hp=1/1
    ✗ Артиллерия A1      @ (0,0,4) [уничтожен]
    ✗ Радиовышка A2      @ (6,2,2) [уничтожен]
    ✗ Прыгун A3          @ (7,4,4) [уничтожен]
    ✗ Факел A4           @ (5,1,3) [уничтожен]
    ✗ Тишина A5          @ (6,0,3) [уничтожен]
    ✗ Провокатор A7      @ (7,0,4) [уничтожен]
  Team B: живых 2/8
    ✓ Бурав B6           @ (7,5,5) hp=4/4
    ✓ Паук B8            @ (6,5,5) hp=1/1
    ✗ Артиллерия B1      @ (4,6,6) [уничтожен]
    ✗ Радиовышка B2      @ (2,7,3) [уничтожен]
    ✗ Прыгун B3          @ (5,3,2) [уничтожен]
    ✗ Факел B4           @ (5,2,2) [уничтожен]
    ✗ Тишина B5          @ (7,4,4) [уничтожен]
    ✗ Провокатор B7      @ (4,5,5) [уничтожен]
  Team C: живых 1/8
    ✓ Бурав C6           @ (2,7,3) hp=4/4
    ✗ Артиллерия C1      @ (4,8,0) [уничтожен]
    ✗ Радиовышка C2      @ (2,6,3) [уничтожен]
    ✗ Прыгун C3          @ (3,5,1) [уничтожен]
    ✗ Факел C4           @ (5,4,1) [уничтожен]
    ✗ Тишина C5          @ (5,1,1) [уничтожен]
    ✗ Провокатор C7      @ (4,0,0) [уничтожен]
    ✗ Паук C8            @ (4,2,0) [уничтожен]

======================================================================
ИТОГ
======================================================================
Лимит ходов (30) исчерпан. Победа по урону: Team B (24 dmg).
   Урон по командам: Team A=21, Team B=24, Team C=10

--- Сводка по командам ---
  Team A: 2/8 живых; hp=5
  Team B: 2/8 живых; hp=5
  Team C: 1/8 живых; hp=4

--- Сводка по пассивкам радиовышек ---
  Team A: сканирований=4, всего врагов-в-слоях=1, уникальных эксклюзивных (видны только радиовышкой)=1
  Team B: сканирований=7, всего врагов-в-слоях=11, уникальных эксклюзивных (видны только радиовышкой)=4
  Team C: сканирований=6, всего врагов-в-слоях=8, уникальных эксклюзивных (видны только радиовышкой)=0

--- Сводка по попаданиям ---
  Всего событий (шоты+тараны+мины): 24
  Уничтожено кораблей всего: 19
  Team A: урон=21 хиты=2 тараны=5 мины(сработало)=0 убийств=6
  Team B: урон=24 хиты=6 тараны=5 мины(сработало)=1 убийств=9
  Team C: урон=10 хиты=4 тараны=1 мины(сработало)=0 убийств=4
! 🎮 GM: остановка игры
