======================================================================
Space Battle 10×10×10 — simulation run at 2026-04-20T13:39:21+00:00
Game mode: advanced
Seed: 138
✓ 🚀 Продвинутый режим: создаю разные типы кораблей
   Команда A: спавн вдоль оси X от (4, 6, 7) до (0, 6, 7)
   Команда B: спавн вдоль оси Y от (3, 7, 1) до (3, 3, 1)
   Команда C: спавн вдоль оси X от (0, 5, 3) до (6, 5, 3)
✓ ✅ Создано 24 кораблей


--- СТАРТОВАЯ РАССТАНОВКА ---
  Team A: живых 8/8
    ✓ Артиллерия A1      @ (4,6,7) hp=1/1
    ✓ Радиовышка A2      @ (3,6,7) hp=3/3
    ✓ Прыгун A3          @ (9,6,7) hp=2/2
    ✓ Факел A4           @ (1,6,7) hp=6/6
    ✓ Тишина A5          @ (6,6,7) hp=2/2
    ✓ Бурав A6           @ (5,6,7) hp=4/4
    ✓ Провокатор A7      @ (8,6,7) hp=2/2
    ✓ Паук A8            @ (0,6,7) hp=1/1
  Team B: живых 8/8
    ✓ Артиллерия B1      @ (3,7,1) hp=1/1
    ✓ Радиовышка B2      @ (3,8,1) hp=3/3
    ✓ Прыгун B3          @ (3,1,1) hp=2/2
    ✓ Факел B4           @ (3,9,1) hp=6/6
    ✓ Тишина B5          @ (3,5,1) hp=2/2
    ✓ Бурав B6           @ (3,6,1) hp=4/4
    ✓ Провокатор B7      @ (3,4,1) hp=2/2
    ✓ Паук B8            @ (3,3,1) hp=1/1
  Team C: живых 8/8
    ✓ Артиллерия C1      @ (0,5,3) hp=1/1
    ✓ Радиовышка C2      @ (2,5,3) hp=3/3
    ✓ Прыгун C3          @ (4,5,3) hp=2/2
    ✓ Факел C4           @ (7,5,3) hp=6/6
    ✓ Тишина C5          @ (3,5,3) hp=2/2
    ✓ Бурав C6           @ (1,5,3) hp=4/4
    ✓ Провокатор C7      @ (8,5,3) hp=2/2
    ✓ Паук C8            @ (6,5,3) hp=1/1

======================================================================
ХОД 1
======================================================================
✓ 🎮 GM: начинаем ход
GM: start_turn

--- Радиовышки: сканирование слоя Z ---
  Радиовышка A2 (z=7): слой чист
  Радиовышка B2 (z=1): слой чист
  Радиовышка C2 (z=3): слой чист

--- Решения ботов ---
  [Team A] Артиллерия A1 (4,6,7) → SHOOT at (0,5,3)
  [Team A] Радиовышка A2 (3,6,7) → MOVE (2,5,6)
  [Team A] Прыгун A3 (9,6,7) → MOVE (8,5,6)
  [Team A] Факел A4 (1,6,7) → MOVE (2,6,7)
  [Team A] Тишина A5 (6,6,7) → PHASE toggle
  [Team A] Бурав A6 (5,6,7) → MOVE (4,5,6)
  [Team A] Провокатор A7 (8,6,7) → HOLOGRAM (7,5,6)
  [Team A] Паук A8 (0,6,7) → MINE (0,5,6)
  [Team B] Артиллерия B1 (3,7,1) → SHOOT at (0,5,3)
  [Team B] Радиовышка B2 (3,8,1) → MOVE (2,7,2)
  [Team B] Прыгун B3 (3,1,1) → MOVE (2,2,2)
  [Team B] Тишина B5 (3,5,1) → PHASE toggle
  [Team B] Бурав B6 (3,6,1) → MOVE (2,5,2)
  [Team B] Провокатор B7 (3,4,1) → HOLOGRAM (2,4,1)
  [Team B] Паук B8 (3,3,1) → MINE (2,4,2)
  [Team B] Факел B4 → SKIP
  [Team C] Артиллерия C1 (0,5,3) → SHOOT at (3,7,1)
  [Team C] Радиовышка C2 (2,5,3) → MOVE (3,6,2)
  [Team C] Прыгун C3 (4,5,3) → MOVE (3,7,1)
  [Team C] Тишина C5 (3,5,3) → PHASE toggle
  [Team C] Бурав C6 (1,5,3) → MOVE (3,5,1)
  [Team C] Провокатор C7 (8,5,3) → HOLOGRAM (7,6,4)
  [Team C] Паук C8 (6,5,3) → MINE (5,6,2)
  [Team C] Факел C4 → SKIP
! 🎮 GM: принудительно завершает фазу планирования
GM: end_planning
# 
============================================================
# 🔄 ОБРАБОТКА ХОДА 1
# ============================================================
   🌀 Тишина A5: уходит в фазу на 1 ход
   🌀 Тишина B5: уходит в фазу на 1 ход
   🌀 Тишина C5: уходит в фазу на 1 ход
   🪞 Провокатор A7 создал голограмму H1 в (7,5,6)
   🪞 Провокатор B7 создал голограмму H2 в (2,4,1)
   🪞 Провокатор C7 создал голограмму H3 в (7,6,4)
   💣 Паук A8 установил мину M1 в (0,5,6)
   💣 Паук B8 установил мину M2 в (2,4,2)
   💣 Паук C8 установил мину M3 в (5,6,2)

📦 ПЕРЕМЕЩЕНИЯ:
   Радиовышка A2: (3, 6, 7) → (2,5,6)
   Прыгун A3: (9, 6, 7) → (8,5,6)
   Факел A4: (1, 6, 7) → (2,6,7)
!    ⚠️ Бурав A6: Бурав двигается только по 1 оси или по 2 осям строго диагонально
   Радиовышка B2: (3, 8, 1) → (2,7,2)
   Прыгун B3: (3, 1, 1) → (2,2,2)
!    ⚠️ Бурав B6: Бурав двигается только по 1 оси или по 2 осям строго диагонально
   Радиовышка C2: (2, 5, 3) → (3,6,2)
✓    💥 Прыгун C3 тараном уничтожил Артиллерия B1 в (3,7,1)
   Прыгун C3: (4, 5, 3) → (3,7,1)
✓    💥 Бурав C6 пробивает фазу Тишина B5 тараном
✓    💥 Бурав C6 тараном уничтожил Тишина B5 в (3,5,1)
   Бурав C6: (1, 5, 3) → (3,5,1)

🎯 ВЫСТРЕЛЫ:
✓    ✅ Артиллерия A1 поразил Артиллерия C1 (2 урона)!
   Выпущено ракет: 2
# 
📊 РЕЗУЛЬТАТЫ ХОДА 1:
✓ 💥 ПОПАДАНИЯ:
✓    Артиллерия A1 (Team A) → Артиллерия C1 (Team C)

--- Результаты хода ---
  Team C / Прыгун C3          → Team B / Артиллерия B1      @ (3,7,1)  (УБИТ)
  Team C / Бурав C6           → Team B / Тишина B5          @ (3,5,1)  (УБИТ)
  Team A / Артиллерия A1      → Team C / Артиллерия C1      @ (0,5,3)  (УБИТ)

--- Состояние команд после хода ---
  Team A: живых 8/8
    ✓ Артиллерия A1      @ (4,6,7) hp=1/1
    ✓ Радиовышка A2      @ (2,5,6) hp=3/3
    ✓ Прыгун A3          @ (8,5,6) hp=2/2
    ✓ Факел A4           @ (2,6,7) hp=6/6
    ✓ Тишина A5          @ (6,6,7) hp=2/2
    ✓ Бурав A6           @ (5,6,7) hp=4/4
    ✓ Провокатор A7      @ (8,6,7) hp=2/2
    ✓ Паук A8            @ (0,6,7) hp=1/1
  Team B: живых 6/8
    ✓ Радиовышка B2      @ (2,7,2) hp=3/3
    ✓ Прыгун B3          @ (2,2,2) hp=2/2
    ✓ Факел B4           @ (3,9,1) hp=6/6
    ✓ Бурав B6           @ (3,6,1) hp=4/4
    ✓ Провокатор B7      @ (3,4,1) hp=2/2
    ✓ Паук B8            @ (3,3,1) hp=1/1
    ✗ Артиллерия B1      @ (3,7,1) [уничтожен]
    ✗ Тишина B5          @ (3,5,1) [уничтожен]
  Team C: живых 7/8
    ✓ Радиовышка C2      @ (3,6,2) hp=3/3
    ✓ Прыгун C3          @ (3,7,1) hp=2/2
    ✓ Факел C4           @ (7,5,3) hp=6/6
    ✓ Тишина C5          @ (3,5,3) hp=2/2
    ✓ Бурав C6           @ (3,5,1) hp=4/4
    ✓ Провокатор C7      @ (8,5,3) hp=2/2
    ✓ Паук C8            @ (6,5,3) hp=1/1
    ✗ Артиллерия C1      @ (0,5,3) [уничтожен]

======================================================================
ХОД 2
======================================================================
✓ 🎮 GM: начинаем ход
GM: start_turn

--- Радиовышки: сканирование слоя Z ---
  Радиовышка A2 (z=6): слой чист
  Радиовышка B2 (z=2): видит 1 врагов  → Радиовышка C2(3,6,2)
  Радиовышка C2 (z=2): видит 2 врагов  → Прыгун B3(2,2,2), Радиовышка B2(2,7,2)

--- Решения ботов ---
  [Team A] Артиллерия A1 (4,6,7) → SHOOT at (8,5,3)
  [Team A] Радиовышка A2 (2,5,6) → MOVE (2,6,5)
  [Team A] Прыгун A3 (8,5,6) → SHOOT at (8,5,3)
  [Team A] Факел A4 (2,6,7) → MOVE (3,6,7)
  [Team A] Тишина A5 (6,6,7) → MOVE (7,5,6)
  [Team A] Бурав A6 (5,6,7) → MOVE (6,5,6)
  [Team A] Провокатор A7 (8,6,7) → HOLOGRAM (8,5,7)
  [Team A] Паук A8 (0,6,7) → MOVE (1,7,6)
  [Team B] Радиовышка B2 (2,7,2) → MOVE (3,6,2)
  [Team B] Прыгун B3 (2,2,2) → MOVE (2,2,1)
  [Team B] Факел B4 (3,9,1) → SHOOT at (3,7,1)
  [Team B] Бурав B6 (3,6,1) → MOVE (3,7,1)
  [Team B] Провокатор B7 (3,4,1) → HOLOGRAM (3,5,1)
  [Team B] Паук B8 → SKIP
  [Team C] Радиовышка C2 (3,6,2) → MOVE (2,7,2)
  [Team C] Прыгун C3 (3,7,1) → MOVE (3,9,1)
  [Team C] Факел C4 (7,5,3) → MOVE (6,6,2)
  [Team C] Тишина C5 (3,5,3) → MOVE (2,6,2)
  [Team C] Бурав C6 (3,5,1) → MOVE (3,4,1)
  [Team C] Провокатор C7 (8,5,3) → HOLOGRAM (8,5,4)
  [Team C] Паук C8 (6,5,3) → MINE (7,5,4)
! 🎮 GM: принудительно завершает фазу планирования
GM: end_planning
# 
============================================================
# 🔄 ОБРАБОТКА ХОДА 2
# ============================================================
   🌀 Тишина A5: фаза спала (действовала 1 ход)
   🌀 Тишина C5: фаза спала (действовала 1 ход)
   🪞 Провокатор A7 создал голограмму H4 в (8,5,7)
!    ⚠️ Провокатор B7: клетка (3,5,1) занята кораблём
   🪞 Провокатор C7 создал голограмму H5 в (8,5,4)
   💣 Паук C8 установил мину M4 в (7,5,4)

📦 ПЕРЕМЕЩЕНИЯ:
   Радиовышка A2: (2, 5, 6) → (2,6,5)
   Факел A4: (2, 6, 7) → (3,6,7)
!    ⚠️ Тишина A5: клетка (7,5,6) занята
!    ⚠️ Бурав A6: Бурав двигается только по 1 оси или по 2 осям строго диагонально
   Паук A8: (0, 6, 7) → (1,7,6)
!    ⚠️ Радиовышка B2: клетка (3,6,2) занята
   Прыгун B3: (2, 2, 2) → (2,2,1)
✓    💥 Бурав B6 тараном уничтожил Прыгун C3 в (3,7,1)
   Бурав B6: (3, 6, 1) → (3,7,1)
!    ⚠️ Радиовышка C2: клетка (2,7,2) занята
   Факел C4: (7, 5, 3) → (6,6,2)
   Тишина C5: (3, 5, 3) → (2,6,2)
✓    💥 Бурав C6 тараном уничтожил Провокатор B7 в (3,4,1)
   Бурав C6: (3, 5, 1) → (3,4,1)

🎯 ВЫСТРЕЛЫ:
!    🛡️ Выстрел Факел B4 заблокирован союзником Бурав B6 в (3, 7, 1)
✓    ✅ Артиллерия A1 поразил Провокатор C7 (2 урона)!
✓    💥 Прыгун A3 раскрыл голограмму H5 в (8, 5, 4)
   Выпущено ракет: 3
# 
📊 РЕЗУЛЬТАТЫ ХОДА 2:
✓ 💥 ПОПАДАНИЯ:
✓    Артиллерия A1 (Team A) → Провокатор C7 (Team C)
✓    Прыгун A3 (Team A) → голограмма H5 (Team C)

--- Результаты хода ---
  Team B / Бурав B6           → Team C / Прыгун C3          @ (3,7,1)  (УБИТ)
  Team C / Бурав C6           → Team B / Провокатор B7      @ (3,4,1)  (УБИТ)
  Team A / Артиллерия A1      → Team C / Провокатор C7      @ (8,5,3)  (УБИТ)

--- Состояние команд после хода ---
  Team A: живых 8/8
    ✓ Артиллерия A1      @ (4,6,7) hp=1/1
    ✓ Радиовышка A2      @ (2,6,5) hp=3/3
    ✓ Прыгун A3          @ (8,5,6) hp=2/2
    ✓ Факел A4           @ (3,6,7) hp=6/6
    ✓ Тишина A5          @ (6,6,7) hp=2/2
    ✓ Бурав A6           @ (5,6,7) hp=4/4
    ✓ Провокатор A7      @ (8,6,7) hp=2/2
    ✓ Паук A8            @ (1,7,6) hp=1/1
  Team B: живых 5/8
    ✓ Радиовышка B2      @ (2,7,2) hp=3/3
    ✓ Прыгун B3          @ (2,2,1) hp=2/2
    ✓ Факел B4           @ (3,9,1) hp=6/6
    ✓ Бурав B6           @ (3,7,1) hp=4/4
    ✓ Паук B8            @ (3,3,1) hp=1/1
    ✗ Артиллерия B1      @ (3,7,1) [уничтожен]
    ✗ Тишина B5          @ (3,5,1) [уничтожен]
    ✗ Провокатор B7      @ (3,4,1) [уничтожен]
  Team C: живых 5/8
    ✓ Радиовышка C2      @ (3,6,2) hp=3/3
    ✓ Факел C4           @ (6,6,2) hp=6/6
    ✓ Тишина C5          @ (2,6,2) hp=2/2
    ✓ Бурав C6           @ (3,4,1) hp=4/4
    ✓ Паук C8            @ (6,5,3) hp=1/1
    ✗ Артиллерия C1      @ (0,5,3) [уничтожен]
    ✗ Прыгун C3          @ (3,7,1) [уничтожен]
    ✗ Провокатор C7      @ (8,5,3) [уничтожен]

======================================================================
ХОД 3
======================================================================
✓ 🎮 GM: начинаем ход
GM: start_turn

--- Радиовышки: сканирование слоя Z ---
  Радиовышка A2 (z=5): слой чист
  Радиовышка B2 (z=2): видит 3 врагов  → Тишина C5(2,6,2), Радиовышка C2(3,6,2), Факел C4(6,6,2)
  Радиовышка C2 (z=2): видит 1 врагов  → Радиовышка B2(2,7,2)

--- Решения ботов ---
  [Team A] Артиллерия A1 (4,6,7) → SHOOT at (2,2,1)
  [Team A] Радиовышка A2 (2,6,5) → MOVE (2,7,4)
  [Team A] Прыгун A3 (8,5,6) → MOVE (7,5,5)
  [Team A] Факел A4 (3,6,7) → SHOOT at (3,6,2)
  [Team A] Тишина A5 (6,6,7) → MOVE (6,5,6)
  [Team A] Бурав A6 (5,6,7) → MOVE (6,6,6)
  [Team A] Провокатор A7 (8,6,7) → HOLOGRAM (7,5,6)
  [Team A] Паук A8 (1,7,6) → MINE (2,7,5)
  [Team B] Радиовышка B2 (2,7,2) → MOVE (3,6,2)
  [Team B] Прыгун B3 (2,2,1) → MOVE (3,4,1)
  [Team B] Факел B4 (3,9,1) → SHOOT at (3,4,1)
  [Team B] Бурав B6 (3,7,1) → MOVE (3,6,1)
  [Team B] Паук B8 → SKIP
  [Team C] Радиовышка C2 (3,6,2) → MOVE (2,7,2)
  [Team C] Факел C4 (6,6,2) → SHOOT at (6,6,7)
  [Team C] Бурав C6 (3,4,1) → MOVE (3,7,1)
  [Team C] Паук C8 (6,5,3) → MINE (7,5,4)
  [Team C] Тишина C5 → SKIP
! 🎮 GM: принудительно завершает фазу планирования
GM: end_planning
# 
============================================================
# 🔄 ОБРАБОТКА ХОДА 3
# ============================================================
!    ⚠️ Провокатор A7: клетка (7,5,6) уже занята голограммой
   💣 Паук A8 установил мину M5 в (2,7,5)
!    ⚠️ Паук C8: в клетке уже стоит мина

📦 ПЕРЕМЕЩЕНИЯ:
   Радиовышка A2: (2, 6, 5) → (2,7,4)
   Прыгун A3: (8, 5, 6) → (7,5,5)
   Тишина A5: (6, 6, 7) → (6,5,6)
   Бурав A6: (5, 6, 7) → (6,6,6)
!    ⚠️ Радиовышка B2: клетка (3,6,2) занята
✓    💥 Прыгун B3 тараном уничтожил Бурав C6 в (3,4,1)
   Прыгун B3: (2, 2, 1) → (3,4,1)
   Бурав B6: (3, 7, 1) → (3,6,1)
!    ⚠️ Радиовышка C2: клетка (2,7,2) занята

🎯 ВЫСТРЕЛЫ:
!    🛡️ Выстрел Факел B4 заблокирован союзником Бурав B6 в (3, 6, 1)
✓    ✅ Факел A4 поразил Радиовышка C2 (1 урона)!
✓    ✅ Факел C4 поразил Бурав A6 (1 урона)!
   Выпущено ракет: 4
# 
📊 РЕЗУЛЬТАТЫ ХОДА 3:
✓ 💥 ПОПАДАНИЯ:
✓    Факел A4 (Team A) → Радиовышка C2 (Team C)
✓    Факел C4 (Team C) → Бурав A6 (Team A)

--- Результаты хода ---
  Team B / Прыгун B3          → Team C / Бурав C6           @ (3,4,1)  (УБИТ)
  Team A / Факел A4           → Team C / Радиовышка C2      @ (3,6,2)  (ранен)
  Team C / Факел C4           → Team A / Бурав A6           @ (6,6,6)  (ранен)

--- Состояние команд после хода ---
  Team A: живых 8/8
    ✓ Артиллерия A1      @ (4,6,7) hp=1/1
    ✓ Радиовышка A2      @ (2,7,4) hp=3/3
    ✓ Прыгун A3          @ (7,5,5) hp=2/2
    ✓ Факел A4           @ (3,6,7) hp=6/6
    ✓ Тишина A5          @ (6,5,6) hp=2/2
    ✓ Бурав A6           @ (6,6,6) hp=3/4
    ✓ Провокатор A7      @ (8,6,7) hp=2/2
    ✓ Паук A8            @ (1,7,6) hp=1/1
  Team B: живых 5/8
    ✓ Радиовышка B2      @ (2,7,2) hp=3/3
    ✓ Прыгун B3          @ (3,4,1) hp=2/2
    ✓ Факел B4           @ (3,9,1) hp=6/6
    ✓ Бурав B6           @ (3,6,1) hp=4/4
    ✓ Паук B8            @ (3,3,1) hp=1/1
    ✗ Артиллерия B1      @ (3,7,1) [уничтожен]
    ✗ Тишина B5          @ (3,5,1) [уничтожен]
    ✗ Провокатор B7      @ (3,4,1) [уничтожен]
  Team C: живых 4/8
    ✓ Радиовышка C2      @ (3,6,2) hp=2/3
    ✓ Факел C4           @ (6,6,2) hp=6/6
    ✓ Тишина C5          @ (2,6,2) hp=2/2
    ✓ Паук C8            @ (6,5,3) hp=1/1
    ✗ Артиллерия C1      @ (0,5,3) [уничтожен]
    ✗ Прыгун C3          @ (3,7,1) [уничтожен]
    ✗ Бурав C6           @ (3,4,1) [уничтожен]
    ✗ Провокатор C7      @ (8,5,3) [уничтожен]

======================================================================
ХОД 4
======================================================================
✓ 🎮 GM: начинаем ход
GM: start_turn

--- Радиовышки: сканирование слоя Z ---
  Радиовышка A2 (z=4): слой чист
  Радиовышка B2 (z=2): видит 3 врагов  → Тишина C5(2,6,2), Радиовышка C2(3,6,2), Факел C4(6,6,2)
  Радиовышка C2 (z=2): видит 1 врагов  → Радиовышка B2(2,7,2)

--- Решения ботов ---
  [Team A] Артиллерия A1 (4,6,7) → SHOOT at (3,4,1)
  [Team A] Радиовышка A2 (2,7,4) → MOVE (2,7,3)
  [Team A] Прыгун A3 (7,5,5) → MOVE (6,5,3)
  [Team A] Факел A4 (3,6,7) → SHOOT at (3,6,2)
  [Team A] Тишина A5 (6,5,6) → MOVE (6,5,5)
  [Team A] Бурав A6 (6,6,6) → MOVE (6,6,5)
  [Team A] Провокатор A7 (8,6,7) → HOLOGRAM (7,5,6)
  [Team A] Паук A8 (1,7,6) → MINE (2,7,5)
  [Team B] Радиовышка B2 (2,7,2) → MOVE (3,6,2)
  [Team B] Прыгун B3 (3,4,1) → MOVE (2,6,2)
  [Team B] Факел B4 (3,9,1) → MOVE (3,8,1)
  [Team B] Паук B8 (3,3,1) → MINE (3,4,2)
  [Team B] Бурав B6 → SKIP
  [Team C] Радиовышка C2 (3,6,2) → MOVE (2,7,2)
  [Team C] Факел C4 (6,6,2) → SHOOT at (6,6,6)
  [Team C] Паук C8 (6,5,3) → MINE (6,5,4)
  [Team C] Тишина C5 → SKIP
! 🎮 GM: принудительно завершает фазу планирования
GM: end_planning
# 
============================================================
# 🔄 ОБРАБОТКА ХОДА 4
# ============================================================
!    ⚠️ Провокатор A7: клетка (7,5,6) уже занята голограммой
!    ⚠️ Паук A8: в клетке уже стоит мина
   💣 Паук B8 установил мину M6 в (3,4,2)
   💣 Паук C8 установил мину M7 в (6,5,4)

📦 ПЕРЕМЕЩЕНИЯ:
   Радиовышка A2: (2, 7, 4) → (2,7,3)
✓    💥 Прыгун A3 тараном уничтожил Паук C8 в (6,5,3)
   Прыгун A3: (7, 5, 5) → (6,5,3)
   Тишина A5: (6, 5, 6) → (6,5,5)
   Бурав A6: (6, 6, 6) → (6,6,5)
!    ⚠️ Радиовышка B2: клетка (3,6,2) занята
✓    💥 Прыгун B3 тараном уничтожил Тишина C5 в (2,6,2)
   Прыгун B3: (3, 4, 1) → (2,6,2)
   Факел B4: (3, 9, 1) → (3,8,1)
!    ⚠️ Радиовышка C2: клетка (2,7,2) занята

🎯 ВЫСТРЕЛЫ:
✓    ✅ Факел A4 поразил Радиовышка C2 (1 урона)!
✓    ✅ Факел C4 поразил Бурав A6 (1 урона)!
   Выпущено ракет: 3
# 
📊 РЕЗУЛЬТАТЫ ХОДА 4:
✓ 💥 ПОПАДАНИЯ:
✓    Факел A4 (Team A) → Радиовышка C2 (Team C)
✓    Факел C4 (Team C) → Бурав A6 (Team A)

--- Результаты хода ---
  Team A / Прыгун A3          → Team C / Паук C8            @ (6,5,3)  (УБИТ)
  Team B / Прыгун B3          → Team C / Тишина C5          @ (2,6,2)  (УБИТ)
  Team A / Факел A4           → Team C / Радиовышка C2      @ (3,6,2)  (ранен)
  Team C / Факел C4           → Team A / Бурав A6           @ (6,6,5)  (ранен)

--- Состояние команд после хода ---
  Team A: живых 8/8
    ✓ Артиллерия A1      @ (4,6,7) hp=1/1
    ✓ Радиовышка A2      @ (2,7,3) hp=3/3
    ✓ Прыгун A3          @ (6,5,3) hp=2/2
    ✓ Факел A4           @ (3,6,7) hp=6/6
    ✓ Тишина A5          @ (6,5,5) hp=2/2
    ✓ Бурав A6           @ (6,6,5) hp=2/4
    ✓ Провокатор A7      @ (8,6,7) hp=2/2
    ✓ Паук A8            @ (1,7,6) hp=1/1
  Team B: живых 5/8
    ✓ Радиовышка B2      @ (2,7,2) hp=3/3
    ✓ Прыгун B3          @ (2,6,2) hp=2/2
    ✓ Факел B4           @ (3,8,1) hp=6/6
    ✓ Бурав B6           @ (3,6,1) hp=4/4
    ✓ Паук B8            @ (3,3,1) hp=1/1
    ✗ Артиллерия B1      @ (3,7,1) [уничтожен]
    ✗ Тишина B5          @ (3,5,1) [уничтожен]
    ✗ Провокатор B7      @ (3,4,1) [уничтожен]
  Team C: живых 2/8
    ✓ Радиовышка C2      @ (3,6,2) hp=1/3
    ✓ Факел C4           @ (6,6,2) hp=6/6
    ✗ Артиллерия C1      @ (0,5,3) [уничтожен]
    ✗ Прыгун C3          @ (3,7,1) [уничтожен]
    ✗ Тишина C5          @ (2,6,2) [уничтожен]
    ✗ Бурав C6           @ (3,4,1) [уничтожен]
    ✗ Провокатор C7      @ (8,5,3) [уничтожен]
    ✗ Паук C8            @ (6,5,3) [уничтожен]

======================================================================
ХОД 5
======================================================================
✓ 🎮 GM: начинаем ход
GM: start_turn

--- Радиовышки: сканирование слоя Z ---
  Радиовышка A2 (z=3): слой чист
  Радиовышка B2 (z=2): видит 2 врагов  → Радиовышка C2(3,6,2), Факел C4(6,6,2)
  Радиовышка C2 (z=2): видит 2 врагов  → Прыгун B3(2,6,2), Радиовышка B2(2,7,2)

--- Решения ботов ---
  [Team A] Артиллерия A1 (4,6,7) → SHOOT at (2,6,2)
  [Team A] Радиовышка A2 (2,7,3) → MOVE (2,7,2)
  [Team A] Прыгун A3 (6,5,3) → MOVE (6,6,2)
  [Team A] Факел A4 (3,6,7) → SHOOT at (3,6,2)
  [Team A] Тишина A5 (6,5,5) → PHASE toggle
  [Team A] Бурав A6 (6,6,5) → MOVE (3,6,2)
  [Team A] Провокатор A7 (8,6,7) → HOLOGRAM (7,6,6)
  [Team A] Паук A8 (1,7,6) → MINE (2,7,5)
  [Team B] Радиовышка B2 (2,7,2) → MOVE (2,7,3)
  [Team B] Прыгун B3 (2,6,2) → MOVE (3,6,2)
  [Team B] Факел B4 (3,8,1) → MOVE (2,7,1)
  [Team B] Паук B8 (3,3,1) → MINE (4,4,2)
  [Team B] Бурав B6 → SKIP
  [Team C] Радиовышка C2 (3,6,2) → MOVE (2,7,3)
  [Team C] Факел C4 (6,6,2) → SHOOT at (6,6,5)
! 🎮 GM: принудительно завершает фазу планирования
GM: end_planning
# 
============================================================
# 🔄 ОБРАБОТКА ХОДА 5
# ============================================================
   🌀 Тишина A5: уходит в фазу на 1 ход
   🪞 Провокатор A7 создал голограмму H6 в (7,6,6)
!    ⚠️ Паук A8: в клетке уже стоит мина
   💣 Паук B8 установил мину M8 в (4,4,2)

📦 ПЕРЕМЕЩЕНИЯ:
!    ⚠️ Радиовышка A2: клетка (2,7,2) занята
✓    💥 Прыгун A3 тараном уничтожил Факел C4 в (6,6,2)
   Прыгун A3: (6, 5, 3) → (6,6,2)
✓    💥 Бурав A6 тараном уничтожил Радиовышка C2 в (3,6,2)
   Бурав A6: (6, 6, 5) → (3,6,2)
!    ⚠️ Радиовышка B2: клетка (2,7,3) занята
✓    💥 Прыгун B3 тараном уничтожил Бурав A6 в (3,6,2)
   Прыгун B3: (2, 6, 2) → (3,6,2)
   Факел B4: (3, 8, 1) → (2,7,1)

🎯 ВЫСТРЕЛЫ:
✓    ✅ Факел A4 поразил Прыгун B3 (1 урона)!
   Выпущено ракет: 2
# 
📊 РЕЗУЛЬТАТЫ ХОДА 5:
✓ 💥 ПОПАДАНИЯ:
✓    Факел A4 (Team A) → Прыгун B3 (Team B)

--- Результаты хода ---
  Team A / Прыгун A3          → Team C / Факел C4           @ (6,6,2)  (УБИТ)
  Team A / Бурав A6           → Team C / Радиовышка C2      @ (3,6,2)  (УБИТ)
  Team B / Прыгун B3          → Team A / Бурав A6           @ (3,6,2)  (УБИТ)
  Team A / Факел A4           → Team B / Прыгун B3          @ (3,6,2)  (ранен)

--- Состояние команд после хода ---
  Team A: живых 7/8
    ✓ Артиллерия A1      @ (4,6,7) hp=1/1
    ✓ Радиовышка A2      @ (2,7,3) hp=3/3
    ✓ Прыгун A3          @ (6,6,2) hp=2/2
    ✓ Факел A4           @ (3,6,7) hp=6/6
    ✓ Тишина A5          @ (6,5,5) hp=2/2
    ✓ Провокатор A7      @ (8,6,7) hp=2/2
    ✓ Паук A8            @ (1,7,6) hp=1/1
    ✗ Бурав A6           @ (3,6,2) [уничтожен]
  Team B: живых 5/8
    ✓ Радиовышка B2      @ (2,7,2) hp=3/3
    ✓ Прыгун B3          @ (3,6,2) hp=1/2
    ✓ Факел B4           @ (2,7,1) hp=6/6
    ✓ Бурав B6           @ (3,6,1) hp=4/4
    ✓ Паук B8            @ (3,3,1) hp=1/1
    ✗ Артиллерия B1      @ (3,7,1) [уничтожен]
    ✗ Тишина B5          @ (3,5,1) [уничтожен]
    ✗ Провокатор B7      @ (3,4,1) [уничтожен]
  Team C: живых 0/8
    ✗ Артиллерия C1      @ (0,5,3) [уничтожен]
    ✗ Радиовышка C2      @ (3,6,2) [уничтожен]
    ✗ Прыгун C3          @ (3,7,1) [уничтожен]
    ✗ Факел C4           @ (6,6,2) [уничтожен]
    ✗ Тишина C5          @ (2,6,2) [уничтожен]
    ✗ Бурав C6           @ (3,4,1) [уничтожен]
    ✗ Провокатор C7      @ (8,5,3) [уничтожен]
    ✗ Паук C8            @ (6,5,3) [уничтожен]

======================================================================
ХОД 6
======================================================================
✓ 🎮 GM: начинаем ход
GM: start_turn

--- Радиовышки: сканирование слоя Z ---
  Радиовышка A2 (z=3): слой чист
  Радиовышка B2 (z=2): видит 1 врагов  → Прыгун A3(6,6,2)

--- Решения ботов ---
  [Team A] Артиллерия A1 (4,6,7) → SHOOT at (3,6,2)
  [Team A] Радиовышка A2 (2,7,3) → MOVE (2,7,2)
  [Team A] Прыгун A3 (6,6,2) → SHOOT at (3,6,2)
  [Team A] Факел A4 (3,6,7) → SHOOT at (3,6,2)
  [Team A] Тишина A5 (6,5,5) → MOVE (5,6,4)
  [Team A] Провокатор A7 (8,6,7) → HOLOGRAM (7,6,6)
  [Team A] Паук A8 (1,7,6) → MINE (2,7,5)
  [Team B] Радиовышка B2 (2,7,2) → MOVE (2,7,3)
  [Team B] Прыгун B3 (3,6,2) → SHOOT at (6,6,2)
  [Team B] Факел B4 (2,7,1) → HEAL (AoE)
  [Team B] Бурав B6 (3,6,1) → MOVE (3,7,2)
  [Team B] Паук B8 (3,3,1) → MINE (4,4,2)
  [Team C] все корабли пропускают ход
! 🎮 GM: принудительно завершает фазу планирования
GM: end_planning
# 
============================================================
# 🔄 ОБРАБОТКА ХОДА 6
# ============================================================
   🌀 Тишина A5: фаза спала (действовала 1 ход)
!    ⚠️ Провокатор A7: клетка (7,6,6) уже занята голограммой
!    ⚠️ Паук A8: в клетке уже стоит мина
!    ⚠️ Паук B8: в клетке уже стоит мина

📦 ПЕРЕМЕЩЕНИЯ:
!    ⚠️ Радиовышка A2: клетка (2,7,2) занята
   Тишина A5: (6, 5, 5) → (5,6,4)
!    ⚠️ Радиовышка B2: клетка (2,7,3) занята
   Бурав B6: (3, 6, 1) → (3,7,2)

🎯 ВЫСТРЕЛЫ:
✓    ✅ Артиллерия A1 поразил Прыгун B3 (2 урона)!
   💀 Прыгун A3 добивает Прыгун B3
✓    ✅ Прыгун A3 поразил Прыгун B3 (1 урона)!
   💀 Факел A4 добивает Прыгун B3
✓    ✅ Факел A4 поразил Прыгун B3 (1 урона)!
✓    ✅ Прыгун B3 поразил Прыгун A3 (1 урона)!
!    ⚠️ Факел B4: некого лечить
   Выпущено ракет: 4
# 
📊 РЕЗУЛЬТАТЫ ХОДА 6:
✓ 💥 ПОПАДАНИЯ:
✓    Артиллерия A1 (Team A) → Прыгун B3 (Team B)
✓    Прыгун A3 (Team A) → Прыгун B3 (Team B)
✓    Факел A4 (Team A) → Прыгун B3 (Team B)
✓    Прыгун B3 (Team B) → Прыгун A3 (Team A)

--- Результаты хода ---
  Team A / Артиллерия A1      → Team B / Прыгун B3          @ (3,6,2)  (УБИТ)
  Team A / Прыгун A3          → Team B / Прыгун B3          @ (3,6,2)  (ранен)
  Team A / Факел A4           → Team B / Прыгун B3          @ (3,6,2)  (ранен)
  Team B / Прыгун B3          → Team A / Прыгун A3          @ (6,6,2)  (ранен)

--- Состояние команд после хода ---
  Team A: живых 7/8
    ✓ Артиллерия A1      @ (4,6,7) hp=1/1
    ✓ Радиовышка A2      @ (2,7,3) hp=3/3
    ✓ Прыгун A3          @ (6,6,2) hp=1/2
    ✓ Факел A4           @ (3,6,7) hp=6/6
    ✓ Тишина A5          @ (5,6,4) hp=2/2
    ✓ Провокатор A7      @ (8,6,7) hp=2/2
    ✓ Паук A8            @ (1,7,6) hp=1/1
    ✗ Бурав A6           @ (3,6,2) [уничтожен]
  Team B: живых 4/8
    ✓ Радиовышка B2      @ (2,7,2) hp=3/3
    ✓ Факел B4           @ (2,7,1) hp=6/6
    ✓ Бурав B6           @ (3,7,2) hp=4/4
    ✓ Паук B8            @ (3,3,1) hp=1/1
    ✗ Артиллерия B1      @ (3,7,1) [уничтожен]
    ✗ Прыгун B3          @ (3,6,2) [уничтожен]
    ✗ Тишина B5          @ (3,5,1) [уничтожен]
    ✗ Провокатор B7      @ (3,4,1) [уничтожен]
  Team C: живых 0/8
    ✗ Артиллерия C1      @ (0,5,3) [уничтожен]
    ✗ Радиовышка C2      @ (3,6,2) [уничтожен]
    ✗ Прыгун C3          @ (3,7,1) [уничтожен]
    ✗ Факел C4           @ (6,6,2) [уничтожен]
    ✗ Тишина C5          @ (2,6,2) [уничтожен]
    ✗ Бурав C6           @ (3,4,1) [уничтожен]
    ✗ Провокатор C7      @ (8,5,3) [уничтожен]
    ✗ Паук C8            @ (6,5,3) [уничтожен]

======================================================================
ХОД 7
======================================================================
✓ 🎮 GM: начинаем ход
GM: start_turn

--- Радиовышки: сканирование слоя Z ---
  Радиовышка A2 (z=3): слой чист
  Радиовышка B2 (z=2): видит 1 врагов  → Прыгун A3(6,6,2)

--- Решения ботов ---
  [Team A] Артиллерия A1 (4,6,7) → SHOOT at (3,3,1)
  [Team A] Радиовышка A2 (2,7,3) → MOVE (2,7,2)
  [Team A] Прыгун A3 (6,6,2) → MOVE (5,7,2)
  [Team A] Факел A4 (3,6,7) → MOVE (4,6,6)
  [Team A] Тишина A5 (5,6,4) → MOVE (4,7,3)
  [Team A] Провокатор A7 (8,6,7) → HOLOGRAM (7,7,6)
  [Team A] Паук A8 (1,7,6) → MINE (2,7,5)
  [Team B] Радиовышка B2 (2,7,2) → MOVE (2,7,3)
  [Team B] Факел B4 (2,7,1) → SHOOT at (2,7,3)
  [Team B] Бурав B6 (3,7,2) → MOVE (3,7,3)
  [Team B] Паук B8 (3,3,1) → MINE (4,4,2)
  [Team C] все корабли пропускают ход
! 🎮 GM: принудительно завершает фазу планирования
GM: end_planning
# 
============================================================
# 🔄 ОБРАБОТКА ХОДА 7
# ============================================================
   🪞 Провокатор A7 создал голограмму H7 в (7,7,6)
!    ⚠️ Паук A8: в клетке уже стоит мина
!    ⚠️ Паук B8: в клетке уже стоит мина

📦 ПЕРЕМЕЩЕНИЯ:
!    ⚠️ Радиовышка A2: клетка (2,7,2) занята
   Прыгун A3: (6, 6, 2) → (5,7,2)
   Факел A4: (3, 6, 7) → (4,6,6)
   Тишина A5: (5, 6, 4) → (4,7,3)
!    ⚠️ Радиовышка B2: клетка (2,7,3) занята
   Бурав B6: (3, 7, 2) → (3,7,3)

🎯 ВЫСТРЕЛЫ:
!    🛡️ Выстрел Факел B4 заблокирован союзником Радиовышка B2 в (2, 7, 2)
✓    ✅ Артиллерия A1 поразил Паук B8 (2 урона)!
   Выпущено ракет: 2
# 
📊 РЕЗУЛЬТАТЫ ХОДА 7:
✓ 💥 ПОПАДАНИЯ:
✓    Артиллерия A1 (Team A) → Паук B8 (Team B)

--- Результаты хода ---
  Team A / Артиллерия A1      → Team B / Паук B8            @ (3,3,1)  (УБИТ)

--- Состояние команд после хода ---
  Team A: живых 7/8
    ✓ Артиллерия A1      @ (4,6,7) hp=1/1
    ✓ Радиовышка A2      @ (2,7,3) hp=3/3
    ✓ Прыгун A3          @ (5,7,2) hp=1/2
    ✓ Факел A4           @ (4,6,6) hp=6/6
    ✓ Тишина A5          @ (4,7,3) hp=2/2
    ✓ Провокатор A7      @ (8,6,7) hp=2/2
    ✓ Паук A8            @ (1,7,6) hp=1/1
    ✗ Бурав A6           @ (3,6,2) [уничтожен]
  Team B: живых 3/8
    ✓ Радиовышка B2      @ (2,7,2) hp=3/3
    ✓ Факел B4           @ (2,7,1) hp=6/6
    ✓ Бурав B6           @ (3,7,3) hp=4/4
    ✗ Артиллерия B1      @ (3,7,1) [уничтожен]
    ✗ Прыгун B3          @ (3,6,2) [уничтожен]
    ✗ Тишина B5          @ (3,5,1) [уничтожен]
    ✗ Провокатор B7      @ (3,4,1) [уничтожен]
    ✗ Паук B8            @ (3,3,1) [уничтожен]
  Team C: живых 0/8
    ✗ Артиллерия C1      @ (0,5,3) [уничтожен]
    ✗ Радиовышка C2      @ (3,6,2) [уничтожен]
    ✗ Прыгун C3          @ (3,7,1) [уничтожен]
    ✗ Факел C4           @ (6,6,2) [уничтожен]
    ✗ Тишина C5          @ (2,6,2) [уничтожен]
    ✗ Бурав C6           @ (3,4,1) [уничтожен]
    ✗ Провокатор C7      @ (8,5,3) [уничтожен]
    ✗ Паук C8            @ (6,5,3) [уничтожен]

======================================================================
ХОД 8
======================================================================
✓ 🎮 GM: начинаем ход
GM: start_turn

--- Радиовышки: сканирование слоя Z ---
  Радиовышка A2 (z=3): видит 1 врагов  → Бурав B6(3,7,3)
  Радиовышка B2 (z=2): видит 1 врагов  → Прыгун A3(5,7,2)

--- Решения ботов ---
  [Team A] Артиллерия A1 (4,6,7) → SHOOT at (2,7,1)
  [Team A] Радиовышка A2 (2,7,3) → MOVE (2,7,2)
  [Team A] Прыгун A3 (5,7,2) → MOVE (3,7,3)
  [Team A] Факел A4 (4,6,6) → MOVE (5,7,5)
  [Team A] Провокатор A7 (8,6,7) → HOLOGRAM (7,7,6)
  [Team A] Паук A8 (1,7,6) → MINE (2,7,5)
  [Team A] Тишина A5 → SKIP
  [Team B] Радиовышка B2 (2,7,2) → MOVE (2,7,3)
  [Team B] Факел B4 (2,7,1) → SHOOT at (2,7,3)
  [Team B] Бурав B6 (3,7,3) → MOVE (4,7,3)
  [Team C] все корабли пропускают ход
! 🎮 GM: принудительно завершает фазу планирования
GM: end_planning
# 
============================================================
# 🔄 ОБРАБОТКА ХОДА 8
# ============================================================
!    ⚠️ Провокатор A7: клетка (7,7,6) уже занята голограммой
!    ⚠️ Паук A8: в клетке уже стоит мина

📦 ПЕРЕМЕЩЕНИЯ:
!    ⚠️ Радиовышка A2: клетка (2,7,2) занята
✓    💥 Прыгун A3 тараном уничтожил Бурав B6 в (3,7,3)
   Прыгун A3: (5, 7, 2) → (3,7,3)
   Факел A4: (4, 6, 6) → (5,7,5)
!    ⚠️ Радиовышка B2: клетка (2,7,3) занята

🎯 ВЫСТРЕЛЫ:
!    🛡️ Выстрел Факел B4 заблокирован союзником Радиовышка B2 в (2, 7, 2)
✓    ✅ Артиллерия A1 поразил Факел B4 (2 урона)!
   Выпущено ракет: 2
# 
📊 РЕЗУЛЬТАТЫ ХОДА 8:
✓ 💥 ПОПАДАНИЯ:
✓    Артиллерия A1 (Team A) → Факел B4 (Team B)

--- Результаты хода ---
  Team A / Прыгун A3          → Team B / Бурав B6           @ (3,7,3)  (УБИТ)
  Team A / Артиллерия A1      → Team B / Факел B4           @ (2,7,1)  (ранен)

--- Состояние команд после хода ---
  Team A: живых 7/8
    ✓ Артиллерия A1      @ (4,6,7) hp=1/1
    ✓ Радиовышка A2      @ (2,7,3) hp=3/3
    ✓ Прыгун A3          @ (3,7,3) hp=1/2
    ✓ Факел A4           @ (5,7,5) hp=6/6
    ✓ Тишина A5          @ (4,7,3) hp=2/2
    ✓ Провокатор A7      @ (8,6,7) hp=2/2
    ✓ Паук A8            @ (1,7,6) hp=1/1
    ✗ Бурав A6           @ (3,6,2) [уничтожен]
  Team B: живых 2/8
    ✓ Радиовышка B2      @ (2,7,2) hp=3/3
    ✓ Факел B4           @ (2,7,1) hp=4/6
    ✗ Артиллерия B1      @ (3,7,1) [уничтожен]
    ✗ Прыгун B3          @ (3,6,2) [уничтожен]
    ✗ Тишина B5          @ (3,5,1) [уничтожен]
    ✗ Бурав B6           @ (3,7,3) [уничтожен]
    ✗ Провокатор B7      @ (3,4,1) [уничтожен]
    ✗ Паук B8            @ (3,3,1) [уничтожен]
  Team C: живых 0/8
    ✗ Артиллерия C1      @ (0,5,3) [уничтожен]
    ✗ Радиовышка C2      @ (3,6,2) [уничтожен]
    ✗ Прыгун C3          @ (3,7,1) [уничтожен]
    ✗ Факел C4           @ (6,6,2) [уничтожен]
    ✗ Тишина C5          @ (2,6,2) [уничтожен]
    ✗ Бурав C6           @ (3,4,1) [уничтожен]
    ✗ Провокатор C7      @ (8,5,3) [уничтожен]
    ✗ Паук C8            @ (6,5,3) [уничтожен]

======================================================================
ХОД 9
======================================================================
✓ 🎮 GM: начинаем ход
GM: start_turn

--- Радиовышки: сканирование слоя Z ---
  Радиовышка A2 (z=3): слой чист
  Радиовышка B2 (z=2): слой чист

--- Решения ботов ---
  [Team A] Артиллерия A1 (4,6,7) → SHOOT at (2,7,1)
  [Team A] Радиовышка A2 (2,7,3) → MOVE (2,7,2)
  [Team A] Прыгун A3 (3,7,3) → MOVE (2,7,1)
  [Team A] Факел A4 (5,7,5) → HEAL (AoE)
  [Team A] Тишина A5 (4,7,3) → PHASE toggle
  [Team A] Провокатор A7 (8,6,7) → MOVE (7,7,6)
  [Team A] Паук A8 (1,7,6) → MINE (2,7,5)
  [Team B] Радиовышка B2 (2,7,2) → MOVE (2,7,3)
  [Team B] Факел B4 (2,7,1) → HEAL (AoE)
  [Team C] все корабли пропускают ход
! 🎮 GM: принудительно завершает фазу планирования
GM: end_planning
# 
============================================================
# 🔄 ОБРАБОТКА ХОДА 9
# ============================================================
   🌀 Тишина A5: уходит в фазу на 1 ход
!    ⚠️ Паук A8: в клетке уже стоит мина

📦 ПЕРЕМЕЩЕНИЯ:
!    ⚠️ Радиовышка A2: клетка (2,7,2) занята
✓    💥 Прыгун A3 тараном уничтожил Факел B4 в (2,7,1)
   Прыгун A3: (3, 7, 3) → (2,7,1)
!    ⚠️ Провокатор A7: клетка (7,7,6) занята
!    ⚠️ Радиовышка B2: клетка (2,7,3) занята

🎯 ВЫСТРЕЛЫ:
!    ⚠️ Факел A4: некого лечить
   Выпущено ракет: 1
# 
📊 РЕЗУЛЬТАТЫ ХОДА 9:
🎯 Попаданий нет

--- Результаты хода ---
  Team A / Прыгун A3          → Team B / Факел B4           @ (2,7,1)  (УБИТ)

--- Состояние команд после хода ---
  Team A: живых 7/8
    ✓ Артиллерия A1      @ (4,6,7) hp=1/1
    ✓ Радиовышка A2      @ (2,7,3) hp=3/3
    ✓ Прыгун A3          @ (2,7,1) hp=1/2
    ✓ Факел A4           @ (5,7,5) hp=6/6
    ✓ Тишина A5          @ (4,7,3) hp=2/2
    ✓ Провокатор A7      @ (8,6,7) hp=2/2
    ✓ Паук A8            @ (1,7,6) hp=1/1
    ✗ Бурав A6           @ (3,6,2) [уничтожен]
  Team B: живых 1/8
    ✓ Радиовышка B2      @ (2,7,2) hp=3/3
    ✗ Артиллерия B1      @ (3,7,1) [уничтожен]
    ✗ Прыгун B3          @ (3,6,2) [уничтожен]
    ✗ Факел B4           @ (2,7,1) [уничтожен]
    ✗ Тишина B5          @ (3,5,1) [уничтожен]
    ✗ Бурав B6           @ (3,7,3) [уничтожен]
    ✗ Провокатор B7      @ (3,4,1) [уничтожен]
    ✗ Паук B8            @ (3,3,1) [уничтожен]
  Team C: живых 0/8
    ✗ Артиллерия C1      @ (0,5,3) [уничтожен]
    ✗ Радиовышка C2      @ (3,6,2) [уничтожен]
    ✗ Прыгун C3          @ (3,7,1) [уничтожен]
    ✗ Факел C4           @ (6,6,2) [уничтожен]
    ✗ Тишина C5          @ (2,6,2) [уничтожен]
    ✗ Бурав C6           @ (3,4,1) [уничтожен]
    ✗ Провокатор C7      @ (8,5,3) [уничтожен]
    ✗ Паук C8            @ (6,5,3) [уничтожен]

======================================================================
ХОД 10
======================================================================
✓ 🎮 GM: начинаем ход
GM: start_turn

--- Радиовышки: сканирование слоя Z ---
  Радиовышка A2 (z=3): слой чист
  Радиовышка B2 (z=2): слой чист

--- Решения ботов ---
  [Team A] Артиллерия A1 (4,6,7) → SHOOT at (2,7,2)
  [Team A] Радиовышка A2 (2,7,3) → MOVE (2,7,2)
  [Team A] Прыгун A3 (2,7,1) → SHOOT at (2,7,2)
  [Team A] Факел A4 (5,7,5) → MOVE (4,7,4)
  [Team A] Тишина A5 (4,7,3) → MOVE (3,7,2)
  [Team A] Провокатор A7 (8,6,7) → MOVE (7,7,6)
  [Team A] Паук A8 (1,7,6) → MINE (2,7,5)
  [Team B] Радиовышка B2 (2,7,2) → MOVE (2,7,3)
  [Team C] все корабли пропускают ход
! 🎮 GM: принудительно завершает фазу планирования
GM: end_planning
# 
============================================================
# 🔄 ОБРАБОТКА ХОДА 10
# ============================================================
   🌀 Тишина A5: фаза спала (действовала 1 ход)
!    ⚠️ Паук A8: в клетке уже стоит мина

📦 ПЕРЕМЕЩЕНИЯ:
!    ⚠️ Радиовышка A2: клетка (2,7,2) занята
   Факел A4: (5, 7, 5) → (4,7,4)
   Тишина A5: (4, 7, 3) → (3,7,2)
!    ⚠️ Провокатор A7: клетка (7,7,6) занята
!    ⚠️ Радиовышка B2: клетка (2,7,3) занята

🎯 ВЫСТРЕЛЫ:
✓    ✅ Артиллерия A1 поразил Радиовышка B2 (2 урона)!
✓    ✅ Прыгун A3 поразил Радиовышка B2 (1 урона)!
   Выпущено ракет: 2
# 
📊 РЕЗУЛЬТАТЫ ХОДА 10:
✓ 💥 ПОПАДАНИЯ:
✓    Артиллерия A1 (Team A) → Радиовышка B2 (Team B)
✓    Прыгун A3 (Team A) → Радиовышка B2 (Team B)
# 
🎮🎮🎮🎮🎮🎮🎮🎮🎮🎮🎮🎮🎮🎮🎮🎮🎮🎮🎮🎮
#         ИГРА ОКОНЧЕНА!
# 🎮🎮🎮🎮🎮🎮🎮🎮🎮🎮🎮🎮🎮🎮🎮🎮🎮🎮🎮🎮
✓         🏆 ПОБЕДИТЕЛЬ: Team A

--- Результаты хода ---
  Team A / Артиллерия A1      → Team B / Радиовышка B2      @ (2,7,2)  (ранен)
  Team A / Прыгун A3          → Team B / Радиовышка B2      @ (2,7,2)  (УБИТ)

--- Состояние команд после хода ---
  Team A: живых 7/8
    ✓ Артиллерия A1      @ (4,6,7) hp=1/1
    ✓ Радиовышка A2      @ (2,7,3) hp=3/3
    ✓ Прыгун A3          @ (2,7,1) hp=1/2
    ✓ Факел A4           @ (4,7,4) hp=6/6
    ✓ Тишина A5          @ (3,7,2) hp=2/2
    ✓ Провокатор A7      @ (8,6,7) hp=2/2
    ✓ Паук A8            @ (1,7,6) hp=1/1
    ✗ Бурав A6           @ (3,6,2) [уничтожен]
  Team B: живых 0/8
    ✗ Артиллерия B1      @ (3,7,1) [уничтожен]
    ✗ Радиовышка B2      @ (2,7,2) [уничтожен]
    ✗ Прыгун B3          @ (3,6,2) [уничтожен]
    ✗ Факел B4           @ (2,7,1) [уничтожен]
    ✗ Тишина B5          @ (3,5,1) [уничтожен]
    ✗ Бурав B6           @ (3,7,3) [уничтожен]
    ✗ Провокатор B7      @ (3,4,1) [уничтожен]
    ✗ Паук B8            @ (3,3,1) [уничтожен]
  Team C: живых 0/8
    ✗ Артиллерия C1      @ (0,5,3) [уничтожен]
    ✗ Радиовышка C2      @ (3,6,2) [уничтожен]
    ✗ Прыгун C3          @ (3,7,1) [уничтожен]
    ✗ Факел C4           @ (6,6,2) [уничтожен]
    ✗ Тишина C5          @ (2,6,2) [уничтожен]
    ✗ Бурав C6           @ (3,4,1) [уничтожен]
    ✗ Провокатор C7      @ (8,5,3) [уничтожен]
    ✗ Паук C8            @ (6,5,3) [уничтожен]

======================================================================
ИТОГ
======================================================================
Игра окончена. Победитель: Team A
Ходов сыграно: 10

--- Сводка по командам ---
  Team A: 7/8 живых; hp=16
  Team B: 0/8 живых; hp=0
  Team C: 0/8 живых; hp=0

--- Сводка по пассивкам радиовышек ---
  Team A: сканирований=10, всего врагов-в-слоях=1, уникальных эксклюзивных (видны только радиовышкой)=0
  Team B: сканирований=10, всего врагов-в-слоях=12, уникальных эксклюзивных (видны только радиовышкой)=0
  Team C: сканирований=5, всего врагов-в-слоях=6, уникальных эксклюзивных (видны только радиовышкой)=0

--- Сводка по попаданиям ---
  Всего событий (шоты+тараны+мины): 27
  Уничтожено кораблей всего: 17
  Team A: урон=38 хиты=12 тараны=5 мины(сработало)=0 убийств=10
  Team B: урон=13 хиты=1 тараны=4 мины(сработало)=0 убийств=4
  Team C: урон=7 хиты=2 тараны=3 мины(сработало)=0 убийств=3
! 🎮 GM: остановка игры
