======================================================================
Space Battle 10×10×10 — simulation run at 2026-04-20T13:39:21+00:00
Game mode: advanced
Seed: 135
✓ 🚀 Продвинутый режим: создаю разные типы кораблей
   Команда A: спавн вдоль оси Z от (5, 9, 4) до (5, 9, 1)
   Команда B: спавн вдоль оси X от (5, 9, 2) до (1, 9, 2)
   Команда C: спавн вдоль оси Y от (0, 4, 3) до (0, 3, 3)
✓ ✅ Создано 24 кораблей


--- СТАРТОВАЯ РАССТАНОВКА ---
  Team A: живых 8/8
    ✓ Артиллерия A1      @ (5,9,4) hp=1/1
    ✓ Радиовышка A2      @ (5,9,7) hp=3/3
    ✓ Прыгун A3          @ (5,9,9) hp=2/2
    ✓ Факел A4           @ (5,9,6) hp=6/6
    ✓ Тишина A5          @ (5,9,5) hp=2/2
    ✓ Бурав A6           @ (5,9,0) hp=4/4
    ✓ Провокатор A7      @ (5,9,3) hp=2/2
    ✓ Паук A8            @ (5,9,1) hp=1/1
  Team B: живых 8/8
    ✓ Артиллерия B1      @ (5,9,2) hp=1/1
    ✓ Радиовышка B2      @ (4,9,2) hp=3/3
    ✓ Прыгун B3          @ (9,9,2) hp=2/2
    ✓ Факел B4           @ (2,9,2) hp=6/6
    ✓ Тишина B5          @ (6,9,2) hp=2/2
    ✓ Бурав B6           @ (7,9,2) hp=4/4
    ✓ Провокатор B7      @ (8,9,2) hp=2/2
    ✓ Паук B8            @ (1,9,2) hp=1/1
  Team C: живых 8/8
    ✓ Артиллерия C1      @ (0,4,3) hp=1/1
    ✓ Радиовышка C2      @ (0,0,3) hp=3/3
    ✓ Прыгун C3          @ (0,9,3) hp=2/2
    ✓ Факел C4           @ (0,7,3) hp=6/6
    ✓ Тишина C5          @ (0,8,3) hp=2/2
    ✓ Бурав C6           @ (0,2,3) hp=4/4
    ✓ Провокатор C7      @ (0,6,3) hp=2/2
    ✓ Паук C8            @ (0,3,3) hp=1/1

======================================================================
ХОД 1
======================================================================
✓ 🎮 GM: начинаем ход
GM: start_turn

--- Радиовышки: сканирование слоя Z ---
  Радиовышка A2 (z=7): слой чист
  Радиовышка B2 (z=2): слой чист
  Радиовышка C2 (z=3): видит 1 врагов [+1 эксклюзивно] → Провокатор A7(5,9,3)

--- Решения ботов ---
  [Team A] Артиллерия A1 (5,9,4) → SHOOT at (5,9,2)
  [Team A] Прыгун A3 (5,9,9) → MOVE (5,9,8)
  [Team A] Факел A4 (5,9,6) → SHOOT at (5,9,2)
  [Team A] Тишина A5 (5,9,5) → PHASE toggle
  [Team A] Бурав A6 (5,9,0) → MOVE (5,9,2)
  [Team A] Провокатор A7 (5,9,3) → SHOOT at (5,9,2)
  [Team A] Паук A8 → SKIP
  [Team A] Радиовышка A2 → SKIP
  [Team B] Артиллерия B1 (5,9,2) → SHOOT at (5,9,4)
  [Team B] Радиовышка B2 (4,9,2) → MOVE (5,9,3)
  [Team B] Прыгун B3 (9,9,2) → MOVE (8,9,3)
  [Team B] Факел B4 (2,9,2) → MOVE (3,9,2)
  [Team B] Тишина B5 (6,9,2) → PHASE toggle
  [Team B] Бурав B6 (7,9,2) → MOVE (5,9,4)
  [Team B] Провокатор B7 (8,9,2) → HOLOGRAM (7,9,3)
  [Team B] Паук B8 (1,9,2) → MINE (1,8,2)
  [Team C] Артиллерия C1 (0,4,3) → SHOOT at (5,9,3)
  [Team C] Радиовышка C2 (0,0,3) → MOVE (1,1,3)
  [Team C] Прыгун C3 (0,9,3) → MOVE (2,9,2)
  [Team C] Тишина C5 (0,8,3) → PHASE toggle
  [Team C] Бурав C6 (0,2,3) → MOVE (1,3,3)
  [Team C] Провокатор C7 (0,6,3) → HOLOGRAM (1,7,2)
  [Team C] Паук C8 (0,3,3) → MOVE (1,4,3)
  [Team C] Факел C4 → SKIP
! 🎮 GM: принудительно завершает фазу планирования
GM: end_planning
# 
============================================================
# 🔄 ОБРАБОТКА ХОДА 1
# ============================================================
   🌀 Тишина A5: уходит в фазу на 1 ход
   🌀 Тишина B5: уходит в фазу на 1 ход
   🌀 Тишина C5: уходит в фазу на 1 ход
   🪞 Провокатор B7 создал голограмму H1 в (7,9,3)
   🪞 Провокатор C7 создал голограмму H2 в (1,7,2)
   💣 Паук B8 установил мину M1 в (1,8,2)

📦 ПЕРЕМЕЩЕНИЯ:
   Прыгун A3: (5, 9, 9) → (5,9,8)
✓    💥 Бурав A6 тараном уничтожил Артиллерия B1 в (5,9,2)
   Бурав A6: (5, 9, 0) → (5,9,2)
!    ⚠️ Радиовышка B2: клетка (5,9,3) занята
   Прыгун B3: (9, 9, 2) → (8,9,3)
   Факел B4: (2, 9, 2) → (3,9,2)
✓    💥 Бурав B6 тараном уничтожил Артиллерия A1 в (5,9,4)
   Бурав B6: (7, 9, 2) → (5,9,4)
   Радиовышка C2: (0, 0, 3) → (1,1,3)
   Прыгун C3: (0, 9, 3) → (2,9,2)
   Бурав C6: (0, 2, 3) → (1,3,3)
   Паук C8: (0, 3, 3) → (1,4,3)

🎯 ВЫСТРЕЛЫ:
!    🛡️ Выстрел Провокатор A7 заблокирован союзником Бурав A6 в (5, 9, 2)
✓    ✅ Факел A4 поразил Бурав B6 (1 урона)!
✓    ✅ Артиллерия C1 поразил Провокатор A7 (2 урона)!
   Выпущено ракет: 3
# 
📊 РЕЗУЛЬТАТЫ ХОДА 1:
✓ 💥 ПОПАДАНИЯ:
✓    Факел A4 (Team A) → Бурав B6 (Team B)
✓    Артиллерия C1 (Team C) → Провокатор A7 (Team A)

--- Результаты хода ---
  Team A / Бурав A6           → Team B / Артиллерия B1      @ (5,9,2)  (УБИТ)
  Team B / Бурав B6           → Team A / Артиллерия A1      @ (5,9,4)  (УБИТ)
  Team A / Факел A4           → Team B / Бурав B6           @ (5,9,4)  (ранен)
  Team C / Артиллерия C1      → Team A / Провокатор A7      @ (5,9,3)  (УБИТ)

--- Состояние команд после хода ---
  Team A: живых 6/8
    ✓ Радиовышка A2      @ (5,9,7) hp=3/3
    ✓ Прыгун A3          @ (5,9,8) hp=2/2
    ✓ Факел A4           @ (5,9,6) hp=6/6
    ✓ Тишина A5          @ (5,9,5) hp=2/2
    ✓ Бурав A6           @ (5,9,2) hp=4/4
    ✓ Паук A8            @ (5,9,1) hp=1/1
    ✗ Артиллерия A1      @ (5,9,4) [уничтожен]
    ✗ Провокатор A7      @ (5,9,3) [уничтожен]
  Team B: живых 7/8
    ✓ Радиовышка B2      @ (4,9,2) hp=3/3
    ✓ Прыгун B3          @ (8,9,3) hp=2/2
    ✓ Факел B4           @ (3,9,2) hp=6/6
    ✓ Тишина B5          @ (6,9,2) hp=2/2
    ✓ Бурав B6           @ (5,9,4) hp=3/4
    ✓ Провокатор B7      @ (8,9,2) hp=2/2
    ✓ Паук B8            @ (1,9,2) hp=1/1
    ✗ Артиллерия B1      @ (5,9,2) [уничтожен]
  Team C: живых 8/8
    ✓ Артиллерия C1      @ (0,4,3) hp=1/1
    ✓ Радиовышка C2      @ (1,1,3) hp=3/3
    ✓ Прыгун C3          @ (2,9,2) hp=2/2
    ✓ Факел C4           @ (0,7,3) hp=6/6
    ✓ Тишина C5          @ (0,8,3) hp=2/2
    ✓ Бурав C6           @ (1,3,3) hp=4/4
    ✓ Провокатор C7      @ (0,6,3) hp=2/2
    ✓ Паук C8            @ (1,4,3) hp=1/1

======================================================================
ХОД 2
======================================================================
✓ 🎮 GM: начинаем ход
GM: start_turn

--- Радиовышки: сканирование слоя Z ---
  Радиовышка A2 (z=7): слой чист
  Радиовышка B2 (z=2): видит 2 врагов  → Бурав A6(5,9,2), Прыгун C3(2,9,2)
  Радиовышка C2 (z=3): видит 1 врагов [+1 эксклюзивно] → Прыгун B3(8,9,3)

--- Решения ботов ---
  [Team A] Прыгун A3 (5,9,8) → SHOOT at (5,9,4)
  [Team A] Факел A4 (5,9,6) → SHOOT at (5,9,4)
  [Team A] Тишина A5 (5,9,5) → MOVE (5,9,4)
  [Team A] Бурав A6 (5,9,2) → MOVE (3,9,2)
  [Team A] Паук A8 (5,9,1) → MINE (4,9,2)
  [Team A] Радиовышка A2 → SKIP
  [Team B] Радиовышка B2 (4,9,2) → MOVE (5,9,2)
  [Team B] Прыгун B3 (8,9,3) → MOVE (7,9,4)
  [Team B] Факел B4 (3,9,2) → HEAL (AoE)
  [Team B] Бурав B6 (5,9,4) → MOVE (5,9,6)
  [Team B] Провокатор B7 (8,9,2) → HOLOGRAM (7,9,2)
  [Team B] Паук B8 (1,9,2) → MINE (1,8,2)
  [Team B] Тишина B5 → SKIP
  [Team C] Артиллерия C1 (0,4,3) → SHOOT at (8,9,3)
  [Team C] Радиовышка C2 (1,1,3) → MOVE (2,2,4)
  [Team C] Прыгун C3 (2,9,2) → MOVE (3,9,2)
  [Team C] Тишина C5 (0,8,3) → MOVE (1,9,2)
  [Team C] Бурав C6 (1,3,3) → MOVE (2,4,4)
  [Team C] Провокатор C7 (0,6,3) → HOLOGRAM (1,7,2)
  [Team C] Паук C8 (1,4,3) → MOVE (2,5,4)
  [Team C] Факел C4 → SKIP
! 🎮 GM: принудительно завершает фазу планирования
GM: end_planning
# 
============================================================
# 🔄 ОБРАБОТКА ХОДА 2
# ============================================================
   🌀 Тишина A5: фаза спала (действовала 1 ход)
   🌀 Тишина B5: фаза спала (действовала 1 ход)
   🌀 Тишина C5: фаза спала (действовала 1 ход)
   🪞 Провокатор B7 создал голограмму H3 в (7,9,2)
!    ⚠️ Провокатор C7: клетка (1,7,2) уже занята голограммой
!    ⚠️ Паук A8: клетка (4,9,2) занята кораблём
!    ⚠️ Паук B8: в клетке уже стоит мина

📦 ПЕРЕМЕЩЕНИЯ:
!    ⚠️ Тишина A5: клетка (5,9,4) занята
✓    💥 Бурав A6 тараном уничтожил Факел B4 в (3,9,2)
   Бурав A6: (5, 9, 2) → (3,9,2)
   Радиовышка B2: (4, 9, 2) → (5,9,2)
   Прыгун B3: (8, 9, 3) → (7,9,4)
✓    💥 Бурав B6 тараном уничтожил Факел A4 в (5,9,6)
   Бурав B6: (5, 9, 4) → (5,9,6)
   Радиовышка C2: (1, 1, 3) → (2,2,4)
✓    💥 Прыгун C3 тараном уничтожил Бурав A6 в (3,9,2)
   Прыгун C3: (2, 9, 2) → (3,9,2)
!    ⚠️ Тишина C5: клетка (1,9,2) занята
!    ⚠️ Бурав C6: Бурав двигается только по 1 оси или по 2 осям строго диагонально
   Паук C8: (1, 4, 3) → (2,5,4)

🎯 ВЫСТРЕЛЫ:
!    🛡️ Выстрел Прыгун A3 заблокирован союзником Радиовышка A2 в (5, 9, 7)
   Выпущено ракет: 2
# 
📊 РЕЗУЛЬТАТЫ ХОДА 2:
🎯 Попаданий нет

--- Результаты хода ---
  Team A / Бурав A6           → Team B / Факел B4           @ (3,9,2)  (УБИТ)
  Team B / Бурав B6           → Team A / Факел A4           @ (5,9,6)  (УБИТ)
  Team C / Прыгун C3          → Team A / Бурав A6           @ (3,9,2)  (УБИТ)

--- Состояние команд после хода ---
  Team A: живых 4/8
    ✓ Радиовышка A2      @ (5,9,7) hp=3/3
    ✓ Прыгун A3          @ (5,9,8) hp=2/2
    ✓ Тишина A5          @ (5,9,5) hp=2/2
    ✓ Паук A8            @ (5,9,1) hp=1/1
    ✗ Артиллерия A1      @ (5,9,4) [уничтожен]
    ✗ Факел A4           @ (5,9,6) [уничтожен]
    ✗ Бурав A6           @ (3,9,2) [уничтожен]
    ✗ Провокатор A7      @ (5,9,3) [уничтожен]
  Team B: живых 6/8
    ✓ Радиовышка B2      @ (5,9,2) hp=3/3
    ✓ Прыгун B3          @ (7,9,4) hp=2/2
    ✓ Тишина B5          @ (6,9,2) hp=2/2
    ✓ Бурав B6           @ (5,9,6) hp=3/4
    ✓ Провокатор B7      @ (8,9,2) hp=2/2
    ✓ Паук B8            @ (1,9,2) hp=1/1
    ✗ Артиллерия B1      @ (5,9,2) [уничтожен]
    ✗ Факел B4           @ (3,9,2) [уничтожен]
  Team C: живых 8/8
    ✓ Артиллерия C1      @ (0,4,3) hp=1/1
    ✓ Радиовышка C2      @ (2,2,4) hp=3/3
    ✓ Прыгун C3          @ (3,9,2) hp=2/2
    ✓ Факел C4           @ (0,7,3) hp=6/6
    ✓ Тишина C5          @ (0,8,3) hp=2/2
    ✓ Бурав C6           @ (1,3,3) hp=4/4
    ✓ Провокатор C7      @ (0,6,3) hp=2/2
    ✓ Паук C8            @ (2,5,4) hp=1/1

======================================================================
ХОД 3
======================================================================
✓ 🎮 GM: начинаем ход
GM: start_turn

--- Радиовышки: сканирование слоя Z ---
  Радиовышка A2 (z=7): слой чист
  Радиовышка B2 (z=2): видит 1 врагов  → Прыгун C3(3,9,2)
  Радиовышка C2 (z=4): видит 1 врагов  → Прыгун B3(7,9,4)

--- Решения ботов ---
  [Team A] Радиовышка A2 (5,9,7) → MOVE (5,9,6)
  [Team A] Прыгун A3 (5,9,8) → SHOOT at (5,9,6)
  [Team A] Паук A8 (5,9,1) → MINE (4,9,1)
  [Team A] Тишина A5 → SKIP
  [Team B] Радиовышка B2 (5,9,2) → MOVE (5,9,1)
  [Team B] Прыгун B3 (7,9,4) → MOVE (5,9,5)
  [Team B] Тишина B5 (6,9,2) → MOVE (6,9,1)
  [Team B] Бурав B6 (5,9,6) → MOVE (5,9,8)
  [Team B] Провокатор B7 (8,9,2) → HOLOGRAM (7,9,3)
  [Team B] Паук B8 (1,9,2) → MINE (1,8,2)
  [Team C] Артиллерия C1 (0,4,3) → SHOOT at (5,9,8)
  [Team C] Радиовышка C2 (2,2,4) → MOVE (3,3,5)
  [Team C] Прыгун C3 (3,9,2) → MOVE (5,9,2)
  [Team C] Тишина C5 (0,8,3) → MOVE (1,9,2)
  [Team C] Бурав C6 (1,3,3) → MOVE (2,4,4)
  [Team C] Провокатор C7 (0,6,3) → HOLOGRAM (1,7,2)
  [Team C] Паук C8 (2,5,4) → MINE (3,6,5)
  [Team C] Факел C4 → SKIP
! 🎮 GM: принудительно завершает фазу планирования
GM: end_planning
# 
============================================================
# 🔄 ОБРАБОТКА ХОДА 3
# ============================================================
!    ⚠️ Провокатор B7: клетка (7,9,3) уже занята голограммой
!    ⚠️ Провокатор C7: клетка (1,7,2) уже занята голограммой
   💣 Паук A8 установил мину M2 в (4,9,1)
!    ⚠️ Паук B8: в клетке уже стоит мина
   💣 Паук C8 установил мину M3 в (3,6,5)

📦 ПЕРЕМЕЩЕНИЯ:
!    ⚠️ Радиовышка A2: клетка (5,9,6) занята
!    ⚠️ Радиовышка B2: клетка (5,9,1) занята
✓    💥 Прыгун B3 тараном уничтожил Тишина A5 в (5,9,5)
   Прыгун B3: (7, 9, 4) → (5,9,5)
   Тишина B5: (6, 9, 2) → (6,9,1)
✓    💥 Бурав B6 тараном уничтожил Прыгун A3 в (5,9,8)
   Бурав B6: (5, 9, 6) → (5,9,8)
   Радиовышка C2: (2, 2, 4) → (3,3,5)
✓    💥 Прыгун C3 тараном уничтожил Радиовышка B2 в (5,9,2)
   Прыгун C3: (3, 9, 2) → (5,9,2)
!    ⚠️ Тишина C5: клетка (1,9,2) занята
!    ⚠️ Бурав C6: Бурав двигается только по 1 оси или по 2 осям строго диагонально

🎯 ВЫСТРЕЛЫ:
✓    ✅ Артиллерия C1 поразил Бурав B6 (2 урона)!
   Выпущено ракет: 1
# 
📊 РЕЗУЛЬТАТЫ ХОДА 3:
✓ 💥 ПОПАДАНИЯ:
✓    Артиллерия C1 (Team C) → Бурав B6 (Team B)

--- Результаты хода ---
  Team B / Прыгун B3          → Team A / Тишина A5          @ (5,9,5)  (УБИТ)
  Team B / Бурав B6           → Team A / Прыгун A3          @ (5,9,8)  (УБИТ)
  Team C / Прыгун C3          → Team B / Радиовышка B2      @ (5,9,2)  (УБИТ)
  Team C / Артиллерия C1      → Team B / Бурав B6           @ (5,9,8)  (ранен)

--- Состояние команд после хода ---
  Team A: живых 2/8
    ✓ Радиовышка A2      @ (5,9,7) hp=3/3
    ✓ Паук A8            @ (5,9,1) hp=1/1
    ✗ Артиллерия A1      @ (5,9,4) [уничтожен]
    ✗ Прыгун A3          @ (5,9,8) [уничтожен]
    ✗ Факел A4           @ (5,9,6) [уничтожен]
    ✗ Тишина A5          @ (5,9,5) [уничтожен]
    ✗ Бурав A6           @ (3,9,2) [уничтожен]
    ✗ Провокатор A7      @ (5,9,3) [уничтожен]
  Team B: живых 5/8
    ✓ Прыгун B3          @ (5,9,5) hp=2/2
    ✓ Тишина B5          @ (6,9,1) hp=2/2
    ✓ Бурав B6           @ (5,9,8) hp=1/4
    ✓ Провокатор B7      @ (8,9,2) hp=2/2
    ✓ Паук B8            @ (1,9,2) hp=1/1
    ✗ Артиллерия B1      @ (5,9,2) [уничтожен]
    ✗ Радиовышка B2      @ (5,9,2) [уничтожен]
    ✗ Факел B4           @ (3,9,2) [уничтожен]
  Team C: живых 8/8
    ✓ Артиллерия C1      @ (0,4,3) hp=1/1
    ✓ Радиовышка C2      @ (3,3,5) hp=3/3
    ✓ Прыгун C3          @ (5,9,2) hp=2/2
    ✓ Факел C4           @ (0,7,3) hp=6/6
    ✓ Тишина C5          @ (0,8,3) hp=2/2
    ✓ Бурав C6           @ (1,3,3) hp=4/4
    ✓ Провокатор C7      @ (0,6,3) hp=2/2
    ✓ Паук C8            @ (2,5,4) hp=1/1

======================================================================
ХОД 4
======================================================================
✓ 🎮 GM: начинаем ход
GM: start_turn

--- Радиовышки: сканирование слоя Z ---
  Радиовышка A2 (z=7): слой чист
  Радиовышка C2 (z=5): видит 1 врагов  → Прыгун B3(5,9,5)

--- Решения ботов ---
  [Team A] Радиовышка A2 (5,9,7) → MOVE (5,9,8)
  [Team A] Паук A8 (5,9,1) → MINE (6,9,1)
  [Team B] Прыгун B3 (5,9,5) → MOVE (5,9,7)
  [Team B] Тишина B5 (6,9,1) → MOVE (5,9,1)
  [Team B] Провокатор B7 (8,9,2) → HOLOGRAM (7,9,1)
  [Team B] Паук B8 (1,9,2) → MINE (1,8,2)
  [Team B] Бурав B6 → SKIP
  [Team C] Артиллерия C1 (0,4,3) → SHOOT at (5,9,8)
  [Team C] Радиовышка C2 (3,3,5) → MOVE (4,4,6)
  [Team C] Прыгун C3 (5,9,2) → MOVE (6,9,1)
  [Team C] Тишина C5 (0,8,3) → MOVE (1,9,2)
  [Team C] Бурав C6 (1,3,3) → MOVE (2,4,4)
  [Team C] Провокатор C7 (0,6,3) → HOLOGRAM (1,7,2)
  [Team C] Паук C8 (2,5,4) → MINE (3,6,5)
  [Team C] Факел C4 → SKIP
! 🎮 GM: принудительно завершает фазу планирования
GM: end_planning
# 
============================================================
# 🔄 ОБРАБОТКА ХОДА 4
# ============================================================
   🪞 Провокатор B7 создал голограмму H4 в (7,9,1)
!    ⚠️ Провокатор C7: клетка (1,7,2) уже занята голограммой
!    ⚠️ Паук A8: клетка (6,9,1) занята кораблём
!    ⚠️ Паук B8: в клетке уже стоит мина
!    ⚠️ Паук C8: в клетке уже стоит мина

📦 ПЕРЕМЕЩЕНИЯ:
!    ⚠️ Радиовышка A2: клетка (5,9,8) занята
✓    💥 Прыгун B3 тараном уничтожил Радиовышка A2 в (5,9,7)
   Прыгун B3: (5, 9, 5) → (5,9,7)
!    ⚠️ Тишина B5: клетка (5,9,1) занята
   Радиовышка C2: (3, 3, 5) → (4,4,6)
✓    💥 Прыгун C3 тараном уничтожил Тишина B5 в (6,9,1)
   Прыгун C3: (5, 9, 2) → (6,9,1)
!    ⚠️ Тишина C5: клетка (1,9,2) занята
!    ⚠️ Бурав C6: Бурав двигается только по 1 оси или по 2 осям строго диагонально

🎯 ВЫСТРЕЛЫ:
✓    ✅ Артиллерия C1 поразил Бурав B6 (2 урона)!
   Выпущено ракет: 1
# 
📊 РЕЗУЛЬТАТЫ ХОДА 4:
✓ 💥 ПОПАДАНИЯ:
✓    Артиллерия C1 (Team C) → Бурав B6 (Team B)

--- Результаты хода ---
  Team B / Прыгун B3          → Team A / Радиовышка A2      @ (5,9,7)  (УБИТ)
  Team C / Прыгун C3          → Team B / Тишина B5          @ (6,9,1)  (УБИТ)
  Team C / Артиллерия C1      → Team B / Бурав B6           @ (5,9,8)  (УБИТ)

--- Состояние команд после хода ---
  Team A: живых 1/8
    ✓ Паук A8            @ (5,9,1) hp=1/1
    ✗ Артиллерия A1      @ (5,9,4) [уничтожен]
    ✗ Радиовышка A2      @ (5,9,7) [уничтожен]
    ✗ Прыгун A3          @ (5,9,8) [уничтожен]
    ✗ Факел A4           @ (5,9,6) [уничтожен]
    ✗ Тишина A5          @ (5,9,5) [уничтожен]
    ✗ Бурав A6           @ (3,9,2) [уничтожен]
    ✗ Провокатор A7      @ (5,9,3) [уничтожен]
  Team B: живых 3/8
    ✓ Прыгун B3          @ (5,9,7) hp=2/2
    ✓ Провокатор B7      @ (8,9,2) hp=2/2
    ✓ Паук B8            @ (1,9,2) hp=1/1
    ✗ Артиллерия B1      @ (5,9,2) [уничтожен]
    ✗ Радиовышка B2      @ (5,9,2) [уничтожен]
    ✗ Факел B4           @ (3,9,2) [уничтожен]
    ✗ Тишина B5          @ (6,9,1) [уничтожен]
    ✗ Бурав B6           @ (5,9,8) [уничтожен]
  Team C: живых 8/8
    ✓ Артиллерия C1      @ (0,4,3) hp=1/1
    ✓ Радиовышка C2      @ (4,4,6) hp=3/3
    ✓ Прыгун C3          @ (6,9,1) hp=2/2
    ✓ Факел C4           @ (0,7,3) hp=6/6
    ✓ Тишина C5          @ (0,8,3) hp=2/2
    ✓ Бурав C6           @ (1,3,3) hp=4/4
    ✓ Провокатор C7      @ (0,6,3) hp=2/2
    ✓ Паук C8            @ (2,5,4) hp=1/1

======================================================================
ХОД 5
======================================================================
✓ 🎮 GM: начинаем ход
GM: start_turn

--- Радиовышки: сканирование слоя Z ---
  Радиовышка C2 (z=6): слой чист

--- Решения ботов ---
  [Team A] Паук A8 (5,9,1) → MINE (6,9,1)
  [Team B] Прыгун B3 (5,9,7) → MOVE (4,8,6)
  [Team B] Провокатор B7 (8,9,2) → HOLOGRAM (7,9,1)
  [Team B] Паук B8 (1,9,2) → MINE (1,8,2)
  [Team C] Артиллерия C1 (0,4,3) → SHOOT at (5,9,7)
  [Team C] Радиовышка C2 (4,4,6) → MOVE (5,5,5)
  [Team C] Прыгун C3 (6,9,1) → MOVE (8,9,2)
  [Team C] Тишина C5 (0,8,3) → PHASE toggle
  [Team C] Бурав C6 (1,3,3) → MOVE (2,4,2)
  [Team C] Провокатор C7 (0,6,3) → HOLOGRAM (1,7,2)
  [Team C] Паук C8 (2,5,4) → MINE (3,6,3)
  [Team C] Факел C4 → SKIP
! 🎮 GM: принудительно завершает фазу планирования
GM: end_planning
# 
============================================================
# 🔄 ОБРАБОТКА ХОДА 5
# ============================================================
   🌀 Тишина C5: уходит в фазу на 1 ход
!    ⚠️ Провокатор B7: клетка (7,9,1) уже занята голограммой
!    ⚠️ Провокатор C7: клетка (1,7,2) уже занята голограммой
!    ⚠️ Паук A8: клетка (6,9,1) занята кораблём
!    ⚠️ Паук B8: в клетке уже стоит мина
   💣 Паук C8 установил мину M4 в (3,6,3)

📦 ПЕРЕМЕЩЕНИЯ:
   Прыгун B3: (5, 9, 7) → (4,8,6)
   Радиовышка C2: (4, 4, 6) → (5,5,5)
✓    💥 Прыгун C3 тараном уничтожил Провокатор B7 в (8,9,2)
   Прыгун C3: (6, 9, 1) → (8,9,2)
!    ⚠️ Бурав C6: Бурав двигается только по 1 оси или по 2 осям строго диагонально

🎯 ВЫСТРЕЛЫ:
   Выпущено ракет: 1
# 
📊 РЕЗУЛЬТАТЫ ХОДА 5:
🎯 Попаданий нет

--- Результаты хода ---
  Team C / Прыгун C3          → Team B / Провокатор B7      @ (8,9,2)  (УБИТ)

--- Состояние команд после хода ---
  Team A: живых 1/8
    ✓ Паук A8            @ (5,9,1) hp=1/1
    ✗ Артиллерия A1      @ (5,9,4) [уничтожен]
    ✗ Радиовышка A2      @ (5,9,7) [уничтожен]
    ✗ Прыгун A3          @ (5,9,8) [уничтожен]
    ✗ Факел A4           @ (5,9,6) [уничтожен]
    ✗ Тишина A5          @ (5,9,5) [уничтожен]
    ✗ Бурав A6           @ (3,9,2) [уничтожен]
    ✗ Провокатор A7      @ (5,9,3) [уничтожен]
  Team B: живых 2/8
    ✓ Прыгун B3          @ (4,8,6) hp=2/2
    ✓ Паук B8            @ (1,9,2) hp=1/1
    ✗ Артиллерия B1      @ (5,9,2) [уничтожен]
    ✗ Радиовышка B2      @ (5,9,2) [уничтожен]
    ✗ Факел B4           @ (3,9,2) [уничтожен]
    ✗ Тишина B5          @ (6,9,1) [уничтожен]
    ✗ Бурав B6           @ (5,9,8) [уничтожен]
    ✗ Провокатор B7      @ (8,9,2) [уничтожен]
  Team C: живых 8/8
    ✓ Артиллерия C1      @ (0,4,3) hp=1/1
    ✓ Радиовышка C2      @ (5,5,5) hp=3/3
    ✓ Прыгун C3          @ (8,9,2) hp=2/2
    ✓ Факел C4           @ (0,7,3) hp=6/6
    ✓ Тишина C5          @ (0,8,3) hp=2/2
    ✓ Бурав C6           @ (1,3,3) hp=4/4
    ✓ Провокатор C7      @ (0,6,3) hp=2/2
    ✓ Паук C8            @ (2,5,4) hp=1/1

======================================================================
ХОД 6
======================================================================
✓ 🎮 GM: начинаем ход
GM: start_turn

--- Радиовышки: сканирование слоя Z ---
  Радиовышка C2 (z=5): слой чист

--- Решения ботов ---
  [Team A] Паук A8 (5,9,1) → MINE (6,9,2)
  [Team B] Прыгун B3 (4,8,6) → MOVE (5,7,5)
  [Team B] Паук B8 (1,9,2) → MINE (1,8,2)
  [Team C] Артиллерия C1 (0,4,3) → SHOOT at (4,8,6)
  [Team C] Радиовышка C2 (5,5,5) → MOVE (4,6,6)
  [Team C] Прыгун C3 (8,9,2) → MOVE (7,9,1)
  [Team C] Тишина C5 (0,8,3) → MOVE (1,9,2)
  [Team C] Бурав C6 (1,3,3) → MOVE (2,4,4)
  [Team C] Провокатор C7 (0,6,3) → HOLOGRAM (1,7,2)
  [Team C] Паук C8 (2,5,4) → MINE (3,6,5)
  [Team C] Факел C4 → SKIP
! 🎮 GM: принудительно завершает фазу планирования
GM: end_planning
# 
============================================================
# 🔄 ОБРАБОТКА ХОДА 6
# ============================================================
   🌀 Тишина C5: фаза спала (действовала 1 ход)
!    ⚠️ Провокатор C7: клетка (1,7,2) уже занята голограммой
   💣 Паук A8 установил мину M5 в (6,9,2)
!    ⚠️ Паук B8: в клетке уже стоит мина
!    ⚠️ Паук C8: в клетке уже стоит мина

📦 ПЕРЕМЕЩЕНИЯ:
   Прыгун B3: (4, 8, 6) → (5,7,5)
   Радиовышка C2: (5, 5, 5) → (4,6,6)
✓    💥 Прыгун C3 тараном сбросил голограмму H4
   Прыгун C3: (8, 9, 2) → (7,9,1)
!    ⚠️ Тишина C5: клетка (1,9,2) занята
!    ⚠️ Бурав C6: Бурав двигается только по 1 оси или по 2 осям строго диагонально

🎯 ВЫСТРЕЛЫ:
   Выпущено ракет: 1
# 
📊 РЕЗУЛЬТАТЫ ХОДА 6:
🎯 Попаданий нет

--- Результаты хода ---
  Попаданий нет

--- Состояние команд после хода ---
  Team A: живых 1/8
    ✓ Паук A8            @ (5,9,1) hp=1/1
    ✗ Артиллерия A1      @ (5,9,4) [уничтожен]
    ✗ Радиовышка A2      @ (5,9,7) [уничтожен]
    ✗ Прыгун A3          @ (5,9,8) [уничтожен]
    ✗ Факел A4           @ (5,9,6) [уничтожен]
    ✗ Тишина A5          @ (5,9,5) [уничтожен]
    ✗ Бурав A6           @ (3,9,2) [уничтожен]
    ✗ Провокатор A7      @ (5,9,3) [уничтожен]
  Team B: живых 2/8
    ✓ Прыгун B3          @ (5,7,5) hp=2/2
    ✓ Паук B8            @ (1,9,2) hp=1/1
    ✗ Артиллерия B1      @ (5,9,2) [уничтожен]
    ✗ Радиовышка B2      @ (5,9,2) [уничтожен]
    ✗ Факел B4           @ (3,9,2) [уничтожен]
    ✗ Тишина B5          @ (6,9,1) [уничтожен]
    ✗ Бурав B6           @ (5,9,8) [уничтожен]
    ✗ Провокатор B7      @ (8,9,2) [уничтожен]
  Team C: живых 8/8
    ✓ Артиллерия C1      @ (0,4,3) hp=1/1
    ✓ Радиовышка C2      @ (4,6,6) hp=3/3
    ✓ Прыгун C3          @ (7,9,1) hp=2/2
    ✓ Факел C4           @ (0,7,3) hp=6/6
    ✓ Тишина C5          @ (0,8,3) hp=2/2
    ✓ Бурав C6           @ (1,3,3) hp=4/4
    ✓ Провокатор C7      @ (0,6,3) hp=2/2
    ✓ Паук C8            @ (2,5,4) hp=1/1

======================================================================
ХОД 7
======================================================================
✓ 🎮 GM: начинаем ход
GM: start_turn

--- Радиовышки: сканирование слоя Z ---
  Радиовышка C2 (z=6): слой чист

--- Решения ботов ---
  [Team A] Паук A8 (5,9,1) → MINE (6,9,1)
  [Team B] Прыгун B3 (5,7,5) → MOVE (4,6,6)
  [Team B] Паук B8 (1,9,2) → MINE (1,8,2)
  [Team C] Артиллерия C1 (0,4,3) → SHOOT at (5,7,5)
  [Team C] Радиовышка C2 (4,6,6) → MOVE (5,7,5)
  [Team C] Прыгун C3 (7,9,1) → MOVE (5,9,1)
  [Team C] Тишина C5 (0,8,3) → MOVE (1,9,2)
  [Team C] Бурав C6 (1,3,3) → MOVE (2,4,4)
  [Team C] Провокатор C7 (0,6,3) → HOLOGRAM (1,7,2)
  [Team C] Паук C8 (2,5,4) → MINE (3,6,5)
  [Team C] Факел C4 → SKIP
! 🎮 GM: принудительно завершает фазу планирования
GM: end_planning
# 
============================================================
# 🔄 ОБРАБОТКА ХОДА 7
# ============================================================
!    ⚠️ Провокатор C7: клетка (1,7,2) уже занята голограммой
   💣 Паук A8 установил мину M6 в (6,9,1)
!    ⚠️ Паук B8: в клетке уже стоит мина
!    ⚠️ Паук C8: в клетке уже стоит мина

📦 ПЕРЕМЕЩЕНИЯ:
✓    💥 Прыгун B3 тараном уничтожил Радиовышка C2 в (4,6,6)
   Прыгун B3: (5, 7, 5) → (4,6,6)
✓    💥 Прыгун C3 тараном уничтожил Паук A8 в (5,9,1)
   Прыгун C3: (7, 9, 1) → (5,9,1)
!    ⚠️ Тишина C5: клетка (1,9,2) занята
!    ⚠️ Бурав C6: Бурав двигается только по 1 оси или по 2 осям строго диагонально

🎯 ВЫСТРЕЛЫ:
   Выпущено ракет: 1
# 
📊 РЕЗУЛЬТАТЫ ХОДА 7:
🎯 Попаданий нет

--- Результаты хода ---
  Team B / Прыгун B3          → Team C / Радиовышка C2      @ (4,6,6)  (УБИТ)
  Team C / Прыгун C3          → Team A / Паук A8            @ (5,9,1)  (УБИТ)

--- Состояние команд после хода ---
  Team A: живых 0/8
    ✗ Артиллерия A1      @ (5,9,4) [уничтожен]
    ✗ Радиовышка A2      @ (5,9,7) [уничтожен]
    ✗ Прыгун A3          @ (5,9,8) [уничтожен]
    ✗ Факел A4           @ (5,9,6) [уничтожен]
    ✗ Тишина A5          @ (5,9,5) [уничтожен]
    ✗ Бурав A6           @ (3,9,2) [уничтожен]
    ✗ Провокатор A7      @ (5,9,3) [уничтожен]
    ✗ Паук A8            @ (5,9,1) [уничтожен]
  Team B: живых 2/8
    ✓ Прыгун B3          @ (4,6,6) hp=2/2
    ✓ Паук B8            @ (1,9,2) hp=1/1
    ✗ Артиллерия B1      @ (5,9,2) [уничтожен]
    ✗ Радиовышка B2      @ (5,9,2) [уничтожен]
    ✗ Факел B4           @ (3,9,2) [уничтожен]
    ✗ Тишина B5          @ (6,9,1) [уничтожен]
    ✗ Бурав B6           @ (5,9,8) [уничтожен]
    ✗ Провокатор B7      @ (8,9,2) [уничтожен]
  Team C: живых 7/8
    ✓ Артиллерия C1      @ (0,4,3) hp=1/1
    ✓ Прыгун C3          @ (5,9,1) hp=2/2
    ✓ Факел C4           @ (0,7,3) hp=6/6
    ✓ Тишина C5          @ (0,8,3) hp=2/2
    ✓ Бурав C6           @ (1,3,3) hp=4/4
    ✓ Провокатор C7      @ (0,6,3) hp=2/2
    ✓ Паук C8            @ (2,5,4) hp=1/1
    ✗ Радиовышка C2      @ (4,6,6) [уничтожен]

======================================================================
ХОД 8
======================================================================
✓ 🎮 GM: начинаем ход
GM: start_turn

--- Радиовышки: сканирование слоя Z ---
  (у команд не осталось живых радиовышек)

--- Решения ботов ---
  [Team A] все корабли пропускают ход
  [Team B] Прыгун B3 (4,6,6) → MOVE (2,5,4)
  [Team B] Паук B8 (1,9,2) → MINE (1,8,2)
  [Team C] Артиллерия C1 (0,4,3) → SHOOT at (4,6,6)
  [Team C] Прыгун C3 (5,9,1) → MOVE (4,9,2)
  [Team C] Тишина C5 (0,8,3) → MOVE (1,9,2)
  [Team C] Бурав C6 (1,3,3) → MOVE (2,4,4)
  [Team C] Провокатор C7 (0,6,3) → HOLOGRAM (1,7,2)
  [Team C] Паук C8 (2,5,4) → MINE (3,5,5)
  [Team C] Факел C4 → SKIP
! 🎮 GM: принудительно завершает фазу планирования
GM: end_planning
# 
============================================================
# 🔄 ОБРАБОТКА ХОДА 8
# ============================================================
!    ⚠️ Провокатор C7: клетка (1,7,2) уже занята голограммой
!    ⚠️ Паук B8: в клетке уже стоит мина
   💣 Паук C8 установил мину M7 в (3,5,5)

📦 ПЕРЕМЕЩЕНИЯ:
✓    💥 Прыгун B3 тараном уничтожил Паук C8 в (2,5,4)
   Прыгун B3: (4, 6, 6) → (2,5,4)
   Прыгун C3: (5, 9, 1) → (4,9,2)
!    ⚠️ Тишина C5: клетка (1,9,2) занята
!    ⚠️ Бурав C6: Бурав двигается только по 1 оси или по 2 осям строго диагонально

🎯 ВЫСТРЕЛЫ:
   Выпущено ракет: 1
# 
📊 РЕЗУЛЬТАТЫ ХОДА 8:
🎯 Попаданий нет

--- Результаты хода ---
  Team B / Прыгун B3          → Team C / Паук C8            @ (2,5,4)  (УБИТ)

--- Состояние команд после хода ---
  Team A: живых 0/8
    ✗ Артиллерия A1      @ (5,9,4) [уничтожен]
    ✗ Радиовышка A2      @ (5,9,7) [уничтожен]
    ✗ Прыгун A3          @ (5,9,8) [уничтожен]
    ✗ Факел A4           @ (5,9,6) [уничтожен]
    ✗ Тишина A5          @ (5,9,5) [уничтожен]
    ✗ Бурав A6           @ (3,9,2) [уничтожен]
    ✗ Провокатор A7      @ (5,9,3) [уничтожен]
    ✗ Паук A8            @ (5,9,1) [уничтожен]
  Team B: живых 2/8
    ✓ Прыгун B3          @ (2,5,4) hp=2/2
    ✓ Паук B8            @ (1,9,2) hp=1/1
    ✗ Артиллерия B1      @ (5,9,2) [уничтожен]
    ✗ Радиовышка B2      @ (5,9,2) [уничтожен]
    ✗ Факел B4           @ (3,9,2) [уничтожен]
    ✗ Тишина B5          @ (6,9,1) [уничтожен]
    ✗ Бурав B6           @ (5,9,8) [уничтожен]
    ✗ Провокатор B7      @ (8,9,2) [уничтожен]
  Team C: живых 6/8
    ✓ Артиллерия C1      @ (0,4,3) hp=1/1
    ✓ Прыгун C3          @ (4,9,2) hp=2/2
    ✓ Факел C4           @ (0,7,3) hp=6/6
    ✓ Тишина C5          @ (0,8,3) hp=2/2
    ✓ Бурав C6           @ (1,3,3) hp=4/4
    ✓ Провокатор C7      @ (0,6,3) hp=2/2
    ✗ Радиовышка C2      @ (4,6,6) [уничтожен]
    ✗ Паук C8            @ (2,5,4) [уничтожен]

======================================================================
ХОД 9
======================================================================
✓ 🎮 GM: начинаем ход
GM: start_turn

--- Радиовышки: сканирование слоя Z ---
  (у команд не осталось живых радиовышек)

--- Решения ботов ---
  [Team A] все корабли пропускают ход
  [Team B] Прыгун B3 (2,5,4) → MOVE (0,4,3)
  [Team B] Паук B8 (1,9,2) → MINE (0,8,3)
  [Team C] Артиллерия C1 (0,4,3) → SHOOT at (2,5,4)
  [Team C] Прыгун C3 (4,9,2) → SHOOT at (1,9,2)
  [Team C] Тишина C5 (0,8,3) → PHASE toggle
  [Team C] Бурав C6 (1,3,3) → MOVE (2,4,4)
  [Team C] Провокатор C7 (0,6,3) → HOLOGRAM (1,5,4)
  [Team C] Факел C4 → SKIP
! 🎮 GM: принудительно завершает фазу планирования
GM: end_planning
# 
============================================================
# 🔄 ОБРАБОТКА ХОДА 9
# ============================================================
   🌀 Тишина C5: уходит в фазу на 1 ход
   🪞 Провокатор C7 создал голограмму H5 в (1,5,4)
!    ⚠️ Паук B8: клетка (0,8,3) занята кораблём

📦 ПЕРЕМЕЩЕНИЯ:
✓    💥 Прыгун B3 тараном уничтожил Артиллерия C1 в (0,4,3)
   Прыгун B3: (2, 5, 4) → (0,4,3)
!    ⚠️ Бурав C6: Бурав двигается только по 1 оси или по 2 осям строго диагонально

🎯 ВЫСТРЕЛЫ:
✓    ✅ Прыгун C3 поразил Паук B8 (1 урона)!
   Выпущено ракет: 1
# 
📊 РЕЗУЛЬТАТЫ ХОДА 9:
✓ 💥 ПОПАДАНИЯ:
✓    Прыгун C3 (Team C) → Паук B8 (Team B)

--- Результаты хода ---
  Team B / Прыгун B3          → Team C / Артиллерия C1      @ (0,4,3)  (УБИТ)
  Team C / Прыгун C3          → Team B / Паук B8            @ (1,9,2)  (УБИТ)

--- Состояние команд после хода ---
  Team A: живых 0/8
    ✗ Артиллерия A1      @ (5,9,4) [уничтожен]
    ✗ Радиовышка A2      @ (5,9,7) [уничтожен]
    ✗ Прыгун A3          @ (5,9,8) [уничтожен]
    ✗ Факел A4           @ (5,9,6) [уничтожен]
    ✗ Тишина A5          @ (5,9,5) [уничтожен]
    ✗ Бурав A6           @ (3,9,2) [уничтожен]
    ✗ Провокатор A7      @ (5,9,3) [уничтожен]
    ✗ Паук A8            @ (5,9,1) [уничтожен]
  Team B: живых 1/8
    ✓ Прыгун B3          @ (0,4,3) hp=2/2
    ✗ Артиллерия B1      @ (5,9,2) [уничтожен]
    ✗ Радиовышка B2      @ (5,9,2) [уничтожен]
    ✗ Факел B4           @ (3,9,2) [уничтожен]
    ✗ Тишина B5          @ (6,9,1) [уничтожен]
    ✗ Бурав B6           @ (5,9,8) [уничтожен]
    ✗ Провокатор B7      @ (8,9,2) [уничтожен]
    ✗ Паук B8            @ (1,9,2) [уничтожен]
  Team C: живых 5/8
    ✓ Прыгун C3          @ (4,9,2) hp=2/2
    ✓ Факел C4           @ (0,7,3) hp=6/6
    ✓ Тишина C5          @ (0,8,3) hp=2/2
    ✓ Бурав C6           @ (1,3,3) hp=4/4
    ✓ Провокатор C7      @ (0,6,3) hp=2/2
    ✗ Артиллерия C1      @ (0,4,3) [уничтожен]
    ✗ Радиовышка C2      @ (4,6,6) [уничтожен]
    ✗ Паук C8            @ (2,5,4) [уничтожен]

======================================================================
ХОД 10
======================================================================
✓ 🎮 GM: начинаем ход
GM: start_turn

--- Радиовышки: сканирование слоя Z ---
  (у команд не осталось живых радиовышек)

--- Решения ботов ---
  [Team A] все корабли пропускают ход
  [Team B] Прыгун B3 (0,4,3) → MOVE (0,6,3)
  [Team C] Прыгун C3 (4,9,2) → MOVE (3,8,3)
  [Team C] Факел C4 (0,7,3) → SHOOT at (0,4,3)
  [Team C] Бурав C6 (1,3,3) → MOVE (0,4,3)
  [Team C] Провокатор C7 (0,6,3) → HOLOGRAM (0,5,3)
  [Team C] Тишина C5 → SKIP
! 🎮 GM: принудительно завершает фазу планирования
GM: end_planning
# 
============================================================
# 🔄 ОБРАБОТКА ХОДА 10
# ============================================================
   🌀 Тишина C5: фаза спала (действовала 1 ход)
   🪞 Провокатор C7 создал голограмму H6 в (0,5,3)

📦 ПЕРЕМЕЩЕНИЯ:
✓    💥 Прыгун B3 тараном уничтожил Провокатор C7 в (0,6,3)
   Прыгун B3: (0, 4, 3) → (0,6,3)
   Прыгун C3: (4, 9, 2) → (3,8,3)
   Бурав C6: (1, 3, 3) → (0,4,3)

🎯 ВЫСТРЕЛЫ:
✓    ✅ Факел C4 поразил Прыгун B3 (1 урона)!
   Выпущено ракет: 1
# 
📊 РЕЗУЛЬТАТЫ ХОДА 10:
✓ 💥 ПОПАДАНИЯ:
✓    Факел C4 (Team C) → Прыгун B3 (Team B)

--- Результаты хода ---
  Team B / Прыгун B3          → Team C / Провокатор C7      @ (0,6,3)  (УБИТ)
  Team C / Факел C4           → Team B / Прыгун B3          @ (0,6,3)  (ранен)

--- Состояние команд после хода ---
  Team A: живых 0/8
    ✗ Артиллерия A1      @ (5,9,4) [уничтожен]
    ✗ Радиовышка A2      @ (5,9,7) [уничтожен]
    ✗ Прыгун A3          @ (5,9,8) [уничтожен]
    ✗ Факел A4           @ (5,9,6) [уничтожен]
    ✗ Тишина A5          @ (5,9,5) [уничтожен]
    ✗ Бурав A6           @ (3,9,2) [уничтожен]
    ✗ Провокатор A7      @ (5,9,3) [уничтожен]
    ✗ Паук A8            @ (5,9,1) [уничтожен]
  Team B: живых 1/8
    ✓ Прыгун B3          @ (0,6,3) hp=1/2
    ✗ Артиллерия B1      @ (5,9,2) [уничтожен]
    ✗ Радиовышка B2      @ (5,9,2) [уничтожен]
    ✗ Факел B4           @ (3,9,2) [уничтожен]
    ✗ Тишина B5          @ (6,9,1) [уничтожен]
    ✗ Бурав B6           @ (5,9,8) [уничтожен]
    ✗ Провокатор B7      @ (8,9,2) [уничтожен]
    ✗ Паук B8            @ (1,9,2) [уничтожен]
  Team C: живых 4/8
    ✓ Прыгун C3          @ (3,8,3) hp=2/2
    ✓ Факел C4           @ (0,7,3) hp=6/6
    ✓ Тишина C5          @ (0,8,3) hp=2/2
    ✓ Бурав C6           @ (0,4,3) hp=4/4
    ✗ Артиллерия C1      @ (0,4,3) [уничтожен]
    ✗ Радиовышка C2      @ (4,6,6) [уничтожен]
    ✗ Провокатор C7      @ (0,6,3) [уничтожен]
    ✗ Паук C8            @ (2,5,4) [уничтожен]

======================================================================
ХОД 11
======================================================================
✓ 🎮 GM: начинаем ход
GM: start_turn

--- Радиовышки: сканирование слоя Z ---
  (у команд не осталось живых радиовышек)

--- Решения ботов ---
  [Team A] все корабли пропускают ход
  [Team B] Прыгун B3 (0,6,3) → MOVE (0,7,3)
  [Team C] Прыгун C3 (3,8,3) → MOVE (2,7,3)
  [Team C] Факел C4 (0,7,3) → SHOOT at (0,6,3)
  [Team C] Бурав C6 (0,4,3) → MOVE (0,6,3)
  [Team C] Тишина C5 → SKIP
! 🎮 GM: принудительно завершает фазу планирования
GM: end_planning
# 
============================================================
# 🔄 ОБРАБОТКА ХОДА 11
# ============================================================

📦 ПЕРЕМЕЩЕНИЯ:
✓    💥 Прыгун B3 тараном уничтожил Факел C4 в (0,7,3)
   Прыгун B3: (0, 6, 3) → (0,7,3)
   Прыгун C3: (3, 8, 3) → (2,7,3)
   Бурав C6: (0, 4, 3) → (0,6,3)

🎯 ВЫСТРЕЛЫ:
   Выпущено ракет: 0
# 
📊 РЕЗУЛЬТАТЫ ХОДА 11:
🎯 Попаданий нет

--- Результаты хода ---
  Team B / Прыгун B3          → Team C / Факел C4           @ (0,7,3)  (УБИТ)

--- Состояние команд после хода ---
  Team A: живых 0/8
    ✗ Артиллерия A1      @ (5,9,4) [уничтожен]
    ✗ Радиовышка A2      @ (5,9,7) [уничтожен]
    ✗ Прыгун A3          @ (5,9,8) [уничтожен]
    ✗ Факел A4           @ (5,9,6) [уничтожен]
    ✗ Тишина A5          @ (5,9,5) [уничтожен]
    ✗ Бурав A6           @ (3,9,2) [уничтожен]
    ✗ Провокатор A7      @ (5,9,3) [уничтожен]
    ✗ Паук A8            @ (5,9,1) [уничтожен]
  Team B: живых 1/8
    ✓ Прыгун B3          @ (0,7,3) hp=1/2
    ✗ Артиллерия B1      @ (5,9,2) [уничтожен]
    ✗ Радиовышка B2      @ (5,9,2) [уничтожен]
    ✗ Факел B4           @ (3,9,2) [уничтожен]
    ✗ Тишина B5          @ (6,9,1) [уничтожен]
    ✗ Бурав B6           @ (5,9,8) [уничтожен]
    ✗ Провокатор B7      @ (8,9,2) [уничтожен]
    ✗ Паук B8            @ (1,9,2) [уничтожен]
  Team C: живых 3/8
    ✓ Прыгун C3          @ (2,7,3) hp=2/2
    ✓ Тишина C5          @ (0,8,3) hp=2/2
    ✓ Бурав C6           @ (0,6,3) hp=4/4
    ✗ Артиллерия C1      @ (0,4,3) [уничтожен]
    ✗ Радиовышка C2      @ (4,6,6) [уничтожен]
    ✗ Факел C4           @ (0,7,3) [уничтожен]
    ✗ Провокатор C7      @ (0,6,3) [уничтожен]
    ✗ Паук C8            @ (2,5,4) [уничтожен]

======================================================================
ХОД 12
======================================================================
✓ 🎮 GM: начинаем ход
GM: start_turn

--- Радиовышки: сканирование слоя Z ---
  (у команд не осталось живых радиовышек)

--- Решения ботов ---
  [Team A] все корабли пропускают ход
  [Team B] Прыгун B3 (0,7,3) → MOVE (2,7,3)
  [Team C] Прыгун C3 (2,7,3) → MOVE (0,7,3)
  [Team C] Бурав C6 → SKIP
  [Team C] Тишина C5 → SKIP
! 🎮 GM: принудительно завершает фазу планирования
GM: end_planning
# 
============================================================
# 🔄 ОБРАБОТКА ХОДА 12
# ============================================================

📦 ПЕРЕМЕЩЕНИЯ:
✓    💥 Прыгун B3 тараном уничтожил Прыгун C3 в (2,7,3)
   Прыгун B3: (0, 7, 3) → (2,7,3)

🎯 ВЫСТРЕЛЫ:
   Выпущено ракет: 0
# 
📊 РЕЗУЛЬТАТЫ ХОДА 12:
🎯 Попаданий нет

--- Результаты хода ---
  Team B / Прыгун B3          → Team C / Прыгун C3          @ (2,7,3)  (УБИТ)

--- Состояние команд после хода ---
  Team A: живых 0/8
    ✗ Артиллерия A1      @ (5,9,4) [уничтожен]
    ✗ Радиовышка A2      @ (5,9,7) [уничтожен]
    ✗ Прыгун A3          @ (5,9,8) [уничтожен]
    ✗ Факел A4           @ (5,9,6) [уничтожен]
    ✗ Тишина A5          @ (5,9,5) [уничтожен]
    ✗ Бурав A6           @ (3,9,2) [уничтожен]
    ✗ Провокатор A7      @ (5,9,3) [уничтожен]
    ✗ Паук A8            @ (5,9,1) [уничтожен]
  Team B: живых 1/8
    ✓ Прыгун B3          @ (2,7,3) hp=1/2
    ✗ Артиллерия B1      @ (5,9,2) [уничтожен]
    ✗ Радиовышка B2      @ (5,9,2) [уничтожен]
    ✗ Факел B4           @ (3,9,2) [уничтожен]
    ✗ Тишина B5          @ (6,9,1) [уничтожен]
    ✗ Бурав B6           @ (5,9,8) [уничтожен]
    ✗ Провокатор B7      @ (8,9,2) [уничтожен]
    ✗ Паук B8            @ (1,9,2) [уничтожен]
  Team C: живых 2/8
    ✓ Тишина C5          @ (0,8,3) hp=2/2
    ✓ Бурав C6           @ (0,6,3) hp=4/4
    ✗ Артиллерия C1      @ (0,4,3) [уничтожен]
    ✗ Радиовышка C2      @ (4,6,6) [уничтожен]
    ✗ Прыгун C3          @ (2,7,3) [уничтожен]
    ✗ Факел C4           @ (0,7,3) [уничтожен]
    ✗ Провокатор C7      @ (0,6,3) [уничтожен]
    ✗ Паук C8            @ (2,5,4) [уничтожен]

======================================================================
ХОД 13
======================================================================
✓ 🎮 GM: начинаем ход
GM: start_turn

--- Радиовышки: сканирование слоя Z ---
  (у команд не осталось живых радиовышек)

--- Решения ботов ---
  [Team A] все корабли пропускают ход
  [Team B] Прыгун B3 (2,7,3) → MOVE (0,6,3)
  [Team C] Тишина C5 (0,8,3) → PHASE toggle
  [Team C] Бурав C6 (0,6,3) → MOVE (1,7,3)
! 🎮 GM: принудительно завершает фазу планирования
GM: end_planning
# 
============================================================
# 🔄 ОБРАБОТКА ХОДА 13
# ============================================================
   🌀 Тишина C5: уходит в фазу на 1 ход

📦 ПЕРЕМЕЩЕНИЯ:
✓    💥 Прыгун B3 тараном уничтожил Бурав C6 в (0,6,3)
   Прыгун B3: (2, 7, 3) → (0,6,3)

🎯 ВЫСТРЕЛЫ:
   Выпущено ракет: 0
# 
📊 РЕЗУЛЬТАТЫ ХОДА 13:
🎯 Попаданий нет

--- Результаты хода ---
  Team B / Прыгун B3          → Team C / Бурав C6           @ (0,6,3)  (УБИТ)

--- Состояние команд после хода ---
  Team A: живых 0/8
    ✗ Артиллерия A1      @ (5,9,4) [уничтожен]
    ✗ Радиовышка A2      @ (5,9,7) [уничтожен]
    ✗ Прыгун A3          @ (5,9,8) [уничтожен]
    ✗ Факел A4           @ (5,9,6) [уничтожен]
    ✗ Тишина A5          @ (5,9,5) [уничтожен]
    ✗ Бурав A6           @ (3,9,2) [уничтожен]
    ✗ Провокатор A7      @ (5,9,3) [уничтожен]
    ✗ Паук A8            @ (5,9,1) [уничтожен]
  Team B: живых 1/8
    ✓ Прыгун B3          @ (0,6,3) hp=1/2
    ✗ Артиллерия B1      @ (5,9,2) [уничтожен]
    ✗ Радиовышка B2      @ (5,9,2) [уничтожен]
    ✗ Факел B4           @ (3,9,2) [уничтожен]
    ✗ Тишина B5          @ (6,9,1) [уничтожен]
    ✗ Бурав B6           @ (5,9,8) [уничтожен]
    ✗ Провокатор B7      @ (8,9,2) [уничтожен]
    ✗ Паук B8            @ (1,9,2) [уничтожен]
  Team C: живых 1/8
    ✓ Тишина C5          @ (0,8,3) hp=2/2
    ✗ Артиллерия C1      @ (0,4,3) [уничтожен]
    ✗ Радиовышка C2      @ (4,6,6) [уничтожен]
    ✗ Прыгун C3          @ (2,7,3) [уничтожен]
    ✗ Факел C4           @ (0,7,3) [уничтожен]
    ✗ Бурав C6           @ (0,6,3) [уничтожен]
    ✗ Провокатор C7      @ (0,6,3) [уничтожен]
    ✗ Паук C8            @ (2,5,4) [уничтожен]

======================================================================
ХОД 14
======================================================================
✓ 🎮 GM: начинаем ход
GM: start_turn

--- Радиовышки: сканирование слоя Z ---
  (у команд не осталось живых радиовышек)

--- Решения ботов ---
  [Team A] все корабли пропускают ход
  [Team B] Прыгун B3 (0,6,3) → MOVE (0,7,3)
  [Team C] Тишина C5 (0,8,3) → MOVE (0,7,3)
! 🎮 GM: принудительно завершает фазу планирования
GM: end_planning
# 
============================================================
# 🔄 ОБРАБОТКА ХОДА 14
# ============================================================
   🌀 Тишина C5: фаза спала (действовала 1 ход)

📦 ПЕРЕМЕЩЕНИЯ:
   Прыгун B3: (0, 6, 3) → (0,7,3)
!    ⚠️ Тишина C5: клетка (0,7,3) занята

🎯 ВЫСТРЕЛЫ:
   Выпущено ракет: 0
# 
📊 РЕЗУЛЬТАТЫ ХОДА 14:
🎯 Попаданий нет

--- Результаты хода ---
  Попаданий нет

--- Состояние команд после хода ---
  Team A: живых 0/8
    ✗ Артиллерия A1      @ (5,9,4) [уничтожен]
    ✗ Радиовышка A2      @ (5,9,7) [уничтожен]
    ✗ Прыгун A3          @ (5,9,8) [уничтожен]
    ✗ Факел A4           @ (5,9,6) [уничтожен]
    ✗ Тишина A5          @ (5,9,5) [уничтожен]
    ✗ Бурав A6           @ (3,9,2) [уничтожен]
    ✗ Провокатор A7      @ (5,9,3) [уничтожен]
    ✗ Паук A8            @ (5,9,1) [уничтожен]
  Team B: живых 1/8
    ✓ Прыгун B3          @ (0,7,3) hp=1/2
    ✗ Артиллерия B1      @ (5,9,2) [уничтожен]
    ✗ Радиовышка B2      @ (5,9,2) [уничтожен]
    ✗ Факел B4           @ (3,9,2) [уничтожен]
    ✗ Тишина B5          @ (6,9,1) [уничтожен]
    ✗ Бурав B6           @ (5,9,8) [уничтожен]
    ✗ Провокатор B7      @ (8,9,2) [уничтожен]
    ✗ Паук B8            @ (1,9,2) [уничтожен]
  Team C: живых 1/8
    ✓ Тишина C5          @ (0,8,3) hp=2/2
    ✗ Артиллерия C1      @ (0,4,3) [уничтожен]
    ✗ Радиовышка C2      @ (4,6,6) [уничтожен]
    ✗ Прыгун C3          @ (2,7,3) [уничтожен]
    ✗ Факел C4           @ (0,7,3) [уничтожен]
    ✗ Бурав C6           @ (0,6,3) [уничтожен]
    ✗ Провокатор C7      @ (0,6,3) [уничтожен]
    ✗ Паук C8            @ (2,5,4) [уничтожен]

======================================================================
ХОД 15
======================================================================
✓ 🎮 GM: начинаем ход
GM: start_turn

--- Радиовышки: сканирование слоя Z ---
  (у команд не осталось живых радиовышек)

--- Решения ботов ---
  [Team A] все корабли пропускают ход
  [Team B] Прыгун B3 (0,7,3) → MOVE (0,8,3)
  [Team C] Тишина C5 (0,8,3) → MOVE (0,7,3)
! 🎮 GM: принудительно завершает фазу планирования
GM: end_planning
# 
============================================================
# 🔄 ОБРАБОТКА ХОДА 15
# ============================================================

📦 ПЕРЕМЕЩЕНИЯ:
✓    💥 Прыгун B3 тараном уничтожил Тишина C5 в (0,8,3)
   Прыгун B3: (0, 7, 3) → (0,8,3)

🎯 ВЫСТРЕЛЫ:
   Выпущено ракет: 0
# 
📊 РЕЗУЛЬТАТЫ ХОДА 15:
🎯 Попаданий нет
# 
🎮🎮🎮🎮🎮🎮🎮🎮🎮🎮🎮🎮🎮🎮🎮🎮🎮🎮🎮🎮
#         ИГРА ОКОНЧЕНА!
# 🎮🎮🎮🎮🎮🎮🎮🎮🎮🎮🎮🎮🎮🎮🎮🎮🎮🎮🎮🎮
✓         🏆 ПОБЕДИТЕЛЬ: Team B

--- Результаты хода ---
  Team B / Прыгун B3          → Team C / Тишина C5          @ (0,8,3)  (УБИТ)

--- Состояние команд после хода ---
  Team A: живых 0/8
    ✗ Артиллерия A1      @ (5,9,4) [уничтожен]
    ✗ Радиовышка A2      @ (5,9,7) [уничтожен]
    ✗ Прыгун A3          @ (5,9,8) [уничтожен]
    ✗ Факел A4           @ (5,9,6) [уничтожен]
    ✗ Тишина A5          @ (5,9,5) [уничтожен]
    ✗ Бурав A6           @ (3,9,2) [уничтожен]
    ✗ Провокатор A7      @ (5,9,3) [уничтожен]
    ✗ Паук A8            @ (5,9,1) [уничтожен]
  Team B: живых 1/8
    ✓ Прыгун B3          @ (0,8,3) hp=1/2
    ✗ Артиллерия B1      @ (5,9,2) [уничтожен]
    ✗ Радиовышка B2      @ (5,9,2) [уничтожен]
    ✗ Факел B4           @ (3,9,2) [уничтожен]
    ✗ Тишина B5          @ (6,9,1) [уничтожен]
    ✗ Бурав B6           @ (5,9,8) [уничтожен]
    ✗ Провокатор B7      @ (8,9,2) [уничтожен]
    ✗ Паук B8            @ (1,9,2) [уничтожен]
  Team C: живых 0/8
    ✗ Артиллерия C1      @ (0,4,3) [уничтожен]
    ✗ Радиовышка C2      @ (4,6,6) [уничтожен]
    ✗ Прыгун C3          @ (2,7,3) [уничтожен]
    ✗ Факел C4           @ (0,7,3) [уничтожен]
    ✗ Тишина C5          @ (0,8,3) [уничтожен]
    ✗ Бурав C6           @ (0,6,3) [уничтожен]
    ✗ Провокатор C7      @ (0,6,3) [уничтожен]
    ✗ Паук C8            @ (2,5,4) [уничтожен]

======================================================================
ИТОГ
======================================================================
Игра окончена. Победитель: Team B
Ходов сыграно: 15

--- Сводка по командам ---
  Team A: 0/8 живых; hp=0
  Team B: 1/8 живых; hp=1
  Team C: 0/8 живых; hp=0

--- Сводка по пассивкам радиовышек ---
  Team A: сканирований=4, всего врагов-в-слоях=0, уникальных эксклюзивных (видны только радиовышкой)=0
  Team B: сканирований=3, всего врагов-в-слоях=3, уникальных эксклюзивных (видны только радиовышкой)=0
  Team C: сканирований=7, всего врагов-в-слоях=4, уникальных эксклюзивных (видны только радиовышкой)=2

--- Сводка по попаданиям ---
  Всего событий (шоты+тараны+мины): 26
  Уничтожено кораблей всего: 23
  Team A: урон=8 хиты=1 тараны=2 мины(сработало)=0 убийств=2
  Team B: урон=35 хиты=0 тараны=13 мины(сработало)=0 убийств=13
  Team C: урон=20 хиты=5 тараны=5 мины(сработало)=0 убийств=8
! 🎮 GM: остановка игры
