======================================================================
Space Battle 10×10×10 — simulation run at 2026-04-20T13:39:21+00:00
Game mode: advanced
Seed: 127
✓ 🚀 Продвинутый режим: создаю разные типы кораблей
   Команда A: спавн вдоль оси X от (9, 9, 9) до (6, 9, 9)
   Команда B: спавн вдоль оси Y от (4, 0, 6) до (4, 6, 6)
   Команда C: спавн вдоль оси X от (5, 9, 5) до (6, 9, 5)
✓ ✅ Создано 24 кораблей


--- СТАРТОВАЯ РАССТАНОВКА ---
  Team A: живых 8/8
    ✓ Артиллерия A1      @ (9,9,9) hp=1/1
    ✓ Радиовышка A2      @ (1,9,9) hp=3/3
    ✓ Прыгун A3          @ (0,9,9) hp=2/2
    ✓ Факел A4           @ (7,9,9) hp=6/6
    ✓ Тишина A5          @ (2,9,9) hp=2/2
    ✓ Бурав A6           @ (8,9,9) hp=4/4
    ✓ Провокатор A7      @ (3,9,9) hp=2/2
    ✓ Паук A8            @ (6,9,9) hp=1/1
  Team B: живых 8/8
    ✓ Артиллерия B1      @ (4,0,6) hp=1/1
    ✓ Радиовышка B2      @ (4,5,6) hp=3/3
    ✓ Прыгун B3          @ (4,4,6) hp=2/2
    ✓ Факел B4           @ (4,7,6) hp=6/6
    ✓ Тишина B5          @ (4,8,6) hp=2/2
    ✓ Бурав B6           @ (4,9,6) hp=4/4
    ✓ Провокатор B7      @ (4,3,6) hp=2/2
    ✓ Паук B8            @ (4,6,6) hp=1/1
  Team C: живых 8/8
    ✓ Артиллерия C1      @ (5,9,5) hp=1/1
    ✓ Радиовышка C2      @ (0,9,5) hp=3/3
    ✓ Прыгун C3          @ (7,9,5) hp=2/2
    ✓ Факел C4           @ (1,9,5) hp=6/6
    ✓ Тишина C5          @ (9,9,5) hp=2/2
    ✓ Бурав C6           @ (4,9,5) hp=4/4
    ✓ Провокатор C7      @ (2,9,5) hp=2/2
    ✓ Паук C8            @ (6,9,5) hp=1/1

======================================================================
ХОД 1
======================================================================
✓ 🎮 GM: начинаем ход
GM: start_turn

--- Радиовышки: сканирование слоя Z ---
  Радиовышка A2 (z=9): слой чист
  Радиовышка B2 (z=6): слой чист
  Радиовышка C2 (z=5): слой чист

--- Решения ботов ---
  [Team A] Артиллерия A1 (9,9,9) → SHOOT at (5,9,5)
  [Team A] Радиовышка A2 (1,9,9) → MOVE (2,8,8)
  [Team A] Прыгун A3 (0,9,9) → SHOOT at (0,9,5)
  [Team A] Факел A4 (7,9,9) → SHOOT at (7,9,5)
  [Team A] Тишина A5 (2,9,9) → PHASE toggle
  [Team A] Бурав A6 (8,9,9) → MOVE (7,8,8)
  [Team A] Провокатор A7 (3,9,9) → HOLOGRAM (4,8,8)
  [Team A] Паук A8 (6,9,9) → MINE (5,8,8)
  [Team B] Артиллерия B1 (4,0,6) → SHOOT at (5,9,5)
  [Team B] Радиовышка B2 (4,5,6) → MOVE (3,6,7)
  [Team B] Прыгун B3 (4,4,6) → MOVE (3,5,7)
  [Team B] Тишина B5 (4,8,6) → PHASE toggle
  [Team B] Бурав B6 (4,9,6) → MOVE (5,9,5)
  [Team B] Провокатор B7 (4,3,6) → MOVE (3,4,7)
  [Team B] Паук B8 (4,6,6) → MINE (3,7,7)
  [Team B] Факел B4 → SKIP
  [Team C] Артиллерия C1 (5,9,5) → SHOOT at (9,9,9)
  [Team C] Радиовышка C2 (0,9,5) → MOVE (1,9,6)
  [Team C] Прыгун C3 (7,9,5) → SHOOT at (7,9,9)
  [Team C] Факел C4 (1,9,5) → SHOOT at (1,9,9)
  [Team C] Тишина C5 (9,9,5) → PHASE toggle
  [Team C] Бурав C6 (4,9,5) → MOVE (4,9,6)
  [Team C] Провокатор C7 (2,9,5) → HOLOGRAM (3,8,6)
  [Team C] Паук C8 (6,9,5) → MINE (5,8,5)
! 🎮 GM: принудительно завершает фазу планирования
GM: end_planning
# 
============================================================
# 🔄 ОБРАБОТКА ХОДА 1
# ============================================================
   🌀 Тишина A5: уходит в фазу на 1 ход
   🌀 Тишина B5: уходит в фазу на 1 ход
   🌀 Тишина C5: уходит в фазу на 1 ход
   🪞 Провокатор A7 создал голограмму H1 в (4,8,8)
   🪞 Провокатор C7 создал голограмму H2 в (3,8,6)
   💣 Паук A8 установил мину M1 в (5,8,8)
   💣 Паук B8 установил мину M2 в (3,7,7)
   💣 Паук C8 установил мину M3 в (5,8,5)

📦 ПЕРЕМЕЩЕНИЯ:
   Радиовышка A2: (1, 9, 9) → (2,8,8)
!    ⚠️ Бурав A6: Бурав двигается только по 1 оси или по 2 осям строго диагонально
   Радиовышка B2: (4, 5, 6) → (3,6,7)
   Прыгун B3: (4, 4, 6) → (3,5,7)
✓    💥 Бурав B6 тараном уничтожил Артиллерия C1 в (5,9,5)
   Бурав B6: (4, 9, 6) → (5,9,5)
   Провокатор B7: (4, 3, 6) → (3,4,7)
   Радиовышка C2: (0, 9, 5) → (1,9,6)
   Бурав C6: (4, 9, 5) → (4,9,6)

🎯 ВЫСТРЕЛЫ:
!    🛡️ Выстрел Факел C4 заблокирован союзником Радиовышка C2 в (1, 9, 6)
✓    ✅ Артиллерия A1 поразил Бурав B6 (2 урона)!
✓    ✅ Факел A4 поразил Прыгун C3 (1 урона)!
✓    ✅ Прыгун C3 поразил Факел A4 (1 урона)!
   Выпущено ракет: 6
# 
📊 РЕЗУЛЬТАТЫ ХОДА 1:
✓ 💥 ПОПАДАНИЯ:
✓    Артиллерия A1 (Team A) → Бурав B6 (Team B)
✓    Факел A4 (Team A) → Прыгун C3 (Team C)
✓    Прыгун C3 (Team C) → Факел A4 (Team A)

--- Результаты хода ---
  Team B / Бурав B6           → Team C / Артиллерия C1      @ (5,9,5)  (УБИТ)
  Team A / Артиллерия A1      → Team B / Бурав B6           @ (5,9,5)  (ранен)
  Team A / Факел A4           → Team C / Прыгун C3          @ (7,9,5)  (ранен)
  Team C / Прыгун C3          → Team A / Факел A4           @ (7,9,9)  (ранен)

--- Состояние команд после хода ---
  Team A: живых 8/8
    ✓ Артиллерия A1      @ (9,9,9) hp=1/1
    ✓ Радиовышка A2      @ (2,8,8) hp=3/3
    ✓ Прыгун A3          @ (0,9,9) hp=2/2
    ✓ Факел A4           @ (7,9,9) hp=5/6
    ✓ Тишина A5          @ (2,9,9) hp=2/2
    ✓ Бурав A6           @ (8,9,9) hp=4/4
    ✓ Провокатор A7      @ (3,9,9) hp=2/2
    ✓ Паук A8            @ (6,9,9) hp=1/1
  Team B: живых 8/8
    ✓ Артиллерия B1      @ (4,0,6) hp=1/1
    ✓ Радиовышка B2      @ (3,6,7) hp=3/3
    ✓ Прыгун B3          @ (3,5,7) hp=2/2
    ✓ Факел B4           @ (4,7,6) hp=6/6
    ✓ Тишина B5          @ (4,8,6) hp=2/2
    ✓ Бурав B6           @ (5,9,5) hp=2/4
    ✓ Провокатор B7      @ (3,4,7) hp=2/2
    ✓ Паук B8            @ (4,6,6) hp=1/1
  Team C: живых 7/8
    ✓ Радиовышка C2      @ (1,9,6) hp=3/3
    ✓ Прыгун C3          @ (7,9,5) hp=1/2
    ✓ Факел C4           @ (1,9,5) hp=6/6
    ✓ Тишина C5          @ (9,9,5) hp=2/2
    ✓ Бурав C6           @ (4,9,6) hp=4/4
    ✓ Провокатор C7      @ (2,9,5) hp=2/2
    ✓ Паук C8            @ (6,9,5) hp=1/1
    ✗ Артиллерия C1      @ (5,9,5) [уничтожен]

======================================================================
ХОД 2
======================================================================
✓ 🎮 GM: начинаем ход
GM: start_turn

--- Радиовышки: сканирование слоя Z ---
  Радиовышка A2 (z=8): слой чист
  Радиовышка B2 (z=7): слой чист
  Радиовышка C2 (z=6): видит 3 врагов [+1 эксклюзивно] → Артиллерия B1(4,0,6), Паук B8(4,6,6), Факел B4(4,7,6)

--- Решения ботов ---
  [Team A] Артиллерия A1 (9,9,9) → SHOOT at (7,9,5)
  [Team A] Радиовышка A2 (2,8,8) → MOVE (3,7,7)
  [Team A] Прыгун A3 (0,9,9) → MOVE (1,8,8)
  [Team A] Факел A4 (7,9,9) → HEAL (AoE)
  [Team A] Тишина A5 (2,9,9) → MOVE (3,8,8)
  [Team A] Бурав A6 (8,9,9) → MOVE (7,8,8)
  [Team A] Провокатор A7 (3,9,9) → HOLOGRAM (3,9,8)
  [Team A] Паук A8 (6,9,9) → MINE (5,8,8)
  [Team B] Артиллерия B1 (4,0,6) → SHOOT at (9,9,9)
  [Team B] Радиовышка B2 (3,6,7) → MOVE (2,7,8)
  [Team B] Прыгун B3 (3,5,7) → MOVE (2,6,8)
  [Team B] Факел B4 (4,7,6) → HEAL (AoE)
  [Team B] Тишина B5 (4,8,6) → MOVE (4,9,6)
  [Team B] Бурав B6 (5,9,5) → MOVE (2,9,5)
  [Team B] Провокатор B7 (3,4,7) → HOLOGRAM (2,5,8)
  [Team B] Паук B8 (4,6,6) → MINE (3,7,7)
  [Team C] Радиовышка C2 (1,9,6) → MOVE (2,8,7)
  [Team C] Прыгун C3 (7,9,5) → MOVE (5,9,5)
  [Team C] Факел C4 (1,9,5) → SHOOT at (5,9,5)
  [Team C] Тишина C5 (9,9,5) → MOVE (9,9,6)
  [Team C] Бурав C6 (4,9,6) → MOVE (4,7,6)
  [Team C] Провокатор C7 (2,9,5) → HOLOGRAM (3,8,6)
  [Team C] Паук C8 → SKIP
! 🎮 GM: принудительно завершает фазу планирования
GM: end_planning
# 
============================================================
# 🔄 ОБРАБОТКА ХОДА 2
# ============================================================
   🌀 Тишина A5: фаза спала (действовала 1 ход)
   🌀 Тишина B5: фаза спала (действовала 1 ход)
   🌀 Тишина C5: фаза спала (действовала 1 ход)
   🪞 Провокатор A7 создал голограмму H3 в (3,9,8)
   🪞 Провокатор B7 создал голограмму H4 в (2,5,8)
!    ⚠️ Провокатор C7: клетка (3,8,6) уже занята голограммой
!    ⚠️ Паук A8: в клетке уже стоит мина
!    ⚠️ Паук B8: в клетке уже стоит мина

📦 ПЕРЕМЕЩЕНИЯ:
   Радиовышка A2: (2, 8, 8) → (3,7,7)
!    💥 Мина M2 сработала под Радиовышка A2 (урон 2)
   Прыгун A3: (0, 9, 9) → (1,8,8)
   Тишина A5: (2, 9, 9) → (3,8,8)
!    ⚠️ Бурав A6: Бурав двигается только по 1 оси или по 2 осям строго диагонально
   Радиовышка B2: (3, 6, 7) → (2,7,8)
   Прыгун B3: (3, 5, 7) → (2,6,8)
!    ⚠️ Тишина B5: клетка (4,9,6) занята
✓    💥 Бурав B6 тараном уничтожил Провокатор C7 в (2,9,5)
   Бурав B6: (5, 9, 5) → (2,9,5)
   Радиовышка C2: (1, 9, 6) → (2,8,7)
   Прыгун C3: (7, 9, 5) → (5,9,5)
   Тишина C5: (9, 9, 5) → (9,9,6)
✓    💥 Бурав C6 тараном уничтожил Факел B4 в (4,7,6)
   Бурав C6: (4, 9, 6) → (4,7,6)

🎯 ВЫСТРЕЛЫ:
✓    ✅ Артиллерия B1 поразил Артиллерия A1 (2 урона)!
✓    ✅ Факел C4 поразил Бурав B6 (1 урона)!
✓    💚 Факел A4 лечит Факел A4 → hits=0/6
   Выпущено ракет: 3
# 
📊 РЕЗУЛЬТАТЫ ХОДА 2:
✓ 💥 ПОПАДАНИЯ:
✓    Артиллерия B1 (Team B) → Артиллерия A1 (Team A)
✓    Факел C4 (Team C) → Бурав B6 (Team B)

--- Результаты хода ---
  ? / ?                  → Team A / Радиовышка A2      @ (3,7,7)  (ранен)
  Team B / Бурав B6           → Team C / Провокатор C7      @ (2,9,5)  (УБИТ)
  Team C / Бурав C6           → Team B / Факел B4           @ (4,7,6)  (УБИТ)
  Team B / Артиллерия B1      → Team A / Артиллерия A1      @ (9,9,9)  (УБИТ)
  Team C / Факел C4           → Team B / Бурав B6           @ (2,9,5)  (ранен)

--- Состояние команд после хода ---
  Team A: живых 7/8
    ✓ Радиовышка A2      @ (3,7,7) hp=1/3
    ✓ Прыгун A3          @ (1,8,8) hp=2/2
    ✓ Факел A4           @ (7,9,9) hp=6/6
    ✓ Тишина A5          @ (3,8,8) hp=2/2
    ✓ Бурав A6           @ (8,9,9) hp=4/4
    ✓ Провокатор A7      @ (3,9,9) hp=2/2
    ✓ Паук A8            @ (6,9,9) hp=1/1
    ✗ Артиллерия A1      @ (9,9,9) [уничтожен]
  Team B: живых 7/8
    ✓ Артиллерия B1      @ (4,0,6) hp=1/1
    ✓ Радиовышка B2      @ (2,7,8) hp=3/3
    ✓ Прыгун B3          @ (2,6,8) hp=2/2
    ✓ Тишина B5          @ (4,8,6) hp=2/2
    ✓ Бурав B6           @ (2,9,5) hp=1/4
    ✓ Провокатор B7      @ (3,4,7) hp=2/2
    ✓ Паук B8            @ (4,6,6) hp=1/1
    ✗ Факел B4           @ (4,7,6) [уничтожен]
  Team C: живых 6/8
    ✓ Радиовышка C2      @ (2,8,7) hp=3/3
    ✓ Прыгун C3          @ (5,9,5) hp=1/2
    ✓ Факел C4           @ (1,9,5) hp=6/6
    ✓ Тишина C5          @ (9,9,6) hp=2/2
    ✓ Бурав C6           @ (4,7,6) hp=4/4
    ✓ Паук C8            @ (6,9,5) hp=1/1
    ✗ Артиллерия C1      @ (5,9,5) [уничтожен]
    ✗ Провокатор C7      @ (2,9,5) [уничтожен]

======================================================================
ХОД 3
======================================================================
✓ 🎮 GM: начинаем ход
GM: start_turn

--- Радиовышки: сканирование слоя Z ---
  Радиовышка A2 (z=7): видит 2 врагов  → Провокатор B7(3,4,7), Радиовышка C2(2,8,7)
  Радиовышка B2 (z=8): видит 2 врагов  → Прыгун A3(1,8,8), Тишина A5(3,8,8)
  Радиовышка C2 (z=7): видит 2 врагов  → Радиовышка A2(3,7,7), Провокатор B7(3,4,7)

--- Решения ботов ---
  [Team A] Радиовышка A2 (3,7,7) → MOVE (2,7,8)
  [Team A] Прыгун A3 (1,8,8) → MOVE (2,6,8)
  [Team A] Факел A4 (7,9,9) → MOVE (6,8,8)
  [Team A] Тишина A5 (3,8,8) → MOVE (2,8,8)
  [Team A] Бурав A6 (8,9,9) → MOVE (9,9,8)
  [Team A] Провокатор A7 (3,9,9) → HOLOGRAM (2,9,8)
  [Team A] Паук A8 (6,9,9) → MINE (5,8,8)
  [Team B] Артиллерия B1 (4,0,6) → SHOOT at (5,9,5)
  [Team B] Радиовышка B2 (2,7,8) → MOVE (3,7,7)
  [Team B] Прыгун B3 (2,6,8) → MOVE (1,8,8)
  [Team B] Тишина B5 (4,8,6) → MOVE (3,8,6)
  [Team B] Бурав B6 (2,9,5) → MOVE (1,9,5)
  [Team B] Провокатор B7 (3,4,7) → HOLOGRAM (3,5,7)
  [Team B] Паук B8 (4,6,6) → MINE (3,7,6)
  [Team C] Радиовышка C2 (2,8,7) → MOVE (3,7,7)
  [Team C] Прыгун C3 (5,9,5) → MOVE (4,8,6)
  [Team C] Факел C4 (1,9,5) → SHOOT at (2,9,5)
  [Team C] Тишина C5 (9,9,6) → MOVE (8,9,7)
  [Team C] Бурав C6 (4,7,6) → MOVE (2,7,8)
  [Team C] Паук C8 (6,9,5) → MINE (5,8,6)
! 🎮 GM: принудительно завершает фазу планирования
GM: end_planning
# 
============================================================
# 🔄 ОБРАБОТКА ХОДА 3
# ============================================================
   🪞 Провокатор A7 создал голограмму H5 в (2,9,8)
   🪞 Провокатор B7 создал голограмму H6 в (3,5,7)
!    ⚠️ Паук A8: в клетке уже стоит мина
   💣 Паук B8 установил мину M4 в (3,7,6)
   💣 Паук C8 установил мину M5 в (5,8,6)

📦 ПЕРЕМЕЩЕНИЯ:
!    ⚠️ Радиовышка A2: клетка (2,7,8) занята
✓    💥 Прыгун A3 тараном уничтожил Прыгун B3 в (2,6,8)
   Прыгун A3: (1, 8, 8) → (2,6,8)
   Факел A4: (7, 9, 9) → (6,8,8)
   Тишина A5: (3, 8, 8) → (2,8,8)
   Бурав A6: (8, 9, 9) → (9,9,8)
!    ⚠️ Радиовышка B2: клетка (3,7,7) занята
!    ⚠️ Тишина B5: клетка (3,8,6) занята
✓    💥 Бурав B6 тараном уничтожил Факел C4 в (1,9,5)
   Бурав B6: (2, 9, 5) → (1,9,5)
!    ⚠️ Радиовышка C2: клетка (3,7,7) занята
✓    💥 Прыгун C3 тараном уничтожил Тишина B5 в (4,8,6)
   Прыгун C3: (5, 9, 5) → (4,8,6)
   Тишина C5: (9, 9, 6) → (8,9,7)
✓    💥 Бурав C6 тараном уничтожил Радиовышка B2 в (2,7,8)
   Бурав C6: (4, 7, 6) → (2,7,8)

🎯 ВЫСТРЕЛЫ:
   Выпущено ракет: 1
# 
📊 РЕЗУЛЬТАТЫ ХОДА 3:
🎯 Попаданий нет

--- Результаты хода ---
  Team A / Прыгун A3          → Team B / Прыгун B3          @ (2,6,8)  (УБИТ)
  Team B / Бурав B6           → Team C / Факел C4           @ (1,9,5)  (УБИТ)
  Team C / Прыгун C3          → Team B / Тишина B5          @ (4,8,6)  (УБИТ)
  Team C / Бурав C6           → Team B / Радиовышка B2      @ (2,7,8)  (УБИТ)

--- Состояние команд после хода ---
  Team A: живых 7/8
    ✓ Радиовышка A2      @ (3,7,7) hp=1/3
    ✓ Прыгун A3          @ (2,6,8) hp=2/2
    ✓ Факел A4           @ (6,8,8) hp=6/6
    ✓ Тишина A5          @ (2,8,8) hp=2/2
    ✓ Бурав A6           @ (9,9,8) hp=4/4
    ✓ Провокатор A7      @ (3,9,9) hp=2/2
    ✓ Паук A8            @ (6,9,9) hp=1/1
    ✗ Артиллерия A1      @ (9,9,9) [уничтожен]
  Team B: живых 4/8
    ✓ Артиллерия B1      @ (4,0,6) hp=1/1
    ✓ Бурав B6           @ (1,9,5) hp=1/4
    ✓ Провокатор B7      @ (3,4,7) hp=2/2
    ✓ Паук B8            @ (4,6,6) hp=1/1
    ✗ Радиовышка B2      @ (2,7,8) [уничтожен]
    ✗ Прыгун B3          @ (2,6,8) [уничтожен]
    ✗ Факел B4           @ (4,7,6) [уничтожен]
    ✗ Тишина B5          @ (4,8,6) [уничтожен]
  Team C: живых 5/8
    ✓ Радиовышка C2      @ (2,8,7) hp=3/3
    ✓ Прыгун C3          @ (4,8,6) hp=1/2
    ✓ Тишина C5          @ (8,9,7) hp=2/2
    ✓ Бурав C6           @ (2,7,8) hp=4/4
    ✓ Паук C8            @ (6,9,5) hp=1/1
    ✗ Артиллерия C1      @ (5,9,5) [уничтожен]
    ✗ Факел C4           @ (1,9,5) [уничтожен]
    ✗ Провокатор C7      @ (2,9,5) [уничтожен]

======================================================================
ХОД 4
======================================================================
✓ 🎮 GM: начинаем ход
GM: start_turn

--- Радиовышки: сканирование слоя Z ---
  Радиовышка A2 (z=7): видит 3 врагов  → Провокатор B7(3,4,7), Радиовышка C2(2,8,7), Тишина C5(8,9,7)
  Радиовышка C2 (z=7): видит 2 врагов  → Радиовышка A2(3,7,7), Провокатор B7(3,4,7)

--- Решения ботов ---
  [Team A] Радиовышка A2 (3,7,7) → MOVE (4,6,6)
  [Team A] Прыгун A3 (2,6,8) → MOVE (3,4,7)
  [Team A] Факел A4 (6,8,8) → MOVE (5,7,7)
  [Team A] Тишина A5 (2,8,8) → MOVE (2,8,7)
  [Team A] Бурав A6 (9,9,8) → MOVE (8,9,7)
  [Team A] Провокатор A7 (3,9,9) → HOLOGRAM (3,8,8)
  [Team A] Паук A8 (6,9,9) → MINE (7,9,8)
  [Team B] Артиллерия B1 (4,0,6) → SHOOT at (4,8,6)
  [Team B] Бурав B6 (1,9,5) → MOVE (2,8,6)
  [Team B] Провокатор B7 (3,4,7) → HOLOGRAM (2,5,8)
  [Team B] Паук B8 (4,6,6) → MINE (3,5,7)
  [Team C] Радиовышка C2 (2,8,7) → MOVE (3,7,7)
  [Team C] Прыгун C3 (4,8,6) → MOVE (6,8,8)
  [Team C] Тишина C5 (8,9,7) → MOVE (9,9,8)
  [Team C] Бурав C6 (2,7,8) → MOVE (2,6,8)
  [Team C] Паук C8 (6,9,5) → MINE (5,8,6)
! 🎮 GM: принудительно завершает фазу планирования
GM: end_planning
# 
============================================================
# 🔄 ОБРАБОТКА ХОДА 4
# ============================================================
   🪞 Провокатор A7 создал голограмму H7 в (3,8,8)
!    ⚠️ Провокатор B7: клетка (2,5,8) уже занята голограммой
   💣 Паук A8 установил мину M6 в (7,9,8)
   💣 Паук B8 установил мину M7 в (3,5,7)
!    ⚠️ Паук C8: в клетке уже стоит мина

📦 ПЕРЕМЕЩЕНИЯ:
!    ⚠️ Радиовышка A2: клетка (4,6,6) занята
✓    💥 Прыгун A3 тараном уничтожил Провокатор B7 в (3,4,7)
   Прыгун A3: (2, 6, 8) → (3,4,7)
   Факел A4: (6, 8, 8) → (5,7,7)
!    ⚠️ Тишина A5: клетка (2,8,7) занята
✓    💥 Бурав A6 тараном уничтожил Тишина C5 в (8,9,7)
   Бурав A6: (9, 9, 8) → (8,9,7)
!    ⚠️ Бурав B6: Бурав двигается только по 1 оси или по 2 осям строго диагонально
!    ⚠️ Радиовышка C2: клетка (3,7,7) занята
   Прыгун C3: (4, 8, 6) → (6,8,8)
   Бурав C6: (2, 7, 8) → (2,6,8)

🎯 ВЫСТРЕЛЫ:
   Выпущено ракет: 1
# 
📊 РЕЗУЛЬТАТЫ ХОДА 4:
🎯 Попаданий нет

--- Результаты хода ---
  Team A / Прыгун A3          → Team B / Провокатор B7      @ (3,4,7)  (УБИТ)
  Team A / Бурав A6           → Team C / Тишина C5          @ (8,9,7)  (УБИТ)

--- Состояние команд после хода ---
  Team A: живых 7/8
    ✓ Радиовышка A2      @ (3,7,7) hp=1/3
    ✓ Прыгун A3          @ (3,4,7) hp=2/2
    ✓ Факел A4           @ (5,7,7) hp=6/6
    ✓ Тишина A5          @ (2,8,8) hp=2/2
    ✓ Бурав A6           @ (8,9,7) hp=4/4
    ✓ Провокатор A7      @ (3,9,9) hp=2/2
    ✓ Паук A8            @ (6,9,9) hp=1/1
    ✗ Артиллерия A1      @ (9,9,9) [уничтожен]
  Team B: живых 3/8
    ✓ Артиллерия B1      @ (4,0,6) hp=1/1
    ✓ Бурав B6           @ (1,9,5) hp=1/4
    ✓ Паук B8            @ (4,6,6) hp=1/1
    ✗ Радиовышка B2      @ (2,7,8) [уничтожен]
    ✗ Прыгун B3          @ (2,6,8) [уничтожен]
    ✗ Факел B4           @ (4,7,6) [уничтожен]
    ✗ Тишина B5          @ (4,8,6) [уничтожен]
    ✗ Провокатор B7      @ (3,4,7) [уничтожен]
  Team C: живых 4/8
    ✓ Радиовышка C2      @ (2,8,7) hp=3/3
    ✓ Прыгун C3          @ (6,8,8) hp=1/2
    ✓ Бурав C6           @ (2,6,8) hp=4/4
    ✓ Паук C8            @ (6,9,5) hp=1/1
    ✗ Артиллерия C1      @ (5,9,5) [уничтожен]
    ✗ Факел C4           @ (1,9,5) [уничтожен]
    ✗ Тишина C5          @ (8,9,7) [уничтожен]
    ✗ Провокатор C7      @ (2,9,5) [уничтожен]

======================================================================
ХОД 5
======================================================================
✓ 🎮 GM: начинаем ход
GM: start_turn

--- Радиовышки: сканирование слоя Z ---
  Радиовышка A2 (z=7): видит 1 врагов  → Радиовышка C2(2,8,7)
  Радиовышка C2 (z=7): видит 4 врагов  → Прыгун A3(3,4,7), Радиовышка A2(3,7,7), Факел A4(5,7,7), Бурав A6(8,9,7)

--- Решения ботов ---
  [Team A] Радиовышка A2 (3,7,7) → MOVE (4,6,6)
  [Team A] Прыгун A3 (3,4,7) → MOVE (2,6,8)
  [Team A] Факел A4 (5,7,7) → HEAL (AoE)
  [Team A] Тишина A5 (2,8,8) → PHASE toggle
  [Team A] Бурав A6 (8,9,7) → MOVE (6,9,5)
  [Team A] Провокатор A7 (3,9,9) → HOLOGRAM (3,8,8)
  [Team A] Паук A8 (6,9,9) → MINE (6,8,8)
  [Team B] Артиллерия B1 (4,0,6) → SHOOT at (6,8,8)
  [Team B] Бурав B6 (1,9,5) → MOVE (2,8,6)
  [Team B] Паук B8 (4,6,6) → MINE (3,6,7)
  [Team C] Радиовышка C2 (2,8,7) → MOVE (3,7,7)
  [Team C] Прыгун C3 (6,8,8) → MOVE (5,7,7)
  [Team C] Бурав C6 (2,6,8) → MOVE (2,8,8)
  [Team C] Паук C8 (6,9,5) → MINE (5,8,6)
! 🎮 GM: принудительно завершает фазу планирования
GM: end_planning
# 
============================================================
# 🔄 ОБРАБОТКА ХОДА 5
# ============================================================
   🌀 Тишина A5: уходит в фазу на 1 ход
!    ⚠️ Провокатор A7: клетка (3,8,8) уже занята голограммой
!    ⚠️ Паук A8: клетка (6,8,8) занята кораблём
   💣 Паук B8 установил мину M8 в (3,6,7)
!    ⚠️ Паук C8: в клетке уже стоит мина

📦 ПЕРЕМЕЩЕНИЯ:
!    ⚠️ Радиовышка A2: клетка (4,6,6) занята
✓    💥 Прыгун A3 тараном уничтожил Бурав C6 в (2,6,8)
   Прыгун A3: (3, 4, 7) → (2,6,8)
✓    💥 Бурав A6 тараном уничтожил Паук C8 в (6,9,5)
   Бурав A6: (8, 9, 7) → (6,9,5)
!    ⚠️ Бурав B6: Бурав двигается только по 1 оси или по 2 осям строго диагонально
!    ⚠️ Радиовышка C2: клетка (3,7,7) занята
✓    💥 Прыгун C3 тараном уничтожил Факел A4 в (5,7,7)
   Прыгун C3: (6, 8, 8) → (5,7,7)

🎯 ВЫСТРЕЛЫ:
   Выпущено ракет: 1
# 
📊 РЕЗУЛЬТАТЫ ХОДА 5:
🎯 Попаданий нет

--- Результаты хода ---
  Team A / Прыгун A3          → Team C / Бурав C6           @ (2,6,8)  (УБИТ)
  Team A / Бурав A6           → Team C / Паук C8            @ (6,9,5)  (УБИТ)
  Team C / Прыгун C3          → Team A / Факел A4           @ (5,7,7)  (УБИТ)

--- Состояние команд после хода ---
  Team A: живых 6/8
    ✓ Радиовышка A2      @ (3,7,7) hp=1/3
    ✓ Прыгун A3          @ (2,6,8) hp=2/2
    ✓ Тишина A5          @ (2,8,8) hp=2/2
    ✓ Бурав A6           @ (6,9,5) hp=4/4
    ✓ Провокатор A7      @ (3,9,9) hp=2/2
    ✓ Паук A8            @ (6,9,9) hp=1/1
    ✗ Артиллерия A1      @ (9,9,9) [уничтожен]
    ✗ Факел A4           @ (5,7,7) [уничтожен]
  Team B: живых 3/8
    ✓ Артиллерия B1      @ (4,0,6) hp=1/1
    ✓ Бурав B6           @ (1,9,5) hp=1/4
    ✓ Паук B8            @ (4,6,6) hp=1/1
    ✗ Радиовышка B2      @ (2,7,8) [уничтожен]
    ✗ Прыгун B3          @ (2,6,8) [уничтожен]
    ✗ Факел B4           @ (4,7,6) [уничтожен]
    ✗ Тишина B5          @ (4,8,6) [уничтожен]
    ✗ Провокатор B7      @ (3,4,7) [уничтожен]
  Team C: живых 2/8
    ✓ Радиовышка C2      @ (2,8,7) hp=3/3
    ✓ Прыгун C3          @ (5,7,7) hp=1/2
    ✗ Артиллерия C1      @ (5,9,5) [уничтожен]
    ✗ Факел C4           @ (1,9,5) [уничтожен]
    ✗ Тишина C5          @ (8,9,7) [уничтожен]
    ✗ Бурав C6           @ (2,6,8) [уничтожен]
    ✗ Провокатор C7      @ (2,9,5) [уничтожен]
    ✗ Паук C8            @ (6,9,5) [уничтожен]

======================================================================
ХОД 6
======================================================================
✓ 🎮 GM: начинаем ход
GM: start_turn

--- Радиовышки: сканирование слоя Z ---
  Радиовышка A2 (z=7): видит 2 врагов  → Радиовышка C2(2,8,7), Прыгун C3(5,7,7)
  Радиовышка C2 (z=7): видит 1 врагов  → Радиовышка A2(3,7,7)

--- Решения ботов ---
  [Team A] Радиовышка A2 (3,7,7) → MOVE (4,6,6)
  [Team A] Прыгун A3 (2,6,8) → MOVE (2,8,7)
  [Team A] Бурав A6 (6,9,5) → MOVE (5,8,6)
  [Team A] Провокатор A7 (3,9,9) → HOLOGRAM (3,8,8)
  [Team A] Паук A8 (6,9,9) → MINE (5,8,8)
  [Team A] Тишина A5 → SKIP
  [Team B] Артиллерия B1 (4,0,6) → SHOOT at (5,7,7)
  [Team B] Бурав B6 (1,9,5) → MOVE (2,8,6)
  [Team B] Паук B8 (4,6,6) → MINE (3,6,7)
  [Team C] Радиовышка C2 (2,8,7) → MOVE (3,7,7)
  [Team C] Прыгун C3 (5,7,7) → MOVE (3,9,9)
! 🎮 GM: принудительно завершает фазу планирования
GM: end_planning
# 
============================================================
# 🔄 ОБРАБОТКА ХОДА 6
# ============================================================
   🌀 Тишина A5: фаза спала (действовала 1 ход)
!    ⚠️ Провокатор A7: клетка (3,8,8) уже занята голограммой
!    ⚠️ Паук A8: в клетке уже стоит мина
!    ⚠️ Паук B8: в клетке уже стоит мина

📦 ПЕРЕМЕЩЕНИЯ:
!    ⚠️ Радиовышка A2: клетка (4,6,6) занята
✓    💥 Прыгун A3 тараном уничтожил Радиовышка C2 в (2,8,7)
   Прыгун A3: (2, 6, 8) → (2,8,7)
!    ⚠️ Бурав A6: Бурав двигается только по 1 оси или по 2 осям строго диагонально
!    ⚠️ Бурав B6: Бурав двигается только по 1 оси или по 2 осям строго диагонально
✓    💥 Прыгун C3 тараном уничтожил Провокатор A7 в (3,9,9)
   Прыгун C3: (5, 7, 7) → (3,9,9)

🎯 ВЫСТРЕЛЫ:
   Выпущено ракет: 1
# 
📊 РЕЗУЛЬТАТЫ ХОДА 6:
🎯 Попаданий нет

--- Результаты хода ---
  Team A / Прыгун A3          → Team C / Радиовышка C2      @ (2,8,7)  (УБИТ)
  Team C / Прыгун C3          → Team A / Провокатор A7      @ (3,9,9)  (УБИТ)

--- Состояние команд после хода ---
  Team A: живых 5/8
    ✓ Радиовышка A2      @ (3,7,7) hp=1/3
    ✓ Прыгун A3          @ (2,8,7) hp=2/2
    ✓ Тишина A5          @ (2,8,8) hp=2/2
    ✓ Бурав A6           @ (6,9,5) hp=4/4
    ✓ Паук A8            @ (6,9,9) hp=1/1
    ✗ Артиллерия A1      @ (9,9,9) [уничтожен]
    ✗ Факел A4           @ (5,7,7) [уничтожен]
    ✗ Провокатор A7      @ (3,9,9) [уничтожен]
  Team B: живых 3/8
    ✓ Артиллерия B1      @ (4,0,6) hp=1/1
    ✓ Бурав B6           @ (1,9,5) hp=1/4
    ✓ Паук B8            @ (4,6,6) hp=1/1
    ✗ Радиовышка B2      @ (2,7,8) [уничтожен]
    ✗ Прыгун B3          @ (2,6,8) [уничтожен]
    ✗ Факел B4           @ (4,7,6) [уничтожен]
    ✗ Тишина B5          @ (4,8,6) [уничтожен]
    ✗ Провокатор B7      @ (3,4,7) [уничтожен]
  Team C: живых 1/8
    ✓ Прыгун C3          @ (3,9,9) hp=1/2
    ✗ Артиллерия C1      @ (5,9,5) [уничтожен]
    ✗ Радиовышка C2      @ (2,8,7) [уничтожен]
    ✗ Факел C4           @ (1,9,5) [уничтожен]
    ✗ Тишина C5          @ (8,9,7) [уничтожен]
    ✗ Бурав C6           @ (2,6,8) [уничтожен]
    ✗ Провокатор C7      @ (2,9,5) [уничтожен]
    ✗ Паук C8            @ (6,9,5) [уничтожен]

======================================================================
ХОД 7
======================================================================
✓ 🎮 GM: начинаем ход
GM: start_turn

--- Радиовышки: сканирование слоя Z ---
  Радиовышка A2 (z=7): слой чист

--- Решения ботов ---
  [Team A] Радиовышка A2 (3,7,7) → MOVE (4,6,6)
  [Team A] Прыгун A3 (2,8,7) → MOVE (3,9,9)
  [Team A] Тишина A5 (2,8,8) → MOVE (2,9,9)
  [Team A] Бурав A6 (6,9,5) → MOVE (5,8,6)
  [Team A] Паук A8 (6,9,9) → MINE (5,8,8)
  [Team B] Артиллерия B1 (4,0,6) → SHOOT at (3,9,9)
  [Team B] Бурав B6 (1,9,5) → MOVE (2,8,6)
  [Team B] Паук B8 (4,6,6) → MINE (3,7,7)
  [Team C] Прыгун C3 (3,9,9) → MOVE (2,8,7)
! 🎮 GM: принудительно завершает фазу планирования
GM: end_planning
# 
============================================================
# 🔄 ОБРАБОТКА ХОДА 7
# ============================================================
!    ⚠️ Паук A8: в клетке уже стоит мина
!    ⚠️ Паук B8: клетка (3,7,7) занята кораблём

📦 ПЕРЕМЕЩЕНИЯ:
!    ⚠️ Радиовышка A2: клетка (4,6,6) занята
✓    💥 Прыгун A3 тараном уничтожил Прыгун C3 в (3,9,9)
   Прыгун A3: (2, 8, 7) → (3,9,9)
   Тишина A5: (2, 8, 8) → (2,9,9)
!    ⚠️ Бурав A6: Бурав двигается только по 1 оси или по 2 осям строго диагонально
!    ⚠️ Бурав B6: Бурав двигается только по 1 оси или по 2 осям строго диагонально

🎯 ВЫСТРЕЛЫ:
✓    ✅ Артиллерия B1 поразил Прыгун A3 (2 урона)!
   Выпущено ракет: 1
# 
📊 РЕЗУЛЬТАТЫ ХОДА 7:
✓ 💥 ПОПАДАНИЯ:
✓    Артиллерия B1 (Team B) → Прыгун A3 (Team A)

--- Результаты хода ---
  Team A / Прыгун A3          → Team C / Прыгун C3          @ (3,9,9)  (УБИТ)
  Team B / Артиллерия B1      → Team A / Прыгун A3          @ (3,9,9)  (УБИТ)

--- Состояние команд после хода ---
  Team A: живых 4/8
    ✓ Радиовышка A2      @ (3,7,7) hp=1/3
    ✓ Тишина A5          @ (2,9,9) hp=2/2
    ✓ Бурав A6           @ (6,9,5) hp=4/4
    ✓ Паук A8            @ (6,9,9) hp=1/1
    ✗ Артиллерия A1      @ (9,9,9) [уничтожен]
    ✗ Прыгун A3          @ (3,9,9) [уничтожен]
    ✗ Факел A4           @ (5,7,7) [уничтожен]
    ✗ Провокатор A7      @ (3,9,9) [уничтожен]
  Team B: живых 3/8
    ✓ Артиллерия B1      @ (4,0,6) hp=1/1
    ✓ Бурав B6           @ (1,9,5) hp=1/4
    ✓ Паук B8            @ (4,6,6) hp=1/1
    ✗ Радиовышка B2      @ (2,7,8) [уничтожен]
    ✗ Прыгун B3          @ (2,6,8) [уничтожен]
    ✗ Факел B4           @ (4,7,6) [уничтожен]
    ✗ Тишина B5          @ (4,8,6) [уничтожен]
    ✗ Провокатор B7      @ (3,4,7) [уничтожен]
  Team C: живых 0/8
    ✗ Артиллерия C1      @ (5,9,5) [уничтожен]
    ✗ Радиовышка C2      @ (2,8,7) [уничтожен]
    ✗ Прыгун C3          @ (3,9,9) [уничтожен]
    ✗ Факел C4           @ (1,9,5) [уничтожен]
    ✗ Тишина C5          @ (8,9,7) [уничтожен]
    ✗ Бурав C6           @ (2,6,8) [уничтожен]
    ✗ Провокатор C7      @ (2,9,5) [уничтожен]
    ✗ Паук C8            @ (6,9,5) [уничтожен]

======================================================================
ХОД 8
======================================================================
✓ 🎮 GM: начинаем ход
GM: start_turn

--- Радиовышки: сканирование слоя Z ---
  Радиовышка A2 (z=7): слой чист

--- Решения ботов ---
  [Team A] Радиовышка A2 (3,7,7) → MOVE (4,6,6)
  [Team A] Тишина A5 (2,9,9) → MOVE (3,8,8)
  [Team A] Бурав A6 (6,9,5) → MOVE (5,8,6)
  [Team A] Паук A8 (6,9,9) → MINE (5,8,8)
  [Team B] Артиллерия B1 (4,0,6) → SHOOT at (3,7,7)
  [Team B] Бурав B6 (1,9,5) → MOVE (2,8,6)
  [Team B] Паук B8 (4,6,6) → MINE (3,7,7)
  [Team C] все корабли пропускают ход
! 🎮 GM: принудительно завершает фазу планирования
GM: end_planning
# 
============================================================
# 🔄 ОБРАБОТКА ХОДА 8
# ============================================================
!    ⚠️ Паук A8: в клетке уже стоит мина
!    ⚠️ Паук B8: клетка (3,7,7) занята кораблём

📦 ПЕРЕМЕЩЕНИЯ:
!    ⚠️ Радиовышка A2: клетка (4,6,6) занята
!    ⚠️ Тишина A5: клетка (3,8,8) занята
!    ⚠️ Бурав A6: Бурав двигается только по 1 оси или по 2 осям строго диагонально
!    ⚠️ Бурав B6: Бурав двигается только по 1 оси или по 2 осям строго диагонально

🎯 ВЫСТРЕЛЫ:
✓    ✅ Артиллерия B1 поразил Радиовышка A2 (2 урона)!
   Выпущено ракет: 1
# 
📊 РЕЗУЛЬТАТЫ ХОДА 8:
✓ 💥 ПОПАДАНИЯ:
✓    Артиллерия B1 (Team B) → Радиовышка A2 (Team A)

--- Результаты хода ---
  Team B / Артиллерия B1      → Team A / Радиовышка A2      @ (3,7,7)  (УБИТ)

--- Состояние команд после хода ---
  Team A: живых 3/8
    ✓ Тишина A5          @ (2,9,9) hp=2/2
    ✓ Бурав A6           @ (6,9,5) hp=4/4
    ✓ Паук A8            @ (6,9,9) hp=1/1
    ✗ Артиллерия A1      @ (9,9,9) [уничтожен]
    ✗ Радиовышка A2      @ (3,7,7) [уничтожен]
    ✗ Прыгун A3          @ (3,9,9) [уничтожен]
    ✗ Факел A4           @ (5,7,7) [уничтожен]
    ✗ Провокатор A7      @ (3,9,9) [уничтожен]
  Team B: живых 3/8
    ✓ Артиллерия B1      @ (4,0,6) hp=1/1
    ✓ Бурав B6           @ (1,9,5) hp=1/4
    ✓ Паук B8            @ (4,6,6) hp=1/1
    ✗ Радиовышка B2      @ (2,7,8) [уничтожен]
    ✗ Прыгун B3          @ (2,6,8) [уничтожен]
    ✗ Факел B4           @ (4,7,6) [уничтожен]
    ✗ Тишина B5          @ (4,8,6) [уничтожен]
    ✗ Провокатор B7      @ (3,4,7) [уничтожен]
  Team C: живых 0/8
    ✗ Артиллерия C1      @ (5,9,5) [уничтожен]
    ✗ Радиовышка C2      @ (2,8,7) [уничтожен]
    ✗ Прыгун C3          @ (3,9,9) [уничтожен]
    ✗ Факел C4           @ (1,9,5) [уничтожен]
    ✗ Тишина C5          @ (8,9,7) [уничтожен]
    ✗ Бурав C6           @ (2,6,8) [уничтожен]
    ✗ Провокатор C7      @ (2,9,5) [уничтожен]
    ✗ Паук C8            @ (6,9,5) [уничтожен]

======================================================================
ХОД 9
======================================================================
✓ 🎮 GM: начинаем ход
GM: start_turn

--- Радиовышки: сканирование слоя Z ---
  (у команд не осталось живых радиовышек)

--- Решения ботов ---
  [Team A] Тишина A5 (2,9,9) → MOVE (3,8,8)
  [Team A] Бурав A6 (6,9,5) → MOVE (5,8,6)
  [Team A] Паук A8 (6,9,9) → MINE (5,8,8)
  [Team B] Артиллерия B1 (4,0,6) → SHOOT at (6,9,9)
  [Team B] Бурав B6 (1,9,5) → MOVE (2,9,6)
  [Team B] Паук B8 (4,6,6) → MINE (3,7,7)
  [Team C] все корабли пропускают ход
! 🎮 GM: принудительно завершает фазу планирования
GM: end_planning
# 
============================================================
# 🔄 ОБРАБОТКА ХОДА 9
# ============================================================
!    ⚠️ Паук A8: в клетке уже стоит мина
   💣 Паук B8 установил мину M9 в (3,7,7)

📦 ПЕРЕМЕЩЕНИЯ:
!    ⚠️ Тишина A5: клетка (3,8,8) занята
!    ⚠️ Бурав A6: Бурав двигается только по 1 оси или по 2 осям строго диагонально
   Бурав B6: (1, 9, 5) → (2,9,6)

🎯 ВЫСТРЕЛЫ:
✓    ✅ Артиллерия B1 поразил Паук A8 (2 урона)!
   Выпущено ракет: 1
# 
📊 РЕЗУЛЬТАТЫ ХОДА 9:
✓ 💥 ПОПАДАНИЯ:
✓    Артиллерия B1 (Team B) → Паук A8 (Team A)

--- Результаты хода ---
  Team B / Артиллерия B1      → Team A / Паук A8            @ (6,9,9)  (УБИТ)

--- Состояние команд после хода ---
  Team A: живых 2/8
    ✓ Тишина A5          @ (2,9,9) hp=2/2
    ✓ Бурав A6           @ (6,9,5) hp=4/4
    ✗ Артиллерия A1      @ (9,9,9) [уничтожен]
    ✗ Радиовышка A2      @ (3,7,7) [уничтожен]
    ✗ Прыгун A3          @ (3,9,9) [уничтожен]
    ✗ Факел A4           @ (5,7,7) [уничтожен]
    ✗ Провокатор A7      @ (3,9,9) [уничтожен]
    ✗ Паук A8            @ (6,9,9) [уничтожен]
  Team B: живых 3/8
    ✓ Артиллерия B1      @ (4,0,6) hp=1/1
    ✓ Бурав B6           @ (2,9,6) hp=1/4
    ✓ Паук B8            @ (4,6,6) hp=1/1
    ✗ Радиовышка B2      @ (2,7,8) [уничтожен]
    ✗ Прыгун B3          @ (2,6,8) [уничтожен]
    ✗ Факел B4           @ (4,7,6) [уничтожен]
    ✗ Тишина B5          @ (4,8,6) [уничтожен]
    ✗ Провокатор B7      @ (3,4,7) [уничтожен]
  Team C: живых 0/8
    ✗ Артиллерия C1      @ (5,9,5) [уничтожен]
    ✗ Радиовышка C2      @ (2,8,7) [уничтожен]
    ✗ Прыгун C3          @ (3,9,9) [уничтожен]
    ✗ Факел C4           @ (1,9,5) [уничтожен]
    ✗ Тишина C5          @ (8,9,7) [уничтожен]
    ✗ Бурав C6           @ (2,6,8) [уничтожен]
    ✗ Провокатор C7      @ (2,9,5) [уничтожен]
    ✗ Паук C8            @ (6,9,5) [уничтожен]

======================================================================
ХОД 10
======================================================================
✓ 🎮 GM: начинаем ход
GM: start_turn

--- Радиовышки: сканирование слоя Z ---
  (у команд не осталось живых радиовышек)

--- Решения ботов ---
  [Team A] Тишина A5 (2,9,9) → MOVE (2,9,8)
  [Team A] Бурав A6 (6,9,5) → MOVE (5,8,6)
  [Team B] Артиллерия B1 (4,0,6) → SHOOT at (2,9,9)
  [Team B] Бурав B6 (2,9,6) → MOVE (2,9,9)
  [Team B] Паук B8 (4,6,6) → MINE (3,7,7)
  [Team C] все корабли пропускают ход
! 🎮 GM: принудительно завершает фазу планирования
GM: end_planning
# 
============================================================
# 🔄 ОБРАБОТКА ХОДА 10
# ============================================================
!    ⚠️ Паук B8: в клетке уже стоит мина

📦 ПЕРЕМЕЩЕНИЯ:
!    ⚠️ Тишина A5: клетка (2,9,8) занята
!    ⚠️ Бурав A6: Бурав двигается только по 1 оси или по 2 осям строго диагонально
✓    💥 Бурав B6 тараном уничтожил Тишина A5 в (2,9,9)
   Бурав B6: (2, 9, 6) → (2,9,9)

🎯 ВЫСТРЕЛЫ:
   Выпущено ракет: 1
# 
📊 РЕЗУЛЬТАТЫ ХОДА 10:
🎯 Попаданий нет

--- Результаты хода ---
  Team B / Бурав B6           → Team A / Тишина A5          @ (2,9,9)  (УБИТ)

--- Состояние команд после хода ---
  Team A: живых 1/8
    ✓ Бурав A6           @ (6,9,5) hp=4/4
    ✗ Артиллерия A1      @ (9,9,9) [уничтожен]
    ✗ Радиовышка A2      @ (3,7,7) [уничтожен]
    ✗ Прыгун A3          @ (3,9,9) [уничтожен]
    ✗ Факел A4           @ (5,7,7) [уничтожен]
    ✗ Тишина A5          @ (2,9,9) [уничтожен]
    ✗ Провокатор A7      @ (3,9,9) [уничтожен]
    ✗ Паук A8            @ (6,9,9) [уничтожен]
  Team B: живых 3/8
    ✓ Артиллерия B1      @ (4,0,6) hp=1/1
    ✓ Бурав B6           @ (2,9,9) hp=1/4
    ✓ Паук B8            @ (4,6,6) hp=1/1
    ✗ Радиовышка B2      @ (2,7,8) [уничтожен]
    ✗ Прыгун B3          @ (2,6,8) [уничтожен]
    ✗ Факел B4           @ (4,7,6) [уничтожен]
    ✗ Тишина B5          @ (4,8,6) [уничтожен]
    ✗ Провокатор B7      @ (3,4,7) [уничтожен]
  Team C: живых 0/8
    ✗ Артиллерия C1      @ (5,9,5) [уничтожен]
    ✗ Радиовышка C2      @ (2,8,7) [уничтожен]
    ✗ Прыгун C3          @ (3,9,9) [уничтожен]
    ✗ Факел C4           @ (1,9,5) [уничтожен]
    ✗ Тишина C5          @ (8,9,7) [уничтожен]
    ✗ Бурав C6           @ (2,6,8) [уничтожен]
    ✗ Провокатор C7      @ (2,9,5) [уничтожен]
    ✗ Паук C8            @ (6,9,5) [уничтожен]

======================================================================
ХОД 11
======================================================================
✓ 🎮 GM: начинаем ход
GM: start_turn

--- Радиовышки: сканирование слоя Z ---
  (у команд не осталось живых радиовышек)

--- Решения ботов ---
  [Team A] Бурав A6 (6,9,5) → MOVE (5,8,6)
  [Team B] Артиллерия B1 (4,0,6) → SHOOT at (6,9,5)
  [Team B] Бурав B6 (2,9,9) → MOVE (3,9,8)
  [Team B] Паук B8 (4,6,6) → MINE (5,7,5)
  [Team C] все корабли пропускают ход
! 🎮 GM: принудительно завершает фазу планирования
GM: end_planning
# 
============================================================
# 🔄 ОБРАБОТКА ХОДА 11
# ============================================================
   💣 Паук B8 установил мину M10 в (5,7,5)

📦 ПЕРЕМЕЩЕНИЯ:
!    ⚠️ Бурав A6: Бурав двигается только по 1 оси или по 2 осям строго диагонально
✓    💥 Бурав B6 тараном сбросил голограмму H3
   Бурав B6: (2, 9, 9) → (3,9,8)

🎯 ВЫСТРЕЛЫ:
✓    ✅ Артиллерия B1 поразил Бурав A6 (2 урона)!
   Выпущено ракет: 1
# 
📊 РЕЗУЛЬТАТЫ ХОДА 11:
✓ 💥 ПОПАДАНИЯ:
✓    Артиллерия B1 (Team B) → Бурав A6 (Team A)

--- Результаты хода ---
  Team B / Артиллерия B1      → Team A / Бурав A6           @ (6,9,5)  (ранен)

--- Состояние команд после хода ---
  Team A: живых 1/8
    ✓ Бурав A6           @ (6,9,5) hp=2/4
    ✗ Артиллерия A1      @ (9,9,9) [уничтожен]
    ✗ Радиовышка A2      @ (3,7,7) [уничтожен]
    ✗ Прыгун A3          @ (3,9,9) [уничтожен]
    ✗ Факел A4           @ (5,7,7) [уничтожен]
    ✗ Тишина A5          @ (2,9,9) [уничтожен]
    ✗ Провокатор A7      @ (3,9,9) [уничтожен]
    ✗ Паук A8            @ (6,9,9) [уничтожен]
  Team B: живых 3/8
    ✓ Артиллерия B1      @ (4,0,6) hp=1/1
    ✓ Бурав B6           @ (3,9,8) hp=1/4
    ✓ Паук B8            @ (4,6,6) hp=1/1
    ✗ Радиовышка B2      @ (2,7,8) [уничтожен]
    ✗ Прыгун B3          @ (2,6,8) [уничтожен]
    ✗ Факел B4           @ (4,7,6) [уничтожен]
    ✗ Тишина B5          @ (4,8,6) [уничтожен]
    ✗ Провокатор B7      @ (3,4,7) [уничтожен]
  Team C: живых 0/8
    ✗ Артиллерия C1      @ (5,9,5) [уничтожен]
    ✗ Радиовышка C2      @ (2,8,7) [уничтожен]
    ✗ Прыгун C3          @ (3,9,9) [уничтожен]
    ✗ Факел C4           @ (1,9,5) [уничтожен]
    ✗ Тишина C5          @ (8,9,7) [уничтожен]
    ✗ Бурав C6           @ (2,6,8) [уничтожен]
    ✗ Провокатор C7      @ (2,9,5) [уничтожен]
    ✗ Паук C8            @ (6,9,5) [уничтожен]

======================================================================
ХОД 12
======================================================================
✓ 🎮 GM: начинаем ход
GM: start_turn

--- Радиовышки: сканирование слоя Z ---
  (у команд не осталось живых радиовышек)

--- Решения ботов ---
  [Team A] Бурав A6 (6,9,5) → MOVE (3,9,8)
  [Team B] Артиллерия B1 (4,0,6) → SHOOT at (6,9,5)
  [Team B] Бурав B6 (3,9,8) → MOVE (6,9,5)
  [Team B] Паук B8 (4,6,6) → MINE (5,7,5)
  [Team C] все корабли пропускают ход
! 🎮 GM: принудительно завершает фазу планирования
GM: end_planning
# 
============================================================
# 🔄 ОБРАБОТКА ХОДА 12
# ============================================================
!    ⚠️ Паук B8: в клетке уже стоит мина

📦 ПЕРЕМЕЩЕНИЯ:
✓    💥 Бурав A6 тараном уничтожил Бурав B6 в (3,9,8)
   Бурав A6: (6, 9, 5) → (3,9,8)

🎯 ВЫСТРЕЛЫ:
   Выпущено ракет: 1
# 
📊 РЕЗУЛЬТАТЫ ХОДА 12:
🎯 Попаданий нет

--- Результаты хода ---
  Team A / Бурав A6           → Team B / Бурав B6           @ (3,9,8)  (УБИТ)

--- Состояние команд после хода ---
  Team A: живых 1/8
    ✓ Бурав A6           @ (3,9,8) hp=2/4
    ✗ Артиллерия A1      @ (9,9,9) [уничтожен]
    ✗ Радиовышка A2      @ (3,7,7) [уничтожен]
    ✗ Прыгун A3          @ (3,9,9) [уничтожен]
    ✗ Факел A4           @ (5,7,7) [уничтожен]
    ✗ Тишина A5          @ (2,9,9) [уничтожен]
    ✗ Провокатор A7      @ (3,9,9) [уничтожен]
    ✗ Паук A8            @ (6,9,9) [уничтожен]
  Team B: живых 2/8
    ✓ Артиллерия B1      @ (4,0,6) hp=1/1
    ✓ Паук B8            @ (4,6,6) hp=1/1
    ✗ Радиовышка B2      @ (2,7,8) [уничтожен]
    ✗ Прыгун B3          @ (2,6,8) [уничтожен]
    ✗ Факел B4           @ (4,7,6) [уничтожен]
    ✗ Тишина B5          @ (4,8,6) [уничтожен]
    ✗ Бурав B6           @ (3,9,8) [уничтожен]
    ✗ Провокатор B7      @ (3,4,7) [уничтожен]
  Team C: живых 0/8
    ✗ Артиллерия C1      @ (5,9,5) [уничтожен]
    ✗ Радиовышка C2      @ (2,8,7) [уничтожен]
    ✗ Прыгун C3          @ (3,9,9) [уничтожен]
    ✗ Факел C4           @ (1,9,5) [уничтожен]
    ✗ Тишина C5          @ (8,9,7) [уничтожен]
    ✗ Бурав C6           @ (2,6,8) [уничтожен]
    ✗ Провокатор C7      @ (2,9,5) [уничтожен]
    ✗ Паук C8            @ (6,9,5) [уничтожен]

======================================================================
ХОД 13
======================================================================
✓ 🎮 GM: начинаем ход
GM: start_turn

--- Радиовышки: сканирование слоя Z ---
  (у команд не осталось живых радиовышек)

--- Решения ботов ---
  [Team A] Бурав A6 (3,9,8) → MOVE (4,8,7)
  [Team B] Артиллерия B1 (4,0,6) → SHOOT at (3,9,8)
  [Team B] Паук B8 (4,6,6) → MINE (3,7,7)
  [Team C] все корабли пропускают ход
! 🎮 GM: принудительно завершает фазу планирования
GM: end_planning
# 
============================================================
# 🔄 ОБРАБОТКА ХОДА 13
# ============================================================
!    ⚠️ Паук B8: в клетке уже стоит мина

📦 ПЕРЕМЕЩЕНИЯ:
!    ⚠️ Бурав A6: Бурав двигается только по 1 оси или по 2 осям строго диагонально

🎯 ВЫСТРЕЛЫ:
✓    ✅ Артиллерия B1 поразил Бурав A6 (2 урона)!
   Выпущено ракет: 1
# 
📊 РЕЗУЛЬТАТЫ ХОДА 13:
✓ 💥 ПОПАДАНИЯ:
✓    Артиллерия B1 (Team B) → Бурав A6 (Team A)
# 
🎮🎮🎮🎮🎮🎮🎮🎮🎮🎮🎮🎮🎮🎮🎮🎮🎮🎮🎮🎮
#         ИГРА ОКОНЧЕНА!
# 🎮🎮🎮🎮🎮🎮🎮🎮🎮🎮🎮🎮🎮🎮🎮🎮🎮🎮🎮🎮
✓         🏆 ПОБЕДИТЕЛЬ: Team B

--- Результаты хода ---
  Team B / Артиллерия B1      → Team A / Бурав A6           @ (3,9,8)  (УБИТ)

--- Состояние команд после хода ---
  Team A: живых 0/8
    ✗ Артиллерия A1      @ (9,9,9) [уничтожен]
    ✗ Радиовышка A2      @ (3,7,7) [уничтожен]
    ✗ Прыгун A3          @ (3,9,9) [уничтожен]
    ✗ Факел A4           @ (5,7,7) [уничтожен]
    ✗ Тишина A5          @ (2,9,9) [уничтожен]
    ✗ Бурав A6           @ (3,9,8) [уничтожен]
    ✗ Провокатор A7      @ (3,9,9) [уничтожен]
    ✗ Паук A8            @ (6,9,9) [уничтожен]
  Team B: живых 2/8
    ✓ Артиллерия B1      @ (4,0,6) hp=1/1
    ✓ Паук B8            @ (4,6,6) hp=1/1
    ✗ Радиовышка B2      @ (2,7,8) [уничтожен]
    ✗ Прыгун B3          @ (2,6,8) [уничтожен]
    ✗ Факел B4           @ (4,7,6) [уничтожен]
    ✗ Тишина B5          @ (4,8,6) [уничтожен]
    ✗ Бурав B6           @ (3,9,8) [уничтожен]
    ✗ Провокатор B7      @ (3,4,7) [уничтожен]
  Team C: живых 0/8
    ✗ Артиллерия C1      @ (5,9,5) [уничтожен]
    ✗ Радиовышка C2      @ (2,8,7) [уничтожен]
    ✗ Прыгун C3          @ (3,9,9) [уничтожен]
    ✗ Факел C4           @ (1,9,5) [уничтожен]
    ✗ Тишина C5          @ (8,9,7) [уничтожен]
    ✗ Бурав C6           @ (2,6,8) [уничтожен]
    ✗ Провокатор C7      @ (2,9,5) [уничтожен]
    ✗ Паук C8            @ (6,9,5) [уничтожен]

======================================================================
ИТОГ
======================================================================
Игра окончена. Победитель: Team B
Ходов сыграно: 13

--- Сводка по командам ---
  Team A: 0/8 живых; hp=0
  Team B: 2/8 живых; hp=2
  Team C: 0/8 живых; hp=0

--- Сводка по пассивкам радиовышек ---
  Team A: сканирований=8, всего врагов-в-слоях=8, уникальных эксклюзивных (видны только радиовышкой)=0
  Team B: сканирований=3, всего врагов-в-слоях=2, уникальных эксклюзивных (видны только радиовышкой)=0
  Team C: сканирований=6, всего врагов-в-слоях=12, уникальных эксклюзивных (видны только радиовышкой)=1

--- Сводка по попаданиям ---
  Всего событий (шоты+тараны+мины): 28
  Уничтожено кораблей всего: 22
  Team A: урон=23 хиты=2 тараны=8 мины(сработало)=0 убийств=8
  Team B: урон=25 хиты=6 тараны=4 мины(сработало)=1 убийств=9
  Team C: урон=21 хиты=2 тараны=5 мины(сработало)=0 убийств=5
! 🎮 GM: остановка игры
