======================================================================
Space Battle 10×10×10 — simulation run at 2026-04-20T13:39:21+00:00
Game mode: advanced
Seed: 131
✓ 🚀 Продвинутый режим: создаю разные типы кораблей
   Команда A: спавн вдоль оси Y от (5, 1, 8) до (5, 5, 8)
   Команда B: спавн вдоль оси Z от (1, 2, 3) до (1, 2, 2)
   Команда C: спавн вдоль оси X от (9, 2, 7) до (2, 2, 7)
✓ ✅ Создано 24 кораблей


--- СТАРТОВАЯ РАССТАНОВКА ---
  Team A: живых 8/8
    ✓ Артиллерия A1      @ (5,1,8) hp=1/1
    ✓ Радиовышка A2      @ (5,6,8) hp=3/3
    ✓ Прыгун A3          @ (5,4,8) hp=2/2
    ✓ Факел A4           @ (5,0,8) hp=6/6
    ✓ Тишина A5          @ (5,3,8) hp=2/2
    ✓ Бурав A6           @ (5,8,8) hp=4/4
    ✓ Провокатор A7      @ (5,2,8) hp=2/2
    ✓ Паук A8            @ (5,5,8) hp=1/1
  Team B: живых 8/8
    ✓ Артиллерия B1      @ (1,2,3) hp=1/1
    ✓ Радиовышка B2      @ (1,2,8) hp=3/3
    ✓ Прыгун B3          @ (1,2,7) hp=2/2
    ✓ Факел B4           @ (1,2,9) hp=6/6
    ✓ Тишина B5          @ (1,2,5) hp=2/2
    ✓ Бурав B6           @ (1,2,1) hp=4/4
    ✓ Провокатор B7      @ (1,2,4) hp=2/2
    ✓ Паук B8            @ (1,2,2) hp=1/1
  Team C: живых 8/8
    ✓ Артиллерия C1      @ (9,2,7) hp=1/1
    ✓ Радиовышка C2      @ (3,2,7) hp=3/3
    ✓ Прыгун C3          @ (6,2,7) hp=2/2
    ✓ Факел C4           @ (7,2,7) hp=6/6
    ✓ Тишина C5          @ (5,2,7) hp=2/2
    ✓ Бурав C6           @ (0,2,7) hp=4/4
    ✓ Провокатор C7      @ (4,2,7) hp=2/2
    ✓ Паук C8            @ (2,2,7) hp=1/1

======================================================================
ХОД 1
======================================================================
✓ 🎮 GM: начинаем ход
GM: start_turn

--- Радиовышки: сканирование слоя Z ---
  Радиовышка A2 (z=8): видит 1 врагов  → Радиовышка B2(1,2,8)
  Радиовышка B2 (z=8): видит 8 врагов [+1 эксклюзивно] → Факел A4(5,0,8), Артиллерия A1(5,1,8), Провокатор A7(5,2,8), Тишина A5(5,3,8), Прыгун A3(5,4,8), Паук A8(5,5,8), Радиовышка A2(5,6,8), Бурав A6(5,8,8)
  Радиовышка C2 (z=7): видит 1 врагов  → Прыгун B3(1,2,7)

--- Решения ботов ---
  [Team A] Артиллерия A1 (5,1,8) → SHOOT at (9,2,7)
  [Team A] Радиовышка A2 (5,6,8) → MOVE (4,5,8)
  [Team A] Прыгун A3 (5,4,8) → MOVE (7,2,7)
  [Team A] Тишина A5 (5,3,8) → PHASE toggle
  [Team A] Бурав A6 (5,8,8) → MOVE (4,7,8)
  [Team A] Провокатор A7 (5,2,8) → HOLOGRAM (6,2,7)
  [Team A] Паук A8 (5,5,8) → MINE (4,4,7)
  [Team A] Факел A4 → SKIP
  [Team B] Артиллерия B1 (1,2,3) → SHOOT at (5,1,8)
  [Team B] Радиовышка B2 (1,2,8) → MOVE (0,2,7)
  [Team B] Прыгун B3 (1,2,7) → MOVE (3,2,7)
  [Team B] Тишина B5 (1,2,5) → PHASE toggle
  [Team B] Бурав B6 (1,2,1) → MOVE (2,2,2)
  [Team B] Провокатор B7 (1,2,4) → HOLOGRAM (2,2,5)
  [Team B] Паук B8 (1,2,2) → MOVE (2,2,3)
  [Team B] Факел B4 → SKIP
  [Team C] Артиллерия C1 (9,2,7) → SHOOT at (5,1,8)
  [Team C] Радиовышка C2 (3,2,7) → MOVE (4,1,8)
  [Team C] Прыгун C3 (6,2,7) → MOVE (5,1,8)
  [Team C] Факел C4 (7,2,7) → MOVE (8,2,7)
  [Team C] Тишина C5 (5,2,7) → PHASE toggle
  [Team C] Бурав C6 (0,2,7) → MOVE (1,2,7)
  [Team C] Провокатор C7 (4,2,7) → HOLOGRAM (4,1,7)
  [Team C] Паук C8 (2,2,7) → MINE (2,2,6)
! 🎮 GM: принудительно завершает фазу планирования
GM: end_planning
# 
============================================================
# 🔄 ОБРАБОТКА ХОДА 1
# ============================================================
   🌀 Тишина A5: уходит в фазу на 1 ход
   🌀 Тишина B5: уходит в фазу на 1 ход
   🌀 Тишина C5: уходит в фазу на 1 ход
!    ⚠️ Провокатор A7: клетка (6,2,7) занята кораблём
   🪞 Провокатор B7 создал голограмму H1 в (2,2,5)
   🪞 Провокатор C7 создал голограмму H2 в (4,1,7)
   💣 Паук A8 установил мину M1 в (4,4,7)
   💣 Паук C8 установил мину M2 в (2,2,6)

📦 ПЕРЕМЕЩЕНИЯ:
   Радиовышка A2: (5, 6, 8) → (4,5,8)
✓    💥 Прыгун A3 тараном уничтожил Факел C4 в (7,2,7)
   Прыгун A3: (5, 4, 8) → (7,2,7)
   Бурав A6: (5, 8, 8) → (4,7,8)
!    ⚠️ Радиовышка B2: клетка (0,2,7) занята
✓    💥 Прыгун B3 тараном уничтожил Радиовышка C2 в (3,2,7)
   Прыгун B3: (1, 2, 7) → (3,2,7)
   Бурав B6: (1, 2, 1) → (2,2,2)
   Паук B8: (1, 2, 2) → (2,2,3)
✓    💥 Прыгун C3 тараном уничтожил Артиллерия A1 в (5,1,8)
   Прыгун C3: (6, 2, 7) → (5,1,8)
   Бурав C6: (0, 2, 7) → (1,2,7)

🎯 ВЫСТРЕЛЫ:
✓    ✅ Артиллерия B1 поразил Прыгун C3 (2 урона)!
   Выпущено ракет: 2
# 
📊 РЕЗУЛЬТАТЫ ХОДА 1:
✓ 💥 ПОПАДАНИЯ:
✓    Артиллерия B1 (Team B) → Прыгун C3 (Team C)

--- Результаты хода ---
  Team A / Прыгун A3          → Team C / Факел C4           @ (7,2,7)  (УБИТ)
  Team B / Прыгун B3          → Team C / Радиовышка C2      @ (3,2,7)  (УБИТ)
  Team C / Прыгун C3          → Team A / Артиллерия A1      @ (5,1,8)  (УБИТ)
  Team B / Артиллерия B1      → Team C / Прыгун C3          @ (5,1,8)  (УБИТ)

--- Состояние команд после хода ---
  Team A: живых 7/8
    ✓ Радиовышка A2      @ (4,5,8) hp=3/3
    ✓ Прыгун A3          @ (7,2,7) hp=2/2
    ✓ Факел A4           @ (5,0,8) hp=6/6
    ✓ Тишина A5          @ (5,3,8) hp=2/2
    ✓ Бурав A6           @ (4,7,8) hp=4/4
    ✓ Провокатор A7      @ (5,2,8) hp=2/2
    ✓ Паук A8            @ (5,5,8) hp=1/1
    ✗ Артиллерия A1      @ (5,1,8) [уничтожен]
  Team B: живых 8/8
    ✓ Артиллерия B1      @ (1,2,3) hp=1/1
    ✓ Радиовышка B2      @ (1,2,8) hp=3/3
    ✓ Прыгун B3          @ (3,2,7) hp=2/2
    ✓ Факел B4           @ (1,2,9) hp=6/6
    ✓ Тишина B5          @ (1,2,5) hp=2/2
    ✓ Бурав B6           @ (2,2,2) hp=4/4
    ✓ Провокатор B7      @ (1,2,4) hp=2/2
    ✓ Паук B8            @ (2,2,3) hp=1/1
  Team C: живых 5/8
    ✓ Артиллерия C1      @ (9,2,7) hp=1/1
    ✓ Тишина C5          @ (5,2,7) hp=2/2
    ✓ Бурав C6           @ (1,2,7) hp=4/4
    ✓ Провокатор C7      @ (4,2,7) hp=2/2
    ✓ Паук C8            @ (2,2,7) hp=1/1
    ✗ Радиовышка C2      @ (3,2,7) [уничтожен]
    ✗ Прыгун C3          @ (5,1,8) [уничтожен]
    ✗ Факел C4           @ (7,2,7) [уничтожен]

======================================================================
ХОД 2
======================================================================
✓ 🎮 GM: начинаем ход
GM: start_turn

--- Радиовышки: сканирование слоя Z ---
  Радиовышка A2 (z=8): видит 1 врагов  → Радиовышка B2(1,2,8)
  Радиовышка B2 (z=8): видит 5 врагов [+1 эксклюзивно] → Радиовышка A2(4,5,8), Бурав A6(4,7,8), Факел A4(5,0,8), Провокатор A7(5,2,8), Паук A8(5,5,8)

--- Решения ботов ---
  [Team A] Радиовышка A2 (4,5,8) → MOVE (3,4,8)
  [Team A] Прыгун A3 (7,2,7) → MOVE (9,2,7)
  [Team A] Факел A4 (5,0,8) → MOVE (6,1,7)
  [Team A] Тишина A5 (5,3,8) → MOVE (4,2,7)
  [Team A] Бурав A6 (4,7,8) → MOVE (3,6,8)
  [Team A] Провокатор A7 (5,2,8) → HOLOGRAM (4,2,8)
  [Team A] Паук A8 (5,5,8) → MINE (4,4,7)
  [Team B] Артиллерия B1 (1,2,3) → SHOOT at (4,2,7)
  [Team B] Радиовышка B2 (1,2,8) → MOVE (1,2,7)
  [Team B] Прыгун B3 (3,2,7) → MOVE (5,0,8)
  [Team B] Факел B4 (1,2,9) → SHOOT at (1,2,7)
  [Team B] Тишина B5 (1,2,5) → MOVE (1,2,6)
  [Team B] Бурав B6 (2,2,2) → MOVE (3,2,3)
  [Team B] Провокатор B7 (1,2,4) → SHOOT at (1,2,7)
  [Team B] Паук B8 (2,2,3) → MINE (2,2,4)
  [Team C] Артиллерия C1 (9,2,7) → SHOOT at (1,2,3)
  [Team C] Тишина C5 (5,2,7) → MOVE (5,2,8)
  [Team C] Бурав C6 (1,2,7) → MOVE (1,2,9)
  [Team C] Провокатор C7 (4,2,7) → HOLOGRAM (4,2,8)
  [Team C] Паук C8 (2,2,7) → MINE (1,2,8)
! 🎮 GM: принудительно завершает фазу планирования
GM: end_planning
# 
============================================================
# 🔄 ОБРАБОТКА ХОДА 2
# ============================================================
   🌀 Тишина A5: фаза спала (действовала 1 ход)
   🌀 Тишина B5: фаза спала (действовала 1 ход)
   🌀 Тишина C5: фаза спала (действовала 1 ход)
   🪞 Провокатор A7 создал голограмму H3 в (4,2,8)
!    ⚠️ Провокатор C7: клетка (4,2,8) уже занята голограммой
!    ⚠️ Паук A8: в клетке уже стоит мина
   💣 Паук B8 установил мину M3 в (2,2,4)
!    ⚠️ Паук C8: клетка (1,2,8) занята кораблём

📦 ПЕРЕМЕЩЕНИЯ:
   Радиовышка A2: (4, 5, 8) → (3,4,8)
✓    💥 Прыгун A3 тараном уничтожил Артиллерия C1 в (9,2,7)
   Прыгун A3: (7, 2, 7) → (9,2,7)
   Факел A4: (5, 0, 8) → (6,1,7)
!    ⚠️ Тишина A5: клетка (4,2,7) занята
   Бурав A6: (4, 7, 8) → (3,6,8)
!    ⚠️ Радиовышка B2: клетка (1,2,7) занята
   Прыгун B3: (3, 2, 7) → (5,0,8)
   Тишина B5: (1, 2, 5) → (1,2,6)
   Бурав B6: (2, 2, 2) → (3,2,3)
!    ⚠️ Тишина C5: клетка (5,2,8) занята
✓    💥 Бурав C6 тараном уничтожил Факел B4 в (1,2,9)
   Бурав C6: (1, 2, 7) → (1,2,9)

🎯 ВЫСТРЕЛЫ:
!    🛡️ Выстрел Провокатор B7 заблокирован союзником Тишина B5 в (1, 2, 6)
✓    ✅ Артиллерия B1 поразил Провокатор C7 (2 урона)!
   Выпущено ракет: 2
# 
📊 РЕЗУЛЬТАТЫ ХОДА 2:
✓ 💥 ПОПАДАНИЯ:
✓    Артиллерия B1 (Team B) → Провокатор C7 (Team C)

--- Результаты хода ---
  Team A / Прыгун A3          → Team C / Артиллерия C1      @ (9,2,7)  (УБИТ)
  Team C / Бурав C6           → Team B / Факел B4           @ (1,2,9)  (УБИТ)
  Team B / Артиллерия B1      → Team C / Провокатор C7      @ (4,2,7)  (УБИТ)

--- Состояние команд после хода ---
  Team A: живых 7/8
    ✓ Радиовышка A2      @ (3,4,8) hp=3/3
    ✓ Прыгун A3          @ (9,2,7) hp=2/2
    ✓ Факел A4           @ (6,1,7) hp=6/6
    ✓ Тишина A5          @ (5,3,8) hp=2/2
    ✓ Бурав A6           @ (3,6,8) hp=4/4
    ✓ Провокатор A7      @ (5,2,8) hp=2/2
    ✓ Паук A8            @ (5,5,8) hp=1/1
    ✗ Артиллерия A1      @ (5,1,8) [уничтожен]
  Team B: живых 7/8
    ✓ Артиллерия B1      @ (1,2,3) hp=1/1
    ✓ Радиовышка B2      @ (1,2,8) hp=3/3
    ✓ Прыгун B3          @ (5,0,8) hp=2/2
    ✓ Тишина B5          @ (1,2,6) hp=2/2
    ✓ Бурав B6           @ (3,2,3) hp=4/4
    ✓ Провокатор B7      @ (1,2,4) hp=2/2
    ✓ Паук B8            @ (2,2,3) hp=1/1
    ✗ Факел B4           @ (1,2,9) [уничтожен]
  Team C: живых 3/8
    ✓ Тишина C5          @ (5,2,7) hp=2/2
    ✓ Бурав C6           @ (1,2,9) hp=4/4
    ✓ Паук C8            @ (2,2,7) hp=1/1
    ✗ Артиллерия C1      @ (9,2,7) [уничтожен]
    ✗ Радиовышка C2      @ (3,2,7) [уничтожен]
    ✗ Прыгун C3          @ (5,1,8) [уничтожен]
    ✗ Факел C4           @ (7,2,7) [уничтожен]
    ✗ Провокатор C7      @ (4,2,7) [уничтожен]

======================================================================
ХОД 3
======================================================================
✓ 🎮 GM: начинаем ход
GM: start_turn

--- Радиовышки: сканирование слоя Z ---
  Радиовышка A2 (z=8): видит 2 врагов  → Радиовышка B2(1,2,8), Прыгун B3(5,0,8)
  Радиовышка B2 (z=8): видит 5 врагов  → Радиовышка A2(3,4,8), Бурав A6(3,6,8), Провокатор A7(5,2,8), Тишина A5(5,3,8), Паук A8(5,5,8)

--- Решения ботов ---
  [Team A] Радиовышка A2 (3,4,8) → MOVE (2,3,8)
  [Team A] Прыгун A3 (9,2,7) → SHOOT at (5,2,7)
  [Team A] Факел A4 (6,1,7) → MOVE (7,2,7)
  [Team A] Тишина A5 (5,3,8) → MOVE (5,2,7)
  [Team A] Бурав A6 (3,6,8) → MOVE (2,5,8)
  [Team A] Провокатор A7 (5,2,8) → SHOOT at (5,0,8)
  [Team A] Паук A8 (5,5,8) → MINE (5,4,7)
  [Team B] Артиллерия B1 (1,2,3) → SHOOT at (5,2,8)
  [Team B] Радиовышка B2 (1,2,8) → MOVE (1,2,9)
  [Team B] Прыгун B3 (5,0,8) → MOVE (6,1,7)
  [Team B] Тишина B5 (1,2,6) → MOVE (2,2,7)
  [Team B] Бурав B6 (3,2,3) → MOVE (4,1,4)
  [Team B] Провокатор B7 (1,2,4) → HOLOGRAM (2,2,5)
  [Team B] Паук B8 (2,2,3) → MINE (3,1,4)
  [Team C] Тишина C5 (5,2,7) → MOVE (6,1,7)
  [Team C] Бурав C6 (1,2,9) → MOVE (1,2,8)
  [Team C] Паук C8 (2,2,7) → MINE (2,2,8)
! 🎮 GM: принудительно завершает фазу планирования
GM: end_planning
# 
============================================================
# 🔄 ОБРАБОТКА ХОДА 3
# ============================================================
!    ⚠️ Провокатор B7: клетка (2,2,5) уже занята голограммой
   💣 Паук A8 установил мину M4 в (5,4,7)
   💣 Паук B8 установил мину M5 в (3,1,4)
   💣 Паук C8 установил мину M6 в (2,2,8)

📦 ПЕРЕМЕЩЕНИЯ:
   Радиовышка A2: (3, 4, 8) → (2,3,8)
   Факел A4: (6, 1, 7) → (7,2,7)
!    ⚠️ Тишина A5: клетка (5,2,7) занята
   Бурав A6: (3, 6, 8) → (2,5,8)
!    ⚠️ Радиовышка B2: клетка (1,2,9) занята
   Прыгун B3: (5, 0, 8) → (6,1,7)
!    ⚠️ Тишина B5: клетка (2,2,7) занята
!    ⚠️ Бурав B6: Бурав двигается только по 1 оси или по 2 осям строго диагонально
!    ⚠️ Тишина C5: клетка (6,1,7) занята
✓    💥 Бурав C6 тараном уничтожил Радиовышка B2 в (1,2,8)
   Бурав C6: (1, 2, 9) → (1,2,8)

🎯 ВЫСТРЕЛЫ:
!    🛡️ Выстрел Прыгун A3 заблокирован союзником Факел A4 в (7, 2, 7)
✓    ✅ Артиллерия B1 поразил Провокатор A7 (2 урона)!
   Выпущено ракет: 3
# 
📊 РЕЗУЛЬТАТЫ ХОДА 3:
✓ 💥 ПОПАДАНИЯ:
✓    Артиллерия B1 (Team B) → Провокатор A7 (Team A)

--- Результаты хода ---
  Team C / Бурав C6           → Team B / Радиовышка B2      @ (1,2,8)  (УБИТ)
  Team B / Артиллерия B1      → Team A / Провокатор A7      @ (5,2,8)  (УБИТ)

--- Состояние команд после хода ---
  Team A: живых 6/8
    ✓ Радиовышка A2      @ (2,3,8) hp=3/3
    ✓ Прыгун A3          @ (9,2,7) hp=2/2
    ✓ Факел A4           @ (7,2,7) hp=6/6
    ✓ Тишина A5          @ (5,3,8) hp=2/2
    ✓ Бурав A6           @ (2,5,8) hp=4/4
    ✓ Паук A8            @ (5,5,8) hp=1/1
    ✗ Артиллерия A1      @ (5,1,8) [уничтожен]
    ✗ Провокатор A7      @ (5,2,8) [уничтожен]
  Team B: живых 6/8
    ✓ Артиллерия B1      @ (1,2,3) hp=1/1
    ✓ Прыгун B3          @ (6,1,7) hp=2/2
    ✓ Тишина B5          @ (1,2,6) hp=2/2
    ✓ Бурав B6           @ (3,2,3) hp=4/4
    ✓ Провокатор B7      @ (1,2,4) hp=2/2
    ✓ Паук B8            @ (2,2,3) hp=1/1
    ✗ Радиовышка B2      @ (1,2,8) [уничтожен]
    ✗ Факел B4           @ (1,2,9) [уничтожен]
  Team C: живых 3/8
    ✓ Тишина C5          @ (5,2,7) hp=2/2
    ✓ Бурав C6           @ (1,2,8) hp=4/4
    ✓ Паук C8            @ (2,2,7) hp=1/1
    ✗ Артиллерия C1      @ (9,2,7) [уничтожен]
    ✗ Радиовышка C2      @ (3,2,7) [уничтожен]
    ✗ Прыгун C3          @ (5,1,8) [уничтожен]
    ✗ Факел C4           @ (7,2,7) [уничтожен]
    ✗ Провокатор C7      @ (4,2,7) [уничтожен]

======================================================================
ХОД 4
======================================================================
✓ 🎮 GM: начинаем ход
GM: start_turn

--- Радиовышки: сканирование слоя Z ---
  Радиовышка A2 (z=8): видит 1 врагов  → Бурав C6(1,2,8)

--- Решения ботов ---
  [Team A] Радиовышка A2 (2,3,8) → MOVE (1,2,8)
  [Team A] Прыгун A3 (9,2,7) → SHOOT at (5,2,7)
  [Team A] Факел A4 (7,2,7) → SHOOT at (2,2,7)
  [Team A] Тишина A5 (5,3,8) → MOVE (5,2,7)
  [Team A] Бурав A6 (2,5,8) → MOVE (1,4,7)
  [Team A] Паук A8 (5,5,8) → MINE (5,4,7)
  [Team B] Артиллерия B1 (1,2,3) → SHOOT at (9,2,7)
  [Team B] Прыгун B3 (6,1,7) → MOVE (7,2,7)
  [Team B] Тишина B5 (1,2,6) → MOVE (2,2,7)
  [Team B] Бурав B6 (3,2,3) → MOVE (4,2,4)
  [Team B] Провокатор B7 (1,2,4) → HOLOGRAM (2,2,5)
  [Team B] Паук B8 (2,2,3) → MINE (3,2,4)
  [Team C] Тишина C5 (5,2,7) → MOVE (5,3,8)
  [Team C] Бурав C6 (1,2,8) → MOVE (2,3,8)
  [Team C] Паук C8 (2,2,7) → MINE (2,2,8)
! 🎮 GM: принудительно завершает фазу планирования
GM: end_planning
# 
============================================================
# 🔄 ОБРАБОТКА ХОДА 4
# ============================================================
!    ⚠️ Провокатор B7: клетка (2,2,5) уже занята голограммой
!    ⚠️ Паук A8: в клетке уже стоит мина
   💣 Паук B8 установил мину M7 в (3,2,4)
!    ⚠️ Паук C8: в клетке уже стоит мина

📦 ПЕРЕМЕЩЕНИЯ:
!    ⚠️ Радиовышка A2: клетка (1,2,8) занята
!    ⚠️ Тишина A5: клетка (5,2,7) занята
!    ⚠️ Бурав A6: Бурав двигается только по 1 оси или по 2 осям строго диагонально
✓    💥 Прыгун B3 тараном уничтожил Факел A4 в (7,2,7)
   Прыгун B3: (6, 1, 7) → (7,2,7)
!    ⚠️ Тишина B5: клетка (2,2,7) занята
   Бурав B6: (3, 2, 3) → (4,2,4)
!    ⚠️ Тишина C5: клетка (5,3,8) занята
✓    💥 Бурав C6 тараном уничтожил Радиовышка A2 в (2,3,8)
   Бурав C6: (1, 2, 8) → (2,3,8)

🎯 ВЫСТРЕЛЫ:
✓    ✅ Прыгун A3 поразил Прыгун B3 (1 урона)!
✓    ✅ Артиллерия B1 поразил Прыгун A3 (2 урона)!
   Выпущено ракет: 2
# 
📊 РЕЗУЛЬТАТЫ ХОДА 4:
✓ 💥 ПОПАДАНИЯ:
✓    Прыгун A3 (Team A) → Прыгун B3 (Team B)
✓    Артиллерия B1 (Team B) → Прыгун A3 (Team A)

--- Результаты хода ---
  Team B / Прыгун B3          → Team A / Факел A4           @ (7,2,7)  (УБИТ)
  Team C / Бурав C6           → Team A / Радиовышка A2      @ (2,3,8)  (УБИТ)
  Team A / Прыгун A3          → Team B / Прыгун B3          @ (7,2,7)  (ранен)
  Team B / Артиллерия B1      → Team A / Прыгун A3          @ (9,2,7)  (УБИТ)

--- Состояние команд после хода ---
  Team A: живых 3/8
    ✓ Тишина A5          @ (5,3,8) hp=2/2
    ✓ Бурав A6           @ (2,5,8) hp=4/4
    ✓ Паук A8            @ (5,5,8) hp=1/1
    ✗ Артиллерия A1      @ (5,1,8) [уничтожен]
    ✗ Радиовышка A2      @ (2,3,8) [уничтожен]
    ✗ Прыгун A3          @ (9,2,7) [уничтожен]
    ✗ Факел A4           @ (7,2,7) [уничтожен]
    ✗ Провокатор A7      @ (5,2,8) [уничтожен]
  Team B: живых 6/8
    ✓ Артиллерия B1      @ (1,2,3) hp=1/1
    ✓ Прыгун B3          @ (7,2,7) hp=1/2
    ✓ Тишина B5          @ (1,2,6) hp=2/2
    ✓ Бурав B6           @ (4,2,4) hp=4/4
    ✓ Провокатор B7      @ (1,2,4) hp=2/2
    ✓ Паук B8            @ (2,2,3) hp=1/1
    ✗ Радиовышка B2      @ (1,2,8) [уничтожен]
    ✗ Факел B4           @ (1,2,9) [уничтожен]
  Team C: живых 3/8
    ✓ Тишина C5          @ (5,2,7) hp=2/2
    ✓ Бурав C6           @ (2,3,8) hp=4/4
    ✓ Паук C8            @ (2,2,7) hp=1/1
    ✗ Артиллерия C1      @ (9,2,7) [уничтожен]
    ✗ Радиовышка C2      @ (3,2,7) [уничтожен]
    ✗ Прыгун C3          @ (5,1,8) [уничтожен]
    ✗ Факел C4           @ (7,2,7) [уничтожен]
    ✗ Провокатор C7      @ (4,2,7) [уничтожен]

======================================================================
ХОД 5
======================================================================
✓ 🎮 GM: начинаем ход
GM: start_turn

--- Радиовышки: сканирование слоя Z ---
  (у команд не осталось живых радиовышек)

--- Решения ботов ---
  [Team A] Тишина A5 (5,3,8) → PHASE toggle
  [Team A] Бурав A6 (2,5,8) → MOVE (2,3,8)
  [Team A] Паук A8 (5,5,8) → MINE (6,4,7)
  [Team B] Артиллерия B1 (1,2,3) → SHOOT at (2,2,7)
  [Team B] Прыгун B3 (7,2,7) → MOVE (5,3,8)
  [Team B] Тишина B5 (1,2,6) → MOVE (2,2,7)
  [Team B] Бурав B6 (4,2,4) → MOVE (5,2,5)
  [Team B] Провокатор B7 (1,2,4) → HOLOGRAM (2,2,5)
  [Team B] Паук B8 (2,2,3) → MINE (3,2,4)
  [Team C] Тишина C5 (5,2,7) → PHASE toggle
  [Team C] Бурав C6 (2,3,8) → MOVE (2,5,8)
  [Team C] Паук C8 (2,2,7) → MINE (1,2,6)
! 🎮 GM: принудительно завершает фазу планирования
GM: end_planning
# 
============================================================
# 🔄 ОБРАБОТКА ХОДА 5
# ============================================================
   🌀 Тишина A5: уходит в фазу на 1 ход
   🌀 Тишина C5: уходит в фазу на 1 ход
!    ⚠️ Провокатор B7: клетка (2,2,5) уже занята голограммой
   💣 Паук A8 установил мину M8 в (6,4,7)
!    ⚠️ Паук B8: в клетке уже стоит мина
!    ⚠️ Паук C8: клетка (1,2,6) занята кораблём

📦 ПЕРЕМЕЩЕНИЯ:
✓    💥 Бурав A6 тараном уничтожил Бурав C6 в (2,3,8)
   Бурав A6: (2, 5, 8) → (2,3,8)
✓    💥 Прыгун B3 пробивает фазу Тишина A5 тараном
✓    💥 Прыгун B3 тараном уничтожил Тишина A5 в (5,3,8)
   Прыгун B3: (7, 2, 7) → (5,3,8)
!    ⚠️ Тишина B5: клетка (2,2,7) занята
   Бурав B6: (4, 2, 4) → (5,2,5)

🎯 ВЫСТРЕЛЫ:
✓    ✅ Артиллерия B1 поразил Паук C8 (2 урона)!
   Выпущено ракет: 1
# 
📊 РЕЗУЛЬТАТЫ ХОДА 5:
✓ 💥 ПОПАДАНИЯ:
✓    Артиллерия B1 (Team B) → Паук C8 (Team C)

--- Результаты хода ---
  Team A / Бурав A6           → Team C / Бурав C6           @ (2,3,8)  (УБИТ)
  Team B / Прыгун B3          → Team A / Тишина A5          @ (5,3,8)  (УБИТ)
  Team B / Артиллерия B1      → Team C / Паук C8            @ (2,2,7)  (УБИТ)

--- Состояние команд после хода ---
  Team A: живых 2/8
    ✓ Бурав A6           @ (2,3,8) hp=4/4
    ✓ Паук A8            @ (5,5,8) hp=1/1
    ✗ Артиллерия A1      @ (5,1,8) [уничтожен]
    ✗ Радиовышка A2      @ (2,3,8) [уничтожен]
    ✗ Прыгун A3          @ (9,2,7) [уничтожен]
    ✗ Факел A4           @ (7,2,7) [уничтожен]
    ✗ Тишина A5          @ (5,3,8) [уничтожен]
    ✗ Провокатор A7      @ (5,2,8) [уничтожен]
  Team B: живых 6/8
    ✓ Артиллерия B1      @ (1,2,3) hp=1/1
    ✓ Прыгун B3          @ (5,3,8) hp=1/2
    ✓ Тишина B5          @ (1,2,6) hp=2/2
    ✓ Бурав B6           @ (5,2,5) hp=4/4
    ✓ Провокатор B7      @ (1,2,4) hp=2/2
    ✓ Паук B8            @ (2,2,3) hp=1/1
    ✗ Радиовышка B2      @ (1,2,8) [уничтожен]
    ✗ Факел B4           @ (1,2,9) [уничтожен]
  Team C: живых 1/8
    ✓ Тишина C5          @ (5,2,7) hp=2/2
    ✗ Артиллерия C1      @ (9,2,7) [уничтожен]
    ✗ Радиовышка C2      @ (3,2,7) [уничтожен]
    ✗ Прыгун C3          @ (5,1,8) [уничтожен]
    ✗ Факел C4           @ (7,2,7) [уничтожен]
    ✗ Бурав C6           @ (2,3,8) [уничтожен]
    ✗ Провокатор C7      @ (4,2,7) [уничтожен]
    ✗ Паук C8            @ (2,2,7) [уничтожен]

======================================================================
ХОД 6
======================================================================
✓ 🎮 GM: начинаем ход
GM: start_turn

--- Радиовышки: сканирование слоя Z ---
  (у команд не осталось живых радиовышек)

--- Решения ботов ---
  [Team A] Бурав A6 (2,3,8) → MOVE (5,3,8)
  [Team A] Паук A8 (5,5,8) → MINE (5,4,8)
  [Team B] Артиллерия B1 (1,2,3) → SHOOT at (5,5,8)
  [Team B] Прыгун B3 (5,3,8) → MOVE (5,5,8)
  [Team B] Тишина B5 (1,2,6) → MOVE (2,3,7)
  [Team B] Бурав B6 (5,2,5) → MOVE (4,3,6)
  [Team B] Провокатор B7 (1,2,4) → HOLOGRAM (2,3,5)
  [Team B] Паук B8 (2,2,3) → MOVE (2,3,4)
  [Team C] Тишина C5 (5,2,7) → MOVE (5,3,8)
! 🎮 GM: принудительно завершает фазу планирования
GM: end_planning
# 
============================================================
# 🔄 ОБРАБОТКА ХОДА 6
# ============================================================
   🌀 Тишина C5: фаза спала (действовала 1 ход)
   🪞 Провокатор B7 создал голограмму H4 в (2,3,5)
   💣 Паук A8 установил мину M9 в (5,4,8)

📦 ПЕРЕМЕЩЕНИЯ:
✓    💥 Бурав A6 тараном уничтожил Прыгун B3 в (5,3,8)
   Бурав A6: (2, 3, 8) → (5,3,8)
   Тишина B5: (1, 2, 6) → (2,3,7)
!    ⚠️ Бурав B6: Бурав двигается только по 1 оси или по 2 осям строго диагонально
   Паук B8: (2, 2, 3) → (2,3,4)
!    ⚠️ Тишина C5: клетка (5,3,8) занята

🎯 ВЫСТРЕЛЫ:
✓    ✅ Артиллерия B1 поразил Паук A8 (2 урона)!
   Выпущено ракет: 1
# 
📊 РЕЗУЛЬТАТЫ ХОДА 6:
✓ 💥 ПОПАДАНИЯ:
✓    Артиллерия B1 (Team B) → Паук A8 (Team A)

--- Результаты хода ---
  Team A / Бурав A6           → Team B / Прыгун B3          @ (5,3,8)  (УБИТ)
  Team B / Артиллерия B1      → Team A / Паук A8            @ (5,5,8)  (УБИТ)

--- Состояние команд после хода ---
  Team A: живых 1/8
    ✓ Бурав A6           @ (5,3,8) hp=4/4
    ✗ Артиллерия A1      @ (5,1,8) [уничтожен]
    ✗ Радиовышка A2      @ (2,3,8) [уничтожен]
    ✗ Прыгун A3          @ (9,2,7) [уничтожен]
    ✗ Факел A4           @ (7,2,7) [уничтожен]
    ✗ Тишина A5          @ (5,3,8) [уничтожен]
    ✗ Провокатор A7      @ (5,2,8) [уничтожен]
    ✗ Паук A8            @ (5,5,8) [уничтожен]
  Team B: живых 5/8
    ✓ Артиллерия B1      @ (1,2,3) hp=1/1
    ✓ Тишина B5          @ (2,3,7) hp=2/2
    ✓ Бурав B6           @ (5,2,5) hp=4/4
    ✓ Провокатор B7      @ (1,2,4) hp=2/2
    ✓ Паук B8            @ (2,3,4) hp=1/1
    ✗ Радиовышка B2      @ (1,2,8) [уничтожен]
    ✗ Прыгун B3          @ (5,3,8) [уничтожен]
    ✗ Факел B4           @ (1,2,9) [уничтожен]
  Team C: живых 1/8
    ✓ Тишина C5          @ (5,2,7) hp=2/2
    ✗ Артиллерия C1      @ (9,2,7) [уничтожен]
    ✗ Радиовышка C2      @ (3,2,7) [уничтожен]
    ✗ Прыгун C3          @ (5,1,8) [уничтожен]
    ✗ Факел C4           @ (7,2,7) [уничтожен]
    ✗ Бурав C6           @ (2,3,8) [уничтожен]
    ✗ Провокатор C7      @ (4,2,7) [уничтожен]
    ✗ Паук C8            @ (2,2,7) [уничтожен]

======================================================================
ХОД 7
======================================================================
✓ 🎮 GM: начинаем ход
GM: start_turn

--- Радиовышки: сканирование слоя Z ---
  (у команд не осталось живых радиовышек)

--- Решения ботов ---
  [Team A] Бурав A6 (5,3,8) → MOVE (5,2,7)
  [Team B] Артиллерия B1 (1,2,3) → SHOOT at (5,2,7)
  [Team B] Тишина B5 (2,3,7) → MOVE (3,3,8)
  [Team B] Бурав B6 (5,2,5) → MOVE (5,2,7)
  [Team B] Провокатор B7 (1,2,4) → HOLOGRAM (2,3,5)
  [Team B] Паук B8 (2,3,4) → MINE (3,2,5)
  [Team C] Тишина C5 (5,2,7) → MOVE (5,3,8)
! 🎮 GM: принудительно завершает фазу планирования
GM: end_planning
# 
============================================================
# 🔄 ОБРАБОТКА ХОДА 7
# ============================================================
!    ⚠️ Провокатор B7: клетка (2,3,5) уже занята голограммой
   💣 Паук B8 установил мину M10 в (3,2,5)

📦 ПЕРЕМЕЩЕНИЯ:
✓    💥 Бурав A6 тараном уничтожил Тишина C5 в (5,2,7)
   Бурав A6: (5, 3, 8) → (5,2,7)
   Тишина B5: (2, 3, 7) → (3,3,8)
✓    💥 Бурав B6 тараном уничтожил Бурав A6 в (5,2,7)
   Бурав B6: (5, 2, 5) → (5,2,7)

🎯 ВЫСТРЕЛЫ:
   Выпущено ракет: 1
# 
📊 РЕЗУЛЬТАТЫ ХОДА 7:
🎯 Попаданий нет
# 
🎮🎮🎮🎮🎮🎮🎮🎮🎮🎮🎮🎮🎮🎮🎮🎮🎮🎮🎮🎮
#         ИГРА ОКОНЧЕНА!
# 🎮🎮🎮🎮🎮🎮🎮🎮🎮🎮🎮🎮🎮🎮🎮🎮🎮🎮🎮🎮
✓         🏆 ПОБЕДИТЕЛЬ: Team B

--- Результаты хода ---
  Team A / Бурав A6           → Team C / Тишина C5          @ (5,2,7)  (УБИТ)
  Team B / Бурав B6           → Team A / Бурав A6           @ (5,2,7)  (УБИТ)

--- Состояние команд после хода ---
  Team A: живых 0/8
    ✗ Артиллерия A1      @ (5,1,8) [уничтожен]
    ✗ Радиовышка A2      @ (2,3,8) [уничтожен]
    ✗ Прыгун A3          @ (9,2,7) [уничтожен]
    ✗ Факел A4           @ (7,2,7) [уничтожен]
    ✗ Тишина A5          @ (5,3,8) [уничтожен]
    ✗ Бурав A6           @ (5,2,7) [уничтожен]
    ✗ Провокатор A7      @ (5,2,8) [уничтожен]
    ✗ Паук A8            @ (5,5,8) [уничтожен]
  Team B: живых 5/8
    ✓ Артиллерия B1      @ (1,2,3) hp=1/1
    ✓ Тишина B5          @ (3,3,8) hp=2/2
    ✓ Бурав B6           @ (5,2,7) hp=4/4
    ✓ Провокатор B7      @ (1,2,4) hp=2/2
    ✓ Паук B8            @ (2,3,4) hp=1/1
    ✗ Радиовышка B2      @ (1,2,8) [уничтожен]
    ✗ Прыгун B3          @ (5,3,8) [уничтожен]
    ✗ Факел B4           @ (1,2,9) [уничтожен]
  Team C: живых 0/8
    ✗ Артиллерия C1      @ (9,2,7) [уничтожен]
    ✗ Радиовышка C2      @ (3,2,7) [уничтожен]
    ✗ Прыгун C3          @ (5,1,8) [уничтожен]
    ✗ Факел C4           @ (7,2,7) [уничтожен]
    ✗ Тишина C5          @ (5,2,7) [уничтожен]
    ✗ Бурав C6           @ (2,3,8) [уничтожен]
    ✗ Провокатор C7      @ (4,2,7) [уничтожен]
    ✗ Паук C8            @ (2,2,7) [уничтожен]

======================================================================
ИТОГ
======================================================================
Игра окончена. Победитель: Team B
Ходов сыграно: 7

--- Сводка по командам ---
  Team A: 0/8 живых; hp=0
  Team B: 5/8 живых; hp=10
  Team C: 0/8 живых; hp=0

--- Сводка по пассивкам радиовышек ---
  Team A: сканирований=4, всего врагов-в-слоях=5, уникальных эксклюзивных (видны только радиовышкой)=0
  Team B: сканирований=3, всего врагов-в-слоях=18, уникальных эксклюзивных (видны только радиовышкой)=1
  Team C: сканирований=1, всего врагов-в-слоях=1, уникальных эксклюзивных (видны только радиовышкой)=0

--- Сводка по попаданиям ---
  Всего событий (шоты+тараны+мины): 20
  Уничтожено кораблей всего: 19
  Team A: урон=16 хиты=1 тараны=5 мины(сработало)=0 убийств=5
  Team B: урон=27 хиты=6 тараны=4 мины(сработало)=0 убийств=10
  Team C: урон=13 хиты=0 тараны=4 мины(сработало)=0 убийств=4
! 🎮 GM: остановка игры
