======================================================================
Space Battle 10×10×10 — simulation run at 2026-04-20T13:23:54+00:00
Game mode: advanced
Seed: 96
✓ 🚀 Продвинутый режим: создаю разные типы кораблей
   Стартовые Z-слои: A=5, B=9, C=6
✓ ✅ Создано 24 кораблей


--- СТАРТОВАЯ РАССТАНОВКА ---
  Team A: живых 8/8
    ✓ Артиллерия A1      @ (9,1,5) hp=1/1
    ✓ Радиовышка A2      @ (3,3,5) hp=3/3
    ✓ Прыгун A3          @ (4,8,5) hp=2/2
    ✓ Факел A4           @ (7,4,5) hp=6/6
    ✓ Тишина A5          @ (2,4,5) hp=2/2
    ✓ Бурав A6           @ (0,6,5) hp=4/4
    ✓ Провокатор A7      @ (7,9,5) hp=2/2
    ✓ Паук A8            @ (9,5,5) hp=1/1
  Team B: живых 8/8
    ✓ Артиллерия B1      @ (8,0,9) hp=1/1
    ✓ Радиовышка B2      @ (3,0,9) hp=3/3
    ✓ Прыгун B3          @ (3,3,9) hp=2/2
    ✓ Факел B4           @ (5,8,9) hp=6/6
    ✓ Тишина B5          @ (6,0,9) hp=2/2
    ✓ Бурав B6           @ (0,6,9) hp=4/4
    ✓ Провокатор B7      @ (5,0,9) hp=2/2
    ✓ Паук B8            @ (9,2,9) hp=1/1
  Team C: живых 8/8
    ✓ Артиллерия C1      @ (0,5,6) hp=1/1
    ✓ Радиовышка C2      @ (2,6,6) hp=3/3
    ✓ Прыгун C3          @ (0,0,6) hp=2/2
    ✓ Факел C4           @ (7,4,6) hp=6/6
    ✓ Тишина C5          @ (8,4,6) hp=2/2
    ✓ Бурав C6           @ (6,8,6) hp=4/4
    ✓ Провокатор C7      @ (4,6,6) hp=2/2
    ✓ Паук C8            @ (0,8,6) hp=1/1

======================================================================
ХОД 1
======================================================================
✓ 🎮 GM: начинаем ход
GM: start_turn

--- Радиовышки: сканирование слоя Z ---
  Радиовышка A2 (z=5): слой чист
  Радиовышка B2 (z=9): слой чист
  Радиовышка C2 (z=6): слой чист

--- Решения ботов ---
  [Team A] Артиллерия A1 (9,1,5) → SHOOT at (0,5,6)
  [Team A] Радиовышка A2 (3,3,5) → MOVE (2,4,6)
  [Team A] Прыгун A3 (4,8,5) → MOVE (4,6,6)
  [Team A] Факел A4 (7,4,5) → SHOOT at (7,4,6)
  [Team A] Тишина A5 (2,4,5) → PHASE toggle
  [Team A] Бурав A6 (0,6,5) → MOVE (0,5,6)
  [Team A] Провокатор A7 (7,9,5) → HOLOGRAM (6,8,6)
  [Team A] Паук A8 (9,5,5) → MINE (8,4,6)
  [Team B] Артиллерия B1 (8,0,9) → SHOOT at (0,5,6)
  [Team B] Радиовышка B2 (3,0,9) → MOVE (2,0,8)
  [Team B] Прыгун B3 (3,3,9) → MOVE (2,4,8)
  [Team B] Факел B4 (5,8,9) → MOVE (6,7,9)
  [Team B] Тишина B5 (6,0,9) → PHASE toggle
  [Team B] Бурав B6 (0,6,9) → MOVE (0,5,8)
  [Team B] Провокатор B7 (5,0,9) → HOLOGRAM (6,1,8)
  [Team B] Паук B8 (9,2,9) → MINE (8,3,8)
  [Team C] Артиллерия C1 (0,5,6) → SHOOT at (9,1,5)
  [Team C] Радиовышка C2 (2,6,6) → MOVE (3,7,5)
  [Team C] Прыгун C3 (0,0,6) → MOVE (1,1,5)
  [Team C] Факел C4 (7,4,6) → SHOOT at (7,4,5)
  [Team C] Тишина C5 (8,4,6) → PHASE toggle
  [Team C] Бурав C6 (6,8,6) → MOVE (7,9,5)
  [Team C] Провокатор C7 (4,6,6) → HOLOGRAM (4,7,5)
  [Team C] Паук C8 (0,8,6) → MINE (0,7,5)
! 🎮 GM: принудительно завершает фазу планирования
GM: end_planning
# 
============================================================
# 🔄 ОБРАБОТКА ХОДА 1
# ============================================================
   🌀 Тишина A5: фаза ВКЛ
   🌀 Тишина B5: фаза ВКЛ
   🌀 Тишина C5: фаза ВКЛ
!    ⚠️ Провокатор A7: клетка (6,8,6) занята кораблём
   🪞 Провокатор B7 создал голограмму H1 в (6,1,8)
   🪞 Провокатор C7 создал голограмму H2 в (4,7,5)
!    ⚠️ Паук A8: клетка (8,4,6) занята кораблём
   💣 Паук B8 установил мину M1 в (8,3,8)
   💣 Паук C8 установил мину M2 в (0,7,5)

📦 ПЕРЕМЕЩЕНИЯ:
   Радиовышка A2: (3, 3, 5) → (2,4,6)
✓    💥 Прыгун A3 тараном уничтожил Провокатор C7 в (4,6,6)
   Прыгун A3: (4, 8, 5) → (4,6,6)
✓    💥 Бурав A6 тараном уничтожил Артиллерия C1 в (0,5,6)
   Бурав A6: (0, 6, 5) → (0,5,6)
   Радиовышка B2: (3, 0, 9) → (2,0,8)
   Прыгун B3: (3, 3, 9) → (2,4,8)
   Факел B4: (5, 8, 9) → (6,7,9)
   Бурав B6: (0, 6, 9) → (0,5,8)
   Радиовышка C2: (2, 6, 6) → (3,7,5)
   Прыгун C3: (0, 0, 6) → (1,1,5)
!    ⚠️ Бурав C6: Бурав двигается только по 1 оси или по 2 осям строго диагонально

🎯 ВЫСТРЕЛЫ:
✓    ✅ Факел A4 поразил Факел C4 (1 урона)!
✓    ✅ Артиллерия B1 поразил Бурав A6 (2 урона)!
✓    ✅ Факел C4 поразил Факел A4 (1 урона)!
   Выпущено ракет: 4
# 
📊 РЕЗУЛЬТАТЫ ХОДА 1:
✓ 💥 ПОПАДАНИЯ:
✓    Факел A4 (Team A) → Факел C4 (Team C)
✓    Артиллерия B1 (Team B) → Бурав A6 (Team A)
✓    Факел C4 (Team C) → Факел A4 (Team A)

--- Результаты хода ---
  Team A / Прыгун A3          → Team C / Провокатор C7      @ (4,6,6)  (УБИТ)
  Team A / Бурав A6           → Team C / Артиллерия C1      @ (0,5,6)  (УБИТ)
  Team A / Факел A4           → Team C / Факел C4           @ (7,4,6)  (ранен)
  Team B / Артиллерия B1      → Team A / Бурав A6           @ (0,5,6)  (ранен)
  Team C / Факел C4           → Team A / Факел A4           @ (7,4,5)  (ранен)

--- Состояние команд после хода ---
  Team A: живых 8/8
    ✓ Артиллерия A1      @ (9,1,5) hp=1/1
    ✓ Радиовышка A2      @ (2,4,6) hp=3/3
    ✓ Прыгун A3          @ (4,6,6) hp=2/2
    ✓ Факел A4           @ (7,4,5) hp=5/6
    ✓ Тишина A5          @ (2,4,5) hp=2/2
    ✓ Бурав A6           @ (0,5,6) hp=2/4
    ✓ Провокатор A7      @ (7,9,5) hp=2/2
    ✓ Паук A8            @ (9,5,5) hp=1/1
  Team B: живых 8/8
    ✓ Артиллерия B1      @ (8,0,9) hp=1/1
    ✓ Радиовышка B2      @ (2,0,8) hp=3/3
    ✓ Прыгун B3          @ (2,4,8) hp=2/2
    ✓ Факел B4           @ (6,7,9) hp=6/6
    ✓ Тишина B5          @ (6,0,9) hp=2/2
    ✓ Бурав B6           @ (0,5,8) hp=4/4
    ✓ Провокатор B7      @ (5,0,9) hp=2/2
    ✓ Паук B8            @ (9,2,9) hp=1/1
  Team C: живых 6/8
    ✓ Радиовышка C2      @ (3,7,5) hp=3/3
    ✓ Прыгун C3          @ (1,1,5) hp=2/2
    ✓ Факел C4           @ (7,4,6) hp=5/6
    ✓ Тишина C5          @ (8,4,6) hp=2/2
    ✓ Бурав C6           @ (6,8,6) hp=4/4
    ✓ Паук C8            @ (0,8,6) hp=1/1
    ✗ Артиллерия C1      @ (0,5,6) [уничтожен]
    ✗ Провокатор C7      @ (4,6,6) [уничтожен]

======================================================================
ХОД 2
======================================================================
✓ 🎮 GM: начинаем ход
GM: start_turn

--- Радиовышки: сканирование слоя Z ---
  Радиовышка A2 (z=6): видит 3 врагов  → Паук C8(0,8,6), Бурав C6(6,8,6), Факел C4(7,4,6)
  Радиовышка B2 (z=8): слой чист
  Радиовышка C2 (z=5): видит 4 врагов  → Факел A4(7,4,5), Провокатор A7(7,9,5), Артиллерия A1(9,1,5), Паук A8(9,5,5)

--- Решения ботов ---
  [Team A] Артиллерия A1 (9,1,5) → SHOOT at (2,4,8)
  [Team A] Радиовышка A2 (2,4,6) → MOVE (2,4,7)
  [Team A] Прыгун A3 (4,6,6) → MOVE (2,4,8)
  [Team A] Факел A4 (7,4,5) → HEAL (AoE)
  [Team A] Бурав A6 (0,5,6) → MOVE (0,5,8)
  [Team A] Провокатор A7 (7,9,5) → HOLOGRAM (6,8,6)
  [Team A] Паук A8 (9,5,5) → MINE (8,4,6)
  [Team A] Тишина A5 → SKIP
  [Team B] Артиллерия B1 (8,0,9) → SHOOT at (4,6,6)
  [Team B] Радиовышка B2 (2,0,8) → MOVE (1,1,7)
  [Team B] Прыгун B3 (2,4,8) → MOVE (4,6,6)
  [Team B] Факел B4 (6,7,9) → MOVE (7,6,9)
  [Team B] Тишина B5 (6,0,9) → MOVE (5,1,8)
  [Team B] Бурав B6 (0,5,8) → MOVE (0,5,6)
  [Team B] Провокатор B7 (5,0,9) → HOLOGRAM (4,1,8)
  [Team B] Паук B8 (9,2,9) → MINE (8,3,8)
  [Team C] Радиовышка C2 (3,7,5) → MOVE (4,6,6)
  [Team C] Прыгун C3 (1,1,5) → MOVE (2,2,6)
  [Team C] Факел C4 (7,4,6) → HEAL (AoE)
  [Team C] Тишина C5 (8,4,6) → MOVE (7,4,5)
  [Team C] Бурав C6 (6,8,6) → MOVE (7,9,5)
  [Team C] Паук C8 (0,8,6) → MINE (0,7,6)
! 🎮 GM: принудительно завершает фазу планирования
GM: end_planning
# 
============================================================
# 🔄 ОБРАБОТКА ХОДА 2
# ============================================================
!    ⚠️ Провокатор A7: клетка (6,8,6) занята кораблём
   🪞 Провокатор B7 создал голограмму H3 в (4,1,8)
!    ⚠️ Паук A8: клетка (8,4,6) занята кораблём
!    ⚠️ Паук B8: в клетке уже стоит мина
   💣 Паук C8 установил мину M3 в (0,7,6)

📦 ПЕРЕМЕЩЕНИЯ:
   Радиовышка A2: (2, 4, 6) → (2,4,7)
✓    💥 Прыгун A3 тараном уничтожил Прыгун B3 в (2,4,8)
   Прыгун A3: (4, 6, 6) → (2,4,8)
✓    💥 Бурав A6 тараном уничтожил Бурав B6 в (0,5,8)
   Бурав A6: (0, 5, 6) → (0,5,8)
   Радиовышка B2: (2, 0, 8) → (1,1,7)
   Факел B4: (6, 7, 9) → (7,6,9)
   Тишина B5: (6, 0, 9) → (5,1,8)
   Радиовышка C2: (3, 7, 5) → (4,6,6)
   Прыгун C3: (1, 1, 5) → (2,2,6)
!    ⚠️ Тишина C5: клетка (7,4,5) занята
!    ⚠️ Бурав C6: Бурав двигается только по 1 оси или по 2 осям строго диагонально

🎯 ВЫСТРЕЛЫ:
✓    ✅ Артиллерия B1 поразил Радиовышка C2 (2 урона)!
✓    💚 Факел A4 лечит Факел A4 → hits=0/6
✓    💚 Факел C4 лечит Факел C4 → hits=0/6
   Выпущено ракет: 2
# 
📊 РЕЗУЛЬТАТЫ ХОДА 2:
✓ 💥 ПОПАДАНИЯ:
✓    Артиллерия B1 (Team B) → Радиовышка C2 (Team C)

--- Результаты хода ---
  Team A / Прыгун A3          → Team B / Прыгун B3          @ (2,4,8)  (УБИТ)
  Team A / Бурав A6           → Team B / Бурав B6           @ (0,5,8)  (УБИТ)
  Team B / Артиллерия B1      → Team C / Радиовышка C2      @ (4,6,6)  (ранен)

--- Состояние команд после хода ---
  Team A: живых 8/8
    ✓ Артиллерия A1      @ (9,1,5) hp=1/1
    ✓ Радиовышка A2      @ (2,4,7) hp=3/3
    ✓ Прыгун A3          @ (2,4,8) hp=2/2
    ✓ Факел A4           @ (7,4,5) hp=6/6
    ✓ Тишина A5          @ (2,4,5) hp=2/2
    ✓ Бурав A6           @ (0,5,8) hp=2/4
    ✓ Провокатор A7      @ (7,9,5) hp=2/2
    ✓ Паук A8            @ (9,5,5) hp=1/1
  Team B: живых 6/8
    ✓ Артиллерия B1      @ (8,0,9) hp=1/1
    ✓ Радиовышка B2      @ (1,1,7) hp=3/3
    ✓ Факел B4           @ (7,6,9) hp=6/6
    ✓ Тишина B5          @ (5,1,8) hp=2/2
    ✓ Провокатор B7      @ (5,0,9) hp=2/2
    ✓ Паук B8            @ (9,2,9) hp=1/1
    ✗ Прыгун B3          @ (2,4,8) [уничтожен]
    ✗ Бурав B6           @ (0,5,8) [уничтожен]
  Team C: живых 6/8
    ✓ Радиовышка C2      @ (4,6,6) hp=1/3
    ✓ Прыгун C3          @ (2,2,6) hp=2/2
    ✓ Факел C4           @ (7,4,6) hp=6/6
    ✓ Тишина C5          @ (8,4,6) hp=2/2
    ✓ Бурав C6           @ (6,8,6) hp=4/4
    ✓ Паук C8            @ (0,8,6) hp=1/1
    ✗ Артиллерия C1      @ (0,5,6) [уничтожен]
    ✗ Провокатор C7      @ (4,6,6) [уничтожен]

======================================================================
ХОД 3
======================================================================
✓ 🎮 GM: начинаем ход
GM: start_turn

--- Радиовышки: сканирование слоя Z ---
  Радиовышка A2 (z=7): видит 1 врагов  → Радиовышка B2(1,1,7)
  Радиовышка B2 (z=7): видит 1 врагов  → Радиовышка A2(2,4,7)
  Радиовышка C2 (z=6): слой чист

--- Решения ботов ---
  [Team A] Артиллерия A1 (9,1,5) → SHOOT at (4,6,6)
  [Team A] Радиовышка A2 (2,4,7) → MOVE (3,5,6)
  [Team A] Прыгун A3 (2,4,8) → MOVE (2,2,6)
  [Team A] Факел A4 (7,4,5) → SHOOT at (7,4,6)
  [Team A] Тишина A5 (2,4,5) → MOVE (2,5,5)
  [Team A] Бурав A6 (0,5,8) → MOVE (1,4,7)
  [Team A] Провокатор A7 (7,9,5) → HOLOGRAM (6,8,6)
  [Team A] Паук A8 (9,5,5) → MINE (8,4,6)
  [Team B] Артиллерия B1 (8,0,9) → SHOOT at (4,6,6)
  [Team B] Радиовышка B2 (1,1,7) → MOVE (2,2,6)
  [Team B] Факел B4 (7,6,9) → MOVE (8,5,9)
  [Team B] Тишина B5 (5,1,8) → MOVE (4,2,7)
  [Team B] Провокатор B7 (5,0,9) → HOLOGRAM (4,1,8)
  [Team B] Паук B8 (9,2,9) → MINE (8,3,8)
  [Team C] Радиовышка C2 (4,6,6) → MOVE (3,5,7)
  [Team C] Прыгун C3 (2,2,6) → MOVE (2,4,8)
  [Team C] Факел C4 (7,4,6) → SHOOT at (7,4,5)
  [Team C] Тишина C5 (8,4,6) → MOVE (7,4,5)
  [Team C] Бурав C6 (6,8,6) → MOVE (7,9,5)
  [Team C] Паук C8 (0,8,6) → MINE (0,7,7)
! 🎮 GM: принудительно завершает фазу планирования
GM: end_planning
# 
============================================================
# 🔄 ОБРАБОТКА ХОДА 3
# ============================================================
!    ⚠️ Провокатор A7: клетка (6,8,6) занята кораблём
!    ⚠️ Провокатор B7: клетка (4,1,8) уже занята голограммой
!    ⚠️ Паук A8: клетка (8,4,6) занята кораблём
!    ⚠️ Паук B8: в клетке уже стоит мина
   💣 Паук C8 установил мину M4 в (0,7,7)

📦 ПЕРЕМЕЩЕНИЯ:
   Радиовышка A2: (2, 4, 7) → (3,5,6)
✓    💥 Прыгун A3 тараном уничтожил Прыгун C3 в (2,2,6)
   Прыгун A3: (2, 4, 8) → (2,2,6)
   Тишина A5: (2, 4, 5) → (2,5,5)
!    ⚠️ Бурав A6: Бурав двигается только по 1 оси или по 2 осям строго диагонально
!    ⚠️ Радиовышка B2: клетка (2,2,6) занята
   Факел B4: (7, 6, 9) → (8,5,9)
   Тишина B5: (5, 1, 8) → (4,2,7)
   Радиовышка C2: (4, 6, 6) → (3,5,7)
!    ⚠️ Тишина C5: клетка (7,4,5) занята
!    ⚠️ Бурав C6: Бурав двигается только по 1 оси или по 2 осям строго диагонально

🎯 ВЫСТРЕЛЫ:
✓    ✅ Факел A4 поразил Факел C4 (1 урона)!
✓    ✅ Факел C4 поразил Факел A4 (1 урона)!
   Выпущено ракет: 4
# 
📊 РЕЗУЛЬТАТЫ ХОДА 3:
✓ 💥 ПОПАДАНИЯ:
✓    Факел A4 (Team A) → Факел C4 (Team C)
✓    Факел C4 (Team C) → Факел A4 (Team A)

--- Результаты хода ---
  Team A / Прыгун A3          → Team C / Прыгун C3          @ (2,2,6)  (УБИТ)
  Team A / Факел A4           → Team C / Факел C4           @ (7,4,6)  (ранен)
  Team C / Факел C4           → Team A / Факел A4           @ (7,4,5)  (ранен)

--- Состояние команд после хода ---
  Team A: живых 8/8
    ✓ Артиллерия A1      @ (9,1,5) hp=1/1
    ✓ Радиовышка A2      @ (3,5,6) hp=3/3
    ✓ Прыгун A3          @ (2,2,6) hp=2/2
    ✓ Факел A4           @ (7,4,5) hp=5/6
    ✓ Тишина A5          @ (2,5,5) hp=2/2
    ✓ Бурав A6           @ (0,5,8) hp=2/4
    ✓ Провокатор A7      @ (7,9,5) hp=2/2
    ✓ Паук A8            @ (9,5,5) hp=1/1
  Team B: живых 6/8
    ✓ Артиллерия B1      @ (8,0,9) hp=1/1
    ✓ Радиовышка B2      @ (1,1,7) hp=3/3
    ✓ Факел B4           @ (8,5,9) hp=6/6
    ✓ Тишина B5          @ (4,2,7) hp=2/2
    ✓ Провокатор B7      @ (5,0,9) hp=2/2
    ✓ Паук B8            @ (9,2,9) hp=1/1
    ✗ Прыгун B3          @ (2,4,8) [уничтожен]
    ✗ Бурав B6           @ (0,5,8) [уничтожен]
  Team C: живых 5/8
    ✓ Радиовышка C2      @ (3,5,7) hp=1/3
    ✓ Факел C4           @ (7,4,6) hp=5/6
    ✓ Тишина C5          @ (8,4,6) hp=2/2
    ✓ Бурав C6           @ (6,8,6) hp=4/4
    ✓ Паук C8            @ (0,8,6) hp=1/1
    ✗ Артиллерия C1      @ (0,5,6) [уничтожен]
    ✗ Прыгун C3          @ (2,2,6) [уничтожен]
    ✗ Провокатор C7      @ (4,6,6) [уничтожен]

======================================================================
ХОД 4
======================================================================
✓ 🎮 GM: начинаем ход
GM: start_turn

--- Радиовышки: сканирование слоя Z ---
  Радиовышка A2 (z=6): видит 3 врагов  → Паук C8(0,8,6), Бурав C6(6,8,6), Факел C4(7,4,6)
  Радиовышка B2 (z=7): видит 1 врагов  → Радиовышка C2(3,5,7)
  Радиовышка C2 (z=7): видит 1 врагов [+1 эксклюзивно] → Радиовышка B2(1,1,7)

--- Решения ботов ---
  [Team A] Артиллерия A1 (9,1,5) → SHOOT at (5,0,9)
  [Team A] Радиовышка A2 (3,5,6) → MOVE (3,5,7)
  [Team A] Прыгун A3 (2,2,6) → MOVE (1,1,7)
  [Team A] Факел A4 (7,4,5) → HEAL (AoE)
  [Team A] Тишина A5 (2,5,5) → MOVE (3,5,5)
  [Team A] Бурав A6 (0,5,8) → MOVE (1,5,7)
  [Team A] Провокатор A7 (7,9,5) → HOLOGRAM (6,8,6)
  [Team A] Паук A8 (9,5,5) → MINE (8,4,6)
  [Team B] Артиллерия B1 (8,0,9) → SHOOT at (3,5,7)
  [Team B] Радиовышка B2 (1,1,7) → MOVE (2,2,6)
  [Team B] Факел B4 (8,5,9) → MOVE (8,4,9)
  [Team B] Тишина B5 (4,2,7) → MOVE (3,2,6)
  [Team B] Провокатор B7 (5,0,9) → HOLOGRAM (4,1,8)
  [Team B] Паук B8 (9,2,9) → MINE (8,3,8)
  [Team C] Радиовышка C2 (3,5,7) → MOVE (3,5,6)
  [Team C] Факел C4 (7,4,6) → HEAL (AoE)
  [Team C] Тишина C5 (8,4,6) → MOVE (7,4,5)
  [Team C] Бурав C6 (6,8,6) → MOVE (7,9,5)
  [Team C] Паук C8 (0,8,6) → MINE (1,7,6)
! 🎮 GM: принудительно завершает фазу планирования
GM: end_planning
# 
============================================================
# 🔄 ОБРАБОТКА ХОДА 4
# ============================================================
!    ⚠️ Провокатор A7: клетка (6,8,6) занята кораблём
!    ⚠️ Провокатор B7: клетка (4,1,8) уже занята голограммой
!    ⚠️ Паук A8: клетка (8,4,6) занята кораблём
!    ⚠️ Паук B8: в клетке уже стоит мина
   💣 Паук C8 установил мину M5 в (1,7,6)

📦 ПЕРЕМЕЩЕНИЯ:
!    ⚠️ Радиовышка A2: клетка (3,5,7) занята
✓    💥 Прыгун A3 тараном уничтожил Радиовышка B2 в (1,1,7)
   Прыгун A3: (2, 2, 6) → (1,1,7)
   Тишина A5: (2, 5, 5) → (3,5,5)
   Бурав A6: (0, 5, 8) → (1,5,7)
   Факел B4: (8, 5, 9) → (8,4,9)
   Тишина B5: (4, 2, 7) → (3,2,6)
!    ⚠️ Радиовышка C2: клетка (3,5,6) занята
!    ⚠️ Тишина C5: клетка (7,4,5) занята
!    ⚠️ Бурав C6: Бурав двигается только по 1 оси или по 2 осям строго диагонально

🎯 ВЫСТРЕЛЫ:
✓    ✅ Артиллерия A1 поразил Провокатор B7 (2 урона)!
✓    ✅ Артиллерия B1 поразил Радиовышка C2 (2 урона)!
✓    💚 Факел A4 лечит Факел A4 → hits=0/6
✓    💚 Факел C4 лечит Факел C4 → hits=0/6
   Выпущено ракет: 2
# 
📊 РЕЗУЛЬТАТЫ ХОДА 4:
✓ 💥 ПОПАДАНИЯ:
✓    Артиллерия A1 (Team A) → Провокатор B7 (Team B)
✓    Артиллерия B1 (Team B) → Радиовышка C2 (Team C)

--- Результаты хода ---
  Team A / Прыгун A3          → Team B / Радиовышка B2      @ (1,1,7)  (УБИТ)
  Team A / Артиллерия A1      → Team B / Провокатор B7      @ (5,0,9)  (УБИТ)
  Team B / Артиллерия B1      → Team C / Радиовышка C2      @ (3,5,7)  (УБИТ)

--- Состояние команд после хода ---
  Team A: живых 8/8
    ✓ Артиллерия A1      @ (9,1,5) hp=1/1
    ✓ Радиовышка A2      @ (3,5,6) hp=3/3
    ✓ Прыгун A3          @ (1,1,7) hp=2/2
    ✓ Факел A4           @ (7,4,5) hp=6/6
    ✓ Тишина A5          @ (3,5,5) hp=2/2
    ✓ Бурав A6           @ (1,5,7) hp=2/4
    ✓ Провокатор A7      @ (7,9,5) hp=2/2
    ✓ Паук A8            @ (9,5,5) hp=1/1
  Team B: живых 4/8
    ✓ Артиллерия B1      @ (8,0,9) hp=1/1
    ✓ Факел B4           @ (8,4,9) hp=6/6
    ✓ Тишина B5          @ (3,2,6) hp=2/2
    ✓ Паук B8            @ (9,2,9) hp=1/1
    ✗ Радиовышка B2      @ (1,1,7) [уничтожен]
    ✗ Прыгун B3          @ (2,4,8) [уничтожен]
    ✗ Бурав B6           @ (0,5,8) [уничтожен]
    ✗ Провокатор B7      @ (5,0,9) [уничтожен]
  Team C: живых 4/8
    ✓ Факел C4           @ (7,4,6) hp=6/6
    ✓ Тишина C5          @ (8,4,6) hp=2/2
    ✓ Бурав C6           @ (6,8,6) hp=4/4
    ✓ Паук C8            @ (0,8,6) hp=1/1
    ✗ Артиллерия C1      @ (0,5,6) [уничтожен]
    ✗ Радиовышка C2      @ (3,5,7) [уничтожен]
    ✗ Прыгун C3          @ (2,2,6) [уничтожен]
    ✗ Провокатор C7      @ (4,6,6) [уничтожен]

======================================================================
ХОД 5
======================================================================
✓ 🎮 GM: начинаем ход
GM: start_turn

--- Радиовышки: сканирование слоя Z ---
  Радиовышка A2 (z=6): видит 3 врагов  → Паук C8(0,8,6), Бурав C6(6,8,6), Факел C4(7,4,6)

--- Решения ботов ---
  [Team A] Артиллерия A1 (9,1,5) → SHOOT at (0,8,6)
  [Team A] Радиовышка A2 (3,5,6) → MOVE (4,6,6)
  [Team A] Прыгун A3 (1,1,7) → MOVE (2,2,6)
  [Team A] Факел A4 (7,4,5) → SHOOT at (7,4,6)
  [Team A] Тишина A5 (3,5,5) → MOVE (4,5,6)
  [Team A] Бурав A6 (1,5,7) → MOVE (0,6,6)
  [Team A] Провокатор A7 (7,9,5) → HOLOGRAM (6,8,6)
  [Team A] Паук A8 (9,5,5) → MINE (8,4,6)
  [Team B] Артиллерия B1 (8,0,9) → SHOOT at (1,1,7)
  [Team B] Факел B4 (8,4,9) → MOVE (8,3,9)
  [Team B] Тишина B5 (3,2,6) → MOVE (2,1,7)
  [Team B] Паук B8 (9,2,9) → MINE (8,3,8)
  [Team C] Факел C4 (7,4,6) → SHOOT at (7,4,5)
  [Team C] Тишина C5 (8,4,6) → MOVE (7,4,5)
  [Team C] Бурав C6 (6,8,6) → MOVE (3,5,6)
  [Team C] Паук C8 (0,8,6) → MINE (1,7,6)
! 🎮 GM: принудительно завершает фазу планирования
GM: end_planning
# 
============================================================
# 🔄 ОБРАБОТКА ХОДА 5
# ============================================================
!    ⚠️ Провокатор A7: клетка (6,8,6) занята кораблём
!    ⚠️ Паук A8: клетка (8,4,6) занята кораблём
!    ⚠️ Паук B8: в клетке уже стоит мина
!    ⚠️ Паук C8: в клетке уже стоит мина

📦 ПЕРЕМЕЩЕНИЯ:
   Радиовышка A2: (3, 5, 6) → (4,6,6)
   Прыгун A3: (1, 1, 7) → (2,2,6)
   Тишина A5: (3, 5, 5) → (4,5,6)
!    ⚠️ Бурав A6: Бурав двигается только по 1 оси или по 2 осям строго диагонально
   Факел B4: (8, 4, 9) → (8,3,9)
   Тишина B5: (3, 2, 6) → (2,1,7)
!    ⚠️ Тишина C5: клетка (7,4,5) занята
   Бурав C6: (6, 8, 6) → (3,5,6)

🎯 ВЫСТРЕЛЫ:
✓    ✅ Артиллерия A1 поразил Паук C8 (2 урона)!
✓    ✅ Факел A4 поразил Факел C4 (1 урона)!
✓    ✅ Факел C4 поразил Факел A4 (1 урона)!
   Выпущено ракет: 4
# 
📊 РЕЗУЛЬТАТЫ ХОДА 5:
✓ 💥 ПОПАДАНИЯ:
✓    Артиллерия A1 (Team A) → Паук C8 (Team C)
✓    Факел A4 (Team A) → Факел C4 (Team C)
✓    Факел C4 (Team C) → Факел A4 (Team A)

--- Результаты хода ---
  Team A / Артиллерия A1      → Team C / Паук C8            @ (0,8,6)  (УБИТ)
  Team A / Факел A4           → Team C / Факел C4           @ (7,4,6)  (ранен)
  Team C / Факел C4           → Team A / Факел A4           @ (7,4,5)  (ранен)

--- Состояние команд после хода ---
  Team A: живых 8/8
    ✓ Артиллерия A1      @ (9,1,5) hp=1/1
    ✓ Радиовышка A2      @ (4,6,6) hp=3/3
    ✓ Прыгун A3          @ (2,2,6) hp=2/2
    ✓ Факел A4           @ (7,4,5) hp=5/6
    ✓ Тишина A5          @ (4,5,6) hp=2/2
    ✓ Бурав A6           @ (1,5,7) hp=2/4
    ✓ Провокатор A7      @ (7,9,5) hp=2/2
    ✓ Паук A8            @ (9,5,5) hp=1/1
  Team B: живых 4/8
    ✓ Артиллерия B1      @ (8,0,9) hp=1/1
    ✓ Факел B4           @ (8,3,9) hp=6/6
    ✓ Тишина B5          @ (2,1,7) hp=2/2
    ✓ Паук B8            @ (9,2,9) hp=1/1
    ✗ Радиовышка B2      @ (1,1,7) [уничтожен]
    ✗ Прыгун B3          @ (2,4,8) [уничтожен]
    ✗ Бурав B6           @ (0,5,8) [уничтожен]
    ✗ Провокатор B7      @ (5,0,9) [уничтожен]
  Team C: живых 3/8
    ✓ Факел C4           @ (7,4,6) hp=5/6
    ✓ Тишина C5          @ (8,4,6) hp=2/2
    ✓ Бурав C6           @ (3,5,6) hp=4/4
    ✗ Артиллерия C1      @ (0,5,6) [уничтожен]
    ✗ Радиовышка C2      @ (3,5,7) [уничтожен]
    ✗ Прыгун C3          @ (2,2,6) [уничтожен]
    ✗ Провокатор C7      @ (4,6,6) [уничтожен]
    ✗ Паук C8            @ (0,8,6) [уничтожен]

======================================================================
ХОД 6
======================================================================
✓ 🎮 GM: начинаем ход
GM: start_turn

--- Радиовышки: сканирование слоя Z ---
  Радиовышка A2 (z=6): видит 2 врагов  → Бурав C6(3,5,6), Факел C4(7,4,6)

--- Решения ботов ---
  [Team A] Артиллерия A1 (9,1,5) → SHOOT at (7,4,6)
  [Team A] Радиовышка A2 (4,6,6) → MOVE (3,5,6)
  [Team A] Прыгун A3 (2,2,6) → MOVE (3,3,6)
  [Team A] Факел A4 (7,4,5) → HEAL (AoE)
  [Team A] Бурав A6 (1,5,7) → MOVE (2,5,6)
  [Team A] Провокатор A7 (7,9,5) → HOLOGRAM (6,8,6)
  [Team A] Паук A8 (9,5,5) → MINE (8,4,6)
  [Team A] Тишина A5 → SKIP
  [Team B] Артиллерия B1 (8,0,9) → SHOOT at (2,2,6)
  [Team B] Факел B4 (8,3,9) → MOVE (8,2,9)
  [Team B] Тишина B5 (2,1,7) → MOVE (2,2,6)
  [Team B] Паук B8 (9,2,9) → MINE (8,3,8)
  [Team C] Факел C4 (7,4,6) → HEAL (AoE)
  [Team C] Тишина C5 (8,4,6) → MOVE (7,4,5)
  [Team C] Бурав C6 (3,5,6) → MOVE (4,6,6)
! 🎮 GM: принудительно завершает фазу планирования
GM: end_planning
# 
============================================================
# 🔄 ОБРАБОТКА ХОДА 6
# ============================================================
   🪞 Провокатор A7 создал голограмму H4 в (6,8,6)
!    ⚠️ Паук A8: клетка (8,4,6) занята кораблём
!    ⚠️ Паук B8: в клетке уже стоит мина

📦 ПЕРЕМЕЩЕНИЯ:
!    ⚠️ Радиовышка A2: клетка (3,5,6) занята
   Прыгун A3: (2, 2, 6) → (3,3,6)
   Бурав A6: (1, 5, 7) → (2,5,6)
   Факел B4: (8, 3, 9) → (8,2,9)
   Тишина B5: (2, 1, 7) → (2,2,6)
!    ⚠️ Тишина C5: клетка (7,4,5) занята
✓    💥 Бурав C6 тараном уничтожил Радиовышка A2 в (4,6,6)
   Бурав C6: (3, 5, 6) → (4,6,6)

🎯 ВЫСТРЕЛЫ:
✓    ✅ Артиллерия A1 поразил Факел C4 (2 урона)!
✓    💚 Факел A4 лечит Факел A4 → hits=0/6
✓    💚 Факел C4 лечит Факел C4 → hits=2/6
   Выпущено ракет: 2
# 
📊 РЕЗУЛЬТАТЫ ХОДА 6:
✓ 💥 ПОПАДАНИЯ:
✓    Артиллерия A1 (Team A) → Факел C4 (Team C)

--- Результаты хода ---
  Team C / Бурав C6           → Team A / Радиовышка A2      @ (4,6,6)  (УБИТ)
  Team A / Артиллерия A1      → Team C / Факел C4           @ (7,4,6)  (ранен)

--- Состояние команд после хода ---
  Team A: живых 7/8
    ✓ Артиллерия A1      @ (9,1,5) hp=1/1
    ✓ Прыгун A3          @ (3,3,6) hp=2/2
    ✓ Факел A4           @ (7,4,5) hp=6/6
    ✓ Тишина A5          @ (4,5,6) hp=2/2
    ✓ Бурав A6           @ (2,5,6) hp=2/4
    ✓ Провокатор A7      @ (7,9,5) hp=2/2
    ✓ Паук A8            @ (9,5,5) hp=1/1
    ✗ Радиовышка A2      @ (4,6,6) [уничтожен]
  Team B: живых 4/8
    ✓ Артиллерия B1      @ (8,0,9) hp=1/1
    ✓ Факел B4           @ (8,2,9) hp=6/6
    ✓ Тишина B5          @ (2,2,6) hp=2/2
    ✓ Паук B8            @ (9,2,9) hp=1/1
    ✗ Радиовышка B2      @ (1,1,7) [уничтожен]
    ✗ Прыгун B3          @ (2,4,8) [уничтожен]
    ✗ Бурав B6           @ (0,5,8) [уничтожен]
    ✗ Провокатор B7      @ (5,0,9) [уничтожен]
  Team C: живых 3/8
    ✓ Факел C4           @ (7,4,6) hp=4/6
    ✓ Тишина C5          @ (8,4,6) hp=2/2
    ✓ Бурав C6           @ (4,6,6) hp=4/4
    ✗ Артиллерия C1      @ (0,5,6) [уничтожен]
    ✗ Радиовышка C2      @ (3,5,7) [уничтожен]
    ✗ Прыгун C3          @ (2,2,6) [уничтожен]
    ✗ Провокатор C7      @ (4,6,6) [уничтожен]
    ✗ Паук C8            @ (0,8,6) [уничтожен]

======================================================================
ХОД 7
======================================================================
✓ 🎮 GM: начинаем ход
GM: start_turn

--- Радиовышки: сканирование слоя Z ---
  (у команд не осталось живых радиовышек)

--- Решения ботов ---
  [Team A] Артиллерия A1 (9,1,5) → SHOOT at (7,4,6)
  [Team A] Прыгун A3 (3,3,6) → MOVE (4,4,6)
  [Team A] Факел A4 (7,4,5) → SHOOT at (7,4,6)
  [Team A] Тишина A5 (4,5,6) → MOVE (4,6,6)
  [Team A] Бурав A6 (2,5,6) → MOVE (3,6,6)
  [Team A] Провокатор A7 (7,9,5) → HOLOGRAM (6,8,6)
  [Team A] Паук A8 (9,5,5) → MINE (8,4,6)
  [Team B] Артиллерия B1 (8,0,9) → SHOOT at (3,3,6)
  [Team B] Факел B4 (8,2,9) → MOVE (8,1,9)
  [Team B] Тишина B5 (2,2,6) → MOVE (3,3,6)
  [Team B] Паук B8 (9,2,9) → MINE (8,3,8)
  [Team C] Факел C4 (7,4,6) → HEAL (AoE)
  [Team C] Тишина C5 (8,4,6) → MOVE (7,4,5)
  [Team C] Бурав C6 (4,6,6) → MOVE (3,5,6)
! 🎮 GM: принудительно завершает фазу планирования
GM: end_planning
# 
============================================================
# 🔄 ОБРАБОТКА ХОДА 7
# ============================================================
!    ⚠️ Провокатор A7: клетка (6,8,6) уже занята голограммой
!    ⚠️ Паук A8: клетка (8,4,6) занята кораблём
!    ⚠️ Паук B8: в клетке уже стоит мина

📦 ПЕРЕМЕЩЕНИЯ:
   Прыгун A3: (3, 3, 6) → (4,4,6)
!    ⚠️ Тишина A5: клетка (4,6,6) занята
   Бурав A6: (2, 5, 6) → (3,6,6)
   Факел B4: (8, 2, 9) → (8,1,9)
   Тишина B5: (2, 2, 6) → (3,3,6)
!    ⚠️ Тишина C5: клетка (7,4,5) занята
   Бурав C6: (4, 6, 6) → (3,5,6)

🎯 ВЫСТРЕЛЫ:
✓    ✅ Артиллерия A1 поразил Факел C4 (2 урона)!
✓    ✅ Факел A4 поразил Факел C4 (1 урона)!
✓    💚 Факел C4 лечит Факел C4 → hits=4/6
   Выпущено ракет: 3
# 
📊 РЕЗУЛЬТАТЫ ХОДА 7:
✓ 💥 ПОПАДАНИЯ:
✓    Артиллерия A1 (Team A) → Факел C4 (Team C)
✓    Факел A4 (Team A) → Факел C4 (Team C)

--- Результаты хода ---
  Team A / Артиллерия A1      → Team C / Факел C4           @ (7,4,6)  (ранен)
  Team A / Факел A4           → Team C / Факел C4           @ (7,4,6)  (ранен)

--- Состояние команд после хода ---
  Team A: живых 7/8
    ✓ Артиллерия A1      @ (9,1,5) hp=1/1
    ✓ Прыгун A3          @ (4,4,6) hp=2/2
    ✓ Факел A4           @ (7,4,5) hp=6/6
    ✓ Тишина A5          @ (4,5,6) hp=2/2
    ✓ Бурав A6           @ (3,6,6) hp=2/4
    ✓ Провокатор A7      @ (7,9,5) hp=2/2
    ✓ Паук A8            @ (9,5,5) hp=1/1
    ✗ Радиовышка A2      @ (4,6,6) [уничтожен]
  Team B: живых 4/8
    ✓ Артиллерия B1      @ (8,0,9) hp=1/1
    ✓ Факел B4           @ (8,1,9) hp=6/6
    ✓ Тишина B5          @ (3,3,6) hp=2/2
    ✓ Паук B8            @ (9,2,9) hp=1/1
    ✗ Радиовышка B2      @ (1,1,7) [уничтожен]
    ✗ Прыгун B3          @ (2,4,8) [уничтожен]
    ✗ Бурав B6           @ (0,5,8) [уничтожен]
    ✗ Провокатор B7      @ (5,0,9) [уничтожен]
  Team C: живых 3/8
    ✓ Факел C4           @ (7,4,6) hp=2/6
    ✓ Тишина C5          @ (8,4,6) hp=2/2
    ✓ Бурав C6           @ (3,5,6) hp=4/4
    ✗ Артиллерия C1      @ (0,5,6) [уничтожен]
    ✗ Радиовышка C2      @ (3,5,7) [уничтожен]
    ✗ Прыгун C3          @ (2,2,6) [уничтожен]
    ✗ Провокатор C7      @ (4,6,6) [уничтожен]
    ✗ Паук C8            @ (0,8,6) [уничтожен]

======================================================================
ХОД 8
======================================================================
✓ 🎮 GM: начинаем ход
GM: start_turn

--- Радиовышки: сканирование слоя Z ---
  (у команд не осталось живых радиовышек)

--- Решения ботов ---
  [Team A] Артиллерия A1 (9,1,5) → SHOOT at (7,4,6)
  [Team A] Прыгун A3 (4,4,6) → MOVE (3,5,6)
  [Team A] Факел A4 (7,4,5) → SHOOT at (7,4,6)
  [Team A] Провокатор A7 (7,9,5) → HOLOGRAM (6,8,6)
  [Team A] Паук A8 (9,5,5) → MINE (8,4,6)
  [Team A] Тишина A5 → SKIP
  [Team A] Бурав A6 → SKIP
  [Team B] Артиллерия B1 (8,0,9) → SHOOT at (7,4,6)
  [Team B] Тишина B5 (3,3,6) → MOVE (4,4,6)
  [Team B] Паук B8 (9,2,9) → MINE (8,3,8)
  [Team B] Факел B4 → SKIP
  [Team C] Факел C4 (7,4,6) → HEAL (AoE)
  [Team C] Тишина C5 (8,4,6) → MOVE (7,4,5)
  [Team C] Бурав C6 (3,5,6) → MOVE (4,4,6)
! 🎮 GM: принудительно завершает фазу планирования
GM: end_planning
# 
============================================================
# 🔄 ОБРАБОТКА ХОДА 8
# ============================================================
!    ⚠️ Провокатор A7: клетка (6,8,6) уже занята голограммой
!    ⚠️ Паук A8: клетка (8,4,6) занята кораблём
!    ⚠️ Паук B8: в клетке уже стоит мина

📦 ПЕРЕМЕЩЕНИЯ:
✓    💥 Прыгун A3 тараном уничтожил Бурав C6 в (3,5,6)
   Прыгун A3: (4, 4, 6) → (3,5,6)
   Тишина B5: (3, 3, 6) → (4,4,6)
!    ⚠️ Тишина C5: клетка (7,4,5) занята

🎯 ВЫСТРЕЛЫ:
✓    ✅ Артиллерия A1 поразил Факел C4 (2 урона)!
   💀 Факел A4 добивает Факел C4
✓    ✅ Факел A4 поразил Факел C4 (1 урона)!
   💀 Артиллерия B1 добивает Факел C4
✓    ✅ Артиллерия B1 поразил Факел C4 (2 урона)!
   Выпущено ракет: 3
# 
📊 РЕЗУЛЬТАТЫ ХОДА 8:
✓ 💥 ПОПАДАНИЯ:
✓    Артиллерия A1 (Team A) → Факел C4 (Team C)
✓    Факел A4 (Team A) → Факел C4 (Team C)
✓    Артиллерия B1 (Team B) → Факел C4 (Team C)

--- Результаты хода ---
  Team A / Прыгун A3          → Team C / Бурав C6           @ (3,5,6)  (УБИТ)
  Team A / Артиллерия A1      → Team C / Факел C4           @ (7,4,6)  (УБИТ)
  Team A / Факел A4           → Team C / Факел C4           @ (7,4,6)  (ранен)
  Team B / Артиллерия B1      → Team C / Факел C4           @ (7,4,6)  (ранен)

--- Состояние команд после хода ---
  Team A: живых 7/8
    ✓ Артиллерия A1      @ (9,1,5) hp=1/1
    ✓ Прыгун A3          @ (3,5,6) hp=2/2
    ✓ Факел A4           @ (7,4,5) hp=6/6
    ✓ Тишина A5          @ (4,5,6) hp=2/2
    ✓ Бурав A6           @ (3,6,6) hp=2/4
    ✓ Провокатор A7      @ (7,9,5) hp=2/2
    ✓ Паук A8            @ (9,5,5) hp=1/1
    ✗ Радиовышка A2      @ (4,6,6) [уничтожен]
  Team B: живых 4/8
    ✓ Артиллерия B1      @ (8,0,9) hp=1/1
    ✓ Факел B4           @ (8,1,9) hp=6/6
    ✓ Тишина B5          @ (4,4,6) hp=2/2
    ✓ Паук B8            @ (9,2,9) hp=1/1
    ✗ Радиовышка B2      @ (1,1,7) [уничтожен]
    ✗ Прыгун B3          @ (2,4,8) [уничтожен]
    ✗ Бурав B6           @ (0,5,8) [уничтожен]
    ✗ Провокатор B7      @ (5,0,9) [уничтожен]
  Team C: живых 1/8
    ✓ Тишина C5          @ (8,4,6) hp=2/2
    ✗ Артиллерия C1      @ (0,5,6) [уничтожен]
    ✗ Радиовышка C2      @ (3,5,7) [уничтожен]
    ✗ Прыгун C3          @ (2,2,6) [уничтожен]
    ✗ Факел C4           @ (7,4,6) [уничтожен]
    ✗ Бурав C6           @ (3,5,6) [уничтожен]
    ✗ Провокатор C7      @ (4,6,6) [уничтожен]
    ✗ Паук C8            @ (0,8,6) [уничтожен]

======================================================================
ХОД 9
======================================================================
✓ 🎮 GM: начинаем ход
GM: start_turn

--- Радиовышки: сканирование слоя Z ---
  (у команд не осталось живых радиовышек)

--- Решения ботов ---
  [Team A] Артиллерия A1 (9,1,5) → SHOOT at (4,9,4)
  [Team A] Прыгун A3 (3,5,6) → MOVE (4,5,5)
  [Team A] Факел A4 (7,4,5) → MOVE (6,5,6)
  [Team A] Тишина A5 (4,5,6) → PHASE toggle
  [Team A] Бурав A6 (3,6,6) → MOVE (3,6,5)
  [Team A] Провокатор A7 (7,9,5) → MOVE (6,8,5)
  [Team A] Паук A8 (9,5,5) → MOVE (8,5,5)
  [Team B] Артиллерия B1 (8,0,9) → SHOOT at (3,5,6)
  [Team B] Тишина B5 (4,4,6) → MOVE (3,5,6)
  [Team B] Паук B8 (9,2,9) → MINE (8,3,8)
  [Team B] Факел B4 → SKIP
  [Team C] Тишина C5 (8,4,6) → MOVE (7,4,5)
! 🎮 GM: принудительно завершает фазу планирования
GM: end_planning
# 
============================================================
# 🔄 ОБРАБОТКА ХОДА 9
# ============================================================
   🌀 Тишина A5: фаза ВЫКЛ
!    ⚠️ Паук B8: в клетке уже стоит мина

📦 ПЕРЕМЕЩЕНИЯ:
   Прыгун A3: (3, 5, 6) → (4,5,5)
   Факел A4: (7, 4, 5) → (6,5,6)
   Бурав A6: (3, 6, 6) → (3,6,5)
   Провокатор A7: (7, 9, 5) → (6,8,5)
   Паук A8: (9, 5, 5) → (8,5,5)
   Тишина B5: (4, 4, 6) → (3,5,6)
   Тишина C5: (8, 4, 6) → (7,4,5)

🎯 ВЫСТРЕЛЫ:
   Выпущено ракет: 2
# 
📊 РЕЗУЛЬТАТЫ ХОДА 9:
🎯 Попаданий нет

--- Результаты хода ---
  Попаданий нет

--- Состояние команд после хода ---
  Team A: живых 7/8
    ✓ Артиллерия A1      @ (9,1,5) hp=1/1
    ✓ Прыгун A3          @ (4,5,5) hp=2/2
    ✓ Факел A4           @ (6,5,6) hp=6/6
    ✓ Тишина A5          @ (4,5,6) hp=2/2
    ✓ Бурав A6           @ (3,6,5) hp=2/4
    ✓ Провокатор A7      @ (6,8,5) hp=2/2
    ✓ Паук A8            @ (8,5,5) hp=1/1
    ✗ Радиовышка A2      @ (4,6,6) [уничтожен]
  Team B: живых 4/8
    ✓ Артиллерия B1      @ (8,0,9) hp=1/1
    ✓ Факел B4           @ (8,1,9) hp=6/6
    ✓ Тишина B5          @ (3,5,6) hp=2/2
    ✓ Паук B8            @ (9,2,9) hp=1/1
    ✗ Радиовышка B2      @ (1,1,7) [уничтожен]
    ✗ Прыгун B3          @ (2,4,8) [уничтожен]
    ✗ Бурав B6           @ (0,5,8) [уничтожен]
    ✗ Провокатор B7      @ (5,0,9) [уничтожен]
  Team C: живых 1/8
    ✓ Тишина C5          @ (7,4,5) hp=2/2
    ✗ Артиллерия C1      @ (0,5,6) [уничтожен]
    ✗ Радиовышка C2      @ (3,5,7) [уничтожен]
    ✗ Прыгун C3          @ (2,2,6) [уничтожен]
    ✗ Факел C4           @ (7,4,6) [уничтожен]
    ✗ Бурав C6           @ (3,5,6) [уничтожен]
    ✗ Провокатор C7      @ (4,6,6) [уничтожен]
    ✗ Паук C8            @ (0,8,6) [уничтожен]

======================================================================
ХОД 10
======================================================================
✓ 🎮 GM: начинаем ход
GM: start_turn

--- Радиовышки: сканирование слоя Z ---
  (у команд не осталось живых радиовышек)

--- Решения ботов ---
  [Team A] Артиллерия A1 (9,1,5) → SHOOT at (9,2,9)
  [Team A] Прыгун A3 (4,5,5) → MOVE (5,4,6)
  [Team A] Факел A4 (6,5,6) → MOVE (5,6,5)
  [Team A] Тишина A5 (4,5,6) → MOVE (5,4,7)
  [Team A] Бурав A6 (3,6,5) → MOVE (3,5,5)
  [Team A] Провокатор A7 (6,8,5) → MOVE (7,7,6)
  [Team A] Паук A8 (8,5,5) → MINE (9,4,6)
  [Team B] Артиллерия B1 (8,0,9) → SHOOT at (4,5,5)
  [Team B] Тишина B5 (3,5,6) → MOVE (4,5,5)
  [Team B] Паук B8 (9,2,9) → MINE (8,3,8)
  [Team B] Факел B4 → SKIP
  [Team C] Тишина C5 (7,4,5) → MOVE (6,5,6)
! 🎮 GM: принудительно завершает фазу планирования
GM: end_planning
# 
============================================================
# 🔄 ОБРАБОТКА ХОДА 10
# ============================================================
   💣 Паук A8 установил мину M6 в (9,4,6)
!    ⚠️ Паук B8: в клетке уже стоит мина

📦 ПЕРЕМЕЩЕНИЯ:
   Прыгун A3: (4, 5, 5) → (5,4,6)
   Факел A4: (6, 5, 6) → (5,6,5)
   Тишина A5: (4, 5, 6) → (5,4,7)
   Бурав A6: (3, 6, 5) → (3,5,5)
   Провокатор A7: (6, 8, 5) → (7,7,6)
   Тишина B5: (3, 5, 6) → (4,5,5)
   Тишина C5: (7, 4, 5) → (6,5,6)

🎯 ВЫСТРЕЛЫ:
✓    ✅ Артиллерия A1 поразил Паук B8 (2 урона)!
   Выпущено ракет: 2
# 
📊 РЕЗУЛЬТАТЫ ХОДА 10:
✓ 💥 ПОПАДАНИЯ:
✓    Артиллерия A1 (Team A) → Паук B8 (Team B)

--- Результаты хода ---
  Team A / Артиллерия A1      → Team B / Паук B8            @ (9,2,9)  (УБИТ)

--- Состояние команд после хода ---
  Team A: живых 7/8
    ✓ Артиллерия A1      @ (9,1,5) hp=1/1
    ✓ Прыгун A3          @ (5,4,6) hp=2/2
    ✓ Факел A4           @ (5,6,5) hp=6/6
    ✓ Тишина A5          @ (5,4,7) hp=2/2
    ✓ Бурав A6           @ (3,5,5) hp=2/4
    ✓ Провокатор A7      @ (7,7,6) hp=2/2
    ✓ Паук A8            @ (8,5,5) hp=1/1
    ✗ Радиовышка A2      @ (4,6,6) [уничтожен]
  Team B: живых 3/8
    ✓ Артиллерия B1      @ (8,0,9) hp=1/1
    ✓ Факел B4           @ (8,1,9) hp=6/6
    ✓ Тишина B5          @ (4,5,5) hp=2/2
    ✗ Радиовышка B2      @ (1,1,7) [уничтожен]
    ✗ Прыгун B3          @ (2,4,8) [уничтожен]
    ✗ Бурав B6           @ (0,5,8) [уничтожен]
    ✗ Провокатор B7      @ (5,0,9) [уничтожен]
    ✗ Паук B8            @ (9,2,9) [уничтожен]
  Team C: живых 1/8
    ✓ Тишина C5          @ (6,5,6) hp=2/2
    ✗ Артиллерия C1      @ (0,5,6) [уничтожен]
    ✗ Радиовышка C2      @ (3,5,7) [уничтожен]
    ✗ Прыгун C3          @ (2,2,6) [уничтожен]
    ✗ Факел C4           @ (7,4,6) [уничтожен]
    ✗ Бурав C6           @ (3,5,6) [уничтожен]
    ✗ Провокатор C7      @ (4,6,6) [уничтожен]
    ✗ Паук C8            @ (0,8,6) [уничтожен]

======================================================================
ХОД 11
======================================================================
✓ 🎮 GM: начинаем ход
GM: start_turn

--- Радиовышки: сканирование слоя Z ---
  (у команд не осталось живых радиовышек)

--- Решения ботов ---
  [Team A] Артиллерия A1 (9,1,5) → SHOOT at (8,1,9)
  [Team A] Прыгун A3 (5,4,6) → MOVE (6,3,7)
  [Team A] Факел A4 (5,6,5) → HEAL (AoE)
  [Team A] Тишина A5 (5,4,7) → PHASE toggle
  [Team A] Бурав A6 (3,5,5) → MOVE (4,4,6)
  [Team A] Провокатор A7 (7,7,6) → MOVE (8,6,7)
  [Team A] Паук A8 (8,5,5) → MINE (8,4,6)
  [Team B] Артиллерия B1 (8,0,9) → SHOOT at (5,4,6)
  [Team B] Тишина B5 (4,5,5) → MOVE (5,4,6)
  [Team B] Факел B4 → SKIP
  [Team C] Тишина C5 (6,5,6) → MOVE (5,4,6)
! 🎮 GM: принудительно завершает фазу планирования
GM: end_planning
# 
============================================================
# 🔄 ОБРАБОТКА ХОДА 11
# ============================================================
   🌀 Тишина A5: фаза ВКЛ
   💣 Паук A8 установил мину M7 в (8,4,6)

📦 ПЕРЕМЕЩЕНИЯ:
   Прыгун A3: (5, 4, 6) → (6,3,7)
!    ⚠️ Бурав A6: Бурав двигается только по 1 оси или по 2 осям строго диагонально
   Провокатор A7: (7, 7, 6) → (8,6,7)
   Тишина B5: (4, 5, 5) → (5,4,6)
   Тишина C5: (6, 5, 6) → (5,4,6)

🎯 ВЫСТРЕЛЫ:
✓    ✅ Артиллерия A1 поразил Факел B4 (2 урона)!
✓    💚 Факел A4 лечит Бурав A6 → hits=1/4
   Выпущено ракет: 2
# 
📊 РЕЗУЛЬТАТЫ ХОДА 11:
✓ 💥 ПОПАДАНИЯ:
✓    Артиллерия A1 (Team A) → Факел B4 (Team B)

--- Результаты хода ---
  Team A / Артиллерия A1      → Team B / Факел B4           @ (8,1,9)  (ранен)

--- Состояние команд после хода ---
  Team A: живых 7/8
    ✓ Артиллерия A1      @ (9,1,5) hp=1/1
    ✓ Прыгун A3          @ (6,3,7) hp=2/2
    ✓ Факел A4           @ (5,6,5) hp=6/6
    ✓ Тишина A5          @ (5,4,7) hp=2/2
    ✓ Бурав A6           @ (3,5,5) hp=3/4
    ✓ Провокатор A7      @ (8,6,7) hp=2/2
    ✓ Паук A8            @ (8,5,5) hp=1/1
    ✗ Радиовышка A2      @ (4,6,6) [уничтожен]
  Team B: живых 3/8
    ✓ Артиллерия B1      @ (8,0,9) hp=1/1
    ✓ Факел B4           @ (8,1,9) hp=4/6
    ✓ Тишина B5          @ (5,4,6) hp=2/2
    ✗ Радиовышка B2      @ (1,1,7) [уничтожен]
    ✗ Прыгун B3          @ (2,4,8) [уничтожен]
    ✗ Бурав B6           @ (0,5,8) [уничтожен]
    ✗ Провокатор B7      @ (5,0,9) [уничтожен]
    ✗ Паук B8            @ (9,2,9) [уничтожен]
  Team C: живых 1/8
    ✓ Тишина C5          @ (5,4,6) hp=2/2
    ✗ Артиллерия C1      @ (0,5,6) [уничтожен]
    ✗ Радиовышка C2      @ (3,5,7) [уничтожен]
    ✗ Прыгун C3          @ (2,2,6) [уничтожен]
    ✗ Факел C4           @ (7,4,6) [уничтожен]
    ✗ Бурав C6           @ (3,5,6) [уничтожен]
    ✗ Провокатор C7      @ (4,6,6) [уничтожен]
    ✗ Паук C8            @ (0,8,6) [уничтожен]

======================================================================
ХОД 12
======================================================================
✓ 🎮 GM: начинаем ход
GM: start_turn

--- Радиовышки: сканирование слоя Z ---
  (у команд не осталось живых радиовышек)

--- Решения ботов ---
  [Team A] Артиллерия A1 (9,1,5) → SHOOT at (8,0,9)
  [Team A] Прыгун A3 (6,3,7) → MOVE (8,1,9)
  [Team A] Факел A4 (5,6,5) → HEAL (AoE)
  [Team A] Тишина A5 (5,4,7) → MOVE (6,3,8)
  [Team A] Бурав A6 (3,5,5) → MOVE (4,4,6)
  [Team A] Провокатор A7 (8,6,7) → HOLOGRAM (8,5,8)
  [Team A] Паук A8 (8,5,5) → MINE (8,4,6)
  [Team B] Артиллерия B1 (8,0,9) → SHOOT at (6,3,7)
  [Team B] Факел B4 (8,1,9) → HEAL (AoE)
  [Team B] Тишина B5 (5,4,6) → MOVE (6,3,7)
  [Team C] Тишина C5 (5,4,6) → MOVE (6,3,7)
! 🎮 GM: принудительно завершает фазу планирования
GM: end_planning
# 
============================================================
# 🔄 ОБРАБОТКА ХОДА 12
# ============================================================
   🪞 Провокатор A7 создал голограмму H5 в (8,5,8)
!    ⚠️ Паук A8: в клетке уже стоит мина

📦 ПЕРЕМЕЩЕНИЯ:
✓    💥 Прыгун A3 тараном уничтожил Факел B4 в (8,1,9)
   Прыгун A3: (6, 3, 7) → (8,1,9)
   Тишина A5: (5, 4, 7) → (6,3,8)
!    ⚠️ Бурав A6: Бурав двигается только по 1 оси или по 2 осям строго диагонально
   Тишина B5: (5, 4, 6) → (6,3,7)
   Тишина C5: (5, 4, 6) → (6,3,7)

🎯 ВЫСТРЕЛЫ:
✓    ✅ Артиллерия A1 поразил Артиллерия B1 (2 урона)!
✓    💚 Факел A4 лечит Бурав A6 → hits=0/4
   Выпущено ракет: 2
# 
📊 РЕЗУЛЬТАТЫ ХОДА 12:
✓ 💥 ПОПАДАНИЯ:
✓    Артиллерия A1 (Team A) → Артиллерия B1 (Team B)

--- Результаты хода ---
  Team A / Прыгун A3          → Team B / Факел B4           @ (8,1,9)  (УБИТ)
  Team A / Артиллерия A1      → Team B / Артиллерия B1      @ (8,0,9)  (УБИТ)

--- Состояние команд после хода ---
  Team A: живых 7/8
    ✓ Артиллерия A1      @ (9,1,5) hp=1/1
    ✓ Прыгун A3          @ (8,1,9) hp=2/2
    ✓ Факел A4           @ (5,6,5) hp=6/6
    ✓ Тишина A5          @ (6,3,8) hp=2/2
    ✓ Бурав A6           @ (3,5,5) hp=4/4
    ✓ Провокатор A7      @ (8,6,7) hp=2/2
    ✓ Паук A8            @ (8,5,5) hp=1/1
    ✗ Радиовышка A2      @ (4,6,6) [уничтожен]
  Team B: живых 1/8
    ✓ Тишина B5          @ (6,3,7) hp=2/2
    ✗ Артиллерия B1      @ (8,0,9) [уничтожен]
    ✗ Радиовышка B2      @ (1,1,7) [уничтожен]
    ✗ Прыгун B3          @ (2,4,8) [уничтожен]
    ✗ Факел B4           @ (8,1,9) [уничтожен]
    ✗ Бурав B6           @ (0,5,8) [уничтожен]
    ✗ Провокатор B7      @ (5,0,9) [уничтожен]
    ✗ Паук B8            @ (9,2,9) [уничтожен]
  Team C: живых 1/8
    ✓ Тишина C5          @ (6,3,7) hp=2/2
    ✗ Артиллерия C1      @ (0,5,6) [уничтожен]
    ✗ Радиовышка C2      @ (3,5,7) [уничтожен]
    ✗ Прыгун C3          @ (2,2,6) [уничтожен]
    ✗ Факел C4           @ (7,4,6) [уничтожен]
    ✗ Бурав C6           @ (3,5,6) [уничтожен]
    ✗ Провокатор C7      @ (4,6,6) [уничтожен]
    ✗ Паук C8            @ (0,8,6) [уничтожен]

======================================================================
ХОД 13
======================================================================
✓ 🎮 GM: начинаем ход
GM: start_turn

--- Радиовышки: сканирование слоя Z ---
  (у команд не осталось живых радиовышек)

--- Решения ботов ---
  [Team A] Артиллерия A1 (9,1,5) → SHOOT at (9,9,9)
  [Team A] Прыгун A3 (8,1,9) → MOVE (7,2,8)
  [Team A] Факел A4 (5,6,5) → MOVE (6,5,5)
  [Team A] Тишина A5 (6,3,8) → PHASE toggle
  [Team A] Бурав A6 (3,5,5) → MOVE (4,5,5)
  [Team A] Провокатор A7 (8,6,7) → MOVE (7,5,6)
  [Team A] Паук A8 (8,5,5) → MOVE (7,5,5)
  [Team B] Тишина B5 (6,3,7) → MOVE (7,2,8)
  [Team C] Тишина C5 (6,3,7) → MOVE (7,2,8)
! 🎮 GM: принудительно завершает фазу планирования
GM: end_planning
# 
============================================================
# 🔄 ОБРАБОТКА ХОДА 13
# ============================================================
   🌀 Тишина A5: фаза ВЫКЛ

📦 ПЕРЕМЕЩЕНИЯ:
   Прыгун A3: (8, 1, 9) → (7,2,8)
   Факел A4: (5, 6, 5) → (6,5,5)
   Бурав A6: (3, 5, 5) → (4,5,5)
   Провокатор A7: (8, 6, 7) → (7,5,6)
   Паук A8: (8, 5, 5) → (7,5,5)
!    ⚠️ Тишина B5: клетка (7,2,8) занята
!    ⚠️ Тишина C5: клетка (7,2,8) занята

🎯 ВЫСТРЕЛЫ:
   Выпущено ракет: 1
# 
📊 РЕЗУЛЬТАТЫ ХОДА 13:
🎯 Попаданий нет

--- Результаты хода ---
  Попаданий нет

--- Состояние команд после хода ---
  Team A: живых 7/8
    ✓ Артиллерия A1      @ (9,1,5) hp=1/1
    ✓ Прыгун A3          @ (7,2,8) hp=2/2
    ✓ Факел A4           @ (6,5,5) hp=6/6
    ✓ Тишина A5          @ (6,3,8) hp=2/2
    ✓ Бурав A6           @ (4,5,5) hp=4/4
    ✓ Провокатор A7      @ (7,5,6) hp=2/2
    ✓ Паук A8            @ (7,5,5) hp=1/1
    ✗ Радиовышка A2      @ (4,6,6) [уничтожен]
  Team B: живых 1/8
    ✓ Тишина B5          @ (6,3,7) hp=2/2
    ✗ Артиллерия B1      @ (8,0,9) [уничтожен]
    ✗ Радиовышка B2      @ (1,1,7) [уничтожен]
    ✗ Прыгун B3          @ (2,4,8) [уничтожен]
    ✗ Факел B4           @ (8,1,9) [уничтожен]
    ✗ Бурав B6           @ (0,5,8) [уничтожен]
    ✗ Провокатор B7      @ (5,0,9) [уничтожен]
    ✗ Паук B8            @ (9,2,9) [уничтожен]
  Team C: живых 1/8
    ✓ Тишина C5          @ (6,3,7) hp=2/2
    ✗ Артиллерия C1      @ (0,5,6) [уничтожен]
    ✗ Радиовышка C2      @ (3,5,7) [уничтожен]
    ✗ Прыгун C3          @ (2,2,6) [уничтожен]
    ✗ Факел C4           @ (7,4,6) [уничтожен]
    ✗ Бурав C6           @ (3,5,6) [уничтожен]
    ✗ Провокатор C7      @ (4,6,6) [уничтожен]
    ✗ Паук C8            @ (0,8,6) [уничтожен]

======================================================================
ХОД 14
======================================================================
✓ 🎮 GM: начинаем ход
GM: start_turn

--- Радиовышки: сканирование слоя Z ---
  (у команд не осталось живых радиовышек)

--- Решения ботов ---
  [Team A] Артиллерия A1 (9,1,5) → SHOOT at (9,9,9)
  [Team A] Прыгун A3 (7,2,8) → MOVE (6,3,7)
  [Team A] Факел A4 (6,5,5) → MOVE (7,4,5)
  [Team A] Тишина A5 (6,3,8) → MOVE (5,4,7)
  [Team A] Бурав A6 (4,5,5) → MOVE (5,5,5)
  [Team A] Провокатор A7 (7,5,6) → MOVE (6,5,6)
  [Team A] Паук A8 → SKIP
  [Team B] Тишина B5 (6,3,7) → MOVE (7,2,8)
  [Team C] Тишина C5 (6,3,7) → MOVE (7,2,8)
! 🎮 GM: принудительно завершает фазу планирования
GM: end_planning
# 
============================================================
# 🔄 ОБРАБОТКА ХОДА 14
# ============================================================

📦 ПЕРЕМЕЩЕНИЯ:
   Прыгун A3: (7, 2, 8) → (6,3,7)
   Факел A4: (6, 5, 5) → (7,4,5)
   Тишина A5: (6, 3, 8) → (5,4,7)
   Бурав A6: (4, 5, 5) → (5,5,5)
   Провокатор A7: (7, 5, 6) → (6,5,6)
   Тишина B5: (6, 3, 7) → (7,2,8)
   Тишина C5: (6, 3, 7) → (7,2,8)

🎯 ВЫСТРЕЛЫ:
   Выпущено ракет: 1
# 
📊 РЕЗУЛЬТАТЫ ХОДА 14:
🎯 Попаданий нет

--- Результаты хода ---
  Попаданий нет

--- Состояние команд после хода ---
  Team A: живых 7/8
    ✓ Артиллерия A1      @ (9,1,5) hp=1/1
    ✓ Прыгун A3          @ (6,3,7) hp=2/2
    ✓ Факел A4           @ (7,4,5) hp=6/6
    ✓ Тишина A5          @ (5,4,7) hp=2/2
    ✓ Бурав A6           @ (5,5,5) hp=4/4
    ✓ Провокатор A7      @ (6,5,6) hp=2/2
    ✓ Паук A8            @ (7,5,5) hp=1/1
    ✗ Радиовышка A2      @ (4,6,6) [уничтожен]
  Team B: живых 1/8
    ✓ Тишина B5          @ (7,2,8) hp=2/2
    ✗ Артиллерия B1      @ (8,0,9) [уничтожен]
    ✗ Радиовышка B2      @ (1,1,7) [уничтожен]
    ✗ Прыгун B3          @ (2,4,8) [уничтожен]
    ✗ Факел B4           @ (8,1,9) [уничтожен]
    ✗ Бурав B6           @ (0,5,8) [уничтожен]
    ✗ Провокатор B7      @ (5,0,9) [уничтожен]
    ✗ Паук B8            @ (9,2,9) [уничтожен]
  Team C: живых 1/8
    ✓ Тишина C5          @ (7,2,8) hp=2/2
    ✗ Артиллерия C1      @ (0,5,6) [уничтожен]
    ✗ Радиовышка C2      @ (3,5,7) [уничтожен]
    ✗ Прыгун C3          @ (2,2,6) [уничтожен]
    ✗ Факел C4           @ (7,4,6) [уничтожен]
    ✗ Бурав C6           @ (3,5,6) [уничтожен]
    ✗ Провокатор C7      @ (4,6,6) [уничтожен]
    ✗ Паук C8            @ (0,8,6) [уничтожен]

======================================================================
ХОД 15
======================================================================
✓ 🎮 GM: начинаем ход
GM: start_turn

--- Радиовышки: сканирование слоя Z ---
  (у команд не осталось живых радиовышек)

--- Решения ботов ---
  [Team A] Артиллерия A1 (9,1,5) → SHOOT at (9,4,9)
  [Team A] Прыгун A3 (6,3,7) → MOVE (5,4,6)
  [Team A] Факел A4 (7,4,5) → MOVE (8,3,5)
  [Team A] Тишина A5 (5,4,7) → MOVE (5,5,6)
  [Team A] Провокатор A7 (6,5,6) → MOVE (6,5,5)
  [Team A] Паук A8 → SKIP
  [Team A] Бурав A6 → SKIP
  [Team B] Тишина B5 (7,2,8) → MOVE (6,3,7)
  [Team C] Тишина C5 (7,2,8) → MOVE (6,3,7)
! 🎮 GM: принудительно завершает фазу планирования
GM: end_planning
# 
============================================================
# 🔄 ОБРАБОТКА ХОДА 15
# ============================================================

📦 ПЕРЕМЕЩЕНИЯ:
   Прыгун A3: (6, 3, 7) → (5,4,6)
   Факел A4: (7, 4, 5) → (8,3,5)
   Тишина A5: (5, 4, 7) → (5,5,6)
   Провокатор A7: (6, 5, 6) → (6,5,5)
   Тишина B5: (7, 2, 8) → (6,3,7)
   Тишина C5: (7, 2, 8) → (6,3,7)

🎯 ВЫСТРЕЛЫ:
   Выпущено ракет: 1
# 
📊 РЕЗУЛЬТАТЫ ХОДА 15:
🎯 Попаданий нет

--- Результаты хода ---
  Попаданий нет

--- Состояние команд после хода ---
  Team A: живых 7/8
    ✓ Артиллерия A1      @ (9,1,5) hp=1/1
    ✓ Прыгун A3          @ (5,4,6) hp=2/2
    ✓ Факел A4           @ (8,3,5) hp=6/6
    ✓ Тишина A5          @ (5,5,6) hp=2/2
    ✓ Бурав A6           @ (5,5,5) hp=4/4
    ✓ Провокатор A7      @ (6,5,5) hp=2/2
    ✓ Паук A8            @ (7,5,5) hp=1/1
    ✗ Радиовышка A2      @ (4,6,6) [уничтожен]
  Team B: живых 1/8
    ✓ Тишина B5          @ (6,3,7) hp=2/2
    ✗ Артиллерия B1      @ (8,0,9) [уничтожен]
    ✗ Радиовышка B2      @ (1,1,7) [уничтожен]
    ✗ Прыгун B3          @ (2,4,8) [уничтожен]
    ✗ Факел B4           @ (8,1,9) [уничтожен]
    ✗ Бурав B6           @ (0,5,8) [уничтожен]
    ✗ Провокатор B7      @ (5,0,9) [уничтожен]
    ✗ Паук B8            @ (9,2,9) [уничтожен]
  Team C: живых 1/8
    ✓ Тишина C5          @ (6,3,7) hp=2/2
    ✗ Артиллерия C1      @ (0,5,6) [уничтожен]
    ✗ Радиовышка C2      @ (3,5,7) [уничтожен]
    ✗ Прыгун C3          @ (2,2,6) [уничтожен]
    ✗ Факел C4           @ (7,4,6) [уничтожен]
    ✗ Бурав C6           @ (3,5,6) [уничтожен]
    ✗ Провокатор C7      @ (4,6,6) [уничтожен]
    ✗ Паук C8            @ (0,8,6) [уничтожен]

======================================================================
ХОД 16
======================================================================
✓ 🎮 GM: начинаем ход
GM: start_turn

--- Радиовышки: сканирование слоя Z ---
  (у команд не осталось живых радиовышек)

--- Решения ботов ---
  [Team A] Артиллерия A1 (9,1,5) → SHOOT at (7,9,4)
  [Team A] Прыгун A3 (5,4,6) → MOVE (5,4,5)
  [Team A] Факел A4 (8,3,5) → MOVE (9,2,5)
  [Team A] Провокатор A7 → SKIP
  [Team A] Паук A8 → SKIP
  [Team A] Тишина A5 → SKIP
  [Team A] Бурав A6 → SKIP
  [Team B] Тишина B5 (6,3,7) → MOVE (5,4,6)
  [Team C] Тишина C5 (6,3,7) → MOVE (5,4,6)
! 🎮 GM: принудительно завершает фазу планирования
GM: end_planning
# 
============================================================
# 🔄 ОБРАБОТКА ХОДА 16
# ============================================================

📦 ПЕРЕМЕЩЕНИЯ:
   Прыгун A3: (5, 4, 6) → (5,4,5)
   Факел A4: (8, 3, 5) → (9,2,5)
   Тишина B5: (6, 3, 7) → (5,4,6)
   Тишина C5: (6, 3, 7) → (5,4,6)

🎯 ВЫСТРЕЛЫ:
   Выпущено ракет: 1
# 
📊 РЕЗУЛЬТАТЫ ХОДА 16:
🎯 Попаданий нет

--- Результаты хода ---
  Попаданий нет

--- Состояние команд после хода ---
  Team A: живых 7/8
    ✓ Артиллерия A1      @ (9,1,5) hp=1/1
    ✓ Прыгун A3          @ (5,4,5) hp=2/2
    ✓ Факел A4           @ (9,2,5) hp=6/6
    ✓ Тишина A5          @ (5,5,6) hp=2/2
    ✓ Бурав A6           @ (5,5,5) hp=4/4
    ✓ Провокатор A7      @ (6,5,5) hp=2/2
    ✓ Паук A8            @ (7,5,5) hp=1/1
    ✗ Радиовышка A2      @ (4,6,6) [уничтожен]
  Team B: живых 1/8
    ✓ Тишина B5          @ (5,4,6) hp=2/2
    ✗ Артиллерия B1      @ (8,0,9) [уничтожен]
    ✗ Радиовышка B2      @ (1,1,7) [уничтожен]
    ✗ Прыгун B3          @ (2,4,8) [уничтожен]
    ✗ Факел B4           @ (8,1,9) [уничтожен]
    ✗ Бурав B6           @ (0,5,8) [уничтожен]
    ✗ Провокатор B7      @ (5,0,9) [уничтожен]
    ✗ Паук B8            @ (9,2,9) [уничтожен]
  Team C: живых 1/8
    ✓ Тишина C5          @ (5,4,6) hp=2/2
    ✗ Артиллерия C1      @ (0,5,6) [уничтожен]
    ✗ Радиовышка C2      @ (3,5,7) [уничтожен]
    ✗ Прыгун C3          @ (2,2,6) [уничтожен]
    ✗ Факел C4           @ (7,4,6) [уничтожен]
    ✗ Бурав C6           @ (3,5,6) [уничтожен]
    ✗ Провокатор C7      @ (4,6,6) [уничтожен]
    ✗ Паук C8            @ (0,8,6) [уничтожен]

======================================================================
ХОД 17
======================================================================
✓ 🎮 GM: начинаем ход
GM: start_turn

--- Радиовышки: сканирование слоя Z ---
  (у команд не осталось живых радиовышек)

--- Решения ботов ---
  [Team A] Артиллерия A1 (9,1,5) → SHOOT at (9,9,9)
  [Team A] Паук A8 → SKIP
  [Team A] Тишина A5 → SKIP
  [Team A] Провокатор A7 → SKIP
  [Team A] Бурав A6 → SKIP
  [Team A] Факел A4 → SKIP
  [Team A] Прыгун A3 → SKIP
  [Team B] Тишина B5 (5,4,6) → MOVE (5,4,5)
  [Team C] Тишина C5 (5,4,6) → MOVE (5,4,5)
! 🎮 GM: принудительно завершает фазу планирования
GM: end_planning
# 
============================================================
# 🔄 ОБРАБОТКА ХОДА 17
# ============================================================

📦 ПЕРЕМЕЩЕНИЯ:
!    ⚠️ Тишина B5: клетка (5,4,5) занята
!    ⚠️ Тишина C5: клетка (5,4,5) занята

🎯 ВЫСТРЕЛЫ:
   Выпущено ракет: 1
# 
📊 РЕЗУЛЬТАТЫ ХОДА 17:
🎯 Попаданий нет

--- Результаты хода ---
  Попаданий нет

--- Состояние команд после хода ---
  Team A: живых 7/8
    ✓ Артиллерия A1      @ (9,1,5) hp=1/1
    ✓ Прыгун A3          @ (5,4,5) hp=2/2
    ✓ Факел A4           @ (9,2,5) hp=6/6
    ✓ Тишина A5          @ (5,5,6) hp=2/2
    ✓ Бурав A6           @ (5,5,5) hp=4/4
    ✓ Провокатор A7      @ (6,5,5) hp=2/2
    ✓ Паук A8            @ (7,5,5) hp=1/1
    ✗ Радиовышка A2      @ (4,6,6) [уничтожен]
  Team B: живых 1/8
    ✓ Тишина B5          @ (5,4,6) hp=2/2
    ✗ Артиллерия B1      @ (8,0,9) [уничтожен]
    ✗ Радиовышка B2      @ (1,1,7) [уничтожен]
    ✗ Прыгун B3          @ (2,4,8) [уничтожен]
    ✗ Факел B4           @ (8,1,9) [уничтожен]
    ✗ Бурав B6           @ (0,5,8) [уничтожен]
    ✗ Провокатор B7      @ (5,0,9) [уничтожен]
    ✗ Паук B8            @ (9,2,9) [уничтожен]
  Team C: живых 1/8
    ✓ Тишина C5          @ (5,4,6) hp=2/2
    ✗ Артиллерия C1      @ (0,5,6) [уничтожен]
    ✗ Радиовышка C2      @ (3,5,7) [уничтожен]
    ✗ Прыгун C3          @ (2,2,6) [уничтожен]
    ✗ Факел C4           @ (7,4,6) [уничтожен]
    ✗ Бурав C6           @ (3,5,6) [уничтожен]
    ✗ Провокатор C7      @ (4,6,6) [уничтожен]
    ✗ Паук C8            @ (0,8,6) [уничтожен]

======================================================================
ХОД 18
======================================================================
✓ 🎮 GM: начинаем ход
GM: start_turn

--- Радиовышки: сканирование слоя Z ---
  (у команд не осталось живых радиовышек)

--- Решения ботов ---
  [Team A] Артиллерия A1 (9,1,5) → SHOOT at (7,9,5)
  [Team A] Паук A8 → SKIP
  [Team A] Тишина A5 → SKIP
  [Team A] Провокатор A7 → SKIP
  [Team A] Бурав A6 → SKIP
  [Team A] Факел A4 → SKIP
  [Team A] Прыгун A3 → SKIP
  [Team B] Тишина B5 (5,4,6) → MOVE (5,4,5)
  [Team C] Тишина C5 (5,4,6) → MOVE (5,4,5)
! 🎮 GM: принудительно завершает фазу планирования
GM: end_planning
# 
============================================================
# 🔄 ОБРАБОТКА ХОДА 18
# ============================================================

📦 ПЕРЕМЕЩЕНИЯ:
!    ⚠️ Тишина B5: клетка (5,4,5) занята
!    ⚠️ Тишина C5: клетка (5,4,5) занята

🎯 ВЫСТРЕЛЫ:
   Выпущено ракет: 1
# 
📊 РЕЗУЛЬТАТЫ ХОДА 18:
🎯 Попаданий нет

--- Результаты хода ---
  Попаданий нет

--- Состояние команд после хода ---
  Team A: живых 7/8
    ✓ Артиллерия A1      @ (9,1,5) hp=1/1
    ✓ Прыгун A3          @ (5,4,5) hp=2/2
    ✓ Факел A4           @ (9,2,5) hp=6/6
    ✓ Тишина A5          @ (5,5,6) hp=2/2
    ✓ Бурав A6           @ (5,5,5) hp=4/4
    ✓ Провокатор A7      @ (6,5,5) hp=2/2
    ✓ Паук A8            @ (7,5,5) hp=1/1
    ✗ Радиовышка A2      @ (4,6,6) [уничтожен]
  Team B: живых 1/8
    ✓ Тишина B5          @ (5,4,6) hp=2/2
    ✗ Артиллерия B1      @ (8,0,9) [уничтожен]
    ✗ Радиовышка B2      @ (1,1,7) [уничтожен]
    ✗ Прыгун B3          @ (2,4,8) [уничтожен]
    ✗ Факел B4           @ (8,1,9) [уничтожен]
    ✗ Бурав B6           @ (0,5,8) [уничтожен]
    ✗ Провокатор B7      @ (5,0,9) [уничтожен]
    ✗ Паук B8            @ (9,2,9) [уничтожен]
  Team C: живых 1/8
    ✓ Тишина C5          @ (5,4,6) hp=2/2
    ✗ Артиллерия C1      @ (0,5,6) [уничтожен]
    ✗ Радиовышка C2      @ (3,5,7) [уничтожен]
    ✗ Прыгун C3          @ (2,2,6) [уничтожен]
    ✗ Факел C4           @ (7,4,6) [уничтожен]
    ✗ Бурав C6           @ (3,5,6) [уничтожен]
    ✗ Провокатор C7      @ (4,6,6) [уничтожен]
    ✗ Паук C8            @ (0,8,6) [уничтожен]

======================================================================
ХОД 19
======================================================================
✓ 🎮 GM: начинаем ход
GM: start_turn

--- Радиовышки: сканирование слоя Z ---
  (у команд не осталось живых радиовышек)

--- Решения ботов ---
  [Team A] Артиллерия A1 (9,1,5) → SHOOT at (9,4,8)
  [Team A] Паук A8 → SKIP
  [Team A] Тишина A5 → SKIP
  [Team A] Провокатор A7 → SKIP
  [Team A] Бурав A6 → SKIP
  [Team A] Факел A4 → SKIP
  [Team A] Прыгун A3 → SKIP
  [Team B] Тишина B5 (5,4,6) → MOVE (5,4,5)
  [Team C] Тишина C5 (5,4,6) → MOVE (5,4,5)
! 🎮 GM: принудительно завершает фазу планирования
GM: end_planning
# 
============================================================
# 🔄 ОБРАБОТКА ХОДА 19
# ============================================================

📦 ПЕРЕМЕЩЕНИЯ:
!    ⚠️ Тишина B5: клетка (5,4,5) занята
!    ⚠️ Тишина C5: клетка (5,4,5) занята

🎯 ВЫСТРЕЛЫ:
   Выпущено ракет: 1
# 
📊 РЕЗУЛЬТАТЫ ХОДА 19:
🎯 Попаданий нет

--- Результаты хода ---
  Попаданий нет

--- Состояние команд после хода ---
  Team A: живых 7/8
    ✓ Артиллерия A1      @ (9,1,5) hp=1/1
    ✓ Прыгун A3          @ (5,4,5) hp=2/2
    ✓ Факел A4           @ (9,2,5) hp=6/6
    ✓ Тишина A5          @ (5,5,6) hp=2/2
    ✓ Бурав A6           @ (5,5,5) hp=4/4
    ✓ Провокатор A7      @ (6,5,5) hp=2/2
    ✓ Паук A8            @ (7,5,5) hp=1/1
    ✗ Радиовышка A2      @ (4,6,6) [уничтожен]
  Team B: живых 1/8
    ✓ Тишина B5          @ (5,4,6) hp=2/2
    ✗ Артиллерия B1      @ (8,0,9) [уничтожен]
    ✗ Радиовышка B2      @ (1,1,7) [уничтожен]
    ✗ Прыгун B3          @ (2,4,8) [уничтожен]
    ✗ Факел B4           @ (8,1,9) [уничтожен]
    ✗ Бурав B6           @ (0,5,8) [уничтожен]
    ✗ Провокатор B7      @ (5,0,9) [уничтожен]
    ✗ Паук B8            @ (9,2,9) [уничтожен]
  Team C: живых 1/8
    ✓ Тишина C5          @ (5,4,6) hp=2/2
    ✗ Артиллерия C1      @ (0,5,6) [уничтожен]
    ✗ Радиовышка C2      @ (3,5,7) [уничтожен]
    ✗ Прыгун C3          @ (2,2,6) [уничтожен]
    ✗ Факел C4           @ (7,4,6) [уничтожен]
    ✗ Бурав C6           @ (3,5,6) [уничтожен]
    ✗ Провокатор C7      @ (4,6,6) [уничтожен]
    ✗ Паук C8            @ (0,8,6) [уничтожен]

======================================================================
ХОД 20
======================================================================
✓ 🎮 GM: начинаем ход
GM: start_turn

--- Радиовышки: сканирование слоя Z ---
  (у команд не осталось живых радиовышек)

--- Решения ботов ---
  [Team A] Артиллерия A1 (9,1,5) → SHOOT at (9,9,9)
  [Team A] Паук A8 → SKIP
  [Team A] Тишина A5 → SKIP
  [Team A] Провокатор A7 → SKIP
  [Team A] Бурав A6 → SKIP
  [Team A] Факел A4 → SKIP
  [Team A] Прыгун A3 → SKIP
  [Team B] Тишина B5 (5,4,6) → MOVE (5,4,5)
  [Team C] Тишина C5 (5,4,6) → MOVE (5,4,5)
! 🎮 GM: принудительно завершает фазу планирования
GM: end_planning
# 
============================================================
# 🔄 ОБРАБОТКА ХОДА 20
# ============================================================

📦 ПЕРЕМЕЩЕНИЯ:
!    ⚠️ Тишина B5: клетка (5,4,5) занята
!    ⚠️ Тишина C5: клетка (5,4,5) занята

🎯 ВЫСТРЕЛЫ:
   Выпущено ракет: 1
# 
📊 РЕЗУЛЬТАТЫ ХОДА 20:
🎯 Попаданий нет

--- Результаты хода ---
  Попаданий нет

--- Состояние команд после хода ---
  Team A: живых 7/8
    ✓ Артиллерия A1      @ (9,1,5) hp=1/1
    ✓ Прыгун A3          @ (5,4,5) hp=2/2
    ✓ Факел A4           @ (9,2,5) hp=6/6
    ✓ Тишина A5          @ (5,5,6) hp=2/2
    ✓ Бурав A6           @ (5,5,5) hp=4/4
    ✓ Провокатор A7      @ (6,5,5) hp=2/2
    ✓ Паук A8            @ (7,5,5) hp=1/1
    ✗ Радиовышка A2      @ (4,6,6) [уничтожен]
  Team B: живых 1/8
    ✓ Тишина B5          @ (5,4,6) hp=2/2
    ✗ Артиллерия B1      @ (8,0,9) [уничтожен]
    ✗ Радиовышка B2      @ (1,1,7) [уничтожен]
    ✗ Прыгун B3          @ (2,4,8) [уничтожен]
    ✗ Факел B4           @ (8,1,9) [уничтожен]
    ✗ Бурав B6           @ (0,5,8) [уничтожен]
    ✗ Провокатор B7      @ (5,0,9) [уничтожен]
    ✗ Паук B8            @ (9,2,9) [уничтожен]
  Team C: живых 1/8
    ✓ Тишина C5          @ (5,4,6) hp=2/2
    ✗ Артиллерия C1      @ (0,5,6) [уничтожен]
    ✗ Радиовышка C2      @ (3,5,7) [уничтожен]
    ✗ Прыгун C3          @ (2,2,6) [уничтожен]
    ✗ Факел C4           @ (7,4,6) [уничтожен]
    ✗ Бурав C6           @ (3,5,6) [уничтожен]
    ✗ Провокатор C7      @ (4,6,6) [уничтожен]
    ✗ Паук C8            @ (0,8,6) [уничтожен]

======================================================================
ХОД 21
======================================================================
✓ 🎮 GM: начинаем ход
GM: start_turn

--- Радиовышки: сканирование слоя Z ---
  (у команд не осталось живых радиовышек)

--- Решения ботов ---
  [Team A] Артиллерия A1 (9,1,5) → SHOOT at (7,9,4)
  [Team A] Паук A8 → SKIP
  [Team A] Тишина A5 → SKIP
  [Team A] Провокатор A7 → SKIP
  [Team A] Бурав A6 → SKIP
  [Team A] Факел A4 → SKIP
  [Team A] Прыгун A3 → SKIP
  [Team B] Тишина B5 (5,4,6) → MOVE (5,4,5)
  [Team C] Тишина C5 (5,4,6) → MOVE (5,4,5)
! 🎮 GM: принудительно завершает фазу планирования
GM: end_planning
# 
============================================================
# 🔄 ОБРАБОТКА ХОДА 21
# ============================================================

📦 ПЕРЕМЕЩЕНИЯ:
!    ⚠️ Тишина B5: клетка (5,4,5) занята
!    ⚠️ Тишина C5: клетка (5,4,5) занята

🎯 ВЫСТРЕЛЫ:
   Выпущено ракет: 1
# 
📊 РЕЗУЛЬТАТЫ ХОДА 21:
🎯 Попаданий нет

--- Результаты хода ---
  Попаданий нет

--- Состояние команд после хода ---
  Team A: живых 7/8
    ✓ Артиллерия A1      @ (9,1,5) hp=1/1
    ✓ Прыгун A3          @ (5,4,5) hp=2/2
    ✓ Факел A4           @ (9,2,5) hp=6/6
    ✓ Тишина A5          @ (5,5,6) hp=2/2
    ✓ Бурав A6           @ (5,5,5) hp=4/4
    ✓ Провокатор A7      @ (6,5,5) hp=2/2
    ✓ Паук A8            @ (7,5,5) hp=1/1
    ✗ Радиовышка A2      @ (4,6,6) [уничтожен]
  Team B: живых 1/8
    ✓ Тишина B5          @ (5,4,6) hp=2/2
    ✗ Артиллерия B1      @ (8,0,9) [уничтожен]
    ✗ Радиовышка B2      @ (1,1,7) [уничтожен]
    ✗ Прыгун B3          @ (2,4,8) [уничтожен]
    ✗ Факел B4           @ (8,1,9) [уничтожен]
    ✗ Бурав B6           @ (0,5,8) [уничтожен]
    ✗ Провокатор B7      @ (5,0,9) [уничтожен]
    ✗ Паук B8            @ (9,2,9) [уничтожен]
  Team C: живых 1/8
    ✓ Тишина C5          @ (5,4,6) hp=2/2
    ✗ Артиллерия C1      @ (0,5,6) [уничтожен]
    ✗ Радиовышка C2      @ (3,5,7) [уничтожен]
    ✗ Прыгун C3          @ (2,2,6) [уничтожен]
    ✗ Факел C4           @ (7,4,6) [уничтожен]
    ✗ Бурав C6           @ (3,5,6) [уничтожен]
    ✗ Провокатор C7      @ (4,6,6) [уничтожен]
    ✗ Паук C8            @ (0,8,6) [уничтожен]

======================================================================
ХОД 22
======================================================================
✓ 🎮 GM: начинаем ход
GM: start_turn

--- Радиовышки: сканирование слоя Z ---
  (у команд не осталось живых радиовышек)

--- Решения ботов ---
  [Team A] Артиллерия A1 (9,1,5) → SHOOT at (4,9,5)
  [Team A] Паук A8 → SKIP
  [Team A] Тишина A5 → SKIP
  [Team A] Провокатор A7 → SKIP
  [Team A] Бурав A6 → SKIP
  [Team A] Факел A4 → SKIP
  [Team A] Прыгун A3 → SKIP
  [Team B] Тишина B5 (5,4,6) → MOVE (5,4,5)
  [Team C] Тишина C5 (5,4,6) → MOVE (5,4,5)
! 🎮 GM: принудительно завершает фазу планирования
GM: end_planning
# 
============================================================
# 🔄 ОБРАБОТКА ХОДА 22
# ============================================================

📦 ПЕРЕМЕЩЕНИЯ:
!    ⚠️ Тишина B5: клетка (5,4,5) занята
!    ⚠️ Тишина C5: клетка (5,4,5) занята

🎯 ВЫСТРЕЛЫ:
   Выпущено ракет: 1
# 
📊 РЕЗУЛЬТАТЫ ХОДА 22:
🎯 Попаданий нет

--- Результаты хода ---
  Попаданий нет

--- Состояние команд после хода ---
  Team A: живых 7/8
    ✓ Артиллерия A1      @ (9,1,5) hp=1/1
    ✓ Прыгун A3          @ (5,4,5) hp=2/2
    ✓ Факел A4           @ (9,2,5) hp=6/6
    ✓ Тишина A5          @ (5,5,6) hp=2/2
    ✓ Бурав A6           @ (5,5,5) hp=4/4
    ✓ Провокатор A7      @ (6,5,5) hp=2/2
    ✓ Паук A8            @ (7,5,5) hp=1/1
    ✗ Радиовышка A2      @ (4,6,6) [уничтожен]
  Team B: живых 1/8
    ✓ Тишина B5          @ (5,4,6) hp=2/2
    ✗ Артиллерия B1      @ (8,0,9) [уничтожен]
    ✗ Радиовышка B2      @ (1,1,7) [уничтожен]
    ✗ Прыгун B3          @ (2,4,8) [уничтожен]
    ✗ Факел B4           @ (8,1,9) [уничтожен]
    ✗ Бурав B6           @ (0,5,8) [уничтожен]
    ✗ Провокатор B7      @ (5,0,9) [уничтожен]
    ✗ Паук B8            @ (9,2,9) [уничтожен]
  Team C: живых 1/8
    ✓ Тишина C5          @ (5,4,6) hp=2/2
    ✗ Артиллерия C1      @ (0,5,6) [уничтожен]
    ✗ Радиовышка C2      @ (3,5,7) [уничтожен]
    ✗ Прыгун C3          @ (2,2,6) [уничтожен]
    ✗ Факел C4           @ (7,4,6) [уничтожен]
    ✗ Бурав C6           @ (3,5,6) [уничтожен]
    ✗ Провокатор C7      @ (4,6,6) [уничтожен]
    ✗ Паук C8            @ (0,8,6) [уничтожен]

======================================================================
ХОД 23
======================================================================
✓ 🎮 GM: начинаем ход
GM: start_turn

--- Радиовышки: сканирование слоя Z ---
  (у команд не осталось живых радиовышек)

--- Решения ботов ---
  [Team A] Артиллерия A1 (9,1,5) → SHOOT at (9,9,9)
  [Team A] Паук A8 → SKIP
  [Team A] Тишина A5 → SKIP
  [Team A] Провокатор A7 → SKIP
  [Team A] Бурав A6 → SKIP
  [Team A] Факел A4 → SKIP
  [Team A] Прыгун A3 → SKIP
  [Team B] Тишина B5 (5,4,6) → MOVE (5,4,5)
  [Team C] Тишина C5 (5,4,6) → MOVE (5,4,5)
! 🎮 GM: принудительно завершает фазу планирования
GM: end_planning
# 
============================================================
# 🔄 ОБРАБОТКА ХОДА 23
# ============================================================

📦 ПЕРЕМЕЩЕНИЯ:
!    ⚠️ Тишина B5: клетка (5,4,5) занята
!    ⚠️ Тишина C5: клетка (5,4,5) занята

🎯 ВЫСТРЕЛЫ:
   Выпущено ракет: 1
# 
📊 РЕЗУЛЬТАТЫ ХОДА 23:
🎯 Попаданий нет

--- Результаты хода ---
  Попаданий нет

--- Состояние команд после хода ---
  Team A: живых 7/8
    ✓ Артиллерия A1      @ (9,1,5) hp=1/1
    ✓ Прыгун A3          @ (5,4,5) hp=2/2
    ✓ Факел A4           @ (9,2,5) hp=6/6
    ✓ Тишина A5          @ (5,5,6) hp=2/2
    ✓ Бурав A6           @ (5,5,5) hp=4/4
    ✓ Провокатор A7      @ (6,5,5) hp=2/2
    ✓ Паук A8            @ (7,5,5) hp=1/1
    ✗ Радиовышка A2      @ (4,6,6) [уничтожен]
  Team B: живых 1/8
    ✓ Тишина B5          @ (5,4,6) hp=2/2
    ✗ Артиллерия B1      @ (8,0,9) [уничтожен]
    ✗ Радиовышка B2      @ (1,1,7) [уничтожен]
    ✗ Прыгун B3          @ (2,4,8) [уничтожен]
    ✗ Факел B4           @ (8,1,9) [уничтожен]
    ✗ Бурав B6           @ (0,5,8) [уничтожен]
    ✗ Провокатор B7      @ (5,0,9) [уничтожен]
    ✗ Паук B8            @ (9,2,9) [уничтожен]
  Team C: живых 1/8
    ✓ Тишина C5          @ (5,4,6) hp=2/2
    ✗ Артиллерия C1      @ (0,5,6) [уничтожен]
    ✗ Радиовышка C2      @ (3,5,7) [уничтожен]
    ✗ Прыгун C3          @ (2,2,6) [уничтожен]
    ✗ Факел C4           @ (7,4,6) [уничтожен]
    ✗ Бурав C6           @ (3,5,6) [уничтожен]
    ✗ Провокатор C7      @ (4,6,6) [уничтожен]
    ✗ Паук C8            @ (0,8,6) [уничтожен]

======================================================================
ХОД 24
======================================================================
✓ 🎮 GM: начинаем ход
GM: start_turn

--- Радиовышки: сканирование слоя Z ---
  (у команд не осталось живых радиовышек)

--- Решения ботов ---
  [Team A] Артиллерия A1 (9,1,5) → SHOOT at (7,9,5)
  [Team A] Паук A8 → SKIP
  [Team A] Тишина A5 → SKIP
  [Team A] Провокатор A7 → SKIP
  [Team A] Бурав A6 → SKIP
  [Team A] Факел A4 → SKIP
  [Team A] Прыгун A3 → SKIP
  [Team B] Тишина B5 (5,4,6) → MOVE (5,4,5)
  [Team C] Тишина C5 (5,4,6) → MOVE (5,4,5)
! 🎮 GM: принудительно завершает фазу планирования
GM: end_planning
# 
============================================================
# 🔄 ОБРАБОТКА ХОДА 24
# ============================================================

📦 ПЕРЕМЕЩЕНИЯ:
!    ⚠️ Тишина B5: клетка (5,4,5) занята
!    ⚠️ Тишина C5: клетка (5,4,5) занята

🎯 ВЫСТРЕЛЫ:
   Выпущено ракет: 1
# 
📊 РЕЗУЛЬТАТЫ ХОДА 24:
🎯 Попаданий нет

--- Результаты хода ---
  Попаданий нет

--- Состояние команд после хода ---
  Team A: живых 7/8
    ✓ Артиллерия A1      @ (9,1,5) hp=1/1
    ✓ Прыгун A3          @ (5,4,5) hp=2/2
    ✓ Факел A4           @ (9,2,5) hp=6/6
    ✓ Тишина A5          @ (5,5,6) hp=2/2
    ✓ Бурав A6           @ (5,5,5) hp=4/4
    ✓ Провокатор A7      @ (6,5,5) hp=2/2
    ✓ Паук A8            @ (7,5,5) hp=1/1
    ✗ Радиовышка A2      @ (4,6,6) [уничтожен]
  Team B: живых 1/8
    ✓ Тишина B5          @ (5,4,6) hp=2/2
    ✗ Артиллерия B1      @ (8,0,9) [уничтожен]
    ✗ Радиовышка B2      @ (1,1,7) [уничтожен]
    ✗ Прыгун B3          @ (2,4,8) [уничтожен]
    ✗ Факел B4           @ (8,1,9) [уничтожен]
    ✗ Бурав B6           @ (0,5,8) [уничтожен]
    ✗ Провокатор B7      @ (5,0,9) [уничтожен]
    ✗ Паук B8            @ (9,2,9) [уничтожен]
  Team C: живых 1/8
    ✓ Тишина C5          @ (5,4,6) hp=2/2
    ✗ Артиллерия C1      @ (0,5,6) [уничтожен]
    ✗ Радиовышка C2      @ (3,5,7) [уничтожен]
    ✗ Прыгун C3          @ (2,2,6) [уничтожен]
    ✗ Факел C4           @ (7,4,6) [уничтожен]
    ✗ Бурав C6           @ (3,5,6) [уничтожен]
    ✗ Провокатор C7      @ (4,6,6) [уничтожен]
    ✗ Паук C8            @ (0,8,6) [уничтожен]

======================================================================
ХОД 25
======================================================================
✓ 🎮 GM: начинаем ход
GM: start_turn

--- Радиовышки: сканирование слоя Z ---
  (у команд не осталось живых радиовышек)

--- Решения ботов ---
  [Team A] Артиллерия A1 (9,1,5) → SHOOT at (9,9,9)
  [Team A] Паук A8 → SKIP
  [Team A] Тишина A5 → SKIP
  [Team A] Провокатор A7 → SKIP
  [Team A] Бурав A6 → SKIP
  [Team A] Факел A4 → SKIP
  [Team A] Прыгун A3 → SKIP
  [Team B] Тишина B5 (5,4,6) → MOVE (5,4,5)
  [Team C] Тишина C5 (5,4,6) → MOVE (5,4,5)
! 🎮 GM: принудительно завершает фазу планирования
GM: end_planning
# 
============================================================
# 🔄 ОБРАБОТКА ХОДА 25
# ============================================================

📦 ПЕРЕМЕЩЕНИЯ:
!    ⚠️ Тишина B5: клетка (5,4,5) занята
!    ⚠️ Тишина C5: клетка (5,4,5) занята

🎯 ВЫСТРЕЛЫ:
   Выпущено ракет: 1
# 
📊 РЕЗУЛЬТАТЫ ХОДА 25:
🎯 Попаданий нет

--- Результаты хода ---
  Попаданий нет

--- Состояние команд после хода ---
  Team A: живых 7/8
    ✓ Артиллерия A1      @ (9,1,5) hp=1/1
    ✓ Прыгун A3          @ (5,4,5) hp=2/2
    ✓ Факел A4           @ (9,2,5) hp=6/6
    ✓ Тишина A5          @ (5,5,6) hp=2/2
    ✓ Бурав A6           @ (5,5,5) hp=4/4
    ✓ Провокатор A7      @ (6,5,5) hp=2/2
    ✓ Паук A8            @ (7,5,5) hp=1/1
    ✗ Радиовышка A2      @ (4,6,6) [уничтожен]
  Team B: живых 1/8
    ✓ Тишина B5          @ (5,4,6) hp=2/2
    ✗ Артиллерия B1      @ (8,0,9) [уничтожен]
    ✗ Радиовышка B2      @ (1,1,7) [уничтожен]
    ✗ Прыгун B3          @ (2,4,8) [уничтожен]
    ✗ Факел B4           @ (8,1,9) [уничтожен]
    ✗ Бурав B6           @ (0,5,8) [уничтожен]
    ✗ Провокатор B7      @ (5,0,9) [уничтожен]
    ✗ Паук B8            @ (9,2,9) [уничтожен]
  Team C: живых 1/8
    ✓ Тишина C5          @ (5,4,6) hp=2/2
    ✗ Артиллерия C1      @ (0,5,6) [уничтожен]
    ✗ Радиовышка C2      @ (3,5,7) [уничтожен]
    ✗ Прыгун C3          @ (2,2,6) [уничтожен]
    ✗ Факел C4           @ (7,4,6) [уничтожен]
    ✗ Бурав C6           @ (3,5,6) [уничтожен]
    ✗ Провокатор C7      @ (4,6,6) [уничтожен]
    ✗ Паук C8            @ (0,8,6) [уничтожен]

======================================================================
ХОД 26
======================================================================
✓ 🎮 GM: начинаем ход
GM: start_turn

--- Радиовышки: сканирование слоя Z ---
  (у команд не осталось живых радиовышек)

--- Решения ботов ---
  [Team A] Артиллерия A1 (9,1,5) → SHOOT at (4,9,5)
  [Team A] Паук A8 → SKIP
  [Team A] Тишина A5 → SKIP
  [Team A] Провокатор A7 → SKIP
  [Team A] Бурав A6 → SKIP
  [Team A] Факел A4 → SKIP
  [Team A] Прыгун A3 → SKIP
  [Team B] Тишина B5 (5,4,6) → MOVE (5,4,5)
  [Team C] Тишина C5 (5,4,6) → MOVE (5,4,5)
! 🎮 GM: принудительно завершает фазу планирования
GM: end_planning
# 
============================================================
# 🔄 ОБРАБОТКА ХОДА 26
# ============================================================

📦 ПЕРЕМЕЩЕНИЯ:
!    ⚠️ Тишина B5: клетка (5,4,5) занята
!    ⚠️ Тишина C5: клетка (5,4,5) занята

🎯 ВЫСТРЕЛЫ:
   Выпущено ракет: 1
# 
📊 РЕЗУЛЬТАТЫ ХОДА 26:
🎯 Попаданий нет

--- Результаты хода ---
  Попаданий нет

--- Состояние команд после хода ---
  Team A: живых 7/8
    ✓ Артиллерия A1      @ (9,1,5) hp=1/1
    ✓ Прыгун A3          @ (5,4,5) hp=2/2
    ✓ Факел A4           @ (9,2,5) hp=6/6
    ✓ Тишина A5          @ (5,5,6) hp=2/2
    ✓ Бурав A6           @ (5,5,5) hp=4/4
    ✓ Провокатор A7      @ (6,5,5) hp=2/2
    ✓ Паук A8            @ (7,5,5) hp=1/1
    ✗ Радиовышка A2      @ (4,6,6) [уничтожен]
  Team B: живых 1/8
    ✓ Тишина B5          @ (5,4,6) hp=2/2
    ✗ Артиллерия B1      @ (8,0,9) [уничтожен]
    ✗ Радиовышка B2      @ (1,1,7) [уничтожен]
    ✗ Прыгун B3          @ (2,4,8) [уничтожен]
    ✗ Факел B4           @ (8,1,9) [уничтожен]
    ✗ Бурав B6           @ (0,5,8) [уничтожен]
    ✗ Провокатор B7      @ (5,0,9) [уничтожен]
    ✗ Паук B8            @ (9,2,9) [уничтожен]
  Team C: живых 1/8
    ✓ Тишина C5          @ (5,4,6) hp=2/2
    ✗ Артиллерия C1      @ (0,5,6) [уничтожен]
    ✗ Радиовышка C2      @ (3,5,7) [уничтожен]
    ✗ Прыгун C3          @ (2,2,6) [уничтожен]
    ✗ Факел C4           @ (7,4,6) [уничтожен]
    ✗ Бурав C6           @ (3,5,6) [уничтожен]
    ✗ Провокатор C7      @ (4,6,6) [уничтожен]
    ✗ Паук C8            @ (0,8,6) [уничтожен]

======================================================================
ХОД 27
======================================================================
✓ 🎮 GM: начинаем ход
GM: start_turn

--- Радиовышки: сканирование слоя Z ---
  (у команд не осталось живых радиовышек)

--- Решения ботов ---
  [Team A] Артиллерия A1 (9,1,5) → SHOOT at (9,4,8)
  [Team A] Паук A8 → SKIP
  [Team A] Тишина A5 → SKIP
  [Team A] Провокатор A7 → SKIP
  [Team A] Бурав A6 → SKIP
  [Team A] Факел A4 → SKIP
  [Team A] Прыгун A3 → SKIP
  [Team B] Тишина B5 (5,4,6) → MOVE (5,4,5)
  [Team C] Тишина C5 (5,4,6) → MOVE (5,4,5)
! 🎮 GM: принудительно завершает фазу планирования
GM: end_planning
# 
============================================================
# 🔄 ОБРАБОТКА ХОДА 27
# ============================================================

📦 ПЕРЕМЕЩЕНИЯ:
!    ⚠️ Тишина B5: клетка (5,4,5) занята
!    ⚠️ Тишина C5: клетка (5,4,5) занята

🎯 ВЫСТРЕЛЫ:
   Выпущено ракет: 1
# 
📊 РЕЗУЛЬТАТЫ ХОДА 27:
🎯 Попаданий нет

--- Результаты хода ---
  Попаданий нет

--- Состояние команд после хода ---
  Team A: живых 7/8
    ✓ Артиллерия A1      @ (9,1,5) hp=1/1
    ✓ Прыгун A3          @ (5,4,5) hp=2/2
    ✓ Факел A4           @ (9,2,5) hp=6/6
    ✓ Тишина A5          @ (5,5,6) hp=2/2
    ✓ Бурав A6           @ (5,5,5) hp=4/4
    ✓ Провокатор A7      @ (6,5,5) hp=2/2
    ✓ Паук A8            @ (7,5,5) hp=1/1
    ✗ Радиовышка A2      @ (4,6,6) [уничтожен]
  Team B: живых 1/8
    ✓ Тишина B5          @ (5,4,6) hp=2/2
    ✗ Артиллерия B1      @ (8,0,9) [уничтожен]
    ✗ Радиовышка B2      @ (1,1,7) [уничтожен]
    ✗ Прыгун B3          @ (2,4,8) [уничтожен]
    ✗ Факел B4           @ (8,1,9) [уничтожен]
    ✗ Бурав B6           @ (0,5,8) [уничтожен]
    ✗ Провокатор B7      @ (5,0,9) [уничтожен]
    ✗ Паук B8            @ (9,2,9) [уничтожен]
  Team C: живых 1/8
    ✓ Тишина C5          @ (5,4,6) hp=2/2
    ✗ Артиллерия C1      @ (0,5,6) [уничтожен]
    ✗ Радиовышка C2      @ (3,5,7) [уничтожен]
    ✗ Прыгун C3          @ (2,2,6) [уничтожен]
    ✗ Факел C4           @ (7,4,6) [уничтожен]
    ✗ Бурав C6           @ (3,5,6) [уничтожен]
    ✗ Провокатор C7      @ (4,6,6) [уничтожен]
    ✗ Паук C8            @ (0,8,6) [уничтожен]

======================================================================
ХОД 28
======================================================================
✓ 🎮 GM: начинаем ход
GM: start_turn

--- Радиовышки: сканирование слоя Z ---
  (у команд не осталось живых радиовышек)

--- Решения ботов ---
  [Team A] Артиллерия A1 (9,1,5) → SHOOT at (7,9,4)
  [Team A] Паук A8 → SKIP
  [Team A] Тишина A5 → SKIP
  [Team A] Провокатор A7 → SKIP
  [Team A] Бурав A6 → SKIP
  [Team A] Факел A4 → SKIP
  [Team A] Прыгун A3 → SKIP
  [Team B] Тишина B5 (5,4,6) → MOVE (5,4,5)
  [Team C] Тишина C5 (5,4,6) → MOVE (5,4,5)
! 🎮 GM: принудительно завершает фазу планирования
GM: end_planning
# 
============================================================
# 🔄 ОБРАБОТКА ХОДА 28
# ============================================================

📦 ПЕРЕМЕЩЕНИЯ:
!    ⚠️ Тишина B5: клетка (5,4,5) занята
!    ⚠️ Тишина C5: клетка (5,4,5) занята

🎯 ВЫСТРЕЛЫ:
   Выпущено ракет: 1
# 
📊 РЕЗУЛЬТАТЫ ХОДА 28:
🎯 Попаданий нет

--- Результаты хода ---
  Попаданий нет

--- Состояние команд после хода ---
  Team A: живых 7/8
    ✓ Артиллерия A1      @ (9,1,5) hp=1/1
    ✓ Прыгун A3          @ (5,4,5) hp=2/2
    ✓ Факел A4           @ (9,2,5) hp=6/6
    ✓ Тишина A5          @ (5,5,6) hp=2/2
    ✓ Бурав A6           @ (5,5,5) hp=4/4
    ✓ Провокатор A7      @ (6,5,5) hp=2/2
    ✓ Паук A8            @ (7,5,5) hp=1/1
    ✗ Радиовышка A2      @ (4,6,6) [уничтожен]
  Team B: живых 1/8
    ✓ Тишина B5          @ (5,4,6) hp=2/2
    ✗ Артиллерия B1      @ (8,0,9) [уничтожен]
    ✗ Радиовышка B2      @ (1,1,7) [уничтожен]
    ✗ Прыгун B3          @ (2,4,8) [уничтожен]
    ✗ Факел B4           @ (8,1,9) [уничтожен]
    ✗ Бурав B6           @ (0,5,8) [уничтожен]
    ✗ Провокатор B7      @ (5,0,9) [уничтожен]
    ✗ Паук B8            @ (9,2,9) [уничтожен]
  Team C: живых 1/8
    ✓ Тишина C5          @ (5,4,6) hp=2/2
    ✗ Артиллерия C1      @ (0,5,6) [уничтожен]
    ✗ Радиовышка C2      @ (3,5,7) [уничтожен]
    ✗ Прыгун C3          @ (2,2,6) [уничтожен]
    ✗ Факел C4           @ (7,4,6) [уничтожен]
    ✗ Бурав C6           @ (3,5,6) [уничтожен]
    ✗ Провокатор C7      @ (4,6,6) [уничтожен]
    ✗ Паук C8            @ (0,8,6) [уничтожен]

======================================================================
ХОД 29
======================================================================
✓ 🎮 GM: начинаем ход
GM: start_turn

--- Радиовышки: сканирование слоя Z ---
  (у команд не осталось живых радиовышек)

--- Решения ботов ---
  [Team A] Артиллерия A1 (9,1,5) → SHOOT at (7,9,4)
  [Team A] Паук A8 → SKIP
  [Team A] Тишина A5 → SKIP
  [Team A] Провокатор A7 → SKIP
  [Team A] Бурав A6 → SKIP
  [Team A] Факел A4 → SKIP
  [Team A] Прыгун A3 → SKIP
  [Team B] Тишина B5 (5,4,6) → MOVE (5,4,5)
  [Team C] Тишина C5 (5,4,6) → MOVE (5,4,5)
! 🎮 GM: принудительно завершает фазу планирования
GM: end_planning
# 
============================================================
# 🔄 ОБРАБОТКА ХОДА 29
# ============================================================

📦 ПЕРЕМЕЩЕНИЯ:
!    ⚠️ Тишина B5: клетка (5,4,5) занята
!    ⚠️ Тишина C5: клетка (5,4,5) занята

🎯 ВЫСТРЕЛЫ:
   Выпущено ракет: 1
# 
📊 РЕЗУЛЬТАТЫ ХОДА 29:
🎯 Попаданий нет

--- Результаты хода ---
  Попаданий нет

--- Состояние команд после хода ---
  Team A: живых 7/8
    ✓ Артиллерия A1      @ (9,1,5) hp=1/1
    ✓ Прыгун A3          @ (5,4,5) hp=2/2
    ✓ Факел A4           @ (9,2,5) hp=6/6
    ✓ Тишина A5          @ (5,5,6) hp=2/2
    ✓ Бурав A6           @ (5,5,5) hp=4/4
    ✓ Провокатор A7      @ (6,5,5) hp=2/2
    ✓ Паук A8            @ (7,5,5) hp=1/1
    ✗ Радиовышка A2      @ (4,6,6) [уничтожен]
  Team B: живых 1/8
    ✓ Тишина B5          @ (5,4,6) hp=2/2
    ✗ Артиллерия B1      @ (8,0,9) [уничтожен]
    ✗ Радиовышка B2      @ (1,1,7) [уничтожен]
    ✗ Прыгун B3          @ (2,4,8) [уничтожен]
    ✗ Факел B4           @ (8,1,9) [уничтожен]
    ✗ Бурав B6           @ (0,5,8) [уничтожен]
    ✗ Провокатор B7      @ (5,0,9) [уничтожен]
    ✗ Паук B8            @ (9,2,9) [уничтожен]
  Team C: живых 1/8
    ✓ Тишина C5          @ (5,4,6) hp=2/2
    ✗ Артиллерия C1      @ (0,5,6) [уничтожен]
    ✗ Радиовышка C2      @ (3,5,7) [уничтожен]
    ✗ Прыгун C3          @ (2,2,6) [уничтожен]
    ✗ Факел C4           @ (7,4,6) [уничтожен]
    ✗ Бурав C6           @ (3,5,6) [уничтожен]
    ✗ Провокатор C7      @ (4,6,6) [уничтожен]
    ✗ Паук C8            @ (0,8,6) [уничтожен]

======================================================================
ХОД 30
======================================================================
✓ 🎮 GM: начинаем ход
GM: start_turn

--- Радиовышки: сканирование слоя Z ---
  (у команд не осталось живых радиовышек)

--- Решения ботов ---
  [Team A] Артиллерия A1 (9,1,5) → SHOOT at (7,9,4)
  [Team A] Паук A8 → SKIP
  [Team A] Тишина A5 → SKIP
  [Team A] Провокатор A7 → SKIP
  [Team A] Бурав A6 → SKIP
  [Team A] Факел A4 → SKIP
  [Team A] Прыгун A3 → SKIP
  [Team B] Тишина B5 (5,4,6) → MOVE (5,4,5)
  [Team C] Тишина C5 (5,4,6) → MOVE (5,4,5)
! 🎮 GM: принудительно завершает фазу планирования
GM: end_planning
# 
============================================================
# 🔄 ОБРАБОТКА ХОДА 30
# ============================================================

📦 ПЕРЕМЕЩЕНИЯ:
!    ⚠️ Тишина B5: клетка (5,4,5) занята
!    ⚠️ Тишина C5: клетка (5,4,5) занята

🎯 ВЫСТРЕЛЫ:
   Выпущено ракет: 1
# 
📊 РЕЗУЛЬТАТЫ ХОДА 30:
🎯 Попаданий нет

--- Результаты хода ---
  Попаданий нет

--- Состояние команд после хода ---
  Team A: живых 7/8
    ✓ Артиллерия A1      @ (9,1,5) hp=1/1
    ✓ Прыгун A3          @ (5,4,5) hp=2/2
    ✓ Факел A4           @ (9,2,5) hp=6/6
    ✓ Тишина A5          @ (5,5,6) hp=2/2
    ✓ Бурав A6           @ (5,5,5) hp=4/4
    ✓ Провокатор A7      @ (6,5,5) hp=2/2
    ✓ Паук A8            @ (7,5,5) hp=1/1
    ✗ Радиовышка A2      @ (4,6,6) [уничтожен]
  Team B: живых 1/8
    ✓ Тишина B5          @ (5,4,6) hp=2/2
    ✗ Артиллерия B1      @ (8,0,9) [уничтожен]
    ✗ Радиовышка B2      @ (1,1,7) [уничтожен]
    ✗ Прыгун B3          @ (2,4,8) [уничтожен]
    ✗ Факел B4           @ (8,1,9) [уничтожен]
    ✗ Бурав B6           @ (0,5,8) [уничтожен]
    ✗ Провокатор B7      @ (5,0,9) [уничтожен]
    ✗ Паук B8            @ (9,2,9) [уничтожен]
  Team C: живых 1/8
    ✓ Тишина C5          @ (5,4,6) hp=2/2
    ✗ Артиллерия C1      @ (0,5,6) [уничтожен]
    ✗ Радиовышка C2      @ (3,5,7) [уничтожен]
    ✗ Прыгун C3          @ (2,2,6) [уничтожен]
    ✗ Факел C4           @ (7,4,6) [уничтожен]
    ✗ Бурав C6           @ (3,5,6) [уничтожен]
    ✗ Провокатор C7      @ (4,6,6) [уничтожен]
    ✗ Паук C8            @ (0,8,6) [уничтожен]

======================================================================
ИТОГ
======================================================================
Лимит ходов (30) исчерпан, ничья/пат.

--- Сводка по командам ---
  Team A: 7/8 живых; hp=18
  Team B: 1/8 живых; hp=2
  Team C: 1/8 живых; hp=2

--- Сводка по пассивкам радиовышек ---
  Team A: сканирований=6, всего врагов-в-слоях=12, уникальных эксклюзивных (видны только радиовышкой)=0
  Team B: сканирований=4, всего врагов-в-слоях=2, уникальных эксклюзивных (видны только радиовышкой)=0
  Team C: сканирований=4, всего врагов-в-слоях=5, уникальных эксклюзивных (видны только радиовышкой)=1

--- Сводка по попаданиям ---
  Всего событий (шоты+тараны+мины): 29
  Уничтожено кораблей всего: 15
  Team A: урон=45 хиты=13 тараны=8 мины(сработало)=0 убийств=13
  Team B: урон=8 хиты=4 тараны=0 мины(сработало)=0 убийств=1
  Team C: урон=6 хиты=3 тараны=1 мины(сработало)=0 убийств=1
! 🎮 GM: остановка игры
