======================================================================
Space Battle 10×10×10 — simulation run at 2026-04-20T13:31:54+00:00
Game mode: advanced
Seed: 115
✓ 🚀 Продвинутый режим: создаю разные типы кораблей
   Команда A: спавн вдоль оси Y от (3, 8, 1) до (3, 3, 1)
   Команда B: спавн вдоль оси Y от (7, 8, 0) до (7, 3, 0)
   Команда C: спавн вдоль оси Z от (9, 3, 2) до (9, 3, 0)
✓ ✅ Создано 24 кораблей


--- СТАРТОВАЯ РАССТАНОВКА ---
  Team A: живых 8/8
    ✓ Артиллерия A1      @ (3,8,1) hp=1/1
    ✓ Радиовышка A2      @ (3,1,1) hp=3/3
    ✓ Прыгун A3          @ (3,5,1) hp=2/2
    ✓ Факел A4           @ (3,6,1) hp=6/6
    ✓ Тишина A5          @ (3,4,1) hp=2/2
    ✓ Бурав A6           @ (3,2,1) hp=4/4
    ✓ Провокатор A7      @ (3,7,1) hp=2/2
    ✓ Паук A8            @ (3,3,1) hp=1/1
  Team B: живых 8/8
    ✓ Артиллерия B1      @ (7,8,0) hp=1/1
    ✓ Радиовышка B2      @ (7,9,0) hp=3/3
    ✓ Прыгун B3          @ (7,2,0) hp=2/2
    ✓ Факел B4           @ (7,1,0) hp=6/6
    ✓ Тишина B5          @ (7,0,0) hp=2/2
    ✓ Бурав B6           @ (7,7,0) hp=4/4
    ✓ Провокатор B7      @ (7,6,0) hp=2/2
    ✓ Паук B8            @ (7,3,0) hp=1/1
  Team C: живых 8/8
    ✓ Артиллерия C1      @ (9,3,2) hp=1/1
    ✓ Радиовышка C2      @ (9,3,9) hp=3/3
    ✓ Прыгун C3          @ (9,3,8) hp=2/2
    ✓ Факел C4           @ (9,3,4) hp=6/6
    ✓ Тишина C5          @ (9,3,1) hp=2/2
    ✓ Бурав C6           @ (9,3,5) hp=4/4
    ✓ Провокатор C7      @ (9,3,3) hp=2/2
    ✓ Паук C8            @ (9,3,0) hp=1/1

======================================================================
ХОД 1
======================================================================
✓ 🎮 GM: начинаем ход
GM: start_turn

--- Радиовышки: сканирование слоя Z ---
  Радиовышка A2 (z=1): видит 1 врагов [+1 эксклюзивно] → Тишина C5(9,3,1)
  Радиовышка B2 (z=0): видит 1 врагов  → Паук C8(9,3,0)
  Радиовышка C2 (z=9): слой чист

--- Решения ботов ---
  [Team A] Артиллерия A1 (3,8,1) → SHOOT at (7,8,0)
  [Team A] Радиовышка A2 (3,1,1) → MOVE (4,2,0)
  [Team A] Прыгун A3 (3,5,1) → MOVE (4,6,0)
  [Team A] Тишина A5 (3,4,1) → PHASE toggle
  [Team A] Бурав A6 (3,2,1) → MOVE (3,2,0)
  [Team A] Провокатор A7 (3,7,1) → HOLOGRAM (4,8,0)
  [Team A] Паук A8 (3,3,1) → MINE (4,2,1)
  [Team A] Факел A4 → SKIP
  [Team B] Артиллерия B1 (7,8,0) → SHOOT at (3,8,1)
  [Team B] Радиовышка B2 (7,9,0) → MOVE (6,8,1)
  [Team B] Прыгун B3 (7,2,0) → MOVE (9,3,2)
  [Team B] Тишина B5 (7,0,0) → PHASE toggle
  [Team B] Бурав B6 (7,7,0) → MOVE (6,7,1)
  [Team B] Провокатор B7 (7,6,0) → HOLOGRAM (8,5,1)
  [Team B] Паук B8 (7,3,0) → MINE (8,2,0)
  [Team B] Факел B4 → SKIP
  [Team C] Артиллерия C1 (9,3,2) → SHOOT at (7,2,0)
  [Team C] Радиовышка C2 (9,3,9) → MOVE (8,2,8)
  [Team C] Прыгун C3 (9,3,8) → MOVE (8,2,7)
  [Team C] Тишина C5 (9,3,1) → PHASE toggle
  [Team C] Бурав C6 (9,3,5) → MOVE (8,2,4)
  [Team C] Провокатор C7 (9,3,3) → HOLOGRAM (8,2,2)
  [Team C] Паук C8 (9,3,0) → MINE (8,3,1)
  [Team C] Факел C4 → SKIP
! 🎮 GM: принудительно завершает фазу планирования
GM: end_planning
# 
============================================================
# 🔄 ОБРАБОТКА ХОДА 1
# ============================================================
   🌀 Тишина A5: фаза ВКЛ
   🌀 Тишина B5: фаза ВКЛ
   🌀 Тишина C5: фаза ВКЛ
   🪞 Провокатор A7 создал голограмму H1 в (4,8,0)
   🪞 Провокатор B7 создал голограмму H2 в (8,5,1)
   🪞 Провокатор C7 создал голограмму H3 в (8,2,2)
   💣 Паук A8 установил мину M1 в (4,2,1)
   💣 Паук B8 установил мину M2 в (8,2,0)
   💣 Паук C8 установил мину M3 в (8,3,1)

📦 ПЕРЕМЕЩЕНИЯ:
   Радиовышка A2: (3, 1, 1) → (4,2,0)
   Прыгун A3: (3, 5, 1) → (4,6,0)
   Бурав A6: (3, 2, 1) → (3,2,0)
   Радиовышка B2: (7, 9, 0) → (6,8,1)
✓    💥 Прыгун B3 тараном уничтожил Артиллерия C1 в (9,3,2)
   Прыгун B3: (7, 2, 0) → (9,3,2)
   Бурав B6: (7, 7, 0) → (6,7,1)
   Радиовышка C2: (9, 3, 9) → (8,2,8)
   Прыгун C3: (9, 3, 8) → (8,2,7)
!    ⚠️ Бурав C6: Бурав двигается только по 1 оси или по 2 осям строго диагонально

🎯 ВЫСТРЕЛЫ:
✓    ✅ Артиллерия A1 поразил Артиллерия B1 (2 урона)!
✓    ✅ Артиллерия B1 поразил Артиллерия A1 (2 урона)!
   Выпущено ракет: 2
# 
📊 РЕЗУЛЬТАТЫ ХОДА 1:
✓ 💥 ПОПАДАНИЯ:
✓    Артиллерия A1 (Team A) → Артиллерия B1 (Team B)
✓    Артиллерия B1 (Team B) → Артиллерия A1 (Team A)

--- Результаты хода ---
  Team B / Прыгун B3          → Team C / Артиллерия C1      @ (9,3,2)  (УБИТ)
  Team A / Артиллерия A1      → Team B / Артиллерия B1      @ (7,8,0)  (УБИТ)
  Team B / Артиллерия B1      → Team A / Артиллерия A1      @ (3,8,1)  (УБИТ)

--- Состояние команд после хода ---
  Team A: живых 7/8
    ✓ Радиовышка A2      @ (4,2,0) hp=3/3
    ✓ Прыгун A3          @ (4,6,0) hp=2/2
    ✓ Факел A4           @ (3,6,1) hp=6/6
    ✓ Тишина A5          @ (3,4,1) hp=2/2
    ✓ Бурав A6           @ (3,2,0) hp=4/4
    ✓ Провокатор A7      @ (3,7,1) hp=2/2
    ✓ Паук A8            @ (3,3,1) hp=1/1
    ✗ Артиллерия A1      @ (3,8,1) [уничтожен]
  Team B: живых 7/8
    ✓ Радиовышка B2      @ (6,8,1) hp=3/3
    ✓ Прыгун B3          @ (9,3,2) hp=2/2
    ✓ Факел B4           @ (7,1,0) hp=6/6
    ✓ Тишина B5          @ (7,0,0) hp=2/2
    ✓ Бурав B6           @ (6,7,1) hp=4/4
    ✓ Провокатор B7      @ (7,6,0) hp=2/2
    ✓ Паук B8            @ (7,3,0) hp=1/1
    ✗ Артиллерия B1      @ (7,8,0) [уничтожен]
  Team C: живых 7/8
    ✓ Радиовышка C2      @ (8,2,8) hp=3/3
    ✓ Прыгун C3          @ (8,2,7) hp=2/2
    ✓ Факел C4           @ (9,3,4) hp=6/6
    ✓ Тишина C5          @ (9,3,1) hp=2/2
    ✓ Бурав C6           @ (9,3,5) hp=4/4
    ✓ Провокатор C7      @ (9,3,3) hp=2/2
    ✓ Паук C8            @ (9,3,0) hp=1/1
    ✗ Артиллерия C1      @ (9,3,2) [уничтожен]

======================================================================
ХОД 2
======================================================================
✓ 🎮 GM: начинаем ход
GM: start_turn

--- Радиовышки: сканирование слоя Z ---
  Радиовышка A2 (z=0): видит 4 врагов [+1 эксклюзивно] → Факел B4(7,1,0), Паук B8(7,3,0), Провокатор B7(7,6,0), Паук C8(9,3,0)
  Радиовышка B2 (z=1): видит 3 врагов  → Паук A8(3,3,1), Факел A4(3,6,1), Провокатор A7(3,7,1)
  Радиовышка C2 (z=8): слой чист

--- Решения ботов ---
  [Team A] Радиовышка A2 (4,2,0) → MOVE (5,1,0)
  [Team A] Прыгун A3 (4,6,0) → MOVE (6,7,1)
  [Team A] Факел A4 (3,6,1) → MOVE (3,6,0)
  [Team A] Тишина A5 (3,4,1) → MOVE (4,5,1)
  [Team A] Бурав A6 (3,2,0) → MOVE (4,1,0)
  [Team A] Провокатор A7 (3,7,1) → HOLOGRAM (4,8,1)
  [Team A] Паук A8 (3,3,1) → MINE (4,3,0)
  [Team B] Радиовышка B2 (6,8,1) → MOVE (5,7,0)
  [Team B] Прыгун B3 (9,3,2) → MOVE (9,3,4)
  [Team B] Факел B4 (7,1,0) → MOVE (8,2,1)
  [Team B] Тишина B5 (7,0,0) → MOVE (6,1,0)
  [Team B] Бурав B6 (6,7,1) → MOVE (3,7,1)
  [Team B] Провокатор B7 (7,6,0) → HOLOGRAM (6,6,0)
  [Team B] Паук B8 (7,3,0) → MINE (8,3,0)
  [Team C] Радиовышка C2 (8,2,8) → MOVE (9,3,7)
  [Team C] Прыгун C3 (8,2,7) → MOVE (9,3,6)
  [Team C] Факел C4 (9,3,4) → SHOOT at (9,3,2)
  [Team C] Тишина C5 (9,3,1) → MOVE (9,3,2)
  [Team C] Провокатор C7 (9,3,3) → SHOOT at (9,3,2)
  [Team C] Паук C8 (9,3,0) → MINE (8,2,1)
  [Team C] Бурав C6 → SKIP
! 🎮 GM: принудительно завершает фазу планирования
GM: end_planning
# 
============================================================
# 🔄 ОБРАБОТКА ХОДА 2
# ============================================================
   🪞 Провокатор A7 создал голограмму H4 в (4,8,1)
   🪞 Провокатор B7 создал голограмму H5 в (6,6,0)
   💣 Паук A8 установил мину M4 в (4,3,0)
   💣 Паук B8 установил мину M5 в (8,3,0)
   💣 Паук C8 установил мину M6 в (8,2,1)

📦 ПЕРЕМЕЩЕНИЯ:
   Радиовышка A2: (4, 2, 0) → (5,1,0)
✓    💥 Прыгун A3 тараном уничтожил Бурав B6 в (6,7,1)
   Прыгун A3: (4, 6, 0) → (6,7,1)
   Факел A4: (3, 6, 1) → (3,6,0)
   Тишина A5: (3, 4, 1) → (4,5,1)
   Бурав A6: (3, 2, 0) → (4,1,0)
   Радиовышка B2: (6, 8, 1) → (5,7,0)
✓    💥 Прыгун B3 тараном уничтожил Факел C4 в (9,3,4)
   Прыгун B3: (9, 3, 2) → (9,3,4)
   Факел B4: (7, 1, 0) → (8,2,1)
!    💥 Мина M6 сработала под Факел B4 (урон 2)
   Тишина B5: (7, 0, 0) → (6,1,0)
   Радиовышка C2: (8, 2, 8) → (9,3,7)
   Прыгун C3: (8, 2, 7) → (9,3,6)
   Тишина C5: (9, 3, 1) → (9,3,2)

🎯 ВЫСТРЕЛЫ:
   Выпущено ракет: 1
# 
📊 РЕЗУЛЬТАТЫ ХОДА 2:
🎯 Попаданий нет

--- Результаты хода ---
  Team A / Прыгун A3          → Team B / Бурав B6           @ (6,7,1)  (УБИТ)
  Team B / Прыгун B3          → Team C / Факел C4           @ (9,3,4)  (УБИТ)
  ? / ?                  → Team B / Факел B4           @ (8,2,1)  (ранен)

--- Состояние команд после хода ---
  Team A: живых 7/8
    ✓ Радиовышка A2      @ (5,1,0) hp=3/3
    ✓ Прыгун A3          @ (6,7,1) hp=2/2
    ✓ Факел A4           @ (3,6,0) hp=6/6
    ✓ Тишина A5          @ (4,5,1) hp=2/2
    ✓ Бурав A6           @ (4,1,0) hp=4/4
    ✓ Провокатор A7      @ (3,7,1) hp=2/2
    ✓ Паук A8            @ (3,3,1) hp=1/1
    ✗ Артиллерия A1      @ (3,8,1) [уничтожен]
  Team B: живых 6/8
    ✓ Радиовышка B2      @ (5,7,0) hp=3/3
    ✓ Прыгун B3          @ (9,3,4) hp=2/2
    ✓ Факел B4           @ (8,2,1) hp=4/6
    ✓ Тишина B5          @ (6,1,0) hp=2/2
    ✓ Провокатор B7      @ (7,6,0) hp=2/2
    ✓ Паук B8            @ (7,3,0) hp=1/1
    ✗ Артиллерия B1      @ (7,8,0) [уничтожен]
    ✗ Бурав B6           @ (6,7,1) [уничтожен]
  Team C: живых 6/8
    ✓ Радиовышка C2      @ (9,3,7) hp=3/3
    ✓ Прыгун C3          @ (9,3,6) hp=2/2
    ✓ Тишина C5          @ (9,3,2) hp=2/2
    ✓ Бурав C6           @ (9,3,5) hp=4/4
    ✓ Провокатор C7      @ (9,3,3) hp=2/2
    ✓ Паук C8            @ (9,3,0) hp=1/1
    ✗ Артиллерия C1      @ (9,3,2) [уничтожен]
    ✗ Факел C4           @ (9,3,4) [уничтожен]

======================================================================
ХОД 3
======================================================================
✓ 🎮 GM: начинаем ход
GM: start_turn

--- Радиовышки: сканирование слоя Z ---
  Радиовышка A2 (z=0): видит 4 врагов  → Радиовышка B2(5,7,0), Паук B8(7,3,0), Провокатор B7(7,6,0), Паук C8(9,3,0)
  Радиовышка B2 (z=0): видит 4 врагов  → Факел A4(3,6,0), Бурав A6(4,1,0), Радиовышка A2(5,1,0), Паук C8(9,3,0)
  Радиовышка C2 (z=7): слой чист

--- Решения ботов ---
  [Team A] Радиовышка A2 (5,1,0) → MOVE (6,2,0)
  [Team A] Прыгун A3 (6,7,1) → MOVE (7,6,0)
  [Team A] Факел A4 (3,6,0) → SHOOT at (7,6,0)
  [Team A] Тишина A5 (4,5,1) → MOVE (5,6,0)
  [Team A] Бурав A6 (4,1,0) → MOVE (5,2,0)
  [Team A] Провокатор A7 (3,7,1) → HOLOGRAM (4,7,0)
  [Team A] Паук A8 (3,3,1) → MINE (4,4,0)
  [Team B] Радиовышка B2 (5,7,0) → MOVE (6,7,1)
  [Team B] Прыгун B3 (9,3,4) → MOVE (9,3,3)
  [Team B] Факел B4 (8,2,1) → HEAL (AoE)
  [Team B] Тишина B5 (6,1,0) → MOVE (5,1,0)
  [Team B] Провокатор B7 (7,6,0) → HOLOGRAM (6,6,1)
  [Team B] Паук B8 (7,3,0) → MINE (6,2,0)
  [Team C] Прыгун C3 (9,3,6) → MOVE (9,3,4)
  [Team C] Тишина C5 (9,3,2) → MOVE (8,2,1)
  [Team C] Провокатор C7 (9,3,3) → SHOOT at (9,3,4)
  [Team C] Паук C8 (9,3,0) → MINE (8,3,1)
  [Team C] Бурав C6 → SKIP
  [Team C] Радиовышка C2 → SKIP
! 🎮 GM: принудительно завершает фазу планирования
GM: end_planning
# 
============================================================
# 🔄 ОБРАБОТКА ХОДА 3
# ============================================================
   🪞 Провокатор A7 создал голограмму H6 в (4,7,0)
   🪞 Провокатор B7 создал голограмму H7 в (6,6,1)
   💣 Паук A8 установил мину M7 в (4,4,0)
   💣 Паук B8 установил мину M8 в (6,2,0)
!    ⚠️ Паук C8: в клетке уже стоит мина

📦 ПЕРЕМЕЩЕНИЯ:
   Радиовышка A2: (5, 1, 0) → (6,2,0)
!    💥 Мина M8 сработала под Радиовышка A2 (урон 2)
✓    💥 Прыгун A3 тараном уничтожил Провокатор B7 в (7,6,0)
   Прыгун A3: (6, 7, 1) → (7,6,0)
   Тишина A5: (4, 5, 1) → (5,6,0)
   Бурав A6: (4, 1, 0) → (5,2,0)
   Радиовышка B2: (5, 7, 0) → (6,7,1)
✓    💥 Прыгун B3 тараном уничтожил Провокатор C7 в (9,3,3)
   Прыгун B3: (9, 3, 4) → (9,3,3)
   Тишина B5: (6, 1, 0) → (5,1,0)
   Прыгун C3: (9, 3, 6) → (9,3,4)
!    ⚠️ Тишина C5: клетка (8,2,1) занята

🎯 ВЫСТРЕЛЫ:
✓    💥 Факел A4 раскрыл голограмму H5 в (6, 6, 0)
✓    💚 Факел B4 лечит Факел B4 → hits=1/6
   Выпущено ракет: 1
# 
📊 РЕЗУЛЬТАТЫ ХОДА 3:
✓ 💥 ПОПАДАНИЯ:
✓    Факел A4 (Team A) → голограмма H5 (Team B)

--- Результаты хода ---
  ? / ?                  → Team A / Радиовышка A2      @ (6,2,0)  (ранен)
  Team A / Прыгун A3          → Team B / Провокатор B7      @ (7,6,0)  (УБИТ)
  Team B / Прыгун B3          → Team C / Провокатор C7      @ (9,3,3)  (УБИТ)

--- Состояние команд после хода ---
  Team A: живых 7/8
    ✓ Радиовышка A2      @ (6,2,0) hp=1/3
    ✓ Прыгун A3          @ (7,6,0) hp=2/2
    ✓ Факел A4           @ (3,6,0) hp=6/6
    ✓ Тишина A5          @ (5,6,0) hp=2/2
    ✓ Бурав A6           @ (5,2,0) hp=4/4
    ✓ Провокатор A7      @ (3,7,1) hp=2/2
    ✓ Паук A8            @ (3,3,1) hp=1/1
    ✗ Артиллерия A1      @ (3,8,1) [уничтожен]
  Team B: живых 5/8
    ✓ Радиовышка B2      @ (6,7,1) hp=3/3
    ✓ Прыгун B3          @ (9,3,3) hp=2/2
    ✓ Факел B4           @ (8,2,1) hp=5/6
    ✓ Тишина B5          @ (5,1,0) hp=2/2
    ✓ Паук B8            @ (7,3,0) hp=1/1
    ✗ Артиллерия B1      @ (7,8,0) [уничтожен]
    ✗ Бурав B6           @ (6,7,1) [уничтожен]
    ✗ Провокатор B7      @ (7,6,0) [уничтожен]
  Team C: живых 5/8
    ✓ Радиовышка C2      @ (9,3,7) hp=3/3
    ✓ Прыгун C3          @ (9,3,4) hp=2/2
    ✓ Тишина C5          @ (9,3,2) hp=2/2
    ✓ Бурав C6           @ (9,3,5) hp=4/4
    ✓ Паук C8            @ (9,3,0) hp=1/1
    ✗ Артиллерия C1      @ (9,3,2) [уничтожен]
    ✗ Факел C4           @ (9,3,4) [уничтожен]
    ✗ Провокатор C7      @ (9,3,3) [уничтожен]

======================================================================
ХОД 4
======================================================================
✓ 🎮 GM: начинаем ход
GM: start_turn

--- Радиовышки: сканирование слоя Z ---
  Радиовышка A2 (z=0): видит 2 врагов  → Паук B8(7,3,0), Паук C8(9,3,0)
  Радиовышка B2 (z=1): видит 2 врагов  → Паук A8(3,3,1), Провокатор A7(3,7,1)
  Радиовышка C2 (z=7): слой чист

--- Решения ботов ---
  [Team A] Радиовышка A2 (6,2,0) → MOVE (7,3,0)
  [Team A] Прыгун A3 (7,6,0) → MOVE (6,7,1)
  [Team A] Факел A4 (3,6,0) → MOVE (4,5,0)
  [Team A] Тишина A5 (5,6,0) → MOVE (6,7,0)
  [Team A] Бурав A6 (5,2,0) → MOVE (6,3,0)
  [Team A] Провокатор A7 (3,7,1) → HOLOGRAM (4,7,1)
  [Team A] Паук A8 (3,3,1) → MINE (4,4,1)
  [Team B] Радиовышка B2 (6,7,1) → MOVE (7,6,0)
  [Team B] Прыгун B3 (9,3,3) → MOVE (9,3,4)
  [Team B] Факел B4 (8,2,1) → HEAL (AoE)
  [Team B] Тишина B5 (5,1,0) → MOVE (6,2,0)
  [Team B] Паук B8 (7,3,0) → MINE (6,3,0)
  [Team C] Радиовышка C2 (9,3,7) → MOVE (9,3,6)
  [Team C] Прыгун C3 (9,3,4) → MOVE (9,3,3)
  [Team C] Паук C8 (9,3,0) → MINE (8,3,1)
  [Team C] Бурав C6 → SKIP
  [Team C] Тишина C5 → SKIP
! 🎮 GM: принудительно завершает фазу планирования
GM: end_planning
# 
============================================================
# 🔄 ОБРАБОТКА ХОДА 4
# ============================================================
   🪞 Провокатор A7 создал голограмму H8 в (4,7,1)
   💣 Паук A8 установил мину M9 в (4,4,1)
   💣 Паук B8 установил мину M10 в (6,3,0)
!    ⚠️ Паук C8: в клетке уже стоит мина

📦 ПЕРЕМЕЩЕНИЯ:
!    ⚠️ Радиовышка A2: клетка (7,3,0) занята
✓    💥 Прыгун A3 тараном уничтожил Радиовышка B2 в (6,7,1)
   Прыгун A3: (7, 6, 0) → (6,7,1)
   Факел A4: (3, 6, 0) → (4,5,0)
   Тишина A5: (5, 6, 0) → (6,7,0)
   Бурав A6: (5, 2, 0) → (6,3,0)
!    💥 Мина M10 сработала под Бурав A6 (урон 2)
✓    💥 Прыгун B3 тараном уничтожил Прыгун C3 в (9,3,4)
   Прыгун B3: (9, 3, 3) → (9,3,4)
!    ⚠️ Тишина B5: клетка (6,2,0) занята
   Радиовышка C2: (9, 3, 7) → (9,3,6)

🎯 ВЫСТРЕЛЫ:
✓    💚 Факел B4 лечит Факел B4 → hits=0/6
   Выпущено ракет: 0
# 
📊 РЕЗУЛЬТАТЫ ХОДА 4:
🎯 Попаданий нет

--- Результаты хода ---
  Team A / Прыгун A3          → Team B / Радиовышка B2      @ (6,7,1)  (УБИТ)
  ? / ?                  → Team A / Бурав A6           @ (6,3,0)  (ранен)
  Team B / Прыгун B3          → Team C / Прыгун C3          @ (9,3,4)  (УБИТ)

--- Состояние команд после хода ---
  Team A: живых 7/8
    ✓ Радиовышка A2      @ (6,2,0) hp=1/3
    ✓ Прыгун A3          @ (6,7,1) hp=2/2
    ✓ Факел A4           @ (4,5,0) hp=6/6
    ✓ Тишина A5          @ (6,7,0) hp=2/2
    ✓ Бурав A6           @ (6,3,0) hp=2/4
    ✓ Провокатор A7      @ (3,7,1) hp=2/2
    ✓ Паук A8            @ (3,3,1) hp=1/1
    ✗ Артиллерия A1      @ (3,8,1) [уничтожен]
  Team B: живых 4/8
    ✓ Прыгун B3          @ (9,3,4) hp=2/2
    ✓ Факел B4           @ (8,2,1) hp=6/6
    ✓ Тишина B5          @ (5,1,0) hp=2/2
    ✓ Паук B8            @ (7,3,0) hp=1/1
    ✗ Артиллерия B1      @ (7,8,0) [уничтожен]
    ✗ Радиовышка B2      @ (6,7,1) [уничтожен]
    ✗ Бурав B6           @ (6,7,1) [уничтожен]
    ✗ Провокатор B7      @ (7,6,0) [уничтожен]
  Team C: живых 4/8
    ✓ Радиовышка C2      @ (9,3,6) hp=3/3
    ✓ Тишина C5          @ (9,3,2) hp=2/2
    ✓ Бурав C6           @ (9,3,5) hp=4/4
    ✓ Паук C8            @ (9,3,0) hp=1/1
    ✗ Артиллерия C1      @ (9,3,2) [уничтожен]
    ✗ Прыгун C3          @ (9,3,4) [уничтожен]
    ✗ Факел C4           @ (9,3,4) [уничтожен]
    ✗ Провокатор C7      @ (9,3,3) [уничтожен]

======================================================================
ХОД 5
======================================================================
✓ 🎮 GM: начинаем ход
GM: start_turn

--- Радиовышки: сканирование слоя Z ---
  Радиовышка A2 (z=0): видит 2 врагов  → Паук B8(7,3,0), Паук C8(9,3,0)
  Радиовышка C2 (z=6): слой чист

--- Решения ботов ---
  [Team A] Радиовышка A2 (6,2,0) → MOVE (7,3,0)
  [Team A] Прыгун A3 (6,7,1) → MOVE (7,6,2)
  [Team A] Факел A4 (4,5,0) → HEAL (AoE)
  [Team A] Тишина A5 (6,7,0) → MOVE (7,6,1)
  [Team A] Бурав A6 (6,3,0) → MOVE (9,3,0)
  [Team A] Провокатор A7 (3,7,1) → HOLOGRAM (4,6,0)
  [Team A] Паук A8 (3,3,1) → MINE (4,3,0)
  [Team B] Прыгун B3 (9,3,4) → MOVE (9,3,5)
  [Team B] Факел B4 (8,2,1) → MOVE (9,3,2)
  [Team B] Тишина B5 (5,1,0) → MOVE (6,2,0)
  [Team B] Паук B8 (7,3,0) → MINE (6,3,0)
  [Team C] Тишина C5 (9,3,2) → MOVE (8,2,1)
  [Team C] Бурав C6 (9,3,5) → MOVE (9,3,4)
  [Team C] Паук C8 (9,3,0) → MINE (8,3,1)
  [Team C] Радиовышка C2 → SKIP
! 🎮 GM: принудительно завершает фазу планирования
GM: end_planning
# 
============================================================
# 🔄 ОБРАБОТКА ХОДА 5
# ============================================================
   🪞 Провокатор A7 создал голограмму H9 в (4,6,0)
!    ⚠️ Паук A8: в клетке уже стоит мина
!    ⚠️ Паук B8: клетка (6,3,0) занята кораблём
!    ⚠️ Паук C8: в клетке уже стоит мина

📦 ПЕРЕМЕЩЕНИЯ:
!    ⚠️ Радиовышка A2: клетка (7,3,0) занята
   Прыгун A3: (6, 7, 1) → (7,6,2)
   Тишина A5: (6, 7, 0) → (7,6,1)
✓    💥 Бурав A6 тараном уничтожил Паук C8 в (9,3,0)
   Бурав A6: (6, 3, 0) → (9,3,0)
✓    💥 Прыгун B3 тараном уничтожил Бурав C6 в (9,3,5)
   Прыгун B3: (9, 3, 4) → (9,3,5)
   Факел B4: (8, 2, 1) → (9,3,2)
!    ⚠️ Тишина B5: клетка (6,2,0) занята
   Тишина C5: (9, 3, 2) → (8,2,1)

🎯 ВЫСТРЕЛЫ:
!    ⚠️ Факел A4: некого лечить
   Выпущено ракет: 0
# 
📊 РЕЗУЛЬТАТЫ ХОДА 5:
🎯 Попаданий нет

--- Результаты хода ---
  Team A / Бурав A6           → Team C / Паук C8            @ (9,3,0)  (УБИТ)
  Team B / Прыгун B3          → Team C / Бурав C6           @ (9,3,5)  (УБИТ)

--- Состояние команд после хода ---
  Team A: живых 7/8
    ✓ Радиовышка A2      @ (6,2,0) hp=1/3
    ✓ Прыгун A3          @ (7,6,2) hp=2/2
    ✓ Факел A4           @ (4,5,0) hp=6/6
    ✓ Тишина A5          @ (7,6,1) hp=2/2
    ✓ Бурав A6           @ (9,3,0) hp=2/4
    ✓ Провокатор A7      @ (3,7,1) hp=2/2
    ✓ Паук A8            @ (3,3,1) hp=1/1
    ✗ Артиллерия A1      @ (3,8,1) [уничтожен]
  Team B: живых 4/8
    ✓ Прыгун B3          @ (9,3,5) hp=2/2
    ✓ Факел B4           @ (9,3,2) hp=6/6
    ✓ Тишина B5          @ (5,1,0) hp=2/2
    ✓ Паук B8            @ (7,3,0) hp=1/1
    ✗ Артиллерия B1      @ (7,8,0) [уничтожен]
    ✗ Радиовышка B2      @ (6,7,1) [уничтожен]
    ✗ Бурав B6           @ (6,7,1) [уничтожен]
    ✗ Провокатор B7      @ (7,6,0) [уничтожен]
  Team C: живых 2/8
    ✓ Радиовышка C2      @ (9,3,6) hp=3/3
    ✓ Тишина C5          @ (8,2,1) hp=2/2
    ✗ Артиллерия C1      @ (9,3,2) [уничтожен]
    ✗ Прыгун C3          @ (9,3,4) [уничтожен]
    ✗ Факел C4           @ (9,3,4) [уничтожен]
    ✗ Бурав C6           @ (9,3,5) [уничтожен]
    ✗ Провокатор C7      @ (9,3,3) [уничтожен]
    ✗ Паук C8            @ (9,3,0) [уничтожен]

======================================================================
ХОД 6
======================================================================
✓ 🎮 GM: начинаем ход
GM: start_turn

--- Радиовышки: сканирование слоя Z ---
  Радиовышка A2 (z=0): видит 1 врагов  → Паук B8(7,3,0)
  Радиовышка C2 (z=6): слой чист

--- Решения ботов ---
  [Team A] Радиовышка A2 (6,2,0) → MOVE (7,3,0)
  [Team A] Прыгун A3 (7,6,2) → MOVE (8,5,3)
  [Team A] Факел A4 (4,5,0) → MOVE (5,4,0)
  [Team A] Тишина A5 (7,6,1) → MOVE (8,5,2)
  [Team A] Бурав A6 (9,3,0) → MOVE (9,3,2)
  [Team A] Провокатор A7 (3,7,1) → HOLOGRAM (4,6,0)
  [Team A] Паук A8 (3,3,1) → MINE (4,3,0)
  [Team B] Прыгун B3 (9,3,5) → MOVE (9,3,6)
  [Team B] Факел B4 (9,3,2) → SHOOT at (9,3,0)
  [Team B] Тишина B5 (5,1,0) → MOVE (6,2,0)
  [Team B] Паук B8 (7,3,0) → MINE (6,3,0)
  [Team C] Радиовышка C2 (9,3,6) → MOVE (9,3,5)
  [Team C] Тишина C5 (8,2,1) → MOVE (9,3,0)
! 🎮 GM: принудительно завершает фазу планирования
GM: end_planning
# 
============================================================
# 🔄 ОБРАБОТКА ХОДА 6
# ============================================================
!    ⚠️ Провокатор A7: клетка (4,6,0) уже занята голограммой
!    ⚠️ Паук A8: в клетке уже стоит мина
   💣 Паук B8 установил мину M11 в (6,3,0)

📦 ПЕРЕМЕЩЕНИЯ:
!    ⚠️ Радиовышка A2: клетка (7,3,0) занята
   Прыгун A3: (7, 6, 2) → (8,5,3)
   Факел A4: (4, 5, 0) → (5,4,0)
   Тишина A5: (7, 6, 1) → (8,5,2)
✓    💥 Бурав A6 тараном уничтожил Факел B4 в (9,3,2)
   Бурав A6: (9, 3, 0) → (9,3,2)
✓    💥 Прыгун B3 тараном уничтожил Радиовышка C2 в (9,3,6)
   Прыгун B3: (9, 3, 5) → (9,3,6)
!    ⚠️ Тишина B5: клетка (6,2,0) занята
   Тишина C5: (8, 2, 1) → (9,3,0)

🎯 ВЫСТРЕЛЫ:
   Выпущено ракет: 0
# 
📊 РЕЗУЛЬТАТЫ ХОДА 6:
🎯 Попаданий нет

--- Результаты хода ---
  Team A / Бурав A6           → Team B / Факел B4           @ (9,3,2)  (УБИТ)
  Team B / Прыгун B3          → Team C / Радиовышка C2      @ (9,3,6)  (УБИТ)

--- Состояние команд после хода ---
  Team A: живых 7/8
    ✓ Радиовышка A2      @ (6,2,0) hp=1/3
    ✓ Прыгун A3          @ (8,5,3) hp=2/2
    ✓ Факел A4           @ (5,4,0) hp=6/6
    ✓ Тишина A5          @ (8,5,2) hp=2/2
    ✓ Бурав A6           @ (9,3,2) hp=2/4
    ✓ Провокатор A7      @ (3,7,1) hp=2/2
    ✓ Паук A8            @ (3,3,1) hp=1/1
    ✗ Артиллерия A1      @ (3,8,1) [уничтожен]
  Team B: живых 3/8
    ✓ Прыгун B3          @ (9,3,6) hp=2/2
    ✓ Тишина B5          @ (5,1,0) hp=2/2
    ✓ Паук B8            @ (7,3,0) hp=1/1
    ✗ Артиллерия B1      @ (7,8,0) [уничтожен]
    ✗ Радиовышка B2      @ (6,7,1) [уничтожен]
    ✗ Факел B4           @ (9,3,2) [уничтожен]
    ✗ Бурав B6           @ (6,7,1) [уничтожен]
    ✗ Провокатор B7      @ (7,6,0) [уничтожен]
  Team C: живых 1/8
    ✓ Тишина C5          @ (9,3,0) hp=2/2
    ✗ Артиллерия C1      @ (9,3,2) [уничтожен]
    ✗ Радиовышка C2      @ (9,3,6) [уничтожен]
    ✗ Прыгун C3          @ (9,3,4) [уничтожен]
    ✗ Факел C4           @ (9,3,4) [уничтожен]
    ✗ Бурав C6           @ (9,3,5) [уничтожен]
    ✗ Провокатор C7      @ (9,3,3) [уничтожен]
    ✗ Паук C8            @ (9,3,0) [уничтожен]

======================================================================
ХОД 7
======================================================================
✓ 🎮 GM: начинаем ход
GM: start_turn

--- Радиовышки: сканирование слоя Z ---
  Радиовышка A2 (z=0): видит 1 врагов  → Паук B8(7,3,0)

--- Решения ботов ---
  [Team A] Радиовышка A2 (6,2,0) → MOVE (7,3,0)
  [Team A] Прыгун A3 (8,5,3) → MOVE (9,4,4)
  [Team A] Факел A4 (5,4,0) → HEAL (AoE)
  [Team A] Тишина A5 (8,5,2) → MOVE (7,4,1)
  [Team A] Бурав A6 (9,3,2) → MOVE (8,3,1)
  [Team A] Провокатор A7 (3,7,1) → HOLOGRAM (4,6,0)
  [Team A] Паук A8 (3,3,1) → MINE (4,3,0)
  [Team B] Прыгун B3 (9,3,6) → SHOOT at (9,3,2)
  [Team B] Тишина B5 (5,1,0) → MOVE (6,2,0)
  [Team B] Паук B8 (7,3,0) → MINE (6,3,0)
  [Team C] Тишина C5 (9,3,0) → MOVE (9,3,1)
! 🎮 GM: принудительно завершает фазу планирования
GM: end_planning
# 
============================================================
# 🔄 ОБРАБОТКА ХОДА 7
# ============================================================
!    ⚠️ Провокатор A7: клетка (4,6,0) уже занята голограммой
!    ⚠️ Паук A8: в клетке уже стоит мина
!    ⚠️ Паук B8: в клетке уже стоит мина

📦 ПЕРЕМЕЩЕНИЯ:
!    ⚠️ Радиовышка A2: клетка (7,3,0) занята
   Прыгун A3: (8, 5, 3) → (9,4,4)
   Тишина A5: (8, 5, 2) → (7,4,1)
   Бурав A6: (9, 3, 2) → (8,3,1)
!    💥 Мина M3 сработала под Бурав A6 (урон 2) — КОРАБЛЬ УНИЧТОЖЕН
!    ⚠️ Тишина B5: клетка (6,2,0) занята
   Тишина C5: (9, 3, 0) → (9,3,1)

🎯 ВЫСТРЕЛЫ:
✓    💚 Факел A4 лечит Радиовышка A2 → hits=1/3
   Выпущено ракет: 1
# 
📊 РЕЗУЛЬТАТЫ ХОДА 7:
🎯 Попаданий нет

--- Результаты хода ---
  ? / ?                  → Team A / Бурав A6           @ (8,3,1)  (УБИТ)

--- Состояние команд после хода ---
  Team A: живых 6/8
    ✓ Радиовышка A2      @ (6,2,0) hp=2/3
    ✓ Прыгун A3          @ (9,4,4) hp=2/2
    ✓ Факел A4           @ (5,4,0) hp=6/6
    ✓ Тишина A5          @ (7,4,1) hp=2/2
    ✓ Провокатор A7      @ (3,7,1) hp=2/2
    ✓ Паук A8            @ (3,3,1) hp=1/1
    ✗ Артиллерия A1      @ (3,8,1) [уничтожен]
    ✗ Бурав A6           @ (8,3,1) [уничтожен]
  Team B: живых 3/8
    ✓ Прыгун B3          @ (9,3,6) hp=2/2
    ✓ Тишина B5          @ (5,1,0) hp=2/2
    ✓ Паук B8            @ (7,3,0) hp=1/1
    ✗ Артиллерия B1      @ (7,8,0) [уничтожен]
    ✗ Радиовышка B2      @ (6,7,1) [уничтожен]
    ✗ Факел B4           @ (9,3,2) [уничтожен]
    ✗ Бурав B6           @ (6,7,1) [уничтожен]
    ✗ Провокатор B7      @ (7,6,0) [уничтожен]
  Team C: живых 1/8
    ✓ Тишина C5          @ (9,3,1) hp=2/2
    ✗ Артиллерия C1      @ (9,3,2) [уничтожен]
    ✗ Радиовышка C2      @ (9,3,6) [уничтожен]
    ✗ Прыгун C3          @ (9,3,4) [уничтожен]
    ✗ Факел C4           @ (9,3,4) [уничтожен]
    ✗ Бурав C6           @ (9,3,5) [уничтожен]
    ✗ Провокатор C7      @ (9,3,3) [уничтожен]
    ✗ Паук C8            @ (9,3,0) [уничтожен]

======================================================================
ХОД 8
======================================================================
✓ 🎮 GM: начинаем ход
GM: start_turn

--- Радиовышки: сканирование слоя Z ---
  Радиовышка A2 (z=0): видит 1 врагов  → Паук B8(7,3,0)

--- Решения ботов ---
  [Team A] Радиовышка A2 (6,2,0) → MOVE (7,3,0)
  [Team A] Прыгун A3 (9,4,4) → MOVE (9,3,6)
  [Team A] Факел A4 (5,4,0) → HEAL (AoE)
  [Team A] Тишина A5 (7,4,1) → MOVE (7,3,1)
  [Team A] Провокатор A7 (3,7,1) → HOLOGRAM (4,6,0)
  [Team A] Паук A8 (3,3,1) → MINE (4,3,0)
  [Team B] Прыгун B3 (9,3,6) → MOVE (9,4,4)
  [Team B] Тишина B5 (5,1,0) → MOVE (6,2,0)
  [Team B] Паук B8 (7,3,0) → MINE (6,3,0)
  [Team C] Тишина C5 (9,3,1) → MOVE (8,3,0)
! 🎮 GM: принудительно завершает фазу планирования
GM: end_planning
# 
============================================================
# 🔄 ОБРАБОТКА ХОДА 8
# ============================================================
!    ⚠️ Провокатор A7: клетка (4,6,0) уже занята голограммой
!    ⚠️ Паук A8: в клетке уже стоит мина
!    ⚠️ Паук B8: в клетке уже стоит мина

📦 ПЕРЕМЕЩЕНИЯ:
!    ⚠️ Радиовышка A2: клетка (7,3,0) занята
✓    💥 Прыгун A3 тараном уничтожил Прыгун B3 в (9,3,6)
   Прыгун A3: (9, 4, 4) → (9,3,6)
   Тишина A5: (7, 4, 1) → (7,3,1)
!    ⚠️ Тишина B5: клетка (6,2,0) занята
   Тишина C5: (9, 3, 1) → (8,3,0)
!    💥 Мина M5 сработала под Тишина C5 (урон 0)

🎯 ВЫСТРЕЛЫ:
✓    💚 Факел A4 лечит Радиовышка A2 → hits=0/3
   Выпущено ракет: 0
# 
📊 РЕЗУЛЬТАТЫ ХОДА 8:
🎯 Попаданий нет

--- Результаты хода ---
  Team A / Прыгун A3          → Team B / Прыгун B3          @ (9,3,6)  (УБИТ)
  ? / ?                  → Team C / Тишина C5          @ (8,3,0)  (ранен)

--- Состояние команд после хода ---
  Team A: живых 6/8
    ✓ Радиовышка A2      @ (6,2,0) hp=3/3
    ✓ Прыгун A3          @ (9,3,6) hp=2/2
    ✓ Факел A4           @ (5,4,0) hp=6/6
    ✓ Тишина A5          @ (7,3,1) hp=2/2
    ✓ Провокатор A7      @ (3,7,1) hp=2/2
    ✓ Паук A8            @ (3,3,1) hp=1/1
    ✗ Артиллерия A1      @ (3,8,1) [уничтожен]
    ✗ Бурав A6           @ (8,3,1) [уничтожен]
  Team B: живых 2/8
    ✓ Тишина B5          @ (5,1,0) hp=2/2
    ✓ Паук B8            @ (7,3,0) hp=1/1
    ✗ Артиллерия B1      @ (7,8,0) [уничтожен]
    ✗ Радиовышка B2      @ (6,7,1) [уничтожен]
    ✗ Прыгун B3          @ (9,3,6) [уничтожен]
    ✗ Факел B4           @ (9,3,2) [уничтожен]
    ✗ Бурав B6           @ (6,7,1) [уничтожен]
    ✗ Провокатор B7      @ (7,6,0) [уничтожен]
  Team C: живых 1/8
    ✓ Тишина C5          @ (8,3,0) hp=2/2
    ✗ Артиллерия C1      @ (9,3,2) [уничтожен]
    ✗ Радиовышка C2      @ (9,3,6) [уничтожен]
    ✗ Прыгун C3          @ (9,3,4) [уничтожен]
    ✗ Факел C4           @ (9,3,4) [уничтожен]
    ✗ Бурав C6           @ (9,3,5) [уничтожен]
    ✗ Провокатор C7      @ (9,3,3) [уничтожен]
    ✗ Паук C8            @ (9,3,0) [уничтожен]

======================================================================
ХОД 9
======================================================================
✓ 🎮 GM: начинаем ход
GM: start_turn

--- Радиовышки: сканирование слоя Z ---
  Радиовышка A2 (z=0): видит 1 врагов  → Паук B8(7,3,0)

--- Решения ботов ---
  [Team A] Радиовышка A2 (6,2,0) → MOVE (7,3,0)
  [Team A] Прыгун A3 (9,3,6) → MOVE (8,3,5)
  [Team A] Факел A4 (5,4,0) → MOVE (6,3,1)
  [Team A] Тишина A5 (7,3,1) → PHASE toggle
  [Team A] Провокатор A7 (3,7,1) → HOLOGRAM (4,6,0)
  [Team A] Паук A8 (3,3,1) → MINE (4,3,0)
  [Team B] Тишина B5 (5,1,0) → MOVE (6,2,0)
  [Team B] Паук B8 (7,3,0) → MINE (6,3,0)
  [Team C] Тишина C5 (8,3,0) → MOVE (7,3,0)
! 🎮 GM: принудительно завершает фазу планирования
GM: end_planning
# 
============================================================
# 🔄 ОБРАБОТКА ХОДА 9
# ============================================================
   🌀 Тишина A5: фаза ВЫКЛ
!    ⚠️ Провокатор A7: клетка (4,6,0) уже занята голограммой
!    ⚠️ Паук A8: в клетке уже стоит мина
!    ⚠️ Паук B8: в клетке уже стоит мина

📦 ПЕРЕМЕЩЕНИЯ:
!    ⚠️ Радиовышка A2: клетка (7,3,0) занята
   Прыгун A3: (9, 3, 6) → (8,3,5)
   Факел A4: (5, 4, 0) → (6,3,1)
!    ⚠️ Тишина B5: клетка (6,2,0) занята
!    ⚠️ Тишина C5: клетка (7,3,0) занята

🎯 ВЫСТРЕЛЫ:
   Выпущено ракет: 0
# 
📊 РЕЗУЛЬТАТЫ ХОДА 9:
🎯 Попаданий нет

--- Результаты хода ---
  Попаданий нет

--- Состояние команд после хода ---
  Team A: живых 6/8
    ✓ Радиовышка A2      @ (6,2,0) hp=3/3
    ✓ Прыгун A3          @ (8,3,5) hp=2/2
    ✓ Факел A4           @ (6,3,1) hp=6/6
    ✓ Тишина A5          @ (7,3,1) hp=2/2
    ✓ Провокатор A7      @ (3,7,1) hp=2/2
    ✓ Паук A8            @ (3,3,1) hp=1/1
    ✗ Артиллерия A1      @ (3,8,1) [уничтожен]
    ✗ Бурав A6           @ (8,3,1) [уничтожен]
  Team B: живых 2/8
    ✓ Тишина B5          @ (5,1,0) hp=2/2
    ✓ Паук B8            @ (7,3,0) hp=1/1
    ✗ Артиллерия B1      @ (7,8,0) [уничтожен]
    ✗ Радиовышка B2      @ (6,7,1) [уничтожен]
    ✗ Прыгун B3          @ (9,3,6) [уничтожен]
    ✗ Факел B4           @ (9,3,2) [уничтожен]
    ✗ Бурав B6           @ (6,7,1) [уничтожен]
    ✗ Провокатор B7      @ (7,6,0) [уничтожен]
  Team C: живых 1/8
    ✓ Тишина C5          @ (8,3,0) hp=2/2
    ✗ Артиллерия C1      @ (9,3,2) [уничтожен]
    ✗ Радиовышка C2      @ (9,3,6) [уничтожен]
    ✗ Прыгун C3          @ (9,3,4) [уничтожен]
    ✗ Факел C4           @ (9,3,4) [уничтожен]
    ✗ Бурав C6           @ (9,3,5) [уничтожен]
    ✗ Провокатор C7      @ (9,3,3) [уничтожен]
    ✗ Паук C8            @ (9,3,0) [уничтожен]

======================================================================
ХОД 10
======================================================================
✓ 🎮 GM: начинаем ход
GM: start_turn

--- Радиовышки: сканирование слоя Z ---
  Радиовышка A2 (z=0): видит 1 врагов  → Паук B8(7,3,0)

--- Решения ботов ---
  [Team A] Радиовышка A2 (6,2,0) → MOVE (7,3,0)
  [Team A] Прыгун A3 (8,3,5) → MOVE (7,3,4)
  [Team A] Факел A4 (6,3,1) → MOVE (7,3,2)
  [Team A] Провокатор A7 (3,7,1) → HOLOGRAM (4,6,0)
  [Team A] Паук A8 (3,3,1) → MINE (4,3,0)
  [Team A] Тишина A5 → SKIP
  [Team B] Тишина B5 (5,1,0) → MOVE (6,2,0)
  [Team B] Паук B8 (7,3,0) → MINE (6,3,0)
  [Team C] Тишина C5 (8,3,0) → MOVE (7,3,1)
! 🎮 GM: принудительно завершает фазу планирования
GM: end_planning
# 
============================================================
# 🔄 ОБРАБОТКА ХОДА 10
# ============================================================
!    ⚠️ Провокатор A7: клетка (4,6,0) уже занята голограммой
!    ⚠️ Паук A8: в клетке уже стоит мина
!    ⚠️ Паук B8: в клетке уже стоит мина

📦 ПЕРЕМЕЩЕНИЯ:
!    ⚠️ Радиовышка A2: клетка (7,3,0) занята
   Прыгун A3: (8, 3, 5) → (7,3,4)
   Факел A4: (6, 3, 1) → (7,3,2)
!    ⚠️ Тишина B5: клетка (6,2,0) занята
!    ⚠️ Тишина C5: клетка (7,3,1) занята

🎯 ВЫСТРЕЛЫ:
   Выпущено ракет: 0
# 
📊 РЕЗУЛЬТАТЫ ХОДА 10:
🎯 Попаданий нет

--- Результаты хода ---
  Попаданий нет

--- Состояние команд после хода ---
  Team A: живых 6/8
    ✓ Радиовышка A2      @ (6,2,0) hp=3/3
    ✓ Прыгун A3          @ (7,3,4) hp=2/2
    ✓ Факел A4           @ (7,3,2) hp=6/6
    ✓ Тишина A5          @ (7,3,1) hp=2/2
    ✓ Провокатор A7      @ (3,7,1) hp=2/2
    ✓ Паук A8            @ (3,3,1) hp=1/1
    ✗ Артиллерия A1      @ (3,8,1) [уничтожен]
    ✗ Бурав A6           @ (8,3,1) [уничтожен]
  Team B: живых 2/8
    ✓ Тишина B5          @ (5,1,0) hp=2/2
    ✓ Паук B8            @ (7,3,0) hp=1/1
    ✗ Артиллерия B1      @ (7,8,0) [уничтожен]
    ✗ Радиовышка B2      @ (6,7,1) [уничтожен]
    ✗ Прыгун B3          @ (9,3,6) [уничтожен]
    ✗ Факел B4           @ (9,3,2) [уничтожен]
    ✗ Бурав B6           @ (6,7,1) [уничтожен]
    ✗ Провокатор B7      @ (7,6,0) [уничтожен]
  Team C: живых 1/8
    ✓ Тишина C5          @ (8,3,0) hp=2/2
    ✗ Артиллерия C1      @ (9,3,2) [уничтожен]
    ✗ Радиовышка C2      @ (9,3,6) [уничтожен]
    ✗ Прыгун C3          @ (9,3,4) [уничтожен]
    ✗ Факел C4           @ (9,3,4) [уничтожен]
    ✗ Бурав C6           @ (9,3,5) [уничтожен]
    ✗ Провокатор C7      @ (9,3,3) [уничтожен]
    ✗ Паук C8            @ (9,3,0) [уничтожен]

======================================================================
ХОД 11
======================================================================
✓ 🎮 GM: начинаем ход
GM: start_turn

--- Радиовышки: сканирование слоя Z ---
  Радиовышка A2 (z=0): видит 1 врагов  → Паук B8(7,3,0)

--- Решения ботов ---
  [Team A] Радиовышка A2 (6,2,0) → MOVE (7,3,0)
  [Team A] Прыгун A3 (7,3,4) → SHOOT at (7,3,0)
  [Team A] Факел A4 (7,3,2) → SHOOT at (7,3,0)
  [Team A] Провокатор A7 (3,7,1) → HOLOGRAM (4,6,0)
  [Team A] Паук A8 (3,3,1) → MINE (4,3,0)
  [Team A] Тишина A5 → SKIP
  [Team B] Тишина B5 (5,1,0) → MOVE (6,2,0)
  [Team B] Паук B8 (7,3,0) → MINE (6,2,1)
  [Team C] Тишина C5 (8,3,0) → MOVE (7,3,1)
! 🎮 GM: принудительно завершает фазу планирования
GM: end_planning
# 
============================================================
# 🔄 ОБРАБОТКА ХОДА 11
# ============================================================
!    ⚠️ Провокатор A7: клетка (4,6,0) уже занята голограммой
!    ⚠️ Паук A8: в клетке уже стоит мина
   💣 Паук B8 установил мину M12 в (6,2,1)

📦 ПЕРЕМЕЩЕНИЯ:
!    ⚠️ Радиовышка A2: клетка (7,3,0) занята
!    ⚠️ Тишина B5: клетка (6,2,0) занята
!    ⚠️ Тишина C5: клетка (7,3,1) занята

🎯 ВЫСТРЕЛЫ:
!    🛡️ Выстрел Прыгун A3 заблокирован союзником Факел A4 в (7, 3, 2)
!    🛡️ Выстрел Факел A4 заблокирован союзником Тишина A5 в (7, 3, 1)
   Выпущено ракет: 2
# 
📊 РЕЗУЛЬТАТЫ ХОДА 11:
🎯 Попаданий нет

--- Результаты хода ---
  Попаданий нет

--- Состояние команд после хода ---
  Team A: живых 6/8
    ✓ Радиовышка A2      @ (6,2,0) hp=3/3
    ✓ Прыгун A3          @ (7,3,4) hp=2/2
    ✓ Факел A4           @ (7,3,2) hp=6/6
    ✓ Тишина A5          @ (7,3,1) hp=2/2
    ✓ Провокатор A7      @ (3,7,1) hp=2/2
    ✓ Паук A8            @ (3,3,1) hp=1/1
    ✗ Артиллерия A1      @ (3,8,1) [уничтожен]
    ✗ Бурав A6           @ (8,3,1) [уничтожен]
  Team B: живых 2/8
    ✓ Тишина B5          @ (5,1,0) hp=2/2
    ✓ Паук B8            @ (7,3,0) hp=1/1
    ✗ Артиллерия B1      @ (7,8,0) [уничтожен]
    ✗ Радиовышка B2      @ (6,7,1) [уничтожен]
    ✗ Прыгун B3          @ (9,3,6) [уничтожен]
    ✗ Факел B4           @ (9,3,2) [уничтожен]
    ✗ Бурав B6           @ (6,7,1) [уничтожен]
    ✗ Провокатор B7      @ (7,6,0) [уничтожен]
  Team C: живых 1/8
    ✓ Тишина C5          @ (8,3,0) hp=2/2
    ✗ Артиллерия C1      @ (9,3,2) [уничтожен]
    ✗ Радиовышка C2      @ (9,3,6) [уничтожен]
    ✗ Прыгун C3          @ (9,3,4) [уничтожен]
    ✗ Факел C4           @ (9,3,4) [уничтожен]
    ✗ Бурав C6           @ (9,3,5) [уничтожен]
    ✗ Провокатор C7      @ (9,3,3) [уничтожен]
    ✗ Паук C8            @ (9,3,0) [уничтожен]

======================================================================
ХОД 12
======================================================================
✓ 🎮 GM: начинаем ход
GM: start_turn

--- Радиовышки: сканирование слоя Z ---
  Радиовышка A2 (z=0): видит 1 врагов  → Паук B8(7,3,0)

--- Решения ботов ---
  [Team A] Радиовышка A2 (6,2,0) → MOVE (7,3,0)
  [Team A] Прыгун A3 (7,3,4) → SHOOT at (7,3,0)
  [Team A] Факел A4 (7,3,2) → SHOOT at (7,3,0)
  [Team A] Провокатор A7 (3,7,1) → HOLOGRAM (4,6,0)
  [Team A] Паук A8 (3,3,1) → MINE (4,3,0)
  [Team A] Тишина A5 → SKIP
  [Team B] Тишина B5 (5,1,0) → MOVE (6,2,0)
  [Team B] Паук B8 (7,3,0) → MINE (6,2,1)
  [Team C] Тишина C5 (8,3,0) → MOVE (7,3,1)
! 🎮 GM: принудительно завершает фазу планирования
GM: end_planning
# 
============================================================
# 🔄 ОБРАБОТКА ХОДА 12
# ============================================================
!    ⚠️ Провокатор A7: клетка (4,6,0) уже занята голограммой
!    ⚠️ Паук A8: в клетке уже стоит мина
!    ⚠️ Паук B8: в клетке уже стоит мина

📦 ПЕРЕМЕЩЕНИЯ:
!    ⚠️ Радиовышка A2: клетка (7,3,0) занята
!    ⚠️ Тишина B5: клетка (6,2,0) занята
!    ⚠️ Тишина C5: клетка (7,3,1) занята

🎯 ВЫСТРЕЛЫ:
!    🛡️ Выстрел Прыгун A3 заблокирован союзником Факел A4 в (7, 3, 2)
!    🛡️ Выстрел Факел A4 заблокирован союзником Тишина A5 в (7, 3, 1)
   Выпущено ракет: 2
# 
📊 РЕЗУЛЬТАТЫ ХОДА 12:
🎯 Попаданий нет

--- Результаты хода ---
  Попаданий нет

--- Состояние команд после хода ---
  Team A: живых 6/8
    ✓ Радиовышка A2      @ (6,2,0) hp=3/3
    ✓ Прыгун A3          @ (7,3,4) hp=2/2
    ✓ Факел A4           @ (7,3,2) hp=6/6
    ✓ Тишина A5          @ (7,3,1) hp=2/2
    ✓ Провокатор A7      @ (3,7,1) hp=2/2
    ✓ Паук A8            @ (3,3,1) hp=1/1
    ✗ Артиллерия A1      @ (3,8,1) [уничтожен]
    ✗ Бурав A6           @ (8,3,1) [уничтожен]
  Team B: живых 2/8
    ✓ Тишина B5          @ (5,1,0) hp=2/2
    ✓ Паук B8            @ (7,3,0) hp=1/1
    ✗ Артиллерия B1      @ (7,8,0) [уничтожен]
    ✗ Радиовышка B2      @ (6,7,1) [уничтожен]
    ✗ Прыгун B3          @ (9,3,6) [уничтожен]
    ✗ Факел B4           @ (9,3,2) [уничтожен]
    ✗ Бурав B6           @ (6,7,1) [уничтожен]
    ✗ Провокатор B7      @ (7,6,0) [уничтожен]
  Team C: живых 1/8
    ✓ Тишина C5          @ (8,3,0) hp=2/2
    ✗ Артиллерия C1      @ (9,3,2) [уничтожен]
    ✗ Радиовышка C2      @ (9,3,6) [уничтожен]
    ✗ Прыгун C3          @ (9,3,4) [уничтожен]
    ✗ Факел C4           @ (9,3,4) [уничтожен]
    ✗ Бурав C6           @ (9,3,5) [уничтожен]
    ✗ Провокатор C7      @ (9,3,3) [уничтожен]
    ✗ Паук C8            @ (9,3,0) [уничтожен]

======================================================================
ХОД 13
======================================================================
✓ 🎮 GM: начинаем ход
GM: start_turn

--- Радиовышки: сканирование слоя Z ---
  Радиовышка A2 (z=0): видит 1 врагов  → Паук B8(7,3,0)

--- Решения ботов ---
  [Team A] Радиовышка A2 (6,2,0) → MOVE (7,3,0)
  [Team A] Прыгун A3 (7,3,4) → SHOOT at (7,3,0)
  [Team A] Факел A4 (7,3,2) → SHOOT at (7,3,0)
  [Team A] Провокатор A7 (3,7,1) → HOLOGRAM (4,6,0)
  [Team A] Паук A8 (3,3,1) → MINE (4,3,0)
  [Team A] Тишина A5 → SKIP
  [Team B] Тишина B5 (5,1,0) → MOVE (6,2,0)
  [Team B] Паук B8 (7,3,0) → MINE (6,2,1)
  [Team C] Тишина C5 (8,3,0) → MOVE (7,3,1)
! 🎮 GM: принудительно завершает фазу планирования
GM: end_planning
# 
============================================================
# 🔄 ОБРАБОТКА ХОДА 13
# ============================================================
!    ⚠️ Провокатор A7: клетка (4,6,0) уже занята голограммой
!    ⚠️ Паук A8: в клетке уже стоит мина
!    ⚠️ Паук B8: в клетке уже стоит мина

📦 ПЕРЕМЕЩЕНИЯ:
!    ⚠️ Радиовышка A2: клетка (7,3,0) занята
!    ⚠️ Тишина B5: клетка (6,2,0) занята
!    ⚠️ Тишина C5: клетка (7,3,1) занята

🎯 ВЫСТРЕЛЫ:
!    🛡️ Выстрел Прыгун A3 заблокирован союзником Факел A4 в (7, 3, 2)
!    🛡️ Выстрел Факел A4 заблокирован союзником Тишина A5 в (7, 3, 1)
   Выпущено ракет: 2
# 
📊 РЕЗУЛЬТАТЫ ХОДА 13:
🎯 Попаданий нет

--- Результаты хода ---
  Попаданий нет

--- Состояние команд после хода ---
  Team A: живых 6/8
    ✓ Радиовышка A2      @ (6,2,0) hp=3/3
    ✓ Прыгун A3          @ (7,3,4) hp=2/2
    ✓ Факел A4           @ (7,3,2) hp=6/6
    ✓ Тишина A5          @ (7,3,1) hp=2/2
    ✓ Провокатор A7      @ (3,7,1) hp=2/2
    ✓ Паук A8            @ (3,3,1) hp=1/1
    ✗ Артиллерия A1      @ (3,8,1) [уничтожен]
    ✗ Бурав A6           @ (8,3,1) [уничтожен]
  Team B: живых 2/8
    ✓ Тишина B5          @ (5,1,0) hp=2/2
    ✓ Паук B8            @ (7,3,0) hp=1/1
    ✗ Артиллерия B1      @ (7,8,0) [уничтожен]
    ✗ Радиовышка B2      @ (6,7,1) [уничтожен]
    ✗ Прыгун B3          @ (9,3,6) [уничтожен]
    ✗ Факел B4           @ (9,3,2) [уничтожен]
    ✗ Бурав B6           @ (6,7,1) [уничтожен]
    ✗ Провокатор B7      @ (7,6,0) [уничтожен]
  Team C: живых 1/8
    ✓ Тишина C5          @ (8,3,0) hp=2/2
    ✗ Артиллерия C1      @ (9,3,2) [уничтожен]
    ✗ Радиовышка C2      @ (9,3,6) [уничтожен]
    ✗ Прыгун C3          @ (9,3,4) [уничтожен]
    ✗ Факел C4           @ (9,3,4) [уничтожен]
    ✗ Бурав C6           @ (9,3,5) [уничтожен]
    ✗ Провокатор C7      @ (9,3,3) [уничтожен]
    ✗ Паук C8            @ (9,3,0) [уничтожен]

======================================================================
ХОД 14
======================================================================
✓ 🎮 GM: начинаем ход
GM: start_turn

--- Радиовышки: сканирование слоя Z ---
  Радиовышка A2 (z=0): видит 1 врагов  → Паук B8(7,3,0)

--- Решения ботов ---
  [Team A] Радиовышка A2 (6,2,0) → MOVE (7,3,0)
  [Team A] Прыгун A3 (7,3,4) → SHOOT at (7,3,0)
  [Team A] Факел A4 (7,3,2) → SHOOT at (7,3,0)
  [Team A] Провокатор A7 (3,7,1) → HOLOGRAM (4,6,0)
  [Team A] Паук A8 (3,3,1) → MINE (4,3,0)
  [Team A] Тишина A5 → SKIP
  [Team B] Тишина B5 (5,1,0) → MOVE (6,2,0)
  [Team B] Паук B8 (7,3,0) → MINE (6,2,1)
  [Team C] Тишина C5 (8,3,0) → MOVE (7,3,1)
! 🎮 GM: принудительно завершает фазу планирования
GM: end_planning
# 
============================================================
# 🔄 ОБРАБОТКА ХОДА 14
# ============================================================
!    ⚠️ Провокатор A7: клетка (4,6,0) уже занята голограммой
!    ⚠️ Паук A8: в клетке уже стоит мина
!    ⚠️ Паук B8: в клетке уже стоит мина

📦 ПЕРЕМЕЩЕНИЯ:
!    ⚠️ Радиовышка A2: клетка (7,3,0) занята
!    ⚠️ Тишина B5: клетка (6,2,0) занята
!    ⚠️ Тишина C5: клетка (7,3,1) занята

🎯 ВЫСТРЕЛЫ:
!    🛡️ Выстрел Прыгун A3 заблокирован союзником Факел A4 в (7, 3, 2)
!    🛡️ Выстрел Факел A4 заблокирован союзником Тишина A5 в (7, 3, 1)
   Выпущено ракет: 2
# 
📊 РЕЗУЛЬТАТЫ ХОДА 14:
🎯 Попаданий нет

--- Результаты хода ---
  Попаданий нет

--- Состояние команд после хода ---
  Team A: живых 6/8
    ✓ Радиовышка A2      @ (6,2,0) hp=3/3
    ✓ Прыгун A3          @ (7,3,4) hp=2/2
    ✓ Факел A4           @ (7,3,2) hp=6/6
    ✓ Тишина A5          @ (7,3,1) hp=2/2
    ✓ Провокатор A7      @ (3,7,1) hp=2/2
    ✓ Паук A8            @ (3,3,1) hp=1/1
    ✗ Артиллерия A1      @ (3,8,1) [уничтожен]
    ✗ Бурав A6           @ (8,3,1) [уничтожен]
  Team B: живых 2/8
    ✓ Тишина B5          @ (5,1,0) hp=2/2
    ✓ Паук B8            @ (7,3,0) hp=1/1
    ✗ Артиллерия B1      @ (7,8,0) [уничтожен]
    ✗ Радиовышка B2      @ (6,7,1) [уничтожен]
    ✗ Прыгун B3          @ (9,3,6) [уничтожен]
    ✗ Факел B4           @ (9,3,2) [уничтожен]
    ✗ Бурав B6           @ (6,7,1) [уничтожен]
    ✗ Провокатор B7      @ (7,6,0) [уничтожен]
  Team C: живых 1/8
    ✓ Тишина C5          @ (8,3,0) hp=2/2
    ✗ Артиллерия C1      @ (9,3,2) [уничтожен]
    ✗ Радиовышка C2      @ (9,3,6) [уничтожен]
    ✗ Прыгун C3          @ (9,3,4) [уничтожен]
    ✗ Факел C4           @ (9,3,4) [уничтожен]
    ✗ Бурав C6           @ (9,3,5) [уничтожен]
    ✗ Провокатор C7      @ (9,3,3) [уничтожен]
    ✗ Паук C8            @ (9,3,0) [уничтожен]

======================================================================
ХОД 15
======================================================================
✓ 🎮 GM: начинаем ход
GM: start_turn

--- Радиовышки: сканирование слоя Z ---
  Радиовышка A2 (z=0): видит 1 врагов  → Паук B8(7,3,0)

--- Решения ботов ---
  [Team A] Радиовышка A2 (6,2,0) → MOVE (7,3,0)
  [Team A] Прыгун A3 (7,3,4) → SHOOT at (7,3,0)
  [Team A] Факел A4 (7,3,2) → SHOOT at (7,3,0)
  [Team A] Провокатор A7 (3,7,1) → HOLOGRAM (4,6,0)
  [Team A] Паук A8 (3,3,1) → MINE (4,3,0)
  [Team A] Тишина A5 → SKIP
  [Team B] Тишина B5 (5,1,0) → MOVE (6,2,0)
  [Team B] Паук B8 (7,3,0) → MINE (6,2,1)
  [Team C] Тишина C5 (8,3,0) → MOVE (7,3,1)
! 🎮 GM: принудительно завершает фазу планирования
GM: end_planning
# 
============================================================
# 🔄 ОБРАБОТКА ХОДА 15
# ============================================================
!    ⚠️ Провокатор A7: клетка (4,6,0) уже занята голограммой
!    ⚠️ Паук A8: в клетке уже стоит мина
!    ⚠️ Паук B8: в клетке уже стоит мина

📦 ПЕРЕМЕЩЕНИЯ:
!    ⚠️ Радиовышка A2: клетка (7,3,0) занята
!    ⚠️ Тишина B5: клетка (6,2,0) занята
!    ⚠️ Тишина C5: клетка (7,3,1) занята

🎯 ВЫСТРЕЛЫ:
!    🛡️ Выстрел Прыгун A3 заблокирован союзником Факел A4 в (7, 3, 2)
!    🛡️ Выстрел Факел A4 заблокирован союзником Тишина A5 в (7, 3, 1)
   Выпущено ракет: 2
# 
📊 РЕЗУЛЬТАТЫ ХОДА 15:
🎯 Попаданий нет

--- Результаты хода ---
  Попаданий нет

--- Состояние команд после хода ---
  Team A: живых 6/8
    ✓ Радиовышка A2      @ (6,2,0) hp=3/3
    ✓ Прыгун A3          @ (7,3,4) hp=2/2
    ✓ Факел A4           @ (7,3,2) hp=6/6
    ✓ Тишина A5          @ (7,3,1) hp=2/2
    ✓ Провокатор A7      @ (3,7,1) hp=2/2
    ✓ Паук A8            @ (3,3,1) hp=1/1
    ✗ Артиллерия A1      @ (3,8,1) [уничтожен]
    ✗ Бурав A6           @ (8,3,1) [уничтожен]
  Team B: живых 2/8
    ✓ Тишина B5          @ (5,1,0) hp=2/2
    ✓ Паук B8            @ (7,3,0) hp=1/1
    ✗ Артиллерия B1      @ (7,8,0) [уничтожен]
    ✗ Радиовышка B2      @ (6,7,1) [уничтожен]
    ✗ Прыгун B3          @ (9,3,6) [уничтожен]
    ✗ Факел B4           @ (9,3,2) [уничтожен]
    ✗ Бурав B6           @ (6,7,1) [уничтожен]
    ✗ Провокатор B7      @ (7,6,0) [уничтожен]
  Team C: живых 1/8
    ✓ Тишина C5          @ (8,3,0) hp=2/2
    ✗ Артиллерия C1      @ (9,3,2) [уничтожен]
    ✗ Радиовышка C2      @ (9,3,6) [уничтожен]
    ✗ Прыгун C3          @ (9,3,4) [уничтожен]
    ✗ Факел C4           @ (9,3,4) [уничтожен]
    ✗ Бурав C6           @ (9,3,5) [уничтожен]
    ✗ Провокатор C7      @ (9,3,3) [уничтожен]
    ✗ Паук C8            @ (9,3,0) [уничтожен]

======================================================================
ХОД 16
======================================================================
✓ 🎮 GM: начинаем ход
GM: start_turn

--- Радиовышки: сканирование слоя Z ---
  Радиовышка A2 (z=0): видит 1 врагов  → Паук B8(7,3,0)

--- Решения ботов ---
  [Team A] Радиовышка A2 (6,2,0) → MOVE (7,3,0)
  [Team A] Прыгун A3 (7,3,4) → SHOOT at (7,3,0)
  [Team A] Факел A4 (7,3,2) → SHOOT at (7,3,0)
  [Team A] Провокатор A7 (3,7,1) → HOLOGRAM (4,6,0)
  [Team A] Паук A8 (3,3,1) → MINE (4,3,0)
  [Team A] Тишина A5 → SKIP
  [Team B] Тишина B5 (5,1,0) → MOVE (6,2,0)
  [Team B] Паук B8 (7,3,0) → MINE (6,2,1)
  [Team C] Тишина C5 (8,3,0) → MOVE (7,3,1)
! 🎮 GM: принудительно завершает фазу планирования
GM: end_planning
# 
============================================================
# 🔄 ОБРАБОТКА ХОДА 16
# ============================================================
!    ⚠️ Провокатор A7: клетка (4,6,0) уже занята голограммой
!    ⚠️ Паук A8: в клетке уже стоит мина
!    ⚠️ Паук B8: в клетке уже стоит мина

📦 ПЕРЕМЕЩЕНИЯ:
!    ⚠️ Радиовышка A2: клетка (7,3,0) занята
!    ⚠️ Тишина B5: клетка (6,2,0) занята
!    ⚠️ Тишина C5: клетка (7,3,1) занята

🎯 ВЫСТРЕЛЫ:
!    🛡️ Выстрел Прыгун A3 заблокирован союзником Факел A4 в (7, 3, 2)
!    🛡️ Выстрел Факел A4 заблокирован союзником Тишина A5 в (7, 3, 1)
   Выпущено ракет: 2
# 
📊 РЕЗУЛЬТАТЫ ХОДА 16:
🎯 Попаданий нет

--- Результаты хода ---
  Попаданий нет

--- Состояние команд после хода ---
  Team A: живых 6/8
    ✓ Радиовышка A2      @ (6,2,0) hp=3/3
    ✓ Прыгун A3          @ (7,3,4) hp=2/2
    ✓ Факел A4           @ (7,3,2) hp=6/6
    ✓ Тишина A5          @ (7,3,1) hp=2/2
    ✓ Провокатор A7      @ (3,7,1) hp=2/2
    ✓ Паук A8            @ (3,3,1) hp=1/1
    ✗ Артиллерия A1      @ (3,8,1) [уничтожен]
    ✗ Бурав A6           @ (8,3,1) [уничтожен]
  Team B: живых 2/8
    ✓ Тишина B5          @ (5,1,0) hp=2/2
    ✓ Паук B8            @ (7,3,0) hp=1/1
    ✗ Артиллерия B1      @ (7,8,0) [уничтожен]
    ✗ Радиовышка B2      @ (6,7,1) [уничтожен]
    ✗ Прыгун B3          @ (9,3,6) [уничтожен]
    ✗ Факел B4           @ (9,3,2) [уничтожен]
    ✗ Бурав B6           @ (6,7,1) [уничтожен]
    ✗ Провокатор B7      @ (7,6,0) [уничтожен]
  Team C: живых 1/8
    ✓ Тишина C5          @ (8,3,0) hp=2/2
    ✗ Артиллерия C1      @ (9,3,2) [уничтожен]
    ✗ Радиовышка C2      @ (9,3,6) [уничтожен]
    ✗ Прыгун C3          @ (9,3,4) [уничтожен]
    ✗ Факел C4           @ (9,3,4) [уничтожен]
    ✗ Бурав C6           @ (9,3,5) [уничтожен]
    ✗ Провокатор C7      @ (9,3,3) [уничтожен]
    ✗ Паук C8            @ (9,3,0) [уничтожен]

======================================================================
ХОД 17
======================================================================
✓ 🎮 GM: начинаем ход
GM: start_turn

--- Радиовышки: сканирование слоя Z ---
  Радиовышка A2 (z=0): видит 1 врагов  → Паук B8(7,3,0)

--- Решения ботов ---
  [Team A] Радиовышка A2 (6,2,0) → MOVE (7,3,0)
  [Team A] Прыгун A3 (7,3,4) → SHOOT at (7,3,0)
  [Team A] Факел A4 (7,3,2) → SHOOT at (7,3,0)
  [Team A] Провокатор A7 (3,7,1) → HOLOGRAM (4,6,0)
  [Team A] Паук A8 (3,3,1) → MINE (4,3,0)
  [Team A] Тишина A5 → SKIP
  [Team B] Тишина B5 (5,1,0) → MOVE (6,2,0)
  [Team B] Паук B8 (7,3,0) → MINE (6,2,1)
  [Team C] Тишина C5 (8,3,0) → MOVE (7,3,1)
! 🎮 GM: принудительно завершает фазу планирования
GM: end_planning
# 
============================================================
# 🔄 ОБРАБОТКА ХОДА 17
# ============================================================
!    ⚠️ Провокатор A7: клетка (4,6,0) уже занята голограммой
!    ⚠️ Паук A8: в клетке уже стоит мина
!    ⚠️ Паук B8: в клетке уже стоит мина

📦 ПЕРЕМЕЩЕНИЯ:
!    ⚠️ Радиовышка A2: клетка (7,3,0) занята
!    ⚠️ Тишина B5: клетка (6,2,0) занята
!    ⚠️ Тишина C5: клетка (7,3,1) занята

🎯 ВЫСТРЕЛЫ:
!    🛡️ Выстрел Прыгун A3 заблокирован союзником Факел A4 в (7, 3, 2)
!    🛡️ Выстрел Факел A4 заблокирован союзником Тишина A5 в (7, 3, 1)
   Выпущено ракет: 2
# 
📊 РЕЗУЛЬТАТЫ ХОДА 17:
🎯 Попаданий нет

--- Результаты хода ---
  Попаданий нет

--- Состояние команд после хода ---
  Team A: живых 6/8
    ✓ Радиовышка A2      @ (6,2,0) hp=3/3
    ✓ Прыгун A3          @ (7,3,4) hp=2/2
    ✓ Факел A4           @ (7,3,2) hp=6/6
    ✓ Тишина A5          @ (7,3,1) hp=2/2
    ✓ Провокатор A7      @ (3,7,1) hp=2/2
    ✓ Паук A8            @ (3,3,1) hp=1/1
    ✗ Артиллерия A1      @ (3,8,1) [уничтожен]
    ✗ Бурав A6           @ (8,3,1) [уничтожен]
  Team B: живых 2/8
    ✓ Тишина B5          @ (5,1,0) hp=2/2
    ✓ Паук B8            @ (7,3,0) hp=1/1
    ✗ Артиллерия B1      @ (7,8,0) [уничтожен]
    ✗ Радиовышка B2      @ (6,7,1) [уничтожен]
    ✗ Прыгун B3          @ (9,3,6) [уничтожен]
    ✗ Факел B4           @ (9,3,2) [уничтожен]
    ✗ Бурав B6           @ (6,7,1) [уничтожен]
    ✗ Провокатор B7      @ (7,6,0) [уничтожен]
  Team C: живых 1/8
    ✓ Тишина C5          @ (8,3,0) hp=2/2
    ✗ Артиллерия C1      @ (9,3,2) [уничтожен]
    ✗ Радиовышка C2      @ (9,3,6) [уничтожен]
    ✗ Прыгун C3          @ (9,3,4) [уничтожен]
    ✗ Факел C4           @ (9,3,4) [уничтожен]
    ✗ Бурав C6           @ (9,3,5) [уничтожен]
    ✗ Провокатор C7      @ (9,3,3) [уничтожен]
    ✗ Паук C8            @ (9,3,0) [уничтожен]

======================================================================
ХОД 18
======================================================================
✓ 🎮 GM: начинаем ход
GM: start_turn

--- Радиовышки: сканирование слоя Z ---
  Радиовышка A2 (z=0): видит 1 врагов  → Паук B8(7,3,0)

--- Решения ботов ---
  [Team A] Радиовышка A2 (6,2,0) → MOVE (7,3,0)
  [Team A] Прыгун A3 (7,3,4) → SHOOT at (7,3,0)
  [Team A] Факел A4 (7,3,2) → SHOOT at (7,3,0)
  [Team A] Провокатор A7 (3,7,1) → HOLOGRAM (4,6,0)
  [Team A] Паук A8 (3,3,1) → MINE (4,3,0)
  [Team A] Тишина A5 → SKIP
  [Team B] Тишина B5 (5,1,0) → MOVE (6,2,0)
  [Team B] Паук B8 (7,3,0) → MINE (6,2,1)
  [Team C] Тишина C5 (8,3,0) → MOVE (7,3,1)
! 🎮 GM: принудительно завершает фазу планирования
GM: end_planning
# 
============================================================
# 🔄 ОБРАБОТКА ХОДА 18
# ============================================================
!    ⚠️ Провокатор A7: клетка (4,6,0) уже занята голограммой
!    ⚠️ Паук A8: в клетке уже стоит мина
!    ⚠️ Паук B8: в клетке уже стоит мина

📦 ПЕРЕМЕЩЕНИЯ:
!    ⚠️ Радиовышка A2: клетка (7,3,0) занята
!    ⚠️ Тишина B5: клетка (6,2,0) занята
!    ⚠️ Тишина C5: клетка (7,3,1) занята

🎯 ВЫСТРЕЛЫ:
!    🛡️ Выстрел Прыгун A3 заблокирован союзником Факел A4 в (7, 3, 2)
!    🛡️ Выстрел Факел A4 заблокирован союзником Тишина A5 в (7, 3, 1)
   Выпущено ракет: 2
# 
📊 РЕЗУЛЬТАТЫ ХОДА 18:
🎯 Попаданий нет

--- Результаты хода ---
  Попаданий нет

--- Состояние команд после хода ---
  Team A: живых 6/8
    ✓ Радиовышка A2      @ (6,2,0) hp=3/3
    ✓ Прыгун A3          @ (7,3,4) hp=2/2
    ✓ Факел A4           @ (7,3,2) hp=6/6
    ✓ Тишина A5          @ (7,3,1) hp=2/2
    ✓ Провокатор A7      @ (3,7,1) hp=2/2
    ✓ Паук A8            @ (3,3,1) hp=1/1
    ✗ Артиллерия A1      @ (3,8,1) [уничтожен]
    ✗ Бурав A6           @ (8,3,1) [уничтожен]
  Team B: живых 2/8
    ✓ Тишина B5          @ (5,1,0) hp=2/2
    ✓ Паук B8            @ (7,3,0) hp=1/1
    ✗ Артиллерия B1      @ (7,8,0) [уничтожен]
    ✗ Радиовышка B2      @ (6,7,1) [уничтожен]
    ✗ Прыгун B3          @ (9,3,6) [уничтожен]
    ✗ Факел B4           @ (9,3,2) [уничтожен]
    ✗ Бурав B6           @ (6,7,1) [уничтожен]
    ✗ Провокатор B7      @ (7,6,0) [уничтожен]
  Team C: живых 1/8
    ✓ Тишина C5          @ (8,3,0) hp=2/2
    ✗ Артиллерия C1      @ (9,3,2) [уничтожен]
    ✗ Радиовышка C2      @ (9,3,6) [уничтожен]
    ✗ Прыгун C3          @ (9,3,4) [уничтожен]
    ✗ Факел C4           @ (9,3,4) [уничтожен]
    ✗ Бурав C6           @ (9,3,5) [уничтожен]
    ✗ Провокатор C7      @ (9,3,3) [уничтожен]
    ✗ Паук C8            @ (9,3,0) [уничтожен]

======================================================================
ХОД 19
======================================================================
✓ 🎮 GM: начинаем ход
GM: start_turn

--- Радиовышки: сканирование слоя Z ---
  Радиовышка A2 (z=0): видит 1 врагов  → Паук B8(7,3,0)

--- Решения ботов ---
  [Team A] Радиовышка A2 (6,2,0) → MOVE (7,3,0)
  [Team A] Прыгун A3 (7,3,4) → SHOOT at (7,3,0)
  [Team A] Факел A4 (7,3,2) → SHOOT at (7,3,0)
  [Team A] Провокатор A7 (3,7,1) → HOLOGRAM (4,6,0)
  [Team A] Паук A8 (3,3,1) → MINE (4,3,0)
  [Team A] Тишина A5 → SKIP
  [Team B] Тишина B5 (5,1,0) → MOVE (6,2,0)
  [Team B] Паук B8 (7,3,0) → MINE (6,2,1)
  [Team C] Тишина C5 (8,3,0) → MOVE (7,3,1)
! 🎮 GM: принудительно завершает фазу планирования
GM: end_planning
# 
============================================================
# 🔄 ОБРАБОТКА ХОДА 19
# ============================================================
!    ⚠️ Провокатор A7: клетка (4,6,0) уже занята голограммой
!    ⚠️ Паук A8: в клетке уже стоит мина
!    ⚠️ Паук B8: в клетке уже стоит мина

📦 ПЕРЕМЕЩЕНИЯ:
!    ⚠️ Радиовышка A2: клетка (7,3,0) занята
!    ⚠️ Тишина B5: клетка (6,2,0) занята
!    ⚠️ Тишина C5: клетка (7,3,1) занята

🎯 ВЫСТРЕЛЫ:
!    🛡️ Выстрел Прыгун A3 заблокирован союзником Факел A4 в (7, 3, 2)
!    🛡️ Выстрел Факел A4 заблокирован союзником Тишина A5 в (7, 3, 1)
   Выпущено ракет: 2
# 
📊 РЕЗУЛЬТАТЫ ХОДА 19:
🎯 Попаданий нет

--- Результаты хода ---
  Попаданий нет

--- Состояние команд после хода ---
  Team A: живых 6/8
    ✓ Радиовышка A2      @ (6,2,0) hp=3/3
    ✓ Прыгун A3          @ (7,3,4) hp=2/2
    ✓ Факел A4           @ (7,3,2) hp=6/6
    ✓ Тишина A5          @ (7,3,1) hp=2/2
    ✓ Провокатор A7      @ (3,7,1) hp=2/2
    ✓ Паук A8            @ (3,3,1) hp=1/1
    ✗ Артиллерия A1      @ (3,8,1) [уничтожен]
    ✗ Бурав A6           @ (8,3,1) [уничтожен]
  Team B: живых 2/8
    ✓ Тишина B5          @ (5,1,0) hp=2/2
    ✓ Паук B8            @ (7,3,0) hp=1/1
    ✗ Артиллерия B1      @ (7,8,0) [уничтожен]
    ✗ Радиовышка B2      @ (6,7,1) [уничтожен]
    ✗ Прыгун B3          @ (9,3,6) [уничтожен]
    ✗ Факел B4           @ (9,3,2) [уничтожен]
    ✗ Бурав B6           @ (6,7,1) [уничтожен]
    ✗ Провокатор B7      @ (7,6,0) [уничтожен]
  Team C: живых 1/8
    ✓ Тишина C5          @ (8,3,0) hp=2/2
    ✗ Артиллерия C1      @ (9,3,2) [уничтожен]
    ✗ Радиовышка C2      @ (9,3,6) [уничтожен]
    ✗ Прыгун C3          @ (9,3,4) [уничтожен]
    ✗ Факел C4           @ (9,3,4) [уничтожен]
    ✗ Бурав C6           @ (9,3,5) [уничтожен]
    ✗ Провокатор C7      @ (9,3,3) [уничтожен]
    ✗ Паук C8            @ (9,3,0) [уничтожен]

======================================================================
ХОД 20
======================================================================
✓ 🎮 GM: начинаем ход
GM: start_turn

--- Радиовышки: сканирование слоя Z ---
  Радиовышка A2 (z=0): видит 1 врагов  → Паук B8(7,3,0)

--- Решения ботов ---
  [Team A] Радиовышка A2 (6,2,0) → MOVE (7,3,0)
  [Team A] Прыгун A3 (7,3,4) → SHOOT at (7,3,0)
  [Team A] Факел A4 (7,3,2) → SHOOT at (7,3,0)
  [Team A] Провокатор A7 (3,7,1) → HOLOGRAM (4,6,0)
  [Team A] Паук A8 (3,3,1) → MINE (4,3,0)
  [Team A] Тишина A5 → SKIP
  [Team B] Тишина B5 (5,1,0) → MOVE (6,2,0)
  [Team B] Паук B8 (7,3,0) → MINE (6,2,1)
  [Team C] Тишина C5 (8,3,0) → MOVE (7,3,1)
! 🎮 GM: принудительно завершает фазу планирования
GM: end_planning
# 
============================================================
# 🔄 ОБРАБОТКА ХОДА 20
# ============================================================
!    ⚠️ Провокатор A7: клетка (4,6,0) уже занята голограммой
!    ⚠️ Паук A8: в клетке уже стоит мина
!    ⚠️ Паук B8: в клетке уже стоит мина

📦 ПЕРЕМЕЩЕНИЯ:
!    ⚠️ Радиовышка A2: клетка (7,3,0) занята
!    ⚠️ Тишина B5: клетка (6,2,0) занята
!    ⚠️ Тишина C5: клетка (7,3,1) занята

🎯 ВЫСТРЕЛЫ:
!    🛡️ Выстрел Прыгун A3 заблокирован союзником Факел A4 в (7, 3, 2)
!    🛡️ Выстрел Факел A4 заблокирован союзником Тишина A5 в (7, 3, 1)
   Выпущено ракет: 2
# 
📊 РЕЗУЛЬТАТЫ ХОДА 20:
🎯 Попаданий нет

--- Результаты хода ---
  Попаданий нет

--- Состояние команд после хода ---
  Team A: живых 6/8
    ✓ Радиовышка A2      @ (6,2,0) hp=3/3
    ✓ Прыгун A3          @ (7,3,4) hp=2/2
    ✓ Факел A4           @ (7,3,2) hp=6/6
    ✓ Тишина A5          @ (7,3,1) hp=2/2
    ✓ Провокатор A7      @ (3,7,1) hp=2/2
    ✓ Паук A8            @ (3,3,1) hp=1/1
    ✗ Артиллерия A1      @ (3,8,1) [уничтожен]
    ✗ Бурав A6           @ (8,3,1) [уничтожен]
  Team B: живых 2/8
    ✓ Тишина B5          @ (5,1,0) hp=2/2
    ✓ Паук B8            @ (7,3,0) hp=1/1
    ✗ Артиллерия B1      @ (7,8,0) [уничтожен]
    ✗ Радиовышка B2      @ (6,7,1) [уничтожен]
    ✗ Прыгун B3          @ (9,3,6) [уничтожен]
    ✗ Факел B4           @ (9,3,2) [уничтожен]
    ✗ Бурав B6           @ (6,7,1) [уничтожен]
    ✗ Провокатор B7      @ (7,6,0) [уничтожен]
  Team C: живых 1/8
    ✓ Тишина C5          @ (8,3,0) hp=2/2
    ✗ Артиллерия C1      @ (9,3,2) [уничтожен]
    ✗ Радиовышка C2      @ (9,3,6) [уничтожен]
    ✗ Прыгун C3          @ (9,3,4) [уничтожен]
    ✗ Факел C4           @ (9,3,4) [уничтожен]
    ✗ Бурав C6           @ (9,3,5) [уничтожен]
    ✗ Провокатор C7      @ (9,3,3) [уничтожен]
    ✗ Паук C8            @ (9,3,0) [уничтожен]

======================================================================
ХОД 21
======================================================================
✓ 🎮 GM: начинаем ход
GM: start_turn

--- Радиовышки: сканирование слоя Z ---
  Радиовышка A2 (z=0): видит 1 врагов  → Паук B8(7,3,0)

--- Решения ботов ---
  [Team A] Радиовышка A2 (6,2,0) → MOVE (7,3,0)
  [Team A] Прыгун A3 (7,3,4) → SHOOT at (7,3,0)
  [Team A] Факел A4 (7,3,2) → SHOOT at (7,3,0)
  [Team A] Провокатор A7 (3,7,1) → HOLOGRAM (4,6,0)
  [Team A] Паук A8 (3,3,1) → MINE (4,3,0)
  [Team A] Тишина A5 → SKIP
  [Team B] Тишина B5 (5,1,0) → MOVE (6,2,0)
  [Team B] Паук B8 (7,3,0) → MINE (6,2,1)
  [Team C] Тишина C5 (8,3,0) → MOVE (7,3,1)
! 🎮 GM: принудительно завершает фазу планирования
GM: end_planning
# 
============================================================
# 🔄 ОБРАБОТКА ХОДА 21
# ============================================================
!    ⚠️ Провокатор A7: клетка (4,6,0) уже занята голограммой
!    ⚠️ Паук A8: в клетке уже стоит мина
!    ⚠️ Паук B8: в клетке уже стоит мина

📦 ПЕРЕМЕЩЕНИЯ:
!    ⚠️ Радиовышка A2: клетка (7,3,0) занята
!    ⚠️ Тишина B5: клетка (6,2,0) занята
!    ⚠️ Тишина C5: клетка (7,3,1) занята

🎯 ВЫСТРЕЛЫ:
!    🛡️ Выстрел Прыгун A3 заблокирован союзником Факел A4 в (7, 3, 2)
!    🛡️ Выстрел Факел A4 заблокирован союзником Тишина A5 в (7, 3, 1)
   Выпущено ракет: 2
# 
📊 РЕЗУЛЬТАТЫ ХОДА 21:
🎯 Попаданий нет

--- Результаты хода ---
  Попаданий нет

--- Состояние команд после хода ---
  Team A: живых 6/8
    ✓ Радиовышка A2      @ (6,2,0) hp=3/3
    ✓ Прыгун A3          @ (7,3,4) hp=2/2
    ✓ Факел A4           @ (7,3,2) hp=6/6
    ✓ Тишина A5          @ (7,3,1) hp=2/2
    ✓ Провокатор A7      @ (3,7,1) hp=2/2
    ✓ Паук A8            @ (3,3,1) hp=1/1
    ✗ Артиллерия A1      @ (3,8,1) [уничтожен]
    ✗ Бурав A6           @ (8,3,1) [уничтожен]
  Team B: живых 2/8
    ✓ Тишина B5          @ (5,1,0) hp=2/2
    ✓ Паук B8            @ (7,3,0) hp=1/1
    ✗ Артиллерия B1      @ (7,8,0) [уничтожен]
    ✗ Радиовышка B2      @ (6,7,1) [уничтожен]
    ✗ Прыгун B3          @ (9,3,6) [уничтожен]
    ✗ Факел B4           @ (9,3,2) [уничтожен]
    ✗ Бурав B6           @ (6,7,1) [уничтожен]
    ✗ Провокатор B7      @ (7,6,0) [уничтожен]
  Team C: живых 1/8
    ✓ Тишина C5          @ (8,3,0) hp=2/2
    ✗ Артиллерия C1      @ (9,3,2) [уничтожен]
    ✗ Радиовышка C2      @ (9,3,6) [уничтожен]
    ✗ Прыгун C3          @ (9,3,4) [уничтожен]
    ✗ Факел C4           @ (9,3,4) [уничтожен]
    ✗ Бурав C6           @ (9,3,5) [уничтожен]
    ✗ Провокатор C7      @ (9,3,3) [уничтожен]
    ✗ Паук C8            @ (9,3,0) [уничтожен]

======================================================================
ХОД 22
======================================================================
✓ 🎮 GM: начинаем ход
GM: start_turn

--- Радиовышки: сканирование слоя Z ---
  Радиовышка A2 (z=0): видит 1 врагов  → Паук B8(7,3,0)

--- Решения ботов ---
  [Team A] Радиовышка A2 (6,2,0) → MOVE (7,3,0)
  [Team A] Прыгун A3 (7,3,4) → SHOOT at (7,3,0)
  [Team A] Факел A4 (7,3,2) → SHOOT at (7,3,0)
  [Team A] Провокатор A7 (3,7,1) → HOLOGRAM (4,6,0)
  [Team A] Паук A8 (3,3,1) → MINE (4,3,0)
  [Team A] Тишина A5 → SKIP
  [Team B] Тишина B5 (5,1,0) → MOVE (6,2,0)
  [Team B] Паук B8 (7,3,0) → MINE (6,2,1)
  [Team C] Тишина C5 (8,3,0) → MOVE (7,3,1)
! 🎮 GM: принудительно завершает фазу планирования
GM: end_planning
# 
============================================================
# 🔄 ОБРАБОТКА ХОДА 22
# ============================================================
!    ⚠️ Провокатор A7: клетка (4,6,0) уже занята голограммой
!    ⚠️ Паук A8: в клетке уже стоит мина
!    ⚠️ Паук B8: в клетке уже стоит мина

📦 ПЕРЕМЕЩЕНИЯ:
!    ⚠️ Радиовышка A2: клетка (7,3,0) занята
!    ⚠️ Тишина B5: клетка (6,2,0) занята
!    ⚠️ Тишина C5: клетка (7,3,1) занята

🎯 ВЫСТРЕЛЫ:
!    🛡️ Выстрел Прыгун A3 заблокирован союзником Факел A4 в (7, 3, 2)
!    🛡️ Выстрел Факел A4 заблокирован союзником Тишина A5 в (7, 3, 1)
   Выпущено ракет: 2
# 
📊 РЕЗУЛЬТАТЫ ХОДА 22:
🎯 Попаданий нет

--- Результаты хода ---
  Попаданий нет

--- Состояние команд после хода ---
  Team A: живых 6/8
    ✓ Радиовышка A2      @ (6,2,0) hp=3/3
    ✓ Прыгун A3          @ (7,3,4) hp=2/2
    ✓ Факел A4           @ (7,3,2) hp=6/6
    ✓ Тишина A5          @ (7,3,1) hp=2/2
    ✓ Провокатор A7      @ (3,7,1) hp=2/2
    ✓ Паук A8            @ (3,3,1) hp=1/1
    ✗ Артиллерия A1      @ (3,8,1) [уничтожен]
    ✗ Бурав A6           @ (8,3,1) [уничтожен]
  Team B: живых 2/8
    ✓ Тишина B5          @ (5,1,0) hp=2/2
    ✓ Паук B8            @ (7,3,0) hp=1/1
    ✗ Артиллерия B1      @ (7,8,0) [уничтожен]
    ✗ Радиовышка B2      @ (6,7,1) [уничтожен]
    ✗ Прыгун B3          @ (9,3,6) [уничтожен]
    ✗ Факел B4           @ (9,3,2) [уничтожен]
    ✗ Бурав B6           @ (6,7,1) [уничтожен]
    ✗ Провокатор B7      @ (7,6,0) [уничтожен]
  Team C: живых 1/8
    ✓ Тишина C5          @ (8,3,0) hp=2/2
    ✗ Артиллерия C1      @ (9,3,2) [уничтожен]
    ✗ Радиовышка C2      @ (9,3,6) [уничтожен]
    ✗ Прыгун C3          @ (9,3,4) [уничтожен]
    ✗ Факел C4           @ (9,3,4) [уничтожен]
    ✗ Бурав C6           @ (9,3,5) [уничтожен]
    ✗ Провокатор C7      @ (9,3,3) [уничтожен]
    ✗ Паук C8            @ (9,3,0) [уничтожен]

======================================================================
ХОД 23
======================================================================
✓ 🎮 GM: начинаем ход
GM: start_turn

--- Радиовышки: сканирование слоя Z ---
  Радиовышка A2 (z=0): видит 1 врагов  → Паук B8(7,3,0)

--- Решения ботов ---
  [Team A] Радиовышка A2 (6,2,0) → MOVE (7,3,0)
  [Team A] Прыгун A3 (7,3,4) → SHOOT at (7,3,0)
  [Team A] Факел A4 (7,3,2) → SHOOT at (7,3,0)
  [Team A] Провокатор A7 (3,7,1) → HOLOGRAM (4,6,0)
  [Team A] Паук A8 (3,3,1) → MINE (4,3,0)
  [Team A] Тишина A5 → SKIP
  [Team B] Тишина B5 (5,1,0) → MOVE (6,2,0)
  [Team B] Паук B8 (7,3,0) → MINE (6,2,1)
  [Team C] Тишина C5 (8,3,0) → MOVE (7,3,1)
! 🎮 GM: принудительно завершает фазу планирования
GM: end_planning
# 
============================================================
# 🔄 ОБРАБОТКА ХОДА 23
# ============================================================
!    ⚠️ Провокатор A7: клетка (4,6,0) уже занята голограммой
!    ⚠️ Паук A8: в клетке уже стоит мина
!    ⚠️ Паук B8: в клетке уже стоит мина

📦 ПЕРЕМЕЩЕНИЯ:
!    ⚠️ Радиовышка A2: клетка (7,3,0) занята
!    ⚠️ Тишина B5: клетка (6,2,0) занята
!    ⚠️ Тишина C5: клетка (7,3,1) занята

🎯 ВЫСТРЕЛЫ:
!    🛡️ Выстрел Прыгун A3 заблокирован союзником Факел A4 в (7, 3, 2)
!    🛡️ Выстрел Факел A4 заблокирован союзником Тишина A5 в (7, 3, 1)
   Выпущено ракет: 2
# 
📊 РЕЗУЛЬТАТЫ ХОДА 23:
🎯 Попаданий нет

--- Результаты хода ---
  Попаданий нет

--- Состояние команд после хода ---
  Team A: живых 6/8
    ✓ Радиовышка A2      @ (6,2,0) hp=3/3
    ✓ Прыгун A3          @ (7,3,4) hp=2/2
    ✓ Факел A4           @ (7,3,2) hp=6/6
    ✓ Тишина A5          @ (7,3,1) hp=2/2
    ✓ Провокатор A7      @ (3,7,1) hp=2/2
    ✓ Паук A8            @ (3,3,1) hp=1/1
    ✗ Артиллерия A1      @ (3,8,1) [уничтожен]
    ✗ Бурав A6           @ (8,3,1) [уничтожен]
  Team B: живых 2/8
    ✓ Тишина B5          @ (5,1,0) hp=2/2
    ✓ Паук B8            @ (7,3,0) hp=1/1
    ✗ Артиллерия B1      @ (7,8,0) [уничтожен]
    ✗ Радиовышка B2      @ (6,7,1) [уничтожен]
    ✗ Прыгун B3          @ (9,3,6) [уничтожен]
    ✗ Факел B4           @ (9,3,2) [уничтожен]
    ✗ Бурав B6           @ (6,7,1) [уничтожен]
    ✗ Провокатор B7      @ (7,6,0) [уничтожен]
  Team C: живых 1/8
    ✓ Тишина C5          @ (8,3,0) hp=2/2
    ✗ Артиллерия C1      @ (9,3,2) [уничтожен]
    ✗ Радиовышка C2      @ (9,3,6) [уничтожен]
    ✗ Прыгун C3          @ (9,3,4) [уничтожен]
    ✗ Факел C4           @ (9,3,4) [уничтожен]
    ✗ Бурав C6           @ (9,3,5) [уничтожен]
    ✗ Провокатор C7      @ (9,3,3) [уничтожен]
    ✗ Паук C8            @ (9,3,0) [уничтожен]

======================================================================
ХОД 24
======================================================================
✓ 🎮 GM: начинаем ход
GM: start_turn

--- Радиовышки: сканирование слоя Z ---
  Радиовышка A2 (z=0): видит 1 врагов  → Паук B8(7,3,0)

--- Решения ботов ---
  [Team A] Радиовышка A2 (6,2,0) → MOVE (7,3,0)
  [Team A] Прыгун A3 (7,3,4) → SHOOT at (7,3,0)
  [Team A] Факел A4 (7,3,2) → SHOOT at (7,3,0)
  [Team A] Провокатор A7 (3,7,1) → HOLOGRAM (4,6,0)
  [Team A] Паук A8 (3,3,1) → MINE (4,3,0)
  [Team A] Тишина A5 → SKIP
  [Team B] Тишина B5 (5,1,0) → MOVE (6,2,0)
  [Team B] Паук B8 (7,3,0) → MINE (6,2,1)
  [Team C] Тишина C5 (8,3,0) → MOVE (7,3,1)
! 🎮 GM: принудительно завершает фазу планирования
GM: end_planning
# 
============================================================
# 🔄 ОБРАБОТКА ХОДА 24
# ============================================================
!    ⚠️ Провокатор A7: клетка (4,6,0) уже занята голограммой
!    ⚠️ Паук A8: в клетке уже стоит мина
!    ⚠️ Паук B8: в клетке уже стоит мина

📦 ПЕРЕМЕЩЕНИЯ:
!    ⚠️ Радиовышка A2: клетка (7,3,0) занята
!    ⚠️ Тишина B5: клетка (6,2,0) занята
!    ⚠️ Тишина C5: клетка (7,3,1) занята

🎯 ВЫСТРЕЛЫ:
!    🛡️ Выстрел Прыгун A3 заблокирован союзником Факел A4 в (7, 3, 2)
!    🛡️ Выстрел Факел A4 заблокирован союзником Тишина A5 в (7, 3, 1)
   Выпущено ракет: 2
# 
📊 РЕЗУЛЬТАТЫ ХОДА 24:
🎯 Попаданий нет

--- Результаты хода ---
  Попаданий нет

--- Состояние команд после хода ---
  Team A: живых 6/8
    ✓ Радиовышка A2      @ (6,2,0) hp=3/3
    ✓ Прыгун A3          @ (7,3,4) hp=2/2
    ✓ Факел A4           @ (7,3,2) hp=6/6
    ✓ Тишина A5          @ (7,3,1) hp=2/2
    ✓ Провокатор A7      @ (3,7,1) hp=2/2
    ✓ Паук A8            @ (3,3,1) hp=1/1
    ✗ Артиллерия A1      @ (3,8,1) [уничтожен]
    ✗ Бурав A6           @ (8,3,1) [уничтожен]
  Team B: живых 2/8
    ✓ Тишина B5          @ (5,1,0) hp=2/2
    ✓ Паук B8            @ (7,3,0) hp=1/1
    ✗ Артиллерия B1      @ (7,8,0) [уничтожен]
    ✗ Радиовышка B2      @ (6,7,1) [уничтожен]
    ✗ Прыгун B3          @ (9,3,6) [уничтожен]
    ✗ Факел B4           @ (9,3,2) [уничтожен]
    ✗ Бурав B6           @ (6,7,1) [уничтожен]
    ✗ Провокатор B7      @ (7,6,0) [уничтожен]
  Team C: живых 1/8
    ✓ Тишина C5          @ (8,3,0) hp=2/2
    ✗ Артиллерия C1      @ (9,3,2) [уничтожен]
    ✗ Радиовышка C2      @ (9,3,6) [уничтожен]
    ✗ Прыгун C3          @ (9,3,4) [уничтожен]
    ✗ Факел C4           @ (9,3,4) [уничтожен]
    ✗ Бурав C6           @ (9,3,5) [уничтожен]
    ✗ Провокатор C7      @ (9,3,3) [уничтожен]
    ✗ Паук C8            @ (9,3,0) [уничтожен]

======================================================================
ХОД 25
======================================================================
✓ 🎮 GM: начинаем ход
GM: start_turn

--- Радиовышки: сканирование слоя Z ---
  Радиовышка A2 (z=0): видит 1 врагов  → Паук B8(7,3,0)

--- Решения ботов ---
  [Team A] Радиовышка A2 (6,2,0) → MOVE (7,3,0)
  [Team A] Прыгун A3 (7,3,4) → SHOOT at (7,3,0)
  [Team A] Факел A4 (7,3,2) → SHOOT at (7,3,0)
  [Team A] Провокатор A7 (3,7,1) → HOLOGRAM (4,6,0)
  [Team A] Паук A8 (3,3,1) → MINE (4,3,0)
  [Team A] Тишина A5 → SKIP
  [Team B] Тишина B5 (5,1,0) → MOVE (6,2,0)
  [Team B] Паук B8 (7,3,0) → MINE (6,2,1)
  [Team C] Тишина C5 (8,3,0) → MOVE (7,3,1)
! 🎮 GM: принудительно завершает фазу планирования
GM: end_planning
# 
============================================================
# 🔄 ОБРАБОТКА ХОДА 25
# ============================================================
!    ⚠️ Провокатор A7: клетка (4,6,0) уже занята голограммой
!    ⚠️ Паук A8: в клетке уже стоит мина
!    ⚠️ Паук B8: в клетке уже стоит мина

📦 ПЕРЕМЕЩЕНИЯ:
!    ⚠️ Радиовышка A2: клетка (7,3,0) занята
!    ⚠️ Тишина B5: клетка (6,2,0) занята
!    ⚠️ Тишина C5: клетка (7,3,1) занята

🎯 ВЫСТРЕЛЫ:
!    🛡️ Выстрел Прыгун A3 заблокирован союзником Факел A4 в (7, 3, 2)
!    🛡️ Выстрел Факел A4 заблокирован союзником Тишина A5 в (7, 3, 1)
   Выпущено ракет: 2
# 
📊 РЕЗУЛЬТАТЫ ХОДА 25:
🎯 Попаданий нет

--- Результаты хода ---
  Попаданий нет

--- Состояние команд после хода ---
  Team A: живых 6/8
    ✓ Радиовышка A2      @ (6,2,0) hp=3/3
    ✓ Прыгун A3          @ (7,3,4) hp=2/2
    ✓ Факел A4           @ (7,3,2) hp=6/6
    ✓ Тишина A5          @ (7,3,1) hp=2/2
    ✓ Провокатор A7      @ (3,7,1) hp=2/2
    ✓ Паук A8            @ (3,3,1) hp=1/1
    ✗ Артиллерия A1      @ (3,8,1) [уничтожен]
    ✗ Бурав A6           @ (8,3,1) [уничтожен]
  Team B: живых 2/8
    ✓ Тишина B5          @ (5,1,0) hp=2/2
    ✓ Паук B8            @ (7,3,0) hp=1/1
    ✗ Артиллерия B1      @ (7,8,0) [уничтожен]
    ✗ Радиовышка B2      @ (6,7,1) [уничтожен]
    ✗ Прыгун B3          @ (9,3,6) [уничтожен]
    ✗ Факел B4           @ (9,3,2) [уничтожен]
    ✗ Бурав B6           @ (6,7,1) [уничтожен]
    ✗ Провокатор B7      @ (7,6,0) [уничтожен]
  Team C: живых 1/8
    ✓ Тишина C5          @ (8,3,0) hp=2/2
    ✗ Артиллерия C1      @ (9,3,2) [уничтожен]
    ✗ Радиовышка C2      @ (9,3,6) [уничтожен]
    ✗ Прыгун C3          @ (9,3,4) [уничтожен]
    ✗ Факел C4           @ (9,3,4) [уничтожен]
    ✗ Бурав C6           @ (9,3,5) [уничтожен]
    ✗ Провокатор C7      @ (9,3,3) [уничтожен]
    ✗ Паук C8            @ (9,3,0) [уничтожен]

======================================================================
ХОД 26
======================================================================
✓ 🎮 GM: начинаем ход
GM: start_turn

--- Радиовышки: сканирование слоя Z ---
  Радиовышка A2 (z=0): видит 1 врагов  → Паук B8(7,3,0)

--- Решения ботов ---
  [Team A] Радиовышка A2 (6,2,0) → MOVE (7,3,0)
  [Team A] Прыгун A3 (7,3,4) → SHOOT at (7,3,0)
  [Team A] Факел A4 (7,3,2) → SHOOT at (7,3,0)
  [Team A] Провокатор A7 (3,7,1) → HOLOGRAM (4,6,0)
  [Team A] Паук A8 (3,3,1) → MINE (4,3,0)
  [Team A] Тишина A5 → SKIP
  [Team B] Тишина B5 (5,1,0) → MOVE (6,2,0)
  [Team B] Паук B8 (7,3,0) → MINE (6,2,1)
  [Team C] Тишина C5 (8,3,0) → MOVE (7,3,1)
! 🎮 GM: принудительно завершает фазу планирования
GM: end_planning
# 
============================================================
# 🔄 ОБРАБОТКА ХОДА 26
# ============================================================
!    ⚠️ Провокатор A7: клетка (4,6,0) уже занята голограммой
!    ⚠️ Паук A8: в клетке уже стоит мина
!    ⚠️ Паук B8: в клетке уже стоит мина

📦 ПЕРЕМЕЩЕНИЯ:
!    ⚠️ Радиовышка A2: клетка (7,3,0) занята
!    ⚠️ Тишина B5: клетка (6,2,0) занята
!    ⚠️ Тишина C5: клетка (7,3,1) занята

🎯 ВЫСТРЕЛЫ:
!    🛡️ Выстрел Прыгун A3 заблокирован союзником Факел A4 в (7, 3, 2)
!    🛡️ Выстрел Факел A4 заблокирован союзником Тишина A5 в (7, 3, 1)
   Выпущено ракет: 2
# 
📊 РЕЗУЛЬТАТЫ ХОДА 26:
🎯 Попаданий нет

--- Результаты хода ---
  Попаданий нет

--- Состояние команд после хода ---
  Team A: живых 6/8
    ✓ Радиовышка A2      @ (6,2,0) hp=3/3
    ✓ Прыгун A3          @ (7,3,4) hp=2/2
    ✓ Факел A4           @ (7,3,2) hp=6/6
    ✓ Тишина A5          @ (7,3,1) hp=2/2
    ✓ Провокатор A7      @ (3,7,1) hp=2/2
    ✓ Паук A8            @ (3,3,1) hp=1/1
    ✗ Артиллерия A1      @ (3,8,1) [уничтожен]
    ✗ Бурав A6           @ (8,3,1) [уничтожен]
  Team B: живых 2/8
    ✓ Тишина B5          @ (5,1,0) hp=2/2
    ✓ Паук B8            @ (7,3,0) hp=1/1
    ✗ Артиллерия B1      @ (7,8,0) [уничтожен]
    ✗ Радиовышка B2      @ (6,7,1) [уничтожен]
    ✗ Прыгун B3          @ (9,3,6) [уничтожен]
    ✗ Факел B4           @ (9,3,2) [уничтожен]
    ✗ Бурав B6           @ (6,7,1) [уничтожен]
    ✗ Провокатор B7      @ (7,6,0) [уничтожен]
  Team C: живых 1/8
    ✓ Тишина C5          @ (8,3,0) hp=2/2
    ✗ Артиллерия C1      @ (9,3,2) [уничтожен]
    ✗ Радиовышка C2      @ (9,3,6) [уничтожен]
    ✗ Прыгун C3          @ (9,3,4) [уничтожен]
    ✗ Факел C4           @ (9,3,4) [уничтожен]
    ✗ Бурав C6           @ (9,3,5) [уничтожен]
    ✗ Провокатор C7      @ (9,3,3) [уничтожен]
    ✗ Паук C8            @ (9,3,0) [уничтожен]

======================================================================
ХОД 27
======================================================================
✓ 🎮 GM: начинаем ход
GM: start_turn

--- Радиовышки: сканирование слоя Z ---
  Радиовышка A2 (z=0): видит 1 врагов  → Паук B8(7,3,0)

--- Решения ботов ---
  [Team A] Радиовышка A2 (6,2,0) → MOVE (7,3,0)
  [Team A] Прыгун A3 (7,3,4) → SHOOT at (7,3,0)
  [Team A] Факел A4 (7,3,2) → SHOOT at (7,3,0)
  [Team A] Провокатор A7 (3,7,1) → HOLOGRAM (4,6,0)
  [Team A] Паук A8 (3,3,1) → MINE (4,3,0)
  [Team A] Тишина A5 → SKIP
  [Team B] Тишина B5 (5,1,0) → MOVE (6,2,0)
  [Team B] Паук B8 (7,3,0) → MINE (6,2,1)
  [Team C] Тишина C5 (8,3,0) → MOVE (7,3,1)
! 🎮 GM: принудительно завершает фазу планирования
GM: end_planning
# 
============================================================
# 🔄 ОБРАБОТКА ХОДА 27
# ============================================================
!    ⚠️ Провокатор A7: клетка (4,6,0) уже занята голограммой
!    ⚠️ Паук A8: в клетке уже стоит мина
!    ⚠️ Паук B8: в клетке уже стоит мина

📦 ПЕРЕМЕЩЕНИЯ:
!    ⚠️ Радиовышка A2: клетка (7,3,0) занята
!    ⚠️ Тишина B5: клетка (6,2,0) занята
!    ⚠️ Тишина C5: клетка (7,3,1) занята

🎯 ВЫСТРЕЛЫ:
!    🛡️ Выстрел Прыгун A3 заблокирован союзником Факел A4 в (7, 3, 2)
!    🛡️ Выстрел Факел A4 заблокирован союзником Тишина A5 в (7, 3, 1)
   Выпущено ракет: 2
# 
📊 РЕЗУЛЬТАТЫ ХОДА 27:
🎯 Попаданий нет

--- Результаты хода ---
  Попаданий нет

--- Состояние команд после хода ---
  Team A: живых 6/8
    ✓ Радиовышка A2      @ (6,2,0) hp=3/3
    ✓ Прыгун A3          @ (7,3,4) hp=2/2
    ✓ Факел A4           @ (7,3,2) hp=6/6
    ✓ Тишина A5          @ (7,3,1) hp=2/2
    ✓ Провокатор A7      @ (3,7,1) hp=2/2
    ✓ Паук A8            @ (3,3,1) hp=1/1
    ✗ Артиллерия A1      @ (3,8,1) [уничтожен]
    ✗ Бурав A6           @ (8,3,1) [уничтожен]
  Team B: живых 2/8
    ✓ Тишина B5          @ (5,1,0) hp=2/2
    ✓ Паук B8            @ (7,3,0) hp=1/1
    ✗ Артиллерия B1      @ (7,8,0) [уничтожен]
    ✗ Радиовышка B2      @ (6,7,1) [уничтожен]
    ✗ Прыгун B3          @ (9,3,6) [уничтожен]
    ✗ Факел B4           @ (9,3,2) [уничтожен]
    ✗ Бурав B6           @ (6,7,1) [уничтожен]
    ✗ Провокатор B7      @ (7,6,0) [уничтожен]
  Team C: живых 1/8
    ✓ Тишина C5          @ (8,3,0) hp=2/2
    ✗ Артиллерия C1      @ (9,3,2) [уничтожен]
    ✗ Радиовышка C2      @ (9,3,6) [уничтожен]
    ✗ Прыгун C3          @ (9,3,4) [уничтожен]
    ✗ Факел C4           @ (9,3,4) [уничтожен]
    ✗ Бурав C6           @ (9,3,5) [уничтожен]
    ✗ Провокатор C7      @ (9,3,3) [уничтожен]
    ✗ Паук C8            @ (9,3,0) [уничтожен]

======================================================================
ХОД 28
======================================================================
✓ 🎮 GM: начинаем ход
GM: start_turn

--- Радиовышки: сканирование слоя Z ---
  Радиовышка A2 (z=0): видит 1 врагов  → Паук B8(7,3,0)

--- Решения ботов ---
  [Team A] Радиовышка A2 (6,2,0) → MOVE (7,3,0)
  [Team A] Прыгун A3 (7,3,4) → SHOOT at (7,3,0)
  [Team A] Факел A4 (7,3,2) → SHOOT at (7,3,0)
  [Team A] Провокатор A7 (3,7,1) → HOLOGRAM (4,6,0)
  [Team A] Паук A8 (3,3,1) → MINE (4,3,0)
  [Team A] Тишина A5 → SKIP
  [Team B] Тишина B5 (5,1,0) → MOVE (6,2,0)
  [Team B] Паук B8 (7,3,0) → MINE (6,2,1)
  [Team C] Тишина C5 (8,3,0) → MOVE (7,3,1)
! 🎮 GM: принудительно завершает фазу планирования
GM: end_planning
# 
============================================================
# 🔄 ОБРАБОТКА ХОДА 28
# ============================================================
!    ⚠️ Провокатор A7: клетка (4,6,0) уже занята голограммой
!    ⚠️ Паук A8: в клетке уже стоит мина
!    ⚠️ Паук B8: в клетке уже стоит мина

📦 ПЕРЕМЕЩЕНИЯ:
!    ⚠️ Радиовышка A2: клетка (7,3,0) занята
!    ⚠️ Тишина B5: клетка (6,2,0) занята
!    ⚠️ Тишина C5: клетка (7,3,1) занята

🎯 ВЫСТРЕЛЫ:
!    🛡️ Выстрел Прыгун A3 заблокирован союзником Факел A4 в (7, 3, 2)
!    🛡️ Выстрел Факел A4 заблокирован союзником Тишина A5 в (7, 3, 1)
   Выпущено ракет: 2
# 
📊 РЕЗУЛЬТАТЫ ХОДА 28:
🎯 Попаданий нет

--- Результаты хода ---
  Попаданий нет

--- Состояние команд после хода ---
  Team A: живых 6/8
    ✓ Радиовышка A2      @ (6,2,0) hp=3/3
    ✓ Прыгун A3          @ (7,3,4) hp=2/2
    ✓ Факел A4           @ (7,3,2) hp=6/6
    ✓ Тишина A5          @ (7,3,1) hp=2/2
    ✓ Провокатор A7      @ (3,7,1) hp=2/2
    ✓ Паук A8            @ (3,3,1) hp=1/1
    ✗ Артиллерия A1      @ (3,8,1) [уничтожен]
    ✗ Бурав A6           @ (8,3,1) [уничтожен]
  Team B: живых 2/8
    ✓ Тишина B5          @ (5,1,0) hp=2/2
    ✓ Паук B8            @ (7,3,0) hp=1/1
    ✗ Артиллерия B1      @ (7,8,0) [уничтожен]
    ✗ Радиовышка B2      @ (6,7,1) [уничтожен]
    ✗ Прыгун B3          @ (9,3,6) [уничтожен]
    ✗ Факел B4           @ (9,3,2) [уничтожен]
    ✗ Бурав B6           @ (6,7,1) [уничтожен]
    ✗ Провокатор B7      @ (7,6,0) [уничтожен]
  Team C: живых 1/8
    ✓ Тишина C5          @ (8,3,0) hp=2/2
    ✗ Артиллерия C1      @ (9,3,2) [уничтожен]
    ✗ Радиовышка C2      @ (9,3,6) [уничтожен]
    ✗ Прыгун C3          @ (9,3,4) [уничтожен]
    ✗ Факел C4           @ (9,3,4) [уничтожен]
    ✗ Бурав C6           @ (9,3,5) [уничтожен]
    ✗ Провокатор C7      @ (9,3,3) [уничтожен]
    ✗ Паук C8            @ (9,3,0) [уничтожен]

======================================================================
ХОД 29
======================================================================
✓ 🎮 GM: начинаем ход
GM: start_turn

--- Радиовышки: сканирование слоя Z ---
  Радиовышка A2 (z=0): видит 1 врагов  → Паук B8(7,3,0)

--- Решения ботов ---
  [Team A] Радиовышка A2 (6,2,0) → MOVE (7,3,0)
  [Team A] Прыгун A3 (7,3,4) → SHOOT at (7,3,0)
  [Team A] Факел A4 (7,3,2) → SHOOT at (7,3,0)
  [Team A] Провокатор A7 (3,7,1) → HOLOGRAM (4,6,0)
  [Team A] Паук A8 (3,3,1) → MINE (4,3,0)
  [Team A] Тишина A5 → SKIP
  [Team B] Тишина B5 (5,1,0) → MOVE (6,2,0)
  [Team B] Паук B8 (7,3,0) → MINE (6,2,1)
  [Team C] Тишина C5 (8,3,0) → MOVE (7,3,1)
! 🎮 GM: принудительно завершает фазу планирования
GM: end_planning
# 
============================================================
# 🔄 ОБРАБОТКА ХОДА 29
# ============================================================
!    ⚠️ Провокатор A7: клетка (4,6,0) уже занята голограммой
!    ⚠️ Паук A8: в клетке уже стоит мина
!    ⚠️ Паук B8: в клетке уже стоит мина

📦 ПЕРЕМЕЩЕНИЯ:
!    ⚠️ Радиовышка A2: клетка (7,3,0) занята
!    ⚠️ Тишина B5: клетка (6,2,0) занята
!    ⚠️ Тишина C5: клетка (7,3,1) занята

🎯 ВЫСТРЕЛЫ:
!    🛡️ Выстрел Прыгун A3 заблокирован союзником Факел A4 в (7, 3, 2)
!    🛡️ Выстрел Факел A4 заблокирован союзником Тишина A5 в (7, 3, 1)
   Выпущено ракет: 2
# 
📊 РЕЗУЛЬТАТЫ ХОДА 29:
🎯 Попаданий нет

--- Результаты хода ---
  Попаданий нет

--- Состояние команд после хода ---
  Team A: живых 6/8
    ✓ Радиовышка A2      @ (6,2,0) hp=3/3
    ✓ Прыгун A3          @ (7,3,4) hp=2/2
    ✓ Факел A4           @ (7,3,2) hp=6/6
    ✓ Тишина A5          @ (7,3,1) hp=2/2
    ✓ Провокатор A7      @ (3,7,1) hp=2/2
    ✓ Паук A8            @ (3,3,1) hp=1/1
    ✗ Артиллерия A1      @ (3,8,1) [уничтожен]
    ✗ Бурав A6           @ (8,3,1) [уничтожен]
  Team B: живых 2/8
    ✓ Тишина B5          @ (5,1,0) hp=2/2
    ✓ Паук B8            @ (7,3,0) hp=1/1
    ✗ Артиллерия B1      @ (7,8,0) [уничтожен]
    ✗ Радиовышка B2      @ (6,7,1) [уничтожен]
    ✗ Прыгун B3          @ (9,3,6) [уничтожен]
    ✗ Факел B4           @ (9,3,2) [уничтожен]
    ✗ Бурав B6           @ (6,7,1) [уничтожен]
    ✗ Провокатор B7      @ (7,6,0) [уничтожен]
  Team C: живых 1/8
    ✓ Тишина C5          @ (8,3,0) hp=2/2
    ✗ Артиллерия C1      @ (9,3,2) [уничтожен]
    ✗ Радиовышка C2      @ (9,3,6) [уничтожен]
    ✗ Прыгун C3          @ (9,3,4) [уничтожен]
    ✗ Факел C4           @ (9,3,4) [уничтожен]
    ✗ Бурав C6           @ (9,3,5) [уничтожен]
    ✗ Провокатор C7      @ (9,3,3) [уничтожен]
    ✗ Паук C8            @ (9,3,0) [уничтожен]

======================================================================
ХОД 30
======================================================================
✓ 🎮 GM: начинаем ход
GM: start_turn

--- Радиовышки: сканирование слоя Z ---
  Радиовышка A2 (z=0): видит 1 врагов  → Паук B8(7,3,0)

--- Решения ботов ---
  [Team A] Радиовышка A2 (6,2,0) → MOVE (7,3,0)
  [Team A] Прыгун A3 (7,3,4) → SHOOT at (7,3,0)
  [Team A] Факел A4 (7,3,2) → SHOOT at (7,3,0)
  [Team A] Провокатор A7 (3,7,1) → HOLOGRAM (4,6,0)
  [Team A] Паук A8 (3,3,1) → MINE (4,3,0)
  [Team A] Тишина A5 → SKIP
  [Team B] Тишина B5 (5,1,0) → MOVE (6,2,0)
  [Team B] Паук B8 (7,3,0) → MINE (6,2,1)
  [Team C] Тишина C5 (8,3,0) → MOVE (7,3,1)
! 🎮 GM: принудительно завершает фазу планирования
GM: end_planning
# 
============================================================
# 🔄 ОБРАБОТКА ХОДА 30
# ============================================================
!    ⚠️ Провокатор A7: клетка (4,6,0) уже занята голограммой
!    ⚠️ Паук A8: в клетке уже стоит мина
!    ⚠️ Паук B8: в клетке уже стоит мина

📦 ПЕРЕМЕЩЕНИЯ:
!    ⚠️ Радиовышка A2: клетка (7,3,0) занята
!    ⚠️ Тишина B5: клетка (6,2,0) занята
!    ⚠️ Тишина C5: клетка (7,3,1) занята

🎯 ВЫСТРЕЛЫ:
!    🛡️ Выстрел Прыгун A3 заблокирован союзником Факел A4 в (7, 3, 2)
!    🛡️ Выстрел Факел A4 заблокирован союзником Тишина A5 в (7, 3, 1)
   Выпущено ракет: 2
# 
📊 РЕЗУЛЬТАТЫ ХОДА 30:
🎯 Попаданий нет

--- Результаты хода ---
  Попаданий нет

--- Состояние команд после хода ---
  Team A: живых 6/8
    ✓ Радиовышка A2      @ (6,2,0) hp=3/3
    ✓ Прыгун A3          @ (7,3,4) hp=2/2
    ✓ Факел A4           @ (7,3,2) hp=6/6
    ✓ Тишина A5          @ (7,3,1) hp=2/2
    ✓ Провокатор A7      @ (3,7,1) hp=2/2
    ✓ Паук A8            @ (3,3,1) hp=1/1
    ✗ Артиллерия A1      @ (3,8,1) [уничтожен]
    ✗ Бурав A6           @ (8,3,1) [уничтожен]
  Team B: живых 2/8
    ✓ Тишина B5          @ (5,1,0) hp=2/2
    ✓ Паук B8            @ (7,3,0) hp=1/1
    ✗ Артиллерия B1      @ (7,8,0) [уничтожен]
    ✗ Радиовышка B2      @ (6,7,1) [уничтожен]
    ✗ Прыгун B3          @ (9,3,6) [уничтожен]
    ✗ Факел B4           @ (9,3,2) [уничтожен]
    ✗ Бурав B6           @ (6,7,1) [уничтожен]
    ✗ Провокатор B7      @ (7,6,0) [уничтожен]
  Team C: живых 1/8
    ✓ Тишина C5          @ (8,3,0) hp=2/2
    ✗ Артиллерия C1      @ (9,3,2) [уничтожен]
    ✗ Радиовышка C2      @ (9,3,6) [уничтожен]
    ✗ Прыгун C3          @ (9,3,4) [уничтожен]
    ✗ Факел C4           @ (9,3,4) [уничтожен]
    ✗ Бурав C6           @ (9,3,5) [уничтожен]
    ✗ Провокатор C7      @ (9,3,3) [уничтожен]
    ✗ Паук C8            @ (9,3,0) [уничтожен]

======================================================================
ИТОГ
======================================================================
Лимит ходов (30) исчерпан, ничья/пат.

--- Сводка по командам ---
  Team A: 6/8 живых; hp=16
  Team B: 2/8 живых; hp=3
  Team C: 1/8 живых; hp=2

--- Сводка по пассивкам радиовышек ---
  Team A: сканирований=30, всего врагов-в-слоях=38, уникальных эксклюзивных (видны только радиовышкой)=2
  Team B: сканирований=4, всего врагов-в-слоях=10, уникальных эксклюзивных (видны только радиовышкой)=0
  Team C: сканирований=6, всего врагов-в-слоях=0, уникальных эксклюзивных (видны только радиовышкой)=0

--- Сводка по попаданиям ---
  Всего событий (шоты+тараны+мины): 19
  Уничтожено кораблей всего: 15
  Team A: урон=20 хиты=1 тараны=6 мины(сработало)=0 убийств=7
  Team B: урон=24 хиты=1 тараны=6 мины(сработало)=3 убийств=7
  Team C: урон=4 хиты=0 тараны=0 мины(сработало)=2 убийств=1
! 🎮 GM: остановка игры
