======================================================================
Space Battle 10×10×10 — simulation run at 2026-04-20T13:39:21+00:00
Game mode: advanced
Seed: 134
✓ 🚀 Продвинутый режим: создаю разные типы кораблей
   Команда A: спавн вдоль оси Y от (8, 8, 3) до (8, 4, 3)
   Команда B: спавн вдоль оси Y от (3, 8, 9) до (3, 1, 9)
   Команда C: спавн вдоль оси X от (6, 9, 4) до (9, 9, 4)
✓ ✅ Создано 24 кораблей


--- СТАРТОВАЯ РАССТАНОВКА ---
  Team A: живых 8/8
    ✓ Артиллерия A1      @ (8,8,3) hp=1/1
    ✓ Радиовышка A2      @ (8,2,3) hp=3/3
    ✓ Прыгун A3          @ (8,0,3) hp=2/2
    ✓ Факел A4           @ (8,5,3) hp=6/6
    ✓ Тишина A5          @ (8,3,3) hp=2/2
    ✓ Бурав A6           @ (8,7,3) hp=4/4
    ✓ Провокатор A7      @ (8,6,3) hp=2/2
    ✓ Паук A8            @ (8,4,3) hp=1/1
  Team B: живых 8/8
    ✓ Артиллерия B1      @ (3,8,9) hp=1/1
    ✓ Радиовышка B2      @ (3,7,9) hp=3/3
    ✓ Прыгун B3          @ (3,0,9) hp=2/2
    ✓ Факел B4           @ (3,9,9) hp=6/6
    ✓ Тишина B5          @ (3,2,9) hp=2/2
    ✓ Бурав B6           @ (3,4,9) hp=4/4
    ✓ Провокатор B7      @ (3,5,9) hp=2/2
    ✓ Паук B8            @ (3,1,9) hp=1/1
  Team C: живых 8/8
    ✓ Артиллерия C1      @ (6,9,4) hp=1/1
    ✓ Радиовышка C2      @ (5,9,4) hp=3/3
    ✓ Прыгун C3          @ (4,9,4) hp=2/2
    ✓ Факел C4           @ (8,9,4) hp=6/6
    ✓ Тишина C5          @ (2,9,4) hp=2/2
    ✓ Бурав C6           @ (1,9,4) hp=4/4
    ✓ Провокатор C7      @ (3,9,4) hp=2/2
    ✓ Паук C8            @ (9,9,4) hp=1/1

======================================================================
ХОД 1
======================================================================
✓ 🎮 GM: начинаем ход
GM: start_turn

--- Радиовышки: сканирование слоя Z ---
  Радиовышка A2 (z=3): слой чист
  Радиовышка B2 (z=9): слой чист
  Радиовышка C2 (z=4): слой чист

--- Решения ботов ---
  [Team A] Артиллерия A1 (8,8,3) → SHOOT at (6,9,4)
  [Team A] Радиовышка A2 (8,2,3) → MOVE (7,3,4)
  [Team A] Прыгун A3 (8,0,3) → MOVE (7,1,4)
  [Team A] Тишина A5 (8,3,3) → PHASE toggle
  [Team A] Бурав A6 (8,7,3) → MOVE (7,8,4)
  [Team A] Провокатор A7 (8,6,3) → HOLOGRAM (7,7,4)
  [Team A] Паук A8 (8,4,3) → MOVE (7,5,4)
  [Team A] Факел A4 → SKIP
  [Team B] Артиллерия B1 (3,8,9) → SHOOT at (7,9,4)
  [Team B] Радиовышка B2 (3,7,9) → MOVE (4,6,8)
  [Team B] Прыгун B3 (3,0,9) → MOVE (4,1,8)
  [Team B] Тишина B5 (3,2,9) → MOVE (4,3,8)
  [Team B] Бурав B6 (3,4,9) → MOVE (4,5,8)
  [Team B] Провокатор B7 (3,5,9) → MOVE (3,5,8)
  [Team B] Паук B8 (3,1,9) → MOVE (4,2,8)
  [Team B] Факел B4 → SKIP
  [Team C] Артиллерия C1 (6,9,4) → SHOOT at (8,8,3)
  [Team C] Радиовышка C2 (5,9,4) → MOVE (6,8,3)
  [Team C] Прыгун C3 (4,9,4) → MOVE (5,8,3)
  [Team C] Факел C4 (8,9,4) → MOVE (7,9,4)
  [Team C] Тишина C5 (2,9,4) → PHASE toggle
  [Team C] Бурав C6 (1,9,4) → MOVE (2,8,3)
  [Team C] Провокатор C7 (3,9,4) → HOLOGRAM (4,8,3)
  [Team C] Паук C8 (9,9,4) → MINE (8,8,3)
! 🎮 GM: принудительно завершает фазу планирования
GM: end_planning
# 
============================================================
# 🔄 ОБРАБОТКА ХОДА 1
# ============================================================
   🌀 Тишина A5: уходит в фазу на 1 ход
   🌀 Тишина C5: уходит в фазу на 1 ход
   🪞 Провокатор A7 создал голограмму H1 в (7,7,4)
   🪞 Провокатор C7 создал голограмму H2 в (4,8,3)
!    ⚠️ Паук C8: клетка (8,8,3) занята кораблём

📦 ПЕРЕМЕЩЕНИЯ:
   Радиовышка A2: (8, 2, 3) → (7,3,4)
   Прыгун A3: (8, 0, 3) → (7,1,4)
!    ⚠️ Бурав A6: Бурав двигается только по 1 оси или по 2 осям строго диагонально
   Паук A8: (8, 4, 3) → (7,5,4)
   Радиовышка B2: (3, 7, 9) → (4,6,8)
   Прыгун B3: (3, 0, 9) → (4,1,8)
   Тишина B5: (3, 2, 9) → (4,3,8)
!    ⚠️ Бурав B6: Бурав двигается только по 1 оси или по 2 осям строго диагонально
   Провокатор B7: (3, 5, 9) → (3,5,8)
   Паук B8: (3, 1, 9) → (4,2,8)
   Радиовышка C2: (5, 9, 4) → (6,8,3)
   Прыгун C3: (4, 9, 4) → (5,8,3)
   Факел C4: (8, 9, 4) → (7,9,4)
!    ⚠️ Бурав C6: Бурав двигается только по 1 оси или по 2 осям строго диагонально

🎯 ВЫСТРЕЛЫ:
✓    ✅ Артиллерия A1 поразил Артиллерия C1 (2 урона)!
✓    ✅ Артиллерия B1 поразил Факел C4 (2 урона)!
✓    ✅ Артиллерия C1 поразил Артиллерия A1 (2 урона)!
   Выпущено ракет: 3
# 
📊 РЕЗУЛЬТАТЫ ХОДА 1:
✓ 💥 ПОПАДАНИЯ:
✓    Артиллерия A1 (Team A) → Артиллерия C1 (Team C)
✓    Артиллерия B1 (Team B) → Факел C4 (Team C)
✓    Артиллерия C1 (Team C) → Артиллерия A1 (Team A)

--- Результаты хода ---
  Team A / Артиллерия A1      → Team C / Артиллерия C1      @ (6,9,4)  (УБИТ)
  Team B / Артиллерия B1      → Team C / Факел C4           @ (7,9,4)  (ранен)
  Team C / Артиллерия C1      → Team A / Артиллерия A1      @ (8,8,3)  (УБИТ)

--- Состояние команд после хода ---
  Team A: живых 7/8
    ✓ Радиовышка A2      @ (7,3,4) hp=3/3
    ✓ Прыгун A3          @ (7,1,4) hp=2/2
    ✓ Факел A4           @ (8,5,3) hp=6/6
    ✓ Тишина A5          @ (8,3,3) hp=2/2
    ✓ Бурав A6           @ (8,7,3) hp=4/4
    ✓ Провокатор A7      @ (8,6,3) hp=2/2
    ✓ Паук A8            @ (7,5,4) hp=1/1
    ✗ Артиллерия A1      @ (8,8,3) [уничтожен]
  Team B: живых 8/8
    ✓ Артиллерия B1      @ (3,8,9) hp=1/1
    ✓ Радиовышка B2      @ (4,6,8) hp=3/3
    ✓ Прыгун B3          @ (4,1,8) hp=2/2
    ✓ Факел B4           @ (3,9,9) hp=6/6
    ✓ Тишина B5          @ (4,3,8) hp=2/2
    ✓ Бурав B6           @ (3,4,9) hp=4/4
    ✓ Провокатор B7      @ (3,5,8) hp=2/2
    ✓ Паук B8            @ (4,2,8) hp=1/1
  Team C: живых 7/8
    ✓ Радиовышка C2      @ (6,8,3) hp=3/3
    ✓ Прыгун C3          @ (5,8,3) hp=2/2
    ✓ Факел C4           @ (7,9,4) hp=4/6
    ✓ Тишина C5          @ (2,9,4) hp=2/2
    ✓ Бурав C6           @ (1,9,4) hp=4/4
    ✓ Провокатор C7      @ (3,9,4) hp=2/2
    ✓ Паук C8            @ (9,9,4) hp=1/1
    ✗ Артиллерия C1      @ (6,9,4) [уничтожен]

======================================================================
ХОД 2
======================================================================
✓ 🎮 GM: начинаем ход
GM: start_turn

--- Радиовышки: сканирование слоя Z ---
  Радиовышка A2 (z=4): видит 4 врагов [+1 эксклюзивно] → Бурав C6(1,9,4), Провокатор C7(3,9,4), Факел C4(7,9,4), Паук C8(9,9,4)
  Радиовышка B2 (z=8): слой чист
  Радиовышка C2 (z=3): видит 3 врагов  → Факел A4(8,5,3), Провокатор A7(8,6,3), Бурав A6(8,7,3)

--- Решения ботов ---
  [Team A] Радиовышка A2 (7,3,4) → MOVE (6,4,5)
  [Team A] Прыгун A3 (7,1,4) → MOVE (6,1,5)
  [Team A] Факел A4 (8,5,3) → MOVE (7,4,4)
  [Team A] Тишина A5 (8,3,3) → MOVE (7,4,3)
  [Team A] Бурав A6 (8,7,3) → MOVE (7,8,3)
  [Team A] Провокатор A7 (8,6,3) → HOLOGRAM (7,7,3)
  [Team A] Паук A8 (7,5,4) → MINE (6,6,3)
  [Team B] Артиллерия B1 (3,8,9) → SHOOT at (3,9,4)
  [Team B] Радиовышка B2 (4,6,8) → MOVE (5,5,7)
  [Team B] Прыгун B3 (4,1,8) → MOVE (5,2,7)
  [Team B] Факел B4 (3,9,9) → SHOOT at (3,9,4)
  [Team B] Тишина B5 (4,3,8) → PHASE toggle
  [Team B] Бурав B6 (3,4,9) → MOVE (4,4,8)
  [Team B] Провокатор B7 (3,5,8) → HOLOGRAM (4,4,7)
  [Team B] Паук B8 (4,2,8) → MINE (5,3,7)
  [Team C] Радиовышка C2 (6,8,3) → MOVE (7,7,3)
  [Team C] Прыгун C3 (5,8,3) → MOVE (6,7,3)
  [Team C] Факел C4 (7,9,4) → HEAL (AoE)
  [Team C] Тишина C5 (2,9,4) → MOVE (3,8,5)
  [Team C] Бурав C6 (1,9,4) → MOVE (2,8,5)
  [Team C] Провокатор C7 (3,9,4) → HOLOGRAM (4,8,4)
  [Team C] Паук C8 (9,9,4) → MINE (8,8,3)
! 🎮 GM: принудительно завершает фазу планирования
GM: end_planning
# 
============================================================
# 🔄 ОБРАБОТКА ХОДА 2
# ============================================================
   🌀 Тишина A5: фаза спала (действовала 1 ход)
   🌀 Тишина C5: фаза спала (действовала 1 ход)
   🌀 Тишина B5: уходит в фазу на 1 ход
   🪞 Провокатор A7 создал голограмму H3 в (7,7,3)
   🪞 Провокатор B7 создал голограмму H4 в (4,4,7)
   🪞 Провокатор C7 создал голограмму H5 в (4,8,4)
   💣 Паук A8 установил мину M1 в (6,6,3)
   💣 Паук B8 установил мину M2 в (5,3,7)
   💣 Паук C8 установил мину M3 в (8,8,3)

📦 ПЕРЕМЕЩЕНИЯ:
   Радиовышка A2: (7, 3, 4) → (6,4,5)
   Прыгун A3: (7, 1, 4) → (6,1,5)
   Факел A4: (8, 5, 3) → (7,4,4)
   Тишина A5: (8, 3, 3) → (7,4,3)
   Бурав A6: (8, 7, 3) → (7,8,3)
   Радиовышка B2: (4, 6, 8) → (5,5,7)
   Прыгун B3: (4, 1, 8) → (5,2,7)
   Бурав B6: (3, 4, 9) → (4,4,8)
!    ⚠️ Радиовышка C2: клетка (7,7,3) занята
   Прыгун C3: (5, 8, 3) → (6,7,3)
   Тишина C5: (2, 9, 4) → (3,8,5)
!    ⚠️ Бурав C6: Бурав двигается только по 1 оси или по 2 осям строго диагонально

🎯 ВЫСТРЕЛЫ:
✓    ✅ Артиллерия B1 поразил Провокатор C7 (2 урона)!
   💀 Факел B4 добивает Провокатор C7
✓    ✅ Факел B4 поразил Провокатор C7 (1 урона)!
✓    💚 Факел C4 лечит Факел C4 → hits=1/6
   Выпущено ракет: 2
# 
📊 РЕЗУЛЬТАТЫ ХОДА 2:
✓ 💥 ПОПАДАНИЯ:
✓    Артиллерия B1 (Team B) → Провокатор C7 (Team C)
✓    Факел B4 (Team B) → Провокатор C7 (Team C)

--- Результаты хода ---
  Team B / Артиллерия B1      → Team C / Провокатор C7      @ (3,9,4)  (УБИТ)
  Team B / Факел B4           → Team C / Провокатор C7      @ (3,9,4)  (ранен)

--- Состояние команд после хода ---
  Team A: живых 7/8
    ✓ Радиовышка A2      @ (6,4,5) hp=3/3
    ✓ Прыгун A3          @ (6,1,5) hp=2/2
    ✓ Факел A4           @ (7,4,4) hp=6/6
    ✓ Тишина A5          @ (7,4,3) hp=2/2
    ✓ Бурав A6           @ (7,8,3) hp=4/4
    ✓ Провокатор A7      @ (8,6,3) hp=2/2
    ✓ Паук A8            @ (7,5,4) hp=1/1
    ✗ Артиллерия A1      @ (8,8,3) [уничтожен]
  Team B: живых 8/8
    ✓ Артиллерия B1      @ (3,8,9) hp=1/1
    ✓ Радиовышка B2      @ (5,5,7) hp=3/3
    ✓ Прыгун B3          @ (5,2,7) hp=2/2
    ✓ Факел B4           @ (3,9,9) hp=6/6
    ✓ Тишина B5          @ (4,3,8) hp=2/2
    ✓ Бурав B6           @ (4,4,8) hp=4/4
    ✓ Провокатор B7      @ (3,5,8) hp=2/2
    ✓ Паук B8            @ (4,2,8) hp=1/1
  Team C: живых 6/8
    ✓ Радиовышка C2      @ (6,8,3) hp=3/3
    ✓ Прыгун C3          @ (6,7,3) hp=2/2
    ✓ Факел C4           @ (7,9,4) hp=5/6
    ✓ Тишина C5          @ (3,8,5) hp=2/2
    ✓ Бурав C6           @ (1,9,4) hp=4/4
    ✓ Паук C8            @ (9,9,4) hp=1/1
    ✗ Артиллерия C1      @ (6,9,4) [уничтожен]
    ✗ Провокатор C7      @ (3,9,4) [уничтожен]

======================================================================
ХОД 3
======================================================================
✓ 🎮 GM: начинаем ход
GM: start_turn

--- Радиовышки: сканирование слоя Z ---
  Радиовышка A2 (z=5): видит 1 врагов  → Тишина C5(3,8,5)
  Радиовышка B2 (z=7): слой чист
  Радиовышка C2 (z=3): видит 3 врагов  → Тишина A5(7,4,3), Бурав A6(7,8,3), Провокатор A7(8,6,3)

--- Решения ботов ---
  [Team A] Радиовышка A2 (6,4,5) → MOVE (5,5,6)
  [Team A] Прыгун A3 (6,1,5) → MOVE (5,2,7)
  [Team A] Факел A4 (7,4,4) → SHOOT at (7,9,4)
  [Team A] Тишина A5 (7,4,3) → MOVE (6,5,3)
  [Team A] Бурав A6 (7,8,3) → MOVE (7,9,4)
  [Team A] Провокатор A7 (8,6,3) → HOLOGRAM (7,7,3)
  [Team A] Паук A8 (7,5,4) → MINE (6,6,3)
  [Team B] Артиллерия B1 (3,8,9) → SHOOT at (8,6,3)
  [Team B] Радиовышка B2 (5,5,7) → MOVE (6,4,6)
  [Team B] Прыгун B3 (5,2,7) → MOVE (6,1,5)
  [Team B] Тишина B5 (4,3,8) → MOVE (5,4,7)
  [Team B] Бурав B6 (4,4,8) → MOVE (4,4,7)
  [Team B] Провокатор B7 (3,5,8) → HOLOGRAM (3,4,7)
  [Team B] Паук B8 (4,2,8) → MINE (5,3,7)
  [Team B] Факел B4 → SKIP
  [Team C] Радиовышка C2 (6,8,3) → MOVE (7,8,3)
  [Team C] Прыгун C3 (6,7,3) → MOVE (8,6,3)
  [Team C] Факел C4 (7,9,4) → HEAL (AoE)
  [Team C] Тишина C5 (3,8,5) → MOVE (4,7,6)
  [Team C] Бурав C6 (1,9,4) → MOVE (2,8,5)
  [Team C] Паук C8 (9,9,4) → MINE (8,8,3)
! 🎮 GM: принудительно завершает фазу планирования
GM: end_planning
# 
============================================================
# 🔄 ОБРАБОТКА ХОДА 3
# ============================================================
   🌀 Тишина B5: фаза спала (действовала 1 ход)
!    ⚠️ Провокатор A7: клетка (7,7,3) уже занята голограммой
   🪞 Провокатор B7 создал голограмму H6 в (3,4,7)
!    ⚠️ Паук A8: в клетке уже стоит мина
!    ⚠️ Паук B8: в клетке уже стоит мина
!    ⚠️ Паук C8: в клетке уже стоит мина

📦 ПЕРЕМЕЩЕНИЯ:
   Радиовышка A2: (6, 4, 5) → (5,5,6)
✓    💥 Прыгун A3 тараном уничтожил Прыгун B3 в (5,2,7)
   Прыгун A3: (6, 1, 5) → (5,2,7)
   Тишина A5: (7, 4, 3) → (6,5,3)
✓    💥 Бурав A6 тараном уничтожил Факел C4 в (7,9,4)
   Бурав A6: (7, 8, 3) → (7,9,4)
   Радиовышка B2: (5, 5, 7) → (6,4,6)
   Тишина B5: (4, 3, 8) → (5,4,7)
   Бурав B6: (4, 4, 8) → (4,4,7)
   Радиовышка C2: (6, 8, 3) → (7,8,3)
✓    💥 Прыгун C3 тараном уничтожил Провокатор A7 в (8,6,3)
   Прыгун C3: (6, 7, 3) → (8,6,3)
   Тишина C5: (3, 8, 5) → (4,7,6)
!    ⚠️ Бурав C6: Бурав двигается только по 1 оси или по 2 осям строго диагонально

🎯 ВЫСТРЕЛЫ:
!    🛡️ Выстрел Факел A4 заблокирован союзником Паук A8 в (7, 5, 4)
✓    ✅ Артиллерия B1 поразил Прыгун C3 (2 урона)!
   Выпущено ракет: 2
# 
📊 РЕЗУЛЬТАТЫ ХОДА 3:
✓ 💥 ПОПАДАНИЯ:
✓    Артиллерия B1 (Team B) → Прыгун C3 (Team C)

--- Результаты хода ---
  Team A / Прыгун A3          → Team B / Прыгун B3          @ (5,2,7)  (УБИТ)
  Team A / Бурав A6           → Team C / Факел C4           @ (7,9,4)  (УБИТ)
  Team C / Прыгун C3          → Team A / Провокатор A7      @ (8,6,3)  (УБИТ)
  Team B / Артиллерия B1      → Team C / Прыгун C3          @ (8,6,3)  (УБИТ)

--- Состояние команд после хода ---
  Team A: живых 6/8
    ✓ Радиовышка A2      @ (5,5,6) hp=3/3
    ✓ Прыгун A3          @ (5,2,7) hp=2/2
    ✓ Факел A4           @ (7,4,4) hp=6/6
    ✓ Тишина A5          @ (6,5,3) hp=2/2
    ✓ Бурав A6           @ (7,9,4) hp=4/4
    ✓ Паук A8            @ (7,5,4) hp=1/1
    ✗ Артиллерия A1      @ (8,8,3) [уничтожен]
    ✗ Провокатор A7      @ (8,6,3) [уничтожен]
  Team B: живых 7/8
    ✓ Артиллерия B1      @ (3,8,9) hp=1/1
    ✓ Радиовышка B2      @ (6,4,6) hp=3/3
    ✓ Факел B4           @ (3,9,9) hp=6/6
    ✓ Тишина B5          @ (5,4,7) hp=2/2
    ✓ Бурав B6           @ (4,4,7) hp=4/4
    ✓ Провокатор B7      @ (3,5,8) hp=2/2
    ✓ Паук B8            @ (4,2,8) hp=1/1
    ✗ Прыгун B3          @ (5,2,7) [уничтожен]
  Team C: живых 4/8
    ✓ Радиовышка C2      @ (7,8,3) hp=3/3
    ✓ Тишина C5          @ (4,7,6) hp=2/2
    ✓ Бурав C6           @ (1,9,4) hp=4/4
    ✓ Паук C8            @ (9,9,4) hp=1/1
    ✗ Артиллерия C1      @ (6,9,4) [уничтожен]
    ✗ Прыгун C3          @ (8,6,3) [уничтожен]
    ✗ Факел C4           @ (7,9,4) [уничтожен]
    ✗ Провокатор C7      @ (3,9,4) [уничтожен]

======================================================================
ХОД 4
======================================================================
✓ 🎮 GM: начинаем ход
GM: start_turn

--- Радиовышки: сканирование слоя Z ---
  Радиовышка A2 (z=6): видит 2 врагов  → Радиовышка B2(6,4,6), Тишина C5(4,7,6)
  Радиовышка B2 (z=6): видит 2 врагов  → Радиовышка A2(5,5,6), Тишина C5(4,7,6)
  Радиовышка C2 (z=3): видит 1 врагов  → Тишина A5(6,5,3)

--- Решения ботов ---
  [Team A] Радиовышка A2 (5,5,6) → MOVE (6,4,6)
  [Team A] Прыгун A3 (5,2,7) → MOVE (4,4,7)
  [Team A] Факел A4 (7,4,4) → MOVE (6,3,5)
  [Team A] Тишина A5 (6,5,3) → MOVE (6,4,4)
  [Team A] Бурав A6 (7,9,4) → MOVE (7,8,3)
  [Team A] Паук A8 (7,5,4) → MINE (6,4,5)
  [Team B] Артиллерия B1 (3,8,9) → SHOOT at (5,2,7)
  [Team B] Радиовышка B2 (6,4,6) → MOVE (5,5,6)
  [Team B] Тишина B5 (5,4,7) → MOVE (5,4,6)
  [Team B] Бурав B6 (4,4,7) → MOVE (7,4,4)
  [Team B] Провокатор B7 (3,5,8) → HOLOGRAM (4,5,7)
  [Team B] Паук B8 (4,2,8) → MINE (5,2,7)
  [Team B] Факел B4 → SKIP
  [Team C] Радиовышка C2 (7,8,3) → MOVE (7,9,4)
  [Team C] Тишина C5 (4,7,6) → MOVE (5,6,6)
  [Team C] Бурав C6 (1,9,4) → MOVE (2,8,5)
  [Team C] Паук C8 (9,9,4) → MINE (8,9,4)
! 🎮 GM: принудительно завершает фазу планирования
GM: end_planning
# 
============================================================
# 🔄 ОБРАБОТКА ХОДА 4
# ============================================================
   🪞 Провокатор B7 создал голограмму H7 в (4,5,7)
   💣 Паук A8 установил мину M4 в (6,4,5)
!    ⚠️ Паук B8: клетка (5,2,7) занята кораблём
   💣 Паук C8 установил мину M5 в (8,9,4)

📦 ПЕРЕМЕЩЕНИЯ:
!    ⚠️ Радиовышка A2: клетка (6,4,6) занята
✓    💥 Прыгун A3 тараном уничтожил Бурав B6 в (4,4,7)
   Прыгун A3: (5, 2, 7) → (4,4,7)
   Факел A4: (7, 4, 4) → (6,3,5)
   Тишина A5: (6, 5, 3) → (6,4,4)
✓    💥 Бурав A6 тараном уничтожил Радиовышка C2 в (7,8,3)
   Бурав A6: (7, 9, 4) → (7,8,3)
!    ⚠️ Радиовышка B2: клетка (5,5,6) занята
   Тишина B5: (5, 4, 7) → (5,4,6)
   Тишина C5: (4, 7, 6) → (5,6,6)
!    ⚠️ Бурав C6: Бурав двигается только по 1 оси или по 2 осям строго диагонально

🎯 ВЫСТРЕЛЫ:
   Выпущено ракет: 1
# 
📊 РЕЗУЛЬТАТЫ ХОДА 4:
🎯 Попаданий нет

--- Результаты хода ---
  Team A / Прыгун A3          → Team B / Бурав B6           @ (4,4,7)  (УБИТ)
  Team A / Бурав A6           → Team C / Радиовышка C2      @ (7,8,3)  (УБИТ)

--- Состояние команд после хода ---
  Team A: живых 6/8
    ✓ Радиовышка A2      @ (5,5,6) hp=3/3
    ✓ Прыгун A3          @ (4,4,7) hp=2/2
    ✓ Факел A4           @ (6,3,5) hp=6/6
    ✓ Тишина A5          @ (6,4,4) hp=2/2
    ✓ Бурав A6           @ (7,8,3) hp=4/4
    ✓ Паук A8            @ (7,5,4) hp=1/1
    ✗ Артиллерия A1      @ (8,8,3) [уничтожен]
    ✗ Провокатор A7      @ (8,6,3) [уничтожен]
  Team B: живых 6/8
    ✓ Артиллерия B1      @ (3,8,9) hp=1/1
    ✓ Радиовышка B2      @ (6,4,6) hp=3/3
    ✓ Факел B4           @ (3,9,9) hp=6/6
    ✓ Тишина B5          @ (5,4,6) hp=2/2
    ✓ Провокатор B7      @ (3,5,8) hp=2/2
    ✓ Паук B8            @ (4,2,8) hp=1/1
    ✗ Прыгун B3          @ (5,2,7) [уничтожен]
    ✗ Бурав B6           @ (4,4,7) [уничтожен]
  Team C: живых 3/8
    ✓ Тишина C5          @ (5,6,6) hp=2/2
    ✓ Бурав C6           @ (1,9,4) hp=4/4
    ✓ Паук C8            @ (9,9,4) hp=1/1
    ✗ Артиллерия C1      @ (6,9,4) [уничтожен]
    ✗ Радиовышка C2      @ (7,8,3) [уничтожен]
    ✗ Прыгун C3          @ (8,6,3) [уничтожен]
    ✗ Факел C4           @ (7,9,4) [уничтожен]
    ✗ Провокатор C7      @ (3,9,4) [уничтожен]

======================================================================
ХОД 5
======================================================================
✓ 🎮 GM: начинаем ход
GM: start_turn

--- Радиовышки: сканирование слоя Z ---
  Радиовышка A2 (z=6): видит 3 врагов  → Тишина B5(5,4,6), Радиовышка B2(6,4,6), Тишина C5(5,6,6)
  Радиовышка B2 (z=6): видит 2 врагов  → Радиовышка A2(5,5,6), Тишина C5(5,6,6)

--- Решения ботов ---
  [Team A] Радиовышка A2 (5,5,6) → MOVE (6,4,6)
  [Team A] Прыгун A3 (4,4,7) → MOVE (3,5,8)
  [Team A] Факел A4 (6,3,5) → MOVE (5,4,6)
  [Team A] Тишина A5 (6,4,4) → PHASE toggle
  [Team A] Бурав A6 (7,8,3) → MOVE (8,9,4)
  [Team A] Паук A8 (7,5,4) → MINE (6,4,5)
  [Team B] Артиллерия B1 (3,8,9) → SHOOT at (4,4,7)
  [Team B] Радиовышка B2 (6,4,6) → MOVE (5,5,6)
  [Team B] Провокатор B7 (3,5,8) → HOLOGRAM (4,4,7)
  [Team B] Паук B8 (4,2,8) → MINE (4,3,7)
  [Team B] Факел B4 → SKIP
  [Team B] Тишина B5 → SKIP
  [Team C] Тишина C5 (5,6,6) → PHASE toggle
  [Team C] Бурав C6 (1,9,4) → MOVE (2,8,5)
  [Team C] Паук C8 (9,9,4) → MINE (8,9,4)
! 🎮 GM: принудительно завершает фазу планирования
GM: end_planning
# 
============================================================
# 🔄 ОБРАБОТКА ХОДА 5
# ============================================================
   🌀 Тишина A5: уходит в фазу на 1 ход
   🌀 Тишина C5: уходит в фазу на 1 ход
!    ⚠️ Провокатор B7: клетка (4,4,7) занята кораблём
!    ⚠️ Паук A8: в клетке уже стоит мина
   💣 Паук B8 установил мину M6 в (4,3,7)
!    ⚠️ Паук C8: в клетке уже стоит мина

📦 ПЕРЕМЕЩЕНИЯ:
!    ⚠️ Радиовышка A2: клетка (6,4,6) занята
✓    💥 Прыгун A3 тараном уничтожил Провокатор B7 в (3,5,8)
   Прыгун A3: (4, 4, 7) → (3,5,8)
!    ⚠️ Факел A4: клетка (5,4,6) занята
!    ⚠️ Бурав A6: Бурав двигается только по 1 оси или по 2 осям строго диагонально
!    ⚠️ Радиовышка B2: клетка (5,5,6) занята
!    ⚠️ Бурав C6: Бурав двигается только по 1 оси или по 2 осям строго диагонально

🎯 ВЫСТРЕЛЫ:
   Выпущено ракет: 1
# 
📊 РЕЗУЛЬТАТЫ ХОДА 5:
🎯 Попаданий нет

--- Результаты хода ---
  Team A / Прыгун A3          → Team B / Провокатор B7      @ (3,5,8)  (УБИТ)

--- Состояние команд после хода ---
  Team A: живых 6/8
    ✓ Радиовышка A2      @ (5,5,6) hp=3/3
    ✓ Прыгун A3          @ (3,5,8) hp=2/2
    ✓ Факел A4           @ (6,3,5) hp=6/6
    ✓ Тишина A5          @ (6,4,4) hp=2/2
    ✓ Бурав A6           @ (7,8,3) hp=4/4
    ✓ Паук A8            @ (7,5,4) hp=1/1
    ✗ Артиллерия A1      @ (8,8,3) [уничтожен]
    ✗ Провокатор A7      @ (8,6,3) [уничтожен]
  Team B: живых 5/8
    ✓ Артиллерия B1      @ (3,8,9) hp=1/1
    ✓ Радиовышка B2      @ (6,4,6) hp=3/3
    ✓ Факел B4           @ (3,9,9) hp=6/6
    ✓ Тишина B5          @ (5,4,6) hp=2/2
    ✓ Паук B8            @ (4,2,8) hp=1/1
    ✗ Прыгун B3          @ (5,2,7) [уничтожен]
    ✗ Бурав B6           @ (4,4,7) [уничтожен]
    ✗ Провокатор B7      @ (3,5,8) [уничтожен]
  Team C: живых 3/8
    ✓ Тишина C5          @ (5,6,6) hp=2/2
    ✓ Бурав C6           @ (1,9,4) hp=4/4
    ✓ Паук C8            @ (9,9,4) hp=1/1
    ✗ Артиллерия C1      @ (6,9,4) [уничтожен]
    ✗ Радиовышка C2      @ (7,8,3) [уничтожен]
    ✗ Прыгун C3          @ (8,6,3) [уничтожен]
    ✗ Факел C4           @ (7,9,4) [уничтожен]
    ✗ Провокатор C7      @ (3,9,4) [уничтожен]

======================================================================
ХОД 6
======================================================================
✓ 🎮 GM: начинаем ход
GM: start_turn

--- Радиовышки: сканирование слоя Z ---
  Радиовышка A2 (z=6): видит 2 врагов  → Тишина B5(5,4,6), Радиовышка B2(6,4,6)
  Радиовышка B2 (z=6): видит 1 врагов  → Радиовышка A2(5,5,6)

--- Решения ботов ---
  [Team A] Радиовышка A2 (5,5,6) → MOVE (6,4,6)
  [Team A] Прыгун A3 (3,5,8) → MOVE (5,4,6)
  [Team A] Факел A4 (6,3,5) → MOVE (6,4,5)
  [Team A] Бурав A6 (7,8,3) → MOVE (8,9,4)
  [Team A] Паук A8 (7,5,4) → MINE (7,4,5)
  [Team A] Тишина A5 → SKIP
  [Team B] Артиллерия B1 (3,8,9) → SHOOT at (3,5,8)
  [Team B] Радиовышка B2 (6,4,6) → MOVE (5,5,6)
  [Team B] Тишина B5 (5,4,6) → PHASE toggle
  [Team B] Паук B8 (4,2,8) → MINE (5,3,7)
  [Team B] Факел B4 → SKIP
  [Team C] Тишина C5 (5,6,6) → MOVE (5,5,6)
  [Team C] Бурав C6 (1,9,4) → MOVE (2,8,5)
  [Team C] Паук C8 (9,9,4) → MINE (8,9,4)
! 🎮 GM: принудительно завершает фазу планирования
GM: end_planning
# 
============================================================
# 🔄 ОБРАБОТКА ХОДА 6
# ============================================================
   🌀 Тишина A5: фаза спала (действовала 1 ход)
   🌀 Тишина C5: фаза спала (действовала 1 ход)
   🌀 Тишина B5: уходит в фазу на 1 ход
   💣 Паук A8 установил мину M7 в (7,4,5)
!    ⚠️ Паук B8: в клетке уже стоит мина
!    ⚠️ Паук C8: в клетке уже стоит мина

📦 ПЕРЕМЕЩЕНИЯ:
!    ⚠️ Радиовышка A2: клетка (6,4,6) занята
✓    💥 Прыгун A3 пробивает фазу Тишина B5 тараном
✓    💥 Прыгун A3 тараном уничтожил Тишина B5 в (5,4,6)
   Прыгун A3: (3, 5, 8) → (5,4,6)
   Факел A4: (6, 3, 5) → (6,4,5)
!    ⚠️ Бурав A6: Бурав двигается только по 1 оси или по 2 осям строго диагонально
!    ⚠️ Радиовышка B2: клетка (5,5,6) занята
!    ⚠️ Тишина C5: клетка (5,5,6) занята
!    ⚠️ Бурав C6: Бурав двигается только по 1 оси или по 2 осям строго диагонально

🎯 ВЫСТРЕЛЫ:
   Выпущено ракет: 1
# 
📊 РЕЗУЛЬТАТЫ ХОДА 6:
🎯 Попаданий нет

--- Результаты хода ---
  Team A / Прыгун A3          → Team B / Тишина B5          @ (5,4,6)  (УБИТ)

--- Состояние команд после хода ---
  Team A: живых 6/8
    ✓ Радиовышка A2      @ (5,5,6) hp=3/3
    ✓ Прыгун A3          @ (5,4,6) hp=2/2
    ✓ Факел A4           @ (6,4,5) hp=6/6
    ✓ Тишина A5          @ (6,4,4) hp=2/2
    ✓ Бурав A6           @ (7,8,3) hp=4/4
    ✓ Паук A8            @ (7,5,4) hp=1/1
    ✗ Артиллерия A1      @ (8,8,3) [уничтожен]
    ✗ Провокатор A7      @ (8,6,3) [уничтожен]
  Team B: живых 4/8
    ✓ Артиллерия B1      @ (3,8,9) hp=1/1
    ✓ Радиовышка B2      @ (6,4,6) hp=3/3
    ✓ Факел B4           @ (3,9,9) hp=6/6
    ✓ Паук B8            @ (4,2,8) hp=1/1
    ✗ Прыгун B3          @ (5,2,7) [уничтожен]
    ✗ Тишина B5          @ (5,4,6) [уничтожен]
    ✗ Бурав B6           @ (4,4,7) [уничтожен]
    ✗ Провокатор B7      @ (3,5,8) [уничтожен]
  Team C: живых 3/8
    ✓ Тишина C5          @ (5,6,6) hp=2/2
    ✓ Бурав C6           @ (1,9,4) hp=4/4
    ✓ Паук C8            @ (9,9,4) hp=1/1
    ✗ Артиллерия C1      @ (6,9,4) [уничтожен]
    ✗ Радиовышка C2      @ (7,8,3) [уничтожен]
    ✗ Прыгун C3          @ (8,6,3) [уничтожен]
    ✗ Факел C4           @ (7,9,4) [уничтожен]
    ✗ Провокатор C7      @ (3,9,4) [уничтожен]

======================================================================
ХОД 7
======================================================================
✓ 🎮 GM: начинаем ход
GM: start_turn

--- Радиовышки: сканирование слоя Z ---
  Радиовышка A2 (z=6): видит 2 врагов  → Радиовышка B2(6,4,6), Тишина C5(5,6,6)
  Радиовышка B2 (z=6): видит 3 врагов  → Прыгун A3(5,4,6), Радиовышка A2(5,5,6), Тишина C5(5,6,6)

--- Решения ботов ---
  [Team A] Радиовышка A2 (5,5,6) → MOVE (6,4,6)
  [Team A] Прыгун A3 (5,4,6) → MOVE (5,6,6)
  [Team A] Факел A4 (6,4,5) → SHOOT at (6,4,6)
  [Team A] Бурав A6 (7,8,3) → MOVE (8,9,4)
  [Team A] Паук A8 (7,5,4) → MINE (7,4,5)
  [Team A] Тишина A5 → SKIP
  [Team B] Артиллерия B1 (3,8,9) → SHOOT at (5,4,6)
  [Team B] Радиовышка B2 (6,4,6) → MOVE (5,5,6)
  [Team B] Паук B8 (4,2,8) → MINE (5,3,7)
  [Team B] Факел B4 → SKIP
  [Team C] Тишина C5 (5,6,6) → MOVE (5,5,6)
  [Team C] Бурав C6 (1,9,4) → MOVE (2,8,5)
  [Team C] Паук C8 (9,9,4) → MINE (8,9,4)
! 🎮 GM: принудительно завершает фазу планирования
GM: end_planning
# 
============================================================
# 🔄 ОБРАБОТКА ХОДА 7
# ============================================================
!    ⚠️ Паук A8: в клетке уже стоит мина
!    ⚠️ Паук B8: в клетке уже стоит мина
!    ⚠️ Паук C8: в клетке уже стоит мина

📦 ПЕРЕМЕЩЕНИЯ:
!    ⚠️ Радиовышка A2: клетка (6,4,6) занята
✓    💥 Прыгун A3 тараном уничтожил Тишина C5 в (5,6,6)
   Прыгун A3: (5, 4, 6) → (5,6,6)
!    ⚠️ Бурав A6: Бурав двигается только по 1 оси или по 2 осям строго диагонально
!    ⚠️ Радиовышка B2: клетка (5,5,6) занята
!    ⚠️ Бурав C6: Бурав двигается только по 1 оси или по 2 осям строго диагонально

🎯 ВЫСТРЕЛЫ:
✓    ✅ Факел A4 поразил Радиовышка B2 (1 урона)!
   Выпущено ракет: 2
# 
📊 РЕЗУЛЬТАТЫ ХОДА 7:
✓ 💥 ПОПАДАНИЯ:
✓    Факел A4 (Team A) → Радиовышка B2 (Team B)

--- Результаты хода ---
  Team A / Прыгун A3          → Team C / Тишина C5          @ (5,6,6)  (УБИТ)
  Team A / Факел A4           → Team B / Радиовышка B2      @ (6,4,6)  (ранен)

--- Состояние команд после хода ---
  Team A: живых 6/8
    ✓ Радиовышка A2      @ (5,5,6) hp=3/3
    ✓ Прыгун A3          @ (5,6,6) hp=2/2
    ✓ Факел A4           @ (6,4,5) hp=6/6
    ✓ Тишина A5          @ (6,4,4) hp=2/2
    ✓ Бурав A6           @ (7,8,3) hp=4/4
    ✓ Паук A8            @ (7,5,4) hp=1/1
    ✗ Артиллерия A1      @ (8,8,3) [уничтожен]
    ✗ Провокатор A7      @ (8,6,3) [уничтожен]
  Team B: живых 4/8
    ✓ Артиллерия B1      @ (3,8,9) hp=1/1
    ✓ Радиовышка B2      @ (6,4,6) hp=2/3
    ✓ Факел B4           @ (3,9,9) hp=6/6
    ✓ Паук B8            @ (4,2,8) hp=1/1
    ✗ Прыгун B3          @ (5,2,7) [уничтожен]
    ✗ Тишина B5          @ (5,4,6) [уничтожен]
    ✗ Бурав B6           @ (4,4,7) [уничтожен]
    ✗ Провокатор B7      @ (3,5,8) [уничтожен]
  Team C: живых 2/8
    ✓ Бурав C6           @ (1,9,4) hp=4/4
    ✓ Паук C8            @ (9,9,4) hp=1/1
    ✗ Артиллерия C1      @ (6,9,4) [уничтожен]
    ✗ Радиовышка C2      @ (7,8,3) [уничтожен]
    ✗ Прыгун C3          @ (8,6,3) [уничтожен]
    ✗ Факел C4           @ (7,9,4) [уничтожен]
    ✗ Тишина C5          @ (5,6,6) [уничтожен]
    ✗ Провокатор C7      @ (3,9,4) [уничтожен]

======================================================================
ХОД 8
======================================================================
✓ 🎮 GM: начинаем ход
GM: start_turn

--- Радиовышки: сканирование слоя Z ---
  Радиовышка A2 (z=6): видит 1 врагов  → Радиовышка B2(6,4,6)
  Радиовышка B2 (z=6): видит 2 врагов  → Радиовышка A2(5,5,6), Прыгун A3(5,6,6)

--- Решения ботов ---
  [Team A] Радиовышка A2 (5,5,6) → MOVE (6,4,6)
  [Team A] Прыгун A3 (5,6,6) → MOVE (6,5,6)
  [Team A] Факел A4 (6,4,5) → SHOOT at (6,4,6)
  [Team A] Бурав A6 (7,8,3) → MOVE (8,9,4)
  [Team A] Паук A8 (7,5,4) → MINE (7,4,4)
  [Team A] Тишина A5 → SKIP
  [Team B] Артиллерия B1 (3,8,9) → SHOOT at (5,6,6)
  [Team B] Радиовышка B2 (6,4,6) → MOVE (5,5,6)
  [Team B] Факел B4 (3,9,9) → MOVE (4,8,8)
  [Team B] Паук B8 (4,2,8) → MINE (5,3,7)
  [Team C] Бурав C6 (1,9,4) → MOVE (2,8,5)
  [Team C] Паук C8 (9,9,4) → MINE (8,9,4)
! 🎮 GM: принудительно завершает фазу планирования
GM: end_planning
# 
============================================================
# 🔄 ОБРАБОТКА ХОДА 8
# ============================================================
   💣 Паук A8 установил мину M8 в (7,4,4)
!    ⚠️ Паук B8: в клетке уже стоит мина
!    ⚠️ Паук C8: в клетке уже стоит мина

📦 ПЕРЕМЕЩЕНИЯ:
!    ⚠️ Радиовышка A2: клетка (6,4,6) занята
   Прыгун A3: (5, 6, 6) → (6,5,6)
!    ⚠️ Бурав A6: Бурав двигается только по 1 оси или по 2 осям строго диагонально
!    ⚠️ Радиовышка B2: клетка (5,5,6) занята
   Факел B4: (3, 9, 9) → (4,8,8)
!    ⚠️ Бурав C6: Бурав двигается только по 1 оси или по 2 осям строго диагонально

🎯 ВЫСТРЕЛЫ:
✓    ✅ Факел A4 поразил Радиовышка B2 (1 урона)!
   Выпущено ракет: 2
# 
📊 РЕЗУЛЬТАТЫ ХОДА 8:
✓ 💥 ПОПАДАНИЯ:
✓    Факел A4 (Team A) → Радиовышка B2 (Team B)

--- Результаты хода ---
  Team A / Факел A4           → Team B / Радиовышка B2      @ (6,4,6)  (ранен)

--- Состояние команд после хода ---
  Team A: живых 6/8
    ✓ Радиовышка A2      @ (5,5,6) hp=3/3
    ✓ Прыгун A3          @ (6,5,6) hp=2/2
    ✓ Факел A4           @ (6,4,5) hp=6/6
    ✓ Тишина A5          @ (6,4,4) hp=2/2
    ✓ Бурав A6           @ (7,8,3) hp=4/4
    ✓ Паук A8            @ (7,5,4) hp=1/1
    ✗ Артиллерия A1      @ (8,8,3) [уничтожен]
    ✗ Провокатор A7      @ (8,6,3) [уничтожен]
  Team B: живых 4/8
    ✓ Артиллерия B1      @ (3,8,9) hp=1/1
    ✓ Радиовышка B2      @ (6,4,6) hp=1/3
    ✓ Факел B4           @ (4,8,8) hp=6/6
    ✓ Паук B8            @ (4,2,8) hp=1/1
    ✗ Прыгун B3          @ (5,2,7) [уничтожен]
    ✗ Тишина B5          @ (5,4,6) [уничтожен]
    ✗ Бурав B6           @ (4,4,7) [уничтожен]
    ✗ Провокатор B7      @ (3,5,8) [уничтожен]
  Team C: живых 2/8
    ✓ Бурав C6           @ (1,9,4) hp=4/4
    ✓ Паук C8            @ (9,9,4) hp=1/1
    ✗ Артиллерия C1      @ (6,9,4) [уничтожен]
    ✗ Радиовышка C2      @ (7,8,3) [уничтожен]
    ✗ Прыгун C3          @ (8,6,3) [уничтожен]
    ✗ Факел C4           @ (7,9,4) [уничтожен]
    ✗ Тишина C5          @ (5,6,6) [уничтожен]
    ✗ Провокатор C7      @ (3,9,4) [уничтожен]

======================================================================
ХОД 9
======================================================================
✓ 🎮 GM: начинаем ход
GM: start_turn

--- Радиовышки: сканирование слоя Z ---
  Радиовышка A2 (z=6): видит 1 врагов  → Радиовышка B2(6,4,6)
  Радиовышка B2 (z=6): видит 2 врагов  → Радиовышка A2(5,5,6), Прыгун A3(6,5,6)

--- Решения ботов ---
  [Team A] Радиовышка A2 (5,5,6) → MOVE (6,4,6)
  [Team A] Прыгун A3 (6,5,6) → SHOOT at (6,4,6)
  [Team A] Факел A4 (6,4,5) → SHOOT at (6,4,6)
  [Team A] Тишина A5 (6,4,4) → PHASE toggle
  [Team A] Бурав A6 (7,8,3) → MOVE (8,9,4)
  [Team A] Паук A8 (7,5,4) → MINE (6,5,5)
  [Team B] Артиллерия B1 (3,8,9) → SHOOT at (6,5,6)
  [Team B] Радиовышка B2 (6,4,6) → MOVE (5,5,6)
  [Team B] Факел B4 (4,8,8) → MOVE (5,7,7)
  [Team B] Паук B8 (4,2,8) → MINE (5,3,7)
  [Team C] Бурав C6 (1,9,4) → MOVE (2,8,5)
  [Team C] Паук C8 (9,9,4) → MINE (8,9,4)
! 🎮 GM: принудительно завершает фазу планирования
GM: end_planning
# 
============================================================
# 🔄 ОБРАБОТКА ХОДА 9
# ============================================================
   🌀 Тишина A5: уходит в фазу на 1 ход
   💣 Паук A8 установил мину M9 в (6,5,5)
!    ⚠️ Паук B8: в клетке уже стоит мина
!    ⚠️ Паук C8: в клетке уже стоит мина

📦 ПЕРЕМЕЩЕНИЯ:
!    ⚠️ Радиовышка A2: клетка (6,4,6) занята
!    ⚠️ Бурав A6: Бурав двигается только по 1 оси или по 2 осям строго диагонально
!    ⚠️ Радиовышка B2: клетка (5,5,6) занята
   Факел B4: (4, 8, 8) → (5,7,7)
!    ⚠️ Бурав C6: Бурав двигается только по 1 оси или по 2 осям строго диагонально

🎯 ВЫСТРЕЛЫ:
✓    ✅ Прыгун A3 поразил Радиовышка B2 (1 урона)!
   💀 Факел A4 добивает Радиовышка B2
✓    ✅ Факел A4 поразил Радиовышка B2 (1 урона)!
✓    ✅ Артиллерия B1 поразил Прыгун A3 (2 урона)!
   Выпущено ракет: 3
# 
📊 РЕЗУЛЬТАТЫ ХОДА 9:
✓ 💥 ПОПАДАНИЯ:
✓    Прыгун A3 (Team A) → Радиовышка B2 (Team B)
✓    Факел A4 (Team A) → Радиовышка B2 (Team B)
✓    Артиллерия B1 (Team B) → Прыгун A3 (Team A)

--- Результаты хода ---
  Team A / Прыгун A3          → Team B / Радиовышка B2      @ (6,4,6)  (УБИТ)
  Team A / Факел A4           → Team B / Радиовышка B2      @ (6,4,6)  (ранен)
  Team B / Артиллерия B1      → Team A / Прыгун A3          @ (6,5,6)  (УБИТ)

--- Состояние команд после хода ---
  Team A: живых 5/8
    ✓ Радиовышка A2      @ (5,5,6) hp=3/3
    ✓ Факел A4           @ (6,4,5) hp=6/6
    ✓ Тишина A5          @ (6,4,4) hp=2/2
    ✓ Бурав A6           @ (7,8,3) hp=4/4
    ✓ Паук A8            @ (7,5,4) hp=1/1
    ✗ Артиллерия A1      @ (8,8,3) [уничтожен]
    ✗ Прыгун A3          @ (6,5,6) [уничтожен]
    ✗ Провокатор A7      @ (8,6,3) [уничтожен]
  Team B: живых 3/8
    ✓ Артиллерия B1      @ (3,8,9) hp=1/1
    ✓ Факел B4           @ (5,7,7) hp=6/6
    ✓ Паук B8            @ (4,2,8) hp=1/1
    ✗ Радиовышка B2      @ (6,4,6) [уничтожен]
    ✗ Прыгун B3          @ (5,2,7) [уничтожен]
    ✗ Тишина B5          @ (5,4,6) [уничтожен]
    ✗ Бурав B6           @ (4,4,7) [уничтожен]
    ✗ Провокатор B7      @ (3,5,8) [уничтожен]
  Team C: живых 2/8
    ✓ Бурав C6           @ (1,9,4) hp=4/4
    ✓ Паук C8            @ (9,9,4) hp=1/1
    ✗ Артиллерия C1      @ (6,9,4) [уничтожен]
    ✗ Радиовышка C2      @ (7,8,3) [уничтожен]
    ✗ Прыгун C3          @ (8,6,3) [уничтожен]
    ✗ Факел C4           @ (7,9,4) [уничтожен]
    ✗ Тишина C5          @ (5,6,6) [уничтожен]
    ✗ Провокатор C7      @ (3,9,4) [уничтожен]

======================================================================
ХОД 10
======================================================================
✓ 🎮 GM: начинаем ход
GM: start_turn

--- Радиовышки: сканирование слоя Z ---
  Радиовышка A2 (z=6): слой чист

--- Решения ботов ---
  [Team A] Радиовышка A2 (5,5,6) → MOVE (5,6,7)
  [Team A] Факел A4 (6,4,5) → MOVE (7,4,4)
  [Team A] Тишина A5 (6,4,4) → MOVE (5,5,5)
  [Team A] Бурав A6 (7,8,3) → MOVE (8,9,4)
  [Team A] Паук A8 (7,5,4) → MINE (6,6,5)
  [Team B] Артиллерия B1 (3,8,9) → SHOOT at (7,5,4)
  [Team B] Факел B4 (5,7,7) → MOVE (4,8,8)
  [Team B] Паук B8 (4,2,8) → MINE (5,3,7)
  [Team C] Бурав C6 (1,9,4) → MOVE (2,8,5)
  [Team C] Паук C8 (9,9,4) → MINE (8,9,4)
! 🎮 GM: принудительно завершает фазу планирования
GM: end_planning
# 
============================================================
# 🔄 ОБРАБОТКА ХОДА 10
# ============================================================
   🌀 Тишина A5: фаза спала (действовала 1 ход)
   💣 Паук A8 установил мину M10 в (6,6,5)
!    ⚠️ Паук B8: в клетке уже стоит мина
!    ⚠️ Паук C8: в клетке уже стоит мина

📦 ПЕРЕМЕЩЕНИЯ:
   Радиовышка A2: (5, 5, 6) → (5,6,7)
   Факел A4: (6, 4, 5) → (7,4,4)
   Тишина A5: (6, 4, 4) → (5,5,5)
!    ⚠️ Бурав A6: Бурав двигается только по 1 оси или по 2 осям строго диагонально
   Факел B4: (5, 7, 7) → (4,8,8)
!    ⚠️ Бурав C6: Бурав двигается только по 1 оси или по 2 осям строго диагонально

🎯 ВЫСТРЕЛЫ:
✓    ✅ Артиллерия B1 поразил Паук A8 (2 урона)!
   Выпущено ракет: 1
# 
📊 РЕЗУЛЬТАТЫ ХОДА 10:
✓ 💥 ПОПАДАНИЯ:
✓    Артиллерия B1 (Team B) → Паук A8 (Team A)

--- Результаты хода ---
  Team B / Артиллерия B1      → Team A / Паук A8            @ (7,5,4)  (УБИТ)

--- Состояние команд после хода ---
  Team A: живых 4/8
    ✓ Радиовышка A2      @ (5,6,7) hp=3/3
    ✓ Факел A4           @ (7,4,4) hp=6/6
    ✓ Тишина A5          @ (5,5,5) hp=2/2
    ✓ Бурав A6           @ (7,8,3) hp=4/4
    ✗ Артиллерия A1      @ (8,8,3) [уничтожен]
    ✗ Прыгун A3          @ (6,5,6) [уничтожен]
    ✗ Провокатор A7      @ (8,6,3) [уничтожен]
    ✗ Паук A8            @ (7,5,4) [уничтожен]
  Team B: живых 3/8
    ✓ Артиллерия B1      @ (3,8,9) hp=1/1
    ✓ Факел B4           @ (4,8,8) hp=6/6
    ✓ Паук B8            @ (4,2,8) hp=1/1
    ✗ Радиовышка B2      @ (6,4,6) [уничтожен]
    ✗ Прыгун B3          @ (5,2,7) [уничтожен]
    ✗ Тишина B5          @ (5,4,6) [уничтожен]
    ✗ Бурав B6           @ (4,4,7) [уничтожен]
    ✗ Провокатор B7      @ (3,5,8) [уничтожен]
  Team C: живых 2/8
    ✓ Бурав C6           @ (1,9,4) hp=4/4
    ✓ Паук C8            @ (9,9,4) hp=1/1
    ✗ Артиллерия C1      @ (6,9,4) [уничтожен]
    ✗ Радиовышка C2      @ (7,8,3) [уничтожен]
    ✗ Прыгун C3          @ (8,6,3) [уничтожен]
    ✗ Факел C4           @ (7,9,4) [уничтожен]
    ✗ Тишина C5          @ (5,6,6) [уничтожен]
    ✗ Провокатор C7      @ (3,9,4) [уничтожен]

======================================================================
ХОД 11
======================================================================
✓ 🎮 GM: начинаем ход
GM: start_turn

--- Радиовышки: сканирование слоя Z ---
  Радиовышка A2 (z=7): слой чист

--- Решения ботов ---
  [Team A] Радиовышка A2 (5,6,7) → MOVE (4,7,8)
  [Team A] Факел A4 (7,4,4) → MOVE (7,5,3)
  [Team A] Тишина A5 (5,5,5) → MOVE (4,6,6)
  [Team A] Бурав A6 (7,8,3) → MOVE (8,9,4)
  [Team B] Артиллерия B1 (3,8,9) → SHOOT at (5,5,5)
  [Team B] Факел B4 (4,8,8) → MOVE (4,8,9)
  [Team B] Паук B8 (4,2,8) → MINE (5,3,7)
  [Team C] Бурав C6 (1,9,4) → MOVE (2,8,5)
  [Team C] Паук C8 (9,9,4) → MINE (8,9,4)
! 🎮 GM: принудительно завершает фазу планирования
GM: end_planning
# 
============================================================
# 🔄 ОБРАБОТКА ХОДА 11
# ============================================================
!    ⚠️ Паук B8: в клетке уже стоит мина
!    ⚠️ Паук C8: в клетке уже стоит мина

📦 ПЕРЕМЕЩЕНИЯ:
   Радиовышка A2: (5, 6, 7) → (4,7,8)
   Факел A4: (7, 4, 4) → (7,5,3)
   Тишина A5: (5, 5, 5) → (4,6,6)
!    ⚠️ Бурав A6: Бурав двигается только по 1 оси или по 2 осям строго диагонально
   Факел B4: (4, 8, 8) → (4,8,9)
!    ⚠️ Бурав C6: Бурав двигается только по 1 оси или по 2 осям строго диагонально

🎯 ВЫСТРЕЛЫ:
   Выпущено ракет: 1
# 
📊 РЕЗУЛЬТАТЫ ХОДА 11:
🎯 Попаданий нет

--- Результаты хода ---
  Попаданий нет

--- Состояние команд после хода ---
  Team A: живых 4/8
    ✓ Радиовышка A2      @ (4,7,8) hp=3/3
    ✓ Факел A4           @ (7,5,3) hp=6/6
    ✓ Тишина A5          @ (4,6,6) hp=2/2
    ✓ Бурав A6           @ (7,8,3) hp=4/4
    ✗ Артиллерия A1      @ (8,8,3) [уничтожен]
    ✗ Прыгун A3          @ (6,5,6) [уничтожен]
    ✗ Провокатор A7      @ (8,6,3) [уничтожен]
    ✗ Паук A8            @ (7,5,4) [уничтожен]
  Team B: живых 3/8
    ✓ Артиллерия B1      @ (3,8,9) hp=1/1
    ✓ Факел B4           @ (4,8,9) hp=6/6
    ✓ Паук B8            @ (4,2,8) hp=1/1
    ✗ Радиовышка B2      @ (6,4,6) [уничтожен]
    ✗ Прыгун B3          @ (5,2,7) [уничтожен]
    ✗ Тишина B5          @ (5,4,6) [уничтожен]
    ✗ Бурав B6           @ (4,4,7) [уничтожен]
    ✗ Провокатор B7      @ (3,5,8) [уничтожен]
  Team C: живых 2/8
    ✓ Бурав C6           @ (1,9,4) hp=4/4
    ✓ Паук C8            @ (9,9,4) hp=1/1
    ✗ Артиллерия C1      @ (6,9,4) [уничтожен]
    ✗ Радиовышка C2      @ (7,8,3) [уничтожен]
    ✗ Прыгун C3          @ (8,6,3) [уничтожен]
    ✗ Факел C4           @ (7,9,4) [уничтожен]
    ✗ Тишина C5          @ (5,6,6) [уничтожен]
    ✗ Провокатор C7      @ (3,9,4) [уничтожен]

======================================================================
ХОД 12
======================================================================
✓ 🎮 GM: начинаем ход
GM: start_turn

--- Радиовышки: сканирование слоя Z ---
  Радиовышка A2 (z=8): видит 1 врагов  → Паук B8(4,2,8)

--- Решения ботов ---
  [Team A] Радиовышка A2 (4,7,8) → MOVE (3,8,9)
  [Team A] Факел A4 (7,5,3) → MOVE (7,6,3)
  [Team A] Тишина A5 (4,6,6) → MOVE (3,7,7)
  [Team A] Бурав A6 (7,8,3) → MOVE (8,9,4)
  [Team B] Артиллерия B1 (3,8,9) → SHOOT at (4,6,6)
  [Team B] Паук B8 (4,2,8) → MINE (4,3,7)
  [Team B] Факел B4 → SKIP
  [Team C] Бурав C6 (1,9,4) → MOVE (2,8,5)
  [Team C] Паук C8 (9,9,4) → MINE (8,9,4)
! 🎮 GM: принудительно завершает фазу планирования
GM: end_planning
# 
============================================================
# 🔄 ОБРАБОТКА ХОДА 12
# ============================================================
!    ⚠️ Паук B8: в клетке уже стоит мина
!    ⚠️ Паук C8: в клетке уже стоит мина

📦 ПЕРЕМЕЩЕНИЯ:
!    ⚠️ Радиовышка A2: клетка (3,8,9) занята
   Факел A4: (7, 5, 3) → (7,6,3)
   Тишина A5: (4, 6, 6) → (3,7,7)
!    ⚠️ Бурав A6: Бурав двигается только по 1 оси или по 2 осям строго диагонально
!    ⚠️ Бурав C6: Бурав двигается только по 1 оси или по 2 осям строго диагонально

🎯 ВЫСТРЕЛЫ:
   Выпущено ракет: 1
# 
📊 РЕЗУЛЬТАТЫ ХОДА 12:
🎯 Попаданий нет

--- Результаты хода ---
  Попаданий нет

--- Состояние команд после хода ---
  Team A: живых 4/8
    ✓ Радиовышка A2      @ (4,7,8) hp=3/3
    ✓ Факел A4           @ (7,6,3) hp=6/6
    ✓ Тишина A5          @ (3,7,7) hp=2/2
    ✓ Бурав A6           @ (7,8,3) hp=4/4
    ✗ Артиллерия A1      @ (8,8,3) [уничтожен]
    ✗ Прыгун A3          @ (6,5,6) [уничтожен]
    ✗ Провокатор A7      @ (8,6,3) [уничтожен]
    ✗ Паук A8            @ (7,5,4) [уничтожен]
  Team B: живых 3/8
    ✓ Артиллерия B1      @ (3,8,9) hp=1/1
    ✓ Факел B4           @ (4,8,9) hp=6/6
    ✓ Паук B8            @ (4,2,8) hp=1/1
    ✗ Радиовышка B2      @ (6,4,6) [уничтожен]
    ✗ Прыгун B3          @ (5,2,7) [уничтожен]
    ✗ Тишина B5          @ (5,4,6) [уничтожен]
    ✗ Бурав B6           @ (4,4,7) [уничтожен]
    ✗ Провокатор B7      @ (3,5,8) [уничтожен]
  Team C: живых 2/8
    ✓ Бурав C6           @ (1,9,4) hp=4/4
    ✓ Паук C8            @ (9,9,4) hp=1/1
    ✗ Артиллерия C1      @ (6,9,4) [уничтожен]
    ✗ Радиовышка C2      @ (7,8,3) [уничтожен]
    ✗ Прыгун C3          @ (8,6,3) [уничтожен]
    ✗ Факел C4           @ (7,9,4) [уничтожен]
    ✗ Тишина C5          @ (5,6,6) [уничтожен]
    ✗ Провокатор C7      @ (3,9,4) [уничтожен]

======================================================================
ХОД 13
======================================================================
✓ 🎮 GM: начинаем ход
GM: start_turn

--- Радиовышки: сканирование слоя Z ---
  Радиовышка A2 (z=8): видит 1 врагов [+1 эксклюзивно] → Паук B8(4,2,8)

--- Решения ботов ---
  [Team A] Радиовышка A2 (4,7,8) → MOVE (3,8,9)
  [Team A] Факел A4 (7,6,3) → MOVE (7,7,3)
  [Team A] Тишина A5 (3,7,7) → PHASE toggle
  [Team A] Бурав A6 (7,8,3) → MOVE (8,9,4)
  [Team B] Артиллерия B1 (3,8,9) → SHOOT at (3,7,7)
  [Team B] Паук B8 (4,2,8) → MOVE (4,3,8)
  [Team B] Факел B4 → SKIP
  [Team C] Бурав C6 (1,9,4) → MOVE (2,8,5)
  [Team C] Паук C8 (9,9,4) → MINE (8,9,4)
! 🎮 GM: принудительно завершает фазу планирования
GM: end_planning
# 
============================================================
# 🔄 ОБРАБОТКА ХОДА 13
# ============================================================
   🌀 Тишина A5: уходит в фазу на 1 ход
!    ⚠️ Паук C8: в клетке уже стоит мина

📦 ПЕРЕМЕЩЕНИЯ:
!    ⚠️ Радиовышка A2: клетка (3,8,9) занята
!    ⚠️ Факел A4: клетка (7,7,3) занята
!    ⚠️ Бурав A6: Бурав двигается только по 1 оси или по 2 осям строго диагонально
   Паук B8: (4, 2, 8) → (4,3,8)
!    ⚠️ Бурав C6: Бурав двигается только по 1 оси или по 2 осям строго диагонально

🎯 ВЫСТРЕЛЫ:
   Выпущено ракет: 1
# 
📊 РЕЗУЛЬТАТЫ ХОДА 13:
🎯 Попаданий нет

--- Результаты хода ---
  Попаданий нет

--- Состояние команд после хода ---
  Team A: живых 4/8
    ✓ Радиовышка A2      @ (4,7,8) hp=3/3
    ✓ Факел A4           @ (7,6,3) hp=6/6
    ✓ Тишина A5          @ (3,7,7) hp=2/2
    ✓ Бурав A6           @ (7,8,3) hp=4/4
    ✗ Артиллерия A1      @ (8,8,3) [уничтожен]
    ✗ Прыгун A3          @ (6,5,6) [уничтожен]
    ✗ Провокатор A7      @ (8,6,3) [уничтожен]
    ✗ Паук A8            @ (7,5,4) [уничтожен]
  Team B: живых 3/8
    ✓ Артиллерия B1      @ (3,8,9) hp=1/1
    ✓ Факел B4           @ (4,8,9) hp=6/6
    ✓ Паук B8            @ (4,3,8) hp=1/1
    ✗ Радиовышка B2      @ (6,4,6) [уничтожен]
    ✗ Прыгун B3          @ (5,2,7) [уничтожен]
    ✗ Тишина B5          @ (5,4,6) [уничтожен]
    ✗ Бурав B6           @ (4,4,7) [уничтожен]
    ✗ Провокатор B7      @ (3,5,8) [уничтожен]
  Team C: живых 2/8
    ✓ Бурав C6           @ (1,9,4) hp=4/4
    ✓ Паук C8            @ (9,9,4) hp=1/1
    ✗ Артиллерия C1      @ (6,9,4) [уничтожен]
    ✗ Радиовышка C2      @ (7,8,3) [уничтожен]
    ✗ Прыгун C3          @ (8,6,3) [уничтожен]
    ✗ Факел C4           @ (7,9,4) [уничтожен]
    ✗ Тишина C5          @ (5,6,6) [уничтожен]
    ✗ Провокатор C7      @ (3,9,4) [уничтожен]

======================================================================
ХОД 14
======================================================================
✓ 🎮 GM: начинаем ход
GM: start_turn

--- Радиовышки: сканирование слоя Z ---
  Радиовышка A2 (z=8): видит 1 врагов  → Паук B8(4,3,8)

--- Решения ботов ---
  [Team A] Радиовышка A2 (4,7,8) → MOVE (3,8,9)
  [Team A] Факел A4 (7,6,3) → MOVE (7,7,3)
  [Team A] Тишина A5 (3,7,7) → MOVE (3,8,8)
  [Team A] Бурав A6 (7,8,3) → MOVE (8,9,4)
  [Team B] Артиллерия B1 (3,8,9) → SHOOT at (4,7,8)
  [Team B] Паук B8 (4,3,8) → MINE (4,4,8)
  [Team B] Факел B4 → SKIP
  [Team C] Бурав C6 (1,9,4) → MOVE (2,8,5)
  [Team C] Паук C8 (9,9,4) → MINE (8,9,4)
! 🎮 GM: принудительно завершает фазу планирования
GM: end_planning
# 
============================================================
# 🔄 ОБРАБОТКА ХОДА 14
# ============================================================
   🌀 Тишина A5: фаза спала (действовала 1 ход)
   💣 Паук B8 установил мину M11 в (4,4,8)
!    ⚠️ Паук C8: в клетке уже стоит мина

📦 ПЕРЕМЕЩЕНИЯ:
!    ⚠️ Радиовышка A2: клетка (3,8,9) занята
!    ⚠️ Факел A4: клетка (7,7,3) занята
   Тишина A5: (3, 7, 7) → (3,8,8)
!    ⚠️ Бурав A6: Бурав двигается только по 1 оси или по 2 осям строго диагонально
!    ⚠️ Бурав C6: Бурав двигается только по 1 оси или по 2 осям строго диагонально

🎯 ВЫСТРЕЛЫ:
✓    ✅ Артиллерия B1 поразил Радиовышка A2 (2 урона)!
   Выпущено ракет: 1
# 
📊 РЕЗУЛЬТАТЫ ХОДА 14:
✓ 💥 ПОПАДАНИЯ:
✓    Артиллерия B1 (Team B) → Радиовышка A2 (Team A)

--- Результаты хода ---
  Team B / Артиллерия B1      → Team A / Радиовышка A2      @ (4,7,8)  (ранен)

--- Состояние команд после хода ---
  Team A: живых 4/8
    ✓ Радиовышка A2      @ (4,7,8) hp=1/3
    ✓ Факел A4           @ (7,6,3) hp=6/6
    ✓ Тишина A5          @ (3,8,8) hp=2/2
    ✓ Бурав A6           @ (7,8,3) hp=4/4
    ✗ Артиллерия A1      @ (8,8,3) [уничтожен]
    ✗ Прыгун A3          @ (6,5,6) [уничтожен]
    ✗ Провокатор A7      @ (8,6,3) [уничтожен]
    ✗ Паук A8            @ (7,5,4) [уничтожен]
  Team B: живых 3/8
    ✓ Артиллерия B1      @ (3,8,9) hp=1/1
    ✓ Факел B4           @ (4,8,9) hp=6/6
    ✓ Паук B8            @ (4,3,8) hp=1/1
    ✗ Радиовышка B2      @ (6,4,6) [уничтожен]
    ✗ Прыгун B3          @ (5,2,7) [уничтожен]
    ✗ Тишина B5          @ (5,4,6) [уничтожен]
    ✗ Бурав B6           @ (4,4,7) [уничтожен]
    ✗ Провокатор B7      @ (3,5,8) [уничтожен]
  Team C: живых 2/8
    ✓ Бурав C6           @ (1,9,4) hp=4/4
    ✓ Паук C8            @ (9,9,4) hp=1/1
    ✗ Артиллерия C1      @ (6,9,4) [уничтожен]
    ✗ Радиовышка C2      @ (7,8,3) [уничтожен]
    ✗ Прыгун C3          @ (8,6,3) [уничтожен]
    ✗ Факел C4           @ (7,9,4) [уничтожен]
    ✗ Тишина C5          @ (5,6,6) [уничтожен]
    ✗ Провокатор C7      @ (3,9,4) [уничтожен]

======================================================================
ХОД 15
======================================================================
✓ 🎮 GM: начинаем ход
GM: start_turn

--- Радиовышки: сканирование слоя Z ---
  Радиовышка A2 (z=8): видит 1 врагов [+1 эксклюзивно] → Паук B8(4,3,8)

--- Решения ботов ---
  [Team A] Радиовышка A2 (4,7,8) → MOVE (3,8,9)
  [Team A] Факел A4 (7,6,3) → MOVE (6,7,4)
  [Team A] Бурав A6 (7,8,3) → MOVE (8,9,4)
  [Team A] Тишина A5 → SKIP
  [Team B] Артиллерия B1 (3,8,9) → SHOOT at (4,7,8)
  [Team B] Паук B8 (4,3,8) → MINE (4,4,8)
  [Team B] Факел B4 → SKIP
  [Team C] Бурав C6 (1,9,4) → MOVE (2,8,5)
  [Team C] Паук C8 (9,9,4) → MINE (8,9,4)
! 🎮 GM: принудительно завершает фазу планирования
GM: end_planning
# 
============================================================
# 🔄 ОБРАБОТКА ХОДА 15
# ============================================================
!    ⚠️ Паук B8: в клетке уже стоит мина
!    ⚠️ Паук C8: в клетке уже стоит мина

📦 ПЕРЕМЕЩЕНИЯ:
!    ⚠️ Радиовышка A2: клетка (3,8,9) занята
   Факел A4: (7, 6, 3) → (6,7,4)
!    ⚠️ Бурав A6: Бурав двигается только по 1 оси или по 2 осям строго диагонально
!    ⚠️ Бурав C6: Бурав двигается только по 1 оси или по 2 осям строго диагонально

🎯 ВЫСТРЕЛЫ:
✓    ✅ Артиллерия B1 поразил Радиовышка A2 (2 урона)!
   Выпущено ракет: 1
# 
📊 РЕЗУЛЬТАТЫ ХОДА 15:
✓ 💥 ПОПАДАНИЯ:
✓    Артиллерия B1 (Team B) → Радиовышка A2 (Team A)

--- Результаты хода ---
  Team B / Артиллерия B1      → Team A / Радиовышка A2      @ (4,7,8)  (УБИТ)

--- Состояние команд после хода ---
  Team A: живых 3/8
    ✓ Факел A4           @ (6,7,4) hp=6/6
    ✓ Тишина A5          @ (3,8,8) hp=2/2
    ✓ Бурав A6           @ (7,8,3) hp=4/4
    ✗ Артиллерия A1      @ (8,8,3) [уничтожен]
    ✗ Радиовышка A2      @ (4,7,8) [уничтожен]
    ✗ Прыгун A3          @ (6,5,6) [уничтожен]
    ✗ Провокатор A7      @ (8,6,3) [уничтожен]
    ✗ Паук A8            @ (7,5,4) [уничтожен]
  Team B: живых 3/8
    ✓ Артиллерия B1      @ (3,8,9) hp=1/1
    ✓ Факел B4           @ (4,8,9) hp=6/6
    ✓ Паук B8            @ (4,3,8) hp=1/1
    ✗ Радиовышка B2      @ (6,4,6) [уничтожен]
    ✗ Прыгун B3          @ (5,2,7) [уничтожен]
    ✗ Тишина B5          @ (5,4,6) [уничтожен]
    ✗ Бурав B6           @ (4,4,7) [уничтожен]
    ✗ Провокатор B7      @ (3,5,8) [уничтожен]
  Team C: живых 2/8
    ✓ Бурав C6           @ (1,9,4) hp=4/4
    ✓ Паук C8            @ (9,9,4) hp=1/1
    ✗ Артиллерия C1      @ (6,9,4) [уничтожен]
    ✗ Радиовышка C2      @ (7,8,3) [уничтожен]
    ✗ Прыгун C3          @ (8,6,3) [уничтожен]
    ✗ Факел C4           @ (7,9,4) [уничтожен]
    ✗ Тишина C5          @ (5,6,6) [уничтожен]
    ✗ Провокатор C7      @ (3,9,4) [уничтожен]

======================================================================
ХОД 16
======================================================================
✓ 🎮 GM: начинаем ход
GM: start_turn

--- Радиовышки: сканирование слоя Z ---
  (у команд не осталось живых радиовышек)

--- Решения ботов ---
  [Team A] Факел A4 (6,7,4) → MOVE (7,7,4)
  [Team A] Тишина A5 (3,8,8) → MOVE (3,8,9)
  [Team A] Бурав A6 (7,8,3) → MOVE (8,9,4)
  [Team B] Артиллерия B1 (3,8,9) → SHOOT at (3,8,8)
  [Team B] Паук B8 (4,3,8) → MINE (5,4,7)
  [Team B] Факел B4 → SKIP
  [Team C] Бурав C6 (1,9,4) → MOVE (2,8,5)
  [Team C] Паук C8 (9,9,4) → MINE (8,9,4)
! 🎮 GM: принудительно завершает фазу планирования
GM: end_planning
# 
============================================================
# 🔄 ОБРАБОТКА ХОДА 16
# ============================================================
   💣 Паук B8 установил мину M12 в (5,4,7)
!    ⚠️ Паук C8: в клетке уже стоит мина

📦 ПЕРЕМЕЩЕНИЯ:
!    ⚠️ Факел A4: клетка (7,7,4) занята
!    ⚠️ Тишина A5: клетка (3,8,9) занята
!    ⚠️ Бурав A6: Бурав двигается только по 1 оси или по 2 осям строго диагонально
!    ⚠️ Бурав C6: Бурав двигается только по 1 оси или по 2 осям строго диагонально

🎯 ВЫСТРЕЛЫ:
✓    ✅ Артиллерия B1 поразил Тишина A5 (2 урона)!
   Выпущено ракет: 1
# 
📊 РЕЗУЛЬТАТЫ ХОДА 16:
✓ 💥 ПОПАДАНИЯ:
✓    Артиллерия B1 (Team B) → Тишина A5 (Team A)

--- Результаты хода ---
  Team B / Артиллерия B1      → Team A / Тишина A5          @ (3,8,8)  (УБИТ)

--- Состояние команд после хода ---
  Team A: живых 2/8
    ✓ Факел A4           @ (6,7,4) hp=6/6
    ✓ Бурав A6           @ (7,8,3) hp=4/4
    ✗ Артиллерия A1      @ (8,8,3) [уничтожен]
    ✗ Радиовышка A2      @ (4,7,8) [уничтожен]
    ✗ Прыгун A3          @ (6,5,6) [уничтожен]
    ✗ Тишина A5          @ (3,8,8) [уничтожен]
    ✗ Провокатор A7      @ (8,6,3) [уничтожен]
    ✗ Паук A8            @ (7,5,4) [уничтожен]
  Team B: живых 3/8
    ✓ Артиллерия B1      @ (3,8,9) hp=1/1
    ✓ Факел B4           @ (4,8,9) hp=6/6
    ✓ Паук B8            @ (4,3,8) hp=1/1
    ✗ Радиовышка B2      @ (6,4,6) [уничтожен]
    ✗ Прыгун B3          @ (5,2,7) [уничтожен]
    ✗ Тишина B5          @ (5,4,6) [уничтожен]
    ✗ Бурав B6           @ (4,4,7) [уничтожен]
    ✗ Провокатор B7      @ (3,5,8) [уничтожен]
  Team C: живых 2/8
    ✓ Бурав C6           @ (1,9,4) hp=4/4
    ✓ Паук C8            @ (9,9,4) hp=1/1
    ✗ Артиллерия C1      @ (6,9,4) [уничтожен]
    ✗ Радиовышка C2      @ (7,8,3) [уничтожен]
    ✗ Прыгун C3          @ (8,6,3) [уничтожен]
    ✗ Факел C4           @ (7,9,4) [уничтожен]
    ✗ Тишина C5          @ (5,6,6) [уничтожен]
    ✗ Провокатор C7      @ (3,9,4) [уничтожен]

======================================================================
ХОД 17
======================================================================
✓ 🎮 GM: начинаем ход
GM: start_turn

--- Радиовышки: сканирование слоя Z ---
  (у команд не осталось живых радиовышек)

--- Решения ботов ---
  [Team A] Факел A4 (6,7,4) → MOVE (7,7,3)
  [Team A] Бурав A6 (7,8,3) → MOVE (8,9,4)
  [Team B] Артиллерия B1 (3,8,9) → SHOOT at (6,7,4)
  [Team B] Паук B8 (4,3,8) → MINE (5,4,7)
  [Team B] Факел B4 → SKIP
  [Team C] Бурав C6 (1,9,4) → MOVE (2,8,4)
  [Team C] Паук C8 (9,9,4) → MINE (8,9,4)
! 🎮 GM: принудительно завершает фазу планирования
GM: end_planning
# 
============================================================
# 🔄 ОБРАБОТКА ХОДА 17
# ============================================================
!    ⚠️ Паук B8: в клетке уже стоит мина
!    ⚠️ Паук C8: в клетке уже стоит мина

📦 ПЕРЕМЕЩЕНИЯ:
!    ⚠️ Факел A4: клетка (7,7,3) занята
!    ⚠️ Бурав A6: Бурав двигается только по 1 оси или по 2 осям строго диагонально
   Бурав C6: (1, 9, 4) → (2,8,4)

🎯 ВЫСТРЕЛЫ:
✓    ✅ Артиллерия B1 поразил Факел A4 (2 урона)!
   Выпущено ракет: 1
# 
📊 РЕЗУЛЬТАТЫ ХОДА 17:
✓ 💥 ПОПАДАНИЯ:
✓    Артиллерия B1 (Team B) → Факел A4 (Team A)

--- Результаты хода ---
  Team B / Артиллерия B1      → Team A / Факел A4           @ (6,7,4)  (ранен)

--- Состояние команд после хода ---
  Team A: живых 2/8
    ✓ Факел A4           @ (6,7,4) hp=4/6
    ✓ Бурав A6           @ (7,8,3) hp=4/4
    ✗ Артиллерия A1      @ (8,8,3) [уничтожен]
    ✗ Радиовышка A2      @ (4,7,8) [уничтожен]
    ✗ Прыгун A3          @ (6,5,6) [уничтожен]
    ✗ Тишина A5          @ (3,8,8) [уничтожен]
    ✗ Провокатор A7      @ (8,6,3) [уничтожен]
    ✗ Паук A8            @ (7,5,4) [уничтожен]
  Team B: живых 3/8
    ✓ Артиллерия B1      @ (3,8,9) hp=1/1
    ✓ Факел B4           @ (4,8,9) hp=6/6
    ✓ Паук B8            @ (4,3,8) hp=1/1
    ✗ Радиовышка B2      @ (6,4,6) [уничтожен]
    ✗ Прыгун B3          @ (5,2,7) [уничтожен]
    ✗ Тишина B5          @ (5,4,6) [уничтожен]
    ✗ Бурав B6           @ (4,4,7) [уничтожен]
    ✗ Провокатор B7      @ (3,5,8) [уничтожен]
  Team C: живых 2/8
    ✓ Бурав C6           @ (2,8,4) hp=4/4
    ✓ Паук C8            @ (9,9,4) hp=1/1
    ✗ Артиллерия C1      @ (6,9,4) [уничтожен]
    ✗ Радиовышка C2      @ (7,8,3) [уничтожен]
    ✗ Прыгун C3          @ (8,6,3) [уничтожен]
    ✗ Факел C4           @ (7,9,4) [уничтожен]
    ✗ Тишина C5          @ (5,6,6) [уничтожен]
    ✗ Провокатор C7      @ (3,9,4) [уничтожен]

======================================================================
ХОД 18
======================================================================
✓ 🎮 GM: начинаем ход
GM: start_turn

--- Радиовышки: сканирование слоя Z ---
  (у команд не осталось живых радиовышек)

--- Решения ботов ---
  [Team A] Факел A4 (6,7,4) → HEAL (AoE)
  [Team A] Бурав A6 (7,8,3) → MOVE (8,9,4)
  [Team B] Артиллерия B1 (3,8,9) → SHOOT at (6,7,4)
  [Team B] Паук B8 (4,3,8) → MINE (5,4,7)
  [Team B] Факел B4 → SKIP
  [Team C] Бурав C6 (2,8,4) → MOVE (3,7,4)
  [Team C] Паук C8 (9,9,4) → MINE (8,9,4)
! 🎮 GM: принудительно завершает фазу планирования
GM: end_planning
# 
============================================================
# 🔄 ОБРАБОТКА ХОДА 18
# ============================================================
!    ⚠️ Паук B8: в клетке уже стоит мина
!    ⚠️ Паук C8: в клетке уже стоит мина

📦 ПЕРЕМЕЩЕНИЯ:
!    ⚠️ Бурав A6: Бурав двигается только по 1 оси или по 2 осям строго диагонально
   Бурав C6: (2, 8, 4) → (3,7,4)

🎯 ВЫСТРЕЛЫ:
✓    ✅ Артиллерия B1 поразил Факел A4 (2 урона)!
✓    💚 Факел A4 лечит Факел A4 → hits=3/6
   Выпущено ракет: 1
# 
📊 РЕЗУЛЬТАТЫ ХОДА 18:
✓ 💥 ПОПАДАНИЯ:
✓    Артиллерия B1 (Team B) → Факел A4 (Team A)

--- Результаты хода ---
  Team B / Артиллерия B1      → Team A / Факел A4           @ (6,7,4)  (ранен)

--- Состояние команд после хода ---
  Team A: живых 2/8
    ✓ Факел A4           @ (6,7,4) hp=3/6
    ✓ Бурав A6           @ (7,8,3) hp=4/4
    ✗ Артиллерия A1      @ (8,8,3) [уничтожен]
    ✗ Радиовышка A2      @ (4,7,8) [уничтожен]
    ✗ Прыгун A3          @ (6,5,6) [уничтожен]
    ✗ Тишина A5          @ (3,8,8) [уничтожен]
    ✗ Провокатор A7      @ (8,6,3) [уничтожен]
    ✗ Паук A8            @ (7,5,4) [уничтожен]
  Team B: живых 3/8
    ✓ Артиллерия B1      @ (3,8,9) hp=1/1
    ✓ Факел B4           @ (4,8,9) hp=6/6
    ✓ Паук B8            @ (4,3,8) hp=1/1
    ✗ Радиовышка B2      @ (6,4,6) [уничтожен]
    ✗ Прыгун B3          @ (5,2,7) [уничтожен]
    ✗ Тишина B5          @ (5,4,6) [уничтожен]
    ✗ Бурав B6           @ (4,4,7) [уничтожен]
    ✗ Провокатор B7      @ (3,5,8) [уничтожен]
  Team C: живых 2/8
    ✓ Бурав C6           @ (3,7,4) hp=4/4
    ✓ Паук C8            @ (9,9,4) hp=1/1
    ✗ Артиллерия C1      @ (6,9,4) [уничтожен]
    ✗ Радиовышка C2      @ (7,8,3) [уничтожен]
    ✗ Прыгун C3          @ (8,6,3) [уничтожен]
    ✗ Факел C4           @ (7,9,4) [уничтожен]
    ✗ Тишина C5          @ (5,6,6) [уничтожен]
    ✗ Провокатор C7      @ (3,9,4) [уничтожен]

======================================================================
ХОД 19
======================================================================
✓ 🎮 GM: начинаем ход
GM: start_turn

--- Радиовышки: сканирование слоя Z ---
  (у команд не осталось живых радиовышек)

--- Решения ботов ---
  [Team A] Факел A4 (6,7,4) → HEAL (AoE)
  [Team A] Бурав A6 (7,8,3) → MOVE (8,9,4)
  [Team B] Артиллерия B1 (3,8,9) → SHOOT at (6,7,4)
  [Team B] Паук B8 (4,3,8) → MINE (5,4,7)
  [Team B] Факел B4 → SKIP
  [Team C] Бурав C6 (3,7,4) → MOVE (6,7,4)
  [Team C] Паук C8 (9,9,4) → MINE (8,9,4)
! 🎮 GM: принудительно завершает фазу планирования
GM: end_planning
# 
============================================================
# 🔄 ОБРАБОТКА ХОДА 19
# ============================================================
!    ⚠️ Паук B8: в клетке уже стоит мина
!    ⚠️ Паук C8: в клетке уже стоит мина

📦 ПЕРЕМЕЩЕНИЯ:
!    ⚠️ Бурав A6: Бурав двигается только по 1 оси или по 2 осям строго диагонально
✓    💥 Бурав C6 тараном уничтожил Факел A4 в (6,7,4)
   Бурав C6: (3, 7, 4) → (6,7,4)

🎯 ВЫСТРЕЛЫ:
✓    ✅ Артиллерия B1 поразил Бурав C6 (2 урона)!
   Выпущено ракет: 1
# 
📊 РЕЗУЛЬТАТЫ ХОДА 19:
✓ 💥 ПОПАДАНИЯ:
✓    Артиллерия B1 (Team B) → Бурав C6 (Team C)

--- Результаты хода ---
  Team C / Бурав C6           → Team A / Факел A4           @ (6,7,4)  (УБИТ)
  Team B / Артиллерия B1      → Team C / Бурав C6           @ (6,7,4)  (ранен)

--- Состояние команд после хода ---
  Team A: живых 1/8
    ✓ Бурав A6           @ (7,8,3) hp=4/4
    ✗ Артиллерия A1      @ (8,8,3) [уничтожен]
    ✗ Радиовышка A2      @ (4,7,8) [уничтожен]
    ✗ Прыгун A3          @ (6,5,6) [уничтожен]
    ✗ Факел A4           @ (6,7,4) [уничтожен]
    ✗ Тишина A5          @ (3,8,8) [уничтожен]
    ✗ Провокатор A7      @ (8,6,3) [уничтожен]
    ✗ Паук A8            @ (7,5,4) [уничтожен]
  Team B: живых 3/8
    ✓ Артиллерия B1      @ (3,8,9) hp=1/1
    ✓ Факел B4           @ (4,8,9) hp=6/6
    ✓ Паук B8            @ (4,3,8) hp=1/1
    ✗ Радиовышка B2      @ (6,4,6) [уничтожен]
    ✗ Прыгун B3          @ (5,2,7) [уничтожен]
    ✗ Тишина B5          @ (5,4,6) [уничтожен]
    ✗ Бурав B6           @ (4,4,7) [уничтожен]
    ✗ Провокатор B7      @ (3,5,8) [уничтожен]
  Team C: живых 2/8
    ✓ Бурав C6           @ (6,7,4) hp=2/4
    ✓ Паук C8            @ (9,9,4) hp=1/1
    ✗ Артиллерия C1      @ (6,9,4) [уничтожен]
    ✗ Радиовышка C2      @ (7,8,3) [уничтожен]
    ✗ Прыгун C3          @ (8,6,3) [уничтожен]
    ✗ Факел C4           @ (7,9,4) [уничтожен]
    ✗ Тишина C5          @ (5,6,6) [уничтожен]
    ✗ Провокатор C7      @ (3,9,4) [уничтожен]

======================================================================
ХОД 20
======================================================================
✓ 🎮 GM: начинаем ход
GM: start_turn

--- Радиовышки: сканирование слоя Z ---
  (у команд не осталось живых радиовышек)

--- Решения ботов ---
  [Team A] Бурав A6 (7,8,3) → MOVE (6,7,4)
  [Team B] Артиллерия B1 (3,8,9) → SHOOT at (6,7,4)
  [Team B] Паук B8 (4,3,8) → MINE (5,4,7)
  [Team B] Факел B4 → SKIP
  [Team C] Бурав C6 (6,7,4) → MOVE (7,8,3)
  [Team C] Паук C8 (9,9,4) → MINE (8,8,3)
! 🎮 GM: принудительно завершает фазу планирования
GM: end_planning
# 
============================================================
# 🔄 ОБРАБОТКА ХОДА 20
# ============================================================
!    ⚠️ Паук B8: в клетке уже стоит мина
!    ⚠️ Паук C8: в клетке уже стоит мина

📦 ПЕРЕМЕЩЕНИЯ:
!    ⚠️ Бурав A6: Бурав двигается только по 1 оси или по 2 осям строго диагонально
!    ⚠️ Бурав C6: Бурав двигается только по 1 оси или по 2 осям строго диагонально

🎯 ВЫСТРЕЛЫ:
✓    ✅ Артиллерия B1 поразил Бурав C6 (2 урона)!
   Выпущено ракет: 1
# 
📊 РЕЗУЛЬТАТЫ ХОДА 20:
✓ 💥 ПОПАДАНИЯ:
✓    Артиллерия B1 (Team B) → Бурав C6 (Team C)

--- Результаты хода ---
  Team B / Артиллерия B1      → Team C / Бурав C6           @ (6,7,4)  (УБИТ)

--- Состояние команд после хода ---
  Team A: живых 1/8
    ✓ Бурав A6           @ (7,8,3) hp=4/4
    ✗ Артиллерия A1      @ (8,8,3) [уничтожен]
    ✗ Радиовышка A2      @ (4,7,8) [уничтожен]
    ✗ Прыгун A3          @ (6,5,6) [уничтожен]
    ✗ Факел A4           @ (6,7,4) [уничтожен]
    ✗ Тишина A5          @ (3,8,8) [уничтожен]
    ✗ Провокатор A7      @ (8,6,3) [уничтожен]
    ✗ Паук A8            @ (7,5,4) [уничтожен]
  Team B: живых 3/8
    ✓ Артиллерия B1      @ (3,8,9) hp=1/1
    ✓ Факел B4           @ (4,8,9) hp=6/6
    ✓ Паук B8            @ (4,3,8) hp=1/1
    ✗ Радиовышка B2      @ (6,4,6) [уничтожен]
    ✗ Прыгун B3          @ (5,2,7) [уничтожен]
    ✗ Тишина B5          @ (5,4,6) [уничтожен]
    ✗ Бурав B6           @ (4,4,7) [уничтожен]
    ✗ Провокатор B7      @ (3,5,8) [уничтожен]
  Team C: живых 1/8
    ✓ Паук C8            @ (9,9,4) hp=1/1
    ✗ Артиллерия C1      @ (6,9,4) [уничтожен]
    ✗ Радиовышка C2      @ (7,8,3) [уничтожен]
    ✗ Прыгун C3          @ (8,6,3) [уничтожен]
    ✗ Факел C4           @ (7,9,4) [уничтожен]
    ✗ Тишина C5          @ (5,6,6) [уничтожен]
    ✗ Бурав C6           @ (6,7,4) [уничтожен]
    ✗ Провокатор C7      @ (3,9,4) [уничтожен]

======================================================================
ХОД 21
======================================================================
✓ 🎮 GM: начинаем ход
GM: start_turn

--- Радиовышки: сканирование слоя Z ---
  (у команд не осталось живых радиовышек)

--- Решения ботов ---
  [Team A] Бурав A6 (7,8,3) → MOVE (8,9,4)
  [Team B] Артиллерия B1 (3,8,9) → SHOOT at (0,5,1)
  [Team B] Паук B8 (4,3,8) → MOVE (5,4,7)
  [Team B] Факел B4 → SKIP
  [Team C] Паук C8 (9,9,4) → MINE (8,9,4)
! 🎮 GM: принудительно завершает фазу планирования
GM: end_planning
# 
============================================================
# 🔄 ОБРАБОТКА ХОДА 21
# ============================================================
!    ⚠️ Паук C8: в клетке уже стоит мина

📦 ПЕРЕМЕЩЕНИЯ:
!    ⚠️ Бурав A6: Бурав двигается только по 1 оси или по 2 осям строго диагонально
   Паук B8: (4, 3, 8) → (5,4,7)

🎯 ВЫСТРЕЛЫ:
   Выпущено ракет: 1
# 
📊 РЕЗУЛЬТАТЫ ХОДА 21:
🎯 Попаданий нет

--- Результаты хода ---
  Попаданий нет

--- Состояние команд после хода ---
  Team A: живых 1/8
    ✓ Бурав A6           @ (7,8,3) hp=4/4
    ✗ Артиллерия A1      @ (8,8,3) [уничтожен]
    ✗ Радиовышка A2      @ (4,7,8) [уничтожен]
    ✗ Прыгун A3          @ (6,5,6) [уничтожен]
    ✗ Факел A4           @ (6,7,4) [уничтожен]
    ✗ Тишина A5          @ (3,8,8) [уничтожен]
    ✗ Провокатор A7      @ (8,6,3) [уничтожен]
    ✗ Паук A8            @ (7,5,4) [уничтожен]
  Team B: живых 3/8
    ✓ Артиллерия B1      @ (3,8,9) hp=1/1
    ✓ Факел B4           @ (4,8,9) hp=6/6
    ✓ Паук B8            @ (5,4,7) hp=1/1
    ✗ Радиовышка B2      @ (6,4,6) [уничтожен]
    ✗ Прыгун B3          @ (5,2,7) [уничтожен]
    ✗ Тишина B5          @ (5,4,6) [уничтожен]
    ✗ Бурав B6           @ (4,4,7) [уничтожен]
    ✗ Провокатор B7      @ (3,5,8) [уничтожен]
  Team C: живых 1/8
    ✓ Паук C8            @ (9,9,4) hp=1/1
    ✗ Артиллерия C1      @ (6,9,4) [уничтожен]
    ✗ Радиовышка C2      @ (7,8,3) [уничтожен]
    ✗ Прыгун C3          @ (8,6,3) [уничтожен]
    ✗ Факел C4           @ (7,9,4) [уничтожен]
    ✗ Тишина C5          @ (5,6,6) [уничтожен]
    ✗ Бурав C6           @ (6,7,4) [уничтожен]
    ✗ Провокатор C7      @ (3,9,4) [уничтожен]

======================================================================
ХОД 22
======================================================================
✓ 🎮 GM: начинаем ход
GM: start_turn

--- Радиовышки: сканирование слоя Z ---
  (у команд не осталось живых радиовышек)

--- Решения ботов ---
  [Team A] Бурав A6 (7,8,3) → MOVE (8,9,4)
  [Team B] Артиллерия B1 (3,8,9) → SHOOT at (7,8,3)
  [Team B] Паук B8 (5,4,7) → MINE (6,5,6)
  [Team B] Факел B4 → SKIP
  [Team C] Паук C8 (9,9,4) → MINE (8,9,4)
! 🎮 GM: принудительно завершает фазу планирования
GM: end_planning
# 
============================================================
# 🔄 ОБРАБОТКА ХОДА 22
# ============================================================
   💣 Паук B8 установил мину M13 в (6,5,6)
!    ⚠️ Паук C8: в клетке уже стоит мина

📦 ПЕРЕМЕЩЕНИЯ:
!    ⚠️ Бурав A6: Бурав двигается только по 1 оси или по 2 осям строго диагонально

🎯 ВЫСТРЕЛЫ:
✓    ✅ Артиллерия B1 поразил Бурав A6 (2 урона)!
   Выпущено ракет: 1
# 
📊 РЕЗУЛЬТАТЫ ХОДА 22:
✓ 💥 ПОПАДАНИЯ:
✓    Артиллерия B1 (Team B) → Бурав A6 (Team A)

--- Результаты хода ---
  Team B / Артиллерия B1      → Team A / Бурав A6           @ (7,8,3)  (ранен)

--- Состояние команд после хода ---
  Team A: живых 1/8
    ✓ Бурав A6           @ (7,8,3) hp=2/4
    ✗ Артиллерия A1      @ (8,8,3) [уничтожен]
    ✗ Радиовышка A2      @ (4,7,8) [уничтожен]
    ✗ Прыгун A3          @ (6,5,6) [уничтожен]
    ✗ Факел A4           @ (6,7,4) [уничтожен]
    ✗ Тишина A5          @ (3,8,8) [уничтожен]
    ✗ Провокатор A7      @ (8,6,3) [уничтожен]
    ✗ Паук A8            @ (7,5,4) [уничтожен]
  Team B: живых 3/8
    ✓ Артиллерия B1      @ (3,8,9) hp=1/1
    ✓ Факел B4           @ (4,8,9) hp=6/6
    ✓ Паук B8            @ (5,4,7) hp=1/1
    ✗ Радиовышка B2      @ (6,4,6) [уничтожен]
    ✗ Прыгун B3          @ (5,2,7) [уничтожен]
    ✗ Тишина B5          @ (5,4,6) [уничтожен]
    ✗ Бурав B6           @ (4,4,7) [уничтожен]
    ✗ Провокатор B7      @ (3,5,8) [уничтожен]
  Team C: живых 1/8
    ✓ Паук C8            @ (9,9,4) hp=1/1
    ✗ Артиллерия C1      @ (6,9,4) [уничтожен]
    ✗ Радиовышка C2      @ (7,8,3) [уничтожен]
    ✗ Прыгун C3          @ (8,6,3) [уничтожен]
    ✗ Факел C4           @ (7,9,4) [уничтожен]
    ✗ Тишина C5          @ (5,6,6) [уничтожен]
    ✗ Бурав C6           @ (6,7,4) [уничтожен]
    ✗ Провокатор C7      @ (3,9,4) [уничтожен]

======================================================================
ХОД 23
======================================================================
✓ 🎮 GM: начинаем ход
GM: start_turn

--- Радиовышки: сканирование слоя Z ---
  (у команд не осталось живых радиовышек)

--- Решения ботов ---
  [Team A] Бурав A6 (7,8,3) → MOVE (8,9,4)
  [Team B] Артиллерия B1 (3,8,9) → SHOOT at (7,8,3)
  [Team B] Паук B8 (5,4,7) → MINE (6,5,6)
  [Team B] Факел B4 → SKIP
  [Team C] Паук C8 (9,9,4) → MINE (8,9,4)
! 🎮 GM: принудительно завершает фазу планирования
GM: end_planning
# 
============================================================
# 🔄 ОБРАБОТКА ХОДА 23
# ============================================================
!    ⚠️ Паук B8: в клетке уже стоит мина
!    ⚠️ Паук C8: в клетке уже стоит мина

📦 ПЕРЕМЕЩЕНИЯ:
!    ⚠️ Бурав A6: Бурав двигается только по 1 оси или по 2 осям строго диагонально

🎯 ВЫСТРЕЛЫ:
✓    ✅ Артиллерия B1 поразил Бурав A6 (2 урона)!
   Выпущено ракет: 1
# 
📊 РЕЗУЛЬТАТЫ ХОДА 23:
✓ 💥 ПОПАДАНИЯ:
✓    Артиллерия B1 (Team B) → Бурав A6 (Team A)

--- Результаты хода ---
  Team B / Артиллерия B1      → Team A / Бурав A6           @ (7,8,3)  (УБИТ)

--- Состояние команд после хода ---
  Team A: живых 0/8
    ✗ Артиллерия A1      @ (8,8,3) [уничтожен]
    ✗ Радиовышка A2      @ (4,7,8) [уничтожен]
    ✗ Прыгун A3          @ (6,5,6) [уничтожен]
    ✗ Факел A4           @ (6,7,4) [уничтожен]
    ✗ Тишина A5          @ (3,8,8) [уничтожен]
    ✗ Бурав A6           @ (7,8,3) [уничтожен]
    ✗ Провокатор A7      @ (8,6,3) [уничтожен]
    ✗ Паук A8            @ (7,5,4) [уничтожен]
  Team B: живых 3/8
    ✓ Артиллерия B1      @ (3,8,9) hp=1/1
    ✓ Факел B4           @ (4,8,9) hp=6/6
    ✓ Паук B8            @ (5,4,7) hp=1/1
    ✗ Радиовышка B2      @ (6,4,6) [уничтожен]
    ✗ Прыгун B3          @ (5,2,7) [уничтожен]
    ✗ Тишина B5          @ (5,4,6) [уничтожен]
    ✗ Бурав B6           @ (4,4,7) [уничтожен]
    ✗ Провокатор B7      @ (3,5,8) [уничтожен]
  Team C: живых 1/8
    ✓ Паук C8            @ (9,9,4) hp=1/1
    ✗ Артиллерия C1      @ (6,9,4) [уничтожен]
    ✗ Радиовышка C2      @ (7,8,3) [уничтожен]
    ✗ Прыгун C3          @ (8,6,3) [уничтожен]
    ✗ Факел C4           @ (7,9,4) [уничтожен]
    ✗ Тишина C5          @ (5,6,6) [уничтожен]
    ✗ Бурав C6           @ (6,7,4) [уничтожен]
    ✗ Провокатор C7      @ (3,9,4) [уничтожен]

======================================================================
ХОД 24
======================================================================
✓ 🎮 GM: начинаем ход
GM: start_turn

--- Радиовышки: сканирование слоя Z ---
  (у команд не осталось живых радиовышек)

--- Решения ботов ---
  [Team A] все корабли пропускают ход
  [Team B] Артиллерия B1 (3,8,9) → SHOOT at (4,9,4)
  [Team B] Паук B8 (5,4,7) → MOVE (5,5,6)
  [Team B] Факел B4 → SKIP
  [Team C] Паук C8 (9,9,4) → MOVE (8,8,5)
! 🎮 GM: принудительно завершает фазу планирования
GM: end_planning
# 
============================================================
# 🔄 ОБРАБОТКА ХОДА 24
# ============================================================

📦 ПЕРЕМЕЩЕНИЯ:
   Паук B8: (5, 4, 7) → (5,5,6)
   Паук C8: (9, 9, 4) → (8,8,5)

🎯 ВЫСТРЕЛЫ:
   Выпущено ракет: 1
# 
📊 РЕЗУЛЬТАТЫ ХОДА 24:
🎯 Попаданий нет

--- Результаты хода ---
  Попаданий нет

--- Состояние команд после хода ---
  Team A: живых 0/8
    ✗ Артиллерия A1      @ (8,8,3) [уничтожен]
    ✗ Радиовышка A2      @ (4,7,8) [уничтожен]
    ✗ Прыгун A3          @ (6,5,6) [уничтожен]
    ✗ Факел A4           @ (6,7,4) [уничтожен]
    ✗ Тишина A5          @ (3,8,8) [уничтожен]
    ✗ Бурав A6           @ (7,8,3) [уничтожен]
    ✗ Провокатор A7      @ (8,6,3) [уничтожен]
    ✗ Паук A8            @ (7,5,4) [уничтожен]
  Team B: живых 3/8
    ✓ Артиллерия B1      @ (3,8,9) hp=1/1
    ✓ Факел B4           @ (4,8,9) hp=6/6
    ✓ Паук B8            @ (5,5,6) hp=1/1
    ✗ Радиовышка B2      @ (6,4,6) [уничтожен]
    ✗ Прыгун B3          @ (5,2,7) [уничтожен]
    ✗ Тишина B5          @ (5,4,6) [уничтожен]
    ✗ Бурав B6           @ (4,4,7) [уничтожен]
    ✗ Провокатор B7      @ (3,5,8) [уничтожен]
  Team C: живых 1/8
    ✓ Паук C8            @ (8,8,5) hp=1/1
    ✗ Артиллерия C1      @ (6,9,4) [уничтожен]
    ✗ Радиовышка C2      @ (7,8,3) [уничтожен]
    ✗ Прыгун C3          @ (8,6,3) [уничтожен]
    ✗ Факел C4           @ (7,9,4) [уничтожен]
    ✗ Тишина C5          @ (5,6,6) [уничтожен]
    ✗ Бурав C6           @ (6,7,4) [уничтожен]
    ✗ Провокатор C7      @ (3,9,4) [уничтожен]

======================================================================
ХОД 25
======================================================================
✓ 🎮 GM: начинаем ход
GM: start_turn

--- Радиовышки: сканирование слоя Z ---
  (у команд не осталось живых радиовышек)

--- Решения ботов ---
  [Team A] все корабли пропускают ход
  [Team B] Артиллерия B1 (3,8,9) → SHOOT at (8,8,5)
  [Team B] Паук B8 (5,5,6) → MINE (6,6,5)
  [Team B] Факел B4 → SKIP
  [Team C] Паук C8 (8,8,5) → MINE (7,7,6)
! 🎮 GM: принудительно завершает фазу планирования
GM: end_planning
# 
============================================================
# 🔄 ОБРАБОТКА ХОДА 25
# ============================================================
!    ⚠️ Паук B8: в клетке уже стоит мина
   💣 Паук C8 установил мину M14 в (7,7,6)

📦 ПЕРЕМЕЩЕНИЯ:

🎯 ВЫСТРЕЛЫ:
✓    ✅ Артиллерия B1 поразил Паук C8 (2 урона)!
   Выпущено ракет: 1
# 
📊 РЕЗУЛЬТАТЫ ХОДА 25:
✓ 💥 ПОПАДАНИЯ:
✓    Артиллерия B1 (Team B) → Паук C8 (Team C)
# 
🎮🎮🎮🎮🎮🎮🎮🎮🎮🎮🎮🎮🎮🎮🎮🎮🎮🎮🎮🎮
#         ИГРА ОКОНЧЕНА!
# 🎮🎮🎮🎮🎮🎮🎮🎮🎮🎮🎮🎮🎮🎮🎮🎮🎮🎮🎮🎮
✓         🏆 ПОБЕДИТЕЛЬ: Team B

--- Результаты хода ---
  Team B / Артиллерия B1      → Team C / Паук C8            @ (8,8,5)  (УБИТ)

--- Состояние команд после хода ---
  Team A: живых 0/8
    ✗ Артиллерия A1      @ (8,8,3) [уничтожен]
    ✗ Радиовышка A2      @ (4,7,8) [уничтожен]
    ✗ Прыгун A3          @ (6,5,6) [уничтожен]
    ✗ Факел A4           @ (6,7,4) [уничтожен]
    ✗ Тишина A5          @ (3,8,8) [уничтожен]
    ✗ Бурав A6           @ (7,8,3) [уничтожен]
    ✗ Провокатор A7      @ (8,6,3) [уничтожен]
    ✗ Паук A8            @ (7,5,4) [уничтожен]
  Team B: живых 3/8
    ✓ Артиллерия B1      @ (3,8,9) hp=1/1
    ✓ Факел B4           @ (4,8,9) hp=6/6
    ✓ Паук B8            @ (5,5,6) hp=1/1
    ✗ Радиовышка B2      @ (6,4,6) [уничтожен]
    ✗ Прыгун B3          @ (5,2,7) [уничтожен]
    ✗ Тишина B5          @ (5,4,6) [уничтожен]
    ✗ Бурав B6           @ (4,4,7) [уничтожен]
    ✗ Провокатор B7      @ (3,5,8) [уничтожен]
  Team C: живых 0/8
    ✗ Артиллерия C1      @ (6,9,4) [уничтожен]
    ✗ Радиовышка C2      @ (7,8,3) [уничтожен]
    ✗ Прыгун C3          @ (8,6,3) [уничтожен]
    ✗ Факел C4           @ (7,9,4) [уничтожен]
    ✗ Тишина C5          @ (5,6,6) [уничтожен]
    ✗ Бурав C6           @ (6,7,4) [уничтожен]
    ✗ Провокатор C7      @ (3,9,4) [уничтожен]
    ✗ Паук C8            @ (8,8,5) [уничтожен]

======================================================================
ИТОГ
======================================================================
Игра окончена. Победитель: Team B
Ходов сыграно: 25

--- Сводка по командам ---
  Team A: 0/8 живых; hp=0
  Team B: 3/8 живых; hp=8
  Team C: 0/8 живых; hp=0

--- Сводка по пассивкам радиовышек ---
  Team A: сканирований=15, всего врагов-в-слоях=20, уникальных эксклюзивных (видны только радиовышкой)=2
  Team B: сканирований=9, всего врагов-в-слоях=12, уникальных эксклюзивных (видны только радиовышкой)=0
  Team C: сканирований=4, всего врагов-в-слоях=7, уникальных эксклюзивных (видны только радиовышкой)=0

--- Сводка по попаданиям ---
  Всего событий (шоты+тараны+мины): 31
  Уничтожено кораблей всего: 21
  Team A: урон=27 хиты=5 тараны=7 мины(сработало)=0 убийств=9
  Team B: урон=31 хиты=16 тараны=0 мины(сработало)=0 убийств=9
  Team C: урон=10 хиты=1 тараны=2 мины(сработало)=0 убийств=3
! 🎮 GM: остановка игры
