======================================================================
Space Battle 10×10×10 — simulation run at 2026-04-20T13:31:54+00:00
Game mode: advanced
Seed: 113
✓ 🚀 Продвинутый режим: создаю разные типы кораблей
   Команда A: спавн вдоль оси X от (7, 4, 0) до (6, 4, 0)
   Команда B: спавн вдоль оси X от (7, 9, 4) до (9, 9, 4)
   Команда C: спавн вдоль оси Y от (7, 4, 2) до (7, 3, 2)
✓ ✅ Создано 24 кораблей


--- СТАРТОВАЯ РАССТАНОВКА ---
  Team A: живых 8/8
    ✓ Артиллерия A1      @ (7,4,0) hp=1/1
    ✓ Радиовышка A2      @ (8,4,0) hp=3/3
    ✓ Прыгун A3          @ (5,4,0) hp=2/2
    ✓ Факел A4           @ (1,4,0) hp=6/6
    ✓ Тишина A5          @ (3,4,0) hp=2/2
    ✓ Бурав A6           @ (0,4,0) hp=4/4
    ✓ Провокатор A7      @ (4,4,0) hp=2/2
    ✓ Паук A8            @ (6,4,0) hp=1/1
  Team B: живых 8/8
    ✓ Артиллерия B1      @ (7,9,4) hp=1/1
    ✓ Радиовышка B2      @ (4,9,4) hp=3/3
    ✓ Прыгун B3          @ (8,9,4) hp=2/2
    ✓ Факел B4           @ (3,9,4) hp=6/6
    ✓ Тишина B5          @ (2,9,4) hp=2/2
    ✓ Бурав B6           @ (6,9,4) hp=4/4
    ✓ Провокатор B7      @ (1,9,4) hp=2/2
    ✓ Паук B8            @ (9,9,4) hp=1/1
  Team C: живых 8/8
    ✓ Артиллерия C1      @ (7,4,2) hp=1/1
    ✓ Радиовышка C2      @ (7,6,2) hp=3/3
    ✓ Прыгун C3          @ (7,9,2) hp=2/2
    ✓ Факел C4           @ (7,5,2) hp=6/6
    ✓ Тишина C5          @ (7,1,2) hp=2/2
    ✓ Бурав C6           @ (7,8,2) hp=4/4
    ✓ Провокатор C7      @ (7,0,2) hp=2/2
    ✓ Паук C8            @ (7,3,2) hp=1/1

======================================================================
ХОД 1
======================================================================
✓ 🎮 GM: начинаем ход
GM: start_turn

--- Радиовышки: сканирование слоя Z ---
  Радиовышка A2 (z=0): слой чист
  Радиовышка B2 (z=4): слой чист
  Радиовышка C2 (z=2): слой чист

--- Решения ботов ---
  [Team A] Артиллерия A1 (7,4,0) → SHOOT at (7,4,2)
  [Team A] Радиовышка A2 (8,4,0) → MOVE (7,4,1)
  [Team A] Прыгун A3 (5,4,0) → MOVE (7,4,2)
  [Team A] Факел A4 (1,4,0) → MOVE (2,4,0)
  [Team A] Тишина A5 (3,4,0) → PHASE toggle
  [Team A] Бурав A6 (0,4,0) → MOVE (1,4,1)
  [Team A] Провокатор A7 (4,4,0) → HOLOGRAM (5,4,1)
  [Team A] Паук A8 (6,4,0) → MINE (7,4,1)
  [Team B] Артиллерия B1 (7,9,4) → SHOOT at (7,9,2)
  [Team B] Радиовышка B2 (4,9,4) → MOVE (5,8,3)
  [Team B] Прыгун B3 (8,9,4) → MOVE (7,9,2)
  [Team B] Тишина B5 (2,9,4) → PHASE toggle
  [Team B] Бурав B6 (6,9,4) → MOVE (7,9,3)
  [Team B] Провокатор B7 (1,9,4) → MOVE (2,8,3)
  [Team B] Паук B8 (9,9,4) → MINE (8,9,3)
  [Team B] Факел B4 → SKIP
  [Team C] Артиллерия C1 (7,4,2) → SHOOT at (7,4,0)
  [Team C] Радиовышка C2 (7,6,2) → MOVE (7,5,1)
  [Team C] Прыгун C3 (7,9,2) → MOVE (7,9,4)
  [Team C] Тишина C5 (7,1,2) → PHASE toggle
  [Team C] Бурав C6 (7,8,2) → MOVE (7,9,3)
  [Team C] Провокатор C7 (7,0,2) → HOLOGRAM (7,1,1)
  [Team C] Паук C8 (7,3,2) → MINE (7,4,1)
  [Team C] Факел C4 → SKIP
! 🎮 GM: принудительно завершает фазу планирования
GM: end_planning
# 
============================================================
# 🔄 ОБРАБОТКА ХОДА 1
# ============================================================
   🌀 Тишина A5: фаза ВКЛ
   🌀 Тишина B5: фаза ВКЛ
   🌀 Тишина C5: фаза ВКЛ
   🪞 Провокатор A7 создал голограмму H1 в (5,4,1)
   🪞 Провокатор C7 создал голограмму H2 в (7,1,1)
   💣 Паук A8 установил мину M1 в (7,4,1)
   💣 Паук B8 установил мину M2 в (8,9,3)
!    ⚠️ Паук C8: в клетке уже стоит мина

📦 ПЕРЕМЕЩЕНИЯ:
   Радиовышка A2: (8, 4, 0) → (7,4,1)
✓    💥 Прыгун A3 тараном уничтожил Артиллерия C1 в (7,4,2)
   Прыгун A3: (5, 4, 0) → (7,4,2)
   Факел A4: (1, 4, 0) → (2,4,0)
   Бурав A6: (0, 4, 0) → (1,4,1)
   Радиовышка B2: (4, 9, 4) → (5,8,3)
✓    💥 Прыгун B3 тараном уничтожил Прыгун C3 в (7,9,2)
   Прыгун B3: (8, 9, 4) → (7,9,2)
   Бурав B6: (6, 9, 4) → (7,9,3)
   Провокатор B7: (1, 9, 4) → (2,8,3)
   Радиовышка C2: (7, 6, 2) → (7,5,1)
✓    💥 Бурав C6 тараном уничтожил Бурав B6 в (7,9,3)
   Бурав C6: (7, 8, 2) → (7,9,3)

🎯 ВЫСТРЕЛЫ:
   Выпущено ракет: 2
# 
📊 РЕЗУЛЬТАТЫ ХОДА 1:
🎯 Попаданий нет

--- Результаты хода ---
  Team A / Прыгун A3          → Team C / Артиллерия C1      @ (7,4,2)  (УБИТ)
  Team B / Прыгун B3          → Team C / Прыгун C3          @ (7,9,2)  (УБИТ)
  Team C / Бурав C6           → Team B / Бурав B6           @ (7,9,3)  (УБИТ)

--- Состояние команд после хода ---
  Team A: живых 8/8
    ✓ Артиллерия A1      @ (7,4,0) hp=1/1
    ✓ Радиовышка A2      @ (7,4,1) hp=3/3
    ✓ Прыгун A3          @ (7,4,2) hp=2/2
    ✓ Факел A4           @ (2,4,0) hp=6/6
    ✓ Тишина A5          @ (3,4,0) hp=2/2
    ✓ Бурав A6           @ (1,4,1) hp=4/4
    ✓ Провокатор A7      @ (4,4,0) hp=2/2
    ✓ Паук A8            @ (6,4,0) hp=1/1
  Team B: живых 7/8
    ✓ Артиллерия B1      @ (7,9,4) hp=1/1
    ✓ Радиовышка B2      @ (5,8,3) hp=3/3
    ✓ Прыгун B3          @ (7,9,2) hp=2/2
    ✓ Факел B4           @ (3,9,4) hp=6/6
    ✓ Тишина B5          @ (2,9,4) hp=2/2
    ✓ Провокатор B7      @ (2,8,3) hp=2/2
    ✓ Паук B8            @ (9,9,4) hp=1/1
    ✗ Бурав B6           @ (7,9,3) [уничтожен]
  Team C: живых 6/8
    ✓ Радиовышка C2      @ (7,5,1) hp=3/3
    ✓ Факел C4           @ (7,5,2) hp=6/6
    ✓ Тишина C5          @ (7,1,2) hp=2/2
    ✓ Бурав C6           @ (7,9,3) hp=4/4
    ✓ Провокатор C7      @ (7,0,2) hp=2/2
    ✓ Паук C8            @ (7,3,2) hp=1/1
    ✗ Артиллерия C1      @ (7,4,2) [уничтожен]
    ✗ Прыгун C3          @ (7,9,2) [уничтожен]

======================================================================
ХОД 2
======================================================================
✓ 🎮 GM: начинаем ход
GM: start_turn

--- Радиовышки: сканирование слоя Z ---
  Радиовышка A2 (z=1): видит 1 врагов  → Радиовышка C2(7,5,1)
  Радиовышка B2 (z=3): видит 1 врагов  → Бурав C6(7,9,3)
  Радиовышка C2 (z=1): видит 2 врагов [+1 эксклюзивно] → Бурав A6(1,4,1), Радиовышка A2(7,4,1)

--- Решения ботов ---
  [Team A] Артиллерия A1 (7,4,0) → SHOOT at (7,0,2)
  [Team A] Радиовышка A2 (7,4,1) → MOVE (7,5,1)
  [Team A] Прыгун A3 (7,4,2) → MOVE (7,5,2)
  [Team A] Тишина A5 (3,4,0) → MOVE (4,5,1)
  [Team A] Бурав A6 (1,4,1) → MOVE (2,5,2)
  [Team A] Провокатор A7 (4,4,0) → HOLOGRAM (5,5,1)
  [Team A] Паук A8 (6,4,0) → MINE (6,4,1)
  [Team A] Факел A4 → SKIP
  [Team B] Артиллерия B1 (7,9,4) → SHOOT at (7,4,0)
  [Team B] Радиовышка B2 (5,8,3) → MOVE (6,9,3)
  [Team B] Прыгун B3 (7,9,2) → MOVE (7,9,3)
  [Team B] Факел B4 (3,9,4) → MOVE (4,9,4)
  [Team B] Тишина B5 (2,9,4) → MOVE (3,8,3)
  [Team B] Провокатор B7 (2,8,3) → HOLOGRAM (2,7,2)
  [Team B] Паук B8 (9,9,4) → MINE (8,9,3)
  [Team C] Радиовышка C2 (7,5,1) → MOVE (7,4,0)
  [Team C] Факел C4 (7,5,2) → SHOOT at (7,4,2)
  [Team C] Тишина C5 (7,1,2) → MOVE (7,2,1)
  [Team C] Бурав C6 (7,9,3) → MOVE (7,9,4)
  [Team C] Провокатор C7 (7,0,2) → HOLOGRAM (7,1,1)
  [Team C] Паук C8 (7,3,2) → MINE (7,4,1)
! 🎮 GM: принудительно завершает фазу планирования
GM: end_planning
# 
============================================================
# 🔄 ОБРАБОТКА ХОДА 2
# ============================================================
   🪞 Провокатор A7 создал голограмму H3 в (5,5,1)
   🪞 Провокатор B7 создал голограмму H4 в (2,7,2)
!    ⚠️ Провокатор C7: клетка (7,1,1) уже занята голограммой
   💣 Паук A8 установил мину M3 в (6,4,1)
!    ⚠️ Паук B8: в клетке уже стоит мина
!    ⚠️ Паук C8: клетка (7,4,1) занята кораблём

📦 ПЕРЕМЕЩЕНИЯ:
!    ⚠️ Радиовышка A2: клетка (7,5,1) занята
✓    💥 Прыгун A3 тараном уничтожил Факел C4 в (7,5,2)
   Прыгун A3: (7, 4, 2) → (7,5,2)
   Тишина A5: (3, 4, 0) → (4,5,1)
!    ⚠️ Бурав A6: Бурав двигается только по 1 оси или по 2 осям строго диагонально
   Радиовышка B2: (5, 8, 3) → (6,9,3)
✓    💥 Прыгун B3 тараном уничтожил Бурав C6 в (7,9,3)
   Прыгун B3: (7, 9, 2) → (7,9,3)
   Факел B4: (3, 9, 4) → (4,9,4)
   Тишина B5: (2, 9, 4) → (3,8,3)
!    ⚠️ Радиовышка C2: клетка (7,4,0) занята
   Тишина C5: (7, 1, 2) → (7,2,1)

🎯 ВЫСТРЕЛЫ:
✓    ✅ Артиллерия A1 поразил Провокатор C7 (2 урона)!
✓    ✅ Артиллерия B1 поразил Артиллерия A1 (2 урона)!
   Выпущено ракет: 2
# 
📊 РЕЗУЛЬТАТЫ ХОДА 2:
✓ 💥 ПОПАДАНИЯ:
✓    Артиллерия A1 (Team A) → Провокатор C7 (Team C)
✓    Артиллерия B1 (Team B) → Артиллерия A1 (Team A)

--- Результаты хода ---
  Team A / Прыгун A3          → Team C / Факел C4           @ (7,5,2)  (УБИТ)
  Team B / Прыгун B3          → Team C / Бурав C6           @ (7,9,3)  (УБИТ)
  Team A / Артиллерия A1      → Team C / Провокатор C7      @ (7,0,2)  (УБИТ)
  Team B / Артиллерия B1      → Team A / Артиллерия A1      @ (7,4,0)  (УБИТ)

--- Состояние команд после хода ---
  Team A: живых 7/8
    ✓ Радиовышка A2      @ (7,4,1) hp=3/3
    ✓ Прыгун A3          @ (7,5,2) hp=2/2
    ✓ Факел A4           @ (2,4,0) hp=6/6
    ✓ Тишина A5          @ (4,5,1) hp=2/2
    ✓ Бурав A6           @ (1,4,1) hp=4/4
    ✓ Провокатор A7      @ (4,4,0) hp=2/2
    ✓ Паук A8            @ (6,4,0) hp=1/1
    ✗ Артиллерия A1      @ (7,4,0) [уничтожен]
  Team B: живых 7/8
    ✓ Артиллерия B1      @ (7,9,4) hp=1/1
    ✓ Радиовышка B2      @ (6,9,3) hp=3/3
    ✓ Прыгун B3          @ (7,9,3) hp=2/2
    ✓ Факел B4           @ (4,9,4) hp=6/6
    ✓ Тишина B5          @ (3,8,3) hp=2/2
    ✓ Провокатор B7      @ (2,8,3) hp=2/2
    ✓ Паук B8            @ (9,9,4) hp=1/1
    ✗ Бурав B6           @ (7,9,3) [уничтожен]
  Team C: живых 3/8
    ✓ Радиовышка C2      @ (7,5,1) hp=3/3
    ✓ Тишина C5          @ (7,2,1) hp=2/2
    ✓ Паук C8            @ (7,3,2) hp=1/1
    ✗ Артиллерия C1      @ (7,4,2) [уничтожен]
    ✗ Прыгун C3          @ (7,9,2) [уничтожен]
    ✗ Факел C4           @ (7,5,2) [уничтожен]
    ✗ Бурав C6           @ (7,9,3) [уничтожен]
    ✗ Провокатор C7      @ (7,0,2) [уничтожен]

======================================================================
ХОД 3
======================================================================
✓ 🎮 GM: начинаем ход
GM: start_turn

--- Радиовышки: сканирование слоя Z ---
  Радиовышка A2 (z=1): видит 1 врагов  → Радиовышка C2(7,5,1)
  Радиовышка B2 (z=3): слой чист
  Радиовышка C2 (z=1): видит 2 врагов [+1 эксклюзивно] → Бурав A6(1,4,1), Радиовышка A2(7,4,1)

--- Решения ботов ---
  [Team A] Радиовышка A2 (7,4,1) → MOVE (7,5,1)
  [Team A] Прыгун A3 (7,5,2) → MOVE (7,3,2)
  [Team A] Факел A4 (2,4,0) → MOVE (3,5,1)
  [Team A] Тишина A5 (4,5,1) → MOVE (3,6,2)
  [Team A] Бурав A6 (1,4,1) → MOVE (2,5,2)
  [Team A] Провокатор A7 (4,4,0) → HOLOGRAM (5,5,1)
  [Team A] Паук A8 (6,4,0) → MINE (6,4,1)
  [Team B] Артиллерия B1 (7,9,4) → SHOOT at (7,5,2)
  [Team B] Радиовышка B2 (6,9,3) → MOVE (7,8,2)
  [Team B] Прыгун B3 (7,9,3) → MOVE (7,8,3)
  [Team B] Факел B4 (4,9,4) → MOVE (5,9,4)
  [Team B] Тишина B5 (3,8,3) → MOVE (4,7,2)
  [Team B] Провокатор B7 (2,8,3) → HOLOGRAM (2,7,2)
  [Team B] Паук B8 (9,9,4) → MINE (8,8,3)
  [Team C] Радиовышка C2 (7,5,1) → MOVE (7,4,1)
  [Team C] Тишина C5 (7,2,1) → MOVE (7,3,1)
  [Team C] Паук C8 (7,3,2) → MINE (7,4,2)
! 🎮 GM: принудительно завершает фазу планирования
GM: end_planning
# 
============================================================
# 🔄 ОБРАБОТКА ХОДА 3
# ============================================================
!    ⚠️ Провокатор A7: клетка (5,5,1) уже занята голограммой
!    ⚠️ Провокатор B7: клетка (2,7,2) уже занята голограммой
!    ⚠️ Паук A8: в клетке уже стоит мина
   💣 Паук B8 установил мину M4 в (8,8,3)
   💣 Паук C8 установил мину M5 в (7,4,2)

📦 ПЕРЕМЕЩЕНИЯ:
!    ⚠️ Радиовышка A2: клетка (7,5,1) занята
✓    💥 Прыгун A3 тараном уничтожил Паук C8 в (7,3,2)
   Прыгун A3: (7, 5, 2) → (7,3,2)
   Факел A4: (2, 4, 0) → (3,5,1)
   Тишина A5: (4, 5, 1) → (3,6,2)
!    ⚠️ Бурав A6: Бурав двигается только по 1 оси или по 2 осям строго диагонально
   Радиовышка B2: (6, 9, 3) → (7,8,2)
   Прыгун B3: (7, 9, 3) → (7,8,3)
   Факел B4: (4, 9, 4) → (5,9,4)
   Тишина B5: (3, 8, 3) → (4,7,2)
!    ⚠️ Радиовышка C2: клетка (7,4,1) занята
   Тишина C5: (7, 2, 1) → (7,3,1)

🎯 ВЫСТРЕЛЫ:
   Выпущено ракет: 1
# 
📊 РЕЗУЛЬТАТЫ ХОДА 3:
🎯 Попаданий нет

--- Результаты хода ---
  Team A / Прыгун A3          → Team C / Паук C8            @ (7,3,2)  (УБИТ)

--- Состояние команд после хода ---
  Team A: живых 7/8
    ✓ Радиовышка A2      @ (7,4,1) hp=3/3
    ✓ Прыгун A3          @ (7,3,2) hp=2/2
    ✓ Факел A4           @ (3,5,1) hp=6/6
    ✓ Тишина A5          @ (3,6,2) hp=2/2
    ✓ Бурав A6           @ (1,4,1) hp=4/4
    ✓ Провокатор A7      @ (4,4,0) hp=2/2
    ✓ Паук A8            @ (6,4,0) hp=1/1
    ✗ Артиллерия A1      @ (7,4,0) [уничтожен]
  Team B: живых 7/8
    ✓ Артиллерия B1      @ (7,9,4) hp=1/1
    ✓ Радиовышка B2      @ (7,8,2) hp=3/3
    ✓ Прыгун B3          @ (7,8,3) hp=2/2
    ✓ Факел B4           @ (5,9,4) hp=6/6
    ✓ Тишина B5          @ (4,7,2) hp=2/2
    ✓ Провокатор B7      @ (2,8,3) hp=2/2
    ✓ Паук B8            @ (9,9,4) hp=1/1
    ✗ Бурав B6           @ (7,9,3) [уничтожен]
  Team C: живых 2/8
    ✓ Радиовышка C2      @ (7,5,1) hp=3/3
    ✓ Тишина C5          @ (7,3,1) hp=2/2
    ✗ Артиллерия C1      @ (7,4,2) [уничтожен]
    ✗ Прыгун C3          @ (7,9,2) [уничтожен]
    ✗ Факел C4           @ (7,5,2) [уничтожен]
    ✗ Бурав C6           @ (7,9,3) [уничтожен]
    ✗ Провокатор C7      @ (7,0,2) [уничтожен]
    ✗ Паук C8            @ (7,3,2) [уничтожен]

======================================================================
ХОД 4
======================================================================
✓ 🎮 GM: начинаем ход
GM: start_turn

--- Радиовышки: сканирование слоя Z ---
  Радиовышка A2 (z=1): видит 1 врагов  → Радиовышка C2(7,5,1)
  Радиовышка B2 (z=2): видит 1 врагов  → Прыгун A3(7,3,2)
  Радиовышка C2 (z=1): видит 3 врагов [+1 эксклюзивно] → Бурав A6(1,4,1), Факел A4(3,5,1), Радиовышка A2(7,4,1)

--- Решения ботов ---
  [Team A] Радиовышка A2 (7,4,1) → MOVE (7,5,1)
  [Team A] Прыгун A3 (7,3,2) → SHOOT at (7,8,2)
  [Team A] Факел A4 (3,5,1) → SHOOT at (7,5,1)
  [Team A] Тишина A5 (3,6,2) → MOVE (2,7,3)
  [Team A] Бурав A6 (1,4,1) → MOVE (2,5,2)
  [Team A] Провокатор A7 (4,4,0) → HOLOGRAM (5,5,1)
  [Team A] Паук A8 (6,4,0) → MINE (6,4,1)
  [Team B] Артиллерия B1 (7,9,4) → SHOOT at (4,4,0)
  [Team B] Радиовышка B2 (7,8,2) → MOVE (7,7,1)
  [Team B] Прыгун B3 (7,8,3) → MOVE (7,7,2)
  [Team B] Факел B4 (5,9,4) → MOVE (6,9,4)
  [Team B] Тишина B5 (4,7,2) → MOVE (3,6,1)
  [Team B] Провокатор B7 (2,8,3) → HOLOGRAM (3,7,2)
  [Team B] Паук B8 (9,9,4) → MINE (8,8,3)
  [Team C] Радиовышка C2 (7,5,1) → MOVE (7,4,1)
  [Team C] Тишина C5 → SKIP
! 🎮 GM: принудительно завершает фазу планирования
GM: end_planning
# 
============================================================
# 🔄 ОБРАБОТКА ХОДА 4
# ============================================================
!    ⚠️ Провокатор A7: клетка (5,5,1) уже занята голограммой
   🪞 Провокатор B7 создал голограмму H5 в (3,7,2)
!    ⚠️ Паук A8: в клетке уже стоит мина
!    ⚠️ Паук B8: в клетке уже стоит мина

📦 ПЕРЕМЕЩЕНИЯ:
!    ⚠️ Радиовышка A2: клетка (7,5,1) занята
   Тишина A5: (3, 6, 2) → (2,7,3)
!    ⚠️ Бурав A6: Бурав двигается только по 1 оси или по 2 осям строго диагонально
   Радиовышка B2: (7, 8, 2) → (7,7,1)
   Прыгун B3: (7, 8, 3) → (7,7,2)
   Факел B4: (5, 9, 4) → (6,9,4)
   Тишина B5: (4, 7, 2) → (3,6,1)
!    ⚠️ Радиовышка C2: клетка (7,4,1) занята

🎯 ВЫСТРЕЛЫ:
!    🛡️ Выстрел Факел A4 гасится собственной голограммой в (5, 5, 1)
✓    ✅ Прыгун A3 поразил Прыгун B3 (1 урона)!
✓    ✅ Артиллерия B1 поразил Провокатор A7 (2 урона)!
   Выпущено ракет: 3
# 
📊 РЕЗУЛЬТАТЫ ХОДА 4:
✓ 💥 ПОПАДАНИЯ:
✓    Прыгун A3 (Team A) → Прыгун B3 (Team B)
✓    Артиллерия B1 (Team B) → Провокатор A7 (Team A)

--- Результаты хода ---
  Team A / Прыгун A3          → Team B / Прыгун B3          @ (7,7,2)  (ранен)
  Team B / Артиллерия B1      → Team A / Провокатор A7      @ (4,4,0)  (УБИТ)

--- Состояние команд после хода ---
  Team A: живых 6/8
    ✓ Радиовышка A2      @ (7,4,1) hp=3/3
    ✓ Прыгун A3          @ (7,3,2) hp=2/2
    ✓ Факел A4           @ (3,5,1) hp=6/6
    ✓ Тишина A5          @ (2,7,3) hp=2/2
    ✓ Бурав A6           @ (1,4,1) hp=4/4
    ✓ Паук A8            @ (6,4,0) hp=1/1
    ✗ Артиллерия A1      @ (7,4,0) [уничтожен]
    ✗ Провокатор A7      @ (4,4,0) [уничтожен]
  Team B: живых 7/8
    ✓ Артиллерия B1      @ (7,9,4) hp=1/1
    ✓ Радиовышка B2      @ (7,7,1) hp=3/3
    ✓ Прыгун B3          @ (7,7,2) hp=1/2
    ✓ Факел B4           @ (6,9,4) hp=6/6
    ✓ Тишина B5          @ (3,6,1) hp=2/2
    ✓ Провокатор B7      @ (2,8,3) hp=2/2
    ✓ Паук B8            @ (9,9,4) hp=1/1
    ✗ Бурав B6           @ (7,9,3) [уничтожен]
  Team C: живых 2/8
    ✓ Радиовышка C2      @ (7,5,1) hp=3/3
    ✓ Тишина C5          @ (7,3,1) hp=2/2
    ✗ Артиллерия C1      @ (7,4,2) [уничтожен]
    ✗ Прыгун C3          @ (7,9,2) [уничтожен]
    ✗ Факел C4           @ (7,5,2) [уничтожен]
    ✗ Бурав C6           @ (7,9,3) [уничтожен]
    ✗ Провокатор C7      @ (7,0,2) [уничтожен]
    ✗ Паук C8            @ (7,3,2) [уничтожен]

======================================================================
ХОД 5
======================================================================
✓ 🎮 GM: начинаем ход
GM: start_turn

--- Радиовышки: сканирование слоя Z ---
  Радиовышка A2 (z=1): видит 2 врагов  → Радиовышка B2(7,7,1), Радиовышка C2(7,5,1)
  Радиовышка B2 (z=1): видит 4 врагов  → Бурав A6(1,4,1), Факел A4(3,5,1), Радиовышка A2(7,4,1), Радиовышка C2(7,5,1)
  Радиовышка C2 (z=1): видит 4 врагов [+1 эксклюзивно] → Бурав A6(1,4,1), Факел A4(3,5,1), Радиовышка A2(7,4,1), Радиовышка B2(7,7,1)

--- Решения ботов ---
  [Team A] Радиовышка A2 (7,4,1) → MOVE (7,5,1)
  [Team A] Прыгун A3 (7,3,2) → SHOOT at (7,7,2)
  [Team A] Факел A4 (3,5,1) → SHOOT at (7,5,1)
  [Team A] Тишина A5 (2,7,3) → MOVE (2,8,3)
  [Team A] Бурав A6 (1,4,1) → MOVE (2,5,2)
  [Team A] Паук A8 (6,4,0) → MINE (7,5,0)
  [Team B] Артиллерия B1 (7,9,4) → SHOOT at (7,3,2)
  [Team B] Радиовышка B2 (7,7,1) → MOVE (7,6,1)
  [Team B] Прыгун B3 (7,7,2) → MOVE (7,5,1)
  [Team B] Факел B4 (6,9,4) → HEAL (AoE)
  [Team B] Тишина B5 (3,6,1) → MOVE (3,5,1)
  [Team B] Провокатор B7 (2,8,3) → HOLOGRAM (3,7,2)
  [Team B] Паук B8 (9,9,4) → MINE (8,8,3)
  [Team C] Радиовышка C2 (7,5,1) → MOVE (7,4,1)
  [Team C] Тишина C5 → SKIP
! 🎮 GM: принудительно завершает фазу планирования
GM: end_planning
# 
============================================================
# 🔄 ОБРАБОТКА ХОДА 5
# ============================================================
!    ⚠️ Провокатор B7: клетка (3,7,2) уже занята голограммой
   💣 Паук A8 установил мину M6 в (7,5,0)
!    ⚠️ Паук B8: в клетке уже стоит мина

📦 ПЕРЕМЕЩЕНИЯ:
!    ⚠️ Радиовышка A2: клетка (7,5,1) занята
!    ⚠️ Тишина A5: клетка (2,8,3) занята
!    ⚠️ Бурав A6: Бурав двигается только по 1 оси или по 2 осям строго диагонально
   Радиовышка B2: (7, 7, 1) → (7,6,1)
✓    💥 Прыгун B3 тараном уничтожил Радиовышка C2 в (7,5,1)
   Прыгун B3: (7, 7, 2) → (7,5,1)
!    ⚠️ Тишина B5: клетка (3,5,1) занята

🎯 ВЫСТРЕЛЫ:
!    🛡️ Выстрел Факел A4 гасится собственной голограммой в (5, 5, 1)
✓    ✅ Артиллерия B1 поразил Прыгун A3 (2 урона)!
!    ⚠️ Факел B4: некого лечить
   Выпущено ракет: 3
# 
📊 РЕЗУЛЬТАТЫ ХОДА 5:
✓ 💥 ПОПАДАНИЯ:
✓    Артиллерия B1 (Team B) → Прыгун A3 (Team A)

--- Результаты хода ---
  Team B / Прыгун B3          → Team C / Радиовышка C2      @ (7,5,1)  (УБИТ)
  Team B / Артиллерия B1      → Team A / Прыгун A3          @ (7,3,2)  (УБИТ)

--- Состояние команд после хода ---
  Team A: живых 5/8
    ✓ Радиовышка A2      @ (7,4,1) hp=3/3
    ✓ Факел A4           @ (3,5,1) hp=6/6
    ✓ Тишина A5          @ (2,7,3) hp=2/2
    ✓ Бурав A6           @ (1,4,1) hp=4/4
    ✓ Паук A8            @ (6,4,0) hp=1/1
    ✗ Артиллерия A1      @ (7,4,0) [уничтожен]
    ✗ Прыгун A3          @ (7,3,2) [уничтожен]
    ✗ Провокатор A7      @ (4,4,0) [уничтожен]
  Team B: живых 7/8
    ✓ Артиллерия B1      @ (7,9,4) hp=1/1
    ✓ Радиовышка B2      @ (7,6,1) hp=3/3
    ✓ Прыгун B3          @ (7,5,1) hp=1/2
    ✓ Факел B4           @ (6,9,4) hp=6/6
    ✓ Тишина B5          @ (3,6,1) hp=2/2
    ✓ Провокатор B7      @ (2,8,3) hp=2/2
    ✓ Паук B8            @ (9,9,4) hp=1/1
    ✗ Бурав B6           @ (7,9,3) [уничтожен]
  Team C: живых 1/8
    ✓ Тишина C5          @ (7,3,1) hp=2/2
    ✗ Артиллерия C1      @ (7,4,2) [уничтожен]
    ✗ Радиовышка C2      @ (7,5,1) [уничтожен]
    ✗ Прыгун C3          @ (7,9,2) [уничтожен]
    ✗ Факел C4           @ (7,5,2) [уничтожен]
    ✗ Бурав C6           @ (7,9,3) [уничтожен]
    ✗ Провокатор C7      @ (7,0,2) [уничтожен]
    ✗ Паук C8            @ (7,3,2) [уничтожен]

======================================================================
ХОД 6
======================================================================
✓ 🎮 GM: начинаем ход
GM: start_turn

--- Радиовышки: сканирование слоя Z ---
  Радиовышка A2 (z=1): видит 2 врагов  → Прыгун B3(7,5,1), Радиовышка B2(7,6,1)
  Радиовышка B2 (z=1): видит 3 врагов  → Бурав A6(1,4,1), Факел A4(3,5,1), Радиовышка A2(7,4,1)

--- Решения ботов ---
  [Team A] Радиовышка A2 (7,4,1) → MOVE (7,5,1)
  [Team A] Факел A4 (3,5,1) → SHOOT at (7,5,1)
  [Team A] Тишина A5 (2,7,3) → MOVE (2,8,3)
  [Team A] Бурав A6 (1,4,1) → MOVE (2,5,2)
  [Team A] Паук A8 (6,4,0) → MINE (7,4,0)
  [Team B] Артиллерия B1 (7,9,4) → SHOOT at (6,4,0)
  [Team B] Прыгун B3 (7,5,1) → MOVE (7,4,1)
  [Team B] Факел B4 (6,9,4) → MOVE (7,8,3)
  [Team B] Тишина B5 (3,6,1) → MOVE (3,5,1)
  [Team B] Провокатор B7 (2,8,3) → HOLOGRAM (3,7,2)
  [Team B] Паук B8 (9,9,4) → MOVE (8,8,3)
  [Team B] Радиовышка B2 → SKIP
  [Team C] Тишина C5 (7,3,1) → MOVE (7,4,1)
! 🎮 GM: принудительно завершает фазу планирования
GM: end_planning
# 
============================================================
# 🔄 ОБРАБОТКА ХОДА 6
# ============================================================
!    ⚠️ Провокатор B7: клетка (3,7,2) уже занята голограммой
   💣 Паук A8 установил мину M7 в (7,4,0)

📦 ПЕРЕМЕЩЕНИЯ:
!    ⚠️ Радиовышка A2: клетка (7,5,1) занята
!    ⚠️ Тишина A5: клетка (2,8,3) занята
!    ⚠️ Бурав A6: Бурав двигается только по 1 оси или по 2 осям строго диагонально
✓    💥 Прыгун B3 тараном уничтожил Радиовышка A2 в (7,4,1)
   Прыгун B3: (7, 5, 1) → (7,4,1)
!    💥 Мина M1 сработала под Прыгун B3 (урон 2) — КОРАБЛЬ УНИЧТОЖЕН
   Факел B4: (6, 9, 4) → (7,8,3)
!    ⚠️ Тишина B5: клетка (3,5,1) занята
   Паук B8: (9, 9, 4) → (8,8,3)
   Тишина C5: (7, 3, 1) → (7,4,1)

🎯 ВЫСТРЕЛЫ:
!    🛡️ Выстрел Факел A4 гасится собственной голограммой в (5, 5, 1)
✓    ✅ Артиллерия B1 поразил Паук A8 (2 урона)!
   Выпущено ракет: 2
# 
📊 РЕЗУЛЬТАТЫ ХОДА 6:
✓ 💥 ПОПАДАНИЯ:
✓    Артиллерия B1 (Team B) → Паук A8 (Team A)

--- Результаты хода ---
  Team B / Прыгун B3          → Team A / Радиовышка A2      @ (7,4,1)  (УБИТ)
  ? / ?                  → Team B / Прыгун B3          @ (7,4,1)  (УБИТ)
  Team B / Артиллерия B1      → Team A / Паук A8            @ (6,4,0)  (УБИТ)

--- Состояние команд после хода ---
  Team A: живых 3/8
    ✓ Факел A4           @ (3,5,1) hp=6/6
    ✓ Тишина A5          @ (2,7,3) hp=2/2
    ✓ Бурав A6           @ (1,4,1) hp=4/4
    ✗ Артиллерия A1      @ (7,4,0) [уничтожен]
    ✗ Радиовышка A2      @ (7,4,1) [уничтожен]
    ✗ Прыгун A3          @ (7,3,2) [уничтожен]
    ✗ Провокатор A7      @ (4,4,0) [уничтожен]
    ✗ Паук A8            @ (6,4,0) [уничтожен]
  Team B: живых 6/8
    ✓ Артиллерия B1      @ (7,9,4) hp=1/1
    ✓ Радиовышка B2      @ (7,6,1) hp=3/3
    ✓ Факел B4           @ (7,8,3) hp=6/6
    ✓ Тишина B5          @ (3,6,1) hp=2/2
    ✓ Провокатор B7      @ (2,8,3) hp=2/2
    ✓ Паук B8            @ (8,8,3) hp=1/1
    ✗ Прыгун B3          @ (7,4,1) [уничтожен]
    ✗ Бурав B6           @ (7,9,3) [уничтожен]
  Team C: живых 1/8
    ✓ Тишина C5          @ (7,4,1) hp=2/2
    ✗ Артиллерия C1      @ (7,4,2) [уничтожен]
    ✗ Радиовышка C2      @ (7,5,1) [уничтожен]
    ✗ Прыгун C3          @ (7,9,2) [уничтожен]
    ✗ Факел C4           @ (7,5,2) [уничтожен]
    ✗ Бурав C6           @ (7,9,3) [уничтожен]
    ✗ Провокатор C7      @ (7,0,2) [уничтожен]
    ✗ Паук C8            @ (7,3,2) [уничтожен]

======================================================================
ХОД 7
======================================================================
✓ 🎮 GM: начинаем ход
GM: start_turn

--- Радиовышки: сканирование слоя Z ---
  Радиовышка B2 (z=1): видит 2 врагов  → Бурав A6(1,4,1), Факел A4(3,5,1)

--- Решения ботов ---
  [Team A] Факел A4 (3,5,1) → MOVE (2,4,1)
  [Team A] Тишина A5 (2,7,3) → MOVE (2,8,3)
  [Team A] Бурав A6 (1,4,1) → MOVE (2,5,2)
  [Team B] Артиллерия B1 (7,9,4) → SHOOT at (3,5,1)
  [Team B] Радиовышка B2 (7,6,1) → MOVE (6,5,1)
  [Team B] Факел B4 (7,8,3) → MOVE (7,9,3)
  [Team B] Тишина B5 (3,6,1) → MOVE (3,5,1)
  [Team B] Провокатор B7 (2,8,3) → HOLOGRAM (3,7,2)
  [Team B] Паук B8 (8,8,3) → MOVE (7,7,2)
  [Team C] Тишина C5 (7,4,1) → MOVE (7,5,1)
! 🎮 GM: принудительно завершает фазу планирования
GM: end_planning
# 
============================================================
# 🔄 ОБРАБОТКА ХОДА 7
# ============================================================
!    ⚠️ Провокатор B7: клетка (3,7,2) уже занята голограммой

📦 ПЕРЕМЕЩЕНИЯ:
   Факел A4: (3, 5, 1) → (2,4,1)
!    ⚠️ Тишина A5: клетка (2,8,3) занята
!    ⚠️ Бурав A6: Бурав двигается только по 1 оси или по 2 осям строго диагонально
   Радиовышка B2: (7, 6, 1) → (6,5,1)
   Факел B4: (7, 8, 3) → (7,9,3)
   Тишина B5: (3, 6, 1) → (3,5,1)
   Паук B8: (8, 8, 3) → (7,7,2)
   Тишина C5: (7, 4, 1) → (7,5,1)

🎯 ВЫСТРЕЛЫ:
   Выпущено ракет: 1
# 
📊 РЕЗУЛЬТАТЫ ХОДА 7:
🎯 Попаданий нет

--- Результаты хода ---
  Попаданий нет

--- Состояние команд после хода ---
  Team A: живых 3/8
    ✓ Факел A4           @ (2,4,1) hp=6/6
    ✓ Тишина A5          @ (2,7,3) hp=2/2
    ✓ Бурав A6           @ (1,4,1) hp=4/4
    ✗ Артиллерия A1      @ (7,4,0) [уничтожен]
    ✗ Радиовышка A2      @ (7,4,1) [уничтожен]
    ✗ Прыгун A3          @ (7,3,2) [уничтожен]
    ✗ Провокатор A7      @ (4,4,0) [уничтожен]
    ✗ Паук A8            @ (6,4,0) [уничтожен]
  Team B: живых 6/8
    ✓ Артиллерия B1      @ (7,9,4) hp=1/1
    ✓ Радиовышка B2      @ (6,5,1) hp=3/3
    ✓ Факел B4           @ (7,9,3) hp=6/6
    ✓ Тишина B5          @ (3,5,1) hp=2/2
    ✓ Провокатор B7      @ (2,8,3) hp=2/2
    ✓ Паук B8            @ (7,7,2) hp=1/1
    ✗ Прыгун B3          @ (7,4,1) [уничтожен]
    ✗ Бурав B6           @ (7,9,3) [уничтожен]
  Team C: живых 1/8
    ✓ Тишина C5          @ (7,5,1) hp=2/2
    ✗ Артиллерия C1      @ (7,4,2) [уничтожен]
    ✗ Радиовышка C2      @ (7,5,1) [уничтожен]
    ✗ Прыгун C3          @ (7,9,2) [уничтожен]
    ✗ Факел C4           @ (7,5,2) [уничтожен]
    ✗ Бурав C6           @ (7,9,3) [уничтожен]
    ✗ Провокатор C7      @ (7,0,2) [уничтожен]
    ✗ Паук C8            @ (7,3,2) [уничтожен]

======================================================================
ХОД 8
======================================================================
✓ 🎮 GM: начинаем ход
GM: start_turn

--- Радиовышки: сканирование слоя Z ---
  Радиовышка B2 (z=1): видит 2 врагов  → Бурав A6(1,4,1), Факел A4(2,4,1)

--- Решения ботов ---
  [Team A] Тишина A5 (2,7,3) → MOVE (2,8,3)
  [Team A] Бурав A6 (1,4,1) → MOVE (2,5,2)
  [Team A] Факел A4 → SKIP
  [Team B] Артиллерия B1 (7,9,4) → SHOOT at (2,4,1)
  [Team B] Радиовышка B2 (6,5,1) → MOVE (5,4,1)
  [Team B] Тишина B5 (3,5,1) → MOVE (2,4,1)
  [Team B] Провокатор B7 (2,8,3) → HOLOGRAM (2,7,2)
  [Team B] Паук B8 (7,7,2) → MOVE (6,6,1)
  [Team B] Факел B4 → SKIP
  [Team C] Тишина C5 (7,5,1) → MOVE (6,5,1)
! 🎮 GM: принудительно завершает фазу планирования
GM: end_planning
# 
============================================================
# 🔄 ОБРАБОТКА ХОДА 8
# ============================================================
!    ⚠️ Провокатор B7: клетка (2,7,2) уже занята голограммой

📦 ПЕРЕМЕЩЕНИЯ:
!    ⚠️ Тишина A5: клетка (2,8,3) занята
!    ⚠️ Бурав A6: Бурав двигается только по 1 оси или по 2 осям строго диагонально
!    ⚠️ Радиовышка B2: клетка (5,4,1) занята
!    ⚠️ Тишина B5: клетка (2,4,1) занята
   Паук B8: (7, 7, 2) → (6,6,1)
!    ⚠️ Тишина C5: клетка (6,5,1) занята

🎯 ВЫСТРЕЛЫ:
✓    ✅ Артиллерия B1 поразил Факел A4 (2 урона)!
   Выпущено ракет: 1
# 
📊 РЕЗУЛЬТАТЫ ХОДА 8:
✓ 💥 ПОПАДАНИЯ:
✓    Артиллерия B1 (Team B) → Факел A4 (Team A)

--- Результаты хода ---
  Team B / Артиллерия B1      → Team A / Факел A4           @ (2,4,1)  (ранен)

--- Состояние команд после хода ---
  Team A: живых 3/8
    ✓ Факел A4           @ (2,4,1) hp=4/6
    ✓ Тишина A5          @ (2,7,3) hp=2/2
    ✓ Бурав A6           @ (1,4,1) hp=4/4
    ✗ Артиллерия A1      @ (7,4,0) [уничтожен]
    ✗ Радиовышка A2      @ (7,4,1) [уничтожен]
    ✗ Прыгун A3          @ (7,3,2) [уничтожен]
    ✗ Провокатор A7      @ (4,4,0) [уничтожен]
    ✗ Паук A8            @ (6,4,0) [уничтожен]
  Team B: живых 6/8
    ✓ Артиллерия B1      @ (7,9,4) hp=1/1
    ✓ Радиовышка B2      @ (6,5,1) hp=3/3
    ✓ Факел B4           @ (7,9,3) hp=6/6
    ✓ Тишина B5          @ (3,5,1) hp=2/2
    ✓ Провокатор B7      @ (2,8,3) hp=2/2
    ✓ Паук B8            @ (6,6,1) hp=1/1
    ✗ Прыгун B3          @ (7,4,1) [уничтожен]
    ✗ Бурав B6           @ (7,9,3) [уничтожен]
  Team C: живых 1/8
    ✓ Тишина C5          @ (7,5,1) hp=2/2
    ✗ Артиллерия C1      @ (7,4,2) [уничтожен]
    ✗ Радиовышка C2      @ (7,5,1) [уничтожен]
    ✗ Прыгун C3          @ (7,9,2) [уничтожен]
    ✗ Факел C4           @ (7,5,2) [уничтожен]
    ✗ Бурав C6           @ (7,9,3) [уничтожен]
    ✗ Провокатор C7      @ (7,0,2) [уничтожен]
    ✗ Паук C8            @ (7,3,2) [уничтожен]

======================================================================
ХОД 9
======================================================================
✓ 🎮 GM: начинаем ход
GM: start_turn

--- Радиовышки: сканирование слоя Z ---
  Радиовышка B2 (z=1): видит 2 врагов  → Бурав A6(1,4,1), Факел A4(2,4,1)

--- Решения ботов ---
  [Team A] Факел A4 (2,4,1) → HEAL (AoE)
  [Team A] Тишина A5 (2,7,3) → MOVE (2,8,3)
  [Team A] Бурав A6 (1,4,1) → MOVE (2,5,2)
  [Team B] Артиллерия B1 (7,9,4) → SHOOT at (2,4,1)
  [Team B] Радиовышка B2 (6,5,1) → MOVE (5,4,1)
  [Team B] Тишина B5 (3,5,1) → MOVE (2,4,1)
  [Team B] Провокатор B7 (2,8,3) → HOLOGRAM (2,7,2)
  [Team B] Паук B8 (6,6,1) → MINE (5,5,1)
  [Team B] Факел B4 → SKIP
  [Team C] Тишина C5 (7,5,1) → MOVE (6,5,1)
! 🎮 GM: принудительно завершает фазу планирования
GM: end_planning
# 
============================================================
# 🔄 ОБРАБОТКА ХОДА 9
# ============================================================
!    ⚠️ Провокатор B7: клетка (2,7,2) уже занята голограммой
   💣 Паук B8 установил мину M8 в (5,5,1)

📦 ПЕРЕМЕЩЕНИЯ:
!    ⚠️ Тишина A5: клетка (2,8,3) занята
!    ⚠️ Бурав A6: Бурав двигается только по 1 оси или по 2 осям строго диагонально
!    ⚠️ Радиовышка B2: клетка (5,4,1) занята
!    ⚠️ Тишина B5: клетка (2,4,1) занята
!    ⚠️ Тишина C5: клетка (6,5,1) занята

🎯 ВЫСТРЕЛЫ:
✓    ✅ Артиллерия B1 поразил Факел A4 (2 урона)!
✓    💚 Факел A4 лечит Факел A4 → hits=3/6
   Выпущено ракет: 1
# 
📊 РЕЗУЛЬТАТЫ ХОДА 9:
✓ 💥 ПОПАДАНИЯ:
✓    Артиллерия B1 (Team B) → Факел A4 (Team A)

--- Результаты хода ---
  Team B / Артиллерия B1      → Team A / Факел A4           @ (2,4,1)  (ранен)

--- Состояние команд после хода ---
  Team A: живых 3/8
    ✓ Факел A4           @ (2,4,1) hp=3/6
    ✓ Тишина A5          @ (2,7,3) hp=2/2
    ✓ Бурав A6           @ (1,4,1) hp=4/4
    ✗ Артиллерия A1      @ (7,4,0) [уничтожен]
    ✗ Радиовышка A2      @ (7,4,1) [уничтожен]
    ✗ Прыгун A3          @ (7,3,2) [уничтожен]
    ✗ Провокатор A7      @ (4,4,0) [уничтожен]
    ✗ Паук A8            @ (6,4,0) [уничтожен]
  Team B: живых 6/8
    ✓ Артиллерия B1      @ (7,9,4) hp=1/1
    ✓ Радиовышка B2      @ (6,5,1) hp=3/3
    ✓ Факел B4           @ (7,9,3) hp=6/6
    ✓ Тишина B5          @ (3,5,1) hp=2/2
    ✓ Провокатор B7      @ (2,8,3) hp=2/2
    ✓ Паук B8            @ (6,6,1) hp=1/1
    ✗ Прыгун B3          @ (7,4,1) [уничтожен]
    ✗ Бурав B6           @ (7,9,3) [уничтожен]
  Team C: живых 1/8
    ✓ Тишина C5          @ (7,5,1) hp=2/2
    ✗ Артиллерия C1      @ (7,4,2) [уничтожен]
    ✗ Радиовышка C2      @ (7,5,1) [уничтожен]
    ✗ Прыгун C3          @ (7,9,2) [уничтожен]
    ✗ Факел C4           @ (7,5,2) [уничтожен]
    ✗ Бурав C6           @ (7,9,3) [уничтожен]
    ✗ Провокатор C7      @ (7,0,2) [уничтожен]
    ✗ Паук C8            @ (7,3,2) [уничтожен]

======================================================================
ХОД 10
======================================================================
✓ 🎮 GM: начинаем ход
GM: start_turn

--- Радиовышки: сканирование слоя Z ---
  Радиовышка B2 (z=1): видит 2 врагов  → Бурав A6(1,4,1), Факел A4(2,4,1)

--- Решения ботов ---
  [Team A] Факел A4 (2,4,1) → HEAL (AoE)
  [Team A] Тишина A5 (2,7,3) → MOVE (2,8,3)
  [Team A] Бурав A6 (1,4,1) → MOVE (2,5,2)
  [Team B] Артиллерия B1 (7,9,4) → SHOOT at (2,4,1)
  [Team B] Радиовышка B2 (6,5,1) → MOVE (5,4,1)
  [Team B] Тишина B5 (3,5,1) → MOVE (2,4,1)
  [Team B] Провокатор B7 (2,8,3) → HOLOGRAM (2,7,2)
  [Team B] Паук B8 (6,6,1) → MINE (5,5,1)
  [Team B] Факел B4 → SKIP
  [Team C] Тишина C5 (7,5,1) → MOVE (6,5,1)
! 🎮 GM: принудительно завершает фазу планирования
GM: end_planning
# 
============================================================
# 🔄 ОБРАБОТКА ХОДА 10
# ============================================================
!    ⚠️ Провокатор B7: клетка (2,7,2) уже занята голограммой
!    ⚠️ Паук B8: в клетке уже стоит мина

📦 ПЕРЕМЕЩЕНИЯ:
!    ⚠️ Тишина A5: клетка (2,8,3) занята
!    ⚠️ Бурав A6: Бурав двигается только по 1 оси или по 2 осям строго диагонально
!    ⚠️ Радиовышка B2: клетка (5,4,1) занята
!    ⚠️ Тишина B5: клетка (2,4,1) занята
!    ⚠️ Тишина C5: клетка (6,5,1) занята

🎯 ВЫСТРЕЛЫ:
✓    ✅ Артиллерия B1 поразил Факел A4 (2 урона)!
✓    💚 Факел A4 лечит Факел A4 → hits=4/6
   Выпущено ракет: 1
# 
📊 РЕЗУЛЬТАТЫ ХОДА 10:
✓ 💥 ПОПАДАНИЯ:
✓    Артиллерия B1 (Team B) → Факел A4 (Team A)

--- Результаты хода ---
  Team B / Артиллерия B1      → Team A / Факел A4           @ (2,4,1)  (ранен)

--- Состояние команд после хода ---
  Team A: живых 3/8
    ✓ Факел A4           @ (2,4,1) hp=2/6
    ✓ Тишина A5          @ (2,7,3) hp=2/2
    ✓ Бурав A6           @ (1,4,1) hp=4/4
    ✗ Артиллерия A1      @ (7,4,0) [уничтожен]
    ✗ Радиовышка A2      @ (7,4,1) [уничтожен]
    ✗ Прыгун A3          @ (7,3,2) [уничтожен]
    ✗ Провокатор A7      @ (4,4,0) [уничтожен]
    ✗ Паук A8            @ (6,4,0) [уничтожен]
  Team B: живых 6/8
    ✓ Артиллерия B1      @ (7,9,4) hp=1/1
    ✓ Радиовышка B2      @ (6,5,1) hp=3/3
    ✓ Факел B4           @ (7,9,3) hp=6/6
    ✓ Тишина B5          @ (3,5,1) hp=2/2
    ✓ Провокатор B7      @ (2,8,3) hp=2/2
    ✓ Паук B8            @ (6,6,1) hp=1/1
    ✗ Прыгун B3          @ (7,4,1) [уничтожен]
    ✗ Бурав B6           @ (7,9,3) [уничтожен]
  Team C: живых 1/8
    ✓ Тишина C5          @ (7,5,1) hp=2/2
    ✗ Артиллерия C1      @ (7,4,2) [уничтожен]
    ✗ Радиовышка C2      @ (7,5,1) [уничтожен]
    ✗ Прыгун C3          @ (7,9,2) [уничтожен]
    ✗ Факел C4           @ (7,5,2) [уничтожен]
    ✗ Бурав C6           @ (7,9,3) [уничтожен]
    ✗ Провокатор C7      @ (7,0,2) [уничтожен]
    ✗ Паук C8            @ (7,3,2) [уничтожен]

======================================================================
ХОД 11
======================================================================
✓ 🎮 GM: начинаем ход
GM: start_turn

--- Радиовышки: сканирование слоя Z ---
  Радиовышка B2 (z=1): видит 2 врагов  → Бурав A6(1,4,1), Факел A4(2,4,1)

--- Решения ботов ---
  [Team A] Факел A4 (2,4,1) → HEAL (AoE)
  [Team A] Тишина A5 (2,7,3) → MOVE (2,8,3)
  [Team A] Бурав A6 (1,4,1) → MOVE (2,5,2)
  [Team B] Артиллерия B1 (7,9,4) → SHOOT at (2,4,1)
  [Team B] Радиовышка B2 (6,5,1) → MOVE (5,4,1)
  [Team B] Тишина B5 (3,5,1) → MOVE (2,4,1)
  [Team B] Провокатор B7 (2,8,3) → HOLOGRAM (2,7,2)
  [Team B] Паук B8 (6,6,1) → MINE (5,5,1)
  [Team B] Факел B4 → SKIP
  [Team C] Тишина C5 (7,5,1) → MOVE (6,5,1)
! 🎮 GM: принудительно завершает фазу планирования
GM: end_planning
# 
============================================================
# 🔄 ОБРАБОТКА ХОДА 11
# ============================================================
!    ⚠️ Провокатор B7: клетка (2,7,2) уже занята голограммой
!    ⚠️ Паук B8: в клетке уже стоит мина

📦 ПЕРЕМЕЩЕНИЯ:
!    ⚠️ Тишина A5: клетка (2,8,3) занята
!    ⚠️ Бурав A6: Бурав двигается только по 1 оси или по 2 осям строго диагонально
!    ⚠️ Радиовышка B2: клетка (5,4,1) занята
!    ⚠️ Тишина B5: клетка (2,4,1) занята
!    ⚠️ Тишина C5: клетка (6,5,1) занята

🎯 ВЫСТРЕЛЫ:
✓    ✅ Артиллерия B1 поразил Факел A4 (2 урона)!
   Выпущено ракет: 1
# 
📊 РЕЗУЛЬТАТЫ ХОДА 11:
✓ 💥 ПОПАДАНИЯ:
✓    Артиллерия B1 (Team B) → Факел A4 (Team A)

--- Результаты хода ---
  Team B / Артиллерия B1      → Team A / Факел A4           @ (2,4,1)  (УБИТ)

--- Состояние команд после хода ---
  Team A: живых 2/8
    ✓ Тишина A5          @ (2,7,3) hp=2/2
    ✓ Бурав A6           @ (1,4,1) hp=4/4
    ✗ Артиллерия A1      @ (7,4,0) [уничтожен]
    ✗ Радиовышка A2      @ (7,4,1) [уничтожен]
    ✗ Прыгун A3          @ (7,3,2) [уничтожен]
    ✗ Факел A4           @ (2,4,1) [уничтожен]
    ✗ Провокатор A7      @ (4,4,0) [уничтожен]
    ✗ Паук A8            @ (6,4,0) [уничтожен]
  Team B: живых 6/8
    ✓ Артиллерия B1      @ (7,9,4) hp=1/1
    ✓ Радиовышка B2      @ (6,5,1) hp=3/3
    ✓ Факел B4           @ (7,9,3) hp=6/6
    ✓ Тишина B5          @ (3,5,1) hp=2/2
    ✓ Провокатор B7      @ (2,8,3) hp=2/2
    ✓ Паук B8            @ (6,6,1) hp=1/1
    ✗ Прыгун B3          @ (7,4,1) [уничтожен]
    ✗ Бурав B6           @ (7,9,3) [уничтожен]
  Team C: живых 1/8
    ✓ Тишина C5          @ (7,5,1) hp=2/2
    ✗ Артиллерия C1      @ (7,4,2) [уничтожен]
    ✗ Радиовышка C2      @ (7,5,1) [уничтожен]
    ✗ Прыгун C3          @ (7,9,2) [уничтожен]
    ✗ Факел C4           @ (7,5,2) [уничтожен]
    ✗ Бурав C6           @ (7,9,3) [уничтожен]
    ✗ Провокатор C7      @ (7,0,2) [уничтожен]
    ✗ Паук C8            @ (7,3,2) [уничтожен]

======================================================================
ХОД 12
======================================================================
✓ 🎮 GM: начинаем ход
GM: start_turn

--- Радиовышки: сканирование слоя Z ---
  Радиовышка B2 (z=1): видит 1 врагов  → Бурав A6(1,4,1)

--- Решения ботов ---
  [Team A] Тишина A5 (2,7,3) → MOVE (2,8,3)
  [Team A] Бурав A6 (1,4,1) → MOVE (2,5,2)
  [Team B] Артиллерия B1 (7,9,4) → SHOOT at (1,4,1)
  [Team B] Радиовышка B2 (6,5,1) → MOVE (5,4,1)
  [Team B] Тишина B5 (3,5,1) → PHASE toggle
  [Team B] Провокатор B7 (2,8,3) → HOLOGRAM (1,7,2)
  [Team B] Паук B8 (6,6,1) → MOVE (5,5,1)
  [Team B] Факел B4 → SKIP
  [Team C] Тишина C5 (7,5,1) → MOVE (6,5,1)
! 🎮 GM: принудительно завершает фазу планирования
GM: end_planning
# 
============================================================
# 🔄 ОБРАБОТКА ХОДА 12
# ============================================================
   🌀 Тишина B5: фаза ВЫКЛ
   🪞 Провокатор B7 создал голограмму H6 в (1,7,2)

📦 ПЕРЕМЕЩЕНИЯ:
!    ⚠️ Тишина A5: клетка (2,8,3) занята
!    ⚠️ Бурав A6: Бурав двигается только по 1 оси или по 2 осям строго диагонально
!    ⚠️ Радиовышка B2: клетка (5,4,1) занята
!    ⚠️ Паук B8: клетка (5,5,1) занята
!    ⚠️ Тишина C5: клетка (6,5,1) занята

🎯 ВЫСТРЕЛЫ:
✓    ✅ Артиллерия B1 поразил Бурав A6 (2 урона)!
   Выпущено ракет: 1
# 
📊 РЕЗУЛЬТАТЫ ХОДА 12:
✓ 💥 ПОПАДАНИЯ:
✓    Артиллерия B1 (Team B) → Бурав A6 (Team A)

--- Результаты хода ---
  Team B / Артиллерия B1      → Team A / Бурав A6           @ (1,4,1)  (ранен)

--- Состояние команд после хода ---
  Team A: живых 2/8
    ✓ Тишина A5          @ (2,7,3) hp=2/2
    ✓ Бурав A6           @ (1,4,1) hp=2/4
    ✗ Артиллерия A1      @ (7,4,0) [уничтожен]
    ✗ Радиовышка A2      @ (7,4,1) [уничтожен]
    ✗ Прыгун A3          @ (7,3,2) [уничтожен]
    ✗ Факел A4           @ (2,4,1) [уничтожен]
    ✗ Провокатор A7      @ (4,4,0) [уничтожен]
    ✗ Паук A8            @ (6,4,0) [уничтожен]
  Team B: живых 6/8
    ✓ Артиллерия B1      @ (7,9,4) hp=1/1
    ✓ Радиовышка B2      @ (6,5,1) hp=3/3
    ✓ Факел B4           @ (7,9,3) hp=6/6
    ✓ Тишина B5          @ (3,5,1) hp=2/2
    ✓ Провокатор B7      @ (2,8,3) hp=2/2
    ✓ Паук B8            @ (6,6,1) hp=1/1
    ✗ Прыгун B3          @ (7,4,1) [уничтожен]
    ✗ Бурав B6           @ (7,9,3) [уничтожен]
  Team C: живых 1/8
    ✓ Тишина C5          @ (7,5,1) hp=2/2
    ✗ Артиллерия C1      @ (7,4,2) [уничтожен]
    ✗ Радиовышка C2      @ (7,5,1) [уничтожен]
    ✗ Прыгун C3          @ (7,9,2) [уничтожен]
    ✗ Факел C4           @ (7,5,2) [уничтожен]
    ✗ Бурав C6           @ (7,9,3) [уничтожен]
    ✗ Провокатор C7      @ (7,0,2) [уничтожен]
    ✗ Паук C8            @ (7,3,2) [уничтожен]

======================================================================
ХОД 13
======================================================================
✓ 🎮 GM: начинаем ход
GM: start_turn

--- Радиовышки: сканирование слоя Z ---
  Радиовышка B2 (z=1): видит 1 врагов  → Бурав A6(1,4,1)

--- Решения ботов ---
  [Team A] Тишина A5 (2,7,3) → MOVE (2,8,3)
  [Team A] Бурав A6 (1,4,1) → MOVE (2,5,1)
  [Team B] Артиллерия B1 (7,9,4) → SHOOT at (1,4,1)
  [Team B] Радиовышка B2 (6,5,1) → MOVE (5,4,1)
  [Team B] Тишина B5 (3,5,1) → MOVE (2,4,1)
  [Team B] Провокатор B7 (2,8,3) → HOLOGRAM (1,7,2)
  [Team B] Паук B8 (6,6,1) → MOVE (5,5,1)
  [Team B] Факел B4 → SKIP
  [Team C] Тишина C5 (7,5,1) → MOVE (6,5,1)
! 🎮 GM: принудительно завершает фазу планирования
GM: end_planning
# 
============================================================
# 🔄 ОБРАБОТКА ХОДА 13
# ============================================================
!    ⚠️ Провокатор B7: клетка (1,7,2) уже занята голограммой

📦 ПЕРЕМЕЩЕНИЯ:
!    ⚠️ Тишина A5: клетка (2,8,3) занята
   Бурав A6: (1, 4, 1) → (2,5,1)
!    ⚠️ Радиовышка B2: клетка (5,4,1) занята
   Тишина B5: (3, 5, 1) → (2,4,1)
!    ⚠️ Паук B8: клетка (5,5,1) занята
!    ⚠️ Тишина C5: клетка (6,5,1) занята

🎯 ВЫСТРЕЛЫ:
   Выпущено ракет: 1
# 
📊 РЕЗУЛЬТАТЫ ХОДА 13:
🎯 Попаданий нет

--- Результаты хода ---
  Попаданий нет

--- Состояние команд после хода ---
  Team A: живых 2/8
    ✓ Тишина A5          @ (2,7,3) hp=2/2
    ✓ Бурав A6           @ (2,5,1) hp=2/4
    ✗ Артиллерия A1      @ (7,4,0) [уничтожен]
    ✗ Радиовышка A2      @ (7,4,1) [уничтожен]
    ✗ Прыгун A3          @ (7,3,2) [уничтожен]
    ✗ Факел A4           @ (2,4,1) [уничтожен]
    ✗ Провокатор A7      @ (4,4,0) [уничтожен]
    ✗ Паук A8            @ (6,4,0) [уничтожен]
  Team B: живых 6/8
    ✓ Артиллерия B1      @ (7,9,4) hp=1/1
    ✓ Радиовышка B2      @ (6,5,1) hp=3/3
    ✓ Факел B4           @ (7,9,3) hp=6/6
    ✓ Тишина B5          @ (2,4,1) hp=2/2
    ✓ Провокатор B7      @ (2,8,3) hp=2/2
    ✓ Паук B8            @ (6,6,1) hp=1/1
    ✗ Прыгун B3          @ (7,4,1) [уничтожен]
    ✗ Бурав B6           @ (7,9,3) [уничтожен]
  Team C: живых 1/8
    ✓ Тишина C5          @ (7,5,1) hp=2/2
    ✗ Артиллерия C1      @ (7,4,2) [уничтожен]
    ✗ Радиовышка C2      @ (7,5,1) [уничтожен]
    ✗ Прыгун C3          @ (7,9,2) [уничтожен]
    ✗ Факел C4           @ (7,5,2) [уничтожен]
    ✗ Бурав C6           @ (7,9,3) [уничтожен]
    ✗ Провокатор C7      @ (7,0,2) [уничтожен]
    ✗ Паук C8            @ (7,3,2) [уничтожен]

======================================================================
ХОД 14
======================================================================
✓ 🎮 GM: начинаем ход
GM: start_turn

--- Радиовышки: сканирование слоя Z ---
  Радиовышка B2 (z=1): видит 1 врагов  → Бурав A6(2,5,1)

--- Решения ботов ---
  [Team A] Тишина A5 (2,7,3) → MOVE (2,8,3)
  [Team A] Бурав A6 (2,5,1) → MOVE (2,4,1)
  [Team B] Артиллерия B1 (7,9,4) → SHOOT at (2,5,1)
  [Team B] Радиовышка B2 (6,5,1) → MOVE (5,5,1)
  [Team B] Тишина B5 (2,4,1) → MOVE (2,5,1)
  [Team B] Провокатор B7 (2,8,3) → HOLOGRAM (2,7,2)
  [Team B] Паук B8 (6,6,1) → MINE (5,6,1)
  [Team B] Факел B4 → SKIP
  [Team C] Тишина C5 (7,5,1) → MOVE (6,5,1)
! 🎮 GM: принудительно завершает фазу планирования
GM: end_planning
# 
============================================================
# 🔄 ОБРАБОТКА ХОДА 14
# ============================================================
!    ⚠️ Провокатор B7: клетка (2,7,2) уже занята голограммой
   💣 Паук B8 установил мину M9 в (5,6,1)

📦 ПЕРЕМЕЩЕНИЯ:
!    ⚠️ Тишина A5: клетка (2,8,3) занята
✓    💥 Бурав A6 тараном уничтожил Тишина B5 в (2,4,1)
   Бурав A6: (2, 5, 1) → (2,4,1)
!    ⚠️ Радиовышка B2: клетка (5,5,1) занята
!    ⚠️ Тишина C5: клетка (6,5,1) занята

🎯 ВЫСТРЕЛЫ:
   Выпущено ракет: 1
# 
📊 РЕЗУЛЬТАТЫ ХОДА 14:
🎯 Попаданий нет

--- Результаты хода ---
  Team A / Бурав A6           → Team B / Тишина B5          @ (2,4,1)  (УБИТ)

--- Состояние команд после хода ---
  Team A: живых 2/8
    ✓ Тишина A5          @ (2,7,3) hp=2/2
    ✓ Бурав A6           @ (2,4,1) hp=2/4
    ✗ Артиллерия A1      @ (7,4,0) [уничтожен]
    ✗ Радиовышка A2      @ (7,4,1) [уничтожен]
    ✗ Прыгун A3          @ (7,3,2) [уничтожен]
    ✗ Факел A4           @ (2,4,1) [уничтожен]
    ✗ Провокатор A7      @ (4,4,0) [уничтожен]
    ✗ Паук A8            @ (6,4,0) [уничтожен]
  Team B: живых 5/8
    ✓ Артиллерия B1      @ (7,9,4) hp=1/1
    ✓ Радиовышка B2      @ (6,5,1) hp=3/3
    ✓ Факел B4           @ (7,9,3) hp=6/6
    ✓ Провокатор B7      @ (2,8,3) hp=2/2
    ✓ Паук B8            @ (6,6,1) hp=1/1
    ✗ Прыгун B3          @ (7,4,1) [уничтожен]
    ✗ Тишина B5          @ (2,4,1) [уничтожен]
    ✗ Бурав B6           @ (7,9,3) [уничтожен]
  Team C: живых 1/8
    ✓ Тишина C5          @ (7,5,1) hp=2/2
    ✗ Артиллерия C1      @ (7,4,2) [уничтожен]
    ✗ Радиовышка C2      @ (7,5,1) [уничтожен]
    ✗ Прыгун C3          @ (7,9,2) [уничтожен]
    ✗ Факел C4           @ (7,5,2) [уничтожен]
    ✗ Бурав C6           @ (7,9,3) [уничтожен]
    ✗ Провокатор C7      @ (7,0,2) [уничтожен]
    ✗ Паук C8            @ (7,3,2) [уничтожен]

======================================================================
ХОД 15
======================================================================
✓ 🎮 GM: начинаем ход
GM: start_turn

--- Радиовышки: сканирование слоя Z ---
  Радиовышка B2 (z=1): видит 1 врагов  → Бурав A6(2,4,1)

--- Решения ботов ---
  [Team A] Тишина A5 (2,7,3) → MOVE (2,8,3)
  [Team A] Бурав A6 (2,4,1) → MOVE (3,5,1)
  [Team B] Артиллерия B1 (7,9,4) → SHOOT at (2,4,1)
  [Team B] Радиовышка B2 (6,5,1) → MOVE (5,4,1)
  [Team B] Провокатор B7 (2,8,3) → HOLOGRAM (2,7,2)
  [Team B] Паук B8 (6,6,1) → MINE (5,5,1)
  [Team B] Факел B4 → SKIP
  [Team C] Тишина C5 (7,5,1) → MOVE (6,5,1)
! 🎮 GM: принудительно завершает фазу планирования
GM: end_planning
# 
============================================================
# 🔄 ОБРАБОТКА ХОДА 15
# ============================================================
!    ⚠️ Провокатор B7: клетка (2,7,2) уже занята голограммой
!    ⚠️ Паук B8: в клетке уже стоит мина

📦 ПЕРЕМЕЩЕНИЯ:
!    ⚠️ Тишина A5: клетка (2,8,3) занята
   Бурав A6: (2, 4, 1) → (3,5,1)
!    ⚠️ Радиовышка B2: клетка (5,4,1) занята
!    ⚠️ Тишина C5: клетка (6,5,1) занята

🎯 ВЫСТРЕЛЫ:
   Выпущено ракет: 1
# 
📊 РЕЗУЛЬТАТЫ ХОДА 15:
🎯 Попаданий нет

--- Результаты хода ---
  Попаданий нет

--- Состояние команд после хода ---
  Team A: живых 2/8
    ✓ Тишина A5          @ (2,7,3) hp=2/2
    ✓ Бурав A6           @ (3,5,1) hp=2/4
    ✗ Артиллерия A1      @ (7,4,0) [уничтожен]
    ✗ Радиовышка A2      @ (7,4,1) [уничтожен]
    ✗ Прыгун A3          @ (7,3,2) [уничтожен]
    ✗ Факел A4           @ (2,4,1) [уничтожен]
    ✗ Провокатор A7      @ (4,4,0) [уничтожен]
    ✗ Паук A8            @ (6,4,0) [уничтожен]
  Team B: живых 5/8
    ✓ Артиллерия B1      @ (7,9,4) hp=1/1
    ✓ Радиовышка B2      @ (6,5,1) hp=3/3
    ✓ Факел B4           @ (7,9,3) hp=6/6
    ✓ Провокатор B7      @ (2,8,3) hp=2/2
    ✓ Паук B8            @ (6,6,1) hp=1/1
    ✗ Прыгун B3          @ (7,4,1) [уничтожен]
    ✗ Тишина B5          @ (2,4,1) [уничтожен]
    ✗ Бурав B6           @ (7,9,3) [уничтожен]
  Team C: живых 1/8
    ✓ Тишина C5          @ (7,5,1) hp=2/2
    ✗ Артиллерия C1      @ (7,4,2) [уничтожен]
    ✗ Радиовышка C2      @ (7,5,1) [уничтожен]
    ✗ Прыгун C3          @ (7,9,2) [уничтожен]
    ✗ Факел C4           @ (7,5,2) [уничтожен]
    ✗ Бурав C6           @ (7,9,3) [уничтожен]
    ✗ Провокатор C7      @ (7,0,2) [уничтожен]
    ✗ Паук C8            @ (7,3,2) [уничтожен]

======================================================================
ХОД 16
======================================================================
✓ 🎮 GM: начинаем ход
GM: start_turn

--- Радиовышки: сканирование слоя Z ---
  Радиовышка B2 (z=1): видит 1 врагов  → Бурав A6(3,5,1)

--- Решения ботов ---
  [Team A] Тишина A5 (2,7,3) → MOVE (2,8,3)
  [Team A] Бурав A6 (3,5,1) → MOVE (6,5,1)
  [Team B] Артиллерия B1 (7,9,4) → SHOOT at (3,5,1)
  [Team B] Радиовышка B2 (6,5,1) → MOVE (5,5,1)
  [Team B] Провокатор B7 (2,8,3) → HOLOGRAM (3,7,2)
  [Team B] Паук B8 (6,6,1) → MINE (5,6,1)
  [Team B] Факел B4 → SKIP
  [Team C] Тишина C5 (7,5,1) → MOVE (6,5,1)
! 🎮 GM: принудительно завершает фазу планирования
GM: end_planning
# 
============================================================
# 🔄 ОБРАБОТКА ХОДА 16
# ============================================================
!    ⚠️ Провокатор B7: клетка (3,7,2) уже занята голограммой
!    ⚠️ Паук B8: в клетке уже стоит мина

📦 ПЕРЕМЕЩЕНИЯ:
!    ⚠️ Тишина A5: клетка (2,8,3) занята
✓    💥 Бурав A6 тараном уничтожил Радиовышка B2 в (6,5,1)
   Бурав A6: (3, 5, 1) → (6,5,1)
!    ⚠️ Тишина C5: клетка (6,5,1) занята

🎯 ВЫСТРЕЛЫ:
   Выпущено ракет: 1
# 
📊 РЕЗУЛЬТАТЫ ХОДА 16:
🎯 Попаданий нет

--- Результаты хода ---
  Team A / Бурав A6           → Team B / Радиовышка B2      @ (6,5,1)  (УБИТ)

--- Состояние команд после хода ---
  Team A: живых 2/8
    ✓ Тишина A5          @ (2,7,3) hp=2/2
    ✓ Бурав A6           @ (6,5,1) hp=2/4
    ✗ Артиллерия A1      @ (7,4,0) [уничтожен]
    ✗ Радиовышка A2      @ (7,4,1) [уничтожен]
    ✗ Прыгун A3          @ (7,3,2) [уничтожен]
    ✗ Факел A4           @ (2,4,1) [уничтожен]
    ✗ Провокатор A7      @ (4,4,0) [уничтожен]
    ✗ Паук A8            @ (6,4,0) [уничтожен]
  Team B: живых 4/8
    ✓ Артиллерия B1      @ (7,9,4) hp=1/1
    ✓ Факел B4           @ (7,9,3) hp=6/6
    ✓ Провокатор B7      @ (2,8,3) hp=2/2
    ✓ Паук B8            @ (6,6,1) hp=1/1
    ✗ Радиовышка B2      @ (6,5,1) [уничтожен]
    ✗ Прыгун B3          @ (7,4,1) [уничтожен]
    ✗ Тишина B5          @ (2,4,1) [уничтожен]
    ✗ Бурав B6           @ (7,9,3) [уничтожен]
  Team C: живых 1/8
    ✓ Тишина C5          @ (7,5,1) hp=2/2
    ✗ Артиллерия C1      @ (7,4,2) [уничтожен]
    ✗ Радиовышка C2      @ (7,5,1) [уничтожен]
    ✗ Прыгун C3          @ (7,9,2) [уничтожен]
    ✗ Факел C4           @ (7,5,2) [уничтожен]
    ✗ Бурав C6           @ (7,9,3) [уничтожен]
    ✗ Провокатор C7      @ (7,0,2) [уничтожен]
    ✗ Паук C8            @ (7,3,2) [уничтожен]

======================================================================
ХОД 17
======================================================================
✓ 🎮 GM: начинаем ход
GM: start_turn

--- Радиовышки: сканирование слоя Z ---
  (у команд не осталось живых радиовышек)

--- Решения ботов ---
  [Team A] Тишина A5 (2,7,3) → MOVE (2,8,3)
  [Team A] Бурав A6 (6,5,1) → MOVE (6,6,1)
  [Team B] Артиллерия B1 (7,9,4) → SHOOT at (6,5,1)
  [Team B] Провокатор B7 (2,8,3) → HOLOGRAM (3,7,2)
  [Team B] Паук B8 (6,6,1) → MINE (6,5,1)
  [Team B] Факел B4 → SKIP
  [Team C] Тишина C5 (7,5,1) → MOVE (6,5,1)
! 🎮 GM: принудительно завершает фазу планирования
GM: end_planning
# 
============================================================
# 🔄 ОБРАБОТКА ХОДА 17
# ============================================================
!    ⚠️ Провокатор B7: клетка (3,7,2) уже занята голограммой
!    ⚠️ Паук B8: клетка (6,5,1) занята кораблём

📦 ПЕРЕМЕЩЕНИЯ:
!    ⚠️ Тишина A5: клетка (2,8,3) занята
✓    💥 Бурав A6 тараном уничтожил Паук B8 в (6,6,1)
   Бурав A6: (6, 5, 1) → (6,6,1)
   Тишина C5: (7, 5, 1) → (6,5,1)

🎯 ВЫСТРЕЛЫ:
   Выпущено ракет: 1
# 
📊 РЕЗУЛЬТАТЫ ХОДА 17:
🎯 Попаданий нет

--- Результаты хода ---
  Team A / Бурав A6           → Team B / Паук B8            @ (6,6,1)  (УБИТ)

--- Состояние команд после хода ---
  Team A: живых 2/8
    ✓ Тишина A5          @ (2,7,3) hp=2/2
    ✓ Бурав A6           @ (6,6,1) hp=2/4
    ✗ Артиллерия A1      @ (7,4,0) [уничтожен]
    ✗ Радиовышка A2      @ (7,4,1) [уничтожен]
    ✗ Прыгун A3          @ (7,3,2) [уничтожен]
    ✗ Факел A4           @ (2,4,1) [уничтожен]
    ✗ Провокатор A7      @ (4,4,0) [уничтожен]
    ✗ Паук A8            @ (6,4,0) [уничтожен]
  Team B: живых 3/8
    ✓ Артиллерия B1      @ (7,9,4) hp=1/1
    ✓ Факел B4           @ (7,9,3) hp=6/6
    ✓ Провокатор B7      @ (2,8,3) hp=2/2
    ✗ Радиовышка B2      @ (6,5,1) [уничтожен]
    ✗ Прыгун B3          @ (7,4,1) [уничтожен]
    ✗ Тишина B5          @ (2,4,1) [уничтожен]
    ✗ Бурав B6           @ (7,9,3) [уничтожен]
    ✗ Паук B8            @ (6,6,1) [уничтожен]
  Team C: живых 1/8
    ✓ Тишина C5          @ (6,5,1) hp=2/2
    ✗ Артиллерия C1      @ (7,4,2) [уничтожен]
    ✗ Радиовышка C2      @ (7,5,1) [уничтожен]
    ✗ Прыгун C3          @ (7,9,2) [уничтожен]
    ✗ Факел C4           @ (7,5,2) [уничтожен]
    ✗ Бурав C6           @ (7,9,3) [уничтожен]
    ✗ Провокатор C7      @ (7,0,2) [уничтожен]
    ✗ Паук C8            @ (7,3,2) [уничтожен]

======================================================================
ХОД 18
======================================================================
✓ 🎮 GM: начинаем ход
GM: start_turn

--- Радиовышки: сканирование слоя Z ---
  (у команд не осталось живых радиовышек)

--- Решения ботов ---
  [Team A] Тишина A5 (2,7,3) → MOVE (2,8,3)
  [Team A] Бурав A6 (6,6,1) → MOVE (7,7,2)
  [Team B] Артиллерия B1 (7,9,4) → SHOOT at (6,6,1)
  [Team B] Провокатор B7 (2,8,3) → HOLOGRAM (3,7,2)
  [Team B] Факел B4 → SKIP
  [Team C] Тишина C5 (6,5,1) → MOVE (6,6,1)
! 🎮 GM: принудительно завершает фазу планирования
GM: end_planning
# 
============================================================
# 🔄 ОБРАБОТКА ХОДА 18
# ============================================================
!    ⚠️ Провокатор B7: клетка (3,7,2) уже занята голограммой

📦 ПЕРЕМЕЩЕНИЯ:
!    ⚠️ Тишина A5: клетка (2,8,3) занята
!    ⚠️ Бурав A6: Бурав двигается только по 1 оси или по 2 осям строго диагонально
!    ⚠️ Тишина C5: клетка (6,6,1) занята

🎯 ВЫСТРЕЛЫ:
✓    ✅ Артиллерия B1 поразил Бурав A6 (2 урона)!
   Выпущено ракет: 1
# 
📊 РЕЗУЛЬТАТЫ ХОДА 18:
✓ 💥 ПОПАДАНИЯ:
✓    Артиллерия B1 (Team B) → Бурав A6 (Team A)

--- Результаты хода ---
  Team B / Артиллерия B1      → Team A / Бурав A6           @ (6,6,1)  (УБИТ)

--- Состояние команд после хода ---
  Team A: живых 1/8
    ✓ Тишина A5          @ (2,7,3) hp=2/2
    ✗ Артиллерия A1      @ (7,4,0) [уничтожен]
    ✗ Радиовышка A2      @ (7,4,1) [уничтожен]
    ✗ Прыгун A3          @ (7,3,2) [уничтожен]
    ✗ Факел A4           @ (2,4,1) [уничтожен]
    ✗ Бурав A6           @ (6,6,1) [уничтожен]
    ✗ Провокатор A7      @ (4,4,0) [уничтожен]
    ✗ Паук A8            @ (6,4,0) [уничтожен]
  Team B: живых 3/8
    ✓ Артиллерия B1      @ (7,9,4) hp=1/1
    ✓ Факел B4           @ (7,9,3) hp=6/6
    ✓ Провокатор B7      @ (2,8,3) hp=2/2
    ✗ Радиовышка B2      @ (6,5,1) [уничтожен]
    ✗ Прыгун B3          @ (7,4,1) [уничтожен]
    ✗ Тишина B5          @ (2,4,1) [уничтожен]
    ✗ Бурав B6           @ (7,9,3) [уничтожен]
    ✗ Паук B8            @ (6,6,1) [уничтожен]
  Team C: живых 1/8
    ✓ Тишина C5          @ (6,5,1) hp=2/2
    ✗ Артиллерия C1      @ (7,4,2) [уничтожен]
    ✗ Радиовышка C2      @ (7,5,1) [уничтожен]
    ✗ Прыгун C3          @ (7,9,2) [уничтожен]
    ✗ Факел C4           @ (7,5,2) [уничтожен]
    ✗ Бурав C6           @ (7,9,3) [уничтожен]
    ✗ Провокатор C7      @ (7,0,2) [уничтожен]
    ✗ Паук C8            @ (7,3,2) [уничтожен]

======================================================================
ХОД 19
======================================================================
✓ 🎮 GM: начинаем ход
GM: start_turn

--- Радиовышки: сканирование слоя Z ---
  (у команд не осталось живых радиовышек)

--- Решения ботов ---
  [Team A] Тишина A5 (2,7,3) → MOVE (2,8,3)
  [Team B] Артиллерия B1 (7,9,4) → SHOOT at (0,0,0)
  [Team B] Провокатор B7 (2,8,3) → MOVE (3,7,4)
  [Team B] Факел B4 → SKIP
  [Team C] Тишина C5 (6,5,1) → MOVE (7,6,2)
! 🎮 GM: принудительно завершает фазу планирования
GM: end_planning
# 
============================================================
# 🔄 ОБРАБОТКА ХОДА 19
# ============================================================

📦 ПЕРЕМЕЩЕНИЯ:
!    ⚠️ Тишина A5: клетка (2,8,3) занята
   Провокатор B7: (2, 8, 3) → (3,7,4)
   Тишина C5: (6, 5, 1) → (7,6,2)

🎯 ВЫСТРЕЛЫ:
   Выпущено ракет: 1
# 
📊 РЕЗУЛЬТАТЫ ХОДА 19:
🎯 Попаданий нет

--- Результаты хода ---
  Попаданий нет

--- Состояние команд после хода ---
  Team A: живых 1/8
    ✓ Тишина A5          @ (2,7,3) hp=2/2
    ✗ Артиллерия A1      @ (7,4,0) [уничтожен]
    ✗ Радиовышка A2      @ (7,4,1) [уничтожен]
    ✗ Прыгун A3          @ (7,3,2) [уничтожен]
    ✗ Факел A4           @ (2,4,1) [уничтожен]
    ✗ Бурав A6           @ (6,6,1) [уничтожен]
    ✗ Провокатор A7      @ (4,4,0) [уничтожен]
    ✗ Паук A8            @ (6,4,0) [уничтожен]
  Team B: живых 3/8
    ✓ Артиллерия B1      @ (7,9,4) hp=1/1
    ✓ Факел B4           @ (7,9,3) hp=6/6
    ✓ Провокатор B7      @ (3,7,4) hp=2/2
    ✗ Радиовышка B2      @ (6,5,1) [уничтожен]
    ✗ Прыгун B3          @ (7,4,1) [уничтожен]
    ✗ Тишина B5          @ (2,4,1) [уничтожен]
    ✗ Бурав B6           @ (7,9,3) [уничтожен]
    ✗ Паук B8            @ (6,6,1) [уничтожен]
  Team C: живых 1/8
    ✓ Тишина C5          @ (7,6,2) hp=2/2
    ✗ Артиллерия C1      @ (7,4,2) [уничтожен]
    ✗ Радиовышка C2      @ (7,5,1) [уничтожен]
    ✗ Прыгун C3          @ (7,9,2) [уничтожен]
    ✗ Факел C4           @ (7,5,2) [уничтожен]
    ✗ Бурав C6           @ (7,9,3) [уничтожен]
    ✗ Провокатор C7      @ (7,0,2) [уничтожен]
    ✗ Паук C8            @ (7,3,2) [уничтожен]

======================================================================
ХОД 20
======================================================================
✓ 🎮 GM: начинаем ход
GM: start_turn

--- Радиовышки: сканирование слоя Z ---
  (у команд не осталось живых радиовышек)

--- Решения ботов ---
  [Team A] Тишина A5 (2,7,3) → MOVE (3,7,4)
  [Team B] Артиллерия B1 (7,9,4) → SHOOT at (0,0,0)
  [Team B] Провокатор B7 (3,7,4) → MOVE (4,6,5)
  [Team B] Факел B4 → SKIP
  [Team C] Тишина C5 (7,6,2) → MOVE (7,7,3)
! 🎮 GM: принудительно завершает фазу планирования
GM: end_planning
# 
============================================================
# 🔄 ОБРАБОТКА ХОДА 20
# ============================================================

📦 ПЕРЕМЕЩЕНИЯ:
!    ⚠️ Тишина A5: клетка (3,7,4) занята
   Провокатор B7: (3, 7, 4) → (4,6,5)
   Тишина C5: (7, 6, 2) → (7,7,3)

🎯 ВЫСТРЕЛЫ:
   Выпущено ракет: 1
# 
📊 РЕЗУЛЬТАТЫ ХОДА 20:
🎯 Попаданий нет

--- Результаты хода ---
  Попаданий нет

--- Состояние команд после хода ---
  Team A: живых 1/8
    ✓ Тишина A5          @ (2,7,3) hp=2/2
    ✗ Артиллерия A1      @ (7,4,0) [уничтожен]
    ✗ Радиовышка A2      @ (7,4,1) [уничтожен]
    ✗ Прыгун A3          @ (7,3,2) [уничтожен]
    ✗ Факел A4           @ (2,4,1) [уничтожен]
    ✗ Бурав A6           @ (6,6,1) [уничтожен]
    ✗ Провокатор A7      @ (4,4,0) [уничтожен]
    ✗ Паук A8            @ (6,4,0) [уничтожен]
  Team B: живых 3/8
    ✓ Артиллерия B1      @ (7,9,4) hp=1/1
    ✓ Факел B4           @ (7,9,3) hp=6/6
    ✓ Провокатор B7      @ (4,6,5) hp=2/2
    ✗ Радиовышка B2      @ (6,5,1) [уничтожен]
    ✗ Прыгун B3          @ (7,4,1) [уничтожен]
    ✗ Тишина B5          @ (2,4,1) [уничтожен]
    ✗ Бурав B6           @ (7,9,3) [уничтожен]
    ✗ Паук B8            @ (6,6,1) [уничтожен]
  Team C: живых 1/8
    ✓ Тишина C5          @ (7,7,3) hp=2/2
    ✗ Артиллерия C1      @ (7,4,2) [уничтожен]
    ✗ Радиовышка C2      @ (7,5,1) [уничтожен]
    ✗ Прыгун C3          @ (7,9,2) [уничтожен]
    ✗ Факел C4           @ (7,5,2) [уничтожен]
    ✗ Бурав C6           @ (7,9,3) [уничтожен]
    ✗ Провокатор C7      @ (7,0,2) [уничтожен]
    ✗ Паук C8            @ (7,3,2) [уничтожен]

======================================================================
ХОД 21
======================================================================
✓ 🎮 GM: начинаем ход
GM: start_turn

--- Радиовышки: сканирование слоя Z ---
  (у команд не осталось живых радиовышек)

--- Решения ботов ---
  [Team A] Тишина A5 (2,7,3) → MOVE (3,6,4)
  [Team B] Артиллерия B1 (7,9,4) → SHOOT at (4,9,5)
  [Team B] Провокатор B7 (4,6,5) → MOVE (5,5,5)
  [Team B] Факел B4 → SKIP
  [Team C] Тишина C5 (7,7,3) → MOVE (7,8,4)
! 🎮 GM: принудительно завершает фазу планирования
GM: end_planning
# 
============================================================
# 🔄 ОБРАБОТКА ХОДА 21
# ============================================================

📦 ПЕРЕМЕЩЕНИЯ:
   Тишина A5: (2, 7, 3) → (3,6,4)
   Провокатор B7: (4, 6, 5) → (5,5,5)
   Тишина C5: (7, 7, 3) → (7,8,4)

🎯 ВЫСТРЕЛЫ:
   Выпущено ракет: 1
# 
📊 РЕЗУЛЬТАТЫ ХОДА 21:
🎯 Попаданий нет

--- Результаты хода ---
  Попаданий нет

--- Состояние команд после хода ---
  Team A: живых 1/8
    ✓ Тишина A5          @ (3,6,4) hp=2/2
    ✗ Артиллерия A1      @ (7,4,0) [уничтожен]
    ✗ Радиовышка A2      @ (7,4,1) [уничтожен]
    ✗ Прыгун A3          @ (7,3,2) [уничтожен]
    ✗ Факел A4           @ (2,4,1) [уничтожен]
    ✗ Бурав A6           @ (6,6,1) [уничтожен]
    ✗ Провокатор A7      @ (4,4,0) [уничтожен]
    ✗ Паук A8            @ (6,4,0) [уничтожен]
  Team B: живых 3/8
    ✓ Артиллерия B1      @ (7,9,4) hp=1/1
    ✓ Факел B4           @ (7,9,3) hp=6/6
    ✓ Провокатор B7      @ (5,5,5) hp=2/2
    ✗ Радиовышка B2      @ (6,5,1) [уничтожен]
    ✗ Прыгун B3          @ (7,4,1) [уничтожен]
    ✗ Тишина B5          @ (2,4,1) [уничтожен]
    ✗ Бурав B6           @ (7,9,3) [уничтожен]
    ✗ Паук B8            @ (6,6,1) [уничтожен]
  Team C: живых 1/8
    ✓ Тишина C5          @ (7,8,4) hp=2/2
    ✗ Артиллерия C1      @ (7,4,2) [уничтожен]
    ✗ Радиовышка C2      @ (7,5,1) [уничтожен]
    ✗ Прыгун C3          @ (7,9,2) [уничтожен]
    ✗ Факел C4           @ (7,5,2) [уничтожен]
    ✗ Бурав C6           @ (7,9,3) [уничтожен]
    ✗ Провокатор C7      @ (7,0,2) [уничтожен]
    ✗ Паук C8            @ (7,3,2) [уничтожен]

======================================================================
ХОД 22
======================================================================
✓ 🎮 GM: начинаем ход
GM: start_turn

--- Радиовышки: сканирование слоя Z ---
  (у команд не осталось живых радиовышек)

--- Решения ботов ---
  [Team A] Тишина A5 (3,6,4) → MOVE (4,5,5)
  [Team B] Артиллерия B1 (7,9,4) → SHOOT at (0,5,1)
  [Team B] Факел B4 → SKIP
  [Team B] Провокатор B7 → SKIP
  [Team C] Тишина C5 (7,8,4) → MOVE (7,9,4)
! 🎮 GM: принудительно завершает фазу планирования
GM: end_planning
# 
============================================================
# 🔄 ОБРАБОТКА ХОДА 22
# ============================================================

📦 ПЕРЕМЕЩЕНИЯ:
   Тишина A5: (3, 6, 4) → (4,5,5)
!    ⚠️ Тишина C5: клетка (7,9,4) занята

🎯 ВЫСТРЕЛЫ:
   Выпущено ракет: 1
# 
📊 РЕЗУЛЬТАТЫ ХОДА 22:
🎯 Попаданий нет

--- Результаты хода ---
  Попаданий нет

--- Состояние команд после хода ---
  Team A: живых 1/8
    ✓ Тишина A5          @ (4,5,5) hp=2/2
    ✗ Артиллерия A1      @ (7,4,0) [уничтожен]
    ✗ Радиовышка A2      @ (7,4,1) [уничтожен]
    ✗ Прыгун A3          @ (7,3,2) [уничтожен]
    ✗ Факел A4           @ (2,4,1) [уничтожен]
    ✗ Бурав A6           @ (6,6,1) [уничтожен]
    ✗ Провокатор A7      @ (4,4,0) [уничтожен]
    ✗ Паук A8            @ (6,4,0) [уничтожен]
  Team B: живых 3/8
    ✓ Артиллерия B1      @ (7,9,4) hp=1/1
    ✓ Факел B4           @ (7,9,3) hp=6/6
    ✓ Провокатор B7      @ (5,5,5) hp=2/2
    ✗ Радиовышка B2      @ (6,5,1) [уничтожен]
    ✗ Прыгун B3          @ (7,4,1) [уничтожен]
    ✗ Тишина B5          @ (2,4,1) [уничтожен]
    ✗ Бурав B6           @ (7,9,3) [уничтожен]
    ✗ Паук B8            @ (6,6,1) [уничтожен]
  Team C: живых 1/8
    ✓ Тишина C5          @ (7,8,4) hp=2/2
    ✗ Артиллерия C1      @ (7,4,2) [уничтожен]
    ✗ Радиовышка C2      @ (7,5,1) [уничтожен]
    ✗ Прыгун C3          @ (7,9,2) [уничтожен]
    ✗ Факел C4           @ (7,5,2) [уничтожен]
    ✗ Бурав C6           @ (7,9,3) [уничтожен]
    ✗ Провокатор C7      @ (7,0,2) [уничтожен]
    ✗ Паук C8            @ (7,3,2) [уничтожен]

======================================================================
ХОД 23
======================================================================
✓ 🎮 GM: начинаем ход
GM: start_turn

--- Радиовышки: сканирование слоя Z ---
  (у команд не осталось живых радиовышек)

--- Решения ботов ---
  [Team A] Тишина A5 (4,5,5) → MOVE (5,5,5)
  [Team B] Артиллерия B1 (7,9,4) → SHOOT at (4,9,5)
  [Team B] Факел B4 → SKIP
  [Team B] Провокатор B7 → SKIP
  [Team C] Тишина C5 (7,8,4) → MOVE (7,9,4)
! 🎮 GM: принудительно завершает фазу планирования
GM: end_planning
# 
============================================================
# 🔄 ОБРАБОТКА ХОДА 23
# ============================================================

📦 ПЕРЕМЕЩЕНИЯ:
!    ⚠️ Тишина A5: клетка (5,5,5) занята
!    ⚠️ Тишина C5: клетка (7,9,4) занята

🎯 ВЫСТРЕЛЫ:
   Выпущено ракет: 1
# 
📊 РЕЗУЛЬТАТЫ ХОДА 23:
🎯 Попаданий нет

--- Результаты хода ---
  Попаданий нет

--- Состояние команд после хода ---
  Team A: живых 1/8
    ✓ Тишина A5          @ (4,5,5) hp=2/2
    ✗ Артиллерия A1      @ (7,4,0) [уничтожен]
    ✗ Радиовышка A2      @ (7,4,1) [уничтожен]
    ✗ Прыгун A3          @ (7,3,2) [уничтожен]
    ✗ Факел A4           @ (2,4,1) [уничтожен]
    ✗ Бурав A6           @ (6,6,1) [уничтожен]
    ✗ Провокатор A7      @ (4,4,0) [уничтожен]
    ✗ Паук A8            @ (6,4,0) [уничтожен]
  Team B: живых 3/8
    ✓ Артиллерия B1      @ (7,9,4) hp=1/1
    ✓ Факел B4           @ (7,9,3) hp=6/6
    ✓ Провокатор B7      @ (5,5,5) hp=2/2
    ✗ Радиовышка B2      @ (6,5,1) [уничтожен]
    ✗ Прыгун B3          @ (7,4,1) [уничтожен]
    ✗ Тишина B5          @ (2,4,1) [уничтожен]
    ✗ Бурав B6           @ (7,9,3) [уничтожен]
    ✗ Паук B8            @ (6,6,1) [уничтожен]
  Team C: живых 1/8
    ✓ Тишина C5          @ (7,8,4) hp=2/2
    ✗ Артиллерия C1      @ (7,4,2) [уничтожен]
    ✗ Радиовышка C2      @ (7,5,1) [уничтожен]
    ✗ Прыгун C3          @ (7,9,2) [уничтожен]
    ✗ Факел C4           @ (7,5,2) [уничтожен]
    ✗ Бурав C6           @ (7,9,3) [уничтожен]
    ✗ Провокатор C7      @ (7,0,2) [уничтожен]
    ✗ Паук C8            @ (7,3,2) [уничтожен]

======================================================================
ХОД 24
======================================================================
✓ 🎮 GM: начинаем ход
GM: start_turn

--- Радиовышки: сканирование слоя Z ---
  (у команд не осталось живых радиовышек)

--- Решения ботов ---
  [Team A] Тишина A5 (4,5,5) → MOVE (5,5,5)
  [Team B] Артиллерия B1 (7,9,4) → SHOOT at (0,5,0)
  [Team B] Факел B4 → SKIP
  [Team B] Провокатор B7 → SKIP
  [Team C] Тишина C5 (7,8,4) → MOVE (7,9,4)
! 🎮 GM: принудительно завершает фазу планирования
GM: end_planning
# 
============================================================
# 🔄 ОБРАБОТКА ХОДА 24
# ============================================================

📦 ПЕРЕМЕЩЕНИЯ:
!    ⚠️ Тишина A5: клетка (5,5,5) занята
!    ⚠️ Тишина C5: клетка (7,9,4) занята

🎯 ВЫСТРЕЛЫ:
   Выпущено ракет: 1
# 
📊 РЕЗУЛЬТАТЫ ХОДА 24:
🎯 Попаданий нет

--- Результаты хода ---
  Попаданий нет

--- Состояние команд после хода ---
  Team A: живых 1/8
    ✓ Тишина A5          @ (4,5,5) hp=2/2
    ✗ Артиллерия A1      @ (7,4,0) [уничтожен]
    ✗ Радиовышка A2      @ (7,4,1) [уничтожен]
    ✗ Прыгун A3          @ (7,3,2) [уничтожен]
    ✗ Факел A4           @ (2,4,1) [уничтожен]
    ✗ Бурав A6           @ (6,6,1) [уничтожен]
    ✗ Провокатор A7      @ (4,4,0) [уничтожен]
    ✗ Паук A8            @ (6,4,0) [уничтожен]
  Team B: живых 3/8
    ✓ Артиллерия B1      @ (7,9,4) hp=1/1
    ✓ Факел B4           @ (7,9,3) hp=6/6
    ✓ Провокатор B7      @ (5,5,5) hp=2/2
    ✗ Радиовышка B2      @ (6,5,1) [уничтожен]
    ✗ Прыгун B3          @ (7,4,1) [уничтожен]
    ✗ Тишина B5          @ (2,4,1) [уничтожен]
    ✗ Бурав B6           @ (7,9,3) [уничтожен]
    ✗ Паук B8            @ (6,6,1) [уничтожен]
  Team C: живых 1/8
    ✓ Тишина C5          @ (7,8,4) hp=2/2
    ✗ Артиллерия C1      @ (7,4,2) [уничтожен]
    ✗ Радиовышка C2      @ (7,5,1) [уничтожен]
    ✗ Прыгун C3          @ (7,9,2) [уничтожен]
    ✗ Факел C4           @ (7,5,2) [уничтожен]
    ✗ Бурав C6           @ (7,9,3) [уничтожен]
    ✗ Провокатор C7      @ (7,0,2) [уничтожен]
    ✗ Паук C8            @ (7,3,2) [уничтожен]

======================================================================
ХОД 25
======================================================================
✓ 🎮 GM: начинаем ход
GM: start_turn

--- Радиовышки: сканирование слоя Z ---
  (у команд не осталось живых радиовышек)

--- Решения ботов ---
  [Team A] Тишина A5 (4,5,5) → MOVE (5,5,5)
  [Team B] Артиллерия B1 (7,9,4) → SHOOT at (4,9,5)
  [Team B] Факел B4 → SKIP
  [Team B] Провокатор B7 → SKIP
  [Team C] Тишина C5 (7,8,4) → MOVE (7,9,4)
! 🎮 GM: принудительно завершает фазу планирования
GM: end_planning
# 
============================================================
# 🔄 ОБРАБОТКА ХОДА 25
# ============================================================

📦 ПЕРЕМЕЩЕНИЯ:
!    ⚠️ Тишина A5: клетка (5,5,5) занята
!    ⚠️ Тишина C5: клетка (7,9,4) занята

🎯 ВЫСТРЕЛЫ:
   Выпущено ракет: 1
# 
📊 РЕЗУЛЬТАТЫ ХОДА 25:
🎯 Попаданий нет

--- Результаты хода ---
  Попаданий нет

--- Состояние команд после хода ---
  Team A: живых 1/8
    ✓ Тишина A5          @ (4,5,5) hp=2/2
    ✗ Артиллерия A1      @ (7,4,0) [уничтожен]
    ✗ Радиовышка A2      @ (7,4,1) [уничтожен]
    ✗ Прыгун A3          @ (7,3,2) [уничтожен]
    ✗ Факел A4           @ (2,4,1) [уничтожен]
    ✗ Бурав A6           @ (6,6,1) [уничтожен]
    ✗ Провокатор A7      @ (4,4,0) [уничтожен]
    ✗ Паук A8            @ (6,4,0) [уничтожен]
  Team B: живых 3/8
    ✓ Артиллерия B1      @ (7,9,4) hp=1/1
    ✓ Факел B4           @ (7,9,3) hp=6/6
    ✓ Провокатор B7      @ (5,5,5) hp=2/2
    ✗ Радиовышка B2      @ (6,5,1) [уничтожен]
    ✗ Прыгун B3          @ (7,4,1) [уничтожен]
    ✗ Тишина B5          @ (2,4,1) [уничтожен]
    ✗ Бурав B6           @ (7,9,3) [уничтожен]
    ✗ Паук B8            @ (6,6,1) [уничтожен]
  Team C: живых 1/8
    ✓ Тишина C5          @ (7,8,4) hp=2/2
    ✗ Артиллерия C1      @ (7,4,2) [уничтожен]
    ✗ Радиовышка C2      @ (7,5,1) [уничтожен]
    ✗ Прыгун C3          @ (7,9,2) [уничтожен]
    ✗ Факел C4           @ (7,5,2) [уничтожен]
    ✗ Бурав C6           @ (7,9,3) [уничтожен]
    ✗ Провокатор C7      @ (7,0,2) [уничтожен]
    ✗ Паук C8            @ (7,3,2) [уничтожен]

======================================================================
ХОД 26
======================================================================
✓ 🎮 GM: начинаем ход
GM: start_turn

--- Радиовышки: сканирование слоя Z ---
  (у команд не осталось живых радиовышек)

--- Решения ботов ---
  [Team A] Тишина A5 (4,5,5) → MOVE (5,5,5)
  [Team B] Артиллерия B1 (7,9,4) → SHOOT at (0,0,1)
  [Team B] Факел B4 → SKIP
  [Team B] Провокатор B7 → SKIP
  [Team C] Тишина C5 (7,8,4) → MOVE (7,9,4)
! 🎮 GM: принудительно завершает фазу планирования
GM: end_planning
# 
============================================================
# 🔄 ОБРАБОТКА ХОДА 26
# ============================================================

📦 ПЕРЕМЕЩЕНИЯ:
!    ⚠️ Тишина A5: клетка (5,5,5) занята
!    ⚠️ Тишина C5: клетка (7,9,4) занята

🎯 ВЫСТРЕЛЫ:
   Выпущено ракет: 1
# 
📊 РЕЗУЛЬТАТЫ ХОДА 26:
🎯 Попаданий нет

--- Результаты хода ---
  Попаданий нет

--- Состояние команд после хода ---
  Team A: живых 1/8
    ✓ Тишина A5          @ (4,5,5) hp=2/2
    ✗ Артиллерия A1      @ (7,4,0) [уничтожен]
    ✗ Радиовышка A2      @ (7,4,1) [уничтожен]
    ✗ Прыгун A3          @ (7,3,2) [уничтожен]
    ✗ Факел A4           @ (2,4,1) [уничтожен]
    ✗ Бурав A6           @ (6,6,1) [уничтожен]
    ✗ Провокатор A7      @ (4,4,0) [уничтожен]
    ✗ Паук A8            @ (6,4,0) [уничтожен]
  Team B: живых 3/8
    ✓ Артиллерия B1      @ (7,9,4) hp=1/1
    ✓ Факел B4           @ (7,9,3) hp=6/6
    ✓ Провокатор B7      @ (5,5,5) hp=2/2
    ✗ Радиовышка B2      @ (6,5,1) [уничтожен]
    ✗ Прыгун B3          @ (7,4,1) [уничтожен]
    ✗ Тишина B5          @ (2,4,1) [уничтожен]
    ✗ Бурав B6           @ (7,9,3) [уничтожен]
    ✗ Паук B8            @ (6,6,1) [уничтожен]
  Team C: живых 1/8
    ✓ Тишина C5          @ (7,8,4) hp=2/2
    ✗ Артиллерия C1      @ (7,4,2) [уничтожен]
    ✗ Радиовышка C2      @ (7,5,1) [уничтожен]
    ✗ Прыгун C3          @ (7,9,2) [уничтожен]
    ✗ Факел C4           @ (7,5,2) [уничтожен]
    ✗ Бурав C6           @ (7,9,3) [уничтожен]
    ✗ Провокатор C7      @ (7,0,2) [уничтожен]
    ✗ Паук C8            @ (7,3,2) [уничтожен]

======================================================================
ХОД 27
======================================================================
✓ 🎮 GM: начинаем ход
GM: start_turn

--- Радиовышки: сканирование слоя Z ---
  (у команд не осталось живых радиовышек)

--- Решения ботов ---
  [Team A] Тишина A5 (4,5,5) → MOVE (5,5,5)
  [Team B] Артиллерия B1 (7,9,4) → SHOOT at (0,0,0)
  [Team B] Факел B4 → SKIP
  [Team B] Провокатор B7 → SKIP
  [Team C] Тишина C5 (7,8,4) → MOVE (7,9,4)
! 🎮 GM: принудительно завершает фазу планирования
GM: end_planning
# 
============================================================
# 🔄 ОБРАБОТКА ХОДА 27
# ============================================================

📦 ПЕРЕМЕЩЕНИЯ:
!    ⚠️ Тишина A5: клетка (5,5,5) занята
!    ⚠️ Тишина C5: клетка (7,9,4) занята

🎯 ВЫСТРЕЛЫ:
   Выпущено ракет: 1
# 
📊 РЕЗУЛЬТАТЫ ХОДА 27:
🎯 Попаданий нет

--- Результаты хода ---
  Попаданий нет

--- Состояние команд после хода ---
  Team A: живых 1/8
    ✓ Тишина A5          @ (4,5,5) hp=2/2
    ✗ Артиллерия A1      @ (7,4,0) [уничтожен]
    ✗ Радиовышка A2      @ (7,4,1) [уничтожен]
    ✗ Прыгун A3          @ (7,3,2) [уничтожен]
    ✗ Факел A4           @ (2,4,1) [уничтожен]
    ✗ Бурав A6           @ (6,6,1) [уничтожен]
    ✗ Провокатор A7      @ (4,4,0) [уничтожен]
    ✗ Паук A8            @ (6,4,0) [уничтожен]
  Team B: живых 3/8
    ✓ Артиллерия B1      @ (7,9,4) hp=1/1
    ✓ Факел B4           @ (7,9,3) hp=6/6
    ✓ Провокатор B7      @ (5,5,5) hp=2/2
    ✗ Радиовышка B2      @ (6,5,1) [уничтожен]
    ✗ Прыгун B3          @ (7,4,1) [уничтожен]
    ✗ Тишина B5          @ (2,4,1) [уничтожен]
    ✗ Бурав B6           @ (7,9,3) [уничтожен]
    ✗ Паук B8            @ (6,6,1) [уничтожен]
  Team C: живых 1/8
    ✓ Тишина C5          @ (7,8,4) hp=2/2
    ✗ Артиллерия C1      @ (7,4,2) [уничтожен]
    ✗ Радиовышка C2      @ (7,5,1) [уничтожен]
    ✗ Прыгун C3          @ (7,9,2) [уничтожен]
    ✗ Факел C4           @ (7,5,2) [уничтожен]
    ✗ Бурав C6           @ (7,9,3) [уничтожен]
    ✗ Провокатор C7      @ (7,0,2) [уничтожен]
    ✗ Паук C8            @ (7,3,2) [уничтожен]

======================================================================
ХОД 28
======================================================================
✓ 🎮 GM: начинаем ход
GM: start_turn

--- Радиовышки: сканирование слоя Z ---
  (у команд не осталось живых радиовышек)

--- Решения ботов ---
  [Team A] Тишина A5 (4,5,5) → MOVE (5,5,5)
  [Team B] Артиллерия B1 (7,9,4) → SHOOT at (0,5,0)
  [Team B] Факел B4 → SKIP
  [Team B] Провокатор B7 → SKIP
  [Team C] Тишина C5 (7,8,4) → MOVE (7,9,4)
! 🎮 GM: принудительно завершает фазу планирования
GM: end_planning
# 
============================================================
# 🔄 ОБРАБОТКА ХОДА 28
# ============================================================

📦 ПЕРЕМЕЩЕНИЯ:
!    ⚠️ Тишина A5: клетка (5,5,5) занята
!    ⚠️ Тишина C5: клетка (7,9,4) занята

🎯 ВЫСТРЕЛЫ:
   Выпущено ракет: 1
# 
📊 РЕЗУЛЬТАТЫ ХОДА 28:
🎯 Попаданий нет

--- Результаты хода ---
  Попаданий нет

--- Состояние команд после хода ---
  Team A: живых 1/8
    ✓ Тишина A5          @ (4,5,5) hp=2/2
    ✗ Артиллерия A1      @ (7,4,0) [уничтожен]
    ✗ Радиовышка A2      @ (7,4,1) [уничтожен]
    ✗ Прыгун A3          @ (7,3,2) [уничтожен]
    ✗ Факел A4           @ (2,4,1) [уничтожен]
    ✗ Бурав A6           @ (6,6,1) [уничтожен]
    ✗ Провокатор A7      @ (4,4,0) [уничтожен]
    ✗ Паук A8            @ (6,4,0) [уничтожен]
  Team B: живых 3/8
    ✓ Артиллерия B1      @ (7,9,4) hp=1/1
    ✓ Факел B4           @ (7,9,3) hp=6/6
    ✓ Провокатор B7      @ (5,5,5) hp=2/2
    ✗ Радиовышка B2      @ (6,5,1) [уничтожен]
    ✗ Прыгун B3          @ (7,4,1) [уничтожен]
    ✗ Тишина B5          @ (2,4,1) [уничтожен]
    ✗ Бурав B6           @ (7,9,3) [уничтожен]
    ✗ Паук B8            @ (6,6,1) [уничтожен]
  Team C: живых 1/8
    ✓ Тишина C5          @ (7,8,4) hp=2/2
    ✗ Артиллерия C1      @ (7,4,2) [уничтожен]
    ✗ Радиовышка C2      @ (7,5,1) [уничтожен]
    ✗ Прыгун C3          @ (7,9,2) [уничтожен]
    ✗ Факел C4           @ (7,5,2) [уничтожен]
    ✗ Бурав C6           @ (7,9,3) [уничтожен]
    ✗ Провокатор C7      @ (7,0,2) [уничтожен]
    ✗ Паук C8            @ (7,3,2) [уничтожен]

======================================================================
ХОД 29
======================================================================
✓ 🎮 GM: начинаем ход
GM: start_turn

--- Радиовышки: сканирование слоя Z ---
  (у команд не осталось живых радиовышек)

--- Решения ботов ---
  [Team A] Тишина A5 (4,5,5) → MOVE (5,5,5)
  [Team B] Артиллерия B1 (7,9,4) → SHOOT at (0,0,0)
  [Team B] Факел B4 → SKIP
  [Team B] Провокатор B7 → SKIP
  [Team C] Тишина C5 (7,8,4) → MOVE (7,9,4)
! 🎮 GM: принудительно завершает фазу планирования
GM: end_planning
# 
============================================================
# 🔄 ОБРАБОТКА ХОДА 29
# ============================================================

📦 ПЕРЕМЕЩЕНИЯ:
!    ⚠️ Тишина A5: клетка (5,5,5) занята
!    ⚠️ Тишина C5: клетка (7,9,4) занята

🎯 ВЫСТРЕЛЫ:
   Выпущено ракет: 1
# 
📊 РЕЗУЛЬТАТЫ ХОДА 29:
🎯 Попаданий нет

--- Результаты хода ---
  Попаданий нет

--- Состояние команд после хода ---
  Team A: живых 1/8
    ✓ Тишина A5          @ (4,5,5) hp=2/2
    ✗ Артиллерия A1      @ (7,4,0) [уничтожен]
    ✗ Радиовышка A2      @ (7,4,1) [уничтожен]
    ✗ Прыгун A3          @ (7,3,2) [уничтожен]
    ✗ Факел A4           @ (2,4,1) [уничтожен]
    ✗ Бурав A6           @ (6,6,1) [уничтожен]
    ✗ Провокатор A7      @ (4,4,0) [уничтожен]
    ✗ Паук A8            @ (6,4,0) [уничтожен]
  Team B: живых 3/8
    ✓ Артиллерия B1      @ (7,9,4) hp=1/1
    ✓ Факел B4           @ (7,9,3) hp=6/6
    ✓ Провокатор B7      @ (5,5,5) hp=2/2
    ✗ Радиовышка B2      @ (6,5,1) [уничтожен]
    ✗ Прыгун B3          @ (7,4,1) [уничтожен]
    ✗ Тишина B5          @ (2,4,1) [уничтожен]
    ✗ Бурав B6           @ (7,9,3) [уничтожен]
    ✗ Паук B8            @ (6,6,1) [уничтожен]
  Team C: живых 1/8
    ✓ Тишина C5          @ (7,8,4) hp=2/2
    ✗ Артиллерия C1      @ (7,4,2) [уничтожен]
    ✗ Радиовышка C2      @ (7,5,1) [уничтожен]
    ✗ Прыгун C3          @ (7,9,2) [уничтожен]
    ✗ Факел C4           @ (7,5,2) [уничтожен]
    ✗ Бурав C6           @ (7,9,3) [уничтожен]
    ✗ Провокатор C7      @ (7,0,2) [уничтожен]
    ✗ Паук C8            @ (7,3,2) [уничтожен]

======================================================================
ХОД 30
======================================================================
✓ 🎮 GM: начинаем ход
GM: start_turn

--- Радиовышки: сканирование слоя Z ---
  (у команд не осталось живых радиовышек)

--- Решения ботов ---
  [Team A] Тишина A5 (4,5,5) → MOVE (5,5,5)
  [Team B] Артиллерия B1 (7,9,4) → SHOOT at (0,5,0)
  [Team B] Факел B4 → SKIP
  [Team B] Провокатор B7 → SKIP
  [Team C] Тишина C5 (7,8,4) → MOVE (7,9,4)
! 🎮 GM: принудительно завершает фазу планирования
GM: end_planning
# 
============================================================
# 🔄 ОБРАБОТКА ХОДА 30
# ============================================================

📦 ПЕРЕМЕЩЕНИЯ:
!    ⚠️ Тишина A5: клетка (5,5,5) занята
!    ⚠️ Тишина C5: клетка (7,9,4) занята

🎯 ВЫСТРЕЛЫ:
   Выпущено ракет: 1
# 
📊 РЕЗУЛЬТАТЫ ХОДА 30:
🎯 Попаданий нет

--- Результаты хода ---
  Попаданий нет

--- Состояние команд после хода ---
  Team A: живых 1/8
    ✓ Тишина A5          @ (4,5,5) hp=2/2
    ✗ Артиллерия A1      @ (7,4,0) [уничтожен]
    ✗ Радиовышка A2      @ (7,4,1) [уничтожен]
    ✗ Прыгун A3          @ (7,3,2) [уничтожен]
    ✗ Факел A4           @ (2,4,1) [уничтожен]
    ✗ Бурав A6           @ (6,6,1) [уничтожен]
    ✗ Провокатор A7      @ (4,4,0) [уничтожен]
    ✗ Паук A8            @ (6,4,0) [уничтожен]
  Team B: живых 3/8
    ✓ Артиллерия B1      @ (7,9,4) hp=1/1
    ✓ Факел B4           @ (7,9,3) hp=6/6
    ✓ Провокатор B7      @ (5,5,5) hp=2/2
    ✗ Радиовышка B2      @ (6,5,1) [уничтожен]
    ✗ Прыгун B3          @ (7,4,1) [уничтожен]
    ✗ Тишина B5          @ (2,4,1) [уничтожен]
    ✗ Бурав B6           @ (7,9,3) [уничтожен]
    ✗ Паук B8            @ (6,6,1) [уничтожен]
  Team C: живых 1/8
    ✓ Тишина C5          @ (7,8,4) hp=2/2
    ✗ Артиллерия C1      @ (7,4,2) [уничтожен]
    ✗ Радиовышка C2      @ (7,5,1) [уничтожен]
    ✗ Прыгун C3          @ (7,9,2) [уничтожен]
    ✗ Факел C4           @ (7,5,2) [уничтожен]
    ✗ Бурав C6           @ (7,9,3) [уничтожен]
    ✗ Провокатор C7      @ (7,0,2) [уничтожен]
    ✗ Паук C8            @ (7,3,2) [уничтожен]

======================================================================
ИТОГ
======================================================================
Лимит ходов (30) исчерпан, ничья/пат.

--- Сводка по командам ---
  Team A: 1/8 живых; hp=2
  Team B: 3/8 живых; hp=9
  Team C: 1/8 живых; hp=2

--- Сводка по пассивкам радиовышек ---
  Team A: сканирований=6, всего врагов-в-слоях=7, уникальных эксклюзивных (видны только радиовышкой)=0
  Team B: сканирований=16, всего врагов-в-слоях=24, уникальных эксклюзивных (видны только радиовышкой)=0
  Team C: сканирований=5, всего врагов-в-слоях=11, уникальных эксклюзивных (видны только радиовышкой)=1

--- Сводка по попаданиям ---
  Всего событий (шоты+тараны+мины): 24
  Уничтожено кораблей всего: 19
  Team A: урон=19 хиты=2 тараны=6 мины(сработало)=1 убийств=8
  Team B: урон=32 хиты=10 тараны=4 мины(сработало)=0 убийств=10
  Team C: урон=4 хиты=0 тараны=1 мины(сработало)=0 убийств=1
! 🎮 GM: остановка игры
