======================================================================
Space Battle 10×10×10 — simulation run at 2026-04-20T13:39:21+00:00
Game mode: advanced
Seed: 122
✓ 🚀 Продвинутый режим: создаю разные типы кораблей
   Команда A: спавн вдоль оси Z от (3, 9, 4) до (3, 9, 0)
   Команда B: спавн вдоль оси Y от (7, 8, 3) до (7, 4, 3)
   Команда C: спавн вдоль оси Y от (1, 1, 6) до (1, 9, 6)
✓ ✅ Создано 24 кораблей


--- СТАРТОВАЯ РАССТАНОВКА ---
  Team A: живых 8/8
    ✓ Артиллерия A1      @ (3,9,4) hp=1/1
    ✓ Радиовышка A2      @ (3,9,1) hp=3/3
    ✓ Прыгун A3          @ (3,9,5) hp=2/2
    ✓ Факел A4           @ (3,9,6) hp=6/6
    ✓ Тишина A5          @ (3,9,8) hp=2/2
    ✓ Бурав A6           @ (3,9,3) hp=4/4
    ✓ Провокатор A7      @ (3,9,7) hp=2/2
    ✓ Паук A8            @ (3,9,0) hp=1/1
  Team B: живых 8/8
    ✓ Артиллерия B1      @ (7,8,3) hp=1/1
    ✓ Радиовышка B2      @ (7,6,3) hp=3/3
    ✓ Прыгун B3          @ (7,9,3) hp=2/2
    ✓ Факел B4           @ (7,5,3) hp=6/6
    ✓ Тишина B5          @ (7,7,3) hp=2/2
    ✓ Бурав B6           @ (7,1,3) hp=4/4
    ✓ Провокатор B7      @ (7,2,3) hp=2/2
    ✓ Паук B8            @ (7,4,3) hp=1/1
  Team C: живых 8/8
    ✓ Артиллерия C1      @ (1,1,6) hp=1/1
    ✓ Радиовышка C2      @ (1,8,6) hp=3/3
    ✓ Прыгун C3          @ (1,7,6) hp=2/2
    ✓ Факел C4           @ (1,4,6) hp=6/6
    ✓ Тишина C5          @ (1,0,6) hp=2/2
    ✓ Бурав C6           @ (1,6,6) hp=4/4
    ✓ Провокатор C7      @ (1,3,6) hp=2/2
    ✓ Паук C8            @ (1,9,6) hp=1/1

======================================================================
ХОД 1
======================================================================
✓ 🎮 GM: начинаем ход
GM: start_turn

--- Радиовышки: сканирование слоя Z ---
  Радиовышка A2 (z=1): слой чист
  Радиовышка B2 (z=3): видит 1 врагов  → Бурав A6(3,9,3)
  Радиовышка C2 (z=6): видит 1 врагов  → Факел A4(3,9,6)

--- Решения ботов ---
  [Team A] Артиллерия A1 (3,9,4) → SHOOT at (7,8,3)
  [Team A] Радиовышка A2 (3,9,1) → MOVE (4,8,2)
  [Team A] Прыгун A3 (3,9,5) → MOVE (1,7,6)
  [Team A] Факел A4 (3,9,6) → SHOOT at (1,9,6)
  [Team A] Тишина A5 (3,9,8) → PHASE toggle
  [Team A] Бурав A6 (3,9,3) → MOVE (2,8,4)
  [Team A] Провокатор A7 (3,9,7) → HOLOGRAM (2,8,6)
  [Team A] Паук A8 (3,9,0) → MINE (4,8,1)
  [Team B] Артиллерия B1 (7,8,3) → SHOOT at (3,9,4)
  [Team B] Радиовышка B2 (7,6,3) → MOVE (6,7,4)
  [Team B] Прыгун B3 (7,9,3) → SHOOT at (3,9,3)
  [Team B] Тишина B5 (7,7,3) → PHASE toggle
  [Team B] Бурав B6 (7,1,3) → MOVE (6,2,4)
  [Team B] Провокатор B7 (7,2,3) → MOVE (6,3,4)
  [Team B] Паук B8 (7,4,3) → MOVE (6,5,4)
  [Team B] Факел B4 → SKIP
  [Team C] Артиллерия C1 (1,1,6) → SHOOT at (3,9,4)
  [Team C] Радиовышка C2 (1,8,6) → MOVE (2,9,5)
  [Team C] Прыгун C3 (1,7,6) → MOVE (3,9,4)
  [Team C] Тишина C5 (1,0,6) → PHASE toggle
  [Team C] Бурав C6 (1,6,6) → MOVE (2,7,5)
  [Team C] Провокатор C7 (1,3,6) → MOVE (2,4,5)
  [Team C] Паук C8 (1,9,6) → MINE (2,8,6)
  [Team C] Факел C4 → SKIP
! 🎮 GM: принудительно завершает фазу планирования
GM: end_planning
# 
============================================================
# 🔄 ОБРАБОТКА ХОДА 1
# ============================================================
   🌀 Тишина A5: уходит в фазу на 1 ход
   🌀 Тишина B5: уходит в фазу на 1 ход
   🌀 Тишина C5: уходит в фазу на 1 ход
   🪞 Провокатор A7 создал голограмму H1 в (2,8,6)
   💣 Паук A8 установил мину M1 в (4,8,1)
   💣 Паук C8 установил мину M2 в (2,8,6)

📦 ПЕРЕМЕЩЕНИЯ:
   Радиовышка A2: (3, 9, 1) → (4,8,2)
✓    💥 Прыгун A3 тараном уничтожил Прыгун C3 в (1,7,6)
   Прыгун A3: (3, 9, 5) → (1,7,6)
!    ⚠️ Бурав A6: Бурав двигается только по 1 оси или по 2 осям строго диагонально
   Радиовышка B2: (7, 6, 3) → (6,7,4)
!    ⚠️ Бурав B6: Бурав двигается только по 1 оси или по 2 осям строго диагонально
   Провокатор B7: (7, 2, 3) → (6,3,4)
   Паук B8: (7, 4, 3) → (6,5,4)
   Радиовышка C2: (1, 8, 6) → (2,9,5)
!    ⚠️ Бурав C6: Бурав двигается только по 1 оси или по 2 осям строго диагонально
   Провокатор C7: (1, 3, 6) → (2,4,5)

🎯 ВЫСТРЕЛЫ:
✓    ✅ Артиллерия A1 поразил Артиллерия B1 (2 урона)!
✓    ✅ Факел A4 поразил Паук C8 (1 урона)!
✓    ✅ Артиллерия B1 поразил Артиллерия A1 (2 урона)!
✓    ✅ Прыгун B3 поразил Бурав A6 (1 урона)!
   💀 Артиллерия C1 добивает Артиллерия A1
✓    ✅ Артиллерия C1 поразил Артиллерия A1 (2 урона)!
   Выпущено ракет: 5
# 
📊 РЕЗУЛЬТАТЫ ХОДА 1:
✓ 💥 ПОПАДАНИЯ:
✓    Артиллерия A1 (Team A) → Артиллерия B1 (Team B)
✓    Факел A4 (Team A) → Паук C8 (Team C)
✓    Артиллерия B1 (Team B) → Артиллерия A1 (Team A)
✓    Прыгун B3 (Team B) → Бурав A6 (Team A)
✓    Артиллерия C1 (Team C) → Артиллерия A1 (Team A)

--- Результаты хода ---
  Team A / Прыгун A3          → Team C / Прыгун C3          @ (1,7,6)  (УБИТ)
  Team A / Артиллерия A1      → Team B / Артиллерия B1      @ (7,8,3)  (УБИТ)
  Team A / Факел A4           → Team C / Паук C8            @ (1,9,6)  (УБИТ)
  Team B / Артиллерия B1      → Team A / Артиллерия A1      @ (3,9,4)  (УБИТ)
  Team B / Прыгун B3          → Team A / Бурав A6           @ (3,9,3)  (ранен)
  Team C / Артиллерия C1      → Team A / Артиллерия A1      @ (3,9,4)  (ранен)

--- Состояние команд после хода ---
  Team A: живых 7/8
    ✓ Радиовышка A2      @ (4,8,2) hp=3/3
    ✓ Прыгун A3          @ (1,7,6) hp=2/2
    ✓ Факел A4           @ (3,9,6) hp=6/6
    ✓ Тишина A5          @ (3,9,8) hp=2/2
    ✓ Бурав A6           @ (3,9,3) hp=3/4
    ✓ Провокатор A7      @ (3,9,7) hp=2/2
    ✓ Паук A8            @ (3,9,0) hp=1/1
    ✗ Артиллерия A1      @ (3,9,4) [уничтожен]
  Team B: живых 7/8
    ✓ Радиовышка B2      @ (6,7,4) hp=3/3
    ✓ Прыгун B3          @ (7,9,3) hp=2/2
    ✓ Факел B4           @ (7,5,3) hp=6/6
    ✓ Тишина B5          @ (7,7,3) hp=2/2
    ✓ Бурав B6           @ (7,1,3) hp=4/4
    ✓ Провокатор B7      @ (6,3,4) hp=2/2
    ✓ Паук B8            @ (6,5,4) hp=1/1
    ✗ Артиллерия B1      @ (7,8,3) [уничтожен]
  Team C: живых 6/8
    ✓ Артиллерия C1      @ (1,1,6) hp=1/1
    ✓ Радиовышка C2      @ (2,9,5) hp=3/3
    ✓ Факел C4           @ (1,4,6) hp=6/6
    ✓ Тишина C5          @ (1,0,6) hp=2/2
    ✓ Бурав C6           @ (1,6,6) hp=4/4
    ✓ Провокатор C7      @ (2,4,5) hp=2/2
    ✗ Прыгун C3          @ (1,7,6) [уничтожен]
    ✗ Паук C8            @ (1,9,6) [уничтожен]

======================================================================
ХОД 2
======================================================================
✓ 🎮 GM: начинаем ход
GM: start_turn

--- Радиовышки: сканирование слоя Z ---
  Радиовышка A2 (z=2): слой чист
  Радиовышка B2 (z=4): слой чист
  Радиовышка C2 (z=5): слой чист

--- Решения ботов ---
  [Team A] Радиовышка A2 (4,8,2) → MOVE (5,7,3)
  [Team A] Прыгун A3 (1,7,6) → MOVE (1,6,6)
  [Team A] Факел A4 (3,9,6) → MOVE (3,9,5)
  [Team A] Тишина A5 (3,9,8) → MOVE (2,9,7)
  [Team A] Бурав A6 (3,9,3) → MOVE (2,9,4)
  [Team A] Провокатор A7 (3,9,7) → HOLOGRAM (2,9,6)
  [Team A] Паук A8 (3,9,0) → MINE (4,8,1)
  [Team B] Радиовышка B2 (6,7,4) → MOVE (5,8,3)
  [Team B] Прыгун B3 (7,9,3) → SHOOT at (3,9,3)
  [Team B] Факел B4 (7,5,3) → MOVE (7,6,3)
  [Team B] Тишина B5 (7,7,3) → MOVE (6,8,2)
  [Team B] Бурав B6 (7,1,3) → MOVE (6,2,4)
  [Team B] Провокатор B7 (6,3,4) → HOLOGRAM (5,4,5)
  [Team B] Паук B8 (6,5,4) → MINE (5,6,3)
  [Team C] Артиллерия C1 (1,1,6) → SHOOT at (6,3,4)
  [Team C] Радиовышка C2 (2,9,5) → MOVE (3,9,6)
  [Team C] Факел C4 (1,4,6) → SHOOT at (1,7,6)
  [Team C] Тишина C5 (1,0,6) → MOVE (2,1,5)
  [Team C] Бурав C6 (1,6,6) → MOVE (1,7,6)
  [Team C] Провокатор C7 (2,4,5) → HOLOGRAM (1,5,6)
! 🎮 GM: принудительно завершает фазу планирования
GM: end_planning
# 
============================================================
# 🔄 ОБРАБОТКА ХОДА 2
# ============================================================
   🌀 Тишина A5: фаза спала (действовала 1 ход)
   🌀 Тишина B5: фаза спала (действовала 1 ход)
   🌀 Тишина C5: фаза спала (действовала 1 ход)
   🪞 Провокатор A7 создал голограмму H2 в (2,9,6)
   🪞 Провокатор B7 создал голограмму H3 в (5,4,5)
   🪞 Провокатор C7 создал голограмму H4 в (1,5,6)
!    ⚠️ Паук A8: в клетке уже стоит мина
   💣 Паук B8 установил мину M3 в (5,6,3)

📦 ПЕРЕМЕЩЕНИЯ:
   Радиовышка A2: (4, 8, 2) → (5,7,3)
✓    💥 Прыгун A3 тараном уничтожил Бурав C6 в (1,6,6)
   Прыгун A3: (1, 7, 6) → (1,6,6)
   Факел A4: (3, 9, 6) → (3,9,5)
   Тишина A5: (3, 9, 8) → (2,9,7)
   Бурав A6: (3, 9, 3) → (2,9,4)
   Радиовышка B2: (6, 7, 4) → (5,8,3)
   Факел B4: (7, 5, 3) → (7,6,3)
   Тишина B5: (7, 7, 3) → (6,8,2)
!    ⚠️ Бурав B6: Бурав двигается только по 1 оси или по 2 осям строго диагонально
   Радиовышка C2: (2, 9, 5) → (3,9,6)
   Тишина C5: (1, 0, 6) → (2,1,5)

🎯 ВЫСТРЕЛЫ:
!    🛡️ Выстрел Факел C4 гасится собственной голограммой в (1, 5, 6)
✓    ✅ Артиллерия C1 поразил Провокатор B7 (2 урона)!
   Выпущено ракет: 3
# 
📊 РЕЗУЛЬТАТЫ ХОДА 2:
✓ 💥 ПОПАДАНИЯ:
✓    Артиллерия C1 (Team C) → Провокатор B7 (Team B)

--- Результаты хода ---
  Team A / Прыгун A3          → Team C / Бурав C6           @ (1,6,6)  (УБИТ)
  Team C / Артиллерия C1      → Team B / Провокатор B7      @ (6,3,4)  (УБИТ)

--- Состояние команд после хода ---
  Team A: живых 7/8
    ✓ Радиовышка A2      @ (5,7,3) hp=3/3
    ✓ Прыгун A3          @ (1,6,6) hp=2/2
    ✓ Факел A4           @ (3,9,5) hp=6/6
    ✓ Тишина A5          @ (2,9,7) hp=2/2
    ✓ Бурав A6           @ (2,9,4) hp=3/4
    ✓ Провокатор A7      @ (3,9,7) hp=2/2
    ✓ Паук A8            @ (3,9,0) hp=1/1
    ✗ Артиллерия A1      @ (3,9,4) [уничтожен]
  Team B: живых 6/8
    ✓ Радиовышка B2      @ (5,8,3) hp=3/3
    ✓ Прыгун B3          @ (7,9,3) hp=2/2
    ✓ Факел B4           @ (7,6,3) hp=6/6
    ✓ Тишина B5          @ (6,8,2) hp=2/2
    ✓ Бурав B6           @ (7,1,3) hp=4/4
    ✓ Паук B8            @ (6,5,4) hp=1/1
    ✗ Артиллерия B1      @ (7,8,3) [уничтожен]
    ✗ Провокатор B7      @ (6,3,4) [уничтожен]
  Team C: живых 5/8
    ✓ Артиллерия C1      @ (1,1,6) hp=1/1
    ✓ Радиовышка C2      @ (3,9,6) hp=3/3
    ✓ Факел C4           @ (1,4,6) hp=6/6
    ✓ Тишина C5          @ (2,1,5) hp=2/2
    ✓ Провокатор C7      @ (2,4,5) hp=2/2
    ✗ Прыгун C3          @ (1,7,6) [уничтожен]
    ✗ Бурав C6           @ (1,6,6) [уничтожен]
    ✗ Паук C8            @ (1,9,6) [уничтожен]

======================================================================
ХОД 3
======================================================================
✓ 🎮 GM: начинаем ход
GM: start_turn

--- Радиовышки: сканирование слоя Z ---
  Радиовышка A2 (z=3): видит 4 врагов [+1 эксклюзивно] → Радиовышка B2(5,8,3), Бурав B6(7,1,3), Факел B4(7,6,3), Прыгун B3(7,9,3)
  Радиовышка B2 (z=3): видит 1 врагов  → Радиовышка A2(5,7,3)
  Радиовышка C2 (z=6): видит 1 врагов  → Прыгун A3(1,6,6)

--- Решения ботов ---
  [Team A] Радиовышка A2 (5,7,3) → MOVE (5,8,3)
  [Team A] Прыгун A3 (1,6,6) → MOVE (1,4,6)
  [Team A] Факел A4 (3,9,5) → HEAL (AoE)
  [Team A] Тишина A5 (2,9,7) → MOVE (3,9,6)
  [Team A] Бурав A6 (2,9,4) → MOVE (3,9,4)
  [Team A] Провокатор A7 (3,9,7) → SHOOT at (3,9,6)
  [Team A] Паук A8 (3,9,0) → MINE (4,8,1)
  [Team B] Радиовышка B2 (5,8,3) → MOVE (5,7,3)
  [Team B] Прыгун B3 (7,9,3) → MOVE (6,8,3)
  [Team B] Факел B4 (7,6,3) → MOVE (7,7,3)
  [Team B] Тишина B5 (6,8,2) → MOVE (5,7,2)
  [Team B] Бурав B6 (7,1,3) → MOVE (6,1,4)
  [Team B] Паук B8 (6,5,4) → MINE (5,6,3)
  [Team C] Артиллерия C1 (1,1,6) → SHOOT at (1,6,6)
  [Team C] Радиовышка C2 (3,9,6) → MOVE (3,9,5)
  [Team C] Факел C4 (1,4,6) → SHOOT at (1,6,6)
  [Team C] Тишина C5 (2,1,5) → MOVE (3,2,4)
  [Team C] Провокатор C7 (2,4,5) → HOLOGRAM (1,5,6)
! 🎮 GM: принудительно завершает фазу планирования
GM: end_planning
# 
============================================================
# 🔄 ОБРАБОТКА ХОДА 3
# ============================================================
!    ⚠️ Провокатор C7: клетка (1,5,6) уже занята голограммой
!    ⚠️ Паук A8: в клетке уже стоит мина
!    ⚠️ Паук B8: в клетке уже стоит мина

📦 ПЕРЕМЕЩЕНИЯ:
!    ⚠️ Радиовышка A2: клетка (5,8,3) занята
✓    💥 Прыгун A3 тараном уничтожил Факел C4 в (1,4,6)
   Прыгун A3: (1, 6, 6) → (1,4,6)
!    ⚠️ Тишина A5: клетка (3,9,6) занята
   Бурав A6: (2, 9, 4) → (3,9,4)
!    ⚠️ Радиовышка B2: клетка (5,7,3) занята
   Прыгун B3: (7, 9, 3) → (6,8,3)
   Факел B4: (7, 6, 3) → (7,7,3)
   Тишина B5: (6, 8, 2) → (5,7,2)
   Бурав B6: (7, 1, 3) → (6,1,4)
!    ⚠️ Радиовышка C2: клетка (3,9,5) занята
   Тишина C5: (2, 1, 5) → (3,2,4)

🎯 ВЫСТРЕЛЫ:
✓    ✅ Провокатор A7 поразил Радиовышка C2 (1 урона)!
✓    💚 Факел A4 лечит Бурав A6 → hits=0/4
   Выпущено ракет: 2
# 
📊 РЕЗУЛЬТАТЫ ХОДА 3:
✓ 💥 ПОПАДАНИЯ:
✓    Провокатор A7 (Team A) → Радиовышка C2 (Team C)

--- Результаты хода ---
  Team A / Прыгун A3          → Team C / Факел C4           @ (1,4,6)  (УБИТ)
  Team A / Провокатор A7      → Team C / Радиовышка C2      @ (3,9,6)  (ранен)

--- Состояние команд после хода ---
  Team A: живых 7/8
    ✓ Радиовышка A2      @ (5,7,3) hp=3/3
    ✓ Прыгун A3          @ (1,4,6) hp=2/2
    ✓ Факел A4           @ (3,9,5) hp=6/6
    ✓ Тишина A5          @ (2,9,7) hp=2/2
    ✓ Бурав A6           @ (3,9,4) hp=4/4
    ✓ Провокатор A7      @ (3,9,7) hp=2/2
    ✓ Паук A8            @ (3,9,0) hp=1/1
    ✗ Артиллерия A1      @ (3,9,4) [уничтожен]
  Team B: живых 6/8
    ✓ Радиовышка B2      @ (5,8,3) hp=3/3
    ✓ Прыгун B3          @ (6,8,3) hp=2/2
    ✓ Факел B4           @ (7,7,3) hp=6/6
    ✓ Тишина B5          @ (5,7,2) hp=2/2
    ✓ Бурав B6           @ (6,1,4) hp=4/4
    ✓ Паук B8            @ (6,5,4) hp=1/1
    ✗ Артиллерия B1      @ (7,8,3) [уничтожен]
    ✗ Провокатор B7      @ (6,3,4) [уничтожен]
  Team C: живых 4/8
    ✓ Артиллерия C1      @ (1,1,6) hp=1/1
    ✓ Радиовышка C2      @ (3,9,6) hp=2/3
    ✓ Тишина C5          @ (3,2,4) hp=2/2
    ✓ Провокатор C7      @ (2,4,5) hp=2/2
    ✗ Прыгун C3          @ (1,7,6) [уничтожен]
    ✗ Факел C4           @ (1,4,6) [уничтожен]
    ✗ Бурав C6           @ (1,6,6) [уничтожен]
    ✗ Паук C8            @ (1,9,6) [уничтожен]

======================================================================
ХОД 4
======================================================================
✓ 🎮 GM: начинаем ход
GM: start_turn

--- Радиовышки: сканирование слоя Z ---
  Радиовышка A2 (z=3): видит 3 врагов  → Радиовышка B2(5,8,3), Прыгун B3(6,8,3), Факел B4(7,7,3)
  Радиовышка B2 (z=3): видит 1 врагов  → Радиовышка A2(5,7,3)
  Радиовышка C2 (z=6): видит 1 врагов  → Прыгун A3(1,4,6)

--- Решения ботов ---
  [Team A] Радиовышка A2 (5,7,3) → MOVE (5,8,3)
  [Team A] Прыгун A3 (1,4,6) → MOVE (2,4,5)
  [Team A] Факел A4 (3,9,5) → SHOOT at (3,9,6)
  [Team A] Тишина A5 (2,9,7) → MOVE (3,9,6)
  [Team A] Бурав A6 (3,9,4) → MOVE (4,8,3)
  [Team A] Провокатор A7 (3,9,7) → SHOOT at (3,9,6)
  [Team A] Паук A8 (3,9,0) → MINE (4,8,1)
  [Team B] Радиовышка B2 (5,8,3) → MOVE (5,7,3)
  [Team B] Прыгун B3 (6,8,3) → MOVE (6,7,3)
  [Team B] Факел B4 (7,7,3) → SHOOT at (5,7,3)
  [Team B] Бурав B6 (6,1,4) → MOVE (5,2,4)
  [Team B] Паук B8 (6,5,4) → MINE (5,6,3)
  [Team B] Тишина B5 → SKIP
  [Team C] Артиллерия C1 (1,1,6) → SHOOT at (1,4,6)
  [Team C] Радиовышка C2 (3,9,6) → MOVE (3,9,5)
  [Team C] Тишина C5 (3,2,4) → MOVE (2,3,5)
  [Team C] Провокатор C7 (2,4,5) → HOLOGRAM (1,4,6)
! 🎮 GM: принудительно завершает фазу планирования
GM: end_planning
# 
============================================================
# 🔄 ОБРАБОТКА ХОДА 4
# ============================================================
!    ⚠️ Провокатор C7: клетка (1,4,6) занята кораблём
!    ⚠️ Паук A8: в клетке уже стоит мина
!    ⚠️ Паук B8: в клетке уже стоит мина

📦 ПЕРЕМЕЩЕНИЯ:
!    ⚠️ Радиовышка A2: клетка (5,8,3) занята
✓    💥 Прыгун A3 тараном уничтожил Провокатор C7 в (2,4,5)
   Прыгун A3: (1, 4, 6) → (2,4,5)
!    ⚠️ Тишина A5: клетка (3,9,6) занята
!    ⚠️ Бурав A6: Бурав двигается только по 1 оси или по 2 осям строго диагонально
!    ⚠️ Радиовышка B2: клетка (5,7,3) занята
   Прыгун B3: (6, 8, 3) → (6,7,3)
   Бурав B6: (6, 1, 4) → (5,2,4)
!    ⚠️ Радиовышка C2: клетка (3,9,5) занята
   Тишина C5: (3, 2, 4) → (2,3,5)

🎯 ВЫСТРЕЛЫ:
!    🛡️ Выстрел Факел B4 заблокирован союзником Прыгун B3 в (6, 7, 3)
✓    ✅ Факел A4 поразил Радиовышка C2 (1 урона)!
✓    ✅ Провокатор A7 поразил Радиовышка C2 (1 урона)!
   Выпущено ракет: 4
# 
📊 РЕЗУЛЬТАТЫ ХОДА 4:
✓ 💥 ПОПАДАНИЯ:
✓    Факел A4 (Team A) → Радиовышка C2 (Team C)
✓    Провокатор A7 (Team A) → Радиовышка C2 (Team C)

--- Результаты хода ---
  Team A / Прыгун A3          → Team C / Провокатор C7      @ (2,4,5)  (УБИТ)
  Team A / Факел A4           → Team C / Радиовышка C2      @ (3,9,6)  (ранен)
  Team A / Провокатор A7      → Team C / Радиовышка C2      @ (3,9,6)  (УБИТ)

--- Состояние команд после хода ---
  Team A: живых 7/8
    ✓ Радиовышка A2      @ (5,7,3) hp=3/3
    ✓ Прыгун A3          @ (2,4,5) hp=2/2
    ✓ Факел A4           @ (3,9,5) hp=6/6
    ✓ Тишина A5          @ (2,9,7) hp=2/2
    ✓ Бурав A6           @ (3,9,4) hp=4/4
    ✓ Провокатор A7      @ (3,9,7) hp=2/2
    ✓ Паук A8            @ (3,9,0) hp=1/1
    ✗ Артиллерия A1      @ (3,9,4) [уничтожен]
  Team B: живых 6/8
    ✓ Радиовышка B2      @ (5,8,3) hp=3/3
    ✓ Прыгун B3          @ (6,7,3) hp=2/2
    ✓ Факел B4           @ (7,7,3) hp=6/6
    ✓ Тишина B5          @ (5,7,2) hp=2/2
    ✓ Бурав B6           @ (5,2,4) hp=4/4
    ✓ Паук B8            @ (6,5,4) hp=1/1
    ✗ Артиллерия B1      @ (7,8,3) [уничтожен]
    ✗ Провокатор B7      @ (6,3,4) [уничтожен]
  Team C: живых 2/8
    ✓ Артиллерия C1      @ (1,1,6) hp=1/1
    ✓ Тишина C5          @ (2,3,5) hp=2/2
    ✗ Радиовышка C2      @ (3,9,6) [уничтожен]
    ✗ Прыгун C3          @ (1,7,6) [уничтожен]
    ✗ Факел C4           @ (1,4,6) [уничтожен]
    ✗ Бурав C6           @ (1,6,6) [уничтожен]
    ✗ Провокатор C7      @ (2,4,5) [уничтожен]
    ✗ Паук C8            @ (1,9,6) [уничтожен]

======================================================================
ХОД 5
======================================================================
✓ 🎮 GM: начинаем ход
GM: start_turn

--- Радиовышки: сканирование слоя Z ---
  Радиовышка A2 (z=3): видит 3 врагов  → Радиовышка B2(5,8,3), Прыгун B3(6,7,3), Факел B4(7,7,3)
  Радиовышка B2 (z=3): видит 1 врагов  → Радиовышка A2(5,7,3)

--- Решения ботов ---
  [Team A] Радиовышка A2 (5,7,3) → MOVE (5,8,3)
  [Team A] Прыгун A3 (2,4,5) → MOVE (2,3,5)
  [Team A] Факел A4 (3,9,5) → MOVE (2,8,5)
  [Team A] Тишина A5 (2,9,7) → PHASE toggle
  [Team A] Бурав A6 (3,9,4) → MOVE (4,8,3)
  [Team A] Провокатор A7 (3,9,7) → HOLOGRAM (4,8,6)
  [Team A] Паук A8 (3,9,0) → MINE (4,8,1)
  [Team B] Радиовышка B2 (5,8,3) → MOVE (5,7,3)
  [Team B] Прыгун B3 (6,7,3) → SHOOT at (5,7,3)
  [Team B] Факел B4 (7,7,3) → SHOOT at (5,7,3)
  [Team B] Тишина B5 (5,7,2) → PHASE toggle
  [Team B] Бурав B6 (5,2,4) → MOVE (4,3,5)
  [Team B] Паук B8 (6,5,4) → MINE (5,6,3)
  [Team C] Артиллерия C1 (1,1,6) → SHOOT at (2,4,5)
  [Team C] Тишина C5 (2,3,5) → PHASE toggle
! 🎮 GM: принудительно завершает фазу планирования
GM: end_planning
# 
============================================================
# 🔄 ОБРАБОТКА ХОДА 5
# ============================================================
   🌀 Тишина A5: уходит в фазу на 1 ход
   🌀 Тишина B5: уходит в фазу на 1 ход
   🌀 Тишина C5: уходит в фазу на 1 ход
   🪞 Провокатор A7 создал голограмму H5 в (4,8,6)
!    ⚠️ Паук A8: в клетке уже стоит мина
!    ⚠️ Паук B8: в клетке уже стоит мина

📦 ПЕРЕМЕЩЕНИЯ:
!    ⚠️ Радиовышка A2: клетка (5,8,3) занята
✓    💥 Прыгун A3 пробивает фазу Тишина C5 тараном
✓    💥 Прыгун A3 тараном уничтожил Тишина C5 в (2,3,5)
   Прыгун A3: (2, 4, 5) → (2,3,5)
   Факел A4: (3, 9, 5) → (2,8,5)
!    ⚠️ Бурав A6: Бурав двигается только по 1 оси или по 2 осям строго диагонально
!    ⚠️ Радиовышка B2: клетка (5,7,3) занята
!    ⚠️ Бурав B6: Бурав двигается только по 1 оси или по 2 осям строго диагонально

🎯 ВЫСТРЕЛЫ:
!    🛡️ Выстрел Факел B4 заблокирован союзником Прыгун B3 в (6, 7, 3)
✓    ✅ Прыгун B3 поразил Радиовышка A2 (1 урона)!
   Выпущено ракет: 3
# 
📊 РЕЗУЛЬТАТЫ ХОДА 5:
✓ 💥 ПОПАДАНИЯ:
✓    Прыгун B3 (Team B) → Радиовышка A2 (Team A)

--- Результаты хода ---
  Team A / Прыгун A3          → Team C / Тишина C5          @ (2,3,5)  (УБИТ)
  Team B / Прыгун B3          → Team A / Радиовышка A2      @ (5,7,3)  (ранен)

--- Состояние команд после хода ---
  Team A: живых 7/8
    ✓ Радиовышка A2      @ (5,7,3) hp=2/3
    ✓ Прыгун A3          @ (2,3,5) hp=2/2
    ✓ Факел A4           @ (2,8,5) hp=6/6
    ✓ Тишина A5          @ (2,9,7) hp=2/2
    ✓ Бурав A6           @ (3,9,4) hp=4/4
    ✓ Провокатор A7      @ (3,9,7) hp=2/2
    ✓ Паук A8            @ (3,9,0) hp=1/1
    ✗ Артиллерия A1      @ (3,9,4) [уничтожен]
  Team B: живых 6/8
    ✓ Радиовышка B2      @ (5,8,3) hp=3/3
    ✓ Прыгун B3          @ (6,7,3) hp=2/2
    ✓ Факел B4           @ (7,7,3) hp=6/6
    ✓ Тишина B5          @ (5,7,2) hp=2/2
    ✓ Бурав B6           @ (5,2,4) hp=4/4
    ✓ Паук B8            @ (6,5,4) hp=1/1
    ✗ Артиллерия B1      @ (7,8,3) [уничтожен]
    ✗ Провокатор B7      @ (6,3,4) [уничтожен]
  Team C: живых 1/8
    ✓ Артиллерия C1      @ (1,1,6) hp=1/1
    ✗ Радиовышка C2      @ (3,9,6) [уничтожен]
    ✗ Прыгун C3          @ (1,7,6) [уничтожен]
    ✗ Факел C4           @ (1,4,6) [уничтожен]
    ✗ Тишина C5          @ (2,3,5) [уничтожен]
    ✗ Бурав C6           @ (1,6,6) [уничтожен]
    ✗ Провокатор C7      @ (2,4,5) [уничтожен]
    ✗ Паук C8            @ (1,9,6) [уничтожен]

======================================================================
ХОД 6
======================================================================
✓ 🎮 GM: начинаем ход
GM: start_turn

--- Радиовышки: сканирование слоя Z ---
  Радиовышка A2 (z=3): видит 3 врагов  → Радиовышка B2(5,8,3), Прыгун B3(6,7,3), Факел B4(7,7,3)
  Радиовышка B2 (z=3): видит 1 врагов  → Радиовышка A2(5,7,3)

--- Решения ботов ---
  [Team A] Радиовышка A2 (5,7,3) → MOVE (5,8,3)
  [Team A] Прыгун A3 (2,3,5) → MOVE (1,1,6)
  [Team A] Факел A4 (2,8,5) → MOVE (3,7,4)
  [Team A] Тишина A5 (2,9,7) → MOVE (3,8,6)
  [Team A] Бурав A6 (3,9,4) → MOVE (4,8,3)
  [Team A] Провокатор A7 (3,9,7) → HOLOGRAM (4,8,6)
  [Team A] Паук A8 (3,9,0) → MINE (4,8,1)
  [Team B] Радиовышка B2 (5,8,3) → MOVE (5,7,3)
  [Team B] Прыгун B3 (6,7,3) → SHOOT at (5,7,3)
  [Team B] Факел B4 (7,7,3) → SHOOT at (5,7,3)
  [Team B] Бурав B6 (5,2,4) → MOVE (4,3,5)
  [Team B] Паук B8 (6,5,4) → MINE (5,6,3)
  [Team B] Тишина B5 → SKIP
  [Team C] Артиллерия C1 (1,1,6) → SHOOT at (2,3,5)
! 🎮 GM: принудительно завершает фазу планирования
GM: end_planning
# 
============================================================
# 🔄 ОБРАБОТКА ХОДА 6
# ============================================================
   🌀 Тишина A5: фаза спала (действовала 1 ход)
   🌀 Тишина B5: фаза спала (действовала 1 ход)
!    ⚠️ Провокатор A7: клетка (4,8,6) уже занята голограммой
!    ⚠️ Паук A8: в клетке уже стоит мина
!    ⚠️ Паук B8: в клетке уже стоит мина

📦 ПЕРЕМЕЩЕНИЯ:
!    ⚠️ Радиовышка A2: клетка (5,8,3) занята
✓    💥 Прыгун A3 тараном уничтожил Артиллерия C1 в (1,1,6)
   Прыгун A3: (2, 3, 5) → (1,1,6)
   Факел A4: (2, 8, 5) → (3,7,4)
   Тишина A5: (2, 9, 7) → (3,8,6)
!    ⚠️ Бурав A6: Бурав двигается только по 1 оси или по 2 осям строго диагонально
!    ⚠️ Радиовышка B2: клетка (5,7,3) занята
!    ⚠️ Бурав B6: Бурав двигается только по 1 оси или по 2 осям строго диагонально

🎯 ВЫСТРЕЛЫ:
!    🛡️ Выстрел Факел B4 заблокирован союзником Прыгун B3 в (6, 7, 3)
✓    ✅ Прыгун B3 поразил Радиовышка A2 (1 урона)!
   Выпущено ракет: 2
# 
📊 РЕЗУЛЬТАТЫ ХОДА 6:
✓ 💥 ПОПАДАНИЯ:
✓    Прыгун B3 (Team B) → Радиовышка A2 (Team A)

--- Результаты хода ---
  Team A / Прыгун A3          → Team C / Артиллерия C1      @ (1,1,6)  (УБИТ)
  Team B / Прыгун B3          → Team A / Радиовышка A2      @ (5,7,3)  (ранен)

--- Состояние команд после хода ---
  Team A: живых 7/8
    ✓ Радиовышка A2      @ (5,7,3) hp=1/3
    ✓ Прыгун A3          @ (1,1,6) hp=2/2
    ✓ Факел A4           @ (3,7,4) hp=6/6
    ✓ Тишина A5          @ (3,8,6) hp=2/2
    ✓ Бурав A6           @ (3,9,4) hp=4/4
    ✓ Провокатор A7      @ (3,9,7) hp=2/2
    ✓ Паук A8            @ (3,9,0) hp=1/1
    ✗ Артиллерия A1      @ (3,9,4) [уничтожен]
  Team B: живых 6/8
    ✓ Радиовышка B2      @ (5,8,3) hp=3/3
    ✓ Прыгун B3          @ (6,7,3) hp=2/2
    ✓ Факел B4           @ (7,7,3) hp=6/6
    ✓ Тишина B5          @ (5,7,2) hp=2/2
    ✓ Бурав B6           @ (5,2,4) hp=4/4
    ✓ Паук B8            @ (6,5,4) hp=1/1
    ✗ Артиллерия B1      @ (7,8,3) [уничтожен]
    ✗ Провокатор B7      @ (6,3,4) [уничтожен]
  Team C: живых 0/8
    ✗ Артиллерия C1      @ (1,1,6) [уничтожен]
    ✗ Радиовышка C2      @ (3,9,6) [уничтожен]
    ✗ Прыгун C3          @ (1,7,6) [уничтожен]
    ✗ Факел C4           @ (1,4,6) [уничтожен]
    ✗ Тишина C5          @ (2,3,5) [уничтожен]
    ✗ Бурав C6           @ (1,6,6) [уничтожен]
    ✗ Провокатор C7      @ (2,4,5) [уничтожен]
    ✗ Паук C8            @ (1,9,6) [уничтожен]

======================================================================
ХОД 7
======================================================================
✓ 🎮 GM: начинаем ход
GM: start_turn

--- Радиовышки: сканирование слоя Z ---
  Радиовышка A2 (z=3): видит 3 врагов  → Радиовышка B2(5,8,3), Прыгун B3(6,7,3), Факел B4(7,7,3)
  Радиовышка B2 (z=3): видит 1 врагов  → Радиовышка A2(5,7,3)

--- Решения ботов ---
  [Team A] Радиовышка A2 (5,7,3) → MOVE (5,8,3)
  [Team A] Прыгун A3 (1,1,6) → MOVE (2,2,5)
  [Team A] Факел A4 (3,7,4) → HEAL (AoE)
  [Team A] Тишина A5 (3,8,6) → MOVE (4,8,5)
  [Team A] Бурав A6 (3,9,4) → MOVE (4,8,3)
  [Team A] Провокатор A7 (3,9,7) → HOLOGRAM (4,8,6)
  [Team A] Паук A8 (3,9,0) → MINE (4,8,1)
  [Team B] Радиовышка B2 (5,8,3) → MOVE (5,7,3)
  [Team B] Прыгун B3 (6,7,3) → SHOOT at (5,7,3)
  [Team B] Факел B4 (7,7,3) → SHOOT at (5,7,3)
  [Team B] Бурав B6 (5,2,4) → MOVE (4,1,5)
  [Team B] Паук B8 (6,5,4) → MINE (5,6,3)
  [Team B] Тишина B5 → SKIP
  [Team C] все корабли пропускают ход
! 🎮 GM: принудительно завершает фазу планирования
GM: end_planning
# 
============================================================
# 🔄 ОБРАБОТКА ХОДА 7
# ============================================================
!    ⚠️ Провокатор A7: клетка (4,8,6) уже занята голограммой
!    ⚠️ Паук A8: в клетке уже стоит мина
!    ⚠️ Паук B8: в клетке уже стоит мина

📦 ПЕРЕМЕЩЕНИЯ:
!    ⚠️ Радиовышка A2: клетка (5,8,3) занята
   Прыгун A3: (1, 1, 6) → (2,2,5)
   Тишина A5: (3, 8, 6) → (4,8,5)
!    ⚠️ Бурав A6: Бурав двигается только по 1 оси или по 2 осям строго диагонально
!    ⚠️ Радиовышка B2: клетка (5,7,3) занята
!    ⚠️ Бурав B6: Бурав двигается только по 1 оси или по 2 осям строго диагонально

🎯 ВЫСТРЕЛЫ:
!    🛡️ Выстрел Факел B4 заблокирован союзником Прыгун B3 в (6, 7, 3)
✓    ✅ Прыгун B3 поразил Радиовышка A2 (1 урона)!
!    ⚠️ Факел A4: некого лечить
   Выпущено ракет: 2
# 
📊 РЕЗУЛЬТАТЫ ХОДА 7:
✓ 💥 ПОПАДАНИЯ:
✓    Прыгун B3 (Team B) → Радиовышка A2 (Team A)

--- Результаты хода ---
  Team B / Прыгун B3          → Team A / Радиовышка A2      @ (5,7,3)  (УБИТ)

--- Состояние команд после хода ---
  Team A: живых 6/8
    ✓ Прыгун A3          @ (2,2,5) hp=2/2
    ✓ Факел A4           @ (3,7,4) hp=6/6
    ✓ Тишина A5          @ (4,8,5) hp=2/2
    ✓ Бурав A6           @ (3,9,4) hp=4/4
    ✓ Провокатор A7      @ (3,9,7) hp=2/2
    ✓ Паук A8            @ (3,9,0) hp=1/1
    ✗ Артиллерия A1      @ (3,9,4) [уничтожен]
    ✗ Радиовышка A2      @ (5,7,3) [уничтожен]
  Team B: живых 6/8
    ✓ Радиовышка B2      @ (5,8,3) hp=3/3
    ✓ Прыгун B3          @ (6,7,3) hp=2/2
    ✓ Факел B4           @ (7,7,3) hp=6/6
    ✓ Тишина B5          @ (5,7,2) hp=2/2
    ✓ Бурав B6           @ (5,2,4) hp=4/4
    ✓ Паук B8            @ (6,5,4) hp=1/1
    ✗ Артиллерия B1      @ (7,8,3) [уничтожен]
    ✗ Провокатор B7      @ (6,3,4) [уничтожен]
  Team C: живых 0/8
    ✗ Артиллерия C1      @ (1,1,6) [уничтожен]
    ✗ Радиовышка C2      @ (3,9,6) [уничтожен]
    ✗ Прыгун C3          @ (1,7,6) [уничтожен]
    ✗ Факел C4           @ (1,4,6) [уничтожен]
    ✗ Тишина C5          @ (2,3,5) [уничтожен]
    ✗ Бурав C6           @ (1,6,6) [уничтожен]
    ✗ Провокатор C7      @ (2,4,5) [уничтожен]
    ✗ Паук C8            @ (1,9,6) [уничтожен]

======================================================================
ХОД 8
======================================================================
✓ 🎮 GM: начинаем ход
GM: start_turn

--- Радиовышки: сканирование слоя Z ---
  Радиовышка B2 (z=3): слой чист

--- Решения ботов ---
  [Team A] Прыгун A3 (2,2,5) → MOVE (3,2,4)
  [Team A] Факел A4 (3,7,4) → MOVE (2,6,5)
  [Team A] Тишина A5 (4,8,5) → MOVE (5,8,4)
  [Team A] Бурав A6 (3,9,4) → MOVE (4,8,3)
  [Team A] Провокатор A7 (3,9,7) → HOLOGRAM (4,8,6)
  [Team A] Паук A8 (3,9,0) → MINE (4,8,1)
  [Team B] Радиовышка B2 (5,8,3) → MOVE (4,7,4)
  [Team B] Прыгун B3 (6,7,3) → MOVE (4,8,5)
  [Team B] Тишина B5 (5,7,2) → MOVE (4,7,3)
  [Team B] Бурав B6 (5,2,4) → MOVE (4,2,5)
  [Team B] Паук B8 (6,5,4) → MINE (5,6,4)
  [Team B] Факел B4 → SKIP
  [Team C] все корабли пропускают ход
! 🎮 GM: принудительно завершает фазу планирования
GM: end_planning
# 
============================================================
# 🔄 ОБРАБОТКА ХОДА 8
# ============================================================
!    ⚠️ Провокатор A7: клетка (4,8,6) уже занята голограммой
!    ⚠️ Паук A8: в клетке уже стоит мина
   💣 Паук B8 установил мину M4 в (5,6,4)

📦 ПЕРЕМЕЩЕНИЯ:
   Прыгун A3: (2, 2, 5) → (3,2,4)
   Факел A4: (3, 7, 4) → (2,6,5)
   Тишина A5: (4, 8, 5) → (5,8,4)
!    ⚠️ Бурав A6: Бурав двигается только по 1 оси или по 2 осям строго диагонально
   Радиовышка B2: (5, 8, 3) → (4,7,4)
   Прыгун B3: (6, 7, 3) → (4,8,5)
   Тишина B5: (5, 7, 2) → (4,7,3)
   Бурав B6: (5, 2, 4) → (4,2,5)

🎯 ВЫСТРЕЛЫ:
   Выпущено ракет: 0
# 
📊 РЕЗУЛЬТАТЫ ХОДА 8:
🎯 Попаданий нет

--- Результаты хода ---
  Попаданий нет

--- Состояние команд после хода ---
  Team A: живых 6/8
    ✓ Прыгун A3          @ (3,2,4) hp=2/2
    ✓ Факел A4           @ (2,6,5) hp=6/6
    ✓ Тишина A5          @ (5,8,4) hp=2/2
    ✓ Бурав A6           @ (3,9,4) hp=4/4
    ✓ Провокатор A7      @ (3,9,7) hp=2/2
    ✓ Паук A8            @ (3,9,0) hp=1/1
    ✗ Артиллерия A1      @ (3,9,4) [уничтожен]
    ✗ Радиовышка A2      @ (5,7,3) [уничтожен]
  Team B: живых 6/8
    ✓ Радиовышка B2      @ (4,7,4) hp=3/3
    ✓ Прыгун B3          @ (4,8,5) hp=2/2
    ✓ Факел B4           @ (7,7,3) hp=6/6
    ✓ Тишина B5          @ (4,7,3) hp=2/2
    ✓ Бурав B6           @ (4,2,5) hp=4/4
    ✓ Паук B8            @ (6,5,4) hp=1/1
    ✗ Артиллерия B1      @ (7,8,3) [уничтожен]
    ✗ Провокатор B7      @ (6,3,4) [уничтожен]
  Team C: живых 0/8
    ✗ Артиллерия C1      @ (1,1,6) [уничтожен]
    ✗ Радиовышка C2      @ (3,9,6) [уничтожен]
    ✗ Прыгун C3          @ (1,7,6) [уничтожен]
    ✗ Факел C4           @ (1,4,6) [уничтожен]
    ✗ Тишина C5          @ (2,3,5) [уничтожен]
    ✗ Бурав C6           @ (1,6,6) [уничтожен]
    ✗ Провокатор C7      @ (2,4,5) [уничтожен]
    ✗ Паук C8            @ (1,9,6) [уничтожен]

======================================================================
ХОД 9
======================================================================
✓ 🎮 GM: начинаем ход
GM: start_turn

--- Радиовышки: сканирование слоя Z ---
  Радиовышка B2 (z=4): видит 3 врагов  → Прыгун A3(3,2,4), Бурав A6(3,9,4), Тишина A5(5,8,4)

--- Решения ботов ---
  [Team A] Прыгун A3 (3,2,4) → MOVE (4,2,5)
  [Team A] Факел A4 (2,6,5) → MOVE (3,5,4)
  [Team A] Тишина A5 (5,8,4) → PHASE toggle
  [Team A] Бурав A6 (3,9,4) → MOVE (4,8,5)
  [Team A] Провокатор A7 (3,9,7) → HOLOGRAM (4,8,6)
  [Team A] Паук A8 (3,9,0) → MINE (4,8,1)
  [Team B] Радиовышка B2 (4,7,4) → MOVE (5,8,4)
  [Team B] Прыгун B3 (4,8,5) → MOVE (2,6,5)
  [Team B] Факел B4 (7,7,3) → MOVE (6,8,4)
  [Team B] Тишина B5 (4,7,3) → PHASE toggle
  [Team B] Бурав B6 (4,2,5) → MOVE (3,2,4)
  [Team B] Паук B8 (6,5,4) → MINE (5,4,4)
  [Team C] все корабли пропускают ход
! 🎮 GM: принудительно завершает фазу планирования
GM: end_planning
# 
============================================================
# 🔄 ОБРАБОТКА ХОДА 9
# ============================================================
   🌀 Тишина A5: уходит в фазу на 1 ход
   🌀 Тишина B5: уходит в фазу на 1 ход
!    ⚠️ Провокатор A7: клетка (4,8,6) уже занята голограммой
!    ⚠️ Паук A8: в клетке уже стоит мина
   💣 Паук B8 установил мину M5 в (5,4,4)

📦 ПЕРЕМЕЩЕНИЯ:
✓    💥 Прыгун A3 тараном уничтожил Бурав B6 в (4,2,5)
   Прыгун A3: (3, 2, 4) → (4,2,5)
   Факел A4: (2, 6, 5) → (3,5,4)
!    ⚠️ Бурав A6: Бурав двигается только по 1 оси или по 2 осям строго диагонально
   Радиовышка B2: (4, 7, 4) → (5,8,4)
   Прыгун B3: (4, 8, 5) → (2,6,5)
   Факел B4: (7, 7, 3) → (6,8,4)

🎯 ВЫСТРЕЛЫ:
   Выпущено ракет: 0
# 
📊 РЕЗУЛЬТАТЫ ХОДА 9:
🎯 Попаданий нет

--- Результаты хода ---
  Team A / Прыгун A3          → Team B / Бурав B6           @ (4,2,5)  (УБИТ)

--- Состояние команд после хода ---
  Team A: живых 6/8
    ✓ Прыгун A3          @ (4,2,5) hp=2/2
    ✓ Факел A4           @ (3,5,4) hp=6/6
    ✓ Тишина A5          @ (5,8,4) hp=2/2
    ✓ Бурав A6           @ (3,9,4) hp=4/4
    ✓ Провокатор A7      @ (3,9,7) hp=2/2
    ✓ Паук A8            @ (3,9,0) hp=1/1
    ✗ Артиллерия A1      @ (3,9,4) [уничтожен]
    ✗ Радиовышка A2      @ (5,7,3) [уничтожен]
  Team B: живых 5/8
    ✓ Радиовышка B2      @ (5,8,4) hp=3/3
    ✓ Прыгун B3          @ (2,6,5) hp=2/2
    ✓ Факел B4           @ (6,8,4) hp=6/6
    ✓ Тишина B5          @ (4,7,3) hp=2/2
    ✓ Паук B8            @ (6,5,4) hp=1/1
    ✗ Артиллерия B1      @ (7,8,3) [уничтожен]
    ✗ Бурав B6           @ (4,2,5) [уничтожен]
    ✗ Провокатор B7      @ (6,3,4) [уничтожен]
  Team C: живых 0/8
    ✗ Артиллерия C1      @ (1,1,6) [уничтожен]
    ✗ Радиовышка C2      @ (3,9,6) [уничтожен]
    ✗ Прыгун C3          @ (1,7,6) [уничтожен]
    ✗ Факел C4           @ (1,4,6) [уничтожен]
    ✗ Тишина C5          @ (2,3,5) [уничтожен]
    ✗ Бурав C6           @ (1,6,6) [уничтожен]
    ✗ Провокатор C7      @ (2,4,5) [уничтожен]
    ✗ Паук C8            @ (1,9,6) [уничтожен]

======================================================================
ХОД 10
======================================================================
✓ 🎮 GM: начинаем ход
GM: start_turn

--- Радиовышки: сканирование слоя Z ---
  Радиовышка B2 (z=4): видит 2 врагов  → Факел A4(3,5,4), Бурав A6(3,9,4)

--- Решения ботов ---
  [Team A] Прыгун A3 (4,2,5) → MOVE (5,3,4)
  [Team A] Факел A4 (3,5,4) → SHOOT at (6,5,4)
  [Team A] Бурав A6 (3,9,4) → MOVE (4,8,4)
  [Team A] Провокатор A7 (3,9,7) → HOLOGRAM (4,8,6)
  [Team A] Паук A8 (3,9,0) → MINE (4,8,1)
  [Team A] Тишина A5 → SKIP
  [Team B] Радиовышка B2 (5,8,4) → MOVE (4,9,4)
  [Team B] Прыгун B3 (2,6,5) → MOVE (3,5,4)
  [Team B] Факел B4 (6,8,4) → MOVE (5,7,5)
  [Team B] Тишина B5 (4,7,3) → MOVE (3,6,4)
  [Team B] Паук B8 (6,5,4) → MINE (5,4,5)
  [Team C] все корабли пропускают ход
! 🎮 GM: принудительно завершает фазу планирования
GM: end_planning
# 
============================================================
# 🔄 ОБРАБОТКА ХОДА 10
# ============================================================
   🌀 Тишина A5: фаза спала (действовала 1 ход)
   🌀 Тишина B5: фаза спала (действовала 1 ход)
!    ⚠️ Провокатор A7: клетка (4,8,6) уже занята голограммой
!    ⚠️ Паук A8: в клетке уже стоит мина
   💣 Паук B8 установил мину M6 в (5,4,5)

📦 ПЕРЕМЕЩЕНИЯ:
   Прыгун A3: (4, 2, 5) → (5,3,4)
   Бурав A6: (3, 9, 4) → (4,8,4)
   Радиовышка B2: (5, 8, 4) → (4,9,4)
✓    💥 Прыгун B3 тараном уничтожил Факел A4 в (3,5,4)
   Прыгун B3: (2, 6, 5) → (3,5,4)
   Факел B4: (6, 8, 4) → (5,7,5)
   Тишина B5: (4, 7, 3) → (3,6,4)

🎯 ВЫСТРЕЛЫ:
   Выпущено ракет: 0
# 
📊 РЕЗУЛЬТАТЫ ХОДА 10:
🎯 Попаданий нет

--- Результаты хода ---
  Team B / Прыгун B3          → Team A / Факел A4           @ (3,5,4)  (УБИТ)

--- Состояние команд после хода ---
  Team A: живых 5/8
    ✓ Прыгун A3          @ (5,3,4) hp=2/2
    ✓ Тишина A5          @ (5,8,4) hp=2/2
    ✓ Бурав A6           @ (4,8,4) hp=4/4
    ✓ Провокатор A7      @ (3,9,7) hp=2/2
    ✓ Паук A8            @ (3,9,0) hp=1/1
    ✗ Артиллерия A1      @ (3,9,4) [уничтожен]
    ✗ Радиовышка A2      @ (5,7,3) [уничтожен]
    ✗ Факел A4           @ (3,5,4) [уничтожен]
  Team B: живых 5/8
    ✓ Радиовышка B2      @ (4,9,4) hp=3/3
    ✓ Прыгун B3          @ (3,5,4) hp=2/2
    ✓ Факел B4           @ (5,7,5) hp=6/6
    ✓ Тишина B5          @ (3,6,4) hp=2/2
    ✓ Паук B8            @ (6,5,4) hp=1/1
    ✗ Артиллерия B1      @ (7,8,3) [уничтожен]
    ✗ Бурав B6           @ (4,2,5) [уничтожен]
    ✗ Провокатор B7      @ (6,3,4) [уничтожен]
  Team C: живых 0/8
    ✗ Артиллерия C1      @ (1,1,6) [уничтожен]
    ✗ Радиовышка C2      @ (3,9,6) [уничтожен]
    ✗ Прыгун C3          @ (1,7,6) [уничтожен]
    ✗ Факел C4           @ (1,4,6) [уничтожен]
    ✗ Тишина C5          @ (2,3,5) [уничтожен]
    ✗ Бурав C6           @ (1,6,6) [уничтожен]
    ✗ Провокатор C7      @ (2,4,5) [уничтожен]
    ✗ Паук C8            @ (1,9,6) [уничтожен]

======================================================================
ХОД 11
======================================================================
✓ 🎮 GM: начинаем ход
GM: start_turn

--- Радиовышки: сканирование слоя Z ---
  Радиовышка B2 (z=4): видит 3 врагов  → Бурав A6(4,8,4), Прыгун A3(5,3,4), Тишина A5(5,8,4)

--- Решения ботов ---
  [Team A] Прыгун A3 (5,3,4) → MOVE (3,5,4)
  [Team A] Тишина A5 (5,8,4) → MOVE (4,9,4)
  [Team A] Провокатор A7 (3,9,7) → HOLOGRAM (4,8,6)
  [Team A] Паук A8 (3,9,0) → MINE (4,9,1)
  [Team A] Бурав A6 → SKIP
  [Team B] Радиовышка B2 (4,9,4) → MOVE (5,8,4)
  [Team B] Прыгун B3 (3,5,4) → MOVE (5,3,4)
  [Team B] Факел B4 (5,7,5) → MOVE (4,6,4)
  [Team B] Тишина B5 (3,6,4) → MOVE (4,7,4)
  [Team B] Паук B8 (6,5,4) → MINE (5,4,4)
  [Team C] все корабли пропускают ход
! 🎮 GM: принудительно завершает фазу планирования
GM: end_planning
# 
============================================================
# 🔄 ОБРАБОТКА ХОДА 11
# ============================================================
!    ⚠️ Провокатор A7: клетка (4,8,6) уже занята голограммой
   💣 Паук A8 установил мину M7 в (4,9,1)
!    ⚠️ Паук B8: в клетке уже стоит мина

📦 ПЕРЕМЕЩЕНИЯ:
✓    💥 Прыгун A3 тараном уничтожил Прыгун B3 в (3,5,4)
   Прыгун A3: (5, 3, 4) → (3,5,4)
!    ⚠️ Тишина A5: клетка (4,9,4) занята
!    ⚠️ Радиовышка B2: клетка (5,8,4) занята
   Факел B4: (5, 7, 5) → (4,6,4)
   Тишина B5: (3, 6, 4) → (4,7,4)

🎯 ВЫСТРЕЛЫ:
   Выпущено ракет: 0
# 
📊 РЕЗУЛЬТАТЫ ХОДА 11:
🎯 Попаданий нет

--- Результаты хода ---
  Team A / Прыгун A3          → Team B / Прыгун B3          @ (3,5,4)  (УБИТ)

--- Состояние команд после хода ---
  Team A: живых 5/8
    ✓ Прыгун A3          @ (3,5,4) hp=2/2
    ✓ Тишина A5          @ (5,8,4) hp=2/2
    ✓ Бурав A6           @ (4,8,4) hp=4/4
    ✓ Провокатор A7      @ (3,9,7) hp=2/2
    ✓ Паук A8            @ (3,9,0) hp=1/1
    ✗ Артиллерия A1      @ (3,9,4) [уничтожен]
    ✗ Радиовышка A2      @ (5,7,3) [уничтожен]
    ✗ Факел A4           @ (3,5,4) [уничтожен]
  Team B: живых 4/8
    ✓ Радиовышка B2      @ (4,9,4) hp=3/3
    ✓ Факел B4           @ (4,6,4) hp=6/6
    ✓ Тишина B5          @ (4,7,4) hp=2/2
    ✓ Паук B8            @ (6,5,4) hp=1/1
    ✗ Артиллерия B1      @ (7,8,3) [уничтожен]
    ✗ Прыгун B3          @ (3,5,4) [уничтожен]
    ✗ Бурав B6           @ (4,2,5) [уничтожен]
    ✗ Провокатор B7      @ (6,3,4) [уничтожен]
  Team C: живых 0/8
    ✗ Артиллерия C1      @ (1,1,6) [уничтожен]
    ✗ Радиовышка C2      @ (3,9,6) [уничтожен]
    ✗ Прыгун C3          @ (1,7,6) [уничтожен]
    ✗ Факел C4           @ (1,4,6) [уничтожен]
    ✗ Тишина C5          @ (2,3,5) [уничтожен]
    ✗ Бурав C6           @ (1,6,6) [уничтожен]
    ✗ Провокатор C7      @ (2,4,5) [уничтожен]
    ✗ Паук C8            @ (1,9,6) [уничтожен]

======================================================================
ХОД 12
======================================================================
✓ 🎮 GM: начинаем ход
GM: start_turn

--- Радиовышки: сканирование слоя Z ---
  Радиовышка B2 (z=4): видит 3 врагов  → Прыгун A3(3,5,4), Бурав A6(4,8,4), Тишина A5(5,8,4)

--- Решения ботов ---
  [Team A] Прыгун A3 (3,5,4) → MOVE (4,6,4)
  [Team A] Тишина A5 (5,8,4) → MOVE (4,9,4)
  [Team A] Бурав A6 (4,8,4) → MOVE (4,7,4)
  [Team A] Провокатор A7 (3,9,7) → HOLOGRAM (4,9,6)
  [Team A] Паук A8 (3,9,0) → MINE (4,9,1)
  [Team B] Радиовышка B2 (4,9,4) → MOVE (5,8,4)
  [Team B] Факел B4 (4,6,4) → SHOOT at (4,8,4)
  [Team B] Тишина B5 (4,7,4) → MOVE (4,8,4)
  [Team B] Паук B8 (6,5,4) → MINE (5,5,4)
  [Team C] все корабли пропускают ход
! 🎮 GM: принудительно завершает фазу планирования
GM: end_planning
# 
============================================================
# 🔄 ОБРАБОТКА ХОДА 12
# ============================================================
   🪞 Провокатор A7 создал голограмму H6 в (4,9,6)
!    ⚠️ Паук A8: в клетке уже стоит мина
   💣 Паук B8 установил мину M8 в (5,5,4)

📦 ПЕРЕМЕЩЕНИЯ:
✓    💥 Прыгун A3 тараном уничтожил Факел B4 в (4,6,4)
   Прыгун A3: (3, 5, 4) → (4,6,4)
!    ⚠️ Тишина A5: клетка (4,9,4) занята
✓    💥 Бурав A6 тараном уничтожил Тишина B5 в (4,7,4)
   Бурав A6: (4, 8, 4) → (4,7,4)
!    ⚠️ Радиовышка B2: клетка (5,8,4) занята

🎯 ВЫСТРЕЛЫ:
   Выпущено ракет: 0
# 
📊 РЕЗУЛЬТАТЫ ХОДА 12:
🎯 Попаданий нет

--- Результаты хода ---
  Team A / Прыгун A3          → Team B / Факел B4           @ (4,6,4)  (УБИТ)
  Team A / Бурав A6           → Team B / Тишина B5          @ (4,7,4)  (УБИТ)

--- Состояние команд после хода ---
  Team A: живых 5/8
    ✓ Прыгун A3          @ (4,6,4) hp=2/2
    ✓ Тишина A5          @ (5,8,4) hp=2/2
    ✓ Бурав A6           @ (4,7,4) hp=4/4
    ✓ Провокатор A7      @ (3,9,7) hp=2/2
    ✓ Паук A8            @ (3,9,0) hp=1/1
    ✗ Артиллерия A1      @ (3,9,4) [уничтожен]
    ✗ Радиовышка A2      @ (5,7,3) [уничтожен]
    ✗ Факел A4           @ (3,5,4) [уничтожен]
  Team B: живых 2/8
    ✓ Радиовышка B2      @ (4,9,4) hp=3/3
    ✓ Паук B8            @ (6,5,4) hp=1/1
    ✗ Артиллерия B1      @ (7,8,3) [уничтожен]
    ✗ Прыгун B3          @ (3,5,4) [уничтожен]
    ✗ Факел B4           @ (4,6,4) [уничтожен]
    ✗ Тишина B5          @ (4,7,4) [уничтожен]
    ✗ Бурав B6           @ (4,2,5) [уничтожен]
    ✗ Провокатор B7      @ (6,3,4) [уничтожен]
  Team C: живых 0/8
    ✗ Артиллерия C1      @ (1,1,6) [уничтожен]
    ✗ Радиовышка C2      @ (3,9,6) [уничтожен]
    ✗ Прыгун C3          @ (1,7,6) [уничтожен]
    ✗ Факел C4           @ (1,4,6) [уничтожен]
    ✗ Тишина C5          @ (2,3,5) [уничтожен]
    ✗ Бурав C6           @ (1,6,6) [уничтожен]
    ✗ Провокатор C7      @ (2,4,5) [уничтожен]
    ✗ Паук C8            @ (1,9,6) [уничтожен]

======================================================================
ХОД 13
======================================================================
✓ 🎮 GM: начинаем ход
GM: start_turn

--- Радиовышки: сканирование слоя Z ---
  Радиовышка B2 (z=4): видит 3 врагов  → Прыгун A3(4,6,4), Бурав A6(4,7,4), Тишина A5(5,8,4)

--- Решения ботов ---
  [Team A] Прыгун A3 (4,6,4) → MOVE (6,5,4)
  [Team A] Тишина A5 (5,8,4) → MOVE (4,9,4)
  [Team A] Бурав A6 (4,7,4) → MOVE (4,8,4)
  [Team A] Провокатор A7 (3,9,7) → HOLOGRAM (4,9,6)
  [Team A] Паук A8 (3,9,0) → MINE (4,9,1)
  [Team B] Радиовышка B2 (4,9,4) → MOVE (5,8,4)
  [Team B] Паук B8 (6,5,4) → MINE (5,5,4)
  [Team C] все корабли пропускают ход
! 🎮 GM: принудительно завершает фазу планирования
GM: end_planning
# 
============================================================
# 🔄 ОБРАБОТКА ХОДА 13
# ============================================================
!    ⚠️ Провокатор A7: клетка (4,9,6) уже занята голограммой
!    ⚠️ Паук A8: в клетке уже стоит мина
!    ⚠️ Паук B8: в клетке уже стоит мина

📦 ПЕРЕМЕЩЕНИЯ:
✓    💥 Прыгун A3 тараном уничтожил Паук B8 в (6,5,4)
   Прыгун A3: (4, 6, 4) → (6,5,4)
!    ⚠️ Тишина A5: клетка (4,9,4) занята
   Бурав A6: (4, 7, 4) → (4,8,4)
!    ⚠️ Радиовышка B2: клетка (5,8,4) занята

🎯 ВЫСТРЕЛЫ:
   Выпущено ракет: 0
# 
📊 РЕЗУЛЬТАТЫ ХОДА 13:
🎯 Попаданий нет

--- Результаты хода ---
  Team A / Прыгун A3          → Team B / Паук B8            @ (6,5,4)  (УБИТ)

--- Состояние команд после хода ---
  Team A: живых 5/8
    ✓ Прыгун A3          @ (6,5,4) hp=2/2
    ✓ Тишина A5          @ (5,8,4) hp=2/2
    ✓ Бурав A6           @ (4,8,4) hp=4/4
    ✓ Провокатор A7      @ (3,9,7) hp=2/2
    ✓ Паук A8            @ (3,9,0) hp=1/1
    ✗ Артиллерия A1      @ (3,9,4) [уничтожен]
    ✗ Радиовышка A2      @ (5,7,3) [уничтожен]
    ✗ Факел A4           @ (3,5,4) [уничтожен]
  Team B: живых 1/8
    ✓ Радиовышка B2      @ (4,9,4) hp=3/3
    ✗ Артиллерия B1      @ (7,8,3) [уничтожен]
    ✗ Прыгун B3          @ (3,5,4) [уничтожен]
    ✗ Факел B4           @ (4,6,4) [уничтожен]
    ✗ Тишина B5          @ (4,7,4) [уничтожен]
    ✗ Бурав B6           @ (4,2,5) [уничтожен]
    ✗ Провокатор B7      @ (6,3,4) [уничтожен]
    ✗ Паук B8            @ (6,5,4) [уничтожен]
  Team C: живых 0/8
    ✗ Артиллерия C1      @ (1,1,6) [уничтожен]
    ✗ Радиовышка C2      @ (3,9,6) [уничтожен]
    ✗ Прыгун C3          @ (1,7,6) [уничтожен]
    ✗ Факел C4           @ (1,4,6) [уничтожен]
    ✗ Тишина C5          @ (2,3,5) [уничтожен]
    ✗ Бурав C6           @ (1,6,6) [уничтожен]
    ✗ Провокатор C7      @ (2,4,5) [уничтожен]
    ✗ Паук C8            @ (1,9,6) [уничтожен]

======================================================================
ХОД 14
======================================================================
✓ 🎮 GM: начинаем ход
GM: start_turn

--- Радиовышки: сканирование слоя Z ---
  Радиовышка B2 (z=4): видит 3 врагов [+3 эксклюзивно] → Бурав A6(4,8,4), Тишина A5(5,8,4), Прыгун A3(6,5,4)

--- Решения ботов ---
  [Team A] Прыгун A3 (6,5,4) → MOVE (5,6,4)
  [Team A] Тишина A5 (5,8,4) → MOVE (4,9,4)
  [Team A] Провокатор A7 (3,9,7) → HOLOGRAM (4,9,6)
  [Team A] Паук A8 (3,9,0) → MINE (4,9,1)
  [Team A] Бурав A6 → SKIP
  [Team B] Радиовышка B2 (4,9,4) → MOVE (5,8,4)
  [Team C] все корабли пропускают ход
! 🎮 GM: принудительно завершает фазу планирования
GM: end_planning
# 
============================================================
# 🔄 ОБРАБОТКА ХОДА 14
# ============================================================
!    ⚠️ Провокатор A7: клетка (4,9,6) уже занята голограммой
!    ⚠️ Паук A8: в клетке уже стоит мина

📦 ПЕРЕМЕЩЕНИЯ:
   Прыгун A3: (6, 5, 4) → (5,6,4)
!    💥 Мина M4 сработала под Прыгун A3 (урон 2) — КОРАБЛЬ УНИЧТОЖЕН
!    ⚠️ Тишина A5: клетка (4,9,4) занята
!    ⚠️ Радиовышка B2: клетка (5,8,4) занята

🎯 ВЫСТРЕЛЫ:
   Выпущено ракет: 0
# 
📊 РЕЗУЛЬТАТЫ ХОДА 14:
🎯 Попаданий нет

--- Результаты хода ---
  ? / ?                  → Team A / Прыгун A3          @ (5,6,4)  (УБИТ)

--- Состояние команд после хода ---
  Team A: живых 4/8
    ✓ Тишина A5          @ (5,8,4) hp=2/2
    ✓ Бурав A6           @ (4,8,4) hp=4/4
    ✓ Провокатор A7      @ (3,9,7) hp=2/2
    ✓ Паук A8            @ (3,9,0) hp=1/1
    ✗ Артиллерия A1      @ (3,9,4) [уничтожен]
    ✗ Радиовышка A2      @ (5,7,3) [уничтожен]
    ✗ Прыгун A3          @ (5,6,4) [уничтожен]
    ✗ Факел A4           @ (3,5,4) [уничтожен]
  Team B: живых 1/8
    ✓ Радиовышка B2      @ (4,9,4) hp=3/3
    ✗ Артиллерия B1      @ (7,8,3) [уничтожен]
    ✗ Прыгун B3          @ (3,5,4) [уничтожен]
    ✗ Факел B4           @ (4,6,4) [уничтожен]
    ✗ Тишина B5          @ (4,7,4) [уничтожен]
    ✗ Бурав B6           @ (4,2,5) [уничтожен]
    ✗ Провокатор B7      @ (6,3,4) [уничтожен]
    ✗ Паук B8            @ (6,5,4) [уничтожен]
  Team C: живых 0/8
    ✗ Артиллерия C1      @ (1,1,6) [уничтожен]
    ✗ Радиовышка C2      @ (3,9,6) [уничтожен]
    ✗ Прыгун C3          @ (1,7,6) [уничтожен]
    ✗ Факел C4           @ (1,4,6) [уничтожен]
    ✗ Тишина C5          @ (2,3,5) [уничтожен]
    ✗ Бурав C6           @ (1,6,6) [уничтожен]
    ✗ Провокатор C7      @ (2,4,5) [уничтожен]
    ✗ Паук C8            @ (1,9,6) [уничтожен]

======================================================================
ХОД 15
======================================================================
✓ 🎮 GM: начинаем ход
GM: start_turn

--- Радиовышки: сканирование слоя Z ---
  Радиовышка B2 (z=4): видит 2 врагов [+2 эксклюзивно] → Бурав A6(4,8,4), Тишина A5(5,8,4)

--- Решения ботов ---
  [Team A] Тишина A5 (5,8,4) → MOVE (4,9,4)
  [Team A] Провокатор A7 (3,9,7) → HOLOGRAM (4,9,6)
  [Team A] Паук A8 (3,9,0) → MINE (4,9,1)
  [Team A] Бурав A6 → SKIP
  [Team B] Радиовышка B2 (4,9,4) → MOVE (5,8,4)
  [Team C] все корабли пропускают ход
! 🎮 GM: принудительно завершает фазу планирования
GM: end_planning
# 
============================================================
# 🔄 ОБРАБОТКА ХОДА 15
# ============================================================
!    ⚠️ Провокатор A7: клетка (4,9,6) уже занята голограммой
!    ⚠️ Паук A8: в клетке уже стоит мина

📦 ПЕРЕМЕЩЕНИЯ:
!    ⚠️ Тишина A5: клетка (4,9,4) занята
!    ⚠️ Радиовышка B2: клетка (5,8,4) занята

🎯 ВЫСТРЕЛЫ:
   Выпущено ракет: 0
# 
📊 РЕЗУЛЬТАТЫ ХОДА 15:
🎯 Попаданий нет

--- Результаты хода ---
  Попаданий нет

--- Состояние команд после хода ---
  Team A: живых 4/8
    ✓ Тишина A5          @ (5,8,4) hp=2/2
    ✓ Бурав A6           @ (4,8,4) hp=4/4
    ✓ Провокатор A7      @ (3,9,7) hp=2/2
    ✓ Паук A8            @ (3,9,0) hp=1/1
    ✗ Артиллерия A1      @ (3,9,4) [уничтожен]
    ✗ Радиовышка A2      @ (5,7,3) [уничтожен]
    ✗ Прыгун A3          @ (5,6,4) [уничтожен]
    ✗ Факел A4           @ (3,5,4) [уничтожен]
  Team B: живых 1/8
    ✓ Радиовышка B2      @ (4,9,4) hp=3/3
    ✗ Артиллерия B1      @ (7,8,3) [уничтожен]
    ✗ Прыгун B3          @ (3,5,4) [уничтожен]
    ✗ Факел B4           @ (4,6,4) [уничтожен]
    ✗ Тишина B5          @ (4,7,4) [уничтожен]
    ✗ Бурав B6           @ (4,2,5) [уничтожен]
    ✗ Провокатор B7      @ (6,3,4) [уничтожен]
    ✗ Паук B8            @ (6,5,4) [уничтожен]
  Team C: живых 0/8
    ✗ Артиллерия C1      @ (1,1,6) [уничтожен]
    ✗ Радиовышка C2      @ (3,9,6) [уничтожен]
    ✗ Прыгун C3          @ (1,7,6) [уничтожен]
    ✗ Факел C4           @ (1,4,6) [уничтожен]
    ✗ Тишина C5          @ (2,3,5) [уничтожен]
    ✗ Бурав C6           @ (1,6,6) [уничтожен]
    ✗ Провокатор C7      @ (2,4,5) [уничтожен]
    ✗ Паук C8            @ (1,9,6) [уничтожен]

======================================================================
ХОД 16
======================================================================
✓ 🎮 GM: начинаем ход
GM: start_turn

--- Радиовышки: сканирование слоя Z ---
  Радиовышка B2 (z=4): видит 2 врагов [+2 эксклюзивно] → Бурав A6(4,8,4), Тишина A5(5,8,4)

--- Решения ботов ---
  [Team A] Тишина A5 (5,8,4) → MOVE (4,9,4)
  [Team A] Провокатор A7 (3,9,7) → HOLOGRAM (4,9,6)
  [Team A] Паук A8 (3,9,0) → MINE (4,9,1)
  [Team A] Бурав A6 → SKIP
  [Team B] Радиовышка B2 (4,9,4) → MOVE (5,8,4)
  [Team C] все корабли пропускают ход
! 🎮 GM: принудительно завершает фазу планирования
GM: end_planning
# 
============================================================
# 🔄 ОБРАБОТКА ХОДА 16
# ============================================================
!    ⚠️ Провокатор A7: клетка (4,9,6) уже занята голограммой
!    ⚠️ Паук A8: в клетке уже стоит мина

📦 ПЕРЕМЕЩЕНИЯ:
!    ⚠️ Тишина A5: клетка (4,9,4) занята
!    ⚠️ Радиовышка B2: клетка (5,8,4) занята

🎯 ВЫСТРЕЛЫ:
   Выпущено ракет: 0
# 
📊 РЕЗУЛЬТАТЫ ХОДА 16:
🎯 Попаданий нет

--- Результаты хода ---
  Попаданий нет

--- Состояние команд после хода ---
  Team A: живых 4/8
    ✓ Тишина A5          @ (5,8,4) hp=2/2
    ✓ Бурав A6           @ (4,8,4) hp=4/4
    ✓ Провокатор A7      @ (3,9,7) hp=2/2
    ✓ Паук A8            @ (3,9,0) hp=1/1
    ✗ Артиллерия A1      @ (3,9,4) [уничтожен]
    ✗ Радиовышка A2      @ (5,7,3) [уничтожен]
    ✗ Прыгун A3          @ (5,6,4) [уничтожен]
    ✗ Факел A4           @ (3,5,4) [уничтожен]
  Team B: живых 1/8
    ✓ Радиовышка B2      @ (4,9,4) hp=3/3
    ✗ Артиллерия B1      @ (7,8,3) [уничтожен]
    ✗ Прыгун B3          @ (3,5,4) [уничтожен]
    ✗ Факел B4           @ (4,6,4) [уничтожен]
    ✗ Тишина B5          @ (4,7,4) [уничтожен]
    ✗ Бурав B6           @ (4,2,5) [уничтожен]
    ✗ Провокатор B7      @ (6,3,4) [уничтожен]
    ✗ Паук B8            @ (6,5,4) [уничтожен]
  Team C: живых 0/8
    ✗ Артиллерия C1      @ (1,1,6) [уничтожен]
    ✗ Радиовышка C2      @ (3,9,6) [уничтожен]
    ✗ Прыгун C3          @ (1,7,6) [уничтожен]
    ✗ Факел C4           @ (1,4,6) [уничтожен]
    ✗ Тишина C5          @ (2,3,5) [уничтожен]
    ✗ Бурав C6           @ (1,6,6) [уничтожен]
    ✗ Провокатор C7      @ (2,4,5) [уничтожен]
    ✗ Паук C8            @ (1,9,6) [уничтожен]

======================================================================
ХОД 17
======================================================================
✓ 🎮 GM: начинаем ход
GM: start_turn

--- Радиовышки: сканирование слоя Z ---
  Радиовышка B2 (z=4): видит 2 врагов [+2 эксклюзивно] → Бурав A6(4,8,4), Тишина A5(5,8,4)

--- Решения ботов ---
  [Team A] Тишина A5 (5,8,4) → MOVE (4,9,4)
  [Team A] Провокатор A7 (3,9,7) → HOLOGRAM (4,9,6)
  [Team A] Паук A8 (3,9,0) → MINE (4,9,1)
  [Team A] Бурав A6 → SKIP
  [Team B] Радиовышка B2 (4,9,4) → MOVE (5,8,4)
  [Team C] все корабли пропускают ход
! 🎮 GM: принудительно завершает фазу планирования
GM: end_planning
# 
============================================================
# 🔄 ОБРАБОТКА ХОДА 17
# ============================================================
!    ⚠️ Провокатор A7: клетка (4,9,6) уже занята голограммой
!    ⚠️ Паук A8: в клетке уже стоит мина

📦 ПЕРЕМЕЩЕНИЯ:
!    ⚠️ Тишина A5: клетка (4,9,4) занята
!    ⚠️ Радиовышка B2: клетка (5,8,4) занята

🎯 ВЫСТРЕЛЫ:
   Выпущено ракет: 0
# 
📊 РЕЗУЛЬТАТЫ ХОДА 17:
🎯 Попаданий нет

--- Результаты хода ---
  Попаданий нет

--- Состояние команд после хода ---
  Team A: живых 4/8
    ✓ Тишина A5          @ (5,8,4) hp=2/2
    ✓ Бурав A6           @ (4,8,4) hp=4/4
    ✓ Провокатор A7      @ (3,9,7) hp=2/2
    ✓ Паук A8            @ (3,9,0) hp=1/1
    ✗ Артиллерия A1      @ (3,9,4) [уничтожен]
    ✗ Радиовышка A2      @ (5,7,3) [уничтожен]
    ✗ Прыгун A3          @ (5,6,4) [уничтожен]
    ✗ Факел A4           @ (3,5,4) [уничтожен]
  Team B: живых 1/8
    ✓ Радиовышка B2      @ (4,9,4) hp=3/3
    ✗ Артиллерия B1      @ (7,8,3) [уничтожен]
    ✗ Прыгун B3          @ (3,5,4) [уничтожен]
    ✗ Факел B4           @ (4,6,4) [уничтожен]
    ✗ Тишина B5          @ (4,7,4) [уничтожен]
    ✗ Бурав B6           @ (4,2,5) [уничтожен]
    ✗ Провокатор B7      @ (6,3,4) [уничтожен]
    ✗ Паук B8            @ (6,5,4) [уничтожен]
  Team C: живых 0/8
    ✗ Артиллерия C1      @ (1,1,6) [уничтожен]
    ✗ Радиовышка C2      @ (3,9,6) [уничтожен]
    ✗ Прыгун C3          @ (1,7,6) [уничтожен]
    ✗ Факел C4           @ (1,4,6) [уничтожен]
    ✗ Тишина C5          @ (2,3,5) [уничтожен]
    ✗ Бурав C6           @ (1,6,6) [уничтожен]
    ✗ Провокатор C7      @ (2,4,5) [уничтожен]
    ✗ Паук C8            @ (1,9,6) [уничтожен]

======================================================================
ХОД 18
======================================================================
✓ 🎮 GM: начинаем ход
GM: start_turn

--- Радиовышки: сканирование слоя Z ---
  Радиовышка B2 (z=4): видит 2 врагов [+2 эксклюзивно] → Бурав A6(4,8,4), Тишина A5(5,8,4)

--- Решения ботов ---
  [Team A] Тишина A5 (5,8,4) → MOVE (4,9,4)
  [Team A] Провокатор A7 (3,9,7) → HOLOGRAM (4,9,6)
  [Team A] Паук A8 (3,9,0) → MINE (4,9,1)
  [Team A] Бурав A6 → SKIP
  [Team B] Радиовышка B2 (4,9,4) → MOVE (5,8,4)
  [Team C] все корабли пропускают ход
! 🎮 GM: принудительно завершает фазу планирования
GM: end_planning
# 
============================================================
# 🔄 ОБРАБОТКА ХОДА 18
# ============================================================
!    ⚠️ Провокатор A7: клетка (4,9,6) уже занята голограммой
!    ⚠️ Паук A8: в клетке уже стоит мина

📦 ПЕРЕМЕЩЕНИЯ:
!    ⚠️ Тишина A5: клетка (4,9,4) занята
!    ⚠️ Радиовышка B2: клетка (5,8,4) занята

🎯 ВЫСТРЕЛЫ:
   Выпущено ракет: 0
# 
📊 РЕЗУЛЬТАТЫ ХОДА 18:
🎯 Попаданий нет

--- Результаты хода ---
  Попаданий нет

--- Состояние команд после хода ---
  Team A: живых 4/8
    ✓ Тишина A5          @ (5,8,4) hp=2/2
    ✓ Бурав A6           @ (4,8,4) hp=4/4
    ✓ Провокатор A7      @ (3,9,7) hp=2/2
    ✓ Паук A8            @ (3,9,0) hp=1/1
    ✗ Артиллерия A1      @ (3,9,4) [уничтожен]
    ✗ Радиовышка A2      @ (5,7,3) [уничтожен]
    ✗ Прыгун A3          @ (5,6,4) [уничтожен]
    ✗ Факел A4           @ (3,5,4) [уничтожен]
  Team B: живых 1/8
    ✓ Радиовышка B2      @ (4,9,4) hp=3/3
    ✗ Артиллерия B1      @ (7,8,3) [уничтожен]
    ✗ Прыгун B3          @ (3,5,4) [уничтожен]
    ✗ Факел B4           @ (4,6,4) [уничтожен]
    ✗ Тишина B5          @ (4,7,4) [уничтожен]
    ✗ Бурав B6           @ (4,2,5) [уничтожен]
    ✗ Провокатор B7      @ (6,3,4) [уничтожен]
    ✗ Паук B8            @ (6,5,4) [уничтожен]
  Team C: живых 0/8
    ✗ Артиллерия C1      @ (1,1,6) [уничтожен]
    ✗ Радиовышка C2      @ (3,9,6) [уничтожен]
    ✗ Прыгун C3          @ (1,7,6) [уничтожен]
    ✗ Факел C4           @ (1,4,6) [уничтожен]
    ✗ Тишина C5          @ (2,3,5) [уничтожен]
    ✗ Бурав C6           @ (1,6,6) [уничтожен]
    ✗ Провокатор C7      @ (2,4,5) [уничтожен]
    ✗ Паук C8            @ (1,9,6) [уничтожен]

======================================================================
ХОД 19
======================================================================
✓ 🎮 GM: начинаем ход
GM: start_turn

--- Радиовышки: сканирование слоя Z ---
  Радиовышка B2 (z=4): видит 2 врагов [+2 эксклюзивно] → Бурав A6(4,8,4), Тишина A5(5,8,4)

--- Решения ботов ---
  [Team A] Тишина A5 (5,8,4) → MOVE (4,9,4)
  [Team A] Провокатор A7 (3,9,7) → HOLOGRAM (4,9,6)
  [Team A] Паук A8 (3,9,0) → MINE (4,9,1)
  [Team A] Бурав A6 → SKIP
  [Team B] Радиовышка B2 (4,9,4) → MOVE (5,8,4)
  [Team C] все корабли пропускают ход
! 🎮 GM: принудительно завершает фазу планирования
GM: end_planning
# 
============================================================
# 🔄 ОБРАБОТКА ХОДА 19
# ============================================================
!    ⚠️ Провокатор A7: клетка (4,9,6) уже занята голограммой
!    ⚠️ Паук A8: в клетке уже стоит мина

📦 ПЕРЕМЕЩЕНИЯ:
!    ⚠️ Тишина A5: клетка (4,9,4) занята
!    ⚠️ Радиовышка B2: клетка (5,8,4) занята

🎯 ВЫСТРЕЛЫ:
   Выпущено ракет: 0
# 
📊 РЕЗУЛЬТАТЫ ХОДА 19:
🎯 Попаданий нет

--- Результаты хода ---
  Попаданий нет

--- Состояние команд после хода ---
  Team A: живых 4/8
    ✓ Тишина A5          @ (5,8,4) hp=2/2
    ✓ Бурав A6           @ (4,8,4) hp=4/4
    ✓ Провокатор A7      @ (3,9,7) hp=2/2
    ✓ Паук A8            @ (3,9,0) hp=1/1
    ✗ Артиллерия A1      @ (3,9,4) [уничтожен]
    ✗ Радиовышка A2      @ (5,7,3) [уничтожен]
    ✗ Прыгун A3          @ (5,6,4) [уничтожен]
    ✗ Факел A4           @ (3,5,4) [уничтожен]
  Team B: живых 1/8
    ✓ Радиовышка B2      @ (4,9,4) hp=3/3
    ✗ Артиллерия B1      @ (7,8,3) [уничтожен]
    ✗ Прыгун B3          @ (3,5,4) [уничтожен]
    ✗ Факел B4           @ (4,6,4) [уничтожен]
    ✗ Тишина B5          @ (4,7,4) [уничтожен]
    ✗ Бурав B6           @ (4,2,5) [уничтожен]
    ✗ Провокатор B7      @ (6,3,4) [уничтожен]
    ✗ Паук B8            @ (6,5,4) [уничтожен]
  Team C: живых 0/8
    ✗ Артиллерия C1      @ (1,1,6) [уничтожен]
    ✗ Радиовышка C2      @ (3,9,6) [уничтожен]
    ✗ Прыгун C3          @ (1,7,6) [уничтожен]
    ✗ Факел C4           @ (1,4,6) [уничтожен]
    ✗ Тишина C5          @ (2,3,5) [уничтожен]
    ✗ Бурав C6           @ (1,6,6) [уничтожен]
    ✗ Провокатор C7      @ (2,4,5) [уничтожен]
    ✗ Паук C8            @ (1,9,6) [уничтожен]

======================================================================
ХОД 20
======================================================================
✓ 🎮 GM: начинаем ход
GM: start_turn

--- Радиовышки: сканирование слоя Z ---
  Радиовышка B2 (z=4): видит 2 врагов [+2 эксклюзивно] → Бурав A6(4,8,4), Тишина A5(5,8,4)

--- Решения ботов ---
  [Team A] Тишина A5 (5,8,4) → MOVE (4,9,4)
  [Team A] Провокатор A7 (3,9,7) → HOLOGRAM (4,9,6)
  [Team A] Паук A8 (3,9,0) → MINE (4,9,1)
  [Team A] Бурав A6 → SKIP
  [Team B] Радиовышка B2 (4,9,4) → MOVE (5,8,4)
  [Team C] все корабли пропускают ход
! 🎮 GM: принудительно завершает фазу планирования
GM: end_planning
# 
============================================================
# 🔄 ОБРАБОТКА ХОДА 20
# ============================================================
!    ⚠️ Провокатор A7: клетка (4,9,6) уже занята голограммой
!    ⚠️ Паук A8: в клетке уже стоит мина

📦 ПЕРЕМЕЩЕНИЯ:
!    ⚠️ Тишина A5: клетка (4,9,4) занята
!    ⚠️ Радиовышка B2: клетка (5,8,4) занята

🎯 ВЫСТРЕЛЫ:
   Выпущено ракет: 0
# 
📊 РЕЗУЛЬТАТЫ ХОДА 20:
🎯 Попаданий нет

--- Результаты хода ---
  Попаданий нет

--- Состояние команд после хода ---
  Team A: живых 4/8
    ✓ Тишина A5          @ (5,8,4) hp=2/2
    ✓ Бурав A6           @ (4,8,4) hp=4/4
    ✓ Провокатор A7      @ (3,9,7) hp=2/2
    ✓ Паук A8            @ (3,9,0) hp=1/1
    ✗ Артиллерия A1      @ (3,9,4) [уничтожен]
    ✗ Радиовышка A2      @ (5,7,3) [уничтожен]
    ✗ Прыгун A3          @ (5,6,4) [уничтожен]
    ✗ Факел A4           @ (3,5,4) [уничтожен]
  Team B: живых 1/8
    ✓ Радиовышка B2      @ (4,9,4) hp=3/3
    ✗ Артиллерия B1      @ (7,8,3) [уничтожен]
    ✗ Прыгун B3          @ (3,5,4) [уничтожен]
    ✗ Факел B4           @ (4,6,4) [уничтожен]
    ✗ Тишина B5          @ (4,7,4) [уничтожен]
    ✗ Бурав B6           @ (4,2,5) [уничтожен]
    ✗ Провокатор B7      @ (6,3,4) [уничтожен]
    ✗ Паук B8            @ (6,5,4) [уничтожен]
  Team C: живых 0/8
    ✗ Артиллерия C1      @ (1,1,6) [уничтожен]
    ✗ Радиовышка C2      @ (3,9,6) [уничтожен]
    ✗ Прыгун C3          @ (1,7,6) [уничтожен]
    ✗ Факел C4           @ (1,4,6) [уничтожен]
    ✗ Тишина C5          @ (2,3,5) [уничтожен]
    ✗ Бурав C6           @ (1,6,6) [уничтожен]
    ✗ Провокатор C7      @ (2,4,5) [уничтожен]
    ✗ Паук C8            @ (1,9,6) [уничтожен]

======================================================================
ХОД 21
======================================================================
✓ 🎮 GM: начинаем ход
GM: start_turn

--- Радиовышки: сканирование слоя Z ---
  Радиовышка B2 (z=4): видит 2 врагов [+2 эксклюзивно] → Бурав A6(4,8,4), Тишина A5(5,8,4)

--- Решения ботов ---
  [Team A] Тишина A5 (5,8,4) → MOVE (4,9,4)
  [Team A] Провокатор A7 (3,9,7) → HOLOGRAM (4,9,6)
  [Team A] Паук A8 (3,9,0) → MINE (4,9,1)
  [Team A] Бурав A6 → SKIP
  [Team B] Радиовышка B2 (4,9,4) → MOVE (5,8,4)
  [Team C] все корабли пропускают ход
! 🎮 GM: принудительно завершает фазу планирования
GM: end_planning
# 
============================================================
# 🔄 ОБРАБОТКА ХОДА 21
# ============================================================
!    ⚠️ Провокатор A7: клетка (4,9,6) уже занята голограммой
!    ⚠️ Паук A8: в клетке уже стоит мина

📦 ПЕРЕМЕЩЕНИЯ:
!    ⚠️ Тишина A5: клетка (4,9,4) занята
!    ⚠️ Радиовышка B2: клетка (5,8,4) занята

🎯 ВЫСТРЕЛЫ:
   Выпущено ракет: 0
# 
📊 РЕЗУЛЬТАТЫ ХОДА 21:
🎯 Попаданий нет

--- Результаты хода ---
  Попаданий нет

--- Состояние команд после хода ---
  Team A: живых 4/8
    ✓ Тишина A5          @ (5,8,4) hp=2/2
    ✓ Бурав A6           @ (4,8,4) hp=4/4
    ✓ Провокатор A7      @ (3,9,7) hp=2/2
    ✓ Паук A8            @ (3,9,0) hp=1/1
    ✗ Артиллерия A1      @ (3,9,4) [уничтожен]
    ✗ Радиовышка A2      @ (5,7,3) [уничтожен]
    ✗ Прыгун A3          @ (5,6,4) [уничтожен]
    ✗ Факел A4           @ (3,5,4) [уничтожен]
  Team B: живых 1/8
    ✓ Радиовышка B2      @ (4,9,4) hp=3/3
    ✗ Артиллерия B1      @ (7,8,3) [уничтожен]
    ✗ Прыгун B3          @ (3,5,4) [уничтожен]
    ✗ Факел B4           @ (4,6,4) [уничтожен]
    ✗ Тишина B5          @ (4,7,4) [уничтожен]
    ✗ Бурав B6           @ (4,2,5) [уничтожен]
    ✗ Провокатор B7      @ (6,3,4) [уничтожен]
    ✗ Паук B8            @ (6,5,4) [уничтожен]
  Team C: живых 0/8
    ✗ Артиллерия C1      @ (1,1,6) [уничтожен]
    ✗ Радиовышка C2      @ (3,9,6) [уничтожен]
    ✗ Прыгун C3          @ (1,7,6) [уничтожен]
    ✗ Факел C4           @ (1,4,6) [уничтожен]
    ✗ Тишина C5          @ (2,3,5) [уничтожен]
    ✗ Бурав C6           @ (1,6,6) [уничтожен]
    ✗ Провокатор C7      @ (2,4,5) [уничтожен]
    ✗ Паук C8            @ (1,9,6) [уничтожен]

======================================================================
ХОД 22
======================================================================
✓ 🎮 GM: начинаем ход
GM: start_turn

--- Радиовышки: сканирование слоя Z ---
  Радиовышка B2 (z=4): видит 2 врагов [+2 эксклюзивно] → Бурав A6(4,8,4), Тишина A5(5,8,4)

--- Решения ботов ---
  [Team A] Тишина A5 (5,8,4) → MOVE (4,9,4)
  [Team A] Провокатор A7 (3,9,7) → HOLOGRAM (4,9,6)
  [Team A] Паук A8 (3,9,0) → MINE (4,9,1)
  [Team A] Бурав A6 → SKIP
  [Team B] Радиовышка B2 (4,9,4) → MOVE (5,8,4)
  [Team C] все корабли пропускают ход
! 🎮 GM: принудительно завершает фазу планирования
GM: end_planning
# 
============================================================
# 🔄 ОБРАБОТКА ХОДА 22
# ============================================================
!    ⚠️ Провокатор A7: клетка (4,9,6) уже занята голограммой
!    ⚠️ Паук A8: в клетке уже стоит мина

📦 ПЕРЕМЕЩЕНИЯ:
!    ⚠️ Тишина A5: клетка (4,9,4) занята
!    ⚠️ Радиовышка B2: клетка (5,8,4) занята

🎯 ВЫСТРЕЛЫ:
   Выпущено ракет: 0
# 
📊 РЕЗУЛЬТАТЫ ХОДА 22:
🎯 Попаданий нет

--- Результаты хода ---
  Попаданий нет

--- Состояние команд после хода ---
  Team A: живых 4/8
    ✓ Тишина A5          @ (5,8,4) hp=2/2
    ✓ Бурав A6           @ (4,8,4) hp=4/4
    ✓ Провокатор A7      @ (3,9,7) hp=2/2
    ✓ Паук A8            @ (3,9,0) hp=1/1
    ✗ Артиллерия A1      @ (3,9,4) [уничтожен]
    ✗ Радиовышка A2      @ (5,7,3) [уничтожен]
    ✗ Прыгун A3          @ (5,6,4) [уничтожен]
    ✗ Факел A4           @ (3,5,4) [уничтожен]
  Team B: живых 1/8
    ✓ Радиовышка B2      @ (4,9,4) hp=3/3
    ✗ Артиллерия B1      @ (7,8,3) [уничтожен]
    ✗ Прыгун B3          @ (3,5,4) [уничтожен]
    ✗ Факел B4           @ (4,6,4) [уничтожен]
    ✗ Тишина B5          @ (4,7,4) [уничтожен]
    ✗ Бурав B6           @ (4,2,5) [уничтожен]
    ✗ Провокатор B7      @ (6,3,4) [уничтожен]
    ✗ Паук B8            @ (6,5,4) [уничтожен]
  Team C: живых 0/8
    ✗ Артиллерия C1      @ (1,1,6) [уничтожен]
    ✗ Радиовышка C2      @ (3,9,6) [уничтожен]
    ✗ Прыгун C3          @ (1,7,6) [уничтожен]
    ✗ Факел C4           @ (1,4,6) [уничтожен]
    ✗ Тишина C5          @ (2,3,5) [уничтожен]
    ✗ Бурав C6           @ (1,6,6) [уничтожен]
    ✗ Провокатор C7      @ (2,4,5) [уничтожен]
    ✗ Паук C8            @ (1,9,6) [уничтожен]

======================================================================
ХОД 23
======================================================================
✓ 🎮 GM: начинаем ход
GM: start_turn

--- Радиовышки: сканирование слоя Z ---
  Радиовышка B2 (z=4): видит 2 врагов [+2 эксклюзивно] → Бурав A6(4,8,4), Тишина A5(5,8,4)

--- Решения ботов ---
  [Team A] Тишина A5 (5,8,4) → MOVE (4,9,4)
  [Team A] Провокатор A7 (3,9,7) → HOLOGRAM (4,9,6)
  [Team A] Паук A8 (3,9,0) → MINE (4,9,1)
  [Team A] Бурав A6 → SKIP
  [Team B] Радиовышка B2 (4,9,4) → MOVE (5,8,4)
  [Team C] все корабли пропускают ход
! 🎮 GM: принудительно завершает фазу планирования
GM: end_planning
# 
============================================================
# 🔄 ОБРАБОТКА ХОДА 23
# ============================================================
!    ⚠️ Провокатор A7: клетка (4,9,6) уже занята голограммой
!    ⚠️ Паук A8: в клетке уже стоит мина

📦 ПЕРЕМЕЩЕНИЯ:
!    ⚠️ Тишина A5: клетка (4,9,4) занята
!    ⚠️ Радиовышка B2: клетка (5,8,4) занята

🎯 ВЫСТРЕЛЫ:
   Выпущено ракет: 0
# 
📊 РЕЗУЛЬТАТЫ ХОДА 23:
🎯 Попаданий нет

--- Результаты хода ---
  Попаданий нет

--- Состояние команд после хода ---
  Team A: живых 4/8
    ✓ Тишина A5          @ (5,8,4) hp=2/2
    ✓ Бурав A6           @ (4,8,4) hp=4/4
    ✓ Провокатор A7      @ (3,9,7) hp=2/2
    ✓ Паук A8            @ (3,9,0) hp=1/1
    ✗ Артиллерия A1      @ (3,9,4) [уничтожен]
    ✗ Радиовышка A2      @ (5,7,3) [уничтожен]
    ✗ Прыгун A3          @ (5,6,4) [уничтожен]
    ✗ Факел A4           @ (3,5,4) [уничтожен]
  Team B: живых 1/8
    ✓ Радиовышка B2      @ (4,9,4) hp=3/3
    ✗ Артиллерия B1      @ (7,8,3) [уничтожен]
    ✗ Прыгун B3          @ (3,5,4) [уничтожен]
    ✗ Факел B4           @ (4,6,4) [уничтожен]
    ✗ Тишина B5          @ (4,7,4) [уничтожен]
    ✗ Бурав B6           @ (4,2,5) [уничтожен]
    ✗ Провокатор B7      @ (6,3,4) [уничтожен]
    ✗ Паук B8            @ (6,5,4) [уничтожен]
  Team C: живых 0/8
    ✗ Артиллерия C1      @ (1,1,6) [уничтожен]
    ✗ Радиовышка C2      @ (3,9,6) [уничтожен]
    ✗ Прыгун C3          @ (1,7,6) [уничтожен]
    ✗ Факел C4           @ (1,4,6) [уничтожен]
    ✗ Тишина C5          @ (2,3,5) [уничтожен]
    ✗ Бурав C6           @ (1,6,6) [уничтожен]
    ✗ Провокатор C7      @ (2,4,5) [уничтожен]
    ✗ Паук C8            @ (1,9,6) [уничтожен]

======================================================================
ХОД 24
======================================================================
✓ 🎮 GM: начинаем ход
GM: start_turn

--- Радиовышки: сканирование слоя Z ---
  Радиовышка B2 (z=4): видит 2 врагов [+2 эксклюзивно] → Бурав A6(4,8,4), Тишина A5(5,8,4)

--- Решения ботов ---
  [Team A] Тишина A5 (5,8,4) → MOVE (4,9,4)
  [Team A] Провокатор A7 (3,9,7) → HOLOGRAM (4,9,6)
  [Team A] Паук A8 (3,9,0) → MINE (4,9,1)
  [Team A] Бурав A6 → SKIP
  [Team B] Радиовышка B2 (4,9,4) → MOVE (5,8,4)
  [Team C] все корабли пропускают ход
! 🎮 GM: принудительно завершает фазу планирования
GM: end_planning
# 
============================================================
# 🔄 ОБРАБОТКА ХОДА 24
# ============================================================
!    ⚠️ Провокатор A7: клетка (4,9,6) уже занята голограммой
!    ⚠️ Паук A8: в клетке уже стоит мина

📦 ПЕРЕМЕЩЕНИЯ:
!    ⚠️ Тишина A5: клетка (4,9,4) занята
!    ⚠️ Радиовышка B2: клетка (5,8,4) занята

🎯 ВЫСТРЕЛЫ:
   Выпущено ракет: 0
# 
📊 РЕЗУЛЬТАТЫ ХОДА 24:
🎯 Попаданий нет

--- Результаты хода ---
  Попаданий нет

--- Состояние команд после хода ---
  Team A: живых 4/8
    ✓ Тишина A5          @ (5,8,4) hp=2/2
    ✓ Бурав A6           @ (4,8,4) hp=4/4
    ✓ Провокатор A7      @ (3,9,7) hp=2/2
    ✓ Паук A8            @ (3,9,0) hp=1/1
    ✗ Артиллерия A1      @ (3,9,4) [уничтожен]
    ✗ Радиовышка A2      @ (5,7,3) [уничтожен]
    ✗ Прыгун A3          @ (5,6,4) [уничтожен]
    ✗ Факел A4           @ (3,5,4) [уничтожен]
  Team B: живых 1/8
    ✓ Радиовышка B2      @ (4,9,4) hp=3/3
    ✗ Артиллерия B1      @ (7,8,3) [уничтожен]
    ✗ Прыгун B3          @ (3,5,4) [уничтожен]
    ✗ Факел B4           @ (4,6,4) [уничтожен]
    ✗ Тишина B5          @ (4,7,4) [уничтожен]
    ✗ Бурав B6           @ (4,2,5) [уничтожен]
    ✗ Провокатор B7      @ (6,3,4) [уничтожен]
    ✗ Паук B8            @ (6,5,4) [уничтожен]
  Team C: живых 0/8
    ✗ Артиллерия C1      @ (1,1,6) [уничтожен]
    ✗ Радиовышка C2      @ (3,9,6) [уничтожен]
    ✗ Прыгун C3          @ (1,7,6) [уничтожен]
    ✗ Факел C4           @ (1,4,6) [уничтожен]
    ✗ Тишина C5          @ (2,3,5) [уничтожен]
    ✗ Бурав C6           @ (1,6,6) [уничтожен]
    ✗ Провокатор C7      @ (2,4,5) [уничтожен]
    ✗ Паук C8            @ (1,9,6) [уничтожен]

======================================================================
ХОД 25
======================================================================
✓ 🎮 GM: начинаем ход
GM: start_turn

--- Радиовышки: сканирование слоя Z ---
  Радиовышка B2 (z=4): видит 2 врагов [+2 эксклюзивно] → Бурав A6(4,8,4), Тишина A5(5,8,4)

--- Решения ботов ---
  [Team A] Тишина A5 (5,8,4) → MOVE (4,9,4)
  [Team A] Провокатор A7 (3,9,7) → HOLOGRAM (4,9,6)
  [Team A] Паук A8 (3,9,0) → MINE (4,9,1)
  [Team A] Бурав A6 → SKIP
  [Team B] Радиовышка B2 (4,9,4) → MOVE (5,8,4)
  [Team C] все корабли пропускают ход
! 🎮 GM: принудительно завершает фазу планирования
GM: end_planning
# 
============================================================
# 🔄 ОБРАБОТКА ХОДА 25
# ============================================================
!    ⚠️ Провокатор A7: клетка (4,9,6) уже занята голограммой
!    ⚠️ Паук A8: в клетке уже стоит мина

📦 ПЕРЕМЕЩЕНИЯ:
!    ⚠️ Тишина A5: клетка (4,9,4) занята
!    ⚠️ Радиовышка B2: клетка (5,8,4) занята

🎯 ВЫСТРЕЛЫ:
   Выпущено ракет: 0
# 
📊 РЕЗУЛЬТАТЫ ХОДА 25:
🎯 Попаданий нет

--- Результаты хода ---
  Попаданий нет

--- Состояние команд после хода ---
  Team A: живых 4/8
    ✓ Тишина A5          @ (5,8,4) hp=2/2
    ✓ Бурав A6           @ (4,8,4) hp=4/4
    ✓ Провокатор A7      @ (3,9,7) hp=2/2
    ✓ Паук A8            @ (3,9,0) hp=1/1
    ✗ Артиллерия A1      @ (3,9,4) [уничтожен]
    ✗ Радиовышка A2      @ (5,7,3) [уничтожен]
    ✗ Прыгун A3          @ (5,6,4) [уничтожен]
    ✗ Факел A4           @ (3,5,4) [уничтожен]
  Team B: живых 1/8
    ✓ Радиовышка B2      @ (4,9,4) hp=3/3
    ✗ Артиллерия B1      @ (7,8,3) [уничтожен]
    ✗ Прыгун B3          @ (3,5,4) [уничтожен]
    ✗ Факел B4           @ (4,6,4) [уничтожен]
    ✗ Тишина B5          @ (4,7,4) [уничтожен]
    ✗ Бурав B6           @ (4,2,5) [уничтожен]
    ✗ Провокатор B7      @ (6,3,4) [уничтожен]
    ✗ Паук B8            @ (6,5,4) [уничтожен]
  Team C: живых 0/8
    ✗ Артиллерия C1      @ (1,1,6) [уничтожен]
    ✗ Радиовышка C2      @ (3,9,6) [уничтожен]
    ✗ Прыгун C3          @ (1,7,6) [уничтожен]
    ✗ Факел C4           @ (1,4,6) [уничтожен]
    ✗ Тишина C5          @ (2,3,5) [уничтожен]
    ✗ Бурав C6           @ (1,6,6) [уничтожен]
    ✗ Провокатор C7      @ (2,4,5) [уничтожен]
    ✗ Паук C8            @ (1,9,6) [уничтожен]

======================================================================
ХОД 26
======================================================================
✓ 🎮 GM: начинаем ход
GM: start_turn

--- Радиовышки: сканирование слоя Z ---
  Радиовышка B2 (z=4): видит 2 врагов [+2 эксклюзивно] → Бурав A6(4,8,4), Тишина A5(5,8,4)

--- Решения ботов ---
  [Team A] Тишина A5 (5,8,4) → MOVE (4,9,4)
  [Team A] Провокатор A7 (3,9,7) → HOLOGRAM (4,9,6)
  [Team A] Паук A8 (3,9,0) → MINE (4,9,1)
  [Team A] Бурав A6 → SKIP
  [Team B] Радиовышка B2 (4,9,4) → MOVE (5,8,4)
  [Team C] все корабли пропускают ход
! 🎮 GM: принудительно завершает фазу планирования
GM: end_planning
# 
============================================================
# 🔄 ОБРАБОТКА ХОДА 26
# ============================================================
!    ⚠️ Провокатор A7: клетка (4,9,6) уже занята голограммой
!    ⚠️ Паук A8: в клетке уже стоит мина

📦 ПЕРЕМЕЩЕНИЯ:
!    ⚠️ Тишина A5: клетка (4,9,4) занята
!    ⚠️ Радиовышка B2: клетка (5,8,4) занята

🎯 ВЫСТРЕЛЫ:
   Выпущено ракет: 0
# 
📊 РЕЗУЛЬТАТЫ ХОДА 26:
🎯 Попаданий нет

--- Результаты хода ---
  Попаданий нет

--- Состояние команд после хода ---
  Team A: живых 4/8
    ✓ Тишина A5          @ (5,8,4) hp=2/2
    ✓ Бурав A6           @ (4,8,4) hp=4/4
    ✓ Провокатор A7      @ (3,9,7) hp=2/2
    ✓ Паук A8            @ (3,9,0) hp=1/1
    ✗ Артиллерия A1      @ (3,9,4) [уничтожен]
    ✗ Радиовышка A2      @ (5,7,3) [уничтожен]
    ✗ Прыгун A3          @ (5,6,4) [уничтожен]
    ✗ Факел A4           @ (3,5,4) [уничтожен]
  Team B: живых 1/8
    ✓ Радиовышка B2      @ (4,9,4) hp=3/3
    ✗ Артиллерия B1      @ (7,8,3) [уничтожен]
    ✗ Прыгун B3          @ (3,5,4) [уничтожен]
    ✗ Факел B4           @ (4,6,4) [уничтожен]
    ✗ Тишина B5          @ (4,7,4) [уничтожен]
    ✗ Бурав B6           @ (4,2,5) [уничтожен]
    ✗ Провокатор B7      @ (6,3,4) [уничтожен]
    ✗ Паук B8            @ (6,5,4) [уничтожен]
  Team C: живых 0/8
    ✗ Артиллерия C1      @ (1,1,6) [уничтожен]
    ✗ Радиовышка C2      @ (3,9,6) [уничтожен]
    ✗ Прыгун C3          @ (1,7,6) [уничтожен]
    ✗ Факел C4           @ (1,4,6) [уничтожен]
    ✗ Тишина C5          @ (2,3,5) [уничтожен]
    ✗ Бурав C6           @ (1,6,6) [уничтожен]
    ✗ Провокатор C7      @ (2,4,5) [уничтожен]
    ✗ Паук C8            @ (1,9,6) [уничтожен]

======================================================================
ХОД 27
======================================================================
✓ 🎮 GM: начинаем ход
GM: start_turn

--- Радиовышки: сканирование слоя Z ---
  Радиовышка B2 (z=4): видит 2 врагов [+2 эксклюзивно] → Бурав A6(4,8,4), Тишина A5(5,8,4)

--- Решения ботов ---
  [Team A] Тишина A5 (5,8,4) → MOVE (4,9,4)
  [Team A] Провокатор A7 (3,9,7) → HOLOGRAM (4,9,6)
  [Team A] Паук A8 (3,9,0) → MINE (4,9,1)
  [Team A] Бурав A6 → SKIP
  [Team B] Радиовышка B2 (4,9,4) → MOVE (5,8,4)
  [Team C] все корабли пропускают ход
! 🎮 GM: принудительно завершает фазу планирования
GM: end_planning
# 
============================================================
# 🔄 ОБРАБОТКА ХОДА 27
# ============================================================
!    ⚠️ Провокатор A7: клетка (4,9,6) уже занята голограммой
!    ⚠️ Паук A8: в клетке уже стоит мина

📦 ПЕРЕМЕЩЕНИЯ:
!    ⚠️ Тишина A5: клетка (4,9,4) занята
!    ⚠️ Радиовышка B2: клетка (5,8,4) занята

🎯 ВЫСТРЕЛЫ:
   Выпущено ракет: 0
# 
📊 РЕЗУЛЬТАТЫ ХОДА 27:
🎯 Попаданий нет

--- Результаты хода ---
  Попаданий нет

--- Состояние команд после хода ---
  Team A: живых 4/8
    ✓ Тишина A5          @ (5,8,4) hp=2/2
    ✓ Бурав A6           @ (4,8,4) hp=4/4
    ✓ Провокатор A7      @ (3,9,7) hp=2/2
    ✓ Паук A8            @ (3,9,0) hp=1/1
    ✗ Артиллерия A1      @ (3,9,4) [уничтожен]
    ✗ Радиовышка A2      @ (5,7,3) [уничтожен]
    ✗ Прыгун A3          @ (5,6,4) [уничтожен]
    ✗ Факел A4           @ (3,5,4) [уничтожен]
  Team B: живых 1/8
    ✓ Радиовышка B2      @ (4,9,4) hp=3/3
    ✗ Артиллерия B1      @ (7,8,3) [уничтожен]
    ✗ Прыгун B3          @ (3,5,4) [уничтожен]
    ✗ Факел B4           @ (4,6,4) [уничтожен]
    ✗ Тишина B5          @ (4,7,4) [уничтожен]
    ✗ Бурав B6           @ (4,2,5) [уничтожен]
    ✗ Провокатор B7      @ (6,3,4) [уничтожен]
    ✗ Паук B8            @ (6,5,4) [уничтожен]
  Team C: живых 0/8
    ✗ Артиллерия C1      @ (1,1,6) [уничтожен]
    ✗ Радиовышка C2      @ (3,9,6) [уничтожен]
    ✗ Прыгун C3          @ (1,7,6) [уничтожен]
    ✗ Факел C4           @ (1,4,6) [уничтожен]
    ✗ Тишина C5          @ (2,3,5) [уничтожен]
    ✗ Бурав C6           @ (1,6,6) [уничтожен]
    ✗ Провокатор C7      @ (2,4,5) [уничтожен]
    ✗ Паук C8            @ (1,9,6) [уничтожен]

======================================================================
ХОД 28
======================================================================
✓ 🎮 GM: начинаем ход
GM: start_turn

--- Радиовышки: сканирование слоя Z ---
  Радиовышка B2 (z=4): видит 2 врагов [+2 эксклюзивно] → Бурав A6(4,8,4), Тишина A5(5,8,4)

--- Решения ботов ---
  [Team A] Тишина A5 (5,8,4) → MOVE (4,9,4)
  [Team A] Провокатор A7 (3,9,7) → HOLOGRAM (4,9,6)
  [Team A] Паук A8 (3,9,0) → MINE (4,9,1)
  [Team A] Бурав A6 → SKIP
  [Team B] Радиовышка B2 (4,9,4) → MOVE (5,8,4)
  [Team C] все корабли пропускают ход
! 🎮 GM: принудительно завершает фазу планирования
GM: end_planning
# 
============================================================
# 🔄 ОБРАБОТКА ХОДА 28
# ============================================================
!    ⚠️ Провокатор A7: клетка (4,9,6) уже занята голограммой
!    ⚠️ Паук A8: в клетке уже стоит мина

📦 ПЕРЕМЕЩЕНИЯ:
!    ⚠️ Тишина A5: клетка (4,9,4) занята
!    ⚠️ Радиовышка B2: клетка (5,8,4) занята

🎯 ВЫСТРЕЛЫ:
   Выпущено ракет: 0
# 
📊 РЕЗУЛЬТАТЫ ХОДА 28:
🎯 Попаданий нет

--- Результаты хода ---
  Попаданий нет

--- Состояние команд после хода ---
  Team A: живых 4/8
    ✓ Тишина A5          @ (5,8,4) hp=2/2
    ✓ Бурав A6           @ (4,8,4) hp=4/4
    ✓ Провокатор A7      @ (3,9,7) hp=2/2
    ✓ Паук A8            @ (3,9,0) hp=1/1
    ✗ Артиллерия A1      @ (3,9,4) [уничтожен]
    ✗ Радиовышка A2      @ (5,7,3) [уничтожен]
    ✗ Прыгун A3          @ (5,6,4) [уничтожен]
    ✗ Факел A4           @ (3,5,4) [уничтожен]
  Team B: живых 1/8
    ✓ Радиовышка B2      @ (4,9,4) hp=3/3
    ✗ Артиллерия B1      @ (7,8,3) [уничтожен]
    ✗ Прыгун B3          @ (3,5,4) [уничтожен]
    ✗ Факел B4           @ (4,6,4) [уничтожен]
    ✗ Тишина B5          @ (4,7,4) [уничтожен]
    ✗ Бурав B6           @ (4,2,5) [уничтожен]
    ✗ Провокатор B7      @ (6,3,4) [уничтожен]
    ✗ Паук B8            @ (6,5,4) [уничтожен]
  Team C: живых 0/8
    ✗ Артиллерия C1      @ (1,1,6) [уничтожен]
    ✗ Радиовышка C2      @ (3,9,6) [уничтожен]
    ✗ Прыгун C3          @ (1,7,6) [уничтожен]
    ✗ Факел C4           @ (1,4,6) [уничтожен]
    ✗ Тишина C5          @ (2,3,5) [уничтожен]
    ✗ Бурав C6           @ (1,6,6) [уничтожен]
    ✗ Провокатор C7      @ (2,4,5) [уничтожен]
    ✗ Паук C8            @ (1,9,6) [уничтожен]

======================================================================
ХОД 29
======================================================================
✓ 🎮 GM: начинаем ход
GM: start_turn

--- Радиовышки: сканирование слоя Z ---
  Радиовышка B2 (z=4): видит 2 врагов [+2 эксклюзивно] → Бурав A6(4,8,4), Тишина A5(5,8,4)

--- Решения ботов ---
  [Team A] Тишина A5 (5,8,4) → MOVE (4,9,4)
  [Team A] Провокатор A7 (3,9,7) → HOLOGRAM (4,9,6)
  [Team A] Паук A8 (3,9,0) → MINE (4,9,1)
  [Team A] Бурав A6 → SKIP
  [Team B] Радиовышка B2 (4,9,4) → MOVE (5,8,4)
  [Team C] все корабли пропускают ход
! 🎮 GM: принудительно завершает фазу планирования
GM: end_planning
# 
============================================================
# 🔄 ОБРАБОТКА ХОДА 29
# ============================================================
!    ⚠️ Провокатор A7: клетка (4,9,6) уже занята голограммой
!    ⚠️ Паук A8: в клетке уже стоит мина

📦 ПЕРЕМЕЩЕНИЯ:
!    ⚠️ Тишина A5: клетка (4,9,4) занята
!    ⚠️ Радиовышка B2: клетка (5,8,4) занята

🎯 ВЫСТРЕЛЫ:
   Выпущено ракет: 0
# 
📊 РЕЗУЛЬТАТЫ ХОДА 29:
🎯 Попаданий нет

--- Результаты хода ---
  Попаданий нет

--- Состояние команд после хода ---
  Team A: живых 4/8
    ✓ Тишина A5          @ (5,8,4) hp=2/2
    ✓ Бурав A6           @ (4,8,4) hp=4/4
    ✓ Провокатор A7      @ (3,9,7) hp=2/2
    ✓ Паук A8            @ (3,9,0) hp=1/1
    ✗ Артиллерия A1      @ (3,9,4) [уничтожен]
    ✗ Радиовышка A2      @ (5,7,3) [уничтожен]
    ✗ Прыгун A3          @ (5,6,4) [уничтожен]
    ✗ Факел A4           @ (3,5,4) [уничтожен]
  Team B: живых 1/8
    ✓ Радиовышка B2      @ (4,9,4) hp=3/3
    ✗ Артиллерия B1      @ (7,8,3) [уничтожен]
    ✗ Прыгун B3          @ (3,5,4) [уничтожен]
    ✗ Факел B4           @ (4,6,4) [уничтожен]
    ✗ Тишина B5          @ (4,7,4) [уничтожен]
    ✗ Бурав B6           @ (4,2,5) [уничтожен]
    ✗ Провокатор B7      @ (6,3,4) [уничтожен]
    ✗ Паук B8            @ (6,5,4) [уничтожен]
  Team C: живых 0/8
    ✗ Артиллерия C1      @ (1,1,6) [уничтожен]
    ✗ Радиовышка C2      @ (3,9,6) [уничтожен]
    ✗ Прыгун C3          @ (1,7,6) [уничтожен]
    ✗ Факел C4           @ (1,4,6) [уничтожен]
    ✗ Тишина C5          @ (2,3,5) [уничтожен]
    ✗ Бурав C6           @ (1,6,6) [уничтожен]
    ✗ Провокатор C7      @ (2,4,5) [уничтожен]
    ✗ Паук C8            @ (1,9,6) [уничтожен]

======================================================================
ХОД 30
======================================================================
✓ 🎮 GM: начинаем ход
GM: start_turn

--- Радиовышки: сканирование слоя Z ---
  Радиовышка B2 (z=4): видит 2 врагов [+2 эксклюзивно] → Бурав A6(4,8,4), Тишина A5(5,8,4)

--- Решения ботов ---
  [Team A] Тишина A5 (5,8,4) → MOVE (4,9,4)
  [Team A] Провокатор A7 (3,9,7) → HOLOGRAM (4,9,6)
  [Team A] Паук A8 (3,9,0) → MINE (4,9,1)
  [Team A] Бурав A6 → SKIP
  [Team B] Радиовышка B2 (4,9,4) → MOVE (5,8,4)
  [Team C] все корабли пропускают ход
! 🎮 GM: принудительно завершает фазу планирования
GM: end_planning
# 
============================================================
# 🔄 ОБРАБОТКА ХОДА 30
# ============================================================
!    ⚠️ Провокатор A7: клетка (4,9,6) уже занята голограммой
!    ⚠️ Паук A8: в клетке уже стоит мина

📦 ПЕРЕМЕЩЕНИЯ:
!    ⚠️ Тишина A5: клетка (4,9,4) занята
!    ⚠️ Радиовышка B2: клетка (5,8,4) занята

🎯 ВЫСТРЕЛЫ:
   Выпущено ракет: 0
# 
📊 РЕЗУЛЬТАТЫ ХОДА 30:
🎯 Попаданий нет

--- Результаты хода ---
  Попаданий нет

--- Состояние команд после хода ---
  Team A: живых 4/8
    ✓ Тишина A5          @ (5,8,4) hp=2/2
    ✓ Бурав A6           @ (4,8,4) hp=4/4
    ✓ Провокатор A7      @ (3,9,7) hp=2/2
    ✓ Паук A8            @ (3,9,0) hp=1/1
    ✗ Артиллерия A1      @ (3,9,4) [уничтожен]
    ✗ Радиовышка A2      @ (5,7,3) [уничтожен]
    ✗ Прыгун A3          @ (5,6,4) [уничтожен]
    ✗ Факел A4           @ (3,5,4) [уничтожен]
  Team B: живых 1/8
    ✓ Радиовышка B2      @ (4,9,4) hp=3/3
    ✗ Артиллерия B1      @ (7,8,3) [уничтожен]
    ✗ Прыгун B3          @ (3,5,4) [уничтожен]
    ✗ Факел B4           @ (4,6,4) [уничтожен]
    ✗ Тишина B5          @ (4,7,4) [уничтожен]
    ✗ Бурав B6           @ (4,2,5) [уничтожен]
    ✗ Провокатор B7      @ (6,3,4) [уничтожен]
    ✗ Паук B8            @ (6,5,4) [уничтожен]
  Team C: живых 0/8
    ✗ Артиллерия C1      @ (1,1,6) [уничтожен]
    ✗ Радиовышка C2      @ (3,9,6) [уничтожен]
    ✗ Прыгун C3          @ (1,7,6) [уничтожен]
    ✗ Факел C4           @ (1,4,6) [уничтожен]
    ✗ Тишина C5          @ (2,3,5) [уничтожен]
    ✗ Бурав C6           @ (1,6,6) [уничтожен]
    ✗ Провокатор C7      @ (2,4,5) [уничтожен]
    ✗ Паук C8            @ (1,9,6) [уничтожен]

======================================================================
ИТОГ
======================================================================
Лимит ходов (30) исчерпан. Победа по урону: Team A (38 dmg).
   Урон по командам: Team A=38, Team B=14, Team C=4

--- Сводка по командам ---
  Team A: 4/8 живых; hp=9
  Team B: 1/8 живых; hp=3
  Team C: 0/8 живых; hp=0

--- Сводка по пассивкам радиовышек ---
  Team A: сканирований=7, всего врагов-в-слоях=16, уникальных эксклюзивных (видны только радиовышкой)=1
  Team B: сканирований=30, всего врагов-в-слоях=55, уникальных эксклюзивных (видны только радиовышкой)=3
  Team C: сканирований=4, всего врагов-в-слоях=3, уникальных эксклюзивных (видны только радиовышкой)=0

--- Сводка по попаданиям ---
  Всего событий (шоты+тараны+мины): 25
  Уничтожено кораблей всего: 19
  Team A: урон=38 хиты=5 тараны=11 мины(сработало)=0 убийств=14
  Team B: урон=14 хиты=5 тараны=1 мины(сработало)=1 убийств=4
  Team C: урон=4 хиты=2 тараны=0 мины(сработало)=0 убийств=1
! 🎮 GM: остановка игры
