======================================================================
Space Battle 10×10×10 — simulation run at 2026-04-20T13:31:54+00:00
Game mode: advanced
Seed: 107
✓ 🚀 Продвинутый режим: создаю разные типы кораблей
   Команда A: спавн вдоль оси X от (6, 9, 9) до (9, 9, 9)
   Команда B: спавн вдоль оси Y от (9, 4, 0) до (9, 2, 0)
   Команда C: спавн вдоль оси Z от (2, 3, 5) до (2, 3, 9)
✓ ✅ Создано 24 кораблей


--- СТАРТОВАЯ РАССТАНОВКА ---
  Team A: живых 8/8
    ✓ Артиллерия A1      @ (6,9,9) hp=1/1
    ✓ Радиовышка A2      @ (7,9,9) hp=3/3
    ✓ Прыгун A3          @ (4,9,9) hp=2/2
    ✓ Факел A4           @ (1,9,9) hp=6/6
    ✓ Тишина A5          @ (3,9,9) hp=2/2
    ✓ Бурав A6           @ (8,9,9) hp=4/4
    ✓ Провокатор A7      @ (0,9,9) hp=2/2
    ✓ Паук A8            @ (9,9,9) hp=1/1
  Team B: живых 8/8
    ✓ Артиллерия B1      @ (9,4,0) hp=1/1
    ✓ Радиовышка B2      @ (9,5,0) hp=3/3
    ✓ Прыгун B3          @ (9,3,0) hp=2/2
    ✓ Факел B4           @ (9,1,0) hp=6/6
    ✓ Тишина B5          @ (9,9,0) hp=2/2
    ✓ Бурав B6           @ (9,6,0) hp=4/4
    ✓ Провокатор B7      @ (9,8,0) hp=2/2
    ✓ Паук B8            @ (9,2,0) hp=1/1
  Team C: живых 8/8
    ✓ Артиллерия C1      @ (2,3,5) hp=1/1
    ✓ Радиовышка C2      @ (2,3,1) hp=3/3
    ✓ Прыгун C3          @ (2,3,8) hp=2/2
    ✓ Факел C4           @ (2,3,7) hp=6/6
    ✓ Тишина C5          @ (2,3,0) hp=2/2
    ✓ Бурав C6           @ (2,3,3) hp=4/4
    ✓ Провокатор C7      @ (2,3,6) hp=2/2
    ✓ Паук C8            @ (2,3,9) hp=1/1

======================================================================
ХОД 1
======================================================================
✓ 🎮 GM: начинаем ход
GM: start_turn

--- Радиовышки: сканирование слоя Z ---
  Радиовышка A2 (z=9): видит 1 врагов [+1 эксклюзивно] → Паук C8(2,3,9)
  Радиовышка B2 (z=0): видит 1 врагов [+1 эксклюзивно] → Тишина C5(2,3,0)
  Радиовышка C2 (z=1): слой чист

--- Решения ботов ---
  [Team A] Артиллерия A1 (6,9,9) → SHOOT at (2,3,9)
  [Team A] Радиовышка A2 (7,9,9) → MOVE (6,8,9)
  [Team A] Прыгун A3 (4,9,9) → MOVE (3,8,9)
  [Team A] Факел A4 (1,9,9) → MOVE (2,9,9)
  [Team A] Тишина A5 (3,9,9) → MOVE (2,8,9)
  [Team A] Бурав A6 (8,9,9) → MOVE (7,8,9)
  [Team A] Провокатор A7 (0,9,9) → MOVE (1,8,9)
  [Team A] Паук A8 (9,9,9) → MOVE (8,8,9)
  [Team B] Артиллерия B1 (9,4,0) → SHOOT at (2,3,0)
  [Team B] Радиовышка B2 (9,5,0) → MOVE (8,4,0)
  [Team B] Прыгун B3 (9,3,0) → MOVE (8,3,0)
  [Team B] Тишина B5 (9,9,0) → MOVE (8,8,0)
  [Team B] Бурав B6 (9,6,0) → MOVE (8,5,0)
  [Team B] Провокатор B7 (9,8,0) → MOVE (8,7,0)
  [Team B] Паук B8 (9,2,0) → MOVE (8,2,0)
  [Team B] Факел B4 → SKIP
  [Team C] Артиллерия C1 (2,3,5) → SHOOT at (9,9,8)
  [Team C] Радиовышка C2 (2,3,1) → MOVE (3,4,2)
  [Team C] Прыгун C3 (2,3,8) → MOVE (3,4,7)
  [Team C] Тишина C5 (2,3,0) → MOVE (3,4,1)
  [Team C] Бурав C6 (2,3,3) → MOVE (3,4,4)
  [Team C] Провокатор C7 (2,3,6) → MOVE (3,4,5)
  [Team C] Паук C8 (2,3,9) → MOVE (3,4,8)
  [Team C] Факел C4 → SKIP
! 🎮 GM: принудительно завершает фазу планирования
GM: end_planning
# 
============================================================
# 🔄 ОБРАБОТКА ХОДА 1
# ============================================================

📦 ПЕРЕМЕЩЕНИЯ:
   Радиовышка A2: (7, 9, 9) → (6,8,9)
   Прыгун A3: (4, 9, 9) → (3,8,9)
   Факел A4: (1, 9, 9) → (2,9,9)
   Тишина A5: (3, 9, 9) → (2,8,9)
   Бурав A6: (8, 9, 9) → (7,8,9)
   Провокатор A7: (0, 9, 9) → (1,8,9)
   Паук A8: (9, 9, 9) → (8,8,9)
   Радиовышка B2: (9, 5, 0) → (8,4,0)
   Прыгун B3: (9, 3, 0) → (8,3,0)
   Тишина B5: (9, 9, 0) → (8,8,0)
   Бурав B6: (9, 6, 0) → (8,5,0)
   Провокатор B7: (9, 8, 0) → (8,7,0)
   Паук B8: (9, 2, 0) → (8,2,0)
   Радиовышка C2: (2, 3, 1) → (3,4,2)
   Прыгун C3: (2, 3, 8) → (3,4,7)
   Тишина C5: (2, 3, 0) → (3,4,1)
!    ⚠️ Бурав C6: Бурав двигается только по 1 оси или по 2 осям строго диагонально
   Провокатор C7: (2, 3, 6) → (3,4,5)
   Паук C8: (2, 3, 9) → (3,4,8)

🎯 ВЫСТРЕЛЫ:
   Выпущено ракет: 3
# 
📊 РЕЗУЛЬТАТЫ ХОДА 1:
🎯 Попаданий нет

--- Результаты хода ---
  Попаданий нет

--- Состояние команд после хода ---
  Team A: живых 8/8
    ✓ Артиллерия A1      @ (6,9,9) hp=1/1
    ✓ Радиовышка A2      @ (6,8,9) hp=3/3
    ✓ Прыгун A3          @ (3,8,9) hp=2/2
    ✓ Факел A4           @ (2,9,9) hp=6/6
    ✓ Тишина A5          @ (2,8,9) hp=2/2
    ✓ Бурав A6           @ (7,8,9) hp=4/4
    ✓ Провокатор A7      @ (1,8,9) hp=2/2
    ✓ Паук A8            @ (8,8,9) hp=1/1
  Team B: живых 8/8
    ✓ Артиллерия B1      @ (9,4,0) hp=1/1
    ✓ Радиовышка B2      @ (8,4,0) hp=3/3
    ✓ Прыгун B3          @ (8,3,0) hp=2/2
    ✓ Факел B4           @ (9,1,0) hp=6/6
    ✓ Тишина B5          @ (8,8,0) hp=2/2
    ✓ Бурав B6           @ (8,5,0) hp=4/4
    ✓ Провокатор B7      @ (8,7,0) hp=2/2
    ✓ Паук B8            @ (8,2,0) hp=1/1
  Team C: живых 8/8
    ✓ Артиллерия C1      @ (2,3,5) hp=1/1
    ✓ Радиовышка C2      @ (3,4,2) hp=3/3
    ✓ Прыгун C3          @ (3,4,7) hp=2/2
    ✓ Факел C4           @ (2,3,7) hp=6/6
    ✓ Тишина C5          @ (3,4,1) hp=2/2
    ✓ Бурав C6           @ (2,3,3) hp=4/4
    ✓ Провокатор C7      @ (3,4,5) hp=2/2
    ✓ Паук C8            @ (3,4,8) hp=1/1

======================================================================
ХОД 2
======================================================================
✓ 🎮 GM: начинаем ход
GM: start_turn

--- Радиовышки: сканирование слоя Z ---
  Радиовышка A2 (z=9): слой чист
  Радиовышка B2 (z=0): слой чист
  Радиовышка C2 (z=2): слой чист

--- Решения ботов ---
  [Team A] Артиллерия A1 (6,9,9) → SHOOT at (3,4,5)
  [Team A] Радиовышка A2 (6,8,9) → MOVE (5,7,8)
  [Team A] Прыгун A3 (3,8,9) → MOVE (3,7,8)
  [Team A] Факел A4 (2,9,9) → MOVE (3,9,9)
  [Team A] Тишина A5 (2,8,9) → PHASE toggle
  [Team A] Бурав A6 (7,8,9) → MOVE (6,7,8)
  [Team A] Провокатор A7 (1,8,9) → HOLOGRAM (2,7,8)
  [Team A] Паук A8 (8,8,9) → MOVE (7,7,8)
  [Team B] Артиллерия B1 (9,4,0) → SHOOT at (4,5,0)
  [Team B] Радиовышка B2 (8,4,0) → MOVE (7,3,0)
  [Team B] Факел B4 (9,1,0) → MOVE (9,2,0)
  [Team B] Тишина B5 (8,8,0) → MOVE (7,7,0)
  [Team B] Бурав B6 (8,5,0) → MOVE (7,4,0)
  [Team B] Провокатор B7 (8,7,0) → MOVE (7,6,0)
  [Team B] Паук B8 (8,2,0) → MOVE (7,2,0)
  [Team B] Прыгун B3 → SKIP
  [Team C] Артиллерия C1 (2,3,5) → SHOOT at (3,8,9)
  [Team C] Радиовышка C2 (3,4,2) → MOVE (4,5,3)
  [Team C] Прыгун C3 (3,4,7) → MOVE (4,5,8)
  [Team C] Факел C4 (2,3,7) → MOVE (2,3,6)
  [Team C] Тишина C5 (3,4,1) → MOVE (4,5,2)
  [Team C] Бурав C6 (2,3,3) → MOVE (3,4,4)
  [Team C] Провокатор C7 (3,4,5) → HOLOGRAM (4,5,6)
  [Team C] Паук C8 (3,4,8) → MINE (4,5,9)
! 🎮 GM: принудительно завершает фазу планирования
GM: end_planning
# 
============================================================
# 🔄 ОБРАБОТКА ХОДА 2
# ============================================================
   🌀 Тишина A5: фаза ВКЛ
   🪞 Провокатор A7 создал голограмму H1 в (2,7,8)
   🪞 Провокатор C7 создал голограмму H2 в (4,5,6)
   💣 Паук C8 установил мину M1 в (4,5,9)

📦 ПЕРЕМЕЩЕНИЯ:
   Радиовышка A2: (6, 8, 9) → (5,7,8)
   Прыгун A3: (3, 8, 9) → (3,7,8)
   Факел A4: (2, 9, 9) → (3,9,9)
!    ⚠️ Бурав A6: Бурав двигается только по 1 оси или по 2 осям строго диагонально
   Паук A8: (8, 8, 9) → (7,7,8)
   Радиовышка B2: (8, 4, 0) → (7,3,0)
   Факел B4: (9, 1, 0) → (9,2,0)
   Тишина B5: (8, 8, 0) → (7,7,0)
   Бурав B6: (8, 5, 0) → (7,4,0)
   Провокатор B7: (8, 7, 0) → (7,6,0)
   Паук B8: (8, 2, 0) → (7,2,0)
   Радиовышка C2: (3, 4, 2) → (4,5,3)
   Прыгун C3: (3, 4, 7) → (4,5,8)
   Факел C4: (2, 3, 7) → (2,3,6)
   Тишина C5: (3, 4, 1) → (4,5,2)
!    ⚠️ Бурав C6: Бурав двигается только по 1 оси или по 2 осям строго диагонально

🎯 ВЫСТРЕЛЫ:
✓    ✅ Артиллерия A1 поразил Провокатор C7 (2 урона)!
   Выпущено ракет: 3
# 
📊 РЕЗУЛЬТАТЫ ХОДА 2:
✓ 💥 ПОПАДАНИЯ:
✓    Артиллерия A1 (Team A) → Провокатор C7 (Team C)

--- Результаты хода ---
  Team A / Артиллерия A1      → Team C / Провокатор C7      @ (3,4,5)  (УБИТ)

--- Состояние команд после хода ---
  Team A: живых 8/8
    ✓ Артиллерия A1      @ (6,9,9) hp=1/1
    ✓ Радиовышка A2      @ (5,7,8) hp=3/3
    ✓ Прыгун A3          @ (3,7,8) hp=2/2
    ✓ Факел A4           @ (3,9,9) hp=6/6
    ✓ Тишина A5          @ (2,8,9) hp=2/2
    ✓ Бурав A6           @ (7,8,9) hp=4/4
    ✓ Провокатор A7      @ (1,8,9) hp=2/2
    ✓ Паук A8            @ (7,7,8) hp=1/1
  Team B: живых 8/8
    ✓ Артиллерия B1      @ (9,4,0) hp=1/1
    ✓ Радиовышка B2      @ (7,3,0) hp=3/3
    ✓ Прыгун B3          @ (8,3,0) hp=2/2
    ✓ Факел B4           @ (9,2,0) hp=6/6
    ✓ Тишина B5          @ (7,7,0) hp=2/2
    ✓ Бурав B6           @ (7,4,0) hp=4/4
    ✓ Провокатор B7      @ (7,6,0) hp=2/2
    ✓ Паук B8            @ (7,2,0) hp=1/1
  Team C: живых 7/8
    ✓ Артиллерия C1      @ (2,3,5) hp=1/1
    ✓ Радиовышка C2      @ (4,5,3) hp=3/3
    ✓ Прыгун C3          @ (4,5,8) hp=2/2
    ✓ Факел C4           @ (2,3,6) hp=6/6
    ✓ Тишина C5          @ (4,5,2) hp=2/2
    ✓ Бурав C6           @ (2,3,3) hp=4/4
    ✓ Паук C8            @ (3,4,8) hp=1/1
    ✗ Провокатор C7      @ (3,4,5) [уничтожен]

======================================================================
ХОД 3
======================================================================
✓ 🎮 GM: начинаем ход
GM: start_turn

--- Радиовышки: сканирование слоя Z ---
  Радиовышка A2 (z=8): видит 2 врагов  → Паук C8(3,4,8), Прыгун C3(4,5,8)
  Радиовышка B2 (z=0): слой чист
  Радиовышка C2 (z=3): слой чист

--- Решения ботов ---
  [Team A] Артиллерия A1 (6,9,9) → SHOOT at (2,3,5)
  [Team A] Радиовышка A2 (5,7,8) → MOVE (4,6,8)
  [Team A] Прыгун A3 (3,7,8) → MOVE (4,5,8)
  [Team A] Факел A4 (3,9,9) → MOVE (4,9,9)
  [Team A] Тишина A5 (2,8,9) → MOVE (2,7,8)
  [Team A] Бурав A6 (7,8,9) → MOVE (6,7,8)
  [Team A] Провокатор A7 (1,8,9) → HOLOGRAM (1,8,8)
  [Team A] Паук A8 (7,7,8) → MINE (6,6,8)
  [Team B] Артиллерия B1 (9,4,0) → SHOOT at (4,5,2)
  [Team B] Радиовышка B2 (7,3,0) → MOVE (6,4,1)
  [Team B] Прыгун B3 (8,3,0) → MOVE (7,4,1)
  [Team B] Факел B4 (9,2,0) → MOVE (9,3,0)
  [Team B] Тишина B5 (7,7,0) → MOVE (6,6,1)
  [Team B] Бурав B6 (7,4,0) → MOVE (6,5,1)
  [Team B] Провокатор B7 (7,6,0) → HOLOGRAM (7,5,0)
  [Team B] Паук B8 (7,2,0) → MINE (6,3,1)
  [Team C] Артиллерия C1 (2,3,5) → SHOOT at (6,9,9)
  [Team C] Радиовышка C2 (4,5,3) → MOVE (5,4,2)
  [Team C] Прыгун C3 (4,5,8) → MOVE (3,7,8)
  [Team C] Тишина C5 (4,5,2) → PHASE toggle
  [Team C] Бурав C6 (2,3,3) → MOVE (3,4,4)
  [Team C] Паук C8 (3,4,8) → MINE (4,4,8)
  [Team C] Факел C4 → SKIP
! 🎮 GM: принудительно завершает фазу планирования
GM: end_planning
# 
============================================================
# 🔄 ОБРАБОТКА ХОДА 3
# ============================================================
   🌀 Тишина C5: фаза ВКЛ
   🪞 Провокатор A7 создал голограмму H3 в (1,8,8)
   🪞 Провокатор B7 создал голограмму H4 в (7,5,0)
   💣 Паук A8 установил мину M2 в (6,6,8)
   💣 Паук B8 установил мину M3 в (6,3,1)
   💣 Паук C8 установил мину M4 в (4,4,8)

📦 ПЕРЕМЕЩЕНИЯ:
   Радиовышка A2: (5, 7, 8) → (4,6,8)
✓    💥 Прыгун A3 тараном уничтожил Прыгун C3 в (4,5,8)
   Прыгун A3: (3, 7, 8) → (4,5,8)
   Факел A4: (3, 9, 9) → (4,9,9)
!    ⚠️ Тишина A5: клетка (2,7,8) занята
!    ⚠️ Бурав A6: Бурав двигается только по 1 оси или по 2 осям строго диагонально
   Радиовышка B2: (7, 3, 0) → (6,4,1)
   Прыгун B3: (8, 3, 0) → (7,4,1)
   Факел B4: (9, 2, 0) → (9,3,0)
   Тишина B5: (7, 7, 0) → (6,6,1)
!    ⚠️ Бурав B6: Бурав двигается только по 1 оси или по 2 осям строго диагонально
   Радиовышка C2: (4, 5, 3) → (5,4,2)
!    ⚠️ Бурав C6: Бурав двигается только по 1 оси или по 2 осям строго диагонально

🎯 ВЫСТРЕЛЫ:
✓    ✅ Артиллерия A1 поразил Артиллерия C1 (2 урона)!
✓    ✅ Артиллерия C1 поразил Артиллерия A1 (2 урона)!
   Выпущено ракет: 3
# 
📊 РЕЗУЛЬТАТЫ ХОДА 3:
✓ 💥 ПОПАДАНИЯ:
✓    Артиллерия A1 (Team A) → Артиллерия C1 (Team C)
✓    Артиллерия C1 (Team C) → Артиллерия A1 (Team A)

--- Результаты хода ---
  Team A / Прыгун A3          → Team C / Прыгун C3          @ (4,5,8)  (УБИТ)
  Team A / Артиллерия A1      → Team C / Артиллерия C1      @ (2,3,5)  (УБИТ)
  Team C / Артиллерия C1      → Team A / Артиллерия A1      @ (6,9,9)  (УБИТ)

--- Состояние команд после хода ---
  Team A: живых 7/8
    ✓ Радиовышка A2      @ (4,6,8) hp=3/3
    ✓ Прыгун A3          @ (4,5,8) hp=2/2
    ✓ Факел A4           @ (4,9,9) hp=6/6
    ✓ Тишина A5          @ (2,8,9) hp=2/2
    ✓ Бурав A6           @ (7,8,9) hp=4/4
    ✓ Провокатор A7      @ (1,8,9) hp=2/2
    ✓ Паук A8            @ (7,7,8) hp=1/1
    ✗ Артиллерия A1      @ (6,9,9) [уничтожен]
  Team B: живых 8/8
    ✓ Артиллерия B1      @ (9,4,0) hp=1/1
    ✓ Радиовышка B2      @ (6,4,1) hp=3/3
    ✓ Прыгун B3          @ (7,4,1) hp=2/2
    ✓ Факел B4           @ (9,3,0) hp=6/6
    ✓ Тишина B5          @ (6,6,1) hp=2/2
    ✓ Бурав B6           @ (7,4,0) hp=4/4
    ✓ Провокатор B7      @ (7,6,0) hp=2/2
    ✓ Паук B8            @ (7,2,0) hp=1/1
  Team C: живых 5/8
    ✓ Радиовышка C2      @ (5,4,2) hp=3/3
    ✓ Факел C4           @ (2,3,6) hp=6/6
    ✓ Тишина C5          @ (4,5,2) hp=2/2
    ✓ Бурав C6           @ (2,3,3) hp=4/4
    ✓ Паук C8            @ (3,4,8) hp=1/1
    ✗ Артиллерия C1      @ (2,3,5) [уничтожен]
    ✗ Прыгун C3          @ (4,5,8) [уничтожен]
    ✗ Провокатор C7      @ (3,4,5) [уничтожен]

======================================================================
ХОД 4
======================================================================
✓ 🎮 GM: начинаем ход
GM: start_turn

--- Радиовышки: сканирование слоя Z ---
  Радиовышка A2 (z=8): видит 1 врагов  → Паук C8(3,4,8)
  Радиовышка B2 (z=1): слой чист
  Радиовышка C2 (z=2): слой чист

--- Решения ботов ---
  [Team A] Радиовышка A2 (4,6,8) → MOVE (3,5,8)
  [Team A] Прыгун A3 (4,5,8) → MOVE (2,3,6)
  [Team A] Факел A4 (4,9,9) → MOVE (4,8,8)
  [Team A] Тишина A5 (2,8,9) → MOVE (3,7,8)
  [Team A] Бурав A6 (7,8,9) → MOVE (6,7,8)
  [Team A] Провокатор A7 (1,8,9) → HOLOGRAM (2,7,8)
  [Team A] Паук A8 (7,7,8) → MINE (6,6,8)
  [Team B] Артиллерия B1 (9,4,0) → SHOOT at (5,4,2)
  [Team B] Радиовышка B2 (6,4,1) → MOVE (5,4,2)
  [Team B] Прыгун B3 (7,4,1) → MOVE (6,4,2)
  [Team B] Тишина B5 (6,6,1) → MOVE (5,5,2)
  [Team B] Бурав B6 (7,4,0) → MOVE (6,4,0)
  [Team B] Провокатор B7 (7,6,0) → HOLOGRAM (6,5,1)
  [Team B] Паук B8 (7,2,0) → MINE (6,3,1)
  [Team B] Факел B4 → SKIP
  [Team C] Радиовышка C2 (5,4,2) → MOVE (6,4,1)
  [Team C] Факел C4 (2,3,6) → MOVE (2,3,5)
  [Team C] Тишина C5 (4,5,2) → MOVE (5,4,1)
  [Team C] Бурав C6 (2,3,3) → MOVE (3,4,2)
  [Team C] Паук C8 (3,4,8) → MINE (3,5,8)
! 🎮 GM: принудительно завершает фазу планирования
GM: end_planning
# 
============================================================
# 🔄 ОБРАБОТКА ХОДА 4
# ============================================================
!    ⚠️ Провокатор A7: клетка (2,7,8) уже занята голограммой
   🪞 Провокатор B7 создал голограмму H5 в (6,5,1)
!    ⚠️ Паук A8: в клетке уже стоит мина
!    ⚠️ Паук B8: в клетке уже стоит мина
   💣 Паук C8 установил мину M5 в (3,5,8)

📦 ПЕРЕМЕЩЕНИЯ:
   Радиовышка A2: (4, 6, 8) → (3,5,8)
!    💥 Мина M5 сработала под Радиовышка A2 (урон 2)
✓    💥 Прыгун A3 тараном уничтожил Факел C4 в (2,3,6)
   Прыгун A3: (4, 5, 8) → (2,3,6)
   Факел A4: (4, 9, 9) → (4,8,8)
   Тишина A5: (2, 8, 9) → (3,7,8)
!    ⚠️ Бурав A6: Бурав двигается только по 1 оси или по 2 осям строго диагонально
!    ⚠️ Радиовышка B2: клетка (5,4,2) занята
   Прыгун B3: (7, 4, 1) → (6,4,2)
   Тишина B5: (6, 6, 1) → (5,5,2)
   Бурав B6: (7, 4, 0) → (6,4,0)
!    ⚠️ Радиовышка C2: клетка (6,4,1) занята
   Тишина C5: (4, 5, 2) → (5,4,1)
!    ⚠️ Бурав C6: Бурав двигается только по 1 оси или по 2 осям строго диагонально

🎯 ВЫСТРЕЛЫ:
✓    ✅ Артиллерия B1 поразил Радиовышка C2 (2 урона)!
   Выпущено ракет: 1
# 
📊 РЕЗУЛЬТАТЫ ХОДА 4:
✓ 💥 ПОПАДАНИЯ:
✓    Артиллерия B1 (Team B) → Радиовышка C2 (Team C)

--- Результаты хода ---
  ? / ?                  → Team A / Радиовышка A2      @ (3,5,8)  (ранен)
  Team A / Прыгун A3          → Team C / Факел C4           @ (2,3,6)  (УБИТ)
  Team B / Артиллерия B1      → Team C / Радиовышка C2      @ (5,4,2)  (ранен)

--- Состояние команд после хода ---
  Team A: живых 7/8
    ✓ Радиовышка A2      @ (3,5,8) hp=1/3
    ✓ Прыгун A3          @ (2,3,6) hp=2/2
    ✓ Факел A4           @ (4,8,8) hp=6/6
    ✓ Тишина A5          @ (3,7,8) hp=2/2
    ✓ Бурав A6           @ (7,8,9) hp=4/4
    ✓ Провокатор A7      @ (1,8,9) hp=2/2
    ✓ Паук A8            @ (7,7,8) hp=1/1
    ✗ Артиллерия A1      @ (6,9,9) [уничтожен]
  Team B: живых 8/8
    ✓ Артиллерия B1      @ (9,4,0) hp=1/1
    ✓ Радиовышка B2      @ (6,4,1) hp=3/3
    ✓ Прыгун B3          @ (6,4,2) hp=2/2
    ✓ Факел B4           @ (9,3,0) hp=6/6
    ✓ Тишина B5          @ (5,5,2) hp=2/2
    ✓ Бурав B6           @ (6,4,0) hp=4/4
    ✓ Провокатор B7      @ (7,6,0) hp=2/2
    ✓ Паук B8            @ (7,2,0) hp=1/1
  Team C: живых 4/8
    ✓ Радиовышка C2      @ (5,4,2) hp=1/3
    ✓ Тишина C5          @ (5,4,1) hp=2/2
    ✓ Бурав C6           @ (2,3,3) hp=4/4
    ✓ Паук C8            @ (3,4,8) hp=1/1
    ✗ Артиллерия C1      @ (2,3,5) [уничтожен]
    ✗ Прыгун C3          @ (4,5,8) [уничтожен]
    ✗ Факел C4           @ (2,3,6) [уничтожен]
    ✗ Провокатор C7      @ (3,4,5) [уничтожен]

======================================================================
ХОД 5
======================================================================
✓ 🎮 GM: начинаем ход
GM: start_turn

--- Радиовышки: сканирование слоя Z ---
  Радиовышка A2 (z=8): видит 1 врагов  → Паук C8(3,4,8)
  Радиовышка B2 (z=1): слой чист
  Радиовышка C2 (z=2): видит 2 врагов  → Тишина B5(5,5,2), Прыгун B3(6,4,2)

--- Решения ботов ---
  [Team A] Радиовышка A2 (3,5,8) → MOVE (3,4,8)
  [Team A] Прыгун A3 (2,3,6) → SHOOT at (2,3,3)
  [Team A] Факел A4 (4,8,8) → MOVE (4,7,8)
  [Team A] Тишина A5 (3,7,8) → PHASE toggle
  [Team A] Бурав A6 (7,8,9) → MOVE (6,7,8)
  [Team A] Провокатор A7 (1,8,9) → HOLOGRAM (2,7,8)
  [Team A] Паук A8 (7,7,8) → MINE (6,6,8)
  [Team B] Артиллерия B1 (9,4,0) → SHOOT at (5,4,2)
  [Team B] Радиовышка B2 (6,4,1) → MOVE (5,4,2)
  [Team B] Прыгун B3 (6,4,2) → SHOOT at (5,4,2)
  [Team B] Тишина B5 (5,5,2) → PHASE toggle
  [Team B] Бурав B6 (6,4,0) → MOVE (5,4,1)
  [Team B] Провокатор B7 (7,6,0) → HOLOGRAM (6,5,1)
  [Team B] Паук B8 (7,2,0) → MINE (6,3,1)
  [Team B] Факел B4 → SKIP
  [Team C] Радиовышка C2 (5,4,2) → MOVE (6,4,1)
  [Team C] Бурав C6 (2,3,3) → MOVE (2,3,6)
  [Team C] Паук C8 (3,4,8) → MINE (3,4,7)
  [Team C] Тишина C5 → SKIP
! 🎮 GM: принудительно завершает фазу планирования
GM: end_planning
# 
============================================================
# 🔄 ОБРАБОТКА ХОДА 5
# ============================================================
   🌀 Тишина A5: фаза ВЫКЛ
   🌀 Тишина B5: фаза ВКЛ
!    ⚠️ Провокатор A7: клетка (2,7,8) уже занята голограммой
!    ⚠️ Провокатор B7: клетка (6,5,1) уже занята голограммой
!    ⚠️ Паук A8: в клетке уже стоит мина
!    ⚠️ Паук B8: в клетке уже стоит мина
   💣 Паук C8 установил мину M6 в (3,4,7)

📦 ПЕРЕМЕЩЕНИЯ:
!    ⚠️ Радиовышка A2: клетка (3,4,8) занята
   Факел A4: (4, 8, 8) → (4,7,8)
!    ⚠️ Бурав A6: Бурав двигается только по 1 оси или по 2 осям строго диагонально
!    ⚠️ Радиовышка B2: клетка (5,4,2) занята
   Бурав B6: (6, 4, 0) → (5,4,1)
!    ⚠️ Радиовышка C2: клетка (6,4,1) занята
✓    💥 Бурав C6 тараном уничтожил Прыгун A3 в (2,3,6)
   Бурав C6: (2, 3, 3) → (2,3,6)

🎯 ВЫСТРЕЛЫ:
✓    ✅ Артиллерия B1 поразил Радиовышка C2 (2 урона)!
   💀 Прыгун B3 добивает Радиовышка C2
✓    ✅ Прыгун B3 поразил Радиовышка C2 (1 урона)!
   Выпущено ракет: 2
# 
📊 РЕЗУЛЬТАТЫ ХОДА 5:
✓ 💥 ПОПАДАНИЯ:
✓    Артиллерия B1 (Team B) → Радиовышка C2 (Team C)
✓    Прыгун B3 (Team B) → Радиовышка C2 (Team C)

--- Результаты хода ---
  Team C / Бурав C6           → Team A / Прыгун A3          @ (2,3,6)  (УБИТ)
  Team B / Артиллерия B1      → Team C / Радиовышка C2      @ (5,4,2)  (УБИТ)
  Team B / Прыгун B3          → Team C / Радиовышка C2      @ (5,4,2)  (ранен)

--- Состояние команд после хода ---
  Team A: живых 6/8
    ✓ Радиовышка A2      @ (3,5,8) hp=1/3
    ✓ Факел A4           @ (4,7,8) hp=6/6
    ✓ Тишина A5          @ (3,7,8) hp=2/2
    ✓ Бурав A6           @ (7,8,9) hp=4/4
    ✓ Провокатор A7      @ (1,8,9) hp=2/2
    ✓ Паук A8            @ (7,7,8) hp=1/1
    ✗ Артиллерия A1      @ (6,9,9) [уничтожен]
    ✗ Прыгун A3          @ (2,3,6) [уничтожен]
  Team B: живых 8/8
    ✓ Артиллерия B1      @ (9,4,0) hp=1/1
    ✓ Радиовышка B2      @ (6,4,1) hp=3/3
    ✓ Прыгун B3          @ (6,4,2) hp=2/2
    ✓ Факел B4           @ (9,3,0) hp=6/6
    ✓ Тишина B5          @ (5,5,2) hp=2/2
    ✓ Бурав B6           @ (5,4,1) hp=4/4
    ✓ Провокатор B7      @ (7,6,0) hp=2/2
    ✓ Паук B8            @ (7,2,0) hp=1/1
  Team C: живых 3/8
    ✓ Тишина C5          @ (5,4,1) hp=2/2
    ✓ Бурав C6           @ (2,3,6) hp=4/4
    ✓ Паук C8            @ (3,4,8) hp=1/1
    ✗ Артиллерия C1      @ (2,3,5) [уничтожен]
    ✗ Радиовышка C2      @ (5,4,2) [уничтожен]
    ✗ Прыгун C3          @ (4,5,8) [уничтожен]
    ✗ Факел C4           @ (2,3,6) [уничтожен]
    ✗ Провокатор C7      @ (3,4,5) [уничтожен]

======================================================================
ХОД 6
======================================================================
✓ 🎮 GM: начинаем ход
GM: start_turn

--- Радиовышки: сканирование слоя Z ---
  Радиовышка A2 (z=8): видит 1 врагов  → Паук C8(3,4,8)
  Радиовышка B2 (z=1): слой чист

--- Решения ботов ---
  [Team A] Радиовышка A2 (3,5,8) → MOVE (3,4,8)
  [Team A] Факел A4 (4,7,8) → HEAL (AoE)
  [Team A] Тишина A5 (3,7,8) → MOVE (3,6,8)
  [Team A] Бурав A6 (7,8,9) → MOVE (6,7,8)
  [Team A] Провокатор A7 (1,8,9) → HOLOGRAM (2,7,8)
  [Team A] Паук A8 (7,7,8) → MINE (6,6,8)
  [Team B] Артиллерия B1 (9,4,0) → SHOOT at (2,3,6)
  [Team B] Радиовышка B2 (6,4,1) → MOVE (5,3,2)
  [Team B] Прыгун B3 (6,4,2) → MOVE (5,3,3)
  [Team B] Тишина B5 (5,5,2) → PHASE toggle
  [Team B] Бурав B6 (5,4,1) → MOVE (4,3,2)
  [Team B] Провокатор B7 (7,6,0) → MOVE (6,5,1)
  [Team B] Паук B8 (7,2,0) → MOVE (6,3,1)
  [Team B] Факел B4 → SKIP
  [Team C] Бурав C6 (2,3,6) → MOVE (3,4,7)
  [Team C] Паук C8 (3,4,8) → MINE (3,5,8)
  [Team C] Тишина C5 → SKIP
! 🎮 GM: принудительно завершает фазу планирования
GM: end_planning
# 
============================================================
# 🔄 ОБРАБОТКА ХОДА 6
# ============================================================
   🌀 Тишина B5: фаза ВЫКЛ
!    ⚠️ Провокатор A7: клетка (2,7,8) уже занята голограммой
!    ⚠️ Паук A8: в клетке уже стоит мина
!    ⚠️ Паук C8: клетка (3,5,8) занята кораблём

📦 ПЕРЕМЕЩЕНИЯ:
!    ⚠️ Радиовышка A2: клетка (3,4,8) занята
   Тишина A5: (3, 7, 8) → (3,6,8)
!    ⚠️ Бурав A6: Бурав двигается только по 1 оси или по 2 осям строго диагонально
   Радиовышка B2: (6, 4, 1) → (5,3,2)
   Прыгун B3: (6, 4, 2) → (5,3,3)
!    ⚠️ Бурав B6: Бурав двигается только по 1 оси или по 2 осям строго диагонально
!    ⚠️ Провокатор B7: клетка (6,5,1) занята
   Паук B8: (7, 2, 0) → (6,3,1)
!    ⚠️ Бурав C6: Бурав двигается только по 1 оси или по 2 осям строго диагонально

🎯 ВЫСТРЕЛЫ:
✓    ✅ Артиллерия B1 поразил Бурав C6 (2 урона)!
✓    💚 Факел A4 лечит Радиовышка A2 → hits=1/3
   Выпущено ракет: 1
# 
📊 РЕЗУЛЬТАТЫ ХОДА 6:
✓ 💥 ПОПАДАНИЯ:
✓    Артиллерия B1 (Team B) → Бурав C6 (Team C)

--- Результаты хода ---
  Team B / Артиллерия B1      → Team C / Бурав C6           @ (2,3,6)  (ранен)

--- Состояние команд после хода ---
  Team A: живых 6/8
    ✓ Радиовышка A2      @ (3,5,8) hp=2/3
    ✓ Факел A4           @ (4,7,8) hp=6/6
    ✓ Тишина A5          @ (3,6,8) hp=2/2
    ✓ Бурав A6           @ (7,8,9) hp=4/4
    ✓ Провокатор A7      @ (1,8,9) hp=2/2
    ✓ Паук A8            @ (7,7,8) hp=1/1
    ✗ Артиллерия A1      @ (6,9,9) [уничтожен]
    ✗ Прыгун A3          @ (2,3,6) [уничтожен]
  Team B: живых 8/8
    ✓ Артиллерия B1      @ (9,4,0) hp=1/1
    ✓ Радиовышка B2      @ (5,3,2) hp=3/3
    ✓ Прыгун B3          @ (5,3,3) hp=2/2
    ✓ Факел B4           @ (9,3,0) hp=6/6
    ✓ Тишина B5          @ (5,5,2) hp=2/2
    ✓ Бурав B6           @ (5,4,1) hp=4/4
    ✓ Провокатор B7      @ (7,6,0) hp=2/2
    ✓ Паук B8            @ (6,3,1) hp=1/1
  Team C: живых 3/8
    ✓ Тишина C5          @ (5,4,1) hp=2/2
    ✓ Бурав C6           @ (2,3,6) hp=2/4
    ✓ Паук C8            @ (3,4,8) hp=1/1
    ✗ Артиллерия C1      @ (2,3,5) [уничтожен]
    ✗ Радиовышка C2      @ (5,4,2) [уничтожен]
    ✗ Прыгун C3          @ (4,5,8) [уничтожен]
    ✗ Факел C4           @ (2,3,6) [уничтожен]
    ✗ Провокатор C7      @ (3,4,5) [уничтожен]

======================================================================
ХОД 7
======================================================================
✓ 🎮 GM: начинаем ход
GM: start_turn

--- Радиовышки: сканирование слоя Z ---
  Радиовышка A2 (z=8): видит 1 врагов  → Паук C8(3,4,8)
  Радиовышка B2 (z=2): слой чист

--- Решения ботов ---
  [Team A] Радиовышка A2 (3,5,8) → MOVE (3,4,8)
  [Team A] Факел A4 (4,7,8) → HEAL (AoE)
  [Team A] Бурав A6 (7,8,9) → MOVE (6,7,8)
  [Team A] Провокатор A7 (1,8,9) → HOLOGRAM (2,7,8)
  [Team A] Паук A8 (7,7,8) → MINE (6,6,8)
  [Team A] Тишина A5 → SKIP
  [Team B] Артиллерия B1 (9,4,0) → SHOOT at (2,3,6)
  [Team B] Радиовышка B2 (5,3,2) → MOVE (4,3,3)
  [Team B] Прыгун B3 (5,3,3) → MOVE (4,3,4)
  [Team B] Тишина B5 (5,5,2) → MOVE (4,4,3)
  [Team B] Бурав B6 (5,4,1) → MOVE (4,3,2)
  [Team B] Провокатор B7 (7,6,0) → MOVE (6,5,1)
  [Team B] Паук B8 (6,3,1) → MOVE (5,3,1)
  [Team B] Факел B4 → SKIP
  [Team C] Бурав C6 (2,3,6) → MOVE (5,3,3)
  [Team C] Паук C8 (3,4,8) → MINE (3,5,8)
  [Team C] Тишина C5 → SKIP
! 🎮 GM: принудительно завершает фазу планирования
GM: end_planning
# 
============================================================
# 🔄 ОБРАБОТКА ХОДА 7
# ============================================================
!    ⚠️ Провокатор A7: клетка (2,7,8) уже занята голограммой
!    ⚠️ Паук A8: в клетке уже стоит мина
!    ⚠️ Паук C8: клетка (3,5,8) занята кораблём

📦 ПЕРЕМЕЩЕНИЯ:
!    ⚠️ Радиовышка A2: клетка (3,4,8) занята
!    ⚠️ Бурав A6: Бурав двигается только по 1 оси или по 2 осям строго диагонально
   Радиовышка B2: (5, 3, 2) → (4,3,3)
   Прыгун B3: (5, 3, 3) → (4,3,4)
   Тишина B5: (5, 5, 2) → (4,4,3)
!    ⚠️ Бурав B6: Бурав двигается только по 1 оси или по 2 осям строго диагонально
!    ⚠️ Провокатор B7: клетка (6,5,1) занята
   Паук B8: (6, 3, 1) → (5,3,1)
   Бурав C6: (2, 3, 6) → (5,3,3)

🎯 ВЫСТРЕЛЫ:
✓    💚 Факел A4 лечит Радиовышка A2 → hits=0/3
   Выпущено ракет: 1
# 
📊 РЕЗУЛЬТАТЫ ХОДА 7:
🎯 Попаданий нет

--- Результаты хода ---
  Попаданий нет

--- Состояние команд после хода ---
  Team A: живых 6/8
    ✓ Радиовышка A2      @ (3,5,8) hp=3/3
    ✓ Факел A4           @ (4,7,8) hp=6/6
    ✓ Тишина A5          @ (3,6,8) hp=2/2
    ✓ Бурав A6           @ (7,8,9) hp=4/4
    ✓ Провокатор A7      @ (1,8,9) hp=2/2
    ✓ Паук A8            @ (7,7,8) hp=1/1
    ✗ Артиллерия A1      @ (6,9,9) [уничтожен]
    ✗ Прыгун A3          @ (2,3,6) [уничтожен]
  Team B: живых 8/8
    ✓ Артиллерия B1      @ (9,4,0) hp=1/1
    ✓ Радиовышка B2      @ (4,3,3) hp=3/3
    ✓ Прыгун B3          @ (4,3,4) hp=2/2
    ✓ Факел B4           @ (9,3,0) hp=6/6
    ✓ Тишина B5          @ (4,4,3) hp=2/2
    ✓ Бурав B6           @ (5,4,1) hp=4/4
    ✓ Провокатор B7      @ (7,6,0) hp=2/2
    ✓ Паук B8            @ (5,3,1) hp=1/1
  Team C: живых 3/8
    ✓ Тишина C5          @ (5,4,1) hp=2/2
    ✓ Бурав C6           @ (5,3,3) hp=2/4
    ✓ Паук C8            @ (3,4,8) hp=1/1
    ✗ Артиллерия C1      @ (2,3,5) [уничтожен]
    ✗ Радиовышка C2      @ (5,4,2) [уничтожен]
    ✗ Прыгун C3          @ (4,5,8) [уничтожен]
    ✗ Факел C4           @ (2,3,6) [уничтожен]
    ✗ Провокатор C7      @ (3,4,5) [уничтожен]

======================================================================
ХОД 8
======================================================================
✓ 🎮 GM: начинаем ход
GM: start_turn

--- Радиовышки: сканирование слоя Z ---
  Радиовышка A2 (z=8): видит 1 врагов  → Паук C8(3,4,8)
  Радиовышка B2 (z=3): видит 1 врагов  → Бурав C6(5,3,3)

--- Решения ботов ---
  [Team A] Радиовышка A2 (3,5,8) → MOVE (3,4,8)
  [Team A] Факел A4 (4,7,8) → MOVE (3,8,9)
  [Team A] Тишина A5 (3,6,8) → PHASE toggle
  [Team A] Бурав A6 (7,8,9) → MOVE (6,7,8)
  [Team A] Провокатор A7 (1,8,9) → HOLOGRAM (2,7,8)
  [Team A] Паук A8 (7,7,8) → MINE (6,6,7)
  [Team B] Артиллерия B1 (9,4,0) → SHOOT at (5,3,3)
  [Team B] Радиовышка B2 (4,3,3) → MOVE (5,3,3)
  [Team B] Прыгун B3 (4,3,4) → MOVE (5,3,4)
  [Team B] Тишина B5 (4,4,3) → PHASE toggle
  [Team B] Бурав B6 (5,4,1) → MOVE (5,3,2)
  [Team B] Провокатор B7 (7,6,0) → HOLOGRAM (6,5,1)
  [Team B] Паук B8 → SKIP
  [Team B] Факел B4 → SKIP
  [Team C] Бурав C6 (5,3,3) → MOVE (4,3,4)
  [Team C] Паук C8 (3,4,8) → MINE (3,5,8)
  [Team C] Тишина C5 → SKIP
! 🎮 GM: принудительно завершает фазу планирования
GM: end_planning
# 
============================================================
# 🔄 ОБРАБОТКА ХОДА 8
# ============================================================
   🌀 Тишина A5: фаза ВКЛ
   🌀 Тишина B5: фаза ВКЛ
!    ⚠️ Провокатор A7: клетка (2,7,8) уже занята голограммой
!    ⚠️ Провокатор B7: клетка (6,5,1) уже занята голограммой
   💣 Паук A8 установил мину M7 в (6,6,7)
!    ⚠️ Паук C8: клетка (3,5,8) занята кораблём

📦 ПЕРЕМЕЩЕНИЯ:
!    ⚠️ Радиовышка A2: клетка (3,4,8) занята
   Факел A4: (4, 7, 8) → (3,8,9)
!    ⚠️ Бурав A6: Бурав двигается только по 1 оси или по 2 осям строго диагонально
!    ⚠️ Радиовышка B2: клетка (5,3,3) занята
   Прыгун B3: (4, 3, 4) → (5,3,4)
   Бурав B6: (5, 4, 1) → (5,3,2)
   Бурав C6: (5, 3, 3) → (4,3,4)

🎯 ВЫСТРЕЛЫ:
   Выпущено ракет: 1
# 
📊 РЕЗУЛЬТАТЫ ХОДА 8:
🎯 Попаданий нет

--- Результаты хода ---
  Попаданий нет

--- Состояние команд после хода ---
  Team A: живых 6/8
    ✓ Радиовышка A2      @ (3,5,8) hp=3/3
    ✓ Факел A4           @ (3,8,9) hp=6/6
    ✓ Тишина A5          @ (3,6,8) hp=2/2
    ✓ Бурав A6           @ (7,8,9) hp=4/4
    ✓ Провокатор A7      @ (1,8,9) hp=2/2
    ✓ Паук A8            @ (7,7,8) hp=1/1
    ✗ Артиллерия A1      @ (6,9,9) [уничтожен]
    ✗ Прыгун A3          @ (2,3,6) [уничтожен]
  Team B: живых 8/8
    ✓ Артиллерия B1      @ (9,4,0) hp=1/1
    ✓ Радиовышка B2      @ (4,3,3) hp=3/3
    ✓ Прыгун B3          @ (5,3,4) hp=2/2
    ✓ Факел B4           @ (9,3,0) hp=6/6
    ✓ Тишина B5          @ (4,4,3) hp=2/2
    ✓ Бурав B6           @ (5,3,2) hp=4/4
    ✓ Провокатор B7      @ (7,6,0) hp=2/2
    ✓ Паук B8            @ (5,3,1) hp=1/1
  Team C: живых 3/8
    ✓ Тишина C5          @ (5,4,1) hp=2/2
    ✓ Бурав C6           @ (4,3,4) hp=2/4
    ✓ Паук C8            @ (3,4,8) hp=1/1
    ✗ Артиллерия C1      @ (2,3,5) [уничтожен]
    ✗ Радиовышка C2      @ (5,4,2) [уничтожен]
    ✗ Прыгун C3          @ (4,5,8) [уничтожен]
    ✗ Факел C4           @ (2,3,6) [уничтожен]
    ✗ Провокатор C7      @ (3,4,5) [уничтожен]

======================================================================
ХОД 9
======================================================================
✓ 🎮 GM: начинаем ход
GM: start_turn

--- Радиовышки: сканирование слоя Z ---
  Радиовышка A2 (z=8): видит 1 врагов  → Паук C8(3,4,8)
  Радиовышка B2 (z=3): слой чист

--- Решения ботов ---
  [Team A] Радиовышка A2 (3,5,8) → MOVE (3,4,8)
  [Team A] Факел A4 (3,8,9) → MOVE (2,8,9)
  [Team A] Бурав A6 (7,8,9) → MOVE (6,7,8)
  [Team A] Провокатор A7 (1,8,9) → HOLOGRAM (2,7,8)
  [Team A] Паук A8 (7,7,8) → MINE (6,6,7)
  [Team A] Тишина A5 → SKIP
  [Team B] Артиллерия B1 (9,4,0) → SHOOT at (4,3,4)
  [Team B] Радиовышка B2 (4,3,3) → MOVE (4,3,4)
  [Team B] Прыгун B3 (5,3,4) → SHOOT at (4,3,4)
  [Team B] Тишина B5 (4,4,3) → PHASE toggle
  [Team B] Бурав B6 (5,3,2) → MOVE (4,3,2)
  [Team B] Провокатор B7 (7,6,0) → HOLOGRAM (6,5,1)
  [Team B] Паук B8 (5,3,1) → MINE (4,3,1)
  [Team B] Факел B4 → SKIP
  [Team C] Тишина C5 (5,4,1) → MOVE (5,3,2)
  [Team C] Бурав C6 (4,3,4) → MOVE (5,3,4)
  [Team C] Паук C8 (3,4,8) → MINE (3,5,8)
! 🎮 GM: принудительно завершает фазу планирования
GM: end_planning
# 
============================================================
# 🔄 ОБРАБОТКА ХОДА 9
# ============================================================
   🌀 Тишина B5: фаза ВЫКЛ
!    ⚠️ Провокатор A7: клетка (2,7,8) уже занята голограммой
!    ⚠️ Провокатор B7: клетка (6,5,1) уже занята голограммой
!    ⚠️ Паук A8: в клетке уже стоит мина
   💣 Паук B8 установил мину M8 в (4,3,1)
!    ⚠️ Паук C8: клетка (3,5,8) занята кораблём

📦 ПЕРЕМЕЩЕНИЯ:
!    ⚠️ Радиовышка A2: клетка (3,4,8) занята
   Факел A4: (3, 8, 9) → (2,8,9)
!    ⚠️ Бурав A6: Бурав двигается только по 1 оси или по 2 осям строго диагонально
!    ⚠️ Радиовышка B2: клетка (4,3,4) занята
   Бурав B6: (5, 3, 2) → (4,3,2)
   Тишина C5: (5, 4, 1) → (5,3,2)
✓    💥 Бурав C6 тараном уничтожил Прыгун B3 в (5,3,4)
   Бурав C6: (4, 3, 4) → (5,3,4)

🎯 ВЫСТРЕЛЫ:
   Выпущено ракет: 1
# 
📊 РЕЗУЛЬТАТЫ ХОДА 9:
🎯 Попаданий нет

--- Результаты хода ---
  Team C / Бурав C6           → Team B / Прыгун B3          @ (5,3,4)  (УБИТ)

--- Состояние команд после хода ---
  Team A: живых 6/8
    ✓ Радиовышка A2      @ (3,5,8) hp=3/3
    ✓ Факел A4           @ (2,8,9) hp=6/6
    ✓ Тишина A5          @ (3,6,8) hp=2/2
    ✓ Бурав A6           @ (7,8,9) hp=4/4
    ✓ Провокатор A7      @ (1,8,9) hp=2/2
    ✓ Паук A8            @ (7,7,8) hp=1/1
    ✗ Артиллерия A1      @ (6,9,9) [уничтожен]
    ✗ Прыгун A3          @ (2,3,6) [уничтожен]
  Team B: живых 7/8
    ✓ Артиллерия B1      @ (9,4,0) hp=1/1
    ✓ Радиовышка B2      @ (4,3,3) hp=3/3
    ✓ Факел B4           @ (9,3,0) hp=6/6
    ✓ Тишина B5          @ (4,4,3) hp=2/2
    ✓ Бурав B6           @ (4,3,2) hp=4/4
    ✓ Провокатор B7      @ (7,6,0) hp=2/2
    ✓ Паук B8            @ (5,3,1) hp=1/1
    ✗ Прыгун B3          @ (5,3,4) [уничтожен]
  Team C: живых 3/8
    ✓ Тишина C5          @ (5,3,2) hp=2/2
    ✓ Бурав C6           @ (5,3,4) hp=2/4
    ✓ Паук C8            @ (3,4,8) hp=1/1
    ✗ Артиллерия C1      @ (2,3,5) [уничтожен]
    ✗ Радиовышка C2      @ (5,4,2) [уничтожен]
    ✗ Прыгун C3          @ (4,5,8) [уничтожен]
    ✗ Факел C4           @ (2,3,6) [уничтожен]
    ✗ Провокатор C7      @ (3,4,5) [уничтожен]

======================================================================
ХОД 10
======================================================================
✓ 🎮 GM: начинаем ход
GM: start_turn

--- Радиовышки: сканирование слоя Z ---
  Радиовышка A2 (z=8): видит 1 врагов  → Паук C8(3,4,8)
  Радиовышка B2 (z=3): слой чист

--- Решения ботов ---
  [Team A] Радиовышка A2 (3,5,8) → MOVE (3,4,8)
  [Team A] Тишина A5 (3,6,8) → PHASE toggle
  [Team A] Бурав A6 (7,8,9) → MOVE (6,7,8)
  [Team A] Провокатор A7 (1,8,9) → HOLOGRAM (2,7,8)
  [Team A] Паук A8 (7,7,8) → MINE (6,6,7)
  [Team A] Факел A4 → SKIP
  [Team B] Артиллерия B1 (9,4,0) → SHOOT at (5,3,4)
  [Team B] Радиовышка B2 (4,3,3) → MOVE (5,3,4)
  [Team B] Тишина B5 (4,4,3) → MOVE (5,4,4)
  [Team B] Бурав B6 (4,3,2) → MOVE (5,3,3)
  [Team B] Провокатор B7 (7,6,0) → HOLOGRAM (6,5,1)
  [Team B] Паук B8 (5,3,1) → MINE (5,3,2)
  [Team B] Факел B4 → SKIP
  [Team C] Тишина C5 (5,3,2) → MOVE (4,3,3)
  [Team C] Бурав C6 (5,3,4) → MOVE (5,3,1)
  [Team C] Паук C8 (3,4,8) → MINE (3,5,8)
! 🎮 GM: принудительно завершает фазу планирования
GM: end_planning
# 
============================================================
# 🔄 ОБРАБОТКА ХОДА 10
# ============================================================
   🌀 Тишина A5: фаза ВЫКЛ
!    ⚠️ Провокатор A7: клетка (2,7,8) уже занята голограммой
!    ⚠️ Провокатор B7: клетка (6,5,1) уже занята голограммой
!    ⚠️ Паук A8: в клетке уже стоит мина
!    ⚠️ Паук B8: клетка (5,3,2) занята кораблём
!    ⚠️ Паук C8: клетка (3,5,8) занята кораблём

📦 ПЕРЕМЕЩЕНИЯ:
!    ⚠️ Радиовышка A2: клетка (3,4,8) занята
!    ⚠️ Бурав A6: Бурав двигается только по 1 оси или по 2 осям строго диагонально
!    ⚠️ Радиовышка B2: клетка (5,3,4) занята
   Тишина B5: (4, 4, 3) → (5,4,4)
   Бурав B6: (4, 3, 2) → (5,3,3)
!    ⚠️ Тишина C5: клетка (4,3,3) занята
✓    💥 Бурав C6 тараном уничтожил Паук B8 в (5,3,1)
   Бурав C6: (5, 3, 4) → (5,3,1)

🎯 ВЫСТРЕЛЫ:
   Выпущено ракет: 1
# 
📊 РЕЗУЛЬТАТЫ ХОДА 10:
🎯 Попаданий нет

--- Результаты хода ---
  Team C / Бурав C6           → Team B / Паук B8            @ (5,3,1)  (УБИТ)

--- Состояние команд после хода ---
  Team A: живых 6/8
    ✓ Радиовышка A2      @ (3,5,8) hp=3/3
    ✓ Факел A4           @ (2,8,9) hp=6/6
    ✓ Тишина A5          @ (3,6,8) hp=2/2
    ✓ Бурав A6           @ (7,8,9) hp=4/4
    ✓ Провокатор A7      @ (1,8,9) hp=2/2
    ✓ Паук A8            @ (7,7,8) hp=1/1
    ✗ Артиллерия A1      @ (6,9,9) [уничтожен]
    ✗ Прыгун A3          @ (2,3,6) [уничтожен]
  Team B: живых 6/8
    ✓ Артиллерия B1      @ (9,4,0) hp=1/1
    ✓ Радиовышка B2      @ (4,3,3) hp=3/3
    ✓ Факел B4           @ (9,3,0) hp=6/6
    ✓ Тишина B5          @ (5,4,4) hp=2/2
    ✓ Бурав B6           @ (5,3,3) hp=4/4
    ✓ Провокатор B7      @ (7,6,0) hp=2/2
    ✗ Прыгун B3          @ (5,3,4) [уничтожен]
    ✗ Паук B8            @ (5,3,1) [уничтожен]
  Team C: живых 3/8
    ✓ Тишина C5          @ (5,3,2) hp=2/2
    ✓ Бурав C6           @ (5,3,1) hp=2/4
    ✓ Паук C8            @ (3,4,8) hp=1/1
    ✗ Артиллерия C1      @ (2,3,5) [уничтожен]
    ✗ Радиовышка C2      @ (5,4,2) [уничтожен]
    ✗ Прыгун C3          @ (4,5,8) [уничтожен]
    ✗ Факел C4           @ (2,3,6) [уничтожен]
    ✗ Провокатор C7      @ (3,4,5) [уничтожен]

======================================================================
ХОД 11
======================================================================
✓ 🎮 GM: начинаем ход
GM: start_turn

--- Радиовышки: сканирование слоя Z ---
  Радиовышка A2 (z=8): видит 1 врагов  → Паук C8(3,4,8)
  Радиовышка B2 (z=3): слой чист

--- Решения ботов ---
  [Team A] Радиовышка A2 (3,5,8) → MOVE (3,4,8)
  [Team A] Бурав A6 (7,8,9) → MOVE (6,7,8)
  [Team A] Провокатор A7 (1,8,9) → HOLOGRAM (2,7,8)
  [Team A] Паук A8 (7,7,8) → MINE (6,6,7)
  [Team A] Факел A4 → SKIP
  [Team A] Тишина A5 → SKIP
  [Team B] Артиллерия B1 (9,4,0) → SHOOT at (5,3,1)
  [Team B] Радиовышка B2 (4,3,3) → MOVE (5,3,2)
  [Team B] Тишина B5 (5,4,4) → MOVE (5,3,4)
  [Team B] Бурав B6 (5,3,3) → MOVE (5,3,1)
  [Team B] Провокатор B7 (7,6,0) → HOLOGRAM (6,5,1)
  [Team B] Факел B4 → SKIP
  [Team C] Тишина C5 (5,3,2) → MOVE (4,3,3)
  [Team C] Бурав C6 (5,3,1) → MOVE (5,3,3)
  [Team C] Паук C8 (3,4,8) → MINE (3,5,8)
! 🎮 GM: принудительно завершает фазу планирования
GM: end_planning
# 
============================================================
# 🔄 ОБРАБОТКА ХОДА 11
# ============================================================
!    ⚠️ Провокатор A7: клетка (2,7,8) уже занята голограммой
!    ⚠️ Провокатор B7: клетка (6,5,1) уже занята голограммой
!    ⚠️ Паук A8: в клетке уже стоит мина
!    ⚠️ Паук C8: клетка (3,5,8) занята кораблём

📦 ПЕРЕМЕЩЕНИЯ:
!    ⚠️ Радиовышка A2: клетка (3,4,8) занята
!    ⚠️ Бурав A6: Бурав двигается только по 1 оси или по 2 осям строго диагонально
   Радиовышка B2: (4, 3, 3) → (5,3,2)
   Тишина B5: (5, 4, 4) → (5,3,4)
✓    💥 Бурав B6 тараном уничтожил Бурав C6 в (5,3,1)
   Бурав B6: (5, 3, 3) → (5,3,1)
   Тишина C5: (5, 3, 2) → (4,3,3)

🎯 ВЫСТРЕЛЫ:
   Выпущено ракет: 1
# 
📊 РЕЗУЛЬТАТЫ ХОДА 11:
🎯 Попаданий нет

--- Результаты хода ---
  Team B / Бурав B6           → Team C / Бурав C6           @ (5,3,1)  (УБИТ)

--- Состояние команд после хода ---
  Team A: живых 6/8
    ✓ Радиовышка A2      @ (3,5,8) hp=3/3
    ✓ Факел A4           @ (2,8,9) hp=6/6
    ✓ Тишина A5          @ (3,6,8) hp=2/2
    ✓ Бурав A6           @ (7,8,9) hp=4/4
    ✓ Провокатор A7      @ (1,8,9) hp=2/2
    ✓ Паук A8            @ (7,7,8) hp=1/1
    ✗ Артиллерия A1      @ (6,9,9) [уничтожен]
    ✗ Прыгун A3          @ (2,3,6) [уничтожен]
  Team B: живых 6/8
    ✓ Артиллерия B1      @ (9,4,0) hp=1/1
    ✓ Радиовышка B2      @ (5,3,2) hp=3/3
    ✓ Факел B4           @ (9,3,0) hp=6/6
    ✓ Тишина B5          @ (5,3,4) hp=2/2
    ✓ Бурав B6           @ (5,3,1) hp=4/4
    ✓ Провокатор B7      @ (7,6,0) hp=2/2
    ✗ Прыгун B3          @ (5,3,4) [уничтожен]
    ✗ Паук B8            @ (5,3,1) [уничтожен]
  Team C: живых 2/8
    ✓ Тишина C5          @ (4,3,3) hp=2/2
    ✓ Паук C8            @ (3,4,8) hp=1/1
    ✗ Артиллерия C1      @ (2,3,5) [уничтожен]
    ✗ Радиовышка C2      @ (5,4,2) [уничтожен]
    ✗ Прыгун C3          @ (4,5,8) [уничтожен]
    ✗ Факел C4           @ (2,3,6) [уничтожен]
    ✗ Бурав C6           @ (5,3,1) [уничтожен]
    ✗ Провокатор C7      @ (3,4,5) [уничтожен]

======================================================================
ХОД 12
======================================================================
✓ 🎮 GM: начинаем ход
GM: start_turn

--- Радиовышки: сканирование слоя Z ---
  Радиовышка A2 (z=8): видит 1 врагов  → Паук C8(3,4,8)
  Радиовышка B2 (z=2): слой чист

--- Решения ботов ---
  [Team A] Радиовышка A2 (3,5,8) → MOVE (3,4,8)
  [Team A] Бурав A6 (7,8,9) → MOVE (6,7,8)
  [Team A] Провокатор A7 (1,8,9) → HOLOGRAM (2,7,8)
  [Team A] Паук A8 (7,7,8) → MINE (6,6,7)
  [Team A] Факел A4 → SKIP
  [Team A] Тишина A5 → SKIP
  [Team B] Артиллерия B1 (9,4,0) → SHOOT at (3,4,8)
  [Team B] Радиовышка B2 (5,3,2) → MOVE (4,4,3)
  [Team B] Тишина B5 (5,3,4) → MOVE (4,4,5)
  [Team B] Бурав B6 (5,3,1) → MOVE (4,4,2)
  [Team B] Провокатор B7 (7,6,0) → MOVE (6,5,1)
  [Team B] Факел B4 → SKIP
  [Team C] Тишина C5 (4,3,3) → MOVE (5,3,2)
  [Team C] Паук C8 (3,4,8) → MINE (3,5,8)
! 🎮 GM: принудительно завершает фазу планирования
GM: end_planning
# 
============================================================
# 🔄 ОБРАБОТКА ХОДА 12
# ============================================================
!    ⚠️ Провокатор A7: клетка (2,7,8) уже занята голограммой
!    ⚠️ Паук A8: в клетке уже стоит мина
!    ⚠️ Паук C8: клетка (3,5,8) занята кораблём

📦 ПЕРЕМЕЩЕНИЯ:
!    ⚠️ Радиовышка A2: клетка (3,4,8) занята
!    ⚠️ Бурав A6: Бурав двигается только по 1 оси или по 2 осям строго диагонально
   Радиовышка B2: (5, 3, 2) → (4,4,3)
   Тишина B5: (5, 3, 4) → (4,4,5)
!    ⚠️ Бурав B6: Бурав двигается только по 1 оси или по 2 осям строго диагонально
!    ⚠️ Провокатор B7: клетка (6,5,1) занята
   Тишина C5: (4, 3, 3) → (5,3,2)

🎯 ВЫСТРЕЛЫ:
✓    ✅ Артиллерия B1 поразил Паук C8 (2 урона)!
   Выпущено ракет: 1
# 
📊 РЕЗУЛЬТАТЫ ХОДА 12:
✓ 💥 ПОПАДАНИЯ:
✓    Артиллерия B1 (Team B) → Паук C8 (Team C)

--- Результаты хода ---
  Team B / Артиллерия B1      → Team C / Паук C8            @ (3,4,8)  (УБИТ)

--- Состояние команд после хода ---
  Team A: живых 6/8
    ✓ Радиовышка A2      @ (3,5,8) hp=3/3
    ✓ Факел A4           @ (2,8,9) hp=6/6
    ✓ Тишина A5          @ (3,6,8) hp=2/2
    ✓ Бурав A6           @ (7,8,9) hp=4/4
    ✓ Провокатор A7      @ (1,8,9) hp=2/2
    ✓ Паук A8            @ (7,7,8) hp=1/1
    ✗ Артиллерия A1      @ (6,9,9) [уничтожен]
    ✗ Прыгун A3          @ (2,3,6) [уничтожен]
  Team B: живых 6/8
    ✓ Артиллерия B1      @ (9,4,0) hp=1/1
    ✓ Радиовышка B2      @ (4,4,3) hp=3/3
    ✓ Факел B4           @ (9,3,0) hp=6/6
    ✓ Тишина B5          @ (4,4,5) hp=2/2
    ✓ Бурав B6           @ (5,3,1) hp=4/4
    ✓ Провокатор B7      @ (7,6,0) hp=2/2
    ✗ Прыгун B3          @ (5,3,4) [уничтожен]
    ✗ Паук B8            @ (5,3,1) [уничтожен]
  Team C: живых 1/8
    ✓ Тишина C5          @ (5,3,2) hp=2/2
    ✗ Артиллерия C1      @ (2,3,5) [уничтожен]
    ✗ Радиовышка C2      @ (5,4,2) [уничтожен]
    ✗ Прыгун C3          @ (4,5,8) [уничтожен]
    ✗ Факел C4           @ (2,3,6) [уничтожен]
    ✗ Бурав C6           @ (5,3,1) [уничтожен]
    ✗ Провокатор C7      @ (3,4,5) [уничтожен]
    ✗ Паук C8            @ (3,4,8) [уничтожен]

======================================================================
ХОД 13
======================================================================
✓ 🎮 GM: начинаем ход
GM: start_turn

--- Радиовышки: сканирование слоя Z ---
  Радиовышка A2 (z=8): слой чист
  Радиовышка B2 (z=3): слой чист

--- Решения ботов ---
  [Team A] Радиовышка A2 (3,5,8) → MOVE (4,4,7)
  [Team A] Тишина A5 (3,6,8) → MOVE (4,5,7)
  [Team A] Бурав A6 (7,8,9) → MOVE (6,7,8)
  [Team A] Провокатор A7 (1,8,9) → HOLOGRAM (2,7,8)
  [Team A] Паук A8 (7,7,8) → MINE (6,6,7)
  [Team A] Факел A4 → SKIP
  [Team B] Артиллерия B1 (9,4,0) → SHOOT at (1,8,9)
  [Team B] Радиовышка B2 (4,4,3) → MOVE (3,5,4)
  [Team B] Тишина B5 (4,4,5) → PHASE toggle
  [Team B] Бурав B6 (5,3,1) → MOVE (4,4,2)
  [Team B] Провокатор B7 (7,6,0) → MOVE (6,5,1)
  [Team B] Факел B4 → SKIP
  [Team C] Тишина C5 (5,3,2) → MOVE (4,4,3)
! 🎮 GM: принудительно завершает фазу планирования
GM: end_planning
# 
============================================================
# 🔄 ОБРАБОТКА ХОДА 13
# ============================================================
   🌀 Тишина B5: фаза ВКЛ
!    ⚠️ Провокатор A7: клетка (2,7,8) уже занята голограммой
!    ⚠️ Паук A8: в клетке уже стоит мина

📦 ПЕРЕМЕЩЕНИЯ:
   Радиовышка A2: (3, 5, 8) → (4,4,7)
   Тишина A5: (3, 6, 8) → (4,5,7)
!    ⚠️ Бурав A6: Бурав двигается только по 1 оси или по 2 осям строго диагонально
   Радиовышка B2: (4, 4, 3) → (3,5,4)
!    ⚠️ Бурав B6: Бурав двигается только по 1 оси или по 2 осям строго диагонально
!    ⚠️ Провокатор B7: клетка (6,5,1) занята
   Тишина C5: (5, 3, 2) → (4,4,3)

🎯 ВЫСТРЕЛЫ:
✓    ✅ Артиллерия B1 поразил Провокатор A7 (2 урона)!
   Выпущено ракет: 1
# 
📊 РЕЗУЛЬТАТЫ ХОДА 13:
✓ 💥 ПОПАДАНИЯ:
✓    Артиллерия B1 (Team B) → Провокатор A7 (Team A)

--- Результаты хода ---
  Team B / Артиллерия B1      → Team A / Провокатор A7      @ (1,8,9)  (УБИТ)

--- Состояние команд после хода ---
  Team A: живых 5/8
    ✓ Радиовышка A2      @ (4,4,7) hp=3/3
    ✓ Факел A4           @ (2,8,9) hp=6/6
    ✓ Тишина A5          @ (4,5,7) hp=2/2
    ✓ Бурав A6           @ (7,8,9) hp=4/4
    ✓ Паук A8            @ (7,7,8) hp=1/1
    ✗ Артиллерия A1      @ (6,9,9) [уничтожен]
    ✗ Прыгун A3          @ (2,3,6) [уничтожен]
    ✗ Провокатор A7      @ (1,8,9) [уничтожен]
  Team B: живых 6/8
    ✓ Артиллерия B1      @ (9,4,0) hp=1/1
    ✓ Радиовышка B2      @ (3,5,4) hp=3/3
    ✓ Факел B4           @ (9,3,0) hp=6/6
    ✓ Тишина B5          @ (4,4,5) hp=2/2
    ✓ Бурав B6           @ (5,3,1) hp=4/4
    ✓ Провокатор B7      @ (7,6,0) hp=2/2
    ✗ Прыгун B3          @ (5,3,4) [уничтожен]
    ✗ Паук B8            @ (5,3,1) [уничтожен]
  Team C: живых 1/8
    ✓ Тишина C5          @ (4,4,3) hp=2/2
    ✗ Артиллерия C1      @ (2,3,5) [уничтожен]
    ✗ Радиовышка C2      @ (5,4,2) [уничтожен]
    ✗ Прыгун C3          @ (4,5,8) [уничтожен]
    ✗ Факел C4           @ (2,3,6) [уничтожен]
    ✗ Бурав C6           @ (5,3,1) [уничтожен]
    ✗ Провокатор C7      @ (3,4,5) [уничтожен]
    ✗ Паук C8            @ (3,4,8) [уничтожен]

======================================================================
ХОД 14
======================================================================
✓ 🎮 GM: начинаем ход
GM: start_turn

--- Радиовышки: сканирование слоя Z ---
  Радиовышка A2 (z=7): слой чист
  Радиовышка B2 (z=4): слой чист

--- Решения ботов ---
  [Team A] Радиовышка A2 (4,4,7) → MOVE (3,5,6)
  [Team A] Факел A4 (2,8,9) → MOVE (3,8,9)
  [Team A] Тишина A5 (4,5,7) → MOVE (4,5,6)
  [Team A] Бурав A6 (7,8,9) → MOVE (6,7,8)
  [Team A] Паук A8 (7,7,8) → MINE (6,6,7)
  [Team B] Артиллерия B1 (9,4,0) → SHOOT at (4,5,7)
  [Team B] Радиовышка B2 (3,5,4) → MOVE (4,5,5)
  [Team B] Тишина B5 (4,4,5) → MOVE (4,4,6)
  [Team B] Бурав B6 (5,3,1) → MOVE (4,4,2)
  [Team B] Провокатор B7 (7,6,0) → MOVE (6,5,1)
  [Team B] Факел B4 → SKIP
  [Team C] Тишина C5 (4,4,3) → MOVE (3,5,4)
! 🎮 GM: принудительно завершает фазу планирования
GM: end_planning
# 
============================================================
# 🔄 ОБРАБОТКА ХОДА 14
# ============================================================
!    ⚠️ Паук A8: в клетке уже стоит мина

📦 ПЕРЕМЕЩЕНИЯ:
   Радиовышка A2: (4, 4, 7) → (3,5,6)
   Факел A4: (2, 8, 9) → (3,8,9)
!    ⚠️ Тишина A5: клетка (4,5,6) занята
!    ⚠️ Бурав A6: Бурав двигается только по 1 оси или по 2 осям строго диагонально
   Радиовышка B2: (3, 5, 4) → (4,5,5)
   Тишина B5: (4, 4, 5) → (4,4,6)
!    ⚠️ Бурав B6: Бурав двигается только по 1 оси или по 2 осям строго диагонально
!    ⚠️ Провокатор B7: клетка (6,5,1) занята
   Тишина C5: (4, 4, 3) → (3,5,4)

🎯 ВЫСТРЕЛЫ:
✓    ✅ Артиллерия B1 поразил Тишина A5 (2 урона)!
   Выпущено ракет: 1
# 
📊 РЕЗУЛЬТАТЫ ХОДА 14:
✓ 💥 ПОПАДАНИЯ:
✓    Артиллерия B1 (Team B) → Тишина A5 (Team A)

--- Результаты хода ---
  Team B / Артиллерия B1      → Team A / Тишина A5          @ (4,5,7)  (УБИТ)

--- Состояние команд после хода ---
  Team A: живых 4/8
    ✓ Радиовышка A2      @ (3,5,6) hp=3/3
    ✓ Факел A4           @ (3,8,9) hp=6/6
    ✓ Бурав A6           @ (7,8,9) hp=4/4
    ✓ Паук A8            @ (7,7,8) hp=1/1
    ✗ Артиллерия A1      @ (6,9,9) [уничтожен]
    ✗ Прыгун A3          @ (2,3,6) [уничтожен]
    ✗ Тишина A5          @ (4,5,7) [уничтожен]
    ✗ Провокатор A7      @ (1,8,9) [уничтожен]
  Team B: живых 6/8
    ✓ Артиллерия B1      @ (9,4,0) hp=1/1
    ✓ Радиовышка B2      @ (4,5,5) hp=3/3
    ✓ Факел B4           @ (9,3,0) hp=6/6
    ✓ Тишина B5          @ (4,4,6) hp=2/2
    ✓ Бурав B6           @ (5,3,1) hp=4/4
    ✓ Провокатор B7      @ (7,6,0) hp=2/2
    ✗ Прыгун B3          @ (5,3,4) [уничтожен]
    ✗ Паук B8            @ (5,3,1) [уничтожен]
  Team C: живых 1/8
    ✓ Тишина C5          @ (3,5,4) hp=2/2
    ✗ Артиллерия C1      @ (2,3,5) [уничтожен]
    ✗ Радиовышка C2      @ (5,4,2) [уничтожен]
    ✗ Прыгун C3          @ (4,5,8) [уничтожен]
    ✗ Факел C4           @ (2,3,6) [уничтожен]
    ✗ Бурав C6           @ (5,3,1) [уничтожен]
    ✗ Провокатор C7      @ (3,4,5) [уничтожен]
    ✗ Паук C8            @ (3,4,8) [уничтожен]

======================================================================
ХОД 15
======================================================================
✓ 🎮 GM: начинаем ход
GM: start_turn

--- Радиовышки: сканирование слоя Z ---
  Радиовышка A2 (z=6): слой чист
  Радиовышка B2 (z=5): слой чист

--- Решения ботов ---
  [Team A] Радиовышка A2 (3,5,6) → MOVE (4,5,5)
  [Team A] Факел A4 (3,8,9) → MOVE (4,8,9)
  [Team A] Бурав A6 (7,8,9) → MOVE (6,7,8)
  [Team A] Паук A8 (7,7,8) → MINE (6,6,7)
  [Team B] Артиллерия B1 (9,4,0) → SHOOT at (7,7,8)
  [Team B] Радиовышка B2 (4,5,5) → MOVE (3,5,6)
  [Team B] Тишина B5 (4,4,6) → MOVE (3,4,6)
  [Team B] Бурав B6 (5,3,1) → MOVE (4,4,2)
  [Team B] Провокатор B7 (7,6,0) → MOVE (6,5,1)
  [Team B] Факел B4 → SKIP
  [Team C] Тишина C5 (3,5,4) → MOVE (4,5,5)
! 🎮 GM: принудительно завершает фазу планирования
GM: end_planning
# 
============================================================
# 🔄 ОБРАБОТКА ХОДА 15
# ============================================================
!    ⚠️ Паук A8: в клетке уже стоит мина

📦 ПЕРЕМЕЩЕНИЯ:
!    ⚠️ Радиовышка A2: клетка (4,5,5) занята
   Факел A4: (3, 8, 9) → (4,8,9)
!    ⚠️ Бурав A6: Бурав двигается только по 1 оси или по 2 осям строго диагонально
!    ⚠️ Радиовышка B2: клетка (3,5,6) занята
   Тишина B5: (4, 4, 6) → (3,4,6)
!    ⚠️ Бурав B6: Бурав двигается только по 1 оси или по 2 осям строго диагонально
!    ⚠️ Провокатор B7: клетка (6,5,1) занята
!    ⚠️ Тишина C5: клетка (4,5,5) занята

🎯 ВЫСТРЕЛЫ:
✓    ✅ Артиллерия B1 поразил Паук A8 (2 урона)!
   Выпущено ракет: 1
# 
📊 РЕЗУЛЬТАТЫ ХОДА 15:
✓ 💥 ПОПАДАНИЯ:
✓    Артиллерия B1 (Team B) → Паук A8 (Team A)

--- Результаты хода ---
  Team B / Артиллерия B1      → Team A / Паук A8            @ (7,7,8)  (УБИТ)

--- Состояние команд после хода ---
  Team A: живых 3/8
    ✓ Радиовышка A2      @ (3,5,6) hp=3/3
    ✓ Факел A4           @ (4,8,9) hp=6/6
    ✓ Бурав A6           @ (7,8,9) hp=4/4
    ✗ Артиллерия A1      @ (6,9,9) [уничтожен]
    ✗ Прыгун A3          @ (2,3,6) [уничтожен]
    ✗ Тишина A5          @ (4,5,7) [уничтожен]
    ✗ Провокатор A7      @ (1,8,9) [уничтожен]
    ✗ Паук A8            @ (7,7,8) [уничтожен]
  Team B: живых 6/8
    ✓ Артиллерия B1      @ (9,4,0) hp=1/1
    ✓ Радиовышка B2      @ (4,5,5) hp=3/3
    ✓ Факел B4           @ (9,3,0) hp=6/6
    ✓ Тишина B5          @ (3,4,6) hp=2/2
    ✓ Бурав B6           @ (5,3,1) hp=4/4
    ✓ Провокатор B7      @ (7,6,0) hp=2/2
    ✗ Прыгун B3          @ (5,3,4) [уничтожен]
    ✗ Паук B8            @ (5,3,1) [уничтожен]
  Team C: живых 1/8
    ✓ Тишина C5          @ (3,5,4) hp=2/2
    ✗ Артиллерия C1      @ (2,3,5) [уничтожен]
    ✗ Радиовышка C2      @ (5,4,2) [уничтожен]
    ✗ Прыгун C3          @ (4,5,8) [уничтожен]
    ✗ Факел C4           @ (2,3,6) [уничтожен]
    ✗ Бурав C6           @ (5,3,1) [уничтожен]
    ✗ Провокатор C7      @ (3,4,5) [уничтожен]
    ✗ Паук C8            @ (3,4,8) [уничтожен]

======================================================================
ХОД 16
======================================================================
✓ 🎮 GM: начинаем ход
GM: start_turn

--- Радиовышки: сканирование слоя Z ---
  Радиовышка A2 (z=6): слой чист
  Радиовышка B2 (z=5): слой чист

--- Решения ботов ---
  [Team A] Радиовышка A2 (3,5,6) → MOVE (4,5,5)
  [Team A] Факел A4 (4,8,9) → MOVE (5,8,9)
  [Team A] Бурав A6 (7,8,9) → MOVE (6,7,8)
  [Team B] Артиллерия B1 (9,4,0) → SHOOT at (4,8,9)
  [Team B] Радиовышка B2 (4,5,5) → MOVE (3,5,6)
  [Team B] Бурав B6 (5,3,1) → MOVE (4,4,2)
  [Team B] Провокатор B7 (7,6,0) → MOVE (6,5,1)
  [Team B] Тишина B5 → SKIP
  [Team B] Факел B4 → SKIP
  [Team C] Тишина C5 (3,5,4) → MOVE (4,5,5)
! 🎮 GM: принудительно завершает фазу планирования
GM: end_planning
# 
============================================================
# 🔄 ОБРАБОТКА ХОДА 16
# ============================================================

📦 ПЕРЕМЕЩЕНИЯ:
!    ⚠️ Радиовышка A2: клетка (4,5,5) занята
   Факел A4: (4, 8, 9) → (5,8,9)
!    ⚠️ Бурав A6: Бурав двигается только по 1 оси или по 2 осям строго диагонально
!    ⚠️ Радиовышка B2: клетка (3,5,6) занята
!    ⚠️ Бурав B6: Бурав двигается только по 1 оси или по 2 осям строго диагонально
!    ⚠️ Провокатор B7: клетка (6,5,1) занята
!    ⚠️ Тишина C5: клетка (4,5,5) занята

🎯 ВЫСТРЕЛЫ:
   Выпущено ракет: 1
# 
📊 РЕЗУЛЬТАТЫ ХОДА 16:
🎯 Попаданий нет

--- Результаты хода ---
  Попаданий нет

--- Состояние команд после хода ---
  Team A: живых 3/8
    ✓ Радиовышка A2      @ (3,5,6) hp=3/3
    ✓ Факел A4           @ (5,8,9) hp=6/6
    ✓ Бурав A6           @ (7,8,9) hp=4/4
    ✗ Артиллерия A1      @ (6,9,9) [уничтожен]
    ✗ Прыгун A3          @ (2,3,6) [уничтожен]
    ✗ Тишина A5          @ (4,5,7) [уничтожен]
    ✗ Провокатор A7      @ (1,8,9) [уничтожен]
    ✗ Паук A8            @ (7,7,8) [уничтожен]
  Team B: живых 6/8
    ✓ Артиллерия B1      @ (9,4,0) hp=1/1
    ✓ Радиовышка B2      @ (4,5,5) hp=3/3
    ✓ Факел B4           @ (9,3,0) hp=6/6
    ✓ Тишина B5          @ (3,4,6) hp=2/2
    ✓ Бурав B6           @ (5,3,1) hp=4/4
    ✓ Провокатор B7      @ (7,6,0) hp=2/2
    ✗ Прыгун B3          @ (5,3,4) [уничтожен]
    ✗ Паук B8            @ (5,3,1) [уничтожен]
  Team C: живых 1/8
    ✓ Тишина C5          @ (3,5,4) hp=2/2
    ✗ Артиллерия C1      @ (2,3,5) [уничтожен]
    ✗ Радиовышка C2      @ (5,4,2) [уничтожен]
    ✗ Прыгун C3          @ (4,5,8) [уничтожен]
    ✗ Факел C4           @ (2,3,6) [уничтожен]
    ✗ Бурав C6           @ (5,3,1) [уничтожен]
    ✗ Провокатор C7      @ (3,4,5) [уничтожен]
    ✗ Паук C8            @ (3,4,8) [уничтожен]

======================================================================
ХОД 17
======================================================================
✓ 🎮 GM: начинаем ход
GM: start_turn

--- Радиовышки: сканирование слоя Z ---
  Радиовышка A2 (z=6): слой чист
  Радиовышка B2 (z=5): слой чист

--- Решения ботов ---
  [Team A] Радиовышка A2 (3,5,6) → MOVE (4,5,5)
  [Team A] Факел A4 (5,8,9) → MOVE (6,8,9)
  [Team A] Бурав A6 (7,8,9) → MOVE (6,7,8)
  [Team B] Артиллерия B1 (9,4,0) → SHOOT at (5,8,9)
  [Team B] Радиовышка B2 (4,5,5) → MOVE (3,5,6)
  [Team B] Бурав B6 (5,3,1) → MOVE (4,4,2)
  [Team B] Провокатор B7 (7,6,0) → MOVE (6,5,1)
  [Team B] Тишина B5 → SKIP
  [Team B] Факел B4 → SKIP
  [Team C] Тишина C5 (3,5,4) → MOVE (4,5,5)
! 🎮 GM: принудительно завершает фазу планирования
GM: end_planning
# 
============================================================
# 🔄 ОБРАБОТКА ХОДА 17
# ============================================================

📦 ПЕРЕМЕЩЕНИЯ:
!    ⚠️ Радиовышка A2: клетка (4,5,5) занята
   Факел A4: (5, 8, 9) → (6,8,9)
!    ⚠️ Бурав A6: Бурав двигается только по 1 оси или по 2 осям строго диагонально
!    ⚠️ Радиовышка B2: клетка (3,5,6) занята
!    ⚠️ Бурав B6: Бурав двигается только по 1 оси или по 2 осям строго диагонально
!    ⚠️ Провокатор B7: клетка (6,5,1) занята
!    ⚠️ Тишина C5: клетка (4,5,5) занята

🎯 ВЫСТРЕЛЫ:
   Выпущено ракет: 1
# 
📊 РЕЗУЛЬТАТЫ ХОДА 17:
🎯 Попаданий нет

--- Результаты хода ---
  Попаданий нет

--- Состояние команд после хода ---
  Team A: живых 3/8
    ✓ Радиовышка A2      @ (3,5,6) hp=3/3
    ✓ Факел A4           @ (6,8,9) hp=6/6
    ✓ Бурав A6           @ (7,8,9) hp=4/4
    ✗ Артиллерия A1      @ (6,9,9) [уничтожен]
    ✗ Прыгун A3          @ (2,3,6) [уничтожен]
    ✗ Тишина A5          @ (4,5,7) [уничтожен]
    ✗ Провокатор A7      @ (1,8,9) [уничтожен]
    ✗ Паук A8            @ (7,7,8) [уничтожен]
  Team B: живых 6/8
    ✓ Артиллерия B1      @ (9,4,0) hp=1/1
    ✓ Радиовышка B2      @ (4,5,5) hp=3/3
    ✓ Факел B4           @ (9,3,0) hp=6/6
    ✓ Тишина B5          @ (3,4,6) hp=2/2
    ✓ Бурав B6           @ (5,3,1) hp=4/4
    ✓ Провокатор B7      @ (7,6,0) hp=2/2
    ✗ Прыгун B3          @ (5,3,4) [уничтожен]
    ✗ Паук B8            @ (5,3,1) [уничтожен]
  Team C: живых 1/8
    ✓ Тишина C5          @ (3,5,4) hp=2/2
    ✗ Артиллерия C1      @ (2,3,5) [уничтожен]
    ✗ Радиовышка C2      @ (5,4,2) [уничтожен]
    ✗ Прыгун C3          @ (4,5,8) [уничтожен]
    ✗ Факел C4           @ (2,3,6) [уничтожен]
    ✗ Бурав C6           @ (5,3,1) [уничтожен]
    ✗ Провокатор C7      @ (3,4,5) [уничтожен]
    ✗ Паук C8            @ (3,4,8) [уничтожен]

======================================================================
ХОД 18
======================================================================
✓ 🎮 GM: начинаем ход
GM: start_turn

--- Радиовышки: сканирование слоя Z ---
  Радиовышка A2 (z=6): слой чист
  Радиовышка B2 (z=5): слой чист

--- Решения ботов ---
  [Team A] Радиовышка A2 (3,5,6) → MOVE (4,5,5)
  [Team A] Бурав A6 (7,8,9) → MOVE (6,7,8)
  [Team A] Факел A4 → SKIP
  [Team B] Артиллерия B1 (9,4,0) → SHOOT at (6,8,9)
  [Team B] Радиовышка B2 (4,5,5) → MOVE (3,5,6)
  [Team B] Бурав B6 (5,3,1) → MOVE (4,4,2)
  [Team B] Провокатор B7 (7,6,0) → MOVE (6,5,1)
  [Team B] Тишина B5 → SKIP
  [Team B] Факел B4 → SKIP
  [Team C] Тишина C5 (3,5,4) → MOVE (4,5,5)
! 🎮 GM: принудительно завершает фазу планирования
GM: end_planning
# 
============================================================
# 🔄 ОБРАБОТКА ХОДА 18
# ============================================================

📦 ПЕРЕМЕЩЕНИЯ:
!    ⚠️ Радиовышка A2: клетка (4,5,5) занята
!    ⚠️ Бурав A6: Бурав двигается только по 1 оси или по 2 осям строго диагонально
!    ⚠️ Радиовышка B2: клетка (3,5,6) занята
!    ⚠️ Бурав B6: Бурав двигается только по 1 оси или по 2 осям строго диагонально
!    ⚠️ Провокатор B7: клетка (6,5,1) занята
!    ⚠️ Тишина C5: клетка (4,5,5) занята

🎯 ВЫСТРЕЛЫ:
✓    ✅ Артиллерия B1 поразил Факел A4 (2 урона)!
   Выпущено ракет: 1
# 
📊 РЕЗУЛЬТАТЫ ХОДА 18:
✓ 💥 ПОПАДАНИЯ:
✓    Артиллерия B1 (Team B) → Факел A4 (Team A)

--- Результаты хода ---
  Team B / Артиллерия B1      → Team A / Факел A4           @ (6,8,9)  (ранен)

--- Состояние команд после хода ---
  Team A: живых 3/8
    ✓ Радиовышка A2      @ (3,5,6) hp=3/3
    ✓ Факел A4           @ (6,8,9) hp=4/6
    ✓ Бурав A6           @ (7,8,9) hp=4/4
    ✗ Артиллерия A1      @ (6,9,9) [уничтожен]
    ✗ Прыгун A3          @ (2,3,6) [уничтожен]
    ✗ Тишина A5          @ (4,5,7) [уничтожен]
    ✗ Провокатор A7      @ (1,8,9) [уничтожен]
    ✗ Паук A8            @ (7,7,8) [уничтожен]
  Team B: живых 6/8
    ✓ Артиллерия B1      @ (9,4,0) hp=1/1
    ✓ Радиовышка B2      @ (4,5,5) hp=3/3
    ✓ Факел B4           @ (9,3,0) hp=6/6
    ✓ Тишина B5          @ (3,4,6) hp=2/2
    ✓ Бурав B6           @ (5,3,1) hp=4/4
    ✓ Провокатор B7      @ (7,6,0) hp=2/2
    ✗ Прыгун B3          @ (5,3,4) [уничтожен]
    ✗ Паук B8            @ (5,3,1) [уничтожен]
  Team C: живых 1/8
    ✓ Тишина C5          @ (3,5,4) hp=2/2
    ✗ Артиллерия C1      @ (2,3,5) [уничтожен]
    ✗ Радиовышка C2      @ (5,4,2) [уничтожен]
    ✗ Прыгун C3          @ (4,5,8) [уничтожен]
    ✗ Факел C4           @ (2,3,6) [уничтожен]
    ✗ Бурав C6           @ (5,3,1) [уничтожен]
    ✗ Провокатор C7      @ (3,4,5) [уничтожен]
    ✗ Паук C8            @ (3,4,8) [уничтожен]

======================================================================
ХОД 19
======================================================================
✓ 🎮 GM: начинаем ход
GM: start_turn

--- Радиовышки: сканирование слоя Z ---
  Радиовышка A2 (z=6): слой чист
  Радиовышка B2 (z=5): слой чист

--- Решения ботов ---
  [Team A] Радиовышка A2 (3,5,6) → MOVE (4,5,5)
  [Team A] Факел A4 (6,8,9) → HEAL (AoE)
  [Team A] Бурав A6 (7,8,9) → MOVE (6,7,8)
  [Team B] Артиллерия B1 (9,4,0) → SHOOT at (6,8,9)
  [Team B] Радиовышка B2 (4,5,5) → MOVE (3,5,6)
  [Team B] Бурав B6 (5,3,1) → MOVE (4,4,2)
  [Team B] Провокатор B7 (7,6,0) → MOVE (6,5,1)
  [Team B] Тишина B5 → SKIP
  [Team B] Факел B4 → SKIP
  [Team C] Тишина C5 (3,5,4) → MOVE (4,5,5)
! 🎮 GM: принудительно завершает фазу планирования
GM: end_planning
# 
============================================================
# 🔄 ОБРАБОТКА ХОДА 19
# ============================================================

📦 ПЕРЕМЕЩЕНИЯ:
!    ⚠️ Радиовышка A2: клетка (4,5,5) занята
!    ⚠️ Бурав A6: Бурав двигается только по 1 оси или по 2 осям строго диагонально
!    ⚠️ Радиовышка B2: клетка (3,5,6) занята
!    ⚠️ Бурав B6: Бурав двигается только по 1 оси или по 2 осям строго диагонально
!    ⚠️ Провокатор B7: клетка (6,5,1) занята
!    ⚠️ Тишина C5: клетка (4,5,5) занята

🎯 ВЫСТРЕЛЫ:
✓    ✅ Артиллерия B1 поразил Факел A4 (2 урона)!
✓    💚 Факел A4 лечит Факел A4 → hits=3/6
   Выпущено ракет: 1
# 
📊 РЕЗУЛЬТАТЫ ХОДА 19:
✓ 💥 ПОПАДАНИЯ:
✓    Артиллерия B1 (Team B) → Факел A4 (Team A)

--- Результаты хода ---
  Team B / Артиллерия B1      → Team A / Факел A4           @ (6,8,9)  (ранен)

--- Состояние команд после хода ---
  Team A: живых 3/8
    ✓ Радиовышка A2      @ (3,5,6) hp=3/3
    ✓ Факел A4           @ (6,8,9) hp=3/6
    ✓ Бурав A6           @ (7,8,9) hp=4/4
    ✗ Артиллерия A1      @ (6,9,9) [уничтожен]
    ✗ Прыгун A3          @ (2,3,6) [уничтожен]
    ✗ Тишина A5          @ (4,5,7) [уничтожен]
    ✗ Провокатор A7      @ (1,8,9) [уничтожен]
    ✗ Паук A8            @ (7,7,8) [уничтожен]
  Team B: живых 6/8
    ✓ Артиллерия B1      @ (9,4,0) hp=1/1
    ✓ Радиовышка B2      @ (4,5,5) hp=3/3
    ✓ Факел B4           @ (9,3,0) hp=6/6
    ✓ Тишина B5          @ (3,4,6) hp=2/2
    ✓ Бурав B6           @ (5,3,1) hp=4/4
    ✓ Провокатор B7      @ (7,6,0) hp=2/2
    ✗ Прыгун B3          @ (5,3,4) [уничтожен]
    ✗ Паук B8            @ (5,3,1) [уничтожен]
  Team C: живых 1/8
    ✓ Тишина C5          @ (3,5,4) hp=2/2
    ✗ Артиллерия C1      @ (2,3,5) [уничтожен]
    ✗ Радиовышка C2      @ (5,4,2) [уничтожен]
    ✗ Прыгун C3          @ (4,5,8) [уничтожен]
    ✗ Факел C4           @ (2,3,6) [уничтожен]
    ✗ Бурав C6           @ (5,3,1) [уничтожен]
    ✗ Провокатор C7      @ (3,4,5) [уничтожен]
    ✗ Паук C8            @ (3,4,8) [уничтожен]

======================================================================
ХОД 20
======================================================================
✓ 🎮 GM: начинаем ход
GM: start_turn

--- Радиовышки: сканирование слоя Z ---
  Радиовышка A2 (z=6): слой чист
  Радиовышка B2 (z=5): слой чист

--- Решения ботов ---
  [Team A] Радиовышка A2 (3,5,6) → MOVE (4,5,5)
  [Team A] Факел A4 (6,8,9) → HEAL (AoE)
  [Team A] Бурав A6 (7,8,9) → MOVE (6,7,8)
  [Team B] Артиллерия B1 (9,4,0) → SHOOT at (6,8,9)
  [Team B] Радиовышка B2 (4,5,5) → MOVE (3,5,6)
  [Team B] Бурав B6 (5,3,1) → MOVE (4,4,2)
  [Team B] Провокатор B7 (7,6,0) → MOVE (6,5,1)
  [Team B] Тишина B5 → SKIP
  [Team B] Факел B4 → SKIP
  [Team C] Тишина C5 (3,5,4) → MOVE (4,5,5)
! 🎮 GM: принудительно завершает фазу планирования
GM: end_planning
# 
============================================================
# 🔄 ОБРАБОТКА ХОДА 20
# ============================================================

📦 ПЕРЕМЕЩЕНИЯ:
!    ⚠️ Радиовышка A2: клетка (4,5,5) занята
!    ⚠️ Бурав A6: Бурав двигается только по 1 оси или по 2 осям строго диагонально
!    ⚠️ Радиовышка B2: клетка (3,5,6) занята
!    ⚠️ Бурав B6: Бурав двигается только по 1 оси или по 2 осям строго диагонально
!    ⚠️ Провокатор B7: клетка (6,5,1) занята
!    ⚠️ Тишина C5: клетка (4,5,5) занята

🎯 ВЫСТРЕЛЫ:
✓    ✅ Артиллерия B1 поразил Факел A4 (2 урона)!
✓    💚 Факел A4 лечит Факел A4 → hits=4/6
   Выпущено ракет: 1
# 
📊 РЕЗУЛЬТАТЫ ХОДА 20:
✓ 💥 ПОПАДАНИЯ:
✓    Артиллерия B1 (Team B) → Факел A4 (Team A)

--- Результаты хода ---
  Team B / Артиллерия B1      → Team A / Факел A4           @ (6,8,9)  (ранен)

--- Состояние команд после хода ---
  Team A: живых 3/8
    ✓ Радиовышка A2      @ (3,5,6) hp=3/3
    ✓ Факел A4           @ (6,8,9) hp=2/6
    ✓ Бурав A6           @ (7,8,9) hp=4/4
    ✗ Артиллерия A1      @ (6,9,9) [уничтожен]
    ✗ Прыгун A3          @ (2,3,6) [уничтожен]
    ✗ Тишина A5          @ (4,5,7) [уничтожен]
    ✗ Провокатор A7      @ (1,8,9) [уничтожен]
    ✗ Паук A8            @ (7,7,8) [уничтожен]
  Team B: живых 6/8
    ✓ Артиллерия B1      @ (9,4,0) hp=1/1
    ✓ Радиовышка B2      @ (4,5,5) hp=3/3
    ✓ Факел B4           @ (9,3,0) hp=6/6
    ✓ Тишина B5          @ (3,4,6) hp=2/2
    ✓ Бурав B6           @ (5,3,1) hp=4/4
    ✓ Провокатор B7      @ (7,6,0) hp=2/2
    ✗ Прыгун B3          @ (5,3,4) [уничтожен]
    ✗ Паук B8            @ (5,3,1) [уничтожен]
  Team C: живых 1/8
    ✓ Тишина C5          @ (3,5,4) hp=2/2
    ✗ Артиллерия C1      @ (2,3,5) [уничтожен]
    ✗ Радиовышка C2      @ (5,4,2) [уничтожен]
    ✗ Прыгун C3          @ (4,5,8) [уничтожен]
    ✗ Факел C4           @ (2,3,6) [уничтожен]
    ✗ Бурав C6           @ (5,3,1) [уничтожен]
    ✗ Провокатор C7      @ (3,4,5) [уничтожен]
    ✗ Паук C8            @ (3,4,8) [уничтожен]

======================================================================
ХОД 21
======================================================================
✓ 🎮 GM: начинаем ход
GM: start_turn

--- Радиовышки: сканирование слоя Z ---
  Радиовышка A2 (z=6): слой чист
  Радиовышка B2 (z=5): слой чист

--- Решения ботов ---
  [Team A] Радиовышка A2 (3,5,6) → MOVE (4,5,5)
  [Team A] Факел A4 (6,8,9) → HEAL (AoE)
  [Team A] Бурав A6 (7,8,9) → MOVE (6,7,8)
  [Team B] Артиллерия B1 (9,4,0) → SHOOT at (6,8,9)
  [Team B] Радиовышка B2 (4,5,5) → MOVE (3,5,6)
  [Team B] Бурав B6 (5,3,1) → MOVE (4,4,2)
  [Team B] Провокатор B7 (7,6,0) → MOVE (6,5,1)
  [Team B] Тишина B5 → SKIP
  [Team B] Факел B4 → SKIP
  [Team C] Тишина C5 (3,5,4) → MOVE (4,5,5)
! 🎮 GM: принудительно завершает фазу планирования
GM: end_planning
# 
============================================================
# 🔄 ОБРАБОТКА ХОДА 21
# ============================================================

📦 ПЕРЕМЕЩЕНИЯ:
!    ⚠️ Радиовышка A2: клетка (4,5,5) занята
!    ⚠️ Бурав A6: Бурав двигается только по 1 оси или по 2 осям строго диагонально
!    ⚠️ Радиовышка B2: клетка (3,5,6) занята
!    ⚠️ Бурав B6: Бурав двигается только по 1 оси или по 2 осям строго диагонально
!    ⚠️ Провокатор B7: клетка (6,5,1) занята
!    ⚠️ Тишина C5: клетка (4,5,5) занята

🎯 ВЫСТРЕЛЫ:
✓    ✅ Артиллерия B1 поразил Факел A4 (2 урона)!
   Выпущено ракет: 1
# 
📊 РЕЗУЛЬТАТЫ ХОДА 21:
✓ 💥 ПОПАДАНИЯ:
✓    Артиллерия B1 (Team B) → Факел A4 (Team A)

--- Результаты хода ---
  Team B / Артиллерия B1      → Team A / Факел A4           @ (6,8,9)  (УБИТ)

--- Состояние команд после хода ---
  Team A: живых 2/8
    ✓ Радиовышка A2      @ (3,5,6) hp=3/3
    ✓ Бурав A6           @ (7,8,9) hp=4/4
    ✗ Артиллерия A1      @ (6,9,9) [уничтожен]
    ✗ Прыгун A3          @ (2,3,6) [уничтожен]
    ✗ Факел A4           @ (6,8,9) [уничтожен]
    ✗ Тишина A5          @ (4,5,7) [уничтожен]
    ✗ Провокатор A7      @ (1,8,9) [уничтожен]
    ✗ Паук A8            @ (7,7,8) [уничтожен]
  Team B: живых 6/8
    ✓ Артиллерия B1      @ (9,4,0) hp=1/1
    ✓ Радиовышка B2      @ (4,5,5) hp=3/3
    ✓ Факел B4           @ (9,3,0) hp=6/6
    ✓ Тишина B5          @ (3,4,6) hp=2/2
    ✓ Бурав B6           @ (5,3,1) hp=4/4
    ✓ Провокатор B7      @ (7,6,0) hp=2/2
    ✗ Прыгун B3          @ (5,3,4) [уничтожен]
    ✗ Паук B8            @ (5,3,1) [уничтожен]
  Team C: живых 1/8
    ✓ Тишина C5          @ (3,5,4) hp=2/2
    ✗ Артиллерия C1      @ (2,3,5) [уничтожен]
    ✗ Радиовышка C2      @ (5,4,2) [уничтожен]
    ✗ Прыгун C3          @ (4,5,8) [уничтожен]
    ✗ Факел C4           @ (2,3,6) [уничтожен]
    ✗ Бурав C6           @ (5,3,1) [уничтожен]
    ✗ Провокатор C7      @ (3,4,5) [уничтожен]
    ✗ Паук C8            @ (3,4,8) [уничтожен]

======================================================================
ХОД 22
======================================================================
✓ 🎮 GM: начинаем ход
GM: start_turn

--- Радиовышки: сканирование слоя Z ---
  Радиовышка A2 (z=6): слой чист
  Радиовышка B2 (z=5): слой чист

--- Решения ботов ---
  [Team A] Радиовышка A2 (3,5,6) → MOVE (4,5,5)
  [Team A] Бурав A6 (7,8,9) → MOVE (6,7,8)
  [Team B] Артиллерия B1 (9,4,0) → SHOOT at (3,5,6)
  [Team B] Радиовышка B2 (4,5,5) → MOVE (3,5,6)
  [Team B] Тишина B5 (3,4,6) → PHASE toggle
  [Team B] Бурав B6 (5,3,1) → MOVE (4,4,2)
  [Team B] Провокатор B7 (7,6,0) → MOVE (6,5,1)
  [Team B] Факел B4 → SKIP
  [Team C] Тишина C5 (3,5,4) → MOVE (4,5,5)
! 🎮 GM: принудительно завершает фазу планирования
GM: end_planning
# 
============================================================
# 🔄 ОБРАБОТКА ХОДА 22
# ============================================================
   🌀 Тишина B5: фаза ВЫКЛ

📦 ПЕРЕМЕЩЕНИЯ:
!    ⚠️ Радиовышка A2: клетка (4,5,5) занята
!    ⚠️ Бурав A6: Бурав двигается только по 1 оси или по 2 осям строго диагонально
!    ⚠️ Радиовышка B2: клетка (3,5,6) занята
!    ⚠️ Бурав B6: Бурав двигается только по 1 оси или по 2 осям строго диагонально
!    ⚠️ Провокатор B7: клетка (6,5,1) занята
!    ⚠️ Тишина C5: клетка (4,5,5) занята

🎯 ВЫСТРЕЛЫ:
✓    ✅ Артиллерия B1 поразил Радиовышка A2 (2 урона)!
   Выпущено ракет: 1
# 
📊 РЕЗУЛЬТАТЫ ХОДА 22:
✓ 💥 ПОПАДАНИЯ:
✓    Артиллерия B1 (Team B) → Радиовышка A2 (Team A)

--- Результаты хода ---
  Team B / Артиллерия B1      → Team A / Радиовышка A2      @ (3,5,6)  (ранен)

--- Состояние команд после хода ---
  Team A: живых 2/8
    ✓ Радиовышка A2      @ (3,5,6) hp=1/3
    ✓ Бурав A6           @ (7,8,9) hp=4/4
    ✗ Артиллерия A1      @ (6,9,9) [уничтожен]
    ✗ Прыгун A3          @ (2,3,6) [уничтожен]
    ✗ Факел A4           @ (6,8,9) [уничтожен]
    ✗ Тишина A5          @ (4,5,7) [уничтожен]
    ✗ Провокатор A7      @ (1,8,9) [уничтожен]
    ✗ Паук A8            @ (7,7,8) [уничтожен]
  Team B: живых 6/8
    ✓ Артиллерия B1      @ (9,4,0) hp=1/1
    ✓ Радиовышка B2      @ (4,5,5) hp=3/3
    ✓ Факел B4           @ (9,3,0) hp=6/6
    ✓ Тишина B5          @ (3,4,6) hp=2/2
    ✓ Бурав B6           @ (5,3,1) hp=4/4
    ✓ Провокатор B7      @ (7,6,0) hp=2/2
    ✗ Прыгун B3          @ (5,3,4) [уничтожен]
    ✗ Паук B8            @ (5,3,1) [уничтожен]
  Team C: живых 1/8
    ✓ Тишина C5          @ (3,5,4) hp=2/2
    ✗ Артиллерия C1      @ (2,3,5) [уничтожен]
    ✗ Радиовышка C2      @ (5,4,2) [уничтожен]
    ✗ Прыгун C3          @ (4,5,8) [уничтожен]
    ✗ Факел C4           @ (2,3,6) [уничтожен]
    ✗ Бурав C6           @ (5,3,1) [уничтожен]
    ✗ Провокатор C7      @ (3,4,5) [уничтожен]
    ✗ Паук C8            @ (3,4,8) [уничтожен]

======================================================================
ХОД 23
======================================================================
✓ 🎮 GM: начинаем ход
GM: start_turn

--- Радиовышки: сканирование слоя Z ---
  Радиовышка A2 (z=6): видит 1 врагов  → Тишина B5(3,4,6)
  Радиовышка B2 (z=5): слой чист

--- Решения ботов ---
  [Team A] Радиовышка A2 (3,5,6) → MOVE (4,5,5)
  [Team A] Бурав A6 (7,8,9) → MOVE (6,7,8)
  [Team B] Артиллерия B1 (9,4,0) → SHOOT at (3,5,6)
  [Team B] Радиовышка B2 (4,5,5) → MOVE (3,5,6)
  [Team B] Бурав B6 (5,3,1) → MOVE (4,4,2)
  [Team B] Провокатор B7 (7,6,0) → MOVE (6,5,1)
  [Team B] Тишина B5 → SKIP
  [Team B] Факел B4 → SKIP
  [Team C] Тишина C5 (3,5,4) → MOVE (4,5,5)
! 🎮 GM: принудительно завершает фазу планирования
GM: end_planning
# 
============================================================
# 🔄 ОБРАБОТКА ХОДА 23
# ============================================================

📦 ПЕРЕМЕЩЕНИЯ:
!    ⚠️ Радиовышка A2: клетка (4,5,5) занята
!    ⚠️ Бурав A6: Бурав двигается только по 1 оси или по 2 осям строго диагонально
!    ⚠️ Радиовышка B2: клетка (3,5,6) занята
!    ⚠️ Бурав B6: Бурав двигается только по 1 оси или по 2 осям строго диагонально
!    ⚠️ Провокатор B7: клетка (6,5,1) занята
!    ⚠️ Тишина C5: клетка (4,5,5) занята

🎯 ВЫСТРЕЛЫ:
✓    ✅ Артиллерия B1 поразил Радиовышка A2 (2 урона)!
   Выпущено ракет: 1
# 
📊 РЕЗУЛЬТАТЫ ХОДА 23:
✓ 💥 ПОПАДАНИЯ:
✓    Артиллерия B1 (Team B) → Радиовышка A2 (Team A)

--- Результаты хода ---
  Team B / Артиллерия B1      → Team A / Радиовышка A2      @ (3,5,6)  (УБИТ)

--- Состояние команд после хода ---
  Team A: живых 1/8
    ✓ Бурав A6           @ (7,8,9) hp=4/4
    ✗ Артиллерия A1      @ (6,9,9) [уничтожен]
    ✗ Радиовышка A2      @ (3,5,6) [уничтожен]
    ✗ Прыгун A3          @ (2,3,6) [уничтожен]
    ✗ Факел A4           @ (6,8,9) [уничтожен]
    ✗ Тишина A5          @ (4,5,7) [уничтожен]
    ✗ Провокатор A7      @ (1,8,9) [уничтожен]
    ✗ Паук A8            @ (7,7,8) [уничтожен]
  Team B: живых 6/8
    ✓ Артиллерия B1      @ (9,4,0) hp=1/1
    ✓ Радиовышка B2      @ (4,5,5) hp=3/3
    ✓ Факел B4           @ (9,3,0) hp=6/6
    ✓ Тишина B5          @ (3,4,6) hp=2/2
    ✓ Бурав B6           @ (5,3,1) hp=4/4
    ✓ Провокатор B7      @ (7,6,0) hp=2/2
    ✗ Прыгун B3          @ (5,3,4) [уничтожен]
    ✗ Паук B8            @ (5,3,1) [уничтожен]
  Team C: живых 1/8
    ✓ Тишина C5          @ (3,5,4) hp=2/2
    ✗ Артиллерия C1      @ (2,3,5) [уничтожен]
    ✗ Радиовышка C2      @ (5,4,2) [уничтожен]
    ✗ Прыгун C3          @ (4,5,8) [уничтожен]
    ✗ Факел C4           @ (2,3,6) [уничтожен]
    ✗ Бурав C6           @ (5,3,1) [уничтожен]
    ✗ Провокатор C7      @ (3,4,5) [уничтожен]
    ✗ Паук C8            @ (3,4,8) [уничтожен]

======================================================================
ХОД 24
======================================================================
✓ 🎮 GM: начинаем ход
GM: start_turn

--- Радиовышки: сканирование слоя Z ---
  Радиовышка B2 (z=5): слой чист

--- Решения ботов ---
  [Team A] Бурав A6 (7,8,9) → MOVE (6,7,8)
  [Team B] Артиллерия B1 (9,4,0) → SHOOT at (7,8,9)
  [Team B] Радиовышка B2 (4,5,5) → MOVE (5,6,6)
  [Team B] Тишина B5 (3,4,6) → MOVE (4,5,7)
  [Team B] Бурав B6 (5,3,1) → MOVE (6,4,2)
  [Team B] Провокатор B7 (7,6,0) → MOVE (7,7,1)
  [Team B] Факел B4 → SKIP
  [Team C] Тишина C5 (3,5,4) → MOVE (4,5,5)
! 🎮 GM: принудительно завершает фазу планирования
GM: end_planning
# 
============================================================
# 🔄 ОБРАБОТКА ХОДА 24
# ============================================================

📦 ПЕРЕМЕЩЕНИЯ:
!    ⚠️ Бурав A6: Бурав двигается только по 1 оси или по 2 осям строго диагонально
   Радиовышка B2: (4, 5, 5) → (5,6,6)
   Тишина B5: (3, 4, 6) → (4,5,7)
!    ⚠️ Бурав B6: Бурав двигается только по 1 оси или по 2 осям строго диагонально
   Провокатор B7: (7, 6, 0) → (7,7,1)
   Тишина C5: (3, 5, 4) → (4,5,5)

🎯 ВЫСТРЕЛЫ:
✓    ✅ Артиллерия B1 поразил Бурав A6 (2 урона)!
   Выпущено ракет: 1
# 
📊 РЕЗУЛЬТАТЫ ХОДА 24:
✓ 💥 ПОПАДАНИЯ:
✓    Артиллерия B1 (Team B) → Бурав A6 (Team A)

--- Результаты хода ---
  Team B / Артиллерия B1      → Team A / Бурав A6           @ (7,8,9)  (ранен)

--- Состояние команд после хода ---
  Team A: живых 1/8
    ✓ Бурав A6           @ (7,8,9) hp=2/4
    ✗ Артиллерия A1      @ (6,9,9) [уничтожен]
    ✗ Радиовышка A2      @ (3,5,6) [уничтожен]
    ✗ Прыгун A3          @ (2,3,6) [уничтожен]
    ✗ Факел A4           @ (6,8,9) [уничтожен]
    ✗ Тишина A5          @ (4,5,7) [уничтожен]
    ✗ Провокатор A7      @ (1,8,9) [уничтожен]
    ✗ Паук A8            @ (7,7,8) [уничтожен]
  Team B: живых 6/8
    ✓ Артиллерия B1      @ (9,4,0) hp=1/1
    ✓ Радиовышка B2      @ (5,6,6) hp=3/3
    ✓ Факел B4           @ (9,3,0) hp=6/6
    ✓ Тишина B5          @ (4,5,7) hp=2/2
    ✓ Бурав B6           @ (5,3,1) hp=4/4
    ✓ Провокатор B7      @ (7,7,1) hp=2/2
    ✗ Прыгун B3          @ (5,3,4) [уничтожен]
    ✗ Паук B8            @ (5,3,1) [уничтожен]
  Team C: живых 1/8
    ✓ Тишина C5          @ (4,5,5) hp=2/2
    ✗ Артиллерия C1      @ (2,3,5) [уничтожен]
    ✗ Радиовышка C2      @ (5,4,2) [уничтожен]
    ✗ Прыгун C3          @ (4,5,8) [уничтожен]
    ✗ Факел C4           @ (2,3,6) [уничтожен]
    ✗ Бурав C6           @ (5,3,1) [уничтожен]
    ✗ Провокатор C7      @ (3,4,5) [уничтожен]
    ✗ Паук C8            @ (3,4,8) [уничтожен]

======================================================================
ХОД 25
======================================================================
✓ 🎮 GM: начинаем ход
GM: start_turn

--- Радиовышки: сканирование слоя Z ---
  Радиовышка B2 (z=6): слой чист

--- Решения ботов ---
  [Team A] Бурав A6 (7,8,9) → MOVE (6,7,8)
  [Team B] Артиллерия B1 (9,4,0) → SHOOT at (7,8,9)
  [Team B] Радиовышка B2 (5,6,6) → MOVE (6,7,7)
  [Team B] Тишина B5 (4,5,7) → MOVE (5,6,8)
  [Team B] Бурав B6 (5,3,1) → MOVE (6,4,2)
  [Team B] Провокатор B7 (7,7,1) → MOVE (7,8,2)
  [Team B] Факел B4 → SKIP
  [Team C] Тишина C5 (4,5,5) → MOVE (5,6,6)
! 🎮 GM: принудительно завершает фазу планирования
GM: end_planning
# 
============================================================
# 🔄 ОБРАБОТКА ХОДА 25
# ============================================================

📦 ПЕРЕМЕЩЕНИЯ:
!    ⚠️ Бурав A6: Бурав двигается только по 1 оси или по 2 осям строго диагонально
   Радиовышка B2: (5, 6, 6) → (6,7,7)
   Тишина B5: (4, 5, 7) → (5,6,8)
!    ⚠️ Бурав B6: Бурав двигается только по 1 оси или по 2 осям строго диагонально
   Провокатор B7: (7, 7, 1) → (7,8,2)
   Тишина C5: (4, 5, 5) → (5,6,6)

🎯 ВЫСТРЕЛЫ:
✓    ✅ Артиллерия B1 поразил Бурав A6 (2 урона)!
   Выпущено ракет: 1
# 
📊 РЕЗУЛЬТАТЫ ХОДА 25:
✓ 💥 ПОПАДАНИЯ:
✓    Артиллерия B1 (Team B) → Бурав A6 (Team A)

--- Результаты хода ---
  Team B / Артиллерия B1      → Team A / Бурав A6           @ (7,8,9)  (УБИТ)

--- Состояние команд после хода ---
  Team A: живых 0/8
    ✗ Артиллерия A1      @ (6,9,9) [уничтожен]
    ✗ Радиовышка A2      @ (3,5,6) [уничтожен]
    ✗ Прыгун A3          @ (2,3,6) [уничтожен]
    ✗ Факел A4           @ (6,8,9) [уничтожен]
    ✗ Тишина A5          @ (4,5,7) [уничтожен]
    ✗ Бурав A6           @ (7,8,9) [уничтожен]
    ✗ Провокатор A7      @ (1,8,9) [уничтожен]
    ✗ Паук A8            @ (7,7,8) [уничтожен]
  Team B: живых 6/8
    ✓ Артиллерия B1      @ (9,4,0) hp=1/1
    ✓ Радиовышка B2      @ (6,7,7) hp=3/3
    ✓ Факел B4           @ (9,3,0) hp=6/6
    ✓ Тишина B5          @ (5,6,8) hp=2/2
    ✓ Бурав B6           @ (5,3,1) hp=4/4
    ✓ Провокатор B7      @ (7,8,2) hp=2/2
    ✗ Прыгун B3          @ (5,3,4) [уничтожен]
    ✗ Паук B8            @ (5,3,1) [уничтожен]
  Team C: живых 1/8
    ✓ Тишина C5          @ (5,6,6) hp=2/2
    ✗ Артиллерия C1      @ (2,3,5) [уничтожен]
    ✗ Радиовышка C2      @ (5,4,2) [уничтожен]
    ✗ Прыгун C3          @ (4,5,8) [уничтожен]
    ✗ Факел C4           @ (2,3,6) [уничтожен]
    ✗ Бурав C6           @ (5,3,1) [уничтожен]
    ✗ Провокатор C7      @ (3,4,5) [уничтожен]
    ✗ Паук C8            @ (3,4,8) [уничтожен]

======================================================================
ХОД 26
======================================================================
✓ 🎮 GM: начинаем ход
GM: start_turn

--- Радиовышки: сканирование слоя Z ---
  Радиовышка B2 (z=7): слой чист

--- Решения ботов ---
  [Team A] все корабли пропускают ход
  [Team B] Артиллерия B1 (9,4,0) → SHOOT at (0,0,1)
  [Team B] Радиовышка B2 (6,7,7) → MOVE (5,6,6)
  [Team B] Тишина B5 (5,6,8) → MOVE (5,5,7)
  [Team B] Бурав B6 (5,3,1) → MOVE (5,4,2)
  [Team B] Провокатор B7 (7,8,2) → MOVE (6,7,3)
  [Team B] Факел B4 → SKIP
  [Team C] Тишина C5 (5,6,6) → MOVE (6,7,7)
! 🎮 GM: принудительно завершает фазу планирования
GM: end_planning
# 
============================================================
# 🔄 ОБРАБОТКА ХОДА 26
# ============================================================

📦 ПЕРЕМЕЩЕНИЯ:
   Радиовышка B2: (6, 7, 7) → (5,6,6)
   Тишина B5: (5, 6, 8) → (5,5,7)
   Бурав B6: (5, 3, 1) → (5,4,2)
   Провокатор B7: (7, 8, 2) → (6,7,3)
   Тишина C5: (5, 6, 6) → (6,7,7)

🎯 ВЫСТРЕЛЫ:
   Выпущено ракет: 1
# 
📊 РЕЗУЛЬТАТЫ ХОДА 26:
🎯 Попаданий нет

--- Результаты хода ---
  Попаданий нет

--- Состояние команд после хода ---
  Team A: живых 0/8
    ✗ Артиллерия A1      @ (6,9,9) [уничтожен]
    ✗ Радиовышка A2      @ (3,5,6) [уничтожен]
    ✗ Прыгун A3          @ (2,3,6) [уничтожен]
    ✗ Факел A4           @ (6,8,9) [уничтожен]
    ✗ Тишина A5          @ (4,5,7) [уничтожен]
    ✗ Бурав A6           @ (7,8,9) [уничтожен]
    ✗ Провокатор A7      @ (1,8,9) [уничтожен]
    ✗ Паук A8            @ (7,7,8) [уничтожен]
  Team B: живых 6/8
    ✓ Артиллерия B1      @ (9,4,0) hp=1/1
    ✓ Радиовышка B2      @ (5,6,6) hp=3/3
    ✓ Факел B4           @ (9,3,0) hp=6/6
    ✓ Тишина B5          @ (5,5,7) hp=2/2
    ✓ Бурав B6           @ (5,4,2) hp=4/4
    ✓ Провокатор B7      @ (6,7,3) hp=2/2
    ✗ Прыгун B3          @ (5,3,4) [уничтожен]
    ✗ Паук B8            @ (5,3,1) [уничтожен]
  Team C: живых 1/8
    ✓ Тишина C5          @ (6,7,7) hp=2/2
    ✗ Артиллерия C1      @ (2,3,5) [уничтожен]
    ✗ Радиовышка C2      @ (5,4,2) [уничтожен]
    ✗ Прыгун C3          @ (4,5,8) [уничтожен]
    ✗ Факел C4           @ (2,3,6) [уничтожен]
    ✗ Бурав C6           @ (5,3,1) [уничтожен]
    ✗ Провокатор C7      @ (3,4,5) [уничтожен]
    ✗ Паук C8            @ (3,4,8) [уничтожен]

======================================================================
ХОД 27
======================================================================
✓ 🎮 GM: начинаем ход
GM: start_turn

--- Радиовышки: сканирование слоя Z ---
  Радиовышка B2 (z=6): слой чист

--- Решения ботов ---
  [Team A] все корабли пропускают ход
  [Team B] Артиллерия B1 (9,4,0) → SHOOT at (7,9,5)
  [Team B] Радиовышка B2 (5,6,6) → MOVE (5,5,5)
  [Team B] Тишина B5 (5,5,7) → MOVE (5,5,6)
  [Team B] Бурав B6 (5,4,2) → MOVE (5,5,3)
  [Team B] Провокатор B7 (6,7,3) → MOVE (5,6,4)
  [Team B] Факел B4 → SKIP
  [Team C] Тишина C5 (6,7,7) → MOVE (5,6,6)
! 🎮 GM: принудительно завершает фазу планирования
GM: end_planning
# 
============================================================
# 🔄 ОБРАБОТКА ХОДА 27
# ============================================================

📦 ПЕРЕМЕЩЕНИЯ:
   Радиовышка B2: (5, 6, 6) → (5,5,5)
   Тишина B5: (5, 5, 7) → (5,5,6)
   Бурав B6: (5, 4, 2) → (5,5,3)
   Провокатор B7: (6, 7, 3) → (5,6,4)
   Тишина C5: (6, 7, 7) → (5,6,6)

🎯 ВЫСТРЕЛЫ:
   Выпущено ракет: 1
# 
📊 РЕЗУЛЬТАТЫ ХОДА 27:
🎯 Попаданий нет

--- Результаты хода ---
  Попаданий нет

--- Состояние команд после хода ---
  Team A: живых 0/8
    ✗ Артиллерия A1      @ (6,9,9) [уничтожен]
    ✗ Радиовышка A2      @ (3,5,6) [уничтожен]
    ✗ Прыгун A3          @ (2,3,6) [уничтожен]
    ✗ Факел A4           @ (6,8,9) [уничтожен]
    ✗ Тишина A5          @ (4,5,7) [уничтожен]
    ✗ Бурав A6           @ (7,8,9) [уничтожен]
    ✗ Провокатор A7      @ (1,8,9) [уничтожен]
    ✗ Паук A8            @ (7,7,8) [уничтожен]
  Team B: живых 6/8
    ✓ Артиллерия B1      @ (9,4,0) hp=1/1
    ✓ Радиовышка B2      @ (5,5,5) hp=3/3
    ✓ Факел B4           @ (9,3,0) hp=6/6
    ✓ Тишина B5          @ (5,5,6) hp=2/2
    ✓ Бурав B6           @ (5,5,3) hp=4/4
    ✓ Провокатор B7      @ (5,6,4) hp=2/2
    ✗ Прыгун B3          @ (5,3,4) [уничтожен]
    ✗ Паук B8            @ (5,3,1) [уничтожен]
  Team C: живых 1/8
    ✓ Тишина C5          @ (5,6,6) hp=2/2
    ✗ Артиллерия C1      @ (2,3,5) [уничтожен]
    ✗ Радиовышка C2      @ (5,4,2) [уничтожен]
    ✗ Прыгун C3          @ (4,5,8) [уничтожен]
    ✗ Факел C4           @ (2,3,6) [уничтожен]
    ✗ Бурав C6           @ (5,3,1) [уничтожен]
    ✗ Провокатор C7      @ (3,4,5) [уничтожен]
    ✗ Паук C8            @ (3,4,8) [уничтожен]

======================================================================
ХОД 28
======================================================================
✓ 🎮 GM: начинаем ход
GM: start_turn

--- Радиовышки: сканирование слоя Z ---
  Радиовышка B2 (z=5): слой чист

--- Решения ботов ---
  [Team A] все корабли пропускают ход
  [Team B] Артиллерия B1 (9,4,0) → SHOOT at (0,5,0)
  [Team B] Бурав B6 (5,5,3) → MOVE (5,5,4)
  [Team B] Провокатор B7 (5,6,4) → MOVE (5,6,5)
  [Team B] Радиовышка B2 → SKIP
  [Team B] Тишина B5 → SKIP
  [Team B] Факел B4 → SKIP
  [Team C] Тишина C5 (5,6,6) → MOVE (5,5,5)
! 🎮 GM: принудительно завершает фазу планирования
GM: end_planning
# 
============================================================
# 🔄 ОБРАБОТКА ХОДА 28
# ============================================================

📦 ПЕРЕМЕЩЕНИЯ:
   Бурав B6: (5, 5, 3) → (5,5,4)
   Провокатор B7: (5, 6, 4) → (5,6,5)
!    ⚠️ Тишина C5: клетка (5,5,5) занята

🎯 ВЫСТРЕЛЫ:
   Выпущено ракет: 1
# 
📊 РЕЗУЛЬТАТЫ ХОДА 28:
🎯 Попаданий нет

--- Результаты хода ---
  Попаданий нет

--- Состояние команд после хода ---
  Team A: живых 0/8
    ✗ Артиллерия A1      @ (6,9,9) [уничтожен]
    ✗ Радиовышка A2      @ (3,5,6) [уничтожен]
    ✗ Прыгун A3          @ (2,3,6) [уничтожен]
    ✗ Факел A4           @ (6,8,9) [уничтожен]
    ✗ Тишина A5          @ (4,5,7) [уничтожен]
    ✗ Бурав A6           @ (7,8,9) [уничтожен]
    ✗ Провокатор A7      @ (1,8,9) [уничтожен]
    ✗ Паук A8            @ (7,7,8) [уничтожен]
  Team B: живых 6/8
    ✓ Артиллерия B1      @ (9,4,0) hp=1/1
    ✓ Радиовышка B2      @ (5,5,5) hp=3/3
    ✓ Факел B4           @ (9,3,0) hp=6/6
    ✓ Тишина B5          @ (5,5,6) hp=2/2
    ✓ Бурав B6           @ (5,5,4) hp=4/4
    ✓ Провокатор B7      @ (5,6,5) hp=2/2
    ✗ Прыгун B3          @ (5,3,4) [уничтожен]
    ✗ Паук B8            @ (5,3,1) [уничтожен]
  Team C: живых 1/8
    ✓ Тишина C5          @ (5,6,6) hp=2/2
    ✗ Артиллерия C1      @ (2,3,5) [уничтожен]
    ✗ Радиовышка C2      @ (5,4,2) [уничтожен]
    ✗ Прыгун C3          @ (4,5,8) [уничтожен]
    ✗ Факел C4           @ (2,3,6) [уничтожен]
    ✗ Бурав C6           @ (5,3,1) [уничтожен]
    ✗ Провокатор C7      @ (3,4,5) [уничтожен]
    ✗ Паук C8            @ (3,4,8) [уничтожен]

======================================================================
ХОД 29
======================================================================
✓ 🎮 GM: начинаем ход
GM: start_turn

--- Радиовышки: сканирование слоя Z ---
  Радиовышка B2 (z=5): слой чист

--- Решения ботов ---
  [Team A] все корабли пропускают ход
  [Team B] Артиллерия B1 (9,4,0) → SHOOT at (7,9,5)
  [Team B] Бурав B6 → SKIP
  [Team B] Тишина B5 → SKIP
  [Team B] Провокатор B7 → SKIP
  [Team B] Радиовышка B2 → SKIP
  [Team B] Факел B4 → SKIP
  [Team C] Тишина C5 (5,6,6) → MOVE (5,5,5)
! 🎮 GM: принудительно завершает фазу планирования
GM: end_planning
# 
============================================================
# 🔄 ОБРАБОТКА ХОДА 29
# ============================================================

📦 ПЕРЕМЕЩЕНИЯ:
!    ⚠️ Тишина C5: клетка (5,5,5) занята

🎯 ВЫСТРЕЛЫ:
   Выпущено ракет: 1
# 
📊 РЕЗУЛЬТАТЫ ХОДА 29:
🎯 Попаданий нет

--- Результаты хода ---
  Попаданий нет

--- Состояние команд после хода ---
  Team A: живых 0/8
    ✗ Артиллерия A1      @ (6,9,9) [уничтожен]
    ✗ Радиовышка A2      @ (3,5,6) [уничтожен]
    ✗ Прыгун A3          @ (2,3,6) [уничтожен]
    ✗ Факел A4           @ (6,8,9) [уничтожен]
    ✗ Тишина A5          @ (4,5,7) [уничтожен]
    ✗ Бурав A6           @ (7,8,9) [уничтожен]
    ✗ Провокатор A7      @ (1,8,9) [уничтожен]
    ✗ Паук A8            @ (7,7,8) [уничтожен]
  Team B: живых 6/8
    ✓ Артиллерия B1      @ (9,4,0) hp=1/1
    ✓ Радиовышка B2      @ (5,5,5) hp=3/3
    ✓ Факел B4           @ (9,3,0) hp=6/6
    ✓ Тишина B5          @ (5,5,6) hp=2/2
    ✓ Бурав B6           @ (5,5,4) hp=4/4
    ✓ Провокатор B7      @ (5,6,5) hp=2/2
    ✗ Прыгун B3          @ (5,3,4) [уничтожен]
    ✗ Паук B8            @ (5,3,1) [уничтожен]
  Team C: живых 1/8
    ✓ Тишина C5          @ (5,6,6) hp=2/2
    ✗ Артиллерия C1      @ (2,3,5) [уничтожен]
    ✗ Радиовышка C2      @ (5,4,2) [уничтожен]
    ✗ Прыгун C3          @ (4,5,8) [уничтожен]
    ✗ Факел C4           @ (2,3,6) [уничтожен]
    ✗ Бурав C6           @ (5,3,1) [уничтожен]
    ✗ Провокатор C7      @ (3,4,5) [уничтожен]
    ✗ Паук C8            @ (3,4,8) [уничтожен]

======================================================================
ХОД 30
======================================================================
✓ 🎮 GM: начинаем ход
GM: start_turn

--- Радиовышки: сканирование слоя Z ---
  Радиовышка B2 (z=5): слой чист

--- Решения ботов ---
  [Team A] все корабли пропускают ход
  [Team B] Артиллерия B1 (9,4,0) → SHOOT at (7,9,5)
  [Team B] Бурав B6 → SKIP
  [Team B] Тишина B5 → SKIP
  [Team B] Провокатор B7 → SKIP
  [Team B] Радиовышка B2 → SKIP
  [Team B] Факел B4 → SKIP
  [Team C] Тишина C5 (5,6,6) → MOVE (5,5,5)
! 🎮 GM: принудительно завершает фазу планирования
GM: end_planning
# 
============================================================
# 🔄 ОБРАБОТКА ХОДА 30
# ============================================================

📦 ПЕРЕМЕЩЕНИЯ:
!    ⚠️ Тишина C5: клетка (5,5,5) занята

🎯 ВЫСТРЕЛЫ:
   Выпущено ракет: 1
# 
📊 РЕЗУЛЬТАТЫ ХОДА 30:
🎯 Попаданий нет

--- Результаты хода ---
  Попаданий нет

--- Состояние команд после хода ---
  Team A: живых 0/8
    ✗ Артиллерия A1      @ (6,9,9) [уничтожен]
    ✗ Радиовышка A2      @ (3,5,6) [уничтожен]
    ✗ Прыгун A3          @ (2,3,6) [уничтожен]
    ✗ Факел A4           @ (6,8,9) [уничтожен]
    ✗ Тишина A5          @ (4,5,7) [уничтожен]
    ✗ Бурав A6           @ (7,8,9) [уничтожен]
    ✗ Провокатор A7      @ (1,8,9) [уничтожен]
    ✗ Паук A8            @ (7,7,8) [уничтожен]
  Team B: живых 6/8
    ✓ Артиллерия B1      @ (9,4,0) hp=1/1
    ✓ Радиовышка B2      @ (5,5,5) hp=3/3
    ✓ Факел B4           @ (9,3,0) hp=6/6
    ✓ Тишина B5          @ (5,5,6) hp=2/2
    ✓ Бурав B6           @ (5,5,4) hp=4/4
    ✓ Провокатор B7      @ (5,6,5) hp=2/2
    ✗ Прыгун B3          @ (5,3,4) [уничтожен]
    ✗ Паук B8            @ (5,3,1) [уничтожен]
  Team C: живых 1/8
    ✓ Тишина C5          @ (5,6,6) hp=2/2
    ✗ Артиллерия C1      @ (2,3,5) [уничтожен]
    ✗ Радиовышка C2      @ (5,4,2) [уничтожен]
    ✗ Прыгун C3          @ (4,5,8) [уничтожен]
    ✗ Факел C4           @ (2,3,6) [уничтожен]
    ✗ Бурав C6           @ (5,3,1) [уничтожен]
    ✗ Провокатор C7      @ (3,4,5) [уничтожен]
    ✗ Паук C8            @ (3,4,8) [уничтожен]

======================================================================
ИТОГ
======================================================================
Лимит ходов (30) исчерпан, ничья/пат.

--- Сводка по командам ---
  Team A: 0/8 живых; hp=0
  Team B: 6/8 живых; hp=18
  Team C: 1/8 живых; hp=2

--- Сводка по пассивкам радиовышек ---
  Team A: сканирований=23, всего врагов-в-слоях=13, уникальных эксклюзивных (видны только радиовышкой)=1
  Team B: сканирований=30, всего врагов-в-слоях=2, уникальных эксклюзивных (видны только радиовышкой)=1
  Team C: сканирований=5, всего врагов-в-слоях=2, уникальных эксклюзивных (видны только радиовышкой)=0

--- Сводка по попаданиям ---
  Всего событий (шоты+тараны+мины): 26
  Уничтожено кораблей всего: 17
  Team A: урон=12 хиты=2 тараны=2 мины(сработало)=0 убийств=4
  Team B: урон=35 хиты=16 тараны=1 мины(сработало)=0 убийств=9
  Team C: урон=9 хиты=1 тараны=3 мины(сработало)=1 убийств=4
! 🎮 GM: остановка игры
