======================================================================
Space Battle 10×10×10 — simulation run at 2026-04-20T13:31:54+00:00
Game mode: advanced
Seed: 104
✓ 🚀 Продвинутый режим: создаю разные типы кораблей
   Команда A: спавн вдоль оси X от (6, 3, 3) до (4, 3, 3)
   Команда B: спавн вдоль оси X от (5, 1, 1) до (8, 1, 1)
   Команда C: спавн вдоль оси Y от (9, 4, 2) до (9, 5, 2)
✓ ✅ Создано 24 кораблей


--- СТАРТОВАЯ РАССТАНОВКА ---
  Team A: живых 8/8
    ✓ Артиллерия A1      @ (6,3,3) hp=1/1
    ✓ Радиовышка A2      @ (5,3,3) hp=3/3
    ✓ Прыгун A3          @ (0,3,3) hp=2/2
    ✓ Факел A4           @ (8,3,3) hp=6/6
    ✓ Тишина A5          @ (1,3,3) hp=2/2
    ✓ Бурав A6           @ (7,3,3) hp=4/4
    ✓ Провокатор A7      @ (9,3,3) hp=2/2
    ✓ Паук A8            @ (4,3,3) hp=1/1
  Team B: живых 8/8
    ✓ Артиллерия B1      @ (5,1,1) hp=1/1
    ✓ Радиовышка B2      @ (9,1,1) hp=3/3
    ✓ Прыгун B3          @ (0,1,1) hp=2/2
    ✓ Факел B4           @ (6,1,1) hp=6/6
    ✓ Тишина B5          @ (1,1,1) hp=2/2
    ✓ Бурав B6           @ (4,1,1) hp=4/4
    ✓ Провокатор B7      @ (2,1,1) hp=2/2
    ✓ Паук B8            @ (8,1,1) hp=1/1
  Team C: живых 8/8
    ✓ Артиллерия C1      @ (9,4,2) hp=1/1
    ✓ Радиовышка C2      @ (9,6,2) hp=3/3
    ✓ Прыгун C3          @ (9,0,2) hp=2/2
    ✓ Факел C4           @ (9,3,2) hp=6/6
    ✓ Тишина C5          @ (9,8,2) hp=2/2
    ✓ Бурав C6           @ (9,9,2) hp=4/4
    ✓ Провокатор C7      @ (9,1,2) hp=2/2
    ✓ Паук C8            @ (9,5,2) hp=1/1

======================================================================
ХОД 1
======================================================================
✓ 🎮 GM: начинаем ход
GM: start_turn

--- Радиовышки: сканирование слоя Z ---
  Радиовышка A2 (z=3): слой чист
  Радиовышка B2 (z=1): слой чист
  Радиовышка C2 (z=2): слой чист

--- Решения ботов ---
  [Team A] Артиллерия A1 (6,3,3) → SHOOT at (5,1,1)
  [Team A] Радиовышка A2 (5,3,3) → MOVE (5,2,2)
  [Team A] Прыгун A3 (0,3,3) → MOVE (0,1,1)
  [Team A] Тишина A5 (1,3,3) → PHASE toggle
  [Team A] Бурав A6 (7,3,3) → MOVE (6,2,2)
  [Team A] Провокатор A7 (9,3,3) → HOLOGRAM (9,4,2)
  [Team A] Паук A8 (4,3,3) → MINE (5,2,2)
  [Team A] Факел A4 → SKIP
  [Team B] Артиллерия B1 (5,1,1) → SHOOT at (6,3,3)
  [Team B] Радиовышка B2 (9,1,1) → MOVE (9,0,2)
  [Team B] Прыгун B3 (0,1,1) → MOVE (0,3,3)
  [Team B] Тишина B5 (1,1,1) → PHASE toggle
  [Team B] Бурав B6 (4,1,1) → MOVE (4,3,3)
  [Team B] Провокатор B7 (2,1,1) → HOLOGRAM (1,2,2)
  [Team B] Паук B8 (8,1,1) → MINE (9,2,2)
  [Team B] Факел B4 → SKIP
  [Team C] Артиллерия C1 (9,4,2) → SHOOT at (6,3,3)
  [Team C] Радиовышка C2 (9,6,2) → MOVE (8,5,3)
  [Team C] Прыгун C3 (9,0,2) → MOVE (9,1,1)
  [Team C] Факел C4 (9,3,2) → SHOOT at (9,3,3)
  [Team C] Тишина C5 (9,8,2) → PHASE toggle
  [Team C] Бурав C6 (9,9,2) → MOVE (8,8,3)
  [Team C] Провокатор C7 (9,1,2) → SHOOT at (9,1,1)
  [Team C] Паук C8 (9,5,2) → MINE (8,4,2)
! 🎮 GM: принудительно завершает фазу планирования
GM: end_planning
# 
============================================================
# 🔄 ОБРАБОТКА ХОДА 1
# ============================================================
   🌀 Тишина A5: фаза ВКЛ
   🌀 Тишина B5: фаза ВКЛ
   🌀 Тишина C5: фаза ВКЛ
!    ⚠️ Провокатор A7: клетка (9,4,2) занята кораблём
   🪞 Провокатор B7 создал голограмму H1 в (1,2,2)
   💣 Паук A8 установил мину M1 в (5,2,2)
   💣 Паук B8 установил мину M2 в (9,2,2)
   💣 Паук C8 установил мину M3 в (8,4,2)

📦 ПЕРЕМЕЩЕНИЯ:
   Радиовышка A2: (5, 3, 3) → (5,2,2)
✓    💥 Прыгун A3 тараном уничтожил Прыгун B3 в (0,1,1)
   Прыгун A3: (0, 3, 3) → (0,1,1)
!    ⚠️ Бурав A6: Бурав двигается только по 1 оси или по 2 осям строго диагонально
!    ⚠️ Радиовышка B2: клетка (9,0,2) занята
✓    💥 Бурав B6 тараном уничтожил Паук A8 в (4,3,3)
   Бурав B6: (4, 1, 1) → (4,3,3)
   Радиовышка C2: (9, 6, 2) → (8,5,3)
✓    💥 Прыгун C3 тараном уничтожил Радиовышка B2 в (9,1,1)
   Прыгун C3: (9, 0, 2) → (9,1,1)
!    ⚠️ Бурав C6: Бурав двигается только по 1 оси или по 2 осям строго диагонально

🎯 ВЫСТРЕЛЫ:
!    🛡️ Выстрел Провокатор C7 заблокирован союзником Прыгун C3 в (9, 1, 1)
✓    ✅ Артиллерия A1 поразил Артиллерия B1 (2 урона)!
✓    ✅ Артиллерия B1 поразил Артиллерия A1 (2 урона)!
   💀 Артиллерия C1 добивает Артиллерия A1
✓    ✅ Артиллерия C1 поразил Артиллерия A1 (2 урона)!
✓    ✅ Факел C4 поразил Провокатор A7 (1 урона)!
   Выпущено ракет: 5
# 
📊 РЕЗУЛЬТАТЫ ХОДА 1:
✓ 💥 ПОПАДАНИЯ:
✓    Артиллерия A1 (Team A) → Артиллерия B1 (Team B)
✓    Артиллерия B1 (Team B) → Артиллерия A1 (Team A)
✓    Артиллерия C1 (Team C) → Артиллерия A1 (Team A)
✓    Факел C4 (Team C) → Провокатор A7 (Team A)

--- Результаты хода ---
  Team A / Прыгун A3          → Team B / Прыгун B3          @ (0,1,1)  (УБИТ)
  Team B / Бурав B6           → Team A / Паук A8            @ (4,3,3)  (УБИТ)
  Team C / Прыгун C3          → Team B / Радиовышка B2      @ (9,1,1)  (УБИТ)
  Team A / Артиллерия A1      → Team B / Артиллерия B1      @ (5,1,1)  (УБИТ)
  Team B / Артиллерия B1      → Team A / Артиллерия A1      @ (6,3,3)  (УБИТ)
  Team C / Артиллерия C1      → Team A / Артиллерия A1      @ (6,3,3)  (ранен)
  Team C / Факел C4           → Team A / Провокатор A7      @ (9,3,3)  (ранен)

--- Состояние команд после хода ---
  Team A: живых 6/8
    ✓ Радиовышка A2      @ (5,2,2) hp=3/3
    ✓ Прыгун A3          @ (0,1,1) hp=2/2
    ✓ Факел A4           @ (8,3,3) hp=6/6
    ✓ Тишина A5          @ (1,3,3) hp=2/2
    ✓ Бурав A6           @ (7,3,3) hp=4/4
    ✓ Провокатор A7      @ (9,3,3) hp=1/2
    ✗ Артиллерия A1      @ (6,3,3) [уничтожен]
    ✗ Паук A8            @ (4,3,3) [уничтожен]
  Team B: живых 5/8
    ✓ Факел B4           @ (6,1,1) hp=6/6
    ✓ Тишина B5          @ (1,1,1) hp=2/2
    ✓ Бурав B6           @ (4,3,3) hp=4/4
    ✓ Провокатор B7      @ (2,1,1) hp=2/2
    ✓ Паук B8            @ (8,1,1) hp=1/1
    ✗ Артиллерия B1      @ (5,1,1) [уничтожен]
    ✗ Радиовышка B2      @ (9,1,1) [уничтожен]
    ✗ Прыгун B3          @ (0,1,1) [уничтожен]
  Team C: живых 8/8
    ✓ Артиллерия C1      @ (9,4,2) hp=1/1
    ✓ Радиовышка C2      @ (8,5,3) hp=3/3
    ✓ Прыгун C3          @ (9,1,1) hp=2/2
    ✓ Факел C4           @ (9,3,2) hp=6/6
    ✓ Тишина C5          @ (9,8,2) hp=2/2
    ✓ Бурав C6           @ (9,9,2) hp=4/4
    ✓ Провокатор C7      @ (9,1,2) hp=2/2
    ✓ Паук C8            @ (9,5,2) hp=1/1

======================================================================
ХОД 2
======================================================================
✓ 🎮 GM: начинаем ход
GM: start_turn

--- Радиовышки: сканирование слоя Z ---
  Радиовышка A2 (z=2): видит 5 врагов [+1 эксклюзивно] → Провокатор C7(9,1,2), Факел C4(9,3,2), Артиллерия C1(9,4,2), Паук C8(9,5,2), Бурав C6(9,9,2)
  Радиовышка C2 (z=3): видит 4 врагов [+1 эксклюзивно] → Бурав A6(7,3,3), Факел A4(8,3,3), Провокатор A7(9,3,3), Бурав B6(4,3,3)

--- Решения ботов ---
  [Team A] Радиовышка A2 (5,2,2) → MOVE (6,1,1)
  [Team A] Прыгун A3 (0,1,1) → MOVE (2,1,1)
  [Team A] Факел A4 (8,3,3) → HEAL (AoE)
  [Team A] Тишина A5 (1,3,3) → MOVE (2,2,2)
  [Team A] Бурав A6 (7,3,3) → MOVE (4,3,3)
  [Team A] Провокатор A7 (9,3,3) → HOLOGRAM (9,4,2)
  [Team B] Факел B4 (6,1,1) → SHOOT at (9,1,1)
  [Team B] Тишина B5 (1,1,1) → MOVE (0,1,1)
  [Team B] Бурав B6 (4,3,3) → MOVE (7,3,3)
  [Team B] Провокатор B7 (2,1,1) → SHOOT at (0,1,1)
  [Team B] Паук B8 (8,1,1) → MINE (7,2,2)
  [Team C] Артиллерия C1 (9,4,2) → SHOOT at (9,3,3)
  [Team C] Радиовышка C2 (8,5,3) → MOVE (8,4,3)
  [Team C] Прыгун C3 (9,1,1) → MOVE (8,3,3)
  [Team C] Факел C4 (9,3,2) → SHOOT at (9,3,3)
  [Team C] Тишина C5 (9,8,2) → MOVE (8,7,3)
  [Team C] Бурав C6 (9,9,2) → MOVE (8,8,3)
  [Team C] Провокатор C7 (9,1,2) → HOLOGRAM (8,1,1)
  [Team C] Паук C8 (9,5,2) → MINE (8,4,2)
! 🎮 GM: принудительно завершает фазу планирования
GM: end_planning
# 
============================================================
# 🔄 ОБРАБОТКА ХОДА 2
# ============================================================
!    ⚠️ Провокатор A7: клетка (9,4,2) занята кораблём
!    ⚠️ Провокатор C7: клетка (8,1,1) занята кораблём
   💣 Паук B8 установил мину M4 в (7,2,2)
!    ⚠️ Паук C8: в клетке уже стоит мина

📦 ПЕРЕМЕЩЕНИЯ:
!    ⚠️ Радиовышка A2: клетка (6,1,1) занята
✓    💥 Прыгун A3 тараном уничтожил Провокатор B7 в (2,1,1)
   Прыгун A3: (0, 1, 1) → (2,1,1)
   Тишина A5: (1, 3, 3) → (2,2,2)
✓    💥 Бурав A6 тараном уничтожил Бурав B6 в (4,3,3)
   Бурав A6: (7, 3, 3) → (4,3,3)
   Тишина B5: (1, 1, 1) → (0,1,1)
   Радиовышка C2: (8, 5, 3) → (8,4,3)
✓    💥 Прыгун C3 тараном уничтожил Факел A4 в (8,3,3)
   Прыгун C3: (9, 1, 1) → (8,3,3)
   Тишина C5: (9, 8, 2) → (8,7,3)
!    ⚠️ Бурав C6: Бурав двигается только по 1 оси или по 2 осям строго диагонально

🎯 ВЫСТРЕЛЫ:
!    🛡️ Выстрел Факел B4 заблокирован союзником Паук B8 в (8, 1, 1)
✓    ✅ Артиллерия C1 поразил Провокатор A7 (2 урона)!
   💀 Факел C4 добивает Провокатор A7
✓    ✅ Факел C4 поразил Провокатор A7 (1 урона)!
   Выпущено ракет: 3
# 
📊 РЕЗУЛЬТАТЫ ХОДА 2:
✓ 💥 ПОПАДАНИЯ:
✓    Артиллерия C1 (Team C) → Провокатор A7 (Team A)
✓    Факел C4 (Team C) → Провокатор A7 (Team A)

--- Результаты хода ---
  Team A / Прыгун A3          → Team B / Провокатор B7      @ (2,1,1)  (УБИТ)
  Team A / Бурав A6           → Team B / Бурав B6           @ (4,3,3)  (УБИТ)
  Team C / Прыгун C3          → Team A / Факел A4           @ (8,3,3)  (УБИТ)
  Team C / Артиллерия C1      → Team A / Провокатор A7      @ (9,3,3)  (УБИТ)
  Team C / Факел C4           → Team A / Провокатор A7      @ (9,3,3)  (ранен)

--- Состояние команд после хода ---
  Team A: живых 4/8
    ✓ Радиовышка A2      @ (5,2,2) hp=3/3
    ✓ Прыгун A3          @ (2,1,1) hp=2/2
    ✓ Тишина A5          @ (2,2,2) hp=2/2
    ✓ Бурав A6           @ (4,3,3) hp=4/4
    ✗ Артиллерия A1      @ (6,3,3) [уничтожен]
    ✗ Факел A4           @ (8,3,3) [уничтожен]
    ✗ Провокатор A7      @ (9,3,3) [уничтожен]
    ✗ Паук A8            @ (4,3,3) [уничтожен]
  Team B: живых 3/8
    ✓ Факел B4           @ (6,1,1) hp=6/6
    ✓ Тишина B5          @ (0,1,1) hp=2/2
    ✓ Паук B8            @ (8,1,1) hp=1/1
    ✗ Артиллерия B1      @ (5,1,1) [уничтожен]
    ✗ Радиовышка B2      @ (9,1,1) [уничтожен]
    ✗ Прыгун B3          @ (0,1,1) [уничтожен]
    ✗ Бурав B6           @ (4,3,3) [уничтожен]
    ✗ Провокатор B7      @ (2,1,1) [уничтожен]
  Team C: живых 8/8
    ✓ Артиллерия C1      @ (9,4,2) hp=1/1
    ✓ Радиовышка C2      @ (8,4,3) hp=3/3
    ✓ Прыгун C3          @ (8,3,3) hp=2/2
    ✓ Факел C4           @ (9,3,2) hp=6/6
    ✓ Тишина C5          @ (8,7,3) hp=2/2
    ✓ Бурав C6           @ (9,9,2) hp=4/4
    ✓ Провокатор C7      @ (9,1,2) hp=2/2
    ✓ Паук C8            @ (9,5,2) hp=1/1

======================================================================
ХОД 3
======================================================================
✓ 🎮 GM: начинаем ход
GM: start_turn

--- Радиовышки: сканирование слоя Z ---
  Радиовышка A2 (z=2): видит 5 врагов [+5 эксклюзивно] → Провокатор C7(9,1,2), Факел C4(9,3,2), Артиллерия C1(9,4,2), Паук C8(9,5,2), Бурав C6(9,9,2)
  Радиовышка C2 (z=3): видит 1 врагов  → Бурав A6(4,3,3)

--- Решения ботов ---
  [Team A] Радиовышка A2 (5,2,2) → MOVE (6,1,1)
  [Team A] Прыгун A3 (2,1,1) → SHOOT at (6,1,1)
  [Team A] Тишина A5 (2,2,2) → MOVE (3,1,1)
  [Team A] Бурав A6 (4,3,3) → MOVE (5,3,2)
  [Team B] Факел B4 (6,1,1) → SHOOT at (2,1,1)
  [Team B] Тишина B5 (0,1,1) → MOVE (1,1,1)
  [Team B] Паук B8 (8,1,1) → MINE (7,2,2)
  [Team C] Артиллерия C1 (9,4,2) → SHOOT at (8,1,1)
  [Team C] Радиовышка C2 (8,4,3) → MOVE (7,3,2)
  [Team C] Прыгун C3 (8,3,3) → MOVE (6,1,1)
  [Team C] Тишина C5 (8,7,3) → PHASE toggle
  [Team C] Бурав C6 (9,9,2) → MOVE (8,8,3)
  [Team C] Провокатор C7 (9,1,2) → HOLOGRAM (8,1,1)
  [Team C] Паук C8 (9,5,2) → MINE (8,4,2)
  [Team C] Факел C4 → SKIP
! 🎮 GM: принудительно завершает фазу планирования
GM: end_planning
# 
============================================================
# 🔄 ОБРАБОТКА ХОДА 3
# ============================================================
   🌀 Тишина C5: фаза ВЫКЛ
!    ⚠️ Провокатор C7: клетка (8,1,1) занята кораблём
!    ⚠️ Паук B8: в клетке уже стоит мина
!    ⚠️ Паук C8: в клетке уже стоит мина

📦 ПЕРЕМЕЩЕНИЯ:
!    ⚠️ Радиовышка A2: клетка (6,1,1) занята
   Тишина A5: (2, 2, 2) → (3,1,1)
   Бурав A6: (4, 3, 3) → (5,3,2)
   Тишина B5: (0, 1, 1) → (1,1,1)
   Радиовышка C2: (8, 4, 3) → (7,3,2)
✓    💥 Прыгун C3 тараном уничтожил Факел B4 в (6,1,1)
   Прыгун C3: (8, 3, 3) → (6,1,1)
!    ⚠️ Бурав C6: Бурав двигается только по 1 оси или по 2 осям строго диагонально

🎯 ВЫСТРЕЛЫ:
✓    ✅ Прыгун A3 поразил Прыгун C3 (1 урона)!
✓    ✅ Артиллерия C1 поразил Паук B8 (2 урона)!
   Выпущено ракет: 2
# 
📊 РЕЗУЛЬТАТЫ ХОДА 3:
✓ 💥 ПОПАДАНИЯ:
✓    Прыгун A3 (Team A) → Прыгун C3 (Team C)
✓    Артиллерия C1 (Team C) → Паук B8 (Team B)

--- Результаты хода ---
  Team C / Прыгун C3          → Team B / Факел B4           @ (6,1,1)  (УБИТ)
  Team A / Прыгун A3          → Team C / Прыгун C3          @ (6,1,1)  (ранен)
  Team C / Артиллерия C1      → Team B / Паук B8            @ (8,1,1)  (УБИТ)

--- Состояние команд после хода ---
  Team A: живых 4/8
    ✓ Радиовышка A2      @ (5,2,2) hp=3/3
    ✓ Прыгун A3          @ (2,1,1) hp=2/2
    ✓ Тишина A5          @ (3,1,1) hp=2/2
    ✓ Бурав A6           @ (5,3,2) hp=4/4
    ✗ Артиллерия A1      @ (6,3,3) [уничтожен]
    ✗ Факел A4           @ (8,3,3) [уничтожен]
    ✗ Провокатор A7      @ (9,3,3) [уничтожен]
    ✗ Паук A8            @ (4,3,3) [уничтожен]
  Team B: живых 1/8
    ✓ Тишина B5          @ (1,1,1) hp=2/2
    ✗ Артиллерия B1      @ (5,1,1) [уничтожен]
    ✗ Радиовышка B2      @ (9,1,1) [уничтожен]
    ✗ Прыгун B3          @ (0,1,1) [уничтожен]
    ✗ Факел B4           @ (6,1,1) [уничтожен]
    ✗ Бурав B6           @ (4,3,3) [уничтожен]
    ✗ Провокатор B7      @ (2,1,1) [уничтожен]
    ✗ Паук B8            @ (8,1,1) [уничтожен]
  Team C: живых 8/8
    ✓ Артиллерия C1      @ (9,4,2) hp=1/1
    ✓ Радиовышка C2      @ (7,3,2) hp=3/3
    ✓ Прыгун C3          @ (6,1,1) hp=1/2
    ✓ Факел C4           @ (9,3,2) hp=6/6
    ✓ Тишина C5          @ (8,7,3) hp=2/2
    ✓ Бурав C6           @ (9,9,2) hp=4/4
    ✓ Провокатор C7      @ (9,1,2) hp=2/2
    ✓ Паук C8            @ (9,5,2) hp=1/1

======================================================================
ХОД 4
======================================================================
✓ 🎮 GM: начинаем ход
GM: start_turn

--- Радиовышки: сканирование слоя Z ---
  Радиовышка A2 (z=2): видит 6 врагов [+1 эксклюзивно] → Радиовышка C2(7,3,2), Провокатор C7(9,1,2), Факел C4(9,3,2), Артиллерия C1(9,4,2), Паук C8(9,5,2), Бурав C6(9,9,2)
  Радиовышка C2 (z=2): видит 2 врагов  → Радиовышка A2(5,2,2), Бурав A6(5,3,2)

--- Решения ботов ---
  [Team A] Радиовышка A2 (5,2,2) → MOVE (6,1,1)
  [Team A] Прыгун A3 (2,1,1) → SHOOT at (6,1,1)
  [Team A] Тишина A5 (3,1,1) → MOVE (4,1,1)
  [Team A] Бурав A6 (5,3,2) → MOVE (7,3,2)
  [Team B] Тишина B5 (1,1,1) → MOVE (2,1,1)
  [Team C] Артиллерия C1 (9,4,2) → SHOOT at (2,1,1)
  [Team C] Радиовышка C2 (7,3,2) → MOVE (6,2,2)
  [Team C] Прыгун C3 (6,1,1) → MOVE (5,3,2)
  [Team C] Факел C4 (9,3,2) → SHOOT at (5,3,2)
  [Team C] Тишина C5 (8,7,3) → MOVE (7,6,2)
  [Team C] Бурав C6 (9,9,2) → MOVE (8,8,2)
  [Team C] Провокатор C7 (9,1,2) → HOLOGRAM (8,2,2)
  [Team C] Паук C8 (9,5,2) → MINE (8,4,2)
! 🎮 GM: принудительно завершает фазу планирования
GM: end_planning
# 
============================================================
# 🔄 ОБРАБОТКА ХОДА 4
# ============================================================
   🪞 Провокатор C7 создал голограмму H2 в (8,2,2)
!    ⚠️ Паук C8: в клетке уже стоит мина

📦 ПЕРЕМЕЩЕНИЯ:
!    ⚠️ Радиовышка A2: клетка (6,1,1) занята
   Тишина A5: (3, 1, 1) → (4,1,1)
✓    💥 Бурав A6 тараном уничтожил Радиовышка C2 в (7,3,2)
   Бурав A6: (5, 3, 2) → (7,3,2)
!    ⚠️ Тишина B5: клетка (2,1,1) занята
   Прыгун C3: (6, 1, 1) → (5,3,2)
   Тишина C5: (8, 7, 3) → (7,6,2)
   Бурав C6: (9, 9, 2) → (8,8,2)

🎯 ВЫСТРЕЛЫ:
✓    ✅ Артиллерия C1 поразил Прыгун A3 (2 урона)!
✓    ✅ Факел C4 поразил Бурав A6 (1 урона)!
   Выпущено ракет: 3
# 
📊 РЕЗУЛЬТАТЫ ХОДА 4:
✓ 💥 ПОПАДАНИЯ:
✓    Артиллерия C1 (Team C) → Прыгун A3 (Team A)
✓    Факел C4 (Team C) → Бурав A6 (Team A)

--- Результаты хода ---
  Team A / Бурав A6           → Team C / Радиовышка C2      @ (7,3,2)  (УБИТ)
  Team C / Артиллерия C1      → Team A / Прыгун A3          @ (2,1,1)  (УБИТ)
  Team C / Факел C4           → Team A / Бурав A6           @ (7,3,2)  (ранен)

--- Состояние команд после хода ---
  Team A: живых 3/8
    ✓ Радиовышка A2      @ (5,2,2) hp=3/3
    ✓ Тишина A5          @ (4,1,1) hp=2/2
    ✓ Бурав A6           @ (7,3,2) hp=3/4
    ✗ Артиллерия A1      @ (6,3,3) [уничтожен]
    ✗ Прыгун A3          @ (2,1,1) [уничтожен]
    ✗ Факел A4           @ (8,3,3) [уничтожен]
    ✗ Провокатор A7      @ (9,3,3) [уничтожен]
    ✗ Паук A8            @ (4,3,3) [уничтожен]
  Team B: живых 1/8
    ✓ Тишина B5          @ (1,1,1) hp=2/2
    ✗ Артиллерия B1      @ (5,1,1) [уничтожен]
    ✗ Радиовышка B2      @ (9,1,1) [уничтожен]
    ✗ Прыгун B3          @ (0,1,1) [уничтожен]
    ✗ Факел B4           @ (6,1,1) [уничтожен]
    ✗ Бурав B6           @ (4,3,3) [уничтожен]
    ✗ Провокатор B7      @ (2,1,1) [уничтожен]
    ✗ Паук B8            @ (8,1,1) [уничтожен]
  Team C: живых 7/8
    ✓ Артиллерия C1      @ (9,4,2) hp=1/1
    ✓ Прыгун C3          @ (5,3,2) hp=1/2
    ✓ Факел C4           @ (9,3,2) hp=6/6
    ✓ Тишина C5          @ (7,6,2) hp=2/2
    ✓ Бурав C6           @ (8,8,2) hp=4/4
    ✓ Провокатор C7      @ (9,1,2) hp=2/2
    ✓ Паук C8            @ (9,5,2) hp=1/1
    ✗ Радиовышка C2      @ (7,3,2) [уничтожен]

======================================================================
ХОД 5
======================================================================
✓ 🎮 GM: начинаем ход
GM: start_turn

--- Радиовышки: сканирование слоя Z ---
  Радиовышка A2 (z=2): видит 7 врагов [+1 эксклюзивно] → Прыгун C3(5,3,2), Тишина C5(7,6,2), Бурав C6(8,8,2), Провокатор C7(9,1,2), Факел C4(9,3,2), Артиллерия C1(9,4,2), Паук C8(9,5,2)

--- Решения ботов ---
  [Team A] Радиовышка A2 (5,2,2) → MOVE (5,3,2)
  [Team A] Тишина A5 (4,1,1) → MOVE (5,1,2)
  [Team A] Бурав A6 (7,3,2) → MOVE (9,3,2)
  [Team B] Тишина B5 (1,1,1) → MOVE (2,2,2)
  [Team C] Артиллерия C1 (9,4,2) → SHOOT at (7,3,2)
  [Team C] Прыгун C3 (5,3,2) → MOVE (5,2,2)
  [Team C] Факел C4 (9,3,2) → SHOOT at (7,3,2)
  [Team C] Тишина C5 (7,6,2) → MOVE (7,5,2)
  [Team C] Бурав C6 (8,8,2) → MOVE (7,7,2)
  [Team C] Провокатор C7 (9,1,2) → HOLOGRAM (8,2,2)
  [Team C] Паук C8 (9,5,2) → MINE (8,4,2)
! 🎮 GM: принудительно завершает фазу планирования
GM: end_planning
# 
============================================================
# 🔄 ОБРАБОТКА ХОДА 5
# ============================================================
!    ⚠️ Провокатор C7: клетка (8,2,2) уже занята голограммой
!    ⚠️ Паук C8: в клетке уже стоит мина

📦 ПЕРЕМЕЩЕНИЯ:
!    ⚠️ Радиовышка A2: клетка (5,3,2) занята
   Тишина A5: (4, 1, 1) → (5,1,2)
✓    💥 Бурав A6 тараном уничтожил Факел C4 в (9,3,2)
   Бурав A6: (7, 3, 2) → (9,3,2)
   Тишина B5: (1, 1, 1) → (2,2,2)
✓    💥 Прыгун C3 тараном уничтожил Радиовышка A2 в (5,2,2)
   Прыгун C3: (5, 3, 2) → (5,2,2)
!    💥 Мина M1 сработала под Прыгун C3 (урон 2) — КОРАБЛЬ УНИЧТОЖЕН
   Тишина C5: (7, 6, 2) → (7,5,2)
   Бурав C6: (8, 8, 2) → (7,7,2)

🎯 ВЫСТРЕЛЫ:
   Выпущено ракет: 1
# 
📊 РЕЗУЛЬТАТЫ ХОДА 5:
🎯 Попаданий нет

--- Результаты хода ---
  Team A / Бурав A6           → Team C / Факел C4           @ (9,3,2)  (УБИТ)
  Team C / Прыгун C3          → Team A / Радиовышка A2      @ (5,2,2)  (УБИТ)
  ? / ?                  → Team C / Прыгун C3          @ (5,2,2)  (УБИТ)

--- Состояние команд после хода ---
  Team A: живых 2/8
    ✓ Тишина A5          @ (5,1,2) hp=2/2
    ✓ Бурав A6           @ (9,3,2) hp=3/4
    ✗ Артиллерия A1      @ (6,3,3) [уничтожен]
    ✗ Радиовышка A2      @ (5,2,2) [уничтожен]
    ✗ Прыгун A3          @ (2,1,1) [уничтожен]
    ✗ Факел A4           @ (8,3,3) [уничтожен]
    ✗ Провокатор A7      @ (9,3,3) [уничтожен]
    ✗ Паук A8            @ (4,3,3) [уничтожен]
  Team B: живых 1/8
    ✓ Тишина B5          @ (2,2,2) hp=2/2
    ✗ Артиллерия B1      @ (5,1,1) [уничтожен]
    ✗ Радиовышка B2      @ (9,1,1) [уничтожен]
    ✗ Прыгун B3          @ (0,1,1) [уничтожен]
    ✗ Факел B4           @ (6,1,1) [уничтожен]
    ✗ Бурав B6           @ (4,3,3) [уничтожен]
    ✗ Провокатор B7      @ (2,1,1) [уничтожен]
    ✗ Паук B8            @ (8,1,1) [уничтожен]
  Team C: живых 5/8
    ✓ Артиллерия C1      @ (9,4,2) hp=1/1
    ✓ Тишина C5          @ (7,5,2) hp=2/2
    ✓ Бурав C6           @ (7,7,2) hp=4/4
    ✓ Провокатор C7      @ (9,1,2) hp=2/2
    ✓ Паук C8            @ (9,5,2) hp=1/1
    ✗ Радиовышка C2      @ (7,3,2) [уничтожен]
    ✗ Прыгун C3          @ (5,2,2) [уничтожен]
    ✗ Факел C4           @ (9,3,2) [уничтожен]

======================================================================
ХОД 6
======================================================================
✓ 🎮 GM: начинаем ход
GM: start_turn

--- Радиовышки: сканирование слоя Z ---
  (у команд не осталось живых радиовышек)

--- Решения ботов ---
  [Team A] Тишина A5 (5,1,2) → MOVE (6,2,2)
  [Team A] Бурав A6 (9,3,2) → MOVE (9,4,2)
  [Team B] Тишина B5 (2,2,2) → PHASE toggle
  [Team C] Артиллерия C1 (9,4,2) → SHOOT at (9,3,2)
  [Team C] Тишина C5 (7,5,2) → MOVE (8,4,2)
  [Team C] Бурав C6 (7,7,2) → MOVE (8,6,2)
  [Team C] Провокатор C7 (9,1,2) → HOLOGRAM (9,2,2)
  [Team C] Паук C8 → SKIP
! 🎮 GM: принудительно завершает фазу планирования
GM: end_planning
# 
============================================================
# 🔄 ОБРАБОТКА ХОДА 6
# ============================================================
   🌀 Тишина B5: фаза ВЫКЛ
   🪞 Провокатор C7 создал голограмму H3 в (9,2,2)

📦 ПЕРЕМЕЩЕНИЯ:
   Тишина A5: (5, 1, 2) → (6,2,2)
✓    💥 Бурав A6 тараном уничтожил Артиллерия C1 в (9,4,2)
   Бурав A6: (9, 3, 2) → (9,4,2)
   Тишина C5: (7, 5, 2) → (8,4,2)
   Бурав C6: (7, 7, 2) → (8,6,2)

🎯 ВЫСТРЕЛЫ:
   Выпущено ракет: 0
# 
📊 РЕЗУЛЬТАТЫ ХОДА 6:
🎯 Попаданий нет

--- Результаты хода ---
  Team A / Бурав A6           → Team C / Артиллерия C1      @ (9,4,2)  (УБИТ)

--- Состояние команд после хода ---
  Team A: живых 2/8
    ✓ Тишина A5          @ (6,2,2) hp=2/2
    ✓ Бурав A6           @ (9,4,2) hp=3/4
    ✗ Артиллерия A1      @ (6,3,3) [уничтожен]
    ✗ Радиовышка A2      @ (5,2,2) [уничтожен]
    ✗ Прыгун A3          @ (2,1,1) [уничтожен]
    ✗ Факел A4           @ (8,3,3) [уничтожен]
    ✗ Провокатор A7      @ (9,3,3) [уничтожен]
    ✗ Паук A8            @ (4,3,3) [уничтожен]
  Team B: живых 1/8
    ✓ Тишина B5          @ (2,2,2) hp=2/2
    ✗ Артиллерия B1      @ (5,1,1) [уничтожен]
    ✗ Радиовышка B2      @ (9,1,1) [уничтожен]
    ✗ Прыгун B3          @ (0,1,1) [уничтожен]
    ✗ Факел B4           @ (6,1,1) [уничтожен]
    ✗ Бурав B6           @ (4,3,3) [уничтожен]
    ✗ Провокатор B7      @ (2,1,1) [уничтожен]
    ✗ Паук B8            @ (8,1,1) [уничтожен]
  Team C: живых 4/8
    ✓ Тишина C5          @ (8,4,2) hp=2/2
    ✓ Бурав C6           @ (8,6,2) hp=4/4
    ✓ Провокатор C7      @ (9,1,2) hp=2/2
    ✓ Паук C8            @ (9,5,2) hp=1/1
    ✗ Артиллерия C1      @ (9,4,2) [уничтожен]
    ✗ Радиовышка C2      @ (7,3,2) [уничтожен]
    ✗ Прыгун C3          @ (5,2,2) [уничтожен]
    ✗ Факел C4           @ (9,3,2) [уничтожен]

======================================================================
ХОД 7
======================================================================
✓ 🎮 GM: начинаем ход
GM: start_turn

--- Радиовышки: сканирование слоя Z ---
  (у команд не осталось живых радиовышек)

--- Решения ботов ---
  [Team A] Тишина A5 (6,2,2) → MOVE (7,3,2)
  [Team A] Бурав A6 (9,4,2) → MOVE (9,1,2)
  [Team B] Тишина B5 (2,2,2) → MOVE (3,3,2)
  [Team C] Тишина C5 (8,4,2) → MOVE (9,4,2)
  [Team C] Бурав C6 (8,6,2) → MOVE (8,5,2)
  [Team C] Провокатор C7 (9,1,2) → HOLOGRAM (9,2,2)
  [Team C] Паук C8 → SKIP
! 🎮 GM: принудительно завершает фазу планирования
GM: end_planning
# 
============================================================
# 🔄 ОБРАБОТКА ХОДА 7
# ============================================================
!    ⚠️ Провокатор C7: клетка (9,2,2) уже занята голограммой

📦 ПЕРЕМЕЩЕНИЯ:
   Тишина A5: (6, 2, 2) → (7,3,2)
✓    💥 Бурав A6 тараном уничтожил Провокатор C7 в (9,1,2)
   Бурав A6: (9, 4, 2) → (9,1,2)
   Тишина B5: (2, 2, 2) → (3,3,2)
   Тишина C5: (8, 4, 2) → (9,4,2)
   Бурав C6: (8, 6, 2) → (8,5,2)

🎯 ВЫСТРЕЛЫ:
   Выпущено ракет: 0
# 
📊 РЕЗУЛЬТАТЫ ХОДА 7:
🎯 Попаданий нет

--- Результаты хода ---
  Team A / Бурав A6           → Team C / Провокатор C7      @ (9,1,2)  (УБИТ)

--- Состояние команд после хода ---
  Team A: живых 2/8
    ✓ Тишина A5          @ (7,3,2) hp=2/2
    ✓ Бурав A6           @ (9,1,2) hp=3/4
    ✗ Артиллерия A1      @ (6,3,3) [уничтожен]
    ✗ Радиовышка A2      @ (5,2,2) [уничтожен]
    ✗ Прыгун A3          @ (2,1,1) [уничтожен]
    ✗ Факел A4           @ (8,3,3) [уничтожен]
    ✗ Провокатор A7      @ (9,3,3) [уничтожен]
    ✗ Паук A8            @ (4,3,3) [уничтожен]
  Team B: живых 1/8
    ✓ Тишина B5          @ (3,3,2) hp=2/2
    ✗ Артиллерия B1      @ (5,1,1) [уничтожен]
    ✗ Радиовышка B2      @ (9,1,1) [уничтожен]
    ✗ Прыгун B3          @ (0,1,1) [уничтожен]
    ✗ Факел B4           @ (6,1,1) [уничтожен]
    ✗ Бурав B6           @ (4,3,3) [уничтожен]
    ✗ Провокатор B7      @ (2,1,1) [уничтожен]
    ✗ Паук B8            @ (8,1,1) [уничтожен]
  Team C: живых 3/8
    ✓ Тишина C5          @ (9,4,2) hp=2/2
    ✓ Бурав C6           @ (8,5,2) hp=4/4
    ✓ Паук C8            @ (9,5,2) hp=1/1
    ✗ Артиллерия C1      @ (9,4,2) [уничтожен]
    ✗ Радиовышка C2      @ (7,3,2) [уничтожен]
    ✗ Прыгун C3          @ (5,2,2) [уничтожен]
    ✗ Факел C4           @ (9,3,2) [уничтожен]
    ✗ Провокатор C7      @ (9,1,2) [уничтожен]

======================================================================
ХОД 8
======================================================================
✓ 🎮 GM: начинаем ход
GM: start_turn

--- Радиовышки: сканирование слоя Z ---
  (у команд не осталось живых радиовышек)

--- Решения ботов ---
  [Team A] Тишина A5 (7,3,2) → PHASE toggle
  [Team A] Бурав A6 (9,1,2) → MOVE (9,4,2)
  [Team B] Тишина B5 (3,3,2) → MOVE (4,3,2)
  [Team C] Тишина C5 (9,4,2) → MOVE (9,3,2)
  [Team C] Бурав C6 (8,5,2) → MOVE (8,4,2)
  [Team C] Паук C8 → SKIP
! 🎮 GM: принудительно завершает фазу планирования
GM: end_planning
# 
============================================================
# 🔄 ОБРАБОТКА ХОДА 8
# ============================================================
   🌀 Тишина A5: фаза ВЫКЛ

📦 ПЕРЕМЕЩЕНИЯ:
✓    💥 Бурав A6 тараном уничтожил Тишина C5 в (9,4,2)
   Бурав A6: (9, 1, 2) → (9,4,2)
   Тишина B5: (3, 3, 2) → (4,3,2)
   Бурав C6: (8, 5, 2) → (8,4,2)

🎯 ВЫСТРЕЛЫ:
   Выпущено ракет: 0
# 
📊 РЕЗУЛЬТАТЫ ХОДА 8:
🎯 Попаданий нет

--- Результаты хода ---
  Team A / Бурав A6           → Team C / Тишина C5          @ (9,4,2)  (УБИТ)

--- Состояние команд после хода ---
  Team A: живых 2/8
    ✓ Тишина A5          @ (7,3,2) hp=2/2
    ✓ Бурав A6           @ (9,4,2) hp=3/4
    ✗ Артиллерия A1      @ (6,3,3) [уничтожен]
    ✗ Радиовышка A2      @ (5,2,2) [уничтожен]
    ✗ Прыгун A3          @ (2,1,1) [уничтожен]
    ✗ Факел A4           @ (8,3,3) [уничтожен]
    ✗ Провокатор A7      @ (9,3,3) [уничтожен]
    ✗ Паук A8            @ (4,3,3) [уничтожен]
  Team B: живых 1/8
    ✓ Тишина B5          @ (4,3,2) hp=2/2
    ✗ Артиллерия B1      @ (5,1,1) [уничтожен]
    ✗ Радиовышка B2      @ (9,1,1) [уничтожен]
    ✗ Прыгун B3          @ (0,1,1) [уничтожен]
    ✗ Факел B4           @ (6,1,1) [уничтожен]
    ✗ Бурав B6           @ (4,3,3) [уничтожен]
    ✗ Провокатор B7      @ (2,1,1) [уничтожен]
    ✗ Паук B8            @ (8,1,1) [уничтожен]
  Team C: живых 2/8
    ✓ Бурав C6           @ (8,4,2) hp=4/4
    ✓ Паук C8            @ (9,5,2) hp=1/1
    ✗ Артиллерия C1      @ (9,4,2) [уничтожен]
    ✗ Радиовышка C2      @ (7,3,2) [уничтожен]
    ✗ Прыгун C3          @ (5,2,2) [уничтожен]
    ✗ Факел C4           @ (9,3,2) [уничтожен]
    ✗ Тишина C5          @ (9,4,2) [уничтожен]
    ✗ Провокатор C7      @ (9,1,2) [уничтожен]

======================================================================
ХОД 9
======================================================================
✓ 🎮 GM: начинаем ход
GM: start_turn

--- Радиовышки: сканирование слоя Z ---
  (у команд не осталось живых радиовышек)

--- Решения ботов ---
  [Team A] Тишина A5 (7,3,2) → MOVE (8,4,2)
  [Team A] Бурав A6 (9,4,2) → MOVE (9,5,2)
  [Team B] Тишина B5 (4,3,2) → MOVE (5,3,2)
  [Team C] Бурав C6 (8,4,2) → MOVE (9,4,2)
  [Team C] Паук C8 → SKIP
! 🎮 GM: принудительно завершает фазу планирования
GM: end_planning
# 
============================================================
# 🔄 ОБРАБОТКА ХОДА 9
# ============================================================

📦 ПЕРЕМЕЩЕНИЯ:
!    ⚠️ Тишина A5: клетка (8,4,2) занята
✓    💥 Бурав A6 тараном уничтожил Паук C8 в (9,5,2)
   Бурав A6: (9, 4, 2) → (9,5,2)
   Тишина B5: (4, 3, 2) → (5,3,2)
   Бурав C6: (8, 4, 2) → (9,4,2)

🎯 ВЫСТРЕЛЫ:
   Выпущено ракет: 0
# 
📊 РЕЗУЛЬТАТЫ ХОДА 9:
🎯 Попаданий нет

--- Результаты хода ---
  Team A / Бурав A6           → Team C / Паук C8            @ (9,5,2)  (УБИТ)

--- Состояние команд после хода ---
  Team A: живых 2/8
    ✓ Тишина A5          @ (7,3,2) hp=2/2
    ✓ Бурав A6           @ (9,5,2) hp=3/4
    ✗ Артиллерия A1      @ (6,3,3) [уничтожен]
    ✗ Радиовышка A2      @ (5,2,2) [уничтожен]
    ✗ Прыгун A3          @ (2,1,1) [уничтожен]
    ✗ Факел A4           @ (8,3,3) [уничтожен]
    ✗ Провокатор A7      @ (9,3,3) [уничтожен]
    ✗ Паук A8            @ (4,3,3) [уничтожен]
  Team B: живых 1/8
    ✓ Тишина B5          @ (5,3,2) hp=2/2
    ✗ Артиллерия B1      @ (5,1,1) [уничтожен]
    ✗ Радиовышка B2      @ (9,1,1) [уничтожен]
    ✗ Прыгун B3          @ (0,1,1) [уничтожен]
    ✗ Факел B4           @ (6,1,1) [уничтожен]
    ✗ Бурав B6           @ (4,3,3) [уничтожен]
    ✗ Провокатор B7      @ (2,1,1) [уничтожен]
    ✗ Паук B8            @ (8,1,1) [уничтожен]
  Team C: живых 1/8
    ✓ Бурав C6           @ (9,4,2) hp=4/4
    ✗ Артиллерия C1      @ (9,4,2) [уничтожен]
    ✗ Радиовышка C2      @ (7,3,2) [уничтожен]
    ✗ Прыгун C3          @ (5,2,2) [уничтожен]
    ✗ Факел C4           @ (9,3,2) [уничтожен]
    ✗ Тишина C5          @ (9,4,2) [уничтожен]
    ✗ Провокатор C7      @ (9,1,2) [уничтожен]
    ✗ Паук C8            @ (9,5,2) [уничтожен]

======================================================================
ХОД 10
======================================================================
✓ 🎮 GM: начинаем ход
GM: start_turn

--- Радиовышки: сканирование слоя Z ---
  (у команд не осталось живых радиовышек)

--- Решения ботов ---
  [Team A] Тишина A5 (7,3,2) → MOVE (6,3,2)
  [Team A] Бурав A6 (9,5,2) → MOVE (9,4,2)
  [Team B] Тишина B5 (5,3,2) → MOVE (6,3,2)
  [Team C] Бурав C6 (9,4,2) → MOVE (9,5,2)
! 🎮 GM: принудительно завершает фазу планирования
GM: end_planning
# 
============================================================
# 🔄 ОБРАБОТКА ХОДА 10
# ============================================================

📦 ПЕРЕМЕЩЕНИЯ:
   Тишина A5: (7, 3, 2) → (6,3,2)
✓    💥 Бурав A6 тараном уничтожил Бурав C6 в (9,4,2)
   Бурав A6: (9, 5, 2) → (9,4,2)
!    ⚠️ Тишина B5: клетка (6,3,2) занята

🎯 ВЫСТРЕЛЫ:
   Выпущено ракет: 0
# 
📊 РЕЗУЛЬТАТЫ ХОДА 10:
🎯 Попаданий нет

--- Результаты хода ---
  Team A / Бурав A6           → Team C / Бурав C6           @ (9,4,2)  (УБИТ)

--- Состояние команд после хода ---
  Team A: живых 2/8
    ✓ Тишина A5          @ (6,3,2) hp=2/2
    ✓ Бурав A6           @ (9,4,2) hp=3/4
    ✗ Артиллерия A1      @ (6,3,3) [уничтожен]
    ✗ Радиовышка A2      @ (5,2,2) [уничтожен]
    ✗ Прыгун A3          @ (2,1,1) [уничтожен]
    ✗ Факел A4           @ (8,3,3) [уничтожен]
    ✗ Провокатор A7      @ (9,3,3) [уничтожен]
    ✗ Паук A8            @ (4,3,3) [уничтожен]
  Team B: живых 1/8
    ✓ Тишина B5          @ (5,3,2) hp=2/2
    ✗ Артиллерия B1      @ (5,1,1) [уничтожен]
    ✗ Радиовышка B2      @ (9,1,1) [уничтожен]
    ✗ Прыгун B3          @ (0,1,1) [уничтожен]
    ✗ Факел B4           @ (6,1,1) [уничтожен]
    ✗ Бурав B6           @ (4,3,3) [уничтожен]
    ✗ Провокатор B7      @ (2,1,1) [уничтожен]
    ✗ Паук B8            @ (8,1,1) [уничтожен]
  Team C: живых 0/8
    ✗ Артиллерия C1      @ (9,4,2) [уничтожен]
    ✗ Радиовышка C2      @ (7,3,2) [уничтожен]
    ✗ Прыгун C3          @ (5,2,2) [уничтожен]
    ✗ Факел C4           @ (9,3,2) [уничтожен]
    ✗ Тишина C5          @ (9,4,2) [уничтожен]
    ✗ Бурав C6           @ (9,4,2) [уничтожен]
    ✗ Провокатор C7      @ (9,1,2) [уничтожен]
    ✗ Паук C8            @ (9,5,2) [уничтожен]

======================================================================
ХОД 11
======================================================================
✓ 🎮 GM: начинаем ход
GM: start_turn

--- Радиовышки: сканирование слоя Z ---
  (у команд не осталось живых радиовышек)

--- Решения ботов ---
  [Team A] Тишина A5 (6,3,2) → MOVE (5,3,2)
  [Team A] Бурав A6 (9,4,2) → MOVE (8,3,2)
  [Team B] Тишина B5 (5,3,2) → MOVE (6,3,2)
  [Team C] все корабли пропускают ход
! 🎮 GM: принудительно завершает фазу планирования
GM: end_planning
# 
============================================================
# 🔄 ОБРАБОТКА ХОДА 11
# ============================================================

📦 ПЕРЕМЕЩЕНИЯ:
!    ⚠️ Тишина A5: клетка (5,3,2) занята
   Бурав A6: (9, 4, 2) → (8,3,2)
!    ⚠️ Тишина B5: клетка (6,3,2) занята

🎯 ВЫСТРЕЛЫ:
   Выпущено ракет: 0
# 
📊 РЕЗУЛЬТАТЫ ХОДА 11:
🎯 Попаданий нет

--- Результаты хода ---
  Попаданий нет

--- Состояние команд после хода ---
  Team A: живых 2/8
    ✓ Тишина A5          @ (6,3,2) hp=2/2
    ✓ Бурав A6           @ (8,3,2) hp=3/4
    ✗ Артиллерия A1      @ (6,3,3) [уничтожен]
    ✗ Радиовышка A2      @ (5,2,2) [уничтожен]
    ✗ Прыгун A3          @ (2,1,1) [уничтожен]
    ✗ Факел A4           @ (8,3,3) [уничтожен]
    ✗ Провокатор A7      @ (9,3,3) [уничтожен]
    ✗ Паук A8            @ (4,3,3) [уничтожен]
  Team B: живых 1/8
    ✓ Тишина B5          @ (5,3,2) hp=2/2
    ✗ Артиллерия B1      @ (5,1,1) [уничтожен]
    ✗ Радиовышка B2      @ (9,1,1) [уничтожен]
    ✗ Прыгун B3          @ (0,1,1) [уничтожен]
    ✗ Факел B4           @ (6,1,1) [уничтожен]
    ✗ Бурав B6           @ (4,3,3) [уничтожен]
    ✗ Провокатор B7      @ (2,1,1) [уничтожен]
    ✗ Паук B8            @ (8,1,1) [уничтожен]
  Team C: живых 0/8
    ✗ Артиллерия C1      @ (9,4,2) [уничтожен]
    ✗ Радиовышка C2      @ (7,3,2) [уничтожен]
    ✗ Прыгун C3          @ (5,2,2) [уничтожен]
    ✗ Факел C4           @ (9,3,2) [уничтожен]
    ✗ Тишина C5          @ (9,4,2) [уничтожен]
    ✗ Бурав C6           @ (9,4,2) [уничтожен]
    ✗ Провокатор C7      @ (9,1,2) [уничтожен]
    ✗ Паук C8            @ (9,5,2) [уничтожен]

======================================================================
ХОД 12
======================================================================
✓ 🎮 GM: начинаем ход
GM: start_turn

--- Радиовышки: сканирование слоя Z ---
  (у команд не осталось живых радиовышек)

--- Решения ботов ---
  [Team A] Тишина A5 (6,3,2) → MOVE (5,3,2)
  [Team A] Бурав A6 (8,3,2) → MOVE (7,3,2)
  [Team B] Тишина B5 (5,3,2) → MOVE (6,3,2)
  [Team C] все корабли пропускают ход
! 🎮 GM: принудительно завершает фазу планирования
GM: end_planning
# 
============================================================
# 🔄 ОБРАБОТКА ХОДА 12
# ============================================================

📦 ПЕРЕМЕЩЕНИЯ:
!    ⚠️ Тишина A5: клетка (5,3,2) занята
   Бурав A6: (8, 3, 2) → (7,3,2)
!    ⚠️ Тишина B5: клетка (6,3,2) занята

🎯 ВЫСТРЕЛЫ:
   Выпущено ракет: 0
# 
📊 РЕЗУЛЬТАТЫ ХОДА 12:
🎯 Попаданий нет

--- Результаты хода ---
  Попаданий нет

--- Состояние команд после хода ---
  Team A: живых 2/8
    ✓ Тишина A5          @ (6,3,2) hp=2/2
    ✓ Бурав A6           @ (7,3,2) hp=3/4
    ✗ Артиллерия A1      @ (6,3,3) [уничтожен]
    ✗ Радиовышка A2      @ (5,2,2) [уничтожен]
    ✗ Прыгун A3          @ (2,1,1) [уничтожен]
    ✗ Факел A4           @ (8,3,3) [уничтожен]
    ✗ Провокатор A7      @ (9,3,3) [уничтожен]
    ✗ Паук A8            @ (4,3,3) [уничтожен]
  Team B: живых 1/8
    ✓ Тишина B5          @ (5,3,2) hp=2/2
    ✗ Артиллерия B1      @ (5,1,1) [уничтожен]
    ✗ Радиовышка B2      @ (9,1,1) [уничтожен]
    ✗ Прыгун B3          @ (0,1,1) [уничтожен]
    ✗ Факел B4           @ (6,1,1) [уничтожен]
    ✗ Бурав B6           @ (4,3,3) [уничтожен]
    ✗ Провокатор B7      @ (2,1,1) [уничтожен]
    ✗ Паук B8            @ (8,1,1) [уничтожен]
  Team C: живых 0/8
    ✗ Артиллерия C1      @ (9,4,2) [уничтожен]
    ✗ Радиовышка C2      @ (7,3,2) [уничтожен]
    ✗ Прыгун C3          @ (5,2,2) [уничтожен]
    ✗ Факел C4           @ (9,3,2) [уничтожен]
    ✗ Тишина C5          @ (9,4,2) [уничтожен]
    ✗ Бурав C6           @ (9,4,2) [уничтожен]
    ✗ Провокатор C7      @ (9,1,2) [уничтожен]
    ✗ Паук C8            @ (9,5,2) [уничтожен]

======================================================================
ХОД 13
======================================================================
✓ 🎮 GM: начинаем ход
GM: start_turn

--- Радиовышки: сканирование слоя Z ---
  (у команд не осталось живых радиовышек)

--- Решения ботов ---
  [Team A] Тишина A5 (6,3,2) → MOVE (5,3,2)
  [Team A] Бурав A6 → SKIP
  [Team B] Тишина B5 (5,3,2) → MOVE (6,3,2)
  [Team C] все корабли пропускают ход
! 🎮 GM: принудительно завершает фазу планирования
GM: end_planning
# 
============================================================
# 🔄 ОБРАБОТКА ХОДА 13
# ============================================================

📦 ПЕРЕМЕЩЕНИЯ:
!    ⚠️ Тишина A5: клетка (5,3,2) занята
!    ⚠️ Тишина B5: клетка (6,3,2) занята

🎯 ВЫСТРЕЛЫ:
   Выпущено ракет: 0
# 
📊 РЕЗУЛЬТАТЫ ХОДА 13:
🎯 Попаданий нет

--- Результаты хода ---
  Попаданий нет

--- Состояние команд после хода ---
  Team A: живых 2/8
    ✓ Тишина A5          @ (6,3,2) hp=2/2
    ✓ Бурав A6           @ (7,3,2) hp=3/4
    ✗ Артиллерия A1      @ (6,3,3) [уничтожен]
    ✗ Радиовышка A2      @ (5,2,2) [уничтожен]
    ✗ Прыгун A3          @ (2,1,1) [уничтожен]
    ✗ Факел A4           @ (8,3,3) [уничтожен]
    ✗ Провокатор A7      @ (9,3,3) [уничтожен]
    ✗ Паук A8            @ (4,3,3) [уничтожен]
  Team B: живых 1/8
    ✓ Тишина B5          @ (5,3,2) hp=2/2
    ✗ Артиллерия B1      @ (5,1,1) [уничтожен]
    ✗ Радиовышка B2      @ (9,1,1) [уничтожен]
    ✗ Прыгун B3          @ (0,1,1) [уничтожен]
    ✗ Факел B4           @ (6,1,1) [уничтожен]
    ✗ Бурав B6           @ (4,3,3) [уничтожен]
    ✗ Провокатор B7      @ (2,1,1) [уничтожен]
    ✗ Паук B8            @ (8,1,1) [уничтожен]
  Team C: живых 0/8
    ✗ Артиллерия C1      @ (9,4,2) [уничтожен]
    ✗ Радиовышка C2      @ (7,3,2) [уничтожен]
    ✗ Прыгун C3          @ (5,2,2) [уничтожен]
    ✗ Факел C4           @ (9,3,2) [уничтожен]
    ✗ Тишина C5          @ (9,4,2) [уничтожен]
    ✗ Бурав C6           @ (9,4,2) [уничтожен]
    ✗ Провокатор C7      @ (9,1,2) [уничтожен]
    ✗ Паук C8            @ (9,5,2) [уничтожен]

======================================================================
ХОД 14
======================================================================
✓ 🎮 GM: начинаем ход
GM: start_turn

--- Радиовышки: сканирование слоя Z ---
  (у команд не осталось живых радиовышек)

--- Решения ботов ---
  [Team A] Тишина A5 (6,3,2) → MOVE (5,3,2)
  [Team A] Бурав A6 → SKIP
  [Team B] Тишина B5 (5,3,2) → MOVE (6,3,2)
  [Team C] все корабли пропускают ход
! 🎮 GM: принудительно завершает фазу планирования
GM: end_planning
# 
============================================================
# 🔄 ОБРАБОТКА ХОДА 14
# ============================================================

📦 ПЕРЕМЕЩЕНИЯ:
!    ⚠️ Тишина A5: клетка (5,3,2) занята
!    ⚠️ Тишина B5: клетка (6,3,2) занята

🎯 ВЫСТРЕЛЫ:
   Выпущено ракет: 0
# 
📊 РЕЗУЛЬТАТЫ ХОДА 14:
🎯 Попаданий нет

--- Результаты хода ---
  Попаданий нет

--- Состояние команд после хода ---
  Team A: живых 2/8
    ✓ Тишина A5          @ (6,3,2) hp=2/2
    ✓ Бурав A6           @ (7,3,2) hp=3/4
    ✗ Артиллерия A1      @ (6,3,3) [уничтожен]
    ✗ Радиовышка A2      @ (5,2,2) [уничтожен]
    ✗ Прыгун A3          @ (2,1,1) [уничтожен]
    ✗ Факел A4           @ (8,3,3) [уничтожен]
    ✗ Провокатор A7      @ (9,3,3) [уничтожен]
    ✗ Паук A8            @ (4,3,3) [уничтожен]
  Team B: живых 1/8
    ✓ Тишина B5          @ (5,3,2) hp=2/2
    ✗ Артиллерия B1      @ (5,1,1) [уничтожен]
    ✗ Радиовышка B2      @ (9,1,1) [уничтожен]
    ✗ Прыгун B3          @ (0,1,1) [уничтожен]
    ✗ Факел B4           @ (6,1,1) [уничтожен]
    ✗ Бурав B6           @ (4,3,3) [уничтожен]
    ✗ Провокатор B7      @ (2,1,1) [уничтожен]
    ✗ Паук B8            @ (8,1,1) [уничтожен]
  Team C: живых 0/8
    ✗ Артиллерия C1      @ (9,4,2) [уничтожен]
    ✗ Радиовышка C2      @ (7,3,2) [уничтожен]
    ✗ Прыгун C3          @ (5,2,2) [уничтожен]
    ✗ Факел C4           @ (9,3,2) [уничтожен]
    ✗ Тишина C5          @ (9,4,2) [уничтожен]
    ✗ Бурав C6           @ (9,4,2) [уничтожен]
    ✗ Провокатор C7      @ (9,1,2) [уничтожен]
    ✗ Паук C8            @ (9,5,2) [уничтожен]

======================================================================
ХОД 15
======================================================================
✓ 🎮 GM: начинаем ход
GM: start_turn

--- Радиовышки: сканирование слоя Z ---
  (у команд не осталось живых радиовышек)

--- Решения ботов ---
  [Team A] Тишина A5 (6,3,2) → MOVE (5,3,2)
  [Team A] Бурав A6 → SKIP
  [Team B] Тишина B5 (5,3,2) → MOVE (6,3,2)
  [Team C] все корабли пропускают ход
! 🎮 GM: принудительно завершает фазу планирования
GM: end_planning
# 
============================================================
# 🔄 ОБРАБОТКА ХОДА 15
# ============================================================

📦 ПЕРЕМЕЩЕНИЯ:
!    ⚠️ Тишина A5: клетка (5,3,2) занята
!    ⚠️ Тишина B5: клетка (6,3,2) занята

🎯 ВЫСТРЕЛЫ:
   Выпущено ракет: 0
# 
📊 РЕЗУЛЬТАТЫ ХОДА 15:
🎯 Попаданий нет

--- Результаты хода ---
  Попаданий нет

--- Состояние команд после хода ---
  Team A: живых 2/8
    ✓ Тишина A5          @ (6,3,2) hp=2/2
    ✓ Бурав A6           @ (7,3,2) hp=3/4
    ✗ Артиллерия A1      @ (6,3,3) [уничтожен]
    ✗ Радиовышка A2      @ (5,2,2) [уничтожен]
    ✗ Прыгун A3          @ (2,1,1) [уничтожен]
    ✗ Факел A4           @ (8,3,3) [уничтожен]
    ✗ Провокатор A7      @ (9,3,3) [уничтожен]
    ✗ Паук A8            @ (4,3,3) [уничтожен]
  Team B: живых 1/8
    ✓ Тишина B5          @ (5,3,2) hp=2/2
    ✗ Артиллерия B1      @ (5,1,1) [уничтожен]
    ✗ Радиовышка B2      @ (9,1,1) [уничтожен]
    ✗ Прыгун B3          @ (0,1,1) [уничтожен]
    ✗ Факел B4           @ (6,1,1) [уничтожен]
    ✗ Бурав B6           @ (4,3,3) [уничтожен]
    ✗ Провокатор B7      @ (2,1,1) [уничтожен]
    ✗ Паук B8            @ (8,1,1) [уничтожен]
  Team C: живых 0/8
    ✗ Артиллерия C1      @ (9,4,2) [уничтожен]
    ✗ Радиовышка C2      @ (7,3,2) [уничтожен]
    ✗ Прыгун C3          @ (5,2,2) [уничтожен]
    ✗ Факел C4           @ (9,3,2) [уничтожен]
    ✗ Тишина C5          @ (9,4,2) [уничтожен]
    ✗ Бурав C6           @ (9,4,2) [уничтожен]
    ✗ Провокатор C7      @ (9,1,2) [уничтожен]
    ✗ Паук C8            @ (9,5,2) [уничтожен]

======================================================================
ХОД 16
======================================================================
✓ 🎮 GM: начинаем ход
GM: start_turn

--- Радиовышки: сканирование слоя Z ---
  (у команд не осталось живых радиовышек)

--- Решения ботов ---
  [Team A] Тишина A5 (6,3,2) → MOVE (5,3,2)
  [Team A] Бурав A6 → SKIP
  [Team B] Тишина B5 (5,3,2) → MOVE (6,3,2)
  [Team C] все корабли пропускают ход
! 🎮 GM: принудительно завершает фазу планирования
GM: end_planning
# 
============================================================
# 🔄 ОБРАБОТКА ХОДА 16
# ============================================================

📦 ПЕРЕМЕЩЕНИЯ:
!    ⚠️ Тишина A5: клетка (5,3,2) занята
!    ⚠️ Тишина B5: клетка (6,3,2) занята

🎯 ВЫСТРЕЛЫ:
   Выпущено ракет: 0
# 
📊 РЕЗУЛЬТАТЫ ХОДА 16:
🎯 Попаданий нет

--- Результаты хода ---
  Попаданий нет

--- Состояние команд после хода ---
  Team A: живых 2/8
    ✓ Тишина A5          @ (6,3,2) hp=2/2
    ✓ Бурав A6           @ (7,3,2) hp=3/4
    ✗ Артиллерия A1      @ (6,3,3) [уничтожен]
    ✗ Радиовышка A2      @ (5,2,2) [уничтожен]
    ✗ Прыгун A3          @ (2,1,1) [уничтожен]
    ✗ Факел A4           @ (8,3,3) [уничтожен]
    ✗ Провокатор A7      @ (9,3,3) [уничтожен]
    ✗ Паук A8            @ (4,3,3) [уничтожен]
  Team B: живых 1/8
    ✓ Тишина B5          @ (5,3,2) hp=2/2
    ✗ Артиллерия B1      @ (5,1,1) [уничтожен]
    ✗ Радиовышка B2      @ (9,1,1) [уничтожен]
    ✗ Прыгун B3          @ (0,1,1) [уничтожен]
    ✗ Факел B4           @ (6,1,1) [уничтожен]
    ✗ Бурав B6           @ (4,3,3) [уничтожен]
    ✗ Провокатор B7      @ (2,1,1) [уничтожен]
    ✗ Паук B8            @ (8,1,1) [уничтожен]
  Team C: живых 0/8
    ✗ Артиллерия C1      @ (9,4,2) [уничтожен]
    ✗ Радиовышка C2      @ (7,3,2) [уничтожен]
    ✗ Прыгун C3          @ (5,2,2) [уничтожен]
    ✗ Факел C4           @ (9,3,2) [уничтожен]
    ✗ Тишина C5          @ (9,4,2) [уничтожен]
    ✗ Бурав C6           @ (9,4,2) [уничтожен]
    ✗ Провокатор C7      @ (9,1,2) [уничтожен]
    ✗ Паук C8            @ (9,5,2) [уничтожен]

======================================================================
ХОД 17
======================================================================
✓ 🎮 GM: начинаем ход
GM: start_turn

--- Радиовышки: сканирование слоя Z ---
  (у команд не осталось живых радиовышек)

--- Решения ботов ---
  [Team A] Тишина A5 (6,3,2) → MOVE (5,3,2)
  [Team A] Бурав A6 → SKIP
  [Team B] Тишина B5 (5,3,2) → MOVE (6,3,2)
  [Team C] все корабли пропускают ход
! 🎮 GM: принудительно завершает фазу планирования
GM: end_planning
# 
============================================================
# 🔄 ОБРАБОТКА ХОДА 17
# ============================================================

📦 ПЕРЕМЕЩЕНИЯ:
!    ⚠️ Тишина A5: клетка (5,3,2) занята
!    ⚠️ Тишина B5: клетка (6,3,2) занята

🎯 ВЫСТРЕЛЫ:
   Выпущено ракет: 0
# 
📊 РЕЗУЛЬТАТЫ ХОДА 17:
🎯 Попаданий нет

--- Результаты хода ---
  Попаданий нет

--- Состояние команд после хода ---
  Team A: живых 2/8
    ✓ Тишина A5          @ (6,3,2) hp=2/2
    ✓ Бурав A6           @ (7,3,2) hp=3/4
    ✗ Артиллерия A1      @ (6,3,3) [уничтожен]
    ✗ Радиовышка A2      @ (5,2,2) [уничтожен]
    ✗ Прыгун A3          @ (2,1,1) [уничтожен]
    ✗ Факел A4           @ (8,3,3) [уничтожен]
    ✗ Провокатор A7      @ (9,3,3) [уничтожен]
    ✗ Паук A8            @ (4,3,3) [уничтожен]
  Team B: живых 1/8
    ✓ Тишина B5          @ (5,3,2) hp=2/2
    ✗ Артиллерия B1      @ (5,1,1) [уничтожен]
    ✗ Радиовышка B2      @ (9,1,1) [уничтожен]
    ✗ Прыгун B3          @ (0,1,1) [уничтожен]
    ✗ Факел B4           @ (6,1,1) [уничтожен]
    ✗ Бурав B6           @ (4,3,3) [уничтожен]
    ✗ Провокатор B7      @ (2,1,1) [уничтожен]
    ✗ Паук B8            @ (8,1,1) [уничтожен]
  Team C: живых 0/8
    ✗ Артиллерия C1      @ (9,4,2) [уничтожен]
    ✗ Радиовышка C2      @ (7,3,2) [уничтожен]
    ✗ Прыгун C3          @ (5,2,2) [уничтожен]
    ✗ Факел C4           @ (9,3,2) [уничтожен]
    ✗ Тишина C5          @ (9,4,2) [уничтожен]
    ✗ Бурав C6           @ (9,4,2) [уничтожен]
    ✗ Провокатор C7      @ (9,1,2) [уничтожен]
    ✗ Паук C8            @ (9,5,2) [уничтожен]

======================================================================
ХОД 18
======================================================================
✓ 🎮 GM: начинаем ход
GM: start_turn

--- Радиовышки: сканирование слоя Z ---
  (у команд не осталось живых радиовышек)

--- Решения ботов ---
  [Team A] Тишина A5 (6,3,2) → MOVE (5,3,2)
  [Team A] Бурав A6 → SKIP
  [Team B] Тишина B5 (5,3,2) → MOVE (6,3,2)
  [Team C] все корабли пропускают ход
! 🎮 GM: принудительно завершает фазу планирования
GM: end_planning
# 
============================================================
# 🔄 ОБРАБОТКА ХОДА 18
# ============================================================

📦 ПЕРЕМЕЩЕНИЯ:
!    ⚠️ Тишина A5: клетка (5,3,2) занята
!    ⚠️ Тишина B5: клетка (6,3,2) занята

🎯 ВЫСТРЕЛЫ:
   Выпущено ракет: 0
# 
📊 РЕЗУЛЬТАТЫ ХОДА 18:
🎯 Попаданий нет

--- Результаты хода ---
  Попаданий нет

--- Состояние команд после хода ---
  Team A: живых 2/8
    ✓ Тишина A5          @ (6,3,2) hp=2/2
    ✓ Бурав A6           @ (7,3,2) hp=3/4
    ✗ Артиллерия A1      @ (6,3,3) [уничтожен]
    ✗ Радиовышка A2      @ (5,2,2) [уничтожен]
    ✗ Прыгун A3          @ (2,1,1) [уничтожен]
    ✗ Факел A4           @ (8,3,3) [уничтожен]
    ✗ Провокатор A7      @ (9,3,3) [уничтожен]
    ✗ Паук A8            @ (4,3,3) [уничтожен]
  Team B: живых 1/8
    ✓ Тишина B5          @ (5,3,2) hp=2/2
    ✗ Артиллерия B1      @ (5,1,1) [уничтожен]
    ✗ Радиовышка B2      @ (9,1,1) [уничтожен]
    ✗ Прыгун B3          @ (0,1,1) [уничтожен]
    ✗ Факел B4           @ (6,1,1) [уничтожен]
    ✗ Бурав B6           @ (4,3,3) [уничтожен]
    ✗ Провокатор B7      @ (2,1,1) [уничтожен]
    ✗ Паук B8            @ (8,1,1) [уничтожен]
  Team C: живых 0/8
    ✗ Артиллерия C1      @ (9,4,2) [уничтожен]
    ✗ Радиовышка C2      @ (7,3,2) [уничтожен]
    ✗ Прыгун C3          @ (5,2,2) [уничтожен]
    ✗ Факел C4           @ (9,3,2) [уничтожен]
    ✗ Тишина C5          @ (9,4,2) [уничтожен]
    ✗ Бурав C6           @ (9,4,2) [уничтожен]
    ✗ Провокатор C7      @ (9,1,2) [уничтожен]
    ✗ Паук C8            @ (9,5,2) [уничтожен]

======================================================================
ХОД 19
======================================================================
✓ 🎮 GM: начинаем ход
GM: start_turn

--- Радиовышки: сканирование слоя Z ---
  (у команд не осталось живых радиовышек)

--- Решения ботов ---
  [Team A] Тишина A5 (6,3,2) → MOVE (5,3,2)
  [Team A] Бурав A6 → SKIP
  [Team B] Тишина B5 (5,3,2) → MOVE (6,3,2)
  [Team C] все корабли пропускают ход
! 🎮 GM: принудительно завершает фазу планирования
GM: end_planning
# 
============================================================
# 🔄 ОБРАБОТКА ХОДА 19
# ============================================================

📦 ПЕРЕМЕЩЕНИЯ:
!    ⚠️ Тишина A5: клетка (5,3,2) занята
!    ⚠️ Тишина B5: клетка (6,3,2) занята

🎯 ВЫСТРЕЛЫ:
   Выпущено ракет: 0
# 
📊 РЕЗУЛЬТАТЫ ХОДА 19:
🎯 Попаданий нет

--- Результаты хода ---
  Попаданий нет

--- Состояние команд после хода ---
  Team A: живых 2/8
    ✓ Тишина A5          @ (6,3,2) hp=2/2
    ✓ Бурав A6           @ (7,3,2) hp=3/4
    ✗ Артиллерия A1      @ (6,3,3) [уничтожен]
    ✗ Радиовышка A2      @ (5,2,2) [уничтожен]
    ✗ Прыгун A3          @ (2,1,1) [уничтожен]
    ✗ Факел A4           @ (8,3,3) [уничтожен]
    ✗ Провокатор A7      @ (9,3,3) [уничтожен]
    ✗ Паук A8            @ (4,3,3) [уничтожен]
  Team B: живых 1/8
    ✓ Тишина B5          @ (5,3,2) hp=2/2
    ✗ Артиллерия B1      @ (5,1,1) [уничтожен]
    ✗ Радиовышка B2      @ (9,1,1) [уничтожен]
    ✗ Прыгун B3          @ (0,1,1) [уничтожен]
    ✗ Факел B4           @ (6,1,1) [уничтожен]
    ✗ Бурав B6           @ (4,3,3) [уничтожен]
    ✗ Провокатор B7      @ (2,1,1) [уничтожен]
    ✗ Паук B8            @ (8,1,1) [уничтожен]
  Team C: живых 0/8
    ✗ Артиллерия C1      @ (9,4,2) [уничтожен]
    ✗ Радиовышка C2      @ (7,3,2) [уничтожен]
    ✗ Прыгун C3          @ (5,2,2) [уничтожен]
    ✗ Факел C4           @ (9,3,2) [уничтожен]
    ✗ Тишина C5          @ (9,4,2) [уничтожен]
    ✗ Бурав C6           @ (9,4,2) [уничтожен]
    ✗ Провокатор C7      @ (9,1,2) [уничтожен]
    ✗ Паук C8            @ (9,5,2) [уничтожен]

======================================================================
ХОД 20
======================================================================
✓ 🎮 GM: начинаем ход
GM: start_turn

--- Радиовышки: сканирование слоя Z ---
  (у команд не осталось живых радиовышек)

--- Решения ботов ---
  [Team A] Тишина A5 (6,3,2) → MOVE (5,3,2)
  [Team A] Бурав A6 → SKIP
  [Team B] Тишина B5 (5,3,2) → MOVE (6,3,2)
  [Team C] все корабли пропускают ход
! 🎮 GM: принудительно завершает фазу планирования
GM: end_planning
# 
============================================================
# 🔄 ОБРАБОТКА ХОДА 20
# ============================================================

📦 ПЕРЕМЕЩЕНИЯ:
!    ⚠️ Тишина A5: клетка (5,3,2) занята
!    ⚠️ Тишина B5: клетка (6,3,2) занята

🎯 ВЫСТРЕЛЫ:
   Выпущено ракет: 0
# 
📊 РЕЗУЛЬТАТЫ ХОДА 20:
🎯 Попаданий нет

--- Результаты хода ---
  Попаданий нет

--- Состояние команд после хода ---
  Team A: живых 2/8
    ✓ Тишина A5          @ (6,3,2) hp=2/2
    ✓ Бурав A6           @ (7,3,2) hp=3/4
    ✗ Артиллерия A1      @ (6,3,3) [уничтожен]
    ✗ Радиовышка A2      @ (5,2,2) [уничтожен]
    ✗ Прыгун A3          @ (2,1,1) [уничтожен]
    ✗ Факел A4           @ (8,3,3) [уничтожен]
    ✗ Провокатор A7      @ (9,3,3) [уничтожен]
    ✗ Паук A8            @ (4,3,3) [уничтожен]
  Team B: живых 1/8
    ✓ Тишина B5          @ (5,3,2) hp=2/2
    ✗ Артиллерия B1      @ (5,1,1) [уничтожен]
    ✗ Радиовышка B2      @ (9,1,1) [уничтожен]
    ✗ Прыгун B3          @ (0,1,1) [уничтожен]
    ✗ Факел B4           @ (6,1,1) [уничтожен]
    ✗ Бурав B6           @ (4,3,3) [уничтожен]
    ✗ Провокатор B7      @ (2,1,1) [уничтожен]
    ✗ Паук B8            @ (8,1,1) [уничтожен]
  Team C: живых 0/8
    ✗ Артиллерия C1      @ (9,4,2) [уничтожен]
    ✗ Радиовышка C2      @ (7,3,2) [уничтожен]
    ✗ Прыгун C3          @ (5,2,2) [уничтожен]
    ✗ Факел C4           @ (9,3,2) [уничтожен]
    ✗ Тишина C5          @ (9,4,2) [уничтожен]
    ✗ Бурав C6           @ (9,4,2) [уничтожен]
    ✗ Провокатор C7      @ (9,1,2) [уничтожен]
    ✗ Паук C8            @ (9,5,2) [уничтожен]

======================================================================
ХОД 21
======================================================================
✓ 🎮 GM: начинаем ход
GM: start_turn

--- Радиовышки: сканирование слоя Z ---
  (у команд не осталось живых радиовышек)

--- Решения ботов ---
  [Team A] Тишина A5 (6,3,2) → MOVE (5,3,2)
  [Team A] Бурав A6 → SKIP
  [Team B] Тишина B5 (5,3,2) → MOVE (6,3,2)
  [Team C] все корабли пропускают ход
! 🎮 GM: принудительно завершает фазу планирования
GM: end_planning
# 
============================================================
# 🔄 ОБРАБОТКА ХОДА 21
# ============================================================

📦 ПЕРЕМЕЩЕНИЯ:
!    ⚠️ Тишина A5: клетка (5,3,2) занята
!    ⚠️ Тишина B5: клетка (6,3,2) занята

🎯 ВЫСТРЕЛЫ:
   Выпущено ракет: 0
# 
📊 РЕЗУЛЬТАТЫ ХОДА 21:
🎯 Попаданий нет

--- Результаты хода ---
  Попаданий нет

--- Состояние команд после хода ---
  Team A: живых 2/8
    ✓ Тишина A5          @ (6,3,2) hp=2/2
    ✓ Бурав A6           @ (7,3,2) hp=3/4
    ✗ Артиллерия A1      @ (6,3,3) [уничтожен]
    ✗ Радиовышка A2      @ (5,2,2) [уничтожен]
    ✗ Прыгун A3          @ (2,1,1) [уничтожен]
    ✗ Факел A4           @ (8,3,3) [уничтожен]
    ✗ Провокатор A7      @ (9,3,3) [уничтожен]
    ✗ Паук A8            @ (4,3,3) [уничтожен]
  Team B: живых 1/8
    ✓ Тишина B5          @ (5,3,2) hp=2/2
    ✗ Артиллерия B1      @ (5,1,1) [уничтожен]
    ✗ Радиовышка B2      @ (9,1,1) [уничтожен]
    ✗ Прыгун B3          @ (0,1,1) [уничтожен]
    ✗ Факел B4           @ (6,1,1) [уничтожен]
    ✗ Бурав B6           @ (4,3,3) [уничтожен]
    ✗ Провокатор B7      @ (2,1,1) [уничтожен]
    ✗ Паук B8            @ (8,1,1) [уничтожен]
  Team C: живых 0/8
    ✗ Артиллерия C1      @ (9,4,2) [уничтожен]
    ✗ Радиовышка C2      @ (7,3,2) [уничтожен]
    ✗ Прыгун C3          @ (5,2,2) [уничтожен]
    ✗ Факел C4           @ (9,3,2) [уничтожен]
    ✗ Тишина C5          @ (9,4,2) [уничтожен]
    ✗ Бурав C6           @ (9,4,2) [уничтожен]
    ✗ Провокатор C7      @ (9,1,2) [уничтожен]
    ✗ Паук C8            @ (9,5,2) [уничтожен]

======================================================================
ХОД 22
======================================================================
✓ 🎮 GM: начинаем ход
GM: start_turn

--- Радиовышки: сканирование слоя Z ---
  (у команд не осталось живых радиовышек)

--- Решения ботов ---
  [Team A] Тишина A5 (6,3,2) → MOVE (5,3,2)
  [Team A] Бурав A6 → SKIP
  [Team B] Тишина B5 (5,3,2) → MOVE (6,3,2)
  [Team C] все корабли пропускают ход
! 🎮 GM: принудительно завершает фазу планирования
GM: end_planning
# 
============================================================
# 🔄 ОБРАБОТКА ХОДА 22
# ============================================================

📦 ПЕРЕМЕЩЕНИЯ:
!    ⚠️ Тишина A5: клетка (5,3,2) занята
!    ⚠️ Тишина B5: клетка (6,3,2) занята

🎯 ВЫСТРЕЛЫ:
   Выпущено ракет: 0
# 
📊 РЕЗУЛЬТАТЫ ХОДА 22:
🎯 Попаданий нет

--- Результаты хода ---
  Попаданий нет

--- Состояние команд после хода ---
  Team A: живых 2/8
    ✓ Тишина A5          @ (6,3,2) hp=2/2
    ✓ Бурав A6           @ (7,3,2) hp=3/4
    ✗ Артиллерия A1      @ (6,3,3) [уничтожен]
    ✗ Радиовышка A2      @ (5,2,2) [уничтожен]
    ✗ Прыгун A3          @ (2,1,1) [уничтожен]
    ✗ Факел A4           @ (8,3,3) [уничтожен]
    ✗ Провокатор A7      @ (9,3,3) [уничтожен]
    ✗ Паук A8            @ (4,3,3) [уничтожен]
  Team B: живых 1/8
    ✓ Тишина B5          @ (5,3,2) hp=2/2
    ✗ Артиллерия B1      @ (5,1,1) [уничтожен]
    ✗ Радиовышка B2      @ (9,1,1) [уничтожен]
    ✗ Прыгун B3          @ (0,1,1) [уничтожен]
    ✗ Факел B4           @ (6,1,1) [уничтожен]
    ✗ Бурав B6           @ (4,3,3) [уничтожен]
    ✗ Провокатор B7      @ (2,1,1) [уничтожен]
    ✗ Паук B8            @ (8,1,1) [уничтожен]
  Team C: живых 0/8
    ✗ Артиллерия C1      @ (9,4,2) [уничтожен]
    ✗ Радиовышка C2      @ (7,3,2) [уничтожен]
    ✗ Прыгун C3          @ (5,2,2) [уничтожен]
    ✗ Факел C4           @ (9,3,2) [уничтожен]
    ✗ Тишина C5          @ (9,4,2) [уничтожен]
    ✗ Бурав C6           @ (9,4,2) [уничтожен]
    ✗ Провокатор C7      @ (9,1,2) [уничтожен]
    ✗ Паук C8            @ (9,5,2) [уничтожен]

======================================================================
ХОД 23
======================================================================
✓ 🎮 GM: начинаем ход
GM: start_turn

--- Радиовышки: сканирование слоя Z ---
  (у команд не осталось живых радиовышек)

--- Решения ботов ---
  [Team A] Тишина A5 (6,3,2) → MOVE (5,3,2)
  [Team A] Бурав A6 → SKIP
  [Team B] Тишина B5 (5,3,2) → MOVE (6,3,2)
  [Team C] все корабли пропускают ход
! 🎮 GM: принудительно завершает фазу планирования
GM: end_planning
# 
============================================================
# 🔄 ОБРАБОТКА ХОДА 23
# ============================================================

📦 ПЕРЕМЕЩЕНИЯ:
!    ⚠️ Тишина A5: клетка (5,3,2) занята
!    ⚠️ Тишина B5: клетка (6,3,2) занята

🎯 ВЫСТРЕЛЫ:
   Выпущено ракет: 0
# 
📊 РЕЗУЛЬТАТЫ ХОДА 23:
🎯 Попаданий нет

--- Результаты хода ---
  Попаданий нет

--- Состояние команд после хода ---
  Team A: живых 2/8
    ✓ Тишина A5          @ (6,3,2) hp=2/2
    ✓ Бурав A6           @ (7,3,2) hp=3/4
    ✗ Артиллерия A1      @ (6,3,3) [уничтожен]
    ✗ Радиовышка A2      @ (5,2,2) [уничтожен]
    ✗ Прыгун A3          @ (2,1,1) [уничтожен]
    ✗ Факел A4           @ (8,3,3) [уничтожен]
    ✗ Провокатор A7      @ (9,3,3) [уничтожен]
    ✗ Паук A8            @ (4,3,3) [уничтожен]
  Team B: живых 1/8
    ✓ Тишина B5          @ (5,3,2) hp=2/2
    ✗ Артиллерия B1      @ (5,1,1) [уничтожен]
    ✗ Радиовышка B2      @ (9,1,1) [уничтожен]
    ✗ Прыгун B3          @ (0,1,1) [уничтожен]
    ✗ Факел B4           @ (6,1,1) [уничтожен]
    ✗ Бурав B6           @ (4,3,3) [уничтожен]
    ✗ Провокатор B7      @ (2,1,1) [уничтожен]
    ✗ Паук B8            @ (8,1,1) [уничтожен]
  Team C: живых 0/8
    ✗ Артиллерия C1      @ (9,4,2) [уничтожен]
    ✗ Радиовышка C2      @ (7,3,2) [уничтожен]
    ✗ Прыгун C3          @ (5,2,2) [уничтожен]
    ✗ Факел C4           @ (9,3,2) [уничтожен]
    ✗ Тишина C5          @ (9,4,2) [уничтожен]
    ✗ Бурав C6           @ (9,4,2) [уничтожен]
    ✗ Провокатор C7      @ (9,1,2) [уничтожен]
    ✗ Паук C8            @ (9,5,2) [уничтожен]

======================================================================
ХОД 24
======================================================================
✓ 🎮 GM: начинаем ход
GM: start_turn

--- Радиовышки: сканирование слоя Z ---
  (у команд не осталось живых радиовышек)

--- Решения ботов ---
  [Team A] Тишина A5 (6,3,2) → MOVE (5,3,2)
  [Team A] Бурав A6 → SKIP
  [Team B] Тишина B5 (5,3,2) → MOVE (6,3,2)
  [Team C] все корабли пропускают ход
! 🎮 GM: принудительно завершает фазу планирования
GM: end_planning
# 
============================================================
# 🔄 ОБРАБОТКА ХОДА 24
# ============================================================

📦 ПЕРЕМЕЩЕНИЯ:
!    ⚠️ Тишина A5: клетка (5,3,2) занята
!    ⚠️ Тишина B5: клетка (6,3,2) занята

🎯 ВЫСТРЕЛЫ:
   Выпущено ракет: 0
# 
📊 РЕЗУЛЬТАТЫ ХОДА 24:
🎯 Попаданий нет

--- Результаты хода ---
  Попаданий нет

--- Состояние команд после хода ---
  Team A: живых 2/8
    ✓ Тишина A5          @ (6,3,2) hp=2/2
    ✓ Бурав A6           @ (7,3,2) hp=3/4
    ✗ Артиллерия A1      @ (6,3,3) [уничтожен]
    ✗ Радиовышка A2      @ (5,2,2) [уничтожен]
    ✗ Прыгун A3          @ (2,1,1) [уничтожен]
    ✗ Факел A4           @ (8,3,3) [уничтожен]
    ✗ Провокатор A7      @ (9,3,3) [уничтожен]
    ✗ Паук A8            @ (4,3,3) [уничтожен]
  Team B: живых 1/8
    ✓ Тишина B5          @ (5,3,2) hp=2/2
    ✗ Артиллерия B1      @ (5,1,1) [уничтожен]
    ✗ Радиовышка B2      @ (9,1,1) [уничтожен]
    ✗ Прыгун B3          @ (0,1,1) [уничтожен]
    ✗ Факел B4           @ (6,1,1) [уничтожен]
    ✗ Бурав B6           @ (4,3,3) [уничтожен]
    ✗ Провокатор B7      @ (2,1,1) [уничтожен]
    ✗ Паук B8            @ (8,1,1) [уничтожен]
  Team C: живых 0/8
    ✗ Артиллерия C1      @ (9,4,2) [уничтожен]
    ✗ Радиовышка C2      @ (7,3,2) [уничтожен]
    ✗ Прыгун C3          @ (5,2,2) [уничтожен]
    ✗ Факел C4           @ (9,3,2) [уничтожен]
    ✗ Тишина C5          @ (9,4,2) [уничтожен]
    ✗ Бурав C6           @ (9,4,2) [уничтожен]
    ✗ Провокатор C7      @ (9,1,2) [уничтожен]
    ✗ Паук C8            @ (9,5,2) [уничтожен]

======================================================================
ХОД 25
======================================================================
✓ 🎮 GM: начинаем ход
GM: start_turn

--- Радиовышки: сканирование слоя Z ---
  (у команд не осталось живых радиовышек)

--- Решения ботов ---
  [Team A] Тишина A5 (6,3,2) → MOVE (5,3,2)
  [Team A] Бурав A6 → SKIP
  [Team B] Тишина B5 (5,3,2) → MOVE (6,3,2)
  [Team C] все корабли пропускают ход
! 🎮 GM: принудительно завершает фазу планирования
GM: end_planning
# 
============================================================
# 🔄 ОБРАБОТКА ХОДА 25
# ============================================================

📦 ПЕРЕМЕЩЕНИЯ:
!    ⚠️ Тишина A5: клетка (5,3,2) занята
!    ⚠️ Тишина B5: клетка (6,3,2) занята

🎯 ВЫСТРЕЛЫ:
   Выпущено ракет: 0
# 
📊 РЕЗУЛЬТАТЫ ХОДА 25:
🎯 Попаданий нет

--- Результаты хода ---
  Попаданий нет

--- Состояние команд после хода ---
  Team A: живых 2/8
    ✓ Тишина A5          @ (6,3,2) hp=2/2
    ✓ Бурав A6           @ (7,3,2) hp=3/4
    ✗ Артиллерия A1      @ (6,3,3) [уничтожен]
    ✗ Радиовышка A2      @ (5,2,2) [уничтожен]
    ✗ Прыгун A3          @ (2,1,1) [уничтожен]
    ✗ Факел A4           @ (8,3,3) [уничтожен]
    ✗ Провокатор A7      @ (9,3,3) [уничтожен]
    ✗ Паук A8            @ (4,3,3) [уничтожен]
  Team B: живых 1/8
    ✓ Тишина B5          @ (5,3,2) hp=2/2
    ✗ Артиллерия B1      @ (5,1,1) [уничтожен]
    ✗ Радиовышка B2      @ (9,1,1) [уничтожен]
    ✗ Прыгун B3          @ (0,1,1) [уничтожен]
    ✗ Факел B4           @ (6,1,1) [уничтожен]
    ✗ Бурав B6           @ (4,3,3) [уничтожен]
    ✗ Провокатор B7      @ (2,1,1) [уничтожен]
    ✗ Паук B8            @ (8,1,1) [уничтожен]
  Team C: живых 0/8
    ✗ Артиллерия C1      @ (9,4,2) [уничтожен]
    ✗ Радиовышка C2      @ (7,3,2) [уничтожен]
    ✗ Прыгун C3          @ (5,2,2) [уничтожен]
    ✗ Факел C4           @ (9,3,2) [уничтожен]
    ✗ Тишина C5          @ (9,4,2) [уничтожен]
    ✗ Бурав C6           @ (9,4,2) [уничтожен]
    ✗ Провокатор C7      @ (9,1,2) [уничтожен]
    ✗ Паук C8            @ (9,5,2) [уничтожен]

======================================================================
ХОД 26
======================================================================
✓ 🎮 GM: начинаем ход
GM: start_turn

--- Радиовышки: сканирование слоя Z ---
  (у команд не осталось живых радиовышек)

--- Решения ботов ---
  [Team A] Тишина A5 (6,3,2) → MOVE (5,3,2)
  [Team A] Бурав A6 → SKIP
  [Team B] Тишина B5 (5,3,2) → MOVE (6,3,2)
  [Team C] все корабли пропускают ход
! 🎮 GM: принудительно завершает фазу планирования
GM: end_planning
# 
============================================================
# 🔄 ОБРАБОТКА ХОДА 26
# ============================================================

📦 ПЕРЕМЕЩЕНИЯ:
!    ⚠️ Тишина A5: клетка (5,3,2) занята
!    ⚠️ Тишина B5: клетка (6,3,2) занята

🎯 ВЫСТРЕЛЫ:
   Выпущено ракет: 0
# 
📊 РЕЗУЛЬТАТЫ ХОДА 26:
🎯 Попаданий нет

--- Результаты хода ---
  Попаданий нет

--- Состояние команд после хода ---
  Team A: живых 2/8
    ✓ Тишина A5          @ (6,3,2) hp=2/2
    ✓ Бурав A6           @ (7,3,2) hp=3/4
    ✗ Артиллерия A1      @ (6,3,3) [уничтожен]
    ✗ Радиовышка A2      @ (5,2,2) [уничтожен]
    ✗ Прыгун A3          @ (2,1,1) [уничтожен]
    ✗ Факел A4           @ (8,3,3) [уничтожен]
    ✗ Провокатор A7      @ (9,3,3) [уничтожен]
    ✗ Паук A8            @ (4,3,3) [уничтожен]
  Team B: живых 1/8
    ✓ Тишина B5          @ (5,3,2) hp=2/2
    ✗ Артиллерия B1      @ (5,1,1) [уничтожен]
    ✗ Радиовышка B2      @ (9,1,1) [уничтожен]
    ✗ Прыгун B3          @ (0,1,1) [уничтожен]
    ✗ Факел B4           @ (6,1,1) [уничтожен]
    ✗ Бурав B6           @ (4,3,3) [уничтожен]
    ✗ Провокатор B7      @ (2,1,1) [уничтожен]
    ✗ Паук B8            @ (8,1,1) [уничтожен]
  Team C: живых 0/8
    ✗ Артиллерия C1      @ (9,4,2) [уничтожен]
    ✗ Радиовышка C2      @ (7,3,2) [уничтожен]
    ✗ Прыгун C3          @ (5,2,2) [уничтожен]
    ✗ Факел C4           @ (9,3,2) [уничтожен]
    ✗ Тишина C5          @ (9,4,2) [уничтожен]
    ✗ Бурав C6           @ (9,4,2) [уничтожен]
    ✗ Провокатор C7      @ (9,1,2) [уничтожен]
    ✗ Паук C8            @ (9,5,2) [уничтожен]

======================================================================
ХОД 27
======================================================================
✓ 🎮 GM: начинаем ход
GM: start_turn

--- Радиовышки: сканирование слоя Z ---
  (у команд не осталось живых радиовышек)

--- Решения ботов ---
  [Team A] Тишина A5 (6,3,2) → MOVE (5,3,2)
  [Team A] Бурав A6 → SKIP
  [Team B] Тишина B5 (5,3,2) → MOVE (6,3,2)
  [Team C] все корабли пропускают ход
! 🎮 GM: принудительно завершает фазу планирования
GM: end_planning
# 
============================================================
# 🔄 ОБРАБОТКА ХОДА 27
# ============================================================

📦 ПЕРЕМЕЩЕНИЯ:
!    ⚠️ Тишина A5: клетка (5,3,2) занята
!    ⚠️ Тишина B5: клетка (6,3,2) занята

🎯 ВЫСТРЕЛЫ:
   Выпущено ракет: 0
# 
📊 РЕЗУЛЬТАТЫ ХОДА 27:
🎯 Попаданий нет

--- Результаты хода ---
  Попаданий нет

--- Состояние команд после хода ---
  Team A: живых 2/8
    ✓ Тишина A5          @ (6,3,2) hp=2/2
    ✓ Бурав A6           @ (7,3,2) hp=3/4
    ✗ Артиллерия A1      @ (6,3,3) [уничтожен]
    ✗ Радиовышка A2      @ (5,2,2) [уничтожен]
    ✗ Прыгун A3          @ (2,1,1) [уничтожен]
    ✗ Факел A4           @ (8,3,3) [уничтожен]
    ✗ Провокатор A7      @ (9,3,3) [уничтожен]
    ✗ Паук A8            @ (4,3,3) [уничтожен]
  Team B: живых 1/8
    ✓ Тишина B5          @ (5,3,2) hp=2/2
    ✗ Артиллерия B1      @ (5,1,1) [уничтожен]
    ✗ Радиовышка B2      @ (9,1,1) [уничтожен]
    ✗ Прыгун B3          @ (0,1,1) [уничтожен]
    ✗ Факел B4           @ (6,1,1) [уничтожен]
    ✗ Бурав B6           @ (4,3,3) [уничтожен]
    ✗ Провокатор B7      @ (2,1,1) [уничтожен]
    ✗ Паук B8            @ (8,1,1) [уничтожен]
  Team C: живых 0/8
    ✗ Артиллерия C1      @ (9,4,2) [уничтожен]
    ✗ Радиовышка C2      @ (7,3,2) [уничтожен]
    ✗ Прыгун C3          @ (5,2,2) [уничтожен]
    ✗ Факел C4           @ (9,3,2) [уничтожен]
    ✗ Тишина C5          @ (9,4,2) [уничтожен]
    ✗ Бурав C6           @ (9,4,2) [уничтожен]
    ✗ Провокатор C7      @ (9,1,2) [уничтожен]
    ✗ Паук C8            @ (9,5,2) [уничтожен]

======================================================================
ХОД 28
======================================================================
✓ 🎮 GM: начинаем ход
GM: start_turn

--- Радиовышки: сканирование слоя Z ---
  (у команд не осталось живых радиовышек)

--- Решения ботов ---
  [Team A] Тишина A5 (6,3,2) → MOVE (5,3,2)
  [Team A] Бурав A6 → SKIP
  [Team B] Тишина B5 (5,3,2) → MOVE (6,3,2)
  [Team C] все корабли пропускают ход
! 🎮 GM: принудительно завершает фазу планирования
GM: end_planning
# 
============================================================
# 🔄 ОБРАБОТКА ХОДА 28
# ============================================================

📦 ПЕРЕМЕЩЕНИЯ:
!    ⚠️ Тишина A5: клетка (5,3,2) занята
!    ⚠️ Тишина B5: клетка (6,3,2) занята

🎯 ВЫСТРЕЛЫ:
   Выпущено ракет: 0
# 
📊 РЕЗУЛЬТАТЫ ХОДА 28:
🎯 Попаданий нет

--- Результаты хода ---
  Попаданий нет

--- Состояние команд после хода ---
  Team A: живых 2/8
    ✓ Тишина A5          @ (6,3,2) hp=2/2
    ✓ Бурав A6           @ (7,3,2) hp=3/4
    ✗ Артиллерия A1      @ (6,3,3) [уничтожен]
    ✗ Радиовышка A2      @ (5,2,2) [уничтожен]
    ✗ Прыгун A3          @ (2,1,1) [уничтожен]
    ✗ Факел A4           @ (8,3,3) [уничтожен]
    ✗ Провокатор A7      @ (9,3,3) [уничтожен]
    ✗ Паук A8            @ (4,3,3) [уничтожен]
  Team B: живых 1/8
    ✓ Тишина B5          @ (5,3,2) hp=2/2
    ✗ Артиллерия B1      @ (5,1,1) [уничтожен]
    ✗ Радиовышка B2      @ (9,1,1) [уничтожен]
    ✗ Прыгун B3          @ (0,1,1) [уничтожен]
    ✗ Факел B4           @ (6,1,1) [уничтожен]
    ✗ Бурав B6           @ (4,3,3) [уничтожен]
    ✗ Провокатор B7      @ (2,1,1) [уничтожен]
    ✗ Паук B8            @ (8,1,1) [уничтожен]
  Team C: живых 0/8
    ✗ Артиллерия C1      @ (9,4,2) [уничтожен]
    ✗ Радиовышка C2      @ (7,3,2) [уничтожен]
    ✗ Прыгун C3          @ (5,2,2) [уничтожен]
    ✗ Факел C4           @ (9,3,2) [уничтожен]
    ✗ Тишина C5          @ (9,4,2) [уничтожен]
    ✗ Бурав C6           @ (9,4,2) [уничтожен]
    ✗ Провокатор C7      @ (9,1,2) [уничтожен]
    ✗ Паук C8            @ (9,5,2) [уничтожен]

======================================================================
ХОД 29
======================================================================
✓ 🎮 GM: начинаем ход
GM: start_turn

--- Радиовышки: сканирование слоя Z ---
  (у команд не осталось живых радиовышек)

--- Решения ботов ---
  [Team A] Тишина A5 (6,3,2) → MOVE (5,3,2)
  [Team A] Бурав A6 → SKIP
  [Team B] Тишина B5 (5,3,2) → MOVE (6,3,2)
  [Team C] все корабли пропускают ход
! 🎮 GM: принудительно завершает фазу планирования
GM: end_planning
# 
============================================================
# 🔄 ОБРАБОТКА ХОДА 29
# ============================================================

📦 ПЕРЕМЕЩЕНИЯ:
!    ⚠️ Тишина A5: клетка (5,3,2) занята
!    ⚠️ Тишина B5: клетка (6,3,2) занята

🎯 ВЫСТРЕЛЫ:
   Выпущено ракет: 0
# 
📊 РЕЗУЛЬТАТЫ ХОДА 29:
🎯 Попаданий нет

--- Результаты хода ---
  Попаданий нет

--- Состояние команд после хода ---
  Team A: живых 2/8
    ✓ Тишина A5          @ (6,3,2) hp=2/2
    ✓ Бурав A6           @ (7,3,2) hp=3/4
    ✗ Артиллерия A1      @ (6,3,3) [уничтожен]
    ✗ Радиовышка A2      @ (5,2,2) [уничтожен]
    ✗ Прыгун A3          @ (2,1,1) [уничтожен]
    ✗ Факел A4           @ (8,3,3) [уничтожен]
    ✗ Провокатор A7      @ (9,3,3) [уничтожен]
    ✗ Паук A8            @ (4,3,3) [уничтожен]
  Team B: живых 1/8
    ✓ Тишина B5          @ (5,3,2) hp=2/2
    ✗ Артиллерия B1      @ (5,1,1) [уничтожен]
    ✗ Радиовышка B2      @ (9,1,1) [уничтожен]
    ✗ Прыгун B3          @ (0,1,1) [уничтожен]
    ✗ Факел B4           @ (6,1,1) [уничтожен]
    ✗ Бурав B6           @ (4,3,3) [уничтожен]
    ✗ Провокатор B7      @ (2,1,1) [уничтожен]
    ✗ Паук B8            @ (8,1,1) [уничтожен]
  Team C: живых 0/8
    ✗ Артиллерия C1      @ (9,4,2) [уничтожен]
    ✗ Радиовышка C2      @ (7,3,2) [уничтожен]
    ✗ Прыгун C3          @ (5,2,2) [уничтожен]
    ✗ Факел C4           @ (9,3,2) [уничтожен]
    ✗ Тишина C5          @ (9,4,2) [уничтожен]
    ✗ Бурав C6           @ (9,4,2) [уничтожен]
    ✗ Провокатор C7      @ (9,1,2) [уничтожен]
    ✗ Паук C8            @ (9,5,2) [уничтожен]

======================================================================
ХОД 30
======================================================================
✓ 🎮 GM: начинаем ход
GM: start_turn

--- Радиовышки: сканирование слоя Z ---
  (у команд не осталось живых радиовышек)

--- Решения ботов ---
  [Team A] Тишина A5 (6,3,2) → MOVE (5,3,2)
  [Team A] Бурав A6 → SKIP
  [Team B] Тишина B5 (5,3,2) → MOVE (6,3,2)
  [Team C] все корабли пропускают ход
! 🎮 GM: принудительно завершает фазу планирования
GM: end_planning
# 
============================================================
# 🔄 ОБРАБОТКА ХОДА 30
# ============================================================

📦 ПЕРЕМЕЩЕНИЯ:
!    ⚠️ Тишина A5: клетка (5,3,2) занята
!    ⚠️ Тишина B5: клетка (6,3,2) занята

🎯 ВЫСТРЕЛЫ:
   Выпущено ракет: 0
# 
📊 РЕЗУЛЬТАТЫ ХОДА 30:
🎯 Попаданий нет

--- Результаты хода ---
  Попаданий нет

--- Состояние команд после хода ---
  Team A: живых 2/8
    ✓ Тишина A5          @ (6,3,2) hp=2/2
    ✓ Бурав A6           @ (7,3,2) hp=3/4
    ✗ Артиллерия A1      @ (6,3,3) [уничтожен]
    ✗ Радиовышка A2      @ (5,2,2) [уничтожен]
    ✗ Прыгун A3          @ (2,1,1) [уничтожен]
    ✗ Факел A4           @ (8,3,3) [уничтожен]
    ✗ Провокатор A7      @ (9,3,3) [уничтожен]
    ✗ Паук A8            @ (4,3,3) [уничтожен]
  Team B: живых 1/8
    ✓ Тишина B5          @ (5,3,2) hp=2/2
    ✗ Артиллерия B1      @ (5,1,1) [уничтожен]
    ✗ Радиовышка B2      @ (9,1,1) [уничтожен]
    ✗ Прыгун B3          @ (0,1,1) [уничтожен]
    ✗ Факел B4           @ (6,1,1) [уничтожен]
    ✗ Бурав B6           @ (4,3,3) [уничтожен]
    ✗ Провокатор B7      @ (2,1,1) [уничтожен]
    ✗ Паук B8            @ (8,1,1) [уничтожен]
  Team C: живых 0/8
    ✗ Артиллерия C1      @ (9,4,2) [уничтожен]
    ✗ Радиовышка C2      @ (7,3,2) [уничтожен]
    ✗ Прыгун C3          @ (5,2,2) [уничтожен]
    ✗ Факел C4           @ (9,3,2) [уничтожен]
    ✗ Тишина C5          @ (9,4,2) [уничтожен]
    ✗ Бурав C6           @ (9,4,2) [уничтожен]
    ✗ Провокатор C7      @ (9,1,2) [уничтожен]
    ✗ Паук C8            @ (9,5,2) [уничтожен]

======================================================================
ИТОГ
======================================================================
Лимит ходов (30) исчерпан, ничья/пат.

--- Сводка по командам ---
  Team A: 2/8 живых; hp=5
  Team B: 1/8 живых; hp=2
  Team C: 0/8 живых; hp=0

--- Сводка по пассивкам радиовышек ---
  Team A: сканирований=5, всего врагов-в-слоях=23, уникальных эксклюзивных (видны только радиовышкой)=5
  Team B: сканирований=1, всего врагов-в-слоях=0, уникальных эксклюзивных (видны только радиовышкой)=0
  Team C: сканирований=4, всего врагов-в-слоях=7, уникальных эксклюзивных (видны только радиовышкой)=1

--- Сводка по попаданиям ---
  Всего событий (шоты+тараны+мины): 26
  Уничтожено кораблей всего: 21
  Team A: урон=32 хиты=2 тараны=10 мины(сработало)=1 убийств=12
  Team B: урон=3 хиты=1 тараны=1 мины(сработало)=0 убийств=2
  Team C: урон=29 хиты=7 тараны=4 мины(сработало)=0 убийств=7
! 🎮 GM: остановка игры
