======================================================================
Space Battle 10×10×10 — simulation run at 2026-04-20T11:08:14+00:00
Game mode: advanced
Seed: 42
✓ 🚀 Продвинутый режим: создаю разные типы кораблей
✓ ✅ Создано 33 кораблей


--- СТАРТОВАЯ РАССТАНОВКА ---
  Team A: живых 11/11
    ✓ Крейсер A1         @ (0,0,0) hp=1/1
    ✓ Артиллерия A2      @ (0,2,0) hp=3/3
    ✓ Радиовышка A3      @ (0,4,0) hp=3/3
    ✓ Базовый A4         @ (0,6,0) hp=2/2
    ✓ Базовый A5         @ (0,8,0) hp=2/2
    ✓ Прыгун A6          @ (0,1,1) hp=2/2
    ✓ Факел A7           @ (0,3,1) hp=5/5
    ✓ Тишина A8          @ (0,5,1) hp=2/2
    ✓ Бурав A9           @ (0,7,1) hp=4/4
    ✓ Провокатор A10     @ (0,9,1) hp=2/2
    ✓ Паук A11           @ (0,0,1) hp=1/1
  Team B: живых 11/11
    ✓ Крейсер B1         @ (9,9,9) hp=1/1
    ✓ Артиллерия B2      @ (9,7,9) hp=3/3
    ✓ Радиовышка B3      @ (9,5,9) hp=3/3
    ✓ Базовый B4         @ (9,3,9) hp=2/2
    ✓ Базовый B5         @ (9,1,9) hp=2/2
    ✓ Прыгун B6          @ (9,8,8) hp=2/2
    ✓ Факел B7           @ (9,6,8) hp=5/5
    ✓ Тишина B8          @ (9,4,8) hp=2/2
    ✓ Бурав B9           @ (9,2,8) hp=4/4
    ✓ Провокатор B10     @ (9,0,8) hp=2/2
    ✓ Паук B11           @ (9,9,8) hp=1/1
  Team C: живых 11/11
    ✓ Крейсер C1         @ (4,9,4) hp=1/1
    ✓ Артиллерия C2      @ (5,9,4) hp=3/3
    ✓ Радиовышка C3      @ (6,9,4) hp=3/3
    ✓ Базовый C4         @ (7,9,4) hp=2/2
    ✓ Базовый C5         @ (8,9,4) hp=2/2
    ✓ Прыгун C6          @ (4,9,5) hp=2/2
    ✓ Факел C7           @ (5,9,5) hp=5/5
    ✓ Тишина C8          @ (6,9,5) hp=2/2
    ✓ Бурав C9           @ (7,9,5) hp=4/4
    ✓ Провокатор C10     @ (8,9,5) hp=2/2
    ✓ Паук C11           @ (3,9,4) hp=1/1

======================================================================
ХОД 1
======================================================================
✓ 🎮 GM: начинаем ход
GM: start_turn

--- Решения ботов ---
  [Team A] Крейсер A1 (0,0,0) → MOVE (1,1,1)
  [Team A] Артиллерия A2 (0,2,0) → SHOOT at (3,9,4)
  [Team A] Радиовышка A3 (0,4,0) → MOVE (1,5,1)
  [Team A] Базовый A4 (0,6,0) → MOVE (1,7,1)
  [Team A] Базовый A5 (0,8,0) → MOVE (1,9,1)
  [Team A] Прыгун A6 (0,1,1) → MOVE (1,2,2)
  [Team A] Факел A7 (0,3,1) → MOVE (1,4,2)
  [Team A] Тишина A8 (0,5,1) → MOVE (1,6,2)
  [Team A] Бурав A9 (0,7,1) → MOVE (1,8,2)
  [Team A] Провокатор A10 (0,9,1) → MOVE (1,9,2)
  [Team A] Паук A11 (0,0,1) → MOVE (1,1,2)
  [Team B] Крейсер B1 (9,9,9) → MOVE (8,9,8)
  [Team B] Артиллерия B2 (9,7,9) → SHOOT at (7,9,5)
  [Team B] Радиовышка B3 (9,5,9) → MOVE (8,6,8)
  [Team B] Базовый B4 (9,3,9) → MOVE (8,4,8)
  [Team B] Базовый B5 (9,1,9) → MOVE (8,2,8)
  [Team B] Прыгун B6 (9,8,8) → MOVE (8,9,7)
  [Team B] Факел B7 (9,6,8) → MOVE (8,7,7)
  [Team B] Тишина B8 (9,4,8) → MOVE (8,5,7)
  [Team B] Бурав B9 (9,2,8) → MOVE (8,3,7)
  [Team B] Провокатор B10 (9,0,8) → MOVE (8,1,7)
  [Team B] Паук B11 (9,9,8) → MOVE (9,9,7)
  [Team C] Крейсер C1 (4,9,4) → MOVE (3,8,3)
  [Team C] Артиллерия C2 (5,9,4) → SHOOT at (9,6,8)
  [Team C] Радиовышка C3 (6,9,4) → MOVE (7,8,5)
  [Team C] Базовый C4 (7,9,4) → MOVE (8,8,5)
  [Team C] Базовый C5 (8,9,4) → MOVE (9,8,5)
  [Team C] Прыгун C6 (4,9,5) → MOVE (3,8,4)
  [Team C] Факел C7 (5,9,5) → MOVE (6,8,6)
  [Team C] Тишина C8 (6,9,5) → MOVE (7,8,6)
  [Team C] Бурав C9 (7,9,5) → MOVE (8,8,6)
  [Team C] Провокатор C10 (8,9,5) → MOVE (9,8,6)
  [Team C] Паук C11 (3,9,4) → MOVE (2,8,3)
! 🎮 GM: принудительно завершает фазу планирования
GM: end_planning
# 
============================================================
# 🔄 ОБРАБОТКА ХОДА 1
# ============================================================

📦 ПЕРЕМЕЩЕНИЯ:
   Крейсер A1: (0, 0, 0) → (1,1,1)
   Радиовышка A3: (0, 4, 0) → (1,5,1)
   Базовый A4: (0, 6, 0) → (1,7,1)
   Базовый A5: (0, 8, 0) → (1,9,1)
   Прыгун A6: (0, 1, 1) → (1,2,2)
   Факел A7: (0, 3, 1) → (1,4,2)
   Тишина A8: (0, 5, 1) → (1,6,2)
!    ⚠️ Бурав A9: Бурав двигается только по одной оси
   Провокатор A10: (0, 9, 1) → (1,9,2)
   Паук A11: (0, 0, 1) → (1,1,2)
   Крейсер B1: (9, 9, 9) → (8,9,8)
   Радиовышка B3: (9, 5, 9) → (8,6,8)
   Базовый B4: (9, 3, 9) → (8,4,8)
   Базовый B5: (9, 1, 9) → (8,2,8)
   Прыгун B6: (9, 8, 8) → (8,9,7)
   Факел B7: (9, 6, 8) → (8,7,7)
   Тишина B8: (9, 4, 8) → (8,5,7)
!    ⚠️ Бурав B9: Бурав двигается только по одной оси
   Провокатор B10: (9, 0, 8) → (8,1,7)
   Паук B11: (9, 9, 8) → (9,9,7)
   Крейсер C1: (4, 9, 4) → (3,8,3)
   Радиовышка C3: (6, 9, 4) → (7,8,5)
   Базовый C4: (7, 9, 4) → (8,8,5)
   Базовый C5: (8, 9, 4) → (9,8,5)
   Прыгун C6: (4, 9, 5) → (3,8,4)
   Факел C7: (5, 9, 5) → (6,8,6)
   Тишина C8: (6, 9, 5) → (7,8,6)
!    ⚠️ Бурав C9: Бурав двигается только по одной оси
   Провокатор C10: (8, 9, 5) → (9,8,6)
   Паук C11: (3, 9, 4) → (2,8,3)

🎯 ВЫСТРЕЛЫ:
✓    ✅ Артиллерия B2 поразил Бурав C9 (2 урона)!
   Выпущено ракет: 3
# 
📊 РЕЗУЛЬТАТЫ ХОДА 1:
✓ 💥 ПОПАДАНИЯ:
✓    Артиллерия B2 (Team B) → Бурав C9 (Team C)

--- Результаты хода ---
  Team B / Артиллерия B2      → Team C / Бурав C9           @ (7,9,5)  (ранен)

--- Состояние команд после хода ---
  Team A: живых 11/11
    ✓ Крейсер A1         @ (1,1,1) hp=1/1
    ✓ Артиллерия A2      @ (0,2,0) hp=3/3
    ✓ Радиовышка A3      @ (1,5,1) hp=3/3
    ✓ Базовый A4         @ (1,7,1) hp=2/2
    ✓ Базовый A5         @ (1,9,1) hp=2/2
    ✓ Прыгун A6          @ (1,2,2) hp=2/2
    ✓ Факел A7           @ (1,4,2) hp=5/5
    ✓ Тишина A8          @ (1,6,2) hp=2/2
    ✓ Бурав A9           @ (0,7,1) hp=4/4
    ✓ Провокатор A10     @ (1,9,2) hp=2/2
    ✓ Паук A11           @ (1,1,2) hp=1/1
  Team B: живых 11/11
    ✓ Крейсер B1         @ (8,9,8) hp=1/1
    ✓ Артиллерия B2      @ (9,7,9) hp=3/3
    ✓ Радиовышка B3      @ (8,6,8) hp=3/3
    ✓ Базовый B4         @ (8,4,8) hp=2/2
    ✓ Базовый B5         @ (8,2,8) hp=2/2
    ✓ Прыгун B6          @ (8,9,7) hp=2/2
    ✓ Факел B7           @ (8,7,7) hp=5/5
    ✓ Тишина B8          @ (8,5,7) hp=2/2
    ✓ Бурав B9           @ (9,2,8) hp=4/4
    ✓ Провокатор B10     @ (8,1,7) hp=2/2
    ✓ Паук B11           @ (9,9,7) hp=1/1
  Team C: живых 11/11
    ✓ Крейсер C1         @ (3,8,3) hp=1/1
    ✓ Артиллерия C2      @ (5,9,4) hp=3/3
    ✓ Радиовышка C3      @ (7,8,5) hp=3/3
    ✓ Базовый C4         @ (8,8,5) hp=2/2
    ✓ Базовый C5         @ (9,8,5) hp=2/2
    ✓ Прыгун C6          @ (3,8,4) hp=2/2
    ✓ Факел C7           @ (6,8,6) hp=5/5
    ✓ Тишина C8          @ (7,8,6) hp=2/2
    ✓ Бурав C9           @ (7,9,5) hp=2/4
    ✓ Провокатор C10     @ (9,8,6) hp=2/2
    ✓ Паук C11           @ (2,8,3) hp=1/1

======================================================================
ХОД 2
======================================================================
✓ 🎮 GM: начинаем ход
GM: start_turn

--- Решения ботов ---
  [Team A] Крейсер A1 (1,1,1) → MOVE (2,2,2)
  [Team A] Артиллерия A2 (0,2,0) → SHOOT at (3,8,4)
  [Team A] Радиовышка A3 (1,5,1) → MOVE (2,6,2)
  [Team A] Базовый A4 (1,7,1) → MOVE (2,8,2)
  [Team A] Базовый A5 (1,9,1) → MOVE (2,8,1)
  [Team A] Прыгун A6 (1,2,2) → MOVE (2,3,3)
  [Team A] Факел A7 (1,4,2) → MOVE (2,5,3)
  [Team A] Тишина A8 (1,6,2) → MOVE (2,7,3)
  [Team A] Бурав A9 (0,7,1) → MOVE (1,8,2)
  [Team A] Провокатор A10 (1,9,2) → MOVE (2,8,3)
  [Team A] Паук A11 (1,1,2) → MOVE (2,2,3)
  [Team B] Крейсер B1 (8,9,8) → MOVE (7,8,7)
  [Team B] Артиллерия B2 (9,7,9) → SHOOT at (7,8,6)
  [Team B] Радиовышка B3 (8,6,8) → MOVE (7,7,7)
  [Team B] Базовый B4 (8,4,8) → MOVE (7,5,7)
  [Team B] Базовый B5 (8,2,8) → MOVE (7,3,7)
  [Team B] Прыгун B6 (8,9,7) → MOVE (7,8,6)
  [Team B] Факел B7 (8,7,7) → MOVE (7,7,6)
  [Team B] Тишина B8 (8,5,7) → MOVE (7,6,6)
  [Team B] Бурав B9 (9,2,8) → MOVE (8,3,7)
  [Team B] Провокатор B10 (8,1,7) → MOVE (7,2,6)
  [Team B] Паук B11 (9,9,7) → MOVE (9,8,6)
  [Team C] Крейсер C1 (3,8,3) → MOVE (2,7,2)
  [Team C] Артиллерия C2 (5,9,4) → SHOOT at (8,9,7)
  [Team C] Радиовышка C3 (7,8,5) → MOVE (8,9,6)
  [Team C] Базовый C4 (8,8,5) → MOVE (8,8,6)
  [Team C] Базовый C5 (9,8,5) → MOVE (8,9,5)
  [Team C] Прыгун C6 (3,8,4) → MOVE (2,7,3)
  [Team C] Факел C7 (6,8,6) → MOVE (7,9,7)
  [Team C] Тишина C8 (7,8,6) → MOVE (8,9,7)
  [Team C] Бурав C9 (7,9,5) → MOVE (7,9,6)
  [Team C] Провокатор C10 (9,8,6) → MOVE (9,9,7)
  [Team C] Паук C11 (2,8,3) → MOVE (1,9,2)
! 🎮 GM: принудительно завершает фазу планирования
GM: end_planning
# 
============================================================
# 🔄 ОБРАБОТКА ХОДА 2
# ============================================================

📦 ПЕРЕМЕЩЕНИЯ:
   Крейсер A1: (1, 1, 1) → (2,2,2)
   Радиовышка A3: (1, 5, 1) → (2,6,2)
   Базовый A4: (1, 7, 1) → (2,8,2)
   Базовый A5: (1, 9, 1) → (2,8,1)
   Прыгун A6: (1, 2, 2) → (2,3,3)
   Факел A7: (1, 4, 2) → (2,5,3)
   Тишина A8: (1, 6, 2) → (2,7,3)
!    ⚠️ Бурав A9: Бурав двигается только по одной оси
!    ⚠️ Провокатор A10: клетка (2,8,3) занята
   Паук A11: (1, 1, 2) → (2,2,3)
   Крейсер B1: (8, 9, 8) → (7,8,7)
   Радиовышка B3: (8, 6, 8) → (7,7,7)
   Базовый B4: (8, 4, 8) → (7,5,7)
   Базовый B5: (8, 2, 8) → (7,3,7)
✓    💥 Прыгун B6 тараном уничтожил Тишина C8 в (7,8,6)
   Прыгун B6: (8, 9, 7) → (7,8,6)
   Факел B7: (8, 7, 7) → (7,7,6)
   Тишина B8: (8, 5, 7) → (7,6,6)
!    ⚠️ Бурав B9: Бурав двигается только по одной оси
   Провокатор B10: (8, 1, 7) → (7,2,6)
!    ⚠️ Паук B11: клетка (9,8,6) занята
   Крейсер C1: (3, 8, 3) → (2,7,2)
   Радиовышка C3: (7, 8, 5) → (8,9,6)
   Базовый C4: (8, 8, 5) → (8,8,6)
   Базовый C5: (9, 8, 5) → (8,9,5)
✓    💥 Прыгун C6 тараном уничтожил Тишина A8 в (2,7,3)
   Прыгун C6: (3, 8, 4) → (2,7,3)
   Факел C7: (6, 8, 6) → (7,9,7)
   Бурав C9: (7, 9, 5) → (7,9,6)
!    ⚠️ Провокатор C10: клетка (9,9,7) занята
!    ⚠️ Паук C11: клетка (1,9,2) занята

🎯 ВЫСТРЕЛЫ:
   Выпущено ракет: 3
# 
📊 РЕЗУЛЬТАТЫ ХОДА 2:
🎯 Попаданий нет

--- Результаты хода ---
  Team B / Прыгун B6          → Team C / Тишина C8          @ (7,8,6)  (УБИТ)
  Team C / Прыгун C6          → Team A / Тишина A8          @ (2,7,3)  (УБИТ)

--- Состояние команд после хода ---
  Team A: живых 10/11
    ✓ Крейсер A1         @ (2,2,2) hp=1/1
    ✓ Артиллерия A2      @ (0,2,0) hp=3/3
    ✓ Радиовышка A3      @ (2,6,2) hp=3/3
    ✓ Базовый A4         @ (2,8,2) hp=2/2
    ✓ Базовый A5         @ (2,8,1) hp=2/2
    ✓ Прыгун A6          @ (2,3,3) hp=2/2
    ✓ Факел A7           @ (2,5,3) hp=5/5
    ✓ Бурав A9           @ (0,7,1) hp=4/4
    ✓ Провокатор A10     @ (1,9,2) hp=2/2
    ✓ Паук A11           @ (2,2,3) hp=1/1
    ✗ Тишина A8          @ (2,7,3) [уничтожен]
  Team B: живых 11/11
    ✓ Крейсер B1         @ (7,8,7) hp=1/1
    ✓ Артиллерия B2      @ (9,7,9) hp=3/3
    ✓ Радиовышка B3      @ (7,7,7) hp=3/3
    ✓ Базовый B4         @ (7,5,7) hp=2/2
    ✓ Базовый B5         @ (7,3,7) hp=2/2
    ✓ Прыгун B6          @ (7,8,6) hp=2/2
    ✓ Факел B7           @ (7,7,6) hp=5/5
    ✓ Тишина B8          @ (7,6,6) hp=2/2
    ✓ Бурав B9           @ (9,2,8) hp=4/4
    ✓ Провокатор B10     @ (7,2,6) hp=2/2
    ✓ Паук B11           @ (9,9,7) hp=1/1
  Team C: живых 10/11
    ✓ Крейсер C1         @ (2,7,2) hp=1/1
    ✓ Артиллерия C2      @ (5,9,4) hp=3/3
    ✓ Радиовышка C3      @ (8,9,6) hp=3/3
    ✓ Базовый C4         @ (8,8,6) hp=2/2
    ✓ Базовый C5         @ (8,9,5) hp=2/2
    ✓ Прыгун C6          @ (2,7,3) hp=2/2
    ✓ Факел C7           @ (7,9,7) hp=5/5
    ✓ Бурав C9           @ (7,9,6) hp=2/4
    ✓ Провокатор C10     @ (9,8,6) hp=2/2
    ✓ Паук C11           @ (2,8,3) hp=1/1
    ✗ Тишина C8          @ (7,8,6) [уничтожен]

======================================================================
ХОД 3
======================================================================
✓ 🎮 GM: начинаем ход
GM: start_turn

--- Решения ботов ---
  [Team A] Крейсер A1 (2,2,2) → SHOOT at (2,7,2)
  [Team A] Артиллерия A2 (0,2,0) → SHOOT at (2,7,2)
  [Team A] Радиовышка A3 (2,6,2) → MOVE (2,7,2)
  [Team A] Базовый A4 (2,8,2) → SHOOT at (2,7,2)
  [Team A] Базовый A5 (2,8,1) → SHOOT at (2,8,3)
  [Team A] Прыгун A6 (2,3,3) → SHOOT at (2,7,3)
  [Team A] Факел A7 (2,5,3) → SHOOT at (2,7,3)
  [Team A] Бурав A9 (0,7,1) → MOVE (1,7,2)
  [Team A] Провокатор A10 (1,9,2) → MOVE (2,8,3)
  [Team A] Паук A11 (2,2,3) → MOVE (2,3,2)
  [Team B] Крейсер B1 (7,8,7) → SHOOT at (7,9,7)
  [Team B] Артиллерия B2 (9,7,9) → SHOOT at (7,9,7)
  [Team B] Радиовышка B3 (7,7,7) → MOVE (8,8,6)
  [Team B] Базовый B4 (7,5,7) → SHOOT at (7,9,7)
  [Team B] Базовый B5 (7,3,7) → MOVE (8,4,6)
  [Team B] Прыгун B6 (7,8,6) → SHOOT at (7,9,6)
  [Team B] Факел B7 (7,7,6) → SHOOT at (7,9,6)
  [Team B] Тишина B8 (7,6,6) → MOVE (8,7,6)
  [Team B] Бурав B9 (9,2,8) → MOVE (8,3,7)
  [Team B] Провокатор B10 (7,2,6) → MOVE (8,3,6)
  [Team B] Паук B11 (9,9,7) → MOVE (8,9,6)
  [Team C] Крейсер C1 (2,7,2) → SHOOT at (2,8,2)
  [Team C] Артиллерия C2 (5,9,4) → SHOOT at (7,7,6)
  [Team C] Радиовышка C3 (8,9,6) → MOVE (7,8,7)
  [Team C] Базовый C4 (8,8,6) → SHOOT at (7,8,6)
  [Team C] Базовый C5 (8,9,5) → MOVE (7,8,6)
  [Team C] Прыгун C6 (2,7,3) → SHOOT at (2,5,3)
  [Team C] Факел C7 (7,9,7) → SHOOT at (7,8,7)
  [Team C] Провокатор C10 (9,8,6) → SHOOT at (7,8,6)
  [Team C] Паук C11 (2,8,3) → MOVE (2,8,2)
  [Team C] Бурав C9 → SKIP
! 🎮 GM: принудительно завершает фазу планирования
GM: end_planning
# 
============================================================
# 🔄 ОБРАБОТКА ХОДА 3
# ============================================================

📦 ПЕРЕМЕЩЕНИЯ:
!    ⚠️ Радиовышка A3: клетка (2,7,2) занята
!    ⚠️ Бурав A9: Бурав двигается только по одной оси
!    ⚠️ Провокатор A10: клетка (2,8,3) занята
   Паук A11: (2, 2, 3) → (2,3,2)
!    ⚠️ Радиовышка B3: клетка (8,8,6) занята
   Базовый B5: (7, 3, 7) → (8,4,6)
   Тишина B8: (7, 6, 6) → (8,7,6)
!    ⚠️ Бурав B9: Бурав двигается только по одной оси
   Провокатор B10: (7, 2, 6) → (8,3,6)
!    ⚠️ Паук B11: клетка (8,9,6) занята
!    ⚠️ Радиовышка C3: клетка (7,8,7) занята
!    ⚠️ Базовый C5: клетка (7,8,6) занята
!    ⚠️ Паук C11: клетка (2,8,2) занята

🎯 ВЫСТРЕЛЫ:
!    🛡️ Выстрел Крейсер A1 заблокирован союзником Паук A11 в (2, 3, 2)
!    🛡️ Выстрел Базовый A5 заблокирован союзником Базовый A4 в (2, 8, 2)
!    🛡️ Выстрел Прыгун A6 заблокирован союзником Факел A7 в (2, 5, 3)
!    🛡️ Выстрел Базовый B4 заблокирован союзником Радиовышка B3 в (7, 7, 7)
!    🛡️ Выстрел Факел B7 заблокирован союзником Прыгун B6 в (7, 8, 6)
!    🛡️ Выстрел Провокатор C10 заблокирован союзником Базовый C4 в (8, 8, 6)
✓    ✅ Артиллерия A2 поразил Крейсер C1 (2 урона)!
   💀 Базовый A4 добивает Крейсер C1
✓    ✅ Базовый A4 поразил Крейсер C1 (1 урона)!
✓    ✅ Факел A7 поразил Прыгун C6 (1 урона)!
✓    ✅ Крейсер B1 поразил Факел C7 (2 урона)!
✓    ✅ Артиллерия B2 поразил Факел C7 (2 урона)!
✓    ✅ Прыгун B6 поразил Бурав C9 (1 урона)!
✓    ✅ Крейсер C1 поразил Базовый A4 (2 урона)!
✓    ✅ Артиллерия C2 поразил Факел B7 (2 урона)!
✓    ✅ Базовый C4 поразил Прыгун B6 (1 урона)!
✓    ✅ Прыгун C6 поразил Факел A7 (1 урона)!
✓    ✅ Факел C7 поразил Крейсер B1 (1 урона)!
   Выпущено ракет: 17
# 
📊 РЕЗУЛЬТАТЫ ХОДА 3:
✓ 💥 ПОПАДАНИЯ:
✓    Артиллерия A2 (Team A) → Крейсер C1 (Team C)
✓    Базовый A4 (Team A) → Крейсер C1 (Team C)
✓    Факел A7 (Team A) → Прыгун C6 (Team C)
✓    Крейсер B1 (Team B) → Факел C7 (Team C)
✓    Артиллерия B2 (Team B) → Факел C7 (Team C)
✓    Прыгун B6 (Team B) → Бурав C9 (Team C)
✓    Крейсер C1 (Team C) → Базовый A4 (Team A)
✓    Артиллерия C2 (Team C) → Факел B7 (Team B)
✓    Базовый C4 (Team C) → Прыгун B6 (Team B)
✓    Прыгун C6 (Team C) → Факел A7 (Team A)
✓    Факел C7 (Team C) → Крейсер B1 (Team B)

--- Результаты хода ---
  Team A / Артиллерия A2      → Team C / Крейсер C1         @ (2,7,2)  (УБИТ)
  Team A / Базовый A4         → Team C / Крейсер C1         @ (2,7,2)  (ранен)
  Team A / Факел A7           → Team C / Прыгун C6          @ (2,7,3)  (ранен)
  Team B / Крейсер B1         → Team C / Факел C7           @ (7,9,7)  (ранен)
  Team B / Артиллерия B2      → Team C / Факел C7           @ (7,9,7)  (ранен)
  Team B / Прыгун B6          → Team C / Бурав C9           @ (7,9,6)  (ранен)
  Team C / Крейсер C1         → Team A / Базовый A4         @ (2,8,2)  (УБИТ)
  Team C / Артиллерия C2      → Team B / Факел B7           @ (7,7,6)  (ранен)
  Team C / Базовый C4         → Team B / Прыгун B6          @ (7,8,6)  (ранен)
  Team C / Прыгун C6          → Team A / Факел A7           @ (2,5,3)  (ранен)
  Team C / Факел C7           → Team B / Крейсер B1         @ (7,8,7)  (УБИТ)

--- Состояние команд после хода ---
  Team A: живых 9/11
    ✓ Крейсер A1         @ (2,2,2) hp=1/1
    ✓ Артиллерия A2      @ (0,2,0) hp=3/3
    ✓ Радиовышка A3      @ (2,6,2) hp=3/3
    ✓ Базовый A5         @ (2,8,1) hp=2/2
    ✓ Прыгун A6          @ (2,3,3) hp=2/2
    ✓ Факел A7           @ (2,5,3) hp=4/5
    ✓ Бурав A9           @ (0,7,1) hp=4/4
    ✓ Провокатор A10     @ (1,9,2) hp=2/2
    ✓ Паук A11           @ (2,3,2) hp=1/1
    ✗ Базовый A4         @ (2,8,2) [уничтожен]
    ✗ Тишина A8          @ (2,7,3) [уничтожен]
  Team B: живых 10/11
    ✓ Артиллерия B2      @ (9,7,9) hp=3/3
    ✓ Радиовышка B3      @ (7,7,7) hp=3/3
    ✓ Базовый B4         @ (7,5,7) hp=2/2
    ✓ Базовый B5         @ (8,4,6) hp=2/2
    ✓ Прыгун B6          @ (7,8,6) hp=1/2
    ✓ Факел B7           @ (7,7,6) hp=3/5
    ✓ Тишина B8          @ (8,7,6) hp=2/2
    ✓ Бурав B9           @ (9,2,8) hp=4/4
    ✓ Провокатор B10     @ (8,3,6) hp=2/2
    ✓ Паук B11           @ (9,9,7) hp=1/1
    ✗ Крейсер B1         @ (7,8,7) [уничтожен]
  Team C: живых 9/11
    ✓ Артиллерия C2      @ (5,9,4) hp=3/3
    ✓ Радиовышка C3      @ (8,9,6) hp=3/3
    ✓ Базовый C4         @ (8,8,6) hp=2/2
    ✓ Базовый C5         @ (8,9,5) hp=2/2
    ✓ Прыгун C6          @ (2,7,3) hp=1/2
    ✓ Факел C7           @ (7,9,7) hp=1/5
    ✓ Бурав C9           @ (7,9,6) hp=1/4
    ✓ Провокатор C10     @ (9,8,6) hp=2/2
    ✓ Паук C11           @ (2,8,3) hp=1/1
    ✗ Крейсер C1         @ (2,7,2) [уничтожен]
    ✗ Тишина C8          @ (7,8,6) [уничтожен]

======================================================================
ХОД 4
======================================================================
✓ 🎮 GM: начинаем ход
GM: start_turn

--- Решения ботов ---
  [Team A] Крейсер A1 (2,2,2) → MOVE (2,2,3)
  [Team A] Артиллерия A2 (0,2,0) → SHOOT at (2,7,3)
  [Team A] Радиовышка A3 (2,6,2) → MOVE (2,7,3)
  [Team A] Базовый A5 (2,8,1) → SHOOT at (2,8,3)
  [Team A] Прыгун A6 (2,3,3) → SHOOT at (2,7,3)
  [Team A] Факел A7 (2,5,3) → SHOOT at (2,7,3)
  [Team A] Бурав A9 (0,7,1) → MOVE (1,7,2)
  [Team A] Провокатор A10 (1,9,2) → MOVE (2,8,3)
  [Team A] Паук A11 (2,3,2) → MOVE (2,4,3)
  [Team B] Артиллерия B2 (9,7,9) → SHOOT at (7,9,7)
  [Team B] Радиовышка B3 (7,7,7) → MOVE (8,8,6)
  [Team B] Базовый B4 (7,5,7) → SHOOT at (7,9,7)
  [Team B] Базовый B5 (8,4,6) → SHOOT at (8,8,6)
  [Team B] Прыгун B6 (7,8,6) → SHOOT at (8,8,6)
  [Team B] Факел B7 (7,7,6) → SHOOT at (7,9,6)
  [Team B] Бурав B9 (9,2,8) → MOVE (8,3,7)
  [Team B] Провокатор B10 (8,3,6) → SHOOT at (8,8,6)
  [Team B] Паук B11 (9,9,7) → MOVE (8,9,6)
  [Team B] Тишина B8 → SKIP
  [Team C] Артиллерия C2 (5,9,4) → SHOOT at (7,8,6)
  [Team C] Радиовышка C3 (8,9,6) → MOVE (7,8,6)
  [Team C] Базовый C4 (8,8,6) → SHOOT at (8,7,6)
  [Team C] Базовый C5 (8,9,5) → MOVE (7,8,5)
  [Team C] Прыгун C6 (2,7,3) → SHOOT at (2,5,3)
  [Team C] Факел C7 (7,9,7) → SHOOT at (7,7,7)
  [Team C] Провокатор C10 (9,8,6) → SHOOT at (7,8,6)
  [Team C] Паук C11 (2,8,3) → MOVE (1,9,2)
  [Team C] Бурав C9 → SKIP
! 🎮 GM: принудительно завершает фазу планирования
GM: end_planning
# 
============================================================
# 🔄 ОБРАБОТКА ХОДА 4
# ============================================================

📦 ПЕРЕМЕЩЕНИЯ:
   Крейсер A1: (2, 2, 2) → (2,2,3)
!    ⚠️ Радиовышка A3: клетка (2,7,3) занята
!    ⚠️ Бурав A9: Бурав двигается только по одной оси
!    ⚠️ Провокатор A10: клетка (2,8,3) занята
   Паук A11: (2, 3, 2) → (2,4,3)
!    ⚠️ Радиовышка B3: клетка (8,8,6) занята
!    ⚠️ Бурав B9: Бурав двигается только по одной оси
!    ⚠️ Паук B11: клетка (8,9,6) занята
!    ⚠️ Радиовышка C3: клетка (7,8,6) занята
   Базовый C5: (8, 9, 5) → (7,8,5)
!    ⚠️ Паук C11: клетка (1,9,2) занята

🎯 ВЫСТРЕЛЫ:
!    🛡️ Выстрел Прыгун A6 заблокирован союзником Паук A11 в (2, 4, 3)
!    🛡️ Выстрел Базовый B4 заблокирован союзником Радиовышка B3 в (7, 7, 7)
!    🛡️ Выстрел Базовый B5 заблокирован союзником Тишина B8 в (8, 7, 6)
!    🛡️ Выстрел Факел B7 заблокирован союзником Прыгун B6 в (7, 8, 6)
!    🛡️ Выстрел Провокатор B10 заблокирован союзником Базовый B5 в (8, 4, 6)
!    🛡️ Выстрел Провокатор C10 заблокирован союзником Базовый C4 в (8, 8, 6)
✓    ✅ Артиллерия A2 поразил Прыгун C6 (2 урона)!
✓    ✅ Базовый A5 поразил Паук C11 (1 урона)!
   💀 Факел A7 добивает Прыгун C6
✓    ✅ Факел A7 поразил Прыгун C6 (1 урона)!
✓    ✅ Артиллерия B2 поразил Факел C7 (2 урона)!
✓    ✅ Прыгун B6 поразил Базовый C4 (1 урона)!
✓    ✅ Артиллерия C2 поразил Прыгун B6 (2 урона)!
✓    ✅ Базовый C4 поразил Тишина B8 (1 урона)!
✓    ✅ Прыгун C6 поразил Факел A7 (1 урона)!
✓    ✅ Факел C7 поразил Радиовышка B3 (1 урона)!
   Выпущено ракет: 15
# 
📊 РЕЗУЛЬТАТЫ ХОДА 4:
✓ 💥 ПОПАДАНИЯ:
✓    Артиллерия A2 (Team A) → Прыгун C6 (Team C)
✓    Базовый A5 (Team A) → Паук C11 (Team C)
✓    Факел A7 (Team A) → Прыгун C6 (Team C)
✓    Артиллерия B2 (Team B) → Факел C7 (Team C)
✓    Прыгун B6 (Team B) → Базовый C4 (Team C)
✓    Артиллерия C2 (Team C) → Прыгун B6 (Team B)
✓    Базовый C4 (Team C) → Тишина B8 (Team B)
✓    Прыгун C6 (Team C) → Факел A7 (Team A)
✓    Факел C7 (Team C) → Радиовышка B3 (Team B)

--- Результаты хода ---
  Team A / Артиллерия A2      → Team C / Прыгун C6          @ (2,7,3)  (УБИТ)
  Team A / Базовый A5         → Team C / Паук C11           @ (2,8,3)  (УБИТ)
  Team A / Факел A7           → Team C / Прыгун C6          @ (2,7,3)  (ранен)
  Team B / Артиллерия B2      → Team C / Факел C7           @ (7,9,7)  (УБИТ)
  Team B / Прыгун B6          → Team C / Базовый C4         @ (8,8,6)  (ранен)
  Team C / Артиллерия C2      → Team B / Прыгун B6          @ (7,8,6)  (УБИТ)
  Team C / Базовый C4         → Team B / Тишина B8          @ (8,7,6)  (ранен)
  Team C / Прыгун C6          → Team A / Факел A7           @ (2,5,3)  (ранен)
  Team C / Факел C7           → Team B / Радиовышка B3      @ (7,7,7)  (ранен)

--- Состояние команд после хода ---
  Team A: живых 9/11
    ✓ Крейсер A1         @ (2,2,3) hp=1/1
    ✓ Артиллерия A2      @ (0,2,0) hp=3/3
    ✓ Радиовышка A3      @ (2,6,2) hp=3/3
    ✓ Базовый A5         @ (2,8,1) hp=2/2
    ✓ Прыгун A6          @ (2,3,3) hp=2/2
    ✓ Факел A7           @ (2,5,3) hp=3/5
    ✓ Бурав A9           @ (0,7,1) hp=4/4
    ✓ Провокатор A10     @ (1,9,2) hp=2/2
    ✓ Паук A11           @ (2,4,3) hp=1/1
    ✗ Базовый A4         @ (2,8,2) [уничтожен]
    ✗ Тишина A8          @ (2,7,3) [уничтожен]
  Team B: живых 9/11
    ✓ Артиллерия B2      @ (9,7,9) hp=3/3
    ✓ Радиовышка B3      @ (7,7,7) hp=2/3
    ✓ Базовый B4         @ (7,5,7) hp=2/2
    ✓ Базовый B5         @ (8,4,6) hp=2/2
    ✓ Факел B7           @ (7,7,6) hp=3/5
    ✓ Тишина B8          @ (8,7,6) hp=1/2
    ✓ Бурав B9           @ (9,2,8) hp=4/4
    ✓ Провокатор B10     @ (8,3,6) hp=2/2
    ✓ Паук B11           @ (9,9,7) hp=1/1
    ✗ Крейсер B1         @ (7,8,7) [уничтожен]
    ✗ Прыгун B6          @ (7,8,6) [уничтожен]
  Team C: живых 6/11
    ✓ Артиллерия C2      @ (5,9,4) hp=3/3
    ✓ Радиовышка C3      @ (8,9,6) hp=3/3
    ✓ Базовый C4         @ (8,8,6) hp=1/2
    ✓ Базовый C5         @ (7,8,5) hp=2/2
    ✓ Бурав C9           @ (7,9,6) hp=1/4
    ✓ Провокатор C10     @ (9,8,6) hp=2/2
    ✗ Крейсер C1         @ (2,7,2) [уничтожен]
    ✗ Прыгун C6          @ (2,7,3) [уничтожен]
    ✗ Факел C7           @ (7,9,7) [уничтожен]
    ✗ Тишина C8          @ (7,8,6) [уничтожен]
    ✗ Паук C11           @ (2,8,3) [уничтожен]

======================================================================
ХОД 5
======================================================================
✓ 🎮 GM: начинаем ход
GM: start_turn

--- Решения ботов ---
  [Team A] Крейсер A1 (2,2,3) → MOVE (3,3,4)
  [Team A] Артиллерия A2 (0,2,0) → SHOOT at (5,9,4)
  [Team A] Радиовышка A3 (2,6,2) → MOVE (3,7,3)
  [Team A] Базовый A5 (2,8,1) → MOVE (3,9,2)
  [Team A] Прыгун A6 (2,3,3) → MOVE (3,4,4)
  [Team A] Факел A7 (2,5,3) → MOVE (3,6,4)
  [Team A] Бурав A9 (0,7,1) → MOVE (1,8,2)
  [Team A] Провокатор A10 (1,9,2) → MOVE (2,9,3)
  [Team A] Паук A11 (2,4,3) → MOVE (3,5,4)
  [Team B] Артиллерия B2 (9,7,9) → SHOOT at (8,8,6)
  [Team B] Радиовышка B3 (7,7,7) → MOVE (8,8,6)
  [Team B] Базовый B4 (7,5,7) → MOVE (8,6,6)
  [Team B] Базовый B5 (8,4,6) → SHOOT at (8,8,6)
  [Team B] Факел B7 (7,7,6) → SHOOT at (7,9,6)
  [Team B] Бурав B9 (9,2,8) → MOVE (8,3,7)
  [Team B] Провокатор B10 (8,3,6) → SHOOT at (8,8,6)
  [Team B] Паук B11 (9,9,7) → MOVE (8,9,6)
  [Team B] Тишина B8 → SKIP
  [Team C] Артиллерия C2 (5,9,4) → SHOOT at (7,7,6)
  [Team C] Радиовышка C3 (8,9,6) → MOVE (9,9,7)
  [Team C] Базовый C4 (8,8,6) → SHOOT at (8,7,6)
  [Team C] Базовый C5 (7,8,5) → MOVE (7,7,6)
  [Team C] Бурав C9 (7,9,6) → MOVE (7,8,7)
  [Team C] Провокатор C10 (9,8,6) → MOVE (8,7,6)
! 🎮 GM: принудительно завершает фазу планирования
GM: end_planning
# 
============================================================
# 🔄 ОБРАБОТКА ХОДА 5
# ============================================================

📦 ПЕРЕМЕЩЕНИЯ:
   Крейсер A1: (2, 2, 3) → (3,3,4)
   Радиовышка A3: (2, 6, 2) → (3,7,3)
   Базовый A5: (2, 8, 1) → (3,9,2)
   Прыгун A6: (2, 3, 3) → (3,4,4)
   Факел A7: (2, 5, 3) → (3,6,4)
!    ⚠️ Бурав A9: Бурав двигается только по одной оси
   Провокатор A10: (1, 9, 2) → (2,9,3)
   Паук A11: (2, 4, 3) → (3,5,4)
!    ⚠️ Радиовышка B3: клетка (8,8,6) занята
   Базовый B4: (7, 5, 7) → (8,6,6)
!    ⚠️ Бурав B9: Бурав двигается только по одной оси
!    ⚠️ Паук B11: клетка (8,9,6) занята
!    ⚠️ Радиовышка C3: клетка (9,9,7) занята
!    ⚠️ Базовый C5: клетка (7,7,6) занята
!    ⚠️ Бурав C9: Бурав двигается только по одной оси
!    ⚠️ Провокатор C10: клетка (8,7,6) занята

🎯 ВЫСТРЕЛЫ:
!    🛡️ Выстрел Базовый B5 заблокирован союзником Базовый B4 в (8, 6, 6)
!    🛡️ Выстрел Провокатор B10 заблокирован союзником Базовый B5 в (8, 4, 6)
✓    ✅ Артиллерия A2 поразил Артиллерия C2 (2 урона)!
✓    ✅ Артиллерия B2 поразил Базовый C4 (2 урона)!
✓    ✅ Факел B7 поразил Бурав C9 (1 урона)!
✓    ✅ Артиллерия C2 поразил Факел B7 (2 урона)!
✓    ✅ Базовый C4 поразил Тишина B8 (1 урона)!
   Выпущено ракет: 7
# 
📊 РЕЗУЛЬТАТЫ ХОДА 5:
✓ 💥 ПОПАДАНИЯ:
✓    Артиллерия A2 (Team A) → Артиллерия C2 (Team C)
✓    Артиллерия B2 (Team B) → Базовый C4 (Team C)
✓    Факел B7 (Team B) → Бурав C9 (Team C)
✓    Артиллерия C2 (Team C) → Факел B7 (Team B)
✓    Базовый C4 (Team C) → Тишина B8 (Team B)

--- Результаты хода ---
  Team A / Артиллерия A2      → Team C / Артиллерия C2      @ (5,9,4)  (ранен)
  Team B / Артиллерия B2      → Team C / Базовый C4         @ (8,8,6)  (УБИТ)
  Team B / Факел B7           → Team C / Бурав C9           @ (7,9,6)  (УБИТ)
  Team C / Артиллерия C2      → Team B / Факел B7           @ (7,7,6)  (ранен)
  Team C / Базовый C4         → Team B / Тишина B8          @ (8,7,6)  (УБИТ)

--- Состояние команд после хода ---
  Team A: живых 9/11
    ✓ Крейсер A1         @ (3,3,4) hp=1/1
    ✓ Артиллерия A2      @ (0,2,0) hp=3/3
    ✓ Радиовышка A3      @ (3,7,3) hp=3/3
    ✓ Базовый A5         @ (3,9,2) hp=2/2
    ✓ Прыгун A6          @ (3,4,4) hp=2/2
    ✓ Факел A7           @ (3,6,4) hp=3/5
    ✓ Бурав A9           @ (0,7,1) hp=4/4
    ✓ Провокатор A10     @ (2,9,3) hp=2/2
    ✓ Паук A11           @ (3,5,4) hp=1/1
    ✗ Базовый A4         @ (2,8,2) [уничтожен]
    ✗ Тишина A8          @ (2,7,3) [уничтожен]
  Team B: живых 8/11
    ✓ Артиллерия B2      @ (9,7,9) hp=3/3
    ✓ Радиовышка B3      @ (7,7,7) hp=2/3
    ✓ Базовый B4         @ (8,6,6) hp=2/2
    ✓ Базовый B5         @ (8,4,6) hp=2/2
    ✓ Факел B7           @ (7,7,6) hp=1/5
    ✓ Бурав B9           @ (9,2,8) hp=4/4
    ✓ Провокатор B10     @ (8,3,6) hp=2/2
    ✓ Паук B11           @ (9,9,7) hp=1/1
    ✗ Крейсер B1         @ (7,8,7) [уничтожен]
    ✗ Прыгун B6          @ (7,8,6) [уничтожен]
    ✗ Тишина B8          @ (8,7,6) [уничтожен]
  Team C: живых 4/11
    ✓ Артиллерия C2      @ (5,9,4) hp=1/3
    ✓ Радиовышка C3      @ (8,9,6) hp=3/3
    ✓ Базовый C5         @ (7,8,5) hp=2/2
    ✓ Провокатор C10     @ (9,8,6) hp=2/2
    ✗ Крейсер C1         @ (2,7,2) [уничтожен]
    ✗ Базовый C4         @ (8,8,6) [уничтожен]
    ✗ Прыгун C6          @ (2,7,3) [уничтожен]
    ✗ Факел C7           @ (7,9,7) [уничтожен]
    ✗ Тишина C8          @ (7,8,6) [уничтожен]
    ✗ Бурав C9           @ (7,9,6) [уничтожен]
    ✗ Паук C11           @ (2,8,3) [уничтожен]

======================================================================
ХОД 6
======================================================================
✓ 🎮 GM: начинаем ход
GM: start_turn

--- Решения ботов ---
  [Team A] Крейсер A1 (3,3,4) → MOVE (4,4,4)
  [Team A] Артиллерия A2 (0,2,0) → SHOOT at (5,9,4)
  [Team A] Радиовышка A3 (3,7,3) → MOVE (4,8,4)
  [Team A] Базовый A5 (3,9,2) → MOVE (4,9,3)
  [Team A] Прыгун A6 (3,4,4) → MOVE (4,5,4)
  [Team A] Факел A7 (3,6,4) → MOVE (4,7,4)
  [Team A] Бурав A9 (0,7,1) → MOVE (1,8,2)
  [Team A] Провокатор A10 (2,9,3) → MOVE (3,9,4)
  [Team A] Паук A11 (3,5,4) → MOVE (4,6,4)
  [Team B] Артиллерия B2 (9,7,9) → SHOOT at (9,8,6)
  [Team B] Радиовышка B3 (7,7,7) → MOVE (8,8,6)
  [Team B] Базовый B4 (8,6,6) → SHOOT at (8,9,6)
  [Team B] Базовый B5 (8,4,6) → SHOOT at (8,9,6)
  [Team B] Факел B7 (7,7,6) → MOVE (7,8,5)
  [Team B] Бурав B9 (9,2,8) → MOVE (8,3,7)
  [Team B] Провокатор B10 (8,3,6) → MOVE (7,4,5)
  [Team B] Паук B11 (9,9,7) → MOVE (8,9,6)
  [Team C] Артиллерия C2 (5,9,4) → SHOOT at (3,9,2)
  [Team C] Радиовышка C3 (8,9,6) → MOVE (9,9,7)
  [Team C] Базовый C5 (7,8,5) → MOVE (7,7,6)
  [Team C] Провокатор C10 (9,8,6) → MOVE (9,9,6)
! 🎮 GM: принудительно завершает фазу планирования
GM: end_planning
# 
============================================================
# 🔄 ОБРАБОТКА ХОДА 6
# ============================================================

📦 ПЕРЕМЕЩЕНИЯ:
   Крейсер A1: (3, 3, 4) → (4,4,4)
   Радиовышка A3: (3, 7, 3) → (4,8,4)
   Базовый A5: (3, 9, 2) → (4,9,3)
   Прыгун A6: (3, 4, 4) → (4,5,4)
   Факел A7: (3, 6, 4) → (4,7,4)
!    ⚠️ Бурав A9: Бурав двигается только по одной оси
   Провокатор A10: (2, 9, 3) → (3,9,4)
   Паук A11: (3, 5, 4) → (4,6,4)
   Радиовышка B3: (7, 7, 7) → (8,8,6)
!    ⚠️ Факел B7: клетка (7,8,5) занята
!    ⚠️ Бурав B9: Бурав двигается только по одной оси
   Провокатор B10: (8, 3, 6) → (7,4,5)
!    ⚠️ Паук B11: клетка (8,9,6) занята
!    ⚠️ Радиовышка C3: клетка (9,9,7) занята
!    ⚠️ Базовый C5: клетка (7,7,6) занята
   Провокатор C10: (9, 8, 6) → (9,9,6)

🎯 ВЫСТРЕЛЫ:
!    🛡️ Выстрел Базовый B4 заблокирован союзником Радиовышка B3 в (8, 8, 6)
!    🛡️ Выстрел Базовый B5 заблокирован союзником Базовый B4 в (8, 6, 6)
✓    ✅ Артиллерия A2 поразил Артиллерия C2 (2 урона)!
   Выпущено ракет: 5
# 
📊 РЕЗУЛЬТАТЫ ХОДА 6:
✓ 💥 ПОПАДАНИЯ:
✓    Артиллерия A2 (Team A) → Артиллерия C2 (Team C)

--- Результаты хода ---
  Team A / Артиллерия A2      → Team C / Артиллерия C2      @ (5,9,4)  (УБИТ)

--- Состояние команд после хода ---
  Team A: живых 9/11
    ✓ Крейсер A1         @ (4,4,4) hp=1/1
    ✓ Артиллерия A2      @ (0,2,0) hp=3/3
    ✓ Радиовышка A3      @ (4,8,4) hp=3/3
    ✓ Базовый A5         @ (4,9,3) hp=2/2
    ✓ Прыгун A6          @ (4,5,4) hp=2/2
    ✓ Факел A7           @ (4,7,4) hp=3/5
    ✓ Бурав A9           @ (0,7,1) hp=4/4
    ✓ Провокатор A10     @ (3,9,4) hp=2/2
    ✓ Паук A11           @ (4,6,4) hp=1/1
    ✗ Базовый A4         @ (2,8,2) [уничтожен]
    ✗ Тишина A8          @ (2,7,3) [уничтожен]
  Team B: живых 8/11
    ✓ Артиллерия B2      @ (9,7,9) hp=3/3
    ✓ Радиовышка B3      @ (8,8,6) hp=2/3
    ✓ Базовый B4         @ (8,6,6) hp=2/2
    ✓ Базовый B5         @ (8,4,6) hp=2/2
    ✓ Факел B7           @ (7,7,6) hp=1/5
    ✓ Бурав B9           @ (9,2,8) hp=4/4
    ✓ Провокатор B10     @ (7,4,5) hp=2/2
    ✓ Паук B11           @ (9,9,7) hp=1/1
    ✗ Крейсер B1         @ (7,8,7) [уничтожен]
    ✗ Прыгун B6          @ (7,8,6) [уничтожен]
    ✗ Тишина B8          @ (8,7,6) [уничтожен]
  Team C: живых 3/11
    ✓ Радиовышка C3      @ (8,9,6) hp=3/3
    ✓ Базовый C5         @ (7,8,5) hp=2/2
    ✓ Провокатор C10     @ (9,9,6) hp=2/2
    ✗ Крейсер C1         @ (2,7,2) [уничтожен]
    ✗ Артиллерия C2      @ (5,9,4) [уничтожен]
    ✗ Базовый C4         @ (8,8,6) [уничтожен]
    ✗ Прыгун C6          @ (2,7,3) [уничтожен]
    ✗ Факел C7           @ (7,9,7) [уничтожен]
    ✗ Тишина C8          @ (7,8,6) [уничтожен]
    ✗ Бурав C9           @ (7,9,6) [уничтожен]
    ✗ Паук C11           @ (2,8,3) [уничтожен]

======================================================================
ХОД 7
======================================================================
✓ 🎮 GM: начинаем ход
GM: start_turn

--- Решения ботов ---
  [Team A] Крейсер A1 (4,4,4) → MOVE (5,5,5)
  [Team A] Артиллерия A2 (0,2,0) → SHOOT at (7,7,6)
  [Team A] Радиовышка A3 (4,8,4) → MOVE (5,7,5)
  [Team A] Базовый A5 (4,9,3) → MOVE (5,8,4)
  [Team A] Прыгун A6 (4,5,4) → MOVE (5,6,5)
  [Team A] Факел A7 (4,7,4) → MOVE (5,7,4)
  [Team A] Бурав A9 (0,7,1) → MOVE (1,7,2)
  [Team A] Провокатор A10 (3,9,4) → MOVE (4,8,5)
  [Team A] Паук A11 (4,6,4) → MOVE (4,6,5)
  [Team B] Артиллерия B2 (9,7,9) → SHOOT at (9,9,6)
  [Team B] Радиовышка B3 (8,8,6) → MOVE (8,9,6)
  [Team B] Базовый B4 (8,6,6) → SHOOT at (8,9,6)
  [Team B] Базовый B5 (8,4,6) → SHOOT at (8,9,6)
  [Team B] Факел B7 (7,7,6) → MOVE (7,8,5)
  [Team B] Бурав B9 (9,2,8) → MOVE (8,3,7)
  [Team B] Провокатор B10 (7,4,5) → SHOOT at (7,8,5)
  [Team B] Паук B11 (9,9,7) → MOVE (9,9,6)
  [Team C] Радиовышка C3 (8,9,6) → MOVE (8,8,6)
  [Team C] Базовый C5 (7,8,5) → MOVE (7,8,6)
  [Team C] Провокатор C10 (9,9,6) → SHOOT at (9,9,7)
! 🎮 GM: принудительно завершает фазу планирования
GM: end_planning
# 
============================================================
# 🔄 ОБРАБОТКА ХОДА 7
# ============================================================

📦 ПЕРЕМЕЩЕНИЯ:
   Крейсер A1: (4, 4, 4) → (5,5,5)
   Радиовышка A3: (4, 8, 4) → (5,7,5)
   Базовый A5: (4, 9, 3) → (5,8,4)
   Прыгун A6: (4, 5, 4) → (5,6,5)
   Факел A7: (4, 7, 4) → (5,7,4)
!    ⚠️ Бурав A9: Бурав двигается только по одной оси
   Провокатор A10: (3, 9, 4) → (4,8,5)
   Паук A11: (4, 6, 4) → (4,6,5)
!    ⚠️ Радиовышка B3: клетка (8,9,6) занята
!    ⚠️ Факел B7: клетка (7,8,5) занята
!    ⚠️ Бурав B9: Бурав двигается только по одной оси
!    ⚠️ Паук B11: клетка (9,9,6) занята
!    ⚠️ Радиовышка C3: клетка (8,8,6) занята
   Базовый C5: (7, 8, 5) → (7,8,6)

🎯 ВЫСТРЕЛЫ:
!    🛡️ Выстрел Базовый B4 заблокирован союзником Радиовышка B3 в (8, 8, 6)
!    🛡️ Выстрел Базовый B5 заблокирован союзником Базовый B4 в (8, 6, 6)
✓    ✅ Артиллерия A2 поразил Факел B7 (2 урона)!
✓    ✅ Артиллерия B2 поразил Провокатор C10 (2 урона)!
✓    ✅ Провокатор C10 поразил Паук B11 (1 урона)!
   Выпущено ракет: 6
# 
📊 РЕЗУЛЬТАТЫ ХОДА 7:
✓ 💥 ПОПАДАНИЯ:
✓    Артиллерия A2 (Team A) → Факел B7 (Team B)
✓    Артиллерия B2 (Team B) → Провокатор C10 (Team C)
✓    Провокатор C10 (Team C) → Паук B11 (Team B)

--- Результаты хода ---
  Team A / Артиллерия A2      → Team B / Факел B7           @ (7,7,6)  (УБИТ)
  Team B / Артиллерия B2      → Team C / Провокатор C10     @ (9,9,6)  (УБИТ)
  Team C / Провокатор C10     → Team B / Паук B11           @ (9,9,7)  (УБИТ)

--- Состояние команд после хода ---
  Team A: живых 9/11
    ✓ Крейсер A1         @ (5,5,5) hp=1/1
    ✓ Артиллерия A2      @ (0,2,0) hp=3/3
    ✓ Радиовышка A3      @ (5,7,5) hp=3/3
    ✓ Базовый A5         @ (5,8,4) hp=2/2
    ✓ Прыгун A6          @ (5,6,5) hp=2/2
    ✓ Факел A7           @ (5,7,4) hp=3/5
    ✓ Бурав A9           @ (0,7,1) hp=4/4
    ✓ Провокатор A10     @ (4,8,5) hp=2/2
    ✓ Паук A11           @ (4,6,5) hp=1/1
    ✗ Базовый A4         @ (2,8,2) [уничтожен]
    ✗ Тишина A8          @ (2,7,3) [уничтожен]
  Team B: живых 6/11
    ✓ Артиллерия B2      @ (9,7,9) hp=3/3
    ✓ Радиовышка B3      @ (8,8,6) hp=2/3
    ✓ Базовый B4         @ (8,6,6) hp=2/2
    ✓ Базовый B5         @ (8,4,6) hp=2/2
    ✓ Бурав B9           @ (9,2,8) hp=4/4
    ✓ Провокатор B10     @ (7,4,5) hp=2/2
    ✗ Крейсер B1         @ (7,8,7) [уничтожен]
    ✗ Прыгун B6          @ (7,8,6) [уничтожен]
    ✗ Факел B7           @ (7,7,6) [уничтожен]
    ✗ Тишина B8          @ (8,7,6) [уничтожен]
    ✗ Паук B11           @ (9,9,7) [уничтожен]
  Team C: живых 2/11
    ✓ Радиовышка C3      @ (8,9,6) hp=3/3
    ✓ Базовый C5         @ (7,8,6) hp=2/2
    ✗ Крейсер C1         @ (2,7,2) [уничтожен]
    ✗ Артиллерия C2      @ (5,9,4) [уничтожен]
    ✗ Базовый C4         @ (8,8,6) [уничтожен]
    ✗ Прыгун C6          @ (2,7,3) [уничтожен]
    ✗ Факел C7           @ (7,9,7) [уничтожен]
    ✗ Тишина C8          @ (7,8,6) [уничтожен]
    ✗ Бурав C9           @ (7,9,6) [уничтожен]
    ✗ Провокатор C10     @ (9,9,6) [уничтожен]
    ✗ Паук C11           @ (2,8,3) [уничтожен]

======================================================================
ХОД 8
======================================================================
✓ 🎮 GM: начинаем ход
GM: start_turn

--- Решения ботов ---
  [Team A] Крейсер A1 (5,5,5) → MOVE (6,4,5)
  [Team A] Артиллерия A2 (0,2,0) → SHOOT at (7,4,5)
  [Team A] Радиовышка A3 (5,7,5) → MOVE (6,8,6)
  [Team A] Базовый A5 (5,8,4) → MOVE (6,8,5)
  [Team A] Прыгун A6 (5,6,5) → MOVE (6,5,5)
  [Team A] Факел A7 (5,7,4) → MOVE (6,7,5)
  [Team A] Бурав A9 (0,7,1) → MOVE (1,6,2)
  [Team A] Провокатор A10 (4,8,5) → MOVE (5,8,6)
  [Team A] Паук A11 (4,6,5) → MOVE (4,5,5)
  [Team B] Артиллерия B2 (9,7,9) → SHOOT at (8,9,6)
  [Team B] Радиовышка B3 (8,8,6) → MOVE (8,9,6)
  [Team B] Базовый B4 (8,6,6) → SHOOT at (8,9,6)
  [Team B] Базовый B5 (8,4,6) → SHOOT at (8,9,6)
  [Team B] Бурав B9 (9,2,8) → MOVE (8,3,7)
  [Team B] Провокатор B10 (7,4,5) → MOVE (6,5,5)
  [Team C] Радиовышка C3 (8,9,6) → MOVE (8,8,6)
  [Team C] Базовый C5 (7,8,6) → SHOOT at (8,8,6)
! 🎮 GM: принудительно завершает фазу планирования
GM: end_planning
# 
============================================================
# 🔄 ОБРАБОТКА ХОДА 8
# ============================================================

📦 ПЕРЕМЕЩЕНИЯ:
   Крейсер A1: (5, 5, 5) → (6,4,5)
   Радиовышка A3: (5, 7, 5) → (6,8,6)
   Базовый A5: (5, 8, 4) → (6,8,5)
   Прыгун A6: (5, 6, 5) → (6,5,5)
   Факел A7: (5, 7, 4) → (6,7,5)
!    ⚠️ Бурав A9: Бурав двигается только по одной оси
   Провокатор A10: (4, 8, 5) → (5,8,6)
   Паук A11: (4, 6, 5) → (4,5,5)
!    ⚠️ Радиовышка B3: клетка (8,9,6) занята
!    ⚠️ Бурав B9: Бурав двигается только по одной оси
!    ⚠️ Провокатор B10: клетка (6,5,5) занята
!    ⚠️ Радиовышка C3: клетка (8,8,6) занята

🎯 ВЫСТРЕЛЫ:
!    🛡️ Выстрел Базовый B4 заблокирован союзником Радиовышка B3 в (8, 8, 6)
!    🛡️ Выстрел Базовый B5 заблокирован союзником Базовый B4 в (8, 6, 6)
✓    ✅ Артиллерия A2 поразил Провокатор B10 (2 урона)!
✓    ✅ Артиллерия B2 поразил Радиовышка C3 (2 урона)!
✓    ✅ Базовый C5 поразил Радиовышка B3 (1 урона)!
   Выпущено ракет: 5
# 
📊 РЕЗУЛЬТАТЫ ХОДА 8:
✓ 💥 ПОПАДАНИЯ:
✓    Артиллерия A2 (Team A) → Провокатор B10 (Team B)
✓    Артиллерия B2 (Team B) → Радиовышка C3 (Team C)
✓    Базовый C5 (Team C) → Радиовышка B3 (Team B)

--- Результаты хода ---
  Team A / Артиллерия A2      → Team B / Провокатор B10     @ (7,4,5)  (УБИТ)
  Team B / Артиллерия B2      → Team C / Радиовышка C3      @ (8,9,6)  (ранен)
  Team C / Базовый C5         → Team B / Радиовышка B3      @ (8,8,6)  (ранен)

--- Состояние команд после хода ---
  Team A: живых 9/11
    ✓ Крейсер A1         @ (6,4,5) hp=1/1
    ✓ Артиллерия A2      @ (0,2,0) hp=3/3
    ✓ Радиовышка A3      @ (6,8,6) hp=3/3
    ✓ Базовый A5         @ (6,8,5) hp=2/2
    ✓ Прыгун A6          @ (6,5,5) hp=2/2
    ✓ Факел A7           @ (6,7,5) hp=3/5
    ✓ Бурав A9           @ (0,7,1) hp=4/4
    ✓ Провокатор A10     @ (5,8,6) hp=2/2
    ✓ Паук A11           @ (4,5,5) hp=1/1
    ✗ Базовый A4         @ (2,8,2) [уничтожен]
    ✗ Тишина A8          @ (2,7,3) [уничтожен]
  Team B: живых 5/11
    ✓ Артиллерия B2      @ (9,7,9) hp=3/3
    ✓ Радиовышка B3      @ (8,8,6) hp=1/3
    ✓ Базовый B4         @ (8,6,6) hp=2/2
    ✓ Базовый B5         @ (8,4,6) hp=2/2
    ✓ Бурав B9           @ (9,2,8) hp=4/4
    ✗ Крейсер B1         @ (7,8,7) [уничтожен]
    ✗ Прыгун B6          @ (7,8,6) [уничтожен]
    ✗ Факел B7           @ (7,7,6) [уничтожен]
    ✗ Тишина B8          @ (8,7,6) [уничтожен]
    ✗ Провокатор B10     @ (7,4,5) [уничтожен]
    ✗ Паук B11           @ (9,9,7) [уничтожен]
  Team C: живых 2/11
    ✓ Радиовышка C3      @ (8,9,6) hp=1/3
    ✓ Базовый C5         @ (7,8,6) hp=2/2
    ✗ Крейсер C1         @ (2,7,2) [уничтожен]
    ✗ Артиллерия C2      @ (5,9,4) [уничтожен]
    ✗ Базовый C4         @ (8,8,6) [уничтожен]
    ✗ Прыгун C6          @ (2,7,3) [уничтожен]
    ✗ Факел C7           @ (7,9,7) [уничтожен]
    ✗ Тишина C8          @ (7,8,6) [уничтожен]
    ✗ Бурав C9           @ (7,9,6) [уничтожен]
    ✗ Провокатор C10     @ (9,9,6) [уничтожен]
    ✗ Паук C11           @ (2,8,3) [уничтожен]

======================================================================
ХОД 9
======================================================================
✓ 🎮 GM: начинаем ход
GM: start_turn

--- Решения ботов ---
  [Team A] Крейсер A1 (6,4,5) → MOVE (7,5,6)
  [Team A] Артиллерия A2 (0,2,0) → SHOOT at (7,8,6)
  [Team A] Радиовышка A3 (6,8,6) → MOVE (7,8,6)
  [Team A] Базовый A5 (6,8,5) → MOVE (7,8,5)
  [Team A] Прыгун A6 (6,5,5) → MOVE (7,6,6)
  [Team A] Факел A7 (6,7,5) → MOVE (7,7,5)
  [Team A] Бурав A9 (0,7,1) → MOVE (1,8,2)
  [Team A] Провокатор A10 (5,8,6) → SHOOT at (7,8,6)
  [Team A] Паук A11 (4,5,5) → MOVE (5,6,6)
  [Team B] Артиллерия B2 (9,7,9) → SHOOT at (8,9,6)
  [Team B] Радиовышка B3 (8,8,6) → MOVE (8,9,6)
  [Team B] Базовый B4 (8,6,6) → SHOOT at (8,9,6)
  [Team B] Базовый B5 (8,4,6) → SHOOT at (8,9,6)
  [Team B] Бурав B9 (9,2,8) → MOVE (8,3,7)
  [Team C] Радиовышка C3 (8,9,6) → MOVE (8,8,6)
  [Team C] Базовый C5 (7,8,6) → SHOOT at (8,8,6)
! 🎮 GM: принудительно завершает фазу планирования
GM: end_planning
# 
============================================================
# 🔄 ОБРАБОТКА ХОДА 9
# ============================================================

📦 ПЕРЕМЕЩЕНИЯ:
   Крейсер A1: (6, 4, 5) → (7,5,6)
!    ⚠️ Радиовышка A3: клетка (7,8,6) занята
   Базовый A5: (6, 8, 5) → (7,8,5)
   Прыгун A6: (6, 5, 5) → (7,6,6)
   Факел A7: (6, 7, 5) → (7,7,5)
!    ⚠️ Бурав A9: Бурав двигается только по одной оси
   Паук A11: (4, 5, 5) → (5,6,6)
!    ⚠️ Радиовышка B3: клетка (8,9,6) занята
!    ⚠️ Бурав B9: Бурав двигается только по одной оси
!    ⚠️ Радиовышка C3: клетка (8,8,6) занята

🎯 ВЫСТРЕЛЫ:
!    🛡️ Выстрел Провокатор A10 заблокирован союзником Радиовышка A3 в (6, 8, 6)
!    🛡️ Выстрел Базовый B4 заблокирован союзником Радиовышка B3 в (8, 8, 6)
!    🛡️ Выстрел Базовый B5 заблокирован союзником Базовый B4 в (8, 6, 6)
✓    ✅ Артиллерия A2 поразил Базовый C5 (2 урона)!
✓    ✅ Артиллерия B2 поразил Радиовышка C3 (2 урона)!
✓    ✅ Базовый C5 поразил Радиовышка B3 (1 урона)!
   Выпущено ракет: 6
# 
📊 РЕЗУЛЬТАТЫ ХОДА 9:
✓ 💥 ПОПАДАНИЯ:
✓    Артиллерия A2 (Team A) → Базовый C5 (Team C)
✓    Артиллерия B2 (Team B) → Радиовышка C3 (Team C)
✓    Базовый C5 (Team C) → Радиовышка B3 (Team B)

--- Результаты хода ---
  Team A / Артиллерия A2      → Team C / Базовый C5         @ (7,8,6)  (УБИТ)
  Team B / Артиллерия B2      → Team C / Радиовышка C3      @ (8,9,6)  (УБИТ)
  Team C / Базовый C5         → Team B / Радиовышка B3      @ (8,8,6)  (УБИТ)

--- Состояние команд после хода ---
  Team A: живых 9/11
    ✓ Крейсер A1         @ (7,5,6) hp=1/1
    ✓ Артиллерия A2      @ (0,2,0) hp=3/3
    ✓ Радиовышка A3      @ (6,8,6) hp=3/3
    ✓ Базовый A5         @ (7,8,5) hp=2/2
    ✓ Прыгун A6          @ (7,6,6) hp=2/2
    ✓ Факел A7           @ (7,7,5) hp=3/5
    ✓ Бурав A9           @ (0,7,1) hp=4/4
    ✓ Провокатор A10     @ (5,8,6) hp=2/2
    ✓ Паук A11           @ (5,6,6) hp=1/1
    ✗ Базовый A4         @ (2,8,2) [уничтожен]
    ✗ Тишина A8          @ (2,7,3) [уничтожен]
  Team B: живых 4/11
    ✓ Артиллерия B2      @ (9,7,9) hp=3/3
    ✓ Базовый B4         @ (8,6,6) hp=2/2
    ✓ Базовый B5         @ (8,4,6) hp=2/2
    ✓ Бурав B9           @ (9,2,8) hp=4/4
    ✗ Крейсер B1         @ (7,8,7) [уничтожен]
    ✗ Радиовышка B3      @ (8,8,6) [уничтожен]
    ✗ Прыгун B6          @ (7,8,6) [уничтожен]
    ✗ Факел B7           @ (7,7,6) [уничтожен]
    ✗ Тишина B8          @ (8,7,6) [уничтожен]
    ✗ Провокатор B10     @ (7,4,5) [уничтожен]
    ✗ Паук B11           @ (9,9,7) [уничтожен]
  Team C: живых 0/11
    ✗ Крейсер C1         @ (2,7,2) [уничтожен]
    ✗ Артиллерия C2      @ (5,9,4) [уничтожен]
    ✗ Радиовышка C3      @ (8,9,6) [уничтожен]
    ✗ Базовый C4         @ (8,8,6) [уничтожен]
    ✗ Базовый C5         @ (7,8,6) [уничтожен]
    ✗ Прыгун C6          @ (2,7,3) [уничтожен]
    ✗ Факел C7           @ (7,9,7) [уничтожен]
    ✗ Тишина C8          @ (7,8,6) [уничтожен]
    ✗ Бурав C9           @ (7,9,6) [уничтожен]
    ✗ Провокатор C10     @ (9,9,6) [уничтожен]
    ✗ Паук C11           @ (2,8,3) [уничтожен]

======================================================================
ХОД 10
======================================================================
✓ 🎮 GM: начинаем ход
GM: start_turn

--- Решения ботов ---
  [Team A] Крейсер A1 (7,5,6) → MOVE (8,6,6)
  [Team A] Артиллерия A2 (0,2,0) → SHOOT at (8,6,6)
  [Team A] Радиовышка A3 (6,8,6) → MOVE (7,7,6)
  [Team A] Базовый A5 (7,8,5) → MOVE (8,7,6)
  [Team A] Прыгун A6 (7,6,6) → SHOOT at (8,6,6)
  [Team A] Факел A7 (7,7,5) → MOVE (8,7,5)
  [Team A] Бурав A9 (0,7,1) → MOVE (1,6,2)
  [Team A] Провокатор A10 (5,8,6) → MOVE (6,7,6)
  [Team A] Паук A11 (5,6,6) → MOVE (6,6,6)
  [Team B] Артиллерия B2 (9,7,9) → SHOOT at (6,8,6)
  [Team B] Базовый B4 (8,6,6) → SHOOT at (7,6,6)
  [Team B] Базовый B5 (8,4,6) → MOVE (7,5,6)
  [Team B] Бурав B9 (9,2,8) → MOVE (8,3,7)
  [Team C] все корабли пропускают ход
! 🎮 GM: принудительно завершает фазу планирования
GM: end_planning
# 
============================================================
# 🔄 ОБРАБОТКА ХОДА 10
# ============================================================

📦 ПЕРЕМЕЩЕНИЯ:
!    ⚠️ Крейсер A1: клетка (8,6,6) занята
   Радиовышка A3: (6, 8, 6) → (7,7,6)
   Базовый A5: (7, 8, 5) → (8,7,6)
   Факел A7: (7, 7, 5) → (8,7,5)
!    ⚠️ Бурав A9: Бурав двигается только по одной оси
   Провокатор A10: (5, 8, 6) → (6,7,6)
   Паук A11: (5, 6, 6) → (6,6,6)
!    ⚠️ Базовый B5: клетка (7,5,6) занята
!    ⚠️ Бурав B9: Бурав двигается только по одной оси

🎯 ВЫСТРЕЛЫ:
✓    ✅ Артиллерия A2 поразил Базовый B4 (2 урона)!
   💀 Прыгун A6 добивает Базовый B4
✓    ✅ Прыгун A6 поразил Базовый B4 (1 урона)!
✓    ✅ Базовый B4 поразил Прыгун A6 (1 урона)!
   Выпущено ракет: 4
# 
📊 РЕЗУЛЬТАТЫ ХОДА 10:
✓ 💥 ПОПАДАНИЯ:
✓    Артиллерия A2 (Team A) → Базовый B4 (Team B)
✓    Прыгун A6 (Team A) → Базовый B4 (Team B)
✓    Базовый B4 (Team B) → Прыгун A6 (Team A)

--- Результаты хода ---
  Team A / Артиллерия A2      → Team B / Базовый B4         @ (8,6,6)  (УБИТ)
  Team A / Прыгун A6          → Team B / Базовый B4         @ (8,6,6)  (ранен)
  Team B / Базовый B4         → Team A / Прыгун A6          @ (7,6,6)  (ранен)

--- Состояние команд после хода ---
  Team A: живых 9/11
    ✓ Крейсер A1         @ (7,5,6) hp=1/1
    ✓ Артиллерия A2      @ (0,2,0) hp=3/3
    ✓ Радиовышка A3      @ (7,7,6) hp=3/3
    ✓ Базовый A5         @ (8,7,6) hp=2/2
    ✓ Прыгун A6          @ (7,6,6) hp=1/2
    ✓ Факел A7           @ (8,7,5) hp=3/5
    ✓ Бурав A9           @ (0,7,1) hp=4/4
    ✓ Провокатор A10     @ (6,7,6) hp=2/2
    ✓ Паук A11           @ (6,6,6) hp=1/1
    ✗ Базовый A4         @ (2,8,2) [уничтожен]
    ✗ Тишина A8          @ (2,7,3) [уничтожен]
  Team B: живых 3/11
    ✓ Артиллерия B2      @ (9,7,9) hp=3/3
    ✓ Базовый B5         @ (8,4,6) hp=2/2
    ✓ Бурав B9           @ (9,2,8) hp=4/4
    ✗ Крейсер B1         @ (7,8,7) [уничтожен]
    ✗ Радиовышка B3      @ (8,8,6) [уничтожен]
    ✗ Базовый B4         @ (8,6,6) [уничтожен]
    ✗ Прыгун B6          @ (7,8,6) [уничтожен]
    ✗ Факел B7           @ (7,7,6) [уничтожен]
    ✗ Тишина B8          @ (8,7,6) [уничтожен]
    ✗ Провокатор B10     @ (7,4,5) [уничтожен]
    ✗ Паук B11           @ (9,9,7) [уничтожен]
  Team C: живых 0/11
    ✗ Крейсер C1         @ (2,7,2) [уничтожен]
    ✗ Артиллерия C2      @ (5,9,4) [уничтожен]
    ✗ Радиовышка C3      @ (8,9,6) [уничтожен]
    ✗ Базовый C4         @ (8,8,6) [уничтожен]
    ✗ Базовый C5         @ (7,8,6) [уничтожен]
    ✗ Прыгун C6          @ (2,7,3) [уничтожен]
    ✗ Факел C7           @ (7,9,7) [уничтожен]
    ✗ Тишина C8          @ (7,8,6) [уничтожен]
    ✗ Бурав C9           @ (7,9,6) [уничтожен]
    ✗ Провокатор C10     @ (9,9,6) [уничтожен]
    ✗ Паук C11           @ (2,8,3) [уничтожен]

======================================================================
ХОД 11
======================================================================
✓ 🎮 GM: начинаем ход
GM: start_turn

--- Решения ботов ---
  [Team A] Крейсер A1 (7,5,6) → MOVE (8,4,6)
  [Team A] Артиллерия A2 (0,2,0) → SHOOT at (8,4,6)
  [Team A] Радиовышка A3 (7,7,6) → MOVE (8,7,7)
  [Team A] Базовый A5 (8,7,6) → SHOOT at (8,4,6)
  [Team A] Прыгун A6 (7,6,6) → MOVE (8,5,6)
  [Team A] Факел A7 (8,7,5) → MOVE (8,6,6)
  [Team A] Бурав A9 (0,7,1) → MOVE (1,6,2)
  [Team A] Провокатор A10 (6,7,6) → MOVE (7,7,7)
  [Team A] Паук A11 (6,6,6) → MOVE (6,5,6)
  [Team B] Артиллерия B2 (9,7,9) → SHOOT at (7,6,6)
  [Team B] Базовый B5 (8,4,6) → SHOOT at (8,7,6)
  [Team B] Бурав B9 (9,2,8) → MOVE (8,3,7)
  [Team C] все корабли пропускают ход
! 🎮 GM: принудительно завершает фазу планирования
GM: end_planning
# 
============================================================
# 🔄 ОБРАБОТКА ХОДА 11
# ============================================================

📦 ПЕРЕМЕЩЕНИЯ:
!    ⚠️ Крейсер A1: клетка (8,4,6) занята
   Радиовышка A3: (7, 7, 6) → (8,7,7)
   Прыгун A6: (7, 6, 6) → (8,5,6)
   Факел A7: (8, 7, 5) → (8,6,6)
!    ⚠️ Бурав A9: Бурав двигается только по одной оси
   Провокатор A10: (6, 7, 6) → (7,7,7)
   Паук A11: (6, 6, 6) → (6,5,6)
!    ⚠️ Бурав B9: Бурав двигается только по одной оси

🎯 ВЫСТРЕЛЫ:
!    🛡️ Выстрел Базовый A5 заблокирован союзником Факел A7 в (8, 6, 6)
✓    ✅ Артиллерия A2 поразил Базовый B5 (2 урона)!
✓    ✅ Базовый B5 поразил Прыгун A6 (1 урона)!
   Выпущено ракет: 4
# 
📊 РЕЗУЛЬТАТЫ ХОДА 11:
✓ 💥 ПОПАДАНИЯ:
✓    Артиллерия A2 (Team A) → Базовый B5 (Team B)
✓    Базовый B5 (Team B) → Прыгун A6 (Team A)

--- Результаты хода ---
  Team A / Артиллерия A2      → Team B / Базовый B5         @ (8,4,6)  (УБИТ)
  Team B / Базовый B5         → Team A / Прыгун A6          @ (8,5,6)  (УБИТ)

--- Состояние команд после хода ---
  Team A: живых 8/11
    ✓ Крейсер A1         @ (7,5,6) hp=1/1
    ✓ Артиллерия A2      @ (0,2,0) hp=3/3
    ✓ Радиовышка A3      @ (8,7,7) hp=3/3
    ✓ Базовый A5         @ (8,7,6) hp=2/2
    ✓ Факел A7           @ (8,6,6) hp=3/5
    ✓ Бурав A9           @ (0,7,1) hp=4/4
    ✓ Провокатор A10     @ (7,7,7) hp=2/2
    ✓ Паук A11           @ (6,5,6) hp=1/1
    ✗ Базовый A4         @ (2,8,2) [уничтожен]
    ✗ Прыгун A6          @ (8,5,6) [уничтожен]
    ✗ Тишина A8          @ (2,7,3) [уничтожен]
  Team B: живых 2/11
    ✓ Артиллерия B2      @ (9,7,9) hp=3/3
    ✓ Бурав B9           @ (9,2,8) hp=4/4
    ✗ Крейсер B1         @ (7,8,7) [уничтожен]
    ✗ Радиовышка B3      @ (8,8,6) [уничтожен]
    ✗ Базовый B4         @ (8,6,6) [уничтожен]
    ✗ Базовый B5         @ (8,4,6) [уничтожен]
    ✗ Прыгун B6          @ (7,8,6) [уничтожен]
    ✗ Факел B7           @ (7,7,6) [уничтожен]
    ✗ Тишина B8          @ (8,7,6) [уничтожен]
    ✗ Провокатор B10     @ (7,4,5) [уничтожен]
    ✗ Паук B11           @ (9,9,7) [уничтожен]
  Team C: живых 0/11
    ✗ Крейсер C1         @ (2,7,2) [уничтожен]
    ✗ Артиллерия C2      @ (5,9,4) [уничтожен]
    ✗ Радиовышка C3      @ (8,9,6) [уничтожен]
    ✗ Базовый C4         @ (8,8,6) [уничтожен]
    ✗ Базовый C5         @ (7,8,6) [уничтожен]
    ✗ Прыгун C6          @ (2,7,3) [уничтожен]
    ✗ Факел C7           @ (7,9,7) [уничтожен]
    ✗ Тишина C8          @ (7,8,6) [уничтожен]
    ✗ Бурав C9           @ (7,9,6) [уничтожен]
    ✗ Провокатор C10     @ (9,9,6) [уничтожен]
    ✗ Паук C11           @ (2,8,3) [уничтожен]

======================================================================
ХОД 12
======================================================================
✓ 🎮 GM: начинаем ход
GM: start_turn

--- Решения ботов ---
  [Team A] Крейсер A1 (7,5,6) → MOVE (8,6,7)
  [Team A] Артиллерия A2 (0,2,0) → SHOOT at (9,2,8)
  [Team A] Радиовышка A3 (8,7,7) → MOVE (9,7,8)
  [Team A] Базовый A5 (8,7,6) → MOVE (9,7,7)
  [Team A] Факел A7 (8,6,6) → MOVE (9,6,6)
  [Team A] Бурав A9 (0,7,1) → MOVE (1,7,2)
  [Team A] Провокатор A10 (7,7,7) → MOVE (8,7,8)
  [Team A] Паук A11 (6,5,6) → MOVE (7,6,7)
  [Team B] Артиллерия B2 (9,7,9) → SHOOT at (8,7,7)
  [Team B] Бурав B9 (9,2,8) → MOVE (8,3,7)
  [Team C] все корабли пропускают ход
! 🎮 GM: принудительно завершает фазу планирования
GM: end_planning
# 
============================================================
# 🔄 ОБРАБОТКА ХОДА 12
# ============================================================

📦 ПЕРЕМЕЩЕНИЯ:
   Крейсер A1: (7, 5, 6) → (8,6,7)
   Радиовышка A3: (8, 7, 7) → (9,7,8)
   Базовый A5: (8, 7, 6) → (9,7,7)
   Факел A7: (8, 6, 6) → (9,6,6)
!    ⚠️ Бурав A9: Бурав двигается только по одной оси
   Провокатор A10: (7, 7, 7) → (8,7,8)
   Паук A11: (6, 5, 6) → (7,6,7)
!    ⚠️ Бурав B9: Бурав двигается только по одной оси

🎯 ВЫСТРЕЛЫ:
✓    ✅ Артиллерия A2 поразил Бурав B9 (2 урона)!
   Выпущено ракет: 2
# 
📊 РЕЗУЛЬТАТЫ ХОДА 12:
✓ 💥 ПОПАДАНИЯ:
✓    Артиллерия A2 (Team A) → Бурав B9 (Team B)

--- Результаты хода ---
  Team A / Артиллерия A2      → Team B / Бурав B9           @ (9,2,8)  (ранен)

--- Состояние команд после хода ---
  Team A: живых 8/11
    ✓ Крейсер A1         @ (8,6,7) hp=1/1
    ✓ Артиллерия A2      @ (0,2,0) hp=3/3
    ✓ Радиовышка A3      @ (9,7,8) hp=3/3
    ✓ Базовый A5         @ (9,7,7) hp=2/2
    ✓ Факел A7           @ (9,6,6) hp=3/5
    ✓ Бурав A9           @ (0,7,1) hp=4/4
    ✓ Провокатор A10     @ (8,7,8) hp=2/2
    ✓ Паук A11           @ (7,6,7) hp=1/1
    ✗ Базовый A4         @ (2,8,2) [уничтожен]
    ✗ Прыгун A6          @ (8,5,6) [уничтожен]
    ✗ Тишина A8          @ (2,7,3) [уничтожен]
  Team B: живых 2/11
    ✓ Артиллерия B2      @ (9,7,9) hp=3/3
    ✓ Бурав B9           @ (9,2,8) hp=2/4
    ✗ Крейсер B1         @ (7,8,7) [уничтожен]
    ✗ Радиовышка B3      @ (8,8,6) [уничтожен]
    ✗ Базовый B4         @ (8,6,6) [уничтожен]
    ✗ Базовый B5         @ (8,4,6) [уничтожен]
    ✗ Прыгун B6          @ (7,8,6) [уничтожен]
    ✗ Факел B7           @ (7,7,6) [уничтожен]
    ✗ Тишина B8          @ (8,7,6) [уничтожен]
    ✗ Провокатор B10     @ (7,4,5) [уничтожен]
    ✗ Паук B11           @ (9,9,7) [уничтожен]
  Team C: живых 0/11
    ✗ Крейсер C1         @ (2,7,2) [уничтожен]
    ✗ Артиллерия C2      @ (5,9,4) [уничтожен]
    ✗ Радиовышка C3      @ (8,9,6) [уничтожен]
    ✗ Базовый C4         @ (8,8,6) [уничтожен]
    ✗ Базовый C5         @ (7,8,6) [уничтожен]
    ✗ Прыгун C6          @ (2,7,3) [уничтожен]
    ✗ Факел C7           @ (7,9,7) [уничтожен]
    ✗ Тишина C8          @ (7,8,6) [уничтожен]
    ✗ Бурав C9           @ (7,9,6) [уничтожен]
    ✗ Провокатор C10     @ (9,9,6) [уничтожен]
    ✗ Паук C11           @ (2,8,3) [уничтожен]

======================================================================
ХОД 13
======================================================================
✓ 🎮 GM: начинаем ход
GM: start_turn

--- Решения ботов ---
  [Team A] Крейсер A1 (8,6,7) → MOVE (9,6,7)
  [Team A] Артиллерия A2 (0,2,0) → SHOOT at (9,2,8)
  [Team A] Радиовышка A3 (9,7,8) → MOVE (9,7,9)
  [Team A] Базовый A5 (9,7,7) → SHOOT at (9,7,9)
  [Team A] Факел A7 (9,6,6) → MOVE (9,7,6)
  [Team A] Бурав A9 (0,7,1) → MOVE (1,7,2)
  [Team A] Провокатор A10 (8,7,8) → MOVE (8,7,9)
  [Team A] Паук A11 (7,6,7) → MOVE (8,7,7)
  [Team B] Артиллерия B2 (9,7,9) → SHOOT at (8,7,8)
  [Team B] Бурав B9 (9,2,8) → MOVE (8,3,7)
  [Team C] все корабли пропускают ход
! 🎮 GM: принудительно завершает фазу планирования
GM: end_planning
# 
============================================================
# 🔄 ОБРАБОТКА ХОДА 13
# ============================================================

📦 ПЕРЕМЕЩЕНИЯ:
   Крейсер A1: (8, 6, 7) → (9,6,7)
!    ⚠️ Радиовышка A3: клетка (9,7,9) занята
   Факел A7: (9, 6, 6) → (9,7,6)
!    ⚠️ Бурав A9: Бурав двигается только по одной оси
   Провокатор A10: (8, 7, 8) → (8,7,9)
   Паук A11: (7, 6, 7) → (8,7,7)
!    ⚠️ Бурав B9: Бурав двигается только по одной оси

🎯 ВЫСТРЕЛЫ:
!    🛡️ Выстрел Базовый A5 заблокирован союзником Радиовышка A3 в (9, 7, 8)
✓    ✅ Артиллерия A2 поразил Бурав B9 (2 урона)!
   Выпущено ракет: 3
# 
📊 РЕЗУЛЬТАТЫ ХОДА 13:
✓ 💥 ПОПАДАНИЯ:
✓    Артиллерия A2 (Team A) → Бурав B9 (Team B)

--- Результаты хода ---
  Team A / Артиллерия A2      → Team B / Бурав B9           @ (9,2,8)  (УБИТ)

--- Состояние команд после хода ---
  Team A: живых 8/11
    ✓ Крейсер A1         @ (9,6,7) hp=1/1
    ✓ Артиллерия A2      @ (0,2,0) hp=3/3
    ✓ Радиовышка A3      @ (9,7,8) hp=3/3
    ✓ Базовый A5         @ (9,7,7) hp=2/2
    ✓ Факел A7           @ (9,7,6) hp=3/5
    ✓ Бурав A9           @ (0,7,1) hp=4/4
    ✓ Провокатор A10     @ (8,7,9) hp=2/2
    ✓ Паук A11           @ (8,7,7) hp=1/1
    ✗ Базовый A4         @ (2,8,2) [уничтожен]
    ✗ Прыгун A6          @ (8,5,6) [уничтожен]
    ✗ Тишина A8          @ (2,7,3) [уничтожен]
  Team B: живых 1/11
    ✓ Артиллерия B2      @ (9,7,9) hp=3/3
    ✗ Крейсер B1         @ (7,8,7) [уничтожен]
    ✗ Радиовышка B3      @ (8,8,6) [уничтожен]
    ✗ Базовый B4         @ (8,6,6) [уничтожен]
    ✗ Базовый B5         @ (8,4,6) [уничтожен]
    ✗ Прыгун B6          @ (7,8,6) [уничтожен]
    ✗ Факел B7           @ (7,7,6) [уничтожен]
    ✗ Тишина B8          @ (8,7,6) [уничтожен]
    ✗ Бурав B9           @ (9,2,8) [уничтожен]
    ✗ Провокатор B10     @ (7,4,5) [уничтожен]
    ✗ Паук B11           @ (9,9,7) [уничтожен]
  Team C: живых 0/11
    ✗ Крейсер C1         @ (2,7,2) [уничтожен]
    ✗ Артиллерия C2      @ (5,9,4) [уничтожен]
    ✗ Радиовышка C3      @ (8,9,6) [уничтожен]
    ✗ Базовый C4         @ (8,8,6) [уничтожен]
    ✗ Базовый C5         @ (7,8,6) [уничтожен]
    ✗ Прыгун C6          @ (2,7,3) [уничтожен]
    ✗ Факел C7           @ (7,9,7) [уничтожен]
    ✗ Тишина C8          @ (7,8,6) [уничтожен]
    ✗ Бурав C9           @ (7,9,6) [уничтожен]
    ✗ Провокатор C10     @ (9,9,6) [уничтожен]
    ✗ Паук C11           @ (2,8,3) [уничтожен]

======================================================================
ХОД 14
======================================================================
✓ 🎮 GM: начинаем ход
GM: start_turn

--- Решения ботов ---
  [Team A] Крейсер A1 (9,6,7) → MOVE (9,6,8)
  [Team A] Артиллерия A2 (0,2,0) → SHOOT at (9,7,9)
  [Team A] Радиовышка A3 (9,7,8) → MOVE (9,7,9)
  [Team A] Базовый A5 (9,7,7) → SHOOT at (9,7,9)
  [Team A] Факел A7 (9,7,6) → SHOOT at (9,7,9)
  [Team A] Бурав A9 (0,7,1) → MOVE (1,7,2)
  [Team A] Провокатор A10 (8,7,9) → SHOOT at (9,7,9)
  [Team A] Паук A11 (8,7,7) → MOVE (8,7,8)
  [Team B] Артиллерия B2 (9,7,9) → SHOOT at (8,7,9)
  [Team C] все корабли пропускают ход
! 🎮 GM: принудительно завершает фазу планирования
GM: end_planning
# 
============================================================
# 🔄 ОБРАБОТКА ХОДА 14
# ============================================================

📦 ПЕРЕМЕЩЕНИЯ:
   Крейсер A1: (9, 6, 7) → (9,6,8)
!    ⚠️ Радиовышка A3: клетка (9,7,9) занята
!    ⚠️ Бурав A9: Бурав двигается только по одной оси
   Паук A11: (8, 7, 7) → (8,7,8)

🎯 ВЫСТРЕЛЫ:
!    🛡️ Выстрел Базовый A5 заблокирован союзником Радиовышка A3 в (9, 7, 8)
!    🛡️ Выстрел Факел A7 заблокирован союзником Базовый A5 в (9, 7, 7)
✓    ✅ Артиллерия A2 поразил Артиллерия B2 (2 урона)!
✓    ✅ Провокатор A10 поразил Артиллерия B2 (1 урона)!
✓    ✅ Артиллерия B2 поразил Провокатор A10 (2 урона)!
   Выпущено ракет: 5
# 
📊 РЕЗУЛЬТАТЫ ХОДА 14:
✓ 💥 ПОПАДАНИЯ:
✓    Артиллерия A2 (Team A) → Артиллерия B2 (Team B)
✓    Провокатор A10 (Team A) → Артиллерия B2 (Team B)
✓    Артиллерия B2 (Team B) → Провокатор A10 (Team A)
# 
🎮🎮🎮🎮🎮🎮🎮🎮🎮🎮🎮🎮🎮🎮🎮🎮🎮🎮🎮🎮
#         ИГРА ОКОНЧЕНА!
# 🎮🎮🎮🎮🎮🎮🎮🎮🎮🎮🎮🎮🎮🎮🎮🎮🎮🎮🎮🎮
✓         🏆 ПОБЕДИТЕЛЬ: Team A

--- Результаты хода ---
  Team A / Артиллерия A2      → Team B / Артиллерия B2      @ (9,7,9)  (ранен)
  Team A / Провокатор A10     → Team B / Артиллерия B2      @ (9,7,9)  (УБИТ)
  Team B / Артиллерия B2      → Team A / Провокатор A10     @ (8,7,9)  (УБИТ)

--- Состояние команд после хода ---
  Team A: живых 7/11
    ✓ Крейсер A1         @ (9,6,8) hp=1/1
    ✓ Артиллерия A2      @ (0,2,0) hp=3/3
    ✓ Радиовышка A3      @ (9,7,8) hp=3/3
    ✓ Базовый A5         @ (9,7,7) hp=2/2
    ✓ Факел A7           @ (9,7,6) hp=3/5
    ✓ Бурав A9           @ (0,7,1) hp=4/4
    ✓ Паук A11           @ (8,7,8) hp=1/1
    ✗ Базовый A4         @ (2,8,2) [уничтожен]
    ✗ Прыгун A6          @ (8,5,6) [уничтожен]
    ✗ Тишина A8          @ (2,7,3) [уничтожен]
    ✗ Провокатор A10     @ (8,7,9) [уничтожен]
  Team B: живых 0/11
    ✗ Крейсер B1         @ (7,8,7) [уничтожен]
    ✗ Артиллерия B2      @ (9,7,9) [уничтожен]
    ✗ Радиовышка B3      @ (8,8,6) [уничтожен]
    ✗ Базовый B4         @ (8,6,6) [уничтожен]
    ✗ Базовый B5         @ (8,4,6) [уничтожен]
    ✗ Прыгун B6          @ (7,8,6) [уничтожен]
    ✗ Факел B7           @ (7,7,6) [уничтожен]
    ✗ Тишина B8          @ (8,7,6) [уничтожен]
    ✗ Бурав B9           @ (9,2,8) [уничтожен]
    ✗ Провокатор B10     @ (7,4,5) [уничтожен]
    ✗ Паук B11           @ (9,9,7) [уничтожен]
  Team C: живых 0/11
    ✗ Крейсер C1         @ (2,7,2) [уничтожен]
    ✗ Артиллерия C2      @ (5,9,4) [уничтожен]
    ✗ Радиовышка C3      @ (8,9,6) [уничтожен]
    ✗ Базовый C4         @ (8,8,6) [уничтожен]
    ✗ Базовый C5         @ (7,8,6) [уничтожен]
    ✗ Прыгун C6          @ (2,7,3) [уничтожен]
    ✗ Факел C7           @ (7,9,7) [уничтожен]
    ✗ Тишина C8          @ (7,8,6) [уничтожен]
    ✗ Бурав C9           @ (7,9,6) [уничтожен]
    ✗ Провокатор C10     @ (9,9,6) [уничтожен]
    ✗ Паук C11           @ (2,8,3) [уничтожен]

======================================================================
ИТОГ
======================================================================
Игра окончена. Победитель: Team A
Ходов сыграно: 14

--- Сводка по командам ---
  Team A: 7/11 живых кораблей
  Team B: 0/11 живых кораблей
  Team C: 0/11 живых кораблей

--- Сводка по попаданиям ---
  Всего попаданий: 48
  Уничтожено кораблей: 26
  Попаданий от Team A: 18
  Попаданий от Team B: 15
  Попаданий от Team C: 15
! 🎮 GM: остановка игры
