======================================================================
Space Battle 10×10×10 — simulation run at 2026-04-20T13:31:54+00:00
Game mode: advanced
Seed: 111
✓ 🚀 Продвинутый режим: создаю разные типы кораблей
   Команда A: спавн вдоль оси X от (3, 5, 7) до (2, 5, 7)
   Команда B: спавн вдоль оси X от (6, 2, 7) до (0, 2, 7)
   Команда C: спавн вдоль оси Y от (3, 7, 9) до (3, 9, 9)
✓ ✅ Создано 24 кораблей


--- СТАРТОВАЯ РАССТАНОВКА ---
  Team A: живых 8/8
    ✓ Артиллерия A1      @ (3,5,7) hp=1/1
    ✓ Радиовышка A2      @ (6,5,7) hp=3/3
    ✓ Прыгун A3          @ (8,5,7) hp=2/2
    ✓ Факел A4           @ (4,5,7) hp=6/6
    ✓ Тишина A5          @ (1,5,7) hp=2/2
    ✓ Бурав A6           @ (5,5,7) hp=4/4
    ✓ Провокатор A7      @ (9,5,7) hp=2/2
    ✓ Паук A8            @ (2,5,7) hp=1/1
  Team B: живых 8/8
    ✓ Артиллерия B1      @ (6,2,7) hp=1/1
    ✓ Радиовышка B2      @ (9,2,7) hp=3/3
    ✓ Прыгун B3          @ (4,2,7) hp=2/2
    ✓ Факел B4           @ (3,2,7) hp=6/6
    ✓ Тишина B5          @ (1,2,7) hp=2/2
    ✓ Бурав B6           @ (2,2,7) hp=4/4
    ✓ Провокатор B7      @ (8,2,7) hp=2/2
    ✓ Паук B8            @ (0,2,7) hp=1/1
  Team C: живых 8/8
    ✓ Артиллерия C1      @ (3,7,9) hp=1/1
    ✓ Радиовышка C2      @ (3,6,9) hp=3/3
    ✓ Прыгун C3          @ (3,1,9) hp=2/2
    ✓ Факел C4           @ (3,8,9) hp=6/6
    ✓ Тишина C5          @ (3,3,9) hp=2/2
    ✓ Бурав C6           @ (3,4,9) hp=4/4
    ✓ Провокатор C7      @ (3,0,9) hp=2/2
    ✓ Паук C8            @ (3,9,9) hp=1/1

======================================================================
ХОД 1
======================================================================
✓ 🎮 GM: начинаем ход
GM: start_turn

--- Радиовышки: сканирование слоя Z ---
  Радиовышка A2 (z=7): видит 8 врагов  → Паук B8(0,2,7), Тишина B5(1,2,7), Бурав B6(2,2,7), Факел B4(3,2,7), Прыгун B3(4,2,7), Артиллерия B1(6,2,7), Провокатор B7(8,2,7), Радиовышка B2(9,2,7)
  Радиовышка B2 (z=7): видит 8 врагов  → Тишина A5(1,5,7), Паук A8(2,5,7), Артиллерия A1(3,5,7), Факел A4(4,5,7), Бурав A6(5,5,7), Радиовышка A2(6,5,7), Прыгун A3(8,5,7), Провокатор A7(9,5,7)
  Радиовышка C2 (z=9): слой чист

--- Решения ботов ---
  [Team A] Артиллерия A1 (3,5,7) → SHOOT at (3,7,9)
  [Team A] Радиовышка A2 (6,5,7) → MOVE (6,4,7)
  [Team A] Прыгун A3 (8,5,7) → SHOOT at (8,2,7)
  [Team A] Факел A4 (4,5,7) → SHOOT at (4,2,7)
  [Team A] Тишина A5 (1,5,7) → PHASE toggle
  [Team A] Бурав A6 (5,5,7) → MOVE (8,2,7)
  [Team A] Провокатор A7 (9,5,7) → HOLOGRAM (8,4,7)
  [Team A] Паук A8 (2,5,7) → MINE (3,5,8)
  [Team B] Артиллерия B1 (6,2,7) → SHOOT at (3,5,7)
  [Team B] Радиовышка B2 (9,2,7) → MOVE (8,3,7)
  [Team B] Прыгун B3 (4,2,7) → MOVE (3,1,9)
  [Team B] Факел B4 (3,2,7) → SHOOT at (3,5,7)
  [Team B] Тишина B5 (1,2,7) → PHASE toggle
  [Team B] Бурав B6 (2,2,7) → MOVE (5,5,7)
  [Team B] Провокатор B7 (8,2,7) → HOLOGRAM (7,3,7)
  [Team B] Паук B8 (0,2,7) → MINE (1,3,7)
  [Team C] Артиллерия C1 (3,7,9) → SHOOT at (3,5,7)
  [Team C] Радиовышка C2 (3,6,9) → MOVE (3,5,8)
  [Team C] Прыгун C3 (3,1,9) → MOVE (3,2,7)
  [Team C] Тишина C5 (3,3,9) → PHASE toggle
  [Team C] Бурав C6 (3,4,9) → MOVE (3,4,8)
  [Team C] Провокатор C7 (3,0,9) → HOLOGRAM (4,1,8)
  [Team C] Паук C8 (3,9,9) → MINE (3,8,8)
  [Team C] Факел C4 → SKIP
! 🎮 GM: принудительно завершает фазу планирования
GM: end_planning
# 
============================================================
# 🔄 ОБРАБОТКА ХОДА 1
# ============================================================
   🌀 Тишина A5: фаза ВКЛ
   🌀 Тишина B5: фаза ВКЛ
   🌀 Тишина C5: фаза ВКЛ
   🪞 Провокатор A7 создал голограмму H1 в (8,4,7)
   🪞 Провокатор B7 создал голограмму H2 в (7,3,7)
   🪞 Провокатор C7 создал голограмму H3 в (4,1,8)
   💣 Паук A8 установил мину M1 в (3,5,8)
   💣 Паук B8 установил мину M2 в (1,3,7)
   💣 Паук C8 установил мину M3 в (3,8,8)

📦 ПЕРЕМЕЩЕНИЯ:
   Радиовышка A2: (6, 5, 7) → (6,4,7)
✓    💥 Бурав A6 тараном уничтожил Провокатор B7 в (8,2,7)
   Бурав A6: (5, 5, 7) → (8,2,7)
   Радиовышка B2: (9, 2, 7) → (8,3,7)
✓    💥 Прыгун B3 тараном уничтожил Прыгун C3 в (3,1,9)
   Прыгун B3: (4, 2, 7) → (3,1,9)
   Бурав B6: (2, 2, 7) → (5,5,7)
   Радиовышка C2: (3, 6, 9) → (3,5,8)
!    💥 Мина M1 сработала под Радиовышка C2 (урон 2)
   Бурав C6: (3, 4, 9) → (3,4,8)

🎯 ВЫСТРЕЛЫ:
!    🛡️ Выстрел Прыгун A3 гасится собственной голограммой в (8, 4, 7)
✓    ✅ Артиллерия A1 поразил Артиллерия C1 (2 урона)!
✓    ✅ Артиллерия B1 поразил Артиллерия A1 (2 урона)!
   💀 Факел B4 добивает Артиллерия A1
✓    ✅ Факел B4 поразил Артиллерия A1 (1 урона)!
   💀 Артиллерия C1 добивает Артиллерия A1
✓    ✅ Артиллерия C1 поразил Артиллерия A1 (2 урона)!
   Выпущено ракет: 6
# 
📊 РЕЗУЛЬТАТЫ ХОДА 1:
✓ 💥 ПОПАДАНИЯ:
✓    Артиллерия A1 (Team A) → Артиллерия C1 (Team C)
✓    Артиллерия B1 (Team B) → Артиллерия A1 (Team A)
✓    Факел B4 (Team B) → Артиллерия A1 (Team A)
✓    Артиллерия C1 (Team C) → Артиллерия A1 (Team A)

--- Результаты хода ---
  Team A / Бурав A6           → Team B / Провокатор B7      @ (8,2,7)  (УБИТ)
  Team B / Прыгун B3          → Team C / Прыгун C3          @ (3,1,9)  (УБИТ)
  ? / ?                  → Team C / Радиовышка C2      @ (3,5,8)  (ранен)
  Team A / Артиллерия A1      → Team C / Артиллерия C1      @ (3,7,9)  (УБИТ)
  Team B / Артиллерия B1      → Team A / Артиллерия A1      @ (3,5,7)  (УБИТ)
  Team B / Факел B4           → Team A / Артиллерия A1      @ (3,5,7)  (ранен)
  Team C / Артиллерия C1      → Team A / Артиллерия A1      @ (3,5,7)  (ранен)

--- Состояние команд после хода ---
  Team A: живых 7/8
    ✓ Радиовышка A2      @ (6,4,7) hp=3/3
    ✓ Прыгун A3          @ (8,5,7) hp=2/2
    ✓ Факел A4           @ (4,5,7) hp=6/6
    ✓ Тишина A5          @ (1,5,7) hp=2/2
    ✓ Бурав A6           @ (8,2,7) hp=4/4
    ✓ Провокатор A7      @ (9,5,7) hp=2/2
    ✓ Паук A8            @ (2,5,7) hp=1/1
    ✗ Артиллерия A1      @ (3,5,7) [уничтожен]
  Team B: живых 7/8
    ✓ Артиллерия B1      @ (6,2,7) hp=1/1
    ✓ Радиовышка B2      @ (8,3,7) hp=3/3
    ✓ Прыгун B3          @ (3,1,9) hp=2/2
    ✓ Факел B4           @ (3,2,7) hp=6/6
    ✓ Тишина B5          @ (1,2,7) hp=2/2
    ✓ Бурав B6           @ (5,5,7) hp=4/4
    ✓ Паук B8            @ (0,2,7) hp=1/1
    ✗ Провокатор B7      @ (8,2,7) [уничтожен]
  Team C: живых 6/8
    ✓ Радиовышка C2      @ (3,5,8) hp=1/3
    ✓ Факел C4           @ (3,8,9) hp=6/6
    ✓ Тишина C5          @ (3,3,9) hp=2/2
    ✓ Бурав C6           @ (3,4,8) hp=4/4
    ✓ Провокатор C7      @ (3,0,9) hp=2/2
    ✓ Паук C8            @ (3,9,9) hp=1/1
    ✗ Артиллерия C1      @ (3,7,9) [уничтожен]
    ✗ Прыгун C3          @ (3,1,9) [уничтожен]

======================================================================
ХОД 2
======================================================================
✓ 🎮 GM: начинаем ход
GM: start_turn

--- Радиовышки: сканирование слоя Z ---
  Радиовышка A2 (z=7): видит 5 врагов  → Паук B8(0,2,7), Факел B4(3,2,7), Бурав B6(5,5,7), Артиллерия B1(6,2,7), Радиовышка B2(8,3,7)
  Радиовышка B2 (z=7): видит 6 врагов  → Паук A8(2,5,7), Факел A4(4,5,7), Радиовышка A2(6,4,7), Бурав A6(8,2,7), Прыгун A3(8,5,7), Провокатор A7(9,5,7)
  Радиовышка C2 (z=8): слой чист

--- Решения ботов ---
  [Team A] Радиовышка A2 (6,4,7) → MOVE (5,5,7)
  [Team A] Прыгун A3 (8,5,7) → MOVE (8,3,7)
  [Team A] Факел A4 (4,5,7) → SHOOT at (5,5,7)
  [Team A] Тишина A5 (1,5,7) → MOVE (2,5,8)
  [Team A] Бурав A6 (8,2,7) → MOVE (6,2,7)
  [Team A] Провокатор A7 (9,5,7) → HOLOGRAM (8,4,7)
  [Team A] Паук A8 (2,5,7) → MINE (3,5,8)
  [Team B] Артиллерия B1 (6,2,7) → SHOOT at (8,5,7)
  [Team B] Радиовышка B2 (8,3,7) → MOVE (8,2,7)
  [Team B] Прыгун B3 (3,1,9) → MOVE (3,0,9)
  [Team B] Факел B4 (3,2,7) → SHOOT at (8,2,7)
  [Team B] Тишина B5 (1,2,7) → MOVE (2,3,8)
  [Team B] Бурав B6 (5,5,7) → MOVE (4,5,7)
  [Team B] Паук B8 (0,2,7) → MINE (1,3,7)
  [Team C] Радиовышка C2 (3,5,8) → MOVE (4,5,7)
  [Team C] Факел C4 (3,8,9) → MOVE (3,7,8)
  [Team C] Тишина C5 (3,3,9) → MOVE (4,4,8)
  [Team C] Бурав C6 (3,4,8) → MOVE (3,4,7)
  [Team C] Провокатор C7 (3,0,9) → HOLOGRAM (3,1,9)
  [Team C] Паук C8 (3,9,9) → MINE (4,8,8)
! 🎮 GM: принудительно завершает фазу планирования
GM: end_planning
# 
============================================================
# 🔄 ОБРАБОТКА ХОДА 2
# ============================================================
!    ⚠️ Провокатор A7: клетка (8,4,7) уже занята голограммой
!    ⚠️ Провокатор C7: клетка (3,1,9) занята кораблём
!    ⚠️ Паук A8: клетка (3,5,8) занята кораблём
!    ⚠️ Паук B8: в клетке уже стоит мина
   💣 Паук C8 установил мину M4 в (4,8,8)

📦 ПЕРЕМЕЩЕНИЯ:
!    ⚠️ Радиовышка A2: клетка (5,5,7) занята
✓    💥 Прыгун A3 тараном уничтожил Радиовышка B2 в (8,3,7)
   Прыгун A3: (8, 5, 7) → (8,3,7)
   Тишина A5: (1, 5, 7) → (2,5,8)
✓    💥 Бурав A6 тараном уничтожил Артиллерия B1 в (6,2,7)
   Бурав A6: (8, 2, 7) → (6,2,7)
✓    💥 Прыгун B3 тараном уничтожил Провокатор C7 в (3,0,9)
   Прыгун B3: (3, 1, 9) → (3,0,9)
   Тишина B5: (1, 2, 7) → (2,3,8)
✓    💥 Бурав B6 тараном уничтожил Факел A4 в (4,5,7)
   Бурав B6: (5, 5, 7) → (4,5,7)
!    ⚠️ Радиовышка C2: клетка (4,5,7) занята
   Факел C4: (3, 8, 9) → (3,7,8)
   Тишина C5: (3, 3, 9) → (4,4,8)
   Бурав C6: (3, 4, 8) → (3,4,7)

🎯 ВЫСТРЕЛЫ:
✓    ✅ Факел B4 поразил Бурав A6 (1 урона)!
   Выпущено ракет: 1
# 
📊 РЕЗУЛЬТАТЫ ХОДА 2:
✓ 💥 ПОПАДАНИЯ:
✓    Факел B4 (Team B) → Бурав A6 (Team A)

--- Результаты хода ---
  Team A / Прыгун A3          → Team B / Радиовышка B2      @ (8,3,7)  (УБИТ)
  Team A / Бурав A6           → Team B / Артиллерия B1      @ (6,2,7)  (УБИТ)
  Team B / Прыгун B3          → Team C / Провокатор C7      @ (3,0,9)  (УБИТ)
  Team B / Бурав B6           → Team A / Факел A4           @ (4,5,7)  (УБИТ)
  Team B / Факел B4           → Team A / Бурав A6           @ (6,2,7)  (ранен)

--- Состояние команд после хода ---
  Team A: живых 6/8
    ✓ Радиовышка A2      @ (6,4,7) hp=3/3
    ✓ Прыгун A3          @ (8,3,7) hp=2/2
    ✓ Тишина A5          @ (2,5,8) hp=2/2
    ✓ Бурав A6           @ (6,2,7) hp=3/4
    ✓ Провокатор A7      @ (9,5,7) hp=2/2
    ✓ Паук A8            @ (2,5,7) hp=1/1
    ✗ Артиллерия A1      @ (3,5,7) [уничтожен]
    ✗ Факел A4           @ (4,5,7) [уничтожен]
  Team B: живых 5/8
    ✓ Прыгун B3          @ (3,0,9) hp=2/2
    ✓ Факел B4           @ (3,2,7) hp=6/6
    ✓ Тишина B5          @ (2,3,8) hp=2/2
    ✓ Бурав B6           @ (4,5,7) hp=4/4
    ✓ Паук B8            @ (0,2,7) hp=1/1
    ✗ Артиллерия B1      @ (6,2,7) [уничтожен]
    ✗ Радиовышка B2      @ (8,3,7) [уничтожен]
    ✗ Провокатор B7      @ (8,2,7) [уничтожен]
  Team C: живых 5/8
    ✓ Радиовышка C2      @ (3,5,8) hp=1/3
    ✓ Факел C4           @ (3,7,8) hp=6/6
    ✓ Тишина C5          @ (4,4,8) hp=2/2
    ✓ Бурав C6           @ (3,4,7) hp=4/4
    ✓ Паук C8            @ (3,9,9) hp=1/1
    ✗ Артиллерия C1      @ (3,7,9) [уничтожен]
    ✗ Прыгун C3          @ (3,1,9) [уничтожен]
    ✗ Провокатор C7      @ (3,0,9) [уничтожен]

======================================================================
ХОД 3
======================================================================
✓ 🎮 GM: начинаем ход
GM: start_turn

--- Радиовышки: сканирование слоя Z ---
  Радиовышка A2 (z=7): видит 4 врагов  → Паук B8(0,2,7), Факел B4(3,2,7), Бурав B6(4,5,7), Бурав C6(3,4,7)
  Радиовышка C2 (z=8): слой чист

--- Решения ботов ---
  [Team A] Радиовышка A2 (6,4,7) → MOVE (5,5,7)
  [Team A] Прыгун A3 (8,3,7) → MOVE (7,4,7)
  [Team A] Тишина A5 (2,5,8) → MOVE (3,5,8)
  [Team A] Бурав A6 (6,2,7) → MOVE (3,2,7)
  [Team A] Провокатор A7 (9,5,7) → HOLOGRAM (8,5,7)
  [Team A] Паук A8 (2,5,7) → MINE (2,6,8)
  [Team B] Прыгун B3 (3,0,9) → MOVE (4,1,8)
  [Team B] Факел B4 (3,2,7) → SHOOT at (6,2,7)
  [Team B] Тишина B5 (2,3,8) → MOVE (3,4,7)
  [Team B] Бурав B6 (4,5,7) → MOVE (3,5,8)
  [Team B] Паук B8 (0,2,7) → MINE (1,3,7)
  [Team C] Радиовышка C2 (3,5,8) → MOVE (2,5,7)
  [Team C] Факел C4 (3,7,8) → HEAL (AoE)
  [Team C] Тишина C5 (4,4,8) → MOVE (4,5,7)
  [Team C] Бурав C6 (3,4,7) → MOVE (3,2,7)
  [Team C] Паук C8 (3,9,9) → MINE (2,8,8)
! 🎮 GM: принудительно завершает фазу планирования
GM: end_planning
# 
============================================================
# 🔄 ОБРАБОТКА ХОДА 3
# ============================================================
   🪞 Провокатор A7 создал голограмму H4 в (8,5,7)
   💣 Паук A8 установил мину M5 в (2,6,8)
!    ⚠️ Паук B8: в клетке уже стоит мина
   💣 Паук C8 установил мину M6 в (2,8,8)

📦 ПЕРЕМЕЩЕНИЯ:
   Радиовышка A2: (6, 4, 7) → (5,5,7)
   Прыгун A3: (8, 3, 7) → (7,4,7)
!    ⚠️ Тишина A5: клетка (3,5,8) занята
✓    💥 Бурав A6 тараном уничтожил Факел B4 в (3,2,7)
   Бурав A6: (6, 2, 7) → (3,2,7)
✓    💥 Прыгун B3 тараном сбросил голограмму H3
   Прыгун B3: (3, 0, 9) → (4,1,8)
!    ⚠️ Тишина B5: клетка (3,4,7) занята
✓    💥 Бурав B6 тараном уничтожил Радиовышка C2 в (3,5,8)
   Бурав B6: (4, 5, 7) → (3,5,8)
   Тишина C5: (4, 4, 8) → (4,5,7)
✓    💥 Бурав C6 тараном уничтожил Бурав A6 в (3,2,7)
   Бурав C6: (3, 4, 7) → (3,2,7)

🎯 ВЫСТРЕЛЫ:
!    ⚠️ Факел C4: некого лечить
   Выпущено ракет: 0
# 
📊 РЕЗУЛЬТАТЫ ХОДА 3:
🎯 Попаданий нет

--- Результаты хода ---
  Team A / Бурав A6           → Team B / Факел B4           @ (3,2,7)  (УБИТ)
  Team B / Бурав B6           → Team C / Радиовышка C2      @ (3,5,8)  (УБИТ)
  Team C / Бурав C6           → Team A / Бурав A6           @ (3,2,7)  (УБИТ)

--- Состояние команд после хода ---
  Team A: живых 5/8
    ✓ Радиовышка A2      @ (5,5,7) hp=3/3
    ✓ Прыгун A3          @ (7,4,7) hp=2/2
    ✓ Тишина A5          @ (2,5,8) hp=2/2
    ✓ Провокатор A7      @ (9,5,7) hp=2/2
    ✓ Паук A8            @ (2,5,7) hp=1/1
    ✗ Артиллерия A1      @ (3,5,7) [уничтожен]
    ✗ Факел A4           @ (4,5,7) [уничтожен]
    ✗ Бурав A6           @ (3,2,7) [уничтожен]
  Team B: живых 4/8
    ✓ Прыгун B3          @ (4,1,8) hp=2/2
    ✓ Тишина B5          @ (2,3,8) hp=2/2
    ✓ Бурав B6           @ (3,5,8) hp=4/4
    ✓ Паук B8            @ (0,2,7) hp=1/1
    ✗ Артиллерия B1      @ (6,2,7) [уничтожен]
    ✗ Радиовышка B2      @ (8,3,7) [уничтожен]
    ✗ Факел B4           @ (3,2,7) [уничтожен]
    ✗ Провокатор B7      @ (8,2,7) [уничтожен]
  Team C: живых 4/8
    ✓ Факел C4           @ (3,7,8) hp=6/6
    ✓ Тишина C5          @ (4,5,7) hp=2/2
    ✓ Бурав C6           @ (3,2,7) hp=4/4
    ✓ Паук C8            @ (3,9,9) hp=1/1
    ✗ Артиллерия C1      @ (3,7,9) [уничтожен]
    ✗ Радиовышка C2      @ (3,5,8) [уничтожен]
    ✗ Прыгун C3          @ (3,1,9) [уничтожен]
    ✗ Провокатор C7      @ (3,0,9) [уничтожен]

======================================================================
ХОД 4
======================================================================
✓ 🎮 GM: начинаем ход
GM: start_turn

--- Радиовышки: сканирование слоя Z ---
  Радиовышка A2 (z=7): видит 2 врагов  → Паук B8(0,2,7), Бурав C6(3,2,7)

--- Решения ботов ---
  [Team A] Радиовышка A2 (5,5,7) → MOVE (4,5,8)
  [Team A] Прыгун A3 (7,4,7) → MOVE (6,3,8)
  [Team A] Тишина A5 (2,5,8) → MOVE (3,5,8)
  [Team A] Провокатор A7 (9,5,7) → HOLOGRAM (8,4,8)
  [Team A] Паук A8 (2,5,7) → MINE (3,5,7)
  [Team B] Прыгун B3 (4,1,8) → MOVE (3,2,7)
  [Team B] Тишина B5 (2,3,8) → MOVE (2,2,7)
  [Team B] Бурав B6 (3,5,8) → MOVE (3,7,8)
  [Team B] Паук B8 (0,2,7) → MINE (1,3,7)
  [Team C] Факел C4 (3,7,8) → SHOOT at (3,5,8)
  [Team C] Тишина C5 (4,5,7) → MOVE (5,5,7)
  [Team C] Бурав C6 (3,2,7) → MOVE (0,2,7)
  [Team C] Паук C8 (3,9,9) → MINE (4,8,8)
! 🎮 GM: принудительно завершает фазу планирования
GM: end_planning
# 
============================================================
# 🔄 ОБРАБОТКА ХОДА 4
# ============================================================
   🪞 Провокатор A7 создал голограмму H5 в (8,4,8)
   💣 Паук A8 установил мину M7 в (3,5,7)
!    ⚠️ Паук B8: в клетке уже стоит мина
!    ⚠️ Паук C8: в клетке уже стоит мина

📦 ПЕРЕМЕЩЕНИЯ:
   Радиовышка A2: (5, 5, 7) → (4,5,8)
   Прыгун A3: (7, 4, 7) → (6,3,8)
!    ⚠️ Тишина A5: клетка (3,5,8) занята
✓    💥 Прыгун B3 тараном уничтожил Бурав C6 в (3,2,7)
   Прыгун B3: (4, 1, 8) → (3,2,7)
   Тишина B5: (2, 3, 8) → (2,2,7)
✓    💥 Бурав B6 тараном уничтожил Факел C4 в (3,7,8)
   Бурав B6: (3, 5, 8) → (3,7,8)
   Тишина C5: (4, 5, 7) → (5,5,7)

🎯 ВЫСТРЕЛЫ:
   Выпущено ракет: 0
# 
📊 РЕЗУЛЬТАТЫ ХОДА 4:
🎯 Попаданий нет

--- Результаты хода ---
  Team B / Прыгун B3          → Team C / Бурав C6           @ (3,2,7)  (УБИТ)
  Team B / Бурав B6           → Team C / Факел C4           @ (3,7,8)  (УБИТ)

--- Состояние команд после хода ---
  Team A: живых 5/8
    ✓ Радиовышка A2      @ (4,5,8) hp=3/3
    ✓ Прыгун A3          @ (6,3,8) hp=2/2
    ✓ Тишина A5          @ (2,5,8) hp=2/2
    ✓ Провокатор A7      @ (9,5,7) hp=2/2
    ✓ Паук A8            @ (2,5,7) hp=1/1
    ✗ Артиллерия A1      @ (3,5,7) [уничтожен]
    ✗ Факел A4           @ (4,5,7) [уничтожен]
    ✗ Бурав A6           @ (3,2,7) [уничтожен]
  Team B: живых 4/8
    ✓ Прыгун B3          @ (3,2,7) hp=2/2
    ✓ Тишина B5          @ (2,2,7) hp=2/2
    ✓ Бурав B6           @ (3,7,8) hp=4/4
    ✓ Паук B8            @ (0,2,7) hp=1/1
    ✗ Артиллерия B1      @ (6,2,7) [уничтожен]
    ✗ Радиовышка B2      @ (8,3,7) [уничтожен]
    ✗ Факел B4           @ (3,2,7) [уничтожен]
    ✗ Провокатор B7      @ (8,2,7) [уничтожен]
  Team C: живых 2/8
    ✓ Тишина C5          @ (5,5,7) hp=2/2
    ✓ Паук C8            @ (3,9,9) hp=1/1
    ✗ Артиллерия C1      @ (3,7,9) [уничтожен]
    ✗ Радиовышка C2      @ (3,5,8) [уничтожен]
    ✗ Прыгун C3          @ (3,1,9) [уничтожен]
    ✗ Факел C4           @ (3,7,8) [уничтожен]
    ✗ Бурав C6           @ (3,2,7) [уничтожен]
    ✗ Провокатор C7      @ (3,0,9) [уничтожен]

======================================================================
ХОД 5
======================================================================
✓ 🎮 GM: начинаем ход
GM: start_turn

--- Радиовышки: сканирование слоя Z ---
  Радиовышка A2 (z=8): видит 1 врагов  → Бурав B6(3,7,8)

--- Решения ботов ---
  [Team A] Радиовышка A2 (4,5,8) → MOVE (3,6,8)
  [Team A] Прыгун A3 (6,3,8) → MOVE (5,2,7)
  [Team A] Тишина A5 (2,5,8) → MOVE (3,5,8)
  [Team A] Провокатор A7 (9,5,7) → MOVE (8,4,7)
  [Team A] Паук A8 (2,5,7) → MINE (2,6,8)
  [Team B] Прыгун B3 (3,2,7) → MOVE (4,3,8)
  [Team B] Тишина B5 (2,2,7) → MOVE (3,3,8)
  [Team B] Бурав B6 (3,7,8) → MOVE (4,6,8)
  [Team B] Паук B8 (0,2,7) → MINE (1,3,7)
  [Team C] Тишина C5 (5,5,7) → MOVE (4,5,8)
  [Team C] Паук C8 (3,9,9) → MINE (3,8,8)
! 🎮 GM: принудительно завершает фазу планирования
GM: end_planning
# 
============================================================
# 🔄 ОБРАБОТКА ХОДА 5
# ============================================================
!    ⚠️ Паук A8: в клетке уже стоит мина
!    ⚠️ Паук B8: в клетке уже стоит мина
!    ⚠️ Паук C8: в клетке уже стоит мина

📦 ПЕРЕМЕЩЕНИЯ:
   Радиовышка A2: (4, 5, 8) → (3,6,8)
   Прыгун A3: (6, 3, 8) → (5,2,7)
   Тишина A5: (2, 5, 8) → (3,5,8)
!    ⚠️ Провокатор A7: клетка (8,4,7) занята
   Прыгун B3: (3, 2, 7) → (4,3,8)
   Тишина B5: (2, 2, 7) → (3,3,8)
   Бурав B6: (3, 7, 8) → (4,6,8)
   Тишина C5: (5, 5, 7) → (4,5,8)

🎯 ВЫСТРЕЛЫ:
   Выпущено ракет: 0
# 
📊 РЕЗУЛЬТАТЫ ХОДА 5:
🎯 Попаданий нет

--- Результаты хода ---
  Попаданий нет

--- Состояние команд после хода ---
  Team A: живых 5/8
    ✓ Радиовышка A2      @ (3,6,8) hp=3/3
    ✓ Прыгун A3          @ (5,2,7) hp=2/2
    ✓ Тишина A5          @ (3,5,8) hp=2/2
    ✓ Провокатор A7      @ (9,5,7) hp=2/2
    ✓ Паук A8            @ (2,5,7) hp=1/1
    ✗ Артиллерия A1      @ (3,5,7) [уничтожен]
    ✗ Факел A4           @ (4,5,7) [уничтожен]
    ✗ Бурав A6           @ (3,2,7) [уничтожен]
  Team B: живых 4/8
    ✓ Прыгун B3          @ (4,3,8) hp=2/2
    ✓ Тишина B5          @ (3,3,8) hp=2/2
    ✓ Бурав B6           @ (4,6,8) hp=4/4
    ✓ Паук B8            @ (0,2,7) hp=1/1
    ✗ Артиллерия B1      @ (6,2,7) [уничтожен]
    ✗ Радиовышка B2      @ (8,3,7) [уничтожен]
    ✗ Факел B4           @ (3,2,7) [уничтожен]
    ✗ Провокатор B7      @ (8,2,7) [уничтожен]
  Team C: живых 2/8
    ✓ Тишина C5          @ (4,5,8) hp=2/2
    ✓ Паук C8            @ (3,9,9) hp=1/1
    ✗ Артиллерия C1      @ (3,7,9) [уничтожен]
    ✗ Радиовышка C2      @ (3,5,8) [уничтожен]
    ✗ Прыгун C3          @ (3,1,9) [уничтожен]
    ✗ Факел C4           @ (3,7,8) [уничтожен]
    ✗ Бурав C6           @ (3,2,7) [уничтожен]
    ✗ Провокатор C7      @ (3,0,9) [уничтожен]

======================================================================
ХОД 6
======================================================================
✓ 🎮 GM: начинаем ход
GM: start_turn

--- Радиовышки: сканирование слоя Z ---
  Радиовышка A2 (z=8): видит 2 врагов  → Прыгун B3(4,3,8), Бурав B6(4,6,8)

--- Решения ботов ---
  [Team A] Радиовышка A2 (3,6,8) → MOVE (4,6,8)
  [Team A] Прыгун A3 (5,2,7) → MOVE (4,3,8)
  [Team A] Тишина A5 (3,5,8) → MOVE (4,5,8)
  [Team A] Провокатор A7 (9,5,7) → HOLOGRAM (8,4,8)
  [Team A] Паук A8 (2,5,7) → MINE (3,4,8)
  [Team B] Прыгун B3 (4,3,8) → MOVE (5,2,7)
  [Team B] Тишина B5 (3,3,8) → MOVE (4,2,7)
  [Team B] Бурав B6 (4,6,8) → MOVE (3,6,8)
  [Team B] Паук B8 (0,2,7) → MINE (1,3,7)
  [Team C] Тишина C5 (4,5,8) → MOVE (3,6,8)
  [Team C] Паук C8 (3,9,9) → MINE (3,8,8)
! 🎮 GM: принудительно завершает фазу планирования
GM: end_planning
# 
============================================================
# 🔄 ОБРАБОТКА ХОДА 6
# ============================================================
!    ⚠️ Провокатор A7: клетка (8,4,8) уже занята голограммой
   💣 Паук A8 установил мину M8 в (3,4,8)
!    ⚠️ Паук B8: в клетке уже стоит мина
!    ⚠️ Паук C8: в клетке уже стоит мина

📦 ПЕРЕМЕЩЕНИЯ:
!    ⚠️ Радиовышка A2: клетка (4,6,8) занята
✓    💥 Прыгун A3 тараном уничтожил Прыгун B3 в (4,3,8)
   Прыгун A3: (5, 2, 7) → (4,3,8)
   Тишина A5: (3, 5, 8) → (4,5,8)
   Тишина B5: (3, 3, 8) → (4,2,7)
✓    💥 Бурав B6 тараном уничтожил Радиовышка A2 в (3,6,8)
   Бурав B6: (4, 6, 8) → (3,6,8)
!    ⚠️ Тишина C5: клетка (3,6,8) занята

🎯 ВЫСТРЕЛЫ:
   Выпущено ракет: 0
# 
📊 РЕЗУЛЬТАТЫ ХОДА 6:
🎯 Попаданий нет

--- Результаты хода ---
  Team A / Прыгун A3          → Team B / Прыгун B3          @ (4,3,8)  (УБИТ)
  Team B / Бурав B6           → Team A / Радиовышка A2      @ (3,6,8)  (УБИТ)

--- Состояние команд после хода ---
  Team A: живых 4/8
    ✓ Прыгун A3          @ (4,3,8) hp=2/2
    ✓ Тишина A5          @ (4,5,8) hp=2/2
    ✓ Провокатор A7      @ (9,5,7) hp=2/2
    ✓ Паук A8            @ (2,5,7) hp=1/1
    ✗ Артиллерия A1      @ (3,5,7) [уничтожен]
    ✗ Радиовышка A2      @ (3,6,8) [уничтожен]
    ✗ Факел A4           @ (4,5,7) [уничтожен]
    ✗ Бурав A6           @ (3,2,7) [уничтожен]
  Team B: живых 3/8
    ✓ Тишина B5          @ (4,2,7) hp=2/2
    ✓ Бурав B6           @ (3,6,8) hp=4/4
    ✓ Паук B8            @ (0,2,7) hp=1/1
    ✗ Артиллерия B1      @ (6,2,7) [уничтожен]
    ✗ Радиовышка B2      @ (8,3,7) [уничтожен]
    ✗ Прыгун B3          @ (4,3,8) [уничтожен]
    ✗ Факел B4           @ (3,2,7) [уничтожен]
    ✗ Провокатор B7      @ (8,2,7) [уничтожен]
  Team C: живых 2/8
    ✓ Тишина C5          @ (4,5,8) hp=2/2
    ✓ Паук C8            @ (3,9,9) hp=1/1
    ✗ Артиллерия C1      @ (3,7,9) [уничтожен]
    ✗ Радиовышка C2      @ (3,5,8) [уничтожен]
    ✗ Прыгун C3          @ (3,1,9) [уничтожен]
    ✗ Факел C4           @ (3,7,8) [уничтожен]
    ✗ Бурав C6           @ (3,2,7) [уничтожен]
    ✗ Провокатор C7      @ (3,0,9) [уничтожен]

======================================================================
ХОД 7
======================================================================
✓ 🎮 GM: начинаем ход
GM: start_turn

--- Радиовышки: сканирование слоя Z ---
  (у команд не осталось живых радиовышек)

--- Решения ботов ---
  [Team A] Прыгун A3 (4,3,8) → MOVE (3,4,8)
  [Team A] Тишина A5 (4,5,8) → PHASE toggle
  [Team A] Провокатор A7 (9,5,7) → MOVE (8,6,8)
  [Team A] Паук A8 (2,5,7) → MINE (3,6,8)
  [Team B] Тишина B5 (4,2,7) → MOVE (4,3,8)
  [Team B] Бурав B6 (3,6,8) → MOVE (2,5,7)
  [Team B] Паук B8 (0,2,7) → MINE (1,3,7)
  [Team C] Тишина C5 (4,5,8) → MOVE (3,6,8)
  [Team C] Паук C8 (3,9,9) → MINE (3,8,8)
! 🎮 GM: принудительно завершает фазу планирования
GM: end_planning
# 
============================================================
# 🔄 ОБРАБОТКА ХОДА 7
# ============================================================
   🌀 Тишина A5: фаза ВЫКЛ
!    ⚠️ Паук A8: клетка (3,6,8) занята кораблём
!    ⚠️ Паук B8: в клетке уже стоит мина
!    ⚠️ Паук C8: в клетке уже стоит мина

📦 ПЕРЕМЕЩЕНИЯ:
   Прыгун A3: (4, 3, 8) → (3,4,8)
   Провокатор A7: (9, 5, 7) → (8,6,8)
   Тишина B5: (4, 2, 7) → (4,3,8)
!    ⚠️ Бурав B6: Бурав двигается только по 1 оси или по 2 осям строго диагонально
!    ⚠️ Тишина C5: клетка (3,6,8) занята

🎯 ВЫСТРЕЛЫ:
   Выпущено ракет: 0
# 
📊 РЕЗУЛЬТАТЫ ХОДА 7:
🎯 Попаданий нет

--- Результаты хода ---
  Попаданий нет

--- Состояние команд после хода ---
  Team A: живых 4/8
    ✓ Прыгун A3          @ (3,4,8) hp=2/2
    ✓ Тишина A5          @ (4,5,8) hp=2/2
    ✓ Провокатор A7      @ (8,6,8) hp=2/2
    ✓ Паук A8            @ (2,5,7) hp=1/1
    ✗ Артиллерия A1      @ (3,5,7) [уничтожен]
    ✗ Радиовышка A2      @ (3,6,8) [уничтожен]
    ✗ Факел A4           @ (4,5,7) [уничтожен]
    ✗ Бурав A6           @ (3,2,7) [уничтожен]
  Team B: живых 3/8
    ✓ Тишина B5          @ (4,3,8) hp=2/2
    ✓ Бурав B6           @ (3,6,8) hp=4/4
    ✓ Паук B8            @ (0,2,7) hp=1/1
    ✗ Артиллерия B1      @ (6,2,7) [уничтожен]
    ✗ Радиовышка B2      @ (8,3,7) [уничтожен]
    ✗ Прыгун B3          @ (4,3,8) [уничтожен]
    ✗ Факел B4           @ (3,2,7) [уничтожен]
    ✗ Провокатор B7      @ (8,2,7) [уничтожен]
  Team C: живых 2/8
    ✓ Тишина C5          @ (4,5,8) hp=2/2
    ✓ Паук C8            @ (3,9,9) hp=1/1
    ✗ Артиллерия C1      @ (3,7,9) [уничтожен]
    ✗ Радиовышка C2      @ (3,5,8) [уничтожен]
    ✗ Прыгун C3          @ (3,1,9) [уничтожен]
    ✗ Факел C4           @ (3,7,8) [уничтожен]
    ✗ Бурав C6           @ (3,2,7) [уничтожен]
    ✗ Провокатор C7      @ (3,0,9) [уничтожен]

======================================================================
ХОД 8
======================================================================
✓ 🎮 GM: начинаем ход
GM: start_turn

--- Радиовышки: сканирование слоя Z ---
  (у команд не осталось живых радиовышек)

--- Решения ботов ---
  [Team A] Прыгун A3 (3,4,8) → MOVE (3,6,8)
  [Team A] Тишина A5 (4,5,8) → MOVE (4,6,8)
  [Team A] Провокатор A7 (8,6,8) → HOLOGRAM (7,6,8)
  [Team A] Паук A8 (2,5,7) → MINE (3,6,7)
  [Team B] Тишина B5 (4,3,8) → MOVE (3,4,8)
  [Team B] Бурав B6 (3,6,8) → MOVE (4,5,8)
  [Team B] Паук B8 (0,2,7) → MINE (1,3,8)
  [Team C] Паук C8 (3,9,9) → MINE (3,8,8)
  [Team C] Тишина C5 → SKIP
! 🎮 GM: принудительно завершает фазу планирования
GM: end_planning
# 
============================================================
# 🔄 ОБРАБОТКА ХОДА 8
# ============================================================
   🪞 Провокатор A7 создал голограмму H6 в (7,6,8)
   💣 Паук A8 установил мину M9 в (3,6,7)
   💣 Паук B8 установил мину M10 в (1,3,8)
!    ⚠️ Паук C8: в клетке уже стоит мина

📦 ПЕРЕМЕЩЕНИЯ:
✓    💥 Прыгун A3 тараном уничтожил Бурав B6 в (3,6,8)
   Прыгун A3: (3, 4, 8) → (3,6,8)
   Тишина A5: (4, 5, 8) → (4,6,8)
   Тишина B5: (4, 3, 8) → (3,4,8)
!    💥 Мина M8 сработала под Тишина B5 (урон 0)

🎯 ВЫСТРЕЛЫ:
   Выпущено ракет: 0
# 
📊 РЕЗУЛЬТАТЫ ХОДА 8:
🎯 Попаданий нет

--- Результаты хода ---
  Team A / Прыгун A3          → Team B / Бурав B6           @ (3,6,8)  (УБИТ)
  ? / ?                  → Team B / Тишина B5          @ (3,4,8)  (ранен)

--- Состояние команд после хода ---
  Team A: живых 4/8
    ✓ Прыгун A3          @ (3,6,8) hp=2/2
    ✓ Тишина A5          @ (4,6,8) hp=2/2
    ✓ Провокатор A7      @ (8,6,8) hp=2/2
    ✓ Паук A8            @ (2,5,7) hp=1/1
    ✗ Артиллерия A1      @ (3,5,7) [уничтожен]
    ✗ Радиовышка A2      @ (3,6,8) [уничтожен]
    ✗ Факел A4           @ (4,5,7) [уничтожен]
    ✗ Бурав A6           @ (3,2,7) [уничтожен]
  Team B: живых 2/8
    ✓ Тишина B5          @ (3,4,8) hp=2/2
    ✓ Паук B8            @ (0,2,7) hp=1/1
    ✗ Артиллерия B1      @ (6,2,7) [уничтожен]
    ✗ Радиовышка B2      @ (8,3,7) [уничтожен]
    ✗ Прыгун B3          @ (4,3,8) [уничтожен]
    ✗ Факел B4           @ (3,2,7) [уничтожен]
    ✗ Бурав B6           @ (3,6,8) [уничтожен]
    ✗ Провокатор B7      @ (8,2,7) [уничтожен]
  Team C: живых 2/8
    ✓ Тишина C5          @ (4,5,8) hp=2/2
    ✓ Паук C8            @ (3,9,9) hp=1/1
    ✗ Артиллерия C1      @ (3,7,9) [уничтожен]
    ✗ Радиовышка C2      @ (3,5,8) [уничтожен]
    ✗ Прыгун C3          @ (3,1,9) [уничтожен]
    ✗ Факел C4           @ (3,7,8) [уничтожен]
    ✗ Бурав C6           @ (3,2,7) [уничтожен]
    ✗ Провокатор C7      @ (3,0,9) [уничтожен]

======================================================================
ХОД 9
======================================================================
✓ 🎮 GM: начинаем ход
GM: start_turn

--- Радиовышки: сканирование слоя Z ---
  (у команд не осталось живых радиовышек)

--- Решения ботов ---
  [Team A] Прыгун A3 (3,6,8) → MOVE (3,7,9)
  [Team A] Тишина A5 (4,6,8) → MOVE (3,7,8)
  [Team A] Провокатор A7 (8,6,8) → HOLOGRAM (7,7,9)
  [Team A] Паук A8 (2,5,7) → MINE (1,4,7)
  [Team B] Тишина B5 (3,4,8) → MOVE (2,5,7)
  [Team B] Паук B8 (0,2,7) → MINE (1,3,7)
  [Team C] Тишина C5 (4,5,8) → MOVE (3,6,8)
  [Team C] Паук C8 (3,9,9) → MINE (3,8,8)
! 🎮 GM: принудительно завершает фазу планирования
GM: end_planning
# 
============================================================
# 🔄 ОБРАБОТКА ХОДА 9
# ============================================================
   🪞 Провокатор A7 создал голограмму H7 в (7,7,9)
   💣 Паук A8 установил мину M11 в (1,4,7)
!    ⚠️ Паук B8: в клетке уже стоит мина
!    ⚠️ Паук C8: в клетке уже стоит мина

📦 ПЕРЕМЕЩЕНИЯ:
   Прыгун A3: (3, 6, 8) → (3,7,9)
   Тишина A5: (4, 6, 8) → (3,7,8)
!    ⚠️ Тишина B5: клетка (2,5,7) занята
   Тишина C5: (4, 5, 8) → (3,6,8)

🎯 ВЫСТРЕЛЫ:
   Выпущено ракет: 0
# 
📊 РЕЗУЛЬТАТЫ ХОДА 9:
🎯 Попаданий нет

--- Результаты хода ---
  Попаданий нет

--- Состояние команд после хода ---
  Team A: живых 4/8
    ✓ Прыгун A3          @ (3,7,9) hp=2/2
    ✓ Тишина A5          @ (3,7,8) hp=2/2
    ✓ Провокатор A7      @ (8,6,8) hp=2/2
    ✓ Паук A8            @ (2,5,7) hp=1/1
    ✗ Артиллерия A1      @ (3,5,7) [уничтожен]
    ✗ Радиовышка A2      @ (3,6,8) [уничтожен]
    ✗ Факел A4           @ (4,5,7) [уничтожен]
    ✗ Бурав A6           @ (3,2,7) [уничтожен]
  Team B: живых 2/8
    ✓ Тишина B5          @ (3,4,8) hp=2/2
    ✓ Паук B8            @ (0,2,7) hp=1/1
    ✗ Артиллерия B1      @ (6,2,7) [уничтожен]
    ✗ Радиовышка B2      @ (8,3,7) [уничтожен]
    ✗ Прыгун B3          @ (4,3,8) [уничтожен]
    ✗ Факел B4           @ (3,2,7) [уничтожен]
    ✗ Бурав B6           @ (3,6,8) [уничтожен]
    ✗ Провокатор B7      @ (8,2,7) [уничтожен]
  Team C: живых 2/8
    ✓ Тишина C5          @ (3,6,8) hp=2/2
    ✓ Паук C8            @ (3,9,9) hp=1/1
    ✗ Артиллерия C1      @ (3,7,9) [уничтожен]
    ✗ Радиовышка C2      @ (3,5,8) [уничтожен]
    ✗ Прыгун C3          @ (3,1,9) [уничтожен]
    ✗ Факел C4           @ (3,7,8) [уничтожен]
    ✗ Бурав C6           @ (3,2,7) [уничтожен]
    ✗ Провокатор C7      @ (3,0,9) [уничтожен]

======================================================================
ХОД 10
======================================================================
✓ 🎮 GM: начинаем ход
GM: start_turn

--- Радиовышки: сканирование слоя Z ---
  (у команд не осталось живых радиовышек)

--- Решения ботов ---
  [Team A] Прыгун A3 (3,7,9) → MOVE (3,9,9)
  [Team A] Тишина A5 (3,7,8) → MOVE (3,8,9)
  [Team A] Провокатор A7 (8,6,8) → HOLOGRAM (7,7,9)
  [Team A] Паук A8 (2,5,7) → MINE (1,4,7)
  [Team B] Тишина B5 (3,4,8) → MOVE (2,5,7)
  [Team B] Паук B8 (0,2,7) → MINE (1,3,7)
  [Team C] Тишина C5 (3,6,8) → MOVE (3,7,9)
  [Team C] Паук C8 (3,9,9) → MINE (3,8,9)
! 🎮 GM: принудительно завершает фазу планирования
GM: end_planning
# 
============================================================
# 🔄 ОБРАБОТКА ХОДА 10
# ============================================================
!    ⚠️ Провокатор A7: клетка (7,7,9) уже занята голограммой
!    ⚠️ Паук A8: в клетке уже стоит мина
!    ⚠️ Паук B8: в клетке уже стоит мина
   💣 Паук C8 установил мину M12 в (3,8,9)

📦 ПЕРЕМЕЩЕНИЯ:
✓    💥 Прыгун A3 тараном уничтожил Паук C8 в (3,9,9)
   Прыгун A3: (3, 7, 9) → (3,9,9)
   Тишина A5: (3, 7, 8) → (3,8,9)
!    💥 Мина M12 сработала под Тишина A5 (урон 2) — КОРАБЛЬ УНИЧТОЖЕН
!    ⚠️ Тишина B5: клетка (2,5,7) занята
   Тишина C5: (3, 6, 8) → (3,7,9)

🎯 ВЫСТРЕЛЫ:
   Выпущено ракет: 0
# 
📊 РЕЗУЛЬТАТЫ ХОДА 10:
🎯 Попаданий нет

--- Результаты хода ---
  Team A / Прыгун A3          → Team C / Паук C8            @ (3,9,9)  (УБИТ)
  ? / ?                  → Team A / Тишина A5          @ (3,8,9)  (УБИТ)

--- Состояние команд после хода ---
  Team A: живых 3/8
    ✓ Прыгун A3          @ (3,9,9) hp=2/2
    ✓ Провокатор A7      @ (8,6,8) hp=2/2
    ✓ Паук A8            @ (2,5,7) hp=1/1
    ✗ Артиллерия A1      @ (3,5,7) [уничтожен]
    ✗ Радиовышка A2      @ (3,6,8) [уничтожен]
    ✗ Факел A4           @ (4,5,7) [уничтожен]
    ✗ Тишина A5          @ (3,8,9) [уничтожен]
    ✗ Бурав A6           @ (3,2,7) [уничтожен]
  Team B: живых 2/8
    ✓ Тишина B5          @ (3,4,8) hp=2/2
    ✓ Паук B8            @ (0,2,7) hp=1/1
    ✗ Артиллерия B1      @ (6,2,7) [уничтожен]
    ✗ Радиовышка B2      @ (8,3,7) [уничтожен]
    ✗ Прыгун B3          @ (4,3,8) [уничтожен]
    ✗ Факел B4           @ (3,2,7) [уничтожен]
    ✗ Бурав B6           @ (3,6,8) [уничтожен]
    ✗ Провокатор B7      @ (8,2,7) [уничтожен]
  Team C: живых 1/8
    ✓ Тишина C5          @ (3,7,9) hp=2/2
    ✗ Артиллерия C1      @ (3,7,9) [уничтожен]
    ✗ Радиовышка C2      @ (3,5,8) [уничтожен]
    ✗ Прыгун C3          @ (3,1,9) [уничтожен]
    ✗ Факел C4           @ (3,7,8) [уничтожен]
    ✗ Бурав C6           @ (3,2,7) [уничтожен]
    ✗ Провокатор C7      @ (3,0,9) [уничтожен]
    ✗ Паук C8            @ (3,9,9) [уничтожен]

======================================================================
ХОД 11
======================================================================
✓ 🎮 GM: начинаем ход
GM: start_turn

--- Радиовышки: сканирование слоя Z ---
  (у команд не осталось живых радиовышек)

--- Решения ботов ---
  [Team A] Прыгун A3 (3,9,9) → MOVE (2,8,8)
  [Team A] Провокатор A7 (8,6,8) → MOVE (7,5,7)
  [Team A] Паук A8 (2,5,7) → MINE (1,4,7)
  [Team B] Тишина B5 (3,4,8) → PHASE toggle
  [Team B] Паук B8 (0,2,7) → MINE (1,3,7)
  [Team C] Тишина C5 (3,7,9) → MOVE (3,8,9)
! 🎮 GM: принудительно завершает фазу планирования
GM: end_planning
# 
============================================================
# 🔄 ОБРАБОТКА ХОДА 11
# ============================================================
   🌀 Тишина B5: фаза ВЫКЛ
!    ⚠️ Паук A8: в клетке уже стоит мина
!    ⚠️ Паук B8: в клетке уже стоит мина

📦 ПЕРЕМЕЩЕНИЯ:
   Прыгун A3: (3, 9, 9) → (2,8,8)
!    💥 Мина M6 сработала под Прыгун A3 (урон 2) — КОРАБЛЬ УНИЧТОЖЕН
   Провокатор A7: (8, 6, 8) → (7,5,7)
   Тишина C5: (3, 7, 9) → (3,8,9)

🎯 ВЫСТРЕЛЫ:
   Выпущено ракет: 0
# 
📊 РЕЗУЛЬТАТЫ ХОДА 11:
🎯 Попаданий нет

--- Результаты хода ---
  ? / ?                  → Team A / Прыгун A3          @ (2,8,8)  (УБИТ)

--- Состояние команд после хода ---
  Team A: живых 2/8
    ✓ Провокатор A7      @ (7,5,7) hp=2/2
    ✓ Паук A8            @ (2,5,7) hp=1/1
    ✗ Артиллерия A1      @ (3,5,7) [уничтожен]
    ✗ Радиовышка A2      @ (3,6,8) [уничтожен]
    ✗ Прыгун A3          @ (2,8,8) [уничтожен]
    ✗ Факел A4           @ (4,5,7) [уничтожен]
    ✗ Тишина A5          @ (3,8,9) [уничтожен]
    ✗ Бурав A6           @ (3,2,7) [уничтожен]
  Team B: живых 2/8
    ✓ Тишина B5          @ (3,4,8) hp=2/2
    ✓ Паук B8            @ (0,2,7) hp=1/1
    ✗ Артиллерия B1      @ (6,2,7) [уничтожен]
    ✗ Радиовышка B2      @ (8,3,7) [уничтожен]
    ✗ Прыгун B3          @ (4,3,8) [уничтожен]
    ✗ Факел B4           @ (3,2,7) [уничтожен]
    ✗ Бурав B6           @ (3,6,8) [уничтожен]
    ✗ Провокатор B7      @ (8,2,7) [уничтожен]
  Team C: живых 1/8
    ✓ Тишина C5          @ (3,8,9) hp=2/2
    ✗ Артиллерия C1      @ (3,7,9) [уничтожен]
    ✗ Радиовышка C2      @ (3,5,8) [уничтожен]
    ✗ Прыгун C3          @ (3,1,9) [уничтожен]
    ✗ Факел C4           @ (3,7,8) [уничтожен]
    ✗ Бурав C6           @ (3,2,7) [уничтожен]
    ✗ Провокатор C7      @ (3,0,9) [уничтожен]
    ✗ Паук C8            @ (3,9,9) [уничтожен]

======================================================================
ХОД 12
======================================================================
✓ 🎮 GM: начинаем ход
GM: start_turn

--- Радиовышки: сканирование слоя Z ---
  (у команд не осталось живых радиовышек)

--- Решения ботов ---
  [Team A] Провокатор A7 (7,5,7) → HOLOGRAM (6,4,8)
  [Team A] Паук A8 (2,5,7) → MINE (3,4,8)
  [Team B] Тишина B5 (3,4,8) → PHASE toggle
  [Team B] Паук B8 (0,2,7) → MINE (1,3,7)
  [Team C] Тишина C5 (3,8,9) → MOVE (2,7,8)
! 🎮 GM: принудительно завершает фазу планирования
GM: end_planning
# 
============================================================
# 🔄 ОБРАБОТКА ХОДА 12
# ============================================================
   🌀 Тишина B5: фаза ВКЛ
   🪞 Провокатор A7 создал голограмму H8 в (6,4,8)
!    ⚠️ Паук A8: клетка (3,4,8) занята кораблём
!    ⚠️ Паук B8: в клетке уже стоит мина

📦 ПЕРЕМЕЩЕНИЯ:
   Тишина C5: (3, 8, 9) → (2,7,8)

🎯 ВЫСТРЕЛЫ:
   Выпущено ракет: 0
# 
📊 РЕЗУЛЬТАТЫ ХОДА 12:
🎯 Попаданий нет

--- Результаты хода ---
  Попаданий нет

--- Состояние команд после хода ---
  Team A: живых 2/8
    ✓ Провокатор A7      @ (7,5,7) hp=2/2
    ✓ Паук A8            @ (2,5,7) hp=1/1
    ✗ Артиллерия A1      @ (3,5,7) [уничтожен]
    ✗ Радиовышка A2      @ (3,6,8) [уничтожен]
    ✗ Прыгун A3          @ (2,8,8) [уничтожен]
    ✗ Факел A4           @ (4,5,7) [уничтожен]
    ✗ Тишина A5          @ (3,8,9) [уничтожен]
    ✗ Бурав A6           @ (3,2,7) [уничтожен]
  Team B: живых 2/8
    ✓ Тишина B5          @ (3,4,8) hp=2/2
    ✓ Паук B8            @ (0,2,7) hp=1/1
    ✗ Артиллерия B1      @ (6,2,7) [уничтожен]
    ✗ Радиовышка B2      @ (8,3,7) [уничтожен]
    ✗ Прыгун B3          @ (4,3,8) [уничтожен]
    ✗ Факел B4           @ (3,2,7) [уничтожен]
    ✗ Бурав B6           @ (3,6,8) [уничтожен]
    ✗ Провокатор B7      @ (8,2,7) [уничтожен]
  Team C: живых 1/8
    ✓ Тишина C5          @ (2,7,8) hp=2/2
    ✗ Артиллерия C1      @ (3,7,9) [уничтожен]
    ✗ Радиовышка C2      @ (3,5,8) [уничтожен]
    ✗ Прыгун C3          @ (3,1,9) [уничтожен]
    ✗ Факел C4           @ (3,7,8) [уничтожен]
    ✗ Бурав C6           @ (3,2,7) [уничтожен]
    ✗ Провокатор C7      @ (3,0,9) [уничтожен]
    ✗ Паук C8            @ (3,9,9) [уничтожен]

======================================================================
ХОД 13
======================================================================
✓ 🎮 GM: начинаем ход
GM: start_turn

--- Радиовышки: сканирование слоя Z ---
  (у команд не осталось живых радиовышек)

--- Решения ботов ---
  [Team A] Провокатор A7 (7,5,7) → MOVE (6,4,7)
  [Team A] Паук A8 (2,5,7) → MINE (1,4,7)
  [Team B] Тишина B5 (3,4,8) → MOVE (2,5,7)
  [Team B] Паук B8 (0,2,7) → MINE (1,3,7)
  [Team C] Тишина C5 (2,7,8) → PHASE toggle
! 🎮 GM: принудительно завершает фазу планирования
GM: end_planning
# 
============================================================
# 🔄 ОБРАБОТКА ХОДА 13
# ============================================================
   🌀 Тишина C5: фаза ВЫКЛ
!    ⚠️ Паук A8: в клетке уже стоит мина
!    ⚠️ Паук B8: в клетке уже стоит мина

📦 ПЕРЕМЕЩЕНИЯ:
   Провокатор A7: (7, 5, 7) → (6,4,7)
!    ⚠️ Тишина B5: клетка (2,5,7) занята

🎯 ВЫСТРЕЛЫ:
   Выпущено ракет: 0
# 
📊 РЕЗУЛЬТАТЫ ХОДА 13:
🎯 Попаданий нет

--- Результаты хода ---
  Попаданий нет

--- Состояние команд после хода ---
  Team A: живых 2/8
    ✓ Провокатор A7      @ (6,4,7) hp=2/2
    ✓ Паук A8            @ (2,5,7) hp=1/1
    ✗ Артиллерия A1      @ (3,5,7) [уничтожен]
    ✗ Радиовышка A2      @ (3,6,8) [уничтожен]
    ✗ Прыгун A3          @ (2,8,8) [уничтожен]
    ✗ Факел A4           @ (4,5,7) [уничтожен]
    ✗ Тишина A5          @ (3,8,9) [уничтожен]
    ✗ Бурав A6           @ (3,2,7) [уничтожен]
  Team B: живых 2/8
    ✓ Тишина B5          @ (3,4,8) hp=2/2
    ✓ Паук B8            @ (0,2,7) hp=1/1
    ✗ Артиллерия B1      @ (6,2,7) [уничтожен]
    ✗ Радиовышка B2      @ (8,3,7) [уничтожен]
    ✗ Прыгун B3          @ (4,3,8) [уничтожен]
    ✗ Факел B4           @ (3,2,7) [уничтожен]
    ✗ Бурав B6           @ (3,6,8) [уничтожен]
    ✗ Провокатор B7      @ (8,2,7) [уничтожен]
  Team C: живых 1/8
    ✓ Тишина C5          @ (2,7,8) hp=2/2
    ✗ Артиллерия C1      @ (3,7,9) [уничтожен]
    ✗ Радиовышка C2      @ (3,5,8) [уничтожен]
    ✗ Прыгун C3          @ (3,1,9) [уничтожен]
    ✗ Факел C4           @ (3,7,8) [уничтожен]
    ✗ Бурав C6           @ (3,2,7) [уничтожен]
    ✗ Провокатор C7      @ (3,0,9) [уничтожен]
    ✗ Паук C8            @ (3,9,9) [уничтожен]

======================================================================
ХОД 14
======================================================================
✓ 🎮 GM: начинаем ход
GM: start_turn

--- Радиовышки: сканирование слоя Z ---
  (у команд не осталось живых радиовышек)

--- Решения ботов ---
  [Team A] Провокатор A7 (6,4,7) → HOLOGRAM (5,5,8)
  [Team A] Паук A8 (2,5,7) → MINE (2,6,7)
  [Team B] Тишина B5 (3,4,8) → MOVE (2,5,7)
  [Team B] Паук B8 (0,2,7) → MINE (1,3,7)
  [Team C] Тишина C5 (2,7,8) → PHASE toggle
! 🎮 GM: принудительно завершает фазу планирования
GM: end_planning
# 
============================================================
# 🔄 ОБРАБОТКА ХОДА 14
# ============================================================
   🌀 Тишина C5: фаза ВКЛ
   🪞 Провокатор A7 создал голограмму H9 в (5,5,8)
   💣 Паук A8 установил мину M13 в (2,6,7)
!    ⚠️ Паук B8: в клетке уже стоит мина

📦 ПЕРЕМЕЩЕНИЯ:
!    ⚠️ Тишина B5: клетка (2,5,7) занята

🎯 ВЫСТРЕЛЫ:
   Выпущено ракет: 0
# 
📊 РЕЗУЛЬТАТЫ ХОДА 14:
🎯 Попаданий нет

--- Результаты хода ---
  Попаданий нет

--- Состояние команд после хода ---
  Team A: живых 2/8
    ✓ Провокатор A7      @ (6,4,7) hp=2/2
    ✓ Паук A8            @ (2,5,7) hp=1/1
    ✗ Артиллерия A1      @ (3,5,7) [уничтожен]
    ✗ Радиовышка A2      @ (3,6,8) [уничтожен]
    ✗ Прыгун A3          @ (2,8,8) [уничтожен]
    ✗ Факел A4           @ (4,5,7) [уничтожен]
    ✗ Тишина A5          @ (3,8,9) [уничтожен]
    ✗ Бурав A6           @ (3,2,7) [уничтожен]
  Team B: живых 2/8
    ✓ Тишина B5          @ (3,4,8) hp=2/2
    ✓ Паук B8            @ (0,2,7) hp=1/1
    ✗ Артиллерия B1      @ (6,2,7) [уничтожен]
    ✗ Радиовышка B2      @ (8,3,7) [уничтожен]
    ✗ Прыгун B3          @ (4,3,8) [уничтожен]
    ✗ Факел B4           @ (3,2,7) [уничтожен]
    ✗ Бурав B6           @ (3,6,8) [уничтожен]
    ✗ Провокатор B7      @ (8,2,7) [уничтожен]
  Team C: живых 1/8
    ✓ Тишина C5          @ (2,7,8) hp=2/2
    ✗ Артиллерия C1      @ (3,7,9) [уничтожен]
    ✗ Радиовышка C2      @ (3,5,8) [уничтожен]
    ✗ Прыгун C3          @ (3,1,9) [уничтожен]
    ✗ Факел C4           @ (3,7,8) [уничтожен]
    ✗ Бурав C6           @ (3,2,7) [уничтожен]
    ✗ Провокатор C7      @ (3,0,9) [уничтожен]
    ✗ Паук C8            @ (3,9,9) [уничтожен]

======================================================================
ХОД 15
======================================================================
✓ 🎮 GM: начинаем ход
GM: start_turn

--- Радиовышки: сканирование слоя Z ---
  (у команд не осталось живых радиовышек)

--- Решения ботов ---
  [Team A] Провокатор A7 (6,4,7) → MOVE (5,3,7)
  [Team A] Паук A8 (2,5,7) → MINE (1,4,7)
  [Team B] Тишина B5 (3,4,8) → MOVE (2,5,7)
  [Team B] Паук B8 (0,2,7) → MINE (1,3,7)
  [Team C] Тишина C5 (2,7,8) → MOVE (2,6,7)
! 🎮 GM: принудительно завершает фазу планирования
GM: end_planning
# 
============================================================
# 🔄 ОБРАБОТКА ХОДА 15
# ============================================================
!    ⚠️ Паук A8: в клетке уже стоит мина
!    ⚠️ Паук B8: в клетке уже стоит мина

📦 ПЕРЕМЕЩЕНИЯ:
   Провокатор A7: (6, 4, 7) → (5,3,7)
!    ⚠️ Тишина B5: клетка (2,5,7) занята
   Тишина C5: (2, 7, 8) → (2,6,7)
!    💥 Мина M13 сработала под Тишина C5 (урон 0)

🎯 ВЫСТРЕЛЫ:
   Выпущено ракет: 0
# 
📊 РЕЗУЛЬТАТЫ ХОДА 15:
🎯 Попаданий нет

--- Результаты хода ---
  ? / ?                  → Team C / Тишина C5          @ (2,6,7)  (ранен)

--- Состояние команд после хода ---
  Team A: живых 2/8
    ✓ Провокатор A7      @ (5,3,7) hp=2/2
    ✓ Паук A8            @ (2,5,7) hp=1/1
    ✗ Артиллерия A1      @ (3,5,7) [уничтожен]
    ✗ Радиовышка A2      @ (3,6,8) [уничтожен]
    ✗ Прыгун A3          @ (2,8,8) [уничтожен]
    ✗ Факел A4           @ (4,5,7) [уничтожен]
    ✗ Тишина A5          @ (3,8,9) [уничтожен]
    ✗ Бурав A6           @ (3,2,7) [уничтожен]
  Team B: живых 2/8
    ✓ Тишина B5          @ (3,4,8) hp=2/2
    ✓ Паук B8            @ (0,2,7) hp=1/1
    ✗ Артиллерия B1      @ (6,2,7) [уничтожен]
    ✗ Радиовышка B2      @ (8,3,7) [уничтожен]
    ✗ Прыгун B3          @ (4,3,8) [уничтожен]
    ✗ Факел B4           @ (3,2,7) [уничтожен]
    ✗ Бурав B6           @ (3,6,8) [уничтожен]
    ✗ Провокатор B7      @ (8,2,7) [уничтожен]
  Team C: живых 1/8
    ✓ Тишина C5          @ (2,6,7) hp=2/2
    ✗ Артиллерия C1      @ (3,7,9) [уничтожен]
    ✗ Радиовышка C2      @ (3,5,8) [уничтожен]
    ✗ Прыгун C3          @ (3,1,9) [уничтожен]
    ✗ Факел C4           @ (3,7,8) [уничтожен]
    ✗ Бурав C6           @ (3,2,7) [уничтожен]
    ✗ Провокатор C7      @ (3,0,9) [уничтожен]
    ✗ Паук C8            @ (3,9,9) [уничтожен]

======================================================================
ХОД 16
======================================================================
✓ 🎮 GM: начинаем ход
GM: start_turn

--- Радиовышки: сканирование слоя Z ---
  (у команд не осталось живых радиовышек)

--- Решения ботов ---
  [Team A] Провокатор A7 (5,3,7) → HOLOGRAM (4,2,7)
  [Team A] Паук A8 (2,5,7) → MINE (1,4,7)
  [Team B] Тишина B5 (3,4,8) → MOVE (2,5,7)
  [Team B] Паук B8 (0,2,7) → MINE (1,3,7)
  [Team C] Тишина C5 (2,6,7) → MOVE (2,5,7)
! 🎮 GM: принудительно завершает фазу планирования
GM: end_planning
# 
============================================================
# 🔄 ОБРАБОТКА ХОДА 16
# ============================================================
   🪞 Провокатор A7 создал голограмму H10 в (4,2,7)
!    ⚠️ Паук A8: в клетке уже стоит мина
!    ⚠️ Паук B8: в клетке уже стоит мина

📦 ПЕРЕМЕЩЕНИЯ:
!    ⚠️ Тишина B5: клетка (2,5,7) занята
!    ⚠️ Тишина C5: клетка (2,5,7) занята

🎯 ВЫСТРЕЛЫ:
   Выпущено ракет: 0
# 
📊 РЕЗУЛЬТАТЫ ХОДА 16:
🎯 Попаданий нет

--- Результаты хода ---
  Попаданий нет

--- Состояние команд после хода ---
  Team A: живых 2/8
    ✓ Провокатор A7      @ (5,3,7) hp=2/2
    ✓ Паук A8            @ (2,5,7) hp=1/1
    ✗ Артиллерия A1      @ (3,5,7) [уничтожен]
    ✗ Радиовышка A2      @ (3,6,8) [уничтожен]
    ✗ Прыгун A3          @ (2,8,8) [уничтожен]
    ✗ Факел A4           @ (4,5,7) [уничтожен]
    ✗ Тишина A5          @ (3,8,9) [уничтожен]
    ✗ Бурав A6           @ (3,2,7) [уничтожен]
  Team B: живых 2/8
    ✓ Тишина B5          @ (3,4,8) hp=2/2
    ✓ Паук B8            @ (0,2,7) hp=1/1
    ✗ Артиллерия B1      @ (6,2,7) [уничтожен]
    ✗ Радиовышка B2      @ (8,3,7) [уничтожен]
    ✗ Прыгун B3          @ (4,3,8) [уничтожен]
    ✗ Факел B4           @ (3,2,7) [уничтожен]
    ✗ Бурав B6           @ (3,6,8) [уничтожен]
    ✗ Провокатор B7      @ (8,2,7) [уничтожен]
  Team C: живых 1/8
    ✓ Тишина C5          @ (2,6,7) hp=2/2
    ✗ Артиллерия C1      @ (3,7,9) [уничтожен]
    ✗ Радиовышка C2      @ (3,5,8) [уничтожен]
    ✗ Прыгун C3          @ (3,1,9) [уничтожен]
    ✗ Факел C4           @ (3,7,8) [уничтожен]
    ✗ Бурав C6           @ (3,2,7) [уничтожен]
    ✗ Провокатор C7      @ (3,0,9) [уничтожен]
    ✗ Паук C8            @ (3,9,9) [уничтожен]

======================================================================
ХОД 17
======================================================================
✓ 🎮 GM: начинаем ход
GM: start_turn

--- Радиовышки: сканирование слоя Z ---
  (у команд не осталось живых радиовышек)

--- Решения ботов ---
  [Team A] Провокатор A7 (5,3,7) → HOLOGRAM (4,2,7)
  [Team A] Паук A8 (2,5,7) → MINE (1,4,7)
  [Team B] Тишина B5 (3,4,8) → MOVE (2,5,7)
  [Team B] Паук B8 (0,2,7) → MINE (1,3,7)
  [Team C] Тишина C5 (2,6,7) → MOVE (2,5,7)
! 🎮 GM: принудительно завершает фазу планирования
GM: end_planning
# 
============================================================
# 🔄 ОБРАБОТКА ХОДА 17
# ============================================================
!    ⚠️ Провокатор A7: клетка (4,2,7) уже занята голограммой
!    ⚠️ Паук A8: в клетке уже стоит мина
!    ⚠️ Паук B8: в клетке уже стоит мина

📦 ПЕРЕМЕЩЕНИЯ:
!    ⚠️ Тишина B5: клетка (2,5,7) занята
!    ⚠️ Тишина C5: клетка (2,5,7) занята

🎯 ВЫСТРЕЛЫ:
   Выпущено ракет: 0
# 
📊 РЕЗУЛЬТАТЫ ХОДА 17:
🎯 Попаданий нет

--- Результаты хода ---
  Попаданий нет

--- Состояние команд после хода ---
  Team A: живых 2/8
    ✓ Провокатор A7      @ (5,3,7) hp=2/2
    ✓ Паук A8            @ (2,5,7) hp=1/1
    ✗ Артиллерия A1      @ (3,5,7) [уничтожен]
    ✗ Радиовышка A2      @ (3,6,8) [уничтожен]
    ✗ Прыгун A3          @ (2,8,8) [уничтожен]
    ✗ Факел A4           @ (4,5,7) [уничтожен]
    ✗ Тишина A5          @ (3,8,9) [уничтожен]
    ✗ Бурав A6           @ (3,2,7) [уничтожен]
  Team B: живых 2/8
    ✓ Тишина B5          @ (3,4,8) hp=2/2
    ✓ Паук B8            @ (0,2,7) hp=1/1
    ✗ Артиллерия B1      @ (6,2,7) [уничтожен]
    ✗ Радиовышка B2      @ (8,3,7) [уничтожен]
    ✗ Прыгун B3          @ (4,3,8) [уничтожен]
    ✗ Факел B4           @ (3,2,7) [уничтожен]
    ✗ Бурав B6           @ (3,6,8) [уничтожен]
    ✗ Провокатор B7      @ (8,2,7) [уничтожен]
  Team C: живых 1/8
    ✓ Тишина C5          @ (2,6,7) hp=2/2
    ✗ Артиллерия C1      @ (3,7,9) [уничтожен]
    ✗ Радиовышка C2      @ (3,5,8) [уничтожен]
    ✗ Прыгун C3          @ (3,1,9) [уничтожен]
    ✗ Факел C4           @ (3,7,8) [уничтожен]
    ✗ Бурав C6           @ (3,2,7) [уничтожен]
    ✗ Провокатор C7      @ (3,0,9) [уничтожен]
    ✗ Паук C8            @ (3,9,9) [уничтожен]

======================================================================
ХОД 18
======================================================================
✓ 🎮 GM: начинаем ход
GM: start_turn

--- Радиовышки: сканирование слоя Z ---
  (у команд не осталось живых радиовышек)

--- Решения ботов ---
  [Team A] Провокатор A7 (5,3,7) → HOLOGRAM (4,2,7)
  [Team A] Паук A8 (2,5,7) → MINE (1,4,7)
  [Team B] Тишина B5 (3,4,8) → MOVE (2,5,7)
  [Team B] Паук B8 (0,2,7) → MINE (1,3,7)
  [Team C] Тишина C5 (2,6,7) → MOVE (2,5,7)
! 🎮 GM: принудительно завершает фазу планирования
GM: end_planning
# 
============================================================
# 🔄 ОБРАБОТКА ХОДА 18
# ============================================================
!    ⚠️ Провокатор A7: клетка (4,2,7) уже занята голограммой
!    ⚠️ Паук A8: в клетке уже стоит мина
!    ⚠️ Паук B8: в клетке уже стоит мина

📦 ПЕРЕМЕЩЕНИЯ:
!    ⚠️ Тишина B5: клетка (2,5,7) занята
!    ⚠️ Тишина C5: клетка (2,5,7) занята

🎯 ВЫСТРЕЛЫ:
   Выпущено ракет: 0
# 
📊 РЕЗУЛЬТАТЫ ХОДА 18:
🎯 Попаданий нет

--- Результаты хода ---
  Попаданий нет

--- Состояние команд после хода ---
  Team A: живых 2/8
    ✓ Провокатор A7      @ (5,3,7) hp=2/2
    ✓ Паук A8            @ (2,5,7) hp=1/1
    ✗ Артиллерия A1      @ (3,5,7) [уничтожен]
    ✗ Радиовышка A2      @ (3,6,8) [уничтожен]
    ✗ Прыгун A3          @ (2,8,8) [уничтожен]
    ✗ Факел A4           @ (4,5,7) [уничтожен]
    ✗ Тишина A5          @ (3,8,9) [уничтожен]
    ✗ Бурав A6           @ (3,2,7) [уничтожен]
  Team B: живых 2/8
    ✓ Тишина B5          @ (3,4,8) hp=2/2
    ✓ Паук B8            @ (0,2,7) hp=1/1
    ✗ Артиллерия B1      @ (6,2,7) [уничтожен]
    ✗ Радиовышка B2      @ (8,3,7) [уничтожен]
    ✗ Прыгун B3          @ (4,3,8) [уничтожен]
    ✗ Факел B4           @ (3,2,7) [уничтожен]
    ✗ Бурав B6           @ (3,6,8) [уничтожен]
    ✗ Провокатор B7      @ (8,2,7) [уничтожен]
  Team C: живых 1/8
    ✓ Тишина C5          @ (2,6,7) hp=2/2
    ✗ Артиллерия C1      @ (3,7,9) [уничтожен]
    ✗ Радиовышка C2      @ (3,5,8) [уничтожен]
    ✗ Прыгун C3          @ (3,1,9) [уничтожен]
    ✗ Факел C4           @ (3,7,8) [уничтожен]
    ✗ Бурав C6           @ (3,2,7) [уничтожен]
    ✗ Провокатор C7      @ (3,0,9) [уничтожен]
    ✗ Паук C8            @ (3,9,9) [уничтожен]

======================================================================
ХОД 19
======================================================================
✓ 🎮 GM: начинаем ход
GM: start_turn

--- Радиовышки: сканирование слоя Z ---
  (у команд не осталось живых радиовышек)

--- Решения ботов ---
  [Team A] Провокатор A7 (5,3,7) → HOLOGRAM (4,2,7)
  [Team A] Паук A8 (2,5,7) → MINE (1,4,7)
  [Team B] Тишина B5 (3,4,8) → MOVE (2,5,7)
  [Team B] Паук B8 (0,2,7) → MINE (1,3,7)
  [Team C] Тишина C5 (2,6,7) → MOVE (2,5,7)
! 🎮 GM: принудительно завершает фазу планирования
GM: end_planning
# 
============================================================
# 🔄 ОБРАБОТКА ХОДА 19
# ============================================================
!    ⚠️ Провокатор A7: клетка (4,2,7) уже занята голограммой
!    ⚠️ Паук A8: в клетке уже стоит мина
!    ⚠️ Паук B8: в клетке уже стоит мина

📦 ПЕРЕМЕЩЕНИЯ:
!    ⚠️ Тишина B5: клетка (2,5,7) занята
!    ⚠️ Тишина C5: клетка (2,5,7) занята

🎯 ВЫСТРЕЛЫ:
   Выпущено ракет: 0
# 
📊 РЕЗУЛЬТАТЫ ХОДА 19:
🎯 Попаданий нет

--- Результаты хода ---
  Попаданий нет

--- Состояние команд после хода ---
  Team A: живых 2/8
    ✓ Провокатор A7      @ (5,3,7) hp=2/2
    ✓ Паук A8            @ (2,5,7) hp=1/1
    ✗ Артиллерия A1      @ (3,5,7) [уничтожен]
    ✗ Радиовышка A2      @ (3,6,8) [уничтожен]
    ✗ Прыгун A3          @ (2,8,8) [уничтожен]
    ✗ Факел A4           @ (4,5,7) [уничтожен]
    ✗ Тишина A5          @ (3,8,9) [уничтожен]
    ✗ Бурав A6           @ (3,2,7) [уничтожен]
  Team B: живых 2/8
    ✓ Тишина B5          @ (3,4,8) hp=2/2
    ✓ Паук B8            @ (0,2,7) hp=1/1
    ✗ Артиллерия B1      @ (6,2,7) [уничтожен]
    ✗ Радиовышка B2      @ (8,3,7) [уничтожен]
    ✗ Прыгун B3          @ (4,3,8) [уничтожен]
    ✗ Факел B4           @ (3,2,7) [уничтожен]
    ✗ Бурав B6           @ (3,6,8) [уничтожен]
    ✗ Провокатор B7      @ (8,2,7) [уничтожен]
  Team C: живых 1/8
    ✓ Тишина C5          @ (2,6,7) hp=2/2
    ✗ Артиллерия C1      @ (3,7,9) [уничтожен]
    ✗ Радиовышка C2      @ (3,5,8) [уничтожен]
    ✗ Прыгун C3          @ (3,1,9) [уничтожен]
    ✗ Факел C4           @ (3,7,8) [уничтожен]
    ✗ Бурав C6           @ (3,2,7) [уничтожен]
    ✗ Провокатор C7      @ (3,0,9) [уничтожен]
    ✗ Паук C8            @ (3,9,9) [уничтожен]

======================================================================
ХОД 20
======================================================================
✓ 🎮 GM: начинаем ход
GM: start_turn

--- Радиовышки: сканирование слоя Z ---
  (у команд не осталось живых радиовышек)

--- Решения ботов ---
  [Team A] Провокатор A7 (5,3,7) → HOLOGRAM (4,2,7)
  [Team A] Паук A8 (2,5,7) → MINE (1,4,7)
  [Team B] Тишина B5 (3,4,8) → MOVE (2,5,7)
  [Team B] Паук B8 (0,2,7) → MINE (1,3,7)
  [Team C] Тишина C5 (2,6,7) → MOVE (2,5,7)
! 🎮 GM: принудительно завершает фазу планирования
GM: end_planning
# 
============================================================
# 🔄 ОБРАБОТКА ХОДА 20
# ============================================================
!    ⚠️ Провокатор A7: клетка (4,2,7) уже занята голограммой
!    ⚠️ Паук A8: в клетке уже стоит мина
!    ⚠️ Паук B8: в клетке уже стоит мина

📦 ПЕРЕМЕЩЕНИЯ:
!    ⚠️ Тишина B5: клетка (2,5,7) занята
!    ⚠️ Тишина C5: клетка (2,5,7) занята

🎯 ВЫСТРЕЛЫ:
   Выпущено ракет: 0
# 
📊 РЕЗУЛЬТАТЫ ХОДА 20:
🎯 Попаданий нет

--- Результаты хода ---
  Попаданий нет

--- Состояние команд после хода ---
  Team A: живых 2/8
    ✓ Провокатор A7      @ (5,3,7) hp=2/2
    ✓ Паук A8            @ (2,5,7) hp=1/1
    ✗ Артиллерия A1      @ (3,5,7) [уничтожен]
    ✗ Радиовышка A2      @ (3,6,8) [уничтожен]
    ✗ Прыгун A3          @ (2,8,8) [уничтожен]
    ✗ Факел A4           @ (4,5,7) [уничтожен]
    ✗ Тишина A5          @ (3,8,9) [уничтожен]
    ✗ Бурав A6           @ (3,2,7) [уничтожен]
  Team B: живых 2/8
    ✓ Тишина B5          @ (3,4,8) hp=2/2
    ✓ Паук B8            @ (0,2,7) hp=1/1
    ✗ Артиллерия B1      @ (6,2,7) [уничтожен]
    ✗ Радиовышка B2      @ (8,3,7) [уничтожен]
    ✗ Прыгун B3          @ (4,3,8) [уничтожен]
    ✗ Факел B4           @ (3,2,7) [уничтожен]
    ✗ Бурав B6           @ (3,6,8) [уничтожен]
    ✗ Провокатор B7      @ (8,2,7) [уничтожен]
  Team C: живых 1/8
    ✓ Тишина C5          @ (2,6,7) hp=2/2
    ✗ Артиллерия C1      @ (3,7,9) [уничтожен]
    ✗ Радиовышка C2      @ (3,5,8) [уничтожен]
    ✗ Прыгун C3          @ (3,1,9) [уничтожен]
    ✗ Факел C4           @ (3,7,8) [уничтожен]
    ✗ Бурав C6           @ (3,2,7) [уничтожен]
    ✗ Провокатор C7      @ (3,0,9) [уничтожен]
    ✗ Паук C8            @ (3,9,9) [уничтожен]

======================================================================
ХОД 21
======================================================================
✓ 🎮 GM: начинаем ход
GM: start_turn

--- Радиовышки: сканирование слоя Z ---
  (у команд не осталось живых радиовышек)

--- Решения ботов ---
  [Team A] Провокатор A7 (5,3,7) → HOLOGRAM (4,2,7)
  [Team A] Паук A8 (2,5,7) → MINE (1,4,7)
  [Team B] Тишина B5 (3,4,8) → MOVE (2,5,7)
  [Team B] Паук B8 (0,2,7) → MINE (1,3,7)
  [Team C] Тишина C5 (2,6,7) → MOVE (2,5,7)
! 🎮 GM: принудительно завершает фазу планирования
GM: end_planning
# 
============================================================
# 🔄 ОБРАБОТКА ХОДА 21
# ============================================================
!    ⚠️ Провокатор A7: клетка (4,2,7) уже занята голограммой
!    ⚠️ Паук A8: в клетке уже стоит мина
!    ⚠️ Паук B8: в клетке уже стоит мина

📦 ПЕРЕМЕЩЕНИЯ:
!    ⚠️ Тишина B5: клетка (2,5,7) занята
!    ⚠️ Тишина C5: клетка (2,5,7) занята

🎯 ВЫСТРЕЛЫ:
   Выпущено ракет: 0
# 
📊 РЕЗУЛЬТАТЫ ХОДА 21:
🎯 Попаданий нет

--- Результаты хода ---
  Попаданий нет

--- Состояние команд после хода ---
  Team A: живых 2/8
    ✓ Провокатор A7      @ (5,3,7) hp=2/2
    ✓ Паук A8            @ (2,5,7) hp=1/1
    ✗ Артиллерия A1      @ (3,5,7) [уничтожен]
    ✗ Радиовышка A2      @ (3,6,8) [уничтожен]
    ✗ Прыгун A3          @ (2,8,8) [уничтожен]
    ✗ Факел A4           @ (4,5,7) [уничтожен]
    ✗ Тишина A5          @ (3,8,9) [уничтожен]
    ✗ Бурав A6           @ (3,2,7) [уничтожен]
  Team B: живых 2/8
    ✓ Тишина B5          @ (3,4,8) hp=2/2
    ✓ Паук B8            @ (0,2,7) hp=1/1
    ✗ Артиллерия B1      @ (6,2,7) [уничтожен]
    ✗ Радиовышка B2      @ (8,3,7) [уничтожен]
    ✗ Прыгун B3          @ (4,3,8) [уничтожен]
    ✗ Факел B4           @ (3,2,7) [уничтожен]
    ✗ Бурав B6           @ (3,6,8) [уничтожен]
    ✗ Провокатор B7      @ (8,2,7) [уничтожен]
  Team C: живых 1/8
    ✓ Тишина C5          @ (2,6,7) hp=2/2
    ✗ Артиллерия C1      @ (3,7,9) [уничтожен]
    ✗ Радиовышка C2      @ (3,5,8) [уничтожен]
    ✗ Прыгун C3          @ (3,1,9) [уничтожен]
    ✗ Факел C4           @ (3,7,8) [уничтожен]
    ✗ Бурав C6           @ (3,2,7) [уничтожен]
    ✗ Провокатор C7      @ (3,0,9) [уничтожен]
    ✗ Паук C8            @ (3,9,9) [уничтожен]

======================================================================
ХОД 22
======================================================================
✓ 🎮 GM: начинаем ход
GM: start_turn

--- Радиовышки: сканирование слоя Z ---
  (у команд не осталось живых радиовышек)

--- Решения ботов ---
  [Team A] Провокатор A7 (5,3,7) → HOLOGRAM (4,2,7)
  [Team A] Паук A8 (2,5,7) → MINE (1,4,7)
  [Team B] Тишина B5 (3,4,8) → MOVE (2,5,7)
  [Team B] Паук B8 (0,2,7) → MINE (1,3,7)
  [Team C] Тишина C5 (2,6,7) → MOVE (2,5,7)
! 🎮 GM: принудительно завершает фазу планирования
GM: end_planning
# 
============================================================
# 🔄 ОБРАБОТКА ХОДА 22
# ============================================================
!    ⚠️ Провокатор A7: клетка (4,2,7) уже занята голограммой
!    ⚠️ Паук A8: в клетке уже стоит мина
!    ⚠️ Паук B8: в клетке уже стоит мина

📦 ПЕРЕМЕЩЕНИЯ:
!    ⚠️ Тишина B5: клетка (2,5,7) занята
!    ⚠️ Тишина C5: клетка (2,5,7) занята

🎯 ВЫСТРЕЛЫ:
   Выпущено ракет: 0
# 
📊 РЕЗУЛЬТАТЫ ХОДА 22:
🎯 Попаданий нет

--- Результаты хода ---
  Попаданий нет

--- Состояние команд после хода ---
  Team A: живых 2/8
    ✓ Провокатор A7      @ (5,3,7) hp=2/2
    ✓ Паук A8            @ (2,5,7) hp=1/1
    ✗ Артиллерия A1      @ (3,5,7) [уничтожен]
    ✗ Радиовышка A2      @ (3,6,8) [уничтожен]
    ✗ Прыгун A3          @ (2,8,8) [уничтожен]
    ✗ Факел A4           @ (4,5,7) [уничтожен]
    ✗ Тишина A5          @ (3,8,9) [уничтожен]
    ✗ Бурав A6           @ (3,2,7) [уничтожен]
  Team B: живых 2/8
    ✓ Тишина B5          @ (3,4,8) hp=2/2
    ✓ Паук B8            @ (0,2,7) hp=1/1
    ✗ Артиллерия B1      @ (6,2,7) [уничтожен]
    ✗ Радиовышка B2      @ (8,3,7) [уничтожен]
    ✗ Прыгун B3          @ (4,3,8) [уничтожен]
    ✗ Факел B4           @ (3,2,7) [уничтожен]
    ✗ Бурав B6           @ (3,6,8) [уничтожен]
    ✗ Провокатор B7      @ (8,2,7) [уничтожен]
  Team C: живых 1/8
    ✓ Тишина C5          @ (2,6,7) hp=2/2
    ✗ Артиллерия C1      @ (3,7,9) [уничтожен]
    ✗ Радиовышка C2      @ (3,5,8) [уничтожен]
    ✗ Прыгун C3          @ (3,1,9) [уничтожен]
    ✗ Факел C4           @ (3,7,8) [уничтожен]
    ✗ Бурав C6           @ (3,2,7) [уничтожен]
    ✗ Провокатор C7      @ (3,0,9) [уничтожен]
    ✗ Паук C8            @ (3,9,9) [уничтожен]

======================================================================
ХОД 23
======================================================================
✓ 🎮 GM: начинаем ход
GM: start_turn

--- Радиовышки: сканирование слоя Z ---
  (у команд не осталось живых радиовышек)

--- Решения ботов ---
  [Team A] Провокатор A7 (5,3,7) → HOLOGRAM (4,2,7)
  [Team A] Паук A8 (2,5,7) → MINE (1,4,7)
  [Team B] Тишина B5 (3,4,8) → MOVE (2,5,7)
  [Team B] Паук B8 (0,2,7) → MINE (1,3,7)
  [Team C] Тишина C5 (2,6,7) → MOVE (2,5,7)
! 🎮 GM: принудительно завершает фазу планирования
GM: end_planning
# 
============================================================
# 🔄 ОБРАБОТКА ХОДА 23
# ============================================================
!    ⚠️ Провокатор A7: клетка (4,2,7) уже занята голограммой
!    ⚠️ Паук A8: в клетке уже стоит мина
!    ⚠️ Паук B8: в клетке уже стоит мина

📦 ПЕРЕМЕЩЕНИЯ:
!    ⚠️ Тишина B5: клетка (2,5,7) занята
!    ⚠️ Тишина C5: клетка (2,5,7) занята

🎯 ВЫСТРЕЛЫ:
   Выпущено ракет: 0
# 
📊 РЕЗУЛЬТАТЫ ХОДА 23:
🎯 Попаданий нет

--- Результаты хода ---
  Попаданий нет

--- Состояние команд после хода ---
  Team A: живых 2/8
    ✓ Провокатор A7      @ (5,3,7) hp=2/2
    ✓ Паук A8            @ (2,5,7) hp=1/1
    ✗ Артиллерия A1      @ (3,5,7) [уничтожен]
    ✗ Радиовышка A2      @ (3,6,8) [уничтожен]
    ✗ Прыгун A3          @ (2,8,8) [уничтожен]
    ✗ Факел A4           @ (4,5,7) [уничтожен]
    ✗ Тишина A5          @ (3,8,9) [уничтожен]
    ✗ Бурав A6           @ (3,2,7) [уничтожен]
  Team B: живых 2/8
    ✓ Тишина B5          @ (3,4,8) hp=2/2
    ✓ Паук B8            @ (0,2,7) hp=1/1
    ✗ Артиллерия B1      @ (6,2,7) [уничтожен]
    ✗ Радиовышка B2      @ (8,3,7) [уничтожен]
    ✗ Прыгун B3          @ (4,3,8) [уничтожен]
    ✗ Факел B4           @ (3,2,7) [уничтожен]
    ✗ Бурав B6           @ (3,6,8) [уничтожен]
    ✗ Провокатор B7      @ (8,2,7) [уничтожен]
  Team C: живых 1/8
    ✓ Тишина C5          @ (2,6,7) hp=2/2
    ✗ Артиллерия C1      @ (3,7,9) [уничтожен]
    ✗ Радиовышка C2      @ (3,5,8) [уничтожен]
    ✗ Прыгун C3          @ (3,1,9) [уничтожен]
    ✗ Факел C4           @ (3,7,8) [уничтожен]
    ✗ Бурав C6           @ (3,2,7) [уничтожен]
    ✗ Провокатор C7      @ (3,0,9) [уничтожен]
    ✗ Паук C8            @ (3,9,9) [уничтожен]

======================================================================
ХОД 24
======================================================================
✓ 🎮 GM: начинаем ход
GM: start_turn

--- Радиовышки: сканирование слоя Z ---
  (у команд не осталось живых радиовышек)

--- Решения ботов ---
  [Team A] Провокатор A7 (5,3,7) → HOLOGRAM (4,2,7)
  [Team A] Паук A8 (2,5,7) → MINE (1,4,7)
  [Team B] Тишина B5 (3,4,8) → MOVE (2,5,7)
  [Team B] Паук B8 (0,2,7) → MINE (1,3,7)
  [Team C] Тишина C5 (2,6,7) → MOVE (2,5,7)
! 🎮 GM: принудительно завершает фазу планирования
GM: end_planning
# 
============================================================
# 🔄 ОБРАБОТКА ХОДА 24
# ============================================================
!    ⚠️ Провокатор A7: клетка (4,2,7) уже занята голограммой
!    ⚠️ Паук A8: в клетке уже стоит мина
!    ⚠️ Паук B8: в клетке уже стоит мина

📦 ПЕРЕМЕЩЕНИЯ:
!    ⚠️ Тишина B5: клетка (2,5,7) занята
!    ⚠️ Тишина C5: клетка (2,5,7) занята

🎯 ВЫСТРЕЛЫ:
   Выпущено ракет: 0
# 
📊 РЕЗУЛЬТАТЫ ХОДА 24:
🎯 Попаданий нет

--- Результаты хода ---
  Попаданий нет

--- Состояние команд после хода ---
  Team A: живых 2/8
    ✓ Провокатор A7      @ (5,3,7) hp=2/2
    ✓ Паук A8            @ (2,5,7) hp=1/1
    ✗ Артиллерия A1      @ (3,5,7) [уничтожен]
    ✗ Радиовышка A2      @ (3,6,8) [уничтожен]
    ✗ Прыгун A3          @ (2,8,8) [уничтожен]
    ✗ Факел A4           @ (4,5,7) [уничтожен]
    ✗ Тишина A5          @ (3,8,9) [уничтожен]
    ✗ Бурав A6           @ (3,2,7) [уничтожен]
  Team B: живых 2/8
    ✓ Тишина B5          @ (3,4,8) hp=2/2
    ✓ Паук B8            @ (0,2,7) hp=1/1
    ✗ Артиллерия B1      @ (6,2,7) [уничтожен]
    ✗ Радиовышка B2      @ (8,3,7) [уничтожен]
    ✗ Прыгун B3          @ (4,3,8) [уничтожен]
    ✗ Факел B4           @ (3,2,7) [уничтожен]
    ✗ Бурав B6           @ (3,6,8) [уничтожен]
    ✗ Провокатор B7      @ (8,2,7) [уничтожен]
  Team C: живых 1/8
    ✓ Тишина C5          @ (2,6,7) hp=2/2
    ✗ Артиллерия C1      @ (3,7,9) [уничтожен]
    ✗ Радиовышка C2      @ (3,5,8) [уничтожен]
    ✗ Прыгун C3          @ (3,1,9) [уничтожен]
    ✗ Факел C4           @ (3,7,8) [уничтожен]
    ✗ Бурав C6           @ (3,2,7) [уничтожен]
    ✗ Провокатор C7      @ (3,0,9) [уничтожен]
    ✗ Паук C8            @ (3,9,9) [уничтожен]

======================================================================
ХОД 25
======================================================================
✓ 🎮 GM: начинаем ход
GM: start_turn

--- Радиовышки: сканирование слоя Z ---
  (у команд не осталось живых радиовышек)

--- Решения ботов ---
  [Team A] Провокатор A7 (5,3,7) → HOLOGRAM (4,2,7)
  [Team A] Паук A8 (2,5,7) → MINE (1,4,7)
  [Team B] Тишина B5 (3,4,8) → MOVE (2,5,7)
  [Team B] Паук B8 (0,2,7) → MINE (1,3,7)
  [Team C] Тишина C5 (2,6,7) → MOVE (2,5,7)
! 🎮 GM: принудительно завершает фазу планирования
GM: end_planning
# 
============================================================
# 🔄 ОБРАБОТКА ХОДА 25
# ============================================================
!    ⚠️ Провокатор A7: клетка (4,2,7) уже занята голограммой
!    ⚠️ Паук A8: в клетке уже стоит мина
!    ⚠️ Паук B8: в клетке уже стоит мина

📦 ПЕРЕМЕЩЕНИЯ:
!    ⚠️ Тишина B5: клетка (2,5,7) занята
!    ⚠️ Тишина C5: клетка (2,5,7) занята

🎯 ВЫСТРЕЛЫ:
   Выпущено ракет: 0
# 
📊 РЕЗУЛЬТАТЫ ХОДА 25:
🎯 Попаданий нет

--- Результаты хода ---
  Попаданий нет

--- Состояние команд после хода ---
  Team A: живых 2/8
    ✓ Провокатор A7      @ (5,3,7) hp=2/2
    ✓ Паук A8            @ (2,5,7) hp=1/1
    ✗ Артиллерия A1      @ (3,5,7) [уничтожен]
    ✗ Радиовышка A2      @ (3,6,8) [уничтожен]
    ✗ Прыгун A3          @ (2,8,8) [уничтожен]
    ✗ Факел A4           @ (4,5,7) [уничтожен]
    ✗ Тишина A5          @ (3,8,9) [уничтожен]
    ✗ Бурав A6           @ (3,2,7) [уничтожен]
  Team B: живых 2/8
    ✓ Тишина B5          @ (3,4,8) hp=2/2
    ✓ Паук B8            @ (0,2,7) hp=1/1
    ✗ Артиллерия B1      @ (6,2,7) [уничтожен]
    ✗ Радиовышка B2      @ (8,3,7) [уничтожен]
    ✗ Прыгун B3          @ (4,3,8) [уничтожен]
    ✗ Факел B4           @ (3,2,7) [уничтожен]
    ✗ Бурав B6           @ (3,6,8) [уничтожен]
    ✗ Провокатор B7      @ (8,2,7) [уничтожен]
  Team C: живых 1/8
    ✓ Тишина C5          @ (2,6,7) hp=2/2
    ✗ Артиллерия C1      @ (3,7,9) [уничтожен]
    ✗ Радиовышка C2      @ (3,5,8) [уничтожен]
    ✗ Прыгун C3          @ (3,1,9) [уничтожен]
    ✗ Факел C4           @ (3,7,8) [уничтожен]
    ✗ Бурав C6           @ (3,2,7) [уничтожен]
    ✗ Провокатор C7      @ (3,0,9) [уничтожен]
    ✗ Паук C8            @ (3,9,9) [уничтожен]

======================================================================
ХОД 26
======================================================================
✓ 🎮 GM: начинаем ход
GM: start_turn

--- Радиовышки: сканирование слоя Z ---
  (у команд не осталось живых радиовышек)

--- Решения ботов ---
  [Team A] Провокатор A7 (5,3,7) → HOLOGRAM (4,2,7)
  [Team A] Паук A8 (2,5,7) → MINE (1,4,7)
  [Team B] Тишина B5 (3,4,8) → MOVE (2,5,7)
  [Team B] Паук B8 (0,2,7) → MINE (1,3,7)
  [Team C] Тишина C5 (2,6,7) → MOVE (2,5,7)
! 🎮 GM: принудительно завершает фазу планирования
GM: end_planning
# 
============================================================
# 🔄 ОБРАБОТКА ХОДА 26
# ============================================================
!    ⚠️ Провокатор A7: клетка (4,2,7) уже занята голограммой
!    ⚠️ Паук A8: в клетке уже стоит мина
!    ⚠️ Паук B8: в клетке уже стоит мина

📦 ПЕРЕМЕЩЕНИЯ:
!    ⚠️ Тишина B5: клетка (2,5,7) занята
!    ⚠️ Тишина C5: клетка (2,5,7) занята

🎯 ВЫСТРЕЛЫ:
   Выпущено ракет: 0
# 
📊 РЕЗУЛЬТАТЫ ХОДА 26:
🎯 Попаданий нет

--- Результаты хода ---
  Попаданий нет

--- Состояние команд после хода ---
  Team A: живых 2/8
    ✓ Провокатор A7      @ (5,3,7) hp=2/2
    ✓ Паук A8            @ (2,5,7) hp=1/1
    ✗ Артиллерия A1      @ (3,5,7) [уничтожен]
    ✗ Радиовышка A2      @ (3,6,8) [уничтожен]
    ✗ Прыгун A3          @ (2,8,8) [уничтожен]
    ✗ Факел A4           @ (4,5,7) [уничтожен]
    ✗ Тишина A5          @ (3,8,9) [уничтожен]
    ✗ Бурав A6           @ (3,2,7) [уничтожен]
  Team B: живых 2/8
    ✓ Тишина B5          @ (3,4,8) hp=2/2
    ✓ Паук B8            @ (0,2,7) hp=1/1
    ✗ Артиллерия B1      @ (6,2,7) [уничтожен]
    ✗ Радиовышка B2      @ (8,3,7) [уничтожен]
    ✗ Прыгун B3          @ (4,3,8) [уничтожен]
    ✗ Факел B4           @ (3,2,7) [уничтожен]
    ✗ Бурав B6           @ (3,6,8) [уничтожен]
    ✗ Провокатор B7      @ (8,2,7) [уничтожен]
  Team C: живых 1/8
    ✓ Тишина C5          @ (2,6,7) hp=2/2
    ✗ Артиллерия C1      @ (3,7,9) [уничтожен]
    ✗ Радиовышка C2      @ (3,5,8) [уничтожен]
    ✗ Прыгун C3          @ (3,1,9) [уничтожен]
    ✗ Факел C4           @ (3,7,8) [уничтожен]
    ✗ Бурав C6           @ (3,2,7) [уничтожен]
    ✗ Провокатор C7      @ (3,0,9) [уничтожен]
    ✗ Паук C8            @ (3,9,9) [уничтожен]

======================================================================
ХОД 27
======================================================================
✓ 🎮 GM: начинаем ход
GM: start_turn

--- Радиовышки: сканирование слоя Z ---
  (у команд не осталось живых радиовышек)

--- Решения ботов ---
  [Team A] Провокатор A7 (5,3,7) → HOLOGRAM (4,2,7)
  [Team A] Паук A8 (2,5,7) → MINE (1,4,7)
  [Team B] Тишина B5 (3,4,8) → MOVE (2,5,7)
  [Team B] Паук B8 (0,2,7) → MINE (1,3,7)
  [Team C] Тишина C5 (2,6,7) → MOVE (2,5,7)
! 🎮 GM: принудительно завершает фазу планирования
GM: end_planning
# 
============================================================
# 🔄 ОБРАБОТКА ХОДА 27
# ============================================================
!    ⚠️ Провокатор A7: клетка (4,2,7) уже занята голограммой
!    ⚠️ Паук A8: в клетке уже стоит мина
!    ⚠️ Паук B8: в клетке уже стоит мина

📦 ПЕРЕМЕЩЕНИЯ:
!    ⚠️ Тишина B5: клетка (2,5,7) занята
!    ⚠️ Тишина C5: клетка (2,5,7) занята

🎯 ВЫСТРЕЛЫ:
   Выпущено ракет: 0
# 
📊 РЕЗУЛЬТАТЫ ХОДА 27:
🎯 Попаданий нет

--- Результаты хода ---
  Попаданий нет

--- Состояние команд после хода ---
  Team A: живых 2/8
    ✓ Провокатор A7      @ (5,3,7) hp=2/2
    ✓ Паук A8            @ (2,5,7) hp=1/1
    ✗ Артиллерия A1      @ (3,5,7) [уничтожен]
    ✗ Радиовышка A2      @ (3,6,8) [уничтожен]
    ✗ Прыгун A3          @ (2,8,8) [уничтожен]
    ✗ Факел A4           @ (4,5,7) [уничтожен]
    ✗ Тишина A5          @ (3,8,9) [уничтожен]
    ✗ Бурав A6           @ (3,2,7) [уничтожен]
  Team B: живых 2/8
    ✓ Тишина B5          @ (3,4,8) hp=2/2
    ✓ Паук B8            @ (0,2,7) hp=1/1
    ✗ Артиллерия B1      @ (6,2,7) [уничтожен]
    ✗ Радиовышка B2      @ (8,3,7) [уничтожен]
    ✗ Прыгун B3          @ (4,3,8) [уничтожен]
    ✗ Факел B4           @ (3,2,7) [уничтожен]
    ✗ Бурав B6           @ (3,6,8) [уничтожен]
    ✗ Провокатор B7      @ (8,2,7) [уничтожен]
  Team C: живых 1/8
    ✓ Тишина C5          @ (2,6,7) hp=2/2
    ✗ Артиллерия C1      @ (3,7,9) [уничтожен]
    ✗ Радиовышка C2      @ (3,5,8) [уничтожен]
    ✗ Прыгун C3          @ (3,1,9) [уничтожен]
    ✗ Факел C4           @ (3,7,8) [уничтожен]
    ✗ Бурав C6           @ (3,2,7) [уничтожен]
    ✗ Провокатор C7      @ (3,0,9) [уничтожен]
    ✗ Паук C8            @ (3,9,9) [уничтожен]

======================================================================
ХОД 28
======================================================================
✓ 🎮 GM: начинаем ход
GM: start_turn

--- Радиовышки: сканирование слоя Z ---
  (у команд не осталось живых радиовышек)

--- Решения ботов ---
  [Team A] Провокатор A7 (5,3,7) → HOLOGRAM (4,2,7)
  [Team A] Паук A8 (2,5,7) → MINE (1,4,7)
  [Team B] Тишина B5 (3,4,8) → MOVE (2,5,7)
  [Team B] Паук B8 (0,2,7) → MINE (1,3,7)
  [Team C] Тишина C5 (2,6,7) → MOVE (2,5,7)
! 🎮 GM: принудительно завершает фазу планирования
GM: end_planning
# 
============================================================
# 🔄 ОБРАБОТКА ХОДА 28
# ============================================================
!    ⚠️ Провокатор A7: клетка (4,2,7) уже занята голограммой
!    ⚠️ Паук A8: в клетке уже стоит мина
!    ⚠️ Паук B8: в клетке уже стоит мина

📦 ПЕРЕМЕЩЕНИЯ:
!    ⚠️ Тишина B5: клетка (2,5,7) занята
!    ⚠️ Тишина C5: клетка (2,5,7) занята

🎯 ВЫСТРЕЛЫ:
   Выпущено ракет: 0
# 
📊 РЕЗУЛЬТАТЫ ХОДА 28:
🎯 Попаданий нет

--- Результаты хода ---
  Попаданий нет

--- Состояние команд после хода ---
  Team A: живых 2/8
    ✓ Провокатор A7      @ (5,3,7) hp=2/2
    ✓ Паук A8            @ (2,5,7) hp=1/1
    ✗ Артиллерия A1      @ (3,5,7) [уничтожен]
    ✗ Радиовышка A2      @ (3,6,8) [уничтожен]
    ✗ Прыгун A3          @ (2,8,8) [уничтожен]
    ✗ Факел A4           @ (4,5,7) [уничтожен]
    ✗ Тишина A5          @ (3,8,9) [уничтожен]
    ✗ Бурав A6           @ (3,2,7) [уничтожен]
  Team B: живых 2/8
    ✓ Тишина B5          @ (3,4,8) hp=2/2
    ✓ Паук B8            @ (0,2,7) hp=1/1
    ✗ Артиллерия B1      @ (6,2,7) [уничтожен]
    ✗ Радиовышка B2      @ (8,3,7) [уничтожен]
    ✗ Прыгун B3          @ (4,3,8) [уничтожен]
    ✗ Факел B4           @ (3,2,7) [уничтожен]
    ✗ Бурав B6           @ (3,6,8) [уничтожен]
    ✗ Провокатор B7      @ (8,2,7) [уничтожен]
  Team C: живых 1/8
    ✓ Тишина C5          @ (2,6,7) hp=2/2
    ✗ Артиллерия C1      @ (3,7,9) [уничтожен]
    ✗ Радиовышка C2      @ (3,5,8) [уничтожен]
    ✗ Прыгун C3          @ (3,1,9) [уничтожен]
    ✗ Факел C4           @ (3,7,8) [уничтожен]
    ✗ Бурав C6           @ (3,2,7) [уничтожен]
    ✗ Провокатор C7      @ (3,0,9) [уничтожен]
    ✗ Паук C8            @ (3,9,9) [уничтожен]

======================================================================
ХОД 29
======================================================================
✓ 🎮 GM: начинаем ход
GM: start_turn

--- Радиовышки: сканирование слоя Z ---
  (у команд не осталось живых радиовышек)

--- Решения ботов ---
  [Team A] Провокатор A7 (5,3,7) → HOLOGRAM (4,2,7)
  [Team A] Паук A8 (2,5,7) → MINE (1,4,7)
  [Team B] Тишина B5 (3,4,8) → MOVE (2,5,7)
  [Team B] Паук B8 (0,2,7) → MINE (1,3,7)
  [Team C] Тишина C5 (2,6,7) → MOVE (2,5,7)
! 🎮 GM: принудительно завершает фазу планирования
GM: end_planning
# 
============================================================
# 🔄 ОБРАБОТКА ХОДА 29
# ============================================================
!    ⚠️ Провокатор A7: клетка (4,2,7) уже занята голограммой
!    ⚠️ Паук A8: в клетке уже стоит мина
!    ⚠️ Паук B8: в клетке уже стоит мина

📦 ПЕРЕМЕЩЕНИЯ:
!    ⚠️ Тишина B5: клетка (2,5,7) занята
!    ⚠️ Тишина C5: клетка (2,5,7) занята

🎯 ВЫСТРЕЛЫ:
   Выпущено ракет: 0
# 
📊 РЕЗУЛЬТАТЫ ХОДА 29:
🎯 Попаданий нет

--- Результаты хода ---
  Попаданий нет

--- Состояние команд после хода ---
  Team A: живых 2/8
    ✓ Провокатор A7      @ (5,3,7) hp=2/2
    ✓ Паук A8            @ (2,5,7) hp=1/1
    ✗ Артиллерия A1      @ (3,5,7) [уничтожен]
    ✗ Радиовышка A2      @ (3,6,8) [уничтожен]
    ✗ Прыгун A3          @ (2,8,8) [уничтожен]
    ✗ Факел A4           @ (4,5,7) [уничтожен]
    ✗ Тишина A5          @ (3,8,9) [уничтожен]
    ✗ Бурав A6           @ (3,2,7) [уничтожен]
  Team B: живых 2/8
    ✓ Тишина B5          @ (3,4,8) hp=2/2
    ✓ Паук B8            @ (0,2,7) hp=1/1
    ✗ Артиллерия B1      @ (6,2,7) [уничтожен]
    ✗ Радиовышка B2      @ (8,3,7) [уничтожен]
    ✗ Прыгун B3          @ (4,3,8) [уничтожен]
    ✗ Факел B4           @ (3,2,7) [уничтожен]
    ✗ Бурав B6           @ (3,6,8) [уничтожен]
    ✗ Провокатор B7      @ (8,2,7) [уничтожен]
  Team C: живых 1/8
    ✓ Тишина C5          @ (2,6,7) hp=2/2
    ✗ Артиллерия C1      @ (3,7,9) [уничтожен]
    ✗ Радиовышка C2      @ (3,5,8) [уничтожен]
    ✗ Прыгун C3          @ (3,1,9) [уничтожен]
    ✗ Факел C4           @ (3,7,8) [уничтожен]
    ✗ Бурав C6           @ (3,2,7) [уничтожен]
    ✗ Провокатор C7      @ (3,0,9) [уничтожен]
    ✗ Паук C8            @ (3,9,9) [уничтожен]

======================================================================
ХОД 30
======================================================================
✓ 🎮 GM: начинаем ход
GM: start_turn

--- Радиовышки: сканирование слоя Z ---
  (у команд не осталось живых радиовышек)

--- Решения ботов ---
  [Team A] Провокатор A7 (5,3,7) → HOLOGRAM (4,2,7)
  [Team A] Паук A8 (2,5,7) → MINE (1,4,7)
  [Team B] Тишина B5 (3,4,8) → MOVE (2,5,7)
  [Team B] Паук B8 (0,2,7) → MINE (1,3,7)
  [Team C] Тишина C5 (2,6,7) → MOVE (2,5,7)
! 🎮 GM: принудительно завершает фазу планирования
GM: end_planning
# 
============================================================
# 🔄 ОБРАБОТКА ХОДА 30
# ============================================================
!    ⚠️ Провокатор A7: клетка (4,2,7) уже занята голограммой
!    ⚠️ Паук A8: в клетке уже стоит мина
!    ⚠️ Паук B8: в клетке уже стоит мина

📦 ПЕРЕМЕЩЕНИЯ:
!    ⚠️ Тишина B5: клетка (2,5,7) занята
!    ⚠️ Тишина C5: клетка (2,5,7) занята

🎯 ВЫСТРЕЛЫ:
   Выпущено ракет: 0
# 
📊 РЕЗУЛЬТАТЫ ХОДА 30:
🎯 Попаданий нет

--- Результаты хода ---
  Попаданий нет

--- Состояние команд после хода ---
  Team A: живых 2/8
    ✓ Провокатор A7      @ (5,3,7) hp=2/2
    ✓ Паук A8            @ (2,5,7) hp=1/1
    ✗ Артиллерия A1      @ (3,5,7) [уничтожен]
    ✗ Радиовышка A2      @ (3,6,8) [уничтожен]
    ✗ Прыгун A3          @ (2,8,8) [уничтожен]
    ✗ Факел A4           @ (4,5,7) [уничтожен]
    ✗ Тишина A5          @ (3,8,9) [уничтожен]
    ✗ Бурав A6           @ (3,2,7) [уничтожен]
  Team B: живых 2/8
    ✓ Тишина B5          @ (3,4,8) hp=2/2
    ✓ Паук B8            @ (0,2,7) hp=1/1
    ✗ Артиллерия B1      @ (6,2,7) [уничтожен]
    ✗ Радиовышка B2      @ (8,3,7) [уничтожен]
    ✗ Прыгун B3          @ (4,3,8) [уничтожен]
    ✗ Факел B4           @ (3,2,7) [уничтожен]
    ✗ Бурав B6           @ (3,6,8) [уничтожен]
    ✗ Провокатор B7      @ (8,2,7) [уничтожен]
  Team C: живых 1/8
    ✓ Тишина C5          @ (2,6,7) hp=2/2
    ✗ Артиллерия C1      @ (3,7,9) [уничтожен]
    ✗ Радиовышка C2      @ (3,5,8) [уничтожен]
    ✗ Прыгун C3          @ (3,1,9) [уничтожен]
    ✗ Факел C4           @ (3,7,8) [уничтожен]
    ✗ Бурав C6           @ (3,2,7) [уничтожен]
    ✗ Провокатор C7      @ (3,0,9) [уничтожен]
    ✗ Паук C8            @ (3,9,9) [уничтожен]

======================================================================
ИТОГ
======================================================================
Лимит ходов (30) исчерпан, ничья/пат.

--- Сводка по командам ---
  Team A: 2/8 живых; hp=3
  Team B: 2/8 живых; hp=3
  Team C: 1/8 живых; hp=2

--- Сводка по пассивкам радиовышек ---
  Team A: сканирований=6, всего врагов-в-слоях=22, уникальных эксклюзивных (видны только радиовышкой)=0
  Team B: сканирований=2, всего врагов-в-слоях=14, уникальных эксклюзивных (видны только радиовышкой)=0
  Team C: сканирований=3, всего врагов-в-слоях=0, уникальных эксклюзивных (видны только радиовышкой)=0

--- Сводка по попаданиям ---
  Всего событий (шоты+тараны+мины): 25
  Уничтожено кораблей всего: 19
  Team A: урон=23 хиты=1 тараны=7 мины(сработало)=3 убийств=8
  Team B: урон=30 хиты=3 тараны=7 мины(сработало)=0 убийств=8
  Team C: урон=10 хиты=1 тараны=1 мины(сработало)=2 убийств=3
! 🎮 GM: остановка игры
