======================================================================
Space Battle 10×10×10 — simulation run at 2026-04-20T13:39:21+00:00
Game mode: advanced
Seed: 130
✓ 🚀 Продвинутый режим: создаю разные типы кораблей
   Команда A: спавн вдоль оси Z от (6, 4, 7) до (6, 4, 8)
   Команда B: спавн вдоль оси Y от (8, 8, 1) до (8, 4, 1)
   Команда C: спавн вдоль оси X от (5, 7, 6) до (2, 7, 6)
✓ ✅ Создано 24 кораблей


--- СТАРТОВАЯ РАССТАНОВКА ---
  Team A: живых 8/8
    ✓ Артиллерия A1      @ (6,4,7) hp=1/1
    ✓ Радиовышка A2      @ (6,4,9) hp=3/3
    ✓ Прыгун A3          @ (6,4,0) hp=2/2
    ✓ Факел A4           @ (6,4,2) hp=6/6
    ✓ Тишина A5          @ (6,4,1) hp=2/2
    ✓ Бурав A6           @ (6,4,4) hp=4/4
    ✓ Провокатор A7      @ (6,4,6) hp=2/2
    ✓ Паук A8            @ (6,4,8) hp=1/1
  Team B: живых 8/8
    ✓ Артиллерия B1      @ (8,8,1) hp=1/1
    ✓ Радиовышка B2      @ (8,3,1) hp=3/3
    ✓ Прыгун B3          @ (8,5,1) hp=2/2
    ✓ Факел B4           @ (8,0,1) hp=6/6
    ✓ Тишина B5          @ (8,9,1) hp=2/2
    ✓ Бурав B6           @ (8,6,1) hp=4/4
    ✓ Провокатор B7      @ (8,2,1) hp=2/2
    ✓ Паук B8            @ (8,4,1) hp=1/1
  Team C: живых 8/8
    ✓ Артиллерия C1      @ (5,7,6) hp=1/1
    ✓ Радиовышка C2      @ (7,7,6) hp=3/3
    ✓ Прыгун C3          @ (6,7,6) hp=2/2
    ✓ Факел C4           @ (8,7,6) hp=6/6
    ✓ Тишина C5          @ (3,7,6) hp=2/2
    ✓ Бурав C6           @ (0,7,6) hp=4/4
    ✓ Провокатор C7      @ (4,7,6) hp=2/2
    ✓ Паук C8            @ (2,7,6) hp=1/1

======================================================================
ХОД 1
======================================================================
✓ 🎮 GM: начинаем ход
GM: start_turn

--- Радиовышки: сканирование слоя Z ---
  Радиовышка A2 (z=9): слой чист
  Радиовышка B2 (z=1): видит 1 врагов  → Тишина A5(6,4,1)
  Радиовышка C2 (z=6): видит 1 врагов  → Провокатор A7(6,4,6)

--- Решения ботов ---
  [Team A] Артиллерия A1 (6,4,7) → SHOOT at (5,7,6)
  [Team A] Радиовышка A2 (6,4,9) → MOVE (5,5,8)
  [Team A] Прыгун A3 (6,4,0) → MOVE (8,5,1)
  [Team A] Факел A4 (6,4,2) → MOVE (6,4,3)
  [Team A] Тишина A5 (6,4,1) → PHASE toggle
  [Team A] Бурав A6 (6,4,4) → MOVE (7,3,3)
  [Team A] Провокатор A7 (6,4,6) → HOLOGRAM (5,5,6)
  [Team A] Паук A8 (6,4,8) → MINE (5,5,7)
  [Team B] Артиллерия B1 (8,8,1) → SHOOT at (6,4,0)
  [Team B] Радиовышка B2 (8,3,1) → MOVE (7,4,0)
  [Team B] Прыгун B3 (8,5,1) → MOVE (6,4,2)
  [Team B] Факел B4 (8,0,1) → MOVE (8,1,1)
  [Team B] Тишина B5 (8,9,1) → PHASE toggle
  [Team B] Бурав B6 (8,6,1) → MOVE (6,4,1)
  [Team B] Провокатор B7 (8,2,1) → HOLOGRAM (7,3,0)
  [Team B] Паук B8 (8,4,1) → MINE (7,3,1)
  [Team C] Артиллерия C1 (5,7,6) → SHOOT at (6,4,7)
  [Team C] Радиовышка C2 (7,7,6) → MOVE (6,6,7)
  [Team C] Прыгун C3 (6,7,6) → SHOOT at (6,4,6)
  [Team C] Тишина C5 (3,7,6) → PHASE toggle
  [Team C] Бурав C6 (0,7,6) → MOVE (1,6,7)
  [Team C] Провокатор C7 (4,7,6) → HOLOGRAM (5,6,7)
  [Team C] Паук C8 (2,7,6) → MINE (3,6,7)
  [Team C] Факел C4 → SKIP
! 🎮 GM: принудительно завершает фазу планирования
GM: end_planning
# 
============================================================
# 🔄 ОБРАБОТКА ХОДА 1
# ============================================================
   🌀 Тишина A5: уходит в фазу на 1 ход
   🌀 Тишина B5: уходит в фазу на 1 ход
   🌀 Тишина C5: уходит в фазу на 1 ход
   🪞 Провокатор A7 создал голограмму H1 в (5,5,6)
   🪞 Провокатор B7 создал голограмму H2 в (7,3,0)
   🪞 Провокатор C7 создал голограмму H3 в (5,6,7)
   💣 Паук A8 установил мину M1 в (5,5,7)
   💣 Паук B8 установил мину M2 в (7,3,1)
   💣 Паук C8 установил мину M3 в (3,6,7)

📦 ПЕРЕМЕЩЕНИЯ:
   Радиовышка A2: (6, 4, 9) → (5,5,8)
✓    💥 Прыгун A3 тараном уничтожил Прыгун B3 в (8,5,1)
   Прыгун A3: (6, 4, 0) → (8,5,1)
   Факел A4: (6, 4, 2) → (6,4,3)
!    ⚠️ Бурав A6: Бурав двигается только по 1 оси или по 2 осям строго диагонально
   Радиовышка B2: (8, 3, 1) → (7,4,0)
   Факел B4: (8, 0, 1) → (8,1,1)
✓    💥 Бурав B6 пробивает фазу Тишина A5 тараном
✓    💥 Бурав B6 тараном уничтожил Тишина A5 в (6,4,1)
   Бурав B6: (8, 6, 1) → (6,4,1)
   Радиовышка C2: (7, 7, 6) → (6,6,7)
!    ⚠️ Бурав C6: Бурав двигается только по 1 оси или по 2 осям строго диагонально

🎯 ВЫСТРЕЛЫ:
✓    ✅ Артиллерия A1 поразил Артиллерия C1 (2 урона)!
✓    ✅ Артиллерия C1 поразил Артиллерия A1 (2 урона)!
✓    ✅ Прыгун C3 поразил Провокатор A7 (1 урона)!
   Выпущено ракет: 4
# 
📊 РЕЗУЛЬТАТЫ ХОДА 1:
✓ 💥 ПОПАДАНИЯ:
✓    Артиллерия A1 (Team A) → Артиллерия C1 (Team C)
✓    Артиллерия C1 (Team C) → Артиллерия A1 (Team A)
✓    Прыгун C3 (Team C) → Провокатор A7 (Team A)

--- Результаты хода ---
  Team A / Прыгун A3          → Team B / Прыгун B3          @ (8,5,1)  (УБИТ)
  Team B / Бурав B6           → Team A / Тишина A5          @ (6,4,1)  (УБИТ)
  Team A / Артиллерия A1      → Team C / Артиллерия C1      @ (5,7,6)  (УБИТ)
  Team C / Артиллерия C1      → Team A / Артиллерия A1      @ (6,4,7)  (УБИТ)
  Team C / Прыгун C3          → Team A / Провокатор A7      @ (6,4,6)  (ранен)

--- Состояние команд после хода ---
  Team A: живых 6/8
    ✓ Радиовышка A2      @ (5,5,8) hp=3/3
    ✓ Прыгун A3          @ (8,5,1) hp=2/2
    ✓ Факел A4           @ (6,4,3) hp=6/6
    ✓ Бурав A6           @ (6,4,4) hp=4/4
    ✓ Провокатор A7      @ (6,4,6) hp=1/2
    ✓ Паук A8            @ (6,4,8) hp=1/1
    ✗ Артиллерия A1      @ (6,4,7) [уничтожен]
    ✗ Тишина A5          @ (6,4,1) [уничтожен]
  Team B: живых 7/8
    ✓ Артиллерия B1      @ (8,8,1) hp=1/1
    ✓ Радиовышка B2      @ (7,4,0) hp=3/3
    ✓ Факел B4           @ (8,1,1) hp=6/6
    ✓ Тишина B5          @ (8,9,1) hp=2/2
    ✓ Бурав B6           @ (6,4,1) hp=4/4
    ✓ Провокатор B7      @ (8,2,1) hp=2/2
    ✓ Паук B8            @ (8,4,1) hp=1/1
    ✗ Прыгун B3          @ (8,5,1) [уничтожен]
  Team C: живых 7/8
    ✓ Радиовышка C2      @ (6,6,7) hp=3/3
    ✓ Прыгун C3          @ (6,7,6) hp=2/2
    ✓ Факел C4           @ (8,7,6) hp=6/6
    ✓ Тишина C5          @ (3,7,6) hp=2/2
    ✓ Бурав C6           @ (0,7,6) hp=4/4
    ✓ Провокатор C7      @ (4,7,6) hp=2/2
    ✓ Паук C8            @ (2,7,6) hp=1/1
    ✗ Артиллерия C1      @ (5,7,6) [уничтожен]

======================================================================
ХОД 2
======================================================================
✓ 🎮 GM: начинаем ход
GM: start_turn

--- Радиовышки: сканирование слоя Z ---
  Радиовышка A2 (z=8): слой чист
  Радиовышка B2 (z=0): слой чист
  Радиовышка C2 (z=7): слой чист

--- Решения ботов ---
  [Team A] Радиовышка A2 (5,5,8) → MOVE (6,6,7)
  [Team A] Прыгун A3 (8,5,1) → MOVE (6,4,1)
  [Team A] Факел A4 (6,4,3) → SHOOT at (6,4,1)
  [Team A] Бурав A6 (6,4,4) → MOVE (7,3,3)
  [Team A] Провокатор A7 (6,4,6) → HOLOGRAM (6,5,7)
  [Team A] Паук A8 (6,4,8) → MINE (6,5,7)
  [Team B] Артиллерия B1 (8,8,1) → SHOOT at (8,5,1)
  [Team B] Радиовышка B2 (7,4,0) → MOVE (8,5,1)
  [Team B] Факел B4 (8,1,1) → SHOOT at (8,5,1)
  [Team B] Бурав B6 (6,4,1) → MOVE (6,4,3)
  [Team B] Провокатор B7 (8,2,1) → HOLOGRAM (7,3,2)
  [Team B] Паук B8 → SKIP
  [Team B] Тишина B5 → SKIP
  [Team C] Радиовышка C2 (6,6,7) → MOVE (5,5,8)
  [Team C] Прыгун C3 (6,7,6) → SHOOT at (6,4,6)
  [Team C] Факел C4 (8,7,6) → MOVE (7,7,6)
  [Team C] Тишина C5 (3,7,6) → MOVE (4,6,7)
  [Team C] Бурав C6 (0,7,6) → MOVE (1,6,7)
  [Team C] Провокатор C7 (4,7,6) → HOLOGRAM (5,6,7)
  [Team C] Паук C8 (2,7,6) → MINE (3,6,7)
! 🎮 GM: принудительно завершает фазу планирования
GM: end_planning
# 
============================================================
# 🔄 ОБРАБОТКА ХОДА 2
# ============================================================
   🌀 Тишина B5: фаза спала (действовала 1 ход)
   🌀 Тишина C5: фаза спала (действовала 1 ход)
   🪞 Провокатор A7 создал голограмму H4 в (6,5,7)
   🪞 Провокатор B7 создал голограмму H5 в (7,3,2)
!    ⚠️ Провокатор C7: клетка (5,6,7) уже занята голограммой
   💣 Паук A8 установил мину M4 в (6,5,7)
!    ⚠️ Паук C8: в клетке уже стоит мина

📦 ПЕРЕМЕЩЕНИЯ:
!    ⚠️ Радиовышка A2: клетка (6,6,7) занята
✓    💥 Прыгун A3 тараном уничтожил Бурав B6 в (6,4,1)
   Прыгун A3: (8, 5, 1) → (6,4,1)
!    ⚠️ Бурав A6: Бурав двигается только по 1 оси или по 2 осям строго диагонально
   Радиовышка B2: (7, 4, 0) → (8,5,1)
!    ⚠️ Радиовышка C2: клетка (5,5,8) занята
   Факел C4: (8, 7, 6) → (7,7,6)
   Тишина C5: (3, 7, 6) → (4,6,7)
!    ⚠️ Бурав C6: Бурав двигается только по 1 оси или по 2 осям строго диагонально

🎯 ВЫСТРЕЛЫ:
!    🛡️ Выстрел Факел A4 заблокирован союзником Прыгун A3 в (6, 4, 1)
!    🛡️ Выстрел Факел B4 заблокирован союзником Провокатор B7 в (8, 2, 1)
✓    ✅ Прыгун C3 поразил Провокатор A7 (1 урона)!
   Выпущено ракет: 4
# 
📊 РЕЗУЛЬТАТЫ ХОДА 2:
✓ 💥 ПОПАДАНИЯ:
✓    Прыгун C3 (Team C) → Провокатор A7 (Team A)

--- Результаты хода ---
  Team A / Прыгун A3          → Team B / Бурав B6           @ (6,4,1)  (УБИТ)
  Team C / Прыгун C3          → Team A / Провокатор A7      @ (6,4,6)  (УБИТ)

--- Состояние команд после хода ---
  Team A: живых 5/8
    ✓ Радиовышка A2      @ (5,5,8) hp=3/3
    ✓ Прыгун A3          @ (6,4,1) hp=2/2
    ✓ Факел A4           @ (6,4,3) hp=6/6
    ✓ Бурав A6           @ (6,4,4) hp=4/4
    ✓ Паук A8            @ (6,4,8) hp=1/1
    ✗ Артиллерия A1      @ (6,4,7) [уничтожен]
    ✗ Тишина A5          @ (6,4,1) [уничтожен]
    ✗ Провокатор A7      @ (6,4,6) [уничтожен]
  Team B: живых 6/8
    ✓ Артиллерия B1      @ (8,8,1) hp=1/1
    ✓ Радиовышка B2      @ (8,5,1) hp=3/3
    ✓ Факел B4           @ (8,1,1) hp=6/6
    ✓ Тишина B5          @ (8,9,1) hp=2/2
    ✓ Провокатор B7      @ (8,2,1) hp=2/2
    ✓ Паук B8            @ (8,4,1) hp=1/1
    ✗ Прыгун B3          @ (8,5,1) [уничтожен]
    ✗ Бурав B6           @ (6,4,1) [уничтожен]
  Team C: живых 7/8
    ✓ Радиовышка C2      @ (6,6,7) hp=3/3
    ✓ Прыгун C3          @ (6,7,6) hp=2/2
    ✓ Факел C4           @ (7,7,6) hp=6/6
    ✓ Тишина C5          @ (4,6,7) hp=2/2
    ✓ Бурав C6           @ (0,7,6) hp=4/4
    ✓ Провокатор C7      @ (4,7,6) hp=2/2
    ✓ Паук C8            @ (2,7,6) hp=1/1
    ✗ Артиллерия C1      @ (5,7,6) [уничтожен]

======================================================================
ХОД 3
======================================================================
✓ 🎮 GM: начинаем ход
GM: start_turn

--- Радиовышки: сканирование слоя Z ---
  Радиовышка A2 (z=8): слой чист
  Радиовышка B2 (z=1): видит 1 врагов  → Прыгун A3(6,4,1)
  Радиовышка C2 (z=7): слой чист

--- Решения ботов ---
  [Team A] Радиовышка A2 (5,5,8) → MOVE (6,6,7)
  [Team A] Прыгун A3 (6,4,1) → MOVE (8,2,1)
  [Team A] Факел A4 (6,4,3) → MOVE (6,4,2)
  [Team A] Бурав A6 (6,4,4) → MOVE (7,5,3)
  [Team A] Паук A8 (6,4,8) → MINE (6,5,7)
  [Team B] Артиллерия B1 (8,8,1) → SHOOT at (6,4,1)
  [Team B] Радиовышка B2 (8,5,1) → MOVE (7,4,1)
  [Team B] Тишина B5 (8,9,1) → MOVE (7,8,1)
  [Team B] Провокатор B7 (8,2,1) → HOLOGRAM (7,3,1)
  [Team B] Паук B8 (8,4,1) → MINE (7,5,1)
  [Team B] Факел B4 → SKIP
  [Team C] Радиовышка C2 (6,6,7) → MOVE (5,5,8)
  [Team C] Прыгун C3 (6,7,6) → MOVE (5,6,7)
  [Team C] Тишина C5 (4,6,7) → MOVE (5,5,7)
  [Team C] Бурав C6 (0,7,6) → MOVE (1,6,7)
  [Team C] Провокатор C7 (4,7,6) → HOLOGRAM (4,7,7)
  [Team C] Паук C8 (2,7,6) → MINE (3,6,7)
  [Team C] Факел C4 → SKIP
! 🎮 GM: принудительно завершает фазу планирования
GM: end_planning
# 
============================================================
# 🔄 ОБРАБОТКА ХОДА 3
# ============================================================
   🪞 Провокатор B7 создал голограмму H6 в (7,3,1)
   🪞 Провокатор C7 создал голограмму H7 в (4,7,7)
!    ⚠️ Паук A8: в клетке уже стоит мина
   💣 Паук B8 установил мину M5 в (7,5,1)
!    ⚠️ Паук C8: в клетке уже стоит мина

📦 ПЕРЕМЕЩЕНИЯ:
!    ⚠️ Радиовышка A2: клетка (6,6,7) занята
✓    💥 Прыгун A3 тараном уничтожил Провокатор B7 в (8,2,1)
   Прыгун A3: (6, 4, 1) → (8,2,1)
   Факел A4: (6, 4, 3) → (6,4,2)
!    ⚠️ Бурав A6: Бурав двигается только по 1 оси или по 2 осям строго диагонально
   Радиовышка B2: (8, 5, 1) → (7,4,1)
   Тишина B5: (8, 9, 1) → (7,8,1)
!    ⚠️ Радиовышка C2: клетка (5,5,8) занята
   Прыгун C3: (6, 7, 6) → (5,6,7)
   Тишина C5: (4, 6, 7) → (5,5,7)
!    💥 Мина M1 сработала под Тишина C5 (урон 2) — КОРАБЛЬ УНИЧТОЖЕН
!    ⚠️ Бурав C6: Бурав двигается только по 1 оси или по 2 осям строго диагонально

🎯 ВЫСТРЕЛЫ:
   Выпущено ракет: 1
# 
📊 РЕЗУЛЬТАТЫ ХОДА 3:
🎯 Попаданий нет

--- Результаты хода ---
  Team A / Прыгун A3          → Team B / Провокатор B7      @ (8,2,1)  (УБИТ)
  ? / ?                  → Team C / Тишина C5          @ (5,5,7)  (УБИТ)

--- Состояние команд после хода ---
  Team A: живых 5/8
    ✓ Радиовышка A2      @ (5,5,8) hp=3/3
    ✓ Прыгун A3          @ (8,2,1) hp=2/2
    ✓ Факел A4           @ (6,4,2) hp=6/6
    ✓ Бурав A6           @ (6,4,4) hp=4/4
    ✓ Паук A8            @ (6,4,8) hp=1/1
    ✗ Артиллерия A1      @ (6,4,7) [уничтожен]
    ✗ Тишина A5          @ (6,4,1) [уничтожен]
    ✗ Провокатор A7      @ (6,4,6) [уничтожен]
  Team B: живых 5/8
    ✓ Артиллерия B1      @ (8,8,1) hp=1/1
    ✓ Радиовышка B2      @ (7,4,1) hp=3/3
    ✓ Факел B4           @ (8,1,1) hp=6/6
    ✓ Тишина B5          @ (7,8,1) hp=2/2
    ✓ Паук B8            @ (8,4,1) hp=1/1
    ✗ Прыгун B3          @ (8,5,1) [уничтожен]
    ✗ Бурав B6           @ (6,4,1) [уничтожен]
    ✗ Провокатор B7      @ (8,2,1) [уничтожен]
  Team C: живых 6/8
    ✓ Радиовышка C2      @ (6,6,7) hp=3/3
    ✓ Прыгун C3          @ (5,6,7) hp=2/2
    ✓ Факел C4           @ (7,7,6) hp=6/6
    ✓ Бурав C6           @ (0,7,6) hp=4/4
    ✓ Провокатор C7      @ (4,7,6) hp=2/2
    ✓ Паук C8            @ (2,7,6) hp=1/1
    ✗ Артиллерия C1      @ (5,7,6) [уничтожен]
    ✗ Тишина C5          @ (5,5,7) [уничтожен]

======================================================================
ХОД 4
======================================================================
✓ 🎮 GM: начинаем ход
GM: start_turn

--- Радиовышки: сканирование слоя Z ---
  Радиовышка A2 (z=8): слой чист
  Радиовышка B2 (z=1): видит 1 врагов  → Прыгун A3(8,2,1)
  Радиовышка C2 (z=7): слой чист

--- Решения ботов ---
  [Team A] Радиовышка A2 (5,5,8) → MOVE (6,6,7)
  [Team A] Прыгун A3 (8,2,1) → MOVE (8,1,1)
  [Team A] Факел A4 (6,4,2) → MOVE (7,3,1)
  [Team A] Бурав A6 (6,4,4) → MOVE (7,4,3)
  [Team A] Паук A8 (6,4,8) → MINE (6,5,7)
  [Team B] Артиллерия B1 (8,8,1) → SHOOT at (8,2,1)
  [Team B] Радиовышка B2 (7,4,1) → MOVE (6,4,2)
  [Team B] Факел B4 (8,1,1) → SHOOT at (8,2,1)
  [Team B] Тишина B5 (7,8,1) → MOVE (6,7,2)
  [Team B] Паук B8 (8,4,1) → MINE (8,3,1)
  [Team C] Радиовышка C2 (6,6,7) → MOVE (5,5,8)
  [Team C] Прыгун C3 (5,6,7) → MOVE (6,4,8)
  [Team C] Факел C4 (7,7,6) → MOVE (7,6,7)
  [Team C] Бурав C6 (0,7,6) → MOVE (1,6,7)
  [Team C] Провокатор C7 (4,7,6) → HOLOGRAM (4,6,7)
  [Team C] Паук C8 (2,7,6) → MINE (3,6,7)
! 🎮 GM: принудительно завершает фазу планирования
GM: end_planning
# 
============================================================
# 🔄 ОБРАБОТКА ХОДА 4
# ============================================================
   🪞 Провокатор C7 создал голограмму H8 в (4,6,7)
!    ⚠️ Паук A8: в клетке уже стоит мина
   💣 Паук B8 установил мину M6 в (8,3,1)
!    ⚠️ Паук C8: в клетке уже стоит мина

📦 ПЕРЕМЕЩЕНИЯ:
!    ⚠️ Радиовышка A2: клетка (6,6,7) занята
✓    💥 Прыгун A3 тараном уничтожил Факел B4 в (8,1,1)
   Прыгун A3: (8, 2, 1) → (8,1,1)
!    ⚠️ Факел A4: клетка (7,3,1) занята
   Бурав A6: (6, 4, 4) → (7,4,3)
!    ⚠️ Радиовышка B2: клетка (6,4,2) занята
   Тишина B5: (7, 8, 1) → (6,7,2)
!    ⚠️ Радиовышка C2: клетка (5,5,8) занята
✓    💥 Прыгун C3 тараном уничтожил Паук A8 в (6,4,8)
   Прыгун C3: (5, 6, 7) → (6,4,8)
   Факел C4: (7, 7, 6) → (7,6,7)
!    ⚠️ Бурав C6: Бурав двигается только по 1 оси или по 2 осям строго диагонально

🎯 ВЫСТРЕЛЫ:
   Выпущено ракет: 1
# 
📊 РЕЗУЛЬТАТЫ ХОДА 4:
🎯 Попаданий нет

--- Результаты хода ---
  Team A / Прыгун A3          → Team B / Факел B4           @ (8,1,1)  (УБИТ)
  Team C / Прыгун C3          → Team A / Паук A8            @ (6,4,8)  (УБИТ)

--- Состояние команд после хода ---
  Team A: живых 4/8
    ✓ Радиовышка A2      @ (5,5,8) hp=3/3
    ✓ Прыгун A3          @ (8,1,1) hp=2/2
    ✓ Факел A4           @ (6,4,2) hp=6/6
    ✓ Бурав A6           @ (7,4,3) hp=4/4
    ✗ Артиллерия A1      @ (6,4,7) [уничтожен]
    ✗ Тишина A5          @ (6,4,1) [уничтожен]
    ✗ Провокатор A7      @ (6,4,6) [уничтожен]
    ✗ Паук A8            @ (6,4,8) [уничтожен]
  Team B: живых 4/8
    ✓ Артиллерия B1      @ (8,8,1) hp=1/1
    ✓ Радиовышка B2      @ (7,4,1) hp=3/3
    ✓ Тишина B5          @ (6,7,2) hp=2/2
    ✓ Паук B8            @ (8,4,1) hp=1/1
    ✗ Прыгун B3          @ (8,5,1) [уничтожен]
    ✗ Факел B4           @ (8,1,1) [уничтожен]
    ✗ Бурав B6           @ (6,4,1) [уничтожен]
    ✗ Провокатор B7      @ (8,2,1) [уничтожен]
  Team C: живых 6/8
    ✓ Радиовышка C2      @ (6,6,7) hp=3/3
    ✓ Прыгун C3          @ (6,4,8) hp=2/2
    ✓ Факел C4           @ (7,6,7) hp=6/6
    ✓ Бурав C6           @ (0,7,6) hp=4/4
    ✓ Провокатор C7      @ (4,7,6) hp=2/2
    ✓ Паук C8            @ (2,7,6) hp=1/1
    ✗ Артиллерия C1      @ (5,7,6) [уничтожен]
    ✗ Тишина C5          @ (5,5,7) [уничтожен]

======================================================================
ХОД 5
======================================================================
✓ 🎮 GM: начинаем ход
GM: start_turn

--- Радиовышки: сканирование слоя Z ---
  Радиовышка A2 (z=8): видит 1 врагов [+1 эксклюзивно] → Прыгун C3(6,4,8)
  Радиовышка B2 (z=1): видит 1 врагов  → Прыгун A3(8,1,1)
  Радиовышка C2 (z=7): слой чист

--- Решения ботов ---
  [Team A] Радиовышка A2 (5,5,8) → MOVE (6,6,7)
  [Team A] Прыгун A3 (8,1,1) → SHOOT at (8,4,1)
  [Team A] Факел A4 (6,4,2) → SHOOT at (6,7,2)
  [Team A] Бурав A6 (7,4,3) → MOVE (7,4,1)
  [Team B] Артиллерия B1 (8,8,1) → SHOOT at (4,7,6)
  [Team B] Радиовышка B2 (7,4,1) → MOVE (6,4,2)
  [Team B] Тишина B5 (6,7,2) → PHASE toggle
  [Team B] Паук B8 (8,4,1) → MINE (7,4,2)
  [Team C] Радиовышка C2 (6,6,7) → MOVE (5,5,8)
  [Team C] Прыгун C3 (6,4,8) → MOVE (5,4,8)
  [Team C] Факел C4 (7,6,7) → MOVE (6,5,8)
  [Team C] Бурав C6 (0,7,6) → MOVE (1,6,7)
  [Team C] Провокатор C7 (4,7,6) → HOLOGRAM (5,6,7)
  [Team C] Паук C8 (2,7,6) → MINE (3,6,7)
! 🎮 GM: принудительно завершает фазу планирования
GM: end_planning
# 
============================================================
# 🔄 ОБРАБОТКА ХОДА 5
# ============================================================
   🌀 Тишина B5: уходит в фазу на 1 ход
   🪞 Провокатор C7 создал голограмму H9 в (5,6,7)
   💣 Паук B8 установил мину M7 в (7,4,2)
!    ⚠️ Паук C8: в клетке уже стоит мина

📦 ПЕРЕМЕЩЕНИЯ:
!    ⚠️ Радиовышка A2: клетка (6,6,7) занята
✓    💥 Бурав A6 тараном уничтожил Радиовышка B2 в (7,4,1)
   Бурав A6: (7, 4, 3) → (7,4,1)
!    ⚠️ Радиовышка C2: клетка (5,5,8) занята
   Прыгун C3: (6, 4, 8) → (5,4,8)
   Факел C4: (7, 6, 7) → (6,5,8)
!    ⚠️ Бурав C6: Бурав двигается только по 1 оси или по 2 осям строго диагонально

🎯 ВЫСТРЕЛЫ:
✓    ✅ Прыгун A3 поразил Паук B8 (1 урона)!
✓    ✅ Артиллерия B1 поразил Провокатор C7 (2 урона)!
   Выпущено ракет: 3
# 
📊 РЕЗУЛЬТАТЫ ХОДА 5:
✓ 💥 ПОПАДАНИЯ:
✓    Прыгун A3 (Team A) → Паук B8 (Team B)
✓    Артиллерия B1 (Team B) → Провокатор C7 (Team C)

--- Результаты хода ---
  Team A / Бурав A6           → Team B / Радиовышка B2      @ (7,4,1)  (УБИТ)
  Team A / Прыгун A3          → Team B / Паук B8            @ (8,4,1)  (УБИТ)
  Team B / Артиллерия B1      → Team C / Провокатор C7      @ (4,7,6)  (УБИТ)

--- Состояние команд после хода ---
  Team A: живых 4/8
    ✓ Радиовышка A2      @ (5,5,8) hp=3/3
    ✓ Прыгун A3          @ (8,1,1) hp=2/2
    ✓ Факел A4           @ (6,4,2) hp=6/6
    ✓ Бурав A6           @ (7,4,1) hp=4/4
    ✗ Артиллерия A1      @ (6,4,7) [уничтожен]
    ✗ Тишина A5          @ (6,4,1) [уничтожен]
    ✗ Провокатор A7      @ (6,4,6) [уничтожен]
    ✗ Паук A8            @ (6,4,8) [уничтожен]
  Team B: живых 2/8
    ✓ Артиллерия B1      @ (8,8,1) hp=1/1
    ✓ Тишина B5          @ (6,7,2) hp=2/2
    ✗ Радиовышка B2      @ (7,4,1) [уничтожен]
    ✗ Прыгун B3          @ (8,5,1) [уничтожен]
    ✗ Факел B4           @ (8,1,1) [уничтожен]
    ✗ Бурав B6           @ (6,4,1) [уничтожен]
    ✗ Провокатор B7      @ (8,2,1) [уничтожен]
    ✗ Паук B8            @ (8,4,1) [уничтожен]
  Team C: живых 5/8
    ✓ Радиовышка C2      @ (6,6,7) hp=3/3
    ✓ Прыгун C3          @ (5,4,8) hp=2/2
    ✓ Факел C4           @ (6,5,8) hp=6/6
    ✓ Бурав C6           @ (0,7,6) hp=4/4
    ✓ Паук C8            @ (2,7,6) hp=1/1
    ✗ Артиллерия C1      @ (5,7,6) [уничтожен]
    ✗ Тишина C5          @ (5,5,7) [уничтожен]
    ✗ Провокатор C7      @ (4,7,6) [уничтожен]

======================================================================
ХОД 6
======================================================================
✓ 🎮 GM: начинаем ход
GM: start_turn

--- Радиовышки: сканирование слоя Z ---
  Радиовышка A2 (z=8): видит 2 врагов [+2 эксклюзивно] → Прыгун C3(5,4,8), Факел C4(6,5,8)
  Радиовышка C2 (z=7): слой чист

--- Решения ботов ---
  [Team A] Радиовышка A2 (5,5,8) → MOVE (6,6,7)
  [Team A] Прыгун A3 (8,1,1) → MOVE (7,2,2)
  [Team A] Факел A4 (6,4,2) → MOVE (7,3,1)
  [Team A] Бурав A6 (7,4,1) → MOVE (8,5,1)
  [Team B] Артиллерия B1 (8,8,1) → SHOOT at (2,7,6)
  [Team B] Тишина B5 (6,7,2) → MOVE (6,6,2)
  [Team C] Радиовышка C2 (6,6,7) → MOVE (5,5,8)
  [Team C] Прыгун C3 (5,4,8) → SHOOT at (5,5,8)
  [Team C] Факел C4 (6,5,8) → SHOOT at (5,5,8)
  [Team C] Бурав C6 (0,7,6) → MOVE (1,6,7)
  [Team C] Паук C8 (2,7,6) → MINE (3,6,7)
! 🎮 GM: принудительно завершает фазу планирования
GM: end_planning
# 
============================================================
# 🔄 ОБРАБОТКА ХОДА 6
# ============================================================
   🌀 Тишина B5: фаза спала (действовала 1 ход)
!    ⚠️ Паук C8: в клетке уже стоит мина

📦 ПЕРЕМЕЩЕНИЯ:
!    ⚠️ Радиовышка A2: клетка (6,6,7) занята
   Прыгун A3: (8, 1, 1) → (7,2,2)
!    ⚠️ Факел A4: клетка (7,3,1) занята
   Бурав A6: (7, 4, 1) → (8,5,1)
   Тишина B5: (6, 7, 2) → (6,6,2)
!    ⚠️ Радиовышка C2: клетка (5,5,8) занята
!    ⚠️ Бурав C6: Бурав двигается только по 1 оси или по 2 осям строго диагонально

🎯 ВЫСТРЕЛЫ:
✓    ✅ Артиллерия B1 поразил Паук C8 (2 урона)!
✓    ✅ Прыгун C3 поразил Радиовышка A2 (1 урона)!
✓    ✅ Факел C4 поразил Радиовышка A2 (1 урона)!
   Выпущено ракет: 3
# 
📊 РЕЗУЛЬТАТЫ ХОДА 6:
✓ 💥 ПОПАДАНИЯ:
✓    Артиллерия B1 (Team B) → Паук C8 (Team C)
✓    Прыгун C3 (Team C) → Радиовышка A2 (Team A)
✓    Факел C4 (Team C) → Радиовышка A2 (Team A)

--- Результаты хода ---
  Team B / Артиллерия B1      → Team C / Паук C8            @ (2,7,6)  (УБИТ)
  Team C / Прыгун C3          → Team A / Радиовышка A2      @ (5,5,8)  (ранен)
  Team C / Факел C4           → Team A / Радиовышка A2      @ (5,5,8)  (ранен)

--- Состояние команд после хода ---
  Team A: живых 4/8
    ✓ Радиовышка A2      @ (5,5,8) hp=1/3
    ✓ Прыгун A3          @ (7,2,2) hp=2/2
    ✓ Факел A4           @ (6,4,2) hp=6/6
    ✓ Бурав A6           @ (8,5,1) hp=4/4
    ✗ Артиллерия A1      @ (6,4,7) [уничтожен]
    ✗ Тишина A5          @ (6,4,1) [уничтожен]
    ✗ Провокатор A7      @ (6,4,6) [уничтожен]
    ✗ Паук A8            @ (6,4,8) [уничтожен]
  Team B: живых 2/8
    ✓ Артиллерия B1      @ (8,8,1) hp=1/1
    ✓ Тишина B5          @ (6,6,2) hp=2/2
    ✗ Радиовышка B2      @ (7,4,1) [уничтожен]
    ✗ Прыгун B3          @ (8,5,1) [уничтожен]
    ✗ Факел B4           @ (8,1,1) [уничтожен]
    ✗ Бурав B6           @ (6,4,1) [уничтожен]
    ✗ Провокатор B7      @ (8,2,1) [уничтожен]
    ✗ Паук B8            @ (8,4,1) [уничтожен]
  Team C: живых 4/8
    ✓ Радиовышка C2      @ (6,6,7) hp=3/3
    ✓ Прыгун C3          @ (5,4,8) hp=2/2
    ✓ Факел C4           @ (6,5,8) hp=6/6
    ✓ Бурав C6           @ (0,7,6) hp=4/4
    ✗ Артиллерия C1      @ (5,7,6) [уничтожен]
    ✗ Тишина C5          @ (5,5,7) [уничтожен]
    ✗ Провокатор C7      @ (4,7,6) [уничтожен]
    ✗ Паук C8            @ (2,7,6) [уничтожен]

======================================================================
ХОД 7
======================================================================
✓ 🎮 GM: начинаем ход
GM: start_turn

--- Радиовышки: сканирование слоя Z ---
  Радиовышка A2 (z=8): видит 2 врагов [+2 эксклюзивно] → Прыгун C3(5,4,8), Факел C4(6,5,8)
  Радиовышка C2 (z=7): слой чист

--- Решения ботов ---
  [Team A] Радиовышка A2 (5,5,8) → MOVE (6,6,7)
  [Team A] Прыгун A3 (7,2,2) → MOVE (6,3,2)
  [Team A] Факел A4 (6,4,2) → SHOOT at (6,6,2)
  [Team A] Бурав A6 (8,5,1) → MOVE (8,8,1)
  [Team B] Артиллерия B1 (8,8,1) → SHOOT at (7,2,2)
  [Team B] Тишина B5 (6,6,2) → MOVE (6,5,2)
  [Team C] Радиовышка C2 (6,6,7) → MOVE (5,5,8)
  [Team C] Прыгун C3 (5,4,8) → SHOOT at (5,5,8)
  [Team C] Факел C4 (6,5,8) → SHOOT at (5,5,8)
  [Team C] Бурав C6 (0,7,6) → MOVE (1,6,7)
! 🎮 GM: принудительно завершает фазу планирования
GM: end_planning
# 
============================================================
# 🔄 ОБРАБОТКА ХОДА 7
# ============================================================

📦 ПЕРЕМЕЩЕНИЯ:
!    ⚠️ Радиовышка A2: клетка (6,6,7) занята
   Прыгун A3: (7, 2, 2) → (6,3,2)
✓    💥 Бурав A6 тараном уничтожил Артиллерия B1 в (8,8,1)
   Бурав A6: (8, 5, 1) → (8,8,1)
   Тишина B5: (6, 6, 2) → (6,5,2)
!    ⚠️ Радиовышка C2: клетка (5,5,8) занята
!    ⚠️ Бурав C6: Бурав двигается только по 1 оси или по 2 осям строго диагонально

🎯 ВЫСТРЕЛЫ:
✓    ✅ Факел A4 поразил Тишина B5 (1 урона)!
✓    ✅ Прыгун C3 поразил Радиовышка A2 (1 урона)!
   💀 Факел C4 добивает Радиовышка A2
✓    ✅ Факел C4 поразил Радиовышка A2 (1 урона)!
   Выпущено ракет: 3
# 
📊 РЕЗУЛЬТАТЫ ХОДА 7:
✓ 💥 ПОПАДАНИЯ:
✓    Факел A4 (Team A) → Тишина B5 (Team B)
✓    Прыгун C3 (Team C) → Радиовышка A2 (Team A)
✓    Факел C4 (Team C) → Радиовышка A2 (Team A)

--- Результаты хода ---
  Team A / Бурав A6           → Team B / Артиллерия B1      @ (8,8,1)  (УБИТ)
  Team A / Факел A4           → Team B / Тишина B5          @ (6,5,2)  (ранен)
  Team C / Прыгун C3          → Team A / Радиовышка A2      @ (5,5,8)  (УБИТ)
  Team C / Факел C4           → Team A / Радиовышка A2      @ (5,5,8)  (ранен)

--- Состояние команд после хода ---
  Team A: живых 3/8
    ✓ Прыгун A3          @ (6,3,2) hp=2/2
    ✓ Факел A4           @ (6,4,2) hp=6/6
    ✓ Бурав A6           @ (8,8,1) hp=4/4
    ✗ Артиллерия A1      @ (6,4,7) [уничтожен]
    ✗ Радиовышка A2      @ (5,5,8) [уничтожен]
    ✗ Тишина A5          @ (6,4,1) [уничтожен]
    ✗ Провокатор A7      @ (6,4,6) [уничтожен]
    ✗ Паук A8            @ (6,4,8) [уничтожен]
  Team B: живых 1/8
    ✓ Тишина B5          @ (6,5,2) hp=1/2
    ✗ Артиллерия B1      @ (8,8,1) [уничтожен]
    ✗ Радиовышка B2      @ (7,4,1) [уничтожен]
    ✗ Прыгун B3          @ (8,5,1) [уничтожен]
    ✗ Факел B4           @ (8,1,1) [уничтожен]
    ✗ Бурав B6           @ (6,4,1) [уничтожен]
    ✗ Провокатор B7      @ (8,2,1) [уничтожен]
    ✗ Паук B8            @ (8,4,1) [уничтожен]
  Team C: живых 4/8
    ✓ Радиовышка C2      @ (6,6,7) hp=3/3
    ✓ Прыгун C3          @ (5,4,8) hp=2/2
    ✓ Факел C4           @ (6,5,8) hp=6/6
    ✓ Бурав C6           @ (0,7,6) hp=4/4
    ✗ Артиллерия C1      @ (5,7,6) [уничтожен]
    ✗ Тишина C5          @ (5,5,7) [уничтожен]
    ✗ Провокатор C7      @ (4,7,6) [уничтожен]
    ✗ Паук C8            @ (2,7,6) [уничтожен]

======================================================================
ХОД 8
======================================================================
✓ 🎮 GM: начинаем ход
GM: start_turn

--- Радиовышки: сканирование слоя Z ---
  Радиовышка C2 (z=7): слой чист

--- Решения ботов ---
  [Team A] Прыгун A3 (6,3,2) → MOVE (6,5,2)
  [Team A] Факел A4 (6,4,2) → SHOOT at (6,5,2)
  [Team A] Бурав A6 (8,8,1) → MOVE (7,7,2)
  [Team B] Тишина B5 (6,5,2) → MOVE (6,4,2)
  [Team C] Радиовышка C2 (6,6,7) → MOVE (6,5,6)
  [Team C] Прыгун C3 (5,4,8) → MOVE (6,4,7)
  [Team C] Факел C4 (6,5,8) → MOVE (6,4,8)
  [Team C] Бурав C6 (0,7,6) → MOVE (1,6,5)
! 🎮 GM: принудительно завершает фазу планирования
GM: end_planning
# 
============================================================
# 🔄 ОБРАБОТКА ХОДА 8
# ============================================================

📦 ПЕРЕМЕЩЕНИЯ:
✓    💥 Прыгун A3 тараном уничтожил Тишина B5 в (6,5,2)
   Прыгун A3: (6, 3, 2) → (6,5,2)
!    ⚠️ Бурав A6: Бурав двигается только по 1 оси или по 2 осям строго диагонально
   Радиовышка C2: (6, 6, 7) → (6,5,6)
   Прыгун C3: (5, 4, 8) → (6,4,7)
   Факел C4: (6, 5, 8) → (6,4,8)
!    ⚠️ Бурав C6: Бурав двигается только по 1 оси или по 2 осям строго диагонально

🎯 ВЫСТРЕЛЫ:
!    🛡️ Выстрел Факел A4 заблокирован союзником Прыгун A3 в (6, 5, 2)
   Выпущено ракет: 1
# 
📊 РЕЗУЛЬТАТЫ ХОДА 8:
🎯 Попаданий нет

--- Результаты хода ---
  Team A / Прыгун A3          → Team B / Тишина B5          @ (6,5,2)  (УБИТ)

--- Состояние команд после хода ---
  Team A: живых 3/8
    ✓ Прыгун A3          @ (6,5,2) hp=2/2
    ✓ Факел A4           @ (6,4,2) hp=6/6
    ✓ Бурав A6           @ (8,8,1) hp=4/4
    ✗ Артиллерия A1      @ (6,4,7) [уничтожен]
    ✗ Радиовышка A2      @ (5,5,8) [уничтожен]
    ✗ Тишина A5          @ (6,4,1) [уничтожен]
    ✗ Провокатор A7      @ (6,4,6) [уничтожен]
    ✗ Паук A8            @ (6,4,8) [уничтожен]
  Team B: живых 0/8
    ✗ Артиллерия B1      @ (8,8,1) [уничтожен]
    ✗ Радиовышка B2      @ (7,4,1) [уничтожен]
    ✗ Прыгун B3          @ (8,5,1) [уничтожен]
    ✗ Факел B4           @ (8,1,1) [уничтожен]
    ✗ Тишина B5          @ (6,5,2) [уничтожен]
    ✗ Бурав B6           @ (6,4,1) [уничтожен]
    ✗ Провокатор B7      @ (8,2,1) [уничтожен]
    ✗ Паук B8            @ (8,4,1) [уничтожен]
  Team C: живых 4/8
    ✓ Радиовышка C2      @ (6,5,6) hp=3/3
    ✓ Прыгун C3          @ (6,4,7) hp=2/2
    ✓ Факел C4           @ (6,4,8) hp=6/6
    ✓ Бурав C6           @ (0,7,6) hp=4/4
    ✗ Артиллерия C1      @ (5,7,6) [уничтожен]
    ✗ Тишина C5          @ (5,5,7) [уничтожен]
    ✗ Провокатор C7      @ (4,7,6) [уничтожен]
    ✗ Паук C8            @ (2,7,6) [уничтожен]

======================================================================
ХОД 9
======================================================================
✓ 🎮 GM: начинаем ход
GM: start_turn

--- Радиовышки: сканирование слоя Z ---
  Радиовышка C2 (z=6): слой чист

--- Решения ботов ---
  [Team A] Прыгун A3 (6,5,2) → SHOOT at (6,5,6)
  [Team A] Бурав A6 (8,8,1) → MOVE (7,7,2)
  [Team A] Факел A4 → SKIP
  [Team B] все корабли пропускают ход
  [Team C] Радиовышка C2 (6,5,6) → MOVE (6,5,5)
  [Team C] Прыгун C3 (6,4,7) → SHOOT at (6,4,2)
  [Team C] Бурав C6 (0,7,6) → MOVE (1,6,5)
  [Team C] Факел C4 → SKIP
! 🎮 GM: принудительно завершает фазу планирования
GM: end_planning
# 
============================================================
# 🔄 ОБРАБОТКА ХОДА 9
# ============================================================

📦 ПЕРЕМЕЩЕНИЯ:
!    ⚠️ Бурав A6: Бурав двигается только по 1 оси или по 2 осям строго диагонально
   Радиовышка C2: (6, 5, 6) → (6,5,5)
!    ⚠️ Бурав C6: Бурав двигается только по 1 оси или по 2 осям строго диагонально

🎯 ВЫСТРЕЛЫ:
✓    ✅ Прыгун A3 поразил Радиовышка C2 (1 урона)!
✓    ✅ Прыгун C3 поразил Факел A4 (1 урона)!
   Выпущено ракет: 2
# 
📊 РЕЗУЛЬТАТЫ ХОДА 9:
✓ 💥 ПОПАДАНИЯ:
✓    Прыгун A3 (Team A) → Радиовышка C2 (Team C)
✓    Прыгун C3 (Team C) → Факел A4 (Team A)

--- Результаты хода ---
  Team A / Прыгун A3          → Team C / Радиовышка C2      @ (6,5,5)  (ранен)
  Team C / Прыгун C3          → Team A / Факел A4           @ (6,4,2)  (ранен)

--- Состояние команд после хода ---
  Team A: живых 3/8
    ✓ Прыгун A3          @ (6,5,2) hp=2/2
    ✓ Факел A4           @ (6,4,2) hp=5/6
    ✓ Бурав A6           @ (8,8,1) hp=4/4
    ✗ Артиллерия A1      @ (6,4,7) [уничтожен]
    ✗ Радиовышка A2      @ (5,5,8) [уничтожен]
    ✗ Тишина A5          @ (6,4,1) [уничтожен]
    ✗ Провокатор A7      @ (6,4,6) [уничтожен]
    ✗ Паук A8            @ (6,4,8) [уничтожен]
  Team B: живых 0/8
    ✗ Артиллерия B1      @ (8,8,1) [уничтожен]
    ✗ Радиовышка B2      @ (7,4,1) [уничтожен]
    ✗ Прыгун B3          @ (8,5,1) [уничтожен]
    ✗ Факел B4           @ (8,1,1) [уничтожен]
    ✗ Тишина B5          @ (6,5,2) [уничтожен]
    ✗ Бурав B6           @ (6,4,1) [уничтожен]
    ✗ Провокатор B7      @ (8,2,1) [уничтожен]
    ✗ Паук B8            @ (8,4,1) [уничтожен]
  Team C: живых 4/8
    ✓ Радиовышка C2      @ (6,5,5) hp=2/3
    ✓ Прыгун C3          @ (6,4,7) hp=2/2
    ✓ Факел C4           @ (6,4,8) hp=6/6
    ✓ Бурав C6           @ (0,7,6) hp=4/4
    ✗ Артиллерия C1      @ (5,7,6) [уничтожен]
    ✗ Тишина C5          @ (5,5,7) [уничтожен]
    ✗ Провокатор C7      @ (4,7,6) [уничтожен]
    ✗ Паук C8            @ (2,7,6) [уничтожен]

======================================================================
ХОД 10
======================================================================
✓ 🎮 GM: начинаем ход
GM: start_turn

--- Радиовышки: сканирование слоя Z ---
  Радиовышка C2 (z=5): слой чист

--- Решения ботов ---
  [Team A] Прыгун A3 (6,5,2) → SHOOT at (6,5,5)
  [Team A] Факел A4 (6,4,2) → HEAL (AoE)
  [Team A] Бурав A6 (8,8,1) → MOVE (7,7,2)
  [Team B] все корабли пропускают ход
  [Team C] Радиовышка C2 (6,5,5) → MOVE (6,5,4)
  [Team C] Прыгун C3 (6,4,7) → SHOOT at (6,4,2)
  [Team C] Факел C4 (6,4,8) → MOVE (6,5,7)
  [Team C] Бурав C6 (0,7,6) → MOVE (1,6,5)
! 🎮 GM: принудительно завершает фазу планирования
GM: end_planning
# 
============================================================
# 🔄 ОБРАБОТКА ХОДА 10
# ============================================================

📦 ПЕРЕМЕЩЕНИЯ:
!    ⚠️ Бурав A6: Бурав двигается только по 1 оси или по 2 осям строго диагонально
   Радиовышка C2: (6, 5, 5) → (6,5,4)
!    ⚠️ Факел C4: клетка (6,5,7) занята
!    ⚠️ Бурав C6: Бурав двигается только по 1 оси или по 2 осям строго диагонально

🎯 ВЫСТРЕЛЫ:
✓    ✅ Прыгун A3 поразил Радиовышка C2 (1 урона)!
✓    ✅ Прыгун C3 поразил Факел A4 (1 урона)!
✓    💚 Факел A4 лечит Факел A4 → hits=1/6
   Выпущено ракет: 2
# 
📊 РЕЗУЛЬТАТЫ ХОДА 10:
✓ 💥 ПОПАДАНИЯ:
✓    Прыгун A3 (Team A) → Радиовышка C2 (Team C)
✓    Прыгун C3 (Team C) → Факел A4 (Team A)

--- Результаты хода ---
  Team A / Прыгун A3          → Team C / Радиовышка C2      @ (6,5,4)  (ранен)
  Team C / Прыгун C3          → Team A / Факел A4           @ (6,4,2)  (ранен)

--- Состояние команд после хода ---
  Team A: живых 3/8
    ✓ Прыгун A3          @ (6,5,2) hp=2/2
    ✓ Факел A4           @ (6,4,2) hp=5/6
    ✓ Бурав A6           @ (8,8,1) hp=4/4
    ✗ Артиллерия A1      @ (6,4,7) [уничтожен]
    ✗ Радиовышка A2      @ (5,5,8) [уничтожен]
    ✗ Тишина A5          @ (6,4,1) [уничтожен]
    ✗ Провокатор A7      @ (6,4,6) [уничтожен]
    ✗ Паук A8            @ (6,4,8) [уничтожен]
  Team B: живых 0/8
    ✗ Артиллерия B1      @ (8,8,1) [уничтожен]
    ✗ Радиовышка B2      @ (7,4,1) [уничтожен]
    ✗ Прыгун B3          @ (8,5,1) [уничтожен]
    ✗ Факел B4           @ (8,1,1) [уничтожен]
    ✗ Тишина B5          @ (6,5,2) [уничтожен]
    ✗ Бурав B6           @ (6,4,1) [уничтожен]
    ✗ Провокатор B7      @ (8,2,1) [уничтожен]
    ✗ Паук B8            @ (8,4,1) [уничтожен]
  Team C: живых 4/8
    ✓ Радиовышка C2      @ (6,5,4) hp=1/3
    ✓ Прыгун C3          @ (6,4,7) hp=2/2
    ✓ Факел C4           @ (6,4,8) hp=6/6
    ✓ Бурав C6           @ (0,7,6) hp=4/4
    ✗ Артиллерия C1      @ (5,7,6) [уничтожен]
    ✗ Тишина C5          @ (5,5,7) [уничтожен]
    ✗ Провокатор C7      @ (4,7,6) [уничтожен]
    ✗ Паук C8            @ (2,7,6) [уничтожен]

======================================================================
ХОД 11
======================================================================
✓ 🎮 GM: начинаем ход
GM: start_turn

--- Радиовышки: сканирование слоя Z ---
  Радиовышка C2 (z=4): слой чист

--- Решения ботов ---
  [Team A] Прыгун A3 (6,5,2) → MOVE (6,5,4)
  [Team A] Факел A4 (6,4,2) → HEAL (AoE)
  [Team A] Бурав A6 (8,8,1) → MOVE (7,7,2)
  [Team B] все корабли пропускают ход
  [Team C] Радиовышка C2 (6,5,4) → MOVE (6,5,3)
  [Team C] Прыгун C3 (6,4,7) → SHOOT at (6,4,2)
  [Team C] Факел C4 (6,4,8) → MOVE (6,5,7)
  [Team C] Бурав C6 (0,7,6) → MOVE (1,6,5)
! 🎮 GM: принудительно завершает фазу планирования
GM: end_planning
# 
============================================================
# 🔄 ОБРАБОТКА ХОДА 11
# ============================================================

📦 ПЕРЕМЕЩЕНИЯ:
✓    💥 Прыгун A3 тараном уничтожил Радиовышка C2 в (6,5,4)
   Прыгун A3: (6, 5, 2) → (6,5,4)
!    ⚠️ Бурав A6: Бурав двигается только по 1 оси или по 2 осям строго диагонально
!    ⚠️ Факел C4: клетка (6,5,7) занята
!    ⚠️ Бурав C6: Бурав двигается только по 1 оси или по 2 осям строго диагонально

🎯 ВЫСТРЕЛЫ:
✓    ✅ Прыгун C3 поразил Факел A4 (1 урона)!
✓    💚 Факел A4 лечит Факел A4 → hits=1/6
   Выпущено ракет: 1
# 
📊 РЕЗУЛЬТАТЫ ХОДА 11:
✓ 💥 ПОПАДАНИЯ:
✓    Прыгун C3 (Team C) → Факел A4 (Team A)

--- Результаты хода ---
  Team A / Прыгун A3          → Team C / Радиовышка C2      @ (6,5,4)  (УБИТ)
  Team C / Прыгун C3          → Team A / Факел A4           @ (6,4,2)  (ранен)

--- Состояние команд после хода ---
  Team A: живых 3/8
    ✓ Прыгун A3          @ (6,5,4) hp=2/2
    ✓ Факел A4           @ (6,4,2) hp=5/6
    ✓ Бурав A6           @ (8,8,1) hp=4/4
    ✗ Артиллерия A1      @ (6,4,7) [уничтожен]
    ✗ Радиовышка A2      @ (5,5,8) [уничтожен]
    ✗ Тишина A5          @ (6,4,1) [уничтожен]
    ✗ Провокатор A7      @ (6,4,6) [уничтожен]
    ✗ Паук A8            @ (6,4,8) [уничтожен]
  Team B: живых 0/8
    ✗ Артиллерия B1      @ (8,8,1) [уничтожен]
    ✗ Радиовышка B2      @ (7,4,1) [уничтожен]
    ✗ Прыгун B3          @ (8,5,1) [уничтожен]
    ✗ Факел B4           @ (8,1,1) [уничтожен]
    ✗ Тишина B5          @ (6,5,2) [уничтожен]
    ✗ Бурав B6           @ (6,4,1) [уничтожен]
    ✗ Провокатор B7      @ (8,2,1) [уничтожен]
    ✗ Паук B8            @ (8,4,1) [уничтожен]
  Team C: живых 3/8
    ✓ Прыгун C3          @ (6,4,7) hp=2/2
    ✓ Факел C4           @ (6,4,8) hp=6/6
    ✓ Бурав C6           @ (0,7,6) hp=4/4
    ✗ Артиллерия C1      @ (5,7,6) [уничтожен]
    ✗ Радиовышка C2      @ (6,5,4) [уничтожен]
    ✗ Тишина C5          @ (5,5,7) [уничтожен]
    ✗ Провокатор C7      @ (4,7,6) [уничтожен]
    ✗ Паук C8            @ (2,7,6) [уничтожен]

======================================================================
ХОД 12
======================================================================
✓ 🎮 GM: начинаем ход
GM: start_turn

--- Радиовышки: сканирование слоя Z ---
  (у команд не осталось живых радиовышек)

--- Решения ботов ---
  [Team A] Прыгун A3 (6,5,4) → MOVE (6,4,5)
  [Team A] Факел A4 (6,4,2) → HEAL (AoE)
  [Team A] Бурав A6 (8,8,1) → MOVE (7,7,2)
  [Team B] все корабли пропускают ход
  [Team C] Прыгун C3 (6,4,7) → MOVE (6,5,6)
  [Team C] Бурав C6 (0,7,6) → MOVE (1,6,5)
  [Team C] Факел C4 → SKIP
! 🎮 GM: принудительно завершает фазу планирования
GM: end_planning
# 
============================================================
# 🔄 ОБРАБОТКА ХОДА 12
# ============================================================

📦 ПЕРЕМЕЩЕНИЯ:
   Прыгун A3: (6, 5, 4) → (6,4,5)
!    ⚠️ Бурав A6: Бурав двигается только по 1 оси или по 2 осям строго диагонально
   Прыгун C3: (6, 4, 7) → (6,5,6)
!    ⚠️ Бурав C6: Бурав двигается только по 1 оси или по 2 осям строго диагонально

🎯 ВЫСТРЕЛЫ:
✓    💚 Факел A4 лечит Факел A4 → hits=0/6
   Выпущено ракет: 0
# 
📊 РЕЗУЛЬТАТЫ ХОДА 12:
🎯 Попаданий нет

--- Результаты хода ---
  Попаданий нет

--- Состояние команд после хода ---
  Team A: живых 3/8
    ✓ Прыгун A3          @ (6,4,5) hp=2/2
    ✓ Факел A4           @ (6,4,2) hp=6/6
    ✓ Бурав A6           @ (8,8,1) hp=4/4
    ✗ Артиллерия A1      @ (6,4,7) [уничтожен]
    ✗ Радиовышка A2      @ (5,5,8) [уничтожен]
    ✗ Тишина A5          @ (6,4,1) [уничтожен]
    ✗ Провокатор A7      @ (6,4,6) [уничтожен]
    ✗ Паук A8            @ (6,4,8) [уничтожен]
  Team B: живых 0/8
    ✗ Артиллерия B1      @ (8,8,1) [уничтожен]
    ✗ Радиовышка B2      @ (7,4,1) [уничтожен]
    ✗ Прыгун B3          @ (8,5,1) [уничтожен]
    ✗ Факел B4           @ (8,1,1) [уничтожен]
    ✗ Тишина B5          @ (6,5,2) [уничтожен]
    ✗ Бурав B6           @ (6,4,1) [уничтожен]
    ✗ Провокатор B7      @ (8,2,1) [уничтожен]
    ✗ Паук B8            @ (8,4,1) [уничтожен]
  Team C: живых 3/8
    ✓ Прыгун C3          @ (6,5,6) hp=2/2
    ✓ Факел C4           @ (6,4,8) hp=6/6
    ✓ Бурав C6           @ (0,7,6) hp=4/4
    ✗ Артиллерия C1      @ (5,7,6) [уничтожен]
    ✗ Радиовышка C2      @ (6,5,4) [уничтожен]
    ✗ Тишина C5          @ (5,5,7) [уничтожен]
    ✗ Провокатор C7      @ (4,7,6) [уничтожен]
    ✗ Паук C8            @ (2,7,6) [уничтожен]

======================================================================
ХОД 13
======================================================================
✓ 🎮 GM: начинаем ход
GM: start_turn

--- Радиовышки: сканирование слоя Z ---
  (у команд не осталось живых радиовышек)

--- Решения ботов ---
  [Team A] Прыгун A3 (6,4,5) → MOVE (6,5,6)
  [Team A] Факел A4 (6,4,2) → MOVE (6,4,3)
  [Team A] Бурав A6 (8,8,1) → MOVE (7,7,2)
  [Team B] все корабли пропускают ход
  [Team C] Прыгун C3 (6,5,6) → MOVE (6,4,5)
  [Team C] Факел C4 (6,4,8) → SHOOT at (6,4,5)
  [Team C] Бурав C6 (0,7,6) → MOVE (1,6,5)
! 🎮 GM: принудительно завершает фазу планирования
GM: end_planning
# 
============================================================
# 🔄 ОБРАБОТКА ХОДА 13
# ============================================================

📦 ПЕРЕМЕЩЕНИЯ:
✓    💥 Прыгун A3 тараном уничтожил Прыгун C3 в (6,5,6)
   Прыгун A3: (6, 4, 5) → (6,5,6)
   Факел A4: (6, 4, 2) → (6,4,3)
!    ⚠️ Бурав A6: Бурав двигается только по 1 оси или по 2 осям строго диагонально
!    ⚠️ Бурав C6: Бурав двигается только по 1 оси или по 2 осям строго диагонально

🎯 ВЫСТРЕЛЫ:
   Выпущено ракет: 1
# 
📊 РЕЗУЛЬТАТЫ ХОДА 13:
🎯 Попаданий нет

--- Результаты хода ---
  Team A / Прыгун A3          → Team C / Прыгун C3          @ (6,5,6)  (УБИТ)

--- Состояние команд после хода ---
  Team A: живых 3/8
    ✓ Прыгун A3          @ (6,5,6) hp=2/2
    ✓ Факел A4           @ (6,4,3) hp=6/6
    ✓ Бурав A6           @ (8,8,1) hp=4/4
    ✗ Артиллерия A1      @ (6,4,7) [уничтожен]
    ✗ Радиовышка A2      @ (5,5,8) [уничтожен]
    ✗ Тишина A5          @ (6,4,1) [уничтожен]
    ✗ Провокатор A7      @ (6,4,6) [уничтожен]
    ✗ Паук A8            @ (6,4,8) [уничтожен]
  Team B: живых 0/8
    ✗ Артиллерия B1      @ (8,8,1) [уничтожен]
    ✗ Радиовышка B2      @ (7,4,1) [уничтожен]
    ✗ Прыгун B3          @ (8,5,1) [уничтожен]
    ✗ Факел B4           @ (8,1,1) [уничтожен]
    ✗ Тишина B5          @ (6,5,2) [уничтожен]
    ✗ Бурав B6           @ (6,4,1) [уничтожен]
    ✗ Провокатор B7      @ (8,2,1) [уничтожен]
    ✗ Паук B8            @ (8,4,1) [уничтожен]
  Team C: живых 2/8
    ✓ Факел C4           @ (6,4,8) hp=6/6
    ✓ Бурав C6           @ (0,7,6) hp=4/4
    ✗ Артиллерия C1      @ (5,7,6) [уничтожен]
    ✗ Радиовышка C2      @ (6,5,4) [уничтожен]
    ✗ Прыгун C3          @ (6,5,6) [уничтожен]
    ✗ Тишина C5          @ (5,5,7) [уничтожен]
    ✗ Провокатор C7      @ (4,7,6) [уничтожен]
    ✗ Паук C8            @ (2,7,6) [уничтожен]

======================================================================
ХОД 14
======================================================================
✓ 🎮 GM: начинаем ход
GM: start_turn

--- Радиовышки: сканирование слоя Z ---
  (у команд не осталось живых радиовышек)

--- Решения ботов ---
  [Team A] Прыгун A3 (6,5,6) → MOVE (6,4,8)
  [Team A] Факел A4 (6,4,3) → SHOOT at (6,4,8)
  [Team A] Бурав A6 (8,8,1) → MOVE (7,7,2)
  [Team B] все корабли пропускают ход
  [Team C] Факел C4 (6,4,8) → MOVE (5,5,7)
  [Team C] Бурав C6 (0,7,6) → MOVE (1,6,6)
! 🎮 GM: принудительно завершает фазу планирования
GM: end_planning
# 
============================================================
# 🔄 ОБРАБОТКА ХОДА 14
# ============================================================

📦 ПЕРЕМЕЩЕНИЯ:
✓    💥 Прыгун A3 тараном уничтожил Факел C4 в (6,4,8)
   Прыгун A3: (6, 5, 6) → (6,4,8)
!    ⚠️ Бурав A6: Бурав двигается только по 1 оси или по 2 осям строго диагонально
   Бурав C6: (0, 7, 6) → (1,6,6)

🎯 ВЫСТРЕЛЫ:
!    🛡️ Выстрел Факел A4 заблокирован союзником Прыгун A3 в (6, 4, 8)
   Выпущено ракет: 1
# 
📊 РЕЗУЛЬТАТЫ ХОДА 14:
🎯 Попаданий нет

--- Результаты хода ---
  Team A / Прыгун A3          → Team C / Факел C4           @ (6,4,8)  (УБИТ)

--- Состояние команд после хода ---
  Team A: живых 3/8
    ✓ Прыгун A3          @ (6,4,8) hp=2/2
    ✓ Факел A4           @ (6,4,3) hp=6/6
    ✓ Бурав A6           @ (8,8,1) hp=4/4
    ✗ Артиллерия A1      @ (6,4,7) [уничтожен]
    ✗ Радиовышка A2      @ (5,5,8) [уничтожен]
    ✗ Тишина A5          @ (6,4,1) [уничтожен]
    ✗ Провокатор A7      @ (6,4,6) [уничтожен]
    ✗ Паук A8            @ (6,4,8) [уничтожен]
  Team B: живых 0/8
    ✗ Артиллерия B1      @ (8,8,1) [уничтожен]
    ✗ Радиовышка B2      @ (7,4,1) [уничтожен]
    ✗ Прыгун B3          @ (8,5,1) [уничтожен]
    ✗ Факел B4           @ (8,1,1) [уничтожен]
    ✗ Тишина B5          @ (6,5,2) [уничтожен]
    ✗ Бурав B6           @ (6,4,1) [уничтожен]
    ✗ Провокатор B7      @ (8,2,1) [уничтожен]
    ✗ Паук B8            @ (8,4,1) [уничтожен]
  Team C: живых 1/8
    ✓ Бурав C6           @ (1,6,6) hp=4/4
    ✗ Артиллерия C1      @ (5,7,6) [уничтожен]
    ✗ Радиовышка C2      @ (6,5,4) [уничтожен]
    ✗ Прыгун C3          @ (6,5,6) [уничтожен]
    ✗ Факел C4           @ (6,4,8) [уничтожен]
    ✗ Тишина C5          @ (5,5,7) [уничтожен]
    ✗ Провокатор C7      @ (4,7,6) [уничтожен]
    ✗ Паук C8            @ (2,7,6) [уничтожен]

======================================================================
ХОД 15
======================================================================
✓ 🎮 GM: начинаем ход
GM: start_turn

--- Радиовышки: сканирование слоя Z ---
  (у команд не осталось живых радиовышек)

--- Решения ботов ---
  [Team A] Прыгун A3 (6,4,8) → MOVE (5,5,7)
  [Team A] Факел A4 (6,4,3) → MOVE (6,4,4)
  [Team A] Бурав A6 (8,8,1) → MOVE (7,7,2)
  [Team B] все корабли пропускают ход
  [Team C] Бурав C6 (1,6,6) → MOVE (2,5,6)
! 🎮 GM: принудительно завершает фазу планирования
GM: end_planning
# 
============================================================
# 🔄 ОБРАБОТКА ХОДА 15
# ============================================================

📦 ПЕРЕМЕЩЕНИЯ:
   Прыгун A3: (6, 4, 8) → (5,5,7)
   Факел A4: (6, 4, 3) → (6,4,4)
!    ⚠️ Бурав A6: Бурав двигается только по 1 оси или по 2 осям строго диагонально
   Бурав C6: (1, 6, 6) → (2,5,6)

🎯 ВЫСТРЕЛЫ:
   Выпущено ракет: 0
# 
📊 РЕЗУЛЬТАТЫ ХОДА 15:
🎯 Попаданий нет

--- Результаты хода ---
  Попаданий нет

--- Состояние команд после хода ---
  Team A: живых 3/8
    ✓ Прыгун A3          @ (5,5,7) hp=2/2
    ✓ Факел A4           @ (6,4,4) hp=6/6
    ✓ Бурав A6           @ (8,8,1) hp=4/4
    ✗ Артиллерия A1      @ (6,4,7) [уничтожен]
    ✗ Радиовышка A2      @ (5,5,8) [уничтожен]
    ✗ Тишина A5          @ (6,4,1) [уничтожен]
    ✗ Провокатор A7      @ (6,4,6) [уничтожен]
    ✗ Паук A8            @ (6,4,8) [уничтожен]
  Team B: живых 0/8
    ✗ Артиллерия B1      @ (8,8,1) [уничтожен]
    ✗ Радиовышка B2      @ (7,4,1) [уничтожен]
    ✗ Прыгун B3          @ (8,5,1) [уничтожен]
    ✗ Факел B4           @ (8,1,1) [уничтожен]
    ✗ Тишина B5          @ (6,5,2) [уничтожен]
    ✗ Бурав B6           @ (6,4,1) [уничтожен]
    ✗ Провокатор B7      @ (8,2,1) [уничтожен]
    ✗ Паук B8            @ (8,4,1) [уничтожен]
  Team C: живых 1/8
    ✓ Бурав C6           @ (2,5,6) hp=4/4
    ✗ Артиллерия C1      @ (5,7,6) [уничтожен]
    ✗ Радиовышка C2      @ (6,5,4) [уничтожен]
    ✗ Прыгун C3          @ (6,5,6) [уничтожен]
    ✗ Факел C4           @ (6,4,8) [уничтожен]
    ✗ Тишина C5          @ (5,5,7) [уничтожен]
    ✗ Провокатор C7      @ (4,7,6) [уничтожен]
    ✗ Паук C8            @ (2,7,6) [уничтожен]

======================================================================
ХОД 16
======================================================================
✓ 🎮 GM: начинаем ход
GM: start_turn

--- Радиовышки: сканирование слоя Z ---
  (у команд не осталось живых радиовышек)

--- Решения ботов ---
  [Team A] Прыгун A3 (5,5,7) → MOVE (4,5,6)
  [Team A] Факел A4 (6,4,4) → MOVE (5,5,5)
  [Team A] Бурав A6 (8,8,1) → MOVE (7,7,2)
  [Team B] все корабли пропускают ход
  [Team C] Бурав C6 (2,5,6) → MOVE (3,5,7)
! 🎮 GM: принудительно завершает фазу планирования
GM: end_planning
# 
============================================================
# 🔄 ОБРАБОТКА ХОДА 16
# ============================================================

📦 ПЕРЕМЕЩЕНИЯ:
   Прыгун A3: (5, 5, 7) → (4,5,6)
   Факел A4: (6, 4, 4) → (5,5,5)
!    ⚠️ Бурав A6: Бурав двигается только по 1 оси или по 2 осям строго диагонально
   Бурав C6: (2, 5, 6) → (3,5,7)

🎯 ВЫСТРЕЛЫ:
   Выпущено ракет: 0
# 
📊 РЕЗУЛЬТАТЫ ХОДА 16:
🎯 Попаданий нет

--- Результаты хода ---
  Попаданий нет

--- Состояние команд после хода ---
  Team A: живых 3/8
    ✓ Прыгун A3          @ (4,5,6) hp=2/2
    ✓ Факел A4           @ (5,5,5) hp=6/6
    ✓ Бурав A6           @ (8,8,1) hp=4/4
    ✗ Артиллерия A1      @ (6,4,7) [уничтожен]
    ✗ Радиовышка A2      @ (5,5,8) [уничтожен]
    ✗ Тишина A5          @ (6,4,1) [уничтожен]
    ✗ Провокатор A7      @ (6,4,6) [уничтожен]
    ✗ Паук A8            @ (6,4,8) [уничтожен]
  Team B: живых 0/8
    ✗ Артиллерия B1      @ (8,8,1) [уничтожен]
    ✗ Радиовышка B2      @ (7,4,1) [уничтожен]
    ✗ Прыгун B3          @ (8,5,1) [уничтожен]
    ✗ Факел B4           @ (8,1,1) [уничтожен]
    ✗ Тишина B5          @ (6,5,2) [уничтожен]
    ✗ Бурав B6           @ (6,4,1) [уничтожен]
    ✗ Провокатор B7      @ (8,2,1) [уничтожен]
    ✗ Паук B8            @ (8,4,1) [уничтожен]
  Team C: живых 1/8
    ✓ Бурав C6           @ (3,5,7) hp=4/4
    ✗ Артиллерия C1      @ (5,7,6) [уничтожен]
    ✗ Радиовышка C2      @ (6,5,4) [уничтожен]
    ✗ Прыгун C3          @ (6,5,6) [уничтожен]
    ✗ Факел C4           @ (6,4,8) [уничтожен]
    ✗ Тишина C5          @ (5,5,7) [уничтожен]
    ✗ Провокатор C7      @ (4,7,6) [уничтожен]
    ✗ Паук C8            @ (2,7,6) [уничтожен]

======================================================================
ХОД 17
======================================================================
✓ 🎮 GM: начинаем ход
GM: start_turn

--- Радиовышки: сканирование слоя Z ---
  (у команд не осталось живых радиовышек)

--- Решения ботов ---
  [Team A] Прыгун A3 (4,5,6) → MOVE (3,5,7)
  [Team A] Факел A4 (5,5,5) → MOVE (5,5,6)
  [Team A] Бурав A6 (8,8,1) → MOVE (7,7,2)
  [Team B] все корабли пропускают ход
  [Team C] Бурав C6 (3,5,7) → MOVE (5,5,5)
! 🎮 GM: принудительно завершает фазу планирования
GM: end_planning
# 
============================================================
# 🔄 ОБРАБОТКА ХОДА 17
# ============================================================

📦 ПЕРЕМЕЩЕНИЯ:
✓    💥 Прыгун A3 тараном уничтожил Бурав C6 в (3,5,7)
   Прыгун A3: (4, 5, 6) → (3,5,7)
!    ⚠️ Факел A4: клетка (5,5,6) занята
!    ⚠️ Бурав A6: Бурав двигается только по 1 оси или по 2 осям строго диагонально

🎯 ВЫСТРЕЛЫ:
   Выпущено ракет: 0
# 
📊 РЕЗУЛЬТАТЫ ХОДА 17:
🎯 Попаданий нет
# 
🎮🎮🎮🎮🎮🎮🎮🎮🎮🎮🎮🎮🎮🎮🎮🎮🎮🎮🎮🎮
#         ИГРА ОКОНЧЕНА!
# 🎮🎮🎮🎮🎮🎮🎮🎮🎮🎮🎮🎮🎮🎮🎮🎮🎮🎮🎮🎮
✓         🏆 ПОБЕДИТЕЛЬ: Team A

--- Результаты хода ---
  Team A / Прыгун A3          → Team C / Бурав C6           @ (3,5,7)  (УБИТ)

--- Состояние команд после хода ---
  Team A: живых 3/8
    ✓ Прыгун A3          @ (3,5,7) hp=2/2
    ✓ Факел A4           @ (5,5,5) hp=6/6
    ✓ Бурав A6           @ (8,8,1) hp=4/4
    ✗ Артиллерия A1      @ (6,4,7) [уничтожен]
    ✗ Радиовышка A2      @ (5,5,8) [уничтожен]
    ✗ Тишина A5          @ (6,4,1) [уничтожен]
    ✗ Провокатор A7      @ (6,4,6) [уничтожен]
    ✗ Паук A8            @ (6,4,8) [уничтожен]
  Team B: живых 0/8
    ✗ Артиллерия B1      @ (8,8,1) [уничтожен]
    ✗ Радиовышка B2      @ (7,4,1) [уничтожен]
    ✗ Прыгун B3          @ (8,5,1) [уничтожен]
    ✗ Факел B4           @ (8,1,1) [уничтожен]
    ✗ Тишина B5          @ (6,5,2) [уничтожен]
    ✗ Бурав B6           @ (6,4,1) [уничтожен]
    ✗ Провокатор B7      @ (8,2,1) [уничтожен]
    ✗ Паук B8            @ (8,4,1) [уничтожен]
  Team C: живых 0/8
    ✗ Артиллерия C1      @ (5,7,6) [уничтожен]
    ✗ Радиовышка C2      @ (6,5,4) [уничтожен]
    ✗ Прыгун C3          @ (6,5,6) [уничтожен]
    ✗ Факел C4           @ (6,4,8) [уничтожен]
    ✗ Тишина C5          @ (5,5,7) [уничтожен]
    ✗ Бурав C6           @ (3,5,7) [уничтожен]
    ✗ Провокатор C7      @ (4,7,6) [уничтожен]
    ✗ Паук C8            @ (2,7,6) [уничтожен]

======================================================================
ИТОГ
======================================================================
Игра окончена. Победитель: Team A
Ходов сыграно: 17

--- Сводка по командам ---
  Team A: 3/8 живых; hp=12
  Team B: 0/8 живых; hp=0
  Team C: 0/8 живых; hp=0

--- Сводка по пассивкам радиовышек ---
  Team A: сканирований=7, всего врагов-в-слоях=5, уникальных эксклюзивных (видны только радиовышкой)=2
  Team B: сканирований=5, всего врагов-в-слоях=4, уникальных эксклюзивных (видны только радиовышкой)=0
  Team C: сканирований=11, всего врагов-в-слоях=1, уникальных эксклюзивных (видны только радиовышкой)=0

--- Сводка по попаданиям ---
  Всего событий (шоты+тараны+мины): 31
  Уничтожено кораблей всего: 21
  Team A: урон=43 хиты=5 тараны=11 мины(сработало)=1 убийств=14
  Team B: урон=6 хиты=2 тараны=1 мины(сработало)=0 убийств=3
  Team C: урон=12 хиты=10 тараны=1 мины(сработало)=0 убийств=4
! 🎮 GM: остановка игры
