======================================================================
Space Battle 10×10×10 — simulation run at 2026-04-20T13:23:54+00:00
Game mode: advanced
Seed: 91
✓ 🚀 Продвинутый режим: создаю разные типы кораблей
   Стартовые Z-слои: A=1, B=2, C=8
✓ ✅ Создано 24 кораблей


--- СТАРТОВАЯ РАССТАНОВКА ---
  Team A: живых 8/8
    ✓ Артиллерия A1      @ (3,0,1) hp=1/1
    ✓ Радиовышка A2      @ (7,4,1) hp=3/3
    ✓ Прыгун A3          @ (6,5,1) hp=2/2
    ✓ Факел A4           @ (0,2,1) hp=6/6
    ✓ Тишина A5          @ (0,8,1) hp=2/2
    ✓ Бурав A6           @ (9,4,1) hp=4/4
    ✓ Провокатор A7      @ (8,2,1) hp=2/2
    ✓ Паук A8            @ (9,0,1) hp=1/1
  Team B: живых 8/8
    ✓ Артиллерия B1      @ (5,7,2) hp=1/1
    ✓ Радиовышка B2      @ (3,6,2) hp=3/3
    ✓ Прыгун B3          @ (8,9,2) hp=2/2
    ✓ Факел B4           @ (8,8,2) hp=6/6
    ✓ Тишина B5          @ (8,7,2) hp=2/2
    ✓ Бурав B6           @ (3,0,2) hp=4/4
    ✓ Провокатор B7      @ (6,9,2) hp=2/2
    ✓ Паук B8            @ (6,3,2) hp=1/1
  Team C: живых 8/8
    ✓ Артиллерия C1      @ (3,8,8) hp=1/1
    ✓ Радиовышка C2      @ (0,0,8) hp=3/3
    ✓ Прыгун C3          @ (0,5,8) hp=2/2
    ✓ Факел C4           @ (0,3,8) hp=6/6
    ✓ Тишина C5          @ (7,9,8) hp=2/2
    ✓ Бурав C6           @ (5,9,8) hp=4/4
    ✓ Провокатор C7      @ (8,8,8) hp=2/2
    ✓ Паук C8            @ (9,1,8) hp=1/1

======================================================================
ХОД 1
======================================================================
✓ 🎮 GM: начинаем ход
GM: start_turn

--- Радиовышки: сканирование слоя Z ---
  Радиовышка A2 (z=1): слой чист
  Радиовышка B2 (z=2): слой чист
  Радиовышка C2 (z=8): слой чист

--- Решения ботов ---
  [Team A] Артиллерия A1 (3,0,1) → SHOOT at (5,7,2)
  [Team A] Радиовышка A2 (7,4,1) → MOVE (6,3,2)
  [Team A] Прыгун A3 (6,5,1) → MOVE (5,7,2)
  [Team A] Факел A4 (0,2,1) → MOVE (1,1,1)
  [Team A] Тишина A5 (0,8,1) → PHASE toggle
  [Team A] Бурав A6 (9,4,1) → MOVE (8,5,2)
  [Team A] Провокатор A7 (8,2,1) → HOLOGRAM (7,3,2)
  [Team A] Паук A8 (9,0,1) → MINE (8,1,2)
  [Team B] Артиллерия B1 (5,7,2) → SHOOT at (3,0,1)
  [Team B] Радиовышка B2 (3,6,2) → MOVE (4,5,1)
  [Team B] Прыгун B3 (8,9,2) → MOVE (7,8,1)
  [Team B] Факел B4 (8,8,2) → MOVE (7,7,2)
  [Team B] Тишина B5 (8,7,2) → PHASE toggle
  [Team B] Бурав B6 (3,0,2) → MOVE (3,0,1)
  [Team B] Провокатор B7 (6,9,2) → HOLOGRAM (6,8,1)
  [Team B] Паук B8 (6,3,2) → MINE (7,3,2)
  [Team C] Артиллерия C1 (3,8,8) → SHOOT at (9,4,8)
  [Team C] Радиовышка C2 (0,0,8) → MOVE (1,1,7)
  [Team C] Прыгун C3 (0,5,8) → MOVE (1,5,7)
  [Team C] Факел C4 (0,3,8) → MOVE (1,4,8)
  [Team C] Тишина C5 (7,9,8) → MOVE (6,8,7)
  [Team C] Бурав C6 (5,9,8) → MOVE (5,8,7)
  [Team C] Провокатор C7 (8,8,8) → MOVE (7,7,7)
  [Team C] Паук C8 (9,1,8) → MOVE (8,2,7)
! 🎮 GM: принудительно завершает фазу планирования
GM: end_planning
# 
============================================================
# 🔄 ОБРАБОТКА ХОДА 1
# ============================================================
   🌀 Тишина A5: фаза ВКЛ
   🌀 Тишина B5: фаза ВКЛ
   🪞 Провокатор A7 создал голограмму H1 в (7,3,2)
   🪞 Провокатор B7 создал голограмму H2 в (6,8,1)
   💣 Паук A8 установил мину M1 в (8,1,2)
   💣 Паук B8 установил мину M2 в (7,3,2)

📦 ПЕРЕМЕЩЕНИЯ:
!    ⚠️ Радиовышка A2: клетка (6,3,2) занята
✓    💥 Прыгун A3 тараном уничтожил Артиллерия B1 в (5,7,2)
   Прыгун A3: (6, 5, 1) → (5,7,2)
   Факел A4: (0, 2, 1) → (1,1,1)
!    ⚠️ Бурав A6: Бурав двигается только по 1 оси или по 2 осям строго диагонально
   Радиовышка B2: (3, 6, 2) → (4,5,1)
   Прыгун B3: (8, 9, 2) → (7,8,1)
   Факел B4: (8, 8, 2) → (7,7,2)
✓    💥 Бурав B6 тараном уничтожил Артиллерия A1 в (3,0,1)
   Бурав B6: (3, 0, 2) → (3,0,1)
   Радиовышка C2: (0, 0, 8) → (1,1,7)
   Прыгун C3: (0, 5, 8) → (1,5,7)
   Факел C4: (0, 3, 8) → (1,4,8)
   Тишина C5: (7, 9, 8) → (6,8,7)
   Бурав C6: (5, 9, 8) → (5,8,7)
   Провокатор C7: (8, 8, 8) → (7,7,7)
   Паук C8: (9, 1, 8) → (8,2,7)

🎯 ВЫСТРЕЛЫ:
   Выпущено ракет: 1
# 
📊 РЕЗУЛЬТАТЫ ХОДА 1:
🎯 Попаданий нет

--- Результаты хода ---
  Team A / Прыгун A3          → Team B / Артиллерия B1      @ (5,7,2)  (УБИТ)
  Team B / Бурав B6           → Team A / Артиллерия A1      @ (3,0,1)  (УБИТ)

--- Состояние команд после хода ---
  Team A: живых 7/8
    ✓ Радиовышка A2      @ (7,4,1) hp=3/3
    ✓ Прыгун A3          @ (5,7,2) hp=2/2
    ✓ Факел A4           @ (1,1,1) hp=6/6
    ✓ Тишина A5          @ (0,8,1) hp=2/2
    ✓ Бурав A6           @ (9,4,1) hp=4/4
    ✓ Провокатор A7      @ (8,2,1) hp=2/2
    ✓ Паук A8            @ (9,0,1) hp=1/1
    ✗ Артиллерия A1      @ (3,0,1) [уничтожен]
  Team B: живых 7/8
    ✓ Радиовышка B2      @ (4,5,1) hp=3/3
    ✓ Прыгун B3          @ (7,8,1) hp=2/2
    ✓ Факел B4           @ (7,7,2) hp=6/6
    ✓ Тишина B5          @ (8,7,2) hp=2/2
    ✓ Бурав B6           @ (3,0,1) hp=4/4
    ✓ Провокатор B7      @ (6,9,2) hp=2/2
    ✓ Паук B8            @ (6,3,2) hp=1/1
    ✗ Артиллерия B1      @ (5,7,2) [уничтожен]
  Team C: живых 8/8
    ✓ Артиллерия C1      @ (3,8,8) hp=1/1
    ✓ Радиовышка C2      @ (1,1,7) hp=3/3
    ✓ Прыгун C3          @ (1,5,7) hp=2/2
    ✓ Факел C4           @ (1,4,8) hp=6/6
    ✓ Тишина C5          @ (6,8,7) hp=2/2
    ✓ Бурав C6           @ (5,8,7) hp=4/4
    ✓ Провокатор C7      @ (7,7,7) hp=2/2
    ✓ Паук C8            @ (8,2,7) hp=1/1

======================================================================
ХОД 2
======================================================================
✓ 🎮 GM: начинаем ход
GM: start_turn

--- Радиовышки: сканирование слоя Z ---
  Радиовышка A2 (z=1): видит 3 врагов  → Бурав B6(3,0,1), Радиовышка B2(4,5,1), Прыгун B3(7,8,1)
  Радиовышка B2 (z=1): видит 5 врагов  → Факел A4(1,1,1), Радиовышка A2(7,4,1), Провокатор A7(8,2,1), Паук A8(9,0,1), Бурав A6(9,4,1)
  Радиовышка C2 (z=7): слой чист

--- Решения ботов ---
  [Team A] Радиовышка A2 (7,4,1) → MOVE (6,3,2)
  [Team A] Прыгун A3 (5,7,2) → MOVE (7,7,2)
  [Team A] Факел A4 (1,1,1) → MOVE (2,2,2)
  [Team A] Тишина A5 (0,8,1) → PHASE toggle
  [Team A] Бурав A6 (9,4,1) → MOVE (8,5,2)
  [Team A] Провокатор A7 (8,2,1) → HOLOGRAM (7,3,2)
  [Team A] Паук A8 (9,0,1) → MINE (8,1,2)
  [Team B] Радиовышка B2 (4,5,1) → MOVE (5,6,2)
  [Team B] Прыгун B3 (7,8,1) → MOVE (5,7,2)
  [Team B] Факел B4 (7,7,2) → SHOOT at (5,7,2)
  [Team B] Тишина B5 (8,7,2) → MOVE (7,6,1)
  [Team B] Бурав B6 (3,0,1) → MOVE (2,1,1)
  [Team B] Провокатор B7 (6,9,2) → HOLOGRAM (5,8,2)
  [Team B] Паук B8 (6,3,2) → MINE (7,3,2)
  [Team C] Артиллерия C1 (3,8,8) → SHOOT at (0,5,1)
  [Team C] Радиовышка C2 (1,1,7) → MOVE (2,2,6)
  [Team C] Прыгун C3 (1,5,7) → MOVE (2,5,6)
  [Team C] Факел C4 (1,4,8) → MOVE (2,5,8)
  [Team C] Тишина C5 (6,8,7) → MOVE (5,7,6)
  [Team C] Бурав C6 (5,8,7) → MOVE (5,8,6)
  [Team C] Провокатор C7 (7,7,7) → MOVE (6,6,6)
  [Team C] Паук C8 (8,2,7) → MOVE (7,3,6)
! 🎮 GM: принудительно завершает фазу планирования
GM: end_planning
# 
============================================================
# 🔄 ОБРАБОТКА ХОДА 2
# ============================================================
   🌀 Тишина A5: фаза ВЫКЛ
!    ⚠️ Провокатор A7: клетка (7,3,2) уже занята голограммой
   🪞 Провокатор B7 создал голограмму H3 в (5,8,2)
!    ⚠️ Паук A8: в клетке уже стоит мина
!    ⚠️ Паук B8: в клетке уже стоит мина

📦 ПЕРЕМЕЩЕНИЯ:
!    ⚠️ Радиовышка A2: клетка (6,3,2) занята
✓    💥 Прыгун A3 тараном уничтожил Факел B4 в (7,7,2)
   Прыгун A3: (5, 7, 2) → (7,7,2)
   Факел A4: (1, 1, 1) → (2,2,2)
!    ⚠️ Бурав A6: Бурав двигается только по 1 оси или по 2 осям строго диагонально
   Радиовышка B2: (4, 5, 1) → (5,6,2)
   Прыгун B3: (7, 8, 1) → (5,7,2)
   Тишина B5: (8, 7, 2) → (7,6,1)
   Бурав B6: (3, 0, 1) → (2,1,1)
   Радиовышка C2: (1, 1, 7) → (2,2,6)
   Прыгун C3: (1, 5, 7) → (2,5,6)
   Факел C4: (1, 4, 8) → (2,5,8)
   Тишина C5: (6, 8, 7) → (5,7,6)
   Бурав C6: (5, 8, 7) → (5,8,6)
   Провокатор C7: (7, 7, 7) → (6,6,6)
   Паук C8: (8, 2, 7) → (7,3,6)

🎯 ВЫСТРЕЛЫ:
   Выпущено ракет: 1
# 
📊 РЕЗУЛЬТАТЫ ХОДА 2:
🎯 Попаданий нет

--- Результаты хода ---
  Team A / Прыгун A3          → Team B / Факел B4           @ (7,7,2)  (УБИТ)

--- Состояние команд после хода ---
  Team A: живых 7/8
    ✓ Радиовышка A2      @ (7,4,1) hp=3/3
    ✓ Прыгун A3          @ (7,7,2) hp=2/2
    ✓ Факел A4           @ (2,2,2) hp=6/6
    ✓ Тишина A5          @ (0,8,1) hp=2/2
    ✓ Бурав A6           @ (9,4,1) hp=4/4
    ✓ Провокатор A7      @ (8,2,1) hp=2/2
    ✓ Паук A8            @ (9,0,1) hp=1/1
    ✗ Артиллерия A1      @ (3,0,1) [уничтожен]
  Team B: живых 6/8
    ✓ Радиовышка B2      @ (5,6,2) hp=3/3
    ✓ Прыгун B3          @ (5,7,2) hp=2/2
    ✓ Тишина B5          @ (7,6,1) hp=2/2
    ✓ Бурав B6           @ (2,1,1) hp=4/4
    ✓ Провокатор B7      @ (6,9,2) hp=2/2
    ✓ Паук B8            @ (6,3,2) hp=1/1
    ✗ Артиллерия B1      @ (5,7,2) [уничтожен]
    ✗ Факел B4           @ (7,7,2) [уничтожен]
  Team C: живых 8/8
    ✓ Артиллерия C1      @ (3,8,8) hp=1/1
    ✓ Радиовышка C2      @ (2,2,6) hp=3/3
    ✓ Прыгун C3          @ (2,5,6) hp=2/2
    ✓ Факел C4           @ (2,5,8) hp=6/6
    ✓ Тишина C5          @ (5,7,6) hp=2/2
    ✓ Бурав C6           @ (5,8,6) hp=4/4
    ✓ Провокатор C7      @ (6,6,6) hp=2/2
    ✓ Паук C8            @ (7,3,6) hp=1/1

======================================================================
ХОД 3
======================================================================
✓ 🎮 GM: начинаем ход
GM: start_turn

--- Радиовышки: сканирование слоя Z ---
  Радиовышка A2 (z=1): видит 1 врагов  → Бурав B6(2,1,1)
  Радиовышка B2 (z=2): видит 2 врагов  → Факел A4(2,2,2), Прыгун A3(7,7,2)
  Радиовышка C2 (z=6): слой чист

--- Решения ботов ---
  [Team A] Радиовышка A2 (7,4,1) → MOVE (6,3,2)
  [Team A] Прыгун A3 (7,7,2) → MOVE (5,7,2)
  [Team A] Факел A4 (2,2,2) → MOVE (3,3,2)
  [Team A] Тишина A5 (0,8,1) → PHASE toggle
  [Team A] Бурав A6 (9,4,1) → MOVE (8,3,2)
  [Team A] Провокатор A7 (8,2,1) → HOLOGRAM (7,3,2)
  [Team A] Паук A8 (9,0,1) → MINE (8,1,2)
  [Team B] Радиовышка B2 (5,6,2) → MOVE (6,5,1)
  [Team B] Прыгун B3 (5,7,2) → MOVE (7,7,2)
  [Team B] Тишина B5 (7,6,1) → MOVE (7,7,1)
  [Team B] Бурав B6 (2,1,1) → MOVE (2,2,2)
  [Team B] Провокатор B7 (6,9,2) → HOLOGRAM (7,8,2)
  [Team B] Паук B8 (6,3,2) → MINE (7,3,2)
  [Team C] Артиллерия C1 (3,8,8) → SHOOT at (9,4,9)
  [Team C] Радиовышка C2 (2,2,6) → MOVE (3,3,5)
  [Team C] Прыгун C3 (2,5,6) → MOVE (3,5,5)
  [Team C] Факел C4 (2,5,8) → MOVE (3,6,8)
  [Team C] Тишина C5 (5,7,6) → MOVE (5,6,5)
  [Team C] Бурав C6 (5,8,6) → MOVE (5,7,5)
  [Team C] Провокатор C7 (6,6,6) → MOVE (5,5,5)
  [Team C] Паук C8 (7,3,6) → MOVE (6,4,5)
! 🎮 GM: принудительно завершает фазу планирования
GM: end_planning
# 
============================================================
# 🔄 ОБРАБОТКА ХОДА 3
# ============================================================
   🌀 Тишина A5: фаза ВКЛ
!    ⚠️ Провокатор A7: клетка (7,3,2) уже занята голограммой
   🪞 Провокатор B7 создал голограмму H4 в (7,8,2)
!    ⚠️ Паук A8: в клетке уже стоит мина
!    ⚠️ Паук B8: в клетке уже стоит мина

📦 ПЕРЕМЕЩЕНИЯ:
!    ⚠️ Радиовышка A2: клетка (6,3,2) занята
✓    💥 Прыгун A3 тараном уничтожил Прыгун B3 в (5,7,2)
   Прыгун A3: (7, 7, 2) → (5,7,2)
   Факел A4: (2, 2, 2) → (3,3,2)
!    ⚠️ Бурав A6: Бурав двигается только по 1 оси или по 2 осям строго диагонально
   Радиовышка B2: (5, 6, 2) → (6,5,1)
   Тишина B5: (7, 6, 1) → (7,7,1)
   Бурав B6: (2, 1, 1) → (2,2,2)
   Радиовышка C2: (2, 2, 6) → (3,3,5)
   Прыгун C3: (2, 5, 6) → (3,5,5)
   Факел C4: (2, 5, 8) → (3,6,8)
   Тишина C5: (5, 7, 6) → (5,6,5)
   Бурав C6: (5, 8, 6) → (5,7,5)
   Провокатор C7: (6, 6, 6) → (5,5,5)
   Паук C8: (7, 3, 6) → (6,4,5)

🎯 ВЫСТРЕЛЫ:
   Выпущено ракет: 1
# 
📊 РЕЗУЛЬТАТЫ ХОДА 3:
🎯 Попаданий нет

--- Результаты хода ---
  Team A / Прыгун A3          → Team B / Прыгун B3          @ (5,7,2)  (УБИТ)

--- Состояние команд после хода ---
  Team A: живых 7/8
    ✓ Радиовышка A2      @ (7,4,1) hp=3/3
    ✓ Прыгун A3          @ (5,7,2) hp=2/2
    ✓ Факел A4           @ (3,3,2) hp=6/6
    ✓ Тишина A5          @ (0,8,1) hp=2/2
    ✓ Бурав A6           @ (9,4,1) hp=4/4
    ✓ Провокатор A7      @ (8,2,1) hp=2/2
    ✓ Паук A8            @ (9,0,1) hp=1/1
    ✗ Артиллерия A1      @ (3,0,1) [уничтожен]
  Team B: живых 5/8
    ✓ Радиовышка B2      @ (6,5,1) hp=3/3
    ✓ Тишина B5          @ (7,7,1) hp=2/2
    ✓ Бурав B6           @ (2,2,2) hp=4/4
    ✓ Провокатор B7      @ (6,9,2) hp=2/2
    ✓ Паук B8            @ (6,3,2) hp=1/1
    ✗ Артиллерия B1      @ (5,7,2) [уничтожен]
    ✗ Прыгун B3          @ (5,7,2) [уничтожен]
    ✗ Факел B4           @ (7,7,2) [уничтожен]
  Team C: живых 8/8
    ✓ Артиллерия C1      @ (3,8,8) hp=1/1
    ✓ Радиовышка C2      @ (3,3,5) hp=3/3
    ✓ Прыгун C3          @ (3,5,5) hp=2/2
    ✓ Факел C4           @ (3,6,8) hp=6/6
    ✓ Тишина C5          @ (5,6,5) hp=2/2
    ✓ Бурав C6           @ (5,7,5) hp=4/4
    ✓ Провокатор C7      @ (5,5,5) hp=2/2
    ✓ Паук C8            @ (6,4,5) hp=1/1

======================================================================
ХОД 4
======================================================================
✓ 🎮 GM: начинаем ход
GM: start_turn

--- Радиовышки: сканирование слоя Z ---
  Радиовышка A2 (z=1): видит 1 врагов  → Радиовышка B2(6,5,1)
  Радиовышка B2 (z=1): видит 4 врагов  → Радиовышка A2(7,4,1), Провокатор A7(8,2,1), Паук A8(9,0,1), Бурав A6(9,4,1)
  Радиовышка C2 (z=5): слой чист

--- Решения ботов ---
  [Team A] Радиовышка A2 (7,4,1) → MOVE (6,5,1)
  [Team A] Прыгун A3 (5,7,2) → MOVE (6,9,2)
  [Team A] Факел A4 (3,3,2) → SHOOT at (6,3,2)
  [Team A] Тишина A5 (0,8,1) → MOVE (1,7,2)
  [Team A] Бурав A6 (9,4,1) → MOVE (8,5,1)
  [Team A] Провокатор A7 (8,2,1) → HOLOGRAM (7,3,2)
  [Team A] Паук A8 (9,0,1) → MINE (8,1,2)
  [Team B] Радиовышка B2 (6,5,1) → MOVE (7,4,1)
  [Team B] Тишина B5 (7,7,1) → MOVE (6,7,2)
  [Team B] Бурав B6 (2,2,2) → MOVE (3,3,2)
  [Team B] Провокатор B7 (6,9,2) → HOLOGRAM (5,8,2)
  [Team B] Паук B8 (6,3,2) → MINE (7,3,2)
  [Team C] Артиллерия C1 (3,8,8) → SHOOT at (6,9,2)
  [Team C] Радиовышка C2 (3,3,5) → MOVE (3,3,4)
  [Team C] Прыгун C3 (3,5,5) → MOVE (4,6,4)
  [Team C] Факел C4 (3,6,8) → MOVE (3,7,8)
  [Team C] Тишина C5 (5,6,5) → PHASE toggle
  [Team C] Бурав C6 (5,7,5) → MOVE (5,7,2)
  [Team C] Провокатор C7 (5,5,5) → HOLOGRAM (5,6,4)
  [Team C] Паук C8 (6,4,5) → MINE (5,5,4)
! 🎮 GM: принудительно завершает фазу планирования
GM: end_planning
# 
============================================================
# 🔄 ОБРАБОТКА ХОДА 4
# ============================================================
   🌀 Тишина C5: фаза ВКЛ
!    ⚠️ Провокатор A7: клетка (7,3,2) уже занята голограммой
!    ⚠️ Провокатор B7: клетка (5,8,2) уже занята голограммой
   🪞 Провокатор C7 создал голограмму H5 в (5,6,4)
!    ⚠️ Паук A8: в клетке уже стоит мина
!    ⚠️ Паук B8: в клетке уже стоит мина
   💣 Паук C8 установил мину M3 в (5,5,4)

📦 ПЕРЕМЕЩЕНИЯ:
!    ⚠️ Радиовышка A2: клетка (6,5,1) занята
✓    💥 Прыгун A3 тараном уничтожил Провокатор B7 в (6,9,2)
   Прыгун A3: (5, 7, 2) → (6,9,2)
   Тишина A5: (0, 8, 1) → (1,7,2)
   Бурав A6: (9, 4, 1) → (8,5,1)
!    ⚠️ Радиовышка B2: клетка (7,4,1) занята
   Тишина B5: (7, 7, 1) → (6,7,2)
✓    💥 Бурав B6 тараном уничтожил Факел A4 в (3,3,2)
   Бурав B6: (2, 2, 2) → (3,3,2)
   Радиовышка C2: (3, 3, 5) → (3,3,4)
   Прыгун C3: (3, 5, 5) → (4,6,4)
   Факел C4: (3, 6, 8) → (3,7,8)
   Бурав C6: (5, 7, 5) → (5,7,2)

🎯 ВЫСТРЕЛЫ:
✓    ✅ Артиллерия C1 поразил Прыгун A3 (2 урона)!
   Выпущено ракет: 1
# 
📊 РЕЗУЛЬТАТЫ ХОДА 4:
✓ 💥 ПОПАДАНИЯ:
✓    Артиллерия C1 (Team C) → Прыгун A3 (Team A)

--- Результаты хода ---
  Team A / Прыгун A3          → Team B / Провокатор B7      @ (6,9,2)  (УБИТ)
  Team B / Бурав B6           → Team A / Факел A4           @ (3,3,2)  (УБИТ)
  Team C / Артиллерия C1      → Team A / Прыгун A3          @ (6,9,2)  (УБИТ)

--- Состояние команд после хода ---
  Team A: живых 5/8
    ✓ Радиовышка A2      @ (7,4,1) hp=3/3
    ✓ Тишина A5          @ (1,7,2) hp=2/2
    ✓ Бурав A6           @ (8,5,1) hp=4/4
    ✓ Провокатор A7      @ (8,2,1) hp=2/2
    ✓ Паук A8            @ (9,0,1) hp=1/1
    ✗ Артиллерия A1      @ (3,0,1) [уничтожен]
    ✗ Прыгун A3          @ (6,9,2) [уничтожен]
    ✗ Факел A4           @ (3,3,2) [уничтожен]
  Team B: живых 4/8
    ✓ Радиовышка B2      @ (6,5,1) hp=3/3
    ✓ Тишина B5          @ (6,7,2) hp=2/2
    ✓ Бурав B6           @ (3,3,2) hp=4/4
    ✓ Паук B8            @ (6,3,2) hp=1/1
    ✗ Артиллерия B1      @ (5,7,2) [уничтожен]
    ✗ Прыгун B3          @ (5,7,2) [уничтожен]
    ✗ Факел B4           @ (7,7,2) [уничтожен]
    ✗ Провокатор B7      @ (6,9,2) [уничтожен]
  Team C: живых 8/8
    ✓ Артиллерия C1      @ (3,8,8) hp=1/1
    ✓ Радиовышка C2      @ (3,3,4) hp=3/3
    ✓ Прыгун C3          @ (4,6,4) hp=2/2
    ✓ Факел C4           @ (3,7,8) hp=6/6
    ✓ Тишина C5          @ (5,6,5) hp=2/2
    ✓ Бурав C6           @ (5,7,2) hp=4/4
    ✓ Провокатор C7      @ (5,5,5) hp=2/2
    ✓ Паук C8            @ (6,4,5) hp=1/1

======================================================================
ХОД 5
======================================================================
✓ 🎮 GM: начинаем ход
GM: start_turn

--- Радиовышки: сканирование слоя Z ---
  Радиовышка A2 (z=1): видит 1 врагов  → Радиовышка B2(6,5,1)
  Радиовышка B2 (z=1): видит 4 врагов  → Радиовышка A2(7,4,1), Провокатор A7(8,2,1), Бурав A6(8,5,1), Паук A8(9,0,1)
  Радиовышка C2 (z=4): слой чист

--- Решения ботов ---
  [Team A] Радиовышка A2 (7,4,1) → MOVE (6,5,1)
  [Team A] Тишина A5 (1,7,2) → MOVE (2,6,3)
  [Team A] Бурав A6 (8,5,1) → MOVE (7,5,1)
  [Team A] Провокатор A7 (8,2,1) → HOLOGRAM (7,3,2)
  [Team A] Паук A8 (9,0,1) → MINE (8,1,2)
  [Team B] Радиовышка B2 (6,5,1) → MOVE (7,4,1)
  [Team B] Тишина B5 (6,7,2) → MOVE (5,7,2)
  [Team B] Бурав B6 (3,3,2) → MOVE (3,3,4)
  [Team B] Паук B8 (6,3,2) → MINE (7,3,2)
  [Team C] Артиллерия C1 (3,8,8) → SHOOT at (6,3,2)
  [Team C] Радиовышка C2 (3,3,4) → MOVE (3,3,3)
  [Team C] Прыгун C3 (4,6,4) → MOVE (5,5,3)
  [Team C] Тишина C5 (5,6,5) → PHASE toggle
  [Team C] Бурав C6 (5,7,2) → MOVE (6,6,1)
  [Team C] Провокатор C7 (5,5,5) → HOLOGRAM (4,4,4)
  [Team C] Паук C8 (6,4,5) → MINE (5,3,4)
  [Team C] Факел C4 → SKIP
! 🎮 GM: принудительно завершает фазу планирования
GM: end_planning
# 
============================================================
# 🔄 ОБРАБОТКА ХОДА 5
# ============================================================
   🌀 Тишина C5: фаза ВЫКЛ
!    ⚠️ Провокатор A7: клетка (7,3,2) уже занята голограммой
   🪞 Провокатор C7 создал голограмму H6 в (4,4,4)
!    ⚠️ Паук A8: в клетке уже стоит мина
!    ⚠️ Паук B8: в клетке уже стоит мина
   💣 Паук C8 установил мину M4 в (5,3,4)

📦 ПЕРЕМЕЩЕНИЯ:
!    ⚠️ Радиовышка A2: клетка (6,5,1) занята
   Тишина A5: (1, 7, 2) → (2,6,3)
   Бурав A6: (8, 5, 1) → (7,5,1)
!    ⚠️ Радиовышка B2: клетка (7,4,1) занята
!    ⚠️ Тишина B5: клетка (5,7,2) занята
✓    💥 Бурав B6 тараном уничтожил Радиовышка C2 в (3,3,4)
   Бурав B6: (3, 3, 2) → (3,3,4)
   Прыгун C3: (4, 6, 4) → (5,5,3)
!    ⚠️ Бурав C6: Бурав двигается только по 1 оси или по 2 осям строго диагонально

🎯 ВЫСТРЕЛЫ:
✓    ✅ Артиллерия C1 поразил Паук B8 (2 урона)!
   Выпущено ракет: 1
# 
📊 РЕЗУЛЬТАТЫ ХОДА 5:
✓ 💥 ПОПАДАНИЯ:
✓    Артиллерия C1 (Team C) → Паук B8 (Team B)

--- Результаты хода ---
  Team B / Бурав B6           → Team C / Радиовышка C2      @ (3,3,4)  (УБИТ)
  Team C / Артиллерия C1      → Team B / Паук B8            @ (6,3,2)  (УБИТ)

--- Состояние команд после хода ---
  Team A: живых 5/8
    ✓ Радиовышка A2      @ (7,4,1) hp=3/3
    ✓ Тишина A5          @ (2,6,3) hp=2/2
    ✓ Бурав A6           @ (7,5,1) hp=4/4
    ✓ Провокатор A7      @ (8,2,1) hp=2/2
    ✓ Паук A8            @ (9,0,1) hp=1/1
    ✗ Артиллерия A1      @ (3,0,1) [уничтожен]
    ✗ Прыгун A3          @ (6,9,2) [уничтожен]
    ✗ Факел A4           @ (3,3,2) [уничтожен]
  Team B: живых 3/8
    ✓ Радиовышка B2      @ (6,5,1) hp=3/3
    ✓ Тишина B5          @ (6,7,2) hp=2/2
    ✓ Бурав B6           @ (3,3,4) hp=4/4
    ✗ Артиллерия B1      @ (5,7,2) [уничтожен]
    ✗ Прыгун B3          @ (5,7,2) [уничтожен]
    ✗ Факел B4           @ (7,7,2) [уничтожен]
    ✗ Провокатор B7      @ (6,9,2) [уничтожен]
    ✗ Паук B8            @ (6,3,2) [уничтожен]
  Team C: живых 7/8
    ✓ Артиллерия C1      @ (3,8,8) hp=1/1
    ✓ Прыгун C3          @ (5,5,3) hp=2/2
    ✓ Факел C4           @ (3,7,8) hp=6/6
    ✓ Тишина C5          @ (5,6,5) hp=2/2
    ✓ Бурав C6           @ (5,7,2) hp=4/4
    ✓ Провокатор C7      @ (5,5,5) hp=2/2
    ✓ Паук C8            @ (6,4,5) hp=1/1
    ✗ Радиовышка C2      @ (3,3,4) [уничтожен]

======================================================================
ХОД 6
======================================================================
✓ 🎮 GM: начинаем ход
GM: start_turn

--- Радиовышки: сканирование слоя Z ---
  Радиовышка A2 (z=1): видит 1 врагов  → Радиовышка B2(6,5,1)
  Радиовышка B2 (z=1): видит 4 врагов [+2 эксклюзивно] → Радиовышка A2(7,4,1), Бурав A6(7,5,1), Провокатор A7(8,2,1), Паук A8(9,0,1)

--- Решения ботов ---
  [Team A] Радиовышка A2 (7,4,1) → MOVE (6,5,1)
  [Team A] Тишина A5 (2,6,3) → MOVE (3,5,4)
  [Team A] Бурав A6 (7,5,1) → MOVE (5,5,3)
  [Team A] Провокатор A7 (8,2,1) → HOLOGRAM (7,3,1)
  [Team A] Паук A8 (9,0,1) → MOVE (8,1,1)
  [Team B] Радиовышка B2 (6,5,1) → MOVE (7,4,1)
  [Team B] Тишина B5 (6,7,2) → MOVE (5,7,2)
  [Team B] Бурав B6 (3,3,4) → MOVE (4,4,3)
  [Team C] Артиллерия C1 (3,8,8) → SHOOT at (8,2,1)
  [Team C] Прыгун C3 (5,5,3) → MOVE (7,5,1)
  [Team C] Тишина C5 (5,6,5) → PHASE toggle
  [Team C] Бурав C6 (5,7,2) → MOVE (6,6,1)
  [Team C] Провокатор C7 (5,5,5) → HOLOGRAM (4,4,4)
  [Team C] Паук C8 (6,4,5) → MINE (5,3,4)
  [Team C] Факел C4 → SKIP
! 🎮 GM: принудительно завершает фазу планирования
GM: end_planning
# 
============================================================
# 🔄 ОБРАБОТКА ХОДА 6
# ============================================================
   🌀 Тишина C5: фаза ВКЛ
   🪞 Провокатор A7 создал голограмму H7 в (7,3,1)
!    ⚠️ Провокатор C7: клетка (4,4,4) уже занята голограммой
!    ⚠️ Паук C8: в клетке уже стоит мина

📦 ПЕРЕМЕЩЕНИЯ:
!    ⚠️ Радиовышка A2: клетка (6,5,1) занята
   Тишина A5: (2, 6, 3) → (3,5,4)
✓    💥 Бурав A6 тараном уничтожил Прыгун C3 в (5,5,3)
   Бурав A6: (7, 5, 1) → (5,5,3)
   Паук A8: (9, 0, 1) → (8,1,1)
!    ⚠️ Радиовышка B2: клетка (7,4,1) занята
!    ⚠️ Тишина B5: клетка (5,7,2) занята
!    ⚠️ Бурав B6: Бурав двигается только по 1 оси или по 2 осям строго диагонально
!    ⚠️ Бурав C6: Бурав двигается только по 1 оси или по 2 осям строго диагонально

🎯 ВЫСТРЕЛЫ:
✓    ✅ Артиллерия C1 поразил Провокатор A7 (2 урона)!
   Выпущено ракет: 1
# 
📊 РЕЗУЛЬТАТЫ ХОДА 6:
✓ 💥 ПОПАДАНИЯ:
✓    Артиллерия C1 (Team C) → Провокатор A7 (Team A)

--- Результаты хода ---
  Team A / Бурав A6           → Team C / Прыгун C3          @ (5,5,3)  (УБИТ)
  Team C / Артиллерия C1      → Team A / Провокатор A7      @ (8,2,1)  (УБИТ)

--- Состояние команд после хода ---
  Team A: живых 4/8
    ✓ Радиовышка A2      @ (7,4,1) hp=3/3
    ✓ Тишина A5          @ (3,5,4) hp=2/2
    ✓ Бурав A6           @ (5,5,3) hp=4/4
    ✓ Паук A8            @ (8,1,1) hp=1/1
    ✗ Артиллерия A1      @ (3,0,1) [уничтожен]
    ✗ Прыгун A3          @ (6,9,2) [уничтожен]
    ✗ Факел A4           @ (3,3,2) [уничтожен]
    ✗ Провокатор A7      @ (8,2,1) [уничтожен]
  Team B: живых 3/8
    ✓ Радиовышка B2      @ (6,5,1) hp=3/3
    ✓ Тишина B5          @ (6,7,2) hp=2/2
    ✓ Бурав B6           @ (3,3,4) hp=4/4
    ✗ Артиллерия B1      @ (5,7,2) [уничтожен]
    ✗ Прыгун B3          @ (5,7,2) [уничтожен]
    ✗ Факел B4           @ (7,7,2) [уничтожен]
    ✗ Провокатор B7      @ (6,9,2) [уничтожен]
    ✗ Паук B8            @ (6,3,2) [уничтожен]
  Team C: живых 6/8
    ✓ Артиллерия C1      @ (3,8,8) hp=1/1
    ✓ Факел C4           @ (3,7,8) hp=6/6
    ✓ Тишина C5          @ (5,6,5) hp=2/2
    ✓ Бурав C6           @ (5,7,2) hp=4/4
    ✓ Провокатор C7      @ (5,5,5) hp=2/2
    ✓ Паук C8            @ (6,4,5) hp=1/1
    ✗ Радиовышка C2      @ (3,3,4) [уничтожен]
    ✗ Прыгун C3          @ (5,5,3) [уничтожен]

======================================================================
ХОД 7
======================================================================
✓ 🎮 GM: начинаем ход
GM: start_turn

--- Радиовышки: сканирование слоя Z ---
  Радиовышка A2 (z=1): видит 1 врагов  → Радиовышка B2(6,5,1)
  Радиовышка B2 (z=1): видит 2 врагов [+1 эксклюзивно] → Радиовышка A2(7,4,1), Паук A8(8,1,1)

--- Решения ботов ---
  [Team A] Радиовышка A2 (7,4,1) → MOVE (6,5,1)
  [Team A] Тишина A5 (3,5,4) → MOVE (3,4,4)
  [Team A] Бурав A6 (5,5,3) → MOVE (5,5,5)
  [Team A] Паук A8 (8,1,1) → MINE (7,2,1)
  [Team B] Радиовышка B2 (6,5,1) → MOVE (7,4,1)
  [Team B] Тишина B5 (6,7,2) → MOVE (5,7,2)
  [Team B] Бурав B6 (3,3,4) → MOVE (4,4,3)
  [Team C] Артиллерия C1 (3,8,8) → SHOOT at (3,3,4)
  [Team C] Тишина C5 (5,6,5) → PHASE toggle
  [Team C] Бурав C6 (5,7,2) → MOVE (5,6,3)
  [Team C] Провокатор C7 (5,5,5) → HOLOGRAM (5,5,4)
  [Team C] Паук C8 (6,4,5) → MINE (5,5,4)
  [Team C] Факел C4 → SKIP
! 🎮 GM: принудительно завершает фазу планирования
GM: end_planning
# 
============================================================
# 🔄 ОБРАБОТКА ХОДА 7
# ============================================================
   🌀 Тишина C5: фаза ВЫКЛ
   🪞 Провокатор C7 создал голограмму H8 в (5,5,4)
   💣 Паук A8 установил мину M5 в (7,2,1)
!    ⚠️ Паук C8: в клетке уже стоит мина

📦 ПЕРЕМЕЩЕНИЯ:
!    ⚠️ Радиовышка A2: клетка (6,5,1) занята
   Тишина A5: (3, 5, 4) → (3,4,4)
✓    💥 Бурав A6 тараном уничтожил Провокатор C7 в (5,5,5)
   Бурав A6: (5, 5, 3) → (5,5,5)
!    ⚠️ Радиовышка B2: клетка (7,4,1) занята
!    ⚠️ Тишина B5: клетка (5,7,2) занята
!    ⚠️ Бурав B6: Бурав двигается только по 1 оси или по 2 осям строго диагонально
   Бурав C6: (5, 7, 2) → (5,6,3)

🎯 ВЫСТРЕЛЫ:
✓    ✅ Артиллерия C1 поразил Бурав B6 (2 урона)!
   Выпущено ракет: 1
# 
📊 РЕЗУЛЬТАТЫ ХОДА 7:
✓ 💥 ПОПАДАНИЯ:
✓    Артиллерия C1 (Team C) → Бурав B6 (Team B)

--- Результаты хода ---
  Team A / Бурав A6           → Team C / Провокатор C7      @ (5,5,5)  (УБИТ)
  Team C / Артиллерия C1      → Team B / Бурав B6           @ (3,3,4)  (ранен)

--- Состояние команд после хода ---
  Team A: живых 4/8
    ✓ Радиовышка A2      @ (7,4,1) hp=3/3
    ✓ Тишина A5          @ (3,4,4) hp=2/2
    ✓ Бурав A6           @ (5,5,5) hp=4/4
    ✓ Паук A8            @ (8,1,1) hp=1/1
    ✗ Артиллерия A1      @ (3,0,1) [уничтожен]
    ✗ Прыгун A3          @ (6,9,2) [уничтожен]
    ✗ Факел A4           @ (3,3,2) [уничтожен]
    ✗ Провокатор A7      @ (8,2,1) [уничтожен]
  Team B: живых 3/8
    ✓ Радиовышка B2      @ (6,5,1) hp=3/3
    ✓ Тишина B5          @ (6,7,2) hp=2/2
    ✓ Бурав B6           @ (3,3,4) hp=2/4
    ✗ Артиллерия B1      @ (5,7,2) [уничтожен]
    ✗ Прыгун B3          @ (5,7,2) [уничтожен]
    ✗ Факел B4           @ (7,7,2) [уничтожен]
    ✗ Провокатор B7      @ (6,9,2) [уничтожен]
    ✗ Паук B8            @ (6,3,2) [уничтожен]
  Team C: живых 5/8
    ✓ Артиллерия C1      @ (3,8,8) hp=1/1
    ✓ Факел C4           @ (3,7,8) hp=6/6
    ✓ Тишина C5          @ (5,6,5) hp=2/2
    ✓ Бурав C6           @ (5,6,3) hp=4/4
    ✓ Паук C8            @ (6,4,5) hp=1/1
    ✗ Радиовышка C2      @ (3,3,4) [уничтожен]
    ✗ Прыгун C3          @ (5,5,3) [уничтожен]
    ✗ Провокатор C7      @ (5,5,5) [уничтожен]

======================================================================
ХОД 8
======================================================================
✓ 🎮 GM: начинаем ход
GM: start_turn

--- Радиовышки: сканирование слоя Z ---
  Радиовышка A2 (z=1): видит 1 врагов  → Радиовышка B2(6,5,1)
  Радиовышка B2 (z=1): видит 2 врагов [+1 эксклюзивно] → Радиовышка A2(7,4,1), Паук A8(8,1,1)

--- Решения ботов ---
  [Team A] Радиовышка A2 (7,4,1) → MOVE (6,5,1)
  [Team A] Тишина A5 (3,4,4) → MOVE (3,3,4)
  [Team A] Бурав A6 (5,5,5) → MOVE (5,6,5)
  [Team A] Паук A8 (8,1,1) → MINE (7,2,1)
  [Team B] Радиовышка B2 (6,5,1) → MOVE (7,4,1)
  [Team B] Тишина B5 (6,7,2) → PHASE toggle
  [Team B] Бурав B6 (3,3,4) → MOVE (4,4,5)
  [Team C] Артиллерия C1 (3,8,8) → SHOOT at (3,3,4)
  [Team C] Тишина C5 (5,6,5) → MOVE (5,5,5)
  [Team C] Бурав C6 (5,6,3) → MOVE (6,5,2)
  [Team C] Паук C8 (6,4,5) → MINE (6,5,5)
  [Team C] Факел C4 → SKIP
! 🎮 GM: принудительно завершает фазу планирования
GM: end_planning
# 
============================================================
# 🔄 ОБРАБОТКА ХОДА 8
# ============================================================
   🌀 Тишина B5: фаза ВЫКЛ
!    ⚠️ Паук A8: в клетке уже стоит мина
   💣 Паук C8 установил мину M6 в (6,5,5)

📦 ПЕРЕМЕЩЕНИЯ:
!    ⚠️ Радиовышка A2: клетка (6,5,1) занята
!    ⚠️ Тишина A5: клетка (3,3,4) занята
✓    💥 Бурав A6 тараном уничтожил Тишина C5 в (5,6,5)
   Бурав A6: (5, 5, 5) → (5,6,5)
!    ⚠️ Радиовышка B2: клетка (7,4,1) занята
!    ⚠️ Бурав B6: Бурав двигается только по 1 оси или по 2 осям строго диагонально
!    ⚠️ Бурав C6: Бурав двигается только по 1 оси или по 2 осям строго диагонально

🎯 ВЫСТРЕЛЫ:
✓    ✅ Артиллерия C1 поразил Бурав B6 (2 урона)!
   Выпущено ракет: 1
# 
📊 РЕЗУЛЬТАТЫ ХОДА 8:
✓ 💥 ПОПАДАНИЯ:
✓    Артиллерия C1 (Team C) → Бурав B6 (Team B)

--- Результаты хода ---
  Team A / Бурав A6           → Team C / Тишина C5          @ (5,6,5)  (УБИТ)
  Team C / Артиллерия C1      → Team B / Бурав B6           @ (3,3,4)  (УБИТ)

--- Состояние команд после хода ---
  Team A: живых 4/8
    ✓ Радиовышка A2      @ (7,4,1) hp=3/3
    ✓ Тишина A5          @ (3,4,4) hp=2/2
    ✓ Бурав A6           @ (5,6,5) hp=4/4
    ✓ Паук A8            @ (8,1,1) hp=1/1
    ✗ Артиллерия A1      @ (3,0,1) [уничтожен]
    ✗ Прыгун A3          @ (6,9,2) [уничтожен]
    ✗ Факел A4           @ (3,3,2) [уничтожен]
    ✗ Провокатор A7      @ (8,2,1) [уничтожен]
  Team B: живых 2/8
    ✓ Радиовышка B2      @ (6,5,1) hp=3/3
    ✓ Тишина B5          @ (6,7,2) hp=2/2
    ✗ Артиллерия B1      @ (5,7,2) [уничтожен]
    ✗ Прыгун B3          @ (5,7,2) [уничтожен]
    ✗ Факел B4           @ (7,7,2) [уничтожен]
    ✗ Бурав B6           @ (3,3,4) [уничтожен]
    ✗ Провокатор B7      @ (6,9,2) [уничтожен]
    ✗ Паук B8            @ (6,3,2) [уничтожен]
  Team C: живых 4/8
    ✓ Артиллерия C1      @ (3,8,8) hp=1/1
    ✓ Факел C4           @ (3,7,8) hp=6/6
    ✓ Бурав C6           @ (5,6,3) hp=4/4
    ✓ Паук C8            @ (6,4,5) hp=1/1
    ✗ Радиовышка C2      @ (3,3,4) [уничтожен]
    ✗ Прыгун C3          @ (5,5,3) [уничтожен]
    ✗ Тишина C5          @ (5,6,5) [уничтожен]
    ✗ Провокатор C7      @ (5,5,5) [уничтожен]

======================================================================
ХОД 9
======================================================================
✓ 🎮 GM: начинаем ход
GM: start_turn

--- Радиовышки: сканирование слоя Z ---
  Радиовышка A2 (z=1): видит 1 врагов  → Радиовышка B2(6,5,1)
  Радиовышка B2 (z=1): видит 2 врагов [+1 эксклюзивно] → Радиовышка A2(7,4,1), Паук A8(8,1,1)

--- Решения ботов ---
  [Team A] Радиовышка A2 (7,4,1) → MOVE (6,5,1)
  [Team A] Тишина A5 (3,4,4) → MOVE (4,5,3)
  [Team A] Бурав A6 (5,6,5) → MOVE (5,6,3)
  [Team A] Паук A8 (8,1,1) → MINE (7,2,1)
  [Team B] Радиовышка B2 (6,5,1) → MOVE (7,4,1)
  [Team B] Тишина B5 (6,7,2) → MOVE (5,6,3)
  [Team C] Артиллерия C1 (3,8,8) → SHOOT at (6,7,2)
  [Team C] Бурав C6 (5,6,3) → MOVE (5,6,5)
  [Team C] Паук C8 (6,4,5) → MINE (5,5,5)
  [Team C] Факел C4 → SKIP
! 🎮 GM: принудительно завершает фазу планирования
GM: end_planning
# 
============================================================
# 🔄 ОБРАБОТКА ХОДА 9
# ============================================================
!    ⚠️ Паук A8: в клетке уже стоит мина
   💣 Паук C8 установил мину M7 в (5,5,5)

📦 ПЕРЕМЕЩЕНИЯ:
!    ⚠️ Радиовышка A2: клетка (6,5,1) занята
   Тишина A5: (3, 4, 4) → (4,5,3)
✓    💥 Бурав A6 тараном уничтожил Бурав C6 в (5,6,3)
   Бурав A6: (5, 6, 5) → (5,6,3)
!    ⚠️ Радиовышка B2: клетка (7,4,1) занята
!    ⚠️ Тишина B5: клетка (5,6,3) занята

🎯 ВЫСТРЕЛЫ:
✓    ✅ Артиллерия C1 поразил Тишина B5 (2 урона)!
   Выпущено ракет: 1
# 
📊 РЕЗУЛЬТАТЫ ХОДА 9:
✓ 💥 ПОПАДАНИЯ:
✓    Артиллерия C1 (Team C) → Тишина B5 (Team B)

--- Результаты хода ---
  Team A / Бурав A6           → Team C / Бурав C6           @ (5,6,3)  (УБИТ)
  Team C / Артиллерия C1      → Team B / Тишина B5          @ (6,7,2)  (УБИТ)

--- Состояние команд после хода ---
  Team A: живых 4/8
    ✓ Радиовышка A2      @ (7,4,1) hp=3/3
    ✓ Тишина A5          @ (4,5,3) hp=2/2
    ✓ Бурав A6           @ (5,6,3) hp=4/4
    ✓ Паук A8            @ (8,1,1) hp=1/1
    ✗ Артиллерия A1      @ (3,0,1) [уничтожен]
    ✗ Прыгун A3          @ (6,9,2) [уничтожен]
    ✗ Факел A4           @ (3,3,2) [уничтожен]
    ✗ Провокатор A7      @ (8,2,1) [уничтожен]
  Team B: живых 1/8
    ✓ Радиовышка B2      @ (6,5,1) hp=3/3
    ✗ Артиллерия B1      @ (5,7,2) [уничтожен]
    ✗ Прыгун B3          @ (5,7,2) [уничтожен]
    ✗ Факел B4           @ (7,7,2) [уничтожен]
    ✗ Тишина B5          @ (6,7,2) [уничтожен]
    ✗ Бурав B6           @ (3,3,4) [уничтожен]
    ✗ Провокатор B7      @ (6,9,2) [уничтожен]
    ✗ Паук B8            @ (6,3,2) [уничтожен]
  Team C: живых 3/8
    ✓ Артиллерия C1      @ (3,8,8) hp=1/1
    ✓ Факел C4           @ (3,7,8) hp=6/6
    ✓ Паук C8            @ (6,4,5) hp=1/1
    ✗ Радиовышка C2      @ (3,3,4) [уничтожен]
    ✗ Прыгун C3          @ (5,5,3) [уничтожен]
    ✗ Тишина C5          @ (5,6,5) [уничтожен]
    ✗ Бурав C6           @ (5,6,3) [уничтожен]
    ✗ Провокатор C7      @ (5,5,5) [уничтожен]

======================================================================
ХОД 10
======================================================================
✓ 🎮 GM: начинаем ход
GM: start_turn

--- Радиовышки: сканирование слоя Z ---
  Радиовышка A2 (z=1): видит 1 врагов  → Радиовышка B2(6,5,1)
  Радиовышка B2 (z=1): видит 2 врагов [+2 эксклюзивно] → Радиовышка A2(7,4,1), Паук A8(8,1,1)

--- Решения ботов ---
  [Team A] Радиовышка A2 (7,4,1) → MOVE (6,5,1)
  [Team A] Тишина A5 (4,5,3) → PHASE toggle
  [Team A] Бурав A6 (5,6,3) → MOVE (6,5,2)
  [Team A] Паук A8 (8,1,1) → MINE (7,2,1)
  [Team B] Радиовышка B2 (6,5,1) → MOVE (7,4,1)
  [Team C] Артиллерия C1 (3,8,8) → SHOOT at (5,6,3)
  [Team C] Паук C8 (6,4,5) → MINE (6,5,4)
  [Team C] Факел C4 → SKIP
! 🎮 GM: принудительно завершает фазу планирования
GM: end_planning
# 
============================================================
# 🔄 ОБРАБОТКА ХОДА 10
# ============================================================
   🌀 Тишина A5: фаза ВЫКЛ
!    ⚠️ Паук A8: в клетке уже стоит мина
   💣 Паук C8 установил мину M8 в (6,5,4)

📦 ПЕРЕМЕЩЕНИЯ:
!    ⚠️ Радиовышка A2: клетка (6,5,1) занята
!    ⚠️ Бурав A6: Бурав двигается только по 1 оси или по 2 осям строго диагонально
!    ⚠️ Радиовышка B2: клетка (7,4,1) занята

🎯 ВЫСТРЕЛЫ:
✓    ✅ Артиллерия C1 поразил Бурав A6 (2 урона)!
   Выпущено ракет: 1
# 
📊 РЕЗУЛЬТАТЫ ХОДА 10:
✓ 💥 ПОПАДАНИЯ:
✓    Артиллерия C1 (Team C) → Бурав A6 (Team A)

--- Результаты хода ---
  Team C / Артиллерия C1      → Team A / Бурав A6           @ (5,6,3)  (ранен)

--- Состояние команд после хода ---
  Team A: живых 4/8
    ✓ Радиовышка A2      @ (7,4,1) hp=3/3
    ✓ Тишина A5          @ (4,5,3) hp=2/2
    ✓ Бурав A6           @ (5,6,3) hp=2/4
    ✓ Паук A8            @ (8,1,1) hp=1/1
    ✗ Артиллерия A1      @ (3,0,1) [уничтожен]
    ✗ Прыгун A3          @ (6,9,2) [уничтожен]
    ✗ Факел A4           @ (3,3,2) [уничтожен]
    ✗ Провокатор A7      @ (8,2,1) [уничтожен]
  Team B: живых 1/8
    ✓ Радиовышка B2      @ (6,5,1) hp=3/3
    ✗ Артиллерия B1      @ (5,7,2) [уничтожен]
    ✗ Прыгун B3          @ (5,7,2) [уничтожен]
    ✗ Факел B4           @ (7,7,2) [уничтожен]
    ✗ Тишина B5          @ (6,7,2) [уничтожен]
    ✗ Бурав B6           @ (3,3,4) [уничтожен]
    ✗ Провокатор B7      @ (6,9,2) [уничтожен]
    ✗ Паук B8            @ (6,3,2) [уничтожен]
  Team C: живых 3/8
    ✓ Артиллерия C1      @ (3,8,8) hp=1/1
    ✓ Факел C4           @ (3,7,8) hp=6/6
    ✓ Паук C8            @ (6,4,5) hp=1/1
    ✗ Радиовышка C2      @ (3,3,4) [уничтожен]
    ✗ Прыгун C3          @ (5,5,3) [уничтожен]
    ✗ Тишина C5          @ (5,6,5) [уничтожен]
    ✗ Бурав C6           @ (5,6,3) [уничтожен]
    ✗ Провокатор C7      @ (5,5,5) [уничтожен]

======================================================================
ХОД 11
======================================================================
✓ 🎮 GM: начинаем ход
GM: start_turn

--- Радиовышки: сканирование слоя Z ---
  Радиовышка A2 (z=1): видит 1 врагов  → Радиовышка B2(6,5,1)
  Радиовышка B2 (z=1): видит 2 врагов [+2 эксклюзивно] → Радиовышка A2(7,4,1), Паук A8(8,1,1)

--- Решения ботов ---
  [Team A] Радиовышка A2 (7,4,1) → MOVE (6,5,1)
  [Team A] Тишина A5 (4,5,3) → MOVE (5,5,2)
  [Team A] Бурав A6 (5,6,3) → MOVE (6,5,2)
  [Team A] Паук A8 (8,1,1) → MINE (7,2,1)
  [Team B] Радиовышка B2 (6,5,1) → MOVE (7,4,1)
  [Team C] Артиллерия C1 (3,8,8) → SHOOT at (5,6,3)
  [Team C] Паук C8 (6,4,5) → MINE (5,4,4)
  [Team C] Факел C4 → SKIP
! 🎮 GM: принудительно завершает фазу планирования
GM: end_planning
# 
============================================================
# 🔄 ОБРАБОТКА ХОДА 11
# ============================================================
!    ⚠️ Паук A8: в клетке уже стоит мина
   💣 Паук C8 установил мину M9 в (5,4,4)

📦 ПЕРЕМЕЩЕНИЯ:
!    ⚠️ Радиовышка A2: клетка (6,5,1) занята
   Тишина A5: (4, 5, 3) → (5,5,2)
!    ⚠️ Бурав A6: Бурав двигается только по 1 оси или по 2 осям строго диагонально
!    ⚠️ Радиовышка B2: клетка (7,4,1) занята

🎯 ВЫСТРЕЛЫ:
✓    ✅ Артиллерия C1 поразил Бурав A6 (2 урона)!
   Выпущено ракет: 1
# 
📊 РЕЗУЛЬТАТЫ ХОДА 11:
✓ 💥 ПОПАДАНИЯ:
✓    Артиллерия C1 (Team C) → Бурав A6 (Team A)

--- Результаты хода ---
  Team C / Артиллерия C1      → Team A / Бурав A6           @ (5,6,3)  (УБИТ)

--- Состояние команд после хода ---
  Team A: живых 3/8
    ✓ Радиовышка A2      @ (7,4,1) hp=3/3
    ✓ Тишина A5          @ (5,5,2) hp=2/2
    ✓ Паук A8            @ (8,1,1) hp=1/1
    ✗ Артиллерия A1      @ (3,0,1) [уничтожен]
    ✗ Прыгун A3          @ (6,9,2) [уничтожен]
    ✗ Факел A4           @ (3,3,2) [уничтожен]
    ✗ Бурав A6           @ (5,6,3) [уничтожен]
    ✗ Провокатор A7      @ (8,2,1) [уничтожен]
  Team B: живых 1/8
    ✓ Радиовышка B2      @ (6,5,1) hp=3/3
    ✗ Артиллерия B1      @ (5,7,2) [уничтожен]
    ✗ Прыгун B3          @ (5,7,2) [уничтожен]
    ✗ Факел B4           @ (7,7,2) [уничтожен]
    ✗ Тишина B5          @ (6,7,2) [уничтожен]
    ✗ Бурав B6           @ (3,3,4) [уничтожен]
    ✗ Провокатор B7      @ (6,9,2) [уничтожен]
    ✗ Паук B8            @ (6,3,2) [уничтожен]
  Team C: живых 3/8
    ✓ Артиллерия C1      @ (3,8,8) hp=1/1
    ✓ Факел C4           @ (3,7,8) hp=6/6
    ✓ Паук C8            @ (6,4,5) hp=1/1
    ✗ Радиовышка C2      @ (3,3,4) [уничтожен]
    ✗ Прыгун C3          @ (5,5,3) [уничтожен]
    ✗ Тишина C5          @ (5,6,5) [уничтожен]
    ✗ Бурав C6           @ (5,6,3) [уничтожен]
    ✗ Провокатор C7      @ (5,5,5) [уничтожен]

======================================================================
ХОД 12
======================================================================
✓ 🎮 GM: начинаем ход
GM: start_turn

--- Радиовышки: сканирование слоя Z ---
  Радиовышка A2 (z=1): видит 1 врагов  → Радиовышка B2(6,5,1)
  Радиовышка B2 (z=1): видит 2 врагов [+2 эксклюзивно] → Радиовышка A2(7,4,1), Паук A8(8,1,1)

--- Решения ботов ---
  [Team A] Радиовышка A2 (7,4,1) → MOVE (6,5,1)
  [Team A] Тишина A5 (5,5,2) → MOVE (6,5,2)
  [Team A] Паук A8 (8,1,1) → MINE (7,2,1)
  [Team B] Радиовышка B2 (6,5,1) → MOVE (7,4,1)
  [Team C] Артиллерия C1 (3,8,8) → SHOOT at (5,5,2)
  [Team C] Паук C8 (6,4,5) → MINE (5,5,4)
  [Team C] Факел C4 → SKIP
! 🎮 GM: принудительно завершает фазу планирования
GM: end_planning
# 
============================================================
# 🔄 ОБРАБОТКА ХОДА 12
# ============================================================
!    ⚠️ Паук A8: в клетке уже стоит мина
!    ⚠️ Паук C8: в клетке уже стоит мина

📦 ПЕРЕМЕЩЕНИЯ:
!    ⚠️ Радиовышка A2: клетка (6,5,1) занята
   Тишина A5: (5, 5, 2) → (6,5,2)
!    ⚠️ Радиовышка B2: клетка (7,4,1) занята

🎯 ВЫСТРЕЛЫ:
   Выпущено ракет: 1
# 
📊 РЕЗУЛЬТАТЫ ХОДА 12:
🎯 Попаданий нет

--- Результаты хода ---
  Попаданий нет

--- Состояние команд после хода ---
  Team A: живых 3/8
    ✓ Радиовышка A2      @ (7,4,1) hp=3/3
    ✓ Тишина A5          @ (6,5,2) hp=2/2
    ✓ Паук A8            @ (8,1,1) hp=1/1
    ✗ Артиллерия A1      @ (3,0,1) [уничтожен]
    ✗ Прыгун A3          @ (6,9,2) [уничтожен]
    ✗ Факел A4           @ (3,3,2) [уничтожен]
    ✗ Бурав A6           @ (5,6,3) [уничтожен]
    ✗ Провокатор A7      @ (8,2,1) [уничтожен]
  Team B: живых 1/8
    ✓ Радиовышка B2      @ (6,5,1) hp=3/3
    ✗ Артиллерия B1      @ (5,7,2) [уничтожен]
    ✗ Прыгун B3          @ (5,7,2) [уничтожен]
    ✗ Факел B4           @ (7,7,2) [уничтожен]
    ✗ Тишина B5          @ (6,7,2) [уничтожен]
    ✗ Бурав B6           @ (3,3,4) [уничтожен]
    ✗ Провокатор B7      @ (6,9,2) [уничтожен]
    ✗ Паук B8            @ (6,3,2) [уничтожен]
  Team C: живых 3/8
    ✓ Артиллерия C1      @ (3,8,8) hp=1/1
    ✓ Факел C4           @ (3,7,8) hp=6/6
    ✓ Паук C8            @ (6,4,5) hp=1/1
    ✗ Радиовышка C2      @ (3,3,4) [уничтожен]
    ✗ Прыгун C3          @ (5,5,3) [уничтожен]
    ✗ Тишина C5          @ (5,6,5) [уничтожен]
    ✗ Бурав C6           @ (5,6,3) [уничтожен]
    ✗ Провокатор C7      @ (5,5,5) [уничтожен]

======================================================================
ХОД 13
======================================================================
✓ 🎮 GM: начинаем ход
GM: start_turn

--- Радиовышки: сканирование слоя Z ---
  Радиовышка A2 (z=1): видит 1 врагов  → Радиовышка B2(6,5,1)
  Радиовышка B2 (z=1): видит 2 врагов [+2 эксклюзивно] → Радиовышка A2(7,4,1), Паук A8(8,1,1)

--- Решения ботов ---
  [Team A] Радиовышка A2 (7,4,1) → MOVE (6,5,1)
  [Team A] Паук A8 (8,1,1) → MINE (7,2,1)
  [Team A] Тишина A5 → SKIP
  [Team B] Радиовышка B2 (6,5,1) → MOVE (7,4,1)
  [Team C] Артиллерия C1 (3,8,8) → SHOOT at (6,5,2)
  [Team C] Паук C8 (6,4,5) → MINE (6,5,4)
  [Team C] Факел C4 → SKIP
! 🎮 GM: принудительно завершает фазу планирования
GM: end_planning
# 
============================================================
# 🔄 ОБРАБОТКА ХОДА 13
# ============================================================
!    ⚠️ Паук A8: в клетке уже стоит мина
!    ⚠️ Паук C8: в клетке уже стоит мина

📦 ПЕРЕМЕЩЕНИЯ:
!    ⚠️ Радиовышка A2: клетка (6,5,1) занята
!    ⚠️ Радиовышка B2: клетка (7,4,1) занята

🎯 ВЫСТРЕЛЫ:
✓    ✅ Артиллерия C1 поразил Тишина A5 (2 урона)!
   Выпущено ракет: 1
# 
📊 РЕЗУЛЬТАТЫ ХОДА 13:
✓ 💥 ПОПАДАНИЯ:
✓    Артиллерия C1 (Team C) → Тишина A5 (Team A)

--- Результаты хода ---
  Team C / Артиллерия C1      → Team A / Тишина A5          @ (6,5,2)  (УБИТ)

--- Состояние команд после хода ---
  Team A: живых 2/8
    ✓ Радиовышка A2      @ (7,4,1) hp=3/3
    ✓ Паук A8            @ (8,1,1) hp=1/1
    ✗ Артиллерия A1      @ (3,0,1) [уничтожен]
    ✗ Прыгун A3          @ (6,9,2) [уничтожен]
    ✗ Факел A4           @ (3,3,2) [уничтожен]
    ✗ Тишина A5          @ (6,5,2) [уничтожен]
    ✗ Бурав A6           @ (5,6,3) [уничтожен]
    ✗ Провокатор A7      @ (8,2,1) [уничтожен]
  Team B: живых 1/8
    ✓ Радиовышка B2      @ (6,5,1) hp=3/3
    ✗ Артиллерия B1      @ (5,7,2) [уничтожен]
    ✗ Прыгун B3          @ (5,7,2) [уничтожен]
    ✗ Факел B4           @ (7,7,2) [уничтожен]
    ✗ Тишина B5          @ (6,7,2) [уничтожен]
    ✗ Бурав B6           @ (3,3,4) [уничтожен]
    ✗ Провокатор B7      @ (6,9,2) [уничтожен]
    ✗ Паук B8            @ (6,3,2) [уничтожен]
  Team C: живых 3/8
    ✓ Артиллерия C1      @ (3,8,8) hp=1/1
    ✓ Факел C4           @ (3,7,8) hp=6/6
    ✓ Паук C8            @ (6,4,5) hp=1/1
    ✗ Радиовышка C2      @ (3,3,4) [уничтожен]
    ✗ Прыгун C3          @ (5,5,3) [уничтожен]
    ✗ Тишина C5          @ (5,6,5) [уничтожен]
    ✗ Бурав C6           @ (5,6,3) [уничтожен]
    ✗ Провокатор C7      @ (5,5,5) [уничтожен]

======================================================================
ХОД 14
======================================================================
✓ 🎮 GM: начинаем ход
GM: start_turn

--- Радиовышки: сканирование слоя Z ---
  Радиовышка A2 (z=1): видит 1 врагов [+1 эксклюзивно] → Радиовышка B2(6,5,1)
  Радиовышка B2 (z=1): видит 2 врагов [+2 эксклюзивно] → Радиовышка A2(7,4,1), Паук A8(8,1,1)

--- Решения ботов ---
  [Team A] Радиовышка A2 (7,4,1) → MOVE (6,5,1)
  [Team A] Паук A8 (8,1,1) → MINE (7,2,1)
  [Team B] Радиовышка B2 (6,5,1) → MOVE (7,4,1)
  [Team C] Артиллерия C1 (3,8,8) → SHOOT at (4,7,4)
  [Team C] Паук C8 (6,4,5) → MOVE (7,4,4)
  [Team C] Факел C4 → SKIP
! 🎮 GM: принудительно завершает фазу планирования
GM: end_planning
# 
============================================================
# 🔄 ОБРАБОТКА ХОДА 14
# ============================================================
!    ⚠️ Паук A8: в клетке уже стоит мина

📦 ПЕРЕМЕЩЕНИЯ:
!    ⚠️ Радиовышка A2: клетка (6,5,1) занята
!    ⚠️ Радиовышка B2: клетка (7,4,1) занята
   Паук C8: (6, 4, 5) → (7,4,4)

🎯 ВЫСТРЕЛЫ:
   Выпущено ракет: 1
# 
📊 РЕЗУЛЬТАТЫ ХОДА 14:
🎯 Попаданий нет

--- Результаты хода ---
  Попаданий нет

--- Состояние команд после хода ---
  Team A: живых 2/8
    ✓ Радиовышка A2      @ (7,4,1) hp=3/3
    ✓ Паук A8            @ (8,1,1) hp=1/1
    ✗ Артиллерия A1      @ (3,0,1) [уничтожен]
    ✗ Прыгун A3          @ (6,9,2) [уничтожен]
    ✗ Факел A4           @ (3,3,2) [уничтожен]
    ✗ Тишина A5          @ (6,5,2) [уничтожен]
    ✗ Бурав A6           @ (5,6,3) [уничтожен]
    ✗ Провокатор A7      @ (8,2,1) [уничтожен]
  Team B: живых 1/8
    ✓ Радиовышка B2      @ (6,5,1) hp=3/3
    ✗ Артиллерия B1      @ (5,7,2) [уничтожен]
    ✗ Прыгун B3          @ (5,7,2) [уничтожен]
    ✗ Факел B4           @ (7,7,2) [уничтожен]
    ✗ Тишина B5          @ (6,7,2) [уничтожен]
    ✗ Бурав B6           @ (3,3,4) [уничтожен]
    ✗ Провокатор B7      @ (6,9,2) [уничтожен]
    ✗ Паук B8            @ (6,3,2) [уничтожен]
  Team C: живых 3/8
    ✓ Артиллерия C1      @ (3,8,8) hp=1/1
    ✓ Факел C4           @ (3,7,8) hp=6/6
    ✓ Паук C8            @ (7,4,4) hp=1/1
    ✗ Радиовышка C2      @ (3,3,4) [уничтожен]
    ✗ Прыгун C3          @ (5,5,3) [уничтожен]
    ✗ Тишина C5          @ (5,6,5) [уничтожен]
    ✗ Бурав C6           @ (5,6,3) [уничтожен]
    ✗ Провокатор C7      @ (5,5,5) [уничтожен]

======================================================================
ХОД 15
======================================================================
✓ 🎮 GM: начинаем ход
GM: start_turn

--- Радиовышки: сканирование слоя Z ---
  Радиовышка A2 (z=1): видит 1 врагов [+1 эксклюзивно] → Радиовышка B2(6,5,1)
  Радиовышка B2 (z=1): видит 2 врагов [+2 эксклюзивно] → Радиовышка A2(7,4,1), Паук A8(8,1,1)

--- Решения ботов ---
  [Team A] Радиовышка A2 (7,4,1) → MOVE (6,5,1)
  [Team A] Паук A8 (8,1,1) → MINE (7,2,2)
  [Team B] Радиовышка B2 (6,5,1) → MOVE (7,4,1)
  [Team C] Артиллерия C1 (3,8,8) → SHOOT at (8,1,1)
  [Team C] Паук C8 (7,4,4) → MINE (7,4,3)
  [Team C] Факел C4 → SKIP
! 🎮 GM: принудительно завершает фазу планирования
GM: end_planning
# 
============================================================
# 🔄 ОБРАБОТКА ХОДА 15
# ============================================================
   💣 Паук A8 установил мину M10 в (7,2,2)
   💣 Паук C8 установил мину M11 в (7,4,3)

📦 ПЕРЕМЕЩЕНИЯ:
!    ⚠️ Радиовышка A2: клетка (6,5,1) занята
!    ⚠️ Радиовышка B2: клетка (7,4,1) занята

🎯 ВЫСТРЕЛЫ:
✓    ✅ Артиллерия C1 поразил Паук A8 (2 урона)!
   Выпущено ракет: 1
# 
📊 РЕЗУЛЬТАТЫ ХОДА 15:
✓ 💥 ПОПАДАНИЯ:
✓    Артиллерия C1 (Team C) → Паук A8 (Team A)

--- Результаты хода ---
  Team C / Артиллерия C1      → Team A / Паук A8            @ (8,1,1)  (УБИТ)

--- Состояние команд после хода ---
  Team A: живых 1/8
    ✓ Радиовышка A2      @ (7,4,1) hp=3/3
    ✗ Артиллерия A1      @ (3,0,1) [уничтожен]
    ✗ Прыгун A3          @ (6,9,2) [уничтожен]
    ✗ Факел A4           @ (3,3,2) [уничтожен]
    ✗ Тишина A5          @ (6,5,2) [уничтожен]
    ✗ Бурав A6           @ (5,6,3) [уничтожен]
    ✗ Провокатор A7      @ (8,2,1) [уничтожен]
    ✗ Паук A8            @ (8,1,1) [уничтожен]
  Team B: живых 1/8
    ✓ Радиовышка B2      @ (6,5,1) hp=3/3
    ✗ Артиллерия B1      @ (5,7,2) [уничтожен]
    ✗ Прыгун B3          @ (5,7,2) [уничтожен]
    ✗ Факел B4           @ (7,7,2) [уничтожен]
    ✗ Тишина B5          @ (6,7,2) [уничтожен]
    ✗ Бурав B6           @ (3,3,4) [уничтожен]
    ✗ Провокатор B7      @ (6,9,2) [уничтожен]
    ✗ Паук B8            @ (6,3,2) [уничтожен]
  Team C: живых 3/8
    ✓ Артиллерия C1      @ (3,8,8) hp=1/1
    ✓ Факел C4           @ (3,7,8) hp=6/6
    ✓ Паук C8            @ (7,4,4) hp=1/1
    ✗ Радиовышка C2      @ (3,3,4) [уничтожен]
    ✗ Прыгун C3          @ (5,5,3) [уничтожен]
    ✗ Тишина C5          @ (5,6,5) [уничтожен]
    ✗ Бурав C6           @ (5,6,3) [уничтожен]
    ✗ Провокатор C7      @ (5,5,5) [уничтожен]

======================================================================
ХОД 16
======================================================================
✓ 🎮 GM: начинаем ход
GM: start_turn

--- Радиовышки: сканирование слоя Z ---
  Радиовышка A2 (z=1): видит 1 врагов [+1 эксклюзивно] → Радиовышка B2(6,5,1)
  Радиовышка B2 (z=1): видит 1 врагов [+1 эксклюзивно] → Радиовышка A2(7,4,1)

--- Решения ботов ---
  [Team A] Радиовышка A2 (7,4,1) → MOVE (6,5,1)
  [Team B] Радиовышка B2 (6,5,1) → MOVE (7,4,1)
  [Team C] Артиллерия C1 (3,8,8) → SHOOT at (7,4,1)
  [Team C] Паук C8 (7,4,4) → MINE (7,4,3)
  [Team C] Факел C4 → SKIP
! 🎮 GM: принудительно завершает фазу планирования
GM: end_planning
# 
============================================================
# 🔄 ОБРАБОТКА ХОДА 16
# ============================================================
!    ⚠️ Паук C8: в клетке уже стоит мина

📦 ПЕРЕМЕЩЕНИЯ:
!    ⚠️ Радиовышка A2: клетка (6,5,1) занята
!    ⚠️ Радиовышка B2: клетка (7,4,1) занята

🎯 ВЫСТРЕЛЫ:
✓    ✅ Артиллерия C1 поразил Радиовышка A2 (2 урона)!
   Выпущено ракет: 1
# 
📊 РЕЗУЛЬТАТЫ ХОДА 16:
✓ 💥 ПОПАДАНИЯ:
✓    Артиллерия C1 (Team C) → Радиовышка A2 (Team A)

--- Результаты хода ---
  Team C / Артиллерия C1      → Team A / Радиовышка A2      @ (7,4,1)  (ранен)

--- Состояние команд после хода ---
  Team A: живых 1/8
    ✓ Радиовышка A2      @ (7,4,1) hp=1/3
    ✗ Артиллерия A1      @ (3,0,1) [уничтожен]
    ✗ Прыгун A3          @ (6,9,2) [уничтожен]
    ✗ Факел A4           @ (3,3,2) [уничтожен]
    ✗ Тишина A5          @ (6,5,2) [уничтожен]
    ✗ Бурав A6           @ (5,6,3) [уничтожен]
    ✗ Провокатор A7      @ (8,2,1) [уничтожен]
    ✗ Паук A8            @ (8,1,1) [уничтожен]
  Team B: живых 1/8
    ✓ Радиовышка B2      @ (6,5,1) hp=3/3
    ✗ Артиллерия B1      @ (5,7,2) [уничтожен]
    ✗ Прыгун B3          @ (5,7,2) [уничтожен]
    ✗ Факел B4           @ (7,7,2) [уничтожен]
    ✗ Тишина B5          @ (6,7,2) [уничтожен]
    ✗ Бурав B6           @ (3,3,4) [уничтожен]
    ✗ Провокатор B7      @ (6,9,2) [уничтожен]
    ✗ Паук B8            @ (6,3,2) [уничтожен]
  Team C: живых 3/8
    ✓ Артиллерия C1      @ (3,8,8) hp=1/1
    ✓ Факел C4           @ (3,7,8) hp=6/6
    ✓ Паук C8            @ (7,4,4) hp=1/1
    ✗ Радиовышка C2      @ (3,3,4) [уничтожен]
    ✗ Прыгун C3          @ (5,5,3) [уничтожен]
    ✗ Тишина C5          @ (5,6,5) [уничтожен]
    ✗ Бурав C6           @ (5,6,3) [уничтожен]
    ✗ Провокатор C7      @ (5,5,5) [уничтожен]

======================================================================
ХОД 17
======================================================================
✓ 🎮 GM: начинаем ход
GM: start_turn

--- Радиовышки: сканирование слоя Z ---
  Радиовышка A2 (z=1): видит 1 врагов [+1 эксклюзивно] → Радиовышка B2(6,5,1)
  Радиовышка B2 (z=1): видит 1 врагов [+1 эксклюзивно] → Радиовышка A2(7,4,1)

--- Решения ботов ---
  [Team A] Радиовышка A2 (7,4,1) → MOVE (6,5,1)
  [Team B] Радиовышка B2 (6,5,1) → MOVE (7,4,1)
  [Team C] Артиллерия C1 (3,8,8) → SHOOT at (7,4,1)
  [Team C] Паук C8 (7,4,4) → MINE (7,4,3)
  [Team C] Факел C4 → SKIP
! 🎮 GM: принудительно завершает фазу планирования
GM: end_planning
# 
============================================================
# 🔄 ОБРАБОТКА ХОДА 17
# ============================================================
!    ⚠️ Паук C8: в клетке уже стоит мина

📦 ПЕРЕМЕЩЕНИЯ:
!    ⚠️ Радиовышка A2: клетка (6,5,1) занята
!    ⚠️ Радиовышка B2: клетка (7,4,1) занята

🎯 ВЫСТРЕЛЫ:
✓    ✅ Артиллерия C1 поразил Радиовышка A2 (2 урона)!
   Выпущено ракет: 1
# 
📊 РЕЗУЛЬТАТЫ ХОДА 17:
✓ 💥 ПОПАДАНИЯ:
✓    Артиллерия C1 (Team C) → Радиовышка A2 (Team A)

--- Результаты хода ---
  Team C / Артиллерия C1      → Team A / Радиовышка A2      @ (7,4,1)  (УБИТ)

--- Состояние команд после хода ---
  Team A: живых 0/8
    ✗ Артиллерия A1      @ (3,0,1) [уничтожен]
    ✗ Радиовышка A2      @ (7,4,1) [уничтожен]
    ✗ Прыгун A3          @ (6,9,2) [уничтожен]
    ✗ Факел A4           @ (3,3,2) [уничтожен]
    ✗ Тишина A5          @ (6,5,2) [уничтожен]
    ✗ Бурав A6           @ (5,6,3) [уничтожен]
    ✗ Провокатор A7      @ (8,2,1) [уничтожен]
    ✗ Паук A8            @ (8,1,1) [уничтожен]
  Team B: живых 1/8
    ✓ Радиовышка B2      @ (6,5,1) hp=3/3
    ✗ Артиллерия B1      @ (5,7,2) [уничтожен]
    ✗ Прыгун B3          @ (5,7,2) [уничтожен]
    ✗ Факел B4           @ (7,7,2) [уничтожен]
    ✗ Тишина B5          @ (6,7,2) [уничтожен]
    ✗ Бурав B6           @ (3,3,4) [уничтожен]
    ✗ Провокатор B7      @ (6,9,2) [уничтожен]
    ✗ Паук B8            @ (6,3,2) [уничтожен]
  Team C: живых 3/8
    ✓ Артиллерия C1      @ (3,8,8) hp=1/1
    ✓ Факел C4           @ (3,7,8) hp=6/6
    ✓ Паук C8            @ (7,4,4) hp=1/1
    ✗ Радиовышка C2      @ (3,3,4) [уничтожен]
    ✗ Прыгун C3          @ (5,5,3) [уничтожен]
    ✗ Тишина C5          @ (5,6,5) [уничтожен]
    ✗ Бурав C6           @ (5,6,3) [уничтожен]
    ✗ Провокатор C7      @ (5,5,5) [уничтожен]

======================================================================
ХОД 18
======================================================================
✓ 🎮 GM: начинаем ход
GM: start_turn

--- Радиовышки: сканирование слоя Z ---
  Радиовышка B2 (z=1): слой чист

--- Решения ботов ---
  [Team A] все корабли пропускают ход
  [Team B] Радиовышка B2 (6,5,1) → MOVE (7,4,2)
  [Team C] Артиллерия C1 (3,8,8) → SHOOT at (6,5,1)
  [Team C] Паук C8 (7,4,4) → MINE (6,5,3)
  [Team C] Факел C4 → SKIP
! 🎮 GM: принудительно завершает фазу планирования
GM: end_planning
# 
============================================================
# 🔄 ОБРАБОТКА ХОДА 18
# ============================================================
   💣 Паук C8 установил мину M12 в (6,5,3)

📦 ПЕРЕМЕЩЕНИЯ:
   Радиовышка B2: (6, 5, 1) → (7,4,2)

🎯 ВЫСТРЕЛЫ:
   Выпущено ракет: 1
# 
📊 РЕЗУЛЬТАТЫ ХОДА 18:
🎯 Попаданий нет

--- Результаты хода ---
  Попаданий нет

--- Состояние команд после хода ---
  Team A: живых 0/8
    ✗ Артиллерия A1      @ (3,0,1) [уничтожен]
    ✗ Радиовышка A2      @ (7,4,1) [уничтожен]
    ✗ Прыгун A3          @ (6,9,2) [уничтожен]
    ✗ Факел A4           @ (3,3,2) [уничтожен]
    ✗ Тишина A5          @ (6,5,2) [уничтожен]
    ✗ Бурав A6           @ (5,6,3) [уничтожен]
    ✗ Провокатор A7      @ (8,2,1) [уничтожен]
    ✗ Паук A8            @ (8,1,1) [уничтожен]
  Team B: живых 1/8
    ✓ Радиовышка B2      @ (7,4,2) hp=3/3
    ✗ Артиллерия B1      @ (5,7,2) [уничтожен]
    ✗ Прыгун B3          @ (5,7,2) [уничтожен]
    ✗ Факел B4           @ (7,7,2) [уничтожен]
    ✗ Тишина B5          @ (6,7,2) [уничтожен]
    ✗ Бурав B6           @ (3,3,4) [уничтожен]
    ✗ Провокатор B7      @ (6,9,2) [уничтожен]
    ✗ Паук B8            @ (6,3,2) [уничтожен]
  Team C: живых 3/8
    ✓ Артиллерия C1      @ (3,8,8) hp=1/1
    ✓ Факел C4           @ (3,7,8) hp=6/6
    ✓ Паук C8            @ (7,4,4) hp=1/1
    ✗ Радиовышка C2      @ (3,3,4) [уничтожен]
    ✗ Прыгун C3          @ (5,5,3) [уничтожен]
    ✗ Тишина C5          @ (5,6,5) [уничтожен]
    ✗ Бурав C6           @ (5,6,3) [уничтожен]
    ✗ Провокатор C7      @ (5,5,5) [уничтожен]

======================================================================
ХОД 19
======================================================================
✓ 🎮 GM: начинаем ход
GM: start_turn

--- Радиовышки: сканирование слоя Z ---
  Радиовышка B2 (z=2): слой чист

--- Решения ботов ---
  [Team A] все корабли пропускают ход
  [Team B] Радиовышка B2 (7,4,2) → MOVE (7,4,3)
  [Team C] Артиллерия C1 (3,8,8) → SHOOT at (7,4,2)
  [Team C] Паук C8 (7,4,4) → MINE (7,4,3)
  [Team C] Факел C4 → SKIP
! 🎮 GM: принудительно завершает фазу планирования
GM: end_planning
# 
============================================================
# 🔄 ОБРАБОТКА ХОДА 19
# ============================================================
!    ⚠️ Паук C8: в клетке уже стоит мина

📦 ПЕРЕМЕЩЕНИЯ:
   Радиовышка B2: (7, 4, 2) → (7,4,3)
!    💥 Мина M11 сработала под Радиовышка B2 (урон 2)

🎯 ВЫСТРЕЛЫ:
   Выпущено ракет: 1
# 
📊 РЕЗУЛЬТАТЫ ХОДА 19:
🎯 Попаданий нет

--- Результаты хода ---
  ? / ?                  → Team B / Радиовышка B2      @ (7,4,3)  (ранен)

--- Состояние команд после хода ---
  Team A: живых 0/8
    ✗ Артиллерия A1      @ (3,0,1) [уничтожен]
    ✗ Радиовышка A2      @ (7,4,1) [уничтожен]
    ✗ Прыгун A3          @ (6,9,2) [уничтожен]
    ✗ Факел A4           @ (3,3,2) [уничтожен]
    ✗ Тишина A5          @ (6,5,2) [уничтожен]
    ✗ Бурав A6           @ (5,6,3) [уничтожен]
    ✗ Провокатор A7      @ (8,2,1) [уничтожен]
    ✗ Паук A8            @ (8,1,1) [уничтожен]
  Team B: живых 1/8
    ✓ Радиовышка B2      @ (7,4,3) hp=1/3
    ✗ Артиллерия B1      @ (5,7,2) [уничтожен]
    ✗ Прыгун B3          @ (5,7,2) [уничтожен]
    ✗ Факел B4           @ (7,7,2) [уничтожен]
    ✗ Тишина B5          @ (6,7,2) [уничтожен]
    ✗ Бурав B6           @ (3,3,4) [уничтожен]
    ✗ Провокатор B7      @ (6,9,2) [уничтожен]
    ✗ Паук B8            @ (6,3,2) [уничтожен]
  Team C: живых 3/8
    ✓ Артиллерия C1      @ (3,8,8) hp=1/1
    ✓ Факел C4           @ (3,7,8) hp=6/6
    ✓ Паук C8            @ (7,4,4) hp=1/1
    ✗ Радиовышка C2      @ (3,3,4) [уничтожен]
    ✗ Прыгун C3          @ (5,5,3) [уничтожен]
    ✗ Тишина C5          @ (5,6,5) [уничтожен]
    ✗ Бурав C6           @ (5,6,3) [уничтожен]
    ✗ Провокатор C7      @ (5,5,5) [уничтожен]

======================================================================
ХОД 20
======================================================================
✓ 🎮 GM: начинаем ход
GM: start_turn

--- Радиовышки: сканирование слоя Z ---
  Радиовышка B2 (z=3): слой чист

--- Решения ботов ---
  [Team A] все корабли пропускают ход
  [Team B] Радиовышка B2 (7,4,3) → MOVE (7,4,4)
  [Team C] Артиллерия C1 (3,8,8) → SHOOT at (7,4,3)
  [Team C] Паук C8 (7,4,4) → MINE (7,4,3)
  [Team C] Факел C4 → SKIP
! 🎮 GM: принудительно завершает фазу планирования
GM: end_planning
# 
============================================================
# 🔄 ОБРАБОТКА ХОДА 20
# ============================================================
!    ⚠️ Паук C8: клетка (7,4,3) занята кораблём

📦 ПЕРЕМЕЩЕНИЯ:
!    ⚠️ Радиовышка B2: клетка (7,4,4) занята

🎯 ВЫСТРЕЛЫ:
✓    ✅ Артиллерия C1 поразил Радиовышка B2 (2 урона)!
   Выпущено ракет: 1
# 
📊 РЕЗУЛЬТАТЫ ХОДА 20:
✓ 💥 ПОПАДАНИЯ:
✓    Артиллерия C1 (Team C) → Радиовышка B2 (Team B)
# 
🎮🎮🎮🎮🎮🎮🎮🎮🎮🎮🎮🎮🎮🎮🎮🎮🎮🎮🎮🎮
#         ИГРА ОКОНЧЕНА!
# 🎮🎮🎮🎮🎮🎮🎮🎮🎮🎮🎮🎮🎮🎮🎮🎮🎮🎮🎮🎮
✓         🏆 ПОБЕДИТЕЛЬ: Team C

--- Результаты хода ---
  Team C / Артиллерия C1      → Team B / Радиовышка B2      @ (7,4,3)  (УБИТ)

--- Состояние команд после хода ---
  Team A: живых 0/8
    ✗ Артиллерия A1      @ (3,0,1) [уничтожен]
    ✗ Радиовышка A2      @ (7,4,1) [уничтожен]
    ✗ Прыгун A3          @ (6,9,2) [уничтожен]
    ✗ Факел A4           @ (3,3,2) [уничтожен]
    ✗ Тишина A5          @ (6,5,2) [уничтожен]
    ✗ Бурав A6           @ (5,6,3) [уничтожен]
    ✗ Провокатор A7      @ (8,2,1) [уничтожен]
    ✗ Паук A8            @ (8,1,1) [уничтожен]
  Team B: живых 0/8
    ✗ Артиллерия B1      @ (5,7,2) [уничтожен]
    ✗ Радиовышка B2      @ (7,4,3) [уничтожен]
    ✗ Прыгун B3          @ (5,7,2) [уничтожен]
    ✗ Факел B4           @ (7,7,2) [уничтожен]
    ✗ Тишина B5          @ (6,7,2) [уничтожен]
    ✗ Бурав B6           @ (3,3,4) [уничтожен]
    ✗ Провокатор B7      @ (6,9,2) [уничтожен]
    ✗ Паук B8            @ (6,3,2) [уничтожен]
  Team C: живых 3/8
    ✓ Артиллерия C1      @ (3,8,8) hp=1/1
    ✓ Факел C4           @ (3,7,8) hp=6/6
    ✓ Паук C8            @ (7,4,4) hp=1/1
    ✗ Радиовышка C2      @ (3,3,4) [уничтожен]
    ✗ Прыгун C3          @ (5,5,3) [уничтожен]
    ✗ Тишина C5          @ (5,6,5) [уничтожен]
    ✗ Бурав C6           @ (5,6,3) [уничтожен]
    ✗ Провокатор C7      @ (5,5,5) [уничтожен]

======================================================================
ИТОГ
======================================================================
Игра окончена. Победитель: Team C
Ходов сыграно: 20

--- Сводка по командам ---
  Team A: 0/8 живых; hp=0
  Team B: 0/8 живых; hp=0
  Team C: 3/8 живых; hp=8

--- Сводка по пассивкам радиовышек ---
  Team A: сканирований=17, всего врагов-в-слоях=18, уникальных эксклюзивных (видны только радиовышкой)=1
  Team B: сканирований=20, всего врагов-в-слоях=39, уникальных эксклюзивных (видны только радиовышкой)=3
  Team C: сканирований=5, всего врагов-в-слоях=0, уникальных эксклюзивных (видны только радиовышкой)=0

--- Сводка по попаданиям ---
  Всего событий (шоты+тараны+мины): 25
  Уничтожено кораблей всего: 21
  Team A: урон=21 хиты=0 тараны=8 мины(сработало)=0 убийств=8
  Team B: урон=10 хиты=0 тараны=3 мины(сработало)=0 убийств=3
  Team C: урон=28 хиты=13 тараны=0 мины(сработало)=1 убийств=10
! 🎮 GM: остановка игры
