======================================================================
Space Battle 10×10×10 — simulation run at 2026-04-20T13:31:54+00:00
Game mode: advanced
Seed: 110
✓ 🚀 Продвинутый режим: создаю разные типы кораблей
   Команда A: спавн вдоль оси Y от (9, 6, 3) до (9, 2, 3)
   Команда B: спавн вдоль оси Y от (0, 8, 1) до (0, 7, 1)
   Команда C: спавн вдоль оси Z от (3, 4, 4) до (3, 4, 1)
✓ ✅ Создано 24 кораблей


--- СТАРТОВАЯ РАССТАНОВКА ---
  Team A: живых 8/8
    ✓ Артиллерия A1      @ (9,6,3) hp=1/1
    ✓ Радиовышка A2      @ (9,7,3) hp=3/3
    ✓ Прыгун A3          @ (9,4,3) hp=2/2
    ✓ Факел A4           @ (9,5,3) hp=6/6
    ✓ Тишина A5          @ (9,8,3) hp=2/2
    ✓ Бурав A6           @ (9,0,3) hp=4/4
    ✓ Провокатор A7      @ (9,3,3) hp=2/2
    ✓ Паук A8            @ (9,2,3) hp=1/1
  Team B: живых 8/8
    ✓ Артиллерия B1      @ (0,8,1) hp=1/1
    ✓ Радиовышка B2      @ (0,1,1) hp=3/3
    ✓ Прыгун B3          @ (0,2,1) hp=2/2
    ✓ Факел B4           @ (0,3,1) hp=6/6
    ✓ Тишина B5          @ (0,5,1) hp=2/2
    ✓ Бурав B6           @ (0,0,1) hp=4/4
    ✓ Провокатор B7      @ (0,6,1) hp=2/2
    ✓ Паук B8            @ (0,7,1) hp=1/1
  Team C: живых 8/8
    ✓ Артиллерия C1      @ (3,4,4) hp=1/1
    ✓ Радиовышка C2      @ (3,4,5) hp=3/3
    ✓ Прыгун C3          @ (3,4,8) hp=2/2
    ✓ Факел C4           @ (3,4,9) hp=6/6
    ✓ Тишина C5          @ (3,4,0) hp=2/2
    ✓ Бурав C6           @ (3,4,3) hp=4/4
    ✓ Провокатор C7      @ (3,4,6) hp=2/2
    ✓ Паук C8            @ (3,4,1) hp=1/1

======================================================================
ХОД 1
======================================================================
✓ 🎮 GM: начинаем ход
GM: start_turn

--- Радиовышки: сканирование слоя Z ---
  Радиовышка A2 (z=3): видит 1 врагов [+1 эксклюзивно] → Бурав C6(3,4,3)
  Радиовышка B2 (z=1): видит 1 врагов  → Паук C8(3,4,1)
  Радиовышка C2 (z=5): слой чист

--- Решения ботов ---
  [Team A] Артиллерия A1 (9,6,3) → SHOOT at (3,4,3)
  [Team A] Радиовышка A2 (9,7,3) → MOVE (8,6,3)
  [Team A] Прыгун A3 (9,4,3) → MOVE (8,4,3)
  [Team A] Тишина A5 (9,8,3) → MOVE (8,7,3)
  [Team A] Бурав A6 (9,0,3) → MOVE (8,1,3)
  [Team A] Провокатор A7 (9,3,3) → MOVE (8,3,3)
  [Team A] Паук A8 (9,2,3) → MOVE (8,2,3)
  [Team A] Факел A4 → SKIP
  [Team B] Артиллерия B1 (0,8,1) → SHOOT at (3,4,4)
  [Team B] Радиовышка B2 (0,1,1) → MOVE (1,2,2)
  [Team B] Прыгун B3 (0,2,1) → MOVE (1,3,2)
  [Team B] Факел B4 (0,3,1) → MOVE (0,4,1)
  [Team B] Тишина B5 (0,5,1) → PHASE toggle
  [Team B] Бурав B6 (0,0,1) → MOVE (1,1,2)
  [Team B] Провокатор B7 (0,6,1) → HOLOGRAM (1,5,2)
  [Team B] Паук B8 (0,7,1) → MINE (1,6,2)
  [Team C] Артиллерия C1 (3,4,4) → SHOOT at (0,8,1)
  [Team C] Радиовышка C2 (3,4,5) → MOVE (2,5,4)
  [Team C] Прыгун C3 (3,4,8) → MOVE (2,5,7)
  [Team C] Тишина C5 (3,4,0) → PHASE toggle
  [Team C] Бурав C6 (3,4,3) → MOVE (2,3,2)
  [Team C] Провокатор C7 (3,4,6) → HOLOGRAM (2,5,5)
  [Team C] Паук C8 (3,4,1) → MINE (2,3,1)
  [Team C] Факел C4 → SKIP
! 🎮 GM: принудительно завершает фазу планирования
GM: end_planning
# 
============================================================
# 🔄 ОБРАБОТКА ХОДА 1
# ============================================================
   🌀 Тишина B5: фаза ВКЛ
   🌀 Тишина C5: фаза ВКЛ
   🪞 Провокатор B7 создал голограмму H1 в (1,5,2)
   🪞 Провокатор C7 создал голограмму H2 в (2,5,5)
   💣 Паук B8 установил мину M1 в (1,6,2)
   💣 Паук C8 установил мину M2 в (2,3,1)

📦 ПЕРЕМЕЩЕНИЯ:
   Радиовышка A2: (9, 7, 3) → (8,6,3)
   Прыгун A3: (9, 4, 3) → (8,4,3)
   Тишина A5: (9, 8, 3) → (8,7,3)
   Бурав A6: (9, 0, 3) → (8,1,3)
   Провокатор A7: (9, 3, 3) → (8,3,3)
   Паук A8: (9, 2, 3) → (8,2,3)
   Радиовышка B2: (0, 1, 1) → (1,2,2)
   Прыгун B3: (0, 2, 1) → (1,3,2)
   Факел B4: (0, 3, 1) → (0,4,1)
!    ⚠️ Бурав B6: Бурав двигается только по 1 оси или по 2 осям строго диагонально
   Радиовышка C2: (3, 4, 5) → (2,5,4)
   Прыгун C3: (3, 4, 8) → (2,5,7)
!    ⚠️ Бурав C6: Бурав двигается только по 1 оси или по 2 осям строго диагонально

🎯 ВЫСТРЕЛЫ:
✓    ✅ Артиллерия A1 поразил Бурав C6 (2 урона)!
✓    ✅ Артиллерия B1 поразил Артиллерия C1 (2 урона)!
✓    ✅ Артиллерия C1 поразил Артиллерия B1 (2 урона)!
   Выпущено ракет: 3
# 
📊 РЕЗУЛЬТАТЫ ХОДА 1:
✓ 💥 ПОПАДАНИЯ:
✓    Артиллерия A1 (Team A) → Бурав C6 (Team C)
✓    Артиллерия B1 (Team B) → Артиллерия C1 (Team C)
✓    Артиллерия C1 (Team C) → Артиллерия B1 (Team B)

--- Результаты хода ---
  Team A / Артиллерия A1      → Team C / Бурав C6           @ (3,4,3)  (ранен)
  Team B / Артиллерия B1      → Team C / Артиллерия C1      @ (3,4,4)  (УБИТ)
  Team C / Артиллерия C1      → Team B / Артиллерия B1      @ (0,8,1)  (УБИТ)

--- Состояние команд после хода ---
  Team A: живых 8/8
    ✓ Артиллерия A1      @ (9,6,3) hp=1/1
    ✓ Радиовышка A2      @ (8,6,3) hp=3/3
    ✓ Прыгун A3          @ (8,4,3) hp=2/2
    ✓ Факел A4           @ (9,5,3) hp=6/6
    ✓ Тишина A5          @ (8,7,3) hp=2/2
    ✓ Бурав A6           @ (8,1,3) hp=4/4
    ✓ Провокатор A7      @ (8,3,3) hp=2/2
    ✓ Паук A8            @ (8,2,3) hp=1/1
  Team B: живых 7/8
    ✓ Радиовышка B2      @ (1,2,2) hp=3/3
    ✓ Прыгун B3          @ (1,3,2) hp=2/2
    ✓ Факел B4           @ (0,4,1) hp=6/6
    ✓ Тишина B5          @ (0,5,1) hp=2/2
    ✓ Бурав B6           @ (0,0,1) hp=4/4
    ✓ Провокатор B7      @ (0,6,1) hp=2/2
    ✓ Паук B8            @ (0,7,1) hp=1/1
    ✗ Артиллерия B1      @ (0,8,1) [уничтожен]
  Team C: живых 7/8
    ✓ Радиовышка C2      @ (2,5,4) hp=3/3
    ✓ Прыгун C3          @ (2,5,7) hp=2/2
    ✓ Факел C4           @ (3,4,9) hp=6/6
    ✓ Тишина C5          @ (3,4,0) hp=2/2
    ✓ Бурав C6           @ (3,4,3) hp=2/4
    ✓ Провокатор C7      @ (3,4,6) hp=2/2
    ✓ Паук C8            @ (3,4,1) hp=1/1
    ✗ Артиллерия C1      @ (3,4,4) [уничтожен]

======================================================================
ХОД 2
======================================================================
✓ 🎮 GM: начинаем ход
GM: start_turn

--- Радиовышки: сканирование слоя Z ---
  Радиовышка A2 (z=3): видит 1 врагов [+1 эксклюзивно] → Бурав C6(3,4,3)
  Радиовышка B2 (z=2): слой чист
  Радиовышка C2 (z=4): слой чист

--- Решения ботов ---
  [Team A] Артиллерия A1 (9,6,3) → SHOOT at (3,4,3)
  [Team A] Радиовышка A2 (8,6,3) → MOVE (7,5,3)
  [Team A] Прыгун A3 (8,4,3) → SHOOT at (3,4,3)
  [Team A] Тишина A5 (8,7,3) → MOVE (7,6,3)
  [Team A] Бурав A6 (8,1,3) → MOVE (7,2,3)
  [Team A] Провокатор A7 (8,3,3) → HOLOGRAM (7,4,3)
  [Team A] Паук A8 (8,2,3) → MOVE (7,3,3)
  [Team A] Факел A4 → SKIP
  [Team B] Радиовышка B2 (1,2,2) → MOVE (2,3,3)
  [Team B] Прыгун B3 (1,3,2) → MOVE (2,5,4)
  [Team B] Факел B4 (0,4,1) → SHOOT at (3,4,1)
  [Team B] Тишина B5 (0,5,1) → MOVE (1,5,2)
  [Team B] Бурав B6 (0,0,1) → MOVE (1,1,2)
  [Team B] Провокатор B7 (0,6,1) → HOLOGRAM (0,6,2)
  [Team B] Паук B8 (0,7,1) → MINE (1,6,2)
  [Team C] Радиовышка C2 (2,5,4) → MOVE (1,4,3)
  [Team C] Прыгун C3 (2,5,7) → MOVE (1,4,6)
  [Team C] Факел C4 (3,4,9) → MOVE (3,4,8)
  [Team C] Тишина C5 (3,4,0) → MOVE (2,3,1)
  [Team C] Бурав C6 (3,4,3) → MOVE (2,3,2)
  [Team C] Провокатор C7 (3,4,6) → HOLOGRAM (2,3,5)
  [Team C] Паук C8 (3,4,1) → MINE (2,3,1)
! 🎮 GM: принудительно завершает фазу планирования
GM: end_planning
# 
============================================================
# 🔄 ОБРАБОТКА ХОДА 2
# ============================================================
   🪞 Провокатор A7 создал голограмму H3 в (7,4,3)
   🪞 Провокатор B7 создал голограмму H4 в (0,6,2)
   🪞 Провокатор C7 создал голограмму H5 в (2,3,5)
!    ⚠️ Паук B8: в клетке уже стоит мина
!    ⚠️ Паук C8: в клетке уже стоит мина

📦 ПЕРЕМЕЩЕНИЯ:
   Радиовышка A2: (8, 6, 3) → (7,5,3)
   Тишина A5: (8, 7, 3) → (7,6,3)
   Бурав A6: (8, 1, 3) → (7,2,3)
   Паук A8: (8, 2, 3) → (7,3,3)
   Радиовышка B2: (1, 2, 2) → (2,3,3)
✓    💥 Прыгун B3 тараном уничтожил Радиовышка C2 в (2,5,4)
   Прыгун B3: (1, 3, 2) → (2,5,4)
!    ⚠️ Тишина B5: клетка (1,5,2) занята
!    ⚠️ Бурав B6: Бурав двигается только по 1 оси или по 2 осям строго диагонально
   Прыгун C3: (2, 5, 7) → (1,4,6)
   Факел C4: (3, 4, 9) → (3,4,8)
   Тишина C5: (3, 4, 0) → (2,3,1)
!    ⚠️ Бурав C6: Бурав двигается только по 1 оси или по 2 осям строго диагонально

🎯 ВЫСТРЕЛЫ:
!    🛡️ Выстрел Прыгун A3 гасится собственной голограммой в (7, 4, 3)
✓    ✅ Артиллерия A1 поразил Бурав C6 (2 урона)!
✓    ✅ Факел B4 поразил Паук C8 (1 урона)!
   Выпущено ракет: 3
# 
📊 РЕЗУЛЬТАТЫ ХОДА 2:
✓ 💥 ПОПАДАНИЯ:
✓    Артиллерия A1 (Team A) → Бурав C6 (Team C)
✓    Факел B4 (Team B) → Паук C8 (Team C)

--- Результаты хода ---
  Team B / Прыгун B3          → Team C / Радиовышка C2      @ (2,5,4)  (УБИТ)
  Team A / Артиллерия A1      → Team C / Бурав C6           @ (3,4,3)  (УБИТ)
  Team B / Факел B4           → Team C / Паук C8            @ (3,4,1)  (УБИТ)

--- Состояние команд после хода ---
  Team A: живых 8/8
    ✓ Артиллерия A1      @ (9,6,3) hp=1/1
    ✓ Радиовышка A2      @ (7,5,3) hp=3/3
    ✓ Прыгун A3          @ (8,4,3) hp=2/2
    ✓ Факел A4           @ (9,5,3) hp=6/6
    ✓ Тишина A5          @ (7,6,3) hp=2/2
    ✓ Бурав A6           @ (7,2,3) hp=4/4
    ✓ Провокатор A7      @ (8,3,3) hp=2/2
    ✓ Паук A8            @ (7,3,3) hp=1/1
  Team B: живых 7/8
    ✓ Радиовышка B2      @ (2,3,3) hp=3/3
    ✓ Прыгун B3          @ (2,5,4) hp=2/2
    ✓ Факел B4           @ (0,4,1) hp=6/6
    ✓ Тишина B5          @ (0,5,1) hp=2/2
    ✓ Бурав B6           @ (0,0,1) hp=4/4
    ✓ Провокатор B7      @ (0,6,1) hp=2/2
    ✓ Паук B8            @ (0,7,1) hp=1/1
    ✗ Артиллерия B1      @ (0,8,1) [уничтожен]
  Team C: живых 4/8
    ✓ Прыгун C3          @ (1,4,6) hp=2/2
    ✓ Факел C4           @ (3,4,8) hp=6/6
    ✓ Тишина C5          @ (2,3,1) hp=2/2
    ✓ Провокатор C7      @ (3,4,6) hp=2/2
    ✗ Артиллерия C1      @ (3,4,4) [уничтожен]
    ✗ Радиовышка C2      @ (2,5,4) [уничтожен]
    ✗ Бурав C6           @ (3,4,3) [уничтожен]
    ✗ Паук C8            @ (3,4,1) [уничтожен]

======================================================================
ХОД 3
======================================================================
✓ 🎮 GM: начинаем ход
GM: start_turn

--- Радиовышки: сканирование слоя Z ---
  Радиовышка A2 (z=3): видит 1 врагов [+1 эксклюзивно] → Радиовышка B2(2,3,3)
  Радиовышка B2 (z=3): видит 8 врагов [+8 эксклюзивно] → Бурав A6(7,2,3), Паук A8(7,3,3), Радиовышка A2(7,5,3), Тишина A5(7,6,3), Провокатор A7(8,3,3), Прыгун A3(8,4,3), Факел A4(9,5,3), Артиллерия A1(9,6,3)

--- Решения ботов ---
  [Team A] Артиллерия A1 (9,6,3) → SHOOT at (3,4,6)
  [Team A] Радиовышка A2 (7,5,3) → MOVE (6,4,4)
  [Team A] Прыгун A3 (8,4,3) → MOVE (7,4,4)
  [Team A] Тишина A5 (7,6,3) → PHASE toggle
  [Team A] Бурав A6 (7,2,3) → MOVE (6,3,4)
  [Team A] Провокатор A7 (8,3,3) → HOLOGRAM (7,3,4)
  [Team A] Паук A8 (7,3,3) → MINE (7,3,4)
  [Team A] Факел A4 → SKIP
  [Team B] Радиовышка B2 (2,3,3) → MOVE (1,4,4)
  [Team B] Прыгун B3 (2,5,4) → MOVE (1,4,6)
  [Team B] Факел B4 (0,4,1) → MOVE (1,5,2)
  [Team B] Тишина B5 (0,5,1) → MOVE (1,4,2)
  [Team B] Бурав B6 (0,0,1) → MOVE (1,1,2)
  [Team B] Провокатор B7 (0,6,1) → HOLOGRAM (1,6,2)
  [Team B] Паук B8 (0,7,1) → MOVE (1,6,2)
  [Team C] Прыгун C3 (1,4,6) → MOVE (2,5,4)
  [Team C] Факел C4 (3,4,8) → MOVE (2,4,7)
  [Team C] Тишина C5 (2,3,1) → MOVE (2,3,2)
  [Team C] Провокатор C7 (3,4,6) → HOLOGRAM (2,5,5)
! 🎮 GM: принудительно завершает фазу планирования
GM: end_planning
# 
============================================================
# 🔄 ОБРАБОТКА ХОДА 3
# ============================================================
   🌀 Тишина A5: фаза ВКЛ
   🪞 Провокатор A7 создал голограмму H6 в (7,3,4)
   🪞 Провокатор B7 создал голограмму H7 в (1,6,2)
!    ⚠️ Провокатор C7: клетка (2,5,5) уже занята голограммой
   💣 Паук A8 установил мину M3 в (7,3,4)

📦 ПЕРЕМЕЩЕНИЯ:
   Радиовышка A2: (7, 5, 3) → (6,4,4)
   Прыгун A3: (8, 4, 3) → (7,4,4)
!    ⚠️ Бурав A6: Бурав двигается только по 1 оси или по 2 осям строго диагонально
   Радиовышка B2: (2, 3, 3) → (1,4,4)
✓    💥 Прыгун B3 тараном уничтожил Прыгун C3 в (1,4,6)
   Прыгун B3: (2, 5, 4) → (1,4,6)
!    ⚠️ Факел B4: клетка (1,5,2) занята
   Тишина B5: (0, 5, 1) → (1,4,2)
!    ⚠️ Бурав B6: Бурав двигается только по 1 оси или по 2 осям строго диагонально
!    ⚠️ Паук B8: клетка (1,6,2) занята
   Факел C4: (3, 4, 8) → (2,4,7)
   Тишина C5: (2, 3, 1) → (2,3,2)

🎯 ВЫСТРЕЛЫ:
✓    ✅ Артиллерия A1 поразил Провокатор C7 (2 урона)!
   Выпущено ракет: 1
# 
📊 РЕЗУЛЬТАТЫ ХОДА 3:
✓ 💥 ПОПАДАНИЯ:
✓    Артиллерия A1 (Team A) → Провокатор C7 (Team C)

--- Результаты хода ---
  Team B / Прыгун B3          → Team C / Прыгун C3          @ (1,4,6)  (УБИТ)
  Team A / Артиллерия A1      → Team C / Провокатор C7      @ (3,4,6)  (УБИТ)

--- Состояние команд после хода ---
  Team A: живых 8/8
    ✓ Артиллерия A1      @ (9,6,3) hp=1/1
    ✓ Радиовышка A2      @ (6,4,4) hp=3/3
    ✓ Прыгун A3          @ (7,4,4) hp=2/2
    ✓ Факел A4           @ (9,5,3) hp=6/6
    ✓ Тишина A5          @ (7,6,3) hp=2/2
    ✓ Бурав A6           @ (7,2,3) hp=4/4
    ✓ Провокатор A7      @ (8,3,3) hp=2/2
    ✓ Паук A8            @ (7,3,3) hp=1/1
  Team B: живых 7/8
    ✓ Радиовышка B2      @ (1,4,4) hp=3/3
    ✓ Прыгун B3          @ (1,4,6) hp=2/2
    ✓ Факел B4           @ (0,4,1) hp=6/6
    ✓ Тишина B5          @ (1,4,2) hp=2/2
    ✓ Бурав B6           @ (0,0,1) hp=4/4
    ✓ Провокатор B7      @ (0,6,1) hp=2/2
    ✓ Паук B8            @ (0,7,1) hp=1/1
    ✗ Артиллерия B1      @ (0,8,1) [уничтожен]
  Team C: живых 2/8
    ✓ Факел C4           @ (2,4,7) hp=6/6
    ✓ Тишина C5          @ (2,3,2) hp=2/2
    ✗ Артиллерия C1      @ (3,4,4) [уничтожен]
    ✗ Радиовышка C2      @ (2,5,4) [уничтожен]
    ✗ Прыгун C3          @ (1,4,6) [уничтожен]
    ✗ Бурав C6           @ (3,4,3) [уничтожен]
    ✗ Провокатор C7      @ (3,4,6) [уничтожен]
    ✗ Паук C8            @ (3,4,1) [уничтожен]

======================================================================
ХОД 4
======================================================================
✓ 🎮 GM: начинаем ход
GM: start_turn

--- Радиовышки: сканирование слоя Z ---
  Радиовышка A2 (z=4): видит 1 врагов [+1 эксклюзивно] → Радиовышка B2(1,4,4)
  Радиовышка B2 (z=4): видит 2 врагов [+2 эксклюзивно] → Радиовышка A2(6,4,4), Прыгун A3(7,4,4)

--- Решения ботов ---
  [Team A] Артиллерия A1 (9,6,3) → SHOOT at (2,4,7)
  [Team A] Радиовышка A2 (6,4,4) → MOVE (5,4,5)
  [Team A] Прыгун A3 (7,4,4) → MOVE (6,4,5)
  [Team A] Тишина A5 (7,6,3) → MOVE (6,5,4)
  [Team A] Бурав A6 (7,2,3) → MOVE (6,3,4)
  [Team A] Провокатор A7 (8,3,3) → MOVE (8,4,4)
  [Team A] Паук A8 (7,3,3) → MOVE (7,3,4)
  [Team A] Факел A4 → SKIP
  [Team B] Радиовышка B2 (1,4,4) → MOVE (2,4,5)
  [Team B] Прыгун B3 (1,4,6) → MOVE (2,4,7)
  [Team B] Факел B4 (0,4,1) → MOVE (1,4,1)
  [Team B] Тишина B5 (1,4,2) → MOVE (2,4,3)
  [Team B] Бурав B6 (0,0,1) → MOVE (1,1,2)
  [Team B] Провокатор B7 (0,6,1) → MOVE (1,5,2)
  [Team B] Паук B8 (0,7,1) → MOVE (1,6,2)
  [Team C] Факел C4 (2,4,7) → MOVE (2,3,6)
  [Team C] Тишина C5 (2,3,2) → MOVE (1,4,3)
! 🎮 GM: принудительно завершает фазу планирования
GM: end_planning
# 
============================================================
# 🔄 ОБРАБОТКА ХОДА 4
# ============================================================

📦 ПЕРЕМЕЩЕНИЯ:
   Радиовышка A2: (6, 4, 4) → (5,4,5)
   Прыгун A3: (7, 4, 4) → (6,4,5)
   Тишина A5: (7, 6, 3) → (6,5,4)
!    ⚠️ Бурав A6: Бурав двигается только по 1 оси или по 2 осям строго диагонально
   Провокатор A7: (8, 3, 3) → (8,4,4)
!    ⚠️ Паук A8: клетка (7,3,4) занята
   Радиовышка B2: (1, 4, 4) → (2,4,5)
✓    💥 Прыгун B3 тараном уничтожил Факел C4 в (2,4,7)
   Прыгун B3: (1, 4, 6) → (2,4,7)
   Факел B4: (0, 4, 1) → (1,4,1)
   Тишина B5: (1, 4, 2) → (2,4,3)
!    ⚠️ Бурав B6: Бурав двигается только по 1 оси или по 2 осям строго диагонально
!    ⚠️ Провокатор B7: клетка (1,5,2) занята
!    ⚠️ Паук B8: клетка (1,6,2) занята
   Тишина C5: (2, 3, 2) → (1,4,3)

🎯 ВЫСТРЕЛЫ:
✓    ✅ Артиллерия A1 поразил Прыгун B3 (2 урона)!
   Выпущено ракет: 1
# 
📊 РЕЗУЛЬТАТЫ ХОДА 4:
✓ 💥 ПОПАДАНИЯ:
✓    Артиллерия A1 (Team A) → Прыгун B3 (Team B)

--- Результаты хода ---
  Team B / Прыгун B3          → Team C / Факел C4           @ (2,4,7)  (УБИТ)
  Team A / Артиллерия A1      → Team B / Прыгун B3          @ (2,4,7)  (УБИТ)

--- Состояние команд после хода ---
  Team A: живых 8/8
    ✓ Артиллерия A1      @ (9,6,3) hp=1/1
    ✓ Радиовышка A2      @ (5,4,5) hp=3/3
    ✓ Прыгун A3          @ (6,4,5) hp=2/2
    ✓ Факел A4           @ (9,5,3) hp=6/6
    ✓ Тишина A5          @ (6,5,4) hp=2/2
    ✓ Бурав A6           @ (7,2,3) hp=4/4
    ✓ Провокатор A7      @ (8,4,4) hp=2/2
    ✓ Паук A8            @ (7,3,3) hp=1/1
  Team B: живых 6/8
    ✓ Радиовышка B2      @ (2,4,5) hp=3/3
    ✓ Факел B4           @ (1,4,1) hp=6/6
    ✓ Тишина B5          @ (2,4,3) hp=2/2
    ✓ Бурав B6           @ (0,0,1) hp=4/4
    ✓ Провокатор B7      @ (0,6,1) hp=2/2
    ✓ Паук B8            @ (0,7,1) hp=1/1
    ✗ Артиллерия B1      @ (0,8,1) [уничтожен]
    ✗ Прыгун B3          @ (2,4,7) [уничтожен]
  Team C: живых 1/8
    ✓ Тишина C5          @ (1,4,3) hp=2/2
    ✗ Артиллерия C1      @ (3,4,4) [уничтожен]
    ✗ Радиовышка C2      @ (2,5,4) [уничтожен]
    ✗ Прыгун C3          @ (1,4,6) [уничтожен]
    ✗ Факел C4           @ (2,4,7) [уничтожен]
    ✗ Бурав C6           @ (3,4,3) [уничтожен]
    ✗ Провокатор C7      @ (3,4,6) [уничтожен]
    ✗ Паук C8            @ (3,4,1) [уничтожен]

======================================================================
ХОД 5
======================================================================
✓ 🎮 GM: начинаем ход
GM: start_turn

--- Радиовышки: сканирование слоя Z ---
  Радиовышка A2 (z=5): видит 1 врагов  → Радиовышка B2(2,4,5)
  Радиовышка B2 (z=5): видит 2 врагов  → Радиовышка A2(5,4,5), Прыгун A3(6,4,5)

--- Решения ботов ---
  [Team A] Артиллерия A1 (9,6,3) → SHOOT at (1,4,1)
  [Team A] Радиовышка A2 (5,4,5) → MOVE (4,4,5)
  [Team A] Прыгун A3 (6,4,5) → SHOOT at (2,4,5)
  [Team A] Тишина A5 (6,5,4) → MOVE (6,5,5)
  [Team A] Бурав A6 (7,2,3) → MOVE (6,3,4)
  [Team A] Провокатор A7 (8,4,4) → MOVE (7,4,5)
  [Team A] Паук A8 (7,3,3) → MOVE (6,4,4)
  [Team A] Факел A4 → SKIP
  [Team B] Радиовышка B2 (2,4,5) → MOVE (3,4,5)
  [Team B] Факел B4 (1,4,1) → MOVE (0,5,1)
  [Team B] Тишина B5 (2,4,3) → MOVE (3,4,4)
  [Team B] Бурав B6 (0,0,1) → MOVE (1,1,2)
  [Team B] Провокатор B7 (0,6,1) → HOLOGRAM (1,5,2)
  [Team B] Паук B8 (0,7,1) → MOVE (1,6,2)
  [Team C] Тишина C5 (1,4,3) → MOVE (2,4,4)
! 🎮 GM: принудительно завершает фазу планирования
GM: end_planning
# 
============================================================
# 🔄 ОБРАБОТКА ХОДА 5
# ============================================================
!    ⚠️ Провокатор B7: клетка (1,5,2) уже занята голограммой

📦 ПЕРЕМЕЩЕНИЯ:
   Радиовышка A2: (5, 4, 5) → (4,4,5)
   Тишина A5: (6, 5, 4) → (6,5,5)
!    ⚠️ Бурав A6: Бурав двигается только по 1 оси или по 2 осям строго диагонально
   Провокатор A7: (8, 4, 4) → (7,4,5)
   Паук A8: (7, 3, 3) → (6,4,4)
   Радиовышка B2: (2, 4, 5) → (3,4,5)
   Факел B4: (1, 4, 1) → (0,5,1)
   Тишина B5: (2, 4, 3) → (3,4,4)
!    ⚠️ Бурав B6: Бурав двигается только по 1 оси или по 2 осям строго диагонально
!    ⚠️ Паук B8: клетка (1,6,2) занята
   Тишина C5: (1, 4, 3) → (2,4,4)

🎯 ВЫСТРЕЛЫ:
!    🛡️ Выстрел Прыгун A3 заблокирован союзником Радиовышка A2 в (4, 4, 5)
   Выпущено ракет: 2
# 
📊 РЕЗУЛЬТАТЫ ХОДА 5:
🎯 Попаданий нет

--- Результаты хода ---
  Попаданий нет

--- Состояние команд после хода ---
  Team A: живых 8/8
    ✓ Артиллерия A1      @ (9,6,3) hp=1/1
    ✓ Радиовышка A2      @ (4,4,5) hp=3/3
    ✓ Прыгун A3          @ (6,4,5) hp=2/2
    ✓ Факел A4           @ (9,5,3) hp=6/6
    ✓ Тишина A5          @ (6,5,5) hp=2/2
    ✓ Бурав A6           @ (7,2,3) hp=4/4
    ✓ Провокатор A7      @ (7,4,5) hp=2/2
    ✓ Паук A8            @ (6,4,4) hp=1/1
  Team B: живых 6/8
    ✓ Радиовышка B2      @ (3,4,5) hp=3/3
    ✓ Факел B4           @ (0,5,1) hp=6/6
    ✓ Тишина B5          @ (3,4,4) hp=2/2
    ✓ Бурав B6           @ (0,0,1) hp=4/4
    ✓ Провокатор B7      @ (0,6,1) hp=2/2
    ✓ Паук B8            @ (0,7,1) hp=1/1
    ✗ Артиллерия B1      @ (0,8,1) [уничтожен]
    ✗ Прыгун B3          @ (2,4,7) [уничтожен]
  Team C: живых 1/8
    ✓ Тишина C5          @ (2,4,4) hp=2/2
    ✗ Артиллерия C1      @ (3,4,4) [уничтожен]
    ✗ Радиовышка C2      @ (2,5,4) [уничтожен]
    ✗ Прыгун C3          @ (1,4,6) [уничтожен]
    ✗ Факел C4           @ (2,4,7) [уничтожен]
    ✗ Бурав C6           @ (3,4,3) [уничтожен]
    ✗ Провокатор C7      @ (3,4,6) [уничтожен]
    ✗ Паук C8            @ (3,4,1) [уничтожен]

======================================================================
ХОД 6
======================================================================
✓ 🎮 GM: начинаем ход
GM: start_turn

--- Радиовышки: сканирование слоя Z ---
  Радиовышка A2 (z=5): видит 1 врагов  → Радиовышка B2(3,4,5)
  Радиовышка B2 (z=5): видит 3 врагов  → Радиовышка A2(4,4,5), Прыгун A3(6,4,5), Провокатор A7(7,4,5)

--- Решения ботов ---
  [Team A] Артиллерия A1 (9,6,3) → SHOOT at (0,6,1)
  [Team A] Радиовышка A2 (4,4,5) → MOVE (3,4,5)
  [Team A] Прыгун A3 (6,4,5) → SHOOT at (3,4,5)
  [Team A] Тишина A5 (6,5,5) → PHASE toggle
  [Team A] Бурав A6 (7,2,3) → MOVE (6,3,4)
  [Team A] Провокатор A7 (7,4,5) → SHOOT at (3,4,5)
  [Team A] Паук A8 (6,4,4) → MINE (5,4,5)
  [Team A] Факел A4 → SKIP
  [Team B] Радиовышка B2 (3,4,5) → MOVE (4,4,5)
  [Team B] Тишина B5 (3,4,4) → MOVE (4,4,4)
  [Team B] Бурав B6 (0,0,1) → MOVE (1,1,2)
  [Team B] Провокатор B7 (0,6,1) → HOLOGRAM (1,5,2)
  [Team B] Паук B8 (0,7,1) → MINE (1,6,2)
  [Team B] Факел B4 → SKIP
  [Team C] Тишина C5 (2,4,4) → MOVE (3,4,5)
! 🎮 GM: принудительно завершает фазу планирования
GM: end_planning
# 
============================================================
# 🔄 ОБРАБОТКА ХОДА 6
# ============================================================
   🌀 Тишина A5: фаза ВЫКЛ
!    ⚠️ Провокатор B7: клетка (1,5,2) уже занята голограммой
   💣 Паук A8 установил мину M4 в (5,4,5)
!    ⚠️ Паук B8: в клетке уже стоит мина

📦 ПЕРЕМЕЩЕНИЯ:
!    ⚠️ Радиовышка A2: клетка (3,4,5) занята
!    ⚠️ Бурав A6: Бурав двигается только по 1 оси или по 2 осям строго диагонально
!    ⚠️ Радиовышка B2: клетка (4,4,5) занята
   Тишина B5: (3, 4, 4) → (4,4,4)
!    ⚠️ Бурав B6: Бурав двигается только по 1 оси или по 2 осям строго диагонально
!    ⚠️ Тишина C5: клетка (3,4,5) занята

🎯 ВЫСТРЕЛЫ:
!    🛡️ Выстрел Прыгун A3 заблокирован союзником Радиовышка A2 в (4, 4, 5)
!    🛡️ Выстрел Провокатор A7 заблокирован союзником Прыгун A3 в (6, 4, 5)
✓    ✅ Артиллерия A1 поразил Провокатор B7 (2 урона)!
   Выпущено ракет: 3
# 
📊 РЕЗУЛЬТАТЫ ХОДА 6:
✓ 💥 ПОПАДАНИЯ:
✓    Артиллерия A1 (Team A) → Провокатор B7 (Team B)

--- Результаты хода ---
  Team A / Артиллерия A1      → Team B / Провокатор B7      @ (0,6,1)  (УБИТ)

--- Состояние команд после хода ---
  Team A: живых 8/8
    ✓ Артиллерия A1      @ (9,6,3) hp=1/1
    ✓ Радиовышка A2      @ (4,4,5) hp=3/3
    ✓ Прыгун A3          @ (6,4,5) hp=2/2
    ✓ Факел A4           @ (9,5,3) hp=6/6
    ✓ Тишина A5          @ (6,5,5) hp=2/2
    ✓ Бурав A6           @ (7,2,3) hp=4/4
    ✓ Провокатор A7      @ (7,4,5) hp=2/2
    ✓ Паук A8            @ (6,4,4) hp=1/1
  Team B: живых 5/8
    ✓ Радиовышка B2      @ (3,4,5) hp=3/3
    ✓ Факел B4           @ (0,5,1) hp=6/6
    ✓ Тишина B5          @ (4,4,4) hp=2/2
    ✓ Бурав B6           @ (0,0,1) hp=4/4
    ✓ Паук B8            @ (0,7,1) hp=1/1
    ✗ Артиллерия B1      @ (0,8,1) [уничтожен]
    ✗ Прыгун B3          @ (2,4,7) [уничтожен]
    ✗ Провокатор B7      @ (0,6,1) [уничтожен]
  Team C: живых 1/8
    ✓ Тишина C5          @ (2,4,4) hp=2/2
    ✗ Артиллерия C1      @ (3,4,4) [уничтожен]
    ✗ Радиовышка C2      @ (2,5,4) [уничтожен]
    ✗ Прыгун C3          @ (1,4,6) [уничтожен]
    ✗ Факел C4           @ (2,4,7) [уничтожен]
    ✗ Бурав C6           @ (3,4,3) [уничтожен]
    ✗ Провокатор C7      @ (3,4,6) [уничтожен]
    ✗ Паук C8            @ (3,4,1) [уничтожен]

======================================================================
ХОД 7
======================================================================
✓ 🎮 GM: начинаем ход
GM: start_turn

--- Радиовышки: сканирование слоя Z ---
  Радиовышка A2 (z=5): видит 1 врагов  → Радиовышка B2(3,4,5)
  Радиовышка B2 (z=5): видит 4 врагов  → Радиовышка A2(4,4,5), Прыгун A3(6,4,5), Тишина A5(6,5,5), Провокатор A7(7,4,5)

--- Решения ботов ---
  [Team A] Артиллерия A1 (9,6,3) → SHOOT at (0,7,1)
  [Team A] Радиовышка A2 (4,4,5) → MOVE (3,4,5)
  [Team A] Прыгун A3 (6,4,5) → SHOOT at (3,4,5)
  [Team A] Тишина A5 (6,5,5) → MOVE (5,4,5)
  [Team A] Бурав A6 (7,2,3) → MOVE (6,3,4)
  [Team A] Провокатор A7 (7,4,5) → SHOOT at (3,4,5)
  [Team A] Паук A8 (6,4,4) → MINE (5,4,4)
  [Team A] Факел A4 → SKIP
  [Team B] Радиовышка B2 (3,4,5) → MOVE (4,4,5)
  [Team B] Факел B4 (0,5,1) → MOVE (0,4,1)
  [Team B] Бурав B6 (0,0,1) → MOVE (1,1,2)
  [Team B] Паук B8 (0,7,1) → MINE (1,6,2)
  [Team B] Тишина B5 → SKIP
  [Team C] Тишина C5 (2,4,4) → MOVE (3,4,5)
! 🎮 GM: принудительно завершает фазу планирования
GM: end_planning
# 
============================================================
# 🔄 ОБРАБОТКА ХОДА 7
# ============================================================
   💣 Паук A8 установил мину M5 в (5,4,4)
!    ⚠️ Паук B8: в клетке уже стоит мина

📦 ПЕРЕМЕЩЕНИЯ:
!    ⚠️ Радиовышка A2: клетка (3,4,5) занята
   Тишина A5: (6, 5, 5) → (5,4,5)
!    ⚠️ Бурав A6: Бурав двигается только по 1 оси или по 2 осям строго диагонально
!    ⚠️ Радиовышка B2: клетка (4,4,5) занята
   Факел B4: (0, 5, 1) → (0,4,1)
!    ⚠️ Бурав B6: Бурав двигается только по 1 оси или по 2 осям строго диагонально
!    ⚠️ Тишина C5: клетка (3,4,5) занята

🎯 ВЫСТРЕЛЫ:
!    🛡️ Выстрел Прыгун A3 заблокирован союзником Тишина A5 в (5, 4, 5)
!    🛡️ Выстрел Провокатор A7 заблокирован союзником Прыгун A3 в (6, 4, 5)
✓    ✅ Артиллерия A1 поразил Паук B8 (2 урона)!
   Выпущено ракет: 3
# 
📊 РЕЗУЛЬТАТЫ ХОДА 7:
✓ 💥 ПОПАДАНИЯ:
✓    Артиллерия A1 (Team A) → Паук B8 (Team B)

--- Результаты хода ---
  Team A / Артиллерия A1      → Team B / Паук B8            @ (0,7,1)  (УБИТ)

--- Состояние команд после хода ---
  Team A: живых 8/8
    ✓ Артиллерия A1      @ (9,6,3) hp=1/1
    ✓ Радиовышка A2      @ (4,4,5) hp=3/3
    ✓ Прыгун A3          @ (6,4,5) hp=2/2
    ✓ Факел A4           @ (9,5,3) hp=6/6
    ✓ Тишина A5          @ (5,4,5) hp=2/2
    ✓ Бурав A6           @ (7,2,3) hp=4/4
    ✓ Провокатор A7      @ (7,4,5) hp=2/2
    ✓ Паук A8            @ (6,4,4) hp=1/1
  Team B: живых 4/8
    ✓ Радиовышка B2      @ (3,4,5) hp=3/3
    ✓ Факел B4           @ (0,4,1) hp=6/6
    ✓ Тишина B5          @ (4,4,4) hp=2/2
    ✓ Бурав B6           @ (0,0,1) hp=4/4
    ✗ Артиллерия B1      @ (0,8,1) [уничтожен]
    ✗ Прыгун B3          @ (2,4,7) [уничтожен]
    ✗ Провокатор B7      @ (0,6,1) [уничтожен]
    ✗ Паук B8            @ (0,7,1) [уничтожен]
  Team C: живых 1/8
    ✓ Тишина C5          @ (2,4,4) hp=2/2
    ✗ Артиллерия C1      @ (3,4,4) [уничтожен]
    ✗ Радиовышка C2      @ (2,5,4) [уничтожен]
    ✗ Прыгун C3          @ (1,4,6) [уничтожен]
    ✗ Факел C4           @ (2,4,7) [уничтожен]
    ✗ Бурав C6           @ (3,4,3) [уничтожен]
    ✗ Провокатор C7      @ (3,4,6) [уничтожен]
    ✗ Паук C8            @ (3,4,1) [уничтожен]

======================================================================
ХОД 8
======================================================================
✓ 🎮 GM: начинаем ход
GM: start_turn

--- Радиовышки: сканирование слоя Z ---
  Радиовышка A2 (z=5): видит 1 врагов  → Радиовышка B2(3,4,5)
  Радиовышка B2 (z=5): видит 4 врагов  → Радиовышка A2(4,4,5), Тишина A5(5,4,5), Прыгун A3(6,4,5), Провокатор A7(7,4,5)

--- Решения ботов ---
  [Team A] Артиллерия A1 (9,6,3) → SHOOT at (0,4,1)
  [Team A] Радиовышка A2 (4,4,5) → MOVE (3,4,5)
  [Team A] Прыгун A3 (6,4,5) → SHOOT at (3,4,5)
  [Team A] Тишина A5 (5,4,5) → PHASE toggle
  [Team A] Бурав A6 (7,2,3) → MOVE (6,3,4)
  [Team A] Провокатор A7 (7,4,5) → SHOOT at (3,4,5)
  [Team A] Паук A8 (6,4,4) → MINE (5,4,4)
  [Team A] Факел A4 → SKIP
  [Team B] Радиовышка B2 (3,4,5) → MOVE (4,4,5)
  [Team B] Факел B4 (0,4,1) → MOVE (0,3,1)
  [Team B] Бурав B6 (0,0,1) → MOVE (1,1,2)
  [Team B] Тишина B5 → SKIP
  [Team C] Тишина C5 (2,4,4) → MOVE (3,4,5)
! 🎮 GM: принудительно завершает фазу планирования
GM: end_planning
# 
============================================================
# 🔄 ОБРАБОТКА ХОДА 8
# ============================================================
   🌀 Тишина A5: фаза ВКЛ
!    ⚠️ Паук A8: в клетке уже стоит мина

📦 ПЕРЕМЕЩЕНИЯ:
!    ⚠️ Радиовышка A2: клетка (3,4,5) занята
!    ⚠️ Бурав A6: Бурав двигается только по 1 оси или по 2 осям строго диагонально
!    ⚠️ Радиовышка B2: клетка (4,4,5) занята
   Факел B4: (0, 4, 1) → (0,3,1)
!    ⚠️ Бурав B6: Бурав двигается только по 1 оси или по 2 осям строго диагонально
!    ⚠️ Тишина C5: клетка (3,4,5) занята

🎯 ВЫСТРЕЛЫ:
!    🛡️ Выстрел Прыгун A3 заблокирован союзником Радиовышка A2 в (4, 4, 5)
!    🛡️ Выстрел Провокатор A7 заблокирован союзником Прыгун A3 в (6, 4, 5)
   Выпущено ракет: 3
# 
📊 РЕЗУЛЬТАТЫ ХОДА 8:
🎯 Попаданий нет

--- Результаты хода ---
  Попаданий нет

--- Состояние команд после хода ---
  Team A: живых 8/8
    ✓ Артиллерия A1      @ (9,6,3) hp=1/1
    ✓ Радиовышка A2      @ (4,4,5) hp=3/3
    ✓ Прыгун A3          @ (6,4,5) hp=2/2
    ✓ Факел A4           @ (9,5,3) hp=6/6
    ✓ Тишина A5          @ (5,4,5) hp=2/2
    ✓ Бурав A6           @ (7,2,3) hp=4/4
    ✓ Провокатор A7      @ (7,4,5) hp=2/2
    ✓ Паук A8            @ (6,4,4) hp=1/1
  Team B: живых 4/8
    ✓ Радиовышка B2      @ (3,4,5) hp=3/3
    ✓ Факел B4           @ (0,3,1) hp=6/6
    ✓ Тишина B5          @ (4,4,4) hp=2/2
    ✓ Бурав B6           @ (0,0,1) hp=4/4
    ✗ Артиллерия B1      @ (0,8,1) [уничтожен]
    ✗ Прыгун B3          @ (2,4,7) [уничтожен]
    ✗ Провокатор B7      @ (0,6,1) [уничтожен]
    ✗ Паук B8            @ (0,7,1) [уничтожен]
  Team C: живых 1/8
    ✓ Тишина C5          @ (2,4,4) hp=2/2
    ✗ Артиллерия C1      @ (3,4,4) [уничтожен]
    ✗ Радиовышка C2      @ (2,5,4) [уничтожен]
    ✗ Прыгун C3          @ (1,4,6) [уничтожен]
    ✗ Факел C4           @ (2,4,7) [уничтожен]
    ✗ Бурав C6           @ (3,4,3) [уничтожен]
    ✗ Провокатор C7      @ (3,4,6) [уничтожен]
    ✗ Паук C8            @ (3,4,1) [уничтожен]

======================================================================
ХОД 9
======================================================================
✓ 🎮 GM: начинаем ход
GM: start_turn

--- Радиовышки: сканирование слоя Z ---
  Радиовышка A2 (z=5): видит 1 врагов  → Радиовышка B2(3,4,5)
  Радиовышка B2 (z=5): видит 3 врагов  → Радиовышка A2(4,4,5), Прыгун A3(6,4,5), Провокатор A7(7,4,5)

--- Решения ботов ---
  [Team A] Артиллерия A1 (9,6,3) → SHOOT at (0,3,1)
  [Team A] Радиовышка A2 (4,4,5) → MOVE (3,4,5)
  [Team A] Прыгун A3 (6,4,5) → SHOOT at (3,4,5)
  [Team A] Бурав A6 (7,2,3) → MOVE (6,3,4)
  [Team A] Провокатор A7 (7,4,5) → SHOOT at (3,4,5)
  [Team A] Паук A8 (6,4,4) → MINE (5,4,4)
  [Team A] Факел A4 → SKIP
  [Team A] Тишина A5 → SKIP
  [Team B] Радиовышка B2 (3,4,5) → MOVE (4,4,5)
  [Team B] Факел B4 (0,3,1) → MOVE (0,2,1)
  [Team B] Бурав B6 (0,0,1) → MOVE (1,1,2)
  [Team B] Тишина B5 → SKIP
  [Team C] Тишина C5 (2,4,4) → MOVE (3,4,5)
! 🎮 GM: принудительно завершает фазу планирования
GM: end_planning
# 
============================================================
# 🔄 ОБРАБОТКА ХОДА 9
# ============================================================
!    ⚠️ Паук A8: в клетке уже стоит мина

📦 ПЕРЕМЕЩЕНИЯ:
!    ⚠️ Радиовышка A2: клетка (3,4,5) занята
!    ⚠️ Бурав A6: Бурав двигается только по 1 оси или по 2 осям строго диагонально
!    ⚠️ Радиовышка B2: клетка (4,4,5) занята
   Факел B4: (0, 3, 1) → (0,2,1)
!    ⚠️ Бурав B6: Бурав двигается только по 1 оси или по 2 осям строго диагонально
!    ⚠️ Тишина C5: клетка (3,4,5) занята

🎯 ВЫСТРЕЛЫ:
!    🛡️ Выстрел Прыгун A3 заблокирован союзником Радиовышка A2 в (4, 4, 5)
!    🛡️ Выстрел Провокатор A7 заблокирован союзником Прыгун A3 в (6, 4, 5)
   Выпущено ракет: 3
# 
📊 РЕЗУЛЬТАТЫ ХОДА 9:
🎯 Попаданий нет

--- Результаты хода ---
  Попаданий нет

--- Состояние команд после хода ---
  Team A: живых 8/8
    ✓ Артиллерия A1      @ (9,6,3) hp=1/1
    ✓ Радиовышка A2      @ (4,4,5) hp=3/3
    ✓ Прыгун A3          @ (6,4,5) hp=2/2
    ✓ Факел A4           @ (9,5,3) hp=6/6
    ✓ Тишина A5          @ (5,4,5) hp=2/2
    ✓ Бурав A6           @ (7,2,3) hp=4/4
    ✓ Провокатор A7      @ (7,4,5) hp=2/2
    ✓ Паук A8            @ (6,4,4) hp=1/1
  Team B: живых 4/8
    ✓ Радиовышка B2      @ (3,4,5) hp=3/3
    ✓ Факел B4           @ (0,2,1) hp=6/6
    ✓ Тишина B5          @ (4,4,4) hp=2/2
    ✓ Бурав B6           @ (0,0,1) hp=4/4
    ✗ Артиллерия B1      @ (0,8,1) [уничтожен]
    ✗ Прыгун B3          @ (2,4,7) [уничтожен]
    ✗ Провокатор B7      @ (0,6,1) [уничтожен]
    ✗ Паук B8            @ (0,7,1) [уничтожен]
  Team C: живых 1/8
    ✓ Тишина C5          @ (2,4,4) hp=2/2
    ✗ Артиллерия C1      @ (3,4,4) [уничтожен]
    ✗ Радиовышка C2      @ (2,5,4) [уничтожен]
    ✗ Прыгун C3          @ (1,4,6) [уничтожен]
    ✗ Факел C4           @ (2,4,7) [уничтожен]
    ✗ Бурав C6           @ (3,4,3) [уничтожен]
    ✗ Провокатор C7      @ (3,4,6) [уничтожен]
    ✗ Паук C8            @ (3,4,1) [уничтожен]

======================================================================
ХОД 10
======================================================================
✓ 🎮 GM: начинаем ход
GM: start_turn

--- Радиовышки: сканирование слоя Z ---
  Радиовышка A2 (z=5): видит 1 врагов  → Радиовышка B2(3,4,5)
  Радиовышка B2 (z=5): видит 3 врагов  → Радиовышка A2(4,4,5), Прыгун A3(6,4,5), Провокатор A7(7,4,5)

--- Решения ботов ---
  [Team A] Артиллерия A1 (9,6,3) → SHOOT at (0,2,1)
  [Team A] Радиовышка A2 (4,4,5) → MOVE (3,4,5)
  [Team A] Прыгун A3 (6,4,5) → SHOOT at (3,4,5)
  [Team A] Бурав A6 (7,2,3) → MOVE (6,3,4)
  [Team A] Провокатор A7 (7,4,5) → SHOOT at (3,4,5)
  [Team A] Паук A8 (6,4,4) → MINE (5,4,4)
  [Team A] Факел A4 → SKIP
  [Team A] Тишина A5 → SKIP
  [Team B] Радиовышка B2 (3,4,5) → MOVE (4,4,5)
  [Team B] Факел B4 (0,2,1) → MOVE (0,1,1)
  [Team B] Бурав B6 (0,0,1) → MOVE (1,1,2)
  [Team B] Тишина B5 → SKIP
  [Team C] Тишина C5 (2,4,4) → MOVE (3,4,5)
! 🎮 GM: принудительно завершает фазу планирования
GM: end_planning
# 
============================================================
# 🔄 ОБРАБОТКА ХОДА 10
# ============================================================
!    ⚠️ Паук A8: в клетке уже стоит мина

📦 ПЕРЕМЕЩЕНИЯ:
!    ⚠️ Радиовышка A2: клетка (3,4,5) занята
!    ⚠️ Бурав A6: Бурав двигается только по 1 оси или по 2 осям строго диагонально
!    ⚠️ Радиовышка B2: клетка (4,4,5) занята
   Факел B4: (0, 2, 1) → (0,1,1)
!    ⚠️ Бурав B6: Бурав двигается только по 1 оси или по 2 осям строго диагонально
!    ⚠️ Тишина C5: клетка (3,4,5) занята

🎯 ВЫСТРЕЛЫ:
!    🛡️ Выстрел Прыгун A3 заблокирован союзником Радиовышка A2 в (4, 4, 5)
!    🛡️ Выстрел Провокатор A7 заблокирован союзником Прыгун A3 в (6, 4, 5)
   Выпущено ракет: 3
# 
📊 РЕЗУЛЬТАТЫ ХОДА 10:
🎯 Попаданий нет

--- Результаты хода ---
  Попаданий нет

--- Состояние команд после хода ---
  Team A: живых 8/8
    ✓ Артиллерия A1      @ (9,6,3) hp=1/1
    ✓ Радиовышка A2      @ (4,4,5) hp=3/3
    ✓ Прыгун A3          @ (6,4,5) hp=2/2
    ✓ Факел A4           @ (9,5,3) hp=6/6
    ✓ Тишина A5          @ (5,4,5) hp=2/2
    ✓ Бурав A6           @ (7,2,3) hp=4/4
    ✓ Провокатор A7      @ (7,4,5) hp=2/2
    ✓ Паук A8            @ (6,4,4) hp=1/1
  Team B: живых 4/8
    ✓ Радиовышка B2      @ (3,4,5) hp=3/3
    ✓ Факел B4           @ (0,1,1) hp=6/6
    ✓ Тишина B5          @ (4,4,4) hp=2/2
    ✓ Бурав B6           @ (0,0,1) hp=4/4
    ✗ Артиллерия B1      @ (0,8,1) [уничтожен]
    ✗ Прыгун B3          @ (2,4,7) [уничтожен]
    ✗ Провокатор B7      @ (0,6,1) [уничтожен]
    ✗ Паук B8            @ (0,7,1) [уничтожен]
  Team C: живых 1/8
    ✓ Тишина C5          @ (2,4,4) hp=2/2
    ✗ Артиллерия C1      @ (3,4,4) [уничтожен]
    ✗ Радиовышка C2      @ (2,5,4) [уничтожен]
    ✗ Прыгун C3          @ (1,4,6) [уничтожен]
    ✗ Факел C4           @ (2,4,7) [уничтожен]
    ✗ Бурав C6           @ (3,4,3) [уничтожен]
    ✗ Провокатор C7      @ (3,4,6) [уничтожен]
    ✗ Паук C8            @ (3,4,1) [уничтожен]

======================================================================
ХОД 11
======================================================================
✓ 🎮 GM: начинаем ход
GM: start_turn

--- Радиовышки: сканирование слоя Z ---
  Радиовышка A2 (z=5): видит 1 врагов  → Радиовышка B2(3,4,5)
  Радиовышка B2 (z=5): видит 3 врагов  → Радиовышка A2(4,4,5), Прыгун A3(6,4,5), Провокатор A7(7,4,5)

--- Решения ботов ---
  [Team A] Артиллерия A1 (9,6,3) → SHOOT at (0,1,1)
  [Team A] Радиовышка A2 (4,4,5) → MOVE (3,4,5)
  [Team A] Прыгун A3 (6,4,5) → SHOOT at (3,4,5)
  [Team A] Бурав A6 (7,2,3) → MOVE (6,3,4)
  [Team A] Провокатор A7 (7,4,5) → SHOOT at (3,4,5)
  [Team A] Паук A8 (6,4,4) → MINE (5,4,4)
  [Team A] Факел A4 → SKIP
  [Team A] Тишина A5 → SKIP
  [Team B] Радиовышка B2 (3,4,5) → MOVE (4,4,5)
  [Team B] Бурав B6 (0,0,1) → MOVE (1,1,2)
  [Team B] Тишина B5 → SKIP
  [Team B] Факел B4 → SKIP
  [Team C] Тишина C5 (2,4,4) → MOVE (3,4,5)
! 🎮 GM: принудительно завершает фазу планирования
GM: end_planning
# 
============================================================
# 🔄 ОБРАБОТКА ХОДА 11
# ============================================================
!    ⚠️ Паук A8: в клетке уже стоит мина

📦 ПЕРЕМЕЩЕНИЯ:
!    ⚠️ Радиовышка A2: клетка (3,4,5) занята
!    ⚠️ Бурав A6: Бурав двигается только по 1 оси или по 2 осям строго диагонально
!    ⚠️ Радиовышка B2: клетка (4,4,5) занята
!    ⚠️ Бурав B6: Бурав двигается только по 1 оси или по 2 осям строго диагонально
!    ⚠️ Тишина C5: клетка (3,4,5) занята

🎯 ВЫСТРЕЛЫ:
!    🛡️ Выстрел Прыгун A3 заблокирован союзником Радиовышка A2 в (4, 4, 5)
!    🛡️ Выстрел Провокатор A7 заблокирован союзником Прыгун A3 в (6, 4, 5)
✓    ✅ Артиллерия A1 поразил Факел B4 (2 урона)!
   Выпущено ракет: 3
# 
📊 РЕЗУЛЬТАТЫ ХОДА 11:
✓ 💥 ПОПАДАНИЯ:
✓    Артиллерия A1 (Team A) → Факел B4 (Team B)

--- Результаты хода ---
  Team A / Артиллерия A1      → Team B / Факел B4           @ (0,1,1)  (ранен)

--- Состояние команд после хода ---
  Team A: живых 8/8
    ✓ Артиллерия A1      @ (9,6,3) hp=1/1
    ✓ Радиовышка A2      @ (4,4,5) hp=3/3
    ✓ Прыгун A3          @ (6,4,5) hp=2/2
    ✓ Факел A4           @ (9,5,3) hp=6/6
    ✓ Тишина A5          @ (5,4,5) hp=2/2
    ✓ Бурав A6           @ (7,2,3) hp=4/4
    ✓ Провокатор A7      @ (7,4,5) hp=2/2
    ✓ Паук A8            @ (6,4,4) hp=1/1
  Team B: живых 4/8
    ✓ Радиовышка B2      @ (3,4,5) hp=3/3
    ✓ Факел B4           @ (0,1,1) hp=4/6
    ✓ Тишина B5          @ (4,4,4) hp=2/2
    ✓ Бурав B6           @ (0,0,1) hp=4/4
    ✗ Артиллерия B1      @ (0,8,1) [уничтожен]
    ✗ Прыгун B3          @ (2,4,7) [уничтожен]
    ✗ Провокатор B7      @ (0,6,1) [уничтожен]
    ✗ Паук B8            @ (0,7,1) [уничтожен]
  Team C: живых 1/8
    ✓ Тишина C5          @ (2,4,4) hp=2/2
    ✗ Артиллерия C1      @ (3,4,4) [уничтожен]
    ✗ Радиовышка C2      @ (2,5,4) [уничтожен]
    ✗ Прыгун C3          @ (1,4,6) [уничтожен]
    ✗ Факел C4           @ (2,4,7) [уничтожен]
    ✗ Бурав C6           @ (3,4,3) [уничтожен]
    ✗ Провокатор C7      @ (3,4,6) [уничтожен]
    ✗ Паук C8            @ (3,4,1) [уничтожен]

======================================================================
ХОД 12
======================================================================
✓ 🎮 GM: начинаем ход
GM: start_turn

--- Радиовышки: сканирование слоя Z ---
  Радиовышка A2 (z=5): видит 1 врагов  → Радиовышка B2(3,4,5)
  Радиовышка B2 (z=5): видит 3 врагов  → Радиовышка A2(4,4,5), Прыгун A3(6,4,5), Провокатор A7(7,4,5)

--- Решения ботов ---
  [Team A] Артиллерия A1 (9,6,3) → SHOOT at (0,1,1)
  [Team A] Радиовышка A2 (4,4,5) → MOVE (3,4,5)
  [Team A] Прыгун A3 (6,4,5) → SHOOT at (3,4,5)
  [Team A] Бурав A6 (7,2,3) → MOVE (6,3,4)
  [Team A] Провокатор A7 (7,4,5) → SHOOT at (3,4,5)
  [Team A] Паук A8 (6,4,4) → MINE (5,4,4)
  [Team A] Факел A4 → SKIP
  [Team A] Тишина A5 → SKIP
  [Team B] Радиовышка B2 (3,4,5) → MOVE (4,4,5)
  [Team B] Факел B4 (0,1,1) → HEAL (AoE)
  [Team B] Бурав B6 (0,0,1) → MOVE (1,1,2)
  [Team B] Тишина B5 → SKIP
  [Team C] Тишина C5 (2,4,4) → MOVE (3,4,5)
! 🎮 GM: принудительно завершает фазу планирования
GM: end_planning
# 
============================================================
# 🔄 ОБРАБОТКА ХОДА 12
# ============================================================
!    ⚠️ Паук A8: в клетке уже стоит мина

📦 ПЕРЕМЕЩЕНИЯ:
!    ⚠️ Радиовышка A2: клетка (3,4,5) занята
!    ⚠️ Бурав A6: Бурав двигается только по 1 оси или по 2 осям строго диагонально
!    ⚠️ Радиовышка B2: клетка (4,4,5) занята
!    ⚠️ Бурав B6: Бурав двигается только по 1 оси или по 2 осям строго диагонально
!    ⚠️ Тишина C5: клетка (3,4,5) занята

🎯 ВЫСТРЕЛЫ:
!    🛡️ Выстрел Прыгун A3 заблокирован союзником Радиовышка A2 в (4, 4, 5)
!    🛡️ Выстрел Провокатор A7 заблокирован союзником Прыгун A3 в (6, 4, 5)
✓    ✅ Артиллерия A1 поразил Факел B4 (2 урона)!
✓    💚 Факел B4 лечит Факел B4 → hits=3/6
   Выпущено ракет: 3
# 
📊 РЕЗУЛЬТАТЫ ХОДА 12:
✓ 💥 ПОПАДАНИЯ:
✓    Артиллерия A1 (Team A) → Факел B4 (Team B)

--- Результаты хода ---
  Team A / Артиллерия A1      → Team B / Факел B4           @ (0,1,1)  (ранен)

--- Состояние команд после хода ---
  Team A: живых 8/8
    ✓ Артиллерия A1      @ (9,6,3) hp=1/1
    ✓ Радиовышка A2      @ (4,4,5) hp=3/3
    ✓ Прыгун A3          @ (6,4,5) hp=2/2
    ✓ Факел A4           @ (9,5,3) hp=6/6
    ✓ Тишина A5          @ (5,4,5) hp=2/2
    ✓ Бурав A6           @ (7,2,3) hp=4/4
    ✓ Провокатор A7      @ (7,4,5) hp=2/2
    ✓ Паук A8            @ (6,4,4) hp=1/1
  Team B: живых 4/8
    ✓ Радиовышка B2      @ (3,4,5) hp=3/3
    ✓ Факел B4           @ (0,1,1) hp=3/6
    ✓ Тишина B5          @ (4,4,4) hp=2/2
    ✓ Бурав B6           @ (0,0,1) hp=4/4
    ✗ Артиллерия B1      @ (0,8,1) [уничтожен]
    ✗ Прыгун B3          @ (2,4,7) [уничтожен]
    ✗ Провокатор B7      @ (0,6,1) [уничтожен]
    ✗ Паук B8            @ (0,7,1) [уничтожен]
  Team C: живых 1/8
    ✓ Тишина C5          @ (2,4,4) hp=2/2
    ✗ Артиллерия C1      @ (3,4,4) [уничтожен]
    ✗ Радиовышка C2      @ (2,5,4) [уничтожен]
    ✗ Прыгун C3          @ (1,4,6) [уничтожен]
    ✗ Факел C4           @ (2,4,7) [уничтожен]
    ✗ Бурав C6           @ (3,4,3) [уничтожен]
    ✗ Провокатор C7      @ (3,4,6) [уничтожен]
    ✗ Паук C8            @ (3,4,1) [уничтожен]

======================================================================
ХОД 13
======================================================================
✓ 🎮 GM: начинаем ход
GM: start_turn

--- Радиовышки: сканирование слоя Z ---
  Радиовышка A2 (z=5): видит 1 врагов  → Радиовышка B2(3,4,5)
  Радиовышка B2 (z=5): видит 3 врагов  → Радиовышка A2(4,4,5), Прыгун A3(6,4,5), Провокатор A7(7,4,5)

--- Решения ботов ---
  [Team A] Артиллерия A1 (9,6,3) → SHOOT at (0,1,1)
  [Team A] Радиовышка A2 (4,4,5) → MOVE (3,4,5)
  [Team A] Прыгун A3 (6,4,5) → SHOOT at (3,4,5)
  [Team A] Бурав A6 (7,2,3) → MOVE (6,3,4)
  [Team A] Провокатор A7 (7,4,5) → SHOOT at (3,4,5)
  [Team A] Паук A8 (6,4,4) → MINE (5,4,4)
  [Team A] Факел A4 → SKIP
  [Team A] Тишина A5 → SKIP
  [Team B] Радиовышка B2 (3,4,5) → MOVE (4,4,5)
  [Team B] Факел B4 (0,1,1) → HEAL (AoE)
  [Team B] Бурав B6 (0,0,1) → MOVE (1,1,2)
  [Team B] Тишина B5 → SKIP
  [Team C] Тишина C5 (2,4,4) → MOVE (3,4,5)
! 🎮 GM: принудительно завершает фазу планирования
GM: end_planning
# 
============================================================
# 🔄 ОБРАБОТКА ХОДА 13
# ============================================================
!    ⚠️ Паук A8: в клетке уже стоит мина

📦 ПЕРЕМЕЩЕНИЯ:
!    ⚠️ Радиовышка A2: клетка (3,4,5) занята
!    ⚠️ Бурав A6: Бурав двигается только по 1 оси или по 2 осям строго диагонально
!    ⚠️ Радиовышка B2: клетка (4,4,5) занята
!    ⚠️ Бурав B6: Бурав двигается только по 1 оси или по 2 осям строго диагонально
!    ⚠️ Тишина C5: клетка (3,4,5) занята

🎯 ВЫСТРЕЛЫ:
!    🛡️ Выстрел Прыгун A3 заблокирован союзником Радиовышка A2 в (4, 4, 5)
!    🛡️ Выстрел Провокатор A7 заблокирован союзником Прыгун A3 в (6, 4, 5)
✓    ✅ Артиллерия A1 поразил Факел B4 (2 урона)!
✓    💚 Факел B4 лечит Факел B4 → hits=4/6
   Выпущено ракет: 3
# 
📊 РЕЗУЛЬТАТЫ ХОДА 13:
✓ 💥 ПОПАДАНИЯ:
✓    Артиллерия A1 (Team A) → Факел B4 (Team B)

--- Результаты хода ---
  Team A / Артиллерия A1      → Team B / Факел B4           @ (0,1,1)  (ранен)

--- Состояние команд после хода ---
  Team A: живых 8/8
    ✓ Артиллерия A1      @ (9,6,3) hp=1/1
    ✓ Радиовышка A2      @ (4,4,5) hp=3/3
    ✓ Прыгун A3          @ (6,4,5) hp=2/2
    ✓ Факел A4           @ (9,5,3) hp=6/6
    ✓ Тишина A5          @ (5,4,5) hp=2/2
    ✓ Бурав A6           @ (7,2,3) hp=4/4
    ✓ Провокатор A7      @ (7,4,5) hp=2/2
    ✓ Паук A8            @ (6,4,4) hp=1/1
  Team B: живых 4/8
    ✓ Радиовышка B2      @ (3,4,5) hp=3/3
    ✓ Факел B4           @ (0,1,1) hp=2/6
    ✓ Тишина B5          @ (4,4,4) hp=2/2
    ✓ Бурав B6           @ (0,0,1) hp=4/4
    ✗ Артиллерия B1      @ (0,8,1) [уничтожен]
    ✗ Прыгун B3          @ (2,4,7) [уничтожен]
    ✗ Провокатор B7      @ (0,6,1) [уничтожен]
    ✗ Паук B8            @ (0,7,1) [уничтожен]
  Team C: живых 1/8
    ✓ Тишина C5          @ (2,4,4) hp=2/2
    ✗ Артиллерия C1      @ (3,4,4) [уничтожен]
    ✗ Радиовышка C2      @ (2,5,4) [уничтожен]
    ✗ Прыгун C3          @ (1,4,6) [уничтожен]
    ✗ Факел C4           @ (2,4,7) [уничтожен]
    ✗ Бурав C6           @ (3,4,3) [уничтожен]
    ✗ Провокатор C7      @ (3,4,6) [уничтожен]
    ✗ Паук C8            @ (3,4,1) [уничтожен]

======================================================================
ХОД 14
======================================================================
✓ 🎮 GM: начинаем ход
GM: start_turn

--- Радиовышки: сканирование слоя Z ---
  Радиовышка A2 (z=5): видит 1 врагов  → Радиовышка B2(3,4,5)
  Радиовышка B2 (z=5): видит 3 врагов  → Радиовышка A2(4,4,5), Прыгун A3(6,4,5), Провокатор A7(7,4,5)

--- Решения ботов ---
  [Team A] Артиллерия A1 (9,6,3) → SHOOT at (0,1,1)
  [Team A] Радиовышка A2 (4,4,5) → MOVE (3,4,5)
  [Team A] Прыгун A3 (6,4,5) → SHOOT at (3,4,5)
  [Team A] Бурав A6 (7,2,3) → MOVE (6,3,4)
  [Team A] Провокатор A7 (7,4,5) → SHOOT at (3,4,5)
  [Team A] Паук A8 (6,4,4) → MINE (5,4,4)
  [Team A] Факел A4 → SKIP
  [Team A] Тишина A5 → SKIP
  [Team B] Радиовышка B2 (3,4,5) → MOVE (4,4,5)
  [Team B] Факел B4 (0,1,1) → HEAL (AoE)
  [Team B] Бурав B6 (0,0,1) → MOVE (1,1,2)
  [Team B] Тишина B5 → SKIP
  [Team C] Тишина C5 (2,4,4) → MOVE (3,4,5)
! 🎮 GM: принудительно завершает фазу планирования
GM: end_planning
# 
============================================================
# 🔄 ОБРАБОТКА ХОДА 14
# ============================================================
!    ⚠️ Паук A8: в клетке уже стоит мина

📦 ПЕРЕМЕЩЕНИЯ:
!    ⚠️ Радиовышка A2: клетка (3,4,5) занята
!    ⚠️ Бурав A6: Бурав двигается только по 1 оси или по 2 осям строго диагонально
!    ⚠️ Радиовышка B2: клетка (4,4,5) занята
!    ⚠️ Бурав B6: Бурав двигается только по 1 оси или по 2 осям строго диагонально
!    ⚠️ Тишина C5: клетка (3,4,5) занята

🎯 ВЫСТРЕЛЫ:
!    🛡️ Выстрел Прыгун A3 заблокирован союзником Радиовышка A2 в (4, 4, 5)
!    🛡️ Выстрел Провокатор A7 заблокирован союзником Прыгун A3 в (6, 4, 5)
✓    ✅ Артиллерия A1 поразил Факел B4 (2 урона)!
   Выпущено ракет: 3
# 
📊 РЕЗУЛЬТАТЫ ХОДА 14:
✓ 💥 ПОПАДАНИЯ:
✓    Артиллерия A1 (Team A) → Факел B4 (Team B)

--- Результаты хода ---
  Team A / Артиллерия A1      → Team B / Факел B4           @ (0,1,1)  (УБИТ)

--- Состояние команд после хода ---
  Team A: живых 8/8
    ✓ Артиллерия A1      @ (9,6,3) hp=1/1
    ✓ Радиовышка A2      @ (4,4,5) hp=3/3
    ✓ Прыгун A3          @ (6,4,5) hp=2/2
    ✓ Факел A4           @ (9,5,3) hp=6/6
    ✓ Тишина A5          @ (5,4,5) hp=2/2
    ✓ Бурав A6           @ (7,2,3) hp=4/4
    ✓ Провокатор A7      @ (7,4,5) hp=2/2
    ✓ Паук A8            @ (6,4,4) hp=1/1
  Team B: живых 3/8
    ✓ Радиовышка B2      @ (3,4,5) hp=3/3
    ✓ Тишина B5          @ (4,4,4) hp=2/2
    ✓ Бурав B6           @ (0,0,1) hp=4/4
    ✗ Артиллерия B1      @ (0,8,1) [уничтожен]
    ✗ Прыгун B3          @ (2,4,7) [уничтожен]
    ✗ Факел B4           @ (0,1,1) [уничтожен]
    ✗ Провокатор B7      @ (0,6,1) [уничтожен]
    ✗ Паук B8            @ (0,7,1) [уничтожен]
  Team C: живых 1/8
    ✓ Тишина C5          @ (2,4,4) hp=2/2
    ✗ Артиллерия C1      @ (3,4,4) [уничтожен]
    ✗ Радиовышка C2      @ (2,5,4) [уничтожен]
    ✗ Прыгун C3          @ (1,4,6) [уничтожен]
    ✗ Факел C4           @ (2,4,7) [уничтожен]
    ✗ Бурав C6           @ (3,4,3) [уничтожен]
    ✗ Провокатор C7      @ (3,4,6) [уничтожен]
    ✗ Паук C8            @ (3,4,1) [уничтожен]

======================================================================
ХОД 15
======================================================================
✓ 🎮 GM: начинаем ход
GM: start_turn

--- Радиовышки: сканирование слоя Z ---
  Радиовышка A2 (z=5): видит 1 врагов  → Радиовышка B2(3,4,5)
  Радиовышка B2 (z=5): видит 3 врагов  → Радиовышка A2(4,4,5), Прыгун A3(6,4,5), Провокатор A7(7,4,5)

--- Решения ботов ---
  [Team A] Артиллерия A1 (9,6,3) → SHOOT at (3,4,5)
  [Team A] Радиовышка A2 (4,4,5) → MOVE (3,4,5)
  [Team A] Прыгун A3 (6,4,5) → SHOOT at (3,4,5)
  [Team A] Тишина A5 (5,4,5) → PHASE toggle
  [Team A] Бурав A6 (7,2,3) → MOVE (6,3,4)
  [Team A] Провокатор A7 (7,4,5) → SHOOT at (3,4,5)
  [Team A] Паук A8 (6,4,4) → MINE (5,4,4)
  [Team A] Факел A4 → SKIP
  [Team B] Радиовышка B2 (3,4,5) → MOVE (4,4,5)
  [Team B] Бурав B6 (0,0,1) → MOVE (1,1,2)
  [Team B] Тишина B5 → SKIP
  [Team C] Тишина C5 (2,4,4) → MOVE (3,4,5)
! 🎮 GM: принудительно завершает фазу планирования
GM: end_planning
# 
============================================================
# 🔄 ОБРАБОТКА ХОДА 15
# ============================================================
   🌀 Тишина A5: фаза ВЫКЛ
!    ⚠️ Паук A8: в клетке уже стоит мина

📦 ПЕРЕМЕЩЕНИЯ:
!    ⚠️ Радиовышка A2: клетка (3,4,5) занята
!    ⚠️ Бурав A6: Бурав двигается только по 1 оси или по 2 осям строго диагонально
!    ⚠️ Радиовышка B2: клетка (4,4,5) занята
!    ⚠️ Бурав B6: Бурав двигается только по 1 оси или по 2 осям строго диагонально
!    ⚠️ Тишина C5: клетка (3,4,5) занята

🎯 ВЫСТРЕЛЫ:
!    🛡️ Выстрел Прыгун A3 заблокирован союзником Тишина A5 в (5, 4, 5)
!    🛡️ Выстрел Провокатор A7 заблокирован союзником Прыгун A3 в (6, 4, 5)
✓    ✅ Артиллерия A1 поразил Радиовышка B2 (2 урона)!
   Выпущено ракет: 3
# 
📊 РЕЗУЛЬТАТЫ ХОДА 15:
✓ 💥 ПОПАДАНИЯ:
✓    Артиллерия A1 (Team A) → Радиовышка B2 (Team B)

--- Результаты хода ---
  Team A / Артиллерия A1      → Team B / Радиовышка B2      @ (3,4,5)  (ранен)

--- Состояние команд после хода ---
  Team A: живых 8/8
    ✓ Артиллерия A1      @ (9,6,3) hp=1/1
    ✓ Радиовышка A2      @ (4,4,5) hp=3/3
    ✓ Прыгун A3          @ (6,4,5) hp=2/2
    ✓ Факел A4           @ (9,5,3) hp=6/6
    ✓ Тишина A5          @ (5,4,5) hp=2/2
    ✓ Бурав A6           @ (7,2,3) hp=4/4
    ✓ Провокатор A7      @ (7,4,5) hp=2/2
    ✓ Паук A8            @ (6,4,4) hp=1/1
  Team B: живых 3/8
    ✓ Радиовышка B2      @ (3,4,5) hp=1/3
    ✓ Тишина B5          @ (4,4,4) hp=2/2
    ✓ Бурав B6           @ (0,0,1) hp=4/4
    ✗ Артиллерия B1      @ (0,8,1) [уничтожен]
    ✗ Прыгун B3          @ (2,4,7) [уничтожен]
    ✗ Факел B4           @ (0,1,1) [уничтожен]
    ✗ Провокатор B7      @ (0,6,1) [уничтожен]
    ✗ Паук B8            @ (0,7,1) [уничтожен]
  Team C: живых 1/8
    ✓ Тишина C5          @ (2,4,4) hp=2/2
    ✗ Артиллерия C1      @ (3,4,4) [уничтожен]
    ✗ Радиовышка C2      @ (2,5,4) [уничтожен]
    ✗ Прыгун C3          @ (1,4,6) [уничтожен]
    ✗ Факел C4           @ (2,4,7) [уничтожен]
    ✗ Бурав C6           @ (3,4,3) [уничтожен]
    ✗ Провокатор C7      @ (3,4,6) [уничтожен]
    ✗ Паук C8            @ (3,4,1) [уничтожен]

======================================================================
ХОД 16
======================================================================
✓ 🎮 GM: начинаем ход
GM: start_turn

--- Радиовышки: сканирование слоя Z ---
  Радиовышка A2 (z=5): видит 1 врагов  → Радиовышка B2(3,4,5)
  Радиовышка B2 (z=5): видит 4 врагов  → Радиовышка A2(4,4,5), Тишина A5(5,4,5), Прыгун A3(6,4,5), Провокатор A7(7,4,5)

--- Решения ботов ---
  [Team A] Артиллерия A1 (9,6,3) → SHOOT at (3,4,5)
  [Team A] Радиовышка A2 (4,4,5) → MOVE (3,4,5)
  [Team A] Прыгун A3 (6,4,5) → SHOOT at (3,4,5)
  [Team A] Бурав A6 (7,2,3) → MOVE (6,3,4)
  [Team A] Провокатор A7 (7,4,5) → SHOOT at (3,4,5)
  [Team A] Паук A8 (6,4,4) → MINE (5,4,4)
  [Team A] Факел A4 → SKIP
  [Team A] Тишина A5 → SKIP
  [Team B] Радиовышка B2 (3,4,5) → MOVE (4,4,5)
  [Team B] Бурав B6 (0,0,1) → MOVE (1,1,2)
  [Team B] Тишина B5 → SKIP
  [Team C] Тишина C5 (2,4,4) → MOVE (3,4,5)
! 🎮 GM: принудительно завершает фазу планирования
GM: end_planning
# 
============================================================
# 🔄 ОБРАБОТКА ХОДА 16
# ============================================================
!    ⚠️ Паук A8: в клетке уже стоит мина

📦 ПЕРЕМЕЩЕНИЯ:
!    ⚠️ Радиовышка A2: клетка (3,4,5) занята
!    ⚠️ Бурав A6: Бурав двигается только по 1 оси или по 2 осям строго диагонально
!    ⚠️ Радиовышка B2: клетка (4,4,5) занята
!    ⚠️ Бурав B6: Бурав двигается только по 1 оси или по 2 осям строго диагонально
!    ⚠️ Тишина C5: клетка (3,4,5) занята

🎯 ВЫСТРЕЛЫ:
!    🛡️ Выстрел Прыгун A3 заблокирован союзником Тишина A5 в (5, 4, 5)
!    🛡️ Выстрел Провокатор A7 заблокирован союзником Прыгун A3 в (6, 4, 5)
✓    ✅ Артиллерия A1 поразил Радиовышка B2 (2 урона)!
   Выпущено ракет: 3
# 
📊 РЕЗУЛЬТАТЫ ХОДА 16:
✓ 💥 ПОПАДАНИЯ:
✓    Артиллерия A1 (Team A) → Радиовышка B2 (Team B)

--- Результаты хода ---
  Team A / Артиллерия A1      → Team B / Радиовышка B2      @ (3,4,5)  (УБИТ)

--- Состояние команд после хода ---
  Team A: живых 8/8
    ✓ Артиллерия A1      @ (9,6,3) hp=1/1
    ✓ Радиовышка A2      @ (4,4,5) hp=3/3
    ✓ Прыгун A3          @ (6,4,5) hp=2/2
    ✓ Факел A4           @ (9,5,3) hp=6/6
    ✓ Тишина A5          @ (5,4,5) hp=2/2
    ✓ Бурав A6           @ (7,2,3) hp=4/4
    ✓ Провокатор A7      @ (7,4,5) hp=2/2
    ✓ Паук A8            @ (6,4,4) hp=1/1
  Team B: живых 2/8
    ✓ Тишина B5          @ (4,4,4) hp=2/2
    ✓ Бурав B6           @ (0,0,1) hp=4/4
    ✗ Артиллерия B1      @ (0,8,1) [уничтожен]
    ✗ Радиовышка B2      @ (3,4,5) [уничтожен]
    ✗ Прыгун B3          @ (2,4,7) [уничтожен]
    ✗ Факел B4           @ (0,1,1) [уничтожен]
    ✗ Провокатор B7      @ (0,6,1) [уничтожен]
    ✗ Паук B8            @ (0,7,1) [уничтожен]
  Team C: живых 1/8
    ✓ Тишина C5          @ (2,4,4) hp=2/2
    ✗ Артиллерия C1      @ (3,4,4) [уничтожен]
    ✗ Радиовышка C2      @ (2,5,4) [уничтожен]
    ✗ Прыгун C3          @ (1,4,6) [уничтожен]
    ✗ Факел C4           @ (2,4,7) [уничтожен]
    ✗ Бурав C6           @ (3,4,3) [уничтожен]
    ✗ Провокатор C7      @ (3,4,6) [уничтожен]
    ✗ Паук C8            @ (3,4,1) [уничтожен]

======================================================================
ХОД 17
======================================================================
✓ 🎮 GM: начинаем ход
GM: start_turn

--- Радиовышки: сканирование слоя Z ---
  Радиовышка A2 (z=5): слой чист

--- Решения ботов ---
  [Team A] Артиллерия A1 (9,6,3) → SHOOT at (0,0,1)
  [Team A] Радиовышка A2 (4,4,5) → MOVE (3,3,4)
  [Team A] Прыгун A3 (6,4,5) → MOVE (5,3,4)
  [Team A] Тишина A5 (5,4,5) → MOVE (4,3,4)
  [Team A] Бурав A6 (7,2,3) → MOVE (6,1,2)
  [Team A] Провокатор A7 (7,4,5) → MOVE (6,3,4)
  [Team A] Паук A8 (6,4,4) → MOVE (5,3,3)
  [Team A] Факел A4 → SKIP
  [Team B] Тишина B5 (4,4,4) → MOVE (4,4,5)
  [Team B] Бурав B6 (0,0,1) → MOVE (1,1,2)
  [Team C] Тишина C5 (2,4,4) → MOVE (3,4,5)
! 🎮 GM: принудительно завершает фазу планирования
GM: end_planning
# 
============================================================
# 🔄 ОБРАБОТКА ХОДА 17
# ============================================================

📦 ПЕРЕМЕЩЕНИЯ:
   Радиовышка A2: (4, 4, 5) → (3,3,4)
   Прыгун A3: (6, 4, 5) → (5,3,4)
   Тишина A5: (5, 4, 5) → (4,3,4)
!    ⚠️ Бурав A6: Бурав двигается только по 1 оси или по 2 осям строго диагонально
   Провокатор A7: (7, 4, 5) → (6,3,4)
   Паук A8: (6, 4, 4) → (5,3,3)
   Тишина B5: (4, 4, 4) → (4,4,5)
!    ⚠️ Бурав B6: Бурав двигается только по 1 оси или по 2 осям строго диагонально
   Тишина C5: (2, 4, 4) → (3,4,5)

🎯 ВЫСТРЕЛЫ:
✓    ✅ Артиллерия A1 поразил Бурав B6 (2 урона)!
   Выпущено ракет: 1
# 
📊 РЕЗУЛЬТАТЫ ХОДА 17:
✓ 💥 ПОПАДАНИЯ:
✓    Артиллерия A1 (Team A) → Бурав B6 (Team B)

--- Результаты хода ---
  Team A / Артиллерия A1      → Team B / Бурав B6           @ (0,0,1)  (ранен)

--- Состояние команд после хода ---
  Team A: живых 8/8
    ✓ Артиллерия A1      @ (9,6,3) hp=1/1
    ✓ Радиовышка A2      @ (3,3,4) hp=3/3
    ✓ Прыгун A3          @ (5,3,4) hp=2/2
    ✓ Факел A4           @ (9,5,3) hp=6/6
    ✓ Тишина A5          @ (4,3,4) hp=2/2
    ✓ Бурав A6           @ (7,2,3) hp=4/4
    ✓ Провокатор A7      @ (6,3,4) hp=2/2
    ✓ Паук A8            @ (5,3,3) hp=1/1
  Team B: живых 2/8
    ✓ Тишина B5          @ (4,4,5) hp=2/2
    ✓ Бурав B6           @ (0,0,1) hp=2/4
    ✗ Артиллерия B1      @ (0,8,1) [уничтожен]
    ✗ Радиовышка B2      @ (3,4,5) [уничтожен]
    ✗ Прыгун B3          @ (2,4,7) [уничтожен]
    ✗ Факел B4           @ (0,1,1) [уничтожен]
    ✗ Провокатор B7      @ (0,6,1) [уничтожен]
    ✗ Паук B8            @ (0,7,1) [уничтожен]
  Team C: живых 1/8
    ✓ Тишина C5          @ (3,4,5) hp=2/2
    ✗ Артиллерия C1      @ (3,4,4) [уничтожен]
    ✗ Радиовышка C2      @ (2,5,4) [уничтожен]
    ✗ Прыгун C3          @ (1,4,6) [уничтожен]
    ✗ Факел C4           @ (2,4,7) [уничтожен]
    ✗ Бурав C6           @ (3,4,3) [уничтожен]
    ✗ Провокатор C7      @ (3,4,6) [уничтожен]
    ✗ Паук C8            @ (3,4,1) [уничтожен]

======================================================================
ХОД 18
======================================================================
✓ 🎮 GM: начинаем ход
GM: start_turn

--- Радиовышки: сканирование слоя Z ---
  Радиовышка A2 (z=4): слой чист

--- Решения ботов ---
  [Team A] Артиллерия A1 (9,6,3) → SHOOT at (0,0,1)
  [Team A] Радиовышка A2 (3,3,4) → MOVE (2,2,3)
  [Team A] Прыгун A3 (5,3,4) → MOVE (4,2,3)
  [Team A] Тишина A5 (4,3,4) → MOVE (3,2,3)
  [Team A] Бурав A6 (7,2,3) → MOVE (6,1,2)
  [Team A] Провокатор A7 (6,3,4) → MOVE (5,2,3)
  [Team A] Паук A8 (5,3,3) → MOVE (4,2,2)
  [Team A] Факел A4 → SKIP
  [Team B] Тишина B5 (4,4,5) → MOVE (3,3,4)
  [Team B] Бурав B6 (0,0,1) → MOVE (1,1,2)
  [Team C] Тишина C5 (3,4,5) → MOVE (3,3,4)
! 🎮 GM: принудительно завершает фазу планирования
GM: end_planning
# 
============================================================
# 🔄 ОБРАБОТКА ХОДА 18
# ============================================================

📦 ПЕРЕМЕЩЕНИЯ:
   Радиовышка A2: (3, 3, 4) → (2,2,3)
   Прыгун A3: (5, 3, 4) → (4,2,3)
   Тишина A5: (4, 3, 4) → (3,2,3)
!    ⚠️ Бурав A6: Бурав двигается только по 1 оси или по 2 осям строго диагонально
   Провокатор A7: (6, 3, 4) → (5,2,3)
   Паук A8: (5, 3, 3) → (4,2,2)
   Тишина B5: (4, 4, 5) → (3,3,4)
!    ⚠️ Бурав B6: Бурав двигается только по 1 оси или по 2 осям строго диагонально
   Тишина C5: (3, 4, 5) → (3,3,4)

🎯 ВЫСТРЕЛЫ:
✓    ✅ Артиллерия A1 поразил Бурав B6 (2 урона)!
   Выпущено ракет: 1
# 
📊 РЕЗУЛЬТАТЫ ХОДА 18:
✓ 💥 ПОПАДАНИЯ:
✓    Артиллерия A1 (Team A) → Бурав B6 (Team B)

--- Результаты хода ---
  Team A / Артиллерия A1      → Team B / Бурав B6           @ (0,0,1)  (УБИТ)

--- Состояние команд после хода ---
  Team A: живых 8/8
    ✓ Артиллерия A1      @ (9,6,3) hp=1/1
    ✓ Радиовышка A2      @ (2,2,3) hp=3/3
    ✓ Прыгун A3          @ (4,2,3) hp=2/2
    ✓ Факел A4           @ (9,5,3) hp=6/6
    ✓ Тишина A5          @ (3,2,3) hp=2/2
    ✓ Бурав A6           @ (7,2,3) hp=4/4
    ✓ Провокатор A7      @ (5,2,3) hp=2/2
    ✓ Паук A8            @ (4,2,2) hp=1/1
  Team B: живых 1/8
    ✓ Тишина B5          @ (3,3,4) hp=2/2
    ✗ Артиллерия B1      @ (0,8,1) [уничтожен]
    ✗ Радиовышка B2      @ (3,4,5) [уничтожен]
    ✗ Прыгун B3          @ (2,4,7) [уничтожен]
    ✗ Факел B4           @ (0,1,1) [уничтожен]
    ✗ Бурав B6           @ (0,0,1) [уничтожен]
    ✗ Провокатор B7      @ (0,6,1) [уничтожен]
    ✗ Паук B8            @ (0,7,1) [уничтожен]
  Team C: живых 1/8
    ✓ Тишина C5          @ (3,3,4) hp=2/2
    ✗ Артиллерия C1      @ (3,4,4) [уничтожен]
    ✗ Радиовышка C2      @ (2,5,4) [уничтожен]
    ✗ Прыгун C3          @ (1,4,6) [уничтожен]
    ✗ Факел C4           @ (2,4,7) [уничтожен]
    ✗ Бурав C6           @ (3,4,3) [уничтожен]
    ✗ Провокатор C7      @ (3,4,6) [уничтожен]
    ✗ Паук C8            @ (3,4,1) [уничтожен]

======================================================================
ХОД 19
======================================================================
✓ 🎮 GM: начинаем ход
GM: start_turn

--- Радиовышки: сканирование слоя Z ---
  Радиовышка A2 (z=3): слой чист

--- Решения ботов ---
  [Team A] Артиллерия A1 (9,6,3) → SHOOT at (9,4,9)
  [Team A] Радиовышка A2 (2,2,3) → MOVE (3,3,4)
  [Team A] Прыгун A3 (4,2,3) → MOVE (5,3,4)
  [Team A] Тишина A5 (3,2,3) → MOVE (4,3,4)
  [Team A] Бурав A6 (7,2,3) → MOVE (6,3,4)
  [Team A] Провокатор A7 (5,2,3) → MOVE (5,2,4)
  [Team A] Паук A8 (4,2,2) → MOVE (5,3,3)
  [Team A] Факел A4 → SKIP
  [Team B] Тишина B5 (3,3,4) → MOVE (2,2,3)
  [Team C] Тишина C5 (3,3,4) → MOVE (2,2,3)
! 🎮 GM: принудительно завершает фазу планирования
GM: end_planning
# 
============================================================
# 🔄 ОБРАБОТКА ХОДА 19
# ============================================================

📦 ПЕРЕМЕЩЕНИЯ:
   Радиовышка A2: (2, 2, 3) → (3,3,4)
   Прыгун A3: (4, 2, 3) → (5,3,4)
   Тишина A5: (3, 2, 3) → (4,3,4)
!    ⚠️ Бурав A6: Бурав двигается только по 1 оси или по 2 осям строго диагонально
   Провокатор A7: (5, 2, 3) → (5,2,4)
   Паук A8: (4, 2, 2) → (5,3,3)
   Тишина B5: (3, 3, 4) → (2,2,3)
   Тишина C5: (3, 3, 4) → (2,2,3)

🎯 ВЫСТРЕЛЫ:
   Выпущено ракет: 1
# 
📊 РЕЗУЛЬТАТЫ ХОДА 19:
🎯 Попаданий нет

--- Результаты хода ---
  Попаданий нет

--- Состояние команд после хода ---
  Team A: живых 8/8
    ✓ Артиллерия A1      @ (9,6,3) hp=1/1
    ✓ Радиовышка A2      @ (3,3,4) hp=3/3
    ✓ Прыгун A3          @ (5,3,4) hp=2/2
    ✓ Факел A4           @ (9,5,3) hp=6/6
    ✓ Тишина A5          @ (4,3,4) hp=2/2
    ✓ Бурав A6           @ (7,2,3) hp=4/4
    ✓ Провокатор A7      @ (5,2,4) hp=2/2
    ✓ Паук A8            @ (5,3,3) hp=1/1
  Team B: живых 1/8
    ✓ Тишина B5          @ (2,2,3) hp=2/2
    ✗ Артиллерия B1      @ (0,8,1) [уничтожен]
    ✗ Радиовышка B2      @ (3,4,5) [уничтожен]
    ✗ Прыгун B3          @ (2,4,7) [уничтожен]
    ✗ Факел B4           @ (0,1,1) [уничтожен]
    ✗ Бурав B6           @ (0,0,1) [уничтожен]
    ✗ Провокатор B7      @ (0,6,1) [уничтожен]
    ✗ Паук B8            @ (0,7,1) [уничтожен]
  Team C: живых 1/8
    ✓ Тишина C5          @ (2,2,3) hp=2/2
    ✗ Артиллерия C1      @ (3,4,4) [уничтожен]
    ✗ Радиовышка C2      @ (2,5,4) [уничтожен]
    ✗ Прыгун C3          @ (1,4,6) [уничтожен]
    ✗ Факел C4           @ (2,4,7) [уничтожен]
    ✗ Бурав C6           @ (3,4,3) [уничтожен]
    ✗ Провокатор C7      @ (3,4,6) [уничтожен]
    ✗ Паук C8            @ (3,4,1) [уничтожен]

======================================================================
ХОД 20
======================================================================
✓ 🎮 GM: начинаем ход
GM: start_turn

--- Радиовышки: сканирование слоя Z ---
  Радиовышка A2 (z=4): слой чист

--- Решения ботов ---
  [Team A] Артиллерия A1 (9,6,3) → SHOOT at (7,9,4)
  [Team A] Радиовышка A2 (3,3,4) → MOVE (4,4,5)
  [Team A] Прыгун A3 (5,3,4) → MOVE (5,4,5)
  [Team A] Тишина A5 (4,3,4) → MOVE (4,4,4)
  [Team A] Бурав A6 (7,2,3) → MOVE (6,3,4)
  [Team A] Провокатор A7 (5,2,4) → MOVE (5,3,5)
  [Team A] Паук A8 (5,3,3) → MOVE (5,4,4)
  [Team A] Факел A4 → SKIP
  [Team B] Тишина B5 (2,2,3) → MOVE (3,3,4)
  [Team C] Тишина C5 (2,2,3) → MOVE (3,3,4)
! 🎮 GM: принудительно завершает фазу планирования
GM: end_planning
# 
============================================================
# 🔄 ОБРАБОТКА ХОДА 20
# ============================================================

📦 ПЕРЕМЕЩЕНИЯ:
   Радиовышка A2: (3, 3, 4) → (4,4,5)
   Прыгун A3: (5, 3, 4) → (5,4,5)
   Тишина A5: (4, 3, 4) → (4,4,4)
!    ⚠️ Бурав A6: Бурав двигается только по 1 оси или по 2 осям строго диагонально
   Провокатор A7: (5, 2, 4) → (5,3,5)
   Паук A8: (5, 3, 3) → (5,4,4)
   Тишина B5: (2, 2, 3) → (3,3,4)
   Тишина C5: (2, 2, 3) → (3,3,4)

🎯 ВЫСТРЕЛЫ:
   Выпущено ракет: 1
# 
📊 РЕЗУЛЬТАТЫ ХОДА 20:
🎯 Попаданий нет

--- Результаты хода ---
  Попаданий нет

--- Состояние команд после хода ---
  Team A: живых 8/8
    ✓ Артиллерия A1      @ (9,6,3) hp=1/1
    ✓ Радиовышка A2      @ (4,4,5) hp=3/3
    ✓ Прыгун A3          @ (5,4,5) hp=2/2
    ✓ Факел A4           @ (9,5,3) hp=6/6
    ✓ Тишина A5          @ (4,4,4) hp=2/2
    ✓ Бурав A6           @ (7,2,3) hp=4/4
    ✓ Провокатор A7      @ (5,3,5) hp=2/2
    ✓ Паук A8            @ (5,4,4) hp=1/1
  Team B: живых 1/8
    ✓ Тишина B5          @ (3,3,4) hp=2/2
    ✗ Артиллерия B1      @ (0,8,1) [уничтожен]
    ✗ Радиовышка B2      @ (3,4,5) [уничтожен]
    ✗ Прыгун B3          @ (2,4,7) [уничтожен]
    ✗ Факел B4           @ (0,1,1) [уничтожен]
    ✗ Бурав B6           @ (0,0,1) [уничтожен]
    ✗ Провокатор B7      @ (0,6,1) [уничтожен]
    ✗ Паук B8            @ (0,7,1) [уничтожен]
  Team C: живых 1/8
    ✓ Тишина C5          @ (3,3,4) hp=2/2
    ✗ Артиллерия C1      @ (3,4,4) [уничтожен]
    ✗ Радиовышка C2      @ (2,5,4) [уничтожен]
    ✗ Прыгун C3          @ (1,4,6) [уничтожен]
    ✗ Факел C4           @ (2,4,7) [уничтожен]
    ✗ Бурав C6           @ (3,4,3) [уничтожен]
    ✗ Провокатор C7      @ (3,4,6) [уничтожен]
    ✗ Паук C8            @ (3,4,1) [уничтожен]

======================================================================
ХОД 21
======================================================================
✓ 🎮 GM: начинаем ход
GM: start_turn

--- Радиовышки: сканирование слоя Z ---
  Радиовышка A2 (z=5): слой чист

--- Решения ботов ---
  [Team A] Артиллерия A1 (9,6,3) → SHOOT at (9,4,9)
  [Team A] Радиовышка A2 (4,4,5) → MOVE (5,5,5)
  [Team A] Тишина A5 (4,4,4) → MOVE (5,5,4)
  [Team A] Бурав A6 (7,2,3) → MOVE (6,3,4)
  [Team A] Провокатор A7 → SKIP
  [Team A] Прыгун A3 → SKIP
  [Team A] Факел A4 → SKIP
  [Team A] Паук A8 → SKIP
  [Team B] Тишина B5 (3,3,4) → MOVE (4,4,5)
  [Team C] Тишина C5 (3,3,4) → MOVE (4,4,5)
! 🎮 GM: принудительно завершает фазу планирования
GM: end_planning
# 
============================================================
# 🔄 ОБРАБОТКА ХОДА 21
# ============================================================

📦 ПЕРЕМЕЩЕНИЯ:
   Радиовышка A2: (4, 4, 5) → (5,5,5)
   Тишина A5: (4, 4, 4) → (5,5,4)
!    ⚠️ Бурав A6: Бурав двигается только по 1 оси или по 2 осям строго диагонально
   Тишина B5: (3, 3, 4) → (4,4,5)
   Тишина C5: (3, 3, 4) → (4,4,5)

🎯 ВЫСТРЕЛЫ:
   Выпущено ракет: 1
# 
📊 РЕЗУЛЬТАТЫ ХОДА 21:
🎯 Попаданий нет

--- Результаты хода ---
  Попаданий нет

--- Состояние команд после хода ---
  Team A: живых 8/8
    ✓ Артиллерия A1      @ (9,6,3) hp=1/1
    ✓ Радиовышка A2      @ (5,5,5) hp=3/3
    ✓ Прыгун A3          @ (5,4,5) hp=2/2
    ✓ Факел A4           @ (9,5,3) hp=6/6
    ✓ Тишина A5          @ (5,5,4) hp=2/2
    ✓ Бурав A6           @ (7,2,3) hp=4/4
    ✓ Провокатор A7      @ (5,3,5) hp=2/2
    ✓ Паук A8            @ (5,4,4) hp=1/1
  Team B: живых 1/8
    ✓ Тишина B5          @ (4,4,5) hp=2/2
    ✗ Артиллерия B1      @ (0,8,1) [уничтожен]
    ✗ Радиовышка B2      @ (3,4,5) [уничтожен]
    ✗ Прыгун B3          @ (2,4,7) [уничтожен]
    ✗ Факел B4           @ (0,1,1) [уничтожен]
    ✗ Бурав B6           @ (0,0,1) [уничтожен]
    ✗ Провокатор B7      @ (0,6,1) [уничтожен]
    ✗ Паук B8            @ (0,7,1) [уничтожен]
  Team C: живых 1/8
    ✓ Тишина C5          @ (4,4,5) hp=2/2
    ✗ Артиллерия C1      @ (3,4,4) [уничтожен]
    ✗ Радиовышка C2      @ (2,5,4) [уничтожен]
    ✗ Прыгун C3          @ (1,4,6) [уничтожен]
    ✗ Факел C4           @ (2,4,7) [уничтожен]
    ✗ Бурав C6           @ (3,4,3) [уничтожен]
    ✗ Провокатор C7      @ (3,4,6) [уничтожен]
    ✗ Паук C8            @ (3,4,1) [уничтожен]

======================================================================
ХОД 22
======================================================================
✓ 🎮 GM: начинаем ход
GM: start_turn

--- Радиовышки: сканирование слоя Z ---
  Радиовышка A2 (z=5): слой чист

--- Решения ботов ---
  [Team A] Артиллерия A1 (9,6,3) → SHOOT at (9,4,8)
  [Team A] Бурав A6 (7,2,3) → MOVE (6,3,4)
  [Team A] Тишина A5 → SKIP
  [Team A] Радиовышка A2 → SKIP
  [Team A] Провокатор A7 → SKIP
  [Team A] Прыгун A3 → SKIP
  [Team A] Паук A8 → SKIP
  [Team A] Факел A4 → SKIP
  [Team B] Тишина B5 (4,4,5) → MOVE (5,5,5)
  [Team C] Тишина C5 (4,4,5) → MOVE (5,5,5)
! 🎮 GM: принудительно завершает фазу планирования
GM: end_planning
# 
============================================================
# 🔄 ОБРАБОТКА ХОДА 22
# ============================================================

📦 ПЕРЕМЕЩЕНИЯ:
!    ⚠️ Бурав A6: Бурав двигается только по 1 оси или по 2 осям строго диагонально
!    ⚠️ Тишина B5: клетка (5,5,5) занята
!    ⚠️ Тишина C5: клетка (5,5,5) занята

🎯 ВЫСТРЕЛЫ:
   Выпущено ракет: 1
# 
📊 РЕЗУЛЬТАТЫ ХОДА 22:
🎯 Попаданий нет

--- Результаты хода ---
  Попаданий нет

--- Состояние команд после хода ---
  Team A: живых 8/8
    ✓ Артиллерия A1      @ (9,6,3) hp=1/1
    ✓ Радиовышка A2      @ (5,5,5) hp=3/3
    ✓ Прыгун A3          @ (5,4,5) hp=2/2
    ✓ Факел A4           @ (9,5,3) hp=6/6
    ✓ Тишина A5          @ (5,5,4) hp=2/2
    ✓ Бурав A6           @ (7,2,3) hp=4/4
    ✓ Провокатор A7      @ (5,3,5) hp=2/2
    ✓ Паук A8            @ (5,4,4) hp=1/1
  Team B: живых 1/8
    ✓ Тишина B5          @ (4,4,5) hp=2/2
    ✗ Артиллерия B1      @ (0,8,1) [уничтожен]
    ✗ Радиовышка B2      @ (3,4,5) [уничтожен]
    ✗ Прыгун B3          @ (2,4,7) [уничтожен]
    ✗ Факел B4           @ (0,1,1) [уничтожен]
    ✗ Бурав B6           @ (0,0,1) [уничтожен]
    ✗ Провокатор B7      @ (0,6,1) [уничтожен]
    ✗ Паук B8            @ (0,7,1) [уничтожен]
  Team C: живых 1/8
    ✓ Тишина C5          @ (4,4,5) hp=2/2
    ✗ Артиллерия C1      @ (3,4,4) [уничтожен]
    ✗ Радиовышка C2      @ (2,5,4) [уничтожен]
    ✗ Прыгун C3          @ (1,4,6) [уничтожен]
    ✗ Факел C4           @ (2,4,7) [уничтожен]
    ✗ Бурав C6           @ (3,4,3) [уничтожен]
    ✗ Провокатор C7      @ (3,4,6) [уничтожен]
    ✗ Паук C8            @ (3,4,1) [уничтожен]

======================================================================
ХОД 23
======================================================================
✓ 🎮 GM: начинаем ход
GM: start_turn

--- Радиовышки: сканирование слоя Z ---
  Радиовышка A2 (z=5): слой чист

--- Решения ботов ---
  [Team A] Артиллерия A1 (9,6,3) → SHOOT at (9,4,9)
  [Team A] Бурав A6 (7,2,3) → MOVE (6,3,4)
  [Team A] Тишина A5 → SKIP
  [Team A] Радиовышка A2 → SKIP
  [Team A] Провокатор A7 → SKIP
  [Team A] Прыгун A3 → SKIP
  [Team A] Паук A8 → SKIP
  [Team A] Факел A4 → SKIP
  [Team B] Тишина B5 (4,4,5) → MOVE (5,5,5)
  [Team C] Тишина C5 (4,4,5) → MOVE (5,5,5)
! 🎮 GM: принудительно завершает фазу планирования
GM: end_planning
# 
============================================================
# 🔄 ОБРАБОТКА ХОДА 23
# ============================================================

📦 ПЕРЕМЕЩЕНИЯ:
!    ⚠️ Бурав A6: Бурав двигается только по 1 оси или по 2 осям строго диагонально
!    ⚠️ Тишина B5: клетка (5,5,5) занята
!    ⚠️ Тишина C5: клетка (5,5,5) занята

🎯 ВЫСТРЕЛЫ:
   Выпущено ракет: 1
# 
📊 РЕЗУЛЬТАТЫ ХОДА 23:
🎯 Попаданий нет

--- Результаты хода ---
  Попаданий нет

--- Состояние команд после хода ---
  Team A: живых 8/8
    ✓ Артиллерия A1      @ (9,6,3) hp=1/1
    ✓ Радиовышка A2      @ (5,5,5) hp=3/3
    ✓ Прыгун A3          @ (5,4,5) hp=2/2
    ✓ Факел A4           @ (9,5,3) hp=6/6
    ✓ Тишина A5          @ (5,5,4) hp=2/2
    ✓ Бурав A6           @ (7,2,3) hp=4/4
    ✓ Провокатор A7      @ (5,3,5) hp=2/2
    ✓ Паук A8            @ (5,4,4) hp=1/1
  Team B: живых 1/8
    ✓ Тишина B5          @ (4,4,5) hp=2/2
    ✗ Артиллерия B1      @ (0,8,1) [уничтожен]
    ✗ Радиовышка B2      @ (3,4,5) [уничтожен]
    ✗ Прыгун B3          @ (2,4,7) [уничтожен]
    ✗ Факел B4           @ (0,1,1) [уничтожен]
    ✗ Бурав B6           @ (0,0,1) [уничтожен]
    ✗ Провокатор B7      @ (0,6,1) [уничтожен]
    ✗ Паук B8            @ (0,7,1) [уничтожен]
  Team C: живых 1/8
    ✓ Тишина C5          @ (4,4,5) hp=2/2
    ✗ Артиллерия C1      @ (3,4,4) [уничтожен]
    ✗ Радиовышка C2      @ (2,5,4) [уничтожен]
    ✗ Прыгун C3          @ (1,4,6) [уничтожен]
    ✗ Факел C4           @ (2,4,7) [уничтожен]
    ✗ Бурав C6           @ (3,4,3) [уничтожен]
    ✗ Провокатор C7      @ (3,4,6) [уничтожен]
    ✗ Паук C8            @ (3,4,1) [уничтожен]

======================================================================
ХОД 24
======================================================================
✓ 🎮 GM: начинаем ход
GM: start_turn

--- Радиовышки: сканирование слоя Z ---
  Радиовышка A2 (z=5): слой чист

--- Решения ботов ---
  [Team A] Артиллерия A1 (9,6,3) → SHOOT at (9,9,8)
  [Team A] Бурав A6 (7,2,3) → MOVE (6,3,4)
  [Team A] Тишина A5 → SKIP
  [Team A] Радиовышка A2 → SKIP
  [Team A] Провокатор A7 → SKIP
  [Team A] Прыгун A3 → SKIP
  [Team A] Паук A8 → SKIP
  [Team A] Факел A4 → SKIP
  [Team B] Тишина B5 (4,4,5) → MOVE (5,5,5)
  [Team C] Тишина C5 (4,4,5) → MOVE (5,5,5)
! 🎮 GM: принудительно завершает фазу планирования
GM: end_planning
# 
============================================================
# 🔄 ОБРАБОТКА ХОДА 24
# ============================================================

📦 ПЕРЕМЕЩЕНИЯ:
!    ⚠️ Бурав A6: Бурав двигается только по 1 оси или по 2 осям строго диагонально
!    ⚠️ Тишина B5: клетка (5,5,5) занята
!    ⚠️ Тишина C5: клетка (5,5,5) занята

🎯 ВЫСТРЕЛЫ:
   Выпущено ракет: 1
# 
📊 РЕЗУЛЬТАТЫ ХОДА 24:
🎯 Попаданий нет

--- Результаты хода ---
  Попаданий нет

--- Состояние команд после хода ---
  Team A: живых 8/8
    ✓ Артиллерия A1      @ (9,6,3) hp=1/1
    ✓ Радиовышка A2      @ (5,5,5) hp=3/3
    ✓ Прыгун A3          @ (5,4,5) hp=2/2
    ✓ Факел A4           @ (9,5,3) hp=6/6
    ✓ Тишина A5          @ (5,5,4) hp=2/2
    ✓ Бурав A6           @ (7,2,3) hp=4/4
    ✓ Провокатор A7      @ (5,3,5) hp=2/2
    ✓ Паук A8            @ (5,4,4) hp=1/1
  Team B: живых 1/8
    ✓ Тишина B5          @ (4,4,5) hp=2/2
    ✗ Артиллерия B1      @ (0,8,1) [уничтожен]
    ✗ Радиовышка B2      @ (3,4,5) [уничтожен]
    ✗ Прыгун B3          @ (2,4,7) [уничтожен]
    ✗ Факел B4           @ (0,1,1) [уничтожен]
    ✗ Бурав B6           @ (0,0,1) [уничтожен]
    ✗ Провокатор B7      @ (0,6,1) [уничтожен]
    ✗ Паук B8            @ (0,7,1) [уничтожен]
  Team C: живых 1/8
    ✓ Тишина C5          @ (4,4,5) hp=2/2
    ✗ Артиллерия C1      @ (3,4,4) [уничтожен]
    ✗ Радиовышка C2      @ (2,5,4) [уничтожен]
    ✗ Прыгун C3          @ (1,4,6) [уничтожен]
    ✗ Факел C4           @ (2,4,7) [уничтожен]
    ✗ Бурав C6           @ (3,4,3) [уничтожен]
    ✗ Провокатор C7      @ (3,4,6) [уничтожен]
    ✗ Паук C8            @ (3,4,1) [уничтожен]

======================================================================
ХОД 25
======================================================================
✓ 🎮 GM: начинаем ход
GM: start_turn

--- Радиовышки: сканирование слоя Z ---
  Радиовышка A2 (z=5): слой чист

--- Решения ботов ---
  [Team A] Артиллерия A1 (9,6,3) → SHOOT at (7,9,4)
  [Team A] Бурав A6 (7,2,3) → MOVE (6,3,4)
  [Team A] Тишина A5 → SKIP
  [Team A] Радиовышка A2 → SKIP
  [Team A] Провокатор A7 → SKIP
  [Team A] Прыгун A3 → SKIP
  [Team A] Паук A8 → SKIP
  [Team A] Факел A4 → SKIP
  [Team B] Тишина B5 (4,4,5) → MOVE (5,5,5)
  [Team C] Тишина C5 (4,4,5) → MOVE (5,5,5)
! 🎮 GM: принудительно завершает фазу планирования
GM: end_planning
# 
============================================================
# 🔄 ОБРАБОТКА ХОДА 25
# ============================================================

📦 ПЕРЕМЕЩЕНИЯ:
!    ⚠️ Бурав A6: Бурав двигается только по 1 оси или по 2 осям строго диагонально
!    ⚠️ Тишина B5: клетка (5,5,5) занята
!    ⚠️ Тишина C5: клетка (5,5,5) занята

🎯 ВЫСТРЕЛЫ:
   Выпущено ракет: 1
# 
📊 РЕЗУЛЬТАТЫ ХОДА 25:
🎯 Попаданий нет

--- Результаты хода ---
  Попаданий нет

--- Состояние команд после хода ---
  Team A: живых 8/8
    ✓ Артиллерия A1      @ (9,6,3) hp=1/1
    ✓ Радиовышка A2      @ (5,5,5) hp=3/3
    ✓ Прыгун A3          @ (5,4,5) hp=2/2
    ✓ Факел A4           @ (9,5,3) hp=6/6
    ✓ Тишина A5          @ (5,5,4) hp=2/2
    ✓ Бурав A6           @ (7,2,3) hp=4/4
    ✓ Провокатор A7      @ (5,3,5) hp=2/2
    ✓ Паук A8            @ (5,4,4) hp=1/1
  Team B: живых 1/8
    ✓ Тишина B5          @ (4,4,5) hp=2/2
    ✗ Артиллерия B1      @ (0,8,1) [уничтожен]
    ✗ Радиовышка B2      @ (3,4,5) [уничтожен]
    ✗ Прыгун B3          @ (2,4,7) [уничтожен]
    ✗ Факел B4           @ (0,1,1) [уничтожен]
    ✗ Бурав B6           @ (0,0,1) [уничтожен]
    ✗ Провокатор B7      @ (0,6,1) [уничтожен]
    ✗ Паук B8            @ (0,7,1) [уничтожен]
  Team C: живых 1/8
    ✓ Тишина C5          @ (4,4,5) hp=2/2
    ✗ Артиллерия C1      @ (3,4,4) [уничтожен]
    ✗ Радиовышка C2      @ (2,5,4) [уничтожен]
    ✗ Прыгун C3          @ (1,4,6) [уничтожен]
    ✗ Факел C4           @ (2,4,7) [уничтожен]
    ✗ Бурав C6           @ (3,4,3) [уничтожен]
    ✗ Провокатор C7      @ (3,4,6) [уничтожен]
    ✗ Паук C8            @ (3,4,1) [уничтожен]

======================================================================
ХОД 26
======================================================================
✓ 🎮 GM: начинаем ход
GM: start_turn

--- Радиовышки: сканирование слоя Z ---
  Радиовышка A2 (z=5): слой чист

--- Решения ботов ---
  [Team A] Артиллерия A1 (9,6,3) → SHOOT at (9,4,8)
  [Team A] Бурав A6 (7,2,3) → MOVE (6,3,4)
  [Team A] Тишина A5 → SKIP
  [Team A] Радиовышка A2 → SKIP
  [Team A] Провокатор A7 → SKIP
  [Team A] Прыгун A3 → SKIP
  [Team A] Паук A8 → SKIP
  [Team A] Факел A4 → SKIP
  [Team B] Тишина B5 (4,4,5) → MOVE (5,5,5)
  [Team C] Тишина C5 (4,4,5) → MOVE (5,5,5)
! 🎮 GM: принудительно завершает фазу планирования
GM: end_planning
# 
============================================================
# 🔄 ОБРАБОТКА ХОДА 26
# ============================================================

📦 ПЕРЕМЕЩЕНИЯ:
!    ⚠️ Бурав A6: Бурав двигается только по 1 оси или по 2 осям строго диагонально
!    ⚠️ Тишина B5: клетка (5,5,5) занята
!    ⚠️ Тишина C5: клетка (5,5,5) занята

🎯 ВЫСТРЕЛЫ:
   Выпущено ракет: 1
# 
📊 РЕЗУЛЬТАТЫ ХОДА 26:
🎯 Попаданий нет

--- Результаты хода ---
  Попаданий нет

--- Состояние команд после хода ---
  Team A: живых 8/8
    ✓ Артиллерия A1      @ (9,6,3) hp=1/1
    ✓ Радиовышка A2      @ (5,5,5) hp=3/3
    ✓ Прыгун A3          @ (5,4,5) hp=2/2
    ✓ Факел A4           @ (9,5,3) hp=6/6
    ✓ Тишина A5          @ (5,5,4) hp=2/2
    ✓ Бурав A6           @ (7,2,3) hp=4/4
    ✓ Провокатор A7      @ (5,3,5) hp=2/2
    ✓ Паук A8            @ (5,4,4) hp=1/1
  Team B: живых 1/8
    ✓ Тишина B5          @ (4,4,5) hp=2/2
    ✗ Артиллерия B1      @ (0,8,1) [уничтожен]
    ✗ Радиовышка B2      @ (3,4,5) [уничтожен]
    ✗ Прыгун B3          @ (2,4,7) [уничтожен]
    ✗ Факел B4           @ (0,1,1) [уничтожен]
    ✗ Бурав B6           @ (0,0,1) [уничтожен]
    ✗ Провокатор B7      @ (0,6,1) [уничтожен]
    ✗ Паук B8            @ (0,7,1) [уничтожен]
  Team C: живых 1/8
    ✓ Тишина C5          @ (4,4,5) hp=2/2
    ✗ Артиллерия C1      @ (3,4,4) [уничтожен]
    ✗ Радиовышка C2      @ (2,5,4) [уничтожен]
    ✗ Прыгун C3          @ (1,4,6) [уничтожен]
    ✗ Факел C4           @ (2,4,7) [уничтожен]
    ✗ Бурав C6           @ (3,4,3) [уничтожен]
    ✗ Провокатор C7      @ (3,4,6) [уничтожен]
    ✗ Паук C8            @ (3,4,1) [уничтожен]

======================================================================
ХОД 27
======================================================================
✓ 🎮 GM: начинаем ход
GM: start_turn

--- Радиовышки: сканирование слоя Z ---
  Радиовышка A2 (z=5): слой чист

--- Решения ботов ---
  [Team A] Артиллерия A1 (9,6,3) → SHOOT at (4,9,4)
  [Team A] Бурав A6 (7,2,3) → MOVE (6,3,4)
  [Team A] Тишина A5 → SKIP
  [Team A] Радиовышка A2 → SKIP
  [Team A] Провокатор A7 → SKIP
  [Team A] Прыгун A3 → SKIP
  [Team A] Паук A8 → SKIP
  [Team A] Факел A4 → SKIP
  [Team B] Тишина B5 (4,4,5) → MOVE (5,5,5)
  [Team C] Тишина C5 (4,4,5) → MOVE (5,5,5)
! 🎮 GM: принудительно завершает фазу планирования
GM: end_planning
# 
============================================================
# 🔄 ОБРАБОТКА ХОДА 27
# ============================================================

📦 ПЕРЕМЕЩЕНИЯ:
!    ⚠️ Бурав A6: Бурав двигается только по 1 оси или по 2 осям строго диагонально
!    ⚠️ Тишина B5: клетка (5,5,5) занята
!    ⚠️ Тишина C5: клетка (5,5,5) занята

🎯 ВЫСТРЕЛЫ:
   Выпущено ракет: 1
# 
📊 РЕЗУЛЬТАТЫ ХОДА 27:
🎯 Попаданий нет

--- Результаты хода ---
  Попаданий нет

--- Состояние команд после хода ---
  Team A: живых 8/8
    ✓ Артиллерия A1      @ (9,6,3) hp=1/1
    ✓ Радиовышка A2      @ (5,5,5) hp=3/3
    ✓ Прыгун A3          @ (5,4,5) hp=2/2
    ✓ Факел A4           @ (9,5,3) hp=6/6
    ✓ Тишина A5          @ (5,5,4) hp=2/2
    ✓ Бурав A6           @ (7,2,3) hp=4/4
    ✓ Провокатор A7      @ (5,3,5) hp=2/2
    ✓ Паук A8            @ (5,4,4) hp=1/1
  Team B: живых 1/8
    ✓ Тишина B5          @ (4,4,5) hp=2/2
    ✗ Артиллерия B1      @ (0,8,1) [уничтожен]
    ✗ Радиовышка B2      @ (3,4,5) [уничтожен]
    ✗ Прыгун B3          @ (2,4,7) [уничтожен]
    ✗ Факел B4           @ (0,1,1) [уничтожен]
    ✗ Бурав B6           @ (0,0,1) [уничтожен]
    ✗ Провокатор B7      @ (0,6,1) [уничтожен]
    ✗ Паук B8            @ (0,7,1) [уничтожен]
  Team C: живых 1/8
    ✓ Тишина C5          @ (4,4,5) hp=2/2
    ✗ Артиллерия C1      @ (3,4,4) [уничтожен]
    ✗ Радиовышка C2      @ (2,5,4) [уничтожен]
    ✗ Прыгун C3          @ (1,4,6) [уничтожен]
    ✗ Факел C4           @ (2,4,7) [уничтожен]
    ✗ Бурав C6           @ (3,4,3) [уничтожен]
    ✗ Провокатор C7      @ (3,4,6) [уничтожен]
    ✗ Паук C8            @ (3,4,1) [уничтожен]

======================================================================
ХОД 28
======================================================================
✓ 🎮 GM: начинаем ход
GM: start_turn

--- Радиовышки: сканирование слоя Z ---
  Радиовышка A2 (z=5): слой чист

--- Решения ботов ---
  [Team A] Артиллерия A1 (9,6,3) → SHOOT at (9,4,8)
  [Team A] Бурав A6 (7,2,3) → MOVE (6,3,4)
  [Team A] Тишина A5 → SKIP
  [Team A] Радиовышка A2 → SKIP
  [Team A] Провокатор A7 → SKIP
  [Team A] Прыгун A3 → SKIP
  [Team A] Паук A8 → SKIP
  [Team A] Факел A4 → SKIP
  [Team B] Тишина B5 (4,4,5) → MOVE (5,5,5)
  [Team C] Тишина C5 (4,4,5) → MOVE (5,5,5)
! 🎮 GM: принудительно завершает фазу планирования
GM: end_planning
# 
============================================================
# 🔄 ОБРАБОТКА ХОДА 28
# ============================================================

📦 ПЕРЕМЕЩЕНИЯ:
!    ⚠️ Бурав A6: Бурав двигается только по 1 оси или по 2 осям строго диагонально
!    ⚠️ Тишина B5: клетка (5,5,5) занята
!    ⚠️ Тишина C5: клетка (5,5,5) занята

🎯 ВЫСТРЕЛЫ:
   Выпущено ракет: 1
# 
📊 РЕЗУЛЬТАТЫ ХОДА 28:
🎯 Попаданий нет

--- Результаты хода ---
  Попаданий нет

--- Состояние команд после хода ---
  Team A: живых 8/8
    ✓ Артиллерия A1      @ (9,6,3) hp=1/1
    ✓ Радиовышка A2      @ (5,5,5) hp=3/3
    ✓ Прыгун A3          @ (5,4,5) hp=2/2
    ✓ Факел A4           @ (9,5,3) hp=6/6
    ✓ Тишина A5          @ (5,5,4) hp=2/2
    ✓ Бурав A6           @ (7,2,3) hp=4/4
    ✓ Провокатор A7      @ (5,3,5) hp=2/2
    ✓ Паук A8            @ (5,4,4) hp=1/1
  Team B: живых 1/8
    ✓ Тишина B5          @ (4,4,5) hp=2/2
    ✗ Артиллерия B1      @ (0,8,1) [уничтожен]
    ✗ Радиовышка B2      @ (3,4,5) [уничтожен]
    ✗ Прыгун B3          @ (2,4,7) [уничтожен]
    ✗ Факел B4           @ (0,1,1) [уничтожен]
    ✗ Бурав B6           @ (0,0,1) [уничтожен]
    ✗ Провокатор B7      @ (0,6,1) [уничтожен]
    ✗ Паук B8            @ (0,7,1) [уничтожен]
  Team C: живых 1/8
    ✓ Тишина C5          @ (4,4,5) hp=2/2
    ✗ Артиллерия C1      @ (3,4,4) [уничтожен]
    ✗ Радиовышка C2      @ (2,5,4) [уничтожен]
    ✗ Прыгун C3          @ (1,4,6) [уничтожен]
    ✗ Факел C4           @ (2,4,7) [уничтожен]
    ✗ Бурав C6           @ (3,4,3) [уничтожен]
    ✗ Провокатор C7      @ (3,4,6) [уничтожен]
    ✗ Паук C8            @ (3,4,1) [уничтожен]

======================================================================
ХОД 29
======================================================================
✓ 🎮 GM: начинаем ход
GM: start_turn

--- Радиовышки: сканирование слоя Z ---
  Радиовышка A2 (z=5): слой чист

--- Решения ботов ---
  [Team A] Артиллерия A1 (9,6,3) → SHOOT at (4,9,4)
  [Team A] Бурав A6 (7,2,3) → MOVE (6,3,4)
  [Team A] Тишина A5 → SKIP
  [Team A] Радиовышка A2 → SKIP
  [Team A] Провокатор A7 → SKIP
  [Team A] Прыгун A3 → SKIP
  [Team A] Паук A8 → SKIP
  [Team A] Факел A4 → SKIP
  [Team B] Тишина B5 (4,4,5) → MOVE (5,5,5)
  [Team C] Тишина C5 (4,4,5) → MOVE (5,5,5)
! 🎮 GM: принудительно завершает фазу планирования
GM: end_planning
# 
============================================================
# 🔄 ОБРАБОТКА ХОДА 29
# ============================================================

📦 ПЕРЕМЕЩЕНИЯ:
!    ⚠️ Бурав A6: Бурав двигается только по 1 оси или по 2 осям строго диагонально
!    ⚠️ Тишина B5: клетка (5,5,5) занята
!    ⚠️ Тишина C5: клетка (5,5,5) занята

🎯 ВЫСТРЕЛЫ:
   Выпущено ракет: 1
# 
📊 РЕЗУЛЬТАТЫ ХОДА 29:
🎯 Попаданий нет

--- Результаты хода ---
  Попаданий нет

--- Состояние команд после хода ---
  Team A: живых 8/8
    ✓ Артиллерия A1      @ (9,6,3) hp=1/1
    ✓ Радиовышка A2      @ (5,5,5) hp=3/3
    ✓ Прыгун A3          @ (5,4,5) hp=2/2
    ✓ Факел A4           @ (9,5,3) hp=6/6
    ✓ Тишина A5          @ (5,5,4) hp=2/2
    ✓ Бурав A6           @ (7,2,3) hp=4/4
    ✓ Провокатор A7      @ (5,3,5) hp=2/2
    ✓ Паук A8            @ (5,4,4) hp=1/1
  Team B: живых 1/8
    ✓ Тишина B5          @ (4,4,5) hp=2/2
    ✗ Артиллерия B1      @ (0,8,1) [уничтожен]
    ✗ Радиовышка B2      @ (3,4,5) [уничтожен]
    ✗ Прыгун B3          @ (2,4,7) [уничтожен]
    ✗ Факел B4           @ (0,1,1) [уничтожен]
    ✗ Бурав B6           @ (0,0,1) [уничтожен]
    ✗ Провокатор B7      @ (0,6,1) [уничтожен]
    ✗ Паук B8            @ (0,7,1) [уничтожен]
  Team C: живых 1/8
    ✓ Тишина C5          @ (4,4,5) hp=2/2
    ✗ Артиллерия C1      @ (3,4,4) [уничтожен]
    ✗ Радиовышка C2      @ (2,5,4) [уничтожен]
    ✗ Прыгун C3          @ (1,4,6) [уничтожен]
    ✗ Факел C4           @ (2,4,7) [уничтожен]
    ✗ Бурав C6           @ (3,4,3) [уничтожен]
    ✗ Провокатор C7      @ (3,4,6) [уничтожен]
    ✗ Паук C8            @ (3,4,1) [уничтожен]

======================================================================
ХОД 30
======================================================================
✓ 🎮 GM: начинаем ход
GM: start_turn

--- Радиовышки: сканирование слоя Z ---
  Радиовышка A2 (z=5): слой чист

--- Решения ботов ---
  [Team A] Артиллерия A1 (9,6,3) → SHOOT at (9,9,9)
  [Team A] Бурав A6 (7,2,3) → MOVE (6,3,4)
  [Team A] Тишина A5 → SKIP
  [Team A] Радиовышка A2 → SKIP
  [Team A] Провокатор A7 → SKIP
  [Team A] Прыгун A3 → SKIP
  [Team A] Паук A8 → SKIP
  [Team A] Факел A4 → SKIP
  [Team B] Тишина B5 (4,4,5) → MOVE (5,5,5)
  [Team C] Тишина C5 (4,4,5) → MOVE (5,5,5)
! 🎮 GM: принудительно завершает фазу планирования
GM: end_planning
# 
============================================================
# 🔄 ОБРАБОТКА ХОДА 30
# ============================================================

📦 ПЕРЕМЕЩЕНИЯ:
!    ⚠️ Бурав A6: Бурав двигается только по 1 оси или по 2 осям строго диагонально
!    ⚠️ Тишина B5: клетка (5,5,5) занята
!    ⚠️ Тишина C5: клетка (5,5,5) занята

🎯 ВЫСТРЕЛЫ:
   Выпущено ракет: 1
# 
📊 РЕЗУЛЬТАТЫ ХОДА 30:
🎯 Попаданий нет

--- Результаты хода ---
  Попаданий нет

--- Состояние команд после хода ---
  Team A: живых 8/8
    ✓ Артиллерия A1      @ (9,6,3) hp=1/1
    ✓ Радиовышка A2      @ (5,5,5) hp=3/3
    ✓ Прыгун A3          @ (5,4,5) hp=2/2
    ✓ Факел A4           @ (9,5,3) hp=6/6
    ✓ Тишина A5          @ (5,5,4) hp=2/2
    ✓ Бурав A6           @ (7,2,3) hp=4/4
    ✓ Провокатор A7      @ (5,3,5) hp=2/2
    ✓ Паук A8            @ (5,4,4) hp=1/1
  Team B: живых 1/8
    ✓ Тишина B5          @ (4,4,5) hp=2/2
    ✗ Артиллерия B1      @ (0,8,1) [уничтожен]
    ✗ Радиовышка B2      @ (3,4,5) [уничтожен]
    ✗ Прыгун B3          @ (2,4,7) [уничтожен]
    ✗ Факел B4           @ (0,1,1) [уничтожен]
    ✗ Бурав B6           @ (0,0,1) [уничтожен]
    ✗ Провокатор B7      @ (0,6,1) [уничтожен]
    ✗ Паук B8            @ (0,7,1) [уничтожен]
  Team C: живых 1/8
    ✓ Тишина C5          @ (4,4,5) hp=2/2
    ✗ Артиллерия C1      @ (3,4,4) [уничтожен]
    ✗ Радиовышка C2      @ (2,5,4) [уничтожен]
    ✗ Прыгун C3          @ (1,4,6) [уничтожен]
    ✗ Факел C4           @ (2,4,7) [уничтожен]
    ✗ Бурав C6           @ (3,4,3) [уничтожен]
    ✗ Провокатор C7      @ (3,4,6) [уничтожен]
    ✗ Паук C8            @ (3,4,1) [уничтожен]

======================================================================
ИТОГ
======================================================================
Лимит ходов (30) исчерпан, ничья/пат.

--- Сводка по командам ---
  Team A: 8/8 живых; hp=21
  Team B: 1/8 живых; hp=2
  Team C: 1/8 живых; hp=2

--- Сводка по пассивкам радиовышек ---
  Team A: сканирований=30, всего врагов-в-слоях=16, уникальных эксклюзивных (видны только радиовышкой)=2
  Team B: сканирований=16, всего врагов-в-слоях=49, уникальных эксклюзивных (видны только радиовышкой)=8
  Team C: сканирований=2, всего врагов-в-слоях=0, уникальных эксклюзивных (видны только радиовышкой)=0

--- Сводка по попаданиям ---
  Всего событий (шоты+тараны+мины): 20
  Уничтожено кораблей всего: 14
  Team A: урон=28 хиты=14 тараны=0 мины(сработало)=0 убийств=8
  Team B: урон=14 хиты=2 тараны=3 мины(сработало)=0 убийств=5
  Team C: урон=2 хиты=1 тараны=0 мины(сработало)=0 убийств=1
! 🎮 GM: остановка игры
