======================================================================
Space Battle 10×10×10 — simulation run at 2026-04-20T13:23:54+00:00
Game mode: advanced
Seed: 98
✓ 🚀 Продвинутый режим: создаю разные типы кораблей
   Стартовые Z-слои: A=5, B=0, C=9
✓ ✅ Создано 24 кораблей


--- СТАРТОВАЯ РАССТАНОВКА ---
  Team A: живых 8/8
    ✓ Артиллерия A1      @ (7,9,5) hp=1/1
    ✓ Радиовышка A2      @ (9,4,5) hp=3/3
    ✓ Прыгун A3          @ (2,6,5) hp=2/2
    ✓ Факел A4           @ (3,2,5) hp=6/6
    ✓ Тишина A5          @ (9,8,5) hp=2/2
    ✓ Бурав A6           @ (3,0,5) hp=4/4
    ✓ Провокатор A7      @ (5,5,5) hp=2/2
    ✓ Паук A8            @ (4,1,5) hp=1/1
  Team B: живых 8/8
    ✓ Артиллерия B1      @ (3,1,0) hp=1/1
    ✓ Радиовышка B2      @ (0,5,0) hp=3/3
    ✓ Прыгун B3          @ (1,3,0) hp=2/2
    ✓ Факел B4           @ (8,7,0) hp=6/6
    ✓ Тишина B5          @ (8,3,0) hp=2/2
    ✓ Бурав B6           @ (9,9,0) hp=4/4
    ✓ Провокатор B7      @ (7,4,0) hp=2/2
    ✓ Паук B8            @ (1,7,0) hp=1/1
  Team C: живых 8/8
    ✓ Артиллерия C1      @ (4,9,9) hp=1/1
    ✓ Радиовышка C2      @ (7,7,9) hp=3/3
    ✓ Прыгун C3          @ (8,3,9) hp=2/2
    ✓ Факел C4           @ (6,7,9) hp=6/6
    ✓ Тишина C5          @ (3,8,9) hp=2/2
    ✓ Бурав C6           @ (7,1,9) hp=4/4
    ✓ Провокатор C7      @ (6,1,9) hp=2/2
    ✓ Паук C8            @ (7,3,9) hp=1/1

======================================================================
ХОД 1
======================================================================
✓ 🎮 GM: начинаем ход
GM: start_turn

--- Радиовышки: сканирование слоя Z ---
  Радиовышка A2 (z=5): слой чист
  Радиовышка B2 (z=0): слой чист
  Радиовышка C2 (z=9): слой чист

--- Решения ботов ---
  [Team A] Артиллерия A1 (7,9,5) → SHOOT at (4,9,5)
  [Team A] Радиовышка A2 (9,4,5) → MOVE (8,5,5)
  [Team A] Прыгун A3 (2,6,5) → MOVE (3,5,5)
  [Team A] Факел A4 (3,2,5) → MOVE (4,3,5)
  [Team A] Тишина A5 (9,8,5) → MOVE (8,7,5)
  [Team A] Бурав A6 (3,0,5) → MOVE (3,1,5)
  [Team A] Паук A8 (4,1,5) → MOVE (5,2,5)
  [Team A] Провокатор A7 → SKIP
  [Team B] Артиллерия B1 (3,1,0) → SHOOT at (7,9,5)
  [Team B] Радиовышка B2 (0,5,0) → MOVE (1,5,1)
  [Team B] Прыгун B3 (1,3,0) → MOVE (2,4,1)
  [Team B] Факел B4 (8,7,0) → MOVE (7,6,0)
  [Team B] Тишина B5 (8,3,0) → MOVE (7,4,1)
  [Team B] Бурав B6 (9,9,0) → MOVE (8,8,1)
  [Team B] Провокатор B7 (7,4,0) → MOVE (6,5,1)
  [Team B] Паук B8 (1,7,0) → MOVE (2,6,1)
  [Team C] Артиллерия C1 (4,9,9) → SHOOT at (0,5,1)
  [Team C] Радиовышка C2 (7,7,9) → MOVE (6,6,8)
  [Team C] Прыгун C3 (8,3,9) → MOVE (7,4,8)
  [Team C] Факел C4 (6,7,9) → MOVE (5,8,9)
  [Team C] Тишина C5 (3,8,9) → MOVE (4,7,8)
  [Team C] Бурав C6 (7,1,9) → MOVE (6,2,8)
  [Team C] Провокатор C7 (6,1,9) → MOVE (5,2,8)
  [Team C] Паук C8 (7,3,9) → MOVE (6,4,8)
! 🎮 GM: принудительно завершает фазу планирования
GM: end_planning
# 
============================================================
# 🔄 ОБРАБОТКА ХОДА 1
# ============================================================

📦 ПЕРЕМЕЩЕНИЯ:
   Радиовышка A2: (9, 4, 5) → (8,5,5)
   Прыгун A3: (2, 6, 5) → (3,5,5)
   Факел A4: (3, 2, 5) → (4,3,5)
   Тишина A5: (9, 8, 5) → (8,7,5)
   Бурав A6: (3, 0, 5) → (3,1,5)
   Паук A8: (4, 1, 5) → (5,2,5)
   Радиовышка B2: (0, 5, 0) → (1,5,1)
   Прыгун B3: (1, 3, 0) → (2,4,1)
   Факел B4: (8, 7, 0) → (7,6,0)
   Тишина B5: (8, 3, 0) → (7,4,1)
!    ⚠️ Бурав B6: Бурав двигается только по 1 оси или по 2 осям строго диагонально
   Провокатор B7: (7, 4, 0) → (6,5,1)
   Паук B8: (1, 7, 0) → (2,6,1)
   Радиовышка C2: (7, 7, 9) → (6,6,8)
   Прыгун C3: (8, 3, 9) → (7,4,8)
   Факел C4: (6, 7, 9) → (5,8,9)
   Тишина C5: (3, 8, 9) → (4,7,8)
!    ⚠️ Бурав C6: Бурав двигается только по 1 оси или по 2 осям строго диагонально
   Провокатор C7: (6, 1, 9) → (5,2,8)
   Паук C8: (7, 3, 9) → (6,4,8)

🎯 ВЫСТРЕЛЫ:
✓    ✅ Артиллерия B1 поразил Артиллерия A1 (2 урона)!
   Выпущено ракет: 3
# 
📊 РЕЗУЛЬТАТЫ ХОДА 1:
✓ 💥 ПОПАДАНИЯ:
✓    Артиллерия B1 (Team B) → Артиллерия A1 (Team A)

--- Результаты хода ---
  Team B / Артиллерия B1      → Team A / Артиллерия A1      @ (7,9,5)  (УБИТ)

--- Состояние команд после хода ---
  Team A: живых 7/8
    ✓ Радиовышка A2      @ (8,5,5) hp=3/3
    ✓ Прыгун A3          @ (3,5,5) hp=2/2
    ✓ Факел A4           @ (4,3,5) hp=6/6
    ✓ Тишина A5          @ (8,7,5) hp=2/2
    ✓ Бурав A6           @ (3,1,5) hp=4/4
    ✓ Провокатор A7      @ (5,5,5) hp=2/2
    ✓ Паук A8            @ (5,2,5) hp=1/1
    ✗ Артиллерия A1      @ (7,9,5) [уничтожен]
  Team B: живых 8/8
    ✓ Артиллерия B1      @ (3,1,0) hp=1/1
    ✓ Радиовышка B2      @ (1,5,1) hp=3/3
    ✓ Прыгун B3          @ (2,4,1) hp=2/2
    ✓ Факел B4           @ (7,6,0) hp=6/6
    ✓ Тишина B5          @ (7,4,1) hp=2/2
    ✓ Бурав B6           @ (9,9,0) hp=4/4
    ✓ Провокатор B7      @ (6,5,1) hp=2/2
    ✓ Паук B8            @ (2,6,1) hp=1/1
  Team C: живых 8/8
    ✓ Артиллерия C1      @ (4,9,9) hp=1/1
    ✓ Радиовышка C2      @ (6,6,8) hp=3/3
    ✓ Прыгун C3          @ (7,4,8) hp=2/2
    ✓ Факел C4           @ (5,8,9) hp=6/6
    ✓ Тишина C5          @ (4,7,8) hp=2/2
    ✓ Бурав C6           @ (7,1,9) hp=4/4
    ✓ Провокатор C7      @ (5,2,8) hp=2/2
    ✓ Паук C8            @ (6,4,8) hp=1/1

======================================================================
ХОД 2
======================================================================
✓ 🎮 GM: начинаем ход
GM: start_turn

--- Радиовышки: сканирование слоя Z ---
  Радиовышка A2 (z=5): слой чист
  Радиовышка B2 (z=1): слой чист
  Радиовышка C2 (z=8): слой чист

--- Решения ботов ---
  [Team A] Радиовышка A2 (8,5,5) → MOVE (7,6,6)
  [Team A] Прыгун A3 (3,5,5) → MOVE (4,6,6)
  [Team A] Факел A4 (4,3,5) → MOVE (3,4,5)
  [Team A] Тишина A5 (8,7,5) → PHASE toggle
  [Team A] Бурав A6 (3,1,5) → MOVE (4,2,6)
  [Team A] Провокатор A7 (5,5,5) → HOLOGRAM (6,6,6)
  [Team A] Паук A8 (5,2,5) → MINE (6,3,6)
  [Team B] Артиллерия B1 (3,1,0) → SHOOT at (4,9,5)
  [Team B] Радиовышка B2 (1,5,1) → MOVE (2,5,2)
  [Team B] Прыгун B3 (2,4,1) → MOVE (3,5,2)
  [Team B] Факел B4 (7,6,0) → MOVE (6,5,0)
  [Team B] Тишина B5 (7,4,1) → MOVE (6,5,2)
  [Team B] Бурав B6 (9,9,0) → MOVE (8,8,1)
  [Team B] Провокатор B7 (6,5,1) → MOVE (5,5,2)
  [Team B] Паук B8 (2,6,1) → MOVE (2,5,1)
  [Team C] Артиллерия C1 (4,9,9) → SHOOT at (5,5,5)
  [Team C] Радиовышка C2 (6,6,8) → MOVE (7,5,7)
  [Team C] Прыгун C3 (7,4,8) → MOVE (8,5,7)
  [Team C] Факел C4 (5,8,9) → MOVE (5,9,9)
  [Team C] Тишина C5 (4,7,8) → PHASE toggle
  [Team C] Бурав C6 (7,1,9) → MOVE (8,2,8)
  [Team C] Провокатор C7 (5,2,8) → HOLOGRAM (6,3,7)
  [Team C] Паук C8 (6,4,8) → MINE (7,4,7)
! 🎮 GM: принудительно завершает фазу планирования
GM: end_planning
# 
============================================================
# 🔄 ОБРАБОТКА ХОДА 2
# ============================================================
   🌀 Тишина A5: фаза ВКЛ
   🌀 Тишина C5: фаза ВКЛ
   🪞 Провокатор A7 создал голограмму H1 в (6,6,6)
   🪞 Провокатор C7 создал голограмму H2 в (6,3,7)
   💣 Паук A8 установил мину M1 в (6,3,6)
   💣 Паук C8 установил мину M2 в (7,4,7)

📦 ПЕРЕМЕЩЕНИЯ:
   Радиовышка A2: (8, 5, 5) → (7,6,6)
   Прыгун A3: (3, 5, 5) → (4,6,6)
   Факел A4: (4, 3, 5) → (3,4,5)
!    ⚠️ Бурав A6: Бурав двигается только по 1 оси или по 2 осям строго диагонально
   Радиовышка B2: (1, 5, 1) → (2,5,2)
   Прыгун B3: (2, 4, 1) → (3,5,2)
   Факел B4: (7, 6, 0) → (6,5,0)
   Тишина B5: (7, 4, 1) → (6,5,2)
!    ⚠️ Бурав B6: Бурав двигается только по 1 оси или по 2 осям строго диагонально
   Провокатор B7: (6, 5, 1) → (5,5,2)
   Паук B8: (2, 6, 1) → (2,5,1)
   Радиовышка C2: (6, 6, 8) → (7,5,7)
   Прыгун C3: (7, 4, 8) → (8,5,7)
   Факел C4: (5, 8, 9) → (5,9,9)
!    ⚠️ Бурав C6: Бурав двигается только по 1 оси или по 2 осям строго диагонально

🎯 ВЫСТРЕЛЫ:
✓    ✅ Артиллерия C1 поразил Провокатор A7 (2 урона)!
   Выпущено ракет: 2
# 
📊 РЕЗУЛЬТАТЫ ХОДА 2:
✓ 💥 ПОПАДАНИЯ:
✓    Артиллерия C1 (Team C) → Провокатор A7 (Team A)

--- Результаты хода ---
  Team C / Артиллерия C1      → Team A / Провокатор A7      @ (5,5,5)  (УБИТ)

--- Состояние команд после хода ---
  Team A: живых 6/8
    ✓ Радиовышка A2      @ (7,6,6) hp=3/3
    ✓ Прыгун A3          @ (4,6,6) hp=2/2
    ✓ Факел A4           @ (3,4,5) hp=6/6
    ✓ Тишина A5          @ (8,7,5) hp=2/2
    ✓ Бурав A6           @ (3,1,5) hp=4/4
    ✓ Паук A8            @ (5,2,5) hp=1/1
    ✗ Артиллерия A1      @ (7,9,5) [уничтожен]
    ✗ Провокатор A7      @ (5,5,5) [уничтожен]
  Team B: живых 8/8
    ✓ Артиллерия B1      @ (3,1,0) hp=1/1
    ✓ Радиовышка B2      @ (2,5,2) hp=3/3
    ✓ Прыгун B3          @ (3,5,2) hp=2/2
    ✓ Факел B4           @ (6,5,0) hp=6/6
    ✓ Тишина B5          @ (6,5,2) hp=2/2
    ✓ Бурав B6           @ (9,9,0) hp=4/4
    ✓ Провокатор B7      @ (5,5,2) hp=2/2
    ✓ Паук B8            @ (2,5,1) hp=1/1
  Team C: живых 8/8
    ✓ Артиллерия C1      @ (4,9,9) hp=1/1
    ✓ Радиовышка C2      @ (7,5,7) hp=3/3
    ✓ Прыгун C3          @ (8,5,7) hp=2/2
    ✓ Факел C4           @ (5,9,9) hp=6/6
    ✓ Тишина C5          @ (4,7,8) hp=2/2
    ✓ Бурав C6           @ (7,1,9) hp=4/4
    ✓ Провокатор C7      @ (5,2,8) hp=2/2
    ✓ Паук C8            @ (6,4,8) hp=1/1

======================================================================
ХОД 3
======================================================================
✓ 🎮 GM: начинаем ход
GM: start_turn

--- Радиовышки: сканирование слоя Z ---
  Радиовышка A2 (z=6): слой чист
  Радиовышка B2 (z=2): слой чист
  Радиовышка C2 (z=7): слой чист

--- Решения ботов ---
  [Team A] Радиовышка A2 (7,6,6) → MOVE (7,5,7)
  [Team A] Прыгун A3 (4,6,6) → MOVE (6,4,8)
  [Team A] Факел A4 (3,4,5) → MOVE (4,5,6)
  [Team A] Тишина A5 (8,7,5) → MOVE (8,7,6)
  [Team A] Бурав A6 (3,1,5) → MOVE (4,2,6)
  [Team A] Паук A8 (5,2,5) → MINE (4,3,4)
  [Team B] Артиллерия B1 (3,1,0) → SHOOT at (5,2,5)
  [Team B] Радиовышка B2 (2,5,2) → MOVE (3,4,3)
  [Team B] Прыгун B3 (3,5,2) → MOVE (3,5,3)
  [Team B] Факел B4 (6,5,0) → MOVE (5,4,0)
  [Team B] Тишина B5 (6,5,2) → PHASE toggle
  [Team B] Бурав B6 (9,9,0) → MOVE (8,8,1)
  [Team B] Провокатор B7 (5,5,2) → HOLOGRAM (4,4,3)
  [Team B] Паук B8 (2,5,1) → MINE (3,4,2)
  [Team C] Артиллерия C1 (4,9,9) → SHOOT at (4,6,6)
  [Team C] Радиовышка C2 (7,5,7) → MOVE (7,6,6)
  [Team C] Прыгун C3 (8,5,7) → MOVE (8,6,6)
  [Team C] Тишина C5 (4,7,8) → MOVE (4,6,7)
  [Team C] Бурав C6 (7,1,9) → MOVE (6,2,8)
  [Team C] Провокатор C7 (5,2,8) → HOLOGRAM (4,3,7)
  [Team C] Паук C8 (6,4,8) → MINE (7,4,7)
  [Team C] Факел C4 → SKIP
! 🎮 GM: принудительно завершает фазу планирования
GM: end_planning
# 
============================================================
# 🔄 ОБРАБОТКА ХОДА 3
# ============================================================
   🌀 Тишина B5: фаза ВКЛ
   🪞 Провокатор B7 создал голограмму H3 в (4,4,3)
   🪞 Провокатор C7 создал голограмму H4 в (4,3,7)
   💣 Паук A8 установил мину M3 в (4,3,4)
   💣 Паук B8 установил мину M4 в (3,4,2)
!    ⚠️ Паук C8: в клетке уже стоит мина

📦 ПЕРЕМЕЩЕНИЯ:
!    ⚠️ Радиовышка A2: клетка (7,5,7) занята
✓    💥 Прыгун A3 тараном уничтожил Паук C8 в (6,4,8)
   Прыгун A3: (4, 6, 6) → (6,4,8)
   Факел A4: (3, 4, 5) → (4,5,6)
   Тишина A5: (8, 7, 5) → (8,7,6)
!    ⚠️ Бурав A6: Бурав двигается только по 1 оси или по 2 осям строго диагонально
   Радиовышка B2: (2, 5, 2) → (3,4,3)
   Прыгун B3: (3, 5, 2) → (3,5,3)
   Факел B4: (6, 5, 0) → (5,4,0)
!    ⚠️ Бурав B6: Бурав двигается только по 1 оси или по 2 осям строго диагонально
!    ⚠️ Радиовышка C2: клетка (7,6,6) занята
   Прыгун C3: (8, 5, 7) → (8,6,6)
   Тишина C5: (4, 7, 8) → (4,6,7)
!    ⚠️ Бурав C6: Бурав двигается только по 1 оси или по 2 осям строго диагонально

🎯 ВЫСТРЕЛЫ:
✓    ✅ Артиллерия B1 поразил Паук A8 (2 урона)!
   Выпущено ракет: 2
# 
📊 РЕЗУЛЬТАТЫ ХОДА 3:
✓ 💥 ПОПАДАНИЯ:
✓    Артиллерия B1 (Team B) → Паук A8 (Team A)

--- Результаты хода ---
  Team A / Прыгун A3          → Team C / Паук C8            @ (6,4,8)  (УБИТ)
  Team B / Артиллерия B1      → Team A / Паук A8            @ (5,2,5)  (УБИТ)

--- Состояние команд после хода ---
  Team A: живых 5/8
    ✓ Радиовышка A2      @ (7,6,6) hp=3/3
    ✓ Прыгун A3          @ (6,4,8) hp=2/2
    ✓ Факел A4           @ (4,5,6) hp=6/6
    ✓ Тишина A5          @ (8,7,6) hp=2/2
    ✓ Бурав A6           @ (3,1,5) hp=4/4
    ✗ Артиллерия A1      @ (7,9,5) [уничтожен]
    ✗ Провокатор A7      @ (5,5,5) [уничтожен]
    ✗ Паук A8            @ (5,2,5) [уничтожен]
  Team B: живых 8/8
    ✓ Артиллерия B1      @ (3,1,0) hp=1/1
    ✓ Радиовышка B2      @ (3,4,3) hp=3/3
    ✓ Прыгун B3          @ (3,5,3) hp=2/2
    ✓ Факел B4           @ (5,4,0) hp=6/6
    ✓ Тишина B5          @ (6,5,2) hp=2/2
    ✓ Бурав B6           @ (9,9,0) hp=4/4
    ✓ Провокатор B7      @ (5,5,2) hp=2/2
    ✓ Паук B8            @ (2,5,1) hp=1/1
  Team C: живых 7/8
    ✓ Артиллерия C1      @ (4,9,9) hp=1/1
    ✓ Радиовышка C2      @ (7,5,7) hp=3/3
    ✓ Прыгун C3          @ (8,6,6) hp=2/2
    ✓ Факел C4           @ (5,9,9) hp=6/6
    ✓ Тишина C5          @ (4,6,7) hp=2/2
    ✓ Бурав C6           @ (7,1,9) hp=4/4
    ✓ Провокатор C7      @ (5,2,8) hp=2/2
    ✗ Паук C8            @ (6,4,8) [уничтожен]

======================================================================
ХОД 4
======================================================================
✓ 🎮 GM: начинаем ход
GM: start_turn

--- Радиовышки: сканирование слоя Z ---
  Радиовышка A2 (z=6): видит 1 врагов  → Прыгун C3(8,6,6)
  Радиовышка B2 (z=3): слой чист
  Радиовышка C2 (z=7): слой чист

--- Решения ботов ---
  [Team A] Радиовышка A2 (7,6,6) → MOVE (7,5,7)
  [Team A] Прыгун A3 (6,4,8) → MOVE (8,6,6)
  [Team A] Факел A4 (4,5,6) → MOVE (5,4,7)
  [Team A] Бурав A6 (3,1,5) → MOVE (3,2,4)
  [Team A] Тишина A5 → SKIP
  [Team B] Артиллерия B1 (3,1,0) → SHOOT at (4,5,6)
  [Team B] Радиовышка B2 (3,4,3) → MOVE (4,5,4)
  [Team B] Прыгун B3 (3,5,3) → MOVE (4,5,3)
  [Team B] Факел B4 (5,4,0) → MOVE (4,3,0)
  [Team B] Тишина B5 (6,5,2) → MOVE (5,5,3)
  [Team B] Бурав B6 (9,9,0) → MOVE (8,8,1)
  [Team B] Провокатор B7 (5,5,2) → HOLOGRAM (4,5,2)
  [Team B] Паук B8 (2,5,1) → MINE (3,4,2)
  [Team C] Артиллерия C1 (4,9,9) → SHOOT at (6,4,8)
  [Team C] Радиовышка C2 (7,5,7) → MOVE (7,6,6)
  [Team C] Прыгун C3 (8,6,6) → MOVE (6,4,8)
  [Team C] Тишина C5 (4,6,7) → MOVE (4,5,6)
  [Team C] Бурав C6 (7,1,9) → MOVE (6,2,8)
  [Team C] Провокатор C7 (5,2,8) → HOLOGRAM (6,3,8)
  [Team C] Факел C4 → SKIP
! 🎮 GM: принудительно завершает фазу планирования
GM: end_planning
# 
============================================================
# 🔄 ОБРАБОТКА ХОДА 4
# ============================================================
   🪞 Провокатор B7 создал голограмму H5 в (4,5,2)
   🪞 Провокатор C7 создал голограмму H6 в (6,3,8)
!    ⚠️ Паук B8: в клетке уже стоит мина

📦 ПЕРЕМЕЩЕНИЯ:
!    ⚠️ Радиовышка A2: клетка (7,5,7) занята
✓    💥 Прыгун A3 тараном уничтожил Прыгун C3 в (8,6,6)
   Прыгун A3: (6, 4, 8) → (8,6,6)
   Факел A4: (4, 5, 6) → (5,4,7)
   Бурав A6: (3, 1, 5) → (3,2,4)
   Радиовышка B2: (3, 4, 3) → (4,5,4)
   Прыгун B3: (3, 5, 3) → (4,5,3)
   Факел B4: (5, 4, 0) → (4,3,0)
   Тишина B5: (6, 5, 2) → (5,5,3)
!    ⚠️ Бурав B6: Бурав двигается только по 1 оси или по 2 осям строго диагонально
!    ⚠️ Радиовышка C2: клетка (7,6,6) занята
   Тишина C5: (4, 6, 7) → (4,5,6)
!    ⚠️ Бурав C6: Бурав двигается только по 1 оси или по 2 осям строго диагонально

🎯 ВЫСТРЕЛЫ:
   Выпущено ракет: 2
# 
📊 РЕЗУЛЬТАТЫ ХОДА 4:
🎯 Попаданий нет

--- Результаты хода ---
  Team A / Прыгун A3          → Team C / Прыгун C3          @ (8,6,6)  (УБИТ)

--- Состояние команд после хода ---
  Team A: живых 5/8
    ✓ Радиовышка A2      @ (7,6,6) hp=3/3
    ✓ Прыгун A3          @ (8,6,6) hp=2/2
    ✓ Факел A4           @ (5,4,7) hp=6/6
    ✓ Тишина A5          @ (8,7,6) hp=2/2
    ✓ Бурав A6           @ (3,2,4) hp=4/4
    ✗ Артиллерия A1      @ (7,9,5) [уничтожен]
    ✗ Провокатор A7      @ (5,5,5) [уничтожен]
    ✗ Паук A8            @ (5,2,5) [уничтожен]
  Team B: живых 8/8
    ✓ Артиллерия B1      @ (3,1,0) hp=1/1
    ✓ Радиовышка B2      @ (4,5,4) hp=3/3
    ✓ Прыгун B3          @ (4,5,3) hp=2/2
    ✓ Факел B4           @ (4,3,0) hp=6/6
    ✓ Тишина B5          @ (5,5,3) hp=2/2
    ✓ Бурав B6           @ (9,9,0) hp=4/4
    ✓ Провокатор B7      @ (5,5,2) hp=2/2
    ✓ Паук B8            @ (2,5,1) hp=1/1
  Team C: живых 6/8
    ✓ Артиллерия C1      @ (4,9,9) hp=1/1
    ✓ Радиовышка C2      @ (7,5,7) hp=3/3
    ✓ Факел C4           @ (5,9,9) hp=6/6
    ✓ Тишина C5          @ (4,5,6) hp=2/2
    ✓ Бурав C6           @ (7,1,9) hp=4/4
    ✓ Провокатор C7      @ (5,2,8) hp=2/2
    ✗ Прыгун C3          @ (8,6,6) [уничтожен]
    ✗ Паук C8            @ (6,4,8) [уничтожен]

======================================================================
ХОД 5
======================================================================
✓ 🎮 GM: начинаем ход
GM: start_turn

--- Радиовышки: сканирование слоя Z ---
  Радиовышка A2 (z=6): слой чист
  Радиовышка B2 (z=4): видит 1 врагов  → Бурав A6(3,2,4)
  Радиовышка C2 (z=7): видит 1 врагов  → Факел A4(5,4,7)

--- Решения ботов ---
  [Team A] Радиовышка A2 (7,6,6) → MOVE (7,5,7)
  [Team A] Прыгун A3 (8,6,6) → MOVE (7,6,7)
  [Team A] Факел A4 (5,4,7) → MOVE (6,5,6)
  [Team A] Тишина A5 (8,7,6) → MOVE (7,7,7)
  [Team A] Бурав A6 (3,2,4) → MOVE (4,3,4)
  [Team B] Артиллерия B1 (3,1,0) → SHOOT at (8,6,6)
  [Team B] Радиовышка B2 (4,5,4) → MOVE (5,6,5)
  [Team B] Прыгун B3 (4,5,3) → MOVE (5,6,4)
  [Team B] Факел B4 (4,3,0) → MOVE (3,2,0)
  [Team B] Тишина B5 (5,5,3) → MOVE (6,6,4)
  [Team B] Бурав B6 (9,9,0) → MOVE (8,8,1)
  [Team B] Провокатор B7 (5,5,2) → HOLOGRAM (4,4,3)
  [Team B] Паук B8 (2,5,1) → MINE (3,4,2)
  [Team C] Артиллерия C1 (4,9,9) → SHOOT at (8,6,6)
  [Team C] Радиовышка C2 (7,5,7) → MOVE (7,6,6)
  [Team C] Тишина C5 (4,5,6) → MOVE (5,4,7)
  [Team C] Бурав C6 (7,1,9) → MOVE (6,2,8)
  [Team C] Провокатор C7 (5,2,8) → HOLOGRAM (5,3,7)
  [Team C] Факел C4 → SKIP
! 🎮 GM: принудительно завершает фазу планирования
GM: end_planning
# 
============================================================
# 🔄 ОБРАБОТКА ХОДА 5
# ============================================================
!    ⚠️ Провокатор B7: клетка (4,4,3) уже занята голограммой
   🪞 Провокатор C7 создал голограмму H7 в (5,3,7)
!    ⚠️ Паук B8: в клетке уже стоит мина

📦 ПЕРЕМЕЩЕНИЯ:
!    ⚠️ Радиовышка A2: клетка (7,5,7) занята
   Прыгун A3: (8, 6, 6) → (7,6,7)
   Факел A4: (5, 4, 7) → (6,5,6)
   Тишина A5: (8, 7, 6) → (7,7,7)
   Бурав A6: (3, 2, 4) → (4,3,4)
   Радиовышка B2: (4, 5, 4) → (5,6,5)
   Прыгун B3: (4, 5, 3) → (5,6,4)
   Факел B4: (4, 3, 0) → (3,2,0)
   Тишина B5: (5, 5, 3) → (6,6,4)
!    ⚠️ Бурав B6: Бурав двигается только по 1 оси или по 2 осям строго диагонально
!    ⚠️ Радиовышка C2: клетка (7,6,6) занята
   Тишина C5: (4, 5, 6) → (5,4,7)
!    ⚠️ Бурав C6: Бурав двигается только по 1 оси или по 2 осям строго диагонально

🎯 ВЫСТРЕЛЫ:
   Выпущено ракет: 2
# 
📊 РЕЗУЛЬТАТЫ ХОДА 5:
🎯 Попаданий нет

--- Результаты хода ---
  Попаданий нет

--- Состояние команд после хода ---
  Team A: живых 5/8
    ✓ Радиовышка A2      @ (7,6,6) hp=3/3
    ✓ Прыгун A3          @ (7,6,7) hp=2/2
    ✓ Факел A4           @ (6,5,6) hp=6/6
    ✓ Тишина A5          @ (7,7,7) hp=2/2
    ✓ Бурав A6           @ (4,3,4) hp=4/4
    ✗ Артиллерия A1      @ (7,9,5) [уничтожен]
    ✗ Провокатор A7      @ (5,5,5) [уничтожен]
    ✗ Паук A8            @ (5,2,5) [уничтожен]
  Team B: живых 8/8
    ✓ Артиллерия B1      @ (3,1,0) hp=1/1
    ✓ Радиовышка B2      @ (5,6,5) hp=3/3
    ✓ Прыгун B3          @ (5,6,4) hp=2/2
    ✓ Факел B4           @ (3,2,0) hp=6/6
    ✓ Тишина B5          @ (6,6,4) hp=2/2
    ✓ Бурав B6           @ (9,9,0) hp=4/4
    ✓ Провокатор B7      @ (5,5,2) hp=2/2
    ✓ Паук B8            @ (2,5,1) hp=1/1
  Team C: живых 6/8
    ✓ Артиллерия C1      @ (4,9,9) hp=1/1
    ✓ Радиовышка C2      @ (7,5,7) hp=3/3
    ✓ Факел C4           @ (5,9,9) hp=6/6
    ✓ Тишина C5          @ (5,4,7) hp=2/2
    ✓ Бурав C6           @ (7,1,9) hp=4/4
    ✓ Провокатор C7      @ (5,2,8) hp=2/2
    ✗ Прыгун C3          @ (8,6,6) [уничтожен]
    ✗ Паук C8            @ (6,4,8) [уничтожен]

======================================================================
ХОД 6
======================================================================
✓ 🎮 GM: начинаем ход
GM: start_turn

--- Радиовышки: сканирование слоя Z ---
  Радиовышка A2 (z=6): слой чист
  Радиовышка B2 (z=5): слой чист
  Радиовышка C2 (z=7): видит 1 врагов  → Прыгун A3(7,6,7)

--- Решения ботов ---
  [Team A] Радиовышка A2 (7,6,6) → MOVE (7,5,7)
  [Team A] Прыгун A3 (7,6,7) → MOVE (5,6,5)
  [Team A] Факел A4 (6,5,6) → MOVE (7,5,6)
  [Team A] Тишина A5 (7,7,7) → MOVE (6,6,6)
  [Team A] Бурав A6 (4,3,4) → MOVE (5,4,3)
  [Team B] Артиллерия B1 (3,1,0) → SHOOT at (7,6,7)
  [Team B] Радиовышка B2 (5,6,5) → MOVE (6,5,6)
  [Team B] Прыгун B3 (5,6,4) → MOVE (7,6,6)
  [Team B] Тишина B5 (6,6,4) → MOVE (7,6,5)
  [Team B] Бурав B6 (9,9,0) → MOVE (8,8,1)
  [Team B] Провокатор B7 (5,5,2) → HOLOGRAM (4,4,3)
  [Team B] Паук B8 (2,5,1) → MINE (3,4,2)
  [Team B] Факел B4 → SKIP
  [Team C] Артиллерия C1 (4,9,9) → SHOOT at (7,6,7)
  [Team C] Радиовышка C2 (7,5,7) → MOVE (7,6,6)
  [Team C] Тишина C5 (5,4,7) → MOVE (6,5,6)
  [Team C] Бурав C6 (7,1,9) → MOVE (6,2,8)
  [Team C] Провокатор C7 (5,2,8) → HOLOGRAM (6,3,7)
  [Team C] Факел C4 → SKIP
! 🎮 GM: принудительно завершает фазу планирования
GM: end_planning
# 
============================================================
# 🔄 ОБРАБОТКА ХОДА 6
# ============================================================
!    ⚠️ Провокатор B7: клетка (4,4,3) уже занята голограммой
!    ⚠️ Провокатор C7: клетка (6,3,7) уже занята голограммой
!    ⚠️ Паук B8: в клетке уже стоит мина

📦 ПЕРЕМЕЩЕНИЯ:
!    ⚠️ Радиовышка A2: клетка (7,5,7) занята
✓    💥 Прыгун A3 тараном уничтожил Радиовышка B2 в (5,6,5)
   Прыгун A3: (7, 6, 7) → (5,6,5)
   Факел A4: (6, 5, 6) → (7,5,6)
!    ⚠️ Тишина A5: клетка (6,6,6) занята
!    ⚠️ Бурав A6: Бурав двигается только по 1 оси или по 2 осям строго диагонально
✓    💥 Прыгун B3 тараном уничтожил Радиовышка A2 в (7,6,6)
   Прыгун B3: (5, 6, 4) → (7,6,6)
   Тишина B5: (6, 6, 4) → (7,6,5)
!    ⚠️ Бурав B6: Бурав двигается только по 1 оси или по 2 осям строго диагонально
!    ⚠️ Радиовышка C2: клетка (7,6,6) занята
   Тишина C5: (5, 4, 7) → (6,5,6)
!    ⚠️ Бурав C6: Бурав двигается только по 1 оси или по 2 осям строго диагонально

🎯 ВЫСТРЕЛЫ:
   Выпущено ракет: 2
# 
📊 РЕЗУЛЬТАТЫ ХОДА 6:
🎯 Попаданий нет

--- Результаты хода ---
  Team A / Прыгун A3          → Team B / Радиовышка B2      @ (5,6,5)  (УБИТ)
  Team B / Прыгун B3          → Team A / Радиовышка A2      @ (7,6,6)  (УБИТ)

--- Состояние команд после хода ---
  Team A: живых 4/8
    ✓ Прыгун A3          @ (5,6,5) hp=2/2
    ✓ Факел A4           @ (7,5,6) hp=6/6
    ✓ Тишина A5          @ (7,7,7) hp=2/2
    ✓ Бурав A6           @ (4,3,4) hp=4/4
    ✗ Артиллерия A1      @ (7,9,5) [уничтожен]
    ✗ Радиовышка A2      @ (7,6,6) [уничтожен]
    ✗ Провокатор A7      @ (5,5,5) [уничтожен]
    ✗ Паук A8            @ (5,2,5) [уничтожен]
  Team B: живых 7/8
    ✓ Артиллерия B1      @ (3,1,0) hp=1/1
    ✓ Прыгун B3          @ (7,6,6) hp=2/2
    ✓ Факел B4           @ (3,2,0) hp=6/6
    ✓ Тишина B5          @ (7,6,5) hp=2/2
    ✓ Бурав B6           @ (9,9,0) hp=4/4
    ✓ Провокатор B7      @ (5,5,2) hp=2/2
    ✓ Паук B8            @ (2,5,1) hp=1/1
    ✗ Радиовышка B2      @ (5,6,5) [уничтожен]
  Team C: живых 6/8
    ✓ Артиллерия C1      @ (4,9,9) hp=1/1
    ✓ Радиовышка C2      @ (7,5,7) hp=3/3
    ✓ Факел C4           @ (5,9,9) hp=6/6
    ✓ Тишина C5          @ (6,5,6) hp=2/2
    ✓ Бурав C6           @ (7,1,9) hp=4/4
    ✓ Провокатор C7      @ (5,2,8) hp=2/2
    ✗ Прыгун C3          @ (8,6,6) [уничтожен]
    ✗ Паук C8            @ (6,4,8) [уничтожен]

======================================================================
ХОД 7
======================================================================
✓ 🎮 GM: начинаем ход
GM: start_turn

--- Радиовышки: сканирование слоя Z ---
  Радиовышка C2 (z=7): слой чист

--- Решения ботов ---
  [Team A] Прыгун A3 (5,6,5) → MOVE (7,6,6)
  [Team A] Факел A4 (7,5,6) → SHOOT at (7,6,6)
  [Team A] Тишина A5 (7,7,7) → MOVE (7,6,7)
  [Team A] Бурав A6 (4,3,4) → MOVE (5,4,3)
  [Team B] Артиллерия B1 (3,1,0) → SHOOT at (4,9,9)
  [Team B] Прыгун B3 (7,6,6) → MOVE (7,5,6)
  [Team B] Тишина B5 (7,6,5) → MOVE (7,5,5)
  [Team B] Бурав B6 (9,9,0) → MOVE (8,8,1)
  [Team B] Провокатор B7 (5,5,2) → HOLOGRAM (4,4,3)
  [Team B] Паук B8 (2,5,1) → MINE (3,4,2)
  [Team B] Факел B4 → SKIP
  [Team C] Артиллерия C1 (4,9,9) → SHOOT at (7,6,6)
  [Team C] Радиовышка C2 (7,5,7) → MOVE (7,5,6)
  [Team C] Тишина C5 (6,5,6) → MOVE (5,6,5)
  [Team C] Бурав C6 (7,1,9) → MOVE (7,2,8)
  [Team C] Провокатор C7 (5,2,8) → HOLOGRAM (6,3,7)
  [Team C] Факел C4 → SKIP
! 🎮 GM: принудительно завершает фазу планирования
GM: end_planning
# 
============================================================
# 🔄 ОБРАБОТКА ХОДА 7
# ============================================================
!    ⚠️ Провокатор B7: клетка (4,4,3) уже занята голограммой
!    ⚠️ Провокатор C7: клетка (6,3,7) уже занята голограммой
!    ⚠️ Паук B8: в клетке уже стоит мина

📦 ПЕРЕМЕЩЕНИЯ:
✓    💥 Прыгун A3 тараном уничтожил Прыгун B3 в (7,6,6)
   Прыгун A3: (5, 6, 5) → (7,6,6)
   Тишина A5: (7, 7, 7) → (7,6,7)
!    ⚠️ Бурав A6: Бурав двигается только по 1 оси или по 2 осям строго диагонально
   Тишина B5: (7, 6, 5) → (7,5,5)
!    ⚠️ Бурав B6: Бурав двигается только по 1 оси или по 2 осям строго диагонально
!    ⚠️ Радиовышка C2: клетка (7,5,6) занята
   Тишина C5: (6, 5, 6) → (5,6,5)
   Бурав C6: (7, 1, 9) → (7,2,8)

🎯 ВЫСТРЕЛЫ:
!    🛡️ Выстрел Факел A4 заблокирован союзником Прыгун A3 в (7, 6, 6)
✓    ✅ Артиллерия B1 поразил Артиллерия C1 (2 урона)!
✓    ✅ Артиллерия C1 поразил Прыгун A3 (2 урона)!
   Выпущено ракет: 3
# 
📊 РЕЗУЛЬТАТЫ ХОДА 7:
✓ 💥 ПОПАДАНИЯ:
✓    Артиллерия B1 (Team B) → Артиллерия C1 (Team C)
✓    Артиллерия C1 (Team C) → Прыгун A3 (Team A)

--- Результаты хода ---
  Team A / Прыгун A3          → Team B / Прыгун B3          @ (7,6,6)  (УБИТ)
  Team B / Артиллерия B1      → Team C / Артиллерия C1      @ (4,9,9)  (УБИТ)
  Team C / Артиллерия C1      → Team A / Прыгун A3          @ (7,6,6)  (УБИТ)

--- Состояние команд после хода ---
  Team A: живых 3/8
    ✓ Факел A4           @ (7,5,6) hp=6/6
    ✓ Тишина A5          @ (7,6,7) hp=2/2
    ✓ Бурав A6           @ (4,3,4) hp=4/4
    ✗ Артиллерия A1      @ (7,9,5) [уничтожен]
    ✗ Радиовышка A2      @ (7,6,6) [уничтожен]
    ✗ Прыгун A3          @ (7,6,6) [уничтожен]
    ✗ Провокатор A7      @ (5,5,5) [уничтожен]
    ✗ Паук A8            @ (5,2,5) [уничтожен]
  Team B: живых 6/8
    ✓ Артиллерия B1      @ (3,1,0) hp=1/1
    ✓ Факел B4           @ (3,2,0) hp=6/6
    ✓ Тишина B5          @ (7,5,5) hp=2/2
    ✓ Бурав B6           @ (9,9,0) hp=4/4
    ✓ Провокатор B7      @ (5,5,2) hp=2/2
    ✓ Паук B8            @ (2,5,1) hp=1/1
    ✗ Радиовышка B2      @ (5,6,5) [уничтожен]
    ✗ Прыгун B3          @ (7,6,6) [уничтожен]
  Team C: живых 5/8
    ✓ Радиовышка C2      @ (7,5,7) hp=3/3
    ✓ Факел C4           @ (5,9,9) hp=6/6
    ✓ Тишина C5          @ (5,6,5) hp=2/2
    ✓ Бурав C6           @ (7,2,8) hp=4/4
    ✓ Провокатор C7      @ (5,2,8) hp=2/2
    ✗ Артиллерия C1      @ (4,9,9) [уничтожен]
    ✗ Прыгун C3          @ (8,6,6) [уничтожен]
    ✗ Паук C8            @ (6,4,8) [уничтожен]

======================================================================
ХОД 8
======================================================================
✓ 🎮 GM: начинаем ход
GM: start_turn

--- Радиовышки: сканирование слоя Z ---
  Радиовышка C2 (z=7): слой чист

--- Решения ботов ---
  [Team A] Факел A4 (7,5,6) → SHOOT at (7,5,7)
  [Team A] Тишина A5 (7,6,7) → MOVE (7,5,7)
  [Team A] Бурав A6 (4,3,4) → MOVE (5,4,3)
  [Team B] Артиллерия B1 (3,1,0) → SHOOT at (5,2,8)
  [Team B] Тишина B5 (7,5,5) → MOVE (7,5,6)
  [Team B] Бурав B6 (9,9,0) → MOVE (8,8,1)
  [Team B] Провокатор B7 (5,5,2) → HOLOGRAM (4,4,3)
  [Team B] Паук B8 (2,5,1) → MINE (3,4,2)
  [Team B] Факел B4 → SKIP
  [Team C] Радиовышка C2 (7,5,7) → MOVE (7,5,6)
  [Team C] Факел C4 (5,9,9) → MOVE (5,8,8)
  [Team C] Тишина C5 (5,6,5) → MOVE (6,5,6)
  [Team C] Бурав C6 (7,2,8) → MOVE (7,3,7)
  [Team C] Провокатор C7 (5,2,8) → HOLOGRAM (6,3,7)
! 🎮 GM: принудительно завершает фазу планирования
GM: end_planning
# 
============================================================
# 🔄 ОБРАБОТКА ХОДА 8
# ============================================================
!    ⚠️ Провокатор B7: клетка (4,4,3) уже занята голограммой
!    ⚠️ Провокатор C7: клетка (6,3,7) уже занята голограммой
!    ⚠️ Паук B8: в клетке уже стоит мина

📦 ПЕРЕМЕЩЕНИЯ:
!    ⚠️ Тишина A5: клетка (7,5,7) занята
!    ⚠️ Бурав A6: Бурав двигается только по 1 оси или по 2 осям строго диагонально
!    ⚠️ Тишина B5: клетка (7,5,6) занята
!    ⚠️ Бурав B6: Бурав двигается только по 1 оси или по 2 осям строго диагонально
!    ⚠️ Радиовышка C2: клетка (7,5,6) занята
   Факел C4: (5, 9, 9) → (5,8,8)
   Тишина C5: (5, 6, 5) → (6,5,6)
   Бурав C6: (7, 2, 8) → (7,3,7)

🎯 ВЫСТРЕЛЫ:
✓    ✅ Факел A4 поразил Радиовышка C2 (1 урона)!
✓    ✅ Артиллерия B1 поразил Провокатор C7 (2 урона)!
   Выпущено ракет: 2
# 
📊 РЕЗУЛЬТАТЫ ХОДА 8:
✓ 💥 ПОПАДАНИЯ:
✓    Факел A4 (Team A) → Радиовышка C2 (Team C)
✓    Артиллерия B1 (Team B) → Провокатор C7 (Team C)

--- Результаты хода ---
  Team A / Факел A4           → Team C / Радиовышка C2      @ (7,5,7)  (ранен)
  Team B / Артиллерия B1      → Team C / Провокатор C7      @ (5,2,8)  (УБИТ)

--- Состояние команд после хода ---
  Team A: живых 3/8
    ✓ Факел A4           @ (7,5,6) hp=6/6
    ✓ Тишина A5          @ (7,6,7) hp=2/2
    ✓ Бурав A6           @ (4,3,4) hp=4/4
    ✗ Артиллерия A1      @ (7,9,5) [уничтожен]
    ✗ Радиовышка A2      @ (7,6,6) [уничтожен]
    ✗ Прыгун A3          @ (7,6,6) [уничтожен]
    ✗ Провокатор A7      @ (5,5,5) [уничтожен]
    ✗ Паук A8            @ (5,2,5) [уничтожен]
  Team B: живых 6/8
    ✓ Артиллерия B1      @ (3,1,0) hp=1/1
    ✓ Факел B4           @ (3,2,0) hp=6/6
    ✓ Тишина B5          @ (7,5,5) hp=2/2
    ✓ Бурав B6           @ (9,9,0) hp=4/4
    ✓ Провокатор B7      @ (5,5,2) hp=2/2
    ✓ Паук B8            @ (2,5,1) hp=1/1
    ✗ Радиовышка B2      @ (5,6,5) [уничтожен]
    ✗ Прыгун B3          @ (7,6,6) [уничтожен]
  Team C: живых 4/8
    ✓ Радиовышка C2      @ (7,5,7) hp=2/3
    ✓ Факел C4           @ (5,8,8) hp=6/6
    ✓ Тишина C5          @ (6,5,6) hp=2/2
    ✓ Бурав C6           @ (7,3,7) hp=4/4
    ✗ Артиллерия C1      @ (4,9,9) [уничтожен]
    ✗ Прыгун C3          @ (8,6,6) [уничтожен]
    ✗ Провокатор C7      @ (5,2,8) [уничтожен]
    ✗ Паук C8            @ (6,4,8) [уничтожен]

======================================================================
ХОД 9
======================================================================
✓ 🎮 GM: начинаем ход
GM: start_turn

--- Радиовышки: сканирование слоя Z ---
  Радиовышка C2 (z=7): слой чист

--- Решения ботов ---
  [Team A] Факел A4 (7,5,6) → SHOOT at (7,5,7)
  [Team A] Тишина A5 (7,6,7) → MOVE (7,5,7)
  [Team A] Бурав A6 (4,3,4) → MOVE (7,3,7)
  [Team B] Артиллерия B1 (3,1,0) → SHOOT at (7,5,7)
  [Team B] Тишина B5 (7,5,5) → MOVE (7,5,6)
  [Team B] Бурав B6 (9,9,0) → MOVE (8,8,1)
  [Team B] Провокатор B7 (5,5,2) → HOLOGRAM (4,4,3)
  [Team B] Паук B8 (2,5,1) → MINE (3,4,2)
  [Team B] Факел B4 → SKIP
  [Team C] Радиовышка C2 (7,5,7) → MOVE (7,5,6)
  [Team C] Факел C4 (5,8,8) → MOVE (6,7,7)
  [Team C] Бурав C6 (7,3,7) → MOVE (4,3,4)
  [Team C] Тишина C5 → SKIP
! 🎮 GM: принудительно завершает фазу планирования
GM: end_planning
# 
============================================================
# 🔄 ОБРАБОТКА ХОДА 9
# ============================================================
!    ⚠️ Провокатор B7: клетка (4,4,3) уже занята голограммой
!    ⚠️ Паук B8: в клетке уже стоит мина

📦 ПЕРЕМЕЩЕНИЯ:
!    ⚠️ Тишина A5: клетка (7,5,7) занята
✓    💥 Бурав A6 тараном уничтожил Бурав C6 в (7,3,7)
   Бурав A6: (4, 3, 4) → (7,3,7)
!    ⚠️ Тишина B5: клетка (7,5,6) занята
!    ⚠️ Бурав B6: Бурав двигается только по 1 оси или по 2 осям строго диагонально
!    ⚠️ Радиовышка C2: клетка (7,5,6) занята
   Факел C4: (5, 8, 8) → (6,7,7)

🎯 ВЫСТРЕЛЫ:
✓    ✅ Факел A4 поразил Радиовышка C2 (1 урона)!
✓    ✅ Артиллерия B1 поразил Радиовышка C2 (2 урона)!
   Выпущено ракет: 2
# 
📊 РЕЗУЛЬТАТЫ ХОДА 9:
✓ 💥 ПОПАДАНИЯ:
✓    Факел A4 (Team A) → Радиовышка C2 (Team C)
✓    Артиллерия B1 (Team B) → Радиовышка C2 (Team C)

--- Результаты хода ---
  Team A / Бурав A6           → Team C / Бурав C6           @ (7,3,7)  (УБИТ)
  Team A / Факел A4           → Team C / Радиовышка C2      @ (7,5,7)  (ранен)
  Team B / Артиллерия B1      → Team C / Радиовышка C2      @ (7,5,7)  (УБИТ)

--- Состояние команд после хода ---
  Team A: живых 3/8
    ✓ Факел A4           @ (7,5,6) hp=6/6
    ✓ Тишина A5          @ (7,6,7) hp=2/2
    ✓ Бурав A6           @ (7,3,7) hp=4/4
    ✗ Артиллерия A1      @ (7,9,5) [уничтожен]
    ✗ Радиовышка A2      @ (7,6,6) [уничтожен]
    ✗ Прыгун A3          @ (7,6,6) [уничтожен]
    ✗ Провокатор A7      @ (5,5,5) [уничтожен]
    ✗ Паук A8            @ (5,2,5) [уничтожен]
  Team B: живых 6/8
    ✓ Артиллерия B1      @ (3,1,0) hp=1/1
    ✓ Факел B4           @ (3,2,0) hp=6/6
    ✓ Тишина B5          @ (7,5,5) hp=2/2
    ✓ Бурав B6           @ (9,9,0) hp=4/4
    ✓ Провокатор B7      @ (5,5,2) hp=2/2
    ✓ Паук B8            @ (2,5,1) hp=1/1
    ✗ Радиовышка B2      @ (5,6,5) [уничтожен]
    ✗ Прыгун B3          @ (7,6,6) [уничтожен]
  Team C: живых 2/8
    ✓ Факел C4           @ (6,7,7) hp=6/6
    ✓ Тишина C5          @ (6,5,6) hp=2/2
    ✗ Артиллерия C1      @ (4,9,9) [уничтожен]
    ✗ Радиовышка C2      @ (7,5,7) [уничтожен]
    ✗ Прыгун C3          @ (8,6,6) [уничтожен]
    ✗ Бурав C6           @ (7,3,7) [уничтожен]
    ✗ Провокатор C7      @ (5,2,8) [уничтожен]
    ✗ Паук C8            @ (6,4,8) [уничтожен]

======================================================================
ХОД 10
======================================================================
✓ 🎮 GM: начинаем ход
GM: start_turn

--- Радиовышки: сканирование слоя Z ---
  (у команд не осталось живых радиовышек)

--- Решения ботов ---
  [Team A] Факел A4 (7,5,6) → MOVE (7,4,7)
  [Team A] Тишина A5 (7,6,7) → MOVE (6,7,7)
  [Team A] Бурав A6 (7,3,7) → MOVE (6,4,7)
  [Team B] Артиллерия B1 (3,1,0) → SHOOT at (7,5,6)
  [Team B] Тишина B5 (7,5,5) → MOVE (7,5,6)
  [Team B] Бурав B6 (9,9,0) → MOVE (8,8,1)
  [Team B] Провокатор B7 (5,5,2) → HOLOGRAM (6,5,3)
  [Team B] Паук B8 (2,5,1) → MOVE (3,5,2)
  [Team B] Факел B4 → SKIP
  [Team C] Факел C4 (6,7,7) → MOVE (6,6,6)
  [Team C] Тишина C5 (6,5,6) → MOVE (7,5,6)
! 🎮 GM: принудительно завершает фазу планирования
GM: end_planning
# 
============================================================
# 🔄 ОБРАБОТКА ХОДА 10
# ============================================================
   🪞 Провокатор B7 создал голограмму H8 в (6,5,3)

📦 ПЕРЕМЕЩЕНИЯ:
   Факел A4: (7, 5, 6) → (7,4,7)
!    💥 Мина M2 сработала под Факел A4 (урон 2)
!    ⚠️ Тишина A5: клетка (6,7,7) занята
   Бурав A6: (7, 3, 7) → (6,4,7)
   Тишина B5: (7, 5, 5) → (7,5,6)
!    ⚠️ Бурав B6: Бурав двигается только по 1 оси или по 2 осям строго диагонально
   Паук B8: (2, 5, 1) → (3,5,2)
!    ⚠️ Факел C4: клетка (6,6,6) занята
   Тишина C5: (6, 5, 6) → (7,5,6)

🎯 ВЫСТРЕЛЫ:
   Выпущено ракет: 1
# 
📊 РЕЗУЛЬТАТЫ ХОДА 10:
🎯 Попаданий нет

--- Результаты хода ---
  ? / ?                  → Team A / Факел A4           @ (7,4,7)  (ранен)

--- Состояние команд после хода ---
  Team A: живых 3/8
    ✓ Факел A4           @ (7,4,7) hp=4/6
    ✓ Тишина A5          @ (7,6,7) hp=2/2
    ✓ Бурав A6           @ (6,4,7) hp=4/4
    ✗ Артиллерия A1      @ (7,9,5) [уничтожен]
    ✗ Радиовышка A2      @ (7,6,6) [уничтожен]
    ✗ Прыгун A3          @ (7,6,6) [уничтожен]
    ✗ Провокатор A7      @ (5,5,5) [уничтожен]
    ✗ Паук A8            @ (5,2,5) [уничтожен]
  Team B: живых 6/8
    ✓ Артиллерия B1      @ (3,1,0) hp=1/1
    ✓ Факел B4           @ (3,2,0) hp=6/6
    ✓ Тишина B5          @ (7,5,6) hp=2/2
    ✓ Бурав B6           @ (9,9,0) hp=4/4
    ✓ Провокатор B7      @ (5,5,2) hp=2/2
    ✓ Паук B8            @ (3,5,2) hp=1/1
    ✗ Радиовышка B2      @ (5,6,5) [уничтожен]
    ✗ Прыгун B3          @ (7,6,6) [уничтожен]
  Team C: живых 2/8
    ✓ Факел C4           @ (6,7,7) hp=6/6
    ✓ Тишина C5          @ (7,5,6) hp=2/2
    ✗ Артиллерия C1      @ (4,9,9) [уничтожен]
    ✗ Радиовышка C2      @ (7,5,7) [уничтожен]
    ✗ Прыгун C3          @ (8,6,6) [уничтожен]
    ✗ Бурав C6           @ (7,3,7) [уничтожен]
    ✗ Провокатор C7      @ (5,2,8) [уничтожен]
    ✗ Паук C8            @ (6,4,8) [уничтожен]

======================================================================
ХОД 11
======================================================================
✓ 🎮 GM: начинаем ход
GM: start_turn

--- Радиовышки: сканирование слоя Z ---
  (у команд не осталось живых радиовышек)

--- Решения ботов ---
  [Team A] Факел A4 (7,4,7) → HEAL (AoE)
  [Team A] Тишина A5 (7,6,7) → MOVE (6,7,7)
  [Team A] Бурав A6 (6,4,7) → MOVE (6,5,7)
  [Team B] Артиллерия B1 (3,1,0) → SHOOT at (7,4,7)
  [Team B] Тишина B5 (7,5,6) → MOVE (7,4,7)
  [Team B] Бурав B6 (9,9,0) → MOVE (8,8,1)
  [Team B] Провокатор B7 (5,5,2) → HOLOGRAM (6,4,3)
  [Team B] Паук B8 (3,5,2) → MOVE (4,4,3)
  [Team B] Факел B4 → SKIP
  [Team C] Факел C4 (6,7,7) → SHOOT at (6,4,7)
  [Team C] Тишина C5 (7,5,6) → MOVE (7,4,7)
! 🎮 GM: принудительно завершает фазу планирования
GM: end_planning
# 
============================================================
# 🔄 ОБРАБОТКА ХОДА 11
# ============================================================
   🪞 Провокатор B7 создал голограмму H9 в (6,4,3)

📦 ПЕРЕМЕЩЕНИЯ:
!    ⚠️ Тишина A5: клетка (6,7,7) занята
   Бурав A6: (6, 4, 7) → (6,5,7)
!    ⚠️ Тишина B5: клетка (7,4,7) занята
!    ⚠️ Бурав B6: Бурав двигается только по 1 оси или по 2 осям строго диагонально
!    ⚠️ Паук B8: клетка (4,4,3) занята
!    ⚠️ Тишина C5: клетка (7,4,7) занята

🎯 ВЫСТРЕЛЫ:
✓    ✅ Артиллерия B1 поразил Факел A4 (2 урона)!
✓    ✅ Факел C4 поразил Бурав A6 (1 урона)!
✓    💚 Факел A4 лечит Факел A4 → hits=3/6
✓    💚 Факел A4 лечит Бурав A6 → hits=0/4
   Выпущено ракет: 2
# 
📊 РЕЗУЛЬТАТЫ ХОДА 11:
✓ 💥 ПОПАДАНИЯ:
✓    Артиллерия B1 (Team B) → Факел A4 (Team A)
✓    Факел C4 (Team C) → Бурав A6 (Team A)

--- Результаты хода ---
  Team B / Артиллерия B1      → Team A / Факел A4           @ (7,4,7)  (ранен)
  Team C / Факел C4           → Team A / Бурав A6           @ (6,5,7)  (ранен)

--- Состояние команд после хода ---
  Team A: живых 3/8
    ✓ Факел A4           @ (7,4,7) hp=3/6
    ✓ Тишина A5          @ (7,6,7) hp=2/2
    ✓ Бурав A6           @ (6,5,7) hp=4/4
    ✗ Артиллерия A1      @ (7,9,5) [уничтожен]
    ✗ Радиовышка A2      @ (7,6,6) [уничтожен]
    ✗ Прыгун A3          @ (7,6,6) [уничтожен]
    ✗ Провокатор A7      @ (5,5,5) [уничтожен]
    ✗ Паук A8            @ (5,2,5) [уничтожен]
  Team B: живых 6/8
    ✓ Артиллерия B1      @ (3,1,0) hp=1/1
    ✓ Факел B4           @ (3,2,0) hp=6/6
    ✓ Тишина B5          @ (7,5,6) hp=2/2
    ✓ Бурав B6           @ (9,9,0) hp=4/4
    ✓ Провокатор B7      @ (5,5,2) hp=2/2
    ✓ Паук B8            @ (3,5,2) hp=1/1
    ✗ Радиовышка B2      @ (5,6,5) [уничтожен]
    ✗ Прыгун B3          @ (7,6,6) [уничтожен]
  Team C: живых 2/8
    ✓ Факел C4           @ (6,7,7) hp=6/6
    ✓ Тишина C5          @ (7,5,6) hp=2/2
    ✗ Артиллерия C1      @ (4,9,9) [уничтожен]
    ✗ Радиовышка C2      @ (7,5,7) [уничтожен]
    ✗ Прыгун C3          @ (8,6,6) [уничтожен]
    ✗ Бурав C6           @ (7,3,7) [уничтожен]
    ✗ Провокатор C7      @ (5,2,8) [уничтожен]
    ✗ Паук C8            @ (6,4,8) [уничтожен]

======================================================================
ХОД 12
======================================================================
✓ 🎮 GM: начинаем ход
GM: start_turn

--- Радиовышки: сканирование слоя Z ---
  (у команд не осталось живых радиовышек)

--- Решения ботов ---
  [Team A] Факел A4 (7,4,7) → HEAL (AoE)
  [Team A] Тишина A5 (7,6,7) → MOVE (6,7,7)
  [Team A] Бурав A6 (6,5,7) → MOVE (6,6,7)
  [Team B] Артиллерия B1 (3,1,0) → SHOOT at (7,4,7)
  [Team B] Тишина B5 (7,5,6) → MOVE (7,4,7)
  [Team B] Бурав B6 (9,9,0) → MOVE (8,8,1)
  [Team B] Провокатор B7 (5,5,2) → HOLOGRAM (6,4,3)
  [Team B] Паук B8 (3,5,2) → MOVE (4,4,3)
  [Team B] Факел B4 → SKIP
  [Team C] Факел C4 (6,7,7) → SHOOT at (6,5,7)
  [Team C] Тишина C5 (7,5,6) → MOVE (7,4,7)
! 🎮 GM: принудительно завершает фазу планирования
GM: end_planning
# 
============================================================
# 🔄 ОБРАБОТКА ХОДА 12
# ============================================================
!    ⚠️ Провокатор B7: клетка (6,4,3) уже занята голограммой

📦 ПЕРЕМЕЩЕНИЯ:
!    ⚠️ Тишина A5: клетка (6,7,7) занята
   Бурав A6: (6, 5, 7) → (6,6,7)
!    ⚠️ Тишина B5: клетка (7,4,7) занята
!    ⚠️ Бурав B6: Бурав двигается только по 1 оси или по 2 осям строго диагонально
!    ⚠️ Паук B8: клетка (4,4,3) занята
!    ⚠️ Тишина C5: клетка (7,4,7) занята

🎯 ВЫСТРЕЛЫ:
✓    ✅ Артиллерия B1 поразил Факел A4 (2 урона)!
✓    ✅ Факел C4 поразил Бурав A6 (1 урона)!
✓    💚 Факел A4 лечит Факел A4 → hits=4/6
✓    💚 Факел A4 лечит Бурав A6 → hits=0/4
   Выпущено ракет: 2
# 
📊 РЕЗУЛЬТАТЫ ХОДА 12:
✓ 💥 ПОПАДАНИЯ:
✓    Артиллерия B1 (Team B) → Факел A4 (Team A)
✓    Факел C4 (Team C) → Бурав A6 (Team A)

--- Результаты хода ---
  Team B / Артиллерия B1      → Team A / Факел A4           @ (7,4,7)  (ранен)
  Team C / Факел C4           → Team A / Бурав A6           @ (6,6,7)  (ранен)

--- Состояние команд после хода ---
  Team A: живых 3/8
    ✓ Факел A4           @ (7,4,7) hp=2/6
    ✓ Тишина A5          @ (7,6,7) hp=2/2
    ✓ Бурав A6           @ (6,6,7) hp=4/4
    ✗ Артиллерия A1      @ (7,9,5) [уничтожен]
    ✗ Радиовышка A2      @ (7,6,6) [уничтожен]
    ✗ Прыгун A3          @ (7,6,6) [уничтожен]
    ✗ Провокатор A7      @ (5,5,5) [уничтожен]
    ✗ Паук A8            @ (5,2,5) [уничтожен]
  Team B: живых 6/8
    ✓ Артиллерия B1      @ (3,1,0) hp=1/1
    ✓ Факел B4           @ (3,2,0) hp=6/6
    ✓ Тишина B5          @ (7,5,6) hp=2/2
    ✓ Бурав B6           @ (9,9,0) hp=4/4
    ✓ Провокатор B7      @ (5,5,2) hp=2/2
    ✓ Паук B8            @ (3,5,2) hp=1/1
    ✗ Радиовышка B2      @ (5,6,5) [уничтожен]
    ✗ Прыгун B3          @ (7,6,6) [уничтожен]
  Team C: живых 2/8
    ✓ Факел C4           @ (6,7,7) hp=6/6
    ✓ Тишина C5          @ (7,5,6) hp=2/2
    ✗ Артиллерия C1      @ (4,9,9) [уничтожен]
    ✗ Радиовышка C2      @ (7,5,7) [уничтожен]
    ✗ Прыгун C3          @ (8,6,6) [уничтожен]
    ✗ Бурав C6           @ (7,3,7) [уничтожен]
    ✗ Провокатор C7      @ (5,2,8) [уничтожен]
    ✗ Паук C8            @ (6,4,8) [уничтожен]

======================================================================
ХОД 13
======================================================================
✓ 🎮 GM: начинаем ход
GM: start_turn

--- Радиовышки: сканирование слоя Z ---
  (у команд не осталось живых радиовышек)

--- Решения ботов ---
  [Team A] Факел A4 (7,4,7) → HEAL (AoE)
  [Team A] Тишина A5 (7,6,7) → MOVE (6,7,7)
  [Team A] Бурав A6 → SKIP
  [Team B] Артиллерия B1 (3,1,0) → SHOOT at (7,4,7)
  [Team B] Тишина B5 (7,5,6) → MOVE (7,4,7)
  [Team B] Бурав B6 (9,9,0) → MOVE (8,8,1)
  [Team B] Провокатор B7 (5,5,2) → HOLOGRAM (6,4,3)
  [Team B] Паук B8 (3,5,2) → MOVE (4,4,3)
  [Team B] Факел B4 → SKIP
  [Team C] Факел C4 (6,7,7) → SHOOT at (6,6,7)
  [Team C] Тишина C5 (7,5,6) → MOVE (7,4,7)
! 🎮 GM: принудительно завершает фазу планирования
GM: end_planning
# 
============================================================
# 🔄 ОБРАБОТКА ХОДА 13
# ============================================================
!    ⚠️ Провокатор B7: клетка (6,4,3) уже занята голограммой

📦 ПЕРЕМЕЩЕНИЯ:
!    ⚠️ Тишина A5: клетка (6,7,7) занята
!    ⚠️ Тишина B5: клетка (7,4,7) занята
!    ⚠️ Бурав B6: Бурав двигается только по 1 оси или по 2 осям строго диагонально
!    ⚠️ Паук B8: клетка (4,4,3) занята
!    ⚠️ Тишина C5: клетка (7,4,7) занята

🎯 ВЫСТРЕЛЫ:
✓    ✅ Артиллерия B1 поразил Факел A4 (2 урона)!
✓    ✅ Факел C4 поразил Бурав A6 (1 урона)!
   Выпущено ракет: 2
# 
📊 РЕЗУЛЬТАТЫ ХОДА 13:
✓ 💥 ПОПАДАНИЯ:
✓    Артиллерия B1 (Team B) → Факел A4 (Team A)
✓    Факел C4 (Team C) → Бурав A6 (Team A)

--- Результаты хода ---
  Team B / Артиллерия B1      → Team A / Факел A4           @ (7,4,7)  (УБИТ)
  Team C / Факел C4           → Team A / Бурав A6           @ (6,6,7)  (ранен)

--- Состояние команд после хода ---
  Team A: живых 2/8
    ✓ Тишина A5          @ (7,6,7) hp=2/2
    ✓ Бурав A6           @ (6,6,7) hp=3/4
    ✗ Артиллерия A1      @ (7,9,5) [уничтожен]
    ✗ Радиовышка A2      @ (7,6,6) [уничтожен]
    ✗ Прыгун A3          @ (7,6,6) [уничтожен]
    ✗ Факел A4           @ (7,4,7) [уничтожен]
    ✗ Провокатор A7      @ (5,5,5) [уничтожен]
    ✗ Паук A8            @ (5,2,5) [уничтожен]
  Team B: живых 6/8
    ✓ Артиллерия B1      @ (3,1,0) hp=1/1
    ✓ Факел B4           @ (3,2,0) hp=6/6
    ✓ Тишина B5          @ (7,5,6) hp=2/2
    ✓ Бурав B6           @ (9,9,0) hp=4/4
    ✓ Провокатор B7      @ (5,5,2) hp=2/2
    ✓ Паук B8            @ (3,5,2) hp=1/1
    ✗ Радиовышка B2      @ (5,6,5) [уничтожен]
    ✗ Прыгун B3          @ (7,6,6) [уничтожен]
  Team C: живых 2/8
    ✓ Факел C4           @ (6,7,7) hp=6/6
    ✓ Тишина C5          @ (7,5,6) hp=2/2
    ✗ Артиллерия C1      @ (4,9,9) [уничтожен]
    ✗ Радиовышка C2      @ (7,5,7) [уничтожен]
    ✗ Прыгун C3          @ (8,6,6) [уничтожен]
    ✗ Бурав C6           @ (7,3,7) [уничтожен]
    ✗ Провокатор C7      @ (5,2,8) [уничтожен]
    ✗ Паук C8            @ (6,4,8) [уничтожен]

======================================================================
ХОД 14
======================================================================
✓ 🎮 GM: начинаем ход
GM: start_turn

--- Радиовышки: сканирование слоя Z ---
  (у команд не осталось живых радиовышек)

--- Решения ботов ---
  [Team A] Тишина A5 (7,6,7) → MOVE (6,7,7)
  [Team A] Бурав A6 → SKIP
  [Team B] Артиллерия B1 (3,1,0) → SHOOT at (6,7,7)
  [Team B] Тишина B5 (7,5,6) → MOVE (6,6,7)
  [Team B] Бурав B6 (9,9,0) → MOVE (8,8,1)
  [Team B] Провокатор B7 (5,5,2) → HOLOGRAM (6,6,3)
  [Team B] Паук B8 (3,5,2) → MOVE (4,6,3)
  [Team B] Факел B4 → SKIP
  [Team C] Факел C4 (6,7,7) → SHOOT at (6,6,7)
  [Team C] Тишина C5 (7,5,6) → PHASE toggle
! 🎮 GM: принудительно завершает фазу планирования
GM: end_planning
# 
============================================================
# 🔄 ОБРАБОТКА ХОДА 14
# ============================================================
   🌀 Тишина C5: фаза ВЫКЛ
   🪞 Провокатор B7 создал голограмму H10 в (6,6,3)

📦 ПЕРЕМЕЩЕНИЯ:
!    ⚠️ Тишина A5: клетка (6,7,7) занята
!    ⚠️ Тишина B5: клетка (6,6,7) занята
!    ⚠️ Бурав B6: Бурав двигается только по 1 оси или по 2 осям строго диагонально
   Паук B8: (3, 5, 2) → (4,6,3)

🎯 ВЫСТРЕЛЫ:
✓    ✅ Артиллерия B1 поразил Факел C4 (2 урона)!
✓    ✅ Факел C4 поразил Бурав A6 (1 урона)!
   Выпущено ракет: 2
# 
📊 РЕЗУЛЬТАТЫ ХОДА 14:
✓ 💥 ПОПАДАНИЯ:
✓    Артиллерия B1 (Team B) → Факел C4 (Team C)
✓    Факел C4 (Team C) → Бурав A6 (Team A)

--- Результаты хода ---
  Team B / Артиллерия B1      → Team C / Факел C4           @ (6,7,7)  (ранен)
  Team C / Факел C4           → Team A / Бурав A6           @ (6,6,7)  (ранен)

--- Состояние команд после хода ---
  Team A: живых 2/8
    ✓ Тишина A5          @ (7,6,7) hp=2/2
    ✓ Бурав A6           @ (6,6,7) hp=2/4
    ✗ Артиллерия A1      @ (7,9,5) [уничтожен]
    ✗ Радиовышка A2      @ (7,6,6) [уничтожен]
    ✗ Прыгун A3          @ (7,6,6) [уничтожен]
    ✗ Факел A4           @ (7,4,7) [уничтожен]
    ✗ Провокатор A7      @ (5,5,5) [уничтожен]
    ✗ Паук A8            @ (5,2,5) [уничтожен]
  Team B: живых 6/8
    ✓ Артиллерия B1      @ (3,1,0) hp=1/1
    ✓ Факел B4           @ (3,2,0) hp=6/6
    ✓ Тишина B5          @ (7,5,6) hp=2/2
    ✓ Бурав B6           @ (9,9,0) hp=4/4
    ✓ Провокатор B7      @ (5,5,2) hp=2/2
    ✓ Паук B8            @ (4,6,3) hp=1/1
    ✗ Радиовышка B2      @ (5,6,5) [уничтожен]
    ✗ Прыгун B3          @ (7,6,6) [уничтожен]
  Team C: живых 2/8
    ✓ Факел C4           @ (6,7,7) hp=4/6
    ✓ Тишина C5          @ (7,5,6) hp=2/2
    ✗ Артиллерия C1      @ (4,9,9) [уничтожен]
    ✗ Радиовышка C2      @ (7,5,7) [уничтожен]
    ✗ Прыгун C3          @ (8,6,6) [уничтожен]
    ✗ Бурав C6           @ (7,3,7) [уничтожен]
    ✗ Провокатор C7      @ (5,2,8) [уничтожен]
    ✗ Паук C8            @ (6,4,8) [уничтожен]

======================================================================
ХОД 15
======================================================================
✓ 🎮 GM: начинаем ход
GM: start_turn

--- Радиовышки: сканирование слоя Z ---
  (у команд не осталось живых радиовышек)

--- Решения ботов ---
  [Team A] Тишина A5 (7,6,7) → MOVE (6,7,7)
  [Team A] Бурав A6 → SKIP
  [Team B] Артиллерия B1 (3,1,0) → SHOOT at (6,6,7)
  [Team B] Бурав B6 (9,9,0) → MOVE (8,8,1)
  [Team B] Провокатор B7 (5,5,2) → HOLOGRAM (6,5,3)
  [Team B] Паук B8 (4,6,3) → MINE (5,5,4)
  [Team B] Факел B4 → SKIP
  [Team B] Тишина B5 → SKIP
  [Team C] Факел C4 (6,7,7) → HEAL (AoE)
  [Team C] Тишина C5 (7,5,6) → MOVE (6,6,7)
! 🎮 GM: принудительно завершает фазу планирования
GM: end_planning
# 
============================================================
# 🔄 ОБРАБОТКА ХОДА 15
# ============================================================
!    ⚠️ Провокатор B7: клетка (6,5,3) уже занята голограммой
   💣 Паук B8 установил мину M5 в (5,5,4)

📦 ПЕРЕМЕЩЕНИЯ:
!    ⚠️ Тишина A5: клетка (6,7,7) занята
!    ⚠️ Бурав B6: Бурав двигается только по 1 оси или по 2 осям строго диагонально
!    ⚠️ Тишина C5: клетка (6,6,7) занята

🎯 ВЫСТРЕЛЫ:
✓    ✅ Артиллерия B1 поразил Бурав A6 (2 урона)!
✓    💚 Факел C4 лечит Факел C4 → hits=1/6
   Выпущено ракет: 1
# 
📊 РЕЗУЛЬТАТЫ ХОДА 15:
✓ 💥 ПОПАДАНИЯ:
✓    Артиллерия B1 (Team B) → Бурав A6 (Team A)

--- Результаты хода ---
  Team B / Артиллерия B1      → Team A / Бурав A6           @ (6,6,7)  (УБИТ)

--- Состояние команд после хода ---
  Team A: живых 1/8
    ✓ Тишина A5          @ (7,6,7) hp=2/2
    ✗ Артиллерия A1      @ (7,9,5) [уничтожен]
    ✗ Радиовышка A2      @ (7,6,6) [уничтожен]
    ✗ Прыгун A3          @ (7,6,6) [уничтожен]
    ✗ Факел A4           @ (7,4,7) [уничтожен]
    ✗ Бурав A6           @ (6,6,7) [уничтожен]
    ✗ Провокатор A7      @ (5,5,5) [уничтожен]
    ✗ Паук A8            @ (5,2,5) [уничтожен]
  Team B: живых 6/8
    ✓ Артиллерия B1      @ (3,1,0) hp=1/1
    ✓ Факел B4           @ (3,2,0) hp=6/6
    ✓ Тишина B5          @ (7,5,6) hp=2/2
    ✓ Бурав B6           @ (9,9,0) hp=4/4
    ✓ Провокатор B7      @ (5,5,2) hp=2/2
    ✓ Паук B8            @ (4,6,3) hp=1/1
    ✗ Радиовышка B2      @ (5,6,5) [уничтожен]
    ✗ Прыгун B3          @ (7,6,6) [уничтожен]
  Team C: живых 2/8
    ✓ Факел C4           @ (6,7,7) hp=5/6
    ✓ Тишина C5          @ (7,5,6) hp=2/2
    ✗ Артиллерия C1      @ (4,9,9) [уничтожен]
    ✗ Радиовышка C2      @ (7,5,7) [уничтожен]
    ✗ Прыгун C3          @ (8,6,6) [уничтожен]
    ✗ Бурав C6           @ (7,3,7) [уничтожен]
    ✗ Провокатор C7      @ (5,2,8) [уничтожен]
    ✗ Паук C8            @ (6,4,8) [уничтожен]

======================================================================
ХОД 16
======================================================================
✓ 🎮 GM: начинаем ход
GM: start_turn

--- Радиовышки: сканирование слоя Z ---
  (у команд не осталось живых радиовышек)

--- Решения ботов ---
  [Team A] Тишина A5 (7,6,7) → MOVE (6,7,7)
  [Team B] Артиллерия B1 (3,1,0) → SHOOT at (7,5,6)
  [Team B] Бурав B6 (9,9,0) → MOVE (8,8,1)
  [Team B] Провокатор B7 (5,5,2) → HOLOGRAM (6,5,3)
  [Team B] Паук B8 (4,6,3) → MINE (5,5,4)
  [Team B] Факел B4 → SKIP
  [Team B] Тишина B5 → SKIP
  [Team C] Факел C4 (6,7,7) → HEAL (AoE)
  [Team C] Тишина C5 (7,5,6) → MOVE (6,6,5)
! 🎮 GM: принудительно завершает фазу планирования
GM: end_planning
# 
============================================================
# 🔄 ОБРАБОТКА ХОДА 16
# ============================================================
!    ⚠️ Провокатор B7: клетка (6,5,3) уже занята голограммой
!    ⚠️ Паук B8: в клетке уже стоит мина

📦 ПЕРЕМЕЩЕНИЯ:
!    ⚠️ Тишина A5: клетка (6,7,7) занята
!    ⚠️ Бурав B6: Бурав двигается только по 1 оси или по 2 осям строго диагонально
   Тишина C5: (7, 5, 6) → (6,6,5)

🎯 ВЫСТРЕЛЫ:
✓    💚 Факел C4 лечит Факел C4 → hits=0/6
   Выпущено ракет: 1
# 
📊 РЕЗУЛЬТАТЫ ХОДА 16:
🎯 Попаданий нет

--- Результаты хода ---
  Попаданий нет

--- Состояние команд после хода ---
  Team A: живых 1/8
    ✓ Тишина A5          @ (7,6,7) hp=2/2
    ✗ Артиллерия A1      @ (7,9,5) [уничтожен]
    ✗ Радиовышка A2      @ (7,6,6) [уничтожен]
    ✗ Прыгун A3          @ (7,6,6) [уничтожен]
    ✗ Факел A4           @ (7,4,7) [уничтожен]
    ✗ Бурав A6           @ (6,6,7) [уничтожен]
    ✗ Провокатор A7      @ (5,5,5) [уничтожен]
    ✗ Паук A8            @ (5,2,5) [уничтожен]
  Team B: живых 6/8
    ✓ Артиллерия B1      @ (3,1,0) hp=1/1
    ✓ Факел B4           @ (3,2,0) hp=6/6
    ✓ Тишина B5          @ (7,5,6) hp=2/2
    ✓ Бурав B6           @ (9,9,0) hp=4/4
    ✓ Провокатор B7      @ (5,5,2) hp=2/2
    ✓ Паук B8            @ (4,6,3) hp=1/1
    ✗ Радиовышка B2      @ (5,6,5) [уничтожен]
    ✗ Прыгун B3          @ (7,6,6) [уничтожен]
  Team C: живых 2/8
    ✓ Факел C4           @ (6,7,7) hp=6/6
    ✓ Тишина C5          @ (6,6,5) hp=2/2
    ✗ Артиллерия C1      @ (4,9,9) [уничтожен]
    ✗ Радиовышка C2      @ (7,5,7) [уничтожен]
    ✗ Прыгун C3          @ (8,6,6) [уничтожен]
    ✗ Бурав C6           @ (7,3,7) [уничтожен]
    ✗ Провокатор C7      @ (5,2,8) [уничтожен]
    ✗ Паук C8            @ (6,4,8) [уничтожен]

======================================================================
ХОД 17
======================================================================
✓ 🎮 GM: начинаем ход
GM: start_turn

--- Радиовышки: сканирование слоя Z ---
  (у команд не осталось живых радиовышек)

--- Решения ботов ---
  [Team A] Тишина A5 (7,6,7) → MOVE (6,7,7)
  [Team B] Артиллерия B1 (3,1,0) → SHOOT at (6,6,5)
  [Team B] Тишина B5 (7,5,6) → MOVE (6,6,5)
  [Team B] Бурав B6 (9,9,0) → MOVE (8,8,1)
  [Team B] Провокатор B7 (5,5,2) → HOLOGRAM (6,6,3)
  [Team B] Паук B8 (4,6,3) → MINE (5,6,4)
  [Team B] Факел B4 → SKIP
  [Team C] Факел C4 (6,7,7) → MOVE (6,6,6)
  [Team C] Тишина C5 (6,6,5) → PHASE toggle
! 🎮 GM: принудительно завершает фазу планирования
GM: end_planning
# 
============================================================
# 🔄 ОБРАБОТКА ХОДА 17
# ============================================================
   🌀 Тишина C5: фаза ВКЛ
!    ⚠️ Провокатор B7: клетка (6,6,3) уже занята голограммой
   💣 Паук B8 установил мину M6 в (5,6,4)

📦 ПЕРЕМЕЩЕНИЯ:
!    ⚠️ Тишина A5: клетка (6,7,7) занята
   Тишина B5: (7, 5, 6) → (6,6,5)
!    ⚠️ Бурав B6: Бурав двигается только по 1 оси или по 2 осям строго диагонально
!    ⚠️ Факел C4: клетка (6,6,6) занята

🎯 ВЫСТРЕЛЫ:
   Выпущено ракет: 1
# 
📊 РЕЗУЛЬТАТЫ ХОДА 17:
🎯 Попаданий нет

--- Результаты хода ---
  Попаданий нет

--- Состояние команд после хода ---
  Team A: живых 1/8
    ✓ Тишина A5          @ (7,6,7) hp=2/2
    ✗ Артиллерия A1      @ (7,9,5) [уничтожен]
    ✗ Радиовышка A2      @ (7,6,6) [уничтожен]
    ✗ Прыгун A3          @ (7,6,6) [уничтожен]
    ✗ Факел A4           @ (7,4,7) [уничтожен]
    ✗ Бурав A6           @ (6,6,7) [уничтожен]
    ✗ Провокатор A7      @ (5,5,5) [уничтожен]
    ✗ Паук A8            @ (5,2,5) [уничтожен]
  Team B: живых 6/8
    ✓ Артиллерия B1      @ (3,1,0) hp=1/1
    ✓ Факел B4           @ (3,2,0) hp=6/6
    ✓ Тишина B5          @ (6,6,5) hp=2/2
    ✓ Бурав B6           @ (9,9,0) hp=4/4
    ✓ Провокатор B7      @ (5,5,2) hp=2/2
    ✓ Паук B8            @ (4,6,3) hp=1/1
    ✗ Радиовышка B2      @ (5,6,5) [уничтожен]
    ✗ Прыгун B3          @ (7,6,6) [уничтожен]
  Team C: живых 2/8
    ✓ Факел C4           @ (6,7,7) hp=6/6
    ✓ Тишина C5          @ (6,6,5) hp=2/2
    ✗ Артиллерия C1      @ (4,9,9) [уничтожен]
    ✗ Радиовышка C2      @ (7,5,7) [уничтожен]
    ✗ Прыгун C3          @ (8,6,6) [уничтожен]
    ✗ Бурав C6           @ (7,3,7) [уничтожен]
    ✗ Провокатор C7      @ (5,2,8) [уничтожен]
    ✗ Паук C8            @ (6,4,8) [уничтожен]

======================================================================
ХОД 18
======================================================================
✓ 🎮 GM: начинаем ход
GM: start_turn

--- Радиовышки: сканирование слоя Z ---
  (у команд не осталось живых радиовышек)

--- Решения ботов ---
  [Team A] Тишина A5 (7,6,7) → MOVE (6,7,7)
  [Team B] Артиллерия B1 (3,1,0) → SHOOT at (6,7,7)
  [Team B] Тишина B5 (6,6,5) → MOVE (6,7,6)
  [Team B] Бурав B6 (9,9,0) → MOVE (8,8,1)
  [Team B] Провокатор B7 (5,5,2) → HOLOGRAM (6,6,3)
  [Team B] Паук B8 (4,6,3) → MINE (5,7,4)
  [Team B] Факел B4 → SKIP
  [Team C] Факел C4 (6,7,7) → MOVE (6,6,6)
  [Team C] Тишина C5 (6,6,5) → MOVE (5,6,4)
! 🎮 GM: принудительно завершает фазу планирования
GM: end_planning
# 
============================================================
# 🔄 ОБРАБОТКА ХОДА 18
# ============================================================
!    ⚠️ Провокатор B7: клетка (6,6,3) уже занята голограммой
   💣 Паук B8 установил мину M7 в (5,7,4)

📦 ПЕРЕМЕЩЕНИЯ:
!    ⚠️ Тишина A5: клетка (6,7,7) занята
   Тишина B5: (6, 6, 5) → (6,7,6)
!    ⚠️ Бурав B6: Бурав двигается только по 1 оси или по 2 осям строго диагонально
!    ⚠️ Факел C4: клетка (6,6,6) занята
   Тишина C5: (6, 6, 5) → (5,6,4)
!    💥 Мина M6 сработала под Тишина C5 (урон 0)

🎯 ВЫСТРЕЛЫ:
✓    ✅ Артиллерия B1 поразил Факел C4 (2 урона)!
   Выпущено ракет: 1
# 
📊 РЕЗУЛЬТАТЫ ХОДА 18:
✓ 💥 ПОПАДАНИЯ:
✓    Артиллерия B1 (Team B) → Факел C4 (Team C)

--- Результаты хода ---
  ? / ?                  → Team C / Тишина C5          @ (5,6,4)  (ранен)
  Team B / Артиллерия B1      → Team C / Факел C4           @ (6,7,7)  (ранен)

--- Состояние команд после хода ---
  Team A: живых 1/8
    ✓ Тишина A5          @ (7,6,7) hp=2/2
    ✗ Артиллерия A1      @ (7,9,5) [уничтожен]
    ✗ Радиовышка A2      @ (7,6,6) [уничтожен]
    ✗ Прыгун A3          @ (7,6,6) [уничтожен]
    ✗ Факел A4           @ (7,4,7) [уничтожен]
    ✗ Бурав A6           @ (6,6,7) [уничтожен]
    ✗ Провокатор A7      @ (5,5,5) [уничтожен]
    ✗ Паук A8            @ (5,2,5) [уничтожен]
  Team B: живых 6/8
    ✓ Артиллерия B1      @ (3,1,0) hp=1/1
    ✓ Факел B4           @ (3,2,0) hp=6/6
    ✓ Тишина B5          @ (6,7,6) hp=2/2
    ✓ Бурав B6           @ (9,9,0) hp=4/4
    ✓ Провокатор B7      @ (5,5,2) hp=2/2
    ✓ Паук B8            @ (4,6,3) hp=1/1
    ✗ Радиовышка B2      @ (5,6,5) [уничтожен]
    ✗ Прыгун B3          @ (7,6,6) [уничтожен]
  Team C: живых 2/8
    ✓ Факел C4           @ (6,7,7) hp=4/6
    ✓ Тишина C5          @ (5,6,4) hp=2/2
    ✗ Артиллерия C1      @ (4,9,9) [уничтожен]
    ✗ Радиовышка C2      @ (7,5,7) [уничтожен]
    ✗ Прыгун C3          @ (8,6,6) [уничтожен]
    ✗ Бурав C6           @ (7,3,7) [уничтожен]
    ✗ Провокатор C7      @ (5,2,8) [уничтожен]
    ✗ Паук C8            @ (6,4,8) [уничтожен]

======================================================================
ХОД 19
======================================================================
✓ 🎮 GM: начинаем ход
GM: start_turn

--- Радиовышки: сканирование слоя Z ---
  (у команд не осталось живых радиовышек)

--- Решения ботов ---
  [Team A] Тишина A5 (7,6,7) → MOVE (6,7,7)
  [Team B] Артиллерия B1 (3,1,0) → SHOOT at (6,7,7)
  [Team B] Тишина B5 (6,7,6) → MOVE (6,7,7)
  [Team B] Бурав B6 (9,9,0) → MOVE (8,8,1)
  [Team B] Провокатор B7 (5,5,2) → HOLOGRAM (6,6,3)
  [Team B] Паук B8 (4,6,3) → MINE (5,7,4)
  [Team B] Факел B4 → SKIP
  [Team C] Факел C4 (6,7,7) → HEAL (AoE)
  [Team C] Тишина C5 (5,6,4) → MOVE (4,6,3)
! 🎮 GM: принудительно завершает фазу планирования
GM: end_planning
# 
============================================================
# 🔄 ОБРАБОТКА ХОДА 19
# ============================================================
!    ⚠️ Провокатор B7: клетка (6,6,3) уже занята голограммой
!    ⚠️ Паук B8: в клетке уже стоит мина

📦 ПЕРЕМЕЩЕНИЯ:
!    ⚠️ Тишина A5: клетка (6,7,7) занята
!    ⚠️ Тишина B5: клетка (6,7,7) занята
!    ⚠️ Бурав B6: Бурав двигается только по 1 оси или по 2 осям строго диагонально
!    ⚠️ Тишина C5: клетка (4,6,3) занята

🎯 ВЫСТРЕЛЫ:
✓    ✅ Артиллерия B1 поразил Факел C4 (2 урона)!
✓    💚 Факел C4 лечит Факел C4 → hits=3/6
   Выпущено ракет: 1
# 
📊 РЕЗУЛЬТАТЫ ХОДА 19:
✓ 💥 ПОПАДАНИЯ:
✓    Артиллерия B1 (Team B) → Факел C4 (Team C)

--- Результаты хода ---
  Team B / Артиллерия B1      → Team C / Факел C4           @ (6,7,7)  (ранен)

--- Состояние команд после хода ---
  Team A: живых 1/8
    ✓ Тишина A5          @ (7,6,7) hp=2/2
    ✗ Артиллерия A1      @ (7,9,5) [уничтожен]
    ✗ Радиовышка A2      @ (7,6,6) [уничтожен]
    ✗ Прыгун A3          @ (7,6,6) [уничтожен]
    ✗ Факел A4           @ (7,4,7) [уничтожен]
    ✗ Бурав A6           @ (6,6,7) [уничтожен]
    ✗ Провокатор A7      @ (5,5,5) [уничтожен]
    ✗ Паук A8            @ (5,2,5) [уничтожен]
  Team B: живых 6/8
    ✓ Артиллерия B1      @ (3,1,0) hp=1/1
    ✓ Факел B4           @ (3,2,0) hp=6/6
    ✓ Тишина B5          @ (6,7,6) hp=2/2
    ✓ Бурав B6           @ (9,9,0) hp=4/4
    ✓ Провокатор B7      @ (5,5,2) hp=2/2
    ✓ Паук B8            @ (4,6,3) hp=1/1
    ✗ Радиовышка B2      @ (5,6,5) [уничтожен]
    ✗ Прыгун B3          @ (7,6,6) [уничтожен]
  Team C: живых 2/8
    ✓ Факел C4           @ (6,7,7) hp=3/6
    ✓ Тишина C5          @ (5,6,4) hp=2/2
    ✗ Артиллерия C1      @ (4,9,9) [уничтожен]
    ✗ Радиовышка C2      @ (7,5,7) [уничтожен]
    ✗ Прыгун C3          @ (8,6,6) [уничтожен]
    ✗ Бурав C6           @ (7,3,7) [уничтожен]
    ✗ Провокатор C7      @ (5,2,8) [уничтожен]
    ✗ Паук C8            @ (6,4,8) [уничтожен]

======================================================================
ХОД 20
======================================================================
✓ 🎮 GM: начинаем ход
GM: start_turn

--- Радиовышки: сканирование слоя Z ---
  (у команд не осталось живых радиовышек)

--- Решения ботов ---
  [Team A] Тишина A5 (7,6,7) → MOVE (6,7,7)
  [Team B] Артиллерия B1 (3,1,0) → SHOOT at (6,7,7)
  [Team B] Тишина B5 (6,7,6) → MOVE (6,7,7)
  [Team B] Бурав B6 (9,9,0) → MOVE (8,8,1)
  [Team B] Провокатор B7 (5,5,2) → HOLOGRAM (6,6,3)
  [Team B] Паук B8 (4,6,3) → MINE (5,7,4)
  [Team B] Факел B4 → SKIP
  [Team C] Факел C4 (6,7,7) → HEAL (AoE)
  [Team C] Тишина C5 (5,6,4) → MOVE (4,6,3)
! 🎮 GM: принудительно завершает фазу планирования
GM: end_planning
# 
============================================================
# 🔄 ОБРАБОТКА ХОДА 20
# ============================================================
!    ⚠️ Провокатор B7: клетка (6,6,3) уже занята голограммой
!    ⚠️ Паук B8: в клетке уже стоит мина

📦 ПЕРЕМЕЩЕНИЯ:
!    ⚠️ Тишина A5: клетка (6,7,7) занята
!    ⚠️ Тишина B5: клетка (6,7,7) занята
!    ⚠️ Бурав B6: Бурав двигается только по 1 оси или по 2 осям строго диагонально
!    ⚠️ Тишина C5: клетка (4,6,3) занята

🎯 ВЫСТРЕЛЫ:
✓    ✅ Артиллерия B1 поразил Факел C4 (2 урона)!
✓    💚 Факел C4 лечит Факел C4 → hits=4/6
   Выпущено ракет: 1
# 
📊 РЕЗУЛЬТАТЫ ХОДА 20:
✓ 💥 ПОПАДАНИЯ:
✓    Артиллерия B1 (Team B) → Факел C4 (Team C)

--- Результаты хода ---
  Team B / Артиллерия B1      → Team C / Факел C4           @ (6,7,7)  (ранен)

--- Состояние команд после хода ---
  Team A: живых 1/8
    ✓ Тишина A5          @ (7,6,7) hp=2/2
    ✗ Артиллерия A1      @ (7,9,5) [уничтожен]
    ✗ Радиовышка A2      @ (7,6,6) [уничтожен]
    ✗ Прыгун A3          @ (7,6,6) [уничтожен]
    ✗ Факел A4           @ (7,4,7) [уничтожен]
    ✗ Бурав A6           @ (6,6,7) [уничтожен]
    ✗ Провокатор A7      @ (5,5,5) [уничтожен]
    ✗ Паук A8            @ (5,2,5) [уничтожен]
  Team B: живых 6/8
    ✓ Артиллерия B1      @ (3,1,0) hp=1/1
    ✓ Факел B4           @ (3,2,0) hp=6/6
    ✓ Тишина B5          @ (6,7,6) hp=2/2
    ✓ Бурав B6           @ (9,9,0) hp=4/4
    ✓ Провокатор B7      @ (5,5,2) hp=2/2
    ✓ Паук B8            @ (4,6,3) hp=1/1
    ✗ Радиовышка B2      @ (5,6,5) [уничтожен]
    ✗ Прыгун B3          @ (7,6,6) [уничтожен]
  Team C: живых 2/8
    ✓ Факел C4           @ (6,7,7) hp=2/6
    ✓ Тишина C5          @ (5,6,4) hp=2/2
    ✗ Артиллерия C1      @ (4,9,9) [уничтожен]
    ✗ Радиовышка C2      @ (7,5,7) [уничтожен]
    ✗ Прыгун C3          @ (8,6,6) [уничтожен]
    ✗ Бурав C6           @ (7,3,7) [уничтожен]
    ✗ Провокатор C7      @ (5,2,8) [уничтожен]
    ✗ Паук C8            @ (6,4,8) [уничтожен]

======================================================================
ХОД 21
======================================================================
✓ 🎮 GM: начинаем ход
GM: start_turn

--- Радиовышки: сканирование слоя Z ---
  (у команд не осталось живых радиовышек)

--- Решения ботов ---
  [Team A] Тишина A5 (7,6,7) → MOVE (6,7,7)
  [Team B] Артиллерия B1 (3,1,0) → SHOOT at (6,7,7)
  [Team B] Тишина B5 (6,7,6) → MOVE (6,7,7)
  [Team B] Бурав B6 (9,9,0) → MOVE (8,8,1)
  [Team B] Провокатор B7 (5,5,2) → HOLOGRAM (6,6,3)
  [Team B] Паук B8 (4,6,3) → MINE (5,7,4)
  [Team B] Факел B4 → SKIP
  [Team C] Факел C4 (6,7,7) → HEAL (AoE)
  [Team C] Тишина C5 (5,6,4) → MOVE (4,6,3)
! 🎮 GM: принудительно завершает фазу планирования
GM: end_planning
# 
============================================================
# 🔄 ОБРАБОТКА ХОДА 21
# ============================================================
!    ⚠️ Провокатор B7: клетка (6,6,3) уже занята голограммой
!    ⚠️ Паук B8: в клетке уже стоит мина

📦 ПЕРЕМЕЩЕНИЯ:
!    ⚠️ Тишина A5: клетка (6,7,7) занята
!    ⚠️ Тишина B5: клетка (6,7,7) занята
!    ⚠️ Бурав B6: Бурав двигается только по 1 оси или по 2 осям строго диагонально
!    ⚠️ Тишина C5: клетка (4,6,3) занята

🎯 ВЫСТРЕЛЫ:
✓    ✅ Артиллерия B1 поразил Факел C4 (2 урона)!
   Выпущено ракет: 1
# 
📊 РЕЗУЛЬТАТЫ ХОДА 21:
✓ 💥 ПОПАДАНИЯ:
✓    Артиллерия B1 (Team B) → Факел C4 (Team C)

--- Результаты хода ---
  Team B / Артиллерия B1      → Team C / Факел C4           @ (6,7,7)  (УБИТ)

--- Состояние команд после хода ---
  Team A: живых 1/8
    ✓ Тишина A5          @ (7,6,7) hp=2/2
    ✗ Артиллерия A1      @ (7,9,5) [уничтожен]
    ✗ Радиовышка A2      @ (7,6,6) [уничтожен]
    ✗ Прыгун A3          @ (7,6,6) [уничтожен]
    ✗ Факел A4           @ (7,4,7) [уничтожен]
    ✗ Бурав A6           @ (6,6,7) [уничтожен]
    ✗ Провокатор A7      @ (5,5,5) [уничтожен]
    ✗ Паук A8            @ (5,2,5) [уничтожен]
  Team B: живых 6/8
    ✓ Артиллерия B1      @ (3,1,0) hp=1/1
    ✓ Факел B4           @ (3,2,0) hp=6/6
    ✓ Тишина B5          @ (6,7,6) hp=2/2
    ✓ Бурав B6           @ (9,9,0) hp=4/4
    ✓ Провокатор B7      @ (5,5,2) hp=2/2
    ✓ Паук B8            @ (4,6,3) hp=1/1
    ✗ Радиовышка B2      @ (5,6,5) [уничтожен]
    ✗ Прыгун B3          @ (7,6,6) [уничтожен]
  Team C: живых 1/8
    ✓ Тишина C5          @ (5,6,4) hp=2/2
    ✗ Артиллерия C1      @ (4,9,9) [уничтожен]
    ✗ Радиовышка C2      @ (7,5,7) [уничтожен]
    ✗ Прыгун C3          @ (8,6,6) [уничтожен]
    ✗ Факел C4           @ (6,7,7) [уничтожен]
    ✗ Бурав C6           @ (7,3,7) [уничтожен]
    ✗ Провокатор C7      @ (5,2,8) [уничтожен]
    ✗ Паук C8            @ (6,4,8) [уничтожен]

======================================================================
ХОД 22
======================================================================
✓ 🎮 GM: начинаем ход
GM: start_turn

--- Радиовышки: сканирование слоя Z ---
  (у команд не осталось живых радиовышек)

--- Решения ботов ---
  [Team A] Тишина A5 (7,6,7) → PHASE toggle
  [Team B] Артиллерия B1 (3,1,0) → SHOOT at (3,3,2)
  [Team B] Тишина B5 (6,7,6) → PHASE toggle
  [Team B] Бурав B6 (9,9,0) → MOVE (8,8,1)
  [Team B] Провокатор B7 (5,5,2) → MOVE (6,6,3)
  [Team B] Паук B8 (4,6,3) → MOVE (5,6,4)
  [Team B] Факел B4 → SKIP
  [Team C] Тишина C5 (5,6,4) → MOVE (4,6,3)
! 🎮 GM: принудительно завершает фазу планирования
GM: end_planning
# 
============================================================
# 🔄 ОБРАБОТКА ХОДА 22
# ============================================================
   🌀 Тишина A5: фаза ВЫКЛ
   🌀 Тишина B5: фаза ВЫКЛ

📦 ПЕРЕМЕЩЕНИЯ:
!    ⚠️ Бурав B6: Бурав двигается только по 1 оси или по 2 осям строго диагонально
!    ⚠️ Провокатор B7: клетка (6,6,3) занята
   Паук B8: (4, 6, 3) → (5,6,4)
   Тишина C5: (5, 6, 4) → (4,6,3)

🎯 ВЫСТРЕЛЫ:
   Выпущено ракет: 1
# 
📊 РЕЗУЛЬТАТЫ ХОДА 22:
🎯 Попаданий нет

--- Результаты хода ---
  Попаданий нет

--- Состояние команд после хода ---
  Team A: живых 1/8
    ✓ Тишина A5          @ (7,6,7) hp=2/2
    ✗ Артиллерия A1      @ (7,9,5) [уничтожен]
    ✗ Радиовышка A2      @ (7,6,6) [уничтожен]
    ✗ Прыгун A3          @ (7,6,6) [уничтожен]
    ✗ Факел A4           @ (7,4,7) [уничтожен]
    ✗ Бурав A6           @ (6,6,7) [уничтожен]
    ✗ Провокатор A7      @ (5,5,5) [уничтожен]
    ✗ Паук A8            @ (5,2,5) [уничтожен]
  Team B: живых 6/8
    ✓ Артиллерия B1      @ (3,1,0) hp=1/1
    ✓ Факел B4           @ (3,2,0) hp=6/6
    ✓ Тишина B5          @ (6,7,6) hp=2/2
    ✓ Бурав B6           @ (9,9,0) hp=4/4
    ✓ Провокатор B7      @ (5,5,2) hp=2/2
    ✓ Паук B8            @ (5,6,4) hp=1/1
    ✗ Радиовышка B2      @ (5,6,5) [уничтожен]
    ✗ Прыгун B3          @ (7,6,6) [уничтожен]
  Team C: живых 1/8
    ✓ Тишина C5          @ (4,6,3) hp=2/2
    ✗ Артиллерия C1      @ (4,9,9) [уничтожен]
    ✗ Радиовышка C2      @ (7,5,7) [уничтожен]
    ✗ Прыгун C3          @ (8,6,6) [уничтожен]
    ✗ Факел C4           @ (6,7,7) [уничтожен]
    ✗ Бурав C6           @ (7,3,7) [уничтожен]
    ✗ Провокатор C7      @ (5,2,8) [уничтожен]
    ✗ Паук C8            @ (6,4,8) [уничтожен]

======================================================================
ХОД 23
======================================================================
✓ 🎮 GM: начинаем ход
GM: start_turn

--- Радиовышки: сканирование слоя Z ---
  (у команд не осталось живых радиовышек)

--- Решения ботов ---
  [Team A] Тишина A5 (7,6,7) → MOVE (6,7,6)
  [Team B] Артиллерия B1 (3,1,0) → SHOOT at (7,6,7)
  [Team B] Тишина B5 (6,7,6) → MOVE (7,6,7)
  [Team B] Бурав B6 (9,9,0) → MOVE (8,8,1)
  [Team B] Провокатор B7 (5,5,2) → HOLOGRAM (6,6,3)
  [Team B] Паук B8 (5,6,4) → MINE (6,6,5)
  [Team B] Факел B4 → SKIP
  [Team C] Тишина C5 (4,6,3) → MOVE (5,5,2)
! 🎮 GM: принудительно завершает фазу планирования
GM: end_planning
# 
============================================================
# 🔄 ОБРАБОТКА ХОДА 23
# ============================================================
!    ⚠️ Провокатор B7: клетка (6,6,3) уже занята голограммой
   💣 Паук B8 установил мину M8 в (6,6,5)

📦 ПЕРЕМЕЩЕНИЯ:
!    ⚠️ Тишина A5: клетка (6,7,6) занята
!    ⚠️ Тишина B5: клетка (7,6,7) занята
!    ⚠️ Бурав B6: Бурав двигается только по 1 оси или по 2 осям строго диагонально
!    ⚠️ Тишина C5: клетка (5,5,2) занята

🎯 ВЫСТРЕЛЫ:
✓    ✅ Артиллерия B1 поразил Тишина A5 (2 урона)!
   Выпущено ракет: 1
# 
📊 РЕЗУЛЬТАТЫ ХОДА 23:
✓ 💥 ПОПАДАНИЯ:
✓    Артиллерия B1 (Team B) → Тишина A5 (Team A)

--- Результаты хода ---
  Team B / Артиллерия B1      → Team A / Тишина A5          @ (7,6,7)  (УБИТ)

--- Состояние команд после хода ---
  Team A: живых 0/8
    ✗ Артиллерия A1      @ (7,9,5) [уничтожен]
    ✗ Радиовышка A2      @ (7,6,6) [уничтожен]
    ✗ Прыгун A3          @ (7,6,6) [уничтожен]
    ✗ Факел A4           @ (7,4,7) [уничтожен]
    ✗ Тишина A5          @ (7,6,7) [уничтожен]
    ✗ Бурав A6           @ (6,6,7) [уничтожен]
    ✗ Провокатор A7      @ (5,5,5) [уничтожен]
    ✗ Паук A8            @ (5,2,5) [уничтожен]
  Team B: живых 6/8
    ✓ Артиллерия B1      @ (3,1,0) hp=1/1
    ✓ Факел B4           @ (3,2,0) hp=6/6
    ✓ Тишина B5          @ (6,7,6) hp=2/2
    ✓ Бурав B6           @ (9,9,0) hp=4/4
    ✓ Провокатор B7      @ (5,5,2) hp=2/2
    ✓ Паук B8            @ (5,6,4) hp=1/1
    ✗ Радиовышка B2      @ (5,6,5) [уничтожен]
    ✗ Прыгун B3          @ (7,6,6) [уничтожен]
  Team C: живых 1/8
    ✓ Тишина C5          @ (4,6,3) hp=2/2
    ✗ Артиллерия C1      @ (4,9,9) [уничтожен]
    ✗ Радиовышка C2      @ (7,5,7) [уничтожен]
    ✗ Прыгун C3          @ (8,6,6) [уничтожен]
    ✗ Факел C4           @ (6,7,7) [уничтожен]
    ✗ Бурав C6           @ (7,3,7) [уничтожен]
    ✗ Провокатор C7      @ (5,2,8) [уничтожен]
    ✗ Паук C8            @ (6,4,8) [уничтожен]

======================================================================
ХОД 24
======================================================================
✓ 🎮 GM: начинаем ход
GM: start_turn

--- Радиовышки: сканирование слоя Z ---
  (у команд не осталось живых радиовышек)

--- Решения ботов ---
  [Team A] все корабли пропускают ход
  [Team B] Артиллерия B1 (3,1,0) → SHOOT at (7,9,4)
  [Team B] Тишина B5 (6,7,6) → MOVE (5,6,5)
  [Team B] Бурав B6 (9,9,0) → MOVE (8,8,1)
  [Team B] Провокатор B7 (5,5,2) → MOVE (5,5,3)
  [Team B] Паук B8 (5,6,4) → MOVE (5,5,5)
  [Team B] Факел B4 → SKIP
  [Team C] Тишина C5 (4,6,3) → MOVE (5,5,2)
! 🎮 GM: принудительно завершает фазу планирования
GM: end_planning
# 
============================================================
# 🔄 ОБРАБОТКА ХОДА 24
# ============================================================

📦 ПЕРЕМЕЩЕНИЯ:
   Тишина B5: (6, 7, 6) → (5,6,5)
!    ⚠️ Бурав B6: Бурав двигается только по 1 оси или по 2 осям строго диагонально
   Провокатор B7: (5, 5, 2) → (5,5,3)
   Паук B8: (5, 6, 4) → (5,5,5)
   Тишина C5: (4, 6, 3) → (5,5,2)

🎯 ВЫСТРЕЛЫ:
   Выпущено ракет: 1
# 
📊 РЕЗУЛЬТАТЫ ХОДА 24:
🎯 Попаданий нет

--- Результаты хода ---
  Попаданий нет

--- Состояние команд после хода ---
  Team A: живых 0/8
    ✗ Артиллерия A1      @ (7,9,5) [уничтожен]
    ✗ Радиовышка A2      @ (7,6,6) [уничтожен]
    ✗ Прыгун A3          @ (7,6,6) [уничтожен]
    ✗ Факел A4           @ (7,4,7) [уничтожен]
    ✗ Тишина A5          @ (7,6,7) [уничтожен]
    ✗ Бурав A6           @ (6,6,7) [уничтожен]
    ✗ Провокатор A7      @ (5,5,5) [уничтожен]
    ✗ Паук A8            @ (5,2,5) [уничтожен]
  Team B: живых 6/8
    ✓ Артиллерия B1      @ (3,1,0) hp=1/1
    ✓ Факел B4           @ (3,2,0) hp=6/6
    ✓ Тишина B5          @ (5,6,5) hp=2/2
    ✓ Бурав B6           @ (9,9,0) hp=4/4
    ✓ Провокатор B7      @ (5,5,3) hp=2/2
    ✓ Паук B8            @ (5,5,5) hp=1/1
    ✗ Радиовышка B2      @ (5,6,5) [уничтожен]
    ✗ Прыгун B3          @ (7,6,6) [уничтожен]
  Team C: живых 1/8
    ✓ Тишина C5          @ (5,5,2) hp=2/2
    ✗ Артиллерия C1      @ (4,9,9) [уничтожен]
    ✗ Радиовышка C2      @ (7,5,7) [уничтожен]
    ✗ Прыгун C3          @ (8,6,6) [уничтожен]
    ✗ Факел C4           @ (6,7,7) [уничтожен]
    ✗ Бурав C6           @ (7,3,7) [уничтожен]
    ✗ Провокатор C7      @ (5,2,8) [уничтожен]
    ✗ Паук C8            @ (6,4,8) [уничтожен]

======================================================================
ХОД 25
======================================================================
✓ 🎮 GM: начинаем ход
GM: start_turn

--- Радиовышки: сканирование слоя Z ---
  (у команд не осталось живых радиовышек)

--- Решения ботов ---
  [Team A] все корабли пропускают ход
  [Team B] Артиллерия B1 (3,1,0) → SHOOT at (4,9,4)
  [Team B] Бурав B6 (9,9,0) → MOVE (8,8,1)
  [Team B] Провокатор B7 (5,5,3) → MOVE (5,5,4)
  [Team B] Факел B4 → SKIP
  [Team B] Паук B8 → SKIP
  [Team B] Тишина B5 → SKIP
  [Team C] Тишина C5 (5,5,2) → MOVE (5,5,3)
! 🎮 GM: принудительно завершает фазу планирования
GM: end_planning
# 
============================================================
# 🔄 ОБРАБОТКА ХОДА 25
# ============================================================

📦 ПЕРЕМЕЩЕНИЯ:
!    ⚠️ Бурав B6: Бурав двигается только по 1 оси или по 2 осям строго диагонально
   Провокатор B7: (5, 5, 3) → (5,5,4)
   Тишина C5: (5, 5, 2) → (5,5,3)

🎯 ВЫСТРЕЛЫ:
   Выпущено ракет: 1
# 
📊 РЕЗУЛЬТАТЫ ХОДА 25:
🎯 Попаданий нет

--- Результаты хода ---
  Попаданий нет

--- Состояние команд после хода ---
  Team A: живых 0/8
    ✗ Артиллерия A1      @ (7,9,5) [уничтожен]
    ✗ Радиовышка A2      @ (7,6,6) [уничтожен]
    ✗ Прыгун A3          @ (7,6,6) [уничтожен]
    ✗ Факел A4           @ (7,4,7) [уничтожен]
    ✗ Тишина A5          @ (7,6,7) [уничтожен]
    ✗ Бурав A6           @ (6,6,7) [уничтожен]
    ✗ Провокатор A7      @ (5,5,5) [уничтожен]
    ✗ Паук A8            @ (5,2,5) [уничтожен]
  Team B: живых 6/8
    ✓ Артиллерия B1      @ (3,1,0) hp=1/1
    ✓ Факел B4           @ (3,2,0) hp=6/6
    ✓ Тишина B5          @ (5,6,5) hp=2/2
    ✓ Бурав B6           @ (9,9,0) hp=4/4
    ✓ Провокатор B7      @ (5,5,4) hp=2/2
    ✓ Паук B8            @ (5,5,5) hp=1/1
    ✗ Радиовышка B2      @ (5,6,5) [уничтожен]
    ✗ Прыгун B3          @ (7,6,6) [уничтожен]
  Team C: живых 1/8
    ✓ Тишина C5          @ (5,5,3) hp=2/2
    ✗ Артиллерия C1      @ (4,9,9) [уничтожен]
    ✗ Радиовышка C2      @ (7,5,7) [уничтожен]
    ✗ Прыгун C3          @ (8,6,6) [уничтожен]
    ✗ Факел C4           @ (6,7,7) [уничтожен]
    ✗ Бурав C6           @ (7,3,7) [уничтожен]
    ✗ Провокатор C7      @ (5,2,8) [уничтожен]
    ✗ Паук C8            @ (6,4,8) [уничтожен]

======================================================================
ХОД 26
======================================================================
✓ 🎮 GM: начинаем ход
GM: start_turn

--- Радиовышки: сканирование слоя Z ---
  (у команд не осталось живых радиовышек)

--- Решения ботов ---
  [Team A] все корабли пропускают ход
  [Team B] Артиллерия B1 (3,1,0) → SHOOT at (0,0,0)
  [Team B] Бурав B6 (9,9,0) → MOVE (8,8,1)
  [Team B] Факел B4 → SKIP
  [Team B] Провокатор B7 → SKIP
  [Team B] Паук B8 → SKIP
  [Team B] Тишина B5 → SKIP
  [Team C] Тишина C5 (5,5,3) → MOVE (5,5,4)
! 🎮 GM: принудительно завершает фазу планирования
GM: end_planning
# 
============================================================
# 🔄 ОБРАБОТКА ХОДА 26
# ============================================================

📦 ПЕРЕМЕЩЕНИЯ:
!    ⚠️ Бурав B6: Бурав двигается только по 1 оси или по 2 осям строго диагонально
!    ⚠️ Тишина C5: клетка (5,5,4) занята

🎯 ВЫСТРЕЛЫ:
   Выпущено ракет: 1
# 
📊 РЕЗУЛЬТАТЫ ХОДА 26:
🎯 Попаданий нет

--- Результаты хода ---
  Попаданий нет

--- Состояние команд после хода ---
  Team A: живых 0/8
    ✗ Артиллерия A1      @ (7,9,5) [уничтожен]
    ✗ Радиовышка A2      @ (7,6,6) [уничтожен]
    ✗ Прыгун A3          @ (7,6,6) [уничтожен]
    ✗ Факел A4           @ (7,4,7) [уничтожен]
    ✗ Тишина A5          @ (7,6,7) [уничтожен]
    ✗ Бурав A6           @ (6,6,7) [уничтожен]
    ✗ Провокатор A7      @ (5,5,5) [уничтожен]
    ✗ Паук A8            @ (5,2,5) [уничтожен]
  Team B: живых 6/8
    ✓ Артиллерия B1      @ (3,1,0) hp=1/1
    ✓ Факел B4           @ (3,2,0) hp=6/6
    ✓ Тишина B5          @ (5,6,5) hp=2/2
    ✓ Бурав B6           @ (9,9,0) hp=4/4
    ✓ Провокатор B7      @ (5,5,4) hp=2/2
    ✓ Паук B8            @ (5,5,5) hp=1/1
    ✗ Радиовышка B2      @ (5,6,5) [уничтожен]
    ✗ Прыгун B3          @ (7,6,6) [уничтожен]
  Team C: живых 1/8
    ✓ Тишина C5          @ (5,5,3) hp=2/2
    ✗ Артиллерия C1      @ (4,9,9) [уничтожен]
    ✗ Радиовышка C2      @ (7,5,7) [уничтожен]
    ✗ Прыгун C3          @ (8,6,6) [уничтожен]
    ✗ Факел C4           @ (6,7,7) [уничтожен]
    ✗ Бурав C6           @ (7,3,7) [уничтожен]
    ✗ Провокатор C7      @ (5,2,8) [уничтожен]
    ✗ Паук C8            @ (6,4,8) [уничтожен]

======================================================================
ХОД 27
======================================================================
✓ 🎮 GM: начинаем ход
GM: start_turn

--- Радиовышки: сканирование слоя Z ---
  (у команд не осталось живых радиовышек)

--- Решения ботов ---
  [Team A] все корабли пропускают ход
  [Team B] Артиллерия B1 (3,1,0) → SHOOT at (0,5,0)
  [Team B] Бурав B6 (9,9,0) → MOVE (8,8,1)
  [Team B] Факел B4 → SKIP
  [Team B] Провокатор B7 → SKIP
  [Team B] Паук B8 → SKIP
  [Team B] Тишина B5 → SKIP
  [Team C] Тишина C5 (5,5,3) → MOVE (5,5,4)
! 🎮 GM: принудительно завершает фазу планирования
GM: end_planning
# 
============================================================
# 🔄 ОБРАБОТКА ХОДА 27
# ============================================================

📦 ПЕРЕМЕЩЕНИЯ:
!    ⚠️ Бурав B6: Бурав двигается только по 1 оси или по 2 осям строго диагонально
!    ⚠️ Тишина C5: клетка (5,5,4) занята

🎯 ВЫСТРЕЛЫ:
   Выпущено ракет: 1
# 
📊 РЕЗУЛЬТАТЫ ХОДА 27:
🎯 Попаданий нет

--- Результаты хода ---
  Попаданий нет

--- Состояние команд после хода ---
  Team A: живых 0/8
    ✗ Артиллерия A1      @ (7,9,5) [уничтожен]
    ✗ Радиовышка A2      @ (7,6,6) [уничтожен]
    ✗ Прыгун A3          @ (7,6,6) [уничтожен]
    ✗ Факел A4           @ (7,4,7) [уничтожен]
    ✗ Тишина A5          @ (7,6,7) [уничтожен]
    ✗ Бурав A6           @ (6,6,7) [уничтожен]
    ✗ Провокатор A7      @ (5,5,5) [уничтожен]
    ✗ Паук A8            @ (5,2,5) [уничтожен]
  Team B: живых 6/8
    ✓ Артиллерия B1      @ (3,1,0) hp=1/1
    ✓ Факел B4           @ (3,2,0) hp=6/6
    ✓ Тишина B5          @ (5,6,5) hp=2/2
    ✓ Бурав B6           @ (9,9,0) hp=4/4
    ✓ Провокатор B7      @ (5,5,4) hp=2/2
    ✓ Паук B8            @ (5,5,5) hp=1/1
    ✗ Радиовышка B2      @ (5,6,5) [уничтожен]
    ✗ Прыгун B3          @ (7,6,6) [уничтожен]
  Team C: живых 1/8
    ✓ Тишина C5          @ (5,5,3) hp=2/2
    ✗ Артиллерия C1      @ (4,9,9) [уничтожен]
    ✗ Радиовышка C2      @ (7,5,7) [уничтожен]
    ✗ Прыгун C3          @ (8,6,6) [уничтожен]
    ✗ Факел C4           @ (6,7,7) [уничтожен]
    ✗ Бурав C6           @ (7,3,7) [уничтожен]
    ✗ Провокатор C7      @ (5,2,8) [уничтожен]
    ✗ Паук C8            @ (6,4,8) [уничтожен]

======================================================================
ХОД 28
======================================================================
✓ 🎮 GM: начинаем ход
GM: start_turn

--- Радиовышки: сканирование слоя Z ---
  (у команд не осталось живых радиовышек)

--- Решения ботов ---
  [Team A] все корабли пропускают ход
  [Team B] Артиллерия B1 (3,1,0) → SHOOT at (7,9,4)
  [Team B] Бурав B6 (9,9,0) → MOVE (8,8,1)
  [Team B] Факел B4 → SKIP
  [Team B] Провокатор B7 → SKIP
  [Team B] Паук B8 → SKIP
  [Team B] Тишина B5 → SKIP
  [Team C] Тишина C5 (5,5,3) → MOVE (5,5,4)
! 🎮 GM: принудительно завершает фазу планирования
GM: end_planning
# 
============================================================
# 🔄 ОБРАБОТКА ХОДА 28
# ============================================================

📦 ПЕРЕМЕЩЕНИЯ:
!    ⚠️ Бурав B6: Бурав двигается только по 1 оси или по 2 осям строго диагонально
!    ⚠️ Тишина C5: клетка (5,5,4) занята

🎯 ВЫСТРЕЛЫ:
   Выпущено ракет: 1
# 
📊 РЕЗУЛЬТАТЫ ХОДА 28:
🎯 Попаданий нет

--- Результаты хода ---
  Попаданий нет

--- Состояние команд после хода ---
  Team A: живых 0/8
    ✗ Артиллерия A1      @ (7,9,5) [уничтожен]
    ✗ Радиовышка A2      @ (7,6,6) [уничтожен]
    ✗ Прыгун A3          @ (7,6,6) [уничтожен]
    ✗ Факел A4           @ (7,4,7) [уничтожен]
    ✗ Тишина A5          @ (7,6,7) [уничтожен]
    ✗ Бурав A6           @ (6,6,7) [уничтожен]
    ✗ Провокатор A7      @ (5,5,5) [уничтожен]
    ✗ Паук A8            @ (5,2,5) [уничтожен]
  Team B: живых 6/8
    ✓ Артиллерия B1      @ (3,1,0) hp=1/1
    ✓ Факел B4           @ (3,2,0) hp=6/6
    ✓ Тишина B5          @ (5,6,5) hp=2/2
    ✓ Бурав B6           @ (9,9,0) hp=4/4
    ✓ Провокатор B7      @ (5,5,4) hp=2/2
    ✓ Паук B8            @ (5,5,5) hp=1/1
    ✗ Радиовышка B2      @ (5,6,5) [уничтожен]
    ✗ Прыгун B3          @ (7,6,6) [уничтожен]
  Team C: живых 1/8
    ✓ Тишина C5          @ (5,5,3) hp=2/2
    ✗ Артиллерия C1      @ (4,9,9) [уничтожен]
    ✗ Радиовышка C2      @ (7,5,7) [уничтожен]
    ✗ Прыгун C3          @ (8,6,6) [уничтожен]
    ✗ Факел C4           @ (6,7,7) [уничтожен]
    ✗ Бурав C6           @ (7,3,7) [уничтожен]
    ✗ Провокатор C7      @ (5,2,8) [уничтожен]
    ✗ Паук C8            @ (6,4,8) [уничтожен]

======================================================================
ХОД 29
======================================================================
✓ 🎮 GM: начинаем ход
GM: start_turn

--- Радиовышки: сканирование слоя Z ---
  (у команд не осталось живых радиовышек)

--- Решения ботов ---
  [Team A] все корабли пропускают ход
  [Team B] Артиллерия B1 (3,1,0) → SHOOT at (4,9,4)
  [Team B] Бурав B6 (9,9,0) → MOVE (8,8,1)
  [Team B] Факел B4 → SKIP
  [Team B] Провокатор B7 → SKIP
  [Team B] Паук B8 → SKIP
  [Team B] Тишина B5 → SKIP
  [Team C] Тишина C5 (5,5,3) → MOVE (5,5,4)
! 🎮 GM: принудительно завершает фазу планирования
GM: end_planning
# 
============================================================
# 🔄 ОБРАБОТКА ХОДА 29
# ============================================================

📦 ПЕРЕМЕЩЕНИЯ:
!    ⚠️ Бурав B6: Бурав двигается только по 1 оси или по 2 осям строго диагонально
!    ⚠️ Тишина C5: клетка (5,5,4) занята

🎯 ВЫСТРЕЛЫ:
   Выпущено ракет: 1
# 
📊 РЕЗУЛЬТАТЫ ХОДА 29:
🎯 Попаданий нет

--- Результаты хода ---
  Попаданий нет

--- Состояние команд после хода ---
  Team A: живых 0/8
    ✗ Артиллерия A1      @ (7,9,5) [уничтожен]
    ✗ Радиовышка A2      @ (7,6,6) [уничтожен]
    ✗ Прыгун A3          @ (7,6,6) [уничтожен]
    ✗ Факел A4           @ (7,4,7) [уничтожен]
    ✗ Тишина A5          @ (7,6,7) [уничтожен]
    ✗ Бурав A6           @ (6,6,7) [уничтожен]
    ✗ Провокатор A7      @ (5,5,5) [уничтожен]
    ✗ Паук A8            @ (5,2,5) [уничтожен]
  Team B: живых 6/8
    ✓ Артиллерия B1      @ (3,1,0) hp=1/1
    ✓ Факел B4           @ (3,2,0) hp=6/6
    ✓ Тишина B5          @ (5,6,5) hp=2/2
    ✓ Бурав B6           @ (9,9,0) hp=4/4
    ✓ Провокатор B7      @ (5,5,4) hp=2/2
    ✓ Паук B8            @ (5,5,5) hp=1/1
    ✗ Радиовышка B2      @ (5,6,5) [уничтожен]
    ✗ Прыгун B3          @ (7,6,6) [уничтожен]
  Team C: живых 1/8
    ✓ Тишина C5          @ (5,5,3) hp=2/2
    ✗ Артиллерия C1      @ (4,9,9) [уничтожен]
    ✗ Радиовышка C2      @ (7,5,7) [уничтожен]
    ✗ Прыгун C3          @ (8,6,6) [уничтожен]
    ✗ Факел C4           @ (6,7,7) [уничтожен]
    ✗ Бурав C6           @ (7,3,7) [уничтожен]
    ✗ Провокатор C7      @ (5,2,8) [уничтожен]
    ✗ Паук C8            @ (6,4,8) [уничтожен]

======================================================================
ХОД 30
======================================================================
✓ 🎮 GM: начинаем ход
GM: start_turn

--- Радиовышки: сканирование слоя Z ---
  (у команд не осталось живых радиовышек)

--- Решения ботов ---
  [Team A] все корабли пропускают ход
  [Team B] Артиллерия B1 (3,1,0) → SHOOT at (0,5,1)
  [Team B] Бурав B6 (9,9,0) → MOVE (8,8,1)
  [Team B] Факел B4 → SKIP
  [Team B] Провокатор B7 → SKIP
  [Team B] Паук B8 → SKIP
  [Team B] Тишина B5 → SKIP
  [Team C] Тишина C5 (5,5,3) → MOVE (5,5,4)
! 🎮 GM: принудительно завершает фазу планирования
GM: end_planning
# 
============================================================
# 🔄 ОБРАБОТКА ХОДА 30
# ============================================================

📦 ПЕРЕМЕЩЕНИЯ:
!    ⚠️ Бурав B6: Бурав двигается только по 1 оси или по 2 осям строго диагонально
!    ⚠️ Тишина C5: клетка (5,5,4) занята

🎯 ВЫСТРЕЛЫ:
   Выпущено ракет: 1
# 
📊 РЕЗУЛЬТАТЫ ХОДА 30:
🎯 Попаданий нет

--- Результаты хода ---
  Попаданий нет

--- Состояние команд после хода ---
  Team A: живых 0/8
    ✗ Артиллерия A1      @ (7,9,5) [уничтожен]
    ✗ Радиовышка A2      @ (7,6,6) [уничтожен]
    ✗ Прыгун A3          @ (7,6,6) [уничтожен]
    ✗ Факел A4           @ (7,4,7) [уничтожен]
    ✗ Тишина A5          @ (7,6,7) [уничтожен]
    ✗ Бурав A6           @ (6,6,7) [уничтожен]
    ✗ Провокатор A7      @ (5,5,5) [уничтожен]
    ✗ Паук A8            @ (5,2,5) [уничтожен]
  Team B: живых 6/8
    ✓ Артиллерия B1      @ (3,1,0) hp=1/1
    ✓ Факел B4           @ (3,2,0) hp=6/6
    ✓ Тишина B5          @ (5,6,5) hp=2/2
    ✓ Бурав B6           @ (9,9,0) hp=4/4
    ✓ Провокатор B7      @ (5,5,4) hp=2/2
    ✓ Паук B8            @ (5,5,5) hp=1/1
    ✗ Радиовышка B2      @ (5,6,5) [уничтожен]
    ✗ Прыгун B3          @ (7,6,6) [уничтожен]
  Team C: живых 1/8
    ✓ Тишина C5          @ (5,5,3) hp=2/2
    ✗ Артиллерия C1      @ (4,9,9) [уничтожен]
    ✗ Радиовышка C2      @ (7,5,7) [уничтожен]
    ✗ Прыгун C3          @ (8,6,6) [уничтожен]
    ✗ Факел C4           @ (6,7,7) [уничтожен]
    ✗ Бурав C6           @ (7,3,7) [уничтожен]
    ✗ Провокатор C7      @ (5,2,8) [уничтожен]
    ✗ Паук C8            @ (6,4,8) [уничтожен]

======================================================================
ИТОГ
======================================================================
Лимит ходов (30) исчерпан, ничья/пат.

--- Сводка по командам ---
  Team A: 0/8 живых; hp=0
  Team B: 6/8 живых; hp=16
  Team C: 1/8 живых; hp=2

--- Сводка по пассивкам радиовышек ---
  Team A: сканирований=6, всего врагов-в-слоях=1, уникальных эксклюзивных (видны только радиовышкой)=0
  Team B: сканирований=6, всего врагов-в-слоях=1, уникальных эксклюзивных (видны только радиовышкой)=0
  Team C: сканирований=9, всего врагов-в-слоях=2, уникальных эксклюзивных (видны только радиовышкой)=0

--- Сводка по попаданиям ---
  Всего событий (шоты+тараны+мины): 31
  Уничтожено кораблей всего: 17
  Team A: урон=14 хиты=2 тараны=5 мины(сработало)=0 убийств=5
  Team B: урон=33 хиты=15 тараны=1 мины(сработало)=1 убийств=10
  Team C: урон=10 хиты=6 тараны=0 мины(сработало)=1 убийств=2
! 🎮 GM: остановка игры
