======================================================================
Space Battle 10×10×10 — simulation run at 2026-04-20T13:31:54+00:00
Game mode: advanced
Seed: 106
✓ 🚀 Продвинутый режим: создаю разные типы кораблей
   Команда A: спавн вдоль оси Z от (7, 0, 8) до (7, 0, 3)
   Команда B: спавн вдоль оси Y от (6, 4, 7) до (6, 0, 7)
   Команда C: спавн вдоль оси Y от (5, 5, 7) до (5, 3, 7)
✓ ✅ Создано 24 кораблей


--- СТАРТОВАЯ РАССТАНОВКА ---
  Team A: живых 8/8
    ✓ Артиллерия A1      @ (7,0,8) hp=1/1
    ✓ Радиовышка A2      @ (7,0,9) hp=3/3
    ✓ Прыгун A3          @ (7,0,7) hp=2/2
    ✓ Факел A4           @ (7,0,0) hp=6/6
    ✓ Тишина A5          @ (7,0,2) hp=2/2
    ✓ Бурав A6           @ (7,0,6) hp=4/4
    ✓ Провокатор A7      @ (7,0,1) hp=2/2
    ✓ Паук A8            @ (7,0,3) hp=1/1
  Team B: живых 8/8
    ✓ Артиллерия B1      @ (6,4,7) hp=1/1
    ✓ Радиовышка B2      @ (6,3,7) hp=3/3
    ✓ Прыгун B3          @ (6,7,7) hp=2/2
    ✓ Факел B4           @ (6,2,7) hp=6/6
    ✓ Тишина B5          @ (6,5,7) hp=2/2
    ✓ Бурав B6           @ (6,8,7) hp=4/4
    ✓ Провокатор B7      @ (6,1,7) hp=2/2
    ✓ Паук B8            @ (6,0,7) hp=1/1
  Team C: живых 8/8
    ✓ Артиллерия C1      @ (5,5,7) hp=1/1
    ✓ Радиовышка C2      @ (5,1,7) hp=3/3
    ✓ Прыгун C3          @ (5,4,7) hp=2/2
    ✓ Факел C4           @ (5,2,7) hp=6/6
    ✓ Тишина C5          @ (5,6,7) hp=2/2
    ✓ Бурав C6           @ (5,8,7) hp=4/4
    ✓ Провокатор C7      @ (5,7,7) hp=2/2
    ✓ Паук C8            @ (5,3,7) hp=1/1

======================================================================
ХОД 1
======================================================================
✓ 🎮 GM: начинаем ход
GM: start_turn

--- Радиовышки: сканирование слоя Z ---
  Радиовышка A2 (z=9): слой чист
  Радиовышка B2 (z=7): видит 9 врагов  → Прыгун A3(7,0,7), Радиовышка C2(5,1,7), Факел C4(5,2,7), Паук C8(5,3,7), Прыгун C3(5,4,7), Артиллерия C1(5,5,7), Тишина C5(5,6,7), Провокатор C7(5,7,7), Бурав C6(5,8,7)
  Радиовышка C2 (z=7): видит 9 врагов  → Прыгун A3(7,0,7), Паук B8(6,0,7), Провокатор B7(6,1,7), Факел B4(6,2,7), Радиовышка B2(6,3,7), Артиллерия B1(6,4,7), Тишина B5(6,5,7), Прыгун B3(6,7,7), Бурав B6(6,8,7)

--- Решения ботов ---
  [Team A] Артиллерия A1 (7,0,8) → SHOOT at (6,4,7)
  [Team A] Радиовышка A2 (7,0,9) → MOVE (6,1,8)
  [Team A] Прыгун A3 (7,0,7) → MOVE (6,2,7)
  [Team A] Тишина A5 (7,0,2) → PHASE toggle
  [Team A] Бурав A6 (7,0,6) → MOVE (6,0,7)
  [Team A] Провокатор A7 (7,0,1) → MOVE (6,1,2)
  [Team A] Паук A8 (7,0,3) → MINE (6,1,4)
  [Team A] Факел A4 → SKIP
  [Team B] Артиллерия B1 (6,4,7) → SHOOT at (5,5,7)
  [Team B] Радиовышка B2 (6,3,7) → MOVE (5,4,7)
  [Team B] Прыгун B3 (6,7,7) → MOVE (5,5,7)
  [Team B] Факел B4 (6,2,7) → SHOOT at (5,2,7)
  [Team B] Тишина B5 (6,5,7) → PHASE toggle
  [Team B] Бурав B6 (6,8,7) → MOVE (5,7,7)
  [Team B] Провокатор B7 (6,1,7) → HOLOGRAM (7,0,8)
  [Team B] Паук B8 (6,0,7) → MINE (6,1,8)
  [Team C] Артиллерия C1 (5,5,7) → SHOOT at (6,4,7)
  [Team C] Радиовышка C2 (5,1,7) → MOVE (6,2,7)
  [Team C] Прыгун C3 (5,4,7) → MOVE (6,4,7)
  [Team C] Факел C4 (5,2,7) → SHOOT at (6,2,7)
  [Team C] Тишина C5 (5,6,7) → PHASE toggle
  [Team C] Бурав C6 (5,8,7) → MOVE (6,7,7)
  [Team C] Провокатор C7 (5,7,7) → SHOOT at (6,7,7)
  [Team C] Паук C8 (5,3,7) → MINE (6,3,7)
! 🎮 GM: принудительно завершает фазу планирования
GM: end_planning
# 
============================================================
# 🔄 ОБРАБОТКА ХОДА 1
# ============================================================
   🌀 Тишина A5: фаза ВКЛ
   🌀 Тишина B5: фаза ВКЛ
   🌀 Тишина C5: фаза ВКЛ
!    ⚠️ Провокатор B7: клетка (7,0,8) занята кораблём
   💣 Паук A8 установил мину M1 в (6,1,4)
   💣 Паук B8 установил мину M2 в (6,1,8)
!    ⚠️ Паук C8: клетка (6,3,7) занята кораблём

📦 ПЕРЕМЕЩЕНИЯ:
   Радиовышка A2: (7, 0, 9) → (6,1,8)
!    💥 Мина M2 сработала под Радиовышка A2 (урон 2)
✓    💥 Прыгун A3 тараном уничтожил Факел B4 в (6,2,7)
   Прыгун A3: (7, 0, 7) → (6,2,7)
✓    💥 Бурав A6 тараном уничтожил Паук B8 в (6,0,7)
   Бурав A6: (7, 0, 6) → (6,0,7)
   Провокатор A7: (7, 0, 1) → (6,1,2)
!    ⚠️ Радиовышка B2: клетка (5,4,7) занята
✓    💥 Прыгун B3 тараном уничтожил Артиллерия C1 в (5,5,7)
   Прыгун B3: (6, 7, 7) → (5,5,7)
✓    💥 Бурав B6 тараном уничтожил Провокатор C7 в (5,7,7)
   Бурав B6: (6, 8, 7) → (5,7,7)
!    ⚠️ Радиовышка C2: клетка (6,2,7) занята
✓    💥 Прыгун C3 тараном уничтожил Артиллерия B1 в (6,4,7)
   Прыгун C3: (5, 4, 7) → (6,4,7)
   Бурав C6: (5, 8, 7) → (6,7,7)

🎯 ВЫСТРЕЛЫ:
✓    ✅ Артиллерия A1 поразил Прыгун C3 (2 урона)!
✓    ✅ Факел C4 поразил Прыгун A3 (1 урона)!
   Выпущено ракет: 2
# 
📊 РЕЗУЛЬТАТЫ ХОДА 1:
✓ 💥 ПОПАДАНИЯ:
✓    Артиллерия A1 (Team A) → Прыгун C3 (Team C)
✓    Факел C4 (Team C) → Прыгун A3 (Team A)

--- Результаты хода ---
  ? / ?                  → Team A / Радиовышка A2      @ (6,1,8)  (ранен)
  Team A / Прыгун A3          → Team B / Факел B4           @ (6,2,7)  (УБИТ)
  Team A / Бурав A6           → Team B / Паук B8            @ (6,0,7)  (УБИТ)
  Team B / Прыгун B3          → Team C / Артиллерия C1      @ (5,5,7)  (УБИТ)
  Team B / Бурав B6           → Team C / Провокатор C7      @ (5,7,7)  (УБИТ)
  Team C / Прыгун C3          → Team B / Артиллерия B1      @ (6,4,7)  (УБИТ)
  Team A / Артиллерия A1      → Team C / Прыгун C3          @ (6,4,7)  (УБИТ)
  Team C / Факел C4           → Team A / Прыгун A3          @ (6,2,7)  (ранен)

--- Состояние команд после хода ---
  Team A: живых 8/8
    ✓ Артиллерия A1      @ (7,0,8) hp=1/1
    ✓ Радиовышка A2      @ (6,1,8) hp=1/3
    ✓ Прыгун A3          @ (6,2,7) hp=1/2
    ✓ Факел A4           @ (7,0,0) hp=6/6
    ✓ Тишина A5          @ (7,0,2) hp=2/2
    ✓ Бурав A6           @ (6,0,7) hp=4/4
    ✓ Провокатор A7      @ (6,1,2) hp=2/2
    ✓ Паук A8            @ (7,0,3) hp=1/1
  Team B: живых 5/8
    ✓ Радиовышка B2      @ (6,3,7) hp=3/3
    ✓ Прыгун B3          @ (5,5,7) hp=2/2
    ✓ Тишина B5          @ (6,5,7) hp=2/2
    ✓ Бурав B6           @ (5,7,7) hp=4/4
    ✓ Провокатор B7      @ (6,1,7) hp=2/2
    ✗ Артиллерия B1      @ (6,4,7) [уничтожен]
    ✗ Факел B4           @ (6,2,7) [уничтожен]
    ✗ Паук B8            @ (6,0,7) [уничтожен]
  Team C: живых 5/8
    ✓ Радиовышка C2      @ (5,1,7) hp=3/3
    ✓ Факел C4           @ (5,2,7) hp=6/6
    ✓ Тишина C5          @ (5,6,7) hp=2/2
    ✓ Бурав C6           @ (6,7,7) hp=4/4
    ✓ Паук C8            @ (5,3,7) hp=1/1
    ✗ Артиллерия C1      @ (5,5,7) [уничтожен]
    ✗ Прыгун C3          @ (6,4,7) [уничтожен]
    ✗ Провокатор C7      @ (5,7,7) [уничтожен]

======================================================================
ХОД 2
======================================================================
✓ 🎮 GM: начинаем ход
GM: start_turn

--- Радиовышки: сканирование слоя Z ---
  Радиовышка A2 (z=8): слой чист
  Радиовышка B2 (z=7): видит 6 врагов  → Бурав A6(6,0,7), Прыгун A3(6,2,7), Радиовышка C2(5,1,7), Факел C4(5,2,7), Паук C8(5,3,7), Бурав C6(6,7,7)
  Радиовышка C2 (z=7): видит 6 врагов  → Бурав A6(6,0,7), Прыгун A3(6,2,7), Прыгун B3(5,5,7), Бурав B6(5,7,7), Провокатор B7(6,1,7), Радиовышка B2(6,3,7)

--- Решения ботов ---
  [Team A] Артиллерия A1 (7,0,8) → SHOOT at (6,1,7)
  [Team A] Радиовышка A2 (6,1,8) → MOVE (6,1,7)
  [Team A] Прыгун A3 (6,2,7) → MOVE (5,2,7)
  [Team A] Факел A4 (7,0,0) → MOVE (6,1,1)
  [Team A] Тишина A5 (7,0,2) → MOVE (6,1,3)
  [Team A] Бурав A6 (6,0,7) → MOVE (5,1,7)
  [Team A] Провокатор A7 (6,1,2) → HOLOGRAM (6,2,3)
  [Team A] Паук A8 (7,0,3) → MINE (6,1,4)
  [Team B] Радиовышка B2 (6,3,7) → MOVE (6,2,7)
  [Team B] Прыгун B3 (5,5,7) → MOVE (6,7,7)
  [Team B] Тишина B5 (6,5,7) → MOVE (6,6,7)
  [Team B] Провокатор B7 (6,1,7) → HOLOGRAM (7,0,8)
  [Team B] Бурав B6 → SKIP
  [Team C] Радиовышка C2 (5,1,7) → MOVE (6,1,8)
  [Team C] Факел C4 (5,2,7) → SHOOT at (6,2,7)
  [Team C] Тишина C5 (5,6,7) → MOVE (5,5,7)
  [Team C] Бурав C6 (6,7,7) → MOVE (5,7,7)
  [Team C] Паук C8 (5,3,7) → MINE (6,2,7)
! 🎮 GM: принудительно завершает фазу планирования
GM: end_planning
# 
============================================================
# 🔄 ОБРАБОТКА ХОДА 2
# ============================================================
   🪞 Провокатор A7 создал голограмму H1 в (6,2,3)
!    ⚠️ Провокатор B7: клетка (7,0,8) занята кораблём
!    ⚠️ Паук A8: в клетке уже стоит мина
!    ⚠️ Паук C8: клетка (6,2,7) занята кораблём

📦 ПЕРЕМЕЩЕНИЯ:
!    ⚠️ Радиовышка A2: клетка (6,1,7) занята
✓    💥 Прыгун A3 тараном уничтожил Факел C4 в (5,2,7)
   Прыгун A3: (6, 2, 7) → (5,2,7)
   Факел A4: (7, 0, 0) → (6,1,1)
   Тишина A5: (7, 0, 2) → (6,1,3)
✓    💥 Бурав A6 тараном уничтожил Радиовышка C2 в (5,1,7)
   Бурав A6: (6, 0, 7) → (5,1,7)
   Радиовышка B2: (6, 3, 7) → (6,2,7)
✓    💥 Прыгун B3 тараном уничтожил Бурав C6 в (6,7,7)
   Прыгун B3: (5, 5, 7) → (6,7,7)
   Тишина B5: (6, 5, 7) → (6,6,7)
   Тишина C5: (5, 6, 7) → (5,5,7)

🎯 ВЫСТРЕЛЫ:
✓    ✅ Артиллерия A1 поразил Провокатор B7 (2 урона)!
   Выпущено ракет: 1
# 
📊 РЕЗУЛЬТАТЫ ХОДА 2:
✓ 💥 ПОПАДАНИЯ:
✓    Артиллерия A1 (Team A) → Провокатор B7 (Team B)

--- Результаты хода ---
  Team A / Прыгун A3          → Team C / Факел C4           @ (5,2,7)  (УБИТ)
  Team A / Бурав A6           → Team C / Радиовышка C2      @ (5,1,7)  (УБИТ)
  Team B / Прыгун B3          → Team C / Бурав C6           @ (6,7,7)  (УБИТ)
  Team A / Артиллерия A1      → Team B / Провокатор B7      @ (6,1,7)  (УБИТ)

--- Состояние команд после хода ---
  Team A: живых 8/8
    ✓ Артиллерия A1      @ (7,0,8) hp=1/1
    ✓ Радиовышка A2      @ (6,1,8) hp=1/3
    ✓ Прыгун A3          @ (5,2,7) hp=1/2
    ✓ Факел A4           @ (6,1,1) hp=6/6
    ✓ Тишина A5          @ (6,1,3) hp=2/2
    ✓ Бурав A6           @ (5,1,7) hp=4/4
    ✓ Провокатор A7      @ (6,1,2) hp=2/2
    ✓ Паук A8            @ (7,0,3) hp=1/1
  Team B: живых 4/8
    ✓ Радиовышка B2      @ (6,2,7) hp=3/3
    ✓ Прыгун B3          @ (6,7,7) hp=2/2
    ✓ Тишина B5          @ (6,6,7) hp=2/2
    ✓ Бурав B6           @ (5,7,7) hp=4/4
    ✗ Артиллерия B1      @ (6,4,7) [уничтожен]
    ✗ Факел B4           @ (6,2,7) [уничтожен]
    ✗ Провокатор B7      @ (6,1,7) [уничтожен]
    ✗ Паук B8            @ (6,0,7) [уничтожен]
  Team C: живых 2/8
    ✓ Тишина C5          @ (5,5,7) hp=2/2
    ✓ Паук C8            @ (5,3,7) hp=1/1
    ✗ Артиллерия C1      @ (5,5,7) [уничтожен]
    ✗ Радиовышка C2      @ (5,1,7) [уничтожен]
    ✗ Прыгун C3          @ (6,4,7) [уничтожен]
    ✗ Факел C4           @ (5,2,7) [уничтожен]
    ✗ Бурав C6           @ (6,7,7) [уничтожен]
    ✗ Провокатор C7      @ (5,7,7) [уничтожен]

======================================================================
ХОД 3
======================================================================
✓ 🎮 GM: начинаем ход
GM: start_turn

--- Радиовышки: сканирование слоя Z ---
  Радиовышка A2 (z=8): слой чист
  Радиовышка B2 (z=7): видит 3 врагов [+1 эксклюзивно] → Бурав A6(5,1,7), Прыгун A3(5,2,7), Паук C8(5,3,7)

--- Решения ботов ---
  [Team A] Артиллерия A1 (7,0,8) → SHOOT at (5,3,7)
  [Team A] Радиовышка A2 (6,1,8) → MOVE (6,2,7)
  [Team A] Прыгун A3 (5,2,7) → MOVE (5,3,7)
  [Team A] Тишина A5 (6,1,3) → PHASE toggle
  [Team A] Бурав A6 (5,1,7) → MOVE (6,1,7)
  [Team A] Провокатор A7 (6,1,2) → HOLOGRAM (6,2,3)
  [Team A] Паук A8 (7,0,3) → MINE (6,1,4)
  [Team A] Факел A4 → SKIP
  [Team B] Радиовышка B2 (6,2,7) → MOVE (6,1,8)
  [Team B] Прыгун B3 (6,7,7) → MOVE (5,6,7)
  [Team B] Тишина B5 (6,6,7) → MOVE (5,5,7)
  [Team B] Бурав B6 → SKIP
  [Team C] Тишина C5 (5,5,7) → MOVE (6,6,7)
  [Team C] Паук C8 (5,3,7) → MINE (5,2,7)
! 🎮 GM: принудительно завершает фазу планирования
GM: end_planning
# 
============================================================
# 🔄 ОБРАБОТКА ХОДА 3
# ============================================================
   🌀 Тишина A5: фаза ВЫКЛ
!    ⚠️ Провокатор A7: клетка (6,2,3) уже занята голограммой
!    ⚠️ Паук A8: в клетке уже стоит мина
!    ⚠️ Паук C8: клетка (5,2,7) занята кораблём

📦 ПЕРЕМЕЩЕНИЯ:
!    ⚠️ Радиовышка A2: клетка (6,2,7) занята
✓    💥 Прыгун A3 тараном уничтожил Паук C8 в (5,3,7)
   Прыгун A3: (5, 2, 7) → (5,3,7)
   Бурав A6: (5, 1, 7) → (6,1,7)
!    ⚠️ Радиовышка B2: клетка (6,1,8) занята
   Прыгун B3: (6, 7, 7) → (5,6,7)
   Тишина B5: (6, 6, 7) → (5,5,7)
   Тишина C5: (5, 5, 7) → (6,6,7)

🎯 ВЫСТРЕЛЫ:
   Выпущено ракет: 1
# 
📊 РЕЗУЛЬТАТЫ ХОДА 3:
🎯 Попаданий нет

--- Результаты хода ---
  Team A / Прыгун A3          → Team C / Паук C8            @ (5,3,7)  (УБИТ)

--- Состояние команд после хода ---
  Team A: живых 8/8
    ✓ Артиллерия A1      @ (7,0,8) hp=1/1
    ✓ Радиовышка A2      @ (6,1,8) hp=1/3
    ✓ Прыгун A3          @ (5,3,7) hp=1/2
    ✓ Факел A4           @ (6,1,1) hp=6/6
    ✓ Тишина A5          @ (6,1,3) hp=2/2
    ✓ Бурав A6           @ (6,1,7) hp=4/4
    ✓ Провокатор A7      @ (6,1,2) hp=2/2
    ✓ Паук A8            @ (7,0,3) hp=1/1
  Team B: живых 4/8
    ✓ Радиовышка B2      @ (6,2,7) hp=3/3
    ✓ Прыгун B3          @ (5,6,7) hp=2/2
    ✓ Тишина B5          @ (5,5,7) hp=2/2
    ✓ Бурав B6           @ (5,7,7) hp=4/4
    ✗ Артиллерия B1      @ (6,4,7) [уничтожен]
    ✗ Факел B4           @ (6,2,7) [уничтожен]
    ✗ Провокатор B7      @ (6,1,7) [уничтожен]
    ✗ Паук B8            @ (6,0,7) [уничтожен]
  Team C: живых 1/8
    ✓ Тишина C5          @ (6,6,7) hp=2/2
    ✗ Артиллерия C1      @ (5,5,7) [уничтожен]
    ✗ Радиовышка C2      @ (5,1,7) [уничтожен]
    ✗ Прыгун C3          @ (6,4,7) [уничтожен]
    ✗ Факел C4           @ (5,2,7) [уничтожен]
    ✗ Бурав C6           @ (6,7,7) [уничтожен]
    ✗ Провокатор C7      @ (5,7,7) [уничтожен]
    ✗ Паук C8            @ (5,3,7) [уничтожен]

======================================================================
ХОД 4
======================================================================
✓ 🎮 GM: начинаем ход
GM: start_turn

--- Радиовышки: сканирование слоя Z ---
  Радиовышка A2 (z=8): слой чист
  Радиовышка B2 (z=7): видит 2 врагов  → Прыгун A3(5,3,7), Бурав A6(6,1,7)

--- Решения ботов ---
  [Team A] Артиллерия A1 (7,0,8) → SHOOT at (5,6,7)
  [Team A] Радиовышка A2 (6,1,8) → MOVE (6,2,7)
  [Team A] Прыгун A3 (5,3,7) → SHOOT at (5,6,7)
  [Team A] Тишина A5 (6,1,3) → PHASE toggle
  [Team A] Провокатор A7 (6,1,2) → HOLOGRAM (6,2,3)
  [Team A] Паук A8 (7,0,3) → MINE (6,1,4)
  [Team A] Бурав A6 → SKIP
  [Team A] Факел A4 → SKIP
  [Team B] Радиовышка B2 (6,2,7) → MOVE (6,1,8)
  [Team B] Прыгун B3 (5,6,7) → SHOOT at (5,3,7)
  [Team B] Тишина B5 (5,5,7) → MOVE (5,4,7)
  [Team B] Бурав B6 → SKIP
  [Team C] Тишина C5 (6,6,7) → MOVE (5,6,7)
! 🎮 GM: принудительно завершает фазу планирования
GM: end_planning
# 
============================================================
# 🔄 ОБРАБОТКА ХОДА 4
# ============================================================
   🌀 Тишина A5: фаза ВКЛ
!    ⚠️ Провокатор A7: клетка (6,2,3) уже занята голограммой
!    ⚠️ Паук A8: в клетке уже стоит мина

📦 ПЕРЕМЕЩЕНИЯ:
!    ⚠️ Радиовышка A2: клетка (6,2,7) занята
!    ⚠️ Радиовышка B2: клетка (6,1,8) занята
   Тишина B5: (5, 5, 7) → (5,4,7)
!    ⚠️ Тишина C5: клетка (5,6,7) занята

🎯 ВЫСТРЕЛЫ:
✓    ✅ Артиллерия A1 поразил Прыгун B3 (2 урона)!
   💀 Прыгун A3 добивает Прыгун B3
✓    ✅ Прыгун A3 поразил Прыгун B3 (1 урона)!
✓    ✅ Прыгун B3 поразил Прыгун A3 (1 урона)!
   Выпущено ракет: 3
# 
📊 РЕЗУЛЬТАТЫ ХОДА 4:
✓ 💥 ПОПАДАНИЯ:
✓    Артиллерия A1 (Team A) → Прыгун B3 (Team B)
✓    Прыгун A3 (Team A) → Прыгун B3 (Team B)
✓    Прыгун B3 (Team B) → Прыгун A3 (Team A)

--- Результаты хода ---
  Team A / Артиллерия A1      → Team B / Прыгун B3          @ (5,6,7)  (УБИТ)
  Team A / Прыгун A3          → Team B / Прыгун B3          @ (5,6,7)  (ранен)
  Team B / Прыгун B3          → Team A / Прыгун A3          @ (5,3,7)  (УБИТ)

--- Состояние команд после хода ---
  Team A: живых 7/8
    ✓ Артиллерия A1      @ (7,0,8) hp=1/1
    ✓ Радиовышка A2      @ (6,1,8) hp=1/3
    ✓ Факел A4           @ (6,1,1) hp=6/6
    ✓ Тишина A5          @ (6,1,3) hp=2/2
    ✓ Бурав A6           @ (6,1,7) hp=4/4
    ✓ Провокатор A7      @ (6,1,2) hp=2/2
    ✓ Паук A8            @ (7,0,3) hp=1/1
    ✗ Прыгун A3          @ (5,3,7) [уничтожен]
  Team B: живых 3/8
    ✓ Радиовышка B2      @ (6,2,7) hp=3/3
    ✓ Тишина B5          @ (5,4,7) hp=2/2
    ✓ Бурав B6           @ (5,7,7) hp=4/4
    ✗ Артиллерия B1      @ (6,4,7) [уничтожен]
    ✗ Прыгун B3          @ (5,6,7) [уничтожен]
    ✗ Факел B4           @ (6,2,7) [уничтожен]
    ✗ Провокатор B7      @ (6,1,7) [уничтожен]
    ✗ Паук B8            @ (6,0,7) [уничтожен]
  Team C: живых 1/8
    ✓ Тишина C5          @ (6,6,7) hp=2/2
    ✗ Артиллерия C1      @ (5,5,7) [уничтожен]
    ✗ Радиовышка C2      @ (5,1,7) [уничтожен]
    ✗ Прыгун C3          @ (6,4,7) [уничтожен]
    ✗ Факел C4           @ (5,2,7) [уничтожен]
    ✗ Бурав C6           @ (6,7,7) [уничтожен]
    ✗ Провокатор C7      @ (5,7,7) [уничтожен]
    ✗ Паук C8            @ (5,3,7) [уничтожен]

======================================================================
ХОД 5
======================================================================
✓ 🎮 GM: начинаем ход
GM: start_turn

--- Радиовышки: сканирование слоя Z ---
  Радиовышка A2 (z=8): слой чист
  Радиовышка B2 (z=7): видит 1 врагов  → Бурав A6(6,1,7)

--- Решения ботов ---
  [Team A] Артиллерия A1 (7,0,8) → SHOOT at (6,2,7)
  [Team A] Радиовышка A2 (6,1,8) → MOVE (6,2,7)
  [Team A] Тишина A5 (6,1,3) → PHASE toggle
  [Team A] Провокатор A7 (6,1,2) → HOLOGRAM (6,2,3)
  [Team A] Паук A8 (7,0,3) → MINE (6,1,4)
  [Team A] Бурав A6 → SKIP
  [Team A] Факел A4 → SKIP
  [Team B] Радиовышка B2 (6,2,7) → MOVE (6,1,8)
  [Team B] Тишина B5 (5,4,7) → MOVE (6,3,8)
  [Team B] Бурав B6 (5,7,7) → MOVE (6,6,8)
  [Team C] Тишина C5 (6,6,7) → PHASE toggle
! 🎮 GM: принудительно завершает фазу планирования
GM: end_planning
# 
============================================================
# 🔄 ОБРАБОТКА ХОДА 5
# ============================================================
   🌀 Тишина A5: фаза ВЫКЛ
   🌀 Тишина C5: фаза ВЫКЛ
!    ⚠️ Провокатор A7: клетка (6,2,3) уже занята голограммой
!    ⚠️ Паук A8: в клетке уже стоит мина

📦 ПЕРЕМЕЩЕНИЯ:
!    ⚠️ Радиовышка A2: клетка (6,2,7) занята
!    ⚠️ Радиовышка B2: клетка (6,1,8) занята
   Тишина B5: (5, 4, 7) → (6,3,8)
!    ⚠️ Бурав B6: Бурав двигается только по 1 оси или по 2 осям строго диагонально

🎯 ВЫСТРЕЛЫ:
✓    ✅ Артиллерия A1 поразил Радиовышка B2 (2 урона)!
   Выпущено ракет: 1
# 
📊 РЕЗУЛЬТАТЫ ХОДА 5:
✓ 💥 ПОПАДАНИЯ:
✓    Артиллерия A1 (Team A) → Радиовышка B2 (Team B)

--- Результаты хода ---
  Team A / Артиллерия A1      → Team B / Радиовышка B2      @ (6,2,7)  (ранен)

--- Состояние команд после хода ---
  Team A: живых 7/8
    ✓ Артиллерия A1      @ (7,0,8) hp=1/1
    ✓ Радиовышка A2      @ (6,1,8) hp=1/3
    ✓ Факел A4           @ (6,1,1) hp=6/6
    ✓ Тишина A5          @ (6,1,3) hp=2/2
    ✓ Бурав A6           @ (6,1,7) hp=4/4
    ✓ Провокатор A7      @ (6,1,2) hp=2/2
    ✓ Паук A8            @ (7,0,3) hp=1/1
    ✗ Прыгун A3          @ (5,3,7) [уничтожен]
  Team B: живых 3/8
    ✓ Радиовышка B2      @ (6,2,7) hp=1/3
    ✓ Тишина B5          @ (6,3,8) hp=2/2
    ✓ Бурав B6           @ (5,7,7) hp=4/4
    ✗ Артиллерия B1      @ (6,4,7) [уничтожен]
    ✗ Прыгун B3          @ (5,6,7) [уничтожен]
    ✗ Факел B4           @ (6,2,7) [уничтожен]
    ✗ Провокатор B7      @ (6,1,7) [уничтожен]
    ✗ Паук B8            @ (6,0,7) [уничтожен]
  Team C: живых 1/8
    ✓ Тишина C5          @ (6,6,7) hp=2/2
    ✗ Артиллерия C1      @ (5,5,7) [уничтожен]
    ✗ Радиовышка C2      @ (5,1,7) [уничтожен]
    ✗ Прыгун C3          @ (6,4,7) [уничтожен]
    ✗ Факел C4           @ (5,2,7) [уничтожен]
    ✗ Бурав C6           @ (6,7,7) [уничтожен]
    ✗ Провокатор C7      @ (5,7,7) [уничтожен]
    ✗ Паук C8            @ (5,3,7) [уничтожен]

======================================================================
ХОД 6
======================================================================
✓ 🎮 GM: начинаем ход
GM: start_turn

--- Радиовышки: сканирование слоя Z ---
  Радиовышка A2 (z=8): слой чист
  Радиовышка B2 (z=7): видит 2 врагов  → Бурав A6(6,1,7), Тишина C5(6,6,7)

--- Решения ботов ---
  [Team A] Артиллерия A1 (7,0,8) → SHOOT at (6,2,7)
  [Team A] Радиовышка A2 (6,1,8) → MOVE (6,2,7)
  [Team A] Тишина A5 (6,1,3) → MOVE (6,2,4)
  [Team A] Провокатор A7 (6,1,2) → HOLOGRAM (6,2,3)
  [Team A] Паук A8 (7,0,3) → MINE (6,1,4)
  [Team A] Бурав A6 → SKIP
  [Team A] Факел A4 → SKIP
  [Team B] Радиовышка B2 (6,2,7) → MOVE (6,1,8)
  [Team B] Тишина B5 (6,3,8) → MOVE (6,2,8)
  [Team B] Бурав B6 (5,7,7) → MOVE (6,6,7)
  [Team C] Тишина C5 (6,6,7) → MOVE (5,7,7)
! 🎮 GM: принудительно завершает фазу планирования
GM: end_planning
# 
============================================================
# 🔄 ОБРАБОТКА ХОДА 6
# ============================================================
!    ⚠️ Провокатор A7: клетка (6,2,3) уже занята голограммой
!    ⚠️ Паук A8: в клетке уже стоит мина

📦 ПЕРЕМЕЩЕНИЯ:
!    ⚠️ Радиовышка A2: клетка (6,2,7) занята
   Тишина A5: (6, 1, 3) → (6,2,4)
!    ⚠️ Радиовышка B2: клетка (6,1,8) занята
   Тишина B5: (6, 3, 8) → (6,2,8)
✓    💥 Бурав B6 тараном уничтожил Тишина C5 в (6,6,7)
   Бурав B6: (5, 7, 7) → (6,6,7)

🎯 ВЫСТРЕЛЫ:
✓    ✅ Артиллерия A1 поразил Радиовышка B2 (2 урона)!
   Выпущено ракет: 1
# 
📊 РЕЗУЛЬТАТЫ ХОДА 6:
✓ 💥 ПОПАДАНИЯ:
✓    Артиллерия A1 (Team A) → Радиовышка B2 (Team B)

--- Результаты хода ---
  Team B / Бурав B6           → Team C / Тишина C5          @ (6,6,7)  (УБИТ)
  Team A / Артиллерия A1      → Team B / Радиовышка B2      @ (6,2,7)  (УБИТ)

--- Состояние команд после хода ---
  Team A: живых 7/8
    ✓ Артиллерия A1      @ (7,0,8) hp=1/1
    ✓ Радиовышка A2      @ (6,1,8) hp=1/3
    ✓ Факел A4           @ (6,1,1) hp=6/6
    ✓ Тишина A5          @ (6,2,4) hp=2/2
    ✓ Бурав A6           @ (6,1,7) hp=4/4
    ✓ Провокатор A7      @ (6,1,2) hp=2/2
    ✓ Паук A8            @ (7,0,3) hp=1/1
    ✗ Прыгун A3          @ (5,3,7) [уничтожен]
  Team B: живых 2/8
    ✓ Тишина B5          @ (6,2,8) hp=2/2
    ✓ Бурав B6           @ (6,6,7) hp=4/4
    ✗ Артиллерия B1      @ (6,4,7) [уничтожен]
    ✗ Радиовышка B2      @ (6,2,7) [уничтожен]
    ✗ Прыгун B3          @ (5,6,7) [уничтожен]
    ✗ Факел B4           @ (6,2,7) [уничтожен]
    ✗ Провокатор B7      @ (6,1,7) [уничтожен]
    ✗ Паук B8            @ (6,0,7) [уничтожен]
  Team C: живых 0/8
    ✗ Артиллерия C1      @ (5,5,7) [уничтожен]
    ✗ Радиовышка C2      @ (5,1,7) [уничтожен]
    ✗ Прыгун C3          @ (6,4,7) [уничтожен]
    ✗ Факел C4           @ (5,2,7) [уничтожен]
    ✗ Тишина C5          @ (6,6,7) [уничтожен]
    ✗ Бурав C6           @ (6,7,7) [уничтожен]
    ✗ Провокатор C7      @ (5,7,7) [уничтожен]
    ✗ Паук C8            @ (5,3,7) [уничтожен]

======================================================================
ХОД 7
======================================================================
✓ 🎮 GM: начинаем ход
GM: start_turn

--- Радиовышки: сканирование слоя Z ---
  Радиовышка A2 (z=8): слой чист

--- Решения ботов ---
  [Team A] Артиллерия A1 (7,0,8) → SHOOT at (6,6,7)
  [Team A] Радиовышка A2 (6,1,8) → MOVE (6,2,7)
  [Team A] Тишина A5 (6,2,4) → MOVE (6,3,5)
  [Team A] Провокатор A7 (6,1,2) → HOLOGRAM (6,2,3)
  [Team A] Паук A8 (7,0,3) → MOVE (6,1,4)
  [Team A] Бурав A6 → SKIP
  [Team A] Факел A4 → SKIP
  [Team B] Тишина B5 (6,2,8) → MOVE (6,1,8)
  [Team B] Бурав B6 (6,6,7) → MOVE (6,5,6)
  [Team C] все корабли пропускают ход
! 🎮 GM: принудительно завершает фазу планирования
GM: end_planning
# 
============================================================
# 🔄 ОБРАБОТКА ХОДА 7
# ============================================================
!    ⚠️ Провокатор A7: клетка (6,2,3) уже занята голограммой

📦 ПЕРЕМЕЩЕНИЯ:
   Радиовышка A2: (6, 1, 8) → (6,2,7)
   Тишина A5: (6, 2, 4) → (6,3,5)
   Паук A8: (7, 0, 3) → (6,1,4)
   Тишина B5: (6, 2, 8) → (6,1,8)
   Бурав B6: (6, 6, 7) → (6,5,6)

🎯 ВЫСТРЕЛЫ:
   Выпущено ракет: 1
# 
📊 РЕЗУЛЬТАТЫ ХОДА 7:
🎯 Попаданий нет

--- Результаты хода ---
  Попаданий нет

--- Состояние команд после хода ---
  Team A: живых 7/8
    ✓ Артиллерия A1      @ (7,0,8) hp=1/1
    ✓ Радиовышка A2      @ (6,2,7) hp=1/3
    ✓ Факел A4           @ (6,1,1) hp=6/6
    ✓ Тишина A5          @ (6,3,5) hp=2/2
    ✓ Бурав A6           @ (6,1,7) hp=4/4
    ✓ Провокатор A7      @ (6,1,2) hp=2/2
    ✓ Паук A8            @ (6,1,4) hp=1/1
    ✗ Прыгун A3          @ (5,3,7) [уничтожен]
  Team B: живых 2/8
    ✓ Тишина B5          @ (6,1,8) hp=2/2
    ✓ Бурав B6           @ (6,5,6) hp=4/4
    ✗ Артиллерия B1      @ (6,4,7) [уничтожен]
    ✗ Радиовышка B2      @ (6,2,7) [уничтожен]
    ✗ Прыгун B3          @ (5,6,7) [уничтожен]
    ✗ Факел B4           @ (6,2,7) [уничтожен]
    ✗ Провокатор B7      @ (6,1,7) [уничтожен]
    ✗ Паук B8            @ (6,0,7) [уничтожен]
  Team C: живых 0/8
    ✗ Артиллерия C1      @ (5,5,7) [уничтожен]
    ✗ Радиовышка C2      @ (5,1,7) [уничтожен]
    ✗ Прыгун C3          @ (6,4,7) [уничтожен]
    ✗ Факел C4           @ (5,2,7) [уничтожен]
    ✗ Тишина C5          @ (6,6,7) [уничтожен]
    ✗ Бурав C6           @ (6,7,7) [уничтожен]
    ✗ Провокатор C7      @ (5,7,7) [уничтожен]
    ✗ Паук C8            @ (5,3,7) [уничтожен]

======================================================================
ХОД 8
======================================================================
✓ 🎮 GM: начинаем ход
GM: start_turn

--- Радиовышки: сканирование слоя Z ---
  Радиовышка A2 (z=7): слой чист

--- Решения ботов ---
  [Team A] Артиллерия A1 (7,0,8) → SHOOT at (6,5,6)
  [Team A] Радиовышка A2 (6,2,7) → MOVE (6,3,6)
  [Team A] Факел A4 (6,1,1) → MOVE (6,2,2)
  [Team A] Тишина A5 (6,3,5) → MOVE (6,4,6)
  [Team A] Бурав A6 (6,1,7) → MOVE (6,2,6)
  [Team A] Провокатор A7 (6,1,2) → HOLOGRAM (6,2,3)
  [Team A] Паук A8 (6,1,4) → MINE (6,2,5)
  [Team B] Тишина B5 (6,1,8) → MOVE (7,0,8)
  [Team B] Бурав B6 (6,5,6) → MOVE (6,4,5)
  [Team C] все корабли пропускают ход
! 🎮 GM: принудительно завершает фазу планирования
GM: end_planning
# 
============================================================
# 🔄 ОБРАБОТКА ХОДА 8
# ============================================================
!    ⚠️ Провокатор A7: клетка (6,2,3) уже занята голограммой
   💣 Паук A8 установил мину M3 в (6,2,5)

📦 ПЕРЕМЕЩЕНИЯ:
   Радиовышка A2: (6, 2, 7) → (6,3,6)
   Факел A4: (6, 1, 1) → (6,2,2)
   Тишина A5: (6, 3, 5) → (6,4,6)
   Бурав A6: (6, 1, 7) → (6,2,6)
!    ⚠️ Тишина B5: клетка (7,0,8) занята
   Бурав B6: (6, 5, 6) → (6,4,5)

🎯 ВЫСТРЕЛЫ:
   Выпущено ракет: 1
# 
📊 РЕЗУЛЬТАТЫ ХОДА 8:
🎯 Попаданий нет

--- Результаты хода ---
  Попаданий нет

--- Состояние команд после хода ---
  Team A: живых 7/8
    ✓ Артиллерия A1      @ (7,0,8) hp=1/1
    ✓ Радиовышка A2      @ (6,3,6) hp=1/3
    ✓ Факел A4           @ (6,2,2) hp=6/6
    ✓ Тишина A5          @ (6,4,6) hp=2/2
    ✓ Бурав A6           @ (6,2,6) hp=4/4
    ✓ Провокатор A7      @ (6,1,2) hp=2/2
    ✓ Паук A8            @ (6,1,4) hp=1/1
    ✗ Прыгун A3          @ (5,3,7) [уничтожен]
  Team B: живых 2/8
    ✓ Тишина B5          @ (6,1,8) hp=2/2
    ✓ Бурав B6           @ (6,4,5) hp=4/4
    ✗ Артиллерия B1      @ (6,4,7) [уничтожен]
    ✗ Радиовышка B2      @ (6,2,7) [уничтожен]
    ✗ Прыгун B3          @ (5,6,7) [уничтожен]
    ✗ Факел B4           @ (6,2,7) [уничтожен]
    ✗ Провокатор B7      @ (6,1,7) [уничтожен]
    ✗ Паук B8            @ (6,0,7) [уничтожен]
  Team C: живых 0/8
    ✗ Артиллерия C1      @ (5,5,7) [уничтожен]
    ✗ Радиовышка C2      @ (5,1,7) [уничтожен]
    ✗ Прыгун C3          @ (6,4,7) [уничтожен]
    ✗ Факел C4           @ (5,2,7) [уничтожен]
    ✗ Тишина C5          @ (6,6,7) [уничтожен]
    ✗ Бурав C6           @ (6,7,7) [уничтожен]
    ✗ Провокатор C7      @ (5,7,7) [уничтожен]
    ✗ Паук C8            @ (5,3,7) [уничтожен]

======================================================================
ХОД 9
======================================================================
✓ 🎮 GM: начинаем ход
GM: start_turn

--- Радиовышки: сканирование слоя Z ---
  Радиовышка A2 (z=6): слой чист

--- Решения ботов ---
  [Team A] Артиллерия A1 (7,0,8) → SHOOT at (6,4,5)
  [Team A] Радиовышка A2 (6,3,6) → MOVE (6,4,5)
  [Team A] Факел A4 (6,2,2) → MOVE (6,3,3)
  [Team A] Бурав A6 (6,2,6) → MOVE (6,3,5)
  [Team A] Провокатор A7 (6,1,2) → HOLOGRAM (6,2,3)
  [Team A] Паук A8 (6,1,4) → MINE (6,2,5)
  [Team A] Тишина A5 → SKIP
  [Team B] Тишина B5 (6,1,8) → MOVE (7,0,8)
  [Team B] Бурав B6 (6,4,5) → MOVE (6,1,2)
  [Team C] все корабли пропускают ход
! 🎮 GM: принудительно завершает фазу планирования
GM: end_planning
# 
============================================================
# 🔄 ОБРАБОТКА ХОДА 9
# ============================================================
!    ⚠️ Провокатор A7: клетка (6,2,3) уже занята голограммой
!    ⚠️ Паук A8: в клетке уже стоит мина

📦 ПЕРЕМЕЩЕНИЯ:
!    ⚠️ Радиовышка A2: клетка (6,4,5) занята
   Факел A4: (6, 2, 2) → (6,3,3)
   Бурав A6: (6, 2, 6) → (6,3,5)
!    ⚠️ Тишина B5: клетка (7,0,8) занята
✓    💥 Бурав B6 тараном уничтожил Провокатор A7 в (6,1,2)
   Бурав B6: (6, 4, 5) → (6,1,2)

🎯 ВЫСТРЕЛЫ:
   Выпущено ракет: 1
# 
📊 РЕЗУЛЬТАТЫ ХОДА 9:
🎯 Попаданий нет

--- Результаты хода ---
  Team B / Бурав B6           → Team A / Провокатор A7      @ (6,1,2)  (УБИТ)

--- Состояние команд после хода ---
  Team A: живых 6/8
    ✓ Артиллерия A1      @ (7,0,8) hp=1/1
    ✓ Радиовышка A2      @ (6,3,6) hp=1/3
    ✓ Факел A4           @ (6,3,3) hp=6/6
    ✓ Тишина A5          @ (6,4,6) hp=2/2
    ✓ Бурав A6           @ (6,3,5) hp=4/4
    ✓ Паук A8            @ (6,1,4) hp=1/1
    ✗ Прыгун A3          @ (5,3,7) [уничтожен]
    ✗ Провокатор A7      @ (6,1,2) [уничтожен]
  Team B: живых 2/8
    ✓ Тишина B5          @ (6,1,8) hp=2/2
    ✓ Бурав B6           @ (6,1,2) hp=4/4
    ✗ Артиллерия B1      @ (6,4,7) [уничтожен]
    ✗ Радиовышка B2      @ (6,2,7) [уничтожен]
    ✗ Прыгун B3          @ (5,6,7) [уничтожен]
    ✗ Факел B4           @ (6,2,7) [уничтожен]
    ✗ Провокатор B7      @ (6,1,7) [уничтожен]
    ✗ Паук B8            @ (6,0,7) [уничтожен]
  Team C: живых 0/8
    ✗ Артиллерия C1      @ (5,5,7) [уничтожен]
    ✗ Радиовышка C2      @ (5,1,7) [уничтожен]
    ✗ Прыгун C3          @ (6,4,7) [уничтожен]
    ✗ Факел C4           @ (5,2,7) [уничтожен]
    ✗ Тишина C5          @ (6,6,7) [уничтожен]
    ✗ Бурав C6           @ (6,7,7) [уничтожен]
    ✗ Провокатор C7      @ (5,7,7) [уничтожен]
    ✗ Паук C8            @ (5,3,7) [уничтожен]

======================================================================
ХОД 10
======================================================================
✓ 🎮 GM: начинаем ход
GM: start_turn

--- Радиовышки: сканирование слоя Z ---
  Радиовышка A2 (z=6): слой чист

--- Решения ботов ---
  [Team A] Артиллерия A1 (7,0,8) → SHOOT at (6,1,2)
  [Team A] Радиовышка A2 (6,3,6) → MOVE (6,2,5)
  [Team A] Факел A4 (6,3,3) → MOVE (6,3,4)
  [Team A] Тишина A5 (6,4,6) → MOVE (6,4,5)
  [Team A] Бурав A6 (6,3,5) → MOVE (6,2,4)
  [Team A] Паук A8 (6,1,4) → MINE (6,2,3)
  [Team B] Тишина B5 (6,1,8) → MOVE (7,0,8)
  [Team B] Бурав B6 (6,1,2) → MOVE (6,1,4)
  [Team C] все корабли пропускают ход
! 🎮 GM: принудительно завершает фазу планирования
GM: end_planning
# 
============================================================
# 🔄 ОБРАБОТКА ХОДА 10
# ============================================================
   💣 Паук A8 установил мину M4 в (6,2,3)

📦 ПЕРЕМЕЩЕНИЯ:
   Радиовышка A2: (6, 3, 6) → (6,2,5)
   Факел A4: (6, 3, 3) → (6,3,4)
   Тишина A5: (6, 4, 6) → (6,4,5)
   Бурав A6: (6, 3, 5) → (6,2,4)
!    ⚠️ Тишина B5: клетка (7,0,8) занята
✓    💥 Бурав B6 тараном уничтожил Паук A8 в (6,1,4)
   Бурав B6: (6, 1, 2) → (6,1,4)
!    💥 Мина M1 сработала под Бурав B6 (урон 2)

🎯 ВЫСТРЕЛЫ:
   Выпущено ракет: 1
# 
📊 РЕЗУЛЬТАТЫ ХОДА 10:
🎯 Попаданий нет

--- Результаты хода ---
  Team B / Бурав B6           → Team A / Паук A8            @ (6,1,4)  (УБИТ)
  ? / ?                  → Team B / Бурав B6           @ (6,1,4)  (ранен)

--- Состояние команд после хода ---
  Team A: живых 5/8
    ✓ Артиллерия A1      @ (7,0,8) hp=1/1
    ✓ Радиовышка A2      @ (6,2,5) hp=1/3
    ✓ Факел A4           @ (6,3,4) hp=6/6
    ✓ Тишина A5          @ (6,4,5) hp=2/2
    ✓ Бурав A6           @ (6,2,4) hp=4/4
    ✗ Прыгун A3          @ (5,3,7) [уничтожен]
    ✗ Провокатор A7      @ (6,1,2) [уничтожен]
    ✗ Паук A8            @ (6,1,4) [уничтожен]
  Team B: живых 2/8
    ✓ Тишина B5          @ (6,1,8) hp=2/2
    ✓ Бурав B6           @ (6,1,4) hp=2/4
    ✗ Артиллерия B1      @ (6,4,7) [уничтожен]
    ✗ Радиовышка B2      @ (6,2,7) [уничтожен]
    ✗ Прыгун B3          @ (5,6,7) [уничтожен]
    ✗ Факел B4           @ (6,2,7) [уничтожен]
    ✗ Провокатор B7      @ (6,1,7) [уничтожен]
    ✗ Паук B8            @ (6,0,7) [уничтожен]
  Team C: живых 0/8
    ✗ Артиллерия C1      @ (5,5,7) [уничтожен]
    ✗ Радиовышка C2      @ (5,1,7) [уничтожен]
    ✗ Прыгун C3          @ (6,4,7) [уничтожен]
    ✗ Факел C4           @ (5,2,7) [уничтожен]
    ✗ Тишина C5          @ (6,6,7) [уничтожен]
    ✗ Бурав C6           @ (6,7,7) [уничтожен]
    ✗ Провокатор C7      @ (5,7,7) [уничтожен]
    ✗ Паук C8            @ (5,3,7) [уничтожен]

======================================================================
ХОД 11
======================================================================
✓ 🎮 GM: начинаем ход
GM: start_turn

--- Радиовышки: сканирование слоя Z ---
  Радиовышка A2 (z=5): слой чист

--- Решения ботов ---
  [Team A] Артиллерия A1 (7,0,8) → SHOOT at (6,1,4)
  [Team A] Радиовышка A2 (6,2,5) → MOVE (6,1,4)
  [Team A] Факел A4 (6,3,4) → HEAL (AoE)
  [Team A] Тишина A5 (6,4,5) → MOVE (6,4,4)
  [Team A] Бурав A6 → SKIP
  [Team B] Тишина B5 (6,1,8) → MOVE (7,0,8)
  [Team B] Бурав B6 (6,1,4) → MOVE (6,3,4)
  [Team C] все корабли пропускают ход
! 🎮 GM: принудительно завершает фазу планирования
GM: end_planning
# 
============================================================
# 🔄 ОБРАБОТКА ХОДА 11
# ============================================================

📦 ПЕРЕМЕЩЕНИЯ:
!    ⚠️ Радиовышка A2: клетка (6,1,4) занята
   Тишина A5: (6, 4, 5) → (6,4,4)
!    ⚠️ Тишина B5: клетка (7,0,8) занята
✓    💥 Бурав B6 тараном уничтожил Факел A4 в (6,3,4)
   Бурав B6: (6, 1, 4) → (6,3,4)

🎯 ВЫСТРЕЛЫ:
   Выпущено ракет: 1
# 
📊 РЕЗУЛЬТАТЫ ХОДА 11:
🎯 Попаданий нет

--- Результаты хода ---
  Team B / Бурав B6           → Team A / Факел A4           @ (6,3,4)  (УБИТ)

--- Состояние команд после хода ---
  Team A: живых 4/8
    ✓ Артиллерия A1      @ (7,0,8) hp=1/1
    ✓ Радиовышка A2      @ (6,2,5) hp=1/3
    ✓ Тишина A5          @ (6,4,4) hp=2/2
    ✓ Бурав A6           @ (6,2,4) hp=4/4
    ✗ Прыгун A3          @ (5,3,7) [уничтожен]
    ✗ Факел A4           @ (6,3,4) [уничтожен]
    ✗ Провокатор A7      @ (6,1,2) [уничтожен]
    ✗ Паук A8            @ (6,1,4) [уничтожен]
  Team B: живых 2/8
    ✓ Тишина B5          @ (6,1,8) hp=2/2
    ✓ Бурав B6           @ (6,3,4) hp=2/4
    ✗ Артиллерия B1      @ (6,4,7) [уничтожен]
    ✗ Радиовышка B2      @ (6,2,7) [уничтожен]
    ✗ Прыгун B3          @ (5,6,7) [уничтожен]
    ✗ Факел B4           @ (6,2,7) [уничтожен]
    ✗ Провокатор B7      @ (6,1,7) [уничтожен]
    ✗ Паук B8            @ (6,0,7) [уничтожен]
  Team C: живых 0/8
    ✗ Артиллерия C1      @ (5,5,7) [уничтожен]
    ✗ Радиовышка C2      @ (5,1,7) [уничтожен]
    ✗ Прыгун C3          @ (6,4,7) [уничтожен]
    ✗ Факел C4           @ (5,2,7) [уничтожен]
    ✗ Тишина C5          @ (6,6,7) [уничтожен]
    ✗ Бурав C6           @ (6,7,7) [уничтожен]
    ✗ Провокатор C7      @ (5,7,7) [уничтожен]
    ✗ Паук C8            @ (5,3,7) [уничтожен]

======================================================================
ХОД 12
======================================================================
✓ 🎮 GM: начинаем ход
GM: start_turn

--- Радиовышки: сканирование слоя Z ---
  Радиовышка A2 (z=5): слой чист

--- Решения ботов ---
  [Team A] Артиллерия A1 (7,0,8) → SHOOT at (6,3,4)
  [Team A] Радиовышка A2 (6,2,5) → MOVE (6,3,4)
  [Team A] Бурав A6 → SKIP
  [Team A] Тишина A5 → SKIP
  [Team B] Тишина B5 (6,1,8) → MOVE (7,0,8)
  [Team B] Бурав B6 (6,3,4) → MOVE (6,2,4)
  [Team C] все корабли пропускают ход
! 🎮 GM: принудительно завершает фазу планирования
GM: end_planning
# 
============================================================
# 🔄 ОБРАБОТКА ХОДА 12
# ============================================================

📦 ПЕРЕМЕЩЕНИЯ:
!    ⚠️ Радиовышка A2: клетка (6,3,4) занята
!    ⚠️ Тишина B5: клетка (7,0,8) занята
✓    💥 Бурав B6 тараном уничтожил Бурав A6 в (6,2,4)
   Бурав B6: (6, 3, 4) → (6,2,4)

🎯 ВЫСТРЕЛЫ:
   Выпущено ракет: 1
# 
📊 РЕЗУЛЬТАТЫ ХОДА 12:
🎯 Попаданий нет

--- Результаты хода ---
  Team B / Бурав B6           → Team A / Бурав A6           @ (6,2,4)  (УБИТ)

--- Состояние команд после хода ---
  Team A: живых 3/8
    ✓ Артиллерия A1      @ (7,0,8) hp=1/1
    ✓ Радиовышка A2      @ (6,2,5) hp=1/3
    ✓ Тишина A5          @ (6,4,4) hp=2/2
    ✗ Прыгун A3          @ (5,3,7) [уничтожен]
    ✗ Факел A4           @ (6,3,4) [уничтожен]
    ✗ Бурав A6           @ (6,2,4) [уничтожен]
    ✗ Провокатор A7      @ (6,1,2) [уничтожен]
    ✗ Паук A8            @ (6,1,4) [уничтожен]
  Team B: живых 2/8
    ✓ Тишина B5          @ (6,1,8) hp=2/2
    ✓ Бурав B6           @ (6,2,4) hp=2/4
    ✗ Артиллерия B1      @ (6,4,7) [уничтожен]
    ✗ Радиовышка B2      @ (6,2,7) [уничтожен]
    ✗ Прыгун B3          @ (5,6,7) [уничтожен]
    ✗ Факел B4           @ (6,2,7) [уничтожен]
    ✗ Провокатор B7      @ (6,1,7) [уничтожен]
    ✗ Паук B8            @ (6,0,7) [уничтожен]
  Team C: живых 0/8
    ✗ Артиллерия C1      @ (5,5,7) [уничтожен]
    ✗ Радиовышка C2      @ (5,1,7) [уничтожен]
    ✗ Прыгун C3          @ (6,4,7) [уничтожен]
    ✗ Факел C4           @ (5,2,7) [уничтожен]
    ✗ Тишина C5          @ (6,6,7) [уничтожен]
    ✗ Бурав C6           @ (6,7,7) [уничтожен]
    ✗ Провокатор C7      @ (5,7,7) [уничтожен]
    ✗ Паук C8            @ (5,3,7) [уничтожен]

======================================================================
ХОД 13
======================================================================
✓ 🎮 GM: начинаем ход
GM: start_turn

--- Радиовышки: сканирование слоя Z ---
  Радиовышка A2 (z=5): слой чист

--- Решения ботов ---
  [Team A] Артиллерия A1 (7,0,8) → SHOOT at (6,2,4)
  [Team A] Радиовышка A2 (6,2,5) → MOVE (6,2,4)
  [Team A] Тишина A5 (6,4,4) → MOVE (6,3,4)
  [Team B] Тишина B5 (6,1,8) → MOVE (7,0,8)
  [Team B] Бурав B6 (6,2,4) → MOVE (6,4,4)
  [Team C] все корабли пропускают ход
! 🎮 GM: принудительно завершает фазу планирования
GM: end_planning
# 
============================================================
# 🔄 ОБРАБОТКА ХОДА 13
# ============================================================

📦 ПЕРЕМЕЩЕНИЯ:
!    ⚠️ Радиовышка A2: клетка (6,2,4) занята
   Тишина A5: (6, 4, 4) → (6,3,4)
!    ⚠️ Тишина B5: клетка (7,0,8) занята
   Бурав B6: (6, 2, 4) → (6,4,4)

🎯 ВЫСТРЕЛЫ:
   Выпущено ракет: 1
# 
📊 РЕЗУЛЬТАТЫ ХОДА 13:
🎯 Попаданий нет

--- Результаты хода ---
  Попаданий нет

--- Состояние команд после хода ---
  Team A: живых 3/8
    ✓ Артиллерия A1      @ (7,0,8) hp=1/1
    ✓ Радиовышка A2      @ (6,2,5) hp=1/3
    ✓ Тишина A5          @ (6,3,4) hp=2/2
    ✗ Прыгун A3          @ (5,3,7) [уничтожен]
    ✗ Факел A4           @ (6,3,4) [уничтожен]
    ✗ Бурав A6           @ (6,2,4) [уничтожен]
    ✗ Провокатор A7      @ (6,1,2) [уничтожен]
    ✗ Паук A8            @ (6,1,4) [уничтожен]
  Team B: живых 2/8
    ✓ Тишина B5          @ (6,1,8) hp=2/2
    ✓ Бурав B6           @ (6,4,4) hp=2/4
    ✗ Артиллерия B1      @ (6,4,7) [уничтожен]
    ✗ Радиовышка B2      @ (6,2,7) [уничтожен]
    ✗ Прыгун B3          @ (5,6,7) [уничтожен]
    ✗ Факел B4           @ (6,2,7) [уничтожен]
    ✗ Провокатор B7      @ (6,1,7) [уничтожен]
    ✗ Паук B8            @ (6,0,7) [уничтожен]
  Team C: живых 0/8
    ✗ Артиллерия C1      @ (5,5,7) [уничтожен]
    ✗ Радиовышка C2      @ (5,1,7) [уничтожен]
    ✗ Прыгун C3          @ (6,4,7) [уничтожен]
    ✗ Факел C4           @ (5,2,7) [уничтожен]
    ✗ Тишина C5          @ (6,6,7) [уничтожен]
    ✗ Бурав C6           @ (6,7,7) [уничтожен]
    ✗ Провокатор C7      @ (5,7,7) [уничтожен]
    ✗ Паук C8            @ (5,3,7) [уничтожен]

======================================================================
ХОД 14
======================================================================
✓ 🎮 GM: начинаем ход
GM: start_turn

--- Радиовышки: сканирование слоя Z ---
  Радиовышка A2 (z=5): слой чист

--- Решения ботов ---
  [Team A] Артиллерия A1 (7,0,8) → SHOOT at (6,4,4)
  [Team A] Радиовышка A2 (6,2,5) → MOVE (6,3,5)
  [Team A] Тишина A5 (6,3,4) → MOVE (6,4,4)
  [Team B] Тишина B5 (6,1,8) → MOVE (7,0,8)
  [Team B] Бурав B6 (6,4,4) → MOVE (6,3,4)
  [Team C] все корабли пропускают ход
! 🎮 GM: принудительно завершает фазу планирования
GM: end_planning
# 
============================================================
# 🔄 ОБРАБОТКА ХОДА 14
# ============================================================

📦 ПЕРЕМЕЩЕНИЯ:
   Радиовышка A2: (6, 2, 5) → (6,3,5)
!    ⚠️ Тишина A5: клетка (6,4,4) занята
!    ⚠️ Тишина B5: клетка (7,0,8) занята
✓    💥 Бурав B6 тараном уничтожил Тишина A5 в (6,3,4)
   Бурав B6: (6, 4, 4) → (6,3,4)

🎯 ВЫСТРЕЛЫ:
   Выпущено ракет: 1
# 
📊 РЕЗУЛЬТАТЫ ХОДА 14:
🎯 Попаданий нет

--- Результаты хода ---
  Team B / Бурав B6           → Team A / Тишина A5          @ (6,3,4)  (УБИТ)

--- Состояние команд после хода ---
  Team A: живых 2/8
    ✓ Артиллерия A1      @ (7,0,8) hp=1/1
    ✓ Радиовышка A2      @ (6,3,5) hp=1/3
    ✗ Прыгун A3          @ (5,3,7) [уничтожен]
    ✗ Факел A4           @ (6,3,4) [уничтожен]
    ✗ Тишина A5          @ (6,3,4) [уничтожен]
    ✗ Бурав A6           @ (6,2,4) [уничтожен]
    ✗ Провокатор A7      @ (6,1,2) [уничтожен]
    ✗ Паук A8            @ (6,1,4) [уничтожен]
  Team B: живых 2/8
    ✓ Тишина B5          @ (6,1,8) hp=2/2
    ✓ Бурав B6           @ (6,3,4) hp=2/4
    ✗ Артиллерия B1      @ (6,4,7) [уничтожен]
    ✗ Радиовышка B2      @ (6,2,7) [уничтожен]
    ✗ Прыгун B3          @ (5,6,7) [уничтожен]
    ✗ Факел B4           @ (6,2,7) [уничтожен]
    ✗ Провокатор B7      @ (6,1,7) [уничтожен]
    ✗ Паук B8            @ (6,0,7) [уничтожен]
  Team C: живых 0/8
    ✗ Артиллерия C1      @ (5,5,7) [уничтожен]
    ✗ Радиовышка C2      @ (5,1,7) [уничтожен]
    ✗ Прыгун C3          @ (6,4,7) [уничтожен]
    ✗ Факел C4           @ (5,2,7) [уничтожен]
    ✗ Тишина C5          @ (6,6,7) [уничтожен]
    ✗ Бурав C6           @ (6,7,7) [уничтожен]
    ✗ Провокатор C7      @ (5,7,7) [уничтожен]
    ✗ Паук C8            @ (5,3,7) [уничтожен]

======================================================================
ХОД 15
======================================================================
✓ 🎮 GM: начинаем ход
GM: start_turn

--- Радиовышки: сканирование слоя Z ---
  Радиовышка A2 (z=5): слой чист

--- Решения ботов ---
  [Team A] Артиллерия A1 (7,0,8) → SHOOT at (6,3,4)
  [Team A] Радиовышка A2 (6,3,5) → MOVE (6,3,4)
  [Team B] Тишина B5 (6,1,8) → MOVE (7,0,8)
  [Team B] Бурав B6 (6,3,4) → MOVE (6,3,5)
  [Team C] все корабли пропускают ход
! 🎮 GM: принудительно завершает фазу планирования
GM: end_planning
# 
============================================================
# 🔄 ОБРАБОТКА ХОДА 15
# ============================================================

📦 ПЕРЕМЕЩЕНИЯ:
!    ⚠️ Радиовышка A2: клетка (6,3,4) занята
!    ⚠️ Тишина B5: клетка (7,0,8) занята
✓    💥 Бурав B6 тараном уничтожил Радиовышка A2 в (6,3,5)
   Бурав B6: (6, 3, 4) → (6,3,5)

🎯 ВЫСТРЕЛЫ:
   Выпущено ракет: 1
# 
📊 РЕЗУЛЬТАТЫ ХОДА 15:
🎯 Попаданий нет

--- Результаты хода ---
  Team B / Бурав B6           → Team A / Радиовышка A2      @ (6,3,5)  (УБИТ)

--- Состояние команд после хода ---
  Team A: живых 1/8
    ✓ Артиллерия A1      @ (7,0,8) hp=1/1
    ✗ Радиовышка A2      @ (6,3,5) [уничтожен]
    ✗ Прыгун A3          @ (5,3,7) [уничтожен]
    ✗ Факел A4           @ (6,3,4) [уничтожен]
    ✗ Тишина A5          @ (6,3,4) [уничтожен]
    ✗ Бурав A6           @ (6,2,4) [уничтожен]
    ✗ Провокатор A7      @ (6,1,2) [уничтожен]
    ✗ Паук A8            @ (6,1,4) [уничтожен]
  Team B: живых 2/8
    ✓ Тишина B5          @ (6,1,8) hp=2/2
    ✓ Бурав B6           @ (6,3,5) hp=2/4
    ✗ Артиллерия B1      @ (6,4,7) [уничтожен]
    ✗ Радиовышка B2      @ (6,2,7) [уничтожен]
    ✗ Прыгун B3          @ (5,6,7) [уничтожен]
    ✗ Факел B4           @ (6,2,7) [уничтожен]
    ✗ Провокатор B7      @ (6,1,7) [уничтожен]
    ✗ Паук B8            @ (6,0,7) [уничтожен]
  Team C: живых 0/8
    ✗ Артиллерия C1      @ (5,5,7) [уничтожен]
    ✗ Радиовышка C2      @ (5,1,7) [уничтожен]
    ✗ Прыгун C3          @ (6,4,7) [уничтожен]
    ✗ Факел C4           @ (5,2,7) [уничтожен]
    ✗ Тишина C5          @ (6,6,7) [уничтожен]
    ✗ Бурав C6           @ (6,7,7) [уничтожен]
    ✗ Провокатор C7      @ (5,7,7) [уничтожен]
    ✗ Паук C8            @ (5,3,7) [уничтожен]

======================================================================
ХОД 16
======================================================================
✓ 🎮 GM: начинаем ход
GM: start_turn

--- Радиовышки: сканирование слоя Z ---
  (у команд не осталось живых радиовышек)

--- Решения ботов ---
  [Team A] Артиллерия A1 (7,0,8) → SHOOT at (6,3,5)
  [Team B] Тишина B5 (6,1,8) → MOVE (7,0,8)
  [Team B] Бурав B6 (6,3,5) → MOVE (7,2,6)
  [Team C] все корабли пропускают ход
! 🎮 GM: принудительно завершает фазу планирования
GM: end_planning
# 
============================================================
# 🔄 ОБРАБОТКА ХОДА 16
# ============================================================

📦 ПЕРЕМЕЩЕНИЯ:
!    ⚠️ Тишина B5: клетка (7,0,8) занята
!    ⚠️ Бурав B6: Бурав двигается только по 1 оси или по 2 осям строго диагонально

🎯 ВЫСТРЕЛЫ:
✓    ✅ Артиллерия A1 поразил Бурав B6 (2 урона)!
   Выпущено ракет: 1
# 
📊 РЕЗУЛЬТАТЫ ХОДА 16:
✓ 💥 ПОПАДАНИЯ:
✓    Артиллерия A1 (Team A) → Бурав B6 (Team B)

--- Результаты хода ---
  Team A / Артиллерия A1      → Team B / Бурав B6           @ (6,3,5)  (УБИТ)

--- Состояние команд после хода ---
  Team A: живых 1/8
    ✓ Артиллерия A1      @ (7,0,8) hp=1/1
    ✗ Радиовышка A2      @ (6,3,5) [уничтожен]
    ✗ Прыгун A3          @ (5,3,7) [уничтожен]
    ✗ Факел A4           @ (6,3,4) [уничтожен]
    ✗ Тишина A5          @ (6,3,4) [уничтожен]
    ✗ Бурав A6           @ (6,2,4) [уничтожен]
    ✗ Провокатор A7      @ (6,1,2) [уничтожен]
    ✗ Паук A8            @ (6,1,4) [уничтожен]
  Team B: живых 1/8
    ✓ Тишина B5          @ (6,1,8) hp=2/2
    ✗ Артиллерия B1      @ (6,4,7) [уничтожен]
    ✗ Радиовышка B2      @ (6,2,7) [уничтожен]
    ✗ Прыгун B3          @ (5,6,7) [уничтожен]
    ✗ Факел B4           @ (6,2,7) [уничтожен]
    ✗ Бурав B6           @ (6,3,5) [уничтожен]
    ✗ Провокатор B7      @ (6,1,7) [уничтожен]
    ✗ Паук B8            @ (6,0,7) [уничтожен]
  Team C: живых 0/8
    ✗ Артиллерия C1      @ (5,5,7) [уничтожен]
    ✗ Радиовышка C2      @ (5,1,7) [уничтожен]
    ✗ Прыгун C3          @ (6,4,7) [уничтожен]
    ✗ Факел C4           @ (5,2,7) [уничтожен]
    ✗ Тишина C5          @ (6,6,7) [уничтожен]
    ✗ Бурав C6           @ (6,7,7) [уничтожен]
    ✗ Провокатор C7      @ (5,7,7) [уничтожен]
    ✗ Паук C8            @ (5,3,7) [уничтожен]

======================================================================
ХОД 17
======================================================================
✓ 🎮 GM: начинаем ход
GM: start_turn

--- Радиовышки: сканирование слоя Z ---
  (у команд не осталось живых радиовышек)

--- Решения ботов ---
  [Team A] Артиллерия A1 (7,0,8) → SHOOT at (9,4,8)
  [Team B] Тишина B5 (6,1,8) → MOVE (7,0,8)
  [Team C] все корабли пропускают ход
! 🎮 GM: принудительно завершает фазу планирования
GM: end_planning
# 
============================================================
# 🔄 ОБРАБОТКА ХОДА 17
# ============================================================

📦 ПЕРЕМЕЩЕНИЯ:
!    ⚠️ Тишина B5: клетка (7,0,8) занята

🎯 ВЫСТРЕЛЫ:
   Выпущено ракет: 1
# 
📊 РЕЗУЛЬТАТЫ ХОДА 17:
🎯 Попаданий нет

--- Результаты хода ---
  Попаданий нет

--- Состояние команд после хода ---
  Team A: живых 1/8
    ✓ Артиллерия A1      @ (7,0,8) hp=1/1
    ✗ Радиовышка A2      @ (6,3,5) [уничтожен]
    ✗ Прыгун A3          @ (5,3,7) [уничтожен]
    ✗ Факел A4           @ (6,3,4) [уничтожен]
    ✗ Тишина A5          @ (6,3,4) [уничтожен]
    ✗ Бурав A6           @ (6,2,4) [уничтожен]
    ✗ Провокатор A7      @ (6,1,2) [уничтожен]
    ✗ Паук A8            @ (6,1,4) [уничтожен]
  Team B: живых 1/8
    ✓ Тишина B5          @ (6,1,8) hp=2/2
    ✗ Артиллерия B1      @ (6,4,7) [уничтожен]
    ✗ Радиовышка B2      @ (6,2,7) [уничтожен]
    ✗ Прыгун B3          @ (5,6,7) [уничтожен]
    ✗ Факел B4           @ (6,2,7) [уничтожен]
    ✗ Бурав B6           @ (6,3,5) [уничтожен]
    ✗ Провокатор B7      @ (6,1,7) [уничтожен]
    ✗ Паук B8            @ (6,0,7) [уничтожен]
  Team C: живых 0/8
    ✗ Артиллерия C1      @ (5,5,7) [уничтожен]
    ✗ Радиовышка C2      @ (5,1,7) [уничтожен]
    ✗ Прыгун C3          @ (6,4,7) [уничтожен]
    ✗ Факел C4           @ (5,2,7) [уничтожен]
    ✗ Тишина C5          @ (6,6,7) [уничтожен]
    ✗ Бурав C6           @ (6,7,7) [уничтожен]
    ✗ Провокатор C7      @ (5,7,7) [уничтожен]
    ✗ Паук C8            @ (5,3,7) [уничтожен]

======================================================================
ХОД 18
======================================================================
✓ 🎮 GM: начинаем ход
GM: start_turn

--- Радиовышки: сканирование слоя Z ---
  (у команд не осталось живых радиовышек)

--- Решения ботов ---
  [Team A] Артиллерия A1 (7,0,8) → SHOOT at (4,9,4)
  [Team B] Тишина B5 (6,1,8) → MOVE (7,0,8)
  [Team C] все корабли пропускают ход
! 🎮 GM: принудительно завершает фазу планирования
GM: end_planning
# 
============================================================
# 🔄 ОБРАБОТКА ХОДА 18
# ============================================================

📦 ПЕРЕМЕЩЕНИЯ:
!    ⚠️ Тишина B5: клетка (7,0,8) занята

🎯 ВЫСТРЕЛЫ:
   Выпущено ракет: 1
# 
📊 РЕЗУЛЬТАТЫ ХОДА 18:
🎯 Попаданий нет

--- Результаты хода ---
  Попаданий нет

--- Состояние команд после хода ---
  Team A: живых 1/8
    ✓ Артиллерия A1      @ (7,0,8) hp=1/1
    ✗ Радиовышка A2      @ (6,3,5) [уничтожен]
    ✗ Прыгун A3          @ (5,3,7) [уничтожен]
    ✗ Факел A4           @ (6,3,4) [уничтожен]
    ✗ Тишина A5          @ (6,3,4) [уничтожен]
    ✗ Бурав A6           @ (6,2,4) [уничтожен]
    ✗ Провокатор A7      @ (6,1,2) [уничтожен]
    ✗ Паук A8            @ (6,1,4) [уничтожен]
  Team B: живых 1/8
    ✓ Тишина B5          @ (6,1,8) hp=2/2
    ✗ Артиллерия B1      @ (6,4,7) [уничтожен]
    ✗ Радиовышка B2      @ (6,2,7) [уничтожен]
    ✗ Прыгун B3          @ (5,6,7) [уничтожен]
    ✗ Факел B4           @ (6,2,7) [уничтожен]
    ✗ Бурав B6           @ (6,3,5) [уничтожен]
    ✗ Провокатор B7      @ (6,1,7) [уничтожен]
    ✗ Паук B8            @ (6,0,7) [уничтожен]
  Team C: живых 0/8
    ✗ Артиллерия C1      @ (5,5,7) [уничтожен]
    ✗ Радиовышка C2      @ (5,1,7) [уничтожен]
    ✗ Прыгун C3          @ (6,4,7) [уничтожен]
    ✗ Факел C4           @ (5,2,7) [уничтожен]
    ✗ Тишина C5          @ (6,6,7) [уничтожен]
    ✗ Бурав C6           @ (6,7,7) [уничтожен]
    ✗ Провокатор C7      @ (5,7,7) [уничтожен]
    ✗ Паук C8            @ (5,3,7) [уничтожен]

======================================================================
ХОД 19
======================================================================
✓ 🎮 GM: начинаем ход
GM: start_turn

--- Радиовышки: сканирование слоя Z ---
  (у команд не осталось живых радиовышек)

--- Решения ботов ---
  [Team A] Артиллерия A1 (7,0,8) → SHOOT at (9,9,9)
  [Team B] Тишина B5 (6,1,8) → MOVE (7,0,8)
  [Team C] все корабли пропускают ход
! 🎮 GM: принудительно завершает фазу планирования
GM: end_planning
# 
============================================================
# 🔄 ОБРАБОТКА ХОДА 19
# ============================================================

📦 ПЕРЕМЕЩЕНИЯ:
!    ⚠️ Тишина B5: клетка (7,0,8) занята

🎯 ВЫСТРЕЛЫ:
   Выпущено ракет: 1
# 
📊 РЕЗУЛЬТАТЫ ХОДА 19:
🎯 Попаданий нет

--- Результаты хода ---
  Попаданий нет

--- Состояние команд после хода ---
  Team A: живых 1/8
    ✓ Артиллерия A1      @ (7,0,8) hp=1/1
    ✗ Радиовышка A2      @ (6,3,5) [уничтожен]
    ✗ Прыгун A3          @ (5,3,7) [уничтожен]
    ✗ Факел A4           @ (6,3,4) [уничтожен]
    ✗ Тишина A5          @ (6,3,4) [уничтожен]
    ✗ Бурав A6           @ (6,2,4) [уничтожен]
    ✗ Провокатор A7      @ (6,1,2) [уничтожен]
    ✗ Паук A8            @ (6,1,4) [уничтожен]
  Team B: живых 1/8
    ✓ Тишина B5          @ (6,1,8) hp=2/2
    ✗ Артиллерия B1      @ (6,4,7) [уничтожен]
    ✗ Радиовышка B2      @ (6,2,7) [уничтожен]
    ✗ Прыгун B3          @ (5,6,7) [уничтожен]
    ✗ Факел B4           @ (6,2,7) [уничтожен]
    ✗ Бурав B6           @ (6,3,5) [уничтожен]
    ✗ Провокатор B7      @ (6,1,7) [уничтожен]
    ✗ Паук B8            @ (6,0,7) [уничтожен]
  Team C: живых 0/8
    ✗ Артиллерия C1      @ (5,5,7) [уничтожен]
    ✗ Радиовышка C2      @ (5,1,7) [уничтожен]
    ✗ Прыгун C3          @ (6,4,7) [уничтожен]
    ✗ Факел C4           @ (5,2,7) [уничтожен]
    ✗ Тишина C5          @ (6,6,7) [уничтожен]
    ✗ Бурав C6           @ (6,7,7) [уничтожен]
    ✗ Провокатор C7      @ (5,7,7) [уничтожен]
    ✗ Паук C8            @ (5,3,7) [уничтожен]

======================================================================
ХОД 20
======================================================================
✓ 🎮 GM: начинаем ход
GM: start_turn

--- Радиовышки: сканирование слоя Z ---
  (у команд не осталось живых радиовышек)

--- Решения ботов ---
  [Team A] Артиллерия A1 (7,0,8) → SHOOT at (4,9,4)
  [Team B] Тишина B5 (6,1,8) → MOVE (7,0,8)
  [Team C] все корабли пропускают ход
! 🎮 GM: принудительно завершает фазу планирования
GM: end_planning
# 
============================================================
# 🔄 ОБРАБОТКА ХОДА 20
# ============================================================

📦 ПЕРЕМЕЩЕНИЯ:
!    ⚠️ Тишина B5: клетка (7,0,8) занята

🎯 ВЫСТРЕЛЫ:
   Выпущено ракет: 1
# 
📊 РЕЗУЛЬТАТЫ ХОДА 20:
🎯 Попаданий нет

--- Результаты хода ---
  Попаданий нет

--- Состояние команд после хода ---
  Team A: живых 1/8
    ✓ Артиллерия A1      @ (7,0,8) hp=1/1
    ✗ Радиовышка A2      @ (6,3,5) [уничтожен]
    ✗ Прыгун A3          @ (5,3,7) [уничтожен]
    ✗ Факел A4           @ (6,3,4) [уничтожен]
    ✗ Тишина A5          @ (6,3,4) [уничтожен]
    ✗ Бурав A6           @ (6,2,4) [уничтожен]
    ✗ Провокатор A7      @ (6,1,2) [уничтожен]
    ✗ Паук A8            @ (6,1,4) [уничтожен]
  Team B: живых 1/8
    ✓ Тишина B5          @ (6,1,8) hp=2/2
    ✗ Артиллерия B1      @ (6,4,7) [уничтожен]
    ✗ Радиовышка B2      @ (6,2,7) [уничтожен]
    ✗ Прыгун B3          @ (5,6,7) [уничтожен]
    ✗ Факел B4           @ (6,2,7) [уничтожен]
    ✗ Бурав B6           @ (6,3,5) [уничтожен]
    ✗ Провокатор B7      @ (6,1,7) [уничтожен]
    ✗ Паук B8            @ (6,0,7) [уничтожен]
  Team C: живых 0/8
    ✗ Артиллерия C1      @ (5,5,7) [уничтожен]
    ✗ Радиовышка C2      @ (5,1,7) [уничтожен]
    ✗ Прыгун C3          @ (6,4,7) [уничтожен]
    ✗ Факел C4           @ (5,2,7) [уничтожен]
    ✗ Тишина C5          @ (6,6,7) [уничтожен]
    ✗ Бурав C6           @ (6,7,7) [уничтожен]
    ✗ Провокатор C7      @ (5,7,7) [уничтожен]
    ✗ Паук C8            @ (5,3,7) [уничтожен]

======================================================================
ХОД 21
======================================================================
✓ 🎮 GM: начинаем ход
GM: start_turn

--- Радиовышки: сканирование слоя Z ---
  (у команд не осталось живых радиовышек)

--- Решения ботов ---
  [Team A] Артиллерия A1 (7,0,8) → SHOOT at (4,9,5)
  [Team B] Тишина B5 (6,1,8) → MOVE (7,0,8)
  [Team C] все корабли пропускают ход
! 🎮 GM: принудительно завершает фазу планирования
GM: end_planning
# 
============================================================
# 🔄 ОБРАБОТКА ХОДА 21
# ============================================================

📦 ПЕРЕМЕЩЕНИЯ:
!    ⚠️ Тишина B5: клетка (7,0,8) занята

🎯 ВЫСТРЕЛЫ:
   Выпущено ракет: 1
# 
📊 РЕЗУЛЬТАТЫ ХОДА 21:
🎯 Попаданий нет

--- Результаты хода ---
  Попаданий нет

--- Состояние команд после хода ---
  Team A: живых 1/8
    ✓ Артиллерия A1      @ (7,0,8) hp=1/1
    ✗ Радиовышка A2      @ (6,3,5) [уничтожен]
    ✗ Прыгун A3          @ (5,3,7) [уничтожен]
    ✗ Факел A4           @ (6,3,4) [уничтожен]
    ✗ Тишина A5          @ (6,3,4) [уничтожен]
    ✗ Бурав A6           @ (6,2,4) [уничтожен]
    ✗ Провокатор A7      @ (6,1,2) [уничтожен]
    ✗ Паук A8            @ (6,1,4) [уничтожен]
  Team B: живых 1/8
    ✓ Тишина B5          @ (6,1,8) hp=2/2
    ✗ Артиллерия B1      @ (6,4,7) [уничтожен]
    ✗ Радиовышка B2      @ (6,2,7) [уничтожен]
    ✗ Прыгун B3          @ (5,6,7) [уничтожен]
    ✗ Факел B4           @ (6,2,7) [уничтожен]
    ✗ Бурав B6           @ (6,3,5) [уничтожен]
    ✗ Провокатор B7      @ (6,1,7) [уничтожен]
    ✗ Паук B8            @ (6,0,7) [уничтожен]
  Team C: живых 0/8
    ✗ Артиллерия C1      @ (5,5,7) [уничтожен]
    ✗ Радиовышка C2      @ (5,1,7) [уничтожен]
    ✗ Прыгун C3          @ (6,4,7) [уничтожен]
    ✗ Факел C4           @ (5,2,7) [уничтожен]
    ✗ Тишина C5          @ (6,6,7) [уничтожен]
    ✗ Бурав C6           @ (6,7,7) [уничтожен]
    ✗ Провокатор C7      @ (5,7,7) [уничтожен]
    ✗ Паук C8            @ (5,3,7) [уничтожен]

======================================================================
ХОД 22
======================================================================
✓ 🎮 GM: начинаем ход
GM: start_turn

--- Радиовышки: сканирование слоя Z ---
  (у команд не осталось живых радиовышек)

--- Решения ботов ---
  [Team A] Артиллерия A1 (7,0,8) → SHOOT at (4,9,5)
  [Team B] Тишина B5 (6,1,8) → MOVE (7,0,8)
  [Team C] все корабли пропускают ход
! 🎮 GM: принудительно завершает фазу планирования
GM: end_planning
# 
============================================================
# 🔄 ОБРАБОТКА ХОДА 22
# ============================================================

📦 ПЕРЕМЕЩЕНИЯ:
!    ⚠️ Тишина B5: клетка (7,0,8) занята

🎯 ВЫСТРЕЛЫ:
   Выпущено ракет: 1
# 
📊 РЕЗУЛЬТАТЫ ХОДА 22:
🎯 Попаданий нет

--- Результаты хода ---
  Попаданий нет

--- Состояние команд после хода ---
  Team A: живых 1/8
    ✓ Артиллерия A1      @ (7,0,8) hp=1/1
    ✗ Радиовышка A2      @ (6,3,5) [уничтожен]
    ✗ Прыгун A3          @ (5,3,7) [уничтожен]
    ✗ Факел A4           @ (6,3,4) [уничтожен]
    ✗ Тишина A5          @ (6,3,4) [уничтожен]
    ✗ Бурав A6           @ (6,2,4) [уничтожен]
    ✗ Провокатор A7      @ (6,1,2) [уничтожен]
    ✗ Паук A8            @ (6,1,4) [уничтожен]
  Team B: живых 1/8
    ✓ Тишина B5          @ (6,1,8) hp=2/2
    ✗ Артиллерия B1      @ (6,4,7) [уничтожен]
    ✗ Радиовышка B2      @ (6,2,7) [уничтожен]
    ✗ Прыгун B3          @ (5,6,7) [уничтожен]
    ✗ Факел B4           @ (6,2,7) [уничтожен]
    ✗ Бурав B6           @ (6,3,5) [уничтожен]
    ✗ Провокатор B7      @ (6,1,7) [уничтожен]
    ✗ Паук B8            @ (6,0,7) [уничтожен]
  Team C: живых 0/8
    ✗ Артиллерия C1      @ (5,5,7) [уничтожен]
    ✗ Радиовышка C2      @ (5,1,7) [уничтожен]
    ✗ Прыгун C3          @ (6,4,7) [уничтожен]
    ✗ Факел C4           @ (5,2,7) [уничтожен]
    ✗ Тишина C5          @ (6,6,7) [уничтожен]
    ✗ Бурав C6           @ (6,7,7) [уничтожен]
    ✗ Провокатор C7      @ (5,7,7) [уничтожен]
    ✗ Паук C8            @ (5,3,7) [уничтожен]

======================================================================
ХОД 23
======================================================================
✓ 🎮 GM: начинаем ход
GM: start_turn

--- Радиовышки: сканирование слоя Z ---
  (у команд не осталось живых радиовышек)

--- Решения ботов ---
  [Team A] Артиллерия A1 (7,0,8) → SHOOT at (7,9,4)
  [Team B] Тишина B5 (6,1,8) → MOVE (7,0,8)
  [Team C] все корабли пропускают ход
! 🎮 GM: принудительно завершает фазу планирования
GM: end_planning
# 
============================================================
# 🔄 ОБРАБОТКА ХОДА 23
# ============================================================

📦 ПЕРЕМЕЩЕНИЯ:
!    ⚠️ Тишина B5: клетка (7,0,8) занята

🎯 ВЫСТРЕЛЫ:
   Выпущено ракет: 1
# 
📊 РЕЗУЛЬТАТЫ ХОДА 23:
🎯 Попаданий нет

--- Результаты хода ---
  Попаданий нет

--- Состояние команд после хода ---
  Team A: живых 1/8
    ✓ Артиллерия A1      @ (7,0,8) hp=1/1
    ✗ Радиовышка A2      @ (6,3,5) [уничтожен]
    ✗ Прыгун A3          @ (5,3,7) [уничтожен]
    ✗ Факел A4           @ (6,3,4) [уничтожен]
    ✗ Тишина A5          @ (6,3,4) [уничтожен]
    ✗ Бурав A6           @ (6,2,4) [уничтожен]
    ✗ Провокатор A7      @ (6,1,2) [уничтожен]
    ✗ Паук A8            @ (6,1,4) [уничтожен]
  Team B: живых 1/8
    ✓ Тишина B5          @ (6,1,8) hp=2/2
    ✗ Артиллерия B1      @ (6,4,7) [уничтожен]
    ✗ Радиовышка B2      @ (6,2,7) [уничтожен]
    ✗ Прыгун B3          @ (5,6,7) [уничтожен]
    ✗ Факел B4           @ (6,2,7) [уничтожен]
    ✗ Бурав B6           @ (6,3,5) [уничтожен]
    ✗ Провокатор B7      @ (6,1,7) [уничтожен]
    ✗ Паук B8            @ (6,0,7) [уничтожен]
  Team C: живых 0/8
    ✗ Артиллерия C1      @ (5,5,7) [уничтожен]
    ✗ Радиовышка C2      @ (5,1,7) [уничтожен]
    ✗ Прыгун C3          @ (6,4,7) [уничтожен]
    ✗ Факел C4           @ (5,2,7) [уничтожен]
    ✗ Тишина C5          @ (6,6,7) [уничтожен]
    ✗ Бурав C6           @ (6,7,7) [уничтожен]
    ✗ Провокатор C7      @ (5,7,7) [уничтожен]
    ✗ Паук C8            @ (5,3,7) [уничтожен]

======================================================================
ХОД 24
======================================================================
✓ 🎮 GM: начинаем ход
GM: start_turn

--- Радиовышки: сканирование слоя Z ---
  (у команд не осталось живых радиовышек)

--- Решения ботов ---
  [Team A] Артиллерия A1 (7,0,8) → SHOOT at (4,9,4)
  [Team B] Тишина B5 (6,1,8) → MOVE (7,0,8)
  [Team C] все корабли пропускают ход
! 🎮 GM: принудительно завершает фазу планирования
GM: end_planning
# 
============================================================
# 🔄 ОБРАБОТКА ХОДА 24
# ============================================================

📦 ПЕРЕМЕЩЕНИЯ:
!    ⚠️ Тишина B5: клетка (7,0,8) занята

🎯 ВЫСТРЕЛЫ:
   Выпущено ракет: 1
# 
📊 РЕЗУЛЬТАТЫ ХОДА 24:
🎯 Попаданий нет

--- Результаты хода ---
  Попаданий нет

--- Состояние команд после хода ---
  Team A: живых 1/8
    ✓ Артиллерия A1      @ (7,0,8) hp=1/1
    ✗ Радиовышка A2      @ (6,3,5) [уничтожен]
    ✗ Прыгун A3          @ (5,3,7) [уничтожен]
    ✗ Факел A4           @ (6,3,4) [уничтожен]
    ✗ Тишина A5          @ (6,3,4) [уничтожен]
    ✗ Бурав A6           @ (6,2,4) [уничтожен]
    ✗ Провокатор A7      @ (6,1,2) [уничтожен]
    ✗ Паук A8            @ (6,1,4) [уничтожен]
  Team B: живых 1/8
    ✓ Тишина B5          @ (6,1,8) hp=2/2
    ✗ Артиллерия B1      @ (6,4,7) [уничтожен]
    ✗ Радиовышка B2      @ (6,2,7) [уничтожен]
    ✗ Прыгун B3          @ (5,6,7) [уничтожен]
    ✗ Факел B4           @ (6,2,7) [уничтожен]
    ✗ Бурав B6           @ (6,3,5) [уничтожен]
    ✗ Провокатор B7      @ (6,1,7) [уничтожен]
    ✗ Паук B8            @ (6,0,7) [уничтожен]
  Team C: живых 0/8
    ✗ Артиллерия C1      @ (5,5,7) [уничтожен]
    ✗ Радиовышка C2      @ (5,1,7) [уничтожен]
    ✗ Прыгун C3          @ (6,4,7) [уничтожен]
    ✗ Факел C4           @ (5,2,7) [уничтожен]
    ✗ Тишина C5          @ (6,6,7) [уничтожен]
    ✗ Бурав C6           @ (6,7,7) [уничтожен]
    ✗ Провокатор C7      @ (5,7,7) [уничтожен]
    ✗ Паук C8            @ (5,3,7) [уничтожен]

======================================================================
ХОД 25
======================================================================
✓ 🎮 GM: начинаем ход
GM: start_turn

--- Радиовышки: сканирование слоя Z ---
  (у команд не осталось живых радиовышек)

--- Решения ботов ---
  [Team A] Артиллерия A1 (7,0,8) → SHOOT at (4,9,5)
  [Team B] Тишина B5 (6,1,8) → MOVE (7,0,8)
  [Team C] все корабли пропускают ход
! 🎮 GM: принудительно завершает фазу планирования
GM: end_planning
# 
============================================================
# 🔄 ОБРАБОТКА ХОДА 25
# ============================================================

📦 ПЕРЕМЕЩЕНИЯ:
!    ⚠️ Тишина B5: клетка (7,0,8) занята

🎯 ВЫСТРЕЛЫ:
   Выпущено ракет: 1
# 
📊 РЕЗУЛЬТАТЫ ХОДА 25:
🎯 Попаданий нет

--- Результаты хода ---
  Попаданий нет

--- Состояние команд после хода ---
  Team A: живых 1/8
    ✓ Артиллерия A1      @ (7,0,8) hp=1/1
    ✗ Радиовышка A2      @ (6,3,5) [уничтожен]
    ✗ Прыгун A3          @ (5,3,7) [уничтожен]
    ✗ Факел A4           @ (6,3,4) [уничтожен]
    ✗ Тишина A5          @ (6,3,4) [уничтожен]
    ✗ Бурав A6           @ (6,2,4) [уничтожен]
    ✗ Провокатор A7      @ (6,1,2) [уничтожен]
    ✗ Паук A8            @ (6,1,4) [уничтожен]
  Team B: живых 1/8
    ✓ Тишина B5          @ (6,1,8) hp=2/2
    ✗ Артиллерия B1      @ (6,4,7) [уничтожен]
    ✗ Радиовышка B2      @ (6,2,7) [уничтожен]
    ✗ Прыгун B3          @ (5,6,7) [уничтожен]
    ✗ Факел B4           @ (6,2,7) [уничтожен]
    ✗ Бурав B6           @ (6,3,5) [уничтожен]
    ✗ Провокатор B7      @ (6,1,7) [уничтожен]
    ✗ Паук B8            @ (6,0,7) [уничтожен]
  Team C: живых 0/8
    ✗ Артиллерия C1      @ (5,5,7) [уничтожен]
    ✗ Радиовышка C2      @ (5,1,7) [уничтожен]
    ✗ Прыгун C3          @ (6,4,7) [уничтожен]
    ✗ Факел C4           @ (5,2,7) [уничтожен]
    ✗ Тишина C5          @ (6,6,7) [уничтожен]
    ✗ Бурав C6           @ (6,7,7) [уничтожен]
    ✗ Провокатор C7      @ (5,7,7) [уничтожен]
    ✗ Паук C8            @ (5,3,7) [уничтожен]

======================================================================
ХОД 26
======================================================================
✓ 🎮 GM: начинаем ход
GM: start_turn

--- Радиовышки: сканирование слоя Z ---
  (у команд не осталось живых радиовышек)

--- Решения ботов ---
  [Team A] Артиллерия A1 (7,0,8) → SHOOT at (7,9,4)
  [Team B] Тишина B5 (6,1,8) → MOVE (7,0,8)
  [Team C] все корабли пропускают ход
! 🎮 GM: принудительно завершает фазу планирования
GM: end_planning
# 
============================================================
# 🔄 ОБРАБОТКА ХОДА 26
# ============================================================

📦 ПЕРЕМЕЩЕНИЯ:
!    ⚠️ Тишина B5: клетка (7,0,8) занята

🎯 ВЫСТРЕЛЫ:
   Выпущено ракет: 1
# 
📊 РЕЗУЛЬТАТЫ ХОДА 26:
🎯 Попаданий нет

--- Результаты хода ---
  Попаданий нет

--- Состояние команд после хода ---
  Team A: живых 1/8
    ✓ Артиллерия A1      @ (7,0,8) hp=1/1
    ✗ Радиовышка A2      @ (6,3,5) [уничтожен]
    ✗ Прыгун A3          @ (5,3,7) [уничтожен]
    ✗ Факел A4           @ (6,3,4) [уничтожен]
    ✗ Тишина A5          @ (6,3,4) [уничтожен]
    ✗ Бурав A6           @ (6,2,4) [уничтожен]
    ✗ Провокатор A7      @ (6,1,2) [уничтожен]
    ✗ Паук A8            @ (6,1,4) [уничтожен]
  Team B: живых 1/8
    ✓ Тишина B5          @ (6,1,8) hp=2/2
    ✗ Артиллерия B1      @ (6,4,7) [уничтожен]
    ✗ Радиовышка B2      @ (6,2,7) [уничтожен]
    ✗ Прыгун B3          @ (5,6,7) [уничтожен]
    ✗ Факел B4           @ (6,2,7) [уничтожен]
    ✗ Бурав B6           @ (6,3,5) [уничтожен]
    ✗ Провокатор B7      @ (6,1,7) [уничтожен]
    ✗ Паук B8            @ (6,0,7) [уничтожен]
  Team C: живых 0/8
    ✗ Артиллерия C1      @ (5,5,7) [уничтожен]
    ✗ Радиовышка C2      @ (5,1,7) [уничтожен]
    ✗ Прыгун C3          @ (6,4,7) [уничтожен]
    ✗ Факел C4           @ (5,2,7) [уничтожен]
    ✗ Тишина C5          @ (6,6,7) [уничтожен]
    ✗ Бурав C6           @ (6,7,7) [уничтожен]
    ✗ Провокатор C7      @ (5,7,7) [уничтожен]
    ✗ Паук C8            @ (5,3,7) [уничтожен]

======================================================================
ХОД 27
======================================================================
✓ 🎮 GM: начинаем ход
GM: start_turn

--- Радиовышки: сканирование слоя Z ---
  (у команд не осталось живых радиовышек)

--- Решения ботов ---
  [Team A] Артиллерия A1 (7,0,8) → SHOOT at (7,9,5)
  [Team B] Тишина B5 (6,1,8) → MOVE (7,0,8)
  [Team C] все корабли пропускают ход
! 🎮 GM: принудительно завершает фазу планирования
GM: end_planning
# 
============================================================
# 🔄 ОБРАБОТКА ХОДА 27
# ============================================================

📦 ПЕРЕМЕЩЕНИЯ:
!    ⚠️ Тишина B5: клетка (7,0,8) занята

🎯 ВЫСТРЕЛЫ:
   Выпущено ракет: 1
# 
📊 РЕЗУЛЬТАТЫ ХОДА 27:
🎯 Попаданий нет

--- Результаты хода ---
  Попаданий нет

--- Состояние команд после хода ---
  Team A: живых 1/8
    ✓ Артиллерия A1      @ (7,0,8) hp=1/1
    ✗ Радиовышка A2      @ (6,3,5) [уничтожен]
    ✗ Прыгун A3          @ (5,3,7) [уничтожен]
    ✗ Факел A4           @ (6,3,4) [уничтожен]
    ✗ Тишина A5          @ (6,3,4) [уничтожен]
    ✗ Бурав A6           @ (6,2,4) [уничтожен]
    ✗ Провокатор A7      @ (6,1,2) [уничтожен]
    ✗ Паук A8            @ (6,1,4) [уничтожен]
  Team B: живых 1/8
    ✓ Тишина B5          @ (6,1,8) hp=2/2
    ✗ Артиллерия B1      @ (6,4,7) [уничтожен]
    ✗ Радиовышка B2      @ (6,2,7) [уничтожен]
    ✗ Прыгун B3          @ (5,6,7) [уничтожен]
    ✗ Факел B4           @ (6,2,7) [уничтожен]
    ✗ Бурав B6           @ (6,3,5) [уничтожен]
    ✗ Провокатор B7      @ (6,1,7) [уничтожен]
    ✗ Паук B8            @ (6,0,7) [уничтожен]
  Team C: живых 0/8
    ✗ Артиллерия C1      @ (5,5,7) [уничтожен]
    ✗ Радиовышка C2      @ (5,1,7) [уничтожен]
    ✗ Прыгун C3          @ (6,4,7) [уничтожен]
    ✗ Факел C4           @ (5,2,7) [уничтожен]
    ✗ Тишина C5          @ (6,6,7) [уничтожен]
    ✗ Бурав C6           @ (6,7,7) [уничтожен]
    ✗ Провокатор C7      @ (5,7,7) [уничтожен]
    ✗ Паук C8            @ (5,3,7) [уничтожен]

======================================================================
ХОД 28
======================================================================
✓ 🎮 GM: начинаем ход
GM: start_turn

--- Радиовышки: сканирование слоя Z ---
  (у команд не осталось живых радиовышек)

--- Решения ботов ---
  [Team A] Артиллерия A1 (7,0,8) → SHOOT at (7,9,4)
  [Team B] Тишина B5 (6,1,8) → MOVE (7,0,8)
  [Team C] все корабли пропускают ход
! 🎮 GM: принудительно завершает фазу планирования
GM: end_planning
# 
============================================================
# 🔄 ОБРАБОТКА ХОДА 28
# ============================================================

📦 ПЕРЕМЕЩЕНИЯ:
!    ⚠️ Тишина B5: клетка (7,0,8) занята

🎯 ВЫСТРЕЛЫ:
   Выпущено ракет: 1
# 
📊 РЕЗУЛЬТАТЫ ХОДА 28:
🎯 Попаданий нет

--- Результаты хода ---
  Попаданий нет

--- Состояние команд после хода ---
  Team A: живых 1/8
    ✓ Артиллерия A1      @ (7,0,8) hp=1/1
    ✗ Радиовышка A2      @ (6,3,5) [уничтожен]
    ✗ Прыгун A3          @ (5,3,7) [уничтожен]
    ✗ Факел A4           @ (6,3,4) [уничтожен]
    ✗ Тишина A5          @ (6,3,4) [уничтожен]
    ✗ Бурав A6           @ (6,2,4) [уничтожен]
    ✗ Провокатор A7      @ (6,1,2) [уничтожен]
    ✗ Паук A8            @ (6,1,4) [уничтожен]
  Team B: живых 1/8
    ✓ Тишина B5          @ (6,1,8) hp=2/2
    ✗ Артиллерия B1      @ (6,4,7) [уничтожен]
    ✗ Радиовышка B2      @ (6,2,7) [уничтожен]
    ✗ Прыгун B3          @ (5,6,7) [уничтожен]
    ✗ Факел B4           @ (6,2,7) [уничтожен]
    ✗ Бурав B6           @ (6,3,5) [уничтожен]
    ✗ Провокатор B7      @ (6,1,7) [уничтожен]
    ✗ Паук B8            @ (6,0,7) [уничтожен]
  Team C: живых 0/8
    ✗ Артиллерия C1      @ (5,5,7) [уничтожен]
    ✗ Радиовышка C2      @ (5,1,7) [уничтожен]
    ✗ Прыгун C3          @ (6,4,7) [уничтожен]
    ✗ Факел C4           @ (5,2,7) [уничтожен]
    ✗ Тишина C5          @ (6,6,7) [уничтожен]
    ✗ Бурав C6           @ (6,7,7) [уничтожен]
    ✗ Провокатор C7      @ (5,7,7) [уничтожен]
    ✗ Паук C8            @ (5,3,7) [уничтожен]

======================================================================
ХОД 29
======================================================================
✓ 🎮 GM: начинаем ход
GM: start_turn

--- Радиовышки: сканирование слоя Z ---
  (у команд не осталось живых радиовышек)

--- Решения ботов ---
  [Team A] Артиллерия A1 (7,0,8) → SHOOT at (9,4,9)
  [Team B] Тишина B5 (6,1,8) → MOVE (7,0,8)
  [Team C] все корабли пропускают ход
! 🎮 GM: принудительно завершает фазу планирования
GM: end_planning
# 
============================================================
# 🔄 ОБРАБОТКА ХОДА 29
# ============================================================

📦 ПЕРЕМЕЩЕНИЯ:
!    ⚠️ Тишина B5: клетка (7,0,8) занята

🎯 ВЫСТРЕЛЫ:
   Выпущено ракет: 1
# 
📊 РЕЗУЛЬТАТЫ ХОДА 29:
🎯 Попаданий нет

--- Результаты хода ---
  Попаданий нет

--- Состояние команд после хода ---
  Team A: живых 1/8
    ✓ Артиллерия A1      @ (7,0,8) hp=1/1
    ✗ Радиовышка A2      @ (6,3,5) [уничтожен]
    ✗ Прыгун A3          @ (5,3,7) [уничтожен]
    ✗ Факел A4           @ (6,3,4) [уничтожен]
    ✗ Тишина A5          @ (6,3,4) [уничтожен]
    ✗ Бурав A6           @ (6,2,4) [уничтожен]
    ✗ Провокатор A7      @ (6,1,2) [уничтожен]
    ✗ Паук A8            @ (6,1,4) [уничтожен]
  Team B: живых 1/8
    ✓ Тишина B5          @ (6,1,8) hp=2/2
    ✗ Артиллерия B1      @ (6,4,7) [уничтожен]
    ✗ Радиовышка B2      @ (6,2,7) [уничтожен]
    ✗ Прыгун B3          @ (5,6,7) [уничтожен]
    ✗ Факел B4           @ (6,2,7) [уничтожен]
    ✗ Бурав B6           @ (6,3,5) [уничтожен]
    ✗ Провокатор B7      @ (6,1,7) [уничтожен]
    ✗ Паук B8            @ (6,0,7) [уничтожен]
  Team C: живых 0/8
    ✗ Артиллерия C1      @ (5,5,7) [уничтожен]
    ✗ Радиовышка C2      @ (5,1,7) [уничтожен]
    ✗ Прыгун C3          @ (6,4,7) [уничтожен]
    ✗ Факел C4           @ (5,2,7) [уничтожен]
    ✗ Тишина C5          @ (6,6,7) [уничтожен]
    ✗ Бурав C6           @ (6,7,7) [уничтожен]
    ✗ Провокатор C7      @ (5,7,7) [уничтожен]
    ✗ Паук C8            @ (5,3,7) [уничтожен]

======================================================================
ХОД 30
======================================================================
✓ 🎮 GM: начинаем ход
GM: start_turn

--- Радиовышки: сканирование слоя Z ---
  (у команд не осталось живых радиовышек)

--- Решения ботов ---
  [Team A] Артиллерия A1 (7,0,8) → SHOOT at (9,4,9)
  [Team B] Тишина B5 (6,1,8) → MOVE (7,0,8)
  [Team C] все корабли пропускают ход
! 🎮 GM: принудительно завершает фазу планирования
GM: end_planning
# 
============================================================
# 🔄 ОБРАБОТКА ХОДА 30
# ============================================================

📦 ПЕРЕМЕЩЕНИЯ:
!    ⚠️ Тишина B5: клетка (7,0,8) занята

🎯 ВЫСТРЕЛЫ:
   Выпущено ракет: 1
# 
📊 РЕЗУЛЬТАТЫ ХОДА 30:
🎯 Попаданий нет

--- Результаты хода ---
  Попаданий нет

--- Состояние команд после хода ---
  Team A: живых 1/8
    ✓ Артиллерия A1      @ (7,0,8) hp=1/1
    ✗ Радиовышка A2      @ (6,3,5) [уничтожен]
    ✗ Прыгун A3          @ (5,3,7) [уничтожен]
    ✗ Факел A4           @ (6,3,4) [уничтожен]
    ✗ Тишина A5          @ (6,3,4) [уничтожен]
    ✗ Бурав A6           @ (6,2,4) [уничтожен]
    ✗ Провокатор A7      @ (6,1,2) [уничтожен]
    ✗ Паук A8            @ (6,1,4) [уничтожен]
  Team B: живых 1/8
    ✓ Тишина B5          @ (6,1,8) hp=2/2
    ✗ Артиллерия B1      @ (6,4,7) [уничтожен]
    ✗ Радиовышка B2      @ (6,2,7) [уничтожен]
    ✗ Прыгун B3          @ (5,6,7) [уничтожен]
    ✗ Факел B4           @ (6,2,7) [уничтожен]
    ✗ Бурав B6           @ (6,3,5) [уничтожен]
    ✗ Провокатор B7      @ (6,1,7) [уничтожен]
    ✗ Паук B8            @ (6,0,7) [уничтожен]
  Team C: живых 0/8
    ✗ Артиллерия C1      @ (5,5,7) [уничтожен]
    ✗ Радиовышка C2      @ (5,1,7) [уничтожен]
    ✗ Прыгун C3          @ (6,4,7) [уничтожен]
    ✗ Факел C4           @ (5,2,7) [уничтожен]
    ✗ Тишина C5          @ (6,6,7) [уничтожен]
    ✗ Бурав C6           @ (6,7,7) [уничтожен]
    ✗ Провокатор C7      @ (5,7,7) [уничтожен]
    ✗ Паук C8            @ (5,3,7) [уничтожен]

======================================================================
ИТОГ
======================================================================
Лимит ходов (30) исчерпан, ничья/пат.

--- Сводка по командам ---
  Team A: 1/8 живых; hp=1
  Team B: 1/8 живых; hp=2
  Team C: 0/8 живых; hp=0

--- Сводка по пассивкам радиовышек ---
  Team A: сканирований=15, всего врагов-в-слоях=0, уникальных эксклюзивных (видны только радиовышкой)=0
  Team B: сканирований=6, всего врагов-в-слоях=23, уникальных эксклюзивных (видны только радиовышкой)=1
  Team C: сканирований=2, всего врагов-в-слоях=15, уникальных эксклюзивных (видны только радиовышкой)=0

--- Сводка по попаданиям ---
  Всего событий (шоты+тараны+мины): 27
  Уничтожено кораблей всего: 22
  Team A: урон=32 хиты=7 тараны=5 мины(сработало)=1 убийств=10
  Team B: урон=30 хиты=1 тараны=10 мины(сработало)=1 убийств=11
  Team C: урон=2 хиты=1 тараны=1 мины(сработало)=0 убийств=1
! 🎮 GM: остановка игры
