======================================================================
Space Battle 10×10×10 — simulation run at 2026-04-20T13:31:54+00:00
Game mode: advanced
Seed: 118
✓ 🚀 Продвинутый режим: создаю разные типы кораблей
   Команда A: спавн вдоль оси Z от (2, 4, 1) до (2, 4, 8)
   Команда B: спавн вдоль оси Z от (7, 8, 9) до (7, 8, 3)
   Команда C: спавн вдоль оси Z от (2, 6, 4) до (2, 6, 3)
✓ ✅ Создано 24 кораблей


--- СТАРТОВАЯ РАССТАНОВКА ---
  Team A: живых 8/8
    ✓ Артиллерия A1      @ (2,4,1) hp=1/1
    ✓ Радиовышка A2      @ (2,4,5) hp=3/3
    ✓ Прыгун A3          @ (2,4,4) hp=2/2
    ✓ Факел A4           @ (2,4,6) hp=6/6
    ✓ Тишина A5          @ (2,4,0) hp=2/2
    ✓ Бурав A6           @ (2,4,2) hp=4/4
    ✓ Провокатор A7      @ (2,4,7) hp=2/2
    ✓ Паук A8            @ (2,4,8) hp=1/1
  Team B: живых 8/8
    ✓ Артиллерия B1      @ (7,8,9) hp=1/1
    ✓ Радиовышка B2      @ (7,8,5) hp=3/3
    ✓ Прыгун B3          @ (7,8,2) hp=2/2
    ✓ Факел B4           @ (7,8,6) hp=6/6
    ✓ Тишина B5          @ (7,8,4) hp=2/2
    ✓ Бурав B6           @ (7,8,8) hp=4/4
    ✓ Провокатор B7      @ (7,8,0) hp=2/2
    ✓ Паук B8            @ (7,8,3) hp=1/1
  Team C: живых 8/8
    ✓ Артиллерия C1      @ (2,6,4) hp=1/1
    ✓ Радиовышка C2      @ (2,6,1) hp=3/3
    ✓ Прыгун C3          @ (2,6,0) hp=2/2
    ✓ Факел C4           @ (2,6,9) hp=6/6
    ✓ Тишина C5          @ (2,6,5) hp=2/2
    ✓ Бурав C6           @ (2,6,2) hp=4/4
    ✓ Провокатор C7      @ (2,6,6) hp=2/2
    ✓ Паук C8            @ (2,6,3) hp=1/1

======================================================================
ХОД 1
======================================================================
✓ 🎮 GM: начинаем ход
GM: start_turn

--- Радиовышки: сканирование слоя Z ---
  Радиовышка A2 (z=5): видит 2 врагов [+1 эксклюзивно] → Радиовышка B2(7,8,5), Тишина C5(2,6,5)
  Радиовышка B2 (z=5): видит 2 врагов [+2 эксклюзивно] → Радиовышка A2(2,4,5), Тишина C5(2,6,5)
  Радиовышка C2 (z=1): видит 1 врагов  → Артиллерия A1(2,4,1)

--- Решения ботов ---
  [Team A] Артиллерия A1 (2,4,1) → SHOOT at (2,6,4)
  [Team A] Радиовышка A2 (2,4,5) → MOVE (2,5,4)
  [Team A] Прыгун A3 (2,4,4) → MOVE (2,6,4)
  [Team A] Факел A4 (2,4,6) → SHOOT at (2,6,6)
  [Team A] Тишина A5 (2,4,0) → PHASE toggle
  [Team A] Бурав A6 (2,4,2) → MOVE (2,6,0)
  [Team A] Провокатор A7 (2,4,7) → HOLOGRAM (2,5,8)
  [Team A] Паук A8 (2,4,8) → MINE (2,5,8)
  [Team B] Артиллерия B1 (7,8,9) → SHOOT at (2,6,5)
  [Team B] Радиовышка B2 (7,8,5) → MOVE (6,7,5)
  [Team B] Прыгун B3 (7,8,2) → MOVE (6,7,3)
  [Team B] Факел B4 (7,8,6) → MOVE (7,8,7)
  [Team B] Тишина B5 (7,8,4) → MOVE (7,7,5)
  [Team B] Бурав B6 (7,8,8) → MOVE (6,7,7)
  [Team B] Провокатор B7 (7,8,0) → HOLOGRAM (6,7,1)
  [Team B] Паук B8 (7,8,3) → MOVE (6,7,4)
  [Team C] Артиллерия C1 (2,6,4) → SHOOT at (2,4,1)
  [Team C] Радиовышка C2 (2,6,1) → MOVE (2,5,1)
  [Team C] Прыгун C3 (2,6,0) → MOVE (2,4,1)
  [Team C] Факел C4 (2,6,9) → MOVE (2,6,8)
  [Team C] Тишина C5 (2,6,5) → PHASE toggle
  [Team C] Бурав C6 (2,6,2) → MOVE (2,4,4)
  [Team C] Провокатор C7 (2,6,6) → HOLOGRAM (2,5,5)
  [Team C] Паук C8 (2,6,3) → MINE (2,5,4)
! 🎮 GM: принудительно завершает фазу планирования
GM: end_planning
# 
============================================================
# 🔄 ОБРАБОТКА ХОДА 1
# ============================================================
   🌀 Тишина A5: фаза ВКЛ
   🌀 Тишина C5: фаза ВКЛ
   🪞 Провокатор A7 создал голограмму H1 в (2,5,8)
   🪞 Провокатор B7 создал голограмму H2 в (6,7,1)
   🪞 Провокатор C7 создал голограмму H3 в (2,5,5)
   💣 Паук A8 установил мину M1 в (2,5,8)
   💣 Паук C8 установил мину M2 в (2,5,4)

📦 ПЕРЕМЕЩЕНИЯ:
   Радиовышка A2: (2, 4, 5) → (2,5,4)
!    💥 Мина M2 сработала под Радиовышка A2 (урон 2)
✓    💥 Прыгун A3 тараном уничтожил Артиллерия C1 в (2,6,4)
   Прыгун A3: (2, 4, 4) → (2,6,4)
✓    💥 Бурав A6 тараном уничтожил Прыгун C3 в (2,6,0)
   Бурав A6: (2, 4, 2) → (2,6,0)
   Радиовышка B2: (7, 8, 5) → (6,7,5)
   Прыгун B3: (7, 8, 2) → (6,7,3)
   Факел B4: (7, 8, 6) → (7,8,7)
   Тишина B5: (7, 8, 4) → (7,7,5)
!    ⚠️ Бурав B6: Бурав двигается только по 1 оси или по 2 осям строго диагонально
   Паук B8: (7, 8, 3) → (6,7,4)
   Радиовышка C2: (2, 6, 1) → (2,5,1)
   Факел C4: (2, 6, 9) → (2,6,8)
   Бурав C6: (2, 6, 2) → (2,4,4)

🎯 ВЫСТРЕЛЫ:
✓    ✅ Факел A4 поразил Провокатор C7 (1 урона)!
   Выпущено ракет: 3
# 
📊 РЕЗУЛЬТАТЫ ХОДА 1:
✓ 💥 ПОПАДАНИЯ:
✓    Факел A4 (Team A) → Провокатор C7 (Team C)

--- Результаты хода ---
  ? / ?                  → Team A / Радиовышка A2      @ (2,5,4)  (ранен)
  Team A / Прыгун A3          → Team C / Артиллерия C1      @ (2,6,4)  (УБИТ)
  Team A / Бурав A6           → Team C / Прыгун C3          @ (2,6,0)  (УБИТ)
  Team A / Факел A4           → Team C / Провокатор C7      @ (2,6,6)  (ранен)

--- Состояние команд после хода ---
  Team A: живых 8/8
    ✓ Артиллерия A1      @ (2,4,1) hp=1/1
    ✓ Радиовышка A2      @ (2,5,4) hp=1/3
    ✓ Прыгун A3          @ (2,6,4) hp=2/2
    ✓ Факел A4           @ (2,4,6) hp=6/6
    ✓ Тишина A5          @ (2,4,0) hp=2/2
    ✓ Бурав A6           @ (2,6,0) hp=4/4
    ✓ Провокатор A7      @ (2,4,7) hp=2/2
    ✓ Паук A8            @ (2,4,8) hp=1/1
  Team B: живых 8/8
    ✓ Артиллерия B1      @ (7,8,9) hp=1/1
    ✓ Радиовышка B2      @ (6,7,5) hp=3/3
    ✓ Прыгун B3          @ (6,7,3) hp=2/2
    ✓ Факел B4           @ (7,8,7) hp=6/6
    ✓ Тишина B5          @ (7,7,5) hp=2/2
    ✓ Бурав B6           @ (7,8,8) hp=4/4
    ✓ Провокатор B7      @ (7,8,0) hp=2/2
    ✓ Паук B8            @ (6,7,4) hp=1/1
  Team C: живых 6/8
    ✓ Радиовышка C2      @ (2,5,1) hp=3/3
    ✓ Факел C4           @ (2,6,8) hp=6/6
    ✓ Тишина C5          @ (2,6,5) hp=2/2
    ✓ Бурав C6           @ (2,4,4) hp=4/4
    ✓ Провокатор C7      @ (2,6,6) hp=1/2
    ✓ Паук C8            @ (2,6,3) hp=1/1
    ✗ Артиллерия C1      @ (2,6,4) [уничтожен]
    ✗ Прыгун C3          @ (2,6,0) [уничтожен]

======================================================================
ХОД 2
======================================================================
✓ 🎮 GM: начинаем ход
GM: start_turn

--- Радиовышки: сканирование слоя Z ---
  Радиовышка A2 (z=4): видит 2 врагов  → Паук B8(6,7,4), Бурав C6(2,4,4)
  Радиовышка B2 (z=5): слой чист
  Радиовышка C2 (z=1): видит 1 врагов  → Артиллерия A1(2,4,1)

--- Решения ботов ---
  [Team A] Артиллерия A1 (2,4,1) → SHOOT at (2,6,6)
  [Team A] Радиовышка A2 (2,5,4) → MOVE (2,4,4)
  [Team A] Прыгун A3 (2,6,4) → MOVE (2,6,6)
  [Team A] Факел A4 (2,4,6) → HEAL (AoE)
  [Team A] Тишина A5 (2,4,0) → MOVE (2,5,1)
  [Team A] Бурав A6 (2,6,0) → MOVE (2,6,3)
  [Team A] Провокатор A7 (2,4,7) → HOLOGRAM (2,5,8)
  [Team A] Паук A8 (2,4,8) → MINE (2,5,7)
  [Team B] Артиллерия B1 (7,8,9) → SHOOT at (2,4,1)
  [Team B] Радиовышка B2 (6,7,5) → MOVE (5,6,4)
  [Team B] Прыгун B3 (6,7,3) → MOVE (5,6,2)
  [Team B] Тишина B5 (7,7,5) → PHASE toggle
  [Team B] Бурав B6 (7,8,8) → MOVE (6,7,7)
  [Team B] Провокатор B7 (7,8,0) → HOLOGRAM (6,7,1)
  [Team B] Паук B8 (6,7,4) → MINE (5,6,3)
  [Team B] Факел B4 → SKIP
  [Team C] Радиовышка C2 (2,5,1) → MOVE (2,4,1)
  [Team C] Факел C4 (2,6,8) → HEAL (AoE)
  [Team C] Тишина C5 (2,6,5) → MOVE (2,5,4)
  [Team C] Бурав C6 (2,4,4) → MOVE (2,4,6)
  [Team C] Провокатор C7 (2,6,6) → HOLOGRAM (2,5,5)
  [Team C] Паук C8 (2,6,3) → MINE (2,6,4)
! 🎮 GM: принудительно завершает фазу планирования
GM: end_planning
# 
============================================================
# 🔄 ОБРАБОТКА ХОДА 2
# ============================================================
   🌀 Тишина B5: фаза ВКЛ
!    ⚠️ Провокатор A7: клетка (2,5,8) уже занята голограммой
!    ⚠️ Провокатор B7: клетка (6,7,1) уже занята голограммой
!    ⚠️ Провокатор C7: клетка (2,5,5) уже занята голограммой
   💣 Паук A8 установил мину M3 в (2,5,7)
   💣 Паук B8 установил мину M4 в (5,6,3)
!    ⚠️ Паук C8: клетка (2,6,4) занята кораблём

📦 ПЕРЕМЕЩЕНИЯ:
!    ⚠️ Радиовышка A2: клетка (2,4,4) занята
✓    💥 Прыгун A3 тараном уничтожил Провокатор C7 в (2,6,6)
   Прыгун A3: (2, 6, 4) → (2,6,6)
!    ⚠️ Тишина A5: клетка (2,5,1) занята
✓    💥 Бурав A6 тараном уничтожил Паук C8 в (2,6,3)
   Бурав A6: (2, 6, 0) → (2,6,3)
   Радиовышка B2: (6, 7, 5) → (5,6,4)
   Прыгун B3: (6, 7, 3) → (5,6,2)
!    ⚠️ Бурав B6: Бурав двигается только по 1 оси или по 2 осям строго диагонально
!    ⚠️ Радиовышка C2: клетка (2,4,1) занята
!    ⚠️ Тишина C5: клетка (2,5,4) занята
✓    💥 Бурав C6 тараном уничтожил Факел A4 в (2,4,6)
   Бурав C6: (2, 4, 4) → (2,4,6)

🎯 ВЫСТРЕЛЫ:
✓    ✅ Артиллерия B1 поразил Артиллерия A1 (2 урона)!
!    ⚠️ Факел C4: некого лечить
   Выпущено ракет: 2
# 
📊 РЕЗУЛЬТАТЫ ХОДА 2:
✓ 💥 ПОПАДАНИЯ:
✓    Артиллерия B1 (Team B) → Артиллерия A1 (Team A)

--- Результаты хода ---
  Team A / Прыгун A3          → Team C / Провокатор C7      @ (2,6,6)  (УБИТ)
  Team A / Бурав A6           → Team C / Паук C8            @ (2,6,3)  (УБИТ)
  Team C / Бурав C6           → Team A / Факел A4           @ (2,4,6)  (УБИТ)
  Team B / Артиллерия B1      → Team A / Артиллерия A1      @ (2,4,1)  (УБИТ)

--- Состояние команд после хода ---
  Team A: живых 6/8
    ✓ Радиовышка A2      @ (2,5,4) hp=1/3
    ✓ Прыгун A3          @ (2,6,6) hp=2/2
    ✓ Тишина A5          @ (2,4,0) hp=2/2
    ✓ Бурав A6           @ (2,6,3) hp=4/4
    ✓ Провокатор A7      @ (2,4,7) hp=2/2
    ✓ Паук A8            @ (2,4,8) hp=1/1
    ✗ Артиллерия A1      @ (2,4,1) [уничтожен]
    ✗ Факел A4           @ (2,4,6) [уничтожен]
  Team B: живых 8/8
    ✓ Артиллерия B1      @ (7,8,9) hp=1/1
    ✓ Радиовышка B2      @ (5,6,4) hp=3/3
    ✓ Прыгун B3          @ (5,6,2) hp=2/2
    ✓ Факел B4           @ (7,8,7) hp=6/6
    ✓ Тишина B5          @ (7,7,5) hp=2/2
    ✓ Бурав B6           @ (7,8,8) hp=4/4
    ✓ Провокатор B7      @ (7,8,0) hp=2/2
    ✓ Паук B8            @ (6,7,4) hp=1/1
  Team C: живых 4/8
    ✓ Радиовышка C2      @ (2,5,1) hp=3/3
    ✓ Факел C4           @ (2,6,8) hp=6/6
    ✓ Тишина C5          @ (2,6,5) hp=2/2
    ✓ Бурав C6           @ (2,4,6) hp=4/4
    ✗ Артиллерия C1      @ (2,6,4) [уничтожен]
    ✗ Прыгун C3          @ (2,6,0) [уничтожен]
    ✗ Провокатор C7      @ (2,6,6) [уничтожен]
    ✗ Паук C8            @ (2,6,3) [уничтожен]

======================================================================
ХОД 3
======================================================================
✓ 🎮 GM: начинаем ход
GM: start_turn

--- Радиовышки: сканирование слоя Z ---
  Радиовышка A2 (z=4): видит 2 врагов  → Радиовышка B2(5,6,4), Паук B8(6,7,4)
  Радиовышка B2 (z=4): видит 1 врагов  → Радиовышка A2(2,5,4)
  Радиовышка C2 (z=1): слой чист

--- Решения ботов ---
  [Team A] Радиовышка A2 (2,5,4) → MOVE (2,4,5)
  [Team A] Прыгун A3 (2,6,6) → MOVE (2,6,8)
  [Team A] Тишина A5 (2,4,0) → MOVE (2,5,1)
  [Team A] Бурав A6 (2,6,3) → MOVE (2,5,2)
  [Team A] Провокатор A7 (2,4,7) → HOLOGRAM (2,4,6)
  [Team A] Паук A8 (2,4,8) → MINE (2,5,8)
  [Team B] Артиллерия B1 (7,8,9) → SHOOT at (2,6,6)
  [Team B] Радиовышка B2 (5,6,4) → MOVE (4,5,4)
  [Team B] Прыгун B3 (5,6,2) → MOVE (4,5,3)
  [Team B] Тишина B5 (7,7,5) → MOVE (6,6,4)
  [Team B] Бурав B6 (7,8,8) → MOVE (6,7,7)
  [Team B] Провокатор B7 (7,8,0) → HOLOGRAM (6,7,1)
  [Team B] Паук B8 (6,7,4) → MINE (5,7,4)
  [Team B] Факел B4 → SKIP
  [Team C] Радиовышка C2 (2,5,1) → MOVE (2,6,2)
  [Team C] Факел C4 (2,6,8) → SHOOT at (2,4,8)
  [Team C] Тишина C5 (2,6,5) → MOVE (2,5,4)
  [Team C] Бурав C6 (2,4,6) → MOVE (2,4,7)
! 🎮 GM: принудительно завершает фазу планирования
GM: end_planning
# 
============================================================
# 🔄 ОБРАБОТКА ХОДА 3
# ============================================================
!    ⚠️ Провокатор A7: клетка (2,4,6) занята кораблём
!    ⚠️ Провокатор B7: клетка (6,7,1) уже занята голограммой
!    ⚠️ Паук A8: в клетке уже стоит мина
   💣 Паук B8 установил мину M5 в (5,7,4)

📦 ПЕРЕМЕЩЕНИЯ:
   Радиовышка A2: (2, 5, 4) → (2,4,5)
✓    💥 Прыгун A3 тараном уничтожил Факел C4 в (2,6,8)
   Прыгун A3: (2, 6, 6) → (2,6,8)
!    ⚠️ Тишина A5: клетка (2,5,1) занята
   Бурав A6: (2, 6, 3) → (2,5,2)
   Радиовышка B2: (5, 6, 4) → (4,5,4)
   Прыгун B3: (5, 6, 2) → (4,5,3)
   Тишина B5: (7, 7, 5) → (6,6,4)
!    ⚠️ Бурав B6: Бурав двигается только по 1 оси или по 2 осям строго диагонально
   Радиовышка C2: (2, 5, 1) → (2,6,2)
   Тишина C5: (2, 6, 5) → (2,5,4)
✓    💥 Бурав C6 тараном уничтожил Провокатор A7 в (2,4,7)
   Бурав C6: (2, 4, 6) → (2,4,7)

🎯 ВЫСТРЕЛЫ:
   Выпущено ракет: 1
# 
📊 РЕЗУЛЬТАТЫ ХОДА 3:
🎯 Попаданий нет

--- Результаты хода ---
  Team A / Прыгун A3          → Team C / Факел C4           @ (2,6,8)  (УБИТ)
  Team C / Бурав C6           → Team A / Провокатор A7      @ (2,4,7)  (УБИТ)

--- Состояние команд после хода ---
  Team A: живых 5/8
    ✓ Радиовышка A2      @ (2,4,5) hp=1/3
    ✓ Прыгун A3          @ (2,6,8) hp=2/2
    ✓ Тишина A5          @ (2,4,0) hp=2/2
    ✓ Бурав A6           @ (2,5,2) hp=4/4
    ✓ Паук A8            @ (2,4,8) hp=1/1
    ✗ Артиллерия A1      @ (2,4,1) [уничтожен]
    ✗ Факел A4           @ (2,4,6) [уничтожен]
    ✗ Провокатор A7      @ (2,4,7) [уничтожен]
  Team B: живых 8/8
    ✓ Артиллерия B1      @ (7,8,9) hp=1/1
    ✓ Радиовышка B2      @ (4,5,4) hp=3/3
    ✓ Прыгун B3          @ (4,5,3) hp=2/2
    ✓ Факел B4           @ (7,8,7) hp=6/6
    ✓ Тишина B5          @ (6,6,4) hp=2/2
    ✓ Бурав B6           @ (7,8,8) hp=4/4
    ✓ Провокатор B7      @ (7,8,0) hp=2/2
    ✓ Паук B8            @ (6,7,4) hp=1/1
  Team C: живых 3/8
    ✓ Радиовышка C2      @ (2,6,2) hp=3/3
    ✓ Тишина C5          @ (2,5,4) hp=2/2
    ✓ Бурав C6           @ (2,4,7) hp=4/4
    ✗ Артиллерия C1      @ (2,6,4) [уничтожен]
    ✗ Прыгун C3          @ (2,6,0) [уничтожен]
    ✗ Факел C4           @ (2,6,8) [уничтожен]
    ✗ Провокатор C7      @ (2,6,6) [уничтожен]
    ✗ Паук C8            @ (2,6,3) [уничтожен]

======================================================================
ХОД 4
======================================================================
✓ 🎮 GM: начинаем ход
GM: start_turn

--- Радиовышки: сканирование слоя Z ---
  Радиовышка A2 (z=5): слой чист
  Радиовышка B2 (z=4): слой чист
  Радиовышка C2 (z=2): видит 1 врагов  → Бурав A6(2,5,2)

--- Решения ботов ---
  [Team A] Радиовышка A2 (2,4,5) → MOVE (3,5,4)
  [Team A] Прыгун A3 (2,6,8) → MOVE (2,4,7)
  [Team A] Тишина A5 (2,4,0) → MOVE (2,5,1)
  [Team A] Бурав A6 (2,5,2) → MOVE (2,6,2)
  [Team A] Паук A8 → SKIP
  [Team B] Артиллерия B1 (7,8,9) → SHOOT at (2,4,5)
  [Team B] Радиовышка B2 (4,5,4) → MOVE (3,4,5)
  [Team B] Прыгун B3 (4,5,3) → MOVE (2,5,2)
  [Team B] Тишина B5 (6,6,4) → MOVE (5,5,5)
  [Team B] Бурав B6 (7,8,8) → MOVE (6,7,7)
  [Team B] Провокатор B7 (7,8,0) → HOLOGRAM (6,7,1)
  [Team B] Паук B8 (6,7,4) → MINE (5,6,5)
  [Team B] Факел B4 → SKIP
  [Team C] Радиовышка C2 (2,6,2) → MOVE (2,5,2)
  [Team C] Тишина C5 (2,5,4) → MOVE (2,4,5)
  [Team C] Бурав C6 (2,4,7) → MOVE (2,4,8)
! 🎮 GM: принудительно завершает фазу планирования
GM: end_planning
# 
============================================================
# 🔄 ОБРАБОТКА ХОДА 4
# ============================================================
!    ⚠️ Провокатор B7: клетка (6,7,1) уже занята голограммой
   💣 Паук B8 установил мину M6 в (5,6,5)

📦 ПЕРЕМЕЩЕНИЯ:
   Радиовышка A2: (2, 4, 5) → (3,5,4)
✓    💥 Прыгун A3 тараном уничтожил Бурав C6 в (2,4,7)
   Прыгун A3: (2, 6, 8) → (2,4,7)
   Тишина A5: (2, 4, 0) → (2,5,1)
✓    💥 Бурав A6 тараном уничтожил Радиовышка C2 в (2,6,2)
   Бурав A6: (2, 5, 2) → (2,6,2)
   Радиовышка B2: (4, 5, 4) → (3,4,5)
   Прыгун B3: (4, 5, 3) → (2,5,2)
   Тишина B5: (6, 6, 4) → (5,5,5)
!    ⚠️ Бурав B6: Бурав двигается только по 1 оси или по 2 осям строго диагонально
   Тишина C5: (2, 5, 4) → (2,4,5)

🎯 ВЫСТРЕЛЫ:
   Выпущено ракет: 1
# 
📊 РЕЗУЛЬТАТЫ ХОДА 4:
🎯 Попаданий нет

--- Результаты хода ---
  Team A / Прыгун A3          → Team C / Бурав C6           @ (2,4,7)  (УБИТ)
  Team A / Бурав A6           → Team C / Радиовышка C2      @ (2,6,2)  (УБИТ)

--- Состояние команд после хода ---
  Team A: живых 5/8
    ✓ Радиовышка A2      @ (3,5,4) hp=1/3
    ✓ Прыгун A3          @ (2,4,7) hp=2/2
    ✓ Тишина A5          @ (2,5,1) hp=2/2
    ✓ Бурав A6           @ (2,6,2) hp=4/4
    ✓ Паук A8            @ (2,4,8) hp=1/1
    ✗ Артиллерия A1      @ (2,4,1) [уничтожен]
    ✗ Факел A4           @ (2,4,6) [уничтожен]
    ✗ Провокатор A7      @ (2,4,7) [уничтожен]
  Team B: живых 8/8
    ✓ Артиллерия B1      @ (7,8,9) hp=1/1
    ✓ Радиовышка B2      @ (3,4,5) hp=3/3
    ✓ Прыгун B3          @ (2,5,2) hp=2/2
    ✓ Факел B4           @ (7,8,7) hp=6/6
    ✓ Тишина B5          @ (5,5,5) hp=2/2
    ✓ Бурав B6           @ (7,8,8) hp=4/4
    ✓ Провокатор B7      @ (7,8,0) hp=2/2
    ✓ Паук B8            @ (6,7,4) hp=1/1
  Team C: живых 1/8
    ✓ Тишина C5          @ (2,4,5) hp=2/2
    ✗ Артиллерия C1      @ (2,6,4) [уничтожен]
    ✗ Радиовышка C2      @ (2,6,2) [уничтожен]
    ✗ Прыгун C3          @ (2,6,0) [уничтожен]
    ✗ Факел C4           @ (2,6,8) [уничтожен]
    ✗ Бурав C6           @ (2,4,7) [уничтожен]
    ✗ Провокатор C7      @ (2,6,6) [уничтожен]
    ✗ Паук C8            @ (2,6,3) [уничтожен]

======================================================================
ХОД 5
======================================================================
✓ 🎮 GM: начинаем ход
GM: start_turn

--- Радиовышки: сканирование слоя Z ---
  Радиовышка A2 (z=4): видит 1 врагов  → Паук B8(6,7,4)
  Радиовышка B2 (z=5): слой чист

--- Решения ботов ---
  [Team A] Радиовышка A2 (3,5,4) → MOVE (3,4,5)
  [Team A] Прыгун A3 (2,4,7) → MOVE (3,4,6)
  [Team A] Тишина A5 (2,5,1) → MOVE (2,5,2)
  [Team A] Паук A8 (2,4,8) → MINE (3,4,7)
  [Team A] Бурав A6 → SKIP
  [Team B] Артиллерия B1 (7,8,9) → SHOOT at (2,4,7)
  [Team B] Радиовышка B2 (3,4,5) → MOVE (3,5,4)
  [Team B] Прыгун B3 (2,5,2) → MOVE (2,6,2)
  [Team B] Тишина B5 (5,5,5) → MOVE (4,5,4)
  [Team B] Бурав B6 (7,8,8) → MOVE (6,7,7)
  [Team B] Провокатор B7 (7,8,0) → HOLOGRAM (6,7,1)
  [Team B] Паук B8 (6,7,4) → MINE (5,6,4)
  [Team B] Факел B4 → SKIP
  [Team C] Тишина C5 (2,4,5) → MOVE (3,5,4)
! 🎮 GM: принудительно завершает фазу планирования
GM: end_planning
# 
============================================================
# 🔄 ОБРАБОТКА ХОДА 5
# ============================================================
!    ⚠️ Провокатор B7: клетка (6,7,1) уже занята голограммой
   💣 Паук A8 установил мину M7 в (3,4,7)
   💣 Паук B8 установил мину M8 в (5,6,4)

📦 ПЕРЕМЕЩЕНИЯ:
!    ⚠️ Радиовышка A2: клетка (3,4,5) занята
   Прыгун A3: (2, 4, 7) → (3,4,6)
!    ⚠️ Тишина A5: клетка (2,5,2) занята
!    ⚠️ Радиовышка B2: клетка (3,5,4) занята
✓    💥 Прыгун B3 тараном уничтожил Бурав A6 в (2,6,2)
   Прыгун B3: (2, 5, 2) → (2,6,2)
   Тишина B5: (5, 5, 5) → (4,5,4)
!    ⚠️ Бурав B6: Бурав двигается только по 1 оси или по 2 осям строго диагонально
!    ⚠️ Тишина C5: клетка (3,5,4) занята

🎯 ВЫСТРЕЛЫ:
   Выпущено ракет: 1
# 
📊 РЕЗУЛЬТАТЫ ХОДА 5:
🎯 Попаданий нет

--- Результаты хода ---
  Team B / Прыгун B3          → Team A / Бурав A6           @ (2,6,2)  (УБИТ)

--- Состояние команд после хода ---
  Team A: живых 4/8
    ✓ Радиовышка A2      @ (3,5,4) hp=1/3
    ✓ Прыгун A3          @ (3,4,6) hp=2/2
    ✓ Тишина A5          @ (2,5,1) hp=2/2
    ✓ Паук A8            @ (2,4,8) hp=1/1
    ✗ Артиллерия A1      @ (2,4,1) [уничтожен]
    ✗ Факел A4           @ (2,4,6) [уничтожен]
    ✗ Бурав A6           @ (2,6,2) [уничтожен]
    ✗ Провокатор A7      @ (2,4,7) [уничтожен]
  Team B: живых 8/8
    ✓ Артиллерия B1      @ (7,8,9) hp=1/1
    ✓ Радиовышка B2      @ (3,4,5) hp=3/3
    ✓ Прыгун B3          @ (2,6,2) hp=2/2
    ✓ Факел B4           @ (7,8,7) hp=6/6
    ✓ Тишина B5          @ (4,5,4) hp=2/2
    ✓ Бурав B6           @ (7,8,8) hp=4/4
    ✓ Провокатор B7      @ (7,8,0) hp=2/2
    ✓ Паук B8            @ (6,7,4) hp=1/1
  Team C: живых 1/8
    ✓ Тишина C5          @ (2,4,5) hp=2/2
    ✗ Артиллерия C1      @ (2,6,4) [уничтожен]
    ✗ Радиовышка C2      @ (2,6,2) [уничтожен]
    ✗ Прыгун C3          @ (2,6,0) [уничтожен]
    ✗ Факел C4           @ (2,6,8) [уничтожен]
    ✗ Бурав C6           @ (2,4,7) [уничтожен]
    ✗ Провокатор C7      @ (2,6,6) [уничтожен]
    ✗ Паук C8            @ (2,6,3) [уничтожен]

======================================================================
ХОД 6
======================================================================
✓ 🎮 GM: начинаем ход
GM: start_turn

--- Радиовышки: сканирование слоя Z ---
  Радиовышка A2 (z=4): видит 1 врагов  → Паук B8(6,7,4)
  Радиовышка B2 (z=5): слой чист

--- Решения ботов ---
  [Team A] Радиовышка A2 (3,5,4) → MOVE (3,4,5)
  [Team A] Прыгун A3 (3,4,6) → SHOOT at (3,4,5)
  [Team A] Тишина A5 (2,5,1) → MOVE (2,6,2)
  [Team A] Паук A8 (2,4,8) → MINE (3,4,7)
  [Team B] Артиллерия B1 (7,8,9) → SHOOT at (3,4,6)
  [Team B] Радиовышка B2 (3,4,5) → MOVE (3,5,4)
  [Team B] Прыгун B3 (2,6,2) → MOVE (3,5,3)
  [Team B] Бурав B6 (7,8,8) → MOVE (6,7,7)
  [Team B] Провокатор B7 (7,8,0) → HOLOGRAM (6,7,1)
  [Team B] Паук B8 (6,7,4) → MINE (5,6,4)
  [Team B] Тишина B5 → SKIP
  [Team B] Факел B4 → SKIP
  [Team C] Тишина C5 (2,4,5) → MOVE (3,5,4)
! 🎮 GM: принудительно завершает фазу планирования
GM: end_planning
# 
============================================================
# 🔄 ОБРАБОТКА ХОДА 6
# ============================================================
!    ⚠️ Провокатор B7: клетка (6,7,1) уже занята голограммой
!    ⚠️ Паук A8: в клетке уже стоит мина
!    ⚠️ Паук B8: в клетке уже стоит мина

📦 ПЕРЕМЕЩЕНИЯ:
!    ⚠️ Радиовышка A2: клетка (3,4,5) занята
!    ⚠️ Тишина A5: клетка (2,6,2) занята
!    ⚠️ Радиовышка B2: клетка (3,5,4) занята
   Прыгун B3: (2, 6, 2) → (3,5,3)
!    ⚠️ Бурав B6: Бурав двигается только по 1 оси или по 2 осям строго диагонально
!    ⚠️ Тишина C5: клетка (3,5,4) занята

🎯 ВЫСТРЕЛЫ:
✓    ✅ Прыгун A3 поразил Радиовышка B2 (1 урона)!
✓    ✅ Артиллерия B1 поразил Прыгун A3 (2 урона)!
   Выпущено ракет: 2
# 
📊 РЕЗУЛЬТАТЫ ХОДА 6:
✓ 💥 ПОПАДАНИЯ:
✓    Прыгун A3 (Team A) → Радиовышка B2 (Team B)
✓    Артиллерия B1 (Team B) → Прыгун A3 (Team A)

--- Результаты хода ---
  Team A / Прыгун A3          → Team B / Радиовышка B2      @ (3,4,5)  (ранен)
  Team B / Артиллерия B1      → Team A / Прыгун A3          @ (3,4,6)  (УБИТ)

--- Состояние команд после хода ---
  Team A: живых 3/8
    ✓ Радиовышка A2      @ (3,5,4) hp=1/3
    ✓ Тишина A5          @ (2,5,1) hp=2/2
    ✓ Паук A8            @ (2,4,8) hp=1/1
    ✗ Артиллерия A1      @ (2,4,1) [уничтожен]
    ✗ Прыгун A3          @ (3,4,6) [уничтожен]
    ✗ Факел A4           @ (2,4,6) [уничтожен]
    ✗ Бурав A6           @ (2,6,2) [уничтожен]
    ✗ Провокатор A7      @ (2,4,7) [уничтожен]
  Team B: живых 8/8
    ✓ Артиллерия B1      @ (7,8,9) hp=1/1
    ✓ Радиовышка B2      @ (3,4,5) hp=2/3
    ✓ Прыгун B3          @ (3,5,3) hp=2/2
    ✓ Факел B4           @ (7,8,7) hp=6/6
    ✓ Тишина B5          @ (4,5,4) hp=2/2
    ✓ Бурав B6           @ (7,8,8) hp=4/4
    ✓ Провокатор B7      @ (7,8,0) hp=2/2
    ✓ Паук B8            @ (6,7,4) hp=1/1
  Team C: живых 1/8
    ✓ Тишина C5          @ (2,4,5) hp=2/2
    ✗ Артиллерия C1      @ (2,6,4) [уничтожен]
    ✗ Радиовышка C2      @ (2,6,2) [уничтожен]
    ✗ Прыгун C3          @ (2,6,0) [уничтожен]
    ✗ Факел C4           @ (2,6,8) [уничтожен]
    ✗ Бурав C6           @ (2,4,7) [уничтожен]
    ✗ Провокатор C7      @ (2,6,6) [уничтожен]
    ✗ Паук C8            @ (2,6,3) [уничтожен]

======================================================================
ХОД 7
======================================================================
✓ 🎮 GM: начинаем ход
GM: start_turn

--- Радиовышки: сканирование слоя Z ---
  Радиовышка A2 (z=4): видит 1 врагов  → Паук B8(6,7,4)
  Радиовышка B2 (z=5): слой чист

--- Решения ботов ---
  [Team A] Радиовышка A2 (3,5,4) → MOVE (3,4,5)
  [Team A] Тишина A5 (2,5,1) → MOVE (3,5,2)
  [Team A] Паук A8 (2,4,8) → MINE (3,4,7)
  [Team B] Артиллерия B1 (7,8,9) → SHOOT at (3,5,4)
  [Team B] Радиовышка B2 (3,4,5) → MOVE (3,5,4)
  [Team B] Прыгун B3 (3,5,3) → SHOOT at (3,5,4)
  [Team B] Факел B4 (7,8,7) → MOVE (6,7,6)
  [Team B] Тишина B5 (4,5,4) → PHASE toggle
  [Team B] Бурав B6 (7,8,8) → MOVE (6,7,7)
  [Team B] Провокатор B7 (7,8,0) → HOLOGRAM (6,7,1)
  [Team B] Паук B8 (6,7,4) → MINE (5,6,4)
  [Team C] Тишина C5 (2,4,5) → MOVE (3,5,4)
! 🎮 GM: принудительно завершает фазу планирования
GM: end_planning
# 
============================================================
# 🔄 ОБРАБОТКА ХОДА 7
# ============================================================
   🌀 Тишина B5: фаза ВЫКЛ
!    ⚠️ Провокатор B7: клетка (6,7,1) уже занята голограммой
!    ⚠️ Паук A8: в клетке уже стоит мина
!    ⚠️ Паук B8: в клетке уже стоит мина

📦 ПЕРЕМЕЩЕНИЯ:
!    ⚠️ Радиовышка A2: клетка (3,4,5) занята
   Тишина A5: (2, 5, 1) → (3,5,2)
!    ⚠️ Радиовышка B2: клетка (3,5,4) занята
   Факел B4: (7, 8, 7) → (6,7,6)
!    ⚠️ Бурав B6: Бурав двигается только по 1 оси или по 2 осям строго диагонально
!    ⚠️ Тишина C5: клетка (3,5,4) занята

🎯 ВЫСТРЕЛЫ:
✓    ✅ Артиллерия B1 поразил Радиовышка A2 (2 урона)!
   💀 Прыгун B3 добивает Радиовышка A2
✓    ✅ Прыгун B3 поразил Радиовышка A2 (1 урона)!
   Выпущено ракет: 2
# 
📊 РЕЗУЛЬТАТЫ ХОДА 7:
✓ 💥 ПОПАДАНИЯ:
✓    Артиллерия B1 (Team B) → Радиовышка A2 (Team A)
✓    Прыгун B3 (Team B) → Радиовышка A2 (Team A)

--- Результаты хода ---
  Team B / Артиллерия B1      → Team A / Радиовышка A2      @ (3,5,4)  (УБИТ)
  Team B / Прыгун B3          → Team A / Радиовышка A2      @ (3,5,4)  (ранен)

--- Состояние команд после хода ---
  Team A: живых 2/8
    ✓ Тишина A5          @ (3,5,2) hp=2/2
    ✓ Паук A8            @ (2,4,8) hp=1/1
    ✗ Артиллерия A1      @ (2,4,1) [уничтожен]
    ✗ Радиовышка A2      @ (3,5,4) [уничтожен]
    ✗ Прыгун A3          @ (3,4,6) [уничтожен]
    ✗ Факел A4           @ (2,4,6) [уничтожен]
    ✗ Бурав A6           @ (2,6,2) [уничтожен]
    ✗ Провокатор A7      @ (2,4,7) [уничтожен]
  Team B: живых 8/8
    ✓ Артиллерия B1      @ (7,8,9) hp=1/1
    ✓ Радиовышка B2      @ (3,4,5) hp=2/3
    ✓ Прыгун B3          @ (3,5,3) hp=2/2
    ✓ Факел B4           @ (6,7,6) hp=6/6
    ✓ Тишина B5          @ (4,5,4) hp=2/2
    ✓ Бурав B6           @ (7,8,8) hp=4/4
    ✓ Провокатор B7      @ (7,8,0) hp=2/2
    ✓ Паук B8            @ (6,7,4) hp=1/1
  Team C: живых 1/8
    ✓ Тишина C5          @ (2,4,5) hp=2/2
    ✗ Артиллерия C1      @ (2,6,4) [уничтожен]
    ✗ Радиовышка C2      @ (2,6,2) [уничтожен]
    ✗ Прыгун C3          @ (2,6,0) [уничтожен]
    ✗ Факел C4           @ (2,6,8) [уничтожен]
    ✗ Бурав C6           @ (2,4,7) [уничтожен]
    ✗ Провокатор C7      @ (2,6,6) [уничтожен]
    ✗ Паук C8            @ (2,6,3) [уничтожен]

======================================================================
ХОД 8
======================================================================
✓ 🎮 GM: начинаем ход
GM: start_turn

--- Радиовышки: сканирование слоя Z ---
  Радиовышка B2 (z=5): слой чист

--- Решения ботов ---
  [Team A] Тишина A5 (3,5,2) → MOVE (3,5,3)
  [Team A] Паук A8 (2,4,8) → MINE (3,4,7)
  [Team B] Артиллерия B1 (7,8,9) → SHOOT at (2,4,8)
  [Team B] Радиовышка B2 (3,4,5) → MOVE (2,4,6)
  [Team B] Прыгун B3 (3,5,3) → MOVE (2,4,4)
  [Team B] Факел B4 (6,7,6) → MOVE (5,6,5)
  [Team B] Тишина B5 (4,5,4) → MOVE (4,4,4)
  [Team B] Бурав B6 (7,8,8) → MOVE (6,7,8)
  [Team B] Провокатор B7 (7,8,0) → MOVE (6,7,1)
  [Team B] Паук B8 (6,7,4) → MINE (5,7,5)
  [Team C] Тишина C5 (2,4,5) → MOVE (3,4,5)
! 🎮 GM: принудительно завершает фазу планирования
GM: end_planning
# 
============================================================
# 🔄 ОБРАБОТКА ХОДА 8
# ============================================================
!    ⚠️ Паук A8: в клетке уже стоит мина
   💣 Паук B8 установил мину M9 в (5,7,5)

📦 ПЕРЕМЕЩЕНИЯ:
!    ⚠️ Тишина A5: клетка (3,5,3) занята
   Радиовышка B2: (3, 4, 5) → (2,4,6)
   Прыгун B3: (3, 5, 3) → (2,4,4)
   Факел B4: (6, 7, 6) → (5,6,5)
   Тишина B5: (4, 5, 4) → (4,4,4)
   Бурав B6: (7, 8, 8) → (6,7,8)
!    ⚠️ Провокатор B7: клетка (6,7,1) занята
   Тишина C5: (2, 4, 5) → (3,4,5)

🎯 ВЫСТРЕЛЫ:
✓    ✅ Артиллерия B1 поразил Паук A8 (2 урона)!
   Выпущено ракет: 1
# 
📊 РЕЗУЛЬТАТЫ ХОДА 8:
✓ 💥 ПОПАДАНИЯ:
✓    Артиллерия B1 (Team B) → Паук A8 (Team A)

--- Результаты хода ---
  Team B / Артиллерия B1      → Team A / Паук A8            @ (2,4,8)  (УБИТ)

--- Состояние команд после хода ---
  Team A: живых 1/8
    ✓ Тишина A5          @ (3,5,2) hp=2/2
    ✗ Артиллерия A1      @ (2,4,1) [уничтожен]
    ✗ Радиовышка A2      @ (3,5,4) [уничтожен]
    ✗ Прыгун A3          @ (3,4,6) [уничтожен]
    ✗ Факел A4           @ (2,4,6) [уничтожен]
    ✗ Бурав A6           @ (2,6,2) [уничтожен]
    ✗ Провокатор A7      @ (2,4,7) [уничтожен]
    ✗ Паук A8            @ (2,4,8) [уничтожен]
  Team B: живых 8/8
    ✓ Артиллерия B1      @ (7,8,9) hp=1/1
    ✓ Радиовышка B2      @ (2,4,6) hp=2/3
    ✓ Прыгун B3          @ (2,4,4) hp=2/2
    ✓ Факел B4           @ (5,6,5) hp=6/6
    ✓ Тишина B5          @ (4,4,4) hp=2/2
    ✓ Бурав B6           @ (6,7,8) hp=4/4
    ✓ Провокатор B7      @ (7,8,0) hp=2/2
    ✓ Паук B8            @ (6,7,4) hp=1/1
  Team C: живых 1/8
    ✓ Тишина C5          @ (3,4,5) hp=2/2
    ✗ Артиллерия C1      @ (2,6,4) [уничтожен]
    ✗ Радиовышка C2      @ (2,6,2) [уничтожен]
    ✗ Прыгун C3          @ (2,6,0) [уничтожен]
    ✗ Факел C4           @ (2,6,8) [уничтожен]
    ✗ Бурав C6           @ (2,4,7) [уничтожен]
    ✗ Провокатор C7      @ (2,6,6) [уничтожен]
    ✗ Паук C8            @ (2,6,3) [уничтожен]

======================================================================
ХОД 9
======================================================================
✓ 🎮 GM: начинаем ход
GM: start_turn

--- Радиовышки: сканирование слоя Z ---
  Радиовышка B2 (z=6): слой чист

--- Решения ботов ---
  [Team A] Тишина A5 (3,5,2) → MOVE (2,4,3)
  [Team B] Артиллерия B1 (7,8,9) → SHOOT at (4,9,4)
  [Team B] Радиовышка B2 (2,4,6) → MOVE (3,5,5)
  [Team B] Прыгун B3 (2,4,4) → MOVE (3,5,4)
  [Team B] Факел B4 (5,6,5) → MOVE (4,5,6)
  [Team B] Тишина B5 (4,4,4) → MOVE (5,5,5)
  [Team B] Бурав B6 (6,7,8) → MOVE (5,6,7)
  [Team B] Провокатор B7 (7,8,0) → MOVE (6,7,1)
  [Team B] Паук B8 (6,7,4) → MOVE (6,7,5)
  [Team C] Тишина C5 (3,4,5) → MOVE (2,4,6)
! 🎮 GM: принудительно завершает фазу планирования
GM: end_planning
# 
============================================================
# 🔄 ОБРАБОТКА ХОДА 9
# ============================================================

📦 ПЕРЕМЕЩЕНИЯ:
   Тишина A5: (3, 5, 2) → (2,4,3)
   Радиовышка B2: (2, 4, 6) → (3,5,5)
   Прыгун B3: (2, 4, 4) → (3,5,4)
   Факел B4: (5, 6, 5) → (4,5,6)
   Тишина B5: (4, 4, 4) → (5,5,5)
!    ⚠️ Бурав B6: Бурав двигается только по 1 оси или по 2 осям строго диагонально
!    ⚠️ Провокатор B7: клетка (6,7,1) занята
   Паук B8: (6, 7, 4) → (6,7,5)
   Тишина C5: (3, 4, 5) → (2,4,6)

🎯 ВЫСТРЕЛЫ:
   Выпущено ракет: 1
# 
📊 РЕЗУЛЬТАТЫ ХОДА 9:
🎯 Попаданий нет

--- Результаты хода ---
  Попаданий нет

--- Состояние команд после хода ---
  Team A: живых 1/8
    ✓ Тишина A5          @ (2,4,3) hp=2/2
    ✗ Артиллерия A1      @ (2,4,1) [уничтожен]
    ✗ Радиовышка A2      @ (3,5,4) [уничтожен]
    ✗ Прыгун A3          @ (3,4,6) [уничтожен]
    ✗ Факел A4           @ (2,4,6) [уничтожен]
    ✗ Бурав A6           @ (2,6,2) [уничтожен]
    ✗ Провокатор A7      @ (2,4,7) [уничтожен]
    ✗ Паук A8            @ (2,4,8) [уничтожен]
  Team B: живых 8/8
    ✓ Артиллерия B1      @ (7,8,9) hp=1/1
    ✓ Радиовышка B2      @ (3,5,5) hp=2/3
    ✓ Прыгун B3          @ (3,5,4) hp=2/2
    ✓ Факел B4           @ (4,5,6) hp=6/6
    ✓ Тишина B5          @ (5,5,5) hp=2/2
    ✓ Бурав B6           @ (6,7,8) hp=4/4
    ✓ Провокатор B7      @ (7,8,0) hp=2/2
    ✓ Паук B8            @ (6,7,5) hp=1/1
  Team C: живых 1/8
    ✓ Тишина C5          @ (2,4,6) hp=2/2
    ✗ Артиллерия C1      @ (2,6,4) [уничтожен]
    ✗ Радиовышка C2      @ (2,6,2) [уничтожен]
    ✗ Прыгун C3          @ (2,6,0) [уничтожен]
    ✗ Факел C4           @ (2,6,8) [уничтожен]
    ✗ Бурав C6           @ (2,4,7) [уничтожен]
    ✗ Провокатор C7      @ (2,6,6) [уничтожен]
    ✗ Паук C8            @ (2,6,3) [уничтожен]

======================================================================
ХОД 10
======================================================================
✓ 🎮 GM: начинаем ход
GM: start_turn

--- Радиовышки: сканирование слоя Z ---
  Радиовышка B2 (z=5): слой чист

--- Решения ботов ---
  [Team A] Тишина A5 (2,4,3) → MOVE (3,5,4)
  [Team B] Артиллерия B1 (7,8,9) → SHOOT at (4,9,4)
  [Team B] Радиовышка B2 (3,5,5) → MOVE (4,5,5)
  [Team B] Прыгун B3 (3,5,4) → MOVE (4,5,4)
  [Team B] Факел B4 (4,5,6) → HEAL (AoE)
  [Team B] Бурав B6 (6,7,8) → MOVE (5,6,7)
  [Team B] Провокатор B7 (7,8,0) → MOVE (6,7,1)
  [Team B] Паук B8 (6,7,5) → MOVE (5,6,5)
  [Team B] Тишина B5 → SKIP
  [Team C] Тишина C5 (2,4,6) → MOVE (3,5,5)
! 🎮 GM: принудительно завершает фазу планирования
GM: end_planning
# 
============================================================
# 🔄 ОБРАБОТКА ХОДА 10
# ============================================================

📦 ПЕРЕМЕЩЕНИЯ:
!    ⚠️ Тишина A5: клетка (3,5,4) занята
   Радиовышка B2: (3, 5, 5) → (4,5,5)
   Прыгун B3: (3, 5, 4) → (4,5,4)
!    ⚠️ Бурав B6: Бурав двигается только по 1 оси или по 2 осям строго диагонально
!    ⚠️ Провокатор B7: клетка (6,7,1) занята
   Паук B8: (6, 7, 5) → (5,6,5)
   Тишина C5: (2, 4, 6) → (3,5,5)

🎯 ВЫСТРЕЛЫ:
✓    💚 Факел B4 лечит Радиовышка B2 → hits=0/3
   Выпущено ракет: 1
# 
📊 РЕЗУЛЬТАТЫ ХОДА 10:
🎯 Попаданий нет

--- Результаты хода ---
  Попаданий нет

--- Состояние команд после хода ---
  Team A: живых 1/8
    ✓ Тишина A5          @ (2,4,3) hp=2/2
    ✗ Артиллерия A1      @ (2,4,1) [уничтожен]
    ✗ Радиовышка A2      @ (3,5,4) [уничтожен]
    ✗ Прыгун A3          @ (3,4,6) [уничтожен]
    ✗ Факел A4           @ (2,4,6) [уничтожен]
    ✗ Бурав A6           @ (2,6,2) [уничтожен]
    ✗ Провокатор A7      @ (2,4,7) [уничтожен]
    ✗ Паук A8            @ (2,4,8) [уничтожен]
  Team B: живых 8/8
    ✓ Артиллерия B1      @ (7,8,9) hp=1/1
    ✓ Радиовышка B2      @ (4,5,5) hp=3/3
    ✓ Прыгун B3          @ (4,5,4) hp=2/2
    ✓ Факел B4           @ (4,5,6) hp=6/6
    ✓ Тишина B5          @ (5,5,5) hp=2/2
    ✓ Бурав B6           @ (6,7,8) hp=4/4
    ✓ Провокатор B7      @ (7,8,0) hp=2/2
    ✓ Паук B8            @ (5,6,5) hp=1/1
  Team C: живых 1/8
    ✓ Тишина C5          @ (3,5,5) hp=2/2
    ✗ Артиллерия C1      @ (2,6,4) [уничтожен]
    ✗ Радиовышка C2      @ (2,6,2) [уничтожен]
    ✗ Прыгун C3          @ (2,6,0) [уничтожен]
    ✗ Факел C4           @ (2,6,8) [уничтожен]
    ✗ Бурав C6           @ (2,4,7) [уничтожен]
    ✗ Провокатор C7      @ (2,6,6) [уничтожен]
    ✗ Паук C8            @ (2,6,3) [уничтожен]

======================================================================
ХОД 11
======================================================================
✓ 🎮 GM: начинаем ход
GM: start_turn

--- Радиовышки: сканирование слоя Z ---
  Радиовышка B2 (z=5): слой чист

--- Решения ботов ---
  [Team A] Тишина A5 (2,4,3) → MOVE (3,5,4)
  [Team B] Артиллерия B1 (7,8,9) → SHOOT at (0,0,1)
  [Team B] Прыгун B3 (4,5,4) → MOVE (5,5,4)
  [Team B] Факел B4 (4,5,6) → MOVE (5,6,7)
  [Team B] Бурав B6 (6,7,8) → MOVE (6,6,8)
  [Team B] Провокатор B7 (7,8,0) → MOVE (6,7,1)
  [Team B] Паук B8 → SKIP
  [Team B] Тишина B5 → SKIP
  [Team B] Радиовышка B2 → SKIP
  [Team C] Тишина C5 (3,5,5) → MOVE (4,5,5)
! 🎮 GM: принудительно завершает фазу планирования
GM: end_planning
# 
============================================================
# 🔄 ОБРАБОТКА ХОДА 11
# ============================================================

📦 ПЕРЕМЕЩЕНИЯ:
   Тишина A5: (2, 4, 3) → (3,5,4)
   Прыгун B3: (4, 5, 4) → (5,5,4)
   Факел B4: (4, 5, 6) → (5,6,7)
   Бурав B6: (6, 7, 8) → (6,6,8)
!    ⚠️ Провокатор B7: клетка (6,7,1) занята
!    ⚠️ Тишина C5: клетка (4,5,5) занята

🎯 ВЫСТРЕЛЫ:
   Выпущено ракет: 1
# 
📊 РЕЗУЛЬТАТЫ ХОДА 11:
🎯 Попаданий нет

--- Результаты хода ---
  Попаданий нет

--- Состояние команд после хода ---
  Team A: живых 1/8
    ✓ Тишина A5          @ (3,5,4) hp=2/2
    ✗ Артиллерия A1      @ (2,4,1) [уничтожен]
    ✗ Радиовышка A2      @ (3,5,4) [уничтожен]
    ✗ Прыгун A3          @ (3,4,6) [уничтожен]
    ✗ Факел A4           @ (2,4,6) [уничтожен]
    ✗ Бурав A6           @ (2,6,2) [уничтожен]
    ✗ Провокатор A7      @ (2,4,7) [уничтожен]
    ✗ Паук A8            @ (2,4,8) [уничтожен]
  Team B: живых 8/8
    ✓ Артиллерия B1      @ (7,8,9) hp=1/1
    ✓ Радиовышка B2      @ (4,5,5) hp=3/3
    ✓ Прыгун B3          @ (5,5,4) hp=2/2
    ✓ Факел B4           @ (5,6,7) hp=6/6
    ✓ Тишина B5          @ (5,5,5) hp=2/2
    ✓ Бурав B6           @ (6,6,8) hp=4/4
    ✓ Провокатор B7      @ (7,8,0) hp=2/2
    ✓ Паук B8            @ (5,6,5) hp=1/1
  Team C: живых 1/8
    ✓ Тишина C5          @ (3,5,5) hp=2/2
    ✗ Артиллерия C1      @ (2,6,4) [уничтожен]
    ✗ Радиовышка C2      @ (2,6,2) [уничтожен]
    ✗ Прыгун C3          @ (2,6,0) [уничтожен]
    ✗ Факел C4           @ (2,6,8) [уничтожен]
    ✗ Бурав C6           @ (2,4,7) [уничтожен]
    ✗ Провокатор C7      @ (2,6,6) [уничтожен]
    ✗ Паук C8            @ (2,6,3) [уничтожен]

======================================================================
ХОД 12
======================================================================
✓ 🎮 GM: начинаем ход
GM: start_turn

--- Радиовышки: сканирование слоя Z ---
  Радиовышка B2 (z=5): слой чист

--- Решения ботов ---
  [Team A] Тишина A5 (3,5,4) → MOVE (4,5,5)
  [Team B] Артиллерия B1 (7,8,9) → SHOOT at (7,9,4)
  [Team B] Факел B4 (5,6,7) → MOVE (6,7,8)
  [Team B] Бурав B6 (6,6,8) → MOVE (5,5,7)
  [Team B] Провокатор B7 (7,8,0) → MOVE (6,7,1)
  [Team B] Паук B8 → SKIP
  [Team B] Тишина B5 → SKIP
  [Team B] Радиовышка B2 → SKIP
  [Team B] Прыгун B3 → SKIP
  [Team C] Тишина C5 (3,5,5) → MOVE (4,5,5)
! 🎮 GM: принудительно завершает фазу планирования
GM: end_planning
# 
============================================================
# 🔄 ОБРАБОТКА ХОДА 12
# ============================================================

📦 ПЕРЕМЕЩЕНИЯ:
!    ⚠️ Тишина A5: клетка (4,5,5) занята
   Факел B4: (5, 6, 7) → (6,7,8)
!    ⚠️ Бурав B6: Бурав двигается только по 1 оси или по 2 осям строго диагонально
!    ⚠️ Провокатор B7: клетка (6,7,1) занята
!    ⚠️ Тишина C5: клетка (4,5,5) занята

🎯 ВЫСТРЕЛЫ:
   Выпущено ракет: 1
# 
📊 РЕЗУЛЬТАТЫ ХОДА 12:
🎯 Попаданий нет

--- Результаты хода ---
  Попаданий нет

--- Состояние команд после хода ---
  Team A: живых 1/8
    ✓ Тишина A5          @ (3,5,4) hp=2/2
    ✗ Артиллерия A1      @ (2,4,1) [уничтожен]
    ✗ Радиовышка A2      @ (3,5,4) [уничтожен]
    ✗ Прыгун A3          @ (3,4,6) [уничтожен]
    ✗ Факел A4           @ (2,4,6) [уничтожен]
    ✗ Бурав A6           @ (2,6,2) [уничтожен]
    ✗ Провокатор A7      @ (2,4,7) [уничтожен]
    ✗ Паук A8            @ (2,4,8) [уничтожен]
  Team B: живых 8/8
    ✓ Артиллерия B1      @ (7,8,9) hp=1/1
    ✓ Радиовышка B2      @ (4,5,5) hp=3/3
    ✓ Прыгун B3          @ (5,5,4) hp=2/2
    ✓ Факел B4           @ (6,7,8) hp=6/6
    ✓ Тишина B5          @ (5,5,5) hp=2/2
    ✓ Бурав B6           @ (6,6,8) hp=4/4
    ✓ Провокатор B7      @ (7,8,0) hp=2/2
    ✓ Паук B8            @ (5,6,5) hp=1/1
  Team C: живых 1/8
    ✓ Тишина C5          @ (3,5,5) hp=2/2
    ✗ Артиллерия C1      @ (2,6,4) [уничтожен]
    ✗ Радиовышка C2      @ (2,6,2) [уничтожен]
    ✗ Прыгун C3          @ (2,6,0) [уничтожен]
    ✗ Факел C4           @ (2,6,8) [уничтожен]
    ✗ Бурав C6           @ (2,4,7) [уничтожен]
    ✗ Провокатор C7      @ (2,6,6) [уничтожен]
    ✗ Паук C8            @ (2,6,3) [уничтожен]

======================================================================
ХОД 13
======================================================================
✓ 🎮 GM: начинаем ход
GM: start_turn

--- Радиовышки: сканирование слоя Z ---
  Радиовышка B2 (z=5): слой чист

--- Решения ботов ---
  [Team A] Тишина A5 (3,5,4) → MOVE (4,5,5)
  [Team B] Артиллерия B1 (7,8,9) → SHOOT at (4,9,4)
  [Team B] Факел B4 (6,7,8) → MOVE (7,8,8)
  [Team B] Бурав B6 (6,6,8) → MOVE (5,5,7)
  [Team B] Провокатор B7 (7,8,0) → MOVE (6,7,1)
  [Team B] Паук B8 → SKIP
  [Team B] Тишина B5 → SKIP
  [Team B] Радиовышка B2 → SKIP
  [Team B] Прыгун B3 → SKIP
  [Team C] Тишина C5 (3,5,5) → MOVE (4,5,5)
! 🎮 GM: принудительно завершает фазу планирования
GM: end_planning
# 
============================================================
# 🔄 ОБРАБОТКА ХОДА 13
# ============================================================

📦 ПЕРЕМЕЩЕНИЯ:
!    ⚠️ Тишина A5: клетка (4,5,5) занята
   Факел B4: (6, 7, 8) → (7,8,8)
!    ⚠️ Бурав B6: Бурав двигается только по 1 оси или по 2 осям строго диагонально
!    ⚠️ Провокатор B7: клетка (6,7,1) занята
!    ⚠️ Тишина C5: клетка (4,5,5) занята

🎯 ВЫСТРЕЛЫ:
   Выпущено ракет: 1
# 
📊 РЕЗУЛЬТАТЫ ХОДА 13:
🎯 Попаданий нет

--- Результаты хода ---
  Попаданий нет

--- Состояние команд после хода ---
  Team A: живых 1/8
    ✓ Тишина A5          @ (3,5,4) hp=2/2
    ✗ Артиллерия A1      @ (2,4,1) [уничтожен]
    ✗ Радиовышка A2      @ (3,5,4) [уничтожен]
    ✗ Прыгун A3          @ (3,4,6) [уничтожен]
    ✗ Факел A4           @ (2,4,6) [уничтожен]
    ✗ Бурав A6           @ (2,6,2) [уничтожен]
    ✗ Провокатор A7      @ (2,4,7) [уничтожен]
    ✗ Паук A8            @ (2,4,8) [уничтожен]
  Team B: живых 8/8
    ✓ Артиллерия B1      @ (7,8,9) hp=1/1
    ✓ Радиовышка B2      @ (4,5,5) hp=3/3
    ✓ Прыгун B3          @ (5,5,4) hp=2/2
    ✓ Факел B4           @ (7,8,8) hp=6/6
    ✓ Тишина B5          @ (5,5,5) hp=2/2
    ✓ Бурав B6           @ (6,6,8) hp=4/4
    ✓ Провокатор B7      @ (7,8,0) hp=2/2
    ✓ Паук B8            @ (5,6,5) hp=1/1
  Team C: живых 1/8
    ✓ Тишина C5          @ (3,5,5) hp=2/2
    ✗ Артиллерия C1      @ (2,6,4) [уничтожен]
    ✗ Радиовышка C2      @ (2,6,2) [уничтожен]
    ✗ Прыгун C3          @ (2,6,0) [уничтожен]
    ✗ Факел C4           @ (2,6,8) [уничтожен]
    ✗ Бурав C6           @ (2,4,7) [уничтожен]
    ✗ Провокатор C7      @ (2,6,6) [уничтожен]
    ✗ Паук C8            @ (2,6,3) [уничтожен]

======================================================================
ХОД 14
======================================================================
✓ 🎮 GM: начинаем ход
GM: start_turn

--- Радиовышки: сканирование слоя Z ---
  Радиовышка B2 (z=5): слой чист

--- Решения ботов ---
  [Team A] Тишина A5 (3,5,4) → MOVE (4,5,5)
  [Team B] Артиллерия B1 (7,8,9) → SHOOT at (4,9,5)
  [Team B] Бурав B6 (6,6,8) → MOVE (5,5,7)
  [Team B] Провокатор B7 (7,8,0) → MOVE (6,7,1)
  [Team B] Паук B8 → SKIP
  [Team B] Тишина B5 → SKIP
  [Team B] Прыгун B3 → SKIP
  [Team B] Радиовышка B2 → SKIP
  [Team B] Факел B4 → SKIP
  [Team C] Тишина C5 (3,5,5) → MOVE (4,5,5)
! 🎮 GM: принудительно завершает фазу планирования
GM: end_planning
# 
============================================================
# 🔄 ОБРАБОТКА ХОДА 14
# ============================================================

📦 ПЕРЕМЕЩЕНИЯ:
!    ⚠️ Тишина A5: клетка (4,5,5) занята
!    ⚠️ Бурав B6: Бурав двигается только по 1 оси или по 2 осям строго диагонально
!    ⚠️ Провокатор B7: клетка (6,7,1) занята
!    ⚠️ Тишина C5: клетка (4,5,5) занята

🎯 ВЫСТРЕЛЫ:
   Выпущено ракет: 1
# 
📊 РЕЗУЛЬТАТЫ ХОДА 14:
🎯 Попаданий нет

--- Результаты хода ---
  Попаданий нет

--- Состояние команд после хода ---
  Team A: живых 1/8
    ✓ Тишина A5          @ (3,5,4) hp=2/2
    ✗ Артиллерия A1      @ (2,4,1) [уничтожен]
    ✗ Радиовышка A2      @ (3,5,4) [уничтожен]
    ✗ Прыгун A3          @ (3,4,6) [уничтожен]
    ✗ Факел A4           @ (2,4,6) [уничтожен]
    ✗ Бурав A6           @ (2,6,2) [уничтожен]
    ✗ Провокатор A7      @ (2,4,7) [уничтожен]
    ✗ Паук A8            @ (2,4,8) [уничтожен]
  Team B: живых 8/8
    ✓ Артиллерия B1      @ (7,8,9) hp=1/1
    ✓ Радиовышка B2      @ (4,5,5) hp=3/3
    ✓ Прыгун B3          @ (5,5,4) hp=2/2
    ✓ Факел B4           @ (7,8,8) hp=6/6
    ✓ Тишина B5          @ (5,5,5) hp=2/2
    ✓ Бурав B6           @ (6,6,8) hp=4/4
    ✓ Провокатор B7      @ (7,8,0) hp=2/2
    ✓ Паук B8            @ (5,6,5) hp=1/1
  Team C: живых 1/8
    ✓ Тишина C5          @ (3,5,5) hp=2/2
    ✗ Артиллерия C1      @ (2,6,4) [уничтожен]
    ✗ Радиовышка C2      @ (2,6,2) [уничтожен]
    ✗ Прыгун C3          @ (2,6,0) [уничтожен]
    ✗ Факел C4           @ (2,6,8) [уничтожен]
    ✗ Бурав C6           @ (2,4,7) [уничтожен]
    ✗ Провокатор C7      @ (2,6,6) [уничтожен]
    ✗ Паук C8            @ (2,6,3) [уничтожен]

======================================================================
ХОД 15
======================================================================
✓ 🎮 GM: начинаем ход
GM: start_turn

--- Радиовышки: сканирование слоя Z ---
  Радиовышка B2 (z=5): слой чист

--- Решения ботов ---
  [Team A] Тишина A5 (3,5,4) → MOVE (4,5,5)
  [Team B] Артиллерия B1 (7,8,9) → SHOOT at (0,5,0)
  [Team B] Бурав B6 (6,6,8) → MOVE (5,5,7)
  [Team B] Провокатор B7 (7,8,0) → MOVE (6,7,1)
  [Team B] Паук B8 → SKIP
  [Team B] Тишина B5 → SKIP
  [Team B] Прыгун B3 → SKIP
  [Team B] Радиовышка B2 → SKIP
  [Team B] Факел B4 → SKIP
  [Team C] Тишина C5 (3,5,5) → MOVE (4,5,5)
! 🎮 GM: принудительно завершает фазу планирования
GM: end_planning
# 
============================================================
# 🔄 ОБРАБОТКА ХОДА 15
# ============================================================

📦 ПЕРЕМЕЩЕНИЯ:
!    ⚠️ Тишина A5: клетка (4,5,5) занята
!    ⚠️ Бурав B6: Бурав двигается только по 1 оси или по 2 осям строго диагонально
!    ⚠️ Провокатор B7: клетка (6,7,1) занята
!    ⚠️ Тишина C5: клетка (4,5,5) занята

🎯 ВЫСТРЕЛЫ:
   Выпущено ракет: 1
# 
📊 РЕЗУЛЬТАТЫ ХОДА 15:
🎯 Попаданий нет

--- Результаты хода ---
  Попаданий нет

--- Состояние команд после хода ---
  Team A: живых 1/8
    ✓ Тишина A5          @ (3,5,4) hp=2/2
    ✗ Артиллерия A1      @ (2,4,1) [уничтожен]
    ✗ Радиовышка A2      @ (3,5,4) [уничтожен]
    ✗ Прыгун A3          @ (3,4,6) [уничтожен]
    ✗ Факел A4           @ (2,4,6) [уничтожен]
    ✗ Бурав A6           @ (2,6,2) [уничтожен]
    ✗ Провокатор A7      @ (2,4,7) [уничтожен]
    ✗ Паук A8            @ (2,4,8) [уничтожен]
  Team B: живых 8/8
    ✓ Артиллерия B1      @ (7,8,9) hp=1/1
    ✓ Радиовышка B2      @ (4,5,5) hp=3/3
    ✓ Прыгун B3          @ (5,5,4) hp=2/2
    ✓ Факел B4           @ (7,8,8) hp=6/6
    ✓ Тишина B5          @ (5,5,5) hp=2/2
    ✓ Бурав B6           @ (6,6,8) hp=4/4
    ✓ Провокатор B7      @ (7,8,0) hp=2/2
    ✓ Паук B8            @ (5,6,5) hp=1/1
  Team C: живых 1/8
    ✓ Тишина C5          @ (3,5,5) hp=2/2
    ✗ Артиллерия C1      @ (2,6,4) [уничтожен]
    ✗ Радиовышка C2      @ (2,6,2) [уничтожен]
    ✗ Прыгун C3          @ (2,6,0) [уничтожен]
    ✗ Факел C4           @ (2,6,8) [уничтожен]
    ✗ Бурав C6           @ (2,4,7) [уничтожен]
    ✗ Провокатор C7      @ (2,6,6) [уничтожен]
    ✗ Паук C8            @ (2,6,3) [уничтожен]

======================================================================
ХОД 16
======================================================================
✓ 🎮 GM: начинаем ход
GM: start_turn

--- Радиовышки: сканирование слоя Z ---
  Радиовышка B2 (z=5): слой чист

--- Решения ботов ---
  [Team A] Тишина A5 (3,5,4) → MOVE (4,5,5)
  [Team B] Артиллерия B1 (7,8,9) → SHOOT at (4,9,4)
  [Team B] Бурав B6 (6,6,8) → MOVE (5,5,7)
  [Team B] Провокатор B7 (7,8,0) → MOVE (6,7,1)
  [Team B] Паук B8 → SKIP
  [Team B] Тишина B5 → SKIP
  [Team B] Прыгун B3 → SKIP
  [Team B] Радиовышка B2 → SKIP
  [Team B] Факел B4 → SKIP
  [Team C] Тишина C5 (3,5,5) → MOVE (4,5,5)
! 🎮 GM: принудительно завершает фазу планирования
GM: end_planning
# 
============================================================
# 🔄 ОБРАБОТКА ХОДА 16
# ============================================================

📦 ПЕРЕМЕЩЕНИЯ:
!    ⚠️ Тишина A5: клетка (4,5,5) занята
!    ⚠️ Бурав B6: Бурав двигается только по 1 оси или по 2 осям строго диагонально
!    ⚠️ Провокатор B7: клетка (6,7,1) занята
!    ⚠️ Тишина C5: клетка (4,5,5) занята

🎯 ВЫСТРЕЛЫ:
   Выпущено ракет: 1
# 
📊 РЕЗУЛЬТАТЫ ХОДА 16:
🎯 Попаданий нет

--- Результаты хода ---
  Попаданий нет

--- Состояние команд после хода ---
  Team A: живых 1/8
    ✓ Тишина A5          @ (3,5,4) hp=2/2
    ✗ Артиллерия A1      @ (2,4,1) [уничтожен]
    ✗ Радиовышка A2      @ (3,5,4) [уничтожен]
    ✗ Прыгун A3          @ (3,4,6) [уничтожен]
    ✗ Факел A4           @ (2,4,6) [уничтожен]
    ✗ Бурав A6           @ (2,6,2) [уничтожен]
    ✗ Провокатор A7      @ (2,4,7) [уничтожен]
    ✗ Паук A8            @ (2,4,8) [уничтожен]
  Team B: живых 8/8
    ✓ Артиллерия B1      @ (7,8,9) hp=1/1
    ✓ Радиовышка B2      @ (4,5,5) hp=3/3
    ✓ Прыгун B3          @ (5,5,4) hp=2/2
    ✓ Факел B4           @ (7,8,8) hp=6/6
    ✓ Тишина B5          @ (5,5,5) hp=2/2
    ✓ Бурав B6           @ (6,6,8) hp=4/4
    ✓ Провокатор B7      @ (7,8,0) hp=2/2
    ✓ Паук B8            @ (5,6,5) hp=1/1
  Team C: живых 1/8
    ✓ Тишина C5          @ (3,5,5) hp=2/2
    ✗ Артиллерия C1      @ (2,6,4) [уничтожен]
    ✗ Радиовышка C2      @ (2,6,2) [уничтожен]
    ✗ Прыгун C3          @ (2,6,0) [уничтожен]
    ✗ Факел C4           @ (2,6,8) [уничтожен]
    ✗ Бурав C6           @ (2,4,7) [уничтожен]
    ✗ Провокатор C7      @ (2,6,6) [уничтожен]
    ✗ Паук C8            @ (2,6,3) [уничтожен]

======================================================================
ХОД 17
======================================================================
✓ 🎮 GM: начинаем ход
GM: start_turn

--- Радиовышки: сканирование слоя Z ---
  Радиовышка B2 (z=5): слой чист

--- Решения ботов ---
  [Team A] Тишина A5 (3,5,4) → MOVE (4,5,5)
  [Team B] Артиллерия B1 (7,8,9) → SHOOT at (7,9,5)
  [Team B] Бурав B6 (6,6,8) → MOVE (5,5,7)
  [Team B] Провокатор B7 (7,8,0) → MOVE (6,7,1)
  [Team B] Паук B8 → SKIP
  [Team B] Тишина B5 → SKIP
  [Team B] Прыгун B3 → SKIP
  [Team B] Радиовышка B2 → SKIP
  [Team B] Факел B4 → SKIP
  [Team C] Тишина C5 (3,5,5) → MOVE (4,5,5)
! 🎮 GM: принудительно завершает фазу планирования
GM: end_planning
# 
============================================================
# 🔄 ОБРАБОТКА ХОДА 17
# ============================================================

📦 ПЕРЕМЕЩЕНИЯ:
!    ⚠️ Тишина A5: клетка (4,5,5) занята
!    ⚠️ Бурав B6: Бурав двигается только по 1 оси или по 2 осям строго диагонально
!    ⚠️ Провокатор B7: клетка (6,7,1) занята
!    ⚠️ Тишина C5: клетка (4,5,5) занята

🎯 ВЫСТРЕЛЫ:
   Выпущено ракет: 1
# 
📊 РЕЗУЛЬТАТЫ ХОДА 17:
🎯 Попаданий нет

--- Результаты хода ---
  Попаданий нет

--- Состояние команд после хода ---
  Team A: живых 1/8
    ✓ Тишина A5          @ (3,5,4) hp=2/2
    ✗ Артиллерия A1      @ (2,4,1) [уничтожен]
    ✗ Радиовышка A2      @ (3,5,4) [уничтожен]
    ✗ Прыгун A3          @ (3,4,6) [уничтожен]
    ✗ Факел A4           @ (2,4,6) [уничтожен]
    ✗ Бурав A6           @ (2,6,2) [уничтожен]
    ✗ Провокатор A7      @ (2,4,7) [уничтожен]
    ✗ Паук A8            @ (2,4,8) [уничтожен]
  Team B: живых 8/8
    ✓ Артиллерия B1      @ (7,8,9) hp=1/1
    ✓ Радиовышка B2      @ (4,5,5) hp=3/3
    ✓ Прыгун B3          @ (5,5,4) hp=2/2
    ✓ Факел B4           @ (7,8,8) hp=6/6
    ✓ Тишина B5          @ (5,5,5) hp=2/2
    ✓ Бурав B6           @ (6,6,8) hp=4/4
    ✓ Провокатор B7      @ (7,8,0) hp=2/2
    ✓ Паук B8            @ (5,6,5) hp=1/1
  Team C: живых 1/8
    ✓ Тишина C5          @ (3,5,5) hp=2/2
    ✗ Артиллерия C1      @ (2,6,4) [уничтожен]
    ✗ Радиовышка C2      @ (2,6,2) [уничтожен]
    ✗ Прыгун C3          @ (2,6,0) [уничтожен]
    ✗ Факел C4           @ (2,6,8) [уничтожен]
    ✗ Бурав C6           @ (2,4,7) [уничтожен]
    ✗ Провокатор C7      @ (2,6,6) [уничтожен]
    ✗ Паук C8            @ (2,6,3) [уничтожен]

======================================================================
ХОД 18
======================================================================
✓ 🎮 GM: начинаем ход
GM: start_turn

--- Радиовышки: сканирование слоя Z ---
  Радиовышка B2 (z=5): слой чист

--- Решения ботов ---
  [Team A] Тишина A5 (3,5,4) → MOVE (4,5,5)
  [Team B] Артиллерия B1 (7,8,9) → SHOOT at (4,9,4)
  [Team B] Бурав B6 (6,6,8) → MOVE (5,5,7)
  [Team B] Провокатор B7 (7,8,0) → MOVE (6,7,1)
  [Team B] Паук B8 → SKIP
  [Team B] Тишина B5 → SKIP
  [Team B] Прыгун B3 → SKIP
  [Team B] Радиовышка B2 → SKIP
  [Team B] Факел B4 → SKIP
  [Team C] Тишина C5 (3,5,5) → MOVE (4,5,5)
! 🎮 GM: принудительно завершает фазу планирования
GM: end_planning
# 
============================================================
# 🔄 ОБРАБОТКА ХОДА 18
# ============================================================

📦 ПЕРЕМЕЩЕНИЯ:
!    ⚠️ Тишина A5: клетка (4,5,5) занята
!    ⚠️ Бурав B6: Бурав двигается только по 1 оси или по 2 осям строго диагонально
!    ⚠️ Провокатор B7: клетка (6,7,1) занята
!    ⚠️ Тишина C5: клетка (4,5,5) занята

🎯 ВЫСТРЕЛЫ:
   Выпущено ракет: 1
# 
📊 РЕЗУЛЬТАТЫ ХОДА 18:
🎯 Попаданий нет

--- Результаты хода ---
  Попаданий нет

--- Состояние команд после хода ---
  Team A: живых 1/8
    ✓ Тишина A5          @ (3,5,4) hp=2/2
    ✗ Артиллерия A1      @ (2,4,1) [уничтожен]
    ✗ Радиовышка A2      @ (3,5,4) [уничтожен]
    ✗ Прыгун A3          @ (3,4,6) [уничтожен]
    ✗ Факел A4           @ (2,4,6) [уничтожен]
    ✗ Бурав A6           @ (2,6,2) [уничтожен]
    ✗ Провокатор A7      @ (2,4,7) [уничтожен]
    ✗ Паук A8            @ (2,4,8) [уничтожен]
  Team B: живых 8/8
    ✓ Артиллерия B1      @ (7,8,9) hp=1/1
    ✓ Радиовышка B2      @ (4,5,5) hp=3/3
    ✓ Прыгун B3          @ (5,5,4) hp=2/2
    ✓ Факел B4           @ (7,8,8) hp=6/6
    ✓ Тишина B5          @ (5,5,5) hp=2/2
    ✓ Бурав B6           @ (6,6,8) hp=4/4
    ✓ Провокатор B7      @ (7,8,0) hp=2/2
    ✓ Паук B8            @ (5,6,5) hp=1/1
  Team C: живых 1/8
    ✓ Тишина C5          @ (3,5,5) hp=2/2
    ✗ Артиллерия C1      @ (2,6,4) [уничтожен]
    ✗ Радиовышка C2      @ (2,6,2) [уничтожен]
    ✗ Прыгун C3          @ (2,6,0) [уничтожен]
    ✗ Факел C4           @ (2,6,8) [уничтожен]
    ✗ Бурав C6           @ (2,4,7) [уничтожен]
    ✗ Провокатор C7      @ (2,6,6) [уничтожен]
    ✗ Паук C8            @ (2,6,3) [уничтожен]

======================================================================
ХОД 19
======================================================================
✓ 🎮 GM: начинаем ход
GM: start_turn

--- Радиовышки: сканирование слоя Z ---
  Радиовышка B2 (z=5): слой чист

--- Решения ботов ---
  [Team A] Тишина A5 (3,5,4) → MOVE (4,5,5)
  [Team B] Артиллерия B1 (7,8,9) → SHOOT at (0,5,0)
  [Team B] Бурав B6 (6,6,8) → MOVE (5,5,7)
  [Team B] Провокатор B7 (7,8,0) → MOVE (6,7,1)
  [Team B] Паук B8 → SKIP
  [Team B] Тишина B5 → SKIP
  [Team B] Прыгун B3 → SKIP
  [Team B] Радиовышка B2 → SKIP
  [Team B] Факел B4 → SKIP
  [Team C] Тишина C5 (3,5,5) → MOVE (4,5,5)
! 🎮 GM: принудительно завершает фазу планирования
GM: end_planning
# 
============================================================
# 🔄 ОБРАБОТКА ХОДА 19
# ============================================================

📦 ПЕРЕМЕЩЕНИЯ:
!    ⚠️ Тишина A5: клетка (4,5,5) занята
!    ⚠️ Бурав B6: Бурав двигается только по 1 оси или по 2 осям строго диагонально
!    ⚠️ Провокатор B7: клетка (6,7,1) занята
!    ⚠️ Тишина C5: клетка (4,5,5) занята

🎯 ВЫСТРЕЛЫ:
   Выпущено ракет: 1
# 
📊 РЕЗУЛЬТАТЫ ХОДА 19:
🎯 Попаданий нет

--- Результаты хода ---
  Попаданий нет

--- Состояние команд после хода ---
  Team A: живых 1/8
    ✓ Тишина A5          @ (3,5,4) hp=2/2
    ✗ Артиллерия A1      @ (2,4,1) [уничтожен]
    ✗ Радиовышка A2      @ (3,5,4) [уничтожен]
    ✗ Прыгун A3          @ (3,4,6) [уничтожен]
    ✗ Факел A4           @ (2,4,6) [уничтожен]
    ✗ Бурав A6           @ (2,6,2) [уничтожен]
    ✗ Провокатор A7      @ (2,4,7) [уничтожен]
    ✗ Паук A8            @ (2,4,8) [уничтожен]
  Team B: живых 8/8
    ✓ Артиллерия B1      @ (7,8,9) hp=1/1
    ✓ Радиовышка B2      @ (4,5,5) hp=3/3
    ✓ Прыгун B3          @ (5,5,4) hp=2/2
    ✓ Факел B4           @ (7,8,8) hp=6/6
    ✓ Тишина B5          @ (5,5,5) hp=2/2
    ✓ Бурав B6           @ (6,6,8) hp=4/4
    ✓ Провокатор B7      @ (7,8,0) hp=2/2
    ✓ Паук B8            @ (5,6,5) hp=1/1
  Team C: живых 1/8
    ✓ Тишина C5          @ (3,5,5) hp=2/2
    ✗ Артиллерия C1      @ (2,6,4) [уничтожен]
    ✗ Радиовышка C2      @ (2,6,2) [уничтожен]
    ✗ Прыгун C3          @ (2,6,0) [уничтожен]
    ✗ Факел C4           @ (2,6,8) [уничтожен]
    ✗ Бурав C6           @ (2,4,7) [уничтожен]
    ✗ Провокатор C7      @ (2,6,6) [уничтожен]
    ✗ Паук C8            @ (2,6,3) [уничтожен]

======================================================================
ХОД 20
======================================================================
✓ 🎮 GM: начинаем ход
GM: start_turn

--- Радиовышки: сканирование слоя Z ---
  Радиовышка B2 (z=5): слой чист

--- Решения ботов ---
  [Team A] Тишина A5 (3,5,4) → MOVE (4,5,5)
  [Team B] Артиллерия B1 (7,8,9) → SHOOT at (0,0,0)
  [Team B] Бурав B6 (6,6,8) → MOVE (5,5,7)
  [Team B] Провокатор B7 (7,8,0) → MOVE (6,7,1)
  [Team B] Паук B8 → SKIP
  [Team B] Тишина B5 → SKIP
  [Team B] Прыгун B3 → SKIP
  [Team B] Радиовышка B2 → SKIP
  [Team B] Факел B4 → SKIP
  [Team C] Тишина C5 (3,5,5) → MOVE (4,5,5)
! 🎮 GM: принудительно завершает фазу планирования
GM: end_planning
# 
============================================================
# 🔄 ОБРАБОТКА ХОДА 20
# ============================================================

📦 ПЕРЕМЕЩЕНИЯ:
!    ⚠️ Тишина A5: клетка (4,5,5) занята
!    ⚠️ Бурав B6: Бурав двигается только по 1 оси или по 2 осям строго диагонально
!    ⚠️ Провокатор B7: клетка (6,7,1) занята
!    ⚠️ Тишина C5: клетка (4,5,5) занята

🎯 ВЫСТРЕЛЫ:
   Выпущено ракет: 1
# 
📊 РЕЗУЛЬТАТЫ ХОДА 20:
🎯 Попаданий нет

--- Результаты хода ---
  Попаданий нет

--- Состояние команд после хода ---
  Team A: живых 1/8
    ✓ Тишина A5          @ (3,5,4) hp=2/2
    ✗ Артиллерия A1      @ (2,4,1) [уничтожен]
    ✗ Радиовышка A2      @ (3,5,4) [уничтожен]
    ✗ Прыгун A3          @ (3,4,6) [уничтожен]
    ✗ Факел A4           @ (2,4,6) [уничтожен]
    ✗ Бурав A6           @ (2,6,2) [уничтожен]
    ✗ Провокатор A7      @ (2,4,7) [уничтожен]
    ✗ Паук A8            @ (2,4,8) [уничтожен]
  Team B: живых 8/8
    ✓ Артиллерия B1      @ (7,8,9) hp=1/1
    ✓ Радиовышка B2      @ (4,5,5) hp=3/3
    ✓ Прыгун B3          @ (5,5,4) hp=2/2
    ✓ Факел B4           @ (7,8,8) hp=6/6
    ✓ Тишина B5          @ (5,5,5) hp=2/2
    ✓ Бурав B6           @ (6,6,8) hp=4/4
    ✓ Провокатор B7      @ (7,8,0) hp=2/2
    ✓ Паук B8            @ (5,6,5) hp=1/1
  Team C: живых 1/8
    ✓ Тишина C5          @ (3,5,5) hp=2/2
    ✗ Артиллерия C1      @ (2,6,4) [уничтожен]
    ✗ Радиовышка C2      @ (2,6,2) [уничтожен]
    ✗ Прыгун C3          @ (2,6,0) [уничтожен]
    ✗ Факел C4           @ (2,6,8) [уничтожен]
    ✗ Бурав C6           @ (2,4,7) [уничтожен]
    ✗ Провокатор C7      @ (2,6,6) [уничтожен]
    ✗ Паук C8            @ (2,6,3) [уничтожен]

======================================================================
ХОД 21
======================================================================
✓ 🎮 GM: начинаем ход
GM: start_turn

--- Радиовышки: сканирование слоя Z ---
  Радиовышка B2 (z=5): слой чист

--- Решения ботов ---
  [Team A] Тишина A5 (3,5,4) → MOVE (4,5,5)
  [Team B] Артиллерия B1 (7,8,9) → SHOOT at (4,9,4)
  [Team B] Бурав B6 (6,6,8) → MOVE (5,5,7)
  [Team B] Провокатор B7 (7,8,0) → MOVE (6,7,1)
  [Team B] Паук B8 → SKIP
  [Team B] Тишина B5 → SKIP
  [Team B] Прыгун B3 → SKIP
  [Team B] Радиовышка B2 → SKIP
  [Team B] Факел B4 → SKIP
  [Team C] Тишина C5 (3,5,5) → MOVE (4,5,5)
! 🎮 GM: принудительно завершает фазу планирования
GM: end_planning
# 
============================================================
# 🔄 ОБРАБОТКА ХОДА 21
# ============================================================

📦 ПЕРЕМЕЩЕНИЯ:
!    ⚠️ Тишина A5: клетка (4,5,5) занята
!    ⚠️ Бурав B6: Бурав двигается только по 1 оси или по 2 осям строго диагонально
!    ⚠️ Провокатор B7: клетка (6,7,1) занята
!    ⚠️ Тишина C5: клетка (4,5,5) занята

🎯 ВЫСТРЕЛЫ:
   Выпущено ракет: 1
# 
📊 РЕЗУЛЬТАТЫ ХОДА 21:
🎯 Попаданий нет

--- Результаты хода ---
  Попаданий нет

--- Состояние команд после хода ---
  Team A: живых 1/8
    ✓ Тишина A5          @ (3,5,4) hp=2/2
    ✗ Артиллерия A1      @ (2,4,1) [уничтожен]
    ✗ Радиовышка A2      @ (3,5,4) [уничтожен]
    ✗ Прыгун A3          @ (3,4,6) [уничтожен]
    ✗ Факел A4           @ (2,4,6) [уничтожен]
    ✗ Бурав A6           @ (2,6,2) [уничтожен]
    ✗ Провокатор A7      @ (2,4,7) [уничтожен]
    ✗ Паук A8            @ (2,4,8) [уничтожен]
  Team B: живых 8/8
    ✓ Артиллерия B1      @ (7,8,9) hp=1/1
    ✓ Радиовышка B2      @ (4,5,5) hp=3/3
    ✓ Прыгун B3          @ (5,5,4) hp=2/2
    ✓ Факел B4           @ (7,8,8) hp=6/6
    ✓ Тишина B5          @ (5,5,5) hp=2/2
    ✓ Бурав B6           @ (6,6,8) hp=4/4
    ✓ Провокатор B7      @ (7,8,0) hp=2/2
    ✓ Паук B8            @ (5,6,5) hp=1/1
  Team C: живых 1/8
    ✓ Тишина C5          @ (3,5,5) hp=2/2
    ✗ Артиллерия C1      @ (2,6,4) [уничтожен]
    ✗ Радиовышка C2      @ (2,6,2) [уничтожен]
    ✗ Прыгун C3          @ (2,6,0) [уничтожен]
    ✗ Факел C4           @ (2,6,8) [уничтожен]
    ✗ Бурав C6           @ (2,4,7) [уничтожен]
    ✗ Провокатор C7      @ (2,6,6) [уничтожен]
    ✗ Паук C8            @ (2,6,3) [уничтожен]

======================================================================
ХОД 22
======================================================================
✓ 🎮 GM: начинаем ход
GM: start_turn

--- Радиовышки: сканирование слоя Z ---
  Радиовышка B2 (z=5): слой чист

--- Решения ботов ---
  [Team A] Тишина A5 (3,5,4) → MOVE (4,5,5)
  [Team B] Артиллерия B1 (7,8,9) → SHOOT at (0,0,1)
  [Team B] Бурав B6 (6,6,8) → MOVE (5,5,7)
  [Team B] Провокатор B7 (7,8,0) → MOVE (6,7,1)
  [Team B] Паук B8 → SKIP
  [Team B] Тишина B5 → SKIP
  [Team B] Прыгун B3 → SKIP
  [Team B] Радиовышка B2 → SKIP
  [Team B] Факел B4 → SKIP
  [Team C] Тишина C5 (3,5,5) → MOVE (4,5,5)
! 🎮 GM: принудительно завершает фазу планирования
GM: end_planning
# 
============================================================
# 🔄 ОБРАБОТКА ХОДА 22
# ============================================================

📦 ПЕРЕМЕЩЕНИЯ:
!    ⚠️ Тишина A5: клетка (4,5,5) занята
!    ⚠️ Бурав B6: Бурав двигается только по 1 оси или по 2 осям строго диагонально
!    ⚠️ Провокатор B7: клетка (6,7,1) занята
!    ⚠️ Тишина C5: клетка (4,5,5) занята

🎯 ВЫСТРЕЛЫ:
   Выпущено ракет: 1
# 
📊 РЕЗУЛЬТАТЫ ХОДА 22:
🎯 Попаданий нет

--- Результаты хода ---
  Попаданий нет

--- Состояние команд после хода ---
  Team A: живых 1/8
    ✓ Тишина A5          @ (3,5,4) hp=2/2
    ✗ Артиллерия A1      @ (2,4,1) [уничтожен]
    ✗ Радиовышка A2      @ (3,5,4) [уничтожен]
    ✗ Прыгун A3          @ (3,4,6) [уничтожен]
    ✗ Факел A4           @ (2,4,6) [уничтожен]
    ✗ Бурав A6           @ (2,6,2) [уничтожен]
    ✗ Провокатор A7      @ (2,4,7) [уничтожен]
    ✗ Паук A8            @ (2,4,8) [уничтожен]
  Team B: живых 8/8
    ✓ Артиллерия B1      @ (7,8,9) hp=1/1
    ✓ Радиовышка B2      @ (4,5,5) hp=3/3
    ✓ Прыгун B3          @ (5,5,4) hp=2/2
    ✓ Факел B4           @ (7,8,8) hp=6/6
    ✓ Тишина B5          @ (5,5,5) hp=2/2
    ✓ Бурав B6           @ (6,6,8) hp=4/4
    ✓ Провокатор B7      @ (7,8,0) hp=2/2
    ✓ Паук B8            @ (5,6,5) hp=1/1
  Team C: живых 1/8
    ✓ Тишина C5          @ (3,5,5) hp=2/2
    ✗ Артиллерия C1      @ (2,6,4) [уничтожен]
    ✗ Радиовышка C2      @ (2,6,2) [уничтожен]
    ✗ Прыгун C3          @ (2,6,0) [уничтожен]
    ✗ Факел C4           @ (2,6,8) [уничтожен]
    ✗ Бурав C6           @ (2,4,7) [уничтожен]
    ✗ Провокатор C7      @ (2,6,6) [уничтожен]
    ✗ Паук C8            @ (2,6,3) [уничтожен]

======================================================================
ХОД 23
======================================================================
✓ 🎮 GM: начинаем ход
GM: start_turn

--- Радиовышки: сканирование слоя Z ---
  Радиовышка B2 (z=5): слой чист

--- Решения ботов ---
  [Team A] Тишина A5 (3,5,4) → MOVE (4,5,5)
  [Team B] Артиллерия B1 (7,8,9) → SHOOT at (0,0,1)
  [Team B] Бурав B6 (6,6,8) → MOVE (5,5,7)
  [Team B] Провокатор B7 (7,8,0) → MOVE (6,7,1)
  [Team B] Паук B8 → SKIP
  [Team B] Тишина B5 → SKIP
  [Team B] Прыгун B3 → SKIP
  [Team B] Радиовышка B2 → SKIP
  [Team B] Факел B4 → SKIP
  [Team C] Тишина C5 (3,5,5) → MOVE (4,5,5)
! 🎮 GM: принудительно завершает фазу планирования
GM: end_planning
# 
============================================================
# 🔄 ОБРАБОТКА ХОДА 23
# ============================================================

📦 ПЕРЕМЕЩЕНИЯ:
!    ⚠️ Тишина A5: клетка (4,5,5) занята
!    ⚠️ Бурав B6: Бурав двигается только по 1 оси или по 2 осям строго диагонально
!    ⚠️ Провокатор B7: клетка (6,7,1) занята
!    ⚠️ Тишина C5: клетка (4,5,5) занята

🎯 ВЫСТРЕЛЫ:
   Выпущено ракет: 1
# 
📊 РЕЗУЛЬТАТЫ ХОДА 23:
🎯 Попаданий нет

--- Результаты хода ---
  Попаданий нет

--- Состояние команд после хода ---
  Team A: живых 1/8
    ✓ Тишина A5          @ (3,5,4) hp=2/2
    ✗ Артиллерия A1      @ (2,4,1) [уничтожен]
    ✗ Радиовышка A2      @ (3,5,4) [уничтожен]
    ✗ Прыгун A3          @ (3,4,6) [уничтожен]
    ✗ Факел A4           @ (2,4,6) [уничтожен]
    ✗ Бурав A6           @ (2,6,2) [уничтожен]
    ✗ Провокатор A7      @ (2,4,7) [уничтожен]
    ✗ Паук A8            @ (2,4,8) [уничтожен]
  Team B: живых 8/8
    ✓ Артиллерия B1      @ (7,8,9) hp=1/1
    ✓ Радиовышка B2      @ (4,5,5) hp=3/3
    ✓ Прыгун B3          @ (5,5,4) hp=2/2
    ✓ Факел B4           @ (7,8,8) hp=6/6
    ✓ Тишина B5          @ (5,5,5) hp=2/2
    ✓ Бурав B6           @ (6,6,8) hp=4/4
    ✓ Провокатор B7      @ (7,8,0) hp=2/2
    ✓ Паук B8            @ (5,6,5) hp=1/1
  Team C: живых 1/8
    ✓ Тишина C5          @ (3,5,5) hp=2/2
    ✗ Артиллерия C1      @ (2,6,4) [уничтожен]
    ✗ Радиовышка C2      @ (2,6,2) [уничтожен]
    ✗ Прыгун C3          @ (2,6,0) [уничтожен]
    ✗ Факел C4           @ (2,6,8) [уничтожен]
    ✗ Бурав C6           @ (2,4,7) [уничтожен]
    ✗ Провокатор C7      @ (2,6,6) [уничтожен]
    ✗ Паук C8            @ (2,6,3) [уничтожен]

======================================================================
ХОД 24
======================================================================
✓ 🎮 GM: начинаем ход
GM: start_turn

--- Радиовышки: сканирование слоя Z ---
  Радиовышка B2 (z=5): слой чист

--- Решения ботов ---
  [Team A] Тишина A5 (3,5,4) → MOVE (4,5,5)
  [Team B] Артиллерия B1 (7,8,9) → SHOOT at (0,0,0)
  [Team B] Бурав B6 (6,6,8) → MOVE (5,5,7)
  [Team B] Провокатор B7 (7,8,0) → MOVE (6,7,1)
  [Team B] Паук B8 → SKIP
  [Team B] Тишина B5 → SKIP
  [Team B] Прыгун B3 → SKIP
  [Team B] Радиовышка B2 → SKIP
  [Team B] Факел B4 → SKIP
  [Team C] Тишина C5 (3,5,5) → MOVE (4,5,5)
! 🎮 GM: принудительно завершает фазу планирования
GM: end_planning
# 
============================================================
# 🔄 ОБРАБОТКА ХОДА 24
# ============================================================

📦 ПЕРЕМЕЩЕНИЯ:
!    ⚠️ Тишина A5: клетка (4,5,5) занята
!    ⚠️ Бурав B6: Бурав двигается только по 1 оси или по 2 осям строго диагонально
!    ⚠️ Провокатор B7: клетка (6,7,1) занята
!    ⚠️ Тишина C5: клетка (4,5,5) занята

🎯 ВЫСТРЕЛЫ:
   Выпущено ракет: 1
# 
📊 РЕЗУЛЬТАТЫ ХОДА 24:
🎯 Попаданий нет

--- Результаты хода ---
  Попаданий нет

--- Состояние команд после хода ---
  Team A: живых 1/8
    ✓ Тишина A5          @ (3,5,4) hp=2/2
    ✗ Артиллерия A1      @ (2,4,1) [уничтожен]
    ✗ Радиовышка A2      @ (3,5,4) [уничтожен]
    ✗ Прыгун A3          @ (3,4,6) [уничтожен]
    ✗ Факел A4           @ (2,4,6) [уничтожен]
    ✗ Бурав A6           @ (2,6,2) [уничтожен]
    ✗ Провокатор A7      @ (2,4,7) [уничтожен]
    ✗ Паук A8            @ (2,4,8) [уничтожен]
  Team B: живых 8/8
    ✓ Артиллерия B1      @ (7,8,9) hp=1/1
    ✓ Радиовышка B2      @ (4,5,5) hp=3/3
    ✓ Прыгун B3          @ (5,5,4) hp=2/2
    ✓ Факел B4           @ (7,8,8) hp=6/6
    ✓ Тишина B5          @ (5,5,5) hp=2/2
    ✓ Бурав B6           @ (6,6,8) hp=4/4
    ✓ Провокатор B7      @ (7,8,0) hp=2/2
    ✓ Паук B8            @ (5,6,5) hp=1/1
  Team C: живых 1/8
    ✓ Тишина C5          @ (3,5,5) hp=2/2
    ✗ Артиллерия C1      @ (2,6,4) [уничтожен]
    ✗ Радиовышка C2      @ (2,6,2) [уничтожен]
    ✗ Прыгун C3          @ (2,6,0) [уничтожен]
    ✗ Факел C4           @ (2,6,8) [уничтожен]
    ✗ Бурав C6           @ (2,4,7) [уничтожен]
    ✗ Провокатор C7      @ (2,6,6) [уничтожен]
    ✗ Паук C8            @ (2,6,3) [уничтожен]

======================================================================
ХОД 25
======================================================================
✓ 🎮 GM: начинаем ход
GM: start_turn

--- Радиовышки: сканирование слоя Z ---
  Радиовышка B2 (z=5): слой чист

--- Решения ботов ---
  [Team A] Тишина A5 (3,5,4) → MOVE (4,5,5)
  [Team B] Артиллерия B1 (7,8,9) → SHOOT at (4,9,4)
  [Team B] Бурав B6 (6,6,8) → MOVE (5,5,7)
  [Team B] Провокатор B7 (7,8,0) → MOVE (6,7,1)
  [Team B] Паук B8 → SKIP
  [Team B] Тишина B5 → SKIP
  [Team B] Прыгун B3 → SKIP
  [Team B] Радиовышка B2 → SKIP
  [Team B] Факел B4 → SKIP
  [Team C] Тишина C5 (3,5,5) → MOVE (4,5,5)
! 🎮 GM: принудительно завершает фазу планирования
GM: end_planning
# 
============================================================
# 🔄 ОБРАБОТКА ХОДА 25
# ============================================================

📦 ПЕРЕМЕЩЕНИЯ:
!    ⚠️ Тишина A5: клетка (4,5,5) занята
!    ⚠️ Бурав B6: Бурав двигается только по 1 оси или по 2 осям строго диагонально
!    ⚠️ Провокатор B7: клетка (6,7,1) занята
!    ⚠️ Тишина C5: клетка (4,5,5) занята

🎯 ВЫСТРЕЛЫ:
   Выпущено ракет: 1
# 
📊 РЕЗУЛЬТАТЫ ХОДА 25:
🎯 Попаданий нет

--- Результаты хода ---
  Попаданий нет

--- Состояние команд после хода ---
  Team A: живых 1/8
    ✓ Тишина A5          @ (3,5,4) hp=2/2
    ✗ Артиллерия A1      @ (2,4,1) [уничтожен]
    ✗ Радиовышка A2      @ (3,5,4) [уничтожен]
    ✗ Прыгун A3          @ (3,4,6) [уничтожен]
    ✗ Факел A4           @ (2,4,6) [уничтожен]
    ✗ Бурав A6           @ (2,6,2) [уничтожен]
    ✗ Провокатор A7      @ (2,4,7) [уничтожен]
    ✗ Паук A8            @ (2,4,8) [уничтожен]
  Team B: живых 8/8
    ✓ Артиллерия B1      @ (7,8,9) hp=1/1
    ✓ Радиовышка B2      @ (4,5,5) hp=3/3
    ✓ Прыгун B3          @ (5,5,4) hp=2/2
    ✓ Факел B4           @ (7,8,8) hp=6/6
    ✓ Тишина B5          @ (5,5,5) hp=2/2
    ✓ Бурав B6           @ (6,6,8) hp=4/4
    ✓ Провокатор B7      @ (7,8,0) hp=2/2
    ✓ Паук B8            @ (5,6,5) hp=1/1
  Team C: живых 1/8
    ✓ Тишина C5          @ (3,5,5) hp=2/2
    ✗ Артиллерия C1      @ (2,6,4) [уничтожен]
    ✗ Радиовышка C2      @ (2,6,2) [уничтожен]
    ✗ Прыгун C3          @ (2,6,0) [уничтожен]
    ✗ Факел C4           @ (2,6,8) [уничтожен]
    ✗ Бурав C6           @ (2,4,7) [уничтожен]
    ✗ Провокатор C7      @ (2,6,6) [уничтожен]
    ✗ Паук C8            @ (2,6,3) [уничтожен]

======================================================================
ХОД 26
======================================================================
✓ 🎮 GM: начинаем ход
GM: start_turn

--- Радиовышки: сканирование слоя Z ---
  Радиовышка B2 (z=5): слой чист

--- Решения ботов ---
  [Team A] Тишина A5 (3,5,4) → MOVE (4,5,5)
  [Team B] Артиллерия B1 (7,8,9) → SHOOT at (7,9,5)
  [Team B] Бурав B6 (6,6,8) → MOVE (5,5,7)
  [Team B] Провокатор B7 (7,8,0) → MOVE (6,7,1)
  [Team B] Паук B8 → SKIP
  [Team B] Тишина B5 → SKIP
  [Team B] Прыгун B3 → SKIP
  [Team B] Радиовышка B2 → SKIP
  [Team B] Факел B4 → SKIP
  [Team C] Тишина C5 (3,5,5) → MOVE (4,5,5)
! 🎮 GM: принудительно завершает фазу планирования
GM: end_planning
# 
============================================================
# 🔄 ОБРАБОТКА ХОДА 26
# ============================================================

📦 ПЕРЕМЕЩЕНИЯ:
!    ⚠️ Тишина A5: клетка (4,5,5) занята
!    ⚠️ Бурав B6: Бурав двигается только по 1 оси или по 2 осям строго диагонально
!    ⚠️ Провокатор B7: клетка (6,7,1) занята
!    ⚠️ Тишина C5: клетка (4,5,5) занята

🎯 ВЫСТРЕЛЫ:
   Выпущено ракет: 1
# 
📊 РЕЗУЛЬТАТЫ ХОДА 26:
🎯 Попаданий нет

--- Результаты хода ---
  Попаданий нет

--- Состояние команд после хода ---
  Team A: живых 1/8
    ✓ Тишина A5          @ (3,5,4) hp=2/2
    ✗ Артиллерия A1      @ (2,4,1) [уничтожен]
    ✗ Радиовышка A2      @ (3,5,4) [уничтожен]
    ✗ Прыгун A3          @ (3,4,6) [уничтожен]
    ✗ Факел A4           @ (2,4,6) [уничтожен]
    ✗ Бурав A6           @ (2,6,2) [уничтожен]
    ✗ Провокатор A7      @ (2,4,7) [уничтожен]
    ✗ Паук A8            @ (2,4,8) [уничтожен]
  Team B: живых 8/8
    ✓ Артиллерия B1      @ (7,8,9) hp=1/1
    ✓ Радиовышка B2      @ (4,5,5) hp=3/3
    ✓ Прыгун B3          @ (5,5,4) hp=2/2
    ✓ Факел B4           @ (7,8,8) hp=6/6
    ✓ Тишина B5          @ (5,5,5) hp=2/2
    ✓ Бурав B6           @ (6,6,8) hp=4/4
    ✓ Провокатор B7      @ (7,8,0) hp=2/2
    ✓ Паук B8            @ (5,6,5) hp=1/1
  Team C: живых 1/8
    ✓ Тишина C5          @ (3,5,5) hp=2/2
    ✗ Артиллерия C1      @ (2,6,4) [уничтожен]
    ✗ Радиовышка C2      @ (2,6,2) [уничтожен]
    ✗ Прыгун C3          @ (2,6,0) [уничтожен]
    ✗ Факел C4           @ (2,6,8) [уничтожен]
    ✗ Бурав C6           @ (2,4,7) [уничтожен]
    ✗ Провокатор C7      @ (2,6,6) [уничтожен]
    ✗ Паук C8            @ (2,6,3) [уничтожен]

======================================================================
ХОД 27
======================================================================
✓ 🎮 GM: начинаем ход
GM: start_turn

--- Радиовышки: сканирование слоя Z ---
  Радиовышка B2 (z=5): слой чист

--- Решения ботов ---
  [Team A] Тишина A5 (3,5,4) → MOVE (4,5,5)
  [Team B] Артиллерия B1 (7,8,9) → SHOOT at (7,9,4)
  [Team B] Бурав B6 (6,6,8) → MOVE (5,5,7)
  [Team B] Провокатор B7 (7,8,0) → MOVE (6,7,1)
  [Team B] Паук B8 → SKIP
  [Team B] Тишина B5 → SKIP
  [Team B] Прыгун B3 → SKIP
  [Team B] Радиовышка B2 → SKIP
  [Team B] Факел B4 → SKIP
  [Team C] Тишина C5 (3,5,5) → MOVE (4,5,5)
! 🎮 GM: принудительно завершает фазу планирования
GM: end_planning
# 
============================================================
# 🔄 ОБРАБОТКА ХОДА 27
# ============================================================

📦 ПЕРЕМЕЩЕНИЯ:
!    ⚠️ Тишина A5: клетка (4,5,5) занята
!    ⚠️ Бурав B6: Бурав двигается только по 1 оси или по 2 осям строго диагонально
!    ⚠️ Провокатор B7: клетка (6,7,1) занята
!    ⚠️ Тишина C5: клетка (4,5,5) занята

🎯 ВЫСТРЕЛЫ:
   Выпущено ракет: 1
# 
📊 РЕЗУЛЬТАТЫ ХОДА 27:
🎯 Попаданий нет

--- Результаты хода ---
  Попаданий нет

--- Состояние команд после хода ---
  Team A: живых 1/8
    ✓ Тишина A5          @ (3,5,4) hp=2/2
    ✗ Артиллерия A1      @ (2,4,1) [уничтожен]
    ✗ Радиовышка A2      @ (3,5,4) [уничтожен]
    ✗ Прыгун A3          @ (3,4,6) [уничтожен]
    ✗ Факел A4           @ (2,4,6) [уничтожен]
    ✗ Бурав A6           @ (2,6,2) [уничтожен]
    ✗ Провокатор A7      @ (2,4,7) [уничтожен]
    ✗ Паук A8            @ (2,4,8) [уничтожен]
  Team B: живых 8/8
    ✓ Артиллерия B1      @ (7,8,9) hp=1/1
    ✓ Радиовышка B2      @ (4,5,5) hp=3/3
    ✓ Прыгун B3          @ (5,5,4) hp=2/2
    ✓ Факел B4           @ (7,8,8) hp=6/6
    ✓ Тишина B5          @ (5,5,5) hp=2/2
    ✓ Бурав B6           @ (6,6,8) hp=4/4
    ✓ Провокатор B7      @ (7,8,0) hp=2/2
    ✓ Паук B8            @ (5,6,5) hp=1/1
  Team C: живых 1/8
    ✓ Тишина C5          @ (3,5,5) hp=2/2
    ✗ Артиллерия C1      @ (2,6,4) [уничтожен]
    ✗ Радиовышка C2      @ (2,6,2) [уничтожен]
    ✗ Прыгун C3          @ (2,6,0) [уничтожен]
    ✗ Факел C4           @ (2,6,8) [уничтожен]
    ✗ Бурав C6           @ (2,4,7) [уничтожен]
    ✗ Провокатор C7      @ (2,6,6) [уничтожен]
    ✗ Паук C8            @ (2,6,3) [уничтожен]

======================================================================
ХОД 28
======================================================================
✓ 🎮 GM: начинаем ход
GM: start_turn

--- Радиовышки: сканирование слоя Z ---
  Радиовышка B2 (z=5): слой чист

--- Решения ботов ---
  [Team A] Тишина A5 (3,5,4) → MOVE (4,5,5)
  [Team B] Артиллерия B1 (7,8,9) → SHOOT at (7,9,4)
  [Team B] Бурав B6 (6,6,8) → MOVE (5,5,7)
  [Team B] Провокатор B7 (7,8,0) → MOVE (6,7,1)
  [Team B] Паук B8 → SKIP
  [Team B] Тишина B5 → SKIP
  [Team B] Прыгун B3 → SKIP
  [Team B] Радиовышка B2 → SKIP
  [Team B] Факел B4 → SKIP
  [Team C] Тишина C5 (3,5,5) → MOVE (4,5,5)
! 🎮 GM: принудительно завершает фазу планирования
GM: end_planning
# 
============================================================
# 🔄 ОБРАБОТКА ХОДА 28
# ============================================================

📦 ПЕРЕМЕЩЕНИЯ:
!    ⚠️ Тишина A5: клетка (4,5,5) занята
!    ⚠️ Бурав B6: Бурав двигается только по 1 оси или по 2 осям строго диагонально
!    ⚠️ Провокатор B7: клетка (6,7,1) занята
!    ⚠️ Тишина C5: клетка (4,5,5) занята

🎯 ВЫСТРЕЛЫ:
   Выпущено ракет: 1
# 
📊 РЕЗУЛЬТАТЫ ХОДА 28:
🎯 Попаданий нет

--- Результаты хода ---
  Попаданий нет

--- Состояние команд после хода ---
  Team A: живых 1/8
    ✓ Тишина A5          @ (3,5,4) hp=2/2
    ✗ Артиллерия A1      @ (2,4,1) [уничтожен]
    ✗ Радиовышка A2      @ (3,5,4) [уничтожен]
    ✗ Прыгун A3          @ (3,4,6) [уничтожен]
    ✗ Факел A4           @ (2,4,6) [уничтожен]
    ✗ Бурав A6           @ (2,6,2) [уничтожен]
    ✗ Провокатор A7      @ (2,4,7) [уничтожен]
    ✗ Паук A8            @ (2,4,8) [уничтожен]
  Team B: живых 8/8
    ✓ Артиллерия B1      @ (7,8,9) hp=1/1
    ✓ Радиовышка B2      @ (4,5,5) hp=3/3
    ✓ Прыгун B3          @ (5,5,4) hp=2/2
    ✓ Факел B4           @ (7,8,8) hp=6/6
    ✓ Тишина B5          @ (5,5,5) hp=2/2
    ✓ Бурав B6           @ (6,6,8) hp=4/4
    ✓ Провокатор B7      @ (7,8,0) hp=2/2
    ✓ Паук B8            @ (5,6,5) hp=1/1
  Team C: живых 1/8
    ✓ Тишина C5          @ (3,5,5) hp=2/2
    ✗ Артиллерия C1      @ (2,6,4) [уничтожен]
    ✗ Радиовышка C2      @ (2,6,2) [уничтожен]
    ✗ Прыгун C3          @ (2,6,0) [уничтожен]
    ✗ Факел C4           @ (2,6,8) [уничтожен]
    ✗ Бурав C6           @ (2,4,7) [уничтожен]
    ✗ Провокатор C7      @ (2,6,6) [уничтожен]
    ✗ Паук C8            @ (2,6,3) [уничтожен]

======================================================================
ХОД 29
======================================================================
✓ 🎮 GM: начинаем ход
GM: start_turn

--- Радиовышки: сканирование слоя Z ---
  Радиовышка B2 (z=5): слой чист

--- Решения ботов ---
  [Team A] Тишина A5 (3,5,4) → MOVE (4,5,5)
  [Team B] Артиллерия B1 (7,8,9) → SHOOT at (0,5,1)
  [Team B] Бурав B6 (6,6,8) → MOVE (5,5,7)
  [Team B] Провокатор B7 (7,8,0) → MOVE (6,7,1)
  [Team B] Паук B8 → SKIP
  [Team B] Тишина B5 → SKIP
  [Team B] Прыгун B3 → SKIP
  [Team B] Радиовышка B2 → SKIP
  [Team B] Факел B4 → SKIP
  [Team C] Тишина C5 (3,5,5) → MOVE (4,5,5)
! 🎮 GM: принудительно завершает фазу планирования
GM: end_planning
# 
============================================================
# 🔄 ОБРАБОТКА ХОДА 29
# ============================================================

📦 ПЕРЕМЕЩЕНИЯ:
!    ⚠️ Тишина A5: клетка (4,5,5) занята
!    ⚠️ Бурав B6: Бурав двигается только по 1 оси или по 2 осям строго диагонально
!    ⚠️ Провокатор B7: клетка (6,7,1) занята
!    ⚠️ Тишина C5: клетка (4,5,5) занята

🎯 ВЫСТРЕЛЫ:
   Выпущено ракет: 1
# 
📊 РЕЗУЛЬТАТЫ ХОДА 29:
🎯 Попаданий нет

--- Результаты хода ---
  Попаданий нет

--- Состояние команд после хода ---
  Team A: живых 1/8
    ✓ Тишина A5          @ (3,5,4) hp=2/2
    ✗ Артиллерия A1      @ (2,4,1) [уничтожен]
    ✗ Радиовышка A2      @ (3,5,4) [уничтожен]
    ✗ Прыгун A3          @ (3,4,6) [уничтожен]
    ✗ Факел A4           @ (2,4,6) [уничтожен]
    ✗ Бурав A6           @ (2,6,2) [уничтожен]
    ✗ Провокатор A7      @ (2,4,7) [уничтожен]
    ✗ Паук A8            @ (2,4,8) [уничтожен]
  Team B: живых 8/8
    ✓ Артиллерия B1      @ (7,8,9) hp=1/1
    ✓ Радиовышка B2      @ (4,5,5) hp=3/3
    ✓ Прыгун B3          @ (5,5,4) hp=2/2
    ✓ Факел B4           @ (7,8,8) hp=6/6
    ✓ Тишина B5          @ (5,5,5) hp=2/2
    ✓ Бурав B6           @ (6,6,8) hp=4/4
    ✓ Провокатор B7      @ (7,8,0) hp=2/2
    ✓ Паук B8            @ (5,6,5) hp=1/1
  Team C: живых 1/8
    ✓ Тишина C5          @ (3,5,5) hp=2/2
    ✗ Артиллерия C1      @ (2,6,4) [уничтожен]
    ✗ Радиовышка C2      @ (2,6,2) [уничтожен]
    ✗ Прыгун C3          @ (2,6,0) [уничтожен]
    ✗ Факел C4           @ (2,6,8) [уничтожен]
    ✗ Бурав C6           @ (2,4,7) [уничтожен]
    ✗ Провокатор C7      @ (2,6,6) [уничтожен]
    ✗ Паук C8            @ (2,6,3) [уничтожен]

======================================================================
ХОД 30
======================================================================
✓ 🎮 GM: начинаем ход
GM: start_turn

--- Радиовышки: сканирование слоя Z ---
  Радиовышка B2 (z=5): слой чист

--- Решения ботов ---
  [Team A] Тишина A5 (3,5,4) → MOVE (4,5,5)
  [Team B] Артиллерия B1 (7,8,9) → SHOOT at (0,5,1)
  [Team B] Бурав B6 (6,6,8) → MOVE (5,5,7)
  [Team B] Провокатор B7 (7,8,0) → MOVE (6,7,1)
  [Team B] Паук B8 → SKIP
  [Team B] Тишина B5 → SKIP
  [Team B] Прыгун B3 → SKIP
  [Team B] Радиовышка B2 → SKIP
  [Team B] Факел B4 → SKIP
  [Team C] Тишина C5 (3,5,5) → MOVE (4,5,5)
! 🎮 GM: принудительно завершает фазу планирования
GM: end_planning
# 
============================================================
# 🔄 ОБРАБОТКА ХОДА 30
# ============================================================

📦 ПЕРЕМЕЩЕНИЯ:
!    ⚠️ Тишина A5: клетка (4,5,5) занята
!    ⚠️ Бурав B6: Бурав двигается только по 1 оси или по 2 осям строго диагонально
!    ⚠️ Провокатор B7: клетка (6,7,1) занята
!    ⚠️ Тишина C5: клетка (4,5,5) занята

🎯 ВЫСТРЕЛЫ:
   Выпущено ракет: 1
# 
📊 РЕЗУЛЬТАТЫ ХОДА 30:
🎯 Попаданий нет

--- Результаты хода ---
  Попаданий нет

--- Состояние команд после хода ---
  Team A: живых 1/8
    ✓ Тишина A5          @ (3,5,4) hp=2/2
    ✗ Артиллерия A1      @ (2,4,1) [уничтожен]
    ✗ Радиовышка A2      @ (3,5,4) [уничтожен]
    ✗ Прыгун A3          @ (3,4,6) [уничтожен]
    ✗ Факел A4           @ (2,4,6) [уничтожен]
    ✗ Бурав A6           @ (2,6,2) [уничтожен]
    ✗ Провокатор A7      @ (2,4,7) [уничтожен]
    ✗ Паук A8            @ (2,4,8) [уничтожен]
  Team B: живых 8/8
    ✓ Артиллерия B1      @ (7,8,9) hp=1/1
    ✓ Радиовышка B2      @ (4,5,5) hp=3/3
    ✓ Прыгун B3          @ (5,5,4) hp=2/2
    ✓ Факел B4           @ (7,8,8) hp=6/6
    ✓ Тишина B5          @ (5,5,5) hp=2/2
    ✓ Бурав B6           @ (6,6,8) hp=4/4
    ✓ Провокатор B7      @ (7,8,0) hp=2/2
    ✓ Паук B8            @ (5,6,5) hp=1/1
  Team C: живых 1/8
    ✓ Тишина C5          @ (3,5,5) hp=2/2
    ✗ Артиллерия C1      @ (2,6,4) [уничтожен]
    ✗ Радиовышка C2      @ (2,6,2) [уничтожен]
    ✗ Прыгун C3          @ (2,6,0) [уничтожен]
    ✗ Факел C4           @ (2,6,8) [уничтожен]
    ✗ Бурав C6           @ (2,4,7) [уничтожен]
    ✗ Провокатор C7      @ (2,6,6) [уничтожен]
    ✗ Паук C8            @ (2,6,3) [уничтожен]

======================================================================
ИТОГ
======================================================================
Лимит ходов (30) исчерпан, ничья/пат.

--- Сводка по командам ---
  Team A: 1/8 живых; hp=2
  Team B: 8/8 живых; hp=21
  Team C: 1/8 живых; hp=2

--- Сводка по пассивкам радиовышек ---
  Team A: сканирований=7, всего врагов-в-слоях=9, уникальных эксклюзивных (видны только радиовышкой)=1
  Team B: сканирований=30, всего врагов-в-слоях=3, уникальных эксклюзивных (видны только радиовышкой)=2
  Team C: сканирований=4, всего врагов-в-слоях=3, уникальных эксклюзивных (видны только радиовышкой)=0

--- Сводка по попаданиям ---
  Всего событий (шоты+тараны+мины): 18
  Уничтожено кораблей всего: 14
  Team A: урон=21 хиты=2 тараны=7 мины(сработало)=0 убийств=7
  Team B: урон=13 хиты=5 тараны=1 мины(сработало)=0 убийств=5
  Team C: урон=10 хиты=0 тараны=2 мины(сработало)=1 убийств=2
! 🎮 GM: остановка игры
