======================================================================
Space Battle 10×10×10 — simulation run at 2026-04-20T13:23:54+00:00
Game mode: advanced
Seed: 86
✓ 🚀 Продвинутый режим: создаю разные типы кораблей
   Стартовые Z-слои: A=0, B=8, C=5
✓ ✅ Создано 24 кораблей


--- СТАРТОВАЯ РАССТАНОВКА ---
  Team A: живых 8/8
    ✓ Артиллерия A1      @ (7,1,0) hp=1/1
    ✓ Радиовышка A2      @ (9,6,0) hp=3/3
    ✓ Прыгун A3          @ (1,8,0) hp=2/2
    ✓ Факел A4           @ (7,7,0) hp=6/6
    ✓ Тишина A5          @ (1,9,0) hp=2/2
    ✓ Бурав A6           @ (3,0,0) hp=4/4
    ✓ Провокатор A7      @ (0,9,0) hp=2/2
    ✓ Паук A8            @ (4,9,0) hp=1/1
  Team B: живых 8/8
    ✓ Артиллерия B1      @ (1,5,8) hp=1/1
    ✓ Радиовышка B2      @ (4,4,8) hp=3/3
    ✓ Прыгун B3          @ (6,3,8) hp=2/2
    ✓ Факел B4           @ (0,0,8) hp=6/6
    ✓ Тишина B5          @ (3,4,8) hp=2/2
    ✓ Бурав B6           @ (2,1,8) hp=4/4
    ✓ Провокатор B7      @ (4,8,8) hp=2/2
    ✓ Паук B8            @ (8,4,8) hp=1/1
  Team C: живых 8/8
    ✓ Артиллерия C1      @ (4,5,5) hp=1/1
    ✓ Радиовышка C2      @ (8,2,5) hp=3/3
    ✓ Прыгун C3          @ (7,6,5) hp=2/2
    ✓ Факел C4           @ (8,6,5) hp=6/6
    ✓ Тишина C5          @ (2,6,5) hp=2/2
    ✓ Бурав C6           @ (1,6,5) hp=4/4
    ✓ Провокатор C7      @ (2,0,5) hp=2/2
    ✓ Паук C8            @ (3,8,5) hp=1/1

======================================================================
ХОД 1
======================================================================
✓ 🎮 GM: начинаем ход
GM: start_turn

--- Радиовышки: сканирование слоя Z ---
  Радиовышка A2 (z=0): слой чист
  Радиовышка B2 (z=8): слой чист
  Радиовышка C2 (z=5): слой чист

--- Решения ботов ---
  [Team A] Артиллерия A1 (7,1,0) → SHOOT at (9,4,8)
  [Team A] Радиовышка A2 (9,6,0) → MOVE (8,5,1)
  [Team A] Прыгун A3 (1,8,0) → MOVE (2,7,1)
  [Team A] Факел A4 (7,7,0) → MOVE (7,6,0)
  [Team A] Тишина A5 (1,9,0) → MOVE (2,8,1)
  [Team A] Бурав A6 (3,0,0) → MOVE (4,1,1)
  [Team A] Провокатор A7 (0,9,0) → MOVE (1,8,1)
  [Team A] Паук A8 (4,9,0) → MOVE (5,8,1)
  [Team B] Артиллерия B1 (1,5,8) → SHOOT at (4,5,5)
  [Team B] Радиовышка B2 (4,4,8) → MOVE (4,5,7)
  [Team B] Прыгун B3 (6,3,8) → MOVE (5,4,7)
  [Team B] Факел B4 (0,0,8) → MOVE (1,1,8)
  [Team B] Тишина B5 (3,4,8) → PHASE toggle
  [Team B] Бурав B6 (2,1,8) → MOVE (2,0,7)
  [Team B] Провокатор B7 (4,8,8) → HOLOGRAM (4,7,7)
  [Team B] Паук B8 (8,4,8) → MINE (8,3,7)
  [Team C] Артиллерия C1 (4,5,5) → SHOOT at (1,5,8)
  [Team C] Радиовышка C2 (8,2,5) → MOVE (7,3,6)
  [Team C] Прыгун C3 (7,6,5) → MOVE (6,5,6)
  [Team C] Факел C4 (8,6,5) → MOVE (7,5,5)
  [Team C] Тишина C5 (2,6,5) → PHASE toggle
  [Team C] Бурав C6 (1,6,5) → MOVE (1,5,6)
  [Team C] Провокатор C7 (2,0,5) → HOLOGRAM (1,0,6)
  [Team C] Паук C8 (3,8,5) → MINE (2,7,6)
! 🎮 GM: принудительно завершает фазу планирования
GM: end_planning
# 
============================================================
# 🔄 ОБРАБОТКА ХОДА 1
# ============================================================
   🌀 Тишина B5: фаза ВКЛ
   🌀 Тишина C5: фаза ВКЛ
   🪞 Провокатор B7 создал голограмму H1 в (4,7,7)
   🪞 Провокатор C7 создал голограмму H2 в (1,0,6)
   💣 Паук B8 установил мину M1 в (8,3,7)
   💣 Паук C8 установил мину M2 в (2,7,6)

📦 ПЕРЕМЕЩЕНИЯ:
   Радиовышка A2: (9, 6, 0) → (8,5,1)
   Прыгун A3: (1, 8, 0) → (2,7,1)
   Факел A4: (7, 7, 0) → (7,6,0)
   Тишина A5: (1, 9, 0) → (2,8,1)
!    ⚠️ Бурав A6: Бурав двигается только по 1 оси или по 2 осям строго диагонально
   Провокатор A7: (0, 9, 0) → (1,8,1)
   Паук A8: (4, 9, 0) → (5,8,1)
   Радиовышка B2: (4, 4, 8) → (4,5,7)
   Прыгун B3: (6, 3, 8) → (5,4,7)
   Факел B4: (0, 0, 8) → (1,1,8)
   Бурав B6: (2, 1, 8) → (2,0,7)
   Радиовышка C2: (8, 2, 5) → (7,3,6)
   Прыгун C3: (7, 6, 5) → (6,5,6)
   Факел C4: (8, 6, 5) → (7,5,5)
   Бурав C6: (1, 6, 5) → (1,5,6)

🎯 ВЫСТРЕЛЫ:
✓    ✅ Артиллерия B1 поразил Артиллерия C1 (2 урона)!
✓    ✅ Артиллерия C1 поразил Артиллерия B1 (2 урона)!
   Выпущено ракет: 3
# 
📊 РЕЗУЛЬТАТЫ ХОДА 1:
✓ 💥 ПОПАДАНИЯ:
✓    Артиллерия B1 (Team B) → Артиллерия C1 (Team C)
✓    Артиллерия C1 (Team C) → Артиллерия B1 (Team B)

--- Результаты хода ---
  Team B / Артиллерия B1      → Team C / Артиллерия C1      @ (4,5,5)  (УБИТ)
  Team C / Артиллерия C1      → Team B / Артиллерия B1      @ (1,5,8)  (УБИТ)

--- Состояние команд после хода ---
  Team A: живых 8/8
    ✓ Артиллерия A1      @ (7,1,0) hp=1/1
    ✓ Радиовышка A2      @ (8,5,1) hp=3/3
    ✓ Прыгун A3          @ (2,7,1) hp=2/2
    ✓ Факел A4           @ (7,6,0) hp=6/6
    ✓ Тишина A5          @ (2,8,1) hp=2/2
    ✓ Бурав A6           @ (3,0,0) hp=4/4
    ✓ Провокатор A7      @ (1,8,1) hp=2/2
    ✓ Паук A8            @ (5,8,1) hp=1/1
  Team B: живых 7/8
    ✓ Радиовышка B2      @ (4,5,7) hp=3/3
    ✓ Прыгун B3          @ (5,4,7) hp=2/2
    ✓ Факел B4           @ (1,1,8) hp=6/6
    ✓ Тишина B5          @ (3,4,8) hp=2/2
    ✓ Бурав B6           @ (2,0,7) hp=4/4
    ✓ Провокатор B7      @ (4,8,8) hp=2/2
    ✓ Паук B8            @ (8,4,8) hp=1/1
    ✗ Артиллерия B1      @ (1,5,8) [уничтожен]
  Team C: живых 7/8
    ✓ Радиовышка C2      @ (7,3,6) hp=3/3
    ✓ Прыгун C3          @ (6,5,6) hp=2/2
    ✓ Факел C4           @ (7,5,5) hp=6/6
    ✓ Тишина C5          @ (2,6,5) hp=2/2
    ✓ Бурав C6           @ (1,5,6) hp=4/4
    ✓ Провокатор C7      @ (2,0,5) hp=2/2
    ✓ Паук C8            @ (3,8,5) hp=1/1
    ✗ Артиллерия C1      @ (4,5,5) [уничтожен]

======================================================================
ХОД 2
======================================================================
✓ 🎮 GM: начинаем ход
GM: start_turn

--- Радиовышки: сканирование слоя Z ---
  Радиовышка A2 (z=1): слой чист
  Радиовышка B2 (z=7): слой чист
  Радиовышка C2 (z=6): слой чист

--- Решения ботов ---
  [Team A] Артиллерия A1 (7,1,0) → SHOOT at (9,9,9)
  [Team A] Радиовышка A2 (8,5,1) → MOVE (7,5,2)
  [Team A] Прыгун A3 (2,7,1) → MOVE (3,6,2)
  [Team A] Факел A4 (7,6,0) → MOVE (7,5,0)
  [Team A] Тишина A5 (2,8,1) → MOVE (3,7,2)
  [Team A] Бурав A6 (3,0,0) → MOVE (4,1,1)
  [Team A] Провокатор A7 (1,8,1) → MOVE (2,7,2)
  [Team A] Паук A8 (5,8,1) → MOVE (5,7,2)
  [Team B] Радиовышка B2 (4,5,7) → MOVE (5,5,6)
  [Team B] Прыгун B3 (5,4,7) → MOVE (7,5,5)
  [Team B] Факел B4 (1,1,8) → MOVE (2,2,7)
  [Team B] Тишина B5 (3,4,8) → MOVE (2,5,7)
  [Team B] Бурав B6 (2,0,7) → MOVE (2,0,5)
  [Team B] Провокатор B7 (4,8,8) → HOLOGRAM (5,7,7)
  [Team B] Паук B8 (8,4,8) → MINE (7,3,7)
  [Team C] Радиовышка C2 (7,3,6) → MOVE (6,4,7)
  [Team C] Прыгун C3 (6,5,6) → MOVE (5,4,7)
  [Team C] Факел C4 (7,5,5) → MOVE (6,5,5)
  [Team C] Тишина C5 (2,6,5) → MOVE (3,5,6)
  [Team C] Бурав C6 (1,5,6) → MOVE (2,5,7)
  [Team C] Провокатор C7 (2,0,5) → HOLOGRAM (2,0,6)
  [Team C] Паук C8 (3,8,5) → MINE (4,7,6)
! 🎮 GM: принудительно завершает фазу планирования
GM: end_planning
# 
============================================================
# 🔄 ОБРАБОТКА ХОДА 2
# ============================================================
   🪞 Провокатор B7 создал голограмму H3 в (5,7,7)
   🪞 Провокатор C7 создал голограмму H4 в (2,0,6)
   💣 Паук B8 установил мину M3 в (7,3,7)
   💣 Паук C8 установил мину M4 в (4,7,6)

📦 ПЕРЕМЕЩЕНИЯ:
   Радиовышка A2: (8, 5, 1) → (7,5,2)
   Прыгун A3: (2, 7, 1) → (3,6,2)
   Факел A4: (7, 6, 0) → (7,5,0)
   Тишина A5: (2, 8, 1) → (3,7,2)
!    ⚠️ Бурав A6: Бурав двигается только по 1 оси или по 2 осям строго диагонально
   Провокатор A7: (1, 8, 1) → (2,7,2)
   Паук A8: (5, 8, 1) → (5,7,2)
   Радиовышка B2: (4, 5, 7) → (5,5,6)
✓    💥 Прыгун B3 тараном уничтожил Факел C4 в (7,5,5)
   Прыгун B3: (5, 4, 7) → (7,5,5)
   Факел B4: (1, 1, 8) → (2,2,7)
   Тишина B5: (3, 4, 8) → (2,5,7)
✓    💥 Бурав B6 тараном уничтожил Провокатор C7 в (2,0,5)
   Бурав B6: (2, 0, 7) → (2,0,5)
   Радиовышка C2: (7, 3, 6) → (6,4,7)
   Прыгун C3: (6, 5, 6) → (5,4,7)
   Тишина C5: (2, 6, 5) → (3,5,6)
   Бурав C6: (1, 5, 6) → (2,5,7)

🎯 ВЫСТРЕЛЫ:
   Выпущено ракет: 1
# 
📊 РЕЗУЛЬТАТЫ ХОДА 2:
🎯 Попаданий нет

--- Результаты хода ---
  Team B / Прыгун B3          → Team C / Факел C4           @ (7,5,5)  (УБИТ)
  Team B / Бурав B6           → Team C / Провокатор C7      @ (2,0,5)  (УБИТ)

--- Состояние команд после хода ---
  Team A: живых 8/8
    ✓ Артиллерия A1      @ (7,1,0) hp=1/1
    ✓ Радиовышка A2      @ (7,5,2) hp=3/3
    ✓ Прыгун A3          @ (3,6,2) hp=2/2
    ✓ Факел A4           @ (7,5,0) hp=6/6
    ✓ Тишина A5          @ (3,7,2) hp=2/2
    ✓ Бурав A6           @ (3,0,0) hp=4/4
    ✓ Провокатор A7      @ (2,7,2) hp=2/2
    ✓ Паук A8            @ (5,7,2) hp=1/1
  Team B: живых 7/8
    ✓ Радиовышка B2      @ (5,5,6) hp=3/3
    ✓ Прыгун B3          @ (7,5,5) hp=2/2
    ✓ Факел B4           @ (2,2,7) hp=6/6
    ✓ Тишина B5          @ (2,5,7) hp=2/2
    ✓ Бурав B6           @ (2,0,5) hp=4/4
    ✓ Провокатор B7      @ (4,8,8) hp=2/2
    ✓ Паук B8            @ (8,4,8) hp=1/1
    ✗ Артиллерия B1      @ (1,5,8) [уничтожен]
  Team C: живых 5/8
    ✓ Радиовышка C2      @ (6,4,7) hp=3/3
    ✓ Прыгун C3          @ (5,4,7) hp=2/2
    ✓ Тишина C5          @ (3,5,6) hp=2/2
    ✓ Бурав C6           @ (2,5,7) hp=4/4
    ✓ Паук C8            @ (3,8,5) hp=1/1
    ✗ Артиллерия C1      @ (4,5,5) [уничтожен]
    ✗ Факел C4           @ (7,5,5) [уничтожен]
    ✗ Провокатор C7      @ (2,0,5) [уничтожен]

======================================================================
ХОД 3
======================================================================
✓ 🎮 GM: начинаем ход
GM: start_turn

--- Радиовышки: сканирование слоя Z ---
  Радиовышка A2 (z=2): слой чист
  Радиовышка B2 (z=6): слой чист
  Радиовышка C2 (z=7): видит 1 врагов  → Факел B4(2,2,7)

--- Решения ботов ---
  [Team A] Артиллерия A1 (7,1,0) → SHOOT at (7,5,5)
  [Team A] Радиовышка A2 (7,5,2) → MOVE (7,5,3)
  [Team A] Прыгун A3 (3,6,2) → MOVE (3,7,3)
  [Team A] Факел A4 (7,5,0) → SHOOT at (7,5,5)
  [Team A] Тишина A5 (3,7,2) → PHASE toggle
  [Team A] Бурав A6 (3,0,0) → MOVE (4,1,1)
  [Team A] Провокатор A7 (2,7,2) → HOLOGRAM (3,8,3)
  [Team A] Паук A8 (5,7,2) → MINE (6,6,3)
  [Team B] Радиовышка B2 (5,5,6) → MOVE (6,4,7)
  [Team B] Прыгун B3 (7,5,5) → MOVE (5,4,7)
  [Team B] Факел B4 (2,2,7) → SHOOT at (2,5,7)
  [Team B] Бурав B6 (2,0,5) → MOVE (3,1,6)
  [Team B] Провокатор B7 (4,8,8) → HOLOGRAM (3,7,7)
  [Team B] Паук B8 (8,4,8) → MINE (7,4,7)
  [Team B] Тишина B5 → SKIP
  [Team C] Радиовышка C2 (6,4,7) → MOVE (5,5,6)
  [Team C] Прыгун C3 (5,4,7) → MOVE (7,5,5)
  [Team C] Тишина C5 (3,5,6) → MOVE (4,5,6)
  [Team C] Бурав C6 (2,5,7) → MOVE (2,2,7)
  [Team C] Паук C8 (3,8,5) → MINE (3,7,4)
! 🎮 GM: принудительно завершает фазу планирования
GM: end_planning
# 
============================================================
# 🔄 ОБРАБОТКА ХОДА 3
# ============================================================
   🌀 Тишина A5: фаза ВКЛ
   🪞 Провокатор A7 создал голограмму H5 в (3,8,3)
   🪞 Провокатор B7 создал голограмму H6 в (3,7,7)
   💣 Паук A8 установил мину M5 в (6,6,3)
   💣 Паук B8 установил мину M6 в (7,4,7)
   💣 Паук C8 установил мину M7 в (3,7,4)

📦 ПЕРЕМЕЩЕНИЯ:
   Радиовышка A2: (7, 5, 2) → (7,5,3)
   Прыгун A3: (3, 6, 2) → (3,7,3)
!    ⚠️ Бурав A6: Бурав двигается только по 1 оси или по 2 осям строго диагонально
!    ⚠️ Радиовышка B2: клетка (6,4,7) занята
✓    💥 Прыгун B3 тараном уничтожил Прыгун C3 в (5,4,7)
   Прыгун B3: (7, 5, 5) → (5,4,7)
!    ⚠️ Бурав B6: Бурав двигается только по 1 оси или по 2 осям строго диагонально
!    ⚠️ Радиовышка C2: клетка (5,5,6) занята
   Тишина C5: (3, 5, 6) → (4,5,6)
✓    💥 Бурав C6 тараном уничтожил Факел B4 в (2,2,7)
   Бурав C6: (2, 5, 7) → (2,2,7)

🎯 ВЫСТРЕЛЫ:
!    🛡️ Выстрел Факел A4 заблокирован союзником Радиовышка A2 в (7, 5, 3)
   Выпущено ракет: 2
# 
📊 РЕЗУЛЬТАТЫ ХОДА 3:
🎯 Попаданий нет

--- Результаты хода ---
  Team B / Прыгун B3          → Team C / Прыгун C3          @ (5,4,7)  (УБИТ)
  Team C / Бурав C6           → Team B / Факел B4           @ (2,2,7)  (УБИТ)

--- Состояние команд после хода ---
  Team A: живых 8/8
    ✓ Артиллерия A1      @ (7,1,0) hp=1/1
    ✓ Радиовышка A2      @ (7,5,3) hp=3/3
    ✓ Прыгун A3          @ (3,7,3) hp=2/2
    ✓ Факел A4           @ (7,5,0) hp=6/6
    ✓ Тишина A5          @ (3,7,2) hp=2/2
    ✓ Бурав A6           @ (3,0,0) hp=4/4
    ✓ Провокатор A7      @ (2,7,2) hp=2/2
    ✓ Паук A8            @ (5,7,2) hp=1/1
  Team B: живых 6/8
    ✓ Радиовышка B2      @ (5,5,6) hp=3/3
    ✓ Прыгун B3          @ (5,4,7) hp=2/2
    ✓ Тишина B5          @ (2,5,7) hp=2/2
    ✓ Бурав B6           @ (2,0,5) hp=4/4
    ✓ Провокатор B7      @ (4,8,8) hp=2/2
    ✓ Паук B8            @ (8,4,8) hp=1/1
    ✗ Артиллерия B1      @ (1,5,8) [уничтожен]
    ✗ Факел B4           @ (2,2,7) [уничтожен]
  Team C: живых 4/8
    ✓ Радиовышка C2      @ (6,4,7) hp=3/3
    ✓ Тишина C5          @ (4,5,6) hp=2/2
    ✓ Бурав C6           @ (2,2,7) hp=4/4
    ✓ Паук C8            @ (3,8,5) hp=1/1
    ✗ Артиллерия C1      @ (4,5,5) [уничтожен]
    ✗ Прыгун C3          @ (5,4,7) [уничтожен]
    ✗ Факел C4           @ (7,5,5) [уничтожен]
    ✗ Провокатор C7      @ (2,0,5) [уничтожен]

======================================================================
ХОД 4
======================================================================
✓ 🎮 GM: начинаем ход
GM: start_turn

--- Радиовышки: сканирование слоя Z ---
  Радиовышка A2 (z=3): слой чист
  Радиовышка B2 (z=6): слой чист
  Радиовышка C2 (z=7): видит 1 врагов  → Прыгун B3(5,4,7)

--- Решения ботов ---
  [Team A] Артиллерия A1 (7,1,0) → SHOOT at (3,8,5)
  [Team A] Радиовышка A2 (7,5,3) → MOVE (6,5,4)
  [Team A] Прыгун A3 (3,7,3) → MOVE (3,8,5)
  [Team A] Факел A4 (7,5,0) → MOVE (7,4,0)
  [Team A] Тишина A5 (3,7,2) → PHASE toggle
  [Team A] Бурав A6 (3,0,0) → MOVE (4,1,1)
  [Team A] Провокатор A7 (2,7,2) → HOLOGRAM (3,8,3)
  [Team A] Паук A8 (5,7,2) → MINE (4,8,3)
  [Team B] Радиовышка B2 (5,5,6) → MOVE (6,4,7)
  [Team B] Прыгун B3 (5,4,7) → SHOOT at (6,4,7)
  [Team B] Тишина B5 (2,5,7) → MOVE (2,4,7)
  [Team B] Бурав B6 (2,0,5) → MOVE (2,2,7)
  [Team B] Провокатор B7 (4,8,8) → HOLOGRAM (3,8,7)
  [Team B] Паук B8 (8,4,8) → MINE (7,4,7)
  [Team C] Радиовышка C2 (6,4,7) → MOVE (5,5,6)
  [Team C] Бурав C6 (2,2,7) → MOVE (2,0,5)
  [Team C] Паук C8 (3,8,5) → MINE (3,8,4)
  [Team C] Тишина C5 → SKIP
! 🎮 GM: принудительно завершает фазу планирования
GM: end_planning
# 
============================================================
# 🔄 ОБРАБОТКА ХОДА 4
# ============================================================
   🌀 Тишина A5: фаза ВЫКЛ
!    ⚠️ Провокатор A7: клетка (3,8,3) уже занята голограммой
   🪞 Провокатор B7 создал голограмму H7 в (3,8,7)
   💣 Паук A8 установил мину M8 в (4,8,3)
!    ⚠️ Паук B8: в клетке уже стоит мина
   💣 Паук C8 установил мину M9 в (3,8,4)

📦 ПЕРЕМЕЩЕНИЯ:
   Радиовышка A2: (7, 5, 3) → (6,5,4)
✓    💥 Прыгун A3 тараном уничтожил Паук C8 в (3,8,5)
   Прыгун A3: (3, 7, 3) → (3,8,5)
   Факел A4: (7, 5, 0) → (7,4,0)
!    ⚠️ Бурав A6: Бурав двигается только по 1 оси или по 2 осям строго диагонально
!    ⚠️ Радиовышка B2: клетка (6,4,7) занята
   Тишина B5: (2, 5, 7) → (2,4,7)
✓    💥 Бурав B6 тараном уничтожил Бурав C6 в (2,2,7)
   Бурав B6: (2, 0, 5) → (2,2,7)
!    ⚠️ Радиовышка C2: клетка (5,5,6) занята

🎯 ВЫСТРЕЛЫ:
✓    ✅ Прыгун B3 поразил Радиовышка C2 (1 урона)!
   Выпущено ракет: 2
# 
📊 РЕЗУЛЬТАТЫ ХОДА 4:
✓ 💥 ПОПАДАНИЯ:
✓    Прыгун B3 (Team B) → Радиовышка C2 (Team C)

--- Результаты хода ---
  Team A / Прыгун A3          → Team C / Паук C8            @ (3,8,5)  (УБИТ)
  Team B / Бурав B6           → Team C / Бурав C6           @ (2,2,7)  (УБИТ)
  Team B / Прыгун B3          → Team C / Радиовышка C2      @ (6,4,7)  (ранен)

--- Состояние команд после хода ---
  Team A: живых 8/8
    ✓ Артиллерия A1      @ (7,1,0) hp=1/1
    ✓ Радиовышка A2      @ (6,5,4) hp=3/3
    ✓ Прыгун A3          @ (3,8,5) hp=2/2
    ✓ Факел A4           @ (7,4,0) hp=6/6
    ✓ Тишина A5          @ (3,7,2) hp=2/2
    ✓ Бурав A6           @ (3,0,0) hp=4/4
    ✓ Провокатор A7      @ (2,7,2) hp=2/2
    ✓ Паук A8            @ (5,7,2) hp=1/1
  Team B: живых 6/8
    ✓ Радиовышка B2      @ (5,5,6) hp=3/3
    ✓ Прыгун B3          @ (5,4,7) hp=2/2
    ✓ Тишина B5          @ (2,4,7) hp=2/2
    ✓ Бурав B6           @ (2,2,7) hp=4/4
    ✓ Провокатор B7      @ (4,8,8) hp=2/2
    ✓ Паук B8            @ (8,4,8) hp=1/1
    ✗ Артиллерия B1      @ (1,5,8) [уничтожен]
    ✗ Факел B4           @ (2,2,7) [уничтожен]
  Team C: живых 2/8
    ✓ Радиовышка C2      @ (6,4,7) hp=2/3
    ✓ Тишина C5          @ (4,5,6) hp=2/2
    ✗ Артиллерия C1      @ (4,5,5) [уничтожен]
    ✗ Прыгун C3          @ (5,4,7) [уничтожен]
    ✗ Факел C4           @ (7,5,5) [уничтожен]
    ✗ Бурав C6           @ (2,2,7) [уничтожен]
    ✗ Провокатор C7      @ (2,0,5) [уничтожен]
    ✗ Паук C8            @ (3,8,5) [уничтожен]

======================================================================
ХОД 5
======================================================================
✓ 🎮 GM: начинаем ход
GM: start_turn

--- Радиовышки: сканирование слоя Z ---
  Радиовышка A2 (z=4): слой чист
  Радиовышка B2 (z=6): слой чист
  Радиовышка C2 (z=7): видит 2 врагов  → Бурав B6(2,2,7), Прыгун B3(5,4,7)

--- Решения ботов ---
  [Team A] Артиллерия A1 (7,1,0) → SHOOT at (5,4,7)
  [Team A] Радиовышка A2 (6,5,4) → MOVE (5,5,5)
  [Team A] Прыгун A3 (3,8,5) → MOVE (4,7,6)
  [Team A] Факел A4 (7,4,0) → MOVE (7,3,0)
  [Team A] Тишина A5 (3,7,2) → PHASE toggle
  [Team A] Бурав A6 (3,0,0) → MOVE (4,1,1)
  [Team A] Провокатор A7 (2,7,2) → HOLOGRAM (3,6,3)
  [Team A] Паук A8 (5,7,2) → MINE (5,6,3)
  [Team B] Радиовышка B2 (5,5,6) → MOVE (6,4,7)
  [Team B] Прыгун B3 (5,4,7) → SHOOT at (6,4,7)
  [Team B] Тишина B5 (2,4,7) → MOVE (3,5,6)
  [Team B] Бурав B6 (2,2,7) → MOVE (3,3,6)
  [Team B] Провокатор B7 (4,8,8) → HOLOGRAM (3,8,7)
  [Team B] Паук B8 (8,4,8) → MINE (7,4,7)
  [Team C] Радиовышка C2 (6,4,7) → MOVE (5,5,6)
  [Team C] Тишина C5 → SKIP
! 🎮 GM: принудительно завершает фазу планирования
GM: end_planning
# 
============================================================
# 🔄 ОБРАБОТКА ХОДА 5
# ============================================================
   🌀 Тишина A5: фаза ВКЛ
   🪞 Провокатор A7 создал голограмму H8 в (3,6,3)
!    ⚠️ Провокатор B7: клетка (3,8,7) уже занята голограммой
   💣 Паук A8 установил мину M10 в (5,6,3)
!    ⚠️ Паук B8: в клетке уже стоит мина

📦 ПЕРЕМЕЩЕНИЯ:
   Радиовышка A2: (6, 5, 4) → (5,5,5)
   Прыгун A3: (3, 8, 5) → (4,7,6)
!    💥 Мина M4 сработала под Прыгун A3 (урон 2) — КОРАБЛЬ УНИЧТОЖЕН
   Факел A4: (7, 4, 0) → (7,3,0)
!    ⚠️ Бурав A6: Бурав двигается только по 1 оси или по 2 осям строго диагонально
!    ⚠️ Радиовышка B2: клетка (6,4,7) занята
   Тишина B5: (2, 4, 7) → (3,5,6)
!    ⚠️ Бурав B6: Бурав двигается только по 1 оси или по 2 осям строго диагонально
!    ⚠️ Радиовышка C2: клетка (5,5,6) занята

🎯 ВЫСТРЕЛЫ:
✓    ✅ Артиллерия A1 поразил Прыгун B3 (2 урона)!
✓    ✅ Прыгун B3 поразил Радиовышка C2 (1 урона)!
   Выпущено ракет: 2
# 
📊 РЕЗУЛЬТАТЫ ХОДА 5:
✓ 💥 ПОПАДАНИЯ:
✓    Артиллерия A1 (Team A) → Прыгун B3 (Team B)
✓    Прыгун B3 (Team B) → Радиовышка C2 (Team C)

--- Результаты хода ---
  ? / ?                  → Team A / Прыгун A3          @ (4,7,6)  (УБИТ)
  Team A / Артиллерия A1      → Team B / Прыгун B3          @ (5,4,7)  (УБИТ)
  Team B / Прыгун B3          → Team C / Радиовышка C2      @ (6,4,7)  (ранен)

--- Состояние команд после хода ---
  Team A: живых 7/8
    ✓ Артиллерия A1      @ (7,1,0) hp=1/1
    ✓ Радиовышка A2      @ (5,5,5) hp=3/3
    ✓ Факел A4           @ (7,3,0) hp=6/6
    ✓ Тишина A5          @ (3,7,2) hp=2/2
    ✓ Бурав A6           @ (3,0,0) hp=4/4
    ✓ Провокатор A7      @ (2,7,2) hp=2/2
    ✓ Паук A8            @ (5,7,2) hp=1/1
    ✗ Прыгун A3          @ (4,7,6) [уничтожен]
  Team B: живых 5/8
    ✓ Радиовышка B2      @ (5,5,6) hp=3/3
    ✓ Тишина B5          @ (3,5,6) hp=2/2
    ✓ Бурав B6           @ (2,2,7) hp=4/4
    ✓ Провокатор B7      @ (4,8,8) hp=2/2
    ✓ Паук B8            @ (8,4,8) hp=1/1
    ✗ Артиллерия B1      @ (1,5,8) [уничтожен]
    ✗ Прыгун B3          @ (5,4,7) [уничтожен]
    ✗ Факел B4           @ (2,2,7) [уничтожен]
  Team C: живых 2/8
    ✓ Радиовышка C2      @ (6,4,7) hp=1/3
    ✓ Тишина C5          @ (4,5,6) hp=2/2
    ✗ Артиллерия C1      @ (4,5,5) [уничтожен]
    ✗ Прыгун C3          @ (5,4,7) [уничтожен]
    ✗ Факел C4           @ (7,5,5) [уничтожен]
    ✗ Бурав C6           @ (2,2,7) [уничтожен]
    ✗ Провокатор C7      @ (2,0,5) [уничтожен]
    ✗ Паук C8            @ (3,8,5) [уничтожен]

======================================================================
ХОД 6
======================================================================
✓ 🎮 GM: начинаем ход
GM: start_turn

--- Радиовышки: сканирование слоя Z ---
  Радиовышка A2 (z=5): слой чист
  Радиовышка B2 (z=6): слой чист
  Радиовышка C2 (z=7): видит 1 врагов  → Бурав B6(2,2,7)

--- Решения ботов ---
  [Team A] Артиллерия A1 (7,1,0) → SHOOT at (6,4,7)
  [Team A] Радиовышка A2 (5,5,5) → MOVE (5,5,6)
  [Team A] Факел A4 (7,3,0) → MOVE (7,2,0)
  [Team A] Тишина A5 (3,7,2) → PHASE toggle
  [Team A] Бурав A6 (3,0,0) → MOVE (4,1,1)
  [Team A] Провокатор A7 (2,7,2) → HOLOGRAM (3,6,3)
  [Team A] Паук A8 (5,7,2) → MINE (5,6,3)
  [Team B] Радиовышка B2 (5,5,6) → MOVE (5,5,5)
  [Team B] Тишина B5 (3,5,6) → PHASE toggle
  [Team B] Бурав B6 (2,2,7) → MOVE (3,3,6)
  [Team B] Провокатор B7 (4,8,8) → HOLOGRAM (5,7,7)
  [Team B] Паук B8 (8,4,8) → MINE (7,4,7)
  [Team C] Радиовышка C2 (6,4,7) → MOVE (5,5,6)
  [Team C] Тишина C5 (4,5,6) → MOVE (5,5,5)
! 🎮 GM: принудительно завершает фазу планирования
GM: end_planning
# 
============================================================
# 🔄 ОБРАБОТКА ХОДА 6
# ============================================================
   🌀 Тишина A5: фаза ВЫКЛ
   🌀 Тишина B5: фаза ВЫКЛ
!    ⚠️ Провокатор A7: клетка (3,6,3) уже занята голограммой
!    ⚠️ Провокатор B7: клетка (5,7,7) уже занята голограммой
!    ⚠️ Паук A8: в клетке уже стоит мина
!    ⚠️ Паук B8: в клетке уже стоит мина

📦 ПЕРЕМЕЩЕНИЯ:
!    ⚠️ Радиовышка A2: клетка (5,5,6) занята
   Факел A4: (7, 3, 0) → (7,2,0)
!    ⚠️ Бурав A6: Бурав двигается только по 1 оси или по 2 осям строго диагонально
!    ⚠️ Радиовышка B2: клетка (5,5,5) занята
!    ⚠️ Бурав B6: Бурав двигается только по 1 оси или по 2 осям строго диагонально
!    ⚠️ Радиовышка C2: клетка (5,5,6) занята
!    ⚠️ Тишина C5: клетка (5,5,5) занята

🎯 ВЫСТРЕЛЫ:
✓    ✅ Артиллерия A1 поразил Радиовышка C2 (2 урона)!
   Выпущено ракет: 1
# 
📊 РЕЗУЛЬТАТЫ ХОДА 6:
✓ 💥 ПОПАДАНИЯ:
✓    Артиллерия A1 (Team A) → Радиовышка C2 (Team C)

--- Результаты хода ---
  Team A / Артиллерия A1      → Team C / Радиовышка C2      @ (6,4,7)  (УБИТ)

--- Состояние команд после хода ---
  Team A: живых 7/8
    ✓ Артиллерия A1      @ (7,1,0) hp=1/1
    ✓ Радиовышка A2      @ (5,5,5) hp=3/3
    ✓ Факел A4           @ (7,2,0) hp=6/6
    ✓ Тишина A5          @ (3,7,2) hp=2/2
    ✓ Бурав A6           @ (3,0,0) hp=4/4
    ✓ Провокатор A7      @ (2,7,2) hp=2/2
    ✓ Паук A8            @ (5,7,2) hp=1/1
    ✗ Прыгун A3          @ (4,7,6) [уничтожен]
  Team B: живых 5/8
    ✓ Радиовышка B2      @ (5,5,6) hp=3/3
    ✓ Тишина B5          @ (3,5,6) hp=2/2
    ✓ Бурав B6           @ (2,2,7) hp=4/4
    ✓ Провокатор B7      @ (4,8,8) hp=2/2
    ✓ Паук B8            @ (8,4,8) hp=1/1
    ✗ Артиллерия B1      @ (1,5,8) [уничтожен]
    ✗ Прыгун B3          @ (5,4,7) [уничтожен]
    ✗ Факел B4           @ (2,2,7) [уничтожен]
  Team C: живых 1/8
    ✓ Тишина C5          @ (4,5,6) hp=2/2
    ✗ Артиллерия C1      @ (4,5,5) [уничтожен]
    ✗ Радиовышка C2      @ (6,4,7) [уничтожен]
    ✗ Прыгун C3          @ (5,4,7) [уничтожен]
    ✗ Факел C4           @ (7,5,5) [уничтожен]
    ✗ Бурав C6           @ (2,2,7) [уничтожен]
    ✗ Провокатор C7      @ (2,0,5) [уничтожен]
    ✗ Паук C8            @ (3,8,5) [уничтожен]

======================================================================
ХОД 7
======================================================================
✓ 🎮 GM: начинаем ход
GM: start_turn

--- Радиовышки: сканирование слоя Z ---
  Радиовышка A2 (z=5): слой чист
  Радиовышка B2 (z=6): слой чист

--- Решения ботов ---
  [Team A] Артиллерия A1 (7,1,0) → SHOOT at (4,8,8)
  [Team A] Радиовышка A2 (5,5,5) → MOVE (5,5,6)
  [Team A] Тишина A5 (3,7,2) → MOVE (4,6,3)
  [Team A] Бурав A6 (3,0,0) → MOVE (4,1,1)
  [Team A] Провокатор A7 (2,7,2) → HOLOGRAM (3,6,3)
  [Team A] Паук A8 (5,7,2) → MINE (5,6,3)
  [Team A] Факел A4 → SKIP
  [Team B] Радиовышка B2 (5,5,6) → MOVE (5,5,5)
  [Team B] Тишина B5 (3,5,6) → MOVE (4,5,5)
  [Team B] Бурав B6 (2,2,7) → MOVE (3,3,6)
  [Team B] Провокатор B7 (4,8,8) → HOLOGRAM (5,7,7)
  [Team B] Паук B8 (8,4,8) → MINE (7,5,7)
  [Team C] Тишина C5 (4,5,6) → MOVE (5,5,5)
! 🎮 GM: принудительно завершает фазу планирования
GM: end_planning
# 
============================================================
# 🔄 ОБРАБОТКА ХОДА 7
# ============================================================
!    ⚠️ Провокатор A7: клетка (3,6,3) уже занята голограммой
!    ⚠️ Провокатор B7: клетка (5,7,7) уже занята голограммой
!    ⚠️ Паук A8: в клетке уже стоит мина
   💣 Паук B8 установил мину M11 в (7,5,7)

📦 ПЕРЕМЕЩЕНИЯ:
!    ⚠️ Радиовышка A2: клетка (5,5,6) занята
   Тишина A5: (3, 7, 2) → (4,6,3)
!    ⚠️ Бурав A6: Бурав двигается только по 1 оси или по 2 осям строго диагонально
!    ⚠️ Радиовышка B2: клетка (5,5,5) занята
   Тишина B5: (3, 5, 6) → (4,5,5)
!    ⚠️ Бурав B6: Бурав двигается только по 1 оси или по 2 осям строго диагонально
!    ⚠️ Тишина C5: клетка (5,5,5) занята

🎯 ВЫСТРЕЛЫ:
✓    ✅ Артиллерия A1 поразил Провокатор B7 (2 урона)!
   Выпущено ракет: 1
# 
📊 РЕЗУЛЬТАТЫ ХОДА 7:
✓ 💥 ПОПАДАНИЯ:
✓    Артиллерия A1 (Team A) → Провокатор B7 (Team B)

--- Результаты хода ---
  Team A / Артиллерия A1      → Team B / Провокатор B7      @ (4,8,8)  (УБИТ)

--- Состояние команд после хода ---
  Team A: живых 7/8
    ✓ Артиллерия A1      @ (7,1,0) hp=1/1
    ✓ Радиовышка A2      @ (5,5,5) hp=3/3
    ✓ Факел A4           @ (7,2,0) hp=6/6
    ✓ Тишина A5          @ (4,6,3) hp=2/2
    ✓ Бурав A6           @ (3,0,0) hp=4/4
    ✓ Провокатор A7      @ (2,7,2) hp=2/2
    ✓ Паук A8            @ (5,7,2) hp=1/1
    ✗ Прыгун A3          @ (4,7,6) [уничтожен]
  Team B: живых 4/8
    ✓ Радиовышка B2      @ (5,5,6) hp=3/3
    ✓ Тишина B5          @ (4,5,5) hp=2/2
    ✓ Бурав B6           @ (2,2,7) hp=4/4
    ✓ Паук B8            @ (8,4,8) hp=1/1
    ✗ Артиллерия B1      @ (1,5,8) [уничтожен]
    ✗ Прыгун B3          @ (5,4,7) [уничтожен]
    ✗ Факел B4           @ (2,2,7) [уничтожен]
    ✗ Провокатор B7      @ (4,8,8) [уничтожен]
  Team C: живых 1/8
    ✓ Тишина C5          @ (4,5,6) hp=2/2
    ✗ Артиллерия C1      @ (4,5,5) [уничтожен]
    ✗ Радиовышка C2      @ (6,4,7) [уничтожен]
    ✗ Прыгун C3          @ (5,4,7) [уничтожен]
    ✗ Факел C4           @ (7,5,5) [уничтожен]
    ✗ Бурав C6           @ (2,2,7) [уничтожен]
    ✗ Провокатор C7      @ (2,0,5) [уничтожен]
    ✗ Паук C8            @ (3,8,5) [уничтожен]

======================================================================
ХОД 8
======================================================================
✓ 🎮 GM: начинаем ход
GM: start_turn

--- Радиовышки: сканирование слоя Z ---
  Радиовышка A2 (z=5): видит 1 врагов  → Тишина B5(4,5,5)
  Радиовышка B2 (z=6): слой чист

--- Решения ботов ---
  [Team A] Артиллерия A1 (7,1,0) → SHOOT at (4,5,5)
  [Team A] Радиовышка A2 (5,5,5) → MOVE (5,5,6)
  [Team A] Тишина A5 (4,6,3) → MOVE (4,5,4)
  [Team A] Бурав A6 (3,0,0) → MOVE (4,1,1)
  [Team A] Провокатор A7 (2,7,2) → HOLOGRAM (3,6,3)
  [Team A] Паук A8 (5,7,2) → MINE (5,6,3)
  [Team A] Факел A4 → SKIP
  [Team B] Радиовышка B2 (5,5,6) → MOVE (5,5,5)
  [Team B] Тишина B5 (4,5,5) → PHASE toggle
  [Team B] Бурав B6 (2,2,7) → MOVE (3,3,6)
  [Team B] Паук B8 (8,4,8) → MINE (7,5,7)
  [Team C] Тишина C5 (4,5,6) → PHASE toggle
! 🎮 GM: принудительно завершает фазу планирования
GM: end_planning
# 
============================================================
# 🔄 ОБРАБОТКА ХОДА 8
# ============================================================
   🌀 Тишина B5: фаза ВКЛ
   🌀 Тишина C5: фаза ВЫКЛ
!    ⚠️ Провокатор A7: клетка (3,6,3) уже занята голограммой
!    ⚠️ Паук A8: в клетке уже стоит мина
!    ⚠️ Паук B8: в клетке уже стоит мина

📦 ПЕРЕМЕЩЕНИЯ:
!    ⚠️ Радиовышка A2: клетка (5,5,6) занята
   Тишина A5: (4, 6, 3) → (4,5,4)
!    ⚠️ Бурав A6: Бурав двигается только по 1 оси или по 2 осям строго диагонально
!    ⚠️ Радиовышка B2: клетка (5,5,5) занята
!    ⚠️ Бурав B6: Бурав двигается только по 1 оси или по 2 осям строго диагонально

🎯 ВЫСТРЕЛЫ:
   Выпущено ракет: 1
# 
📊 РЕЗУЛЬТАТЫ ХОДА 8:
🎯 Попаданий нет

--- Результаты хода ---
  Попаданий нет

--- Состояние команд после хода ---
  Team A: живых 7/8
    ✓ Артиллерия A1      @ (7,1,0) hp=1/1
    ✓ Радиовышка A2      @ (5,5,5) hp=3/3
    ✓ Факел A4           @ (7,2,0) hp=6/6
    ✓ Тишина A5          @ (4,5,4) hp=2/2
    ✓ Бурав A6           @ (3,0,0) hp=4/4
    ✓ Провокатор A7      @ (2,7,2) hp=2/2
    ✓ Паук A8            @ (5,7,2) hp=1/1
    ✗ Прыгун A3          @ (4,7,6) [уничтожен]
  Team B: живых 4/8
    ✓ Радиовышка B2      @ (5,5,6) hp=3/3
    ✓ Тишина B5          @ (4,5,5) hp=2/2
    ✓ Бурав B6           @ (2,2,7) hp=4/4
    ✓ Паук B8            @ (8,4,8) hp=1/1
    ✗ Артиллерия B1      @ (1,5,8) [уничтожен]
    ✗ Прыгун B3          @ (5,4,7) [уничтожен]
    ✗ Факел B4           @ (2,2,7) [уничтожен]
    ✗ Провокатор B7      @ (4,8,8) [уничтожен]
  Team C: живых 1/8
    ✓ Тишина C5          @ (4,5,6) hp=2/2
    ✗ Артиллерия C1      @ (4,5,5) [уничтожен]
    ✗ Радиовышка C2      @ (6,4,7) [уничтожен]
    ✗ Прыгун C3          @ (5,4,7) [уничтожен]
    ✗ Факел C4           @ (7,5,5) [уничтожен]
    ✗ Бурав C6           @ (2,2,7) [уничтожен]
    ✗ Провокатор C7      @ (2,0,5) [уничтожен]
    ✗ Паук C8            @ (3,8,5) [уничтожен]

======================================================================
ХОД 9
======================================================================
✓ 🎮 GM: начинаем ход
GM: start_turn

--- Радиовышки: сканирование слоя Z ---
  Радиовышка A2 (z=5): слой чист
  Радиовышка B2 (z=6): видит 1 врагов  → Тишина C5(4,5,6)

--- Решения ботов ---
  [Team A] Артиллерия A1 (7,1,0) → SHOOT at (4,5,6)
  [Team A] Радиовышка A2 (5,5,5) → MOVE (5,5,6)
  [Team A] Тишина A5 (4,5,4) → MOVE (5,5,4)
  [Team A] Бурав A6 (3,0,0) → MOVE (4,1,1)
  [Team A] Провокатор A7 (2,7,2) → HOLOGRAM (3,6,3)
  [Team A] Паук A8 (5,7,2) → MINE (5,6,3)
  [Team A] Факел A4 → SKIP
  [Team B] Радиовышка B2 (5,5,6) → MOVE (5,5,5)
  [Team B] Бурав B6 (2,2,7) → MOVE (3,3,6)
  [Team B] Паук B8 (8,4,8) → MINE (7,5,7)
  [Team B] Тишина B5 → SKIP
  [Team C] Тишина C5 (4,5,6) → MOVE (5,5,5)
! 🎮 GM: принудительно завершает фазу планирования
GM: end_planning
# 
============================================================
# 🔄 ОБРАБОТКА ХОДА 9
# ============================================================
!    ⚠️ Провокатор A7: клетка (3,6,3) уже занята голограммой
!    ⚠️ Паук A8: в клетке уже стоит мина
!    ⚠️ Паук B8: в клетке уже стоит мина

📦 ПЕРЕМЕЩЕНИЯ:
!    ⚠️ Радиовышка A2: клетка (5,5,6) занята
   Тишина A5: (4, 5, 4) → (5,5,4)
!    ⚠️ Бурав A6: Бурав двигается только по 1 оси или по 2 осям строго диагонально
!    ⚠️ Радиовышка B2: клетка (5,5,5) занята
!    ⚠️ Бурав B6: Бурав двигается только по 1 оси или по 2 осям строго диагонально
!    ⚠️ Тишина C5: клетка (5,5,5) занята

🎯 ВЫСТРЕЛЫ:
✓    ✅ Артиллерия A1 поразил Тишина C5 (2 урона)!
   Выпущено ракет: 1
# 
📊 РЕЗУЛЬТАТЫ ХОДА 9:
✓ 💥 ПОПАДАНИЯ:
✓    Артиллерия A1 (Team A) → Тишина C5 (Team C)

--- Результаты хода ---
  Team A / Артиллерия A1      → Team C / Тишина C5          @ (4,5,6)  (УБИТ)

--- Состояние команд после хода ---
  Team A: живых 7/8
    ✓ Артиллерия A1      @ (7,1,0) hp=1/1
    ✓ Радиовышка A2      @ (5,5,5) hp=3/3
    ✓ Факел A4           @ (7,2,0) hp=6/6
    ✓ Тишина A5          @ (5,5,4) hp=2/2
    ✓ Бурав A6           @ (3,0,0) hp=4/4
    ✓ Провокатор A7      @ (2,7,2) hp=2/2
    ✓ Паук A8            @ (5,7,2) hp=1/1
    ✗ Прыгун A3          @ (4,7,6) [уничтожен]
  Team B: живых 4/8
    ✓ Радиовышка B2      @ (5,5,6) hp=3/3
    ✓ Тишина B5          @ (4,5,5) hp=2/2
    ✓ Бурав B6           @ (2,2,7) hp=4/4
    ✓ Паук B8            @ (8,4,8) hp=1/1
    ✗ Артиллерия B1      @ (1,5,8) [уничтожен]
    ✗ Прыгун B3          @ (5,4,7) [уничтожен]
    ✗ Факел B4           @ (2,2,7) [уничтожен]
    ✗ Провокатор B7      @ (4,8,8) [уничтожен]
  Team C: живых 0/8
    ✗ Артиллерия C1      @ (4,5,5) [уничтожен]
    ✗ Радиовышка C2      @ (6,4,7) [уничтожен]
    ✗ Прыгун C3          @ (5,4,7) [уничтожен]
    ✗ Факел C4           @ (7,5,5) [уничтожен]
    ✗ Тишина C5          @ (4,5,6) [уничтожен]
    ✗ Бурав C6           @ (2,2,7) [уничтожен]
    ✗ Провокатор C7      @ (2,0,5) [уничтожен]
    ✗ Паук C8            @ (3,8,5) [уничтожен]

======================================================================
ХОД 10
======================================================================
✓ 🎮 GM: начинаем ход
GM: start_turn

--- Радиовышки: сканирование слоя Z ---
  Радиовышка A2 (z=5): слой чист
  Радиовышка B2 (z=6): слой чист

--- Решения ботов ---
  [Team A] Артиллерия A1 (7,1,0) → SHOOT at (8,4,8)
  [Team A] Радиовышка A2 (5,5,5) → MOVE (5,5,6)
  [Team A] Бурав A6 (3,0,0) → MOVE (4,1,1)
  [Team A] Провокатор A7 (2,7,2) → HOLOGRAM (3,6,3)
  [Team A] Паук A8 (5,7,2) → MINE (5,6,3)
  [Team A] Факел A4 → SKIP
  [Team A] Тишина A5 → SKIP
  [Team B] Радиовышка B2 (5,5,6) → MOVE (5,5,5)
  [Team B] Бурав B6 (2,2,7) → MOVE (3,3,6)
  [Team B] Паук B8 (8,4,8) → MINE (7,5,7)
  [Team B] Тишина B5 → SKIP
  [Team C] все корабли пропускают ход
! 🎮 GM: принудительно завершает фазу планирования
GM: end_planning
# 
============================================================
# 🔄 ОБРАБОТКА ХОДА 10
# ============================================================
!    ⚠️ Провокатор A7: клетка (3,6,3) уже занята голограммой
!    ⚠️ Паук A8: в клетке уже стоит мина
!    ⚠️ Паук B8: в клетке уже стоит мина

📦 ПЕРЕМЕЩЕНИЯ:
!    ⚠️ Радиовышка A2: клетка (5,5,6) занята
!    ⚠️ Бурав A6: Бурав двигается только по 1 оси или по 2 осям строго диагонально
!    ⚠️ Радиовышка B2: клетка (5,5,5) занята
!    ⚠️ Бурав B6: Бурав двигается только по 1 оси или по 2 осям строго диагонально

🎯 ВЫСТРЕЛЫ:
✓    ✅ Артиллерия A1 поразил Паук B8 (2 урона)!
   Выпущено ракет: 1
# 
📊 РЕЗУЛЬТАТЫ ХОДА 10:
✓ 💥 ПОПАДАНИЯ:
✓    Артиллерия A1 (Team A) → Паук B8 (Team B)

--- Результаты хода ---
  Team A / Артиллерия A1      → Team B / Паук B8            @ (8,4,8)  (УБИТ)

--- Состояние команд после хода ---
  Team A: живых 7/8
    ✓ Артиллерия A1      @ (7,1,0) hp=1/1
    ✓ Радиовышка A2      @ (5,5,5) hp=3/3
    ✓ Факел A4           @ (7,2,0) hp=6/6
    ✓ Тишина A5          @ (5,5,4) hp=2/2
    ✓ Бурав A6           @ (3,0,0) hp=4/4
    ✓ Провокатор A7      @ (2,7,2) hp=2/2
    ✓ Паук A8            @ (5,7,2) hp=1/1
    ✗ Прыгун A3          @ (4,7,6) [уничтожен]
  Team B: живых 3/8
    ✓ Радиовышка B2      @ (5,5,6) hp=3/3
    ✓ Тишина B5          @ (4,5,5) hp=2/2
    ✓ Бурав B6           @ (2,2,7) hp=4/4
    ✗ Артиллерия B1      @ (1,5,8) [уничтожен]
    ✗ Прыгун B3          @ (5,4,7) [уничтожен]
    ✗ Факел B4           @ (2,2,7) [уничтожен]
    ✗ Провокатор B7      @ (4,8,8) [уничтожен]
    ✗ Паук B8            @ (8,4,8) [уничтожен]
  Team C: живых 0/8
    ✗ Артиллерия C1      @ (4,5,5) [уничтожен]
    ✗ Радиовышка C2      @ (6,4,7) [уничтожен]
    ✗ Прыгун C3          @ (5,4,7) [уничтожен]
    ✗ Факел C4           @ (7,5,5) [уничтожен]
    ✗ Тишина C5          @ (4,5,6) [уничтожен]
    ✗ Бурав C6           @ (2,2,7) [уничтожен]
    ✗ Провокатор C7      @ (2,0,5) [уничтожен]
    ✗ Паук C8            @ (3,8,5) [уничтожен]

======================================================================
ХОД 11
======================================================================
✓ 🎮 GM: начинаем ход
GM: start_turn

--- Радиовышки: сканирование слоя Z ---
  Радиовышка A2 (z=5): слой чист
  Радиовышка B2 (z=6): слой чист

--- Решения ботов ---
  [Team A] Артиллерия A1 (7,1,0) → SHOOT at (5,5,6)
  [Team A] Радиовышка A2 (5,5,5) → MOVE (5,5,6)
  [Team A] Бурав A6 (3,0,0) → MOVE (4,1,1)
  [Team A] Провокатор A7 (2,7,2) → HOLOGRAM (3,6,3)
  [Team A] Паук A8 (5,7,2) → MINE (5,6,3)
  [Team A] Факел A4 → SKIP
  [Team A] Тишина A5 → SKIP
  [Team B] Радиовышка B2 (5,5,6) → MOVE (5,5,5)
  [Team B] Бурав B6 (2,2,7) → MOVE (3,3,6)
  [Team B] Тишина B5 → SKIP
  [Team C] все корабли пропускают ход
! 🎮 GM: принудительно завершает фазу планирования
GM: end_planning
# 
============================================================
# 🔄 ОБРАБОТКА ХОДА 11
# ============================================================
!    ⚠️ Провокатор A7: клетка (3,6,3) уже занята голограммой
!    ⚠️ Паук A8: в клетке уже стоит мина

📦 ПЕРЕМЕЩЕНИЯ:
!    ⚠️ Радиовышка A2: клетка (5,5,6) занята
!    ⚠️ Бурав A6: Бурав двигается только по 1 оси или по 2 осям строго диагонально
!    ⚠️ Радиовышка B2: клетка (5,5,5) занята
!    ⚠️ Бурав B6: Бурав двигается только по 1 оси или по 2 осям строго диагонально

🎯 ВЫСТРЕЛЫ:
✓    ✅ Артиллерия A1 поразил Радиовышка B2 (2 урона)!
   Выпущено ракет: 1
# 
📊 РЕЗУЛЬТАТЫ ХОДА 11:
✓ 💥 ПОПАДАНИЯ:
✓    Артиллерия A1 (Team A) → Радиовышка B2 (Team B)

--- Результаты хода ---
  Team A / Артиллерия A1      → Team B / Радиовышка B2      @ (5,5,6)  (ранен)

--- Состояние команд после хода ---
  Team A: живых 7/8
    ✓ Артиллерия A1      @ (7,1,0) hp=1/1
    ✓ Радиовышка A2      @ (5,5,5) hp=3/3
    ✓ Факел A4           @ (7,2,0) hp=6/6
    ✓ Тишина A5          @ (5,5,4) hp=2/2
    ✓ Бурав A6           @ (3,0,0) hp=4/4
    ✓ Провокатор A7      @ (2,7,2) hp=2/2
    ✓ Паук A8            @ (5,7,2) hp=1/1
    ✗ Прыгун A3          @ (4,7,6) [уничтожен]
  Team B: живых 3/8
    ✓ Радиовышка B2      @ (5,5,6) hp=1/3
    ✓ Тишина B5          @ (4,5,5) hp=2/2
    ✓ Бурав B6           @ (2,2,7) hp=4/4
    ✗ Артиллерия B1      @ (1,5,8) [уничтожен]
    ✗ Прыгун B3          @ (5,4,7) [уничтожен]
    ✗ Факел B4           @ (2,2,7) [уничтожен]
    ✗ Провокатор B7      @ (4,8,8) [уничтожен]
    ✗ Паук B8            @ (8,4,8) [уничтожен]
  Team C: живых 0/8
    ✗ Артиллерия C1      @ (4,5,5) [уничтожен]
    ✗ Радиовышка C2      @ (6,4,7) [уничтожен]
    ✗ Прыгун C3          @ (5,4,7) [уничтожен]
    ✗ Факел C4           @ (7,5,5) [уничтожен]
    ✗ Тишина C5          @ (4,5,6) [уничтожен]
    ✗ Бурав C6           @ (2,2,7) [уничтожен]
    ✗ Провокатор C7      @ (2,0,5) [уничтожен]
    ✗ Паук C8            @ (3,8,5) [уничтожен]

======================================================================
ХОД 12
======================================================================
✓ 🎮 GM: начинаем ход
GM: start_turn

--- Радиовышки: сканирование слоя Z ---
  Радиовышка A2 (z=5): слой чист
  Радиовышка B2 (z=6): слой чист

--- Решения ботов ---
  [Team A] Артиллерия A1 (7,1,0) → SHOOT at (5,5,6)
  [Team A] Радиовышка A2 (5,5,5) → MOVE (5,5,6)
  [Team A] Бурав A6 (3,0,0) → MOVE (4,1,1)
  [Team A] Провокатор A7 (2,7,2) → HOLOGRAM (3,6,3)
  [Team A] Паук A8 (5,7,2) → MINE (5,6,3)
  [Team A] Факел A4 → SKIP
  [Team A] Тишина A5 → SKIP
  [Team B] Радиовышка B2 (5,5,6) → MOVE (5,5,5)
  [Team B] Бурав B6 (2,2,7) → MOVE (3,3,6)
  [Team B] Тишина B5 → SKIP
  [Team C] все корабли пропускают ход
! 🎮 GM: принудительно завершает фазу планирования
GM: end_planning
# 
============================================================
# 🔄 ОБРАБОТКА ХОДА 12
# ============================================================
!    ⚠️ Провокатор A7: клетка (3,6,3) уже занята голограммой
!    ⚠️ Паук A8: в клетке уже стоит мина

📦 ПЕРЕМЕЩЕНИЯ:
!    ⚠️ Радиовышка A2: клетка (5,5,6) занята
!    ⚠️ Бурав A6: Бурав двигается только по 1 оси или по 2 осям строго диагонально
!    ⚠️ Радиовышка B2: клетка (5,5,5) занята
!    ⚠️ Бурав B6: Бурав двигается только по 1 оси или по 2 осям строго диагонально

🎯 ВЫСТРЕЛЫ:
✓    ✅ Артиллерия A1 поразил Радиовышка B2 (2 урона)!
   Выпущено ракет: 1
# 
📊 РЕЗУЛЬТАТЫ ХОДА 12:
✓ 💥 ПОПАДАНИЯ:
✓    Артиллерия A1 (Team A) → Радиовышка B2 (Team B)

--- Результаты хода ---
  Team A / Артиллерия A1      → Team B / Радиовышка B2      @ (5,5,6)  (УБИТ)

--- Состояние команд после хода ---
  Team A: живых 7/8
    ✓ Артиллерия A1      @ (7,1,0) hp=1/1
    ✓ Радиовышка A2      @ (5,5,5) hp=3/3
    ✓ Факел A4           @ (7,2,0) hp=6/6
    ✓ Тишина A5          @ (5,5,4) hp=2/2
    ✓ Бурав A6           @ (3,0,0) hp=4/4
    ✓ Провокатор A7      @ (2,7,2) hp=2/2
    ✓ Паук A8            @ (5,7,2) hp=1/1
    ✗ Прыгун A3          @ (4,7,6) [уничтожен]
  Team B: живых 2/8
    ✓ Тишина B5          @ (4,5,5) hp=2/2
    ✓ Бурав B6           @ (2,2,7) hp=4/4
    ✗ Артиллерия B1      @ (1,5,8) [уничтожен]
    ✗ Радиовышка B2      @ (5,5,6) [уничтожен]
    ✗ Прыгун B3          @ (5,4,7) [уничтожен]
    ✗ Факел B4           @ (2,2,7) [уничтожен]
    ✗ Провокатор B7      @ (4,8,8) [уничтожен]
    ✗ Паук B8            @ (8,4,8) [уничтожен]
  Team C: живых 0/8
    ✗ Артиллерия C1      @ (4,5,5) [уничтожен]
    ✗ Радиовышка C2      @ (6,4,7) [уничтожен]
    ✗ Прыгун C3          @ (5,4,7) [уничтожен]
    ✗ Факел C4           @ (7,5,5) [уничтожен]
    ✗ Тишина C5          @ (4,5,6) [уничтожен]
    ✗ Бурав C6           @ (2,2,7) [уничтожен]
    ✗ Провокатор C7      @ (2,0,5) [уничтожен]
    ✗ Паук C8            @ (3,8,5) [уничтожен]

======================================================================
ХОД 13
======================================================================
✓ 🎮 GM: начинаем ход
GM: start_turn

--- Радиовышки: сканирование слоя Z ---
  Радиовышка A2 (z=5): слой чист

--- Решения ботов ---
  [Team A] Артиллерия A1 (7,1,0) → SHOOT at (2,2,7)
  [Team A] Радиовышка A2 (5,5,5) → MOVE (4,4,6)
  [Team A] Тишина A5 (5,5,4) → MOVE (4,4,5)
  [Team A] Бурав A6 (3,0,0) → MOVE (2,1,1)
  [Team A] Провокатор A7 (2,7,2) → HOLOGRAM (2,6,3)
  [Team A] Паук A8 (5,7,2) → MOVE (4,6,3)
  [Team A] Факел A4 → SKIP
  [Team B] Тишина B5 (4,5,5) → MOVE (5,5,5)
  [Team B] Бурав B6 (2,2,7) → MOVE (3,3,6)
  [Team C] все корабли пропускают ход
! 🎮 GM: принудительно завершает фазу планирования
GM: end_planning
# 
============================================================
# 🔄 ОБРАБОТКА ХОДА 13
# ============================================================
   🪞 Провокатор A7 создал голограмму H9 в (2,6,3)

📦 ПЕРЕМЕЩЕНИЯ:
   Радиовышка A2: (5, 5, 5) → (4,4,6)
   Тишина A5: (5, 5, 4) → (4,4,5)
!    ⚠️ Бурав A6: Бурав двигается только по 1 оси или по 2 осям строго диагонально
   Паук A8: (5, 7, 2) → (4,6,3)
   Тишина B5: (4, 5, 5) → (5,5,5)
!    ⚠️ Бурав B6: Бурав двигается только по 1 оси или по 2 осям строго диагонально

🎯 ВЫСТРЕЛЫ:
✓    ✅ Артиллерия A1 поразил Бурав B6 (2 урона)!
   Выпущено ракет: 1
# 
📊 РЕЗУЛЬТАТЫ ХОДА 13:
✓ 💥 ПОПАДАНИЯ:
✓    Артиллерия A1 (Team A) → Бурав B6 (Team B)

--- Результаты хода ---
  Team A / Артиллерия A1      → Team B / Бурав B6           @ (2,2,7)  (ранен)

--- Состояние команд после хода ---
  Team A: живых 7/8
    ✓ Артиллерия A1      @ (7,1,0) hp=1/1
    ✓ Радиовышка A2      @ (4,4,6) hp=3/3
    ✓ Факел A4           @ (7,2,0) hp=6/6
    ✓ Тишина A5          @ (4,4,5) hp=2/2
    ✓ Бурав A6           @ (3,0,0) hp=4/4
    ✓ Провокатор A7      @ (2,7,2) hp=2/2
    ✓ Паук A8            @ (4,6,3) hp=1/1
    ✗ Прыгун A3          @ (4,7,6) [уничтожен]
  Team B: живых 2/8
    ✓ Тишина B5          @ (5,5,5) hp=2/2
    ✓ Бурав B6           @ (2,2,7) hp=2/4
    ✗ Артиллерия B1      @ (1,5,8) [уничтожен]
    ✗ Радиовышка B2      @ (5,5,6) [уничтожен]
    ✗ Прыгун B3          @ (5,4,7) [уничтожен]
    ✗ Факел B4           @ (2,2,7) [уничтожен]
    ✗ Провокатор B7      @ (4,8,8) [уничтожен]
    ✗ Паук B8            @ (8,4,8) [уничтожен]
  Team C: живых 0/8
    ✗ Артиллерия C1      @ (4,5,5) [уничтожен]
    ✗ Радиовышка C2      @ (6,4,7) [уничтожен]
    ✗ Прыгун C3          @ (5,4,7) [уничтожен]
    ✗ Факел C4           @ (7,5,5) [уничтожен]
    ✗ Тишина C5          @ (4,5,6) [уничтожен]
    ✗ Бурав C6           @ (2,2,7) [уничтожен]
    ✗ Провокатор C7      @ (2,0,5) [уничтожен]
    ✗ Паук C8            @ (3,8,5) [уничтожен]

======================================================================
ХОД 14
======================================================================
✓ 🎮 GM: начинаем ход
GM: start_turn

--- Радиовышки: сканирование слоя Z ---
  Радиовышка A2 (z=6): слой чист

--- Решения ботов ---
  [Team A] Артиллерия A1 (7,1,0) → SHOOT at (2,2,7)
  [Team A] Радиовышка A2 (4,4,6) → MOVE (3,3,7)
  [Team A] Тишина A5 (4,4,5) → MOVE (3,3,6)
  [Team A] Бурав A6 (3,0,0) → MOVE (2,1,1)
  [Team A] Провокатор A7 (2,7,2) → HOLOGRAM (2,6,3)
  [Team A] Паук A8 (4,6,3) → MINE (3,5,4)
  [Team A] Факел A4 → SKIP
  [Team B] Тишина B5 (5,5,5) → MOVE (4,4,6)
  [Team B] Бурав B6 (2,2,7) → MOVE (3,3,6)
  [Team C] все корабли пропускают ход
! 🎮 GM: принудительно завершает фазу планирования
GM: end_planning
# 
============================================================
# 🔄 ОБРАБОТКА ХОДА 14
# ============================================================
!    ⚠️ Провокатор A7: клетка (2,6,3) уже занята голограммой
   💣 Паук A8 установил мину M12 в (3,5,4)

📦 ПЕРЕМЕЩЕНИЯ:
   Радиовышка A2: (4, 4, 6) → (3,3,7)
   Тишина A5: (4, 4, 5) → (3,3,6)
!    ⚠️ Бурав A6: Бурав двигается только по 1 оси или по 2 осям строго диагонально
   Тишина B5: (5, 5, 5) → (4,4,6)
!    ⚠️ Бурав B6: Бурав двигается только по 1 оси или по 2 осям строго диагонально

🎯 ВЫСТРЕЛЫ:
✓    ✅ Артиллерия A1 поразил Бурав B6 (2 урона)!
   Выпущено ракет: 1
# 
📊 РЕЗУЛЬТАТЫ ХОДА 14:
✓ 💥 ПОПАДАНИЯ:
✓    Артиллерия A1 (Team A) → Бурав B6 (Team B)

--- Результаты хода ---
  Team A / Артиллерия A1      → Team B / Бурав B6           @ (2,2,7)  (УБИТ)

--- Состояние команд после хода ---
  Team A: живых 7/8
    ✓ Артиллерия A1      @ (7,1,0) hp=1/1
    ✓ Радиовышка A2      @ (3,3,7) hp=3/3
    ✓ Факел A4           @ (7,2,0) hp=6/6
    ✓ Тишина A5          @ (3,3,6) hp=2/2
    ✓ Бурав A6           @ (3,0,0) hp=4/4
    ✓ Провокатор A7      @ (2,7,2) hp=2/2
    ✓ Паук A8            @ (4,6,3) hp=1/1
    ✗ Прыгун A3          @ (4,7,6) [уничтожен]
  Team B: живых 1/8
    ✓ Тишина B5          @ (4,4,6) hp=2/2
    ✗ Артиллерия B1      @ (1,5,8) [уничтожен]
    ✗ Радиовышка B2      @ (5,5,6) [уничтожен]
    ✗ Прыгун B3          @ (5,4,7) [уничтожен]
    ✗ Факел B4           @ (2,2,7) [уничтожен]
    ✗ Бурав B6           @ (2,2,7) [уничтожен]
    ✗ Провокатор B7      @ (4,8,8) [уничтожен]
    ✗ Паук B8            @ (8,4,8) [уничтожен]
  Team C: живых 0/8
    ✗ Артиллерия C1      @ (4,5,5) [уничтожен]
    ✗ Радиовышка C2      @ (6,4,7) [уничтожен]
    ✗ Прыгун C3          @ (5,4,7) [уничтожен]
    ✗ Факел C4           @ (7,5,5) [уничтожен]
    ✗ Тишина C5          @ (4,5,6) [уничтожен]
    ✗ Бурав C6           @ (2,2,7) [уничтожен]
    ✗ Провокатор C7      @ (2,0,5) [уничтожен]
    ✗ Паук C8            @ (3,8,5) [уничтожен]

======================================================================
ХОД 15
======================================================================
✓ 🎮 GM: начинаем ход
GM: start_turn

--- Радиовышки: сканирование слоя Z ---
  Радиовышка A2 (z=7): слой чист

--- Решения ботов ---
  [Team A] Артиллерия A1 (7,1,0) → SHOOT at (9,4,9)
  [Team A] Радиовышка A2 (3,3,7) → MOVE (4,4,6)
  [Team A] Тишина A5 (3,3,6) → MOVE (4,4,5)
  [Team A] Бурав A6 (3,0,0) → MOVE (4,1,1)
  [Team A] Провокатор A7 (2,7,2) → MOVE (3,6,3)
  [Team A] Паук A8 (4,6,3) → MOVE (5,5,4)
  [Team A] Факел A4 → SKIP
  [Team B] Тишина B5 (4,4,6) → PHASE toggle
  [Team C] все корабли пропускают ход
! 🎮 GM: принудительно завершает фазу планирования
GM: end_planning
# 
============================================================
# 🔄 ОБРАБОТКА ХОДА 15
# ============================================================
   🌀 Тишина B5: фаза ВЫКЛ

📦 ПЕРЕМЕЩЕНИЯ:
!    ⚠️ Радиовышка A2: клетка (4,4,6) занята
   Тишина A5: (3, 3, 6) → (4,4,5)
!    ⚠️ Бурав A6: Бурав двигается только по 1 оси или по 2 осям строго диагонально
!    ⚠️ Провокатор A7: клетка (3,6,3) занята
   Паук A8: (4, 6, 3) → (5,5,4)

🎯 ВЫСТРЕЛЫ:
   Выпущено ракет: 1
# 
📊 РЕЗУЛЬТАТЫ ХОДА 15:
🎯 Попаданий нет

--- Результаты хода ---
  Попаданий нет

--- Состояние команд после хода ---
  Team A: живых 7/8
    ✓ Артиллерия A1      @ (7,1,0) hp=1/1
    ✓ Радиовышка A2      @ (3,3,7) hp=3/3
    ✓ Факел A4           @ (7,2,0) hp=6/6
    ✓ Тишина A5          @ (4,4,5) hp=2/2
    ✓ Бурав A6           @ (3,0,0) hp=4/4
    ✓ Провокатор A7      @ (2,7,2) hp=2/2
    ✓ Паук A8            @ (5,5,4) hp=1/1
    ✗ Прыгун A3          @ (4,7,6) [уничтожен]
  Team B: живых 1/8
    ✓ Тишина B5          @ (4,4,6) hp=2/2
    ✗ Артиллерия B1      @ (1,5,8) [уничтожен]
    ✗ Радиовышка B2      @ (5,5,6) [уничтожен]
    ✗ Прыгун B3          @ (5,4,7) [уничтожен]
    ✗ Факел B4           @ (2,2,7) [уничтожен]
    ✗ Бурав B6           @ (2,2,7) [уничтожен]
    ✗ Провокатор B7      @ (4,8,8) [уничтожен]
    ✗ Паук B8            @ (8,4,8) [уничтожен]
  Team C: живых 0/8
    ✗ Артиллерия C1      @ (4,5,5) [уничтожен]
    ✗ Радиовышка C2      @ (6,4,7) [уничтожен]
    ✗ Прыгун C3          @ (5,4,7) [уничтожен]
    ✗ Факел C4           @ (7,5,5) [уничтожен]
    ✗ Тишина C5          @ (4,5,6) [уничтожен]
    ✗ Бурав C6           @ (2,2,7) [уничтожен]
    ✗ Провокатор C7      @ (2,0,5) [уничтожен]
    ✗ Паук C8            @ (3,8,5) [уничтожен]

======================================================================
ХОД 16
======================================================================
✓ 🎮 GM: начинаем ход
GM: start_turn

--- Радиовышки: сканирование слоя Z ---
  Радиовышка A2 (z=7): слой чист

--- Решения ботов ---
  [Team A] Артиллерия A1 (7,1,0) → SHOOT at (4,4,6)
  [Team A] Радиовышка A2 (3,3,7) → MOVE (4,4,6)
  [Team A] Бурав A6 (3,0,0) → MOVE (4,1,1)
  [Team A] Провокатор A7 (2,7,2) → HOLOGRAM (3,6,3)
  [Team A] Паук A8 (5,5,4) → MINE (5,4,4)
  [Team A] Факел A4 → SKIP
  [Team A] Тишина A5 → SKIP
  [Team B] Тишина B5 (4,4,6) → MOVE (3,3,7)
  [Team C] все корабли пропускают ход
! 🎮 GM: принудительно завершает фазу планирования
GM: end_planning
# 
============================================================
# 🔄 ОБРАБОТКА ХОДА 16
# ============================================================
!    ⚠️ Провокатор A7: клетка (3,6,3) уже занята голограммой
   💣 Паук A8 установил мину M13 в (5,4,4)

📦 ПЕРЕМЕЩЕНИЯ:
!    ⚠️ Радиовышка A2: клетка (4,4,6) занята
!    ⚠️ Бурав A6: Бурав двигается только по 1 оси или по 2 осям строго диагонально
!    ⚠️ Тишина B5: клетка (3,3,7) занята

🎯 ВЫСТРЕЛЫ:
✓    ✅ Артиллерия A1 поразил Тишина B5 (2 урона)!
   Выпущено ракет: 1
# 
📊 РЕЗУЛЬТАТЫ ХОДА 16:
✓ 💥 ПОПАДАНИЯ:
✓    Артиллерия A1 (Team A) → Тишина B5 (Team B)
# 
🎮🎮🎮🎮🎮🎮🎮🎮🎮🎮🎮🎮🎮🎮🎮🎮🎮🎮🎮🎮
#         ИГРА ОКОНЧЕНА!
# 🎮🎮🎮🎮🎮🎮🎮🎮🎮🎮🎮🎮🎮🎮🎮🎮🎮🎮🎮🎮
✓         🏆 ПОБЕДИТЕЛЬ: Team A

--- Результаты хода ---
  Team A / Артиллерия A1      → Team B / Тишина B5          @ (4,4,6)  (УБИТ)

--- Состояние команд после хода ---
  Team A: живых 7/8
    ✓ Артиллерия A1      @ (7,1,0) hp=1/1
    ✓ Радиовышка A2      @ (3,3,7) hp=3/3
    ✓ Факел A4           @ (7,2,0) hp=6/6
    ✓ Тишина A5          @ (4,4,5) hp=2/2
    ✓ Бурав A6           @ (3,0,0) hp=4/4
    ✓ Провокатор A7      @ (2,7,2) hp=2/2
    ✓ Паук A8            @ (5,5,4) hp=1/1
    ✗ Прыгун A3          @ (4,7,6) [уничтожен]
  Team B: живых 0/8
    ✗ Артиллерия B1      @ (1,5,8) [уничтожен]
    ✗ Радиовышка B2      @ (5,5,6) [уничтожен]
    ✗ Прыгун B3          @ (5,4,7) [уничтожен]
    ✗ Факел B4           @ (2,2,7) [уничтожен]
    ✗ Тишина B5          @ (4,4,6) [уничтожен]
    ✗ Бурав B6           @ (2,2,7) [уничтожен]
    ✗ Провокатор B7      @ (4,8,8) [уничтожен]
    ✗ Паук B8            @ (8,4,8) [уничтожен]
  Team C: живых 0/8
    ✗ Артиллерия C1      @ (4,5,5) [уничтожен]
    ✗ Радиовышка C2      @ (6,4,7) [уничтожен]
    ✗ Прыгун C3          @ (5,4,7) [уничтожен]
    ✗ Факел C4           @ (7,5,5) [уничтожен]
    ✗ Тишина C5          @ (4,5,6) [уничтожен]
    ✗ Бурав C6           @ (2,2,7) [уничтожен]
    ✗ Провокатор C7      @ (2,0,5) [уничтожен]
    ✗ Паук C8            @ (3,8,5) [уничтожен]

======================================================================
ИТОГ
======================================================================
Игра окончена. Победитель: Team A
Ходов сыграно: 16

--- Сводка по командам ---
  Team A: 7/8 живых; hp=19
  Team B: 0/8 живых; hp=0
  Team C: 0/8 живых; hp=0

--- Сводка по пассивкам радиовышек ---
  Team A: сканирований=16, всего врагов-в-слоях=1, уникальных эксклюзивных (видны только радиовышкой)=0
  Team B: сканирований=12, всего врагов-в-слоях=1, уникальных эксклюзивных (видны только радиовышкой)=0
  Team C: сканирований=6, всего врагов-в-слоях=5, уникальных эксклюзивных (видны только радиовышкой)=0

--- Сводка по попаданиям ---
  Всего событий (шоты+тараны+мины): 21
  Уничтожено кораблей всего: 17
  Team A: урон=21 хиты=10 тараны=1 мины(сработало)=0 убийств=9
  Team B: урон=18 хиты=3 тараны=4 мины(сработало)=0 убийств=5
  Team C: урон=10 хиты=1 тараны=1 мины(сработало)=1 убийств=3
! 🎮 GM: остановка игры
