======================================================================
Space Battle 10×10×10 — simulation run at 2026-04-20T13:39:21+00:00
Game mode: advanced
Seed: 124
✓ 🚀 Продвинутый режим: создаю разные типы кораблей
   Команда A: спавн вдоль оси Y от (8, 2, 0) до (8, 4, 0)
   Команда B: спавн вдоль оси Y от (4, 0, 6) до (4, 6, 6)
   Команда C: спавн вдоль оси X от (3, 6, 5) до (7, 6, 5)
✓ ✅ Создано 24 кораблей


--- СТАРТОВАЯ РАССТАНОВКА ---
  Team A: живых 8/8
    ✓ Артиллерия A1      @ (8,2,0) hp=1/1
    ✓ Радиовышка A2      @ (8,0,0) hp=3/3
    ✓ Прыгун A3          @ (8,6,0) hp=2/2
    ✓ Факел A4           @ (8,9,0) hp=6/6
    ✓ Тишина A5          @ (8,7,0) hp=2/2
    ✓ Бурав A6           @ (8,8,0) hp=4/4
    ✓ Провокатор A7      @ (8,5,0) hp=2/2
    ✓ Паук A8            @ (8,4,0) hp=1/1
  Team B: живых 8/8
    ✓ Артиллерия B1      @ (4,0,6) hp=1/1
    ✓ Радиовышка B2      @ (4,8,6) hp=3/3
    ✓ Прыгун B3          @ (4,7,6) hp=2/2
    ✓ Факел B4           @ (4,4,6) hp=6/6
    ✓ Тишина B5          @ (4,3,6) hp=2/2
    ✓ Бурав B6           @ (4,9,6) hp=4/4
    ✓ Провокатор B7      @ (4,1,6) hp=2/2
    ✓ Паук B8            @ (4,6,6) hp=1/1
  Team C: живых 8/8
    ✓ Артиллерия C1      @ (3,6,5) hp=1/1
    ✓ Радиовышка C2      @ (2,6,5) hp=3/3
    ✓ Прыгун C3          @ (6,6,5) hp=2/2
    ✓ Факел C4           @ (1,6,5) hp=6/6
    ✓ Тишина C5          @ (5,6,5) hp=2/2
    ✓ Бурав C6           @ (8,6,5) hp=4/4
    ✓ Провокатор C7      @ (4,6,5) hp=2/2
    ✓ Паук C8            @ (7,6,5) hp=1/1

======================================================================
ХОД 1
======================================================================
✓ 🎮 GM: начинаем ход
GM: start_turn

--- Радиовышки: сканирование слоя Z ---
  Радиовышка A2 (z=0): слой чист
  Радиовышка B2 (z=6): слой чист
  Радиовышка C2 (z=5): слой чист

--- Решения ботов ---
  [Team A] Артиллерия A1 (8,2,0) → SHOOT at (9,4,8)
  [Team A] Радиовышка A2 (8,0,0) → MOVE (7,1,1)
  [Team A] Прыгун A3 (8,6,0) → MOVE (7,5,1)
  [Team A] Тишина A5 (8,7,0) → MOVE (7,6,1)
  [Team A] Бурав A6 (8,8,0) → MOVE (7,7,1)
  [Team A] Провокатор A7 (8,5,0) → MOVE (8,5,1)
  [Team A] Паук A8 (8,4,0) → MOVE (7,4,1)
  [Team A] Факел A4 → SKIP
  [Team B] Артиллерия B1 (4,0,6) → SHOOT at (3,6,5)
  [Team B] Радиовышка B2 (4,8,6) → MOVE (3,7,5)
  [Team B] Прыгун B3 (4,7,6) → MOVE (3,6,5)
  [Team B] Тишина B5 (4,3,6) → PHASE toggle
  [Team B] Бурав B6 (4,9,6) → MOVE (3,8,5)
  [Team B] Провокатор B7 (4,1,6) → HOLOGRAM (3,2,5)
  [Team B] Паук B8 (4,6,6) → MINE (3,7,6)
  [Team B] Факел B4 → SKIP
  [Team C] Артиллерия C1 (3,6,5) → SHOOT at (4,7,6)
  [Team C] Радиовышка C2 (2,6,5) → MOVE (3,7,6)
  [Team C] Прыгун C3 (6,6,5) → MOVE (4,4,6)
  [Team C] Тишина C5 (5,6,5) → PHASE toggle
  [Team C] Бурав C6 (8,6,5) → MOVE (7,7,6)
  [Team C] Провокатор C7 (4,6,5) → HOLOGRAM (4,7,6)
  [Team C] Паук C8 (7,6,5) → MINE (6,7,6)
  [Team C] Факел C4 → SKIP
! 🎮 GM: принудительно завершает фазу планирования
GM: end_planning
# 
============================================================
# 🔄 ОБРАБОТКА ХОДА 1
# ============================================================
   🌀 Тишина B5: уходит в фазу на 1 ход
   🌀 Тишина C5: уходит в фазу на 1 ход
   🪞 Провокатор B7 создал голограмму H1 в (3,2,5)
!    ⚠️ Провокатор C7: клетка (4,7,6) занята кораблём
   💣 Паук B8 установил мину M1 в (3,7,6)
   💣 Паук C8 установил мину M2 в (6,7,6)

📦 ПЕРЕМЕЩЕНИЯ:
   Радиовышка A2: (8, 0, 0) → (7,1,1)
   Прыгун A3: (8, 6, 0) → (7,5,1)
   Тишина A5: (8, 7, 0) → (7,6,1)
!    ⚠️ Бурав A6: Бурав двигается только по 1 оси или по 2 осям строго диагонально
   Провокатор A7: (8, 5, 0) → (8,5,1)
   Паук A8: (8, 4, 0) → (7,4,1)
   Радиовышка B2: (4, 8, 6) → (3,7,5)
✓    💥 Прыгун B3 тараном уничтожил Артиллерия C1 в (3,6,5)
   Прыгун B3: (4, 7, 6) → (3,6,5)
!    ⚠️ Бурав B6: Бурав двигается только по 1 оси или по 2 осям строго диагонально
   Радиовышка C2: (2, 6, 5) → (3,7,6)
!    💥 Мина M1 сработала под Радиовышка C2 (урон 2)
✓    💥 Прыгун C3 тараном уничтожил Факел B4 в (4,4,6)
   Прыгун C3: (6, 6, 5) → (4,4,6)
!    ⚠️ Бурав C6: Бурав двигается только по 1 оси или по 2 осям строго диагонально

🎯 ВЫСТРЕЛЫ:
   Выпущено ракет: 2
# 
📊 РЕЗУЛЬТАТЫ ХОДА 1:
🎯 Попаданий нет

--- Результаты хода ---
  Team B / Прыгун B3          → Team C / Артиллерия C1      @ (3,6,5)  (УБИТ)
  ? / ?                  → Team C / Радиовышка C2      @ (3,7,6)  (ранен)
  Team C / Прыгун C3          → Team B / Факел B4           @ (4,4,6)  (УБИТ)

--- Состояние команд после хода ---
  Team A: живых 8/8
    ✓ Артиллерия A1      @ (8,2,0) hp=1/1
    ✓ Радиовышка A2      @ (7,1,1) hp=3/3
    ✓ Прыгун A3          @ (7,5,1) hp=2/2
    ✓ Факел A4           @ (8,9,0) hp=6/6
    ✓ Тишина A5          @ (7,6,1) hp=2/2
    ✓ Бурав A6           @ (8,8,0) hp=4/4
    ✓ Провокатор A7      @ (8,5,1) hp=2/2
    ✓ Паук A8            @ (7,4,1) hp=1/1
  Team B: живых 7/8
    ✓ Артиллерия B1      @ (4,0,6) hp=1/1
    ✓ Радиовышка B2      @ (3,7,5) hp=3/3
    ✓ Прыгун B3          @ (3,6,5) hp=2/2
    ✓ Тишина B5          @ (4,3,6) hp=2/2
    ✓ Бурав B6           @ (4,9,6) hp=4/4
    ✓ Провокатор B7      @ (4,1,6) hp=2/2
    ✓ Паук B8            @ (4,6,6) hp=1/1
    ✗ Факел B4           @ (4,4,6) [уничтожен]
  Team C: живых 7/8
    ✓ Радиовышка C2      @ (3,7,6) hp=1/3
    ✓ Прыгун C3          @ (4,4,6) hp=2/2
    ✓ Факел C4           @ (1,6,5) hp=6/6
    ✓ Тишина C5          @ (5,6,5) hp=2/2
    ✓ Бурав C6           @ (8,6,5) hp=4/4
    ✓ Провокатор C7      @ (4,6,5) hp=2/2
    ✓ Паук C8            @ (7,6,5) hp=1/1
    ✗ Артиллерия C1      @ (3,6,5) [уничтожен]

======================================================================
ХОД 2
======================================================================
✓ 🎮 GM: начинаем ход
GM: start_turn

--- Радиовышки: сканирование слоя Z ---
  Радиовышка A2 (z=1): слой чист
  Радиовышка B2 (z=5): видит 4 врагов  → Факел C4(1,6,5), Провокатор C7(4,6,5), Паук C8(7,6,5), Бурав C6(8,6,5)
  Радиовышка C2 (z=6): видит 4 врагов  → Артиллерия B1(4,0,6), Провокатор B7(4,1,6), Паук B8(4,6,6), Бурав B6(4,9,6)

--- Решения ботов ---
  [Team A] Артиллерия A1 (8,2,0) → SHOOT at (3,6,5)
  [Team A] Радиовышка A2 (7,1,1) → MOVE (6,2,2)
  [Team A] Прыгун A3 (7,5,1) → MOVE (6,6,2)
  [Team A] Тишина A5 (7,6,1) → PHASE toggle
  [Team A] Бурав A6 (8,8,0) → MOVE (7,7,1)
  [Team A] Провокатор A7 (8,5,1) → HOLOGRAM (8,6,2)
  [Team A] Паук A8 (7,4,1) → MINE (6,5,2)
  [Team A] Факел A4 → SKIP
  [Team B] Артиллерия B1 (4,0,6) → SHOOT at (4,4,6)
  [Team B] Радиовышка B2 (3,7,5) → MOVE (3,7,6)
  [Team B] Прыгун B3 (3,6,5) → MOVE (1,6,5)
  [Team B] Тишина B5 (4,3,6) → MOVE (4,4,6)
  [Team B] Бурав B6 (4,9,6) → MOVE (3,8,6)
  [Team B] Провокатор B7 (4,1,6) → HOLOGRAM (4,2,6)
  [Team B] Паук B8 (4,6,6) → MINE (3,6,6)
  [Team C] Радиовышка C2 (3,7,6) → MOVE (3,7,5)
  [Team C] Прыгун C3 (4,4,6) → MOVE (3,6,5)
  [Team C] Факел C4 (1,6,5) → HEAL (AoE)
  [Team C] Тишина C5 (5,6,5) → MOVE (4,6,6)
  [Team C] Бурав C6 (8,6,5) → MOVE (7,5,4)
  [Team C] Провокатор C7 (4,6,5) → HOLOGRAM (4,7,5)
  [Team C] Паук C8 (7,6,5) → MINE (6,7,6)
! 🎮 GM: принудительно завершает фазу планирования
GM: end_planning
# 
============================================================
# 🔄 ОБРАБОТКА ХОДА 2
# ============================================================
   🌀 Тишина B5: фаза спала (действовала 1 ход)
   🌀 Тишина C5: фаза спала (действовала 1 ход)
   🌀 Тишина A5: уходит в фазу на 1 ход
   🪞 Провокатор A7 создал голограмму H2 в (8,6,2)
   🪞 Провокатор B7 создал голограмму H3 в (4,2,6)
   🪞 Провокатор C7 создал голограмму H4 в (4,7,5)
   💣 Паук A8 установил мину M3 в (6,5,2)
   💣 Паук B8 установил мину M4 в (3,6,6)
!    ⚠️ Паук C8: в клетке уже стоит мина

📦 ПЕРЕМЕЩЕНИЯ:
   Радиовышка A2: (7, 1, 1) → (6,2,2)
   Прыгун A3: (7, 5, 1) → (6,6,2)
!    ⚠️ Бурав A6: Бурав двигается только по 1 оси или по 2 осям строго диагонально
!    ⚠️ Радиовышка B2: клетка (3,7,6) занята
✓    💥 Прыгун B3 тараном уничтожил Факел C4 в (1,6,5)
   Прыгун B3: (3, 6, 5) → (1,6,5)
!    ⚠️ Тишина B5: клетка (4,4,6) занята
   Бурав B6: (4, 9, 6) → (3,8,6)
!    ⚠️ Радиовышка C2: клетка (3,7,5) занята
   Прыгун C3: (4, 4, 6) → (3,6,5)
!    ⚠️ Тишина C5: клетка (4,6,6) занята
!    ⚠️ Бурав C6: Бурав двигается только по 1 оси или по 2 осям строго диагонально

🎯 ВЫСТРЕЛЫ:
✓    ✅ Артиллерия A1 поразил Прыгун C3 (2 урона)!
   Выпущено ракет: 2
# 
📊 РЕЗУЛЬТАТЫ ХОДА 2:
✓ 💥 ПОПАДАНИЯ:
✓    Артиллерия A1 (Team A) → Прыгун C3 (Team C)

--- Результаты хода ---
  Team B / Прыгун B3          → Team C / Факел C4           @ (1,6,5)  (УБИТ)
  Team A / Артиллерия A1      → Team C / Прыгун C3          @ (3,6,5)  (УБИТ)

--- Состояние команд после хода ---
  Team A: живых 8/8
    ✓ Артиллерия A1      @ (8,2,0) hp=1/1
    ✓ Радиовышка A2      @ (6,2,2) hp=3/3
    ✓ Прыгун A3          @ (6,6,2) hp=2/2
    ✓ Факел A4           @ (8,9,0) hp=6/6
    ✓ Тишина A5          @ (7,6,1) hp=2/2
    ✓ Бурав A6           @ (8,8,0) hp=4/4
    ✓ Провокатор A7      @ (8,5,1) hp=2/2
    ✓ Паук A8            @ (7,4,1) hp=1/1
  Team B: живых 7/8
    ✓ Артиллерия B1      @ (4,0,6) hp=1/1
    ✓ Радиовышка B2      @ (3,7,5) hp=3/3
    ✓ Прыгун B3          @ (1,6,5) hp=2/2
    ✓ Тишина B5          @ (4,3,6) hp=2/2
    ✓ Бурав B6           @ (3,8,6) hp=4/4
    ✓ Провокатор B7      @ (4,1,6) hp=2/2
    ✓ Паук B8            @ (4,6,6) hp=1/1
    ✗ Факел B4           @ (4,4,6) [уничтожен]
  Team C: живых 5/8
    ✓ Радиовышка C2      @ (3,7,6) hp=1/3
    ✓ Тишина C5          @ (5,6,5) hp=2/2
    ✓ Бурав C6           @ (8,6,5) hp=4/4
    ✓ Провокатор C7      @ (4,6,5) hp=2/2
    ✓ Паук C8            @ (7,6,5) hp=1/1
    ✗ Артиллерия C1      @ (3,6,5) [уничтожен]
    ✗ Прыгун C3          @ (3,6,5) [уничтожен]
    ✗ Факел C4           @ (1,6,5) [уничтожен]

======================================================================
ХОД 3
======================================================================
✓ 🎮 GM: начинаем ход
GM: start_turn

--- Радиовышки: сканирование слоя Z ---
  Радиовышка A2 (z=2): слой чист
  Радиовышка B2 (z=5): видит 4 врагов  → Провокатор C7(4,6,5), Тишина C5(5,6,5), Паук C8(7,6,5), Бурав C6(8,6,5)
  Радиовышка C2 (z=6): видит 5 врагов [+2 эксклюзивно] → Бурав B6(3,8,6), Артиллерия B1(4,0,6), Провокатор B7(4,1,6), Тишина B5(4,3,6), Паук B8(4,6,6)

--- Решения ботов ---
  [Team A] Артиллерия A1 (8,2,0) → SHOOT at (4,0,6)
  [Team A] Радиовышка A2 (6,2,2) → MOVE (5,1,3)
  [Team A] Прыгун A3 (6,6,2) → MOVE (5,7,3)
  [Team A] Тишина A5 (7,6,1) → MOVE (6,7,2)
  [Team A] Бурав A6 (8,8,0) → MOVE (7,7,1)
  [Team A] Провокатор A7 (8,5,1) → HOLOGRAM (7,6,2)
  [Team A] Паук A8 (7,4,1) → MINE (6,5,2)
  [Team A] Факел A4 → SKIP
  [Team B] Артиллерия B1 (4,0,6) → SHOOT at (6,6,2)
  [Team B] Радиовышка B2 (3,7,5) → MOVE (3,7,6)
  [Team B] Прыгун B3 (1,6,5) → SHOOT at (4,6,5)
  [Team B] Тишина B5 (4,3,6) → MOVE (5,4,5)
  [Team B] Провокатор B7 (4,1,6) → HOLOGRAM (5,2,5)
  [Team B] Паук B8 (4,6,6) → MINE (4,7,6)
  [Team B] Бурав B6 → SKIP
  [Team C] Радиовышка C2 (3,7,6) → MOVE (3,7,5)
  [Team C] Тишина C5 (5,6,5) → MOVE (4,6,6)
  [Team C] Бурав C6 (8,6,5) → MOVE (7,6,4)
  [Team C] Провокатор C7 (4,6,5) → HOLOGRAM (3,6,5)
  [Team C] Паук C8 (7,6,5) → MINE (6,6,4)
! 🎮 GM: принудительно завершает фазу планирования
GM: end_planning
# 
============================================================
# 🔄 ОБРАБОТКА ХОДА 3
# ============================================================
   🌀 Тишина A5: фаза спала (действовала 1 ход)
   🪞 Провокатор A7 создал голограмму H5 в (7,6,2)
   🪞 Провокатор B7 создал голограмму H6 в (5,2,5)
   🪞 Провокатор C7 создал голограмму H7 в (3,6,5)
!    ⚠️ Паук A8: в клетке уже стоит мина
   💣 Паук B8 установил мину M5 в (4,7,6)
   💣 Паук C8 установил мину M6 в (6,6,4)

📦 ПЕРЕМЕЩЕНИЯ:
   Радиовышка A2: (6, 2, 2) → (5,1,3)
   Прыгун A3: (6, 6, 2) → (5,7,3)
   Тишина A5: (7, 6, 1) → (6,7,2)
!    ⚠️ Бурав A6: Бурав двигается только по 1 оси или по 2 осям строго диагонально
!    ⚠️ Радиовышка B2: клетка (3,7,6) занята
   Тишина B5: (4, 3, 6) → (5,4,5)
!    ⚠️ Радиовышка C2: клетка (3,7,5) занята
!    ⚠️ Тишина C5: клетка (4,6,6) занята
   Бурав C6: (8, 6, 5) → (7,6,4)

🎯 ВЫСТРЕЛЫ:
✓    ✅ Артиллерия A1 поразил Артиллерия B1 (2 урона)!
✓    💥 Прыгун B3 раскрыл голограмму H7 в (3, 6, 5)
   Выпущено ракет: 3
# 
📊 РЕЗУЛЬТАТЫ ХОДА 3:
✓ 💥 ПОПАДАНИЯ:
✓    Артиллерия A1 (Team A) → Артиллерия B1 (Team B)
✓    Прыгун B3 (Team B) → голограмма H7 (Team C)

--- Результаты хода ---
  Team A / Артиллерия A1      → Team B / Артиллерия B1      @ (4,0,6)  (УБИТ)

--- Состояние команд после хода ---
  Team A: живых 8/8
    ✓ Артиллерия A1      @ (8,2,0) hp=1/1
    ✓ Радиовышка A2      @ (5,1,3) hp=3/3
    ✓ Прыгун A3          @ (5,7,3) hp=2/2
    ✓ Факел A4           @ (8,9,0) hp=6/6
    ✓ Тишина A5          @ (6,7,2) hp=2/2
    ✓ Бурав A6           @ (8,8,0) hp=4/4
    ✓ Провокатор A7      @ (8,5,1) hp=2/2
    ✓ Паук A8            @ (7,4,1) hp=1/1
  Team B: живых 6/8
    ✓ Радиовышка B2      @ (3,7,5) hp=3/3
    ✓ Прыгун B3          @ (1,6,5) hp=2/2
    ✓ Тишина B5          @ (5,4,5) hp=2/2
    ✓ Бурав B6           @ (3,8,6) hp=4/4
    ✓ Провокатор B7      @ (4,1,6) hp=2/2
    ✓ Паук B8            @ (4,6,6) hp=1/1
    ✗ Артиллерия B1      @ (4,0,6) [уничтожен]
    ✗ Факел B4           @ (4,4,6) [уничтожен]
  Team C: живых 5/8
    ✓ Радиовышка C2      @ (3,7,6) hp=1/3
    ✓ Тишина C5          @ (5,6,5) hp=2/2
    ✓ Бурав C6           @ (7,6,4) hp=4/4
    ✓ Провокатор C7      @ (4,6,5) hp=2/2
    ✓ Паук C8            @ (7,6,5) hp=1/1
    ✗ Артиллерия C1      @ (3,6,5) [уничтожен]
    ✗ Прыгун C3          @ (3,6,5) [уничтожен]
    ✗ Факел C4           @ (1,6,5) [уничтожен]

======================================================================
ХОД 4
======================================================================
✓ 🎮 GM: начинаем ход
GM: start_turn

--- Радиовышки: сканирование слоя Z ---
  Радиовышка A2 (z=3): слой чист
  Радиовышка B2 (z=5): видит 3 врагов  → Провокатор C7(4,6,5), Тишина C5(5,6,5), Паук C8(7,6,5)
  Радиовышка C2 (z=6): видит 3 врагов [+1 эксклюзивно] → Бурав B6(3,8,6), Провокатор B7(4,1,6), Паук B8(4,6,6)

--- Решения ботов ---
  [Team A] Артиллерия A1 (8,2,0) → SHOOT at (4,6,5)
  [Team A] Радиовышка A2 (5,1,3) → MOVE (5,2,4)
  [Team A] Прыгун A3 (5,7,3) → MOVE (4,6,5)
  [Team A] Тишина A5 (6,7,2) → MOVE (7,6,3)
  [Team A] Бурав A6 (8,8,0) → MOVE (7,7,1)
  [Team A] Провокатор A7 (8,5,1) → HOLOGRAM (7,6,2)
  [Team A] Паук A8 (7,4,1) → MINE (7,5,2)
  [Team A] Факел A4 → SKIP
  [Team B] Радиовышка B2 (3,7,5) → MOVE (3,7,6)
  [Team B] Прыгун B3 (1,6,5) → SHOOT at (4,6,5)
  [Team B] Тишина B5 (5,4,5) → MOVE (5,5,5)
  [Team B] Провокатор B7 (4,1,6) → HOLOGRAM (5,1,5)
  [Team B] Паук B8 (4,6,6) → MINE (4,7,6)
  [Team B] Бурав B6 → SKIP
  [Team C] Радиовышка C2 (3,7,6) → MOVE (3,7,5)
  [Team C] Тишина C5 (5,6,5) → MOVE (4,6,6)
  [Team C] Бурав C6 (7,6,4) → MOVE (6,7,3)
  [Team C] Провокатор C7 (4,6,5) → HOLOGRAM (3,6,5)
  [Team C] Паук C8 (7,6,5) → MINE (6,7,4)
! 🎮 GM: принудительно завершает фазу планирования
GM: end_planning
# 
============================================================
# 🔄 ОБРАБОТКА ХОДА 4
# ============================================================
!    ⚠️ Провокатор A7: клетка (7,6,2) уже занята голограммой
   🪞 Провокатор B7 создал голограмму H8 в (5,1,5)
   🪞 Провокатор C7 создал голограмму H9 в (3,6,5)
   💣 Паук A8 установил мину M7 в (7,5,2)
!    ⚠️ Паук B8: в клетке уже стоит мина
   💣 Паук C8 установил мину M8 в (6,7,4)

📦 ПЕРЕМЕЩЕНИЯ:
   Радиовышка A2: (5, 1, 3) → (5,2,4)
✓    💥 Прыгун A3 тараном уничтожил Провокатор C7 в (4,6,5)
   Прыгун A3: (5, 7, 3) → (4,6,5)
   Тишина A5: (6, 7, 2) → (7,6,3)
!    ⚠️ Бурав A6: Бурав двигается только по 1 оси или по 2 осям строго диагонально
!    ⚠️ Радиовышка B2: клетка (3,7,6) занята
   Тишина B5: (5, 4, 5) → (5,5,5)
!    ⚠️ Радиовышка C2: клетка (3,7,5) занята
!    ⚠️ Тишина C5: клетка (4,6,6) занята
!    ⚠️ Бурав C6: Бурав двигается только по 1 оси или по 2 осям строго диагонально

🎯 ВЫСТРЕЛЫ:
✓    💥 Прыгун B3 раскрыл голограмму H9 в (3, 6, 5)
   Выпущено ракет: 2
# 
📊 РЕЗУЛЬТАТЫ ХОДА 4:
✓ 💥 ПОПАДАНИЯ:
✓    Прыгун B3 (Team B) → голограмма H9 (Team C)

--- Результаты хода ---
  Team A / Прыгун A3          → Team C / Провокатор C7      @ (4,6,5)  (УБИТ)

--- Состояние команд после хода ---
  Team A: живых 8/8
    ✓ Артиллерия A1      @ (8,2,0) hp=1/1
    ✓ Радиовышка A2      @ (5,2,4) hp=3/3
    ✓ Прыгун A3          @ (4,6,5) hp=2/2
    ✓ Факел A4           @ (8,9,0) hp=6/6
    ✓ Тишина A5          @ (7,6,3) hp=2/2
    ✓ Бурав A6           @ (8,8,0) hp=4/4
    ✓ Провокатор A7      @ (8,5,1) hp=2/2
    ✓ Паук A8            @ (7,4,1) hp=1/1
  Team B: живых 6/8
    ✓ Радиовышка B2      @ (3,7,5) hp=3/3
    ✓ Прыгун B3          @ (1,6,5) hp=2/2
    ✓ Тишина B5          @ (5,5,5) hp=2/2
    ✓ Бурав B6           @ (3,8,6) hp=4/4
    ✓ Провокатор B7      @ (4,1,6) hp=2/2
    ✓ Паук B8            @ (4,6,6) hp=1/1
    ✗ Артиллерия B1      @ (4,0,6) [уничтожен]
    ✗ Факел B4           @ (4,4,6) [уничтожен]
  Team C: живых 4/8
    ✓ Радиовышка C2      @ (3,7,6) hp=1/3
    ✓ Тишина C5          @ (5,6,5) hp=2/2
    ✓ Бурав C6           @ (7,6,4) hp=4/4
    ✓ Паук C8            @ (7,6,5) hp=1/1
    ✗ Артиллерия C1      @ (3,6,5) [уничтожен]
    ✗ Прыгун C3          @ (3,6,5) [уничтожен]
    ✗ Факел C4           @ (1,6,5) [уничтожен]
    ✗ Провокатор C7      @ (4,6,5) [уничтожен]

======================================================================
ХОД 5
======================================================================
✓ 🎮 GM: начинаем ход
GM: start_turn

--- Радиовышки: сканирование слоя Z ---
  Радиовышка A2 (z=4): видит 1 врагов  → Бурав C6(7,6,4)
  Радиовышка B2 (z=5): видит 3 врагов  → Прыгун A3(4,6,5), Тишина C5(5,6,5), Паук C8(7,6,5)
  Радиовышка C2 (z=6): видит 3 врагов [+1 эксклюзивно] → Бурав B6(3,8,6), Провокатор B7(4,1,6), Паук B8(4,6,6)

--- Решения ботов ---
  [Team A] Артиллерия A1 (8,2,0) → SHOOT at (4,1,6)
  [Team A] Радиовышка A2 (5,2,4) → MOVE (4,1,5)
  [Team A] Прыгун A3 (4,6,5) → MOVE (3,8,6)
  [Team A] Тишина A5 (7,6,3) → MOVE (7,6,4)
  [Team A] Бурав A6 (8,8,0) → MOVE (7,7,1)
  [Team A] Провокатор A7 (8,5,1) → HOLOGRAM (7,6,2)
  [Team A] Паук A8 (7,4,1) → MINE (7,5,2)
  [Team A] Факел A4 → SKIP
  [Team B] Радиовышка B2 (3,7,5) → MOVE (4,6,5)
  [Team B] Прыгун B3 (1,6,5) → MOVE (3,7,6)
  [Team B] Тишина B5 (5,5,5) → PHASE toggle
  [Team B] Провокатор B7 (4,1,6) → HOLOGRAM (5,2,5)
  [Team B] Бурав B6 → SKIP
  [Team B] Паук B8 → SKIP
  [Team C] Радиовышка C2 (3,7,6) → MOVE (4,6,5)
  [Team C] Тишина C5 (5,6,5) → PHASE toggle
  [Team C] Бурав C6 (7,6,4) → MOVE (7,6,3)
  [Team C] Паук C8 → SKIP
! 🎮 GM: принудительно завершает фазу планирования
GM: end_planning
# 
============================================================
# 🔄 ОБРАБОТКА ХОДА 5
# ============================================================
   🌀 Тишина B5: уходит в фазу на 1 ход
   🌀 Тишина C5: уходит в фазу на 1 ход
!    ⚠️ Провокатор A7: клетка (7,6,2) уже занята голограммой
!    ⚠️ Провокатор B7: клетка (5,2,5) уже занята голограммой
!    ⚠️ Паук A8: в клетке уже стоит мина

📦 ПЕРЕМЕЩЕНИЯ:
   Радиовышка A2: (5, 2, 4) → (4,1,5)
✓    💥 Прыгун A3 тараном уничтожил Бурав B6 в (3,8,6)
   Прыгун A3: (4, 6, 5) → (3,8,6)
!    ⚠️ Тишина A5: клетка (7,6,4) занята
!    ⚠️ Бурав A6: Бурав двигается только по 1 оси или по 2 осям строго диагонально
   Радиовышка B2: (3, 7, 5) → (4,6,5)
✓    💥 Прыгун B3 тараном уничтожил Радиовышка C2 в (3,7,6)
   Прыгун B3: (1, 6, 5) → (3,7,6)
✓    💥 Бурав C6 тараном уничтожил Тишина A5 в (7,6,3)
   Бурав C6: (7, 6, 4) → (7,6,3)

🎯 ВЫСТРЕЛЫ:
✓    ✅ Артиллерия A1 поразил Провокатор B7 (2 урона)!
   Выпущено ракет: 1
# 
📊 РЕЗУЛЬТАТЫ ХОДА 5:
✓ 💥 ПОПАДАНИЯ:
✓    Артиллерия A1 (Team A) → Провокатор B7 (Team B)

--- Результаты хода ---
  Team A / Прыгун A3          → Team B / Бурав B6           @ (3,8,6)  (УБИТ)
  Team B / Прыгун B3          → Team C / Радиовышка C2      @ (3,7,6)  (УБИТ)
  Team C / Бурав C6           → Team A / Тишина A5          @ (7,6,3)  (УБИТ)
  Team A / Артиллерия A1      → Team B / Провокатор B7      @ (4,1,6)  (УБИТ)

--- Состояние команд после хода ---
  Team A: живых 7/8
    ✓ Артиллерия A1      @ (8,2,0) hp=1/1
    ✓ Радиовышка A2      @ (4,1,5) hp=3/3
    ✓ Прыгун A3          @ (3,8,6) hp=2/2
    ✓ Факел A4           @ (8,9,0) hp=6/6
    ✓ Бурав A6           @ (8,8,0) hp=4/4
    ✓ Провокатор A7      @ (8,5,1) hp=2/2
    ✓ Паук A8            @ (7,4,1) hp=1/1
    ✗ Тишина A5          @ (7,6,3) [уничтожен]
  Team B: живых 4/8
    ✓ Радиовышка B2      @ (4,6,5) hp=3/3
    ✓ Прыгун B3          @ (3,7,6) hp=2/2
    ✓ Тишина B5          @ (5,5,5) hp=2/2
    ✓ Паук B8            @ (4,6,6) hp=1/1
    ✗ Артиллерия B1      @ (4,0,6) [уничтожен]
    ✗ Факел B4           @ (4,4,6) [уничтожен]
    ✗ Бурав B6           @ (3,8,6) [уничтожен]
    ✗ Провокатор B7      @ (4,1,6) [уничтожен]
  Team C: живых 3/8
    ✓ Тишина C5          @ (5,6,5) hp=2/2
    ✓ Бурав C6           @ (7,6,3) hp=4/4
    ✓ Паук C8            @ (7,6,5) hp=1/1
    ✗ Артиллерия C1      @ (3,6,5) [уничтожен]
    ✗ Радиовышка C2      @ (3,7,6) [уничтожен]
    ✗ Прыгун C3          @ (3,6,5) [уничтожен]
    ✗ Факел C4           @ (1,6,5) [уничтожен]
    ✗ Провокатор C7      @ (4,6,5) [уничтожен]

======================================================================
ХОД 6
======================================================================
✓ 🎮 GM: начинаем ход
GM: start_turn

--- Радиовышки: сканирование слоя Z ---
  Радиовышка A2 (z=5): видит 2 врагов  → Радиовышка B2(4,6,5), Паук C8(7,6,5)
  Радиовышка B2 (z=5): видит 2 врагов  → Радиовышка A2(4,1,5), Паук C8(7,6,5)

--- Решения ботов ---
  [Team A] Артиллерия A1 (8,2,0) → SHOOT at (3,7,6)
  [Team A] Радиовышка A2 (4,1,5) → MOVE (4,2,5)
  [Team A] Прыгун A3 (3,8,6) → MOVE (3,7,6)
  [Team A] Бурав A6 (8,8,0) → MOVE (7,7,1)
  [Team A] Провокатор A7 (8,5,1) → HOLOGRAM (7,6,2)
  [Team A] Паук A8 (7,4,1) → MINE (8,5,2)
  [Team A] Факел A4 → SKIP
  [Team B] Радиовышка B2 (4,6,5) → MOVE (3,6,5)
  [Team B] Прыгун B3 (3,7,6) → MOVE (3,8,6)
  [Team B] Тишина B5 (5,5,5) → MOVE (6,6,4)
  [Team B] Паук B8 (4,6,6) → MINE (3,6,6)
  [Team C] Тишина C5 (5,6,5) → MOVE (4,6,5)
  [Team C] Бурав C6 (7,6,3) → MOVE (7,4,1)
  [Team C] Паук C8 (7,6,5) → MINE (6,6,5)
! 🎮 GM: принудительно завершает фазу планирования
GM: end_planning
# 
============================================================
# 🔄 ОБРАБОТКА ХОДА 6
# ============================================================
   🌀 Тишина B5: фаза спала (действовала 1 ход)
   🌀 Тишина C5: фаза спала (действовала 1 ход)
!    ⚠️ Провокатор A7: клетка (7,6,2) уже занята голограммой
   💣 Паук A8 установил мину M9 в (8,5,2)
!    ⚠️ Паук B8: в клетке уже стоит мина
   💣 Паук C8 установил мину M10 в (6,6,5)

📦 ПЕРЕМЕЩЕНИЯ:
   Радиовышка A2: (4, 1, 5) → (4,2,5)
✓    💥 Прыгун A3 тараном уничтожил Прыгун B3 в (3,7,6)
   Прыгун A3: (3, 8, 6) → (3,7,6)
!    ⚠️ Бурав A6: Бурав двигается только по 1 оси или по 2 осям строго диагонально
   Радиовышка B2: (4, 6, 5) → (3,6,5)
   Тишина B5: (5, 5, 5) → (6,6,4)
!    💥 Мина M6 сработала под Тишина B5 (урон 2) — КОРАБЛЬ УНИЧТОЖЕН
   Тишина C5: (5, 6, 5) → (4,6,5)
✓    💥 Бурав C6 тараном уничтожил Паук A8 в (7,4,1)
   Бурав C6: (7, 6, 3) → (7,4,1)

🎯 ВЫСТРЕЛЫ:
   Выпущено ракет: 1
# 
📊 РЕЗУЛЬТАТЫ ХОДА 6:
🎯 Попаданий нет

--- Результаты хода ---
  Team A / Прыгун A3          → Team B / Прыгун B3          @ (3,7,6)  (УБИТ)
  ? / ?                  → Team B / Тишина B5          @ (6,6,4)  (УБИТ)
  Team C / Бурав C6           → Team A / Паук A8            @ (7,4,1)  (УБИТ)

--- Состояние команд после хода ---
  Team A: живых 6/8
    ✓ Артиллерия A1      @ (8,2,0) hp=1/1
    ✓ Радиовышка A2      @ (4,2,5) hp=3/3
    ✓ Прыгун A3          @ (3,7,6) hp=2/2
    ✓ Факел A4           @ (8,9,0) hp=6/6
    ✓ Бурав A6           @ (8,8,0) hp=4/4
    ✓ Провокатор A7      @ (8,5,1) hp=2/2
    ✗ Тишина A5          @ (7,6,3) [уничтожен]
    ✗ Паук A8            @ (7,4,1) [уничтожен]
  Team B: живых 2/8
    ✓ Радиовышка B2      @ (3,6,5) hp=3/3
    ✓ Паук B8            @ (4,6,6) hp=1/1
    ✗ Артиллерия B1      @ (4,0,6) [уничтожен]
    ✗ Прыгун B3          @ (3,7,6) [уничтожен]
    ✗ Факел B4           @ (4,4,6) [уничтожен]
    ✗ Тишина B5          @ (6,6,4) [уничтожен]
    ✗ Бурав B6           @ (3,8,6) [уничтожен]
    ✗ Провокатор B7      @ (4,1,6) [уничтожен]
  Team C: живых 3/8
    ✓ Тишина C5          @ (4,6,5) hp=2/2
    ✓ Бурав C6           @ (7,4,1) hp=4/4
    ✓ Паук C8            @ (7,6,5) hp=1/1
    ✗ Артиллерия C1      @ (3,6,5) [уничтожен]
    ✗ Радиовышка C2      @ (3,7,6) [уничтожен]
    ✗ Прыгун C3          @ (3,6,5) [уничтожен]
    ✗ Факел C4           @ (1,6,5) [уничтожен]
    ✗ Провокатор C7      @ (4,6,5) [уничтожен]

======================================================================
ХОД 7
======================================================================
✓ 🎮 GM: начинаем ход
GM: start_turn

--- Радиовышки: сканирование слоя Z ---
  Радиовышка A2 (z=5): видит 3 врагов  → Радиовышка B2(3,6,5), Тишина C5(4,6,5), Паук C8(7,6,5)
  Радиовышка B2 (z=5): видит 3 врагов  → Радиовышка A2(4,2,5), Тишина C5(4,6,5), Паук C8(7,6,5)

--- Решения ботов ---
  [Team A] Артиллерия A1 (8,2,0) → SHOOT at (4,6,5)
  [Team A] Радиовышка A2 (4,2,5) → MOVE (3,3,5)
  [Team A] Прыгун A3 (3,7,6) → MOVE (3,6,5)
  [Team A] Бурав A6 (8,8,0) → MOVE (7,7,1)
  [Team A] Провокатор A7 (8,5,1) → HOLOGRAM (7,4,1)
  [Team A] Факел A4 → SKIP
  [Team B] Радиовышка B2 (3,6,5) → MOVE (3,7,6)
  [Team B] Паук B8 (4,6,6) → MINE (3,6,6)
  [Team C] Тишина C5 (4,6,5) → MOVE (3,7,6)
  [Team C] Бурав C6 (7,4,1) → MOVE (8,5,1)
  [Team C] Паук C8 (7,6,5) → MINE (6,6,6)
! 🎮 GM: принудительно завершает фазу планирования
GM: end_planning
# 
============================================================
# 🔄 ОБРАБОТКА ХОДА 7
# ============================================================
!    ⚠️ Провокатор A7: клетка (7,4,1) занята кораблём
!    ⚠️ Паук B8: в клетке уже стоит мина
   💣 Паук C8 установил мину M11 в (6,6,6)

📦 ПЕРЕМЕЩЕНИЯ:
   Радиовышка A2: (4, 2, 5) → (3,3,5)
✓    💥 Прыгун A3 тараном уничтожил Радиовышка B2 в (3,6,5)
   Прыгун A3: (3, 7, 6) → (3,6,5)
!    ⚠️ Бурав A6: Бурав двигается только по 1 оси или по 2 осям строго диагонально
   Тишина C5: (4, 6, 5) → (3,7,6)
✓    💥 Бурав C6 тараном уничтожил Провокатор A7 в (8,5,1)
   Бурав C6: (7, 4, 1) → (8,5,1)

🎯 ВЫСТРЕЛЫ:
   Выпущено ракет: 1
# 
📊 РЕЗУЛЬТАТЫ ХОДА 7:
🎯 Попаданий нет

--- Результаты хода ---
  Team A / Прыгун A3          → Team B / Радиовышка B2      @ (3,6,5)  (УБИТ)
  Team C / Бурав C6           → Team A / Провокатор A7      @ (8,5,1)  (УБИТ)

--- Состояние команд после хода ---
  Team A: живых 5/8
    ✓ Артиллерия A1      @ (8,2,0) hp=1/1
    ✓ Радиовышка A2      @ (3,3,5) hp=3/3
    ✓ Прыгун A3          @ (3,6,5) hp=2/2
    ✓ Факел A4           @ (8,9,0) hp=6/6
    ✓ Бурав A6           @ (8,8,0) hp=4/4
    ✗ Тишина A5          @ (7,6,3) [уничтожен]
    ✗ Провокатор A7      @ (8,5,1) [уничтожен]
    ✗ Паук A8            @ (7,4,1) [уничтожен]
  Team B: живых 1/8
    ✓ Паук B8            @ (4,6,6) hp=1/1
    ✗ Артиллерия B1      @ (4,0,6) [уничтожен]
    ✗ Радиовышка B2      @ (3,6,5) [уничтожен]
    ✗ Прыгун B3          @ (3,7,6) [уничтожен]
    ✗ Факел B4           @ (4,4,6) [уничтожен]
    ✗ Тишина B5          @ (6,6,4) [уничтожен]
    ✗ Бурав B6           @ (3,8,6) [уничтожен]
    ✗ Провокатор B7      @ (4,1,6) [уничтожен]
  Team C: живых 3/8
    ✓ Тишина C5          @ (3,7,6) hp=2/2
    ✓ Бурав C6           @ (8,5,1) hp=4/4
    ✓ Паук C8            @ (7,6,5) hp=1/1
    ✗ Артиллерия C1      @ (3,6,5) [уничтожен]
    ✗ Радиовышка C2      @ (3,7,6) [уничтожен]
    ✗ Прыгун C3          @ (3,6,5) [уничтожен]
    ✗ Факел C4           @ (1,6,5) [уничтожен]
    ✗ Провокатор C7      @ (4,6,5) [уничтожен]

======================================================================
ХОД 8
======================================================================
✓ 🎮 GM: начинаем ход
GM: start_turn

--- Радиовышки: сканирование слоя Z ---
  Радиовышка A2 (z=5): видит 1 врагов  → Паук C8(7,6,5)

--- Решения ботов ---
  [Team A] Артиллерия A1 (8,2,0) → SHOOT at (7,6,5)
  [Team A] Радиовышка A2 (3,3,5) → MOVE (4,4,6)
  [Team A] Прыгун A3 (3,6,5) → MOVE (3,7,6)
  [Team A] Бурав A6 (8,8,0) → MOVE (8,7,1)
  [Team A] Факел A4 → SKIP
  [Team B] Паук B8 (4,6,6) → MINE (3,6,5)
  [Team C] Тишина C5 (3,7,6) → MOVE (3,6,5)
  [Team C] Бурав C6 (8,5,1) → MOVE (8,4,0)
  [Team C] Паук C8 (7,6,5) → MINE (6,6,6)
! 🎮 GM: принудительно завершает фазу планирования
GM: end_planning
# 
============================================================
# 🔄 ОБРАБОТКА ХОДА 8
# ============================================================
!    ⚠️ Паук B8: клетка (3,6,5) занята кораблём
!    ⚠️ Паук C8: в клетке уже стоит мина

📦 ПЕРЕМЕЩЕНИЯ:
   Радиовышка A2: (3, 3, 5) → (4,4,6)
✓    💥 Прыгун A3 тараном уничтожил Тишина C5 в (3,7,6)
   Прыгун A3: (3, 6, 5) → (3,7,6)
   Бурав A6: (8, 8, 0) → (8,7,1)
   Бурав C6: (8, 5, 1) → (8,4,0)

🎯 ВЫСТРЕЛЫ:
✓    ✅ Артиллерия A1 поразил Паук C8 (2 урона)!
   Выпущено ракет: 1
# 
📊 РЕЗУЛЬТАТЫ ХОДА 8:
✓ 💥 ПОПАДАНИЯ:
✓    Артиллерия A1 (Team A) → Паук C8 (Team C)

--- Результаты хода ---
  Team A / Прыгун A3          → Team C / Тишина C5          @ (3,7,6)  (УБИТ)
  Team A / Артиллерия A1      → Team C / Паук C8            @ (7,6,5)  (УБИТ)

--- Состояние команд после хода ---
  Team A: живых 5/8
    ✓ Артиллерия A1      @ (8,2,0) hp=1/1
    ✓ Радиовышка A2      @ (4,4,6) hp=3/3
    ✓ Прыгун A3          @ (3,7,6) hp=2/2
    ✓ Факел A4           @ (8,9,0) hp=6/6
    ✓ Бурав A6           @ (8,7,1) hp=4/4
    ✗ Тишина A5          @ (7,6,3) [уничтожен]
    ✗ Провокатор A7      @ (8,5,1) [уничтожен]
    ✗ Паук A8            @ (7,4,1) [уничтожен]
  Team B: живых 1/8
    ✓ Паук B8            @ (4,6,6) hp=1/1
    ✗ Артиллерия B1      @ (4,0,6) [уничтожен]
    ✗ Радиовышка B2      @ (3,6,5) [уничтожен]
    ✗ Прыгун B3          @ (3,7,6) [уничтожен]
    ✗ Факел B4           @ (4,4,6) [уничтожен]
    ✗ Тишина B5          @ (6,6,4) [уничтожен]
    ✗ Бурав B6           @ (3,8,6) [уничтожен]
    ✗ Провокатор B7      @ (4,1,6) [уничтожен]
  Team C: живых 1/8
    ✓ Бурав C6           @ (8,4,0) hp=4/4
    ✗ Артиллерия C1      @ (3,6,5) [уничтожен]
    ✗ Радиовышка C2      @ (3,7,6) [уничтожен]
    ✗ Прыгун C3          @ (3,6,5) [уничтожен]
    ✗ Факел C4           @ (1,6,5) [уничтожен]
    ✗ Тишина C5          @ (3,7,6) [уничтожен]
    ✗ Провокатор C7      @ (4,6,5) [уничтожен]
    ✗ Паук C8            @ (7,6,5) [уничтожен]

======================================================================
ХОД 9
======================================================================
✓ 🎮 GM: начинаем ход
GM: start_turn

--- Радиовышки: сканирование слоя Z ---
  Радиовышка A2 (z=6): видит 1 врагов  → Паук B8(4,6,6)

--- Решения ботов ---
  [Team A] Артиллерия A1 (8,2,0) → SHOOT at (4,6,6)
  [Team A] Радиовышка A2 (4,4,6) → MOVE (4,5,6)
  [Team A] Прыгун A3 (3,7,6) → MOVE (4,6,6)
  [Team A] Факел A4 (8,9,0) → SHOOT at (8,4,0)
  [Team A] Бурав A6 (8,7,1) → MOVE (8,6,0)
  [Team B] Паук B8 (4,6,6) → MINE (4,5,6)
  [Team C] Бурав C6 (8,4,0) → MOVE (8,2,0)
! 🎮 GM: принудительно завершает фазу планирования
GM: end_planning
# 
============================================================
# 🔄 ОБРАБОТКА ХОДА 9
# ============================================================
   💣 Паук B8 установил мину M12 в (4,5,6)

📦 ПЕРЕМЕЩЕНИЯ:
   Радиовышка A2: (4, 4, 6) → (4,5,6)
!    💥 Мина M12 сработала под Радиовышка A2 (урон 2)
✓    💥 Прыгун A3 тараном уничтожил Паук B8 в (4,6,6)
   Прыгун A3: (3, 7, 6) → (4,6,6)
   Бурав A6: (8, 7, 1) → (8,6,0)
✓    💥 Бурав C6 тараном уничтожил Артиллерия A1 в (8,2,0)
   Бурав C6: (8, 4, 0) → (8,2,0)

🎯 ВЫСТРЕЛЫ:
!    🛡️ Выстрел Факел A4 заблокирован союзником Бурав A6 в (8, 6, 0)
   Выпущено ракет: 1
# 
📊 РЕЗУЛЬТАТЫ ХОДА 9:
🎯 Попаданий нет

--- Результаты хода ---
  ? / ?                  → Team A / Радиовышка A2      @ (4,5,6)  (ранен)
  Team A / Прыгун A3          → Team B / Паук B8            @ (4,6,6)  (УБИТ)
  Team C / Бурав C6           → Team A / Артиллерия A1      @ (8,2,0)  (УБИТ)

--- Состояние команд после хода ---
  Team A: живых 4/8
    ✓ Радиовышка A2      @ (4,5,6) hp=1/3
    ✓ Прыгун A3          @ (4,6,6) hp=2/2
    ✓ Факел A4           @ (8,9,0) hp=6/6
    ✓ Бурав A6           @ (8,6,0) hp=4/4
    ✗ Артиллерия A1      @ (8,2,0) [уничтожен]
    ✗ Тишина A5          @ (7,6,3) [уничтожен]
    ✗ Провокатор A7      @ (8,5,1) [уничтожен]
    ✗ Паук A8            @ (7,4,1) [уничтожен]
  Team B: живых 0/8
    ✗ Артиллерия B1      @ (4,0,6) [уничтожен]
    ✗ Радиовышка B2      @ (3,6,5) [уничтожен]
    ✗ Прыгун B3          @ (3,7,6) [уничтожен]
    ✗ Факел B4           @ (4,4,6) [уничтожен]
    ✗ Тишина B5          @ (6,6,4) [уничтожен]
    ✗ Бурав B6           @ (3,8,6) [уничтожен]
    ✗ Провокатор B7      @ (4,1,6) [уничтожен]
    ✗ Паук B8            @ (4,6,6) [уничтожен]
  Team C: живых 1/8
    ✓ Бурав C6           @ (8,2,0) hp=4/4
    ✗ Артиллерия C1      @ (3,6,5) [уничтожен]
    ✗ Радиовышка C2      @ (3,7,6) [уничтожен]
    ✗ Прыгун C3          @ (3,6,5) [уничтожен]
    ✗ Факел C4           @ (1,6,5) [уничтожен]
    ✗ Тишина C5          @ (3,7,6) [уничтожен]
    ✗ Провокатор C7      @ (4,6,5) [уничтожен]
    ✗ Паук C8            @ (7,6,5) [уничтожен]

======================================================================
ХОД 10
======================================================================
✓ 🎮 GM: начинаем ход
GM: start_turn

--- Радиовышки: сканирование слоя Z ---
  Радиовышка A2 (z=6): слой чист

--- Решения ботов ---
  [Team A] Радиовышка A2 (4,5,6) → MOVE (5,4,5)
  [Team A] Прыгун A3 (4,6,6) → MOVE (5,5,5)
  [Team A] Факел A4 (8,9,0) → MOVE (7,8,1)
  [Team A] Бурав A6 (8,6,0) → MOVE (8,5,0)
  [Team B] все корабли пропускают ход
  [Team C] Бурав C6 (8,2,0) → MOVE (8,3,0)
! 🎮 GM: принудительно завершает фазу планирования
GM: end_planning
# 
============================================================
# 🔄 ОБРАБОТКА ХОДА 10
# ============================================================

📦 ПЕРЕМЕЩЕНИЯ:
   Радиовышка A2: (4, 5, 6) → (5,4,5)
   Прыгун A3: (4, 6, 6) → (5,5,5)
   Факел A4: (8, 9, 0) → (7,8,1)
   Бурав A6: (8, 6, 0) → (8,5,0)
   Бурав C6: (8, 2, 0) → (8,3,0)

🎯 ВЫСТРЕЛЫ:
   Выпущено ракет: 0
# 
📊 РЕЗУЛЬТАТЫ ХОДА 10:
🎯 Попаданий нет

--- Результаты хода ---
  Попаданий нет

--- Состояние команд после хода ---
  Team A: живых 4/8
    ✓ Радиовышка A2      @ (5,4,5) hp=1/3
    ✓ Прыгун A3          @ (5,5,5) hp=2/2
    ✓ Факел A4           @ (7,8,1) hp=6/6
    ✓ Бурав A6           @ (8,5,0) hp=4/4
    ✗ Артиллерия A1      @ (8,2,0) [уничтожен]
    ✗ Тишина A5          @ (7,6,3) [уничтожен]
    ✗ Провокатор A7      @ (8,5,1) [уничтожен]
    ✗ Паук A8            @ (7,4,1) [уничтожен]
  Team B: живых 0/8
    ✗ Артиллерия B1      @ (4,0,6) [уничтожен]
    ✗ Радиовышка B2      @ (3,6,5) [уничтожен]
    ✗ Прыгун B3          @ (3,7,6) [уничтожен]
    ✗ Факел B4           @ (4,4,6) [уничтожен]
    ✗ Тишина B5          @ (6,6,4) [уничтожен]
    ✗ Бурав B6           @ (3,8,6) [уничтожен]
    ✗ Провокатор B7      @ (4,1,6) [уничтожен]
    ✗ Паук B8            @ (4,6,6) [уничтожен]
  Team C: живых 1/8
    ✓ Бурав C6           @ (8,3,0) hp=4/4
    ✗ Артиллерия C1      @ (3,6,5) [уничтожен]
    ✗ Радиовышка C2      @ (3,7,6) [уничтожен]
    ✗ Прыгун C3          @ (3,6,5) [уничтожен]
    ✗ Факел C4           @ (1,6,5) [уничтожен]
    ✗ Тишина C5          @ (3,7,6) [уничтожен]
    ✗ Провокатор C7      @ (4,6,5) [уничтожен]
    ✗ Паук C8            @ (7,6,5) [уничтожен]

======================================================================
ХОД 11
======================================================================
✓ 🎮 GM: начинаем ход
GM: start_turn

--- Радиовышки: сканирование слоя Z ---
  Радиовышка A2 (z=5): слой чист

--- Решения ботов ---
  [Team A] Радиовышка A2 (5,4,5) → MOVE (6,3,4)
  [Team A] Прыгун A3 (5,5,5) → MOVE (6,4,4)
  [Team A] Факел A4 (7,8,1) → MOVE (6,7,2)
  [Team A] Бурав A6 (8,5,0) → MOVE (8,3,0)
  [Team B] все корабли пропускают ход
  [Team C] Бурав C6 (8,3,0) → MOVE (8,5,0)
! 🎮 GM: принудительно завершает фазу планирования
GM: end_planning
# 
============================================================
# 🔄 ОБРАБОТКА ХОДА 11
# ============================================================

📦 ПЕРЕМЕЩЕНИЯ:
   Радиовышка A2: (5, 4, 5) → (6,3,4)
   Прыгун A3: (5, 5, 5) → (6,4,4)
   Факел A4: (7, 8, 1) → (6,7,2)
✓    💥 Бурав A6 тараном уничтожил Бурав C6 в (8,3,0)
   Бурав A6: (8, 5, 0) → (8,3,0)

🎯 ВЫСТРЕЛЫ:
   Выпущено ракет: 0
# 
📊 РЕЗУЛЬТАТЫ ХОДА 11:
🎯 Попаданий нет
# 
🎮🎮🎮🎮🎮🎮🎮🎮🎮🎮🎮🎮🎮🎮🎮🎮🎮🎮🎮🎮
#         ИГРА ОКОНЧЕНА!
# 🎮🎮🎮🎮🎮🎮🎮🎮🎮🎮🎮🎮🎮🎮🎮🎮🎮🎮🎮🎮
✓         🏆 ПОБЕДИТЕЛЬ: Team A

--- Результаты хода ---
  Team A / Бурав A6           → Team C / Бурав C6           @ (8,3,0)  (УБИТ)

--- Состояние команд после хода ---
  Team A: живых 4/8
    ✓ Радиовышка A2      @ (6,3,4) hp=1/3
    ✓ Прыгун A3          @ (6,4,4) hp=2/2
    ✓ Факел A4           @ (6,7,2) hp=6/6
    ✓ Бурав A6           @ (8,3,0) hp=4/4
    ✗ Артиллерия A1      @ (8,2,0) [уничтожен]
    ✗ Тишина A5          @ (7,6,3) [уничтожен]
    ✗ Провокатор A7      @ (8,5,1) [уничтожен]
    ✗ Паук A8            @ (7,4,1) [уничтожен]
  Team B: живых 0/8
    ✗ Артиллерия B1      @ (4,0,6) [уничтожен]
    ✗ Радиовышка B2      @ (3,6,5) [уничтожен]
    ✗ Прыгун B3          @ (3,7,6) [уничтожен]
    ✗ Факел B4           @ (4,4,6) [уничтожен]
    ✗ Тишина B5          @ (6,6,4) [уничтожен]
    ✗ Бурав B6           @ (3,8,6) [уничтожен]
    ✗ Провокатор B7      @ (4,1,6) [уничтожен]
    ✗ Паук B8            @ (4,6,6) [уничтожен]
  Team C: живых 0/8
    ✗ Артиллерия C1      @ (3,6,5) [уничтожен]
    ✗ Радиовышка C2      @ (3,7,6) [уничтожен]
    ✗ Прыгун C3          @ (3,6,5) [уничтожен]
    ✗ Факел C4           @ (1,6,5) [уничтожен]
    ✗ Тишина C5          @ (3,7,6) [уничтожен]
    ✗ Бурав C6           @ (8,3,0) [уничтожен]
    ✗ Провокатор C7      @ (4,6,5) [уничтожен]
    ✗ Паук C8            @ (7,6,5) [уничтожен]

======================================================================
ИТОГ
======================================================================
Игра окончена. Победитель: Team A
Ходов сыграно: 11

--- Сводка по командам ---
  Team A: 4/8 живых; hp=13
  Team B: 0/8 живых; hp=0
  Team C: 0/8 живых; hp=0

--- Сводка по пассивкам радиовышек ---
  Team A: сканирований=11, всего врагов-в-слоях=8, уникальных эксклюзивных (видны только радиовышкой)=0
  Team B: сканирований=7, всего врагов-в-слоях=19, уникальных эксклюзивных (видны только радиовышкой)=0
  Team C: сканирований=5, всего врагов-в-слоях=15, уникальных эксклюзивных (видны только радиовышкой)=2

--- Сводка по попаданиям ---
  Всего событий (шоты+тараны+мины): 22
  Уничтожено кораблей всего: 20
  Team A: урон=26 хиты=4 тараны=7 мины(сработало)=0 убийств=11
  Team B: урон=14 хиты=0 тараны=3 мины(сработало)=2 убийств=3
  Team C: урон=14 хиты=0 тараны=5 мины(сработало)=1 убийств=6
! 🎮 GM: остановка игры
