======================================================================
Space Battle 10×10×10 — simulation run at 2026-04-20T13:23:54+00:00
Game mode: advanced
Seed: 90
✓ 🚀 Продвинутый режим: создаю разные типы кораблей
   Стартовые Z-слои: A=3, B=1, C=7
✓ ✅ Создано 24 кораблей


--- СТАРТОВАЯ РАССТАНОВКА ---
  Team A: живых 8/8
    ✓ Артиллерия A1      @ (6,1,3) hp=1/1
    ✓ Радиовышка A2      @ (9,3,3) hp=3/3
    ✓ Прыгун A3          @ (3,7,3) hp=2/2
    ✓ Факел A4           @ (0,7,3) hp=6/6
    ✓ Тишина A5          @ (1,4,3) hp=2/2
    ✓ Бурав A6           @ (2,5,3) hp=4/4
    ✓ Провокатор A7      @ (7,7,3) hp=2/2
    ✓ Паук A8            @ (8,2,3) hp=1/1
  Team B: живых 8/8
    ✓ Артиллерия B1      @ (7,8,1) hp=1/1
    ✓ Радиовышка B2      @ (9,4,1) hp=3/3
    ✓ Прыгун B3          @ (9,5,1) hp=2/2
    ✓ Факел B4           @ (7,1,1) hp=6/6
    ✓ Тишина B5          @ (9,9,1) hp=2/2
    ✓ Бурав B6           @ (8,2,1) hp=4/4
    ✓ Провокатор B7      @ (3,9,1) hp=2/2
    ✓ Паук B8            @ (4,1,1) hp=1/1
  Team C: живых 8/8
    ✓ Артиллерия C1      @ (9,9,7) hp=1/1
    ✓ Радиовышка C2      @ (5,7,7) hp=3/3
    ✓ Прыгун C3          @ (8,9,7) hp=2/2
    ✓ Факел C4           @ (3,3,7) hp=6/6
    ✓ Тишина C5          @ (0,2,7) hp=2/2
    ✓ Бурав C6           @ (1,0,7) hp=4/4
    ✓ Провокатор C7      @ (5,9,7) hp=2/2
    ✓ Паук C8            @ (9,2,7) hp=1/1

======================================================================
ХОД 1
======================================================================
✓ 🎮 GM: начинаем ход
GM: start_turn

--- Радиовышки: сканирование слоя Z ---
  Радиовышка A2 (z=3): слой чист
  Радиовышка B2 (z=1): слой чист
  Радиовышка C2 (z=7): слой чист

--- Решения ботов ---
  [Team A] Артиллерия A1 (6,1,3) → SHOOT at (7,8,1)
  [Team A] Радиовышка A2 (9,3,3) → MOVE (9,4,2)
  [Team A] Прыгун A3 (3,7,3) → MOVE (3,9,1)
  [Team A] Факел A4 (0,7,3) → MOVE (1,6,3)
  [Team A] Тишина A5 (1,4,3) → PHASE toggle
  [Team A] Бурав A6 (2,5,3) → MOVE (3,6,2)
  [Team A] Провокатор A7 (7,7,3) → HOLOGRAM (7,8,2)
  [Team A] Паук A8 (8,2,3) → MINE (7,1,2)
  [Team B] Артиллерия B1 (7,8,1) → SHOOT at (6,1,3)
  [Team B] Радиовышка B2 (9,4,1) → MOVE (9,3,2)
  [Team B] Прыгун B3 (9,5,1) → MOVE (7,7,3)
  [Team B] Факел B4 (7,1,1) → MOVE (7,2,1)
  [Team B] Тишина B5 (9,9,1) → PHASE toggle
  [Team B] Бурав B6 (8,2,1) → MOVE (8,2,3)
  [Team B] Провокатор B7 (3,9,1) → HOLOGRAM (3,8,2)
  [Team B] Паук B8 (4,1,1) → MINE (5,1,2)
  [Team C] Артиллерия C1 (9,9,7) → SHOOT at (0,5,0)
  [Team C] Радиовышка C2 (5,7,7) → MOVE (5,6,6)
  [Team C] Прыгун C3 (8,9,7) → MOVE (7,8,6)
  [Team C] Факел C4 (3,3,7) → MOVE (4,4,7)
  [Team C] Тишина C5 (0,2,7) → MOVE (1,3,6)
  [Team C] Бурав C6 (1,0,7) → MOVE (2,1,6)
  [Team C] Провокатор C7 (5,9,7) → MOVE (5,8,6)
  [Team C] Паук C8 (9,2,7) → MOVE (8,3,6)
! 🎮 GM: принудительно завершает фазу планирования
GM: end_planning
# 
============================================================
# 🔄 ОБРАБОТКА ХОДА 1
# ============================================================
   🌀 Тишина A5: фаза ВКЛ
   🌀 Тишина B5: фаза ВКЛ
   🪞 Провокатор A7 создал голограмму H1 в (7,8,2)
   🪞 Провокатор B7 создал голограмму H2 в (3,8,2)
   💣 Паук A8 установил мину M1 в (7,1,2)
   💣 Паук B8 установил мину M2 в (5,1,2)

📦 ПЕРЕМЕЩЕНИЯ:
   Радиовышка A2: (9, 3, 3) → (9,4,2)
✓    💥 Прыгун A3 тараном уничтожил Провокатор B7 в (3,9,1)
   Прыгун A3: (3, 7, 3) → (3,9,1)
   Факел A4: (0, 7, 3) → (1,6,3)
!    ⚠️ Бурав A6: Бурав двигается только по 1 оси или по 2 осям строго диагонально
   Радиовышка B2: (9, 4, 1) → (9,3,2)
✓    💥 Прыгун B3 тараном уничтожил Провокатор A7 в (7,7,3)
   Прыгун B3: (9, 5, 1) → (7,7,3)
   Факел B4: (7, 1, 1) → (7,2,1)
✓    💥 Бурав B6 тараном уничтожил Паук A8 в (8,2,3)
   Бурав B6: (8, 2, 1) → (8,2,3)
   Радиовышка C2: (5, 7, 7) → (5,6,6)
   Прыгун C3: (8, 9, 7) → (7,8,6)
   Факел C4: (3, 3, 7) → (4,4,7)
   Тишина C5: (0, 2, 7) → (1,3,6)
!    ⚠️ Бурав C6: Бурав двигается только по 1 оси или по 2 осям строго диагонально
   Провокатор C7: (5, 9, 7) → (5,8,6)
   Паук C8: (9, 2, 7) → (8,3,6)

🎯 ВЫСТРЕЛЫ:
✓    ✅ Артиллерия A1 поразил Артиллерия B1 (2 урона)!
✓    ✅ Артиллерия B1 поразил Артиллерия A1 (2 урона)!
   Выпущено ракет: 3
# 
📊 РЕЗУЛЬТАТЫ ХОДА 1:
✓ 💥 ПОПАДАНИЯ:
✓    Артиллерия A1 (Team A) → Артиллерия B1 (Team B)
✓    Артиллерия B1 (Team B) → Артиллерия A1 (Team A)

--- Результаты хода ---
  Team A / Прыгун A3          → Team B / Провокатор B7      @ (3,9,1)  (УБИТ)
  Team B / Прыгун B3          → Team A / Провокатор A7      @ (7,7,3)  (УБИТ)
  Team B / Бурав B6           → Team A / Паук A8            @ (8,2,3)  (УБИТ)
  Team A / Артиллерия A1      → Team B / Артиллерия B1      @ (7,8,1)  (УБИТ)
  Team B / Артиллерия B1      → Team A / Артиллерия A1      @ (6,1,3)  (УБИТ)

--- Состояние команд после хода ---
  Team A: живых 5/8
    ✓ Радиовышка A2      @ (9,4,2) hp=3/3
    ✓ Прыгун A3          @ (3,9,1) hp=2/2
    ✓ Факел A4           @ (1,6,3) hp=6/6
    ✓ Тишина A5          @ (1,4,3) hp=2/2
    ✓ Бурав A6           @ (2,5,3) hp=4/4
    ✗ Артиллерия A1      @ (6,1,3) [уничтожен]
    ✗ Провокатор A7      @ (7,7,3) [уничтожен]
    ✗ Паук A8            @ (8,2,3) [уничтожен]
  Team B: живых 6/8
    ✓ Радиовышка B2      @ (9,3,2) hp=3/3
    ✓ Прыгун B3          @ (7,7,3) hp=2/2
    ✓ Факел B4           @ (7,2,1) hp=6/6
    ✓ Тишина B5          @ (9,9,1) hp=2/2
    ✓ Бурав B6           @ (8,2,3) hp=4/4
    ✓ Паук B8            @ (4,1,1) hp=1/1
    ✗ Артиллерия B1      @ (7,8,1) [уничтожен]
    ✗ Провокатор B7      @ (3,9,1) [уничтожен]
  Team C: живых 8/8
    ✓ Артиллерия C1      @ (9,9,7) hp=1/1
    ✓ Радиовышка C2      @ (5,6,6) hp=3/3
    ✓ Прыгун C3          @ (7,8,6) hp=2/2
    ✓ Факел C4           @ (4,4,7) hp=6/6
    ✓ Тишина C5          @ (1,3,6) hp=2/2
    ✓ Бурав C6           @ (1,0,7) hp=4/4
    ✓ Провокатор C7      @ (5,8,6) hp=2/2
    ✓ Паук C8            @ (8,3,6) hp=1/1

======================================================================
ХОД 2
======================================================================
✓ 🎮 GM: начинаем ход
GM: start_turn

--- Радиовышки: сканирование слоя Z ---
  Радиовышка A2 (z=2): видит 1 врагов [+1 эксклюзивно] → Радиовышка B2(9,3,2)
  Радиовышка B2 (z=2): видит 1 врагов  → Радиовышка A2(9,4,2)
  Радиовышка C2 (z=6): слой чист

--- Решения ботов ---
  [Team A] Радиовышка A2 (9,4,2) → MOVE (9,3,2)
  [Team A] Прыгун A3 (3,9,1) → MOVE (4,8,2)
  [Team A] Факел A4 (1,6,3) → MOVE (2,7,2)
  [Team A] Тишина A5 (1,4,3) → MOVE (2,3,2)
  [Team A] Бурав A6 (2,5,3) → MOVE (3,6,4)
  [Team B] Радиовышка B2 (9,3,2) → MOVE (9,4,2)
  [Team B] Прыгун B3 (7,7,3) → MOVE (8,6,2)
  [Team B] Факел B4 (7,2,1) → MOVE (7,3,2)
  [Team B] Тишина B5 (9,9,1) → MOVE (9,8,2)
  [Team B] Бурав B6 (8,2,3) → MOVE (9,3,3)
  [Team B] Паук B8 (4,1,1) → MOVE (5,2,2)
  [Team C] Артиллерия C1 (9,9,7) → SHOOT at (7,7,3)
  [Team C] Радиовышка C2 (5,6,6) → MOVE (4,5,5)
  [Team C] Прыгун C3 (7,8,6) → MOVE (7,7,5)
  [Team C] Факел C4 (4,4,7) → MOVE (5,5,7)
  [Team C] Тишина C5 (1,3,6) → PHASE toggle
  [Team C] Бурав C6 (1,0,7) → MOVE (2,1,6)
  [Team C] Провокатор C7 (5,8,6) → HOLOGRAM (4,7,5)
  [Team C] Паук C8 (8,3,6) → MINE (8,2,5)
! 🎮 GM: принудительно завершает фазу планирования
GM: end_planning
# 
============================================================
# 🔄 ОБРАБОТКА ХОДА 2
# ============================================================
   🌀 Тишина C5: фаза ВКЛ
   🪞 Провокатор C7 создал голограмму H3 в (4,7,5)
   💣 Паук C8 установил мину M3 в (8,2,5)

📦 ПЕРЕМЕЩЕНИЯ:
!    ⚠️ Радиовышка A2: клетка (9,3,2) занята
   Прыгун A3: (3, 9, 1) → (4,8,2)
   Факел A4: (1, 6, 3) → (2,7,2)
   Тишина A5: (1, 4, 3) → (2,3,2)
!    ⚠️ Бурав A6: Бурав двигается только по 1 оси или по 2 осям строго диагонально
!    ⚠️ Радиовышка B2: клетка (9,4,2) занята
   Прыгун B3: (7, 7, 3) → (8,6,2)
   Факел B4: (7, 2, 1) → (7,3,2)
   Тишина B5: (9, 9, 1) → (9,8,2)
   Бурав B6: (8, 2, 3) → (9,3,3)
   Паук B8: (4, 1, 1) → (5,2,2)
   Радиовышка C2: (5, 6, 6) → (4,5,5)
   Прыгун C3: (7, 8, 6) → (7,7,5)
   Факел C4: (4, 4, 7) → (5,5,7)
!    ⚠️ Бурав C6: Бурав двигается только по 1 оси или по 2 осям строго диагонально

🎯 ВЫСТРЕЛЫ:
   Выпущено ракет: 1
# 
📊 РЕЗУЛЬТАТЫ ХОДА 2:
🎯 Попаданий нет

--- Результаты хода ---
  Попаданий нет

--- Состояние команд после хода ---
  Team A: живых 5/8
    ✓ Радиовышка A2      @ (9,4,2) hp=3/3
    ✓ Прыгун A3          @ (4,8,2) hp=2/2
    ✓ Факел A4           @ (2,7,2) hp=6/6
    ✓ Тишина A5          @ (2,3,2) hp=2/2
    ✓ Бурав A6           @ (2,5,3) hp=4/4
    ✗ Артиллерия A1      @ (6,1,3) [уничтожен]
    ✗ Провокатор A7      @ (7,7,3) [уничтожен]
    ✗ Паук A8            @ (8,2,3) [уничтожен]
  Team B: живых 6/8
    ✓ Радиовышка B2      @ (9,3,2) hp=3/3
    ✓ Прыгун B3          @ (8,6,2) hp=2/2
    ✓ Факел B4           @ (7,3,2) hp=6/6
    ✓ Тишина B5          @ (9,8,2) hp=2/2
    ✓ Бурав B6           @ (9,3,3) hp=4/4
    ✓ Паук B8            @ (5,2,2) hp=1/1
    ✗ Артиллерия B1      @ (7,8,1) [уничтожен]
    ✗ Провокатор B7      @ (3,9,1) [уничтожен]
  Team C: живых 8/8
    ✓ Артиллерия C1      @ (9,9,7) hp=1/1
    ✓ Радиовышка C2      @ (4,5,5) hp=3/3
    ✓ Прыгун C3          @ (7,7,5) hp=2/2
    ✓ Факел C4           @ (5,5,7) hp=6/6
    ✓ Тишина C5          @ (1,3,6) hp=2/2
    ✓ Бурав C6           @ (1,0,7) hp=4/4
    ✓ Провокатор C7      @ (5,8,6) hp=2/2
    ✓ Паук C8            @ (8,3,6) hp=1/1

======================================================================
ХОД 3
======================================================================
✓ 🎮 GM: начинаем ход
GM: start_turn

--- Радиовышки: сканирование слоя Z ---
  Радиовышка A2 (z=2): видит 4 врагов [+3 эксклюзивно] → Паук B8(5,2,2), Факел B4(7,3,2), Прыгун B3(8,6,2), Радиовышка B2(9,3,2)
  Радиовышка B2 (z=2): видит 3 врагов [+2 эксклюзивно] → Факел A4(2,7,2), Прыгун A3(4,8,2), Радиовышка A2(9,4,2)
  Радиовышка C2 (z=5): слой чист

--- Решения ботов ---
  [Team A] Радиовышка A2 (9,4,2) → MOVE (9,3,2)
  [Team A] Прыгун A3 (4,8,2) → MOVE (4,7,3)
  [Team A] Факел A4 (2,7,2) → MOVE (3,8,2)
  [Team A] Тишина A5 (2,3,2) → MOVE (3,2,2)
  [Team A] Бурав A6 (2,5,3) → MOVE (4,5,5)
  [Team B] Радиовышка B2 (9,3,2) → MOVE (9,4,2)
  [Team B] Прыгун B3 (8,6,2) → MOVE (9,5,2)
  [Team B] Факел B4 (7,3,2) → MOVE (8,4,2)
  [Team B] Тишина B5 (9,8,2) → MOVE (8,7,3)
  [Team B] Бурав B6 (9,3,3) → MOVE (9,4,3)
  [Team B] Паук B8 (5,2,2) → MINE (4,3,3)
  [Team C] Артиллерия C1 (9,9,7) → SHOOT at (4,8,2)
  [Team C] Радиовышка C2 (4,5,5) → MOVE (3,5,4)
  [Team C] Прыгун C3 (7,7,5) → MOVE (8,6,4)
  [Team C] Факел C4 (5,5,7) → MOVE (6,6,7)
  [Team C] Тишина C5 (1,3,6) → MOVE (2,4,5)
  [Team C] Бурав C6 (1,0,7) → MOVE (2,1,6)
  [Team C] Провокатор C7 (5,8,6) → HOLOGRAM (4,7,5)
  [Team C] Паук C8 (8,3,6) → MINE (9,3,5)
! 🎮 GM: принудительно завершает фазу планирования
GM: end_planning
# 
============================================================
# 🔄 ОБРАБОТКА ХОДА 3
# ============================================================
!    ⚠️ Провокатор C7: клетка (4,7,5) уже занята голограммой
   💣 Паук B8 установил мину M4 в (4,3,3)
   💣 Паук C8 установил мину M5 в (9,3,5)

📦 ПЕРЕМЕЩЕНИЯ:
!    ⚠️ Радиовышка A2: клетка (9,3,2) занята
   Прыгун A3: (4, 8, 2) → (4,7,3)
!    ⚠️ Факел A4: клетка (3,8,2) занята
   Тишина A5: (2, 3, 2) → (3,2,2)
✓    💥 Бурав A6 тараном уничтожил Радиовышка C2 в (4,5,5)
   Бурав A6: (2, 5, 3) → (4,5,5)
!    ⚠️ Радиовышка B2: клетка (9,4,2) занята
   Прыгун B3: (8, 6, 2) → (9,5,2)
   Факел B4: (7, 3, 2) → (8,4,2)
   Тишина B5: (9, 8, 2) → (8,7,3)
   Бурав B6: (9, 3, 3) → (9,4,3)
   Прыгун C3: (7, 7, 5) → (8,6,4)
   Факел C4: (5, 5, 7) → (6,6,7)
   Тишина C5: (1, 3, 6) → (2,4,5)
!    ⚠️ Бурав C6: Бурав двигается только по 1 оси или по 2 осям строго диагонально

🎯 ВЫСТРЕЛЫ:
   Выпущено ракет: 1
# 
📊 РЕЗУЛЬТАТЫ ХОДА 3:
🎯 Попаданий нет

--- Результаты хода ---
  Team A / Бурав A6           → Team C / Радиовышка C2      @ (4,5,5)  (УБИТ)

--- Состояние команд после хода ---
  Team A: живых 5/8
    ✓ Радиовышка A2      @ (9,4,2) hp=3/3
    ✓ Прыгун A3          @ (4,7,3) hp=2/2
    ✓ Факел A4           @ (2,7,2) hp=6/6
    ✓ Тишина A5          @ (3,2,2) hp=2/2
    ✓ Бурав A6           @ (4,5,5) hp=4/4
    ✗ Артиллерия A1      @ (6,1,3) [уничтожен]
    ✗ Провокатор A7      @ (7,7,3) [уничтожен]
    ✗ Паук A8            @ (8,2,3) [уничтожен]
  Team B: живых 6/8
    ✓ Радиовышка B2      @ (9,3,2) hp=3/3
    ✓ Прыгун B3          @ (9,5,2) hp=2/2
    ✓ Факел B4           @ (8,4,2) hp=6/6
    ✓ Тишина B5          @ (8,7,3) hp=2/2
    ✓ Бурав B6           @ (9,4,3) hp=4/4
    ✓ Паук B8            @ (5,2,2) hp=1/1
    ✗ Артиллерия B1      @ (7,8,1) [уничтожен]
    ✗ Провокатор B7      @ (3,9,1) [уничтожен]
  Team C: живых 7/8
    ✓ Артиллерия C1      @ (9,9,7) hp=1/1
    ✓ Прыгун C3          @ (8,6,4) hp=2/2
    ✓ Факел C4           @ (6,6,7) hp=6/6
    ✓ Тишина C5          @ (2,4,5) hp=2/2
    ✓ Бурав C6           @ (1,0,7) hp=4/4
    ✓ Провокатор C7      @ (5,8,6) hp=2/2
    ✓ Паук C8            @ (8,3,6) hp=1/1
    ✗ Радиовышка C2      @ (4,5,5) [уничтожен]

======================================================================
ХОД 4
======================================================================
✓ 🎮 GM: начинаем ход
GM: start_turn

--- Радиовышки: сканирование слоя Z ---
  Радиовышка A2 (z=2): видит 4 врагов [+3 эксклюзивно] → Паук B8(5,2,2), Факел B4(8,4,2), Радиовышка B2(9,3,2), Прыгун B3(9,5,2)
  Радиовышка B2 (z=2): видит 2 врагов [+1 эксклюзивно] → Факел A4(2,7,2), Радиовышка A2(9,4,2)

--- Решения ботов ---
  [Team A] Радиовышка A2 (9,4,2) → MOVE (9,3,2)
  [Team A] Прыгун A3 (4,7,3) → MOVE (5,8,4)
  [Team A] Факел A4 (2,7,2) → MOVE (3,7,3)
  [Team A] Тишина A5 (3,2,2) → MOVE (4,2,2)
  [Team A] Бурав A6 (4,5,5) → MOVE (5,6,6)
  [Team B] Радиовышка B2 (9,3,2) → MOVE (9,4,2)
  [Team B] Прыгун B3 (9,5,2) → MOVE (8,6,4)
  [Team B] Факел B4 (8,4,2) → SHOOT at (9,4,2)
  [Team B] Тишина B5 (8,7,3) → MOVE (8,6,3)
  [Team B] Паук B8 (5,2,2) → MINE (4,3,3)
  [Team B] Бурав B6 → SKIP
  [Team C] Артиллерия C1 (9,9,7) → SHOOT at (9,5,2)
  [Team C] Прыгун C3 (8,6,4) → MOVE (8,4,2)
  [Team C] Факел C4 (6,6,7) → MOVE (7,7,7)
  [Team C] Тишина C5 (2,4,5) → MOVE (3,5,5)
  [Team C] Бурав C6 (1,0,7) → MOVE (2,1,6)
  [Team C] Провокатор C7 (5,8,6) → HOLOGRAM (4,7,5)
  [Team C] Паук C8 (8,3,6) → MINE (9,4,5)
! 🎮 GM: принудительно завершает фазу планирования
GM: end_planning
# 
============================================================
# 🔄 ОБРАБОТКА ХОДА 4
# ============================================================
!    ⚠️ Провокатор C7: клетка (4,7,5) уже занята голограммой
!    ⚠️ Паук B8: в клетке уже стоит мина
   💣 Паук C8 установил мину M6 в (9,4,5)

📦 ПЕРЕМЕЩЕНИЯ:
!    ⚠️ Радиовышка A2: клетка (9,3,2) занята
   Прыгун A3: (4, 7, 3) → (5,8,4)
   Факел A4: (2, 7, 2) → (3,7,3)
   Тишина A5: (3, 2, 2) → (4,2,2)
!    ⚠️ Бурав A6: Бурав двигается только по 1 оси или по 2 осям строго диагонально
!    ⚠️ Радиовышка B2: клетка (9,4,2) занята
✓    💥 Прыгун B3 тараном уничтожил Прыгун C3 в (8,6,4)
   Прыгун B3: (9, 5, 2) → (8,6,4)
   Тишина B5: (8, 7, 3) → (8,6,3)
   Факел C4: (6, 6, 7) → (7,7,7)
   Тишина C5: (2, 4, 5) → (3,5,5)
!    ⚠️ Бурав C6: Бурав двигается только по 1 оси или по 2 осям строго диагонально

🎯 ВЫСТРЕЛЫ:
✓    ✅ Факел B4 поразил Радиовышка A2 (1 урона)!
   Выпущено ракет: 2
# 
📊 РЕЗУЛЬТАТЫ ХОДА 4:
✓ 💥 ПОПАДАНИЯ:
✓    Факел B4 (Team B) → Радиовышка A2 (Team A)

--- Результаты хода ---
  Team B / Прыгун B3          → Team C / Прыгун C3          @ (8,6,4)  (УБИТ)
  Team B / Факел B4           → Team A / Радиовышка A2      @ (9,4,2)  (ранен)

--- Состояние команд после хода ---
  Team A: живых 5/8
    ✓ Радиовышка A2      @ (9,4,2) hp=2/3
    ✓ Прыгун A3          @ (5,8,4) hp=2/2
    ✓ Факел A4           @ (3,7,3) hp=6/6
    ✓ Тишина A5          @ (4,2,2) hp=2/2
    ✓ Бурав A6           @ (4,5,5) hp=4/4
    ✗ Артиллерия A1      @ (6,1,3) [уничтожен]
    ✗ Провокатор A7      @ (7,7,3) [уничтожен]
    ✗ Паук A8            @ (8,2,3) [уничтожен]
  Team B: живых 6/8
    ✓ Радиовышка B2      @ (9,3,2) hp=3/3
    ✓ Прыгун B3          @ (8,6,4) hp=2/2
    ✓ Факел B4           @ (8,4,2) hp=6/6
    ✓ Тишина B5          @ (8,6,3) hp=2/2
    ✓ Бурав B6           @ (9,4,3) hp=4/4
    ✓ Паук B8            @ (5,2,2) hp=1/1
    ✗ Артиллерия B1      @ (7,8,1) [уничтожен]
    ✗ Провокатор B7      @ (3,9,1) [уничтожен]
  Team C: живых 6/8
    ✓ Артиллерия C1      @ (9,9,7) hp=1/1
    ✓ Факел C4           @ (7,7,7) hp=6/6
    ✓ Тишина C5          @ (3,5,5) hp=2/2
    ✓ Бурав C6           @ (1,0,7) hp=4/4
    ✓ Провокатор C7      @ (5,8,6) hp=2/2
    ✓ Паук C8            @ (8,3,6) hp=1/1
    ✗ Радиовышка C2      @ (4,5,5) [уничтожен]
    ✗ Прыгун C3          @ (8,6,4) [уничтожен]

======================================================================
ХОД 5
======================================================================
✓ 🎮 GM: начинаем ход
GM: start_turn

--- Радиовышки: сканирование слоя Z ---
  Радиовышка A2 (z=2): видит 3 врагов [+2 эксклюзивно] → Паук B8(5,2,2), Факел B4(8,4,2), Радиовышка B2(9,3,2)
  Радиовышка B2 (z=2): видит 1 врагов  → Радиовышка A2(9,4,2)

--- Решения ботов ---
  [Team A] Радиовышка A2 (9,4,2) → MOVE (9,3,2)
  [Team A] Прыгун A3 (5,8,4) → MOVE (5,8,6)
  [Team A] Факел A4 (3,7,3) → MOVE (4,6,2)
  [Team A] Тишина A5 (4,2,2) → MOVE (5,2,2)
  [Team A] Бурав A6 (4,5,5) → MOVE (5,4,4)
  [Team B] Радиовышка B2 (9,3,2) → MOVE (9,4,2)
  [Team B] Прыгун B3 (8,6,4) → MOVE (9,5,3)
  [Team B] Факел B4 (8,4,2) → SHOOT at (9,4,2)
  [Team B] Тишина B5 (8,6,3) → MOVE (9,5,2)
  [Team B] Паук B8 (5,2,2) → MINE (4,3,3)
  [Team B] Бурав B6 → SKIP
  [Team C] Артиллерия C1 (9,9,7) → SHOOT at (8,6,4)
  [Team C] Факел C4 (7,7,7) → MOVE (8,8,7)
  [Team C] Тишина C5 (3,5,5) → MOVE (4,5,5)
  [Team C] Бурав C6 (1,0,7) → MOVE (2,1,6)
  [Team C] Провокатор C7 (5,8,6) → HOLOGRAM (5,8,5)
  [Team C] Паук C8 (8,3,6) → MINE (8,4,5)
! 🎮 GM: принудительно завершает фазу планирования
GM: end_planning
# 
============================================================
# 🔄 ОБРАБОТКА ХОДА 5
# ============================================================
   🪞 Провокатор C7 создал голограмму H4 в (5,8,5)
!    ⚠️ Паук B8: в клетке уже стоит мина
   💣 Паук C8 установил мину M7 в (8,4,5)

📦 ПЕРЕМЕЩЕНИЯ:
!    ⚠️ Радиовышка A2: клетка (9,3,2) занята
✓    💥 Прыгун A3 тараном уничтожил Провокатор C7 в (5,8,6)
   Прыгун A3: (5, 8, 4) → (5,8,6)
   Факел A4: (3, 7, 3) → (4,6,2)
!    ⚠️ Тишина A5: клетка (5,2,2) занята
!    ⚠️ Бурав A6: Бурав двигается только по 1 оси или по 2 осям строго диагонально
!    ⚠️ Радиовышка B2: клетка (9,4,2) занята
   Прыгун B3: (8, 6, 4) → (9,5,3)
   Тишина B5: (8, 6, 3) → (9,5,2)
   Факел C4: (7, 7, 7) → (8,8,7)
!    ⚠️ Тишина C5: клетка (4,5,5) занята
!    ⚠️ Бурав C6: Бурав двигается только по 1 оси или по 2 осям строго диагонально

🎯 ВЫСТРЕЛЫ:
✓    ✅ Факел B4 поразил Радиовышка A2 (1 урона)!
   Выпущено ракет: 2
# 
📊 РЕЗУЛЬТАТЫ ХОДА 5:
✓ 💥 ПОПАДАНИЯ:
✓    Факел B4 (Team B) → Радиовышка A2 (Team A)

--- Результаты хода ---
  Team A / Прыгун A3          → Team C / Провокатор C7      @ (5,8,6)  (УБИТ)
  Team B / Факел B4           → Team A / Радиовышка A2      @ (9,4,2)  (ранен)

--- Состояние команд после хода ---
  Team A: живых 5/8
    ✓ Радиовышка A2      @ (9,4,2) hp=1/3
    ✓ Прыгун A3          @ (5,8,6) hp=2/2
    ✓ Факел A4           @ (4,6,2) hp=6/6
    ✓ Тишина A5          @ (4,2,2) hp=2/2
    ✓ Бурав A6           @ (4,5,5) hp=4/4
    ✗ Артиллерия A1      @ (6,1,3) [уничтожен]
    ✗ Провокатор A7      @ (7,7,3) [уничтожен]
    ✗ Паук A8            @ (8,2,3) [уничтожен]
  Team B: живых 6/8
    ✓ Радиовышка B2      @ (9,3,2) hp=3/3
    ✓ Прыгун B3          @ (9,5,3) hp=2/2
    ✓ Факел B4           @ (8,4,2) hp=6/6
    ✓ Тишина B5          @ (9,5,2) hp=2/2
    ✓ Бурав B6           @ (9,4,3) hp=4/4
    ✓ Паук B8            @ (5,2,2) hp=1/1
    ✗ Артиллерия B1      @ (7,8,1) [уничтожен]
    ✗ Провокатор B7      @ (3,9,1) [уничтожен]
  Team C: живых 5/8
    ✓ Артиллерия C1      @ (9,9,7) hp=1/1
    ✓ Факел C4           @ (8,8,7) hp=6/6
    ✓ Тишина C5          @ (3,5,5) hp=2/2
    ✓ Бурав C6           @ (1,0,7) hp=4/4
    ✓ Паук C8            @ (8,3,6) hp=1/1
    ✗ Радиовышка C2      @ (4,5,5) [уничтожен]
    ✗ Прыгун C3          @ (8,6,4) [уничтожен]
    ✗ Провокатор C7      @ (5,8,6) [уничтожен]

======================================================================
ХОД 6
======================================================================
✓ 🎮 GM: начинаем ход
GM: start_turn

--- Радиовышки: сканирование слоя Z ---
  Радиовышка A2 (z=2): видит 3 врагов [+2 эксклюзивно] → Паук B8(5,2,2), Факел B4(8,4,2), Радиовышка B2(9,3,2)
  Радиовышка B2 (z=2): видит 2 врагов [+1 эксклюзивно] → Факел A4(4,6,2), Радиовышка A2(9,4,2)

--- Решения ботов ---
  [Team A] Радиовышка A2 (9,4,2) → MOVE (9,3,2)
  [Team A] Прыгун A3 (5,8,6) → MOVE (6,8,7)
  [Team A] Факел A4 (4,6,2) → MOVE (5,5,2)
  [Team A] Тишина A5 (4,2,2) → MOVE (5,2,2)
  [Team A] Бурав A6 (4,5,5) → MOVE (5,4,4)
  [Team B] Радиовышка B2 (9,3,2) → MOVE (9,4,2)
  [Team B] Факел B4 (8,4,2) → SHOOT at (9,4,2)
  [Team B] Паук B8 (5,2,2) → MINE (4,3,3)
  [Team B] Прыгун B3 → SKIP
  [Team B] Тишина B5 → SKIP
  [Team B] Бурав B6 → SKIP
  [Team C] Артиллерия C1 (9,9,7) → SHOOT at (9,5,3)
  [Team C] Факел C4 (8,8,7) → MOVE (8,9,7)
  [Team C] Тишина C5 (3,5,5) → MOVE (4,5,5)
  [Team C] Бурав C6 (1,0,7) → MOVE (2,1,6)
  [Team C] Паук C8 (8,3,6) → MINE (9,4,5)
! 🎮 GM: принудительно завершает фазу планирования
GM: end_planning
# 
============================================================
# 🔄 ОБРАБОТКА ХОДА 6
# ============================================================
!    ⚠️ Паук B8: в клетке уже стоит мина
!    ⚠️ Паук C8: в клетке уже стоит мина

📦 ПЕРЕМЕЩЕНИЯ:
!    ⚠️ Радиовышка A2: клетка (9,3,2) занята
   Прыгун A3: (5, 8, 6) → (6,8,7)
   Факел A4: (4, 6, 2) → (5,5,2)
!    ⚠️ Тишина A5: клетка (5,2,2) занята
!    ⚠️ Бурав A6: Бурав двигается только по 1 оси или по 2 осям строго диагонально
!    ⚠️ Радиовышка B2: клетка (9,4,2) занята
   Факел C4: (8, 8, 7) → (8,9,7)
!    ⚠️ Тишина C5: клетка (4,5,5) занята
!    ⚠️ Бурав C6: Бурав двигается только по 1 оси или по 2 осям строго диагонально

🎯 ВЫСТРЕЛЫ:
✓    ✅ Факел B4 поразил Радиовышка A2 (1 урона)!
✓    ✅ Артиллерия C1 поразил Прыгун B3 (2 урона)!
   Выпущено ракет: 2
# 
📊 РЕЗУЛЬТАТЫ ХОДА 6:
✓ 💥 ПОПАДАНИЯ:
✓    Факел B4 (Team B) → Радиовышка A2 (Team A)
✓    Артиллерия C1 (Team C) → Прыгун B3 (Team B)

--- Результаты хода ---
  Team B / Факел B4           → Team A / Радиовышка A2      @ (9,4,2)  (УБИТ)
  Team C / Артиллерия C1      → Team B / Прыгун B3          @ (9,5,3)  (УБИТ)

--- Состояние команд после хода ---
  Team A: живых 4/8
    ✓ Прыгун A3          @ (6,8,7) hp=2/2
    ✓ Факел A4           @ (5,5,2) hp=6/6
    ✓ Тишина A5          @ (4,2,2) hp=2/2
    ✓ Бурав A6           @ (4,5,5) hp=4/4
    ✗ Артиллерия A1      @ (6,1,3) [уничтожен]
    ✗ Радиовышка A2      @ (9,4,2) [уничтожен]
    ✗ Провокатор A7      @ (7,7,3) [уничтожен]
    ✗ Паук A8            @ (8,2,3) [уничтожен]
  Team B: живых 5/8
    ✓ Радиовышка B2      @ (9,3,2) hp=3/3
    ✓ Факел B4           @ (8,4,2) hp=6/6
    ✓ Тишина B5          @ (9,5,2) hp=2/2
    ✓ Бурав B6           @ (9,4,3) hp=4/4
    ✓ Паук B8            @ (5,2,2) hp=1/1
    ✗ Артиллерия B1      @ (7,8,1) [уничтожен]
    ✗ Прыгун B3          @ (9,5,3) [уничтожен]
    ✗ Провокатор B7      @ (3,9,1) [уничтожен]
  Team C: живых 5/8
    ✓ Артиллерия C1      @ (9,9,7) hp=1/1
    ✓ Факел C4           @ (8,9,7) hp=6/6
    ✓ Тишина C5          @ (3,5,5) hp=2/2
    ✓ Бурав C6           @ (1,0,7) hp=4/4
    ✓ Паук C8            @ (8,3,6) hp=1/1
    ✗ Радиовышка C2      @ (4,5,5) [уничтожен]
    ✗ Прыгун C3          @ (8,6,4) [уничтожен]
    ✗ Провокатор C7      @ (5,8,6) [уничтожен]

======================================================================
ХОД 7
======================================================================
✓ 🎮 GM: начинаем ход
GM: start_turn

--- Радиовышки: сканирование слоя Z ---
  Радиовышка B2 (z=2): видит 1 врагов  → Факел A4(5,5,2)

--- Решения ботов ---
  [Team A] Прыгун A3 (6,8,7) → MOVE (8,9,7)
  [Team A] Факел A4 (5,5,2) → SHOOT at (5,2,2)
  [Team A] Тишина A5 (4,2,2) → MOVE (5,2,2)
  [Team A] Бурав A6 (4,5,5) → MOVE (5,4,4)
  [Team B] Радиовышка B2 (9,3,2) → MOVE (9,4,2)
  [Team B] Факел B4 (8,4,2) → MOVE (8,4,3)
  [Team B] Тишина B5 (9,5,2) → MOVE (8,5,2)
  [Team B] Бурав B6 (9,4,3) → MOVE (8,3,4)
  [Team B] Паук B8 (5,2,2) → MINE (5,3,2)
  [Team C] Артиллерия C1 (9,9,7) → SHOOT at (6,8,7)
  [Team C] Тишина C5 (3,5,5) → MOVE (4,5,5)
  [Team C] Бурав C6 (1,0,7) → MOVE (2,1,6)
  [Team C] Паук C8 (8,3,6) → MINE (9,4,5)
  [Team C] Факел C4 → SKIP
! 🎮 GM: принудительно завершает фазу планирования
GM: end_planning
# 
============================================================
# 🔄 ОБРАБОТКА ХОДА 7
# ============================================================
   💣 Паук B8 установил мину M8 в (5,3,2)
!    ⚠️ Паук C8: в клетке уже стоит мина

📦 ПЕРЕМЕЩЕНИЯ:
✓    💥 Прыгун A3 тараном уничтожил Факел C4 в (8,9,7)
   Прыгун A3: (6, 8, 7) → (8,9,7)
!    ⚠️ Тишина A5: клетка (5,2,2) занята
!    ⚠️ Бурав A6: Бурав двигается только по 1 оси или по 2 осям строго диагонально
   Радиовышка B2: (9, 3, 2) → (9,4,2)
   Факел B4: (8, 4, 2) → (8,4,3)
   Тишина B5: (9, 5, 2) → (8,5,2)
!    ⚠️ Бурав B6: Бурав двигается только по 1 оси или по 2 осям строго диагонально
!    ⚠️ Тишина C5: клетка (4,5,5) занята
!    ⚠️ Бурав C6: Бурав двигается только по 1 оси или по 2 осям строго диагонально

🎯 ВЫСТРЕЛЫ:
✓    ✅ Факел A4 поразил Паук B8 (1 урона)!
   Выпущено ракет: 2
# 
📊 РЕЗУЛЬТАТЫ ХОДА 7:
✓ 💥 ПОПАДАНИЯ:
✓    Факел A4 (Team A) → Паук B8 (Team B)

--- Результаты хода ---
  Team A / Прыгун A3          → Team C / Факел C4           @ (8,9,7)  (УБИТ)
  Team A / Факел A4           → Team B / Паук B8            @ (5,2,2)  (УБИТ)

--- Состояние команд после хода ---
  Team A: живых 4/8
    ✓ Прыгун A3          @ (8,9,7) hp=2/2
    ✓ Факел A4           @ (5,5,2) hp=6/6
    ✓ Тишина A5          @ (4,2,2) hp=2/2
    ✓ Бурав A6           @ (4,5,5) hp=4/4
    ✗ Артиллерия A1      @ (6,1,3) [уничтожен]
    ✗ Радиовышка A2      @ (9,4,2) [уничтожен]
    ✗ Провокатор A7      @ (7,7,3) [уничтожен]
    ✗ Паук A8            @ (8,2,3) [уничтожен]
  Team B: живых 4/8
    ✓ Радиовышка B2      @ (9,4,2) hp=3/3
    ✓ Факел B4           @ (8,4,3) hp=6/6
    ✓ Тишина B5          @ (8,5,2) hp=2/2
    ✓ Бурав B6           @ (9,4,3) hp=4/4
    ✗ Артиллерия B1      @ (7,8,1) [уничтожен]
    ✗ Прыгун B3          @ (9,5,3) [уничтожен]
    ✗ Провокатор B7      @ (3,9,1) [уничтожен]
    ✗ Паук B8            @ (5,2,2) [уничтожен]
  Team C: живых 4/8
    ✓ Артиллерия C1      @ (9,9,7) hp=1/1
    ✓ Тишина C5          @ (3,5,5) hp=2/2
    ✓ Бурав C6           @ (1,0,7) hp=4/4
    ✓ Паук C8            @ (8,3,6) hp=1/1
    ✗ Радиовышка C2      @ (4,5,5) [уничтожен]
    ✗ Прыгун C3          @ (8,6,4) [уничтожен]
    ✗ Факел C4           @ (8,9,7) [уничтожен]
    ✗ Провокатор C7      @ (5,8,6) [уничтожен]

======================================================================
ХОД 8
======================================================================
✓ 🎮 GM: начинаем ход
GM: start_turn

--- Радиовышки: сканирование слоя Z ---
  Радиовышка B2 (z=2): видит 1 врагов  → Факел A4(5,5,2)

--- Решения ботов ---
  [Team A] Прыгун A3 (8,9,7) → MOVE (9,9,7)
  [Team A] Факел A4 (5,5,2) → MOVE (6,6,3)
  [Team A] Тишина A5 (4,2,2) → MOVE (5,3,3)
  [Team A] Бурав A6 (4,5,5) → MOVE (5,4,4)
  [Team B] Радиовышка B2 (9,4,2) → MOVE (8,4,2)
  [Team B] Тишина B5 (8,5,2) → MOVE (7,5,2)
  [Team B] Бурав B6 (9,4,3) → MOVE (8,3,4)
  [Team B] Факел B4 → SKIP
  [Team C] Артиллерия C1 (9,9,7) → SHOOT at (8,9,7)
  [Team C] Тишина C5 (3,5,5) → MOVE (4,5,5)
  [Team C] Бурав C6 (1,0,7) → MOVE (2,1,6)
  [Team C] Паук C8 (8,3,6) → MINE (8,4,5)
! 🎮 GM: принудительно завершает фазу планирования
GM: end_planning
# 
============================================================
# 🔄 ОБРАБОТКА ХОДА 8
# ============================================================
!    ⚠️ Паук C8: в клетке уже стоит мина

📦 ПЕРЕМЕЩЕНИЯ:
✓    💥 Прыгун A3 тараном уничтожил Артиллерия C1 в (9,9,7)
   Прыгун A3: (8, 9, 7) → (9,9,7)
   Факел A4: (5, 5, 2) → (6,6,3)
   Тишина A5: (4, 2, 2) → (5,3,3)
!    ⚠️ Бурав A6: Бурав двигается только по 1 оси или по 2 осям строго диагонально
   Радиовышка B2: (9, 4, 2) → (8,4,2)
   Тишина B5: (8, 5, 2) → (7,5,2)
!    ⚠️ Бурав B6: Бурав двигается только по 1 оси или по 2 осям строго диагонально
!    ⚠️ Тишина C5: клетка (4,5,5) занята
!    ⚠️ Бурав C6: Бурав двигается только по 1 оси или по 2 осям строго диагонально

🎯 ВЫСТРЕЛЫ:
   Выпущено ракет: 0
# 
📊 РЕЗУЛЬТАТЫ ХОДА 8:
🎯 Попаданий нет

--- Результаты хода ---
  Team A / Прыгун A3          → Team C / Артиллерия C1      @ (9,9,7)  (УБИТ)

--- Состояние команд после хода ---
  Team A: живых 4/8
    ✓ Прыгун A3          @ (9,9,7) hp=2/2
    ✓ Факел A4           @ (6,6,3) hp=6/6
    ✓ Тишина A5          @ (5,3,3) hp=2/2
    ✓ Бурав A6           @ (4,5,5) hp=4/4
    ✗ Артиллерия A1      @ (6,1,3) [уничтожен]
    ✗ Радиовышка A2      @ (9,4,2) [уничтожен]
    ✗ Провокатор A7      @ (7,7,3) [уничтожен]
    ✗ Паук A8            @ (8,2,3) [уничтожен]
  Team B: живых 4/8
    ✓ Радиовышка B2      @ (8,4,2) hp=3/3
    ✓ Факел B4           @ (8,4,3) hp=6/6
    ✓ Тишина B5          @ (7,5,2) hp=2/2
    ✓ Бурав B6           @ (9,4,3) hp=4/4
    ✗ Артиллерия B1      @ (7,8,1) [уничтожен]
    ✗ Прыгун B3          @ (9,5,3) [уничтожен]
    ✗ Провокатор B7      @ (3,9,1) [уничтожен]
    ✗ Паук B8            @ (5,2,2) [уничтожен]
  Team C: живых 3/8
    ✓ Тишина C5          @ (3,5,5) hp=2/2
    ✓ Бурав C6           @ (1,0,7) hp=4/4
    ✓ Паук C8            @ (8,3,6) hp=1/1
    ✗ Артиллерия C1      @ (9,9,7) [уничтожен]
    ✗ Радиовышка C2      @ (4,5,5) [уничтожен]
    ✗ Прыгун C3          @ (8,6,4) [уничтожен]
    ✗ Факел C4           @ (8,9,7) [уничтожен]
    ✗ Провокатор C7      @ (5,8,6) [уничтожен]

======================================================================
ХОД 9
======================================================================
✓ 🎮 GM: начинаем ход
GM: start_turn

--- Радиовышки: сканирование слоя Z ---
  Радиовышка B2 (z=2): слой чист

--- Решения ботов ---
  [Team A] Прыгун A3 (9,9,7) → MOVE (8,8,6)
  [Team A] Факел A4 (6,6,3) → MOVE (7,7,4)
  [Team A] Тишина A5 (5,3,3) → MOVE (6,4,2)
  [Team A] Бурав A6 (4,5,5) → MOVE (5,4,4)
  [Team B] Радиовышка B2 (8,4,2) → MOVE (7,5,3)
  [Team B] Тишина B5 (7,5,2) → MOVE (6,6,3)
  [Team B] Бурав B6 (9,4,3) → MOVE (8,5,3)
  [Team B] Факел B4 → SKIP
  [Team C] Тишина C5 (3,5,5) → MOVE (4,5,5)
  [Team C] Бурав C6 (1,0,7) → MOVE (2,1,6)
  [Team C] Паук C8 (8,3,6) → MINE (7,4,5)
! 🎮 GM: принудительно завершает фазу планирования
GM: end_planning
# 
============================================================
# 🔄 ОБРАБОТКА ХОДА 9
# ============================================================
   💣 Паук C8 установил мину M9 в (7,4,5)

📦 ПЕРЕМЕЩЕНИЯ:
   Прыгун A3: (9, 9, 7) → (8,8,6)
   Факел A4: (6, 6, 3) → (7,7,4)
   Тишина A5: (5, 3, 3) → (6,4,2)
!    ⚠️ Бурав A6: Бурав двигается только по 1 оси или по 2 осям строго диагонально
   Радиовышка B2: (8, 4, 2) → (7,5,3)
   Тишина B5: (7, 5, 2) → (6,6,3)
   Бурав B6: (9, 4, 3) → (8,5,3)
!    ⚠️ Тишина C5: клетка (4,5,5) занята
!    ⚠️ Бурав C6: Бурав двигается только по 1 оси или по 2 осям строго диагонально

🎯 ВЫСТРЕЛЫ:
   Выпущено ракет: 0
# 
📊 РЕЗУЛЬТАТЫ ХОДА 9:
🎯 Попаданий нет

--- Результаты хода ---
  Попаданий нет

--- Состояние команд после хода ---
  Team A: живых 4/8
    ✓ Прыгун A3          @ (8,8,6) hp=2/2
    ✓ Факел A4           @ (7,7,4) hp=6/6
    ✓ Тишина A5          @ (6,4,2) hp=2/2
    ✓ Бурав A6           @ (4,5,5) hp=4/4
    ✗ Артиллерия A1      @ (6,1,3) [уничтожен]
    ✗ Радиовышка A2      @ (9,4,2) [уничтожен]
    ✗ Провокатор A7      @ (7,7,3) [уничтожен]
    ✗ Паук A8            @ (8,2,3) [уничтожен]
  Team B: живых 4/8
    ✓ Радиовышка B2      @ (7,5,3) hp=3/3
    ✓ Факел B4           @ (8,4,3) hp=6/6
    ✓ Тишина B5          @ (6,6,3) hp=2/2
    ✓ Бурав B6           @ (8,5,3) hp=4/4
    ✗ Артиллерия B1      @ (7,8,1) [уничтожен]
    ✗ Прыгун B3          @ (9,5,3) [уничтожен]
    ✗ Провокатор B7      @ (3,9,1) [уничтожен]
    ✗ Паук B8            @ (5,2,2) [уничтожен]
  Team C: живых 3/8
    ✓ Тишина C5          @ (3,5,5) hp=2/2
    ✓ Бурав C6           @ (1,0,7) hp=4/4
    ✓ Паук C8            @ (8,3,6) hp=1/1
    ✗ Артиллерия C1      @ (9,9,7) [уничтожен]
    ✗ Радиовышка C2      @ (4,5,5) [уничтожен]
    ✗ Прыгун C3          @ (8,6,4) [уничтожен]
    ✗ Факел C4           @ (8,9,7) [уничтожен]
    ✗ Провокатор C7      @ (5,8,6) [уничтожен]

======================================================================
ХОД 10
======================================================================
✓ 🎮 GM: начинаем ход
GM: start_turn

--- Радиовышки: сканирование слоя Z ---
  Радиовышка B2 (z=3): слой чист

--- Решения ботов ---
  [Team A] Прыгун A3 (8,8,6) → MOVE (7,7,5)
  [Team A] Факел A4 (7,7,4) → MOVE (8,8,5)
  [Team A] Тишина A5 (6,4,2) → MOVE (7,5,3)
  [Team A] Бурав A6 (4,5,5) → MOVE (5,5,4)
  [Team B] Радиовышка B2 (7,5,3) → MOVE (7,6,4)
  [Team B] Тишина B5 (6,6,3) → MOVE (7,7,4)
  [Team B] Бурав B6 (8,5,3) → MOVE (8,8,6)
  [Team B] Факел B4 → SKIP
  [Team C] Тишина C5 (3,5,5) → MOVE (4,5,5)
  [Team C] Бурав C6 (1,0,7) → MOVE (2,1,6)
  [Team C] Паук C8 (8,3,6) → MINE (7,4,5)
! 🎮 GM: принудительно завершает фазу планирования
GM: end_planning
# 
============================================================
# 🔄 ОБРАБОТКА ХОДА 10
# ============================================================
!    ⚠️ Паук C8: в клетке уже стоит мина

📦 ПЕРЕМЕЩЕНИЯ:
   Прыгун A3: (8, 8, 6) → (7,7,5)
   Факел A4: (7, 7, 4) → (8,8,5)
!    ⚠️ Тишина A5: клетка (7,5,3) занята
   Бурав A6: (4, 5, 5) → (5,5,4)
   Радиовышка B2: (7, 5, 3) → (7,6,4)
   Тишина B5: (6, 6, 3) → (7,7,4)
   Бурав B6: (8, 5, 3) → (8,8,6)
   Тишина C5: (3, 5, 5) → (4,5,5)
!    ⚠️ Бурав C6: Бурав двигается только по 1 оси или по 2 осям строго диагонально

🎯 ВЫСТРЕЛЫ:
   Выпущено ракет: 0
# 
📊 РЕЗУЛЬТАТЫ ХОДА 10:
🎯 Попаданий нет

--- Результаты хода ---
  Попаданий нет

--- Состояние команд после хода ---
  Team A: живых 4/8
    ✓ Прыгун A3          @ (7,7,5) hp=2/2
    ✓ Факел A4           @ (8,8,5) hp=6/6
    ✓ Тишина A5          @ (6,4,2) hp=2/2
    ✓ Бурав A6           @ (5,5,4) hp=4/4
    ✗ Артиллерия A1      @ (6,1,3) [уничтожен]
    ✗ Радиовышка A2      @ (9,4,2) [уничтожен]
    ✗ Провокатор A7      @ (7,7,3) [уничтожен]
    ✗ Паук A8            @ (8,2,3) [уничтожен]
  Team B: живых 4/8
    ✓ Радиовышка B2      @ (7,6,4) hp=3/3
    ✓ Факел B4           @ (8,4,3) hp=6/6
    ✓ Тишина B5          @ (7,7,4) hp=2/2
    ✓ Бурав B6           @ (8,8,6) hp=4/4
    ✗ Артиллерия B1      @ (7,8,1) [уничтожен]
    ✗ Прыгун B3          @ (9,5,3) [уничтожен]
    ✗ Провокатор B7      @ (3,9,1) [уничтожен]
    ✗ Паук B8            @ (5,2,2) [уничтожен]
  Team C: живых 3/8
    ✓ Тишина C5          @ (4,5,5) hp=2/2
    ✓ Бурав C6           @ (1,0,7) hp=4/4
    ✓ Паук C8            @ (8,3,6) hp=1/1
    ✗ Артиллерия C1      @ (9,9,7) [уничтожен]
    ✗ Радиовышка C2      @ (4,5,5) [уничтожен]
    ✗ Прыгун C3          @ (8,6,4) [уничтожен]
    ✗ Факел C4           @ (8,9,7) [уничтожен]
    ✗ Провокатор C7      @ (5,8,6) [уничтожен]

======================================================================
ХОД 11
======================================================================
✓ 🎮 GM: начинаем ход
GM: start_turn

--- Радиовышки: сканирование слоя Z ---
  Радиовышка B2 (z=4): видит 1 врагов  → Бурав A6(5,5,4)

--- Решения ботов ---
  [Team A] Прыгун A3 (7,7,5) → MOVE (8,8,6)
  [Team A] Факел A4 (8,8,5) → SHOOT at (8,8,6)
  [Team A] Тишина A5 (6,4,2) → MOVE (7,5,3)
  [Team A] Бурав A6 (5,5,4) → MOVE (6,6,4)
  [Team B] Радиовышка B2 (7,6,4) → MOVE (7,7,5)
  [Team B] Факел B4 (8,4,3) → MOVE (8,5,4)
  [Team B] Бурав B6 (8,8,6) → MOVE (8,8,5)
  [Team B] Тишина B5 → SKIP
  [Team C] Тишина C5 (4,5,5) → MOVE (5,5,4)
  [Team C] Бурав C6 (1,0,7) → MOVE (2,1,6)
  [Team C] Паук C8 (8,3,6) → MINE (7,4,5)
! 🎮 GM: принудительно завершает фазу планирования
GM: end_planning
# 
============================================================
# 🔄 ОБРАБОТКА ХОДА 11
# ============================================================
!    ⚠️ Паук C8: в клетке уже стоит мина

📦 ПЕРЕМЕЩЕНИЯ:
✓    💥 Прыгун A3 тараном уничтожил Бурав B6 в (8,8,6)
   Прыгун A3: (7, 7, 5) → (8,8,6)
   Тишина A5: (6, 4, 2) → (7,5,3)
   Бурав A6: (5, 5, 4) → (6,6,4)
   Радиовышка B2: (7, 6, 4) → (7,7,5)
   Факел B4: (8, 4, 3) → (8,5,4)
   Тишина C5: (4, 5, 5) → (5,5,4)
!    ⚠️ Бурав C6: Бурав двигается только по 1 оси или по 2 осям строго диагонально

🎯 ВЫСТРЕЛЫ:
!    🛡️ Выстрел Факел A4 заблокирован союзником Прыгун A3 в (8, 8, 6)
   Выпущено ракет: 1
# 
📊 РЕЗУЛЬТАТЫ ХОДА 11:
🎯 Попаданий нет

--- Результаты хода ---
  Team A / Прыгун A3          → Team B / Бурав B6           @ (8,8,6)  (УБИТ)

--- Состояние команд после хода ---
  Team A: живых 4/8
    ✓ Прыгун A3          @ (8,8,6) hp=2/2
    ✓ Факел A4           @ (8,8,5) hp=6/6
    ✓ Тишина A5          @ (7,5,3) hp=2/2
    ✓ Бурав A6           @ (6,6,4) hp=4/4
    ✗ Артиллерия A1      @ (6,1,3) [уничтожен]
    ✗ Радиовышка A2      @ (9,4,2) [уничтожен]
    ✗ Провокатор A7      @ (7,7,3) [уничтожен]
    ✗ Паук A8            @ (8,2,3) [уничтожен]
  Team B: живых 3/8
    ✓ Радиовышка B2      @ (7,7,5) hp=3/3
    ✓ Факел B4           @ (8,5,4) hp=6/6
    ✓ Тишина B5          @ (7,7,4) hp=2/2
    ✗ Артиллерия B1      @ (7,8,1) [уничтожен]
    ✗ Прыгун B3          @ (9,5,3) [уничтожен]
    ✗ Бурав B6           @ (8,8,6) [уничтожен]
    ✗ Провокатор B7      @ (3,9,1) [уничтожен]
    ✗ Паук B8            @ (5,2,2) [уничтожен]
  Team C: живых 3/8
    ✓ Тишина C5          @ (5,5,4) hp=2/2
    ✓ Бурав C6           @ (1,0,7) hp=4/4
    ✓ Паук C8            @ (8,3,6) hp=1/1
    ✗ Артиллерия C1      @ (9,9,7) [уничтожен]
    ✗ Радиовышка C2      @ (4,5,5) [уничтожен]
    ✗ Прыгун C3          @ (8,6,4) [уничтожен]
    ✗ Факел C4           @ (8,9,7) [уничтожен]
    ✗ Провокатор C7      @ (5,8,6) [уничтожен]

======================================================================
ХОД 12
======================================================================
✓ 🎮 GM: начинаем ход
GM: start_turn

--- Радиовышки: сканирование слоя Z ---
  Радиовышка B2 (z=5): видит 1 врагов  → Факел A4(8,8,5)

--- Решения ботов ---
  [Team A] Прыгун A3 (8,8,6) → MOVE (7,7,5)
  [Team A] Тишина A5 (7,5,3) → MOVE (8,5,4)
  [Team A] Бурав A6 (6,6,4) → MOVE (7,7,4)
  [Team A] Факел A4 → SKIP
  [Team B] Радиовышка B2 (7,7,5) → MOVE (8,8,6)
  [Team B] Факел B4 (8,5,4) → MOVE (7,6,5)
  [Team B] Тишина B5 (7,7,4) → MOVE (8,8,5)
  [Team C] Тишина C5 (5,5,4) → MOVE (6,6,4)
  [Team C] Бурав C6 (1,0,7) → MOVE (2,1,6)
  [Team C] Паук C8 (8,3,6) → MINE (8,4,5)
! 🎮 GM: принудительно завершает фазу планирования
GM: end_planning
# 
============================================================
# 🔄 ОБРАБОТКА ХОДА 12
# ============================================================
!    ⚠️ Паук C8: в клетке уже стоит мина

📦 ПЕРЕМЕЩЕНИЯ:
✓    💥 Прыгун A3 тараном уничтожил Радиовышка B2 в (7,7,5)
   Прыгун A3: (8, 8, 6) → (7,7,5)
!    ⚠️ Тишина A5: клетка (8,5,4) занята
   Бурав A6: (6, 6, 4) → (7,7,4)
   Факел B4: (8, 5, 4) → (7,6,5)
!    ⚠️ Тишина B5: клетка (8,8,5) занята
   Тишина C5: (5, 5, 4) → (6,6,4)
!    ⚠️ Бурав C6: Бурав двигается только по 1 оси или по 2 осям строго диагонально

🎯 ВЫСТРЕЛЫ:
   Выпущено ракет: 0
# 
📊 РЕЗУЛЬТАТЫ ХОДА 12:
🎯 Попаданий нет

--- Результаты хода ---
  Team A / Прыгун A3          → Team B / Радиовышка B2      @ (7,7,5)  (УБИТ)

--- Состояние команд после хода ---
  Team A: живых 4/8
    ✓ Прыгун A3          @ (7,7,5) hp=2/2
    ✓ Факел A4           @ (8,8,5) hp=6/6
    ✓ Тишина A5          @ (7,5,3) hp=2/2
    ✓ Бурав A6           @ (7,7,4) hp=4/4
    ✗ Артиллерия A1      @ (6,1,3) [уничтожен]
    ✗ Радиовышка A2      @ (9,4,2) [уничтожен]
    ✗ Провокатор A7      @ (7,7,3) [уничтожен]
    ✗ Паук A8            @ (8,2,3) [уничтожен]
  Team B: живых 2/8
    ✓ Факел B4           @ (7,6,5) hp=6/6
    ✓ Тишина B5          @ (7,7,4) hp=2/2
    ✗ Артиллерия B1      @ (7,8,1) [уничтожен]
    ✗ Радиовышка B2      @ (7,7,5) [уничтожен]
    ✗ Прыгун B3          @ (9,5,3) [уничтожен]
    ✗ Бурав B6           @ (8,8,6) [уничтожен]
    ✗ Провокатор B7      @ (3,9,1) [уничтожен]
    ✗ Паук B8            @ (5,2,2) [уничтожен]
  Team C: живых 3/8
    ✓ Тишина C5          @ (6,6,4) hp=2/2
    ✓ Бурав C6           @ (1,0,7) hp=4/4
    ✓ Паук C8            @ (8,3,6) hp=1/1
    ✗ Артиллерия C1      @ (9,9,7) [уничтожен]
    ✗ Радиовышка C2      @ (4,5,5) [уничтожен]
    ✗ Прыгун C3          @ (8,6,4) [уничтожен]
    ✗ Факел C4           @ (8,9,7) [уничтожен]
    ✗ Провокатор C7      @ (5,8,6) [уничтожен]

======================================================================
ХОД 13
======================================================================
✓ 🎮 GM: начинаем ход
GM: start_turn

--- Радиовышки: сканирование слоя Z ---
  (у команд не осталось живых радиовышек)

--- Решения ботов ---
  [Team A] Прыгун A3 (7,7,5) → MOVE (7,6,5)
  [Team A] Факел A4 (8,8,5) → MOVE (8,7,5)
  [Team A] Тишина A5 (7,5,3) → MOVE (7,6,4)
  [Team A] Бурав A6 → SKIP
  [Team B] Факел B4 (7,6,5) → SHOOT at (7,7,5)
  [Team B] Тишина B5 → SKIP
  [Team C] Тишина C5 (6,6,4) → MOVE (7,7,5)
  [Team C] Бурав C6 (1,0,7) → MOVE (2,1,6)
  [Team C] Паук C8 (8,3,6) → MINE (7,4,5)
! 🎮 GM: принудительно завершает фазу планирования
GM: end_planning
# 
============================================================
# 🔄 ОБРАБОТКА ХОДА 13
# ============================================================
!    ⚠️ Паук C8: в клетке уже стоит мина

📦 ПЕРЕМЕЩЕНИЯ:
✓    💥 Прыгун A3 тараном уничтожил Факел B4 в (7,6,5)
   Прыгун A3: (7, 7, 5) → (7,6,5)
   Факел A4: (8, 8, 5) → (8,7,5)
   Тишина A5: (7, 5, 3) → (7,6,4)
   Тишина C5: (6, 6, 4) → (7,7,5)
!    ⚠️ Бурав C6: Бурав двигается только по 1 оси или по 2 осям строго диагонально

🎯 ВЫСТРЕЛЫ:
   Выпущено ракет: 0
# 
📊 РЕЗУЛЬТАТЫ ХОДА 13:
🎯 Попаданий нет

--- Результаты хода ---
  Team A / Прыгун A3          → Team B / Факел B4           @ (7,6,5)  (УБИТ)

--- Состояние команд после хода ---
  Team A: живых 4/8
    ✓ Прыгун A3          @ (7,6,5) hp=2/2
    ✓ Факел A4           @ (8,7,5) hp=6/6
    ✓ Тишина A5          @ (7,6,4) hp=2/2
    ✓ Бурав A6           @ (7,7,4) hp=4/4
    ✗ Артиллерия A1      @ (6,1,3) [уничтожен]
    ✗ Радиовышка A2      @ (9,4,2) [уничтожен]
    ✗ Провокатор A7      @ (7,7,3) [уничтожен]
    ✗ Паук A8            @ (8,2,3) [уничтожен]
  Team B: живых 1/8
    ✓ Тишина B5          @ (7,7,4) hp=2/2
    ✗ Артиллерия B1      @ (7,8,1) [уничтожен]
    ✗ Радиовышка B2      @ (7,7,5) [уничтожен]
    ✗ Прыгун B3          @ (9,5,3) [уничтожен]
    ✗ Факел B4           @ (7,6,5) [уничтожен]
    ✗ Бурав B6           @ (8,8,6) [уничтожен]
    ✗ Провокатор B7      @ (3,9,1) [уничтожен]
    ✗ Паук B8            @ (5,2,2) [уничтожен]
  Team C: живых 3/8
    ✓ Тишина C5          @ (7,7,5) hp=2/2
    ✓ Бурав C6           @ (1,0,7) hp=4/4
    ✓ Паук C8            @ (8,3,6) hp=1/1
    ✗ Артиллерия C1      @ (9,9,7) [уничтожен]
    ✗ Радиовышка C2      @ (4,5,5) [уничтожен]
    ✗ Прыгун C3          @ (8,6,4) [уничтожен]
    ✗ Факел C4           @ (8,9,7) [уничтожен]
    ✗ Провокатор C7      @ (5,8,6) [уничтожен]

======================================================================
ХОД 14
======================================================================
✓ 🎮 GM: начинаем ход
GM: start_turn

--- Радиовышки: сканирование слоя Z ---
  (у команд не осталось живых радиовышек)

--- Решения ботов ---
  [Team A] Прыгун A3 (7,6,5) → MOVE (8,5,6)
  [Team A] Факел A4 (8,7,5) → MOVE (7,7,5)
  [Team A] Тишина A5 (7,6,4) → PHASE toggle
  [Team A] Бурав A6 (7,7,4) → MOVE (8,6,5)
  [Team B] все корабли пропускают ход
  [Team C] Тишина C5 (7,7,5) → MOVE (7,6,5)
  [Team C] Бурав C6 (1,0,7) → MOVE (2,1,6)
  [Team C] Паук C8 (8,3,6) → MINE (7,4,5)
! 🎮 GM: принудительно завершает фазу планирования
GM: end_planning
# 
============================================================
# 🔄 ОБРАБОТКА ХОДА 14
# ============================================================
   🌀 Тишина A5: фаза ВЫКЛ
!    ⚠️ Паук C8: в клетке уже стоит мина

📦 ПЕРЕМЕЩЕНИЯ:
   Прыгун A3: (7, 6, 5) → (8,5,6)
   Факел A4: (8, 7, 5) → (7,7,5)
!    ⚠️ Бурав A6: Бурав двигается только по 1 оси или по 2 осям строго диагонально
   Тишина C5: (7, 7, 5) → (7,6,5)
!    ⚠️ Бурав C6: Бурав двигается только по 1 оси или по 2 осям строго диагонально

🎯 ВЫСТРЕЛЫ:
   Выпущено ракет: 0
# 
📊 РЕЗУЛЬТАТЫ ХОДА 14:
🎯 Попаданий нет

--- Результаты хода ---
  Попаданий нет

--- Состояние команд после хода ---
  Team A: живых 4/8
    ✓ Прыгун A3          @ (8,5,6) hp=2/2
    ✓ Факел A4           @ (7,7,5) hp=6/6
    ✓ Тишина A5          @ (7,6,4) hp=2/2
    ✓ Бурав A6           @ (7,7,4) hp=4/4
    ✗ Артиллерия A1      @ (6,1,3) [уничтожен]
    ✗ Радиовышка A2      @ (9,4,2) [уничтожен]
    ✗ Провокатор A7      @ (7,7,3) [уничтожен]
    ✗ Паук A8            @ (8,2,3) [уничтожен]
  Team B: живых 1/8
    ✓ Тишина B5          @ (7,7,4) hp=2/2
    ✗ Артиллерия B1      @ (7,8,1) [уничтожен]
    ✗ Радиовышка B2      @ (7,7,5) [уничтожен]
    ✗ Прыгун B3          @ (9,5,3) [уничтожен]
    ✗ Факел B4           @ (7,6,5) [уничтожен]
    ✗ Бурав B6           @ (8,8,6) [уничтожен]
    ✗ Провокатор B7      @ (3,9,1) [уничтожен]
    ✗ Паук B8            @ (5,2,2) [уничтожен]
  Team C: живых 3/8
    ✓ Тишина C5          @ (7,6,5) hp=2/2
    ✓ Бурав C6           @ (1,0,7) hp=4/4
    ✓ Паук C8            @ (8,3,6) hp=1/1
    ✗ Артиллерия C1      @ (9,9,7) [уничтожен]
    ✗ Радиовышка C2      @ (4,5,5) [уничтожен]
    ✗ Прыгун C3          @ (8,6,4) [уничтожен]
    ✗ Факел C4           @ (8,9,7) [уничтожен]
    ✗ Провокатор C7      @ (5,8,6) [уничтожен]

======================================================================
ХОД 15
======================================================================
✓ 🎮 GM: начинаем ход
GM: start_turn

--- Радиовышки: сканирование слоя Z ---
  (у команд не осталось живых радиовышек)

--- Решения ботов ---
  [Team A] Прыгун A3 (8,5,6) → MOVE (8,3,6)
  [Team A] Факел A4 (7,7,5) → MOVE (8,6,6)
  [Team A] Тишина A5 (7,6,4) → MOVE (8,5,5)
  [Team A] Бурав A6 (7,7,4) → MOVE (8,6,5)
  [Team B] все корабли пропускают ход
  [Team C] Тишина C5 (7,6,5) → MOVE (8,5,6)
  [Team C] Бурав C6 (1,0,7) → MOVE (2,1,6)
  [Team C] Паук C8 (8,3,6) → MINE (8,4,6)
! 🎮 GM: принудительно завершает фазу планирования
GM: end_planning
# 
============================================================
# 🔄 ОБРАБОТКА ХОДА 15
# ============================================================
   💣 Паук C8 установил мину M10 в (8,4,6)

📦 ПЕРЕМЕЩЕНИЯ:
✓    💥 Прыгун A3 тараном уничтожил Паук C8 в (8,3,6)
   Прыгун A3: (8, 5, 6) → (8,3,6)
   Факел A4: (7, 7, 5) → (8,6,6)
   Тишина A5: (7, 6, 4) → (8,5,5)
!    ⚠️ Бурав A6: Бурав двигается только по 1 оси или по 2 осям строго диагонально
   Тишина C5: (7, 6, 5) → (8,5,6)
!    ⚠️ Бурав C6: Бурав двигается только по 1 оси или по 2 осям строго диагонально

🎯 ВЫСТРЕЛЫ:
   Выпущено ракет: 0
# 
📊 РЕЗУЛЬТАТЫ ХОДА 15:
🎯 Попаданий нет

--- Результаты хода ---
  Team A / Прыгун A3          → Team C / Паук C8            @ (8,3,6)  (УБИТ)

--- Состояние команд после хода ---
  Team A: живых 4/8
    ✓ Прыгун A3          @ (8,3,6) hp=2/2
    ✓ Факел A4           @ (8,6,6) hp=6/6
    ✓ Тишина A5          @ (8,5,5) hp=2/2
    ✓ Бурав A6           @ (7,7,4) hp=4/4
    ✗ Артиллерия A1      @ (6,1,3) [уничтожен]
    ✗ Радиовышка A2      @ (9,4,2) [уничтожен]
    ✗ Провокатор A7      @ (7,7,3) [уничтожен]
    ✗ Паук A8            @ (8,2,3) [уничтожен]
  Team B: живых 1/8
    ✓ Тишина B5          @ (7,7,4) hp=2/2
    ✗ Артиллерия B1      @ (7,8,1) [уничтожен]
    ✗ Радиовышка B2      @ (7,7,5) [уничтожен]
    ✗ Прыгун B3          @ (9,5,3) [уничтожен]
    ✗ Факел B4           @ (7,6,5) [уничтожен]
    ✗ Бурав B6           @ (8,8,6) [уничтожен]
    ✗ Провокатор B7      @ (3,9,1) [уничтожен]
    ✗ Паук B8            @ (5,2,2) [уничтожен]
  Team C: живых 2/8
    ✓ Тишина C5          @ (8,5,6) hp=2/2
    ✓ Бурав C6           @ (1,0,7) hp=4/4
    ✗ Артиллерия C1      @ (9,9,7) [уничтожен]
    ✗ Радиовышка C2      @ (4,5,5) [уничтожен]
    ✗ Прыгун C3          @ (8,6,4) [уничтожен]
    ✗ Факел C4           @ (8,9,7) [уничтожен]
    ✗ Провокатор C7      @ (5,8,6) [уничтожен]
    ✗ Паук C8            @ (8,3,6) [уничтожен]

======================================================================
ХОД 16
======================================================================
✓ 🎮 GM: начинаем ход
GM: start_turn

--- Радиовышки: сканирование слоя Z ---
  (у команд не осталось живых радиовышек)

--- Решения ботов ---
  [Team A] Прыгун A3 (8,3,6) → MOVE (7,4,5)
  [Team A] Факел A4 (8,6,6) → MOVE (8,5,6)
  [Team A] Тишина A5 (8,5,5) → MOVE (7,5,5)
  [Team A] Бурав A6 (7,7,4) → MOVE (6,6,5)
  [Team B] все корабли пропускают ход
  [Team C] Тишина C5 (8,5,6) → MOVE (8,6,6)
  [Team C] Бурав C6 (1,0,7) → MOVE (2,1,6)
! 🎮 GM: принудительно завершает фазу планирования
GM: end_planning
# 
============================================================
# 🔄 ОБРАБОТКА ХОДА 16
# ============================================================

📦 ПЕРЕМЕЩЕНИЯ:
   Прыгун A3: (8, 3, 6) → (7,4,5)
!    💥 Мина M9 сработала под Прыгун A3 (урон 2) — КОРАБЛЬ УНИЧТОЖЕН
   Факел A4: (8, 6, 6) → (8,5,6)
   Тишина A5: (8, 5, 5) → (7,5,5)
!    ⚠️ Бурав A6: Бурав двигается только по 1 оси или по 2 осям строго диагонально
   Тишина C5: (8, 5, 6) → (8,6,6)
!    ⚠️ Бурав C6: Бурав двигается только по 1 оси или по 2 осям строго диагонально

🎯 ВЫСТРЕЛЫ:
   Выпущено ракет: 0
# 
📊 РЕЗУЛЬТАТЫ ХОДА 16:
🎯 Попаданий нет

--- Результаты хода ---
  ? / ?                  → Team A / Прыгун A3          @ (7,4,5)  (УБИТ)

--- Состояние команд после хода ---
  Team A: живых 3/8
    ✓ Факел A4           @ (8,5,6) hp=6/6
    ✓ Тишина A5          @ (7,5,5) hp=2/2
    ✓ Бурав A6           @ (7,7,4) hp=4/4
    ✗ Артиллерия A1      @ (6,1,3) [уничтожен]
    ✗ Радиовышка A2      @ (9,4,2) [уничтожен]
    ✗ Прыгун A3          @ (7,4,5) [уничтожен]
    ✗ Провокатор A7      @ (7,7,3) [уничтожен]
    ✗ Паук A8            @ (8,2,3) [уничтожен]
  Team B: живых 1/8
    ✓ Тишина B5          @ (7,7,4) hp=2/2
    ✗ Артиллерия B1      @ (7,8,1) [уничтожен]
    ✗ Радиовышка B2      @ (7,7,5) [уничтожен]
    ✗ Прыгун B3          @ (9,5,3) [уничтожен]
    ✗ Факел B4           @ (7,6,5) [уничтожен]
    ✗ Бурав B6           @ (8,8,6) [уничтожен]
    ✗ Провокатор B7      @ (3,9,1) [уничтожен]
    ✗ Паук B8            @ (5,2,2) [уничтожен]
  Team C: живых 2/8
    ✓ Тишина C5          @ (8,6,6) hp=2/2
    ✓ Бурав C6           @ (1,0,7) hp=4/4
    ✗ Артиллерия C1      @ (9,9,7) [уничтожен]
    ✗ Радиовышка C2      @ (4,5,5) [уничтожен]
    ✗ Прыгун C3          @ (8,6,4) [уничтожен]
    ✗ Факел C4           @ (8,9,7) [уничтожен]
    ✗ Провокатор C7      @ (5,8,6) [уничтожен]
    ✗ Паук C8            @ (8,3,6) [уничтожен]

======================================================================
ХОД 17
======================================================================
✓ 🎮 GM: начинаем ход
GM: start_turn

--- Радиовышки: сканирование слоя Z ---
  (у команд не осталось живых радиовышек)

--- Решения ботов ---
  [Team A] Факел A4 (8,5,6) → MOVE (7,6,5)
  [Team A] Тишина A5 (7,5,5) → MOVE (6,5,5)
  [Team A] Бурав A6 (7,7,4) → MOVE (6,6,5)
  [Team B] все корабли пропускают ход
  [Team C] Тишина C5 (8,6,6) → MOVE (8,5,6)
  [Team C] Бурав C6 (1,0,7) → MOVE (2,1,6)
! 🎮 GM: принудительно завершает фазу планирования
GM: end_planning
# 
============================================================
# 🔄 ОБРАБОТКА ХОДА 17
# ============================================================

📦 ПЕРЕМЕЩЕНИЯ:
   Факел A4: (8, 5, 6) → (7,6,5)
   Тишина A5: (7, 5, 5) → (6,5,5)
!    ⚠️ Бурав A6: Бурав двигается только по 1 оси или по 2 осям строго диагонально
   Тишина C5: (8, 6, 6) → (8,5,6)
!    ⚠️ Бурав C6: Бурав двигается только по 1 оси или по 2 осям строго диагонально

🎯 ВЫСТРЕЛЫ:
   Выпущено ракет: 0
# 
📊 РЕЗУЛЬТАТЫ ХОДА 17:
🎯 Попаданий нет

--- Результаты хода ---
  Попаданий нет

--- Состояние команд после хода ---
  Team A: живых 3/8
    ✓ Факел A4           @ (7,6,5) hp=6/6
    ✓ Тишина A5          @ (6,5,5) hp=2/2
    ✓ Бурав A6           @ (7,7,4) hp=4/4
    ✗ Артиллерия A1      @ (6,1,3) [уничтожен]
    ✗ Радиовышка A2      @ (9,4,2) [уничтожен]
    ✗ Прыгун A3          @ (7,4,5) [уничтожен]
    ✗ Провокатор A7      @ (7,7,3) [уничтожен]
    ✗ Паук A8            @ (8,2,3) [уничтожен]
  Team B: живых 1/8
    ✓ Тишина B5          @ (7,7,4) hp=2/2
    ✗ Артиллерия B1      @ (7,8,1) [уничтожен]
    ✗ Радиовышка B2      @ (7,7,5) [уничтожен]
    ✗ Прыгун B3          @ (9,5,3) [уничтожен]
    ✗ Факел B4           @ (7,6,5) [уничтожен]
    ✗ Бурав B6           @ (8,8,6) [уничтожен]
    ✗ Провокатор B7      @ (3,9,1) [уничтожен]
    ✗ Паук B8            @ (5,2,2) [уничтожен]
  Team C: живых 2/8
    ✓ Тишина C5          @ (8,5,6) hp=2/2
    ✓ Бурав C6           @ (1,0,7) hp=4/4
    ✗ Артиллерия C1      @ (9,9,7) [уничтожен]
    ✗ Радиовышка C2      @ (4,5,5) [уничтожен]
    ✗ Прыгун C3          @ (8,6,4) [уничтожен]
    ✗ Факел C4           @ (8,9,7) [уничтожен]
    ✗ Провокатор C7      @ (5,8,6) [уничтожен]
    ✗ Паук C8            @ (8,3,6) [уничтожен]

======================================================================
ХОД 18
======================================================================
✓ 🎮 GM: начинаем ход
GM: start_turn

--- Радиовышки: сканирование слоя Z ---
  (у команд не осталось живых радиовышек)

--- Решения ботов ---
  [Team A] Факел A4 (7,6,5) → MOVE (7,6,4)
  [Team A] Тишина A5 (6,5,5) → MOVE (5,5,5)
  [Team A] Бурав A6 (7,7,4) → MOVE (6,6,5)
  [Team B] все корабли пропускают ход
  [Team C] Тишина C5 (8,5,6) → MOVE (7,6,5)
  [Team C] Бурав C6 (1,0,7) → MOVE (2,1,6)
! 🎮 GM: принудительно завершает фазу планирования
GM: end_planning
# 
============================================================
# 🔄 ОБРАБОТКА ХОДА 18
# ============================================================

📦 ПЕРЕМЕЩЕНИЯ:
   Факел A4: (7, 6, 5) → (7,6,4)
   Тишина A5: (6, 5, 5) → (5,5,5)
!    ⚠️ Бурав A6: Бурав двигается только по 1 оси или по 2 осям строго диагонально
   Тишина C5: (8, 5, 6) → (7,6,5)
!    ⚠️ Бурав C6: Бурав двигается только по 1 оси или по 2 осям строго диагонально

🎯 ВЫСТРЕЛЫ:
   Выпущено ракет: 0
# 
📊 РЕЗУЛЬТАТЫ ХОДА 18:
🎯 Попаданий нет

--- Результаты хода ---
  Попаданий нет

--- Состояние команд после хода ---
  Team A: живых 3/8
    ✓ Факел A4           @ (7,6,4) hp=6/6
    ✓ Тишина A5          @ (5,5,5) hp=2/2
    ✓ Бурав A6           @ (7,7,4) hp=4/4
    ✗ Артиллерия A1      @ (6,1,3) [уничтожен]
    ✗ Радиовышка A2      @ (9,4,2) [уничтожен]
    ✗ Прыгун A3          @ (7,4,5) [уничтожен]
    ✗ Провокатор A7      @ (7,7,3) [уничтожен]
    ✗ Паук A8            @ (8,2,3) [уничтожен]
  Team B: живых 1/8
    ✓ Тишина B5          @ (7,7,4) hp=2/2
    ✗ Артиллерия B1      @ (7,8,1) [уничтожен]
    ✗ Радиовышка B2      @ (7,7,5) [уничтожен]
    ✗ Прыгун B3          @ (9,5,3) [уничтожен]
    ✗ Факел B4           @ (7,6,5) [уничтожен]
    ✗ Бурав B6           @ (8,8,6) [уничтожен]
    ✗ Провокатор B7      @ (3,9,1) [уничтожен]
    ✗ Паук B8            @ (5,2,2) [уничтожен]
  Team C: живых 2/8
    ✓ Тишина C5          @ (7,6,5) hp=2/2
    ✓ Бурав C6           @ (1,0,7) hp=4/4
    ✗ Артиллерия C1      @ (9,9,7) [уничтожен]
    ✗ Радиовышка C2      @ (4,5,5) [уничтожен]
    ✗ Прыгун C3          @ (8,6,4) [уничтожен]
    ✗ Факел C4           @ (8,9,7) [уничтожен]
    ✗ Провокатор C7      @ (5,8,6) [уничтожен]
    ✗ Паук C8            @ (8,3,6) [уничтожен]

======================================================================
ХОД 19
======================================================================
✓ 🎮 GM: начинаем ход
GM: start_turn

--- Радиовышки: сканирование слоя Z ---
  (у команд не осталось живых радиовышек)

--- Решения ботов ---
  [Team A] Бурав A6 (7,7,4) → MOVE (6,6,5)
  [Team A] Факел A4 → SKIP
  [Team A] Тишина A5 → SKIP
  [Team B] все корабли пропускают ход
  [Team C] Тишина C5 (7,6,5) → MOVE (7,6,4)
  [Team C] Бурав C6 (1,0,7) → MOVE (2,1,6)
! 🎮 GM: принудительно завершает фазу планирования
GM: end_planning
# 
============================================================
# 🔄 ОБРАБОТКА ХОДА 19
# ============================================================

📦 ПЕРЕМЕЩЕНИЯ:
!    ⚠️ Бурав A6: Бурав двигается только по 1 оси или по 2 осям строго диагонально
!    ⚠️ Тишина C5: клетка (7,6,4) занята
!    ⚠️ Бурав C6: Бурав двигается только по 1 оси или по 2 осям строго диагонально

🎯 ВЫСТРЕЛЫ:
   Выпущено ракет: 0
# 
📊 РЕЗУЛЬТАТЫ ХОДА 19:
🎯 Попаданий нет

--- Результаты хода ---
  Попаданий нет

--- Состояние команд после хода ---
  Team A: живых 3/8
    ✓ Факел A4           @ (7,6,4) hp=6/6
    ✓ Тишина A5          @ (5,5,5) hp=2/2
    ✓ Бурав A6           @ (7,7,4) hp=4/4
    ✗ Артиллерия A1      @ (6,1,3) [уничтожен]
    ✗ Радиовышка A2      @ (9,4,2) [уничтожен]
    ✗ Прыгун A3          @ (7,4,5) [уничтожен]
    ✗ Провокатор A7      @ (7,7,3) [уничтожен]
    ✗ Паук A8            @ (8,2,3) [уничтожен]
  Team B: живых 1/8
    ✓ Тишина B5          @ (7,7,4) hp=2/2
    ✗ Артиллерия B1      @ (7,8,1) [уничтожен]
    ✗ Радиовышка B2      @ (7,7,5) [уничтожен]
    ✗ Прыгун B3          @ (9,5,3) [уничтожен]
    ✗ Факел B4           @ (7,6,5) [уничтожен]
    ✗ Бурав B6           @ (8,8,6) [уничтожен]
    ✗ Провокатор B7      @ (3,9,1) [уничтожен]
    ✗ Паук B8            @ (5,2,2) [уничтожен]
  Team C: живых 2/8
    ✓ Тишина C5          @ (7,6,5) hp=2/2
    ✓ Бурав C6           @ (1,0,7) hp=4/4
    ✗ Артиллерия C1      @ (9,9,7) [уничтожен]
    ✗ Радиовышка C2      @ (4,5,5) [уничтожен]
    ✗ Прыгун C3          @ (8,6,4) [уничтожен]
    ✗ Факел C4           @ (8,9,7) [уничтожен]
    ✗ Провокатор C7      @ (5,8,6) [уничтожен]
    ✗ Паук C8            @ (8,3,6) [уничтожен]

======================================================================
ХОД 20
======================================================================
✓ 🎮 GM: начинаем ход
GM: start_turn

--- Радиовышки: сканирование слоя Z ---
  (у команд не осталось живых радиовышек)

--- Решения ботов ---
  [Team A] Бурав A6 (7,7,4) → MOVE (6,6,5)
  [Team A] Факел A4 → SKIP
  [Team A] Тишина A5 → SKIP
  [Team B] все корабли пропускают ход
  [Team C] Тишина C5 (7,6,5) → MOVE (7,6,4)
  [Team C] Бурав C6 (1,0,7) → MOVE (2,1,6)
! 🎮 GM: принудительно завершает фазу планирования
GM: end_planning
# 
============================================================
# 🔄 ОБРАБОТКА ХОДА 20
# ============================================================

📦 ПЕРЕМЕЩЕНИЯ:
!    ⚠️ Бурав A6: Бурав двигается только по 1 оси или по 2 осям строго диагонально
!    ⚠️ Тишина C5: клетка (7,6,4) занята
!    ⚠️ Бурав C6: Бурав двигается только по 1 оси или по 2 осям строго диагонально

🎯 ВЫСТРЕЛЫ:
   Выпущено ракет: 0
# 
📊 РЕЗУЛЬТАТЫ ХОДА 20:
🎯 Попаданий нет

--- Результаты хода ---
  Попаданий нет

--- Состояние команд после хода ---
  Team A: живых 3/8
    ✓ Факел A4           @ (7,6,4) hp=6/6
    ✓ Тишина A5          @ (5,5,5) hp=2/2
    ✓ Бурав A6           @ (7,7,4) hp=4/4
    ✗ Артиллерия A1      @ (6,1,3) [уничтожен]
    ✗ Радиовышка A2      @ (9,4,2) [уничтожен]
    ✗ Прыгун A3          @ (7,4,5) [уничтожен]
    ✗ Провокатор A7      @ (7,7,3) [уничтожен]
    ✗ Паук A8            @ (8,2,3) [уничтожен]
  Team B: живых 1/8
    ✓ Тишина B5          @ (7,7,4) hp=2/2
    ✗ Артиллерия B1      @ (7,8,1) [уничтожен]
    ✗ Радиовышка B2      @ (7,7,5) [уничтожен]
    ✗ Прыгун B3          @ (9,5,3) [уничтожен]
    ✗ Факел B4           @ (7,6,5) [уничтожен]
    ✗ Бурав B6           @ (8,8,6) [уничтожен]
    ✗ Провокатор B7      @ (3,9,1) [уничтожен]
    ✗ Паук B8            @ (5,2,2) [уничтожен]
  Team C: живых 2/8
    ✓ Тишина C5          @ (7,6,5) hp=2/2
    ✓ Бурав C6           @ (1,0,7) hp=4/4
    ✗ Артиллерия C1      @ (9,9,7) [уничтожен]
    ✗ Радиовышка C2      @ (4,5,5) [уничтожен]
    ✗ Прыгун C3          @ (8,6,4) [уничтожен]
    ✗ Факел C4           @ (8,9,7) [уничтожен]
    ✗ Провокатор C7      @ (5,8,6) [уничтожен]
    ✗ Паук C8            @ (8,3,6) [уничтожен]

======================================================================
ХОД 21
======================================================================
✓ 🎮 GM: начинаем ход
GM: start_turn

--- Радиовышки: сканирование слоя Z ---
  (у команд не осталось живых радиовышек)

--- Решения ботов ---
  [Team A] Бурав A6 (7,7,4) → MOVE (6,6,5)
  [Team A] Факел A4 → SKIP
  [Team A] Тишина A5 → SKIP
  [Team B] все корабли пропускают ход
  [Team C] Тишина C5 (7,6,5) → MOVE (7,6,4)
  [Team C] Бурав C6 (1,0,7) → MOVE (2,1,6)
! 🎮 GM: принудительно завершает фазу планирования
GM: end_planning
# 
============================================================
# 🔄 ОБРАБОТКА ХОДА 21
# ============================================================

📦 ПЕРЕМЕЩЕНИЯ:
!    ⚠️ Бурав A6: Бурав двигается только по 1 оси или по 2 осям строго диагонально
!    ⚠️ Тишина C5: клетка (7,6,4) занята
!    ⚠️ Бурав C6: Бурав двигается только по 1 оси или по 2 осям строго диагонально

🎯 ВЫСТРЕЛЫ:
   Выпущено ракет: 0
# 
📊 РЕЗУЛЬТАТЫ ХОДА 21:
🎯 Попаданий нет

--- Результаты хода ---
  Попаданий нет

--- Состояние команд после хода ---
  Team A: живых 3/8
    ✓ Факел A4           @ (7,6,4) hp=6/6
    ✓ Тишина A5          @ (5,5,5) hp=2/2
    ✓ Бурав A6           @ (7,7,4) hp=4/4
    ✗ Артиллерия A1      @ (6,1,3) [уничтожен]
    ✗ Радиовышка A2      @ (9,4,2) [уничтожен]
    ✗ Прыгун A3          @ (7,4,5) [уничтожен]
    ✗ Провокатор A7      @ (7,7,3) [уничтожен]
    ✗ Паук A8            @ (8,2,3) [уничтожен]
  Team B: живых 1/8
    ✓ Тишина B5          @ (7,7,4) hp=2/2
    ✗ Артиллерия B1      @ (7,8,1) [уничтожен]
    ✗ Радиовышка B2      @ (7,7,5) [уничтожен]
    ✗ Прыгун B3          @ (9,5,3) [уничтожен]
    ✗ Факел B4           @ (7,6,5) [уничтожен]
    ✗ Бурав B6           @ (8,8,6) [уничтожен]
    ✗ Провокатор B7      @ (3,9,1) [уничтожен]
    ✗ Паук B8            @ (5,2,2) [уничтожен]
  Team C: живых 2/8
    ✓ Тишина C5          @ (7,6,5) hp=2/2
    ✓ Бурав C6           @ (1,0,7) hp=4/4
    ✗ Артиллерия C1      @ (9,9,7) [уничтожен]
    ✗ Радиовышка C2      @ (4,5,5) [уничтожен]
    ✗ Прыгун C3          @ (8,6,4) [уничтожен]
    ✗ Факел C4           @ (8,9,7) [уничтожен]
    ✗ Провокатор C7      @ (5,8,6) [уничтожен]
    ✗ Паук C8            @ (8,3,6) [уничтожен]

======================================================================
ХОД 22
======================================================================
✓ 🎮 GM: начинаем ход
GM: start_turn

--- Радиовышки: сканирование слоя Z ---
  (у команд не осталось живых радиовышек)

--- Решения ботов ---
  [Team A] Бурав A6 (7,7,4) → MOVE (6,6,5)
  [Team A] Факел A4 → SKIP
  [Team A] Тишина A5 → SKIP
  [Team B] все корабли пропускают ход
  [Team C] Тишина C5 (7,6,5) → MOVE (7,6,4)
  [Team C] Бурав C6 (1,0,7) → MOVE (2,1,6)
! 🎮 GM: принудительно завершает фазу планирования
GM: end_planning
# 
============================================================
# 🔄 ОБРАБОТКА ХОДА 22
# ============================================================

📦 ПЕРЕМЕЩЕНИЯ:
!    ⚠️ Бурав A6: Бурав двигается только по 1 оси или по 2 осям строго диагонально
!    ⚠️ Тишина C5: клетка (7,6,4) занята
!    ⚠️ Бурав C6: Бурав двигается только по 1 оси или по 2 осям строго диагонально

🎯 ВЫСТРЕЛЫ:
   Выпущено ракет: 0
# 
📊 РЕЗУЛЬТАТЫ ХОДА 22:
🎯 Попаданий нет

--- Результаты хода ---
  Попаданий нет

--- Состояние команд после хода ---
  Team A: живых 3/8
    ✓ Факел A4           @ (7,6,4) hp=6/6
    ✓ Тишина A5          @ (5,5,5) hp=2/2
    ✓ Бурав A6           @ (7,7,4) hp=4/4
    ✗ Артиллерия A1      @ (6,1,3) [уничтожен]
    ✗ Радиовышка A2      @ (9,4,2) [уничтожен]
    ✗ Прыгун A3          @ (7,4,5) [уничтожен]
    ✗ Провокатор A7      @ (7,7,3) [уничтожен]
    ✗ Паук A8            @ (8,2,3) [уничтожен]
  Team B: живых 1/8
    ✓ Тишина B5          @ (7,7,4) hp=2/2
    ✗ Артиллерия B1      @ (7,8,1) [уничтожен]
    ✗ Радиовышка B2      @ (7,7,5) [уничтожен]
    ✗ Прыгун B3          @ (9,5,3) [уничтожен]
    ✗ Факел B4           @ (7,6,5) [уничтожен]
    ✗ Бурав B6           @ (8,8,6) [уничтожен]
    ✗ Провокатор B7      @ (3,9,1) [уничтожен]
    ✗ Паук B8            @ (5,2,2) [уничтожен]
  Team C: живых 2/8
    ✓ Тишина C5          @ (7,6,5) hp=2/2
    ✓ Бурав C6           @ (1,0,7) hp=4/4
    ✗ Артиллерия C1      @ (9,9,7) [уничтожен]
    ✗ Радиовышка C2      @ (4,5,5) [уничтожен]
    ✗ Прыгун C3          @ (8,6,4) [уничтожен]
    ✗ Факел C4           @ (8,9,7) [уничтожен]
    ✗ Провокатор C7      @ (5,8,6) [уничтожен]
    ✗ Паук C8            @ (8,3,6) [уничтожен]

======================================================================
ХОД 23
======================================================================
✓ 🎮 GM: начинаем ход
GM: start_turn

--- Радиовышки: сканирование слоя Z ---
  (у команд не осталось живых радиовышек)

--- Решения ботов ---
  [Team A] Бурав A6 (7,7,4) → MOVE (6,6,5)
  [Team A] Факел A4 → SKIP
  [Team A] Тишина A5 → SKIP
  [Team B] все корабли пропускают ход
  [Team C] Тишина C5 (7,6,5) → MOVE (7,6,4)
  [Team C] Бурав C6 (1,0,7) → MOVE (2,1,6)
! 🎮 GM: принудительно завершает фазу планирования
GM: end_planning
# 
============================================================
# 🔄 ОБРАБОТКА ХОДА 23
# ============================================================

📦 ПЕРЕМЕЩЕНИЯ:
!    ⚠️ Бурав A6: Бурав двигается только по 1 оси или по 2 осям строго диагонально
!    ⚠️ Тишина C5: клетка (7,6,4) занята
!    ⚠️ Бурав C6: Бурав двигается только по 1 оси или по 2 осям строго диагонально

🎯 ВЫСТРЕЛЫ:
   Выпущено ракет: 0
# 
📊 РЕЗУЛЬТАТЫ ХОДА 23:
🎯 Попаданий нет

--- Результаты хода ---
  Попаданий нет

--- Состояние команд после хода ---
  Team A: живых 3/8
    ✓ Факел A4           @ (7,6,4) hp=6/6
    ✓ Тишина A5          @ (5,5,5) hp=2/2
    ✓ Бурав A6           @ (7,7,4) hp=4/4
    ✗ Артиллерия A1      @ (6,1,3) [уничтожен]
    ✗ Радиовышка A2      @ (9,4,2) [уничтожен]
    ✗ Прыгун A3          @ (7,4,5) [уничтожен]
    ✗ Провокатор A7      @ (7,7,3) [уничтожен]
    ✗ Паук A8            @ (8,2,3) [уничтожен]
  Team B: живых 1/8
    ✓ Тишина B5          @ (7,7,4) hp=2/2
    ✗ Артиллерия B1      @ (7,8,1) [уничтожен]
    ✗ Радиовышка B2      @ (7,7,5) [уничтожен]
    ✗ Прыгун B3          @ (9,5,3) [уничтожен]
    ✗ Факел B4           @ (7,6,5) [уничтожен]
    ✗ Бурав B6           @ (8,8,6) [уничтожен]
    ✗ Провокатор B7      @ (3,9,1) [уничтожен]
    ✗ Паук B8            @ (5,2,2) [уничтожен]
  Team C: живых 2/8
    ✓ Тишина C5          @ (7,6,5) hp=2/2
    ✓ Бурав C6           @ (1,0,7) hp=4/4
    ✗ Артиллерия C1      @ (9,9,7) [уничтожен]
    ✗ Радиовышка C2      @ (4,5,5) [уничтожен]
    ✗ Прыгун C3          @ (8,6,4) [уничтожен]
    ✗ Факел C4           @ (8,9,7) [уничтожен]
    ✗ Провокатор C7      @ (5,8,6) [уничтожен]
    ✗ Паук C8            @ (8,3,6) [уничтожен]

======================================================================
ХОД 24
======================================================================
✓ 🎮 GM: начинаем ход
GM: start_turn

--- Радиовышки: сканирование слоя Z ---
  (у команд не осталось живых радиовышек)

--- Решения ботов ---
  [Team A] Бурав A6 (7,7,4) → MOVE (6,6,5)
  [Team A] Факел A4 → SKIP
  [Team A] Тишина A5 → SKIP
  [Team B] все корабли пропускают ход
  [Team C] Тишина C5 (7,6,5) → MOVE (7,6,4)
  [Team C] Бурав C6 (1,0,7) → MOVE (2,1,6)
! 🎮 GM: принудительно завершает фазу планирования
GM: end_planning
# 
============================================================
# 🔄 ОБРАБОТКА ХОДА 24
# ============================================================

📦 ПЕРЕМЕЩЕНИЯ:
!    ⚠️ Бурав A6: Бурав двигается только по 1 оси или по 2 осям строго диагонально
!    ⚠️ Тишина C5: клетка (7,6,4) занята
!    ⚠️ Бурав C6: Бурав двигается только по 1 оси или по 2 осям строго диагонально

🎯 ВЫСТРЕЛЫ:
   Выпущено ракет: 0
# 
📊 РЕЗУЛЬТАТЫ ХОДА 24:
🎯 Попаданий нет

--- Результаты хода ---
  Попаданий нет

--- Состояние команд после хода ---
  Team A: живых 3/8
    ✓ Факел A4           @ (7,6,4) hp=6/6
    ✓ Тишина A5          @ (5,5,5) hp=2/2
    ✓ Бурав A6           @ (7,7,4) hp=4/4
    ✗ Артиллерия A1      @ (6,1,3) [уничтожен]
    ✗ Радиовышка A2      @ (9,4,2) [уничтожен]
    ✗ Прыгун A3          @ (7,4,5) [уничтожен]
    ✗ Провокатор A7      @ (7,7,3) [уничтожен]
    ✗ Паук A8            @ (8,2,3) [уничтожен]
  Team B: живых 1/8
    ✓ Тишина B5          @ (7,7,4) hp=2/2
    ✗ Артиллерия B1      @ (7,8,1) [уничтожен]
    ✗ Радиовышка B2      @ (7,7,5) [уничтожен]
    ✗ Прыгун B3          @ (9,5,3) [уничтожен]
    ✗ Факел B4           @ (7,6,5) [уничтожен]
    ✗ Бурав B6           @ (8,8,6) [уничтожен]
    ✗ Провокатор B7      @ (3,9,1) [уничтожен]
    ✗ Паук B8            @ (5,2,2) [уничтожен]
  Team C: живых 2/8
    ✓ Тишина C5          @ (7,6,5) hp=2/2
    ✓ Бурав C6           @ (1,0,7) hp=4/4
    ✗ Артиллерия C1      @ (9,9,7) [уничтожен]
    ✗ Радиовышка C2      @ (4,5,5) [уничтожен]
    ✗ Прыгун C3          @ (8,6,4) [уничтожен]
    ✗ Факел C4           @ (8,9,7) [уничтожен]
    ✗ Провокатор C7      @ (5,8,6) [уничтожен]
    ✗ Паук C8            @ (8,3,6) [уничтожен]

======================================================================
ХОД 25
======================================================================
✓ 🎮 GM: начинаем ход
GM: start_turn

--- Радиовышки: сканирование слоя Z ---
  (у команд не осталось живых радиовышек)

--- Решения ботов ---
  [Team A] Бурав A6 (7,7,4) → MOVE (6,6,5)
  [Team A] Факел A4 → SKIP
  [Team A] Тишина A5 → SKIP
  [Team B] все корабли пропускают ход
  [Team C] Тишина C5 (7,6,5) → MOVE (7,6,4)
  [Team C] Бурав C6 (1,0,7) → MOVE (2,1,6)
! 🎮 GM: принудительно завершает фазу планирования
GM: end_planning
# 
============================================================
# 🔄 ОБРАБОТКА ХОДА 25
# ============================================================

📦 ПЕРЕМЕЩЕНИЯ:
!    ⚠️ Бурав A6: Бурав двигается только по 1 оси или по 2 осям строго диагонально
!    ⚠️ Тишина C5: клетка (7,6,4) занята
!    ⚠️ Бурав C6: Бурав двигается только по 1 оси или по 2 осям строго диагонально

🎯 ВЫСТРЕЛЫ:
   Выпущено ракет: 0
# 
📊 РЕЗУЛЬТАТЫ ХОДА 25:
🎯 Попаданий нет

--- Результаты хода ---
  Попаданий нет

--- Состояние команд после хода ---
  Team A: живых 3/8
    ✓ Факел A4           @ (7,6,4) hp=6/6
    ✓ Тишина A5          @ (5,5,5) hp=2/2
    ✓ Бурав A6           @ (7,7,4) hp=4/4
    ✗ Артиллерия A1      @ (6,1,3) [уничтожен]
    ✗ Радиовышка A2      @ (9,4,2) [уничтожен]
    ✗ Прыгун A3          @ (7,4,5) [уничтожен]
    ✗ Провокатор A7      @ (7,7,3) [уничтожен]
    ✗ Паук A8            @ (8,2,3) [уничтожен]
  Team B: живых 1/8
    ✓ Тишина B5          @ (7,7,4) hp=2/2
    ✗ Артиллерия B1      @ (7,8,1) [уничтожен]
    ✗ Радиовышка B2      @ (7,7,5) [уничтожен]
    ✗ Прыгун B3          @ (9,5,3) [уничтожен]
    ✗ Факел B4           @ (7,6,5) [уничтожен]
    ✗ Бурав B6           @ (8,8,6) [уничтожен]
    ✗ Провокатор B7      @ (3,9,1) [уничтожен]
    ✗ Паук B8            @ (5,2,2) [уничтожен]
  Team C: живых 2/8
    ✓ Тишина C5          @ (7,6,5) hp=2/2
    ✓ Бурав C6           @ (1,0,7) hp=4/4
    ✗ Артиллерия C1      @ (9,9,7) [уничтожен]
    ✗ Радиовышка C2      @ (4,5,5) [уничтожен]
    ✗ Прыгун C3          @ (8,6,4) [уничтожен]
    ✗ Факел C4           @ (8,9,7) [уничтожен]
    ✗ Провокатор C7      @ (5,8,6) [уничтожен]
    ✗ Паук C8            @ (8,3,6) [уничтожен]

======================================================================
ХОД 26
======================================================================
✓ 🎮 GM: начинаем ход
GM: start_turn

--- Радиовышки: сканирование слоя Z ---
  (у команд не осталось живых радиовышек)

--- Решения ботов ---
  [Team A] Бурав A6 (7,7,4) → MOVE (6,6,5)
  [Team A] Факел A4 → SKIP
  [Team A] Тишина A5 → SKIP
  [Team B] все корабли пропускают ход
  [Team C] Тишина C5 (7,6,5) → MOVE (7,6,4)
  [Team C] Бурав C6 (1,0,7) → MOVE (2,1,6)
! 🎮 GM: принудительно завершает фазу планирования
GM: end_planning
# 
============================================================
# 🔄 ОБРАБОТКА ХОДА 26
# ============================================================

📦 ПЕРЕМЕЩЕНИЯ:
!    ⚠️ Бурав A6: Бурав двигается только по 1 оси или по 2 осям строго диагонально
!    ⚠️ Тишина C5: клетка (7,6,4) занята
!    ⚠️ Бурав C6: Бурав двигается только по 1 оси или по 2 осям строго диагонально

🎯 ВЫСТРЕЛЫ:
   Выпущено ракет: 0
# 
📊 РЕЗУЛЬТАТЫ ХОДА 26:
🎯 Попаданий нет

--- Результаты хода ---
  Попаданий нет

--- Состояние команд после хода ---
  Team A: живых 3/8
    ✓ Факел A4           @ (7,6,4) hp=6/6
    ✓ Тишина A5          @ (5,5,5) hp=2/2
    ✓ Бурав A6           @ (7,7,4) hp=4/4
    ✗ Артиллерия A1      @ (6,1,3) [уничтожен]
    ✗ Радиовышка A2      @ (9,4,2) [уничтожен]
    ✗ Прыгун A3          @ (7,4,5) [уничтожен]
    ✗ Провокатор A7      @ (7,7,3) [уничтожен]
    ✗ Паук A8            @ (8,2,3) [уничтожен]
  Team B: живых 1/8
    ✓ Тишина B5          @ (7,7,4) hp=2/2
    ✗ Артиллерия B1      @ (7,8,1) [уничтожен]
    ✗ Радиовышка B2      @ (7,7,5) [уничтожен]
    ✗ Прыгун B3          @ (9,5,3) [уничтожен]
    ✗ Факел B4           @ (7,6,5) [уничтожен]
    ✗ Бурав B6           @ (8,8,6) [уничтожен]
    ✗ Провокатор B7      @ (3,9,1) [уничтожен]
    ✗ Паук B8            @ (5,2,2) [уничтожен]
  Team C: живых 2/8
    ✓ Тишина C5          @ (7,6,5) hp=2/2
    ✓ Бурав C6           @ (1,0,7) hp=4/4
    ✗ Артиллерия C1      @ (9,9,7) [уничтожен]
    ✗ Радиовышка C2      @ (4,5,5) [уничтожен]
    ✗ Прыгун C3          @ (8,6,4) [уничтожен]
    ✗ Факел C4           @ (8,9,7) [уничтожен]
    ✗ Провокатор C7      @ (5,8,6) [уничтожен]
    ✗ Паук C8            @ (8,3,6) [уничтожен]

======================================================================
ХОД 27
======================================================================
✓ 🎮 GM: начинаем ход
GM: start_turn

--- Радиовышки: сканирование слоя Z ---
  (у команд не осталось живых радиовышек)

--- Решения ботов ---
  [Team A] Бурав A6 (7,7,4) → MOVE (6,6,5)
  [Team A] Факел A4 → SKIP
  [Team A] Тишина A5 → SKIP
  [Team B] все корабли пропускают ход
  [Team C] Тишина C5 (7,6,5) → MOVE (7,6,4)
  [Team C] Бурав C6 (1,0,7) → MOVE (2,1,6)
! 🎮 GM: принудительно завершает фазу планирования
GM: end_planning
# 
============================================================
# 🔄 ОБРАБОТКА ХОДА 27
# ============================================================

📦 ПЕРЕМЕЩЕНИЯ:
!    ⚠️ Бурав A6: Бурав двигается только по 1 оси или по 2 осям строго диагонально
!    ⚠️ Тишина C5: клетка (7,6,4) занята
!    ⚠️ Бурав C6: Бурав двигается только по 1 оси или по 2 осям строго диагонально

🎯 ВЫСТРЕЛЫ:
   Выпущено ракет: 0
# 
📊 РЕЗУЛЬТАТЫ ХОДА 27:
🎯 Попаданий нет

--- Результаты хода ---
  Попаданий нет

--- Состояние команд после хода ---
  Team A: живых 3/8
    ✓ Факел A4           @ (7,6,4) hp=6/6
    ✓ Тишина A5          @ (5,5,5) hp=2/2
    ✓ Бурав A6           @ (7,7,4) hp=4/4
    ✗ Артиллерия A1      @ (6,1,3) [уничтожен]
    ✗ Радиовышка A2      @ (9,4,2) [уничтожен]
    ✗ Прыгун A3          @ (7,4,5) [уничтожен]
    ✗ Провокатор A7      @ (7,7,3) [уничтожен]
    ✗ Паук A8            @ (8,2,3) [уничтожен]
  Team B: живых 1/8
    ✓ Тишина B5          @ (7,7,4) hp=2/2
    ✗ Артиллерия B1      @ (7,8,1) [уничтожен]
    ✗ Радиовышка B2      @ (7,7,5) [уничтожен]
    ✗ Прыгун B3          @ (9,5,3) [уничтожен]
    ✗ Факел B4           @ (7,6,5) [уничтожен]
    ✗ Бурав B6           @ (8,8,6) [уничтожен]
    ✗ Провокатор B7      @ (3,9,1) [уничтожен]
    ✗ Паук B8            @ (5,2,2) [уничтожен]
  Team C: живых 2/8
    ✓ Тишина C5          @ (7,6,5) hp=2/2
    ✓ Бурав C6           @ (1,0,7) hp=4/4
    ✗ Артиллерия C1      @ (9,9,7) [уничтожен]
    ✗ Радиовышка C2      @ (4,5,5) [уничтожен]
    ✗ Прыгун C3          @ (8,6,4) [уничтожен]
    ✗ Факел C4           @ (8,9,7) [уничтожен]
    ✗ Провокатор C7      @ (5,8,6) [уничтожен]
    ✗ Паук C8            @ (8,3,6) [уничтожен]

======================================================================
ХОД 28
======================================================================
✓ 🎮 GM: начинаем ход
GM: start_turn

--- Радиовышки: сканирование слоя Z ---
  (у команд не осталось живых радиовышек)

--- Решения ботов ---
  [Team A] Бурав A6 (7,7,4) → MOVE (6,6,5)
  [Team A] Факел A4 → SKIP
  [Team A] Тишина A5 → SKIP
  [Team B] все корабли пропускают ход
  [Team C] Тишина C5 (7,6,5) → MOVE (7,6,4)
  [Team C] Бурав C6 (1,0,7) → MOVE (2,1,6)
! 🎮 GM: принудительно завершает фазу планирования
GM: end_planning
# 
============================================================
# 🔄 ОБРАБОТКА ХОДА 28
# ============================================================

📦 ПЕРЕМЕЩЕНИЯ:
!    ⚠️ Бурав A6: Бурав двигается только по 1 оси или по 2 осям строго диагонально
!    ⚠️ Тишина C5: клетка (7,6,4) занята
!    ⚠️ Бурав C6: Бурав двигается только по 1 оси или по 2 осям строго диагонально

🎯 ВЫСТРЕЛЫ:
   Выпущено ракет: 0
# 
📊 РЕЗУЛЬТАТЫ ХОДА 28:
🎯 Попаданий нет

--- Результаты хода ---
  Попаданий нет

--- Состояние команд после хода ---
  Team A: живых 3/8
    ✓ Факел A4           @ (7,6,4) hp=6/6
    ✓ Тишина A5          @ (5,5,5) hp=2/2
    ✓ Бурав A6           @ (7,7,4) hp=4/4
    ✗ Артиллерия A1      @ (6,1,3) [уничтожен]
    ✗ Радиовышка A2      @ (9,4,2) [уничтожен]
    ✗ Прыгун A3          @ (7,4,5) [уничтожен]
    ✗ Провокатор A7      @ (7,7,3) [уничтожен]
    ✗ Паук A8            @ (8,2,3) [уничтожен]
  Team B: живых 1/8
    ✓ Тишина B5          @ (7,7,4) hp=2/2
    ✗ Артиллерия B1      @ (7,8,1) [уничтожен]
    ✗ Радиовышка B2      @ (7,7,5) [уничтожен]
    ✗ Прыгун B3          @ (9,5,3) [уничтожен]
    ✗ Факел B4           @ (7,6,5) [уничтожен]
    ✗ Бурав B6           @ (8,8,6) [уничтожен]
    ✗ Провокатор B7      @ (3,9,1) [уничтожен]
    ✗ Паук B8            @ (5,2,2) [уничтожен]
  Team C: живых 2/8
    ✓ Тишина C5          @ (7,6,5) hp=2/2
    ✓ Бурав C6           @ (1,0,7) hp=4/4
    ✗ Артиллерия C1      @ (9,9,7) [уничтожен]
    ✗ Радиовышка C2      @ (4,5,5) [уничтожен]
    ✗ Прыгун C3          @ (8,6,4) [уничтожен]
    ✗ Факел C4           @ (8,9,7) [уничтожен]
    ✗ Провокатор C7      @ (5,8,6) [уничтожен]
    ✗ Паук C8            @ (8,3,6) [уничтожен]

======================================================================
ХОД 29
======================================================================
✓ 🎮 GM: начинаем ход
GM: start_turn

--- Радиовышки: сканирование слоя Z ---
  (у команд не осталось живых радиовышек)

--- Решения ботов ---
  [Team A] Бурав A6 (7,7,4) → MOVE (6,6,5)
  [Team A] Факел A4 → SKIP
  [Team A] Тишина A5 → SKIP
  [Team B] все корабли пропускают ход
  [Team C] Тишина C5 (7,6,5) → MOVE (7,6,4)
  [Team C] Бурав C6 (1,0,7) → MOVE (2,1,6)
! 🎮 GM: принудительно завершает фазу планирования
GM: end_planning
# 
============================================================
# 🔄 ОБРАБОТКА ХОДА 29
# ============================================================

📦 ПЕРЕМЕЩЕНИЯ:
!    ⚠️ Бурав A6: Бурав двигается только по 1 оси или по 2 осям строго диагонально
!    ⚠️ Тишина C5: клетка (7,6,4) занята
!    ⚠️ Бурав C6: Бурав двигается только по 1 оси или по 2 осям строго диагонально

🎯 ВЫСТРЕЛЫ:
   Выпущено ракет: 0
# 
📊 РЕЗУЛЬТАТЫ ХОДА 29:
🎯 Попаданий нет

--- Результаты хода ---
  Попаданий нет

--- Состояние команд после хода ---
  Team A: живых 3/8
    ✓ Факел A4           @ (7,6,4) hp=6/6
    ✓ Тишина A5          @ (5,5,5) hp=2/2
    ✓ Бурав A6           @ (7,7,4) hp=4/4
    ✗ Артиллерия A1      @ (6,1,3) [уничтожен]
    ✗ Радиовышка A2      @ (9,4,2) [уничтожен]
    ✗ Прыгун A3          @ (7,4,5) [уничтожен]
    ✗ Провокатор A7      @ (7,7,3) [уничтожен]
    ✗ Паук A8            @ (8,2,3) [уничтожен]
  Team B: живых 1/8
    ✓ Тишина B5          @ (7,7,4) hp=2/2
    ✗ Артиллерия B1      @ (7,8,1) [уничтожен]
    ✗ Радиовышка B2      @ (7,7,5) [уничтожен]
    ✗ Прыгун B3          @ (9,5,3) [уничтожен]
    ✗ Факел B4           @ (7,6,5) [уничтожен]
    ✗ Бурав B6           @ (8,8,6) [уничтожен]
    ✗ Провокатор B7      @ (3,9,1) [уничтожен]
    ✗ Паук B8            @ (5,2,2) [уничтожен]
  Team C: живых 2/8
    ✓ Тишина C5          @ (7,6,5) hp=2/2
    ✓ Бурав C6           @ (1,0,7) hp=4/4
    ✗ Артиллерия C1      @ (9,9,7) [уничтожен]
    ✗ Радиовышка C2      @ (4,5,5) [уничтожен]
    ✗ Прыгун C3          @ (8,6,4) [уничтожен]
    ✗ Факел C4           @ (8,9,7) [уничтожен]
    ✗ Провокатор C7      @ (5,8,6) [уничтожен]
    ✗ Паук C8            @ (8,3,6) [уничтожен]

======================================================================
ХОД 30
======================================================================
✓ 🎮 GM: начинаем ход
GM: start_turn

--- Радиовышки: сканирование слоя Z ---
  (у команд не осталось живых радиовышек)

--- Решения ботов ---
  [Team A] Бурав A6 (7,7,4) → MOVE (6,6,5)
  [Team A] Факел A4 → SKIP
  [Team A] Тишина A5 → SKIP
  [Team B] все корабли пропускают ход
  [Team C] Тишина C5 (7,6,5) → MOVE (7,6,4)
  [Team C] Бурав C6 (1,0,7) → MOVE (2,1,6)
! 🎮 GM: принудительно завершает фазу планирования
GM: end_planning
# 
============================================================
# 🔄 ОБРАБОТКА ХОДА 30
# ============================================================

📦 ПЕРЕМЕЩЕНИЯ:
!    ⚠️ Бурав A6: Бурав двигается только по 1 оси или по 2 осям строго диагонально
!    ⚠️ Тишина C5: клетка (7,6,4) занята
!    ⚠️ Бурав C6: Бурав двигается только по 1 оси или по 2 осям строго диагонально

🎯 ВЫСТРЕЛЫ:
   Выпущено ракет: 0
# 
📊 РЕЗУЛЬТАТЫ ХОДА 30:
🎯 Попаданий нет

--- Результаты хода ---
  Попаданий нет

--- Состояние команд после хода ---
  Team A: живых 3/8
    ✓ Факел A4           @ (7,6,4) hp=6/6
    ✓ Тишина A5          @ (5,5,5) hp=2/2
    ✓ Бурав A6           @ (7,7,4) hp=4/4
    ✗ Артиллерия A1      @ (6,1,3) [уничтожен]
    ✗ Радиовышка A2      @ (9,4,2) [уничтожен]
    ✗ Прыгун A3          @ (7,4,5) [уничтожен]
    ✗ Провокатор A7      @ (7,7,3) [уничтожен]
    ✗ Паук A8            @ (8,2,3) [уничтожен]
  Team B: живых 1/8
    ✓ Тишина B5          @ (7,7,4) hp=2/2
    ✗ Артиллерия B1      @ (7,8,1) [уничтожен]
    ✗ Радиовышка B2      @ (7,7,5) [уничтожен]
    ✗ Прыгун B3          @ (9,5,3) [уничтожен]
    ✗ Факел B4           @ (7,6,5) [уничтожен]
    ✗ Бурав B6           @ (8,8,6) [уничтожен]
    ✗ Провокатор B7      @ (3,9,1) [уничтожен]
    ✗ Паук B8            @ (5,2,2) [уничтожен]
  Team C: живых 2/8
    ✓ Тишина C5          @ (7,6,5) hp=2/2
    ✓ Бурав C6           @ (1,0,7) hp=4/4
    ✗ Артиллерия C1      @ (9,9,7) [уничтожен]
    ✗ Радиовышка C2      @ (4,5,5) [уничтожен]
    ✗ Прыгун C3          @ (8,6,4) [уничтожен]
    ✗ Факел C4           @ (8,9,7) [уничтожен]
    ✗ Провокатор C7      @ (5,8,6) [уничтожен]
    ✗ Паук C8            @ (8,3,6) [уничтожен]

======================================================================
ИТОГ
======================================================================
Лимит ходов (30) исчерпан, ничья/пат.

--- Сводка по командам ---
  Team A: 3/8 живых; hp=12
  Team B: 1/8 живых; hp=2
  Team C: 2/8 живых; hp=6

--- Сводка по пассивкам радиовышек ---
  Team A: сканирований=6, всего врагов-в-слоях=15, уникальных эксклюзивных (видны только радиовышкой)=3
  Team B: сканирований=12, всего врагов-в-слоях=13, уникальных эксклюзивных (видны только радиовышкой)=2
  Team C: сканирований=3, всего врагов-в-слоях=0, уникальных эксклюзивных (видны только радиовышкой)=0

--- Сводка по попаданиям ---
  Всего событий (шоты+тараны+мины): 20
  Уничтожено кораблей всего: 18
  Team A: урон=31 хиты=2 тараны=9 мины(сработало)=0 убийств=11
  Team B: урон=10 хиты=4 тараны=3 мины(сработало)=0 убийств=5
  Team C: урон=4 хиты=1 тараны=0 мины(сработало)=1 убийств=2
! 🎮 GM: остановка игры
