======================================================================
Space Battle 10×10×10 — simulation run at 2026-04-20T13:39:21+00:00
Game mode: advanced
Seed: 126
✓ 🚀 Продвинутый режим: создаю разные типы кораблей
   Команда A: спавн вдоль оси Z от (0, 9, 9) до (0, 9, 0)
   Команда B: спавн вдоль оси X от (1, 2, 7) до (0, 2, 7)
   Команда C: спавн вдоль оси Y от (6, 7, 4) до (6, 4, 4)
✓ ✅ Создано 24 кораблей


--- СТАРТОВАЯ РАССТАНОВКА ---
  Team A: живых 8/8
    ✓ Артиллерия A1      @ (0,9,9) hp=1/1
    ✓ Радиовышка A2      @ (0,9,7) hp=3/3
    ✓ Прыгун A3          @ (0,9,3) hp=2/2
    ✓ Факел A4           @ (0,9,5) hp=6/6
    ✓ Тишина A5          @ (0,9,1) hp=2/2
    ✓ Бурав A6           @ (0,9,8) hp=4/4
    ✓ Провокатор A7      @ (0,9,4) hp=2/2
    ✓ Паук A8            @ (0,9,0) hp=1/1
  Team B: живых 8/8
    ✓ Артиллерия B1      @ (1,2,7) hp=1/1
    ✓ Радиовышка B2      @ (4,2,7) hp=3/3
    ✓ Прыгун B3          @ (2,2,7) hp=2/2
    ✓ Факел B4           @ (7,2,7) hp=6/6
    ✓ Тишина B5          @ (9,2,7) hp=2/2
    ✓ Бурав B6           @ (3,2,7) hp=4/4
    ✓ Провокатор B7      @ (8,2,7) hp=2/2
    ✓ Паук B8            @ (0,2,7) hp=1/1
  Team C: живых 8/8
    ✓ Артиллерия C1      @ (6,7,4) hp=1/1
    ✓ Радиовышка C2      @ (6,9,4) hp=3/3
    ✓ Прыгун C3          @ (6,0,4) hp=2/2
    ✓ Факел C4           @ (6,6,4) hp=6/6
    ✓ Тишина C5          @ (6,5,4) hp=2/2
    ✓ Бурав C6           @ (6,8,4) hp=4/4
    ✓ Провокатор C7      @ (6,2,4) hp=2/2
    ✓ Паук C8            @ (6,4,4) hp=1/1

======================================================================
ХОД 1
======================================================================
✓ 🎮 GM: начинаем ход
GM: start_turn

--- Радиовышки: сканирование слоя Z ---
  Радиовышка A2 (z=7): видит 8 врагов [+8 эксклюзивно] → Паук B8(0,2,7), Артиллерия B1(1,2,7), Прыгун B3(2,2,7), Бурав B6(3,2,7), Радиовышка B2(4,2,7), Факел B4(7,2,7), Провокатор B7(8,2,7), Тишина B5(9,2,7)
  Радиовышка B2 (z=7): видит 1 врагов [+1 эксклюзивно] → Радиовышка A2(0,9,7)
  Радиовышка C2 (z=4): видит 1 врагов [+1 эксклюзивно] → Провокатор A7(0,9,4)

--- Решения ботов ---
  [Team A] Артиллерия A1 (0,9,9) → SHOOT at (1,2,7)
  [Team A] Радиовышка A2 (0,9,7) → MOVE (1,8,7)
  [Team A] Прыгун A3 (0,9,3) → MOVE (1,8,4)
  [Team A] Факел A4 (0,9,5) → MOVE (0,9,6)
  [Team A] Тишина A5 (0,9,1) → PHASE toggle
  [Team A] Бурав A6 (0,9,8) → MOVE (1,9,7)
  [Team A] Провокатор A7 (0,9,4) → MOVE (1,8,5)
  [Team A] Паук A8 (0,9,0) → MOVE (1,8,1)
  [Team B] Артиллерия B1 (1,2,7) → SHOOT at (6,2,4)
  [Team B] Радиовышка B2 (4,2,7) → MOVE (5,1,6)
  [Team B] Прыгун B3 (2,2,7) → MOVE (3,1,6)
  [Team B] Факел B4 (7,2,7) → MOVE (6,2,7)
  [Team B] Тишина B5 (9,2,7) → PHASE toggle
  [Team B] Бурав B6 (3,2,7) → MOVE (6,2,4)
  [Team B] Провокатор B7 (8,2,7) → HOLOGRAM (7,1,6)
  [Team B] Паук B8 (0,2,7) → MOVE (1,1,6)
  [Team C] Артиллерия C1 (6,7,4) → SHOOT at (8,2,7)
  [Team C] Радиовышка C2 (6,9,4) → MOVE (5,9,4)
  [Team C] Прыгун C3 (6,0,4) → MOVE (5,1,5)
  [Team C] Тишина C5 (6,5,4) → PHASE toggle
  [Team C] Бурав C6 (6,8,4) → MOVE (5,8,4)
  [Team C] Провокатор C7 (6,2,4) → HOLOGRAM (5,2,5)
  [Team C] Паук C8 (6,4,4) → MINE (5,3,5)
  [Team C] Факел C4 → SKIP
! 🎮 GM: принудительно завершает фазу планирования
GM: end_planning
# 
============================================================
# 🔄 ОБРАБОТКА ХОДА 1
# ============================================================
   🌀 Тишина A5: уходит в фазу на 1 ход
   🌀 Тишина B5: уходит в фазу на 1 ход
   🌀 Тишина C5: уходит в фазу на 1 ход
   🪞 Провокатор B7 создал голограмму H1 в (7,1,6)
   🪞 Провокатор C7 создал голограмму H2 в (5,2,5)
   💣 Паук C8 установил мину M1 в (5,3,5)

📦 ПЕРЕМЕЩЕНИЯ:
   Радиовышка A2: (0, 9, 7) → (1,8,7)
   Прыгун A3: (0, 9, 3) → (1,8,4)
   Факел A4: (0, 9, 5) → (0,9,6)
   Бурав A6: (0, 9, 8) → (1,9,7)
   Провокатор A7: (0, 9, 4) → (1,8,5)
   Паук A8: (0, 9, 0) → (1,8,1)
   Радиовышка B2: (4, 2, 7) → (5,1,6)
   Прыгун B3: (2, 2, 7) → (3,1,6)
   Факел B4: (7, 2, 7) → (6,2,7)
✓    💥 Бурав B6 тараном уничтожил Провокатор C7 в (6,2,4)
   Бурав B6: (3, 2, 7) → (6,2,4)
   Паук B8: (0, 2, 7) → (1,1,6)
   Радиовышка C2: (6, 9, 4) → (5,9,4)
   Прыгун C3: (6, 0, 4) → (5,1,5)
   Бурав C6: (6, 8, 4) → (5,8,4)

🎯 ВЫСТРЕЛЫ:
✓    ✅ Артиллерия A1 поразил Артиллерия B1 (2 урона)!
✓    ✅ Артиллерия C1 поразил Провокатор B7 (2 урона)!
   Выпущено ракет: 3
# 
📊 РЕЗУЛЬТАТЫ ХОДА 1:
✓ 💥 ПОПАДАНИЯ:
✓    Артиллерия A1 (Team A) → Артиллерия B1 (Team B)
✓    Артиллерия C1 (Team C) → Провокатор B7 (Team B)

--- Результаты хода ---
  Team B / Бурав B6           → Team C / Провокатор C7      @ (6,2,4)  (УБИТ)
  Team A / Артиллерия A1      → Team B / Артиллерия B1      @ (1,2,7)  (УБИТ)
  Team C / Артиллерия C1      → Team B / Провокатор B7      @ (8,2,7)  (УБИТ)

--- Состояние команд после хода ---
  Team A: живых 8/8
    ✓ Артиллерия A1      @ (0,9,9) hp=1/1
    ✓ Радиовышка A2      @ (1,8,7) hp=3/3
    ✓ Прыгун A3          @ (1,8,4) hp=2/2
    ✓ Факел A4           @ (0,9,6) hp=6/6
    ✓ Тишина A5          @ (0,9,1) hp=2/2
    ✓ Бурав A6           @ (1,9,7) hp=4/4
    ✓ Провокатор A7      @ (1,8,5) hp=2/2
    ✓ Паук A8            @ (1,8,1) hp=1/1
  Team B: живых 6/8
    ✓ Радиовышка B2      @ (5,1,6) hp=3/3
    ✓ Прыгун B3          @ (3,1,6) hp=2/2
    ✓ Факел B4           @ (6,2,7) hp=6/6
    ✓ Тишина B5          @ (9,2,7) hp=2/2
    ✓ Бурав B6           @ (6,2,4) hp=4/4
    ✓ Паук B8            @ (1,1,6) hp=1/1
    ✗ Артиллерия B1      @ (1,2,7) [уничтожен]
    ✗ Провокатор B7      @ (8,2,7) [уничтожен]
  Team C: живых 7/8
    ✓ Артиллерия C1      @ (6,7,4) hp=1/1
    ✓ Радиовышка C2      @ (5,9,4) hp=3/3
    ✓ Прыгун C3          @ (5,1,5) hp=2/2
    ✓ Факел C4           @ (6,6,4) hp=6/6
    ✓ Тишина C5          @ (6,5,4) hp=2/2
    ✓ Бурав C6           @ (5,8,4) hp=4/4
    ✓ Паук C8            @ (6,4,4) hp=1/1
    ✗ Провокатор C7      @ (6,2,4) [уничтожен]

======================================================================
ХОД 2
======================================================================
✓ 🎮 GM: начинаем ход
GM: start_turn

--- Радиовышки: сканирование слоя Z ---
  Радиовышка A2 (z=7): видит 1 врагов [+1 эксклюзивно] → Факел B4(6,2,7)
  Радиовышка B2 (z=6): видит 1 врагов [+1 эксклюзивно] → Факел A4(0,9,6)
  Радиовышка C2 (z=4): видит 2 врагов  → Прыгун A3(1,8,4), Бурав B6(6,2,4)

--- Решения ботов ---
  [Team A] Артиллерия A1 (0,9,9) → SHOOT at (6,2,7)
  [Team A] Радиовышка A2 (1,8,7) → MOVE (2,9,6)
  [Team A] Прыгун A3 (1,8,4) → SHOOT at (5,8,4)
  [Team A] Факел A4 (0,9,6) → MOVE (0,9,7)
  [Team A] Тишина A5 (0,9,1) → MOVE (1,9,2)
  [Team A] Бурав A6 (1,9,7) → MOVE (2,9,7)
  [Team A] Провокатор A7 (1,8,5) → HOLOGRAM (2,9,4)
  [Team A] Паук A8 (1,8,1) → MINE (2,9,2)
  [Team B] Радиовышка B2 (5,1,6) → MOVE (5,1,5)
  [Team B] Прыгун B3 (3,1,6) → MOVE (4,1,5)
  [Team B] Факел B4 (6,2,7) → MOVE (6,1,6)
  [Team B] Тишина B5 (9,2,7) → MOVE (8,3,6)
  [Team B] Бурав B6 (6,2,4) → MOVE (6,4,4)
  [Team B] Паук B8 (1,1,6) → MINE (2,1,5)
  [Team C] Артиллерия C1 (6,7,4) → SHOOT at (1,8,4)
  [Team C] Радиовышка C2 (5,9,4) → MOVE (4,8,5)
  [Team C] Прыгун C3 (5,1,5) → MOVE (6,2,7)
  [Team C] Факел C4 (6,6,4) → SHOOT at (6,2,4)
  [Team C] Тишина C5 (6,5,4) → MOVE (6,4,5)
  [Team C] Бурав C6 (5,8,4) → MOVE (4,8,4)
  [Team C] Паук C8 (6,4,4) → MINE (6,3,4)
! 🎮 GM: принудительно завершает фазу планирования
GM: end_planning
# 
============================================================
# 🔄 ОБРАБОТКА ХОДА 2
# ============================================================
   🌀 Тишина A5: фаза спала (действовала 1 ход)
   🌀 Тишина B5: фаза спала (действовала 1 ход)
   🌀 Тишина C5: фаза спала (действовала 1 ход)
   🪞 Провокатор A7 создал голограмму H3 в (2,9,4)
   💣 Паук A8 установил мину M2 в (2,9,2)
   💣 Паук B8 установил мину M3 в (2,1,5)
   💣 Паук C8 установил мину M4 в (6,3,4)

📦 ПЕРЕМЕЩЕНИЯ:
   Радиовышка A2: (1, 8, 7) → (2,9,6)
   Факел A4: (0, 9, 6) → (0,9,7)
   Тишина A5: (0, 9, 1) → (1,9,2)
   Бурав A6: (1, 9, 7) → (2,9,7)
!    ⚠️ Радиовышка B2: клетка (5,1,5) занята
   Прыгун B3: (3, 1, 6) → (4,1,5)
   Факел B4: (6, 2, 7) → (6,1,6)
   Тишина B5: (9, 2, 7) → (8,3,6)
✓    💥 Бурав B6 тараном уничтожил Паук C8 в (6,4,4)
   Бурав B6: (6, 2, 4) → (6,4,4)
   Радиовышка C2: (5, 9, 4) → (4,8,5)
   Прыгун C3: (5, 1, 5) → (6,2,7)
   Тишина C5: (6, 5, 4) → (6,4,5)
   Бурав C6: (5, 8, 4) → (4,8,4)

🎯 ВЫСТРЕЛЫ:
✓    ✅ Артиллерия A1 поразил Прыгун C3 (2 урона)!
✓    ✅ Прыгун A3 поразил Бурав C6 (1 урона)!
✓    ✅ Артиллерия C1 поразил Прыгун A3 (2 урона)!
✓    ✅ Факел C4 поразил Бурав B6 (1 урона)!
   Выпущено ракет: 4
# 
📊 РЕЗУЛЬТАТЫ ХОДА 2:
✓ 💥 ПОПАДАНИЯ:
✓    Артиллерия A1 (Team A) → Прыгун C3 (Team C)
✓    Прыгун A3 (Team A) → Бурав C6 (Team C)
✓    Артиллерия C1 (Team C) → Прыгун A3 (Team A)
✓    Факел C4 (Team C) → Бурав B6 (Team B)

--- Результаты хода ---
  Team B / Бурав B6           → Team C / Паук C8            @ (6,4,4)  (УБИТ)
  Team A / Артиллерия A1      → Team C / Прыгун C3          @ (6,2,7)  (УБИТ)
  Team A / Прыгун A3          → Team C / Бурав C6           @ (4,8,4)  (ранен)
  Team C / Артиллерия C1      → Team A / Прыгун A3          @ (1,8,4)  (УБИТ)
  Team C / Факел C4           → Team B / Бурав B6           @ (6,4,4)  (ранен)

--- Состояние команд после хода ---
  Team A: живых 7/8
    ✓ Артиллерия A1      @ (0,9,9) hp=1/1
    ✓ Радиовышка A2      @ (2,9,6) hp=3/3
    ✓ Факел A4           @ (0,9,7) hp=6/6
    ✓ Тишина A5          @ (1,9,2) hp=2/2
    ✓ Бурав A6           @ (2,9,7) hp=4/4
    ✓ Провокатор A7      @ (1,8,5) hp=2/2
    ✓ Паук A8            @ (1,8,1) hp=1/1
    ✗ Прыгун A3          @ (1,8,4) [уничтожен]
  Team B: живых 6/8
    ✓ Радиовышка B2      @ (5,1,6) hp=3/3
    ✓ Прыгун B3          @ (4,1,5) hp=2/2
    ✓ Факел B4           @ (6,1,6) hp=6/6
    ✓ Тишина B5          @ (8,3,6) hp=2/2
    ✓ Бурав B6           @ (6,4,4) hp=3/4
    ✓ Паук B8            @ (1,1,6) hp=1/1
    ✗ Артиллерия B1      @ (1,2,7) [уничтожен]
    ✗ Провокатор B7      @ (8,2,7) [уничтожен]
  Team C: живых 5/8
    ✓ Артиллерия C1      @ (6,7,4) hp=1/1
    ✓ Радиовышка C2      @ (4,8,5) hp=3/3
    ✓ Факел C4           @ (6,6,4) hp=6/6
    ✓ Тишина C5          @ (6,4,5) hp=2/2
    ✓ Бурав C6           @ (4,8,4) hp=3/4
    ✗ Прыгун C3          @ (6,2,7) [уничтожен]
    ✗ Провокатор C7      @ (6,2,4) [уничтожен]
    ✗ Паук C8            @ (6,4,4) [уничтожен]

======================================================================
ХОД 3
======================================================================
✓ 🎮 GM: начинаем ход
GM: start_turn

--- Радиовышки: сканирование слоя Z ---
  Радиовышка A2 (z=6): видит 4 врагов [+4 эксклюзивно] → Паук B8(1,1,6), Радиовышка B2(5,1,6), Факел B4(6,1,6), Тишина B5(8,3,6)
  Радиовышка B2 (z=6): видит 1 врагов [+1 эксклюзивно] → Радиовышка A2(2,9,6)
  Радиовышка C2 (z=5): видит 2 врагов  → Провокатор A7(1,8,5), Прыгун B3(4,1,5)

--- Решения ботов ---
  [Team A] Артиллерия A1 (0,9,9) → SHOOT at (6,7,4)
  [Team A] Радиовышка A2 (2,9,6) → MOVE (3,8,5)
  [Team A] Факел A4 (0,9,7) → MOVE (0,9,8)
  [Team A] Тишина A5 (1,9,2) → MOVE (2,8,3)
  [Team A] Бурав A6 (2,9,7) → MOVE (3,8,6)
  [Team A] Провокатор A7 (1,8,5) → HOLOGRAM (2,8,5)
  [Team A] Паук A8 (1,8,1) → MINE (2,8,2)
  [Team B] Радиовышка B2 (5,1,6) → MOVE (6,2,5)
  [Team B] Прыгун B3 (4,1,5) → MOVE (5,2,5)
  [Team B] Факел B4 (6,1,6) → MOVE (6,1,5)
  [Team B] Тишина B5 (8,3,6) → MOVE (7,4,5)
  [Team B] Бурав B6 (6,4,4) → MOVE (6,7,4)
  [Team B] Паук B8 (1,1,6) → MOVE (2,2,5)
  [Team C] Артиллерия C1 (6,7,4) → SHOOT at (0,9,9)
  [Team C] Радиовышка C2 (4,8,5) → MOVE (3,9,6)
  [Team C] Факел C4 (6,6,4) → HEAL (AoE)
  [Team C] Тишина C5 (6,4,5) → MOVE (6,4,4)
  [Team C] Бурав C6 (4,8,4) → MOVE (1,8,1)
! 🎮 GM: принудительно завершает фазу планирования
GM: end_planning
# 
============================================================
# 🔄 ОБРАБОТКА ХОДА 3
# ============================================================
   🪞 Провокатор A7 создал голограмму H4 в (2,8,5)
   💣 Паук A8 установил мину M5 в (2,8,2)

📦 ПЕРЕМЕЩЕНИЯ:
   Радиовышка A2: (2, 9, 6) → (3,8,5)
   Факел A4: (0, 9, 7) → (0,9,8)
   Тишина A5: (1, 9, 2) → (2,8,3)
!    ⚠️ Бурав A6: Бурав двигается только по 1 оси или по 2 осям строго диагонально
   Радиовышка B2: (5, 1, 6) → (6,2,5)
✓    💥 Прыгун B3 тараном сбросил голограмму H2
   Прыгун B3: (4, 1, 5) → (5,2,5)
   Факел B4: (6, 1, 6) → (6,1,5)
   Тишина B5: (8, 3, 6) → (7,4,5)
✓    💥 Бурав B6 тараном уничтожил Артиллерия C1 в (6,7,4)
   Бурав B6: (6, 4, 4) → (6,7,4)
   Паук B8: (1, 1, 6) → (2,2,5)
   Радиовышка C2: (4, 8, 5) → (3,9,6)
   Тишина C5: (6, 4, 5) → (6,4,4)
✓    💥 Бурав C6 тараном уничтожил Паук A8 в (1,8,1)
   Бурав C6: (4, 8, 4) → (1,8,1)

🎯 ВЫСТРЕЛЫ:
✓    ✅ Артиллерия A1 поразил Бурав B6 (2 урона)!
!    ⚠️ Факел C4: некого лечить
   Выпущено ракет: 1
# 
📊 РЕЗУЛЬТАТЫ ХОДА 3:
✓ 💥 ПОПАДАНИЯ:
✓    Артиллерия A1 (Team A) → Бурав B6 (Team B)

--- Результаты хода ---
  Team B / Бурав B6           → Team C / Артиллерия C1      @ (6,7,4)  (УБИТ)
  Team C / Бурав C6           → Team A / Паук A8            @ (1,8,1)  (УБИТ)
  Team A / Артиллерия A1      → Team B / Бурав B6           @ (6,7,4)  (ранен)

--- Состояние команд после хода ---
  Team A: живых 6/8
    ✓ Артиллерия A1      @ (0,9,9) hp=1/1
    ✓ Радиовышка A2      @ (3,8,5) hp=3/3
    ✓ Факел A4           @ (0,9,8) hp=6/6
    ✓ Тишина A5          @ (2,8,3) hp=2/2
    ✓ Бурав A6           @ (2,9,7) hp=4/4
    ✓ Провокатор A7      @ (1,8,5) hp=2/2
    ✗ Прыгун A3          @ (1,8,4) [уничтожен]
    ✗ Паук A8            @ (1,8,1) [уничтожен]
  Team B: живых 6/8
    ✓ Радиовышка B2      @ (6,2,5) hp=3/3
    ✓ Прыгун B3          @ (5,2,5) hp=2/2
    ✓ Факел B4           @ (6,1,5) hp=6/6
    ✓ Тишина B5          @ (7,4,5) hp=2/2
    ✓ Бурав B6           @ (6,7,4) hp=1/4
    ✓ Паук B8            @ (2,2,5) hp=1/1
    ✗ Артиллерия B1      @ (1,2,7) [уничтожен]
    ✗ Провокатор B7      @ (8,2,7) [уничтожен]
  Team C: живых 4/8
    ✓ Радиовышка C2      @ (3,9,6) hp=3/3
    ✓ Факел C4           @ (6,6,4) hp=6/6
    ✓ Тишина C5          @ (6,4,4) hp=2/2
    ✓ Бурав C6           @ (1,8,1) hp=3/4
    ✗ Артиллерия C1      @ (6,7,4) [уничтожен]
    ✗ Прыгун C3          @ (6,2,7) [уничтожен]
    ✗ Провокатор C7      @ (6,2,4) [уничтожен]
    ✗ Паук C8            @ (6,4,4) [уничтожен]

======================================================================
ХОД 4
======================================================================
✓ 🎮 GM: начинаем ход
GM: start_turn

--- Радиовышки: сканирование слоя Z ---
  Радиовышка A2 (z=5): видит 5 врагов [+5 эксклюзивно] → Паук B8(2,2,5), Прыгун B3(5,2,5), Факел B4(6,1,5), Радиовышка B2(6,2,5), Тишина B5(7,4,5)
  Радиовышка B2 (z=5): видит 2 врагов [+1 эксклюзивно] → Провокатор A7(1,8,5), Радиовышка A2(3,8,5)
  Радиовышка C2 (z=6): слой чист

--- Решения ботов ---
  [Team A] Артиллерия A1 (0,9,9) → SHOOT at (6,7,4)
  [Team A] Радиовышка A2 (3,8,5) → MOVE (3,9,6)
  [Team A] Тишина A5 (2,8,3) → MOVE (1,8,2)
  [Team A] Бурав A6 (2,9,7) → MOVE (2,9,6)
  [Team A] Провокатор A7 (1,8,5) → HOLOGRAM (1,9,6)
  [Team A] Факел A4 → SKIP
  [Team B] Радиовышка B2 (6,2,5) → MOVE (6,3,4)
  [Team B] Прыгун B3 (5,2,5) → MOVE (6,4,4)
  [Team B] Факел B4 (6,1,5) → MOVE (6,2,4)
  [Team B] Тишина B5 (7,4,5) → MOVE (7,4,4)
  [Team B] Бурав B6 (6,7,4) → MOVE (6,6,4)
  [Team B] Паук B8 (2,2,5) → MINE (3,3,4)
  [Team C] Радиовышка C2 (3,9,6) → MOVE (3,8,5)
  [Team C] Факел C4 (6,6,4) → SHOOT at (6,7,4)
  [Team C] Тишина C5 (6,4,4) → MOVE (7,4,5)
  [Team C] Бурав C6 (1,8,1) → MOVE (2,8,2)
! 🎮 GM: принудительно завершает фазу планирования
GM: end_planning
# 
============================================================
# 🔄 ОБРАБОТКА ХОДА 4
# ============================================================
   🪞 Провокатор A7 создал голограмму H5 в (1,9,6)
   💣 Паук B8 установил мину M6 в (3,3,4)

📦 ПЕРЕМЕЩЕНИЯ:
!    ⚠️ Радиовышка A2: клетка (3,9,6) занята
   Тишина A5: (2, 8, 3) → (1,8,2)
   Бурав A6: (2, 9, 7) → (2,9,6)
   Радиовышка B2: (6, 2, 5) → (6,3,4)
!    💥 Мина M4 сработала под Радиовышка B2 (урон 2)
✓    💥 Прыгун B3 тараном уничтожил Тишина C5 в (6,4,4)
   Прыгун B3: (5, 2, 5) → (6,4,4)
   Факел B4: (6, 1, 5) → (6,2,4)
   Тишина B5: (7, 4, 5) → (7,4,4)
✓    💥 Бурав B6 тараном уничтожил Факел C4 в (6,6,4)
   Бурав B6: (6, 7, 4) → (6,6,4)
!    ⚠️ Радиовышка C2: клетка (3,8,5) занята
   Бурав C6: (1, 8, 1) → (2,8,2)
!    💥 Мина M5 сработала под Бурав C6 (урон 2)

🎯 ВЫСТРЕЛЫ:
   Выпущено ракет: 1
# 
📊 РЕЗУЛЬТАТЫ ХОДА 4:
🎯 Попаданий нет

--- Результаты хода ---
  ? / ?                  → Team B / Радиовышка B2      @ (6,3,4)  (ранен)
  Team B / Прыгун B3          → Team C / Тишина C5          @ (6,4,4)  (УБИТ)
  Team B / Бурав B6           → Team C / Факел C4           @ (6,6,4)  (УБИТ)
  ? / ?                  → Team C / Бурав C6           @ (2,8,2)  (ранен)

--- Состояние команд после хода ---
  Team A: живых 6/8
    ✓ Артиллерия A1      @ (0,9,9) hp=1/1
    ✓ Радиовышка A2      @ (3,8,5) hp=3/3
    ✓ Факел A4           @ (0,9,8) hp=6/6
    ✓ Тишина A5          @ (1,8,2) hp=2/2
    ✓ Бурав A6           @ (2,9,6) hp=4/4
    ✓ Провокатор A7      @ (1,8,5) hp=2/2
    ✗ Прыгун A3          @ (1,8,4) [уничтожен]
    ✗ Паук A8            @ (1,8,1) [уничтожен]
  Team B: живых 6/8
    ✓ Радиовышка B2      @ (6,3,4) hp=1/3
    ✓ Прыгун B3          @ (6,4,4) hp=2/2
    ✓ Факел B4           @ (6,2,4) hp=6/6
    ✓ Тишина B5          @ (7,4,4) hp=2/2
    ✓ Бурав B6           @ (6,6,4) hp=1/4
    ✓ Паук B8            @ (2,2,5) hp=1/1
    ✗ Артиллерия B1      @ (1,2,7) [уничтожен]
    ✗ Провокатор B7      @ (8,2,7) [уничтожен]
  Team C: живых 2/8
    ✓ Радиовышка C2      @ (3,9,6) hp=3/3
    ✓ Бурав C6           @ (2,8,2) hp=1/4
    ✗ Артиллерия C1      @ (6,7,4) [уничтожен]
    ✗ Прыгун C3          @ (6,2,7) [уничтожен]
    ✗ Факел C4           @ (6,6,4) [уничтожен]
    ✗ Тишина C5          @ (6,4,4) [уничтожен]
    ✗ Провокатор C7      @ (6,2,4) [уничтожен]
    ✗ Паук C8            @ (6,4,4) [уничтожен]

======================================================================
ХОД 5
======================================================================
✓ 🎮 GM: начинаем ход
GM: start_turn

--- Радиовышки: сканирование слоя Z ---
  Радиовышка A2 (z=5): видит 1 врагов [+1 эксклюзивно] → Паук B8(2,2,5)
  Радиовышка B2 (z=4): слой чист
  Радиовышка C2 (z=6): видит 1 врагов  → Бурав A6(2,9,6)

--- Решения ботов ---
  [Team A] Артиллерия A1 (0,9,9) → SHOOT at (6,6,4)
  [Team A] Радиовышка A2 (3,8,5) → MOVE (3,9,6)
  [Team A] Тишина A5 (1,8,2) → PHASE toggle
  [Team A] Провокатор A7 (1,8,5) → HOLOGRAM (2,8,5)
  [Team A] Факел A4 → SKIP
  [Team A] Бурав A6 → SKIP
  [Team B] Радиовышка B2 (6,3,4) → MOVE (5,4,5)
  [Team B] Прыгун B3 (6,4,4) → MOVE (5,5,5)
  [Team B] Факел B4 (6,2,4) → HEAL (AoE)
  [Team B] Тишина B5 (7,4,4) → MOVE (6,5,5)
  [Team B] Бурав B6 (6,6,4) → MOVE (5,7,5)
  [Team B] Паук B8 (2,2,5) → MOVE (3,3,5)
  [Team C] Радиовышка C2 (3,9,6) → MOVE (3,8,5)
  [Team C] Бурав C6 (2,8,2) → MOVE (1,8,2)
! 🎮 GM: принудительно завершает фазу планирования
GM: end_planning
# 
============================================================
# 🔄 ОБРАБОТКА ХОДА 5
# ============================================================
   🌀 Тишина A5: уходит в фазу на 1 ход
!    ⚠️ Провокатор A7: клетка (2,8,5) уже занята голограммой

📦 ПЕРЕМЕЩЕНИЯ:
!    ⚠️ Радиовышка A2: клетка (3,9,6) занята
   Радиовышка B2: (6, 3, 4) → (5,4,5)
   Прыгун B3: (6, 4, 4) → (5,5,5)
   Тишина B5: (7, 4, 4) → (6,5,5)
!    ⚠️ Бурав B6: Бурав двигается только по 1 оси или по 2 осям строго диагонально
   Паук B8: (2, 2, 5) → (3,3,5)
!    ⚠️ Радиовышка C2: клетка (3,8,5) занята
✓    💥 Бурав C6 пробивает фазу Тишина A5 тараном
✓    💥 Бурав C6 тараном уничтожил Тишина A5 в (1,8,2)
   Бурав C6: (2, 8, 2) → (1,8,2)

🎯 ВЫСТРЕЛЫ:
✓    ✅ Артиллерия A1 поразил Бурав B6 (2 урона)!
✓    💚 Факел B4 лечит Радиовышка B2 → hits=1/3
   Выпущено ракет: 1
# 
📊 РЕЗУЛЬТАТЫ ХОДА 5:
✓ 💥 ПОПАДАНИЯ:
✓    Артиллерия A1 (Team A) → Бурав B6 (Team B)

--- Результаты хода ---
  Team C / Бурав C6           → Team A / Тишина A5          @ (1,8,2)  (УБИТ)
  Team A / Артиллерия A1      → Team B / Бурав B6           @ (6,6,4)  (УБИТ)

--- Состояние команд после хода ---
  Team A: живых 5/8
    ✓ Артиллерия A1      @ (0,9,9) hp=1/1
    ✓ Радиовышка A2      @ (3,8,5) hp=3/3
    ✓ Факел A4           @ (0,9,8) hp=6/6
    ✓ Бурав A6           @ (2,9,6) hp=4/4
    ✓ Провокатор A7      @ (1,8,5) hp=2/2
    ✗ Прыгун A3          @ (1,8,4) [уничтожен]
    ✗ Тишина A5          @ (1,8,2) [уничтожен]
    ✗ Паук A8            @ (1,8,1) [уничтожен]
  Team B: живых 5/8
    ✓ Радиовышка B2      @ (5,4,5) hp=2/3
    ✓ Прыгун B3          @ (5,5,5) hp=2/2
    ✓ Факел B4           @ (6,2,4) hp=6/6
    ✓ Тишина B5          @ (6,5,5) hp=2/2
    ✓ Паук B8            @ (3,3,5) hp=1/1
    ✗ Артиллерия B1      @ (1,2,7) [уничтожен]
    ✗ Бурав B6           @ (6,6,4) [уничтожен]
    ✗ Провокатор B7      @ (8,2,7) [уничтожен]
  Team C: живых 2/8
    ✓ Радиовышка C2      @ (3,9,6) hp=3/3
    ✓ Бурав C6           @ (1,8,2) hp=1/4
    ✗ Артиллерия C1      @ (6,7,4) [уничтожен]
    ✗ Прыгун C3          @ (6,2,7) [уничтожен]
    ✗ Факел C4           @ (6,6,4) [уничтожен]
    ✗ Тишина C5          @ (6,4,4) [уничтожен]
    ✗ Провокатор C7      @ (6,2,4) [уничтожен]
    ✗ Паук C8            @ (6,4,4) [уничтожен]

======================================================================
ХОД 6
======================================================================
✓ 🎮 GM: начинаем ход
GM: start_turn

--- Радиовышки: сканирование слоя Z ---
  Радиовышка A2 (z=5): видит 4 врагов [+1 эксклюзивно] → Паук B8(3,3,5), Радиовышка B2(5,4,5), Прыгун B3(5,5,5), Тишина B5(6,5,5)
  Радиовышка B2 (z=5): видит 2 врагов  → Провокатор A7(1,8,5), Радиовышка A2(3,8,5)
  Радиовышка C2 (z=6): видит 1 врагов  → Бурав A6(2,9,6)

--- Решения ботов ---
  [Team A] Артиллерия A1 (0,9,9) → SHOOT at (1,8,2)
  [Team A] Радиовышка A2 (3,8,5) → MOVE (3,9,6)
  [Team A] Провокатор A7 (1,8,5) → HOLOGRAM (1,9,6)
  [Team A] Факел A4 → SKIP
  [Team A] Бурав A6 → SKIP
  [Team B] Радиовышка B2 (5,4,5) → MOVE (4,5,5)
  [Team B] Прыгун B3 (5,5,5) → MOVE (4,6,5)
  [Team B] Факел B4 (6,2,4) → HEAL (AoE)
  [Team B] Тишина B5 (6,5,5) → PHASE toggle
  [Team B] Паук B8 (3,3,5) → MOVE (3,4,5)
  [Team C] Радиовышка C2 (3,9,6) → MOVE (3,8,5)
  [Team C] Бурав C6 (1,8,2) → MOVE (1,8,5)
! 🎮 GM: принудительно завершает фазу планирования
GM: end_planning
# 
============================================================
# 🔄 ОБРАБОТКА ХОДА 6
# ============================================================
   🌀 Тишина B5: уходит в фазу на 1 ход
!    ⚠️ Провокатор A7: клетка (1,9,6) уже занята голограммой

📦 ПЕРЕМЕЩЕНИЯ:
!    ⚠️ Радиовышка A2: клетка (3,9,6) занята
   Радиовышка B2: (5, 4, 5) → (4,5,5)
   Прыгун B3: (5, 5, 5) → (4,6,5)
   Паук B8: (3, 3, 5) → (3,4,5)
!    ⚠️ Радиовышка C2: клетка (3,8,5) занята
✓    💥 Бурав C6 тараном уничтожил Провокатор A7 в (1,8,5)
   Бурав C6: (1, 8, 2) → (1,8,5)

🎯 ВЫСТРЕЛЫ:
!    ⚠️ Факел B4: некого лечить
   Выпущено ракет: 1
# 
📊 РЕЗУЛЬТАТЫ ХОДА 6:
🎯 Попаданий нет

--- Результаты хода ---
  Team C / Бурав C6           → Team A / Провокатор A7      @ (1,8,5)  (УБИТ)

--- Состояние команд после хода ---
  Team A: живых 4/8
    ✓ Артиллерия A1      @ (0,9,9) hp=1/1
    ✓ Радиовышка A2      @ (3,8,5) hp=3/3
    ✓ Факел A4           @ (0,9,8) hp=6/6
    ✓ Бурав A6           @ (2,9,6) hp=4/4
    ✗ Прыгун A3          @ (1,8,4) [уничтожен]
    ✗ Тишина A5          @ (1,8,2) [уничтожен]
    ✗ Провокатор A7      @ (1,8,5) [уничтожен]
    ✗ Паук A8            @ (1,8,1) [уничтожен]
  Team B: живых 5/8
    ✓ Радиовышка B2      @ (4,5,5) hp=2/3
    ✓ Прыгун B3          @ (4,6,5) hp=2/2
    ✓ Факел B4           @ (6,2,4) hp=6/6
    ✓ Тишина B5          @ (6,5,5) hp=2/2
    ✓ Паук B8            @ (3,4,5) hp=1/1
    ✗ Артиллерия B1      @ (1,2,7) [уничтожен]
    ✗ Бурав B6           @ (6,6,4) [уничтожен]
    ✗ Провокатор B7      @ (8,2,7) [уничтожен]
  Team C: живых 2/8
    ✓ Радиовышка C2      @ (3,9,6) hp=3/3
    ✓ Бурав C6           @ (1,8,5) hp=1/4
    ✗ Артиллерия C1      @ (6,7,4) [уничтожен]
    ✗ Прыгун C3          @ (6,2,7) [уничтожен]
    ✗ Факел C4           @ (6,6,4) [уничтожен]
    ✗ Тишина C5          @ (6,4,4) [уничтожен]
    ✗ Провокатор C7      @ (6,2,4) [уничтожен]
    ✗ Паук C8            @ (6,4,4) [уничтожен]

======================================================================
ХОД 7
======================================================================
✓ 🎮 GM: начинаем ход
GM: start_turn

--- Радиовышки: сканирование слоя Z ---
  Радиовышка A2 (z=5): видит 4 врагов [+1 эксклюзивно] → Паук B8(3,4,5), Радиовышка B2(4,5,5), Прыгун B3(4,6,5), Бурав C6(1,8,5)
  Радиовышка B2 (z=5): видит 2 врагов  → Радиовышка A2(3,8,5), Бурав C6(1,8,5)
  Радиовышка C2 (z=6): видит 1 врагов  → Бурав A6(2,9,6)

--- Решения ботов ---
  [Team A] Артиллерия A1 (0,9,9) → SHOOT at (1,8,5)
  [Team A] Радиовышка A2 (3,8,5) → MOVE (3,9,6)
  [Team A] Факел A4 → SKIP
  [Team A] Бурав A6 → SKIP
  [Team B] Радиовышка B2 (4,5,5) → MOVE (3,6,5)
  [Team B] Прыгун B3 (4,6,5) → MOVE (3,8,5)
  [Team B] Факел B4 (6,2,4) → MOVE (5,3,5)
  [Team B] Тишина B5 (6,5,5) → MOVE (5,6,5)
  [Team B] Паук B8 (3,4,5) → MINE (3,5,5)
  [Team C] Радиовышка C2 (3,9,6) → MOVE (3,8,5)
  [Team C] Бурав C6 (1,8,5) → MOVE (4,5,5)
! 🎮 GM: принудительно завершает фазу планирования
GM: end_planning
# 
============================================================
# 🔄 ОБРАБОТКА ХОДА 7
# ============================================================
   🌀 Тишина B5: фаза спала (действовала 1 ход)
   💣 Паук B8 установил мину M7 в (3,5,5)

📦 ПЕРЕМЕЩЕНИЯ:
!    ⚠️ Радиовышка A2: клетка (3,9,6) занята
   Радиовышка B2: (4, 5, 5) → (3,6,5)
✓    💥 Прыгун B3 тараном уничтожил Радиовышка A2 в (3,8,5)
   Прыгун B3: (4, 6, 5) → (3,8,5)
   Факел B4: (6, 2, 4) → (5,3,5)
!    💥 Мина M1 сработала под Факел B4 (урон 2)
   Тишина B5: (6, 5, 5) → (5,6,5)
!    ⚠️ Радиовышка C2: клетка (3,8,5) занята
   Бурав C6: (1, 8, 5) → (4,5,5)

🎯 ВЫСТРЕЛЫ:
   Выпущено ракет: 1
# 
📊 РЕЗУЛЬТАТЫ ХОДА 7:
🎯 Попаданий нет

--- Результаты хода ---
  Team B / Прыгун B3          → Team A / Радиовышка A2      @ (3,8,5)  (УБИТ)
  ? / ?                  → Team B / Факел B4           @ (5,3,5)  (ранен)

--- Состояние команд после хода ---
  Team A: живых 3/8
    ✓ Артиллерия A1      @ (0,9,9) hp=1/1
    ✓ Факел A4           @ (0,9,8) hp=6/6
    ✓ Бурав A6           @ (2,9,6) hp=4/4
    ✗ Радиовышка A2      @ (3,8,5) [уничтожен]
    ✗ Прыгун A3          @ (1,8,4) [уничтожен]
    ✗ Тишина A5          @ (1,8,2) [уничтожен]
    ✗ Провокатор A7      @ (1,8,5) [уничтожен]
    ✗ Паук A8            @ (1,8,1) [уничтожен]
  Team B: живых 5/8
    ✓ Радиовышка B2      @ (3,6,5) hp=2/3
    ✓ Прыгун B3          @ (3,8,5) hp=2/2
    ✓ Факел B4           @ (5,3,5) hp=4/6
    ✓ Тишина B5          @ (5,6,5) hp=2/2
    ✓ Паук B8            @ (3,4,5) hp=1/1
    ✗ Артиллерия B1      @ (1,2,7) [уничтожен]
    ✗ Бурав B6           @ (6,6,4) [уничтожен]
    ✗ Провокатор B7      @ (8,2,7) [уничтожен]
  Team C: живых 2/8
    ✓ Радиовышка C2      @ (3,9,6) hp=3/3
    ✓ Бурав C6           @ (4,5,5) hp=1/4
    ✗ Артиллерия C1      @ (6,7,4) [уничтожен]
    ✗ Прыгун C3          @ (6,2,7) [уничтожен]
    ✗ Факел C4           @ (6,6,4) [уничтожен]
    ✗ Тишина C5          @ (6,4,4) [уничтожен]
    ✗ Провокатор C7      @ (6,2,4) [уничтожен]
    ✗ Паук C8            @ (6,4,4) [уничтожен]

======================================================================
ХОД 8
======================================================================
✓ 🎮 GM: начинаем ход
GM: start_turn

--- Радиовышки: сканирование слоя Z ---
  Радиовышка B2 (z=5): видит 1 врагов  → Бурав C6(4,5,5)
  Радиовышка C2 (z=6): видит 1 врагов  → Бурав A6(2,9,6)

--- Решения ботов ---
  [Team A] Артиллерия A1 (0,9,9) → SHOOT at (4,5,5)
  [Team A] Бурав A6 (2,9,6) → MOVE (3,9,6)
  [Team A] Факел A4 → SKIP
  [Team B] Радиовышка B2 (3,6,5) → MOVE (4,5,5)
  [Team B] Прыгун B3 (3,8,5) → MOVE (2,9,6)
  [Team B] Факел B4 (5,3,5) → HEAL (AoE)
  [Team B] Тишина B5 (5,6,5) → MOVE (5,5,5)
  [Team B] Паук B8 (3,4,5) → MINE (3,5,5)
  [Team C] Радиовышка C2 (3,9,6) → MOVE (2,9,6)
  [Team C] Бурав C6 (4,5,5) → MOVE (3,6,5)
! 🎮 GM: принудительно завершает фазу планирования
GM: end_planning
# 
============================================================
# 🔄 ОБРАБОТКА ХОДА 8
# ============================================================
!    ⚠️ Паук B8: в клетке уже стоит мина

📦 ПЕРЕМЕЩЕНИЯ:
✓    💥 Бурав A6 тараном уничтожил Радиовышка C2 в (3,9,6)
   Бурав A6: (2, 9, 6) → (3,9,6)
!    ⚠️ Радиовышка B2: клетка (4,5,5) занята
   Прыгун B3: (3, 8, 5) → (2,9,6)
   Тишина B5: (5, 6, 5) → (5,5,5)
✓    💥 Бурав C6 тараном уничтожил Радиовышка B2 в (3,6,5)
   Бурав C6: (4, 5, 5) → (3,6,5)

🎯 ВЫСТРЕЛЫ:
✓    💚 Факел B4 лечит Факел B4 → hits=1/6
   Выпущено ракет: 1
# 
📊 РЕЗУЛЬТАТЫ ХОДА 8:
🎯 Попаданий нет

--- Результаты хода ---
  Team A / Бурав A6           → Team C / Радиовышка C2      @ (3,9,6)  (УБИТ)
  Team C / Бурав C6           → Team B / Радиовышка B2      @ (3,6,5)  (УБИТ)

--- Состояние команд после хода ---
  Team A: живых 3/8
    ✓ Артиллерия A1      @ (0,9,9) hp=1/1
    ✓ Факел A4           @ (0,9,8) hp=6/6
    ✓ Бурав A6           @ (3,9,6) hp=4/4
    ✗ Радиовышка A2      @ (3,8,5) [уничтожен]
    ✗ Прыгун A3          @ (1,8,4) [уничтожен]
    ✗ Тишина A5          @ (1,8,2) [уничтожен]
    ✗ Провокатор A7      @ (1,8,5) [уничтожен]
    ✗ Паук A8            @ (1,8,1) [уничтожен]
  Team B: живых 4/8
    ✓ Прыгун B3          @ (2,9,6) hp=2/2
    ✓ Факел B4           @ (5,3,5) hp=5/6
    ✓ Тишина B5          @ (5,5,5) hp=2/2
    ✓ Паук B8            @ (3,4,5) hp=1/1
    ✗ Артиллерия B1      @ (1,2,7) [уничтожен]
    ✗ Радиовышка B2      @ (3,6,5) [уничтожен]
    ✗ Бурав B6           @ (6,6,4) [уничтожен]
    ✗ Провокатор B7      @ (8,2,7) [уничтожен]
  Team C: живых 1/8
    ✓ Бурав C6           @ (3,6,5) hp=1/4
    ✗ Артиллерия C1      @ (6,7,4) [уничтожен]
    ✗ Радиовышка C2      @ (3,9,6) [уничтожен]
    ✗ Прыгун C3          @ (6,2,7) [уничтожен]
    ✗ Факел C4           @ (6,6,4) [уничтожен]
    ✗ Тишина C5          @ (6,4,4) [уничтожен]
    ✗ Провокатор C7      @ (6,2,4) [уничтожен]
    ✗ Паук C8            @ (6,4,4) [уничтожен]

======================================================================
ХОД 9
======================================================================
✓ 🎮 GM: начинаем ход
GM: start_turn

--- Радиовышки: сканирование слоя Z ---
  (у команд не осталось живых радиовышек)

--- Решения ботов ---
  [Team A] Артиллерия A1 (0,9,9) → SHOOT at (3,6,5)
  [Team A] Бурав A6 (3,9,6) → MOVE (2,9,6)
  [Team A] Факел A4 → SKIP
  [Team B] Прыгун B3 (2,9,6) → MOVE (0,9,8)
  [Team B] Факел B4 (5,3,5) → HEAL (AoE)
  [Team B] Тишина B5 (5,5,5) → MOVE (4,6,5)
  [Team B] Паук B8 (3,4,5) → MINE (4,5,5)
  [Team C] Бурав C6 (3,6,5) → MOVE (3,4,5)
! 🎮 GM: принудительно завершает фазу планирования
GM: end_planning
# 
============================================================
# 🔄 ОБРАБОТКА ХОДА 9
# ============================================================
   💣 Паук B8 установил мину M8 в (4,5,5)

📦 ПЕРЕМЕЩЕНИЯ:
✓    💥 Бурав A6 тараном уничтожил Прыгун B3 в (2,9,6)
   Бурав A6: (3, 9, 6) → (2,9,6)
   Тишина B5: (5, 5, 5) → (4,6,5)
✓    💥 Бурав C6 тараном уничтожил Паук B8 в (3,4,5)
   Бурав C6: (3, 6, 5) → (3,4,5)

🎯 ВЫСТРЕЛЫ:
✓    💚 Факел B4 лечит Факел B4 → hits=0/6
   Выпущено ракет: 1
# 
📊 РЕЗУЛЬТАТЫ ХОДА 9:
🎯 Попаданий нет

--- Результаты хода ---
  Team A / Бурав A6           → Team B / Прыгун B3          @ (2,9,6)  (УБИТ)
  Team C / Бурав C6           → Team B / Паук B8            @ (3,4,5)  (УБИТ)

--- Состояние команд после хода ---
  Team A: живых 3/8
    ✓ Артиллерия A1      @ (0,9,9) hp=1/1
    ✓ Факел A4           @ (0,9,8) hp=6/6
    ✓ Бурав A6           @ (2,9,6) hp=4/4
    ✗ Радиовышка A2      @ (3,8,5) [уничтожен]
    ✗ Прыгун A3          @ (1,8,4) [уничтожен]
    ✗ Тишина A5          @ (1,8,2) [уничтожен]
    ✗ Провокатор A7      @ (1,8,5) [уничтожен]
    ✗ Паук A8            @ (1,8,1) [уничтожен]
  Team B: живых 2/8
    ✓ Факел B4           @ (5,3,5) hp=6/6
    ✓ Тишина B5          @ (4,6,5) hp=2/2
    ✗ Артиллерия B1      @ (1,2,7) [уничтожен]
    ✗ Радиовышка B2      @ (3,6,5) [уничтожен]
    ✗ Прыгун B3          @ (2,9,6) [уничтожен]
    ✗ Бурав B6           @ (6,6,4) [уничтожен]
    ✗ Провокатор B7      @ (8,2,7) [уничтожен]
    ✗ Паук B8            @ (3,4,5) [уничтожен]
  Team C: живых 1/8
    ✓ Бурав C6           @ (3,4,5) hp=1/4
    ✗ Артиллерия C1      @ (6,7,4) [уничтожен]
    ✗ Радиовышка C2      @ (3,9,6) [уничтожен]
    ✗ Прыгун C3          @ (6,2,7) [уничтожен]
    ✗ Факел C4           @ (6,6,4) [уничтожен]
    ✗ Тишина C5          @ (6,4,4) [уничтожен]
    ✗ Провокатор C7      @ (6,2,4) [уничтожен]
    ✗ Паук C8            @ (6,4,4) [уничтожен]

======================================================================
ХОД 10
======================================================================
✓ 🎮 GM: начинаем ход
GM: start_turn

--- Радиовышки: сканирование слоя Z ---
  (у команд не осталось живых радиовышек)

--- Решения ботов ---
  [Team A] Артиллерия A1 (0,9,9) → SHOOT at (4,6,5)
  [Team A] Бурав A6 (2,9,6) → MOVE (3,8,5)
  [Team A] Факел A4 → SKIP
  [Team B] Факел B4 (5,3,5) → MOVE (4,4,5)
  [Team B] Тишина B5 (4,6,5) → PHASE toggle
  [Team C] Бурав C6 (3,4,5) → MOVE (4,3,5)
! 🎮 GM: принудительно завершает фазу планирования
GM: end_planning
# 
============================================================
# 🔄 ОБРАБОТКА ХОДА 10
# ============================================================
   🌀 Тишина B5: уходит в фазу на 1 ход

📦 ПЕРЕМЕЩЕНИЯ:
!    ⚠️ Бурав A6: Бурав двигается только по 1 оси или по 2 осям строго диагонально
   Факел B4: (5, 3, 5) → (4,4,5)
   Бурав C6: (3, 4, 5) → (4,3,5)

🎯 ВЫСТРЕЛЫ:
   Выпущено ракет: 1
# 
📊 РЕЗУЛЬТАТЫ ХОДА 10:
🎯 Попаданий нет

--- Результаты хода ---
  Попаданий нет

--- Состояние команд после хода ---
  Team A: живых 3/8
    ✓ Артиллерия A1      @ (0,9,9) hp=1/1
    ✓ Факел A4           @ (0,9,8) hp=6/6
    ✓ Бурав A6           @ (2,9,6) hp=4/4
    ✗ Радиовышка A2      @ (3,8,5) [уничтожен]
    ✗ Прыгун A3          @ (1,8,4) [уничтожен]
    ✗ Тишина A5          @ (1,8,2) [уничтожен]
    ✗ Провокатор A7      @ (1,8,5) [уничтожен]
    ✗ Паук A8            @ (1,8,1) [уничтожен]
  Team B: живых 2/8
    ✓ Факел B4           @ (4,4,5) hp=6/6
    ✓ Тишина B5          @ (4,6,5) hp=2/2
    ✗ Артиллерия B1      @ (1,2,7) [уничтожен]
    ✗ Радиовышка B2      @ (3,6,5) [уничтожен]
    ✗ Прыгун B3          @ (2,9,6) [уничтожен]
    ✗ Бурав B6           @ (6,6,4) [уничтожен]
    ✗ Провокатор B7      @ (8,2,7) [уничтожен]
    ✗ Паук B8            @ (3,4,5) [уничтожен]
  Team C: живых 1/8
    ✓ Бурав C6           @ (4,3,5) hp=1/4
    ✗ Артиллерия C1      @ (6,7,4) [уничтожен]
    ✗ Радиовышка C2      @ (3,9,6) [уничтожен]
    ✗ Прыгун C3          @ (6,2,7) [уничтожен]
    ✗ Факел C4           @ (6,6,4) [уничтожен]
    ✗ Тишина C5          @ (6,4,4) [уничтожен]
    ✗ Провокатор C7      @ (6,2,4) [уничтожен]
    ✗ Паук C8            @ (6,4,4) [уничтожен]

======================================================================
ХОД 11
======================================================================
✓ 🎮 GM: начинаем ход
GM: start_turn

--- Радиовышки: сканирование слоя Z ---
  (у команд не осталось живых радиовышек)

--- Решения ботов ---
  [Team A] Артиллерия A1 (0,9,9) → SHOOT at (2,8,7)
  [Team A] Бурав A6 (2,9,6) → MOVE (3,8,5)
  [Team A] Факел A4 → SKIP
  [Team B] Факел B4 (4,4,5) → SHOOT at (4,3,5)
  [Team B] Тишина B5 (4,6,5) → MOVE (3,7,6)
  [Team C] Бурав C6 (4,3,5) → MOVE (4,4,5)
! 🎮 GM: принудительно завершает фазу планирования
GM: end_planning
# 
============================================================
# 🔄 ОБРАБОТКА ХОДА 11
# ============================================================
   🌀 Тишина B5: фаза спала (действовала 1 ход)

📦 ПЕРЕМЕЩЕНИЯ:
!    ⚠️ Бурав A6: Бурав двигается только по 1 оси или по 2 осям строго диагонально
   Тишина B5: (4, 6, 5) → (3,7,6)
✓    💥 Бурав C6 тараном уничтожил Факел B4 в (4,4,5)
   Бурав C6: (4, 3, 5) → (4,4,5)

🎯 ВЫСТРЕЛЫ:
   Выпущено ракет: 1
# 
📊 РЕЗУЛЬТАТЫ ХОДА 11:
🎯 Попаданий нет

--- Результаты хода ---
  Team C / Бурав C6           → Team B / Факел B4           @ (4,4,5)  (УБИТ)

--- Состояние команд после хода ---
  Team A: живых 3/8
    ✓ Артиллерия A1      @ (0,9,9) hp=1/1
    ✓ Факел A4           @ (0,9,8) hp=6/6
    ✓ Бурав A6           @ (2,9,6) hp=4/4
    ✗ Радиовышка A2      @ (3,8,5) [уничтожен]
    ✗ Прыгун A3          @ (1,8,4) [уничтожен]
    ✗ Тишина A5          @ (1,8,2) [уничтожен]
    ✗ Провокатор A7      @ (1,8,5) [уничтожен]
    ✗ Паук A8            @ (1,8,1) [уничтожен]
  Team B: живых 1/8
    ✓ Тишина B5          @ (3,7,6) hp=2/2
    ✗ Артиллерия B1      @ (1,2,7) [уничтожен]
    ✗ Радиовышка B2      @ (3,6,5) [уничтожен]
    ✗ Прыгун B3          @ (2,9,6) [уничтожен]
    ✗ Факел B4           @ (4,4,5) [уничтожен]
    ✗ Бурав B6           @ (6,6,4) [уничтожен]
    ✗ Провокатор B7      @ (8,2,7) [уничтожен]
    ✗ Паук B8            @ (3,4,5) [уничтожен]
  Team C: живых 1/8
    ✓ Бурав C6           @ (4,4,5) hp=1/4
    ✗ Артиллерия C1      @ (6,7,4) [уничтожен]
    ✗ Радиовышка C2      @ (3,9,6) [уничтожен]
    ✗ Прыгун C3          @ (6,2,7) [уничтожен]
    ✗ Факел C4           @ (6,6,4) [уничтожен]
    ✗ Тишина C5          @ (6,4,4) [уничтожен]
    ✗ Провокатор C7      @ (6,2,4) [уничтожен]
    ✗ Паук C8            @ (6,4,4) [уничтожен]

======================================================================
ХОД 12
======================================================================
✓ 🎮 GM: начинаем ход
GM: start_turn

--- Радиовышки: сканирование слоя Z ---
  (у команд не осталось живых радиовышек)

--- Решения ботов ---
  [Team A] Артиллерия A1 (0,9,9) → SHOOT at (3,7,6)
  [Team A] Бурав A6 (2,9,6) → MOVE (3,8,6)
  [Team A] Факел A4 → SKIP
  [Team B] Тишина B5 (3,7,6) → MOVE (2,8,6)
  [Team C] Бурав C6 (4,4,5) → MOVE (3,5,6)
! 🎮 GM: принудительно завершает фазу планирования
GM: end_planning
# 
============================================================
# 🔄 ОБРАБОТКА ХОДА 12
# ============================================================

📦 ПЕРЕМЕЩЕНИЯ:
   Бурав A6: (2, 9, 6) → (3,8,6)
   Тишина B5: (3, 7, 6) → (2,8,6)
!    ⚠️ Бурав C6: Бурав двигается только по 1 оси или по 2 осям строго диагонально

🎯 ВЫСТРЕЛЫ:
   Выпущено ракет: 1
# 
📊 РЕЗУЛЬТАТЫ ХОДА 12:
🎯 Попаданий нет

--- Результаты хода ---
  Попаданий нет

--- Состояние команд после хода ---
  Team A: живых 3/8
    ✓ Артиллерия A1      @ (0,9,9) hp=1/1
    ✓ Факел A4           @ (0,9,8) hp=6/6
    ✓ Бурав A6           @ (3,8,6) hp=4/4
    ✗ Радиовышка A2      @ (3,8,5) [уничтожен]
    ✗ Прыгун A3          @ (1,8,4) [уничтожен]
    ✗ Тишина A5          @ (1,8,2) [уничтожен]
    ✗ Провокатор A7      @ (1,8,5) [уничтожен]
    ✗ Паук A8            @ (1,8,1) [уничтожен]
  Team B: живых 1/8
    ✓ Тишина B5          @ (2,8,6) hp=2/2
    ✗ Артиллерия B1      @ (1,2,7) [уничтожен]
    ✗ Радиовышка B2      @ (3,6,5) [уничтожен]
    ✗ Прыгун B3          @ (2,9,6) [уничтожен]
    ✗ Факел B4           @ (4,4,5) [уничтожен]
    ✗ Бурав B6           @ (6,6,4) [уничтожен]
    ✗ Провокатор B7      @ (8,2,7) [уничтожен]
    ✗ Паук B8            @ (3,4,5) [уничтожен]
  Team C: живых 1/8
    ✓ Бурав C6           @ (4,4,5) hp=1/4
    ✗ Артиллерия C1      @ (6,7,4) [уничтожен]
    ✗ Радиовышка C2      @ (3,9,6) [уничтожен]
    ✗ Прыгун C3          @ (6,2,7) [уничтожен]
    ✗ Факел C4           @ (6,6,4) [уничтожен]
    ✗ Тишина C5          @ (6,4,4) [уничтожен]
    ✗ Провокатор C7      @ (6,2,4) [уничтожен]
    ✗ Паук C8            @ (6,4,4) [уничтожен]

======================================================================
ХОД 13
======================================================================
✓ 🎮 GM: начинаем ход
GM: start_turn

--- Радиовышки: сканирование слоя Z ---
  (у команд не осталось живых радиовышек)

--- Решения ботов ---
  [Team A] Артиллерия A1 (0,9,9) → SHOOT at (4,4,5)
  [Team A] Бурав A6 (3,8,6) → MOVE (2,8,6)
  [Team A] Факел A4 → SKIP
  [Team B] Тишина B5 (2,8,6) → MOVE (3,8,6)
  [Team C] Бурав C6 (4,4,5) → MOVE (3,5,6)
! 🎮 GM: принудительно завершает фазу планирования
GM: end_planning
# 
============================================================
# 🔄 ОБРАБОТКА ХОДА 13
# ============================================================

📦 ПЕРЕМЕЩЕНИЯ:
✓    💥 Бурав A6 тараном уничтожил Тишина B5 в (2,8,6)
   Бурав A6: (3, 8, 6) → (2,8,6)
!    ⚠️ Бурав C6: Бурав двигается только по 1 оси или по 2 осям строго диагонально

🎯 ВЫСТРЕЛЫ:
✓    ✅ Артиллерия A1 поразил Бурав C6 (2 урона)!
   Выпущено ракет: 1
# 
📊 РЕЗУЛЬТАТЫ ХОДА 13:
✓ 💥 ПОПАДАНИЯ:
✓    Артиллерия A1 (Team A) → Бурав C6 (Team C)
# 
🎮🎮🎮🎮🎮🎮🎮🎮🎮🎮🎮🎮🎮🎮🎮🎮🎮🎮🎮🎮
#         ИГРА ОКОНЧЕНА!
# 🎮🎮🎮🎮🎮🎮🎮🎮🎮🎮🎮🎮🎮🎮🎮🎮🎮🎮🎮🎮
✓         🏆 ПОБЕДИТЕЛЬ: Team A

--- Результаты хода ---
  Team A / Бурав A6           → Team B / Тишина B5          @ (2,8,6)  (УБИТ)
  Team A / Артиллерия A1      → Team C / Бурав C6           @ (4,4,5)  (УБИТ)

--- Состояние команд после хода ---
  Team A: живых 3/8
    ✓ Артиллерия A1      @ (0,9,9) hp=1/1
    ✓ Факел A4           @ (0,9,8) hp=6/6
    ✓ Бурав A6           @ (2,8,6) hp=4/4
    ✗ Радиовышка A2      @ (3,8,5) [уничтожен]
    ✗ Прыгун A3          @ (1,8,4) [уничтожен]
    ✗ Тишина A5          @ (1,8,2) [уничтожен]
    ✗ Провокатор A7      @ (1,8,5) [уничтожен]
    ✗ Паук A8            @ (1,8,1) [уничтожен]
  Team B: живых 0/8
    ✗ Артиллерия B1      @ (1,2,7) [уничтожен]
    ✗ Радиовышка B2      @ (3,6,5) [уничтожен]
    ✗ Прыгун B3          @ (2,9,6) [уничтожен]
    ✗ Факел B4           @ (4,4,5) [уничтожен]
    ✗ Тишина B5          @ (2,8,6) [уничтожен]
    ✗ Бурав B6           @ (6,6,4) [уничтожен]
    ✗ Провокатор B7      @ (8,2,7) [уничтожен]
    ✗ Паук B8            @ (3,4,5) [уничтожен]
  Team C: живых 0/8
    ✗ Артиллерия C1      @ (6,7,4) [уничтожен]
    ✗ Радиовышка C2      @ (3,9,6) [уничтожен]
    ✗ Прыгун C3          @ (6,2,7) [уничтожен]
    ✗ Факел C4           @ (6,6,4) [уничтожен]
    ✗ Тишина C5          @ (6,4,4) [уничтожен]
    ✗ Бурав C6           @ (4,4,5) [уничтожен]
    ✗ Провокатор C7      @ (6,2,4) [уничтожен]
    ✗ Паук C8            @ (6,4,4) [уничтожен]

======================================================================
ИТОГ
======================================================================
Игра окончена. Победитель: Team A
Ходов сыграно: 13

--- Сводка по командам ---
  Team A: 3/8 живых; hp=11
  Team B: 0/8 живых; hp=0
  Team C: 0/8 живых; hp=0

--- Сводка по пассивкам радиовышек ---
  Team A: сканирований=7, всего врагов-в-слоях=27, уникальных эксклюзивных (видны только радиовышкой)=8
  Team B: сканирований=8, всего врагов-в-слоях=10, уникальных эксклюзивных (видны только радиовышкой)=3
  Team C: сканирований=8, всего врагов-в-слоях=9, уникальных эксклюзивных (видны только радиовышкой)=1

--- Сводка по попаданиям ---
  Всего событий (шоты+тараны+мины): 27
  Уничтожено кораблей всего: 21
  Team A: урон=20 хиты=6 тараны=3 мины(сработало)=1 убийств=7
  Team B: урон=15 хиты=0 тараны=6 мины(сработало)=0 убийств=6
  Team C: урон=24 хиты=3 тараны=6 мины(сработало)=2 убийств=8
! 🎮 GM: остановка игры
