======================================================================
Space Battle 10×10×10 — simulation run at 2026-04-20T13:39:21+00:00
Game mode: advanced
Seed: 123
✓ 🚀 Продвинутый режим: создаю разные типы кораблей
   Команда A: спавн вдоль оси X от (6, 4, 1) до (7, 4, 1)
   Команда B: спавн вдоль оси X от (5, 2, 2) до (4, 2, 2)
   Команда C: спавн вдоль оси X от (1, 9, 6) до (6, 9, 6)
✓ ✅ Создано 24 кораблей


--- СТАРТОВАЯ РАССТАНОВКА ---
  Team A: живых 8/8
    ✓ Артиллерия A1      @ (6,4,1) hp=1/1
    ✓ Радиовышка A2      @ (4,4,1) hp=3/3
    ✓ Прыгун A3          @ (1,4,1) hp=2/2
    ✓ Факел A4           @ (9,4,1) hp=6/6
    ✓ Тишина A5          @ (0,4,1) hp=2/2
    ✓ Бурав A6           @ (3,4,1) hp=4/4
    ✓ Провокатор A7      @ (2,4,1) hp=2/2
    ✓ Паук A8            @ (7,4,1) hp=1/1
  Team B: живых 8/8
    ✓ Артиллерия B1      @ (5,2,2) hp=1/1
    ✓ Радиовышка B2      @ (8,2,2) hp=3/3
    ✓ Прыгун B3          @ (9,2,2) hp=2/2
    ✓ Факел B4           @ (7,2,2) hp=6/6
    ✓ Тишина B5          @ (1,2,2) hp=2/2
    ✓ Бурав B6           @ (6,2,2) hp=4/4
    ✓ Провокатор B7      @ (0,2,2) hp=2/2
    ✓ Паук B8            @ (4,2,2) hp=1/1
  Team C: живых 8/8
    ✓ Артиллерия C1      @ (1,9,6) hp=1/1
    ✓ Радиовышка C2      @ (0,9,6) hp=3/3
    ✓ Прыгун C3          @ (5,9,6) hp=2/2
    ✓ Факел C4           @ (7,9,6) hp=6/6
    ✓ Тишина C5          @ (3,9,6) hp=2/2
    ✓ Бурав C6           @ (8,9,6) hp=4/4
    ✓ Провокатор C7      @ (4,9,6) hp=2/2
    ✓ Паук C8            @ (6,9,6) hp=1/1

======================================================================
ХОД 1
======================================================================
✓ 🎮 GM: начинаем ход
GM: start_turn

--- Радиовышки: сканирование слоя Z ---
  Радиовышка A2 (z=1): слой чист
  Радиовышка B2 (z=2): слой чист
  Радиовышка C2 (z=6): слой чист

--- Решения ботов ---
  [Team A] Артиллерия A1 (6,4,1) → SHOOT at (5,2,2)
  [Team A] Радиовышка A2 (4,4,1) → MOVE (5,3,2)
  [Team A] Прыгун A3 (1,4,1) → MOVE (0,2,2)
  [Team A] Факел A4 (9,4,1) → MOVE (8,4,1)
  [Team A] Тишина A5 (0,4,1) → PHASE toggle
  [Team A] Бурав A6 (3,4,1) → MOVE (4,3,2)
  [Team A] Провокатор A7 (2,4,1) → HOLOGRAM (1,3,2)
  [Team A] Паук A8 (7,4,1) → MINE (6,3,1)
  [Team B] Артиллерия B1 (5,2,2) → SHOOT at (6,4,1)
  [Team B] Радиовышка B2 (8,2,2) → MOVE (7,3,1)
  [Team B] Прыгун B3 (9,2,2) → MOVE (9,4,1)
  [Team B] Тишина B5 (1,2,2) → PHASE toggle
  [Team B] Бурав B6 (6,2,2) → MOVE (6,3,1)
  [Team B] Провокатор B7 (0,2,2) → HOLOGRAM (1,3,1)
  [Team B] Паук B8 (4,2,2) → MINE (4,3,2)
  [Team B] Факел B4 → SKIP
  [Team C] Артиллерия C1 (1,9,6) → SHOOT at (9,4,9)
  [Team C] Радиовышка C2 (0,9,6) → MOVE (1,8,5)
  [Team C] Прыгун C3 (5,9,6) → MOVE (5,8,5)
  [Team C] Тишина C5 (3,9,6) → MOVE (4,8,5)
  [Team C] Бурав C6 (8,9,6) → MOVE (7,8,5)
  [Team C] Провокатор C7 (4,9,6) → MOVE (4,8,6)
  [Team C] Паук C8 (6,9,6) → MOVE (5,8,6)
  [Team C] Факел C4 → SKIP
! 🎮 GM: принудительно завершает фазу планирования
GM: end_planning
# 
============================================================
# 🔄 ОБРАБОТКА ХОДА 1
# ============================================================
   🌀 Тишина A5: уходит в фазу на 1 ход
   🌀 Тишина B5: уходит в фазу на 1 ход
   🪞 Провокатор A7 создал голограмму H1 в (1,3,2)
   🪞 Провокатор B7 создал голограмму H2 в (1,3,1)
   💣 Паук A8 установил мину M1 в (6,3,1)
   💣 Паук B8 установил мину M2 в (4,3,2)

📦 ПЕРЕМЕЩЕНИЯ:
   Радиовышка A2: (4, 4, 1) → (5,3,2)
✓    💥 Прыгун A3 тараном уничтожил Провокатор B7 в (0,2,2)
   Прыгун A3: (1, 4, 1) → (0,2,2)
   Факел A4: (9, 4, 1) → (8,4,1)
!    ⚠️ Бурав A6: Бурав двигается только по 1 оси или по 2 осям строго диагонально
   Радиовышка B2: (8, 2, 2) → (7,3,1)
   Прыгун B3: (9, 2, 2) → (9,4,1)
   Бурав B6: (6, 2, 2) → (6,3,1)
!    💥 Мина M1 сработала под Бурав B6 (урон 2)
   Радиовышка C2: (0, 9, 6) → (1,8,5)
   Прыгун C3: (5, 9, 6) → (5,8,5)
   Тишина C5: (3, 9, 6) → (4,8,5)
!    ⚠️ Бурав C6: Бурав двигается только по 1 оси или по 2 осям строго диагонально
   Провокатор C7: (4, 9, 6) → (4,8,6)
   Паук C8: (6, 9, 6) → (5,8,6)

🎯 ВЫСТРЕЛЫ:
✓    ✅ Артиллерия A1 поразил Артиллерия B1 (2 урона)!
✓    ✅ Артиллерия B1 поразил Артиллерия A1 (2 урона)!
   Выпущено ракет: 3
# 
📊 РЕЗУЛЬТАТЫ ХОДА 1:
✓ 💥 ПОПАДАНИЯ:
✓    Артиллерия A1 (Team A) → Артиллерия B1 (Team B)
✓    Артиллерия B1 (Team B) → Артиллерия A1 (Team A)

--- Результаты хода ---
  Team A / Прыгун A3          → Team B / Провокатор B7      @ (0,2,2)  (УБИТ)
  ? / ?                  → Team B / Бурав B6           @ (6,3,1)  (ранен)
  Team A / Артиллерия A1      → Team B / Артиллерия B1      @ (5,2,2)  (УБИТ)
  Team B / Артиллерия B1      → Team A / Артиллерия A1      @ (6,4,1)  (УБИТ)

--- Состояние команд после хода ---
  Team A: живых 7/8
    ✓ Радиовышка A2      @ (5,3,2) hp=3/3
    ✓ Прыгун A3          @ (0,2,2) hp=2/2
    ✓ Факел A4           @ (8,4,1) hp=6/6
    ✓ Тишина A5          @ (0,4,1) hp=2/2
    ✓ Бурав A6           @ (3,4,1) hp=4/4
    ✓ Провокатор A7      @ (2,4,1) hp=2/2
    ✓ Паук A8            @ (7,4,1) hp=1/1
    ✗ Артиллерия A1      @ (6,4,1) [уничтожен]
  Team B: живых 6/8
    ✓ Радиовышка B2      @ (7,3,1) hp=3/3
    ✓ Прыгун B3          @ (9,4,1) hp=2/2
    ✓ Факел B4           @ (7,2,2) hp=6/6
    ✓ Тишина B5          @ (1,2,2) hp=2/2
    ✓ Бурав B6           @ (6,3,1) hp=2/4
    ✓ Паук B8            @ (4,2,2) hp=1/1
    ✗ Артиллерия B1      @ (5,2,2) [уничтожен]
    ✗ Провокатор B7      @ (0,2,2) [уничтожен]
  Team C: живых 8/8
    ✓ Артиллерия C1      @ (1,9,6) hp=1/1
    ✓ Радиовышка C2      @ (1,8,5) hp=3/3
    ✓ Прыгун C3          @ (5,8,5) hp=2/2
    ✓ Факел C4           @ (7,9,6) hp=6/6
    ✓ Тишина C5          @ (4,8,5) hp=2/2
    ✓ Бурав C6           @ (8,9,6) hp=4/4
    ✓ Провокатор C7      @ (4,8,6) hp=2/2
    ✓ Паук C8            @ (5,8,6) hp=1/1

======================================================================
ХОД 2
======================================================================
✓ 🎮 GM: начинаем ход
GM: start_turn

--- Радиовышки: сканирование слоя Z ---
  Радиовышка A2 (z=2): видит 2 врагов  → Паук B8(4,2,2), Факел B4(7,2,2)
  Радиовышка B2 (z=1): видит 4 врагов  → Провокатор A7(2,4,1), Бурав A6(3,4,1), Паук A8(7,4,1), Факел A4(8,4,1)
  Радиовышка C2 (z=5): слой чист

--- Решения ботов ---
  [Team A] Радиовышка A2 (5,3,2) → MOVE (6,3,1)
  [Team A] Прыгун A3 (0,2,2) → SHOOT at (4,2,2)
  [Team A] Факел A4 (8,4,1) → SHOOT at (9,4,1)
  [Team A] Тишина A5 (0,4,1) → MOVE (1,3,2)
  [Team A] Бурав A6 (3,4,1) → MOVE (4,3,2)
  [Team A] Провокатор A7 (2,4,1) → HOLOGRAM (3,3,2)
  [Team A] Паук A8 (7,4,1) → MINE (6,3,2)
  [Team B] Радиовышка B2 (7,3,1) → MOVE (8,4,1)
  [Team B] Прыгун B3 (9,4,1) → MOVE (7,4,1)
  [Team B] Факел B4 (7,2,2) → HEAL (AoE)
  [Team B] Тишина B5 (1,2,2) → MOVE (0,2,2)
  [Team B] Бурав B6 (6,3,1) → MOVE (5,3,2)
  [Team B] Паук B8 (4,2,2) → MINE (5,2,2)
  [Team C] Артиллерия C1 (1,9,6) → SHOOT at (2,4,1)
  [Team C] Радиовышка C2 (1,8,5) → MOVE (2,7,4)
  [Team C] Прыгун C3 (5,8,5) → MOVE (6,7,4)
  [Team C] Факел C4 (7,9,6) → MOVE (6,9,6)
  [Team C] Тишина C5 (4,8,5) → PHASE toggle
  [Team C] Бурав C6 (8,9,6) → MOVE (8,8,5)
  [Team C] Провокатор C7 (4,8,6) → HOLOGRAM (5,7,5)
  [Team C] Паук C8 (5,8,6) → MOVE (6,7,5)
! 🎮 GM: принудительно завершает фазу планирования
GM: end_planning
# 
============================================================
# 🔄 ОБРАБОТКА ХОДА 2
# ============================================================
   🌀 Тишина A5: фаза спала (действовала 1 ход)
   🌀 Тишина B5: фаза спала (действовала 1 ход)
   🌀 Тишина C5: уходит в фазу на 1 ход
   🪞 Провокатор A7 создал голограмму H3 в (3,3,2)
   🪞 Провокатор C7 создал голограмму H4 в (5,7,5)
   💣 Паук A8 установил мину M3 в (6,3,2)
   💣 Паук B8 установил мину M4 в (5,2,2)

📦 ПЕРЕМЕЩЕНИЯ:
!    ⚠️ Радиовышка A2: клетка (6,3,1) занята
!    ⚠️ Тишина A5: клетка (1,3,2) занята
!    ⚠️ Бурав A6: Бурав двигается только по 1 оси или по 2 осям строго диагонально
!    ⚠️ Радиовышка B2: клетка (8,4,1) занята
✓    💥 Прыгун B3 тараном уничтожил Паук A8 в (7,4,1)
   Прыгун B3: (9, 4, 1) → (7,4,1)
!    ⚠️ Тишина B5: клетка (0,2,2) занята
✓    💥 Бурав B6 тараном уничтожил Радиовышка A2 в (5,3,2)
   Бурав B6: (6, 3, 1) → (5,3,2)
   Радиовышка C2: (1, 8, 5) → (2,7,4)
   Прыгун C3: (5, 8, 5) → (6,7,4)
   Факел C4: (7, 9, 6) → (6,9,6)
   Бурав C6: (8, 9, 6) → (8,8,5)
   Паук C8: (5, 8, 6) → (6,7,5)

🎯 ВЫСТРЕЛЫ:
✓    ✅ Прыгун A3 поразил Тишина B5 (1 урона)!
✓    ✅ Артиллерия C1 поразил Провокатор A7 (2 урона)!
✓    💚 Факел B4 лечит Бурав B6 → hits=1/4
   Выпущено ракет: 3
# 
📊 РЕЗУЛЬТАТЫ ХОДА 2:
✓ 💥 ПОПАДАНИЯ:
✓    Прыгун A3 (Team A) → Тишина B5 (Team B)
✓    Артиллерия C1 (Team C) → Провокатор A7 (Team A)

--- Результаты хода ---
  Team B / Прыгун B3          → Team A / Паук A8            @ (7,4,1)  (УБИТ)
  Team B / Бурав B6           → Team A / Радиовышка A2      @ (5,3,2)  (УБИТ)
  Team A / Прыгун A3          → Team B / Тишина B5          @ (1,2,2)  (ранен)
  Team C / Артиллерия C1      → Team A / Провокатор A7      @ (2,4,1)  (УБИТ)

--- Состояние команд после хода ---
  Team A: живых 4/8
    ✓ Прыгун A3          @ (0,2,2) hp=2/2
    ✓ Факел A4           @ (8,4,1) hp=6/6
    ✓ Тишина A5          @ (0,4,1) hp=2/2
    ✓ Бурав A6           @ (3,4,1) hp=4/4
    ✗ Артиллерия A1      @ (6,4,1) [уничтожен]
    ✗ Радиовышка A2      @ (5,3,2) [уничтожен]
    ✗ Провокатор A7      @ (2,4,1) [уничтожен]
    ✗ Паук A8            @ (7,4,1) [уничтожен]
  Team B: живых 6/8
    ✓ Радиовышка B2      @ (7,3,1) hp=3/3
    ✓ Прыгун B3          @ (7,4,1) hp=2/2
    ✓ Факел B4           @ (7,2,2) hp=6/6
    ✓ Тишина B5          @ (1,2,2) hp=1/2
    ✓ Бурав B6           @ (5,3,2) hp=3/4
    ✓ Паук B8            @ (4,2,2) hp=1/1
    ✗ Артиллерия B1      @ (5,2,2) [уничтожен]
    ✗ Провокатор B7      @ (0,2,2) [уничтожен]
  Team C: живых 8/8
    ✓ Артиллерия C1      @ (1,9,6) hp=1/1
    ✓ Радиовышка C2      @ (2,7,4) hp=3/3
    ✓ Прыгун C3          @ (6,7,4) hp=2/2
    ✓ Факел C4           @ (6,9,6) hp=6/6
    ✓ Тишина C5          @ (4,8,5) hp=2/2
    ✓ Бурав C6           @ (8,8,5) hp=4/4
    ✓ Провокатор C7      @ (4,8,6) hp=2/2
    ✓ Паук C8            @ (6,7,5) hp=1/1

======================================================================
ХОД 3
======================================================================
✓ 🎮 GM: начинаем ход
GM: start_turn

--- Радиовышки: сканирование слоя Z ---
  Радиовышка B2 (z=1): видит 3 врагов  → Тишина A5(0,4,1), Бурав A6(3,4,1), Факел A4(8,4,1)
  Радиовышка C2 (z=4): слой чист

--- Решения ботов ---
  [Team A] Прыгун A3 (0,2,2) → MOVE (1,2,2)
  [Team A] Факел A4 (8,4,1) → SHOOT at (7,4,1)
  [Team A] Тишина A5 (0,4,1) → MOVE (1,3,2)
  [Team A] Бурав A6 (3,4,1) → MOVE (2,3,2)
  [Team B] Радиовышка B2 (7,3,1) → MOVE (8,4,1)
  [Team B] Прыгун B3 (7,4,1) → SHOOT at (8,4,1)
  [Team B] Факел B4 (7,2,2) → HEAL (AoE)
  [Team B] Тишина B5 (1,2,2) → MOVE (0,2,2)
  [Team B] Бурав B6 (5,3,2) → MOVE (4,4,1)
  [Team B] Паук B8 (4,2,2) → MINE (3,3,1)
  [Team C] Артиллерия C1 (1,9,6) → SHOOT at (7,4,1)
  [Team C] Радиовышка C2 (2,7,4) → MOVE (1,6,3)
  [Team C] Прыгун C3 (6,7,4) → MOVE (7,6,3)
  [Team C] Факел C4 (6,9,6) → MOVE (5,9,6)
  [Team C] Тишина C5 (4,8,5) → MOVE (5,7,4)
  [Team C] Бурав C6 (8,8,5) → MOVE (8,7,4)
  [Team C] Провокатор C7 (4,8,6) → HOLOGRAM (5,7,5)
  [Team C] Паук C8 (6,7,5) → MINE (7,6,4)
! 🎮 GM: принудительно завершает фазу планирования
GM: end_planning
# 
============================================================
# 🔄 ОБРАБОТКА ХОДА 3
# ============================================================
   🌀 Тишина C5: фаза спала (действовала 1 ход)
!    ⚠️ Провокатор C7: клетка (5,7,5) уже занята голограммой
   💣 Паук B8 установил мину M5 в (3,3,1)
   💣 Паук C8 установил мину M6 в (7,6,4)

📦 ПЕРЕМЕЩЕНИЯ:
✓    💥 Прыгун A3 тараном уничтожил Тишина B5 в (1,2,2)
   Прыгун A3: (0, 2, 2) → (1,2,2)
!    ⚠️ Тишина A5: клетка (1,3,2) занята
!    ⚠️ Бурав A6: Бурав двигается только по 1 оси или по 2 осям строго диагонально
!    ⚠️ Радиовышка B2: клетка (8,4,1) занята
!    ⚠️ Бурав B6: Бурав двигается только по 1 оси или по 2 осям строго диагонально
   Радиовышка C2: (2, 7, 4) → (1,6,3)
   Прыгун C3: (6, 7, 4) → (7,6,3)
   Факел C4: (6, 9, 6) → (5,9,6)
   Тишина C5: (4, 8, 5) → (5,7,4)
   Бурав C6: (8, 8, 5) → (8,7,4)

🎯 ВЫСТРЕЛЫ:
✓    ✅ Факел A4 поразил Прыгун B3 (1 урона)!
✓    ✅ Прыгун B3 поразил Факел A4 (1 урона)!
✓    ✅ Артиллерия C1 поразил Прыгун B3 (2 урона)!
✓    💚 Факел B4 лечит Бурав B6 → hits=0/4
   Выпущено ракет: 3
# 
📊 РЕЗУЛЬТАТЫ ХОДА 3:
✓ 💥 ПОПАДАНИЯ:
✓    Факел A4 (Team A) → Прыгун B3 (Team B)
✓    Прыгун B3 (Team B) → Факел A4 (Team A)
✓    Артиллерия C1 (Team C) → Прыгун B3 (Team B)

--- Результаты хода ---
  Team A / Прыгун A3          → Team B / Тишина B5          @ (1,2,2)  (УБИТ)
  Team A / Факел A4           → Team B / Прыгун B3          @ (7,4,1)  (ранен)
  Team B / Прыгун B3          → Team A / Факел A4           @ (8,4,1)  (ранен)
  Team C / Артиллерия C1      → Team B / Прыгун B3          @ (7,4,1)  (УБИТ)

--- Состояние команд после хода ---
  Team A: живых 4/8
    ✓ Прыгун A3          @ (1,2,2) hp=2/2
    ✓ Факел A4           @ (8,4,1) hp=5/6
    ✓ Тишина A5          @ (0,4,1) hp=2/2
    ✓ Бурав A6           @ (3,4,1) hp=4/4
    ✗ Артиллерия A1      @ (6,4,1) [уничтожен]
    ✗ Радиовышка A2      @ (5,3,2) [уничтожен]
    ✗ Провокатор A7      @ (2,4,1) [уничтожен]
    ✗ Паук A8            @ (7,4,1) [уничтожен]
  Team B: живых 4/8
    ✓ Радиовышка B2      @ (7,3,1) hp=3/3
    ✓ Факел B4           @ (7,2,2) hp=6/6
    ✓ Бурав B6           @ (5,3,2) hp=4/4
    ✓ Паук B8            @ (4,2,2) hp=1/1
    ✗ Артиллерия B1      @ (5,2,2) [уничтожен]
    ✗ Прыгун B3          @ (7,4,1) [уничтожен]
    ✗ Тишина B5          @ (1,2,2) [уничтожен]
    ✗ Провокатор B7      @ (0,2,2) [уничтожен]
  Team C: живых 8/8
    ✓ Артиллерия C1      @ (1,9,6) hp=1/1
    ✓ Радиовышка C2      @ (1,6,3) hp=3/3
    ✓ Прыгун C3          @ (7,6,3) hp=2/2
    ✓ Факел C4           @ (5,9,6) hp=6/6
    ✓ Тишина C5          @ (5,7,4) hp=2/2
    ✓ Бурав C6           @ (8,7,4) hp=4/4
    ✓ Провокатор C7      @ (4,8,6) hp=2/2
    ✓ Паук C8            @ (6,7,5) hp=1/1

======================================================================
ХОД 4
======================================================================
✓ 🎮 GM: начинаем ход
GM: start_turn

--- Радиовышки: сканирование слоя Z ---
  Радиовышка B2 (z=1): видит 3 врагов  → Тишина A5(0,4,1), Бурав A6(3,4,1), Факел A4(8,4,1)
  Радиовышка C2 (z=3): слой чист

--- Решения ботов ---
  [Team A] Прыгун A3 (1,2,2) → SHOOT at (4,2,2)
  [Team A] Факел A4 (8,4,1) → HEAL (AoE)
  [Team A] Тишина A5 (0,4,1) → MOVE (1,5,2)
  [Team A] Бурав A6 (3,4,1) → MOVE (4,3,2)
  [Team B] Радиовышка B2 (7,3,1) → MOVE (8,4,1)
  [Team B] Факел B4 (7,2,2) → MOVE (6,3,2)
  [Team B] Бурав B6 (5,3,2) → MOVE (4,4,1)
  [Team B] Паук B8 (4,2,2) → MINE (4,3,2)
  [Team C] Артиллерия C1 (1,9,6) → SHOOT at (1,2,2)
  [Team C] Радиовышка C2 (1,6,3) → MOVE (0,5,2)
  [Team C] Прыгун C3 (7,6,3) → MOVE (8,4,1)
  [Team C] Факел C4 (5,9,6) → MOVE (4,9,6)
  [Team C] Тишина C5 (5,7,4) → MOVE (6,6,3)
  [Team C] Бурав C6 (8,7,4) → MOVE (8,6,3)
  [Team C] Провокатор C7 (4,8,6) → HOLOGRAM (5,7,5)
  [Team C] Паук C8 (6,7,5) → MINE (7,6,4)
! 🎮 GM: принудительно завершает фазу планирования
GM: end_planning
# 
============================================================
# 🔄 ОБРАБОТКА ХОДА 4
# ============================================================
!    ⚠️ Провокатор C7: клетка (5,7,5) уже занята голограммой
!    ⚠️ Паук B8: в клетке уже стоит мина
!    ⚠️ Паук C8: в клетке уже стоит мина

📦 ПЕРЕМЕЩЕНИЯ:
   Тишина A5: (0, 4, 1) → (1,5,2)
!    ⚠️ Бурав A6: Бурав двигается только по 1 оси или по 2 осям строго диагонально
!    ⚠️ Радиовышка B2: клетка (8,4,1) занята
   Факел B4: (7, 2, 2) → (6,3,2)
!    💥 Мина M3 сработала под Факел B4 (урон 2)
!    ⚠️ Бурав B6: Бурав двигается только по 1 оси или по 2 осям строго диагонально
   Радиовышка C2: (1, 6, 3) → (0,5,2)
✓    💥 Прыгун C3 тараном уничтожил Факел A4 в (8,4,1)
   Прыгун C3: (7, 6, 3) → (8,4,1)
   Факел C4: (5, 9, 6) → (4,9,6)
   Тишина C5: (5, 7, 4) → (6,6,3)
   Бурав C6: (8, 7, 4) → (8,6,3)

🎯 ВЫСТРЕЛЫ:
✓    ✅ Прыгун A3 поразил Паук B8 (1 урона)!
✓    ✅ Артиллерия C1 поразил Прыгун A3 (2 урона)!
   Выпущено ракет: 2
# 
📊 РЕЗУЛЬТАТЫ ХОДА 4:
✓ 💥 ПОПАДАНИЯ:
✓    Прыгун A3 (Team A) → Паук B8 (Team B)
✓    Артиллерия C1 (Team C) → Прыгун A3 (Team A)

--- Результаты хода ---
  ? / ?                  → Team B / Факел B4           @ (6,3,2)  (ранен)
  Team C / Прыгун C3          → Team A / Факел A4           @ (8,4,1)  (УБИТ)
  Team A / Прыгун A3          → Team B / Паук B8            @ (4,2,2)  (УБИТ)
  Team C / Артиллерия C1      → Team A / Прыгун A3          @ (1,2,2)  (УБИТ)

--- Состояние команд после хода ---
  Team A: живых 2/8
    ✓ Тишина A5          @ (1,5,2) hp=2/2
    ✓ Бурав A6           @ (3,4,1) hp=4/4
    ✗ Артиллерия A1      @ (6,4,1) [уничтожен]
    ✗ Радиовышка A2      @ (5,3,2) [уничтожен]
    ✗ Прыгун A3          @ (1,2,2) [уничтожен]
    ✗ Факел A4           @ (8,4,1) [уничтожен]
    ✗ Провокатор A7      @ (2,4,1) [уничтожен]
    ✗ Паук A8            @ (7,4,1) [уничтожен]
  Team B: живых 3/8
    ✓ Радиовышка B2      @ (7,3,1) hp=3/3
    ✓ Факел B4           @ (6,3,2) hp=4/6
    ✓ Бурав B6           @ (5,3,2) hp=4/4
    ✗ Артиллерия B1      @ (5,2,2) [уничтожен]
    ✗ Прыгун B3          @ (7,4,1) [уничтожен]
    ✗ Тишина B5          @ (1,2,2) [уничтожен]
    ✗ Провокатор B7      @ (0,2,2) [уничтожен]
    ✗ Паук B8            @ (4,2,2) [уничтожен]
  Team C: живых 8/8
    ✓ Артиллерия C1      @ (1,9,6) hp=1/1
    ✓ Радиовышка C2      @ (0,5,2) hp=3/3
    ✓ Прыгун C3          @ (8,4,1) hp=2/2
    ✓ Факел C4           @ (4,9,6) hp=6/6
    ✓ Тишина C5          @ (6,6,3) hp=2/2
    ✓ Бурав C6           @ (8,6,3) hp=4/4
    ✓ Провокатор C7      @ (4,8,6) hp=2/2
    ✓ Паук C8            @ (6,7,5) hp=1/1

======================================================================
ХОД 5
======================================================================
✓ 🎮 GM: начинаем ход
GM: start_turn

--- Радиовышки: сканирование слоя Z ---
  Радиовышка B2 (z=1): видит 2 врагов  → Бурав A6(3,4,1), Прыгун C3(8,4,1)
  Радиовышка C2 (z=2): видит 3 врагов  → Тишина A5(1,5,2), Бурав B6(5,3,2), Факел B4(6,3,2)

--- Решения ботов ---
  [Team A] Тишина A5 (1,5,2) → PHASE toggle
  [Team A] Бурав A6 (3,4,1) → MOVE (4,3,2)
  [Team B] Радиовышка B2 (7,3,1) → MOVE (8,4,1)
  [Team B] Факел B4 (6,3,2) → HEAL (AoE)
  [Team B] Бурав B6 (5,3,2) → MOVE (4,4,1)
  [Team C] Артиллерия C1 (1,9,6) → SHOOT at (1,5,2)
  [Team C] Радиовышка C2 (0,5,2) → MOVE (1,5,2)
  [Team C] Прыгун C3 (8,4,1) → MOVE (6,3,2)
  [Team C] Факел C4 (4,9,6) → MOVE (3,9,6)
  [Team C] Тишина C5 (6,6,3) → MOVE (5,5,2)
  [Team C] Бурав C6 (8,6,3) → MOVE (7,5,2)
  [Team C] Провокатор C7 (4,8,6) → HOLOGRAM (3,7,5)
  [Team C] Паук C8 (6,7,5) → MINE (5,6,4)
! 🎮 GM: принудительно завершает фазу планирования
GM: end_planning
# 
============================================================
# 🔄 ОБРАБОТКА ХОДА 5
# ============================================================
   🌀 Тишина A5: уходит в фазу на 1 ход
   🪞 Провокатор C7 создал голограмму H5 в (3,7,5)
   💣 Паук C8 установил мину M7 в (5,6,4)

📦 ПЕРЕМЕЩЕНИЯ:
!    ⚠️ Бурав A6: Бурав двигается только по 1 оси или по 2 осям строго диагонально
!    ⚠️ Радиовышка B2: клетка (8,4,1) занята
!    ⚠️ Бурав B6: Бурав двигается только по 1 оси или по 2 осям строго диагонально
   Радиовышка C2: (0, 5, 2) → (1,5,2)
✓    💥 Прыгун C3 тараном уничтожил Факел B4 в (6,3,2)
   Прыгун C3: (8, 4, 1) → (6,3,2)
   Факел C4: (4, 9, 6) → (3,9,6)
   Тишина C5: (6, 6, 3) → (5,5,2)
!    ⚠️ Бурав C6: Бурав двигается только по 1 оси или по 2 осям строго диагонально

🎯 ВЫСТРЕЛЫ:
   Выпущено ракет: 1
# 
📊 РЕЗУЛЬТАТЫ ХОДА 5:
🎯 Попаданий нет

--- Результаты хода ---
  Team C / Прыгун C3          → Team B / Факел B4           @ (6,3,2)  (УБИТ)

--- Состояние команд после хода ---
  Team A: живых 2/8
    ✓ Тишина A5          @ (1,5,2) hp=2/2
    ✓ Бурав A6           @ (3,4,1) hp=4/4
    ✗ Артиллерия A1      @ (6,4,1) [уничтожен]
    ✗ Радиовышка A2      @ (5,3,2) [уничтожен]
    ✗ Прыгун A3          @ (1,2,2) [уничтожен]
    ✗ Факел A4           @ (8,4,1) [уничтожен]
    ✗ Провокатор A7      @ (2,4,1) [уничтожен]
    ✗ Паук A8            @ (7,4,1) [уничтожен]
  Team B: живых 2/8
    ✓ Радиовышка B2      @ (7,3,1) hp=3/3
    ✓ Бурав B6           @ (5,3,2) hp=4/4
    ✗ Артиллерия B1      @ (5,2,2) [уничтожен]
    ✗ Прыгун B3          @ (7,4,1) [уничтожен]
    ✗ Факел B4           @ (6,3,2) [уничтожен]
    ✗ Тишина B5          @ (1,2,2) [уничтожен]
    ✗ Провокатор B7      @ (0,2,2) [уничтожен]
    ✗ Паук B8            @ (4,2,2) [уничтожен]
  Team C: живых 8/8
    ✓ Артиллерия C1      @ (1,9,6) hp=1/1
    ✓ Радиовышка C2      @ (1,5,2) hp=3/3
    ✓ Прыгун C3          @ (6,3,2) hp=2/2
    ✓ Факел C4           @ (3,9,6) hp=6/6
    ✓ Тишина C5          @ (5,5,2) hp=2/2
    ✓ Бурав C6           @ (8,6,3) hp=4/4
    ✓ Провокатор C7      @ (4,8,6) hp=2/2
    ✓ Паук C8            @ (6,7,5) hp=1/1

======================================================================
ХОД 6
======================================================================
✓ 🎮 GM: начинаем ход
GM: start_turn

--- Радиовышки: сканирование слоя Z ---
  Радиовышка B2 (z=1): видит 1 врагов  → Бурав A6(3,4,1)
  Радиовышка C2 (z=2): видит 1 врагов  → Бурав B6(5,3,2)

--- Решения ботов ---
  [Team A] Бурав A6 (3,4,1) → MOVE (4,3,2)
  [Team A] Тишина A5 → SKIP
  [Team B] Радиовышка B2 (7,3,1) → MOVE (6,3,2)
  [Team B] Бурав B6 (5,3,2) → MOVE (5,5,2)
  [Team C] Артиллерия C1 (1,9,6) → SHOOT at (3,4,1)
  [Team C] Радиовышка C2 (1,5,2) → MOVE (2,4,1)
  [Team C] Прыгун C3 (6,3,2) → MOVE (5,3,2)
  [Team C] Факел C4 (3,9,6) → MOVE (2,9,6)
  [Team C] Тишина C5 (5,5,2) → MOVE (4,4,1)
  [Team C] Бурав C6 (8,6,3) → MOVE (7,5,2)
  [Team C] Провокатор C7 (4,8,6) → HOLOGRAM (3,7,5)
  [Team C] Паук C8 (6,7,5) → MINE (5,6,4)
! 🎮 GM: принудительно завершает фазу планирования
GM: end_planning
# 
============================================================
# 🔄 ОБРАБОТКА ХОДА 6
# ============================================================
   🌀 Тишина A5: фаза спала (действовала 1 ход)
!    ⚠️ Провокатор C7: клетка (3,7,5) уже занята голограммой
!    ⚠️ Паук C8: в клетке уже стоит мина

📦 ПЕРЕМЕЩЕНИЯ:
!    ⚠️ Бурав A6: Бурав двигается только по 1 оси или по 2 осям строго диагонально
!    ⚠️ Радиовышка B2: клетка (6,3,2) занята
✓    💥 Бурав B6 тараном уничтожил Тишина C5 в (5,5,2)
   Бурав B6: (5, 3, 2) → (5,5,2)
   Радиовышка C2: (1, 5, 2) → (2,4,1)
   Прыгун C3: (6, 3, 2) → (5,3,2)
   Факел C4: (3, 9, 6) → (2,9,6)
!    ⚠️ Бурав C6: Бурав двигается только по 1 оси или по 2 осям строго диагонально

🎯 ВЫСТРЕЛЫ:
✓    ✅ Артиллерия C1 поразил Бурав A6 (2 урона)!
   Выпущено ракет: 1
# 
📊 РЕЗУЛЬТАТЫ ХОДА 6:
✓ 💥 ПОПАДАНИЯ:
✓    Артиллерия C1 (Team C) → Бурав A6 (Team A)

--- Результаты хода ---
  Team B / Бурав B6           → Team C / Тишина C5          @ (5,5,2)  (УБИТ)
  Team C / Артиллерия C1      → Team A / Бурав A6           @ (3,4,1)  (ранен)

--- Состояние команд после хода ---
  Team A: живых 2/8
    ✓ Тишина A5          @ (1,5,2) hp=2/2
    ✓ Бурав A6           @ (3,4,1) hp=2/4
    ✗ Артиллерия A1      @ (6,4,1) [уничтожен]
    ✗ Радиовышка A2      @ (5,3,2) [уничтожен]
    ✗ Прыгун A3          @ (1,2,2) [уничтожен]
    ✗ Факел A4           @ (8,4,1) [уничтожен]
    ✗ Провокатор A7      @ (2,4,1) [уничтожен]
    ✗ Паук A8            @ (7,4,1) [уничтожен]
  Team B: живых 2/8
    ✓ Радиовышка B2      @ (7,3,1) hp=3/3
    ✓ Бурав B6           @ (5,5,2) hp=4/4
    ✗ Артиллерия B1      @ (5,2,2) [уничтожен]
    ✗ Прыгун B3          @ (7,4,1) [уничтожен]
    ✗ Факел B4           @ (6,3,2) [уничтожен]
    ✗ Тишина B5          @ (1,2,2) [уничтожен]
    ✗ Провокатор B7      @ (0,2,2) [уничтожен]
    ✗ Паук B8            @ (4,2,2) [уничтожен]
  Team C: живых 7/8
    ✓ Артиллерия C1      @ (1,9,6) hp=1/1
    ✓ Радиовышка C2      @ (2,4,1) hp=3/3
    ✓ Прыгун C3          @ (5,3,2) hp=2/2
    ✓ Факел C4           @ (2,9,6) hp=6/6
    ✓ Бурав C6           @ (8,6,3) hp=4/4
    ✓ Провокатор C7      @ (4,8,6) hp=2/2
    ✓ Паук C8            @ (6,7,5) hp=1/1
    ✗ Тишина C5          @ (5,5,2) [уничтожен]

======================================================================
ХОД 7
======================================================================
✓ 🎮 GM: начинаем ход
GM: start_turn

--- Радиовышки: сканирование слоя Z ---
  Радиовышка B2 (z=1): видит 2 врагов  → Бурав A6(3,4,1), Радиовышка C2(2,4,1)
  Радиовышка C2 (z=1): видит 2 врагов  → Бурав A6(3,4,1), Радиовышка B2(7,3,1)

--- Решения ботов ---
  [Team A] Тишина A5 (1,5,2) → MOVE (2,4,1)
  [Team A] Бурав A6 → SKIP
  [Team B] Радиовышка B2 (7,3,1) → MOVE (6,3,2)
  [Team B] Бурав B6 (5,5,2) → MOVE (5,3,2)
  [Team C] Артиллерия C1 (1,9,6) → SHOOT at (3,4,1)
  [Team C] Радиовышка C2 (2,4,1) → MOVE (1,5,2)
  [Team C] Прыгун C3 (5,3,2) → MOVE (5,5,2)
  [Team C] Бурав C6 (8,6,3) → MOVE (7,5,2)
  [Team C] Провокатор C7 (4,8,6) → HOLOGRAM (3,7,5)
  [Team C] Паук C8 (6,7,5) → MINE (5,6,4)
  [Team C] Факел C4 → SKIP
! 🎮 GM: принудительно завершает фазу планирования
GM: end_planning
# 
============================================================
# 🔄 ОБРАБОТКА ХОДА 7
# ============================================================
!    ⚠️ Провокатор C7: клетка (3,7,5) уже занята голограммой
!    ⚠️ Паук C8: в клетке уже стоит мина

📦 ПЕРЕМЕЩЕНИЯ:
!    ⚠️ Тишина A5: клетка (2,4,1) занята
   Радиовышка B2: (7, 3, 1) → (6,3,2)
✓    💥 Бурав B6 тараном уничтожил Прыгун C3 в (5,3,2)
   Бурав B6: (5, 5, 2) → (5,3,2)
!    ⚠️ Радиовышка C2: клетка (1,5,2) занята
!    ⚠️ Бурав C6: Бурав двигается только по 1 оси или по 2 осям строго диагонально

🎯 ВЫСТРЕЛЫ:
✓    ✅ Артиллерия C1 поразил Бурав A6 (2 урона)!
   Выпущено ракет: 1
# 
📊 РЕЗУЛЬТАТЫ ХОДА 7:
✓ 💥 ПОПАДАНИЯ:
✓    Артиллерия C1 (Team C) → Бурав A6 (Team A)

--- Результаты хода ---
  Team B / Бурав B6           → Team C / Прыгун C3          @ (5,3,2)  (УБИТ)
  Team C / Артиллерия C1      → Team A / Бурав A6           @ (3,4,1)  (УБИТ)

--- Состояние команд после хода ---
  Team A: живых 1/8
    ✓ Тишина A5          @ (1,5,2) hp=2/2
    ✗ Артиллерия A1      @ (6,4,1) [уничтожен]
    ✗ Радиовышка A2      @ (5,3,2) [уничтожен]
    ✗ Прыгун A3          @ (1,2,2) [уничтожен]
    ✗ Факел A4           @ (8,4,1) [уничтожен]
    ✗ Бурав A6           @ (3,4,1) [уничтожен]
    ✗ Провокатор A7      @ (2,4,1) [уничтожен]
    ✗ Паук A8            @ (7,4,1) [уничтожен]
  Team B: живых 2/8
    ✓ Радиовышка B2      @ (6,3,2) hp=3/3
    ✓ Бурав B6           @ (5,3,2) hp=4/4
    ✗ Артиллерия B1      @ (5,2,2) [уничтожен]
    ✗ Прыгун B3          @ (7,4,1) [уничтожен]
    ✗ Факел B4           @ (6,3,2) [уничтожен]
    ✗ Тишина B5          @ (1,2,2) [уничтожен]
    ✗ Провокатор B7      @ (0,2,2) [уничтожен]
    ✗ Паук B8            @ (4,2,2) [уничтожен]
  Team C: живых 6/8
    ✓ Артиллерия C1      @ (1,9,6) hp=1/1
    ✓ Радиовышка C2      @ (2,4,1) hp=3/3
    ✓ Факел C4           @ (2,9,6) hp=6/6
    ✓ Бурав C6           @ (8,6,3) hp=4/4
    ✓ Провокатор C7      @ (4,8,6) hp=2/2
    ✓ Паук C8            @ (6,7,5) hp=1/1
    ✗ Прыгун C3          @ (5,3,2) [уничтожен]
    ✗ Тишина C5          @ (5,5,2) [уничтожен]

======================================================================
ХОД 8
======================================================================
✓ 🎮 GM: начинаем ход
GM: start_turn

--- Радиовышки: сканирование слоя Z ---
  Радиовышка B2 (z=2): видит 1 врагов  → Тишина A5(1,5,2)
  Радиовышка C2 (z=1): слой чист

--- Решения ботов ---
  [Team A] Тишина A5 (1,5,2) → MOVE (2,4,1)
  [Team B] Радиовышка B2 (6,3,2) → MOVE (7,4,3)
  [Team B] Бурав B6 (5,3,2) → MOVE (4,4,1)
  [Team C] Артиллерия C1 (1,9,6) → SHOOT at (1,5,2)
  [Team C] Радиовышка C2 (2,4,1) → MOVE (1,5,2)
  [Team C] Бурав C6 (8,6,3) → MOVE (7,5,2)
  [Team C] Провокатор C7 (4,8,6) → HOLOGRAM (3,7,5)
  [Team C] Паук C8 (6,7,5) → MINE (6,6,4)
  [Team C] Факел C4 → SKIP
! 🎮 GM: принудительно завершает фазу планирования
GM: end_planning
# 
============================================================
# 🔄 ОБРАБОТКА ХОДА 8
# ============================================================
!    ⚠️ Провокатор C7: клетка (3,7,5) уже занята голограммой
   💣 Паук C8 установил мину M8 в (6,6,4)

📦 ПЕРЕМЕЩЕНИЯ:
!    ⚠️ Тишина A5: клетка (2,4,1) занята
   Радиовышка B2: (6, 3, 2) → (7,4,3)
!    ⚠️ Бурав B6: Бурав двигается только по 1 оси или по 2 осям строго диагонально
!    ⚠️ Радиовышка C2: клетка (1,5,2) занята
!    ⚠️ Бурав C6: Бурав двигается только по 1 оси или по 2 осям строго диагонально

🎯 ВЫСТРЕЛЫ:
✓    ✅ Артиллерия C1 поразил Тишина A5 (2 урона)!
   Выпущено ракет: 1
# 
📊 РЕЗУЛЬТАТЫ ХОДА 8:
✓ 💥 ПОПАДАНИЯ:
✓    Артиллерия C1 (Team C) → Тишина A5 (Team A)

--- Результаты хода ---
  Team C / Артиллерия C1      → Team A / Тишина A5          @ (1,5,2)  (УБИТ)

--- Состояние команд после хода ---
  Team A: живых 0/8
    ✗ Артиллерия A1      @ (6,4,1) [уничтожен]
    ✗ Радиовышка A2      @ (5,3,2) [уничтожен]
    ✗ Прыгун A3          @ (1,2,2) [уничтожен]
    ✗ Факел A4           @ (8,4,1) [уничтожен]
    ✗ Тишина A5          @ (1,5,2) [уничтожен]
    ✗ Бурав A6           @ (3,4,1) [уничтожен]
    ✗ Провокатор A7      @ (2,4,1) [уничтожен]
    ✗ Паук A8            @ (7,4,1) [уничтожен]
  Team B: живых 2/8
    ✓ Радиовышка B2      @ (7,4,3) hp=3/3
    ✓ Бурав B6           @ (5,3,2) hp=4/4
    ✗ Артиллерия B1      @ (5,2,2) [уничтожен]
    ✗ Прыгун B3          @ (7,4,1) [уничтожен]
    ✗ Факел B4           @ (6,3,2) [уничтожен]
    ✗ Тишина B5          @ (1,2,2) [уничтожен]
    ✗ Провокатор B7      @ (0,2,2) [уничтожен]
    ✗ Паук B8            @ (4,2,2) [уничтожен]
  Team C: живых 6/8
    ✓ Артиллерия C1      @ (1,9,6) hp=1/1
    ✓ Радиовышка C2      @ (2,4,1) hp=3/3
    ✓ Факел C4           @ (2,9,6) hp=6/6
    ✓ Бурав C6           @ (8,6,3) hp=4/4
    ✓ Провокатор C7      @ (4,8,6) hp=2/2
    ✓ Паук C8            @ (6,7,5) hp=1/1
    ✗ Прыгун C3          @ (5,3,2) [уничтожен]
    ✗ Тишина C5          @ (5,5,2) [уничтожен]

======================================================================
ХОД 9
======================================================================
✓ 🎮 GM: начинаем ход
GM: start_turn

--- Радиовышки: сканирование слоя Z ---
  Радиовышка B2 (z=3): видит 1 врагов  → Бурав C6(8,6,3)
  Радиовышка C2 (z=1): слой чист

--- Решения ботов ---
  [Team A] все корабли пропускают ход
  [Team B] Радиовышка B2 (7,4,3) → MOVE (8,5,3)
  [Team B] Бурав B6 (5,3,2) → MOVE (4,4,1)
  [Team C] Артиллерия C1 (1,9,6) → SHOOT at (5,3,2)
  [Team C] Радиовышка C2 (2,4,1) → MOVE (3,3,2)
  [Team C] Бурав C6 (8,6,3) → MOVE (7,5,3)
  [Team C] Провокатор C7 (4,8,6) → HOLOGRAM (5,7,5)
  [Team C] Паук C8 (6,7,5) → MINE (7,6,4)
  [Team C] Факел C4 → SKIP
! 🎮 GM: принудительно завершает фазу планирования
GM: end_planning
# 
============================================================
# 🔄 ОБРАБОТКА ХОДА 9
# ============================================================
!    ⚠️ Провокатор C7: клетка (5,7,5) уже занята голограммой
!    ⚠️ Паук C8: в клетке уже стоит мина

📦 ПЕРЕМЕЩЕНИЯ:
   Радиовышка B2: (7, 4, 3) → (8,5,3)
!    ⚠️ Бурав B6: Бурав двигается только по 1 оси или по 2 осям строго диагонально
!    ⚠️ Радиовышка C2: клетка (3,3,2) занята
   Бурав C6: (8, 6, 3) → (7,5,3)

🎯 ВЫСТРЕЛЫ:
✓    ✅ Артиллерия C1 поразил Бурав B6 (2 урона)!
   Выпущено ракет: 1
# 
📊 РЕЗУЛЬТАТЫ ХОДА 9:
✓ 💥 ПОПАДАНИЯ:
✓    Артиллерия C1 (Team C) → Бурав B6 (Team B)

--- Результаты хода ---
  Team C / Артиллерия C1      → Team B / Бурав B6           @ (5,3,2)  (ранен)

--- Состояние команд после хода ---
  Team A: живых 0/8
    ✗ Артиллерия A1      @ (6,4,1) [уничтожен]
    ✗ Радиовышка A2      @ (5,3,2) [уничтожен]
    ✗ Прыгун A3          @ (1,2,2) [уничтожен]
    ✗ Факел A4           @ (8,4,1) [уничтожен]
    ✗ Тишина A5          @ (1,5,2) [уничтожен]
    ✗ Бурав A6           @ (3,4,1) [уничтожен]
    ✗ Провокатор A7      @ (2,4,1) [уничтожен]
    ✗ Паук A8            @ (7,4,1) [уничтожен]
  Team B: живых 2/8
    ✓ Радиовышка B2      @ (8,5,3) hp=3/3
    ✓ Бурав B6           @ (5,3,2) hp=2/4
    ✗ Артиллерия B1      @ (5,2,2) [уничтожен]
    ✗ Прыгун B3          @ (7,4,1) [уничтожен]
    ✗ Факел B4           @ (6,3,2) [уничтожен]
    ✗ Тишина B5          @ (1,2,2) [уничтожен]
    ✗ Провокатор B7      @ (0,2,2) [уничтожен]
    ✗ Паук B8            @ (4,2,2) [уничтожен]
  Team C: живых 6/8
    ✓ Артиллерия C1      @ (1,9,6) hp=1/1
    ✓ Радиовышка C2      @ (2,4,1) hp=3/3
    ✓ Факел C4           @ (2,9,6) hp=6/6
    ✓ Бурав C6           @ (7,5,3) hp=4/4
    ✓ Провокатор C7      @ (4,8,6) hp=2/2
    ✓ Паук C8            @ (6,7,5) hp=1/1
    ✗ Прыгун C3          @ (5,3,2) [уничтожен]
    ✗ Тишина C5          @ (5,5,2) [уничтожен]

======================================================================
ХОД 10
======================================================================
✓ 🎮 GM: начинаем ход
GM: start_turn

--- Радиовышки: сканирование слоя Z ---
  Радиовышка B2 (z=3): видит 1 врагов  → Бурав C6(7,5,3)
  Радиовышка C2 (z=1): слой чист

--- Решения ботов ---
  [Team A] все корабли пропускают ход
  [Team B] Радиовышка B2 (8,5,3) → MOVE (7,5,3)
  [Team B] Бурав B6 (5,3,2) → MOVE (6,4,3)
  [Team C] Артиллерия C1 (1,9,6) → SHOOT at (5,3,2)
  [Team C] Радиовышка C2 (2,4,1) → MOVE (3,3,2)
  [Team C] Бурав C6 (7,5,3) → MOVE (8,5,3)
  [Team C] Провокатор C7 (4,8,6) → HOLOGRAM (5,7,5)
  [Team C] Паук C8 (6,7,5) → MINE (7,6,4)
  [Team C] Факел C4 → SKIP
! 🎮 GM: принудительно завершает фазу планирования
GM: end_planning
# 
============================================================
# 🔄 ОБРАБОТКА ХОДА 10
# ============================================================
!    ⚠️ Провокатор C7: клетка (5,7,5) уже занята голограммой
!    ⚠️ Паук C8: в клетке уже стоит мина

📦 ПЕРЕМЕЩЕНИЯ:
!    ⚠️ Радиовышка B2: клетка (7,5,3) занята
!    ⚠️ Бурав B6: Бурав двигается только по 1 оси или по 2 осям строго диагонально
!    ⚠️ Радиовышка C2: клетка (3,3,2) занята
✓    💥 Бурав C6 тараном уничтожил Радиовышка B2 в (8,5,3)
   Бурав C6: (7, 5, 3) → (8,5,3)

🎯 ВЫСТРЕЛЫ:
✓    ✅ Артиллерия C1 поразил Бурав B6 (2 урона)!
   Выпущено ракет: 1
# 
📊 РЕЗУЛЬТАТЫ ХОДА 10:
✓ 💥 ПОПАДАНИЯ:
✓    Артиллерия C1 (Team C) → Бурав B6 (Team B)
# 
🎮🎮🎮🎮🎮🎮🎮🎮🎮🎮🎮🎮🎮🎮🎮🎮🎮🎮🎮🎮
#         ИГРА ОКОНЧЕНА!
# 🎮🎮🎮🎮🎮🎮🎮🎮🎮🎮🎮🎮🎮🎮🎮🎮🎮🎮🎮🎮
✓         🏆 ПОБЕДИТЕЛЬ: Team C

--- Результаты хода ---
  Team C / Бурав C6           → Team B / Радиовышка B2      @ (8,5,3)  (УБИТ)
  Team C / Артиллерия C1      → Team B / Бурав B6           @ (5,3,2)  (УБИТ)

--- Состояние команд после хода ---
  Team A: живых 0/8
    ✗ Артиллерия A1      @ (6,4,1) [уничтожен]
    ✗ Радиовышка A2      @ (5,3,2) [уничтожен]
    ✗ Прыгун A3          @ (1,2,2) [уничтожен]
    ✗ Факел A4           @ (8,4,1) [уничтожен]
    ✗ Тишина A5          @ (1,5,2) [уничтожен]
    ✗ Бурав A6           @ (3,4,1) [уничтожен]
    ✗ Провокатор A7      @ (2,4,1) [уничтожен]
    ✗ Паук A8            @ (7,4,1) [уничтожен]
  Team B: живых 0/8
    ✗ Артиллерия B1      @ (5,2,2) [уничтожен]
    ✗ Радиовышка B2      @ (8,5,3) [уничтожен]
    ✗ Прыгун B3          @ (7,4,1) [уничтожен]
    ✗ Факел B4           @ (6,3,2) [уничтожен]
    ✗ Тишина B5          @ (1,2,2) [уничтожен]
    ✗ Бурав B6           @ (5,3,2) [уничтожен]
    ✗ Провокатор B7      @ (0,2,2) [уничтожен]
    ✗ Паук B8            @ (4,2,2) [уничтожен]
  Team C: живых 6/8
    ✓ Артиллерия C1      @ (1,9,6) hp=1/1
    ✓ Радиовышка C2      @ (2,4,1) hp=3/3
    ✓ Факел C4           @ (2,9,6) hp=6/6
    ✓ Бурав C6           @ (8,5,3) hp=4/4
    ✓ Провокатор C7      @ (4,8,6) hp=2/2
    ✓ Паук C8            @ (6,7,5) hp=1/1
    ✗ Прыгун C3          @ (5,3,2) [уничтожен]
    ✗ Тишина C5          @ (5,5,2) [уничтожен]

======================================================================
ИТОГ
======================================================================
Игра окончена. Победитель: Team C
Ходов сыграно: 10

--- Сводка по командам ---
  Team A: 0/8 живых; hp=0
  Team B: 0/8 живых; hp=0
  Team C: 6/8 живых; hp=17

--- Сводка по пассивкам радиовышек ---
  Team A: сканирований=2, всего врагов-в-слоях=2, уникальных эксклюзивных (видны только радиовышкой)=0
  Team B: сканирований=10, всего врагов-в-слоях=18, уникальных эксклюзивных (видны только радиовышкой)=0
  Team C: сканирований=10, всего врагов-в-слоях=6, уникальных эксклюзивных (видны только радиовышкой)=0

--- Сводка по попаданиям ---
  Всего событий (шоты+тараны+мины): 25
  Уничтожено кораблей всего: 18
  Team A: урон=13 хиты=4 тараны=2 мины(сработало)=2 убийств=4
  Team B: урон=11 хиты=2 тараны=4 мины(сработало)=0 убийств=5
  Team C: урон=31 хиты=8 тараны=3 мины(сработало)=0 убийств=9
! 🎮 GM: остановка игры
