======================================================================
Space Battle 10×10×10 — simulation run at 2026-04-20T13:23:54+00:00
Game mode: advanced
Seed: 88
✓ 🚀 Продвинутый режим: создаю разные типы кораблей
   Стартовые Z-слои: A=6, B=3, C=5
✓ ✅ Создано 24 кораблей


--- СТАРТОВАЯ РАССТАНОВКА ---
  Team A: живых 8/8
    ✓ Артиллерия A1      @ (7,8,6) hp=1/1
    ✓ Радиовышка A2      @ (3,4,6) hp=3/3
    ✓ Прыгун A3          @ (4,4,6) hp=2/2
    ✓ Факел A4           @ (6,9,6) hp=6/6
    ✓ Тишина A5          @ (4,6,6) hp=2/2
    ✓ Бурав A6           @ (0,2,6) hp=4/4
    ✓ Провокатор A7      @ (7,4,6) hp=2/2
    ✓ Паук A8            @ (1,4,6) hp=1/1
  Team B: живых 8/8
    ✓ Артиллерия B1      @ (9,6,3) hp=1/1
    ✓ Радиовышка B2      @ (1,4,3) hp=3/3
    ✓ Прыгун B3          @ (2,6,3) hp=2/2
    ✓ Факел B4           @ (0,8,3) hp=6/6
    ✓ Тишина B5          @ (0,3,3) hp=2/2
    ✓ Бурав B6           @ (3,2,3) hp=4/4
    ✓ Провокатор B7      @ (3,1,3) hp=2/2
    ✓ Паук B8            @ (5,4,3) hp=1/1
  Team C: живых 8/8
    ✓ Артиллерия C1      @ (4,0,5) hp=1/1
    ✓ Радиовышка C2      @ (3,7,5) hp=3/3
    ✓ Прыгун C3          @ (4,4,5) hp=2/2
    ✓ Факел C4           @ (8,0,5) hp=6/6
    ✓ Тишина C5          @ (6,1,5) hp=2/2
    ✓ Бурав C6           @ (6,8,5) hp=4/4
    ✓ Провокатор C7      @ (4,8,5) hp=2/2
    ✓ Паук C8            @ (6,4,5) hp=1/1

======================================================================
ХОД 1
======================================================================
✓ 🎮 GM: начинаем ход
GM: start_turn

--- Радиовышки: сканирование слоя Z ---
  Радиовышка A2 (z=6): слой чист
  Радиовышка B2 (z=3): слой чист
  Радиовышка C2 (z=5): слой чист

--- Решения ботов ---
  [Team A] Артиллерия A1 (7,8,6) → SHOOT at (9,6,3)
  [Team A] Радиовышка A2 (3,4,6) → MOVE (4,4,5)
  [Team A] Прыгун A3 (4,4,6) → MOVE (6,4,5)
  [Team A] Факел A4 (6,9,6) → MOVE (6,8,6)
  [Team A] Тишина A5 (4,6,6) → PHASE toggle
  [Team A] Бурав A6 (0,2,6) → MOVE (3,2,3)
  [Team A] Провокатор A7 (7,4,6) → HOLOGRAM (7,4,5)
  [Team A] Паук A8 (1,4,6) → MINE (1,4,5)
  [Team B] Артиллерия B1 (9,6,3) → SHOOT at (7,8,6)
  [Team B] Радиовышка B2 (1,4,3) → MOVE (2,4,4)
  [Team B] Прыгун B3 (2,6,3) → MOVE (4,4,5)
  [Team B] Факел B4 (0,8,3) → MOVE (1,7,3)
  [Team B] Тишина B5 (0,3,3) → PHASE toggle
  [Team B] Бурав B6 (3,2,3) → MOVE (0,2,6)
  [Team B] Провокатор B7 (3,1,3) → HOLOGRAM (4,0,4)
  [Team B] Паук B8 (5,4,3) → MINE (5,4,4)
  [Team C] Артиллерия C1 (4,0,5) → SHOOT at (9,6,3)
  [Team C] Радиовышка C2 (3,7,5) → MOVE (4,6,6)
  [Team C] Прыгун C3 (4,4,5) → MOVE (4,4,6)
  [Team C] Факел C4 (8,0,5) → MOVE (7,0,5)
  [Team C] Тишина C5 (6,1,5) → PHASE toggle
  [Team C] Бурав C6 (6,8,5) → MOVE (7,8,6)
  [Team C] Провокатор C7 (4,8,5) → HOLOGRAM (5,9,6)
  [Team C] Паук C8 (6,4,5) → MINE (7,4,6)
! 🎮 GM: принудительно завершает фазу планирования
GM: end_planning
# 
============================================================
# 🔄 ОБРАБОТКА ХОДА 1
# ============================================================
   🌀 Тишина A5: фаза ВКЛ
   🌀 Тишина B5: фаза ВКЛ
   🌀 Тишина C5: фаза ВКЛ
   🪞 Провокатор A7 создал голограмму H1 в (7,4,5)
   🪞 Провокатор B7 создал голограмму H2 в (4,0,4)
   🪞 Провокатор C7 создал голограмму H3 в (5,9,6)
   💣 Паук A8 установил мину M1 в (1,4,5)
   💣 Паук B8 установил мину M2 в (5,4,4)
!    ⚠️ Паук C8: клетка (7,4,6) занята кораблём

📦 ПЕРЕМЕЩЕНИЯ:
!    ⚠️ Радиовышка A2: клетка (4,4,5) занята
✓    💥 Прыгун A3 тараном уничтожил Паук C8 в (6,4,5)
   Прыгун A3: (4, 4, 6) → (6,4,5)
   Факел A4: (6, 9, 6) → (6,8,6)
✓    💥 Бурав A6 тараном уничтожил Бурав B6 в (3,2,3)
   Бурав A6: (0, 2, 6) → (3,2,3)
   Радиовышка B2: (1, 4, 3) → (2,4,4)
✓    💥 Прыгун B3 тараном уничтожил Прыгун C3 в (4,4,5)
   Прыгун B3: (2, 6, 3) → (4,4,5)
   Факел B4: (0, 8, 3) → (1,7,3)
   Радиовышка C2: (3, 7, 5) → (4,6,6)
   Факел C4: (8, 0, 5) → (7,0,5)
✓    💥 Бурав C6 тараном уничтожил Артиллерия A1 в (7,8,6)
   Бурав C6: (6, 8, 5) → (7,8,6)

🎯 ВЫСТРЕЛЫ:
✓    ✅ Артиллерия B1 поразил Бурав C6 (2 урона)!
✓    ✅ Артиллерия C1 поразил Артиллерия B1 (2 урона)!
   Выпущено ракет: 2
# 
📊 РЕЗУЛЬТАТЫ ХОДА 1:
✓ 💥 ПОПАДАНИЯ:
✓    Артиллерия B1 (Team B) → Бурав C6 (Team C)
✓    Артиллерия C1 (Team C) → Артиллерия B1 (Team B)

--- Результаты хода ---
  Team A / Прыгун A3          → Team C / Паук C8            @ (6,4,5)  (УБИТ)
  Team A / Бурав A6           → Team B / Бурав B6           @ (3,2,3)  (УБИТ)
  Team B / Прыгун B3          → Team C / Прыгун C3          @ (4,4,5)  (УБИТ)
  Team C / Бурав C6           → Team A / Артиллерия A1      @ (7,8,6)  (УБИТ)
  Team B / Артиллерия B1      → Team C / Бурав C6           @ (7,8,6)  (ранен)
  Team C / Артиллерия C1      → Team B / Артиллерия B1      @ (9,6,3)  (УБИТ)

--- Состояние команд после хода ---
  Team A: живых 7/8
    ✓ Радиовышка A2      @ (3,4,6) hp=3/3
    ✓ Прыгун A3          @ (6,4,5) hp=2/2
    ✓ Факел A4           @ (6,8,6) hp=6/6
    ✓ Тишина A5          @ (4,6,6) hp=2/2
    ✓ Бурав A6           @ (3,2,3) hp=4/4
    ✓ Провокатор A7      @ (7,4,6) hp=2/2
    ✓ Паук A8            @ (1,4,6) hp=1/1
    ✗ Артиллерия A1      @ (7,8,6) [уничтожен]
  Team B: живых 6/8
    ✓ Радиовышка B2      @ (2,4,4) hp=3/3
    ✓ Прыгун B3          @ (4,4,5) hp=2/2
    ✓ Факел B4           @ (1,7,3) hp=6/6
    ✓ Тишина B5          @ (0,3,3) hp=2/2
    ✓ Провокатор B7      @ (3,1,3) hp=2/2
    ✓ Паук B8            @ (5,4,3) hp=1/1
    ✗ Артиллерия B1      @ (9,6,3) [уничтожен]
    ✗ Бурав B6           @ (3,2,3) [уничтожен]
  Team C: живых 6/8
    ✓ Артиллерия C1      @ (4,0,5) hp=1/1
    ✓ Радиовышка C2      @ (4,6,6) hp=3/3
    ✓ Факел C4           @ (7,0,5) hp=6/6
    ✓ Тишина C5          @ (6,1,5) hp=2/2
    ✓ Бурав C6           @ (7,8,6) hp=2/4
    ✓ Провокатор C7      @ (4,8,5) hp=2/2
    ✗ Прыгун C3          @ (4,4,5) [уничтожен]
    ✗ Паук C8            @ (6,4,5) [уничтожен]

======================================================================
ХОД 2
======================================================================
✓ 🎮 GM: начинаем ход
GM: start_turn

--- Радиовышки: сканирование слоя Z ---
  Радиовышка A2 (z=6): видит 2 врагов  → Радиовышка C2(4,6,6), Бурав C6(7,8,6)
  Радиовышка B2 (z=4): слой чист
  Радиовышка C2 (z=6): видит 4 врагов [+1 эксклюзивно] → Паук A8(1,4,6), Радиовышка A2(3,4,6), Факел A4(6,8,6), Провокатор A7(7,4,6)

--- Решения ботов ---
  [Team A] Радиовышка A2 (3,4,6) → MOVE (4,4,5)
  [Team A] Прыгун A3 (6,4,5) → MOVE (5,4,3)
  [Team A] Факел A4 (6,8,6) → SHOOT at (7,8,6)
  [Team A] Бурав A6 (3,2,3) → MOVE (3,1,3)
  [Team A] Провокатор A7 (7,4,6) → HOLOGRAM (7,4,5)
  [Team A] Паук A8 (1,4,6) → MINE (2,4,5)
  [Team A] Тишина A5 → SKIP
  [Team B] Радиовышка B2 (2,4,4) → MOVE (3,4,5)
  [Team B] Прыгун B3 (4,4,5) → MOVE (6,4,5)
  [Team B] Факел B4 (1,7,3) → MOVE (2,6,4)
  [Team B] Тишина B5 (0,3,3) → MOVE (1,4,4)
  [Team B] Провокатор B7 (3,1,3) → HOLOGRAM (3,2,3)
  [Team B] Паук B8 (5,4,3) → MINE (6,4,4)
  [Team C] Артиллерия C1 (4,0,5) → SHOOT at (3,1,3)
  [Team C] Радиовышка C2 (4,6,6) → MOVE (3,5,6)
  [Team C] Факел C4 (7,0,5) → MOVE (7,1,6)
  [Team C] Тишина C5 (6,1,5) → MOVE (5,2,6)
  [Team C] Бурав C6 (7,8,6) → MOVE (6,8,6)
  [Team C] Провокатор C7 (4,8,5) → HOLOGRAM (5,8,6)
! 🎮 GM: принудительно завершает фазу планирования
GM: end_planning
# 
============================================================
# 🔄 ОБРАБОТКА ХОДА 2
# ============================================================
!    ⚠️ Провокатор A7: клетка (7,4,5) уже занята голограммой
!    ⚠️ Провокатор B7: клетка (3,2,3) занята кораблём
   🪞 Провокатор C7 создал голограмму H4 в (5,8,6)
   💣 Паук A8 установил мину M3 в (2,4,5)
   💣 Паук B8 установил мину M4 в (6,4,4)

📦 ПЕРЕМЕЩЕНИЯ:
!    ⚠️ Радиовышка A2: клетка (4,4,5) занята
✓    💥 Прыгун A3 тараном уничтожил Паук B8 в (5,4,3)
   Прыгун A3: (6, 4, 5) → (5,4,3)
✓    💥 Бурав A6 тараном уничтожил Провокатор B7 в (3,1,3)
   Бурав A6: (3, 2, 3) → (3,1,3)
   Радиовышка B2: (2, 4, 4) → (3,4,5)
   Прыгун B3: (4, 4, 5) → (6,4,5)
   Факел B4: (1, 7, 3) → (2,6,4)
   Тишина B5: (0, 3, 3) → (1,4,4)
   Радиовышка C2: (4, 6, 6) → (3,5,6)
   Факел C4: (7, 0, 5) → (7,1,6)
   Тишина C5: (6, 1, 5) → (5,2,6)
✓    💥 Бурав C6 тараном уничтожил Факел A4 в (6,8,6)
   Бурав C6: (7, 8, 6) → (6,8,6)

🎯 ВЫСТРЕЛЫ:
✓    ✅ Артиллерия C1 поразил Бурав A6 (2 урона)!
   Выпущено ракет: 1
# 
📊 РЕЗУЛЬТАТЫ ХОДА 2:
✓ 💥 ПОПАДАНИЯ:
✓    Артиллерия C1 (Team C) → Бурав A6 (Team A)

--- Результаты хода ---
  Team A / Прыгун A3          → Team B / Паук B8            @ (5,4,3)  (УБИТ)
  Team A / Бурав A6           → Team B / Провокатор B7      @ (3,1,3)  (УБИТ)
  Team C / Бурав C6           → Team A / Факел A4           @ (6,8,6)  (УБИТ)
  Team C / Артиллерия C1      → Team A / Бурав A6           @ (3,1,3)  (ранен)

--- Состояние команд после хода ---
  Team A: живых 6/8
    ✓ Радиовышка A2      @ (3,4,6) hp=3/3
    ✓ Прыгун A3          @ (5,4,3) hp=2/2
    ✓ Тишина A5          @ (4,6,6) hp=2/2
    ✓ Бурав A6           @ (3,1,3) hp=2/4
    ✓ Провокатор A7      @ (7,4,6) hp=2/2
    ✓ Паук A8            @ (1,4,6) hp=1/1
    ✗ Артиллерия A1      @ (7,8,6) [уничтожен]
    ✗ Факел A4           @ (6,8,6) [уничтожен]
  Team B: живых 4/8
    ✓ Радиовышка B2      @ (3,4,5) hp=3/3
    ✓ Прыгун B3          @ (6,4,5) hp=2/2
    ✓ Факел B4           @ (2,6,4) hp=6/6
    ✓ Тишина B5          @ (1,4,4) hp=2/2
    ✗ Артиллерия B1      @ (9,6,3) [уничтожен]
    ✗ Бурав B6           @ (3,2,3) [уничтожен]
    ✗ Провокатор B7      @ (3,1,3) [уничтожен]
    ✗ Паук B8            @ (5,4,3) [уничтожен]
  Team C: живых 6/8
    ✓ Артиллерия C1      @ (4,0,5) hp=1/1
    ✓ Радиовышка C2      @ (3,5,6) hp=3/3
    ✓ Факел C4           @ (7,1,6) hp=6/6
    ✓ Тишина C5          @ (5,2,6) hp=2/2
    ✓ Бурав C6           @ (6,8,6) hp=2/4
    ✓ Провокатор C7      @ (4,8,5) hp=2/2
    ✗ Прыгун C3          @ (4,4,5) [уничтожен]
    ✗ Паук C8            @ (6,4,5) [уничтожен]

======================================================================
ХОД 3
======================================================================
✓ 🎮 GM: начинаем ход
GM: start_turn

--- Радиовышки: сканирование слоя Z ---
  Радиовышка A2 (z=6): видит 3 врагов  → Радиовышка C2(3,5,6), Бурав C6(6,8,6), Факел C4(7,1,6)
  Радиовышка B2 (z=5): видит 2 врагов [+1 эксклюзивно] → Артиллерия C1(4,0,5), Провокатор C7(4,8,5)
  Радиовышка C2 (z=6): видит 3 врагов [+1 эксклюзивно] → Паук A8(1,4,6), Радиовышка A2(3,4,6), Провокатор A7(7,4,6)

--- Решения ботов ---
  [Team A] Радиовышка A2 (3,4,6) → MOVE (3,4,5)
  [Team A] Прыгун A3 (5,4,3) → MOVE (6,4,5)
  [Team A] Тишина A5 (4,6,6) → MOVE (3,5,6)
  [Team A] Бурав A6 (3,1,3) → MOVE (4,0,4)
  [Team A] Провокатор A7 (7,4,6) → HOLOGRAM (7,4,5)
  [Team A] Паук A8 (1,4,6) → MINE (2,4,5)
  [Team B] Радиовышка B2 (3,4,5) → MOVE (3,4,6)
  [Team B] Прыгун B3 (6,4,5) → MOVE (7,4,6)
  [Team B] Факел B4 (2,6,4) → MOVE (3,5,5)
  [Team B] Тишина B5 (1,4,4) → MOVE (2,4,5)
  [Team C] Артиллерия C1 (4,0,5) → SHOOT at (3,1,3)
  [Team C] Радиовышка C2 (3,5,6) → MOVE (3,4,6)
  [Team C] Факел C4 (7,1,6) → SHOOT at (7,4,6)
  [Team C] Тишина C5 (5,2,6) → MOVE (4,3,6)
  [Team C] Бурав C6 (6,8,6) → MOVE (5,7,6)
  [Team C] Провокатор C7 (4,8,5) → HOLOGRAM (3,7,4)
! 🎮 GM: принудительно завершает фазу планирования
GM: end_planning
# 
============================================================
# 🔄 ОБРАБОТКА ХОДА 3
# ============================================================
!    ⚠️ Провокатор A7: клетка (7,4,5) уже занята голограммой
   🪞 Провокатор C7 создал голограмму H5 в (3,7,4)
!    ⚠️ Паук A8: в клетке уже стоит мина

📦 ПЕРЕМЕЩЕНИЯ:
!    ⚠️ Радиовышка A2: клетка (3,4,5) занята
✓    💥 Прыгун A3 тараном уничтожил Прыгун B3 в (6,4,5)
   Прыгун A3: (5, 4, 3) → (6,4,5)
!    ⚠️ Тишина A5: клетка (3,5,6) занята
!    ⚠️ Бурав A6: Бурав двигается только по 1 оси или по 2 осям строго диагонально
!    ⚠️ Радиовышка B2: клетка (3,4,6) занята
   Факел B4: (2, 6, 4) → (3,5,5)
   Тишина B5: (1, 4, 4) → (2,4,5)
!    💥 Мина M3 сработала под Тишина B5 (урон 0)
!    ⚠️ Радиовышка C2: клетка (3,4,6) занята
   Тишина C5: (5, 2, 6) → (4,3,6)
   Бурав C6: (6, 8, 6) → (5,7,6)

🎯 ВЫСТРЕЛЫ:
✓    ✅ Артиллерия C1 поразил Бурав A6 (2 урона)!
✓    ✅ Факел C4 поразил Провокатор A7 (1 урона)!
   Выпущено ракет: 2
# 
📊 РЕЗУЛЬТАТЫ ХОДА 3:
✓ 💥 ПОПАДАНИЯ:
✓    Артиллерия C1 (Team C) → Бурав A6 (Team A)
✓    Факел C4 (Team C) → Провокатор A7 (Team A)

--- Результаты хода ---
  Team A / Прыгун A3          → Team B / Прыгун B3          @ (6,4,5)  (УБИТ)
  ? / ?                  → Team B / Тишина B5          @ (2,4,5)  (ранен)
  Team C / Артиллерия C1      → Team A / Бурав A6           @ (3,1,3)  (УБИТ)
  Team C / Факел C4           → Team A / Провокатор A7      @ (7,4,6)  (ранен)

--- Состояние команд после хода ---
  Team A: живых 5/8
    ✓ Радиовышка A2      @ (3,4,6) hp=3/3
    ✓ Прыгун A3          @ (6,4,5) hp=2/2
    ✓ Тишина A5          @ (4,6,6) hp=2/2
    ✓ Провокатор A7      @ (7,4,6) hp=1/2
    ✓ Паук A8            @ (1,4,6) hp=1/1
    ✗ Артиллерия A1      @ (7,8,6) [уничтожен]
    ✗ Факел A4           @ (6,8,6) [уничтожен]
    ✗ Бурав A6           @ (3,1,3) [уничтожен]
  Team B: живых 3/8
    ✓ Радиовышка B2      @ (3,4,5) hp=3/3
    ✓ Факел B4           @ (3,5,5) hp=6/6
    ✓ Тишина B5          @ (2,4,5) hp=2/2
    ✗ Артиллерия B1      @ (9,6,3) [уничтожен]
    ✗ Прыгун B3          @ (6,4,5) [уничтожен]
    ✗ Бурав B6           @ (3,2,3) [уничтожен]
    ✗ Провокатор B7      @ (3,1,3) [уничтожен]
    ✗ Паук B8            @ (5,4,3) [уничтожен]
  Team C: живых 6/8
    ✓ Артиллерия C1      @ (4,0,5) hp=1/1
    ✓ Радиовышка C2      @ (3,5,6) hp=3/3
    ✓ Факел C4           @ (7,1,6) hp=6/6
    ✓ Тишина C5          @ (4,3,6) hp=2/2
    ✓ Бурав C6           @ (5,7,6) hp=2/4
    ✓ Провокатор C7      @ (4,8,5) hp=2/2
    ✗ Прыгун C3          @ (4,4,5) [уничтожен]
    ✗ Паук C8            @ (6,4,5) [уничтожен]

======================================================================
ХОД 4
======================================================================
✓ 🎮 GM: начинаем ход
GM: start_turn

--- Радиовышки: сканирование слоя Z ---
  Радиовышка A2 (z=6): видит 3 врагов  → Радиовышка C2(3,5,6), Бурав C6(5,7,6), Факел C4(7,1,6)
  Радиовышка B2 (z=5): видит 3 врагов [+1 эксклюзивно] → Прыгун A3(6,4,5), Артиллерия C1(4,0,5), Провокатор C7(4,8,5)
  Радиовышка C2 (z=6): видит 3 врагов  → Паук A8(1,4,6), Радиовышка A2(3,4,6), Провокатор A7(7,4,6)

--- Решения ботов ---
  [Team A] Радиовышка A2 (3,4,6) → MOVE (3,4,5)
  [Team A] Прыгун A3 (6,4,5) → SHOOT at (3,4,5)
  [Team A] Тишина A5 (4,6,6) → MOVE (3,5,5)
  [Team A] Провокатор A7 (7,4,6) → HOLOGRAM (7,3,6)
  [Team A] Паук A8 (1,4,6) → MINE (2,4,5)
  [Team B] Радиовышка B2 (3,4,5) → MOVE (3,4,6)
  [Team B] Факел B4 (3,5,5) → SHOOT at (3,5,6)
  [Team B] Тишина B5 (2,4,5) → MOVE (2,4,6)
  [Team C] Артиллерия C1 (4,0,5) → SHOOT at (7,4,6)
  [Team C] Радиовышка C2 (3,5,6) → MOVE (3,4,6)
  [Team C] Факел C4 (7,1,6) → SHOOT at (7,4,6)
  [Team C] Тишина C5 (4,3,6) → MOVE (4,4,6)
  [Team C] Бурав C6 (5,7,6) → MOVE (4,6,5)
  [Team C] Провокатор C7 (4,8,5) → HOLOGRAM (3,7,5)
! 🎮 GM: принудительно завершает фазу планирования
GM: end_planning
# 
============================================================
# 🔄 ОБРАБОТКА ХОДА 4
# ============================================================
   🪞 Провокатор A7 создал голограмму H6 в (7,3,6)
   🪞 Провокатор C7 создал голограмму H7 в (3,7,5)
!    ⚠️ Паук A8: клетка (2,4,5) занята кораблём

📦 ПЕРЕМЕЩЕНИЯ:
!    ⚠️ Радиовышка A2: клетка (3,4,5) занята
!    ⚠️ Тишина A5: клетка (3,5,5) занята
!    ⚠️ Радиовышка B2: клетка (3,4,6) занята
   Тишина B5: (2, 4, 5) → (2,4,6)
!    ⚠️ Радиовышка C2: клетка (3,4,6) занята
   Тишина C5: (4, 3, 6) → (4,4,6)
!    ⚠️ Бурав C6: Бурав двигается только по 1 оси или по 2 осям строго диагонально

🎯 ВЫСТРЕЛЫ:
✓    ✅ Прыгун A3 поразил Радиовышка B2 (1 урона)!
✓    ✅ Факел B4 поразил Радиовышка C2 (1 урона)!
✓    ✅ Артиллерия C1 поразил Провокатор A7 (2 урона)!
✓    💥 Факел C4 раскрыл голограмму H6 в (7, 3, 6)
   Выпущено ракет: 4
# 
📊 РЕЗУЛЬТАТЫ ХОДА 4:
✓ 💥 ПОПАДАНИЯ:
✓    Прыгун A3 (Team A) → Радиовышка B2 (Team B)
✓    Факел B4 (Team B) → Радиовышка C2 (Team C)
✓    Артиллерия C1 (Team C) → Провокатор A7 (Team A)
✓    Факел C4 (Team C) → голограмма H6 (Team A)

--- Результаты хода ---
  Team A / Прыгун A3          → Team B / Радиовышка B2      @ (3,4,5)  (ранен)
  Team B / Факел B4           → Team C / Радиовышка C2      @ (3,5,6)  (ранен)
  Team C / Артиллерия C1      → Team A / Провокатор A7      @ (7,4,6)  (УБИТ)

--- Состояние команд после хода ---
  Team A: живых 4/8
    ✓ Радиовышка A2      @ (3,4,6) hp=3/3
    ✓ Прыгун A3          @ (6,4,5) hp=2/2
    ✓ Тишина A5          @ (4,6,6) hp=2/2
    ✓ Паук A8            @ (1,4,6) hp=1/1
    ✗ Артиллерия A1      @ (7,8,6) [уничтожен]
    ✗ Факел A4           @ (6,8,6) [уничтожен]
    ✗ Бурав A6           @ (3,1,3) [уничтожен]
    ✗ Провокатор A7      @ (7,4,6) [уничтожен]
  Team B: живых 3/8
    ✓ Радиовышка B2      @ (3,4,5) hp=2/3
    ✓ Факел B4           @ (3,5,5) hp=6/6
    ✓ Тишина B5          @ (2,4,6) hp=2/2
    ✗ Артиллерия B1      @ (9,6,3) [уничтожен]
    ✗ Прыгун B3          @ (6,4,5) [уничтожен]
    ✗ Бурав B6           @ (3,2,3) [уничтожен]
    ✗ Провокатор B7      @ (3,1,3) [уничтожен]
    ✗ Паук B8            @ (5,4,3) [уничтожен]
  Team C: живых 6/8
    ✓ Артиллерия C1      @ (4,0,5) hp=1/1
    ✓ Радиовышка C2      @ (3,5,6) hp=2/3
    ✓ Факел C4           @ (7,1,6) hp=6/6
    ✓ Тишина C5          @ (4,4,6) hp=2/2
    ✓ Бурав C6           @ (5,7,6) hp=2/4
    ✓ Провокатор C7      @ (4,8,5) hp=2/2
    ✗ Прыгун C3          @ (4,4,5) [уничтожен]
    ✗ Паук C8            @ (6,4,5) [уничтожен]

======================================================================
ХОД 5
======================================================================
✓ 🎮 GM: начинаем ход
GM: start_turn

--- Радиовышки: сканирование слоя Z ---
  Радиовышка A2 (z=6): видит 3 врагов  → Радиовышка C2(3,5,6), Бурав C6(5,7,6), Факел C4(7,1,6)
  Радиовышка B2 (z=5): видит 3 врагов [+1 эксклюзивно] → Прыгун A3(6,4,5), Артиллерия C1(4,0,5), Провокатор C7(4,8,5)
  Радиовышка C2 (z=6): видит 2 врагов  → Паук A8(1,4,6), Радиовышка A2(3,4,6)

--- Решения ботов ---
  [Team A] Радиовышка A2 (3,4,6) → MOVE (3,4,5)
  [Team A] Прыгун A3 (6,4,5) → SHOOT at (3,4,5)
  [Team A] Тишина A5 (4,6,6) → MOVE (3,5,5)
  [Team A] Паук A8 (1,4,6) → MINE (2,4,5)
  [Team B] Радиовышка B2 (3,4,5) → MOVE (3,4,6)
  [Team B] Факел B4 (3,5,5) → HEAL (AoE)
  [Team B] Тишина B5 → SKIP
  [Team C] Артиллерия C1 (4,0,5) → SHOOT at (6,4,5)
  [Team C] Радиовышка C2 (3,5,6) → MOVE (3,4,6)
  [Team C] Факел C4 (7,1,6) → MOVE (6,2,6)
  [Team C] Бурав C6 (5,7,6) → MOVE (4,6,5)
  [Team C] Провокатор C7 (4,8,5) → HOLOGRAM (3,7,5)
  [Team C] Тишина C5 → SKIP
! 🎮 GM: принудительно завершает фазу планирования
GM: end_planning
# 
============================================================
# 🔄 ОБРАБОТКА ХОДА 5
# ============================================================
!    ⚠️ Провокатор C7: клетка (3,7,5) уже занята голограммой
   💣 Паук A8 установил мину M5 в (2,4,5)

📦 ПЕРЕМЕЩЕНИЯ:
!    ⚠️ Радиовышка A2: клетка (3,4,5) занята
!    ⚠️ Тишина A5: клетка (3,5,5) занята
!    ⚠️ Радиовышка B2: клетка (3,4,6) занята
!    ⚠️ Радиовышка C2: клетка (3,4,6) занята
   Факел C4: (7, 1, 6) → (6,2,6)
!    ⚠️ Бурав C6: Бурав двигается только по 1 оси или по 2 осям строго диагонально

🎯 ВЫСТРЕЛЫ:
✓    ✅ Прыгун A3 поразил Радиовышка B2 (1 урона)!
✓    ✅ Артиллерия C1 поразил Прыгун A3 (2 урона)!
✓    💚 Факел B4 лечит Радиовышка B2 → hits=1/3
   Выпущено ракет: 2
# 
📊 РЕЗУЛЬТАТЫ ХОДА 5:
✓ 💥 ПОПАДАНИЯ:
✓    Прыгун A3 (Team A) → Радиовышка B2 (Team B)
✓    Артиллерия C1 (Team C) → Прыгун A3 (Team A)

--- Результаты хода ---
  Team A / Прыгун A3          → Team B / Радиовышка B2      @ (3,4,5)  (ранен)
  Team C / Артиллерия C1      → Team A / Прыгун A3          @ (6,4,5)  (УБИТ)

--- Состояние команд после хода ---
  Team A: живых 3/8
    ✓ Радиовышка A2      @ (3,4,6) hp=3/3
    ✓ Тишина A5          @ (4,6,6) hp=2/2
    ✓ Паук A8            @ (1,4,6) hp=1/1
    ✗ Артиллерия A1      @ (7,8,6) [уничтожен]
    ✗ Прыгун A3          @ (6,4,5) [уничтожен]
    ✗ Факел A4           @ (6,8,6) [уничтожен]
    ✗ Бурав A6           @ (3,1,3) [уничтожен]
    ✗ Провокатор A7      @ (7,4,6) [уничтожен]
  Team B: живых 3/8
    ✓ Радиовышка B2      @ (3,4,5) hp=2/3
    ✓ Факел B4           @ (3,5,5) hp=6/6
    ✓ Тишина B5          @ (2,4,6) hp=2/2
    ✗ Артиллерия B1      @ (9,6,3) [уничтожен]
    ✗ Прыгун B3          @ (6,4,5) [уничтожен]
    ✗ Бурав B6           @ (3,2,3) [уничтожен]
    ✗ Провокатор B7      @ (3,1,3) [уничтожен]
    ✗ Паук B8            @ (5,4,3) [уничтожен]
  Team C: живых 6/8
    ✓ Артиллерия C1      @ (4,0,5) hp=1/1
    ✓ Радиовышка C2      @ (3,5,6) hp=2/3
    ✓ Факел C4           @ (6,2,6) hp=6/6
    ✓ Тишина C5          @ (4,4,6) hp=2/2
    ✓ Бурав C6           @ (5,7,6) hp=2/4
    ✓ Провокатор C7      @ (4,8,5) hp=2/2
    ✗ Прыгун C3          @ (4,4,5) [уничтожен]
    ✗ Паук C8            @ (6,4,5) [уничтожен]

======================================================================
ХОД 6
======================================================================
✓ 🎮 GM: начинаем ход
GM: start_turn

--- Радиовышки: сканирование слоя Z ---
  Радиовышка A2 (z=6): видит 3 врагов [+1 эксклюзивно] → Радиовышка C2(3,5,6), Бурав C6(5,7,6), Факел C4(6,2,6)
  Радиовышка B2 (z=5): видит 2 врагов [+1 эксклюзивно] → Артиллерия C1(4,0,5), Провокатор C7(4,8,5)
  Радиовышка C2 (z=6): видит 2 врагов  → Паук A8(1,4,6), Радиовышка A2(3,4,6)

--- Решения ботов ---
  [Team A] Радиовышка A2 (3,4,6) → MOVE (3,4,5)
  [Team A] Тишина A5 (4,6,6) → MOVE (3,5,5)
  [Team A] Паук A8 (1,4,6) → MINE (2,4,5)
  [Team B] Радиовышка B2 (3,4,5) → MOVE (3,4,6)
  [Team B] Факел B4 (3,5,5) → HEAL (AoE)
  [Team B] Тишина B5 → SKIP
  [Team C] Артиллерия C1 (4,0,5) → SHOOT at (3,4,5)
  [Team C] Радиовышка C2 (3,5,6) → MOVE (3,4,6)
  [Team C] Факел C4 (6,2,6) → MOVE (5,3,6)
  [Team C] Бурав C6 (5,7,6) → MOVE (4,6,5)
  [Team C] Провокатор C7 (4,8,5) → HOLOGRAM (3,7,5)
  [Team C] Тишина C5 → SKIP
! 🎮 GM: принудительно завершает фазу планирования
GM: end_planning
# 
============================================================
# 🔄 ОБРАБОТКА ХОДА 6
# ============================================================
!    ⚠️ Провокатор C7: клетка (3,7,5) уже занята голограммой
!    ⚠️ Паук A8: в клетке уже стоит мина

📦 ПЕРЕМЕЩЕНИЯ:
!    ⚠️ Радиовышка A2: клетка (3,4,5) занята
!    ⚠️ Тишина A5: клетка (3,5,5) занята
!    ⚠️ Радиовышка B2: клетка (3,4,6) занята
!    ⚠️ Радиовышка C2: клетка (3,4,6) занята
   Факел C4: (6, 2, 6) → (5,3,6)
!    ⚠️ Бурав C6: Бурав двигается только по 1 оси или по 2 осям строго диагонально

🎯 ВЫСТРЕЛЫ:
✓    ✅ Артиллерия C1 поразил Радиовышка B2 (2 урона)!
!    ⚠️ Факел B4: некого лечить
   Выпущено ракет: 1
# 
📊 РЕЗУЛЬТАТЫ ХОДА 6:
✓ 💥 ПОПАДАНИЯ:
✓    Артиллерия C1 (Team C) → Радиовышка B2 (Team B)

--- Результаты хода ---
  Team C / Артиллерия C1      → Team B / Радиовышка B2      @ (3,4,5)  (УБИТ)

--- Состояние команд после хода ---
  Team A: живых 3/8
    ✓ Радиовышка A2      @ (3,4,6) hp=3/3
    ✓ Тишина A5          @ (4,6,6) hp=2/2
    ✓ Паук A8            @ (1,4,6) hp=1/1
    ✗ Артиллерия A1      @ (7,8,6) [уничтожен]
    ✗ Прыгун A3          @ (6,4,5) [уничтожен]
    ✗ Факел A4           @ (6,8,6) [уничтожен]
    ✗ Бурав A6           @ (3,1,3) [уничтожен]
    ✗ Провокатор A7      @ (7,4,6) [уничтожен]
  Team B: живых 2/8
    ✓ Факел B4           @ (3,5,5) hp=6/6
    ✓ Тишина B5          @ (2,4,6) hp=2/2
    ✗ Артиллерия B1      @ (9,6,3) [уничтожен]
    ✗ Радиовышка B2      @ (3,4,5) [уничтожен]
    ✗ Прыгун B3          @ (6,4,5) [уничтожен]
    ✗ Бурав B6           @ (3,2,3) [уничтожен]
    ✗ Провокатор B7      @ (3,1,3) [уничтожен]
    ✗ Паук B8            @ (5,4,3) [уничтожен]
  Team C: живых 6/8
    ✓ Артиллерия C1      @ (4,0,5) hp=1/1
    ✓ Радиовышка C2      @ (3,5,6) hp=2/3
    ✓ Факел C4           @ (5,3,6) hp=6/6
    ✓ Тишина C5          @ (4,4,6) hp=2/2
    ✓ Бурав C6           @ (5,7,6) hp=2/4
    ✓ Провокатор C7      @ (4,8,5) hp=2/2
    ✗ Прыгун C3          @ (4,4,5) [уничтожен]
    ✗ Паук C8            @ (6,4,5) [уничтожен]

======================================================================
ХОД 7
======================================================================
✓ 🎮 GM: начинаем ход
GM: start_turn

--- Радиовышки: сканирование слоя Z ---
  Радиовышка A2 (z=6): видит 3 врагов  → Радиовышка C2(3,5,6), Факел C4(5,3,6), Бурав C6(5,7,6)
  Радиовышка C2 (z=6): видит 2 врагов  → Паук A8(1,4,6), Радиовышка A2(3,4,6)

--- Решения ботов ---
  [Team A] Радиовышка A2 (3,4,6) → MOVE (3,5,5)
  [Team A] Тишина A5 (4,6,6) → MOVE (4,6,5)
  [Team A] Паук A8 (1,4,6) → MINE (2,5,5)
  [Team B] Факел B4 (3,5,5) → SHOOT at (3,5,6)
  [Team B] Тишина B5 (2,4,6) → MOVE (3,4,6)
  [Team C] Артиллерия C1 (4,0,5) → SHOOT at (1,4,6)
  [Team C] Радиовышка C2 (3,5,6) → MOVE (3,4,6)
  [Team C] Факел C4 (5,3,6) → HEAL (AoE)
  [Team C] Бурав C6 (5,7,6) → MOVE (4,6,5)
  [Team C] Провокатор C7 (4,8,5) → HOLOGRAM (3,7,5)
  [Team C] Тишина C5 → SKIP
! 🎮 GM: принудительно завершает фазу планирования
GM: end_planning
# 
============================================================
# 🔄 ОБРАБОТКА ХОДА 7
# ============================================================
!    ⚠️ Провокатор C7: клетка (3,7,5) уже занята голограммой
   💣 Паук A8 установил мину M6 в (2,5,5)

📦 ПЕРЕМЕЩЕНИЯ:
!    ⚠️ Радиовышка A2: клетка (3,5,5) занята
   Тишина A5: (4, 6, 6) → (4,6,5)
!    ⚠️ Тишина B5: клетка (3,4,6) занята
!    ⚠️ Радиовышка C2: клетка (3,4,6) занята
!    ⚠️ Бурав C6: Бурав двигается только по 1 оси или по 2 осям строго диагонально

🎯 ВЫСТРЕЛЫ:
✓    ✅ Факел B4 поразил Радиовышка C2 (1 урона)!
✓    ✅ Артиллерия C1 поразил Паук A8 (2 урона)!
✓    💚 Факел C4 лечит Радиовышка C2 → hits=1/3
   Выпущено ракет: 2
# 
📊 РЕЗУЛЬТАТЫ ХОДА 7:
✓ 💥 ПОПАДАНИЯ:
✓    Факел B4 (Team B) → Радиовышка C2 (Team C)
✓    Артиллерия C1 (Team C) → Паук A8 (Team A)

--- Результаты хода ---
  Team B / Факел B4           → Team C / Радиовышка C2      @ (3,5,6)  (ранен)
  Team C / Артиллерия C1      → Team A / Паук A8            @ (1,4,6)  (УБИТ)

--- Состояние команд после хода ---
  Team A: живых 2/8
    ✓ Радиовышка A2      @ (3,4,6) hp=3/3
    ✓ Тишина A5          @ (4,6,5) hp=2/2
    ✗ Артиллерия A1      @ (7,8,6) [уничтожен]
    ✗ Прыгун A3          @ (6,4,5) [уничтожен]
    ✗ Факел A4           @ (6,8,6) [уничтожен]
    ✗ Бурав A6           @ (3,1,3) [уничтожен]
    ✗ Провокатор A7      @ (7,4,6) [уничтожен]
    ✗ Паук A8            @ (1,4,6) [уничтожен]
  Team B: живых 2/8
    ✓ Факел B4           @ (3,5,5) hp=6/6
    ✓ Тишина B5          @ (2,4,6) hp=2/2
    ✗ Артиллерия B1      @ (9,6,3) [уничтожен]
    ✗ Радиовышка B2      @ (3,4,5) [уничтожен]
    ✗ Прыгун B3          @ (6,4,5) [уничтожен]
    ✗ Бурав B6           @ (3,2,3) [уничтожен]
    ✗ Провокатор B7      @ (3,1,3) [уничтожен]
    ✗ Паук B8            @ (5,4,3) [уничтожен]
  Team C: живых 6/8
    ✓ Артиллерия C1      @ (4,0,5) hp=1/1
    ✓ Радиовышка C2      @ (3,5,6) hp=2/3
    ✓ Факел C4           @ (5,3,6) hp=6/6
    ✓ Тишина C5          @ (4,4,6) hp=2/2
    ✓ Бурав C6           @ (5,7,6) hp=2/4
    ✓ Провокатор C7      @ (4,8,5) hp=2/2
    ✗ Прыгун C3          @ (4,4,5) [уничтожен]
    ✗ Паук C8            @ (6,4,5) [уничтожен]

======================================================================
ХОД 8
======================================================================
✓ 🎮 GM: начинаем ход
GM: start_turn

--- Радиовышки: сканирование слоя Z ---
  Радиовышка A2 (z=6): видит 3 врагов  → Радиовышка C2(3,5,6), Факел C4(5,3,6), Бурав C6(5,7,6)
  Радиовышка C2 (z=6): видит 1 врагов  → Радиовышка A2(3,4,6)

--- Решения ботов ---
  [Team A] Радиовышка A2 (3,4,6) → MOVE (3,5,5)
  [Team A] Тишина A5 (4,6,5) → MOVE (3,6,5)
  [Team B] Факел B4 (3,5,5) → SHOOT at (3,5,6)
  [Team B] Тишина B5 (2,4,6) → MOVE (3,4,6)
  [Team C] Артиллерия C1 (4,0,5) → SHOOT at (3,5,5)
  [Team C] Радиовышка C2 (3,5,6) → MOVE (3,4,6)
  [Team C] Факел C4 (5,3,6) → HEAL (AoE)
  [Team C] Бурав C6 (5,7,6) → MOVE (4,6,5)
  [Team C] Провокатор C7 (4,8,5) → HOLOGRAM (3,7,5)
  [Team C] Тишина C5 → SKIP
! 🎮 GM: принудительно завершает фазу планирования
GM: end_planning
# 
============================================================
# 🔄 ОБРАБОТКА ХОДА 8
# ============================================================
!    ⚠️ Провокатор C7: клетка (3,7,5) уже занята голограммой

📦 ПЕРЕМЕЩЕНИЯ:
!    ⚠️ Радиовышка A2: клетка (3,5,5) занята
   Тишина A5: (4, 6, 5) → (3,6,5)
!    ⚠️ Тишина B5: клетка (3,4,6) занята
!    ⚠️ Радиовышка C2: клетка (3,4,6) занята
!    ⚠️ Бурав C6: Бурав двигается только по 1 оси или по 2 осям строго диагонально

🎯 ВЫСТРЕЛЫ:
✓    ✅ Факел B4 поразил Радиовышка C2 (1 урона)!
✓    ✅ Артиллерия C1 поразил Факел B4 (2 урона)!
✓    💚 Факел C4 лечит Радиовышка C2 → hits=1/3
   Выпущено ракет: 2
# 
📊 РЕЗУЛЬТАТЫ ХОДА 8:
✓ 💥 ПОПАДАНИЯ:
✓    Факел B4 (Team B) → Радиовышка C2 (Team C)
✓    Артиллерия C1 (Team C) → Факел B4 (Team B)

--- Результаты хода ---
  Team B / Факел B4           → Team C / Радиовышка C2      @ (3,5,6)  (ранен)
  Team C / Артиллерия C1      → Team B / Факел B4           @ (3,5,5)  (ранен)

--- Состояние команд после хода ---
  Team A: живых 2/8
    ✓ Радиовышка A2      @ (3,4,6) hp=3/3
    ✓ Тишина A5          @ (3,6,5) hp=2/2
    ✗ Артиллерия A1      @ (7,8,6) [уничтожен]
    ✗ Прыгун A3          @ (6,4,5) [уничтожен]
    ✗ Факел A4           @ (6,8,6) [уничтожен]
    ✗ Бурав A6           @ (3,1,3) [уничтожен]
    ✗ Провокатор A7      @ (7,4,6) [уничтожен]
    ✗ Паук A8            @ (1,4,6) [уничтожен]
  Team B: живых 2/8
    ✓ Факел B4           @ (3,5,5) hp=4/6
    ✓ Тишина B5          @ (2,4,6) hp=2/2
    ✗ Артиллерия B1      @ (9,6,3) [уничтожен]
    ✗ Радиовышка B2      @ (3,4,5) [уничтожен]
    ✗ Прыгун B3          @ (6,4,5) [уничтожен]
    ✗ Бурав B6           @ (3,2,3) [уничтожен]
    ✗ Провокатор B7      @ (3,1,3) [уничтожен]
    ✗ Паук B8            @ (5,4,3) [уничтожен]
  Team C: живых 6/8
    ✓ Артиллерия C1      @ (4,0,5) hp=1/1
    ✓ Радиовышка C2      @ (3,5,6) hp=2/3
    ✓ Факел C4           @ (5,3,6) hp=6/6
    ✓ Тишина C5          @ (4,4,6) hp=2/2
    ✓ Бурав C6           @ (5,7,6) hp=2/4
    ✓ Провокатор C7      @ (4,8,5) hp=2/2
    ✗ Прыгун C3          @ (4,4,5) [уничтожен]
    ✗ Паук C8            @ (6,4,5) [уничтожен]

======================================================================
ХОД 9
======================================================================
✓ 🎮 GM: начинаем ход
GM: start_turn

--- Радиовышки: сканирование слоя Z ---
  Радиовышка A2 (z=6): видит 3 врагов  → Радиовышка C2(3,5,6), Факел C4(5,3,6), Бурав C6(5,7,6)
  Радиовышка C2 (z=6): видит 1 врагов  → Радиовышка A2(3,4,6)

--- Решения ботов ---
  [Team A] Радиовышка A2 (3,4,6) → MOVE (3,5,5)
  [Team A] Тишина A5 → SKIP
  [Team B] Факел B4 (3,5,5) → HEAL (AoE)
  [Team B] Тишина B5 (2,4,6) → MOVE (3,4,6)
  [Team C] Артиллерия C1 (4,0,5) → SHOOT at (3,5,5)
  [Team C] Радиовышка C2 (3,5,6) → MOVE (3,4,6)
  [Team C] Факел C4 (5,3,6) → HEAL (AoE)
  [Team C] Бурав C6 (5,7,6) → MOVE (4,6,5)
  [Team C] Провокатор C7 (4,8,5) → HOLOGRAM (3,7,5)
  [Team C] Тишина C5 → SKIP
! 🎮 GM: принудительно завершает фазу планирования
GM: end_planning
# 
============================================================
# 🔄 ОБРАБОТКА ХОДА 9
# ============================================================
!    ⚠️ Провокатор C7: клетка (3,7,5) уже занята голограммой

📦 ПЕРЕМЕЩЕНИЯ:
!    ⚠️ Радиовышка A2: клетка (3,5,5) занята
!    ⚠️ Тишина B5: клетка (3,4,6) занята
!    ⚠️ Радиовышка C2: клетка (3,4,6) занята
!    ⚠️ Бурав C6: Бурав двигается только по 1 оси или по 2 осям строго диагонально

🎯 ВЫСТРЕЛЫ:
✓    ✅ Артиллерия C1 поразил Факел B4 (2 урона)!
✓    💚 Факел B4 лечит Факел B4 → hits=3/6
✓    💚 Факел C4 лечит Радиовышка C2 → hits=0/3
   Выпущено ракет: 1
# 
📊 РЕЗУЛЬТАТЫ ХОДА 9:
✓ 💥 ПОПАДАНИЯ:
✓    Артиллерия C1 (Team C) → Факел B4 (Team B)

--- Результаты хода ---
  Team C / Артиллерия C1      → Team B / Факел B4           @ (3,5,5)  (ранен)

--- Состояние команд после хода ---
  Team A: живых 2/8
    ✓ Радиовышка A2      @ (3,4,6) hp=3/3
    ✓ Тишина A5          @ (3,6,5) hp=2/2
    ✗ Артиллерия A1      @ (7,8,6) [уничтожен]
    ✗ Прыгун A3          @ (6,4,5) [уничтожен]
    ✗ Факел A4           @ (6,8,6) [уничтожен]
    ✗ Бурав A6           @ (3,1,3) [уничтожен]
    ✗ Провокатор A7      @ (7,4,6) [уничтожен]
    ✗ Паук A8            @ (1,4,6) [уничтожен]
  Team B: живых 2/8
    ✓ Факел B4           @ (3,5,5) hp=3/6
    ✓ Тишина B5          @ (2,4,6) hp=2/2
    ✗ Артиллерия B1      @ (9,6,3) [уничтожен]
    ✗ Радиовышка B2      @ (3,4,5) [уничтожен]
    ✗ Прыгун B3          @ (6,4,5) [уничтожен]
    ✗ Бурав B6           @ (3,2,3) [уничтожен]
    ✗ Провокатор B7      @ (3,1,3) [уничтожен]
    ✗ Паук B8            @ (5,4,3) [уничтожен]
  Team C: живых 6/8
    ✓ Артиллерия C1      @ (4,0,5) hp=1/1
    ✓ Радиовышка C2      @ (3,5,6) hp=3/3
    ✓ Факел C4           @ (5,3,6) hp=6/6
    ✓ Тишина C5          @ (4,4,6) hp=2/2
    ✓ Бурав C6           @ (5,7,6) hp=2/4
    ✓ Провокатор C7      @ (4,8,5) hp=2/2
    ✗ Прыгун C3          @ (4,4,5) [уничтожен]
    ✗ Паук C8            @ (6,4,5) [уничтожен]

======================================================================
ХОД 10
======================================================================
✓ 🎮 GM: начинаем ход
GM: start_turn

--- Радиовышки: сканирование слоя Z ---
  Радиовышка A2 (z=6): видит 3 врагов  → Радиовышка C2(3,5,6), Факел C4(5,3,6), Бурав C6(5,7,6)
  Радиовышка C2 (z=6): видит 1 врагов  → Радиовышка A2(3,4,6)

--- Решения ботов ---
  [Team A] Радиовышка A2 (3,4,6) → MOVE (3,5,5)
  [Team A] Тишина A5 → SKIP
  [Team B] Факел B4 (3,5,5) → HEAL (AoE)
  [Team B] Тишина B5 (2,4,6) → MOVE (3,4,6)
  [Team C] Артиллерия C1 (4,0,5) → SHOOT at (3,5,5)
  [Team C] Радиовышка C2 (3,5,6) → MOVE (3,4,6)
  [Team C] Факел C4 (5,3,6) → MOVE (5,4,6)
  [Team C] Бурав C6 (5,7,6) → MOVE (4,6,5)
  [Team C] Провокатор C7 (4,8,5) → HOLOGRAM (3,7,5)
  [Team C] Тишина C5 → SKIP
! 🎮 GM: принудительно завершает фазу планирования
GM: end_planning
# 
============================================================
# 🔄 ОБРАБОТКА ХОДА 10
# ============================================================
!    ⚠️ Провокатор C7: клетка (3,7,5) уже занята голограммой

📦 ПЕРЕМЕЩЕНИЯ:
!    ⚠️ Радиовышка A2: клетка (3,5,5) занята
!    ⚠️ Тишина B5: клетка (3,4,6) занята
!    ⚠️ Радиовышка C2: клетка (3,4,6) занята
   Факел C4: (5, 3, 6) → (5,4,6)
!    ⚠️ Бурав C6: Бурав двигается только по 1 оси или по 2 осям строго диагонально

🎯 ВЫСТРЕЛЫ:
✓    ✅ Артиллерия C1 поразил Факел B4 (2 урона)!
✓    💚 Факел B4 лечит Факел B4 → hits=4/6
   Выпущено ракет: 1
# 
📊 РЕЗУЛЬТАТЫ ХОДА 10:
✓ 💥 ПОПАДАНИЯ:
✓    Артиллерия C1 (Team C) → Факел B4 (Team B)

--- Результаты хода ---
  Team C / Артиллерия C1      → Team B / Факел B4           @ (3,5,5)  (ранен)

--- Состояние команд после хода ---
  Team A: живых 2/8
    ✓ Радиовышка A2      @ (3,4,6) hp=3/3
    ✓ Тишина A5          @ (3,6,5) hp=2/2
    ✗ Артиллерия A1      @ (7,8,6) [уничтожен]
    ✗ Прыгун A3          @ (6,4,5) [уничтожен]
    ✗ Факел A4           @ (6,8,6) [уничтожен]
    ✗ Бурав A6           @ (3,1,3) [уничтожен]
    ✗ Провокатор A7      @ (7,4,6) [уничтожен]
    ✗ Паук A8            @ (1,4,6) [уничтожен]
  Team B: живых 2/8
    ✓ Факел B4           @ (3,5,5) hp=2/6
    ✓ Тишина B5          @ (2,4,6) hp=2/2
    ✗ Артиллерия B1      @ (9,6,3) [уничтожен]
    ✗ Радиовышка B2      @ (3,4,5) [уничтожен]
    ✗ Прыгун B3          @ (6,4,5) [уничтожен]
    ✗ Бурав B6           @ (3,2,3) [уничтожен]
    ✗ Провокатор B7      @ (3,1,3) [уничтожен]
    ✗ Паук B8            @ (5,4,3) [уничтожен]
  Team C: живых 6/8
    ✓ Артиллерия C1      @ (4,0,5) hp=1/1
    ✓ Радиовышка C2      @ (3,5,6) hp=3/3
    ✓ Факел C4           @ (5,4,6) hp=6/6
    ✓ Тишина C5          @ (4,4,6) hp=2/2
    ✓ Бурав C6           @ (5,7,6) hp=2/4
    ✓ Провокатор C7      @ (4,8,5) hp=2/2
    ✗ Прыгун C3          @ (4,4,5) [уничтожен]
    ✗ Паук C8            @ (6,4,5) [уничтожен]

======================================================================
ХОД 11
======================================================================
✓ 🎮 GM: начинаем ход
GM: start_turn

--- Радиовышки: сканирование слоя Z ---
  Радиовышка A2 (z=6): видит 3 врагов  → Радиовышка C2(3,5,6), Факел C4(5,4,6), Бурав C6(5,7,6)
  Радиовышка C2 (z=6): видит 1 врагов  → Радиовышка A2(3,4,6)

--- Решения ботов ---
  [Team A] Радиовышка A2 (3,4,6) → MOVE (3,5,5)
  [Team A] Тишина A5 → SKIP
  [Team B] Факел B4 (3,5,5) → HEAL (AoE)
  [Team B] Тишина B5 (2,4,6) → MOVE (3,4,6)
  [Team C] Артиллерия C1 (4,0,5) → SHOOT at (3,5,5)
  [Team C] Радиовышка C2 (3,5,6) → MOVE (3,4,6)
  [Team C] Факел C4 (5,4,6) → SHOOT at (3,4,6)
  [Team C] Бурав C6 (5,7,6) → MOVE (4,6,5)
  [Team C] Провокатор C7 (4,8,5) → HOLOGRAM (3,7,5)
  [Team C] Тишина C5 → SKIP
! 🎮 GM: принудительно завершает фазу планирования
GM: end_planning
# 
============================================================
# 🔄 ОБРАБОТКА ХОДА 11
# ============================================================
!    ⚠️ Провокатор C7: клетка (3,7,5) уже занята голограммой

📦 ПЕРЕМЕЩЕНИЯ:
!    ⚠️ Радиовышка A2: клетка (3,5,5) занята
!    ⚠️ Тишина B5: клетка (3,4,6) занята
!    ⚠️ Радиовышка C2: клетка (3,4,6) занята
!    ⚠️ Бурав C6: Бурав двигается только по 1 оси или по 2 осям строго диагонально

🎯 ВЫСТРЕЛЫ:
✓    ✅ Артиллерия C1 поразил Факел B4 (2 урона)!
✓    ✅ Факел C4 поразил Радиовышка A2 (1 урона)!
   Выпущено ракет: 2
# 
📊 РЕЗУЛЬТАТЫ ХОДА 11:
✓ 💥 ПОПАДАНИЯ:
✓    Артиллерия C1 (Team C) → Факел B4 (Team B)
✓    Факел C4 (Team C) → Радиовышка A2 (Team A)

--- Результаты хода ---
  Team C / Артиллерия C1      → Team B / Факел B4           @ (3,5,5)  (УБИТ)
  Team C / Факел C4           → Team A / Радиовышка A2      @ (3,4,6)  (ранен)

--- Состояние команд после хода ---
  Team A: живых 2/8
    ✓ Радиовышка A2      @ (3,4,6) hp=2/3
    ✓ Тишина A5          @ (3,6,5) hp=2/2
    ✗ Артиллерия A1      @ (7,8,6) [уничтожен]
    ✗ Прыгун A3          @ (6,4,5) [уничтожен]
    ✗ Факел A4           @ (6,8,6) [уничтожен]
    ✗ Бурав A6           @ (3,1,3) [уничтожен]
    ✗ Провокатор A7      @ (7,4,6) [уничтожен]
    ✗ Паук A8            @ (1,4,6) [уничтожен]
  Team B: живых 1/8
    ✓ Тишина B5          @ (2,4,6) hp=2/2
    ✗ Артиллерия B1      @ (9,6,3) [уничтожен]
    ✗ Радиовышка B2      @ (3,4,5) [уничтожен]
    ✗ Прыгун B3          @ (6,4,5) [уничтожен]
    ✗ Факел B4           @ (3,5,5) [уничтожен]
    ✗ Бурав B6           @ (3,2,3) [уничтожен]
    ✗ Провокатор B7      @ (3,1,3) [уничтожен]
    ✗ Паук B8            @ (5,4,3) [уничтожен]
  Team C: живых 6/8
    ✓ Артиллерия C1      @ (4,0,5) hp=1/1
    ✓ Радиовышка C2      @ (3,5,6) hp=3/3
    ✓ Факел C4           @ (5,4,6) hp=6/6
    ✓ Тишина C5          @ (4,4,6) hp=2/2
    ✓ Бурав C6           @ (5,7,6) hp=2/4
    ✓ Провокатор C7      @ (4,8,5) hp=2/2
    ✗ Прыгун C3          @ (4,4,5) [уничтожен]
    ✗ Паук C8            @ (6,4,5) [уничтожен]

======================================================================
ХОД 12
======================================================================
✓ 🎮 GM: начинаем ход
GM: start_turn

--- Радиовышки: сканирование слоя Z ---
  Радиовышка A2 (z=6): видит 3 врагов  → Радиовышка C2(3,5,6), Факел C4(5,4,6), Бурав C6(5,7,6)
  Радиовышка C2 (z=6): видит 1 врагов  → Радиовышка A2(3,4,6)

--- Решения ботов ---
  [Team A] Радиовышка A2 (3,4,6) → MOVE (3,5,6)
  [Team A] Тишина A5 (3,6,5) → MOVE (3,6,6)
  [Team B] Тишина B5 (2,4,6) → MOVE (3,4,6)
  [Team C] Артиллерия C1 (4,0,5) → SHOOT at (3,4,6)
  [Team C] Радиовышка C2 (3,5,6) → MOVE (3,4,6)
  [Team C] Факел C4 (5,4,6) → SHOOT at (3,4,6)
  [Team C] Тишина C5 (4,4,6) → PHASE toggle
  [Team C] Бурав C6 (5,7,6) → MOVE (4,6,6)
  [Team C] Провокатор C7 (4,8,5) → HOLOGRAM (3,7,6)
! 🎮 GM: принудительно завершает фазу планирования
GM: end_planning
# 
============================================================
# 🔄 ОБРАБОТКА ХОДА 12
# ============================================================
   🌀 Тишина C5: фаза ВЫКЛ
   🪞 Провокатор C7 создал голограмму H8 в (3,7,6)

📦 ПЕРЕМЕЩЕНИЯ:
!    ⚠️ Радиовышка A2: клетка (3,5,6) занята
   Тишина A5: (3, 6, 5) → (3,6,6)
!    ⚠️ Тишина B5: клетка (3,4,6) занята
!    ⚠️ Радиовышка C2: клетка (3,4,6) занята
   Бурав C6: (5, 7, 6) → (4,6,6)

🎯 ВЫСТРЕЛЫ:
!    🛡️ Выстрел Факел C4 заблокирован союзником Тишина C5 в (4, 4, 6)
✓    ✅ Артиллерия C1 поразил Радиовышка A2 (2 урона)!
   Выпущено ракет: 2
# 
📊 РЕЗУЛЬТАТЫ ХОДА 12:
✓ 💥 ПОПАДАНИЯ:
✓    Артиллерия C1 (Team C) → Радиовышка A2 (Team A)

--- Результаты хода ---
  Team C / Артиллерия C1      → Team A / Радиовышка A2      @ (3,4,6)  (УБИТ)

--- Состояние команд после хода ---
  Team A: живых 1/8
    ✓ Тишина A5          @ (3,6,6) hp=2/2
    ✗ Артиллерия A1      @ (7,8,6) [уничтожен]
    ✗ Радиовышка A2      @ (3,4,6) [уничтожен]
    ✗ Прыгун A3          @ (6,4,5) [уничтожен]
    ✗ Факел A4           @ (6,8,6) [уничтожен]
    ✗ Бурав A6           @ (3,1,3) [уничтожен]
    ✗ Провокатор A7      @ (7,4,6) [уничтожен]
    ✗ Паук A8            @ (1,4,6) [уничтожен]
  Team B: живых 1/8
    ✓ Тишина B5          @ (2,4,6) hp=2/2
    ✗ Артиллерия B1      @ (9,6,3) [уничтожен]
    ✗ Радиовышка B2      @ (3,4,5) [уничтожен]
    ✗ Прыгун B3          @ (6,4,5) [уничтожен]
    ✗ Факел B4           @ (3,5,5) [уничтожен]
    ✗ Бурав B6           @ (3,2,3) [уничтожен]
    ✗ Провокатор B7      @ (3,1,3) [уничтожен]
    ✗ Паук B8            @ (5,4,3) [уничтожен]
  Team C: живых 6/8
    ✓ Артиллерия C1      @ (4,0,5) hp=1/1
    ✓ Радиовышка C2      @ (3,5,6) hp=3/3
    ✓ Факел C4           @ (5,4,6) hp=6/6
    ✓ Тишина C5          @ (4,4,6) hp=2/2
    ✓ Бурав C6           @ (4,6,6) hp=2/4
    ✓ Провокатор C7      @ (4,8,5) hp=2/2
    ✗ Прыгун C3          @ (4,4,5) [уничтожен]
    ✗ Паук C8            @ (6,4,5) [уничтожен]

======================================================================
ХОД 13
======================================================================
✓ 🎮 GM: начинаем ход
GM: start_turn

--- Радиовышки: сканирование слоя Z ---
  Радиовышка C2 (z=6): слой чист

--- Решения ботов ---
  [Team A] Тишина A5 (3,6,6) → MOVE (3,5,6)
  [Team B] Тишина B5 (2,4,6) → MOVE (3,5,6)
  [Team C] Артиллерия C1 (4,0,5) → SHOOT at (0,5,0)
  [Team C] Радиовышка C2 (3,5,6) → MOVE (4,5,5)
  [Team C] Факел C4 (5,4,6) → HEAL (AoE)
  [Team C] Тишина C5 (4,4,6) → MOVE (5,5,5)
  [Team C] Бурав C6 (4,6,6) → MOVE (4,6,5)
  [Team C] Провокатор C7 (4,8,5) → MOVE (5,7,5)
! 🎮 GM: принудительно завершает фазу планирования
GM: end_planning
# 
============================================================
# 🔄 ОБРАБОТКА ХОДА 13
# ============================================================

📦 ПЕРЕМЕЩЕНИЯ:
!    ⚠️ Тишина A5: клетка (3,5,6) занята
!    ⚠️ Тишина B5: клетка (3,5,6) занята
   Радиовышка C2: (3, 5, 6) → (4,5,5)
   Тишина C5: (4, 4, 6) → (5,5,5)
   Бурав C6: (4, 6, 6) → (4,6,5)
   Провокатор C7: (4, 8, 5) → (5,7,5)

🎯 ВЫСТРЕЛЫ:
✓    💚 Факел C4 лечит Бурав C6 → hits=1/4
   Выпущено ракет: 1
# 
📊 РЕЗУЛЬТАТЫ ХОДА 13:
🎯 Попаданий нет

--- Результаты хода ---
  Попаданий нет

--- Состояние команд после хода ---
  Team A: живых 1/8
    ✓ Тишина A5          @ (3,6,6) hp=2/2
    ✗ Артиллерия A1      @ (7,8,6) [уничтожен]
    ✗ Радиовышка A2      @ (3,4,6) [уничтожен]
    ✗ Прыгун A3          @ (6,4,5) [уничтожен]
    ✗ Факел A4           @ (6,8,6) [уничтожен]
    ✗ Бурав A6           @ (3,1,3) [уничтожен]
    ✗ Провокатор A7      @ (7,4,6) [уничтожен]
    ✗ Паук A8            @ (1,4,6) [уничтожен]
  Team B: живых 1/8
    ✓ Тишина B5          @ (2,4,6) hp=2/2
    ✗ Артиллерия B1      @ (9,6,3) [уничтожен]
    ✗ Радиовышка B2      @ (3,4,5) [уничтожен]
    ✗ Прыгун B3          @ (6,4,5) [уничтожен]
    ✗ Факел B4           @ (3,5,5) [уничтожен]
    ✗ Бурав B6           @ (3,2,3) [уничтожен]
    ✗ Провокатор B7      @ (3,1,3) [уничтожен]
    ✗ Паук B8            @ (5,4,3) [уничтожен]
  Team C: живых 6/8
    ✓ Артиллерия C1      @ (4,0,5) hp=1/1
    ✓ Радиовышка C2      @ (4,5,5) hp=3/3
    ✓ Факел C4           @ (5,4,6) hp=6/6
    ✓ Тишина C5          @ (5,5,5) hp=2/2
    ✓ Бурав C6           @ (4,6,5) hp=3/4
    ✓ Провокатор C7      @ (5,7,5) hp=2/2
    ✗ Прыгун C3          @ (4,4,5) [уничтожен]
    ✗ Паук C8            @ (6,4,5) [уничтожен]

======================================================================
ХОД 14
======================================================================
✓ 🎮 GM: начинаем ход
GM: start_turn

--- Радиовышки: сканирование слоя Z ---
  Радиовышка C2 (z=5): слой чист

--- Решения ботов ---
  [Team A] Тишина A5 (3,6,6) → MOVE (4,5,5)
  [Team B] Тишина B5 (2,4,6) → MOVE (3,5,5)
  [Team C] Артиллерия C1 (4,0,5) → SHOOT at (9,4,9)
  [Team C] Факел C4 (5,4,6) → HEAL (AoE)
  [Team C] Бурав C6 (4,6,5) → MOVE (5,6,5)
  [Team C] Тишина C5 → SKIP
  [Team C] Провокатор C7 → SKIP
  [Team C] Радиовышка C2 → SKIP
! 🎮 GM: принудительно завершает фазу планирования
GM: end_planning
# 
============================================================
# 🔄 ОБРАБОТКА ХОДА 14
# ============================================================

📦 ПЕРЕМЕЩЕНИЯ:
!    ⚠️ Тишина A5: клетка (4,5,5) занята
   Тишина B5: (2, 4, 6) → (3,5,5)
   Бурав C6: (4, 6, 5) → (5,6,5)

🎯 ВЫСТРЕЛЫ:
✓    💚 Факел C4 лечит Бурав C6 → hits=0/4
   Выпущено ракет: 1
# 
📊 РЕЗУЛЬТАТЫ ХОДА 14:
🎯 Попаданий нет

--- Результаты хода ---
  Попаданий нет

--- Состояние команд после хода ---
  Team A: живых 1/8
    ✓ Тишина A5          @ (3,6,6) hp=2/2
    ✗ Артиллерия A1      @ (7,8,6) [уничтожен]
    ✗ Радиовышка A2      @ (3,4,6) [уничтожен]
    ✗ Прыгун A3          @ (6,4,5) [уничтожен]
    ✗ Факел A4           @ (6,8,6) [уничтожен]
    ✗ Бурав A6           @ (3,1,3) [уничтожен]
    ✗ Провокатор A7      @ (7,4,6) [уничтожен]
    ✗ Паук A8            @ (1,4,6) [уничтожен]
  Team B: живых 1/8
    ✓ Тишина B5          @ (3,5,5) hp=2/2
    ✗ Артиллерия B1      @ (9,6,3) [уничтожен]
    ✗ Радиовышка B2      @ (3,4,5) [уничтожен]
    ✗ Прыгун B3          @ (6,4,5) [уничтожен]
    ✗ Факел B4           @ (3,5,5) [уничтожен]
    ✗ Бурав B6           @ (3,2,3) [уничтожен]
    ✗ Провокатор B7      @ (3,1,3) [уничтожен]
    ✗ Паук B8            @ (5,4,3) [уничтожен]
  Team C: живых 6/8
    ✓ Артиллерия C1      @ (4,0,5) hp=1/1
    ✓ Радиовышка C2      @ (4,5,5) hp=3/3
    ✓ Факел C4           @ (5,4,6) hp=6/6
    ✓ Тишина C5          @ (5,5,5) hp=2/2
    ✓ Бурав C6           @ (5,6,5) hp=4/4
    ✓ Провокатор C7      @ (5,7,5) hp=2/2
    ✗ Прыгун C3          @ (4,4,5) [уничтожен]
    ✗ Паук C8            @ (6,4,5) [уничтожен]

======================================================================
ХОД 15
======================================================================
✓ 🎮 GM: начинаем ход
GM: start_turn

--- Радиовышки: сканирование слоя Z ---
  Радиовышка C2 (z=5): слой чист

--- Решения ботов ---
  [Team A] Тишина A5 (3,6,6) → MOVE (4,5,5)
  [Team B] Тишина B5 (3,5,5) → MOVE (4,5,5)
  [Team C] Артиллерия C1 (4,0,5) → SHOOT at (0,5,0)
  [Team C] Факел C4 (5,4,6) → MOVE (4,3,5)
  [Team C] Тишина C5 → SKIP
  [Team C] Бурав C6 → SKIP
  [Team C] Провокатор C7 → SKIP
  [Team C] Радиовышка C2 → SKIP
! 🎮 GM: принудительно завершает фазу планирования
GM: end_planning
# 
============================================================
# 🔄 ОБРАБОТКА ХОДА 15
# ============================================================

📦 ПЕРЕМЕЩЕНИЯ:
!    ⚠️ Тишина A5: клетка (4,5,5) занята
!    ⚠️ Тишина B5: клетка (4,5,5) занята
   Факел C4: (5, 4, 6) → (4,3,5)

🎯 ВЫСТРЕЛЫ:
   Выпущено ракет: 1
# 
📊 РЕЗУЛЬТАТЫ ХОДА 15:
🎯 Попаданий нет

--- Результаты хода ---
  Попаданий нет

--- Состояние команд после хода ---
  Team A: живых 1/8
    ✓ Тишина A5          @ (3,6,6) hp=2/2
    ✗ Артиллерия A1      @ (7,8,6) [уничтожен]
    ✗ Радиовышка A2      @ (3,4,6) [уничтожен]
    ✗ Прыгун A3          @ (6,4,5) [уничтожен]
    ✗ Факел A4           @ (6,8,6) [уничтожен]
    ✗ Бурав A6           @ (3,1,3) [уничтожен]
    ✗ Провокатор A7      @ (7,4,6) [уничтожен]
    ✗ Паук A8            @ (1,4,6) [уничтожен]
  Team B: живых 1/8
    ✓ Тишина B5          @ (3,5,5) hp=2/2
    ✗ Артиллерия B1      @ (9,6,3) [уничтожен]
    ✗ Радиовышка B2      @ (3,4,5) [уничтожен]
    ✗ Прыгун B3          @ (6,4,5) [уничтожен]
    ✗ Факел B4           @ (3,5,5) [уничтожен]
    ✗ Бурав B6           @ (3,2,3) [уничтожен]
    ✗ Провокатор B7      @ (3,1,3) [уничтожен]
    ✗ Паук B8            @ (5,4,3) [уничтожен]
  Team C: живых 6/8
    ✓ Артиллерия C1      @ (4,0,5) hp=1/1
    ✓ Радиовышка C2      @ (4,5,5) hp=3/3
    ✓ Факел C4           @ (4,3,5) hp=6/6
    ✓ Тишина C5          @ (5,5,5) hp=2/2
    ✓ Бурав C6           @ (5,6,5) hp=4/4
    ✓ Провокатор C7      @ (5,7,5) hp=2/2
    ✗ Прыгун C3          @ (4,4,5) [уничтожен]
    ✗ Паук C8            @ (6,4,5) [уничтожен]

======================================================================
ХОД 16
======================================================================
✓ 🎮 GM: начинаем ход
GM: start_turn

--- Радиовышки: сканирование слоя Z ---
  Радиовышка C2 (z=5): слой чист

--- Решения ботов ---
  [Team A] Тишина A5 (3,6,6) → MOVE (4,5,5)
  [Team B] Тишина B5 (3,5,5) → MOVE (4,5,5)
  [Team C] Артиллерия C1 (4,0,5) → SHOOT at (0,0,1)
  [Team C] Факел C4 (4,3,5) → MOVE (4,2,5)
  [Team C] Тишина C5 → SKIP
  [Team C] Бурав C6 → SKIP
  [Team C] Провокатор C7 → SKIP
  [Team C] Радиовышка C2 → SKIP
! 🎮 GM: принудительно завершает фазу планирования
GM: end_planning
# 
============================================================
# 🔄 ОБРАБОТКА ХОДА 16
# ============================================================

📦 ПЕРЕМЕЩЕНИЯ:
!    ⚠️ Тишина A5: клетка (4,5,5) занята
!    ⚠️ Тишина B5: клетка (4,5,5) занята
   Факел C4: (4, 3, 5) → (4,2,5)

🎯 ВЫСТРЕЛЫ:
   Выпущено ракет: 1
# 
📊 РЕЗУЛЬТАТЫ ХОДА 16:
🎯 Попаданий нет

--- Результаты хода ---
  Попаданий нет

--- Состояние команд после хода ---
  Team A: живых 1/8
    ✓ Тишина A5          @ (3,6,6) hp=2/2
    ✗ Артиллерия A1      @ (7,8,6) [уничтожен]
    ✗ Радиовышка A2      @ (3,4,6) [уничтожен]
    ✗ Прыгун A3          @ (6,4,5) [уничтожен]
    ✗ Факел A4           @ (6,8,6) [уничтожен]
    ✗ Бурав A6           @ (3,1,3) [уничтожен]
    ✗ Провокатор A7      @ (7,4,6) [уничтожен]
    ✗ Паук A8            @ (1,4,6) [уничтожен]
  Team B: живых 1/8
    ✓ Тишина B5          @ (3,5,5) hp=2/2
    ✗ Артиллерия B1      @ (9,6,3) [уничтожен]
    ✗ Радиовышка B2      @ (3,4,5) [уничтожен]
    ✗ Прыгун B3          @ (6,4,5) [уничтожен]
    ✗ Факел B4           @ (3,5,5) [уничтожен]
    ✗ Бурав B6           @ (3,2,3) [уничтожен]
    ✗ Провокатор B7      @ (3,1,3) [уничтожен]
    ✗ Паук B8            @ (5,4,3) [уничтожен]
  Team C: живых 6/8
    ✓ Артиллерия C1      @ (4,0,5) hp=1/1
    ✓ Радиовышка C2      @ (4,5,5) hp=3/3
    ✓ Факел C4           @ (4,2,5) hp=6/6
    ✓ Тишина C5          @ (5,5,5) hp=2/2
    ✓ Бурав C6           @ (5,6,5) hp=4/4
    ✓ Провокатор C7      @ (5,7,5) hp=2/2
    ✗ Прыгун C3          @ (4,4,5) [уничтожен]
    ✗ Паук C8            @ (6,4,5) [уничтожен]

======================================================================
ХОД 17
======================================================================
✓ 🎮 GM: начинаем ход
GM: start_turn

--- Радиовышки: сканирование слоя Z ---
  Радиовышка C2 (z=5): слой чист

--- Решения ботов ---
  [Team A] Тишина A5 (3,6,6) → MOVE (4,5,5)
  [Team B] Тишина B5 (3,5,5) → MOVE (4,5,5)
  [Team C] Артиллерия C1 (4,0,5) → SHOOT at (9,9,9)
  [Team C] Факел C4 (4,2,5) → MOVE (4,1,5)
  [Team C] Тишина C5 → SKIP
  [Team C] Бурав C6 → SKIP
  [Team C] Провокатор C7 → SKIP
  [Team C] Радиовышка C2 → SKIP
! 🎮 GM: принудительно завершает фазу планирования
GM: end_planning
# 
============================================================
# 🔄 ОБРАБОТКА ХОДА 17
# ============================================================

📦 ПЕРЕМЕЩЕНИЯ:
!    ⚠️ Тишина A5: клетка (4,5,5) занята
!    ⚠️ Тишина B5: клетка (4,5,5) занята
   Факел C4: (4, 2, 5) → (4,1,5)

🎯 ВЫСТРЕЛЫ:
   Выпущено ракет: 1
# 
📊 РЕЗУЛЬТАТЫ ХОДА 17:
🎯 Попаданий нет

--- Результаты хода ---
  Попаданий нет

--- Состояние команд после хода ---
  Team A: живых 1/8
    ✓ Тишина A5          @ (3,6,6) hp=2/2
    ✗ Артиллерия A1      @ (7,8,6) [уничтожен]
    ✗ Радиовышка A2      @ (3,4,6) [уничтожен]
    ✗ Прыгун A3          @ (6,4,5) [уничтожен]
    ✗ Факел A4           @ (6,8,6) [уничтожен]
    ✗ Бурав A6           @ (3,1,3) [уничтожен]
    ✗ Провокатор A7      @ (7,4,6) [уничтожен]
    ✗ Паук A8            @ (1,4,6) [уничтожен]
  Team B: живых 1/8
    ✓ Тишина B5          @ (3,5,5) hp=2/2
    ✗ Артиллерия B1      @ (9,6,3) [уничтожен]
    ✗ Радиовышка B2      @ (3,4,5) [уничтожен]
    ✗ Прыгун B3          @ (6,4,5) [уничтожен]
    ✗ Факел B4           @ (3,5,5) [уничтожен]
    ✗ Бурав B6           @ (3,2,3) [уничтожен]
    ✗ Провокатор B7      @ (3,1,3) [уничтожен]
    ✗ Паук B8            @ (5,4,3) [уничтожен]
  Team C: живых 6/8
    ✓ Артиллерия C1      @ (4,0,5) hp=1/1
    ✓ Радиовышка C2      @ (4,5,5) hp=3/3
    ✓ Факел C4           @ (4,1,5) hp=6/6
    ✓ Тишина C5          @ (5,5,5) hp=2/2
    ✓ Бурав C6           @ (5,6,5) hp=4/4
    ✓ Провокатор C7      @ (5,7,5) hp=2/2
    ✗ Прыгун C3          @ (4,4,5) [уничтожен]
    ✗ Паук C8            @ (6,4,5) [уничтожен]

======================================================================
ХОД 18
======================================================================
✓ 🎮 GM: начинаем ход
GM: start_turn

--- Радиовышки: сканирование слоя Z ---
  Радиовышка C2 (z=5): слой чист

--- Решения ботов ---
  [Team A] Тишина A5 (3,6,6) → MOVE (4,5,5)
  [Team B] Тишина B5 (3,5,5) → MOVE (4,5,5)
  [Team C] Артиллерия C1 (4,0,5) → SHOOT at (9,4,9)
  [Team C] Тишина C5 → SKIP
  [Team C] Радиовышка C2 → SKIP
  [Team C] Факел C4 → SKIP
  [Team C] Бурав C6 → SKIP
  [Team C] Провокатор C7 → SKIP
! 🎮 GM: принудительно завершает фазу планирования
GM: end_planning
# 
============================================================
# 🔄 ОБРАБОТКА ХОДА 18
# ============================================================

📦 ПЕРЕМЕЩЕНИЯ:
!    ⚠️ Тишина A5: клетка (4,5,5) занята
!    ⚠️ Тишина B5: клетка (4,5,5) занята

🎯 ВЫСТРЕЛЫ:
   Выпущено ракет: 1
# 
📊 РЕЗУЛЬТАТЫ ХОДА 18:
🎯 Попаданий нет

--- Результаты хода ---
  Попаданий нет

--- Состояние команд после хода ---
  Team A: живых 1/8
    ✓ Тишина A5          @ (3,6,6) hp=2/2
    ✗ Артиллерия A1      @ (7,8,6) [уничтожен]
    ✗ Радиовышка A2      @ (3,4,6) [уничтожен]
    ✗ Прыгун A3          @ (6,4,5) [уничтожен]
    ✗ Факел A4           @ (6,8,6) [уничтожен]
    ✗ Бурав A6           @ (3,1,3) [уничтожен]
    ✗ Провокатор A7      @ (7,4,6) [уничтожен]
    ✗ Паук A8            @ (1,4,6) [уничтожен]
  Team B: живых 1/8
    ✓ Тишина B5          @ (3,5,5) hp=2/2
    ✗ Артиллерия B1      @ (9,6,3) [уничтожен]
    ✗ Радиовышка B2      @ (3,4,5) [уничтожен]
    ✗ Прыгун B3          @ (6,4,5) [уничтожен]
    ✗ Факел B4           @ (3,5,5) [уничтожен]
    ✗ Бурав B6           @ (3,2,3) [уничтожен]
    ✗ Провокатор B7      @ (3,1,3) [уничтожен]
    ✗ Паук B8            @ (5,4,3) [уничтожен]
  Team C: живых 6/8
    ✓ Артиллерия C1      @ (4,0,5) hp=1/1
    ✓ Радиовышка C2      @ (4,5,5) hp=3/3
    ✓ Факел C4           @ (4,1,5) hp=6/6
    ✓ Тишина C5          @ (5,5,5) hp=2/2
    ✓ Бурав C6           @ (5,6,5) hp=4/4
    ✓ Провокатор C7      @ (5,7,5) hp=2/2
    ✗ Прыгун C3          @ (4,4,5) [уничтожен]
    ✗ Паук C8            @ (6,4,5) [уничтожен]

======================================================================
ХОД 19
======================================================================
✓ 🎮 GM: начинаем ход
GM: start_turn

--- Радиовышки: сканирование слоя Z ---
  Радиовышка C2 (z=5): слой чист

--- Решения ботов ---
  [Team A] Тишина A5 (3,6,6) → MOVE (4,5,5)
  [Team B] Тишина B5 (3,5,5) → MOVE (4,5,5)
  [Team C] Артиллерия C1 (4,0,5) → SHOOT at (0,0,1)
  [Team C] Тишина C5 → SKIP
  [Team C] Радиовышка C2 → SKIP
  [Team C] Факел C4 → SKIP
  [Team C] Бурав C6 → SKIP
  [Team C] Провокатор C7 → SKIP
! 🎮 GM: принудительно завершает фазу планирования
GM: end_planning
# 
============================================================
# 🔄 ОБРАБОТКА ХОДА 19
# ============================================================

📦 ПЕРЕМЕЩЕНИЯ:
!    ⚠️ Тишина A5: клетка (4,5,5) занята
!    ⚠️ Тишина B5: клетка (4,5,5) занята

🎯 ВЫСТРЕЛЫ:
   Выпущено ракет: 1
# 
📊 РЕЗУЛЬТАТЫ ХОДА 19:
🎯 Попаданий нет

--- Результаты хода ---
  Попаданий нет

--- Состояние команд после хода ---
  Team A: живых 1/8
    ✓ Тишина A5          @ (3,6,6) hp=2/2
    ✗ Артиллерия A1      @ (7,8,6) [уничтожен]
    ✗ Радиовышка A2      @ (3,4,6) [уничтожен]
    ✗ Прыгун A3          @ (6,4,5) [уничтожен]
    ✗ Факел A4           @ (6,8,6) [уничтожен]
    ✗ Бурав A6           @ (3,1,3) [уничтожен]
    ✗ Провокатор A7      @ (7,4,6) [уничтожен]
    ✗ Паук A8            @ (1,4,6) [уничтожен]
  Team B: живых 1/8
    ✓ Тишина B5          @ (3,5,5) hp=2/2
    ✗ Артиллерия B1      @ (9,6,3) [уничтожен]
    ✗ Радиовышка B2      @ (3,4,5) [уничтожен]
    ✗ Прыгун B3          @ (6,4,5) [уничтожен]
    ✗ Факел B4           @ (3,5,5) [уничтожен]
    ✗ Бурав B6           @ (3,2,3) [уничтожен]
    ✗ Провокатор B7      @ (3,1,3) [уничтожен]
    ✗ Паук B8            @ (5,4,3) [уничтожен]
  Team C: живых 6/8
    ✓ Артиллерия C1      @ (4,0,5) hp=1/1
    ✓ Радиовышка C2      @ (4,5,5) hp=3/3
    ✓ Факел C4           @ (4,1,5) hp=6/6
    ✓ Тишина C5          @ (5,5,5) hp=2/2
    ✓ Бурав C6           @ (5,6,5) hp=4/4
    ✓ Провокатор C7      @ (5,7,5) hp=2/2
    ✗ Прыгун C3          @ (4,4,5) [уничтожен]
    ✗ Паук C8            @ (6,4,5) [уничтожен]

======================================================================
ХОД 20
======================================================================
✓ 🎮 GM: начинаем ход
GM: start_turn

--- Радиовышки: сканирование слоя Z ---
  Радиовышка C2 (z=5): слой чист

--- Решения ботов ---
  [Team A] Тишина A5 (3,6,6) → MOVE (4,5,5)
  [Team B] Тишина B5 (3,5,5) → MOVE (4,5,5)
  [Team C] Артиллерия C1 (4,0,5) → SHOOT at (0,5,0)
  [Team C] Тишина C5 → SKIP
  [Team C] Радиовышка C2 → SKIP
  [Team C] Факел C4 → SKIP
  [Team C] Бурав C6 → SKIP
  [Team C] Провокатор C7 → SKIP
! 🎮 GM: принудительно завершает фазу планирования
GM: end_planning
# 
============================================================
# 🔄 ОБРАБОТКА ХОДА 20
# ============================================================

📦 ПЕРЕМЕЩЕНИЯ:
!    ⚠️ Тишина A5: клетка (4,5,5) занята
!    ⚠️ Тишина B5: клетка (4,5,5) занята

🎯 ВЫСТРЕЛЫ:
   Выпущено ракет: 1
# 
📊 РЕЗУЛЬТАТЫ ХОДА 20:
🎯 Попаданий нет

--- Результаты хода ---
  Попаданий нет

--- Состояние команд после хода ---
  Team A: живых 1/8
    ✓ Тишина A5          @ (3,6,6) hp=2/2
    ✗ Артиллерия A1      @ (7,8,6) [уничтожен]
    ✗ Радиовышка A2      @ (3,4,6) [уничтожен]
    ✗ Прыгун A3          @ (6,4,5) [уничтожен]
    ✗ Факел A4           @ (6,8,6) [уничтожен]
    ✗ Бурав A6           @ (3,1,3) [уничтожен]
    ✗ Провокатор A7      @ (7,4,6) [уничтожен]
    ✗ Паук A8            @ (1,4,6) [уничтожен]
  Team B: живых 1/8
    ✓ Тишина B5          @ (3,5,5) hp=2/2
    ✗ Артиллерия B1      @ (9,6,3) [уничтожен]
    ✗ Радиовышка B2      @ (3,4,5) [уничтожен]
    ✗ Прыгун B3          @ (6,4,5) [уничтожен]
    ✗ Факел B4           @ (3,5,5) [уничтожен]
    ✗ Бурав B6           @ (3,2,3) [уничтожен]
    ✗ Провокатор B7      @ (3,1,3) [уничтожен]
    ✗ Паук B8            @ (5,4,3) [уничтожен]
  Team C: живых 6/8
    ✓ Артиллерия C1      @ (4,0,5) hp=1/1
    ✓ Радиовышка C2      @ (4,5,5) hp=3/3
    ✓ Факел C4           @ (4,1,5) hp=6/6
    ✓ Тишина C5          @ (5,5,5) hp=2/2
    ✓ Бурав C6           @ (5,6,5) hp=4/4
    ✓ Провокатор C7      @ (5,7,5) hp=2/2
    ✗ Прыгун C3          @ (4,4,5) [уничтожен]
    ✗ Паук C8            @ (6,4,5) [уничтожен]

======================================================================
ХОД 21
======================================================================
✓ 🎮 GM: начинаем ход
GM: start_turn

--- Радиовышки: сканирование слоя Z ---
  Радиовышка C2 (z=5): слой чист

--- Решения ботов ---
  [Team A] Тишина A5 (3,6,6) → MOVE (4,5,5)
  [Team B] Тишина B5 (3,5,5) → MOVE (4,5,5)
  [Team C] Артиллерия C1 (4,0,5) → SHOOT at (9,4,9)
  [Team C] Тишина C5 → SKIP
  [Team C] Радиовышка C2 → SKIP
  [Team C] Факел C4 → SKIP
  [Team C] Бурав C6 → SKIP
  [Team C] Провокатор C7 → SKIP
! 🎮 GM: принудительно завершает фазу планирования
GM: end_planning
# 
============================================================
# 🔄 ОБРАБОТКА ХОДА 21
# ============================================================

📦 ПЕРЕМЕЩЕНИЯ:
!    ⚠️ Тишина A5: клетка (4,5,5) занята
!    ⚠️ Тишина B5: клетка (4,5,5) занята

🎯 ВЫСТРЕЛЫ:
   Выпущено ракет: 1
# 
📊 РЕЗУЛЬТАТЫ ХОДА 21:
🎯 Попаданий нет

--- Результаты хода ---
  Попаданий нет

--- Состояние команд после хода ---
  Team A: живых 1/8
    ✓ Тишина A5          @ (3,6,6) hp=2/2
    ✗ Артиллерия A1      @ (7,8,6) [уничтожен]
    ✗ Радиовышка A2      @ (3,4,6) [уничтожен]
    ✗ Прыгун A3          @ (6,4,5) [уничтожен]
    ✗ Факел A4           @ (6,8,6) [уничтожен]
    ✗ Бурав A6           @ (3,1,3) [уничтожен]
    ✗ Провокатор A7      @ (7,4,6) [уничтожен]
    ✗ Паук A8            @ (1,4,6) [уничтожен]
  Team B: живых 1/8
    ✓ Тишина B5          @ (3,5,5) hp=2/2
    ✗ Артиллерия B1      @ (9,6,3) [уничтожен]
    ✗ Радиовышка B2      @ (3,4,5) [уничтожен]
    ✗ Прыгун B3          @ (6,4,5) [уничтожен]
    ✗ Факел B4           @ (3,5,5) [уничтожен]
    ✗ Бурав B6           @ (3,2,3) [уничтожен]
    ✗ Провокатор B7      @ (3,1,3) [уничтожен]
    ✗ Паук B8            @ (5,4,3) [уничтожен]
  Team C: живых 6/8
    ✓ Артиллерия C1      @ (4,0,5) hp=1/1
    ✓ Радиовышка C2      @ (4,5,5) hp=3/3
    ✓ Факел C4           @ (4,1,5) hp=6/6
    ✓ Тишина C5          @ (5,5,5) hp=2/2
    ✓ Бурав C6           @ (5,6,5) hp=4/4
    ✓ Провокатор C7      @ (5,7,5) hp=2/2
    ✗ Прыгун C3          @ (4,4,5) [уничтожен]
    ✗ Паук C8            @ (6,4,5) [уничтожен]

======================================================================
ХОД 22
======================================================================
✓ 🎮 GM: начинаем ход
GM: start_turn

--- Радиовышки: сканирование слоя Z ---
  Радиовышка C2 (z=5): слой чист

--- Решения ботов ---
  [Team A] Тишина A5 (3,6,6) → MOVE (4,5,5)
  [Team B] Тишина B5 (3,5,5) → MOVE (4,5,5)
  [Team C] Артиллерия C1 (4,0,5) → SHOOT at (9,9,8)
  [Team C] Тишина C5 → SKIP
  [Team C] Радиовышка C2 → SKIP
  [Team C] Факел C4 → SKIP
  [Team C] Бурав C6 → SKIP
  [Team C] Провокатор C7 → SKIP
! 🎮 GM: принудительно завершает фазу планирования
GM: end_planning
# 
============================================================
# 🔄 ОБРАБОТКА ХОДА 22
# ============================================================

📦 ПЕРЕМЕЩЕНИЯ:
!    ⚠️ Тишина A5: клетка (4,5,5) занята
!    ⚠️ Тишина B5: клетка (4,5,5) занята

🎯 ВЫСТРЕЛЫ:
   Выпущено ракет: 1
# 
📊 РЕЗУЛЬТАТЫ ХОДА 22:
🎯 Попаданий нет

--- Результаты хода ---
  Попаданий нет

--- Состояние команд после хода ---
  Team A: живых 1/8
    ✓ Тишина A5          @ (3,6,6) hp=2/2
    ✗ Артиллерия A1      @ (7,8,6) [уничтожен]
    ✗ Радиовышка A2      @ (3,4,6) [уничтожен]
    ✗ Прыгун A3          @ (6,4,5) [уничтожен]
    ✗ Факел A4           @ (6,8,6) [уничтожен]
    ✗ Бурав A6           @ (3,1,3) [уничтожен]
    ✗ Провокатор A7      @ (7,4,6) [уничтожен]
    ✗ Паук A8            @ (1,4,6) [уничтожен]
  Team B: живых 1/8
    ✓ Тишина B5          @ (3,5,5) hp=2/2
    ✗ Артиллерия B1      @ (9,6,3) [уничтожен]
    ✗ Радиовышка B2      @ (3,4,5) [уничтожен]
    ✗ Прыгун B3          @ (6,4,5) [уничтожен]
    ✗ Факел B4           @ (3,5,5) [уничтожен]
    ✗ Бурав B6           @ (3,2,3) [уничтожен]
    ✗ Провокатор B7      @ (3,1,3) [уничтожен]
    ✗ Паук B8            @ (5,4,3) [уничтожен]
  Team C: живых 6/8
    ✓ Артиллерия C1      @ (4,0,5) hp=1/1
    ✓ Радиовышка C2      @ (4,5,5) hp=3/3
    ✓ Факел C4           @ (4,1,5) hp=6/6
    ✓ Тишина C5          @ (5,5,5) hp=2/2
    ✓ Бурав C6           @ (5,6,5) hp=4/4
    ✓ Провокатор C7      @ (5,7,5) hp=2/2
    ✗ Прыгун C3          @ (4,4,5) [уничтожен]
    ✗ Паук C8            @ (6,4,5) [уничтожен]

======================================================================
ХОД 23
======================================================================
✓ 🎮 GM: начинаем ход
GM: start_turn

--- Радиовышки: сканирование слоя Z ---
  Радиовышка C2 (z=5): слой чист

--- Решения ботов ---
  [Team A] Тишина A5 (3,6,6) → MOVE (4,5,5)
  [Team B] Тишина B5 (3,5,5) → MOVE (4,5,5)
  [Team C] Артиллерия C1 (4,0,5) → SHOOT at (9,9,8)
  [Team C] Тишина C5 → SKIP
  [Team C] Радиовышка C2 → SKIP
  [Team C] Факел C4 → SKIP
  [Team C] Бурав C6 → SKIP
  [Team C] Провокатор C7 → SKIP
! 🎮 GM: принудительно завершает фазу планирования
GM: end_planning
# 
============================================================
# 🔄 ОБРАБОТКА ХОДА 23
# ============================================================

📦 ПЕРЕМЕЩЕНИЯ:
!    ⚠️ Тишина A5: клетка (4,5,5) занята
!    ⚠️ Тишина B5: клетка (4,5,5) занята

🎯 ВЫСТРЕЛЫ:
   Выпущено ракет: 1
# 
📊 РЕЗУЛЬТАТЫ ХОДА 23:
🎯 Попаданий нет

--- Результаты хода ---
  Попаданий нет

--- Состояние команд после хода ---
  Team A: живых 1/8
    ✓ Тишина A5          @ (3,6,6) hp=2/2
    ✗ Артиллерия A1      @ (7,8,6) [уничтожен]
    ✗ Радиовышка A2      @ (3,4,6) [уничтожен]
    ✗ Прыгун A3          @ (6,4,5) [уничтожен]
    ✗ Факел A4           @ (6,8,6) [уничтожен]
    ✗ Бурав A6           @ (3,1,3) [уничтожен]
    ✗ Провокатор A7      @ (7,4,6) [уничтожен]
    ✗ Паук A8            @ (1,4,6) [уничтожен]
  Team B: живых 1/8
    ✓ Тишина B5          @ (3,5,5) hp=2/2
    ✗ Артиллерия B1      @ (9,6,3) [уничтожен]
    ✗ Радиовышка B2      @ (3,4,5) [уничтожен]
    ✗ Прыгун B3          @ (6,4,5) [уничтожен]
    ✗ Факел B4           @ (3,5,5) [уничтожен]
    ✗ Бурав B6           @ (3,2,3) [уничтожен]
    ✗ Провокатор B7      @ (3,1,3) [уничтожен]
    ✗ Паук B8            @ (5,4,3) [уничтожен]
  Team C: живых 6/8
    ✓ Артиллерия C1      @ (4,0,5) hp=1/1
    ✓ Радиовышка C2      @ (4,5,5) hp=3/3
    ✓ Факел C4           @ (4,1,5) hp=6/6
    ✓ Тишина C5          @ (5,5,5) hp=2/2
    ✓ Бурав C6           @ (5,6,5) hp=4/4
    ✓ Провокатор C7      @ (5,7,5) hp=2/2
    ✗ Прыгун C3          @ (4,4,5) [уничтожен]
    ✗ Паук C8            @ (6,4,5) [уничтожен]

======================================================================
ХОД 24
======================================================================
✓ 🎮 GM: начинаем ход
GM: start_turn

--- Радиовышки: сканирование слоя Z ---
  Радиовышка C2 (z=5): слой чист

--- Решения ботов ---
  [Team A] Тишина A5 (3,6,6) → MOVE (4,5,5)
  [Team B] Тишина B5 (3,5,5) → MOVE (4,5,5)
  [Team C] Артиллерия C1 (4,0,5) → SHOOT at (0,5,0)
  [Team C] Тишина C5 → SKIP
  [Team C] Радиовышка C2 → SKIP
  [Team C] Факел C4 → SKIP
  [Team C] Бурав C6 → SKIP
  [Team C] Провокатор C7 → SKIP
! 🎮 GM: принудительно завершает фазу планирования
GM: end_planning
# 
============================================================
# 🔄 ОБРАБОТКА ХОДА 24
# ============================================================

📦 ПЕРЕМЕЩЕНИЯ:
!    ⚠️ Тишина A5: клетка (4,5,5) занята
!    ⚠️ Тишина B5: клетка (4,5,5) занята

🎯 ВЫСТРЕЛЫ:
   Выпущено ракет: 1
# 
📊 РЕЗУЛЬТАТЫ ХОДА 24:
🎯 Попаданий нет

--- Результаты хода ---
  Попаданий нет

--- Состояние команд после хода ---
  Team A: живых 1/8
    ✓ Тишина A5          @ (3,6,6) hp=2/2
    ✗ Артиллерия A1      @ (7,8,6) [уничтожен]
    ✗ Радиовышка A2      @ (3,4,6) [уничтожен]
    ✗ Прыгун A3          @ (6,4,5) [уничтожен]
    ✗ Факел A4           @ (6,8,6) [уничтожен]
    ✗ Бурав A6           @ (3,1,3) [уничтожен]
    ✗ Провокатор A7      @ (7,4,6) [уничтожен]
    ✗ Паук A8            @ (1,4,6) [уничтожен]
  Team B: живых 1/8
    ✓ Тишина B5          @ (3,5,5) hp=2/2
    ✗ Артиллерия B1      @ (9,6,3) [уничтожен]
    ✗ Радиовышка B2      @ (3,4,5) [уничтожен]
    ✗ Прыгун B3          @ (6,4,5) [уничтожен]
    ✗ Факел B4           @ (3,5,5) [уничтожен]
    ✗ Бурав B6           @ (3,2,3) [уничтожен]
    ✗ Провокатор B7      @ (3,1,3) [уничтожен]
    ✗ Паук B8            @ (5,4,3) [уничтожен]
  Team C: живых 6/8
    ✓ Артиллерия C1      @ (4,0,5) hp=1/1
    ✓ Радиовышка C2      @ (4,5,5) hp=3/3
    ✓ Факел C4           @ (4,1,5) hp=6/6
    ✓ Тишина C5          @ (5,5,5) hp=2/2
    ✓ Бурав C6           @ (5,6,5) hp=4/4
    ✓ Провокатор C7      @ (5,7,5) hp=2/2
    ✗ Прыгун C3          @ (4,4,5) [уничтожен]
    ✗ Паук C8            @ (6,4,5) [уничтожен]

======================================================================
ХОД 25
======================================================================
✓ 🎮 GM: начинаем ход
GM: start_turn

--- Радиовышки: сканирование слоя Z ---
  Радиовышка C2 (z=5): слой чист

--- Решения ботов ---
  [Team A] Тишина A5 (3,6,6) → MOVE (4,5,5)
  [Team B] Тишина B5 (3,5,5) → MOVE (4,5,5)
  [Team C] Артиллерия C1 (4,0,5) → SHOOT at (0,0,0)
  [Team C] Тишина C5 → SKIP
  [Team C] Радиовышка C2 → SKIP
  [Team C] Факел C4 → SKIP
  [Team C] Бурав C6 → SKIP
  [Team C] Провокатор C7 → SKIP
! 🎮 GM: принудительно завершает фазу планирования
GM: end_planning
# 
============================================================
# 🔄 ОБРАБОТКА ХОДА 25
# ============================================================

📦 ПЕРЕМЕЩЕНИЯ:
!    ⚠️ Тишина A5: клетка (4,5,5) занята
!    ⚠️ Тишина B5: клетка (4,5,5) занята

🎯 ВЫСТРЕЛЫ:
   Выпущено ракет: 1
# 
📊 РЕЗУЛЬТАТЫ ХОДА 25:
🎯 Попаданий нет

--- Результаты хода ---
  Попаданий нет

--- Состояние команд после хода ---
  Team A: живых 1/8
    ✓ Тишина A5          @ (3,6,6) hp=2/2
    ✗ Артиллерия A1      @ (7,8,6) [уничтожен]
    ✗ Радиовышка A2      @ (3,4,6) [уничтожен]
    ✗ Прыгун A3          @ (6,4,5) [уничтожен]
    ✗ Факел A4           @ (6,8,6) [уничтожен]
    ✗ Бурав A6           @ (3,1,3) [уничтожен]
    ✗ Провокатор A7      @ (7,4,6) [уничтожен]
    ✗ Паук A8            @ (1,4,6) [уничтожен]
  Team B: живых 1/8
    ✓ Тишина B5          @ (3,5,5) hp=2/2
    ✗ Артиллерия B1      @ (9,6,3) [уничтожен]
    ✗ Радиовышка B2      @ (3,4,5) [уничтожен]
    ✗ Прыгун B3          @ (6,4,5) [уничтожен]
    ✗ Факел B4           @ (3,5,5) [уничтожен]
    ✗ Бурав B6           @ (3,2,3) [уничтожен]
    ✗ Провокатор B7      @ (3,1,3) [уничтожен]
    ✗ Паук B8            @ (5,4,3) [уничтожен]
  Team C: живых 6/8
    ✓ Артиллерия C1      @ (4,0,5) hp=1/1
    ✓ Радиовышка C2      @ (4,5,5) hp=3/3
    ✓ Факел C4           @ (4,1,5) hp=6/6
    ✓ Тишина C5          @ (5,5,5) hp=2/2
    ✓ Бурав C6           @ (5,6,5) hp=4/4
    ✓ Провокатор C7      @ (5,7,5) hp=2/2
    ✗ Прыгун C3          @ (4,4,5) [уничтожен]
    ✗ Паук C8            @ (6,4,5) [уничтожен]

======================================================================
ХОД 26
======================================================================
✓ 🎮 GM: начинаем ход
GM: start_turn

--- Радиовышки: сканирование слоя Z ---
  Радиовышка C2 (z=5): слой чист

--- Решения ботов ---
  [Team A] Тишина A5 (3,6,6) → MOVE (4,5,5)
  [Team B] Тишина B5 (3,5,5) → MOVE (4,5,5)
  [Team C] Артиллерия C1 (4,0,5) → SHOOT at (0,0,0)
  [Team C] Тишина C5 → SKIP
  [Team C] Радиовышка C2 → SKIP
  [Team C] Факел C4 → SKIP
  [Team C] Бурав C6 → SKIP
  [Team C] Провокатор C7 → SKIP
! 🎮 GM: принудительно завершает фазу планирования
GM: end_planning
# 
============================================================
# 🔄 ОБРАБОТКА ХОДА 26
# ============================================================

📦 ПЕРЕМЕЩЕНИЯ:
!    ⚠️ Тишина A5: клетка (4,5,5) занята
!    ⚠️ Тишина B5: клетка (4,5,5) занята

🎯 ВЫСТРЕЛЫ:
   Выпущено ракет: 1
# 
📊 РЕЗУЛЬТАТЫ ХОДА 26:
🎯 Попаданий нет

--- Результаты хода ---
  Попаданий нет

--- Состояние команд после хода ---
  Team A: живых 1/8
    ✓ Тишина A5          @ (3,6,6) hp=2/2
    ✗ Артиллерия A1      @ (7,8,6) [уничтожен]
    ✗ Радиовышка A2      @ (3,4,6) [уничтожен]
    ✗ Прыгун A3          @ (6,4,5) [уничтожен]
    ✗ Факел A4           @ (6,8,6) [уничтожен]
    ✗ Бурав A6           @ (3,1,3) [уничтожен]
    ✗ Провокатор A7      @ (7,4,6) [уничтожен]
    ✗ Паук A8            @ (1,4,6) [уничтожен]
  Team B: живых 1/8
    ✓ Тишина B5          @ (3,5,5) hp=2/2
    ✗ Артиллерия B1      @ (9,6,3) [уничтожен]
    ✗ Радиовышка B2      @ (3,4,5) [уничтожен]
    ✗ Прыгун B3          @ (6,4,5) [уничтожен]
    ✗ Факел B4           @ (3,5,5) [уничтожен]
    ✗ Бурав B6           @ (3,2,3) [уничтожен]
    ✗ Провокатор B7      @ (3,1,3) [уничтожен]
    ✗ Паук B8            @ (5,4,3) [уничтожен]
  Team C: живых 6/8
    ✓ Артиллерия C1      @ (4,0,5) hp=1/1
    ✓ Радиовышка C2      @ (4,5,5) hp=3/3
    ✓ Факел C4           @ (4,1,5) hp=6/6
    ✓ Тишина C5          @ (5,5,5) hp=2/2
    ✓ Бурав C6           @ (5,6,5) hp=4/4
    ✓ Провокатор C7      @ (5,7,5) hp=2/2
    ✗ Прыгун C3          @ (4,4,5) [уничтожен]
    ✗ Паук C8            @ (6,4,5) [уничтожен]

======================================================================
ХОД 27
======================================================================
✓ 🎮 GM: начинаем ход
GM: start_turn

--- Радиовышки: сканирование слоя Z ---
  Радиовышка C2 (z=5): слой чист

--- Решения ботов ---
  [Team A] Тишина A5 (3,6,6) → MOVE (4,5,5)
  [Team B] Тишина B5 (3,5,5) → MOVE (4,5,5)
  [Team C] Артиллерия C1 (4,0,5) → SHOOT at (9,4,9)
  [Team C] Тишина C5 → SKIP
  [Team C] Радиовышка C2 → SKIP
  [Team C] Факел C4 → SKIP
  [Team C] Бурав C6 → SKIP
  [Team C] Провокатор C7 → SKIP
! 🎮 GM: принудительно завершает фазу планирования
GM: end_planning
# 
============================================================
# 🔄 ОБРАБОТКА ХОДА 27
# ============================================================

📦 ПЕРЕМЕЩЕНИЯ:
!    ⚠️ Тишина A5: клетка (4,5,5) занята
!    ⚠️ Тишина B5: клетка (4,5,5) занята

🎯 ВЫСТРЕЛЫ:
   Выпущено ракет: 1
# 
📊 РЕЗУЛЬТАТЫ ХОДА 27:
🎯 Попаданий нет

--- Результаты хода ---
  Попаданий нет

--- Состояние команд после хода ---
  Team A: живых 1/8
    ✓ Тишина A5          @ (3,6,6) hp=2/2
    ✗ Артиллерия A1      @ (7,8,6) [уничтожен]
    ✗ Радиовышка A2      @ (3,4,6) [уничтожен]
    ✗ Прыгун A3          @ (6,4,5) [уничтожен]
    ✗ Факел A4           @ (6,8,6) [уничтожен]
    ✗ Бурав A6           @ (3,1,3) [уничтожен]
    ✗ Провокатор A7      @ (7,4,6) [уничтожен]
    ✗ Паук A8            @ (1,4,6) [уничтожен]
  Team B: живых 1/8
    ✓ Тишина B5          @ (3,5,5) hp=2/2
    ✗ Артиллерия B1      @ (9,6,3) [уничтожен]
    ✗ Радиовышка B2      @ (3,4,5) [уничтожен]
    ✗ Прыгун B3          @ (6,4,5) [уничтожен]
    ✗ Факел B4           @ (3,5,5) [уничтожен]
    ✗ Бурав B6           @ (3,2,3) [уничтожен]
    ✗ Провокатор B7      @ (3,1,3) [уничтожен]
    ✗ Паук B8            @ (5,4,3) [уничтожен]
  Team C: живых 6/8
    ✓ Артиллерия C1      @ (4,0,5) hp=1/1
    ✓ Радиовышка C2      @ (4,5,5) hp=3/3
    ✓ Факел C4           @ (4,1,5) hp=6/6
    ✓ Тишина C5          @ (5,5,5) hp=2/2
    ✓ Бурав C6           @ (5,6,5) hp=4/4
    ✓ Провокатор C7      @ (5,7,5) hp=2/2
    ✗ Прыгун C3          @ (4,4,5) [уничтожен]
    ✗ Паук C8            @ (6,4,5) [уничтожен]

======================================================================
ХОД 28
======================================================================
✓ 🎮 GM: начинаем ход
GM: start_turn

--- Радиовышки: сканирование слоя Z ---
  Радиовышка C2 (z=5): слой чист

--- Решения ботов ---
  [Team A] Тишина A5 (3,6,6) → MOVE (4,5,5)
  [Team B] Тишина B5 (3,5,5) → MOVE (4,5,5)
  [Team C] Артиллерия C1 (4,0,5) → SHOOT at (9,9,8)
  [Team C] Тишина C5 → SKIP
  [Team C] Радиовышка C2 → SKIP
  [Team C] Факел C4 → SKIP
  [Team C] Бурав C6 → SKIP
  [Team C] Провокатор C7 → SKIP
! 🎮 GM: принудительно завершает фазу планирования
GM: end_planning
# 
============================================================
# 🔄 ОБРАБОТКА ХОДА 28
# ============================================================

📦 ПЕРЕМЕЩЕНИЯ:
!    ⚠️ Тишина A5: клетка (4,5,5) занята
!    ⚠️ Тишина B5: клетка (4,5,5) занята

🎯 ВЫСТРЕЛЫ:
   Выпущено ракет: 1
# 
📊 РЕЗУЛЬТАТЫ ХОДА 28:
🎯 Попаданий нет

--- Результаты хода ---
  Попаданий нет

--- Состояние команд после хода ---
  Team A: живых 1/8
    ✓ Тишина A5          @ (3,6,6) hp=2/2
    ✗ Артиллерия A1      @ (7,8,6) [уничтожен]
    ✗ Радиовышка A2      @ (3,4,6) [уничтожен]
    ✗ Прыгун A3          @ (6,4,5) [уничтожен]
    ✗ Факел A4           @ (6,8,6) [уничтожен]
    ✗ Бурав A6           @ (3,1,3) [уничтожен]
    ✗ Провокатор A7      @ (7,4,6) [уничтожен]
    ✗ Паук A8            @ (1,4,6) [уничтожен]
  Team B: живых 1/8
    ✓ Тишина B5          @ (3,5,5) hp=2/2
    ✗ Артиллерия B1      @ (9,6,3) [уничтожен]
    ✗ Радиовышка B2      @ (3,4,5) [уничтожен]
    ✗ Прыгун B3          @ (6,4,5) [уничтожен]
    ✗ Факел B4           @ (3,5,5) [уничтожен]
    ✗ Бурав B6           @ (3,2,3) [уничтожен]
    ✗ Провокатор B7      @ (3,1,3) [уничтожен]
    ✗ Паук B8            @ (5,4,3) [уничтожен]
  Team C: живых 6/8
    ✓ Артиллерия C1      @ (4,0,5) hp=1/1
    ✓ Радиовышка C2      @ (4,5,5) hp=3/3
    ✓ Факел C4           @ (4,1,5) hp=6/6
    ✓ Тишина C5          @ (5,5,5) hp=2/2
    ✓ Бурав C6           @ (5,6,5) hp=4/4
    ✓ Провокатор C7      @ (5,7,5) hp=2/2
    ✗ Прыгун C3          @ (4,4,5) [уничтожен]
    ✗ Паук C8            @ (6,4,5) [уничтожен]

======================================================================
ХОД 29
======================================================================
✓ 🎮 GM: начинаем ход
GM: start_turn

--- Радиовышки: сканирование слоя Z ---
  Радиовышка C2 (z=5): слой чист

--- Решения ботов ---
  [Team A] Тишина A5 (3,6,6) → MOVE (4,5,5)
  [Team B] Тишина B5 (3,5,5) → MOVE (4,5,5)
  [Team C] Артиллерия C1 (4,0,5) → SHOOT at (0,5,0)
  [Team C] Тишина C5 → SKIP
  [Team C] Радиовышка C2 → SKIP
  [Team C] Факел C4 → SKIP
  [Team C] Бурав C6 → SKIP
  [Team C] Провокатор C7 → SKIP
! 🎮 GM: принудительно завершает фазу планирования
GM: end_planning
# 
============================================================
# 🔄 ОБРАБОТКА ХОДА 29
# ============================================================

📦 ПЕРЕМЕЩЕНИЯ:
!    ⚠️ Тишина A5: клетка (4,5,5) занята
!    ⚠️ Тишина B5: клетка (4,5,5) занята

🎯 ВЫСТРЕЛЫ:
   Выпущено ракет: 1
# 
📊 РЕЗУЛЬТАТЫ ХОДА 29:
🎯 Попаданий нет

--- Результаты хода ---
  Попаданий нет

--- Состояние команд после хода ---
  Team A: живых 1/8
    ✓ Тишина A5          @ (3,6,6) hp=2/2
    ✗ Артиллерия A1      @ (7,8,6) [уничтожен]
    ✗ Радиовышка A2      @ (3,4,6) [уничтожен]
    ✗ Прыгун A3          @ (6,4,5) [уничтожен]
    ✗ Факел A4           @ (6,8,6) [уничтожен]
    ✗ Бурав A6           @ (3,1,3) [уничтожен]
    ✗ Провокатор A7      @ (7,4,6) [уничтожен]
    ✗ Паук A8            @ (1,4,6) [уничтожен]
  Team B: живых 1/8
    ✓ Тишина B5          @ (3,5,5) hp=2/2
    ✗ Артиллерия B1      @ (9,6,3) [уничтожен]
    ✗ Радиовышка B2      @ (3,4,5) [уничтожен]
    ✗ Прыгун B3          @ (6,4,5) [уничтожен]
    ✗ Факел B4           @ (3,5,5) [уничтожен]
    ✗ Бурав B6           @ (3,2,3) [уничтожен]
    ✗ Провокатор B7      @ (3,1,3) [уничтожен]
    ✗ Паук B8            @ (5,4,3) [уничтожен]
  Team C: живых 6/8
    ✓ Артиллерия C1      @ (4,0,5) hp=1/1
    ✓ Радиовышка C2      @ (4,5,5) hp=3/3
    ✓ Факел C4           @ (4,1,5) hp=6/6
    ✓ Тишина C5          @ (5,5,5) hp=2/2
    ✓ Бурав C6           @ (5,6,5) hp=4/4
    ✓ Провокатор C7      @ (5,7,5) hp=2/2
    ✗ Прыгун C3          @ (4,4,5) [уничтожен]
    ✗ Паук C8            @ (6,4,5) [уничтожен]

======================================================================
ХОД 30
======================================================================
✓ 🎮 GM: начинаем ход
GM: start_turn

--- Радиовышки: сканирование слоя Z ---
  Радиовышка C2 (z=5): слой чист

--- Решения ботов ---
  [Team A] Тишина A5 (3,6,6) → MOVE (4,5,5)
  [Team B] Тишина B5 (3,5,5) → MOVE (4,5,5)
  [Team C] Артиллерия C1 (4,0,5) → SHOOT at (0,0,0)
  [Team C] Тишина C5 → SKIP
  [Team C] Радиовышка C2 → SKIP
  [Team C] Факел C4 → SKIP
  [Team C] Бурав C6 → SKIP
  [Team C] Провокатор C7 → SKIP
! 🎮 GM: принудительно завершает фазу планирования
GM: end_planning
# 
============================================================
# 🔄 ОБРАБОТКА ХОДА 30
# ============================================================

📦 ПЕРЕМЕЩЕНИЯ:
!    ⚠️ Тишина A5: клетка (4,5,5) занята
!    ⚠️ Тишина B5: клетка (4,5,5) занята

🎯 ВЫСТРЕЛЫ:
   Выпущено ракет: 1
# 
📊 РЕЗУЛЬТАТЫ ХОДА 30:
🎯 Попаданий нет

--- Результаты хода ---
  Попаданий нет

--- Состояние команд после хода ---
  Team A: живых 1/8
    ✓ Тишина A5          @ (3,6,6) hp=2/2
    ✗ Артиллерия A1      @ (7,8,6) [уничтожен]
    ✗ Радиовышка A2      @ (3,4,6) [уничтожен]
    ✗ Прыгун A3          @ (6,4,5) [уничтожен]
    ✗ Факел A4           @ (6,8,6) [уничтожен]
    ✗ Бурав A6           @ (3,1,3) [уничтожен]
    ✗ Провокатор A7      @ (7,4,6) [уничтожен]
    ✗ Паук A8            @ (1,4,6) [уничтожен]
  Team B: живых 1/8
    ✓ Тишина B5          @ (3,5,5) hp=2/2
    ✗ Артиллерия B1      @ (9,6,3) [уничтожен]
    ✗ Радиовышка B2      @ (3,4,5) [уничтожен]
    ✗ Прыгун B3          @ (6,4,5) [уничтожен]
    ✗ Факел B4           @ (3,5,5) [уничтожен]
    ✗ Бурав B6           @ (3,2,3) [уничтожен]
    ✗ Провокатор B7      @ (3,1,3) [уничтожен]
    ✗ Паук B8            @ (5,4,3) [уничтожен]
  Team C: живых 6/8
    ✓ Артиллерия C1      @ (4,0,5) hp=1/1
    ✓ Радиовышка C2      @ (4,5,5) hp=3/3
    ✓ Факел C4           @ (4,1,5) hp=6/6
    ✓ Тишина C5          @ (5,5,5) hp=2/2
    ✓ Бурав C6           @ (5,6,5) hp=4/4
    ✓ Провокатор C7      @ (5,7,5) hp=2/2
    ✗ Прыгун C3          @ (4,4,5) [уничтожен]
    ✗ Паук C8            @ (6,4,5) [уничтожен]

======================================================================
ИТОГ
======================================================================
Лимит ходов (30) исчерпан, ничья/пат.

--- Сводка по командам ---
  Team A: 1/8 живых; hp=2
  Team B: 1/8 живых; hp=2
  Team C: 6/8 живых; hp=18

--- Сводка по пассивкам радиовышек ---
  Team A: сканирований=12, всего врагов-в-слоях=32, уникальных эксклюзивных (видны только радиовышкой)=1
  Team B: сканирований=6, всего врагов-в-слоях=10, уникальных эксклюзивных (видны только радиовышкой)=1
  Team C: сканирований=30, всего врагов-в-слоях=21, уникальных эксклюзивных (видны только радиовышкой)=1

--- Сводка по попаданиям ---
  Всего событий (шоты+тараны+мины): 29
  Уничтожено кораблей всего: 16
  Team A: урон=12 хиты=2 тараны=5 мины(сработало)=1 убийств=5
  Team B: урон=7 хиты=4 тараны=1 мины(сработало)=0 убийств=1
  Team C: урон=33 хиты=14 тараны=2 мины(сработало)=0 убийств=10
! 🎮 GM: остановка игры
