======================================================================
Space Battle 10×10×10 — simulation run at 2026-04-20T13:23:54+00:00
Game mode: advanced
Seed: 85
✓ 🚀 Продвинутый режим: создаю разные типы кораблей
   Стартовые Z-слои: A=3, B=1, C=5
✓ ✅ Создано 24 кораблей


--- СТАРТОВАЯ РАССТАНОВКА ---
  Team A: живых 8/8
    ✓ Артиллерия A1      @ (3,3,3) hp=1/1
    ✓ Радиовышка A2      @ (2,2,3) hp=3/3
    ✓ Прыгун A3          @ (5,2,3) hp=2/2
    ✓ Факел A4           @ (0,7,3) hp=6/6
    ✓ Тишина A5          @ (4,6,3) hp=2/2
    ✓ Бурав A6           @ (3,4,3) hp=4/4
    ✓ Провокатор A7      @ (9,9,3) hp=2/2
    ✓ Паук A8            @ (6,9,3) hp=1/1
  Team B: живых 8/8
    ✓ Артиллерия B1      @ (3,4,1) hp=1/1
    ✓ Радиовышка B2      @ (1,4,1) hp=3/3
    ✓ Прыгун B3          @ (4,2,1) hp=2/2
    ✓ Факел B4           @ (4,8,1) hp=6/6
    ✓ Тишина B5          @ (9,8,1) hp=2/2
    ✓ Бурав B6           @ (6,2,1) hp=4/4
    ✓ Провокатор B7      @ (0,6,1) hp=2/2
    ✓ Паук B8            @ (1,2,1) hp=1/1
  Team C: живых 8/8
    ✓ Артиллерия C1      @ (5,1,5) hp=1/1
    ✓ Радиовышка C2      @ (8,7,5) hp=3/3
    ✓ Прыгун C3          @ (8,3,5) hp=2/2
    ✓ Факел C4           @ (9,6,5) hp=6/6
    ✓ Тишина C5          @ (2,0,5) hp=2/2
    ✓ Бурав C6           @ (2,2,5) hp=4/4
    ✓ Провокатор C7      @ (9,4,5) hp=2/2
    ✓ Паук C8            @ (1,0,5) hp=1/1

======================================================================
ХОД 1
======================================================================
✓ 🎮 GM: начинаем ход
GM: start_turn

--- Радиовышки: сканирование слоя Z ---
  Радиовышка A2 (z=3): слой чист
  Радиовышка B2 (z=1): слой чист
  Радиовышка C2 (z=5): слой чист

--- Решения ботов ---
  [Team A] Артиллерия A1 (3,3,3) → SHOOT at (5,1,5)
  [Team A] Радиовышка A2 (2,2,3) → MOVE (3,3,2)
  [Team A] Прыгун A3 (5,2,3) → MOVE (3,4,1)
  [Team A] Факел A4 (0,7,3) → MOVE (1,6,3)
  [Team A] Тишина A5 (4,6,3) → PHASE toggle
  [Team A] Бурав A6 (3,4,3) → MOVE (1,4,1)
  [Team A] Провокатор A7 (9,9,3) → HOLOGRAM (9,8,2)
  [Team A] Паук A8 (6,9,3) → MINE (5,8,2)
  [Team B] Артиллерия B1 (3,4,1) → SHOOT at (3,3,3)
  [Team B] Радиовышка B2 (1,4,1) → MOVE (2,3,2)
  [Team B] Прыгун B3 (4,2,1) → MOVE (3,3,3)
  [Team B] Факел B4 (4,8,1) → MOVE (3,7,1)
  [Team B] Тишина B5 (9,8,1) → PHASE toggle
  [Team B] Бурав B6 (6,2,1) → MOVE (5,2,2)
  [Team B] Провокатор B7 (0,6,1) → HOLOGRAM (0,7,2)
  [Team B] Паук B8 (1,2,1) → MINE (1,3,2)
  [Team C] Артиллерия C1 (5,1,5) → SHOOT at (3,3,3)
  [Team C] Радиовышка C2 (8,7,5) → MOVE (9,8,4)
  [Team C] Прыгун C3 (8,3,5) → MOVE (7,2,4)
  [Team C] Факел C4 (9,6,5) → MOVE (8,5,5)
  [Team C] Тишина C5 (2,0,5) → PHASE toggle
  [Team C] Бурав C6 (2,2,5) → MOVE (2,2,3)
  [Team C] Провокатор C7 (9,4,5) → HOLOGRAM (8,3,4)
  [Team C] Паук C8 (1,0,5) → MINE (2,1,4)
! 🎮 GM: принудительно завершает фазу планирования
GM: end_planning
# 
============================================================
# 🔄 ОБРАБОТКА ХОДА 1
# ============================================================
   🌀 Тишина A5: фаза ВКЛ
   🌀 Тишина B5: фаза ВКЛ
   🌀 Тишина C5: фаза ВКЛ
   🪞 Провокатор A7 создал голограмму H1 в (9,8,2)
   🪞 Провокатор B7 создал голограмму H2 в (0,7,2)
   🪞 Провокатор C7 создал голограмму H3 в (8,3,4)
   💣 Паук A8 установил мину M1 в (5,8,2)
   💣 Паук B8 установил мину M2 в (1,3,2)
   💣 Паук C8 установил мину M3 в (2,1,4)

📦 ПЕРЕМЕЩЕНИЯ:
   Радиовышка A2: (2, 2, 3) → (3,3,2)
✓    💥 Прыгун A3 тараном уничтожил Артиллерия B1 в (3,4,1)
   Прыгун A3: (5, 2, 3) → (3,4,1)
   Факел A4: (0, 7, 3) → (1,6,3)
✓    💥 Бурав A6 тараном уничтожил Радиовышка B2 в (1,4,1)
   Бурав A6: (3, 4, 3) → (1,4,1)
✓    💥 Прыгун B3 тараном уничтожил Артиллерия A1 в (3,3,3)
   Прыгун B3: (4, 2, 1) → (3,3,3)
   Факел B4: (4, 8, 1) → (3,7,1)
   Бурав B6: (6, 2, 1) → (5,2,2)
   Радиовышка C2: (8, 7, 5) → (9,8,4)
   Прыгун C3: (8, 3, 5) → (7,2,4)
   Факел C4: (9, 6, 5) → (8,5,5)
   Бурав C6: (2, 2, 5) → (2,2,3)

🎯 ВЫСТРЕЛЫ:
✓    ✅ Артиллерия C1 поразил Прыгун B3 (2 урона)!
   Выпущено ракет: 1
# 
📊 РЕЗУЛЬТАТЫ ХОДА 1:
✓ 💥 ПОПАДАНИЯ:
✓    Артиллерия C1 (Team C) → Прыгун B3 (Team B)

--- Результаты хода ---
  Team A / Прыгун A3          → Team B / Артиллерия B1      @ (3,4,1)  (УБИТ)
  Team A / Бурав A6           → Team B / Радиовышка B2      @ (1,4,1)  (УБИТ)
  Team B / Прыгун B3          → Team A / Артиллерия A1      @ (3,3,3)  (УБИТ)
  Team C / Артиллерия C1      → Team B / Прыгун B3          @ (3,3,3)  (УБИТ)

--- Состояние команд после хода ---
  Team A: живых 7/8
    ✓ Радиовышка A2      @ (3,3,2) hp=3/3
    ✓ Прыгун A3          @ (3,4,1) hp=2/2
    ✓ Факел A4           @ (1,6,3) hp=6/6
    ✓ Тишина A5          @ (4,6,3) hp=2/2
    ✓ Бурав A6           @ (1,4,1) hp=4/4
    ✓ Провокатор A7      @ (9,9,3) hp=2/2
    ✓ Паук A8            @ (6,9,3) hp=1/1
    ✗ Артиллерия A1      @ (3,3,3) [уничтожен]
  Team B: живых 5/8
    ✓ Факел B4           @ (3,7,1) hp=6/6
    ✓ Тишина B5          @ (9,8,1) hp=2/2
    ✓ Бурав B6           @ (5,2,2) hp=4/4
    ✓ Провокатор B7      @ (0,6,1) hp=2/2
    ✓ Паук B8            @ (1,2,1) hp=1/1
    ✗ Артиллерия B1      @ (3,4,1) [уничтожен]
    ✗ Радиовышка B2      @ (1,4,1) [уничтожен]
    ✗ Прыгун B3          @ (3,3,3) [уничтожен]
  Team C: живых 8/8
    ✓ Артиллерия C1      @ (5,1,5) hp=1/1
    ✓ Радиовышка C2      @ (9,8,4) hp=3/3
    ✓ Прыгун C3          @ (7,2,4) hp=2/2
    ✓ Факел C4           @ (8,5,5) hp=6/6
    ✓ Тишина C5          @ (2,0,5) hp=2/2
    ✓ Бурав C6           @ (2,2,3) hp=4/4
    ✓ Провокатор C7      @ (9,4,5) hp=2/2
    ✓ Паук C8            @ (1,0,5) hp=1/1

======================================================================
ХОД 2
======================================================================
✓ 🎮 GM: начинаем ход
GM: start_turn

--- Радиовышки: сканирование слоя Z ---
  Радиовышка A2 (z=2): видит 1 врагов  → Бурав B6(5,2,2)
  Радиовышка C2 (z=4): слой чист

--- Решения ботов ---
  [Team A] Радиовышка A2 (3,3,2) → MOVE (2,2,3)
  [Team A] Прыгун A3 (3,4,1) → MOVE (5,2,2)
  [Team A] Факел A4 (1,6,3) → MOVE (2,5,2)
  [Team A] Тишина A5 (4,6,3) → MOVE (3,7,2)
  [Team A] Бурав A6 (1,4,1) → MOVE (1,2,1)
  [Team A] Провокатор A7 (9,9,3) → HOLOGRAM (9,8,4)
  [Team A] Паук A8 (6,9,3) → MINE (5,8,2)
  [Team B] Факел B4 (3,7,1) → SHOOT at (3,4,1)
  [Team B] Тишина B5 (9,8,1) → MOVE (9,9,2)
  [Team B] Бурав B6 (5,2,2) → MOVE (7,2,4)
  [Team B] Провокатор B7 (0,6,1) → HOLOGRAM (1,6,2)
  [Team B] Паук B8 (1,2,1) → MINE (1,2,2)
  [Team C] Артиллерия C1 (5,1,5) → SHOOT at (3,4,1)
  [Team C] Радиовышка C2 (9,8,4) → MOVE (9,9,3)
  [Team C] Прыгун C3 (7,2,4) → MOVE (5,2,2)
  [Team C] Факел C4 (8,5,5) → MOVE (7,4,5)
  [Team C] Тишина C5 (2,0,5) → MOVE (3,1,4)
  [Team C] Бурав C6 (2,2,3) → MOVE (3,3,2)
  [Team C] Провокатор C7 (9,4,5) → HOLOGRAM (8,3,4)
  [Team C] Паук C8 (1,0,5) → MINE (2,1,4)
! 🎮 GM: принудительно завершает фазу планирования
GM: end_planning
# 
============================================================
# 🔄 ОБРАБОТКА ХОДА 2
# ============================================================
!    ⚠️ Провокатор A7: клетка (9,8,4) занята кораблём
   🪞 Провокатор B7 создал голограмму H4 в (1,6,2)
!    ⚠️ Провокатор C7: клетка (8,3,4) уже занята голограммой
!    ⚠️ Паук A8: в клетке уже стоит мина
   💣 Паук B8 установил мину M4 в (1,2,2)
!    ⚠️ Паук C8: в клетке уже стоит мина

📦 ПЕРЕМЕЩЕНИЯ:
!    ⚠️ Радиовышка A2: клетка (2,2,3) занята
✓    💥 Прыгун A3 тараном уничтожил Бурав B6 в (5,2,2)
   Прыгун A3: (3, 4, 1) → (5,2,2)
   Факел A4: (1, 6, 3) → (2,5,2)
   Тишина A5: (4, 6, 3) → (3,7,2)
✓    💥 Бурав A6 тараном уничтожил Паук B8 в (1,2,1)
   Бурав A6: (1, 4, 1) → (1,2,1)
   Тишина B5: (9, 8, 1) → (9,9,2)
!    ⚠️ Радиовышка C2: клетка (9,9,3) занята
✓    💥 Прыгун C3 тараном уничтожил Прыгун A3 в (5,2,2)
   Прыгун C3: (7, 2, 4) → (5,2,2)
   Факел C4: (8, 5, 5) → (7,4,5)
   Тишина C5: (2, 0, 5) → (3,1,4)
!    ⚠️ Бурав C6: Бурав двигается только по 1 оси или по 2 осям строго диагонально

🎯 ВЫСТРЕЛЫ:
   Выпущено ракет: 2
# 
📊 РЕЗУЛЬТАТЫ ХОДА 2:
🎯 Попаданий нет

--- Результаты хода ---
  Team A / Прыгун A3          → Team B / Бурав B6           @ (5,2,2)  (УБИТ)
  Team A / Бурав A6           → Team B / Паук B8            @ (1,2,1)  (УБИТ)
  Team C / Прыгун C3          → Team A / Прыгун A3          @ (5,2,2)  (УБИТ)

--- Состояние команд после хода ---
  Team A: живых 6/8
    ✓ Радиовышка A2      @ (3,3,2) hp=3/3
    ✓ Факел A4           @ (2,5,2) hp=6/6
    ✓ Тишина A5          @ (3,7,2) hp=2/2
    ✓ Бурав A6           @ (1,2,1) hp=4/4
    ✓ Провокатор A7      @ (9,9,3) hp=2/2
    ✓ Паук A8            @ (6,9,3) hp=1/1
    ✗ Артиллерия A1      @ (3,3,3) [уничтожен]
    ✗ Прыгун A3          @ (5,2,2) [уничтожен]
  Team B: живых 3/8
    ✓ Факел B4           @ (3,7,1) hp=6/6
    ✓ Тишина B5          @ (9,9,2) hp=2/2
    ✓ Провокатор B7      @ (0,6,1) hp=2/2
    ✗ Артиллерия B1      @ (3,4,1) [уничтожен]
    ✗ Радиовышка B2      @ (1,4,1) [уничтожен]
    ✗ Прыгун B3          @ (3,3,3) [уничтожен]
    ✗ Бурав B6           @ (5,2,2) [уничтожен]
    ✗ Паук B8            @ (1,2,1) [уничтожен]
  Team C: живых 8/8
    ✓ Артиллерия C1      @ (5,1,5) hp=1/1
    ✓ Радиовышка C2      @ (9,8,4) hp=3/3
    ✓ Прыгун C3          @ (5,2,2) hp=2/2
    ✓ Факел C4           @ (7,4,5) hp=6/6
    ✓ Тишина C5          @ (3,1,4) hp=2/2
    ✓ Бурав C6           @ (2,2,3) hp=4/4
    ✓ Провокатор C7      @ (9,4,5) hp=2/2
    ✓ Паук C8            @ (1,0,5) hp=1/1

======================================================================
ХОД 3
======================================================================
✓ 🎮 GM: начинаем ход
GM: start_turn

--- Радиовышки: сканирование слоя Z ---
  Радиовышка A2 (z=2): видит 1 врагов  → Прыгун C3(5,2,2)
  Радиовышка C2 (z=4): слой чист

--- Решения ботов ---
  [Team A] Радиовышка A2 (3,3,2) → MOVE (2,2,3)
  [Team A] Факел A4 (2,5,2) → MOVE (3,6,3)
  [Team A] Тишина A5 (3,7,2) → MOVE (3,7,1)
  [Team A] Бурав A6 (1,2,1) → MOVE (2,2,2)
  [Team A] Провокатор A7 (9,9,3) → HOLOGRAM (9,8,4)
  [Team A] Паук A8 (6,9,3) → MINE (5,8,2)
  [Team B] Факел B4 (3,7,1) → MOVE (2,6,1)
  [Team B] Тишина B5 (9,9,2) → MOVE (9,9,3)
  [Team B] Провокатор B7 (0,6,1) → HOLOGRAM (1,5,2)
  [Team C] Артиллерия C1 (5,1,5) → SHOOT at (9,9,3)
  [Team C] Радиовышка C2 (9,8,4) → MOVE (9,9,3)
  [Team C] Прыгун C3 (5,2,2) → MOVE (3,3,2)
  [Team C] Факел C4 (7,4,5) → MOVE (6,3,5)
  [Team C] Тишина C5 (3,1,4) → MOVE (3,2,3)
  [Team C] Бурав C6 (2,2,3) → MOVE (2,3,2)
  [Team C] Провокатор C7 (9,4,5) → HOLOGRAM (9,5,4)
  [Team C] Паук C8 (1,0,5) → MINE (2,1,4)
! 🎮 GM: принудительно завершает фазу планирования
GM: end_planning
# 
============================================================
# 🔄 ОБРАБОТКА ХОДА 3
# ============================================================
!    ⚠️ Провокатор A7: клетка (9,8,4) занята кораблём
   🪞 Провокатор B7 создал голограмму H5 в (1,5,2)
   🪞 Провокатор C7 создал голограмму H6 в (9,5,4)
!    ⚠️ Паук A8: в клетке уже стоит мина
!    ⚠️ Паук C8: в клетке уже стоит мина

📦 ПЕРЕМЕЩЕНИЯ:
!    ⚠️ Радиовышка A2: клетка (2,2,3) занята
   Факел A4: (2, 5, 2) → (3,6,3)
!    ⚠️ Тишина A5: клетка (3,7,1) занята
   Бурав A6: (1, 2, 1) → (2,2,2)
   Факел B4: (3, 7, 1) → (2,6,1)
!    ⚠️ Тишина B5: клетка (9,9,3) занята
!    ⚠️ Радиовышка C2: клетка (9,9,3) занята
✓    💥 Прыгун C3 тараном уничтожил Радиовышка A2 в (3,3,2)
   Прыгун C3: (5, 2, 2) → (3,3,2)
   Факел C4: (7, 4, 5) → (6,3,5)
   Тишина C5: (3, 1, 4) → (3,2,3)
   Бурав C6: (2, 2, 3) → (2,3,2)

🎯 ВЫСТРЕЛЫ:
✓    ✅ Артиллерия C1 поразил Провокатор A7 (2 урона)!
   Выпущено ракет: 1
# 
📊 РЕЗУЛЬТАТЫ ХОДА 3:
✓ 💥 ПОПАДАНИЯ:
✓    Артиллерия C1 (Team C) → Провокатор A7 (Team A)

--- Результаты хода ---
  Team C / Прыгун C3          → Team A / Радиовышка A2      @ (3,3,2)  (УБИТ)
  Team C / Артиллерия C1      → Team A / Провокатор A7      @ (9,9,3)  (УБИТ)

--- Состояние команд после хода ---
  Team A: живых 4/8
    ✓ Факел A4           @ (3,6,3) hp=6/6
    ✓ Тишина A5          @ (3,7,2) hp=2/2
    ✓ Бурав A6           @ (2,2,2) hp=4/4
    ✓ Паук A8            @ (6,9,3) hp=1/1
    ✗ Артиллерия A1      @ (3,3,3) [уничтожен]
    ✗ Радиовышка A2      @ (3,3,2) [уничтожен]
    ✗ Прыгун A3          @ (5,2,2) [уничтожен]
    ✗ Провокатор A7      @ (9,9,3) [уничтожен]
  Team B: живых 3/8
    ✓ Факел B4           @ (2,6,1) hp=6/6
    ✓ Тишина B5          @ (9,9,2) hp=2/2
    ✓ Провокатор B7      @ (0,6,1) hp=2/2
    ✗ Артиллерия B1      @ (3,4,1) [уничтожен]
    ✗ Радиовышка B2      @ (1,4,1) [уничтожен]
    ✗ Прыгун B3          @ (3,3,3) [уничтожен]
    ✗ Бурав B6           @ (5,2,2) [уничтожен]
    ✗ Паук B8            @ (1,2,1) [уничтожен]
  Team C: живых 8/8
    ✓ Артиллерия C1      @ (5,1,5) hp=1/1
    ✓ Радиовышка C2      @ (9,8,4) hp=3/3
    ✓ Прыгун C3          @ (3,3,2) hp=2/2
    ✓ Факел C4           @ (6,3,5) hp=6/6
    ✓ Тишина C5          @ (3,2,3) hp=2/2
    ✓ Бурав C6           @ (2,3,2) hp=4/4
    ✓ Провокатор C7      @ (9,4,5) hp=2/2
    ✓ Паук C8            @ (1,0,5) hp=1/1

======================================================================
ХОД 4
======================================================================
✓ 🎮 GM: начинаем ход
GM: start_turn

--- Радиовышки: сканирование слоя Z ---
  Радиовышка C2 (z=4): слой чист

--- Решения ботов ---
  [Team A] Факел A4 (3,6,3) → MOVE (2,5,2)
  [Team A] Тишина A5 (3,7,2) → MOVE (2,6,1)
  [Team A] Бурав A6 (2,2,2) → MOVE (3,3,2)
  [Team A] Паук A8 (6,9,3) → MINE (7,8,4)
  [Team B] Факел B4 (2,6,1) → MOVE (1,6,1)
  [Team B] Тишина B5 (9,9,2) → PHASE toggle
  [Team B] Провокатор B7 (0,6,1) → HOLOGRAM (1,6,2)
  [Team C] Артиллерия C1 (5,1,5) → SHOOT at (0,6,1)
  [Team C] Радиовышка C2 (9,8,4) → MOVE (8,9,3)
  [Team C] Прыгун C3 (3,3,2) → MOVE (2,2,2)
  [Team C] Факел C4 (6,3,5) → MOVE (5,2,5)
  [Team C] Тишина C5 (3,2,3) → MOVE (2,2,3)
  [Team C] Провокатор C7 (9,4,5) → HOLOGRAM (8,5,4)
  [Team C] Паук C8 (1,0,5) → MINE (2,1,4)
  [Team C] Бурав C6 → SKIP
! 🎮 GM: принудительно завершает фазу планирования
GM: end_planning
# 
============================================================
# 🔄 ОБРАБОТКА ХОДА 4
# ============================================================
   🌀 Тишина B5: фаза ВЫКЛ
!    ⚠️ Провокатор B7: клетка (1,6,2) уже занята голограммой
   🪞 Провокатор C7 создал голограмму H7 в (8,5,4)
   💣 Паук A8 установил мину M5 в (7,8,4)
!    ⚠️ Паук C8: в клетке уже стоит мина

📦 ПЕРЕМЕЩЕНИЯ:
   Факел A4: (3, 6, 3) → (2,5,2)
!    ⚠️ Тишина A5: клетка (2,6,1) занята
✓    💥 Бурав A6 тараном уничтожил Прыгун C3 в (3,3,2)
   Бурав A6: (2, 2, 2) → (3,3,2)
   Факел B4: (2, 6, 1) → (1,6,1)
   Радиовышка C2: (9, 8, 4) → (8,9,3)
   Факел C4: (6, 3, 5) → (5,2,5)
   Тишина C5: (3, 2, 3) → (2,2,3)

🎯 ВЫСТРЕЛЫ:
✓    ✅ Артиллерия C1 поразил Провокатор B7 (2 урона)!
   Выпущено ракет: 1
# 
📊 РЕЗУЛЬТАТЫ ХОДА 4:
✓ 💥 ПОПАДАНИЯ:
✓    Артиллерия C1 (Team C) → Провокатор B7 (Team B)

--- Результаты хода ---
  Team A / Бурав A6           → Team C / Прыгун C3          @ (3,3,2)  (УБИТ)
  Team C / Артиллерия C1      → Team B / Провокатор B7      @ (0,6,1)  (УБИТ)

--- Состояние команд после хода ---
  Team A: живых 4/8
    ✓ Факел A4           @ (2,5,2) hp=6/6
    ✓ Тишина A5          @ (3,7,2) hp=2/2
    ✓ Бурав A6           @ (3,3,2) hp=4/4
    ✓ Паук A8            @ (6,9,3) hp=1/1
    ✗ Артиллерия A1      @ (3,3,3) [уничтожен]
    ✗ Радиовышка A2      @ (3,3,2) [уничтожен]
    ✗ Прыгун A3          @ (5,2,2) [уничтожен]
    ✗ Провокатор A7      @ (9,9,3) [уничтожен]
  Team B: живых 2/8
    ✓ Факел B4           @ (1,6,1) hp=6/6
    ✓ Тишина B5          @ (9,9,2) hp=2/2
    ✗ Артиллерия B1      @ (3,4,1) [уничтожен]
    ✗ Радиовышка B2      @ (1,4,1) [уничтожен]
    ✗ Прыгун B3          @ (3,3,3) [уничтожен]
    ✗ Бурав B6           @ (5,2,2) [уничтожен]
    ✗ Провокатор B7      @ (0,6,1) [уничтожен]
    ✗ Паук B8            @ (1,2,1) [уничтожен]
  Team C: живых 7/8
    ✓ Артиллерия C1      @ (5,1,5) hp=1/1
    ✓ Радиовышка C2      @ (8,9,3) hp=3/3
    ✓ Факел C4           @ (5,2,5) hp=6/6
    ✓ Тишина C5          @ (2,2,3) hp=2/2
    ✓ Бурав C6           @ (2,3,2) hp=4/4
    ✓ Провокатор C7      @ (9,4,5) hp=2/2
    ✓ Паук C8            @ (1,0,5) hp=1/1
    ✗ Прыгун C3          @ (3,3,2) [уничтожен]

======================================================================
ХОД 5
======================================================================
✓ 🎮 GM: начинаем ход
GM: start_turn

--- Радиовышки: сканирование слоя Z ---
  Радиовышка C2 (z=3): видит 1 врагов [+1 эксклюзивно] → Паук A8(6,9,3)

--- Решения ботов ---
  [Team A] Факел A4 (2,5,2) → SHOOT at (2,3,2)
  [Team A] Тишина A5 (3,7,2) → MOVE (2,6,1)
  [Team A] Бурав A6 (3,3,2) → MOVE (2,3,2)
  [Team A] Паук A8 (6,9,3) → MINE (7,9,3)
  [Team B] Факел B4 (1,6,1) → MOVE (2,7,2)
  [Team B] Тишина B5 (9,9,2) → MOVE (8,9,3)
  [Team C] Артиллерия C1 (5,1,5) → SHOOT at (6,9,3)
  [Team C] Радиовышка C2 (8,9,3) → MOVE (9,9,2)
  [Team C] Тишина C5 (2,2,3) → MOVE (3,3,2)
  [Team C] Бурав C6 (2,3,2) → MOVE (2,5,2)
  [Team C] Провокатор C7 (9,4,5) → HOLOGRAM (8,5,4)
  [Team C] Паук C8 (1,0,5) → MINE (2,1,4)
  [Team C] Факел C4 → SKIP
! 🎮 GM: принудительно завершает фазу планирования
GM: end_planning
# 
============================================================
# 🔄 ОБРАБОТКА ХОДА 5
# ============================================================
!    ⚠️ Провокатор C7: клетка (8,5,4) уже занята голограммой
   💣 Паук A8 установил мину M6 в (7,9,3)
!    ⚠️ Паук C8: в клетке уже стоит мина

📦 ПЕРЕМЕЩЕНИЯ:
   Тишина A5: (3, 7, 2) → (2,6,1)
✓    💥 Бурав A6 тараном уничтожил Бурав C6 в (2,3,2)
   Бурав A6: (3, 3, 2) → (2,3,2)
   Факел B4: (1, 6, 1) → (2,7,2)
!    ⚠️ Тишина B5: клетка (8,9,3) занята
!    ⚠️ Радиовышка C2: клетка (9,9,2) занята
   Тишина C5: (2, 2, 3) → (3,3,2)

🎯 ВЫСТРЕЛЫ:
!    🛡️ Выстрел Факел A4 заблокирован союзником Бурав A6 в (2, 3, 2)
✓    ✅ Артиллерия C1 поразил Паук A8 (2 урона)!
   Выпущено ракет: 2
# 
📊 РЕЗУЛЬТАТЫ ХОДА 5:
✓ 💥 ПОПАДАНИЯ:
✓    Артиллерия C1 (Team C) → Паук A8 (Team A)

--- Результаты хода ---
  Team A / Бурав A6           → Team C / Бурав C6           @ (2,3,2)  (УБИТ)
  Team C / Артиллерия C1      → Team A / Паук A8            @ (6,9,3)  (УБИТ)

--- Состояние команд после хода ---
  Team A: живых 3/8
    ✓ Факел A4           @ (2,5,2) hp=6/6
    ✓ Тишина A5          @ (2,6,1) hp=2/2
    ✓ Бурав A6           @ (2,3,2) hp=4/4
    ✗ Артиллерия A1      @ (3,3,3) [уничтожен]
    ✗ Радиовышка A2      @ (3,3,2) [уничтожен]
    ✗ Прыгун A3          @ (5,2,2) [уничтожен]
    ✗ Провокатор A7      @ (9,9,3) [уничтожен]
    ✗ Паук A8            @ (6,9,3) [уничтожен]
  Team B: живых 2/8
    ✓ Факел B4           @ (2,7,2) hp=6/6
    ✓ Тишина B5          @ (9,9,2) hp=2/2
    ✗ Артиллерия B1      @ (3,4,1) [уничтожен]
    ✗ Радиовышка B2      @ (1,4,1) [уничтожен]
    ✗ Прыгун B3          @ (3,3,3) [уничтожен]
    ✗ Бурав B6           @ (5,2,2) [уничтожен]
    ✗ Провокатор B7      @ (0,6,1) [уничтожен]
    ✗ Паук B8            @ (1,2,1) [уничтожен]
  Team C: живых 6/8
    ✓ Артиллерия C1      @ (5,1,5) hp=1/1
    ✓ Радиовышка C2      @ (8,9,3) hp=3/3
    ✓ Факел C4           @ (5,2,5) hp=6/6
    ✓ Тишина C5          @ (3,3,2) hp=2/2
    ✓ Провокатор C7      @ (9,4,5) hp=2/2
    ✓ Паук C8            @ (1,0,5) hp=1/1
    ✗ Прыгун C3          @ (3,3,2) [уничтожен]
    ✗ Бурав C6           @ (2,3,2) [уничтожен]

======================================================================
ХОД 6
======================================================================
✓ 🎮 GM: начинаем ход
GM: start_turn

--- Радиовышки: сканирование слоя Z ---
  Радиовышка C2 (z=3): слой чист

--- Решения ботов ---
  [Team A] Факел A4 (2,5,2) → SHOOT at (2,7,2)
  [Team A] Тишина A5 (2,6,1) → MOVE (2,7,2)
  [Team A] Бурав A6 (2,3,2) → MOVE (3,2,3)
  [Team B] Факел B4 (2,7,2) → SHOOT at (2,5,2)
  [Team B] Тишина B5 (9,9,2) → MOVE (8,9,3)
  [Team C] Артиллерия C1 (5,1,5) → SHOOT at (9,9,2)
  [Team C] Радиовышка C2 (8,9,3) → MOVE (9,9,2)
  [Team C] Тишина C5 (3,3,2) → MOVE (2,3,2)
  [Team C] Провокатор C7 (9,4,5) → HOLOGRAM (9,5,4)
  [Team C] Паук C8 (1,0,5) → MINE (2,1,4)
  [Team C] Факел C4 → SKIP
! 🎮 GM: принудительно завершает фазу планирования
GM: end_planning
# 
============================================================
# 🔄 ОБРАБОТКА ХОДА 6
# ============================================================
!    ⚠️ Провокатор C7: клетка (9,5,4) уже занята голограммой
!    ⚠️ Паук C8: в клетке уже стоит мина

📦 ПЕРЕМЕЩЕНИЯ:
!    ⚠️ Тишина A5: клетка (2,7,2) занята
!    ⚠️ Бурав A6: Бурав двигается только по 1 оси или по 2 осям строго диагонально
!    ⚠️ Тишина B5: клетка (8,9,3) занята
!    ⚠️ Радиовышка C2: клетка (9,9,2) занята
!    ⚠️ Тишина C5: клетка (2,3,2) занята

🎯 ВЫСТРЕЛЫ:
✓    ✅ Факел A4 поразил Факел B4 (1 урона)!
✓    ✅ Факел B4 поразил Факел A4 (1 урона)!
✓    ✅ Артиллерия C1 поразил Тишина B5 (2 урона)!
   Выпущено ракет: 3
# 
📊 РЕЗУЛЬТАТЫ ХОДА 6:
✓ 💥 ПОПАДАНИЯ:
✓    Факел A4 (Team A) → Факел B4 (Team B)
✓    Факел B4 (Team B) → Факел A4 (Team A)
✓    Артиллерия C1 (Team C) → Тишина B5 (Team B)

--- Результаты хода ---
  Team A / Факел A4           → Team B / Факел B4           @ (2,7,2)  (ранен)
  Team B / Факел B4           → Team A / Факел A4           @ (2,5,2)  (ранен)
  Team C / Артиллерия C1      → Team B / Тишина B5          @ (9,9,2)  (УБИТ)

--- Состояние команд после хода ---
  Team A: живых 3/8
    ✓ Факел A4           @ (2,5,2) hp=5/6
    ✓ Тишина A5          @ (2,6,1) hp=2/2
    ✓ Бурав A6           @ (2,3,2) hp=4/4
    ✗ Артиллерия A1      @ (3,3,3) [уничтожен]
    ✗ Радиовышка A2      @ (3,3,2) [уничтожен]
    ✗ Прыгун A3          @ (5,2,2) [уничтожен]
    ✗ Провокатор A7      @ (9,9,3) [уничтожен]
    ✗ Паук A8            @ (6,9,3) [уничтожен]
  Team B: живых 1/8
    ✓ Факел B4           @ (2,7,2) hp=5/6
    ✗ Артиллерия B1      @ (3,4,1) [уничтожен]
    ✗ Радиовышка B2      @ (1,4,1) [уничтожен]
    ✗ Прыгун B3          @ (3,3,3) [уничтожен]
    ✗ Тишина B5          @ (9,9,2) [уничтожен]
    ✗ Бурав B6           @ (5,2,2) [уничтожен]
    ✗ Провокатор B7      @ (0,6,1) [уничтожен]
    ✗ Паук B8            @ (1,2,1) [уничтожен]
  Team C: живых 6/8
    ✓ Артиллерия C1      @ (5,1,5) hp=1/1
    ✓ Радиовышка C2      @ (8,9,3) hp=3/3
    ✓ Факел C4           @ (5,2,5) hp=6/6
    ✓ Тишина C5          @ (3,3,2) hp=2/2
    ✓ Провокатор C7      @ (9,4,5) hp=2/2
    ✓ Паук C8            @ (1,0,5) hp=1/1
    ✗ Прыгун C3          @ (3,3,2) [уничтожен]
    ✗ Бурав C6           @ (2,3,2) [уничтожен]

======================================================================
ХОД 7
======================================================================
✓ 🎮 GM: начинаем ход
GM: start_turn

--- Радиовышки: сканирование слоя Z ---
  Радиовышка C2 (z=3): слой чист

--- Решения ботов ---
  [Team A] Факел A4 (2,5,2) → HEAL (AoE)
  [Team A] Тишина A5 (2,6,1) → MOVE (2,7,2)
  [Team A] Бурав A6 (2,3,2) → MOVE (3,2,3)
  [Team B] Факел B4 (2,7,2) → HEAL (AoE)
  [Team C] Артиллерия C1 (5,1,5) → SHOOT at (2,5,2)
  [Team C] Радиовышка C2 (8,9,3) → MOVE (7,8,2)
  [Team C] Тишина C5 (3,3,2) → MOVE (2,3,2)
  [Team C] Провокатор C7 (9,4,5) → MOVE (8,5,4)
  [Team C] Паук C8 (1,0,5) → MINE (2,1,4)
  [Team C] Факел C4 → SKIP
! 🎮 GM: принудительно завершает фазу планирования
GM: end_planning
# 
============================================================
# 🔄 ОБРАБОТКА ХОДА 7
# ============================================================
!    ⚠️ Паук C8: в клетке уже стоит мина

📦 ПЕРЕМЕЩЕНИЯ:
!    ⚠️ Тишина A5: клетка (2,7,2) занята
!    ⚠️ Бурав A6: Бурав двигается только по 1 оси или по 2 осям строго диагонально
   Радиовышка C2: (8, 9, 3) → (7,8,2)
!    ⚠️ Тишина C5: клетка (2,3,2) занята
!    ⚠️ Провокатор C7: клетка (8,5,4) занята

🎯 ВЫСТРЕЛЫ:
✓    ✅ Артиллерия C1 поразил Факел A4 (2 урона)!
✓    💚 Факел A4 лечит Факел A4 → hits=2/6
✓    💚 Факел B4 лечит Факел B4 → hits=0/6
   Выпущено ракет: 1
# 
📊 РЕЗУЛЬТАТЫ ХОДА 7:
✓ 💥 ПОПАДАНИЯ:
✓    Артиллерия C1 (Team C) → Факел A4 (Team A)

--- Результаты хода ---
  Team C / Артиллерия C1      → Team A / Факел A4           @ (2,5,2)  (ранен)

--- Состояние команд после хода ---
  Team A: живых 3/8
    ✓ Факел A4           @ (2,5,2) hp=4/6
    ✓ Тишина A5          @ (2,6,1) hp=2/2
    ✓ Бурав A6           @ (2,3,2) hp=4/4
    ✗ Артиллерия A1      @ (3,3,3) [уничтожен]
    ✗ Радиовышка A2      @ (3,3,2) [уничтожен]
    ✗ Прыгун A3          @ (5,2,2) [уничтожен]
    ✗ Провокатор A7      @ (9,9,3) [уничтожен]
    ✗ Паук A8            @ (6,9,3) [уничтожен]
  Team B: живых 1/8
    ✓ Факел B4           @ (2,7,2) hp=6/6
    ✗ Артиллерия B1      @ (3,4,1) [уничтожен]
    ✗ Радиовышка B2      @ (1,4,1) [уничтожен]
    ✗ Прыгун B3          @ (3,3,3) [уничтожен]
    ✗ Тишина B5          @ (9,9,2) [уничтожен]
    ✗ Бурав B6           @ (5,2,2) [уничтожен]
    ✗ Провокатор B7      @ (0,6,1) [уничтожен]
    ✗ Паук B8            @ (1,2,1) [уничтожен]
  Team C: живых 6/8
    ✓ Артиллерия C1      @ (5,1,5) hp=1/1
    ✓ Радиовышка C2      @ (7,8,2) hp=3/3
    ✓ Факел C4           @ (5,2,5) hp=6/6
    ✓ Тишина C5          @ (3,3,2) hp=2/2
    ✓ Провокатор C7      @ (9,4,5) hp=2/2
    ✓ Паук C8            @ (1,0,5) hp=1/1
    ✗ Прыгун C3          @ (3,3,2) [уничтожен]
    ✗ Бурав C6           @ (2,3,2) [уничтожен]

======================================================================
ХОД 8
======================================================================
✓ 🎮 GM: начинаем ход
GM: start_turn

--- Радиовышки: сканирование слоя Z ---
  Радиовышка C2 (z=2): видит 3 врагов [+1 эксклюзивно] → Бурав A6(2,3,2), Факел A4(2,5,2), Факел B4(2,7,2)

--- Решения ботов ---
  [Team A] Факел A4 (2,5,2) → HEAL (AoE)
  [Team A] Тишина A5 (2,6,1) → MOVE (2,7,2)
  [Team A] Бурав A6 (2,3,2) → MOVE (3,2,3)
  [Team B] Факел B4 (2,7,2) → SHOOT at (2,5,2)
  [Team C] Артиллерия C1 (5,1,5) → SHOOT at (2,5,2)
  [Team C] Радиовышка C2 (7,8,2) → MOVE (6,7,2)
  [Team C] Тишина C5 (3,3,2) → MOVE (2,3,2)
  [Team C] Провокатор C7 (9,4,5) → MOVE (8,5,4)
  [Team C] Паук C8 (1,0,5) → MINE (2,1,4)
  [Team C] Факел C4 → SKIP
! 🎮 GM: принудительно завершает фазу планирования
GM: end_planning
# 
============================================================
# 🔄 ОБРАБОТКА ХОДА 8
# ============================================================
!    ⚠️ Паук C8: в клетке уже стоит мина

📦 ПЕРЕМЕЩЕНИЯ:
!    ⚠️ Тишина A5: клетка (2,7,2) занята
!    ⚠️ Бурав A6: Бурав двигается только по 1 оси или по 2 осям строго диагонально
   Радиовышка C2: (7, 8, 2) → (6,7,2)
!    ⚠️ Тишина C5: клетка (2,3,2) занята
!    ⚠️ Провокатор C7: клетка (8,5,4) занята

🎯 ВЫСТРЕЛЫ:
✓    ✅ Факел B4 поразил Факел A4 (1 урона)!
✓    ✅ Артиллерия C1 поразил Факел A4 (2 урона)!
✓    💚 Факел A4 лечит Факел A4 → hits=4/6
   Выпущено ракет: 2
# 
📊 РЕЗУЛЬТАТЫ ХОДА 8:
✓ 💥 ПОПАДАНИЯ:
✓    Факел B4 (Team B) → Факел A4 (Team A)
✓    Артиллерия C1 (Team C) → Факел A4 (Team A)

--- Результаты хода ---
  Team B / Факел B4           → Team A / Факел A4           @ (2,5,2)  (ранен)
  Team C / Артиллерия C1      → Team A / Факел A4           @ (2,5,2)  (ранен)

--- Состояние команд после хода ---
  Team A: живых 3/8
    ✓ Факел A4           @ (2,5,2) hp=2/6
    ✓ Тишина A5          @ (2,6,1) hp=2/2
    ✓ Бурав A6           @ (2,3,2) hp=4/4
    ✗ Артиллерия A1      @ (3,3,3) [уничтожен]
    ✗ Радиовышка A2      @ (3,3,2) [уничтожен]
    ✗ Прыгун A3          @ (5,2,2) [уничтожен]
    ✗ Провокатор A7      @ (9,9,3) [уничтожен]
    ✗ Паук A8            @ (6,9,3) [уничтожен]
  Team B: живых 1/8
    ✓ Факел B4           @ (2,7,2) hp=6/6
    ✗ Артиллерия B1      @ (3,4,1) [уничтожен]
    ✗ Радиовышка B2      @ (1,4,1) [уничтожен]
    ✗ Прыгун B3          @ (3,3,3) [уничтожен]
    ✗ Тишина B5          @ (9,9,2) [уничтожен]
    ✗ Бурав B6           @ (5,2,2) [уничтожен]
    ✗ Провокатор B7      @ (0,6,1) [уничтожен]
    ✗ Паук B8            @ (1,2,1) [уничтожен]
  Team C: живых 6/8
    ✓ Артиллерия C1      @ (5,1,5) hp=1/1
    ✓ Радиовышка C2      @ (6,7,2) hp=3/3
    ✓ Факел C4           @ (5,2,5) hp=6/6
    ✓ Тишина C5          @ (3,3,2) hp=2/2
    ✓ Провокатор C7      @ (9,4,5) hp=2/2
    ✓ Паук C8            @ (1,0,5) hp=1/1
    ✗ Прыгун C3          @ (3,3,2) [уничтожен]
    ✗ Бурав C6           @ (2,3,2) [уничтожен]

======================================================================
ХОД 9
======================================================================
✓ 🎮 GM: начинаем ход
GM: start_turn

--- Радиовышки: сканирование слоя Z ---
  Радиовышка C2 (z=2): видит 3 врагов [+1 эксклюзивно] → Бурав A6(2,3,2), Факел A4(2,5,2), Факел B4(2,7,2)

--- Решения ботов ---
  [Team A] Факел A4 (2,5,2) → HEAL (AoE)
  [Team A] Тишина A5 (2,6,1) → MOVE (2,7,2)
  [Team A] Бурав A6 (2,3,2) → MOVE (3,2,3)
  [Team B] Факел B4 (2,7,2) → SHOOT at (2,5,2)
  [Team C] Артиллерия C1 (5,1,5) → SHOOT at (2,5,2)
  [Team C] Радиовышка C2 (6,7,2) → MOVE (5,6,2)
  [Team C] Тишина C5 (3,3,2) → MOVE (2,3,2)
  [Team C] Провокатор C7 (9,4,5) → MOVE (8,5,4)
  [Team C] Паук C8 (1,0,5) → MINE (2,1,4)
  [Team C] Факел C4 → SKIP
! 🎮 GM: принудительно завершает фазу планирования
GM: end_planning
# 
============================================================
# 🔄 ОБРАБОТКА ХОДА 9
# ============================================================
!    ⚠️ Паук C8: в клетке уже стоит мина

📦 ПЕРЕМЕЩЕНИЯ:
!    ⚠️ Тишина A5: клетка (2,7,2) занята
!    ⚠️ Бурав A6: Бурав двигается только по 1 оси или по 2 осям строго диагонально
   Радиовышка C2: (6, 7, 2) → (5,6,2)
!    ⚠️ Тишина C5: клетка (2,3,2) занята
!    ⚠️ Провокатор C7: клетка (8,5,4) занята

🎯 ВЫСТРЕЛЫ:
✓    ✅ Факел B4 поразил Факел A4 (1 урона)!
✓    ✅ Артиллерия C1 поразил Факел A4 (2 урона)!
   Выпущено ракет: 2
# 
📊 РЕЗУЛЬТАТЫ ХОДА 9:
✓ 💥 ПОПАДАНИЯ:
✓    Факел B4 (Team B) → Факел A4 (Team A)
✓    Артиллерия C1 (Team C) → Факел A4 (Team A)

--- Результаты хода ---
  Team B / Факел B4           → Team A / Факел A4           @ (2,5,2)  (ранен)
  Team C / Артиллерия C1      → Team A / Факел A4           @ (2,5,2)  (УБИТ)

--- Состояние команд после хода ---
  Team A: живых 2/8
    ✓ Тишина A5          @ (2,6,1) hp=2/2
    ✓ Бурав A6           @ (2,3,2) hp=4/4
    ✗ Артиллерия A1      @ (3,3,3) [уничтожен]
    ✗ Радиовышка A2      @ (3,3,2) [уничтожен]
    ✗ Прыгун A3          @ (5,2,2) [уничтожен]
    ✗ Факел A4           @ (2,5,2) [уничтожен]
    ✗ Провокатор A7      @ (9,9,3) [уничтожен]
    ✗ Паук A8            @ (6,9,3) [уничтожен]
  Team B: живых 1/8
    ✓ Факел B4           @ (2,7,2) hp=6/6
    ✗ Артиллерия B1      @ (3,4,1) [уничтожен]
    ✗ Радиовышка B2      @ (1,4,1) [уничтожен]
    ✗ Прыгун B3          @ (3,3,3) [уничтожен]
    ✗ Тишина B5          @ (9,9,2) [уничтожен]
    ✗ Бурав B6           @ (5,2,2) [уничтожен]
    ✗ Провокатор B7      @ (0,6,1) [уничтожен]
    ✗ Паук B8            @ (1,2,1) [уничтожен]
  Team C: живых 6/8
    ✓ Артиллерия C1      @ (5,1,5) hp=1/1
    ✓ Радиовышка C2      @ (5,6,2) hp=3/3
    ✓ Факел C4           @ (5,2,5) hp=6/6
    ✓ Тишина C5          @ (3,3,2) hp=2/2
    ✓ Провокатор C7      @ (9,4,5) hp=2/2
    ✓ Паук C8            @ (1,0,5) hp=1/1
    ✗ Прыгун C3          @ (3,3,2) [уничтожен]
    ✗ Бурав C6           @ (2,3,2) [уничтожен]

======================================================================
ХОД 10
======================================================================
✓ 🎮 GM: начинаем ход
GM: start_turn

--- Радиовышки: сканирование слоя Z ---
  Радиовышка C2 (z=2): видит 2 врагов [+1 эксклюзивно] → Бурав A6(2,3,2), Факел B4(2,7,2)

--- Решения ботов ---
  [Team A] Тишина A5 (2,6,1) → MOVE (2,7,2)
  [Team A] Бурав A6 (2,3,2) → MOVE (5,6,2)
  [Team B] Факел B4 (2,7,2) → MOVE (3,6,2)
  [Team C] Артиллерия C1 (5,1,5) → SHOOT at (2,7,2)
  [Team C] Радиовышка C2 (5,6,2) → MOVE (4,5,2)
  [Team C] Тишина C5 (3,3,2) → MOVE (2,3,2)
  [Team C] Провокатор C7 (9,4,5) → MOVE (8,3,4)
  [Team C] Паук C8 (1,0,5) → MINE (2,1,4)
  [Team C] Факел C4 → SKIP
! 🎮 GM: принудительно завершает фазу планирования
GM: end_planning
# 
============================================================
# 🔄 ОБРАБОТКА ХОДА 10
# ============================================================
!    ⚠️ Паук C8: в клетке уже стоит мина

📦 ПЕРЕМЕЩЕНИЯ:
!    ⚠️ Тишина A5: клетка (2,7,2) занята
✓    💥 Бурав A6 тараном уничтожил Радиовышка C2 в (5,6,2)
   Бурав A6: (2, 3, 2) → (5,6,2)
   Факел B4: (2, 7, 2) → (3,6,2)
   Тишина C5: (3, 3, 2) → (2,3,2)
!    ⚠️ Провокатор C7: клетка (8,3,4) занята

🎯 ВЫСТРЕЛЫ:
   Выпущено ракет: 1
# 
📊 РЕЗУЛЬТАТЫ ХОДА 10:
🎯 Попаданий нет

--- Результаты хода ---
  Team A / Бурав A6           → Team C / Радиовышка C2      @ (5,6,2)  (УБИТ)

--- Состояние команд после хода ---
  Team A: живых 2/8
    ✓ Тишина A5          @ (2,6,1) hp=2/2
    ✓ Бурав A6           @ (5,6,2) hp=4/4
    ✗ Артиллерия A1      @ (3,3,3) [уничтожен]
    ✗ Радиовышка A2      @ (3,3,2) [уничтожен]
    ✗ Прыгун A3          @ (5,2,2) [уничтожен]
    ✗ Факел A4           @ (2,5,2) [уничтожен]
    ✗ Провокатор A7      @ (9,9,3) [уничтожен]
    ✗ Паук A8            @ (6,9,3) [уничтожен]
  Team B: живых 1/8
    ✓ Факел B4           @ (3,6,2) hp=6/6
    ✗ Артиллерия B1      @ (3,4,1) [уничтожен]
    ✗ Радиовышка B2      @ (1,4,1) [уничтожен]
    ✗ Прыгун B3          @ (3,3,3) [уничтожен]
    ✗ Тишина B5          @ (9,9,2) [уничтожен]
    ✗ Бурав B6           @ (5,2,2) [уничтожен]
    ✗ Провокатор B7      @ (0,6,1) [уничтожен]
    ✗ Паук B8            @ (1,2,1) [уничтожен]
  Team C: живых 5/8
    ✓ Артиллерия C1      @ (5,1,5) hp=1/1
    ✓ Факел C4           @ (5,2,5) hp=6/6
    ✓ Тишина C5          @ (2,3,2) hp=2/2
    ✓ Провокатор C7      @ (9,4,5) hp=2/2
    ✓ Паук C8            @ (1,0,5) hp=1/1
    ✗ Радиовышка C2      @ (5,6,2) [уничтожен]
    ✗ Прыгун C3          @ (3,3,2) [уничтожен]
    ✗ Бурав C6           @ (2,3,2) [уничтожен]

======================================================================
ХОД 11
======================================================================
✓ 🎮 GM: начинаем ход
GM: start_turn

--- Радиовышки: сканирование слоя Z ---
  (у команд не осталось живых радиовышек)

--- Решения ботов ---
  [Team A] Тишина A5 (2,6,1) → MOVE (3,6,2)
  [Team A] Бурав A6 (5,6,2) → MOVE (4,6,2)
  [Team B] Факел B4 (3,6,2) → SHOOT at (5,6,2)
  [Team C] Артиллерия C1 (5,1,5) → SHOOT at (3,6,2)
  [Team C] Тишина C5 (2,3,2) → MOVE (3,4,2)
  [Team C] Провокатор C7 (9,4,5) → HOLOGRAM (8,5,4)
  [Team C] Паук C8 (1,0,5) → MOVE (2,1,4)
  [Team C] Факел C4 → SKIP
! 🎮 GM: принудительно завершает фазу планирования
GM: end_planning
# 
============================================================
# 🔄 ОБРАБОТКА ХОДА 11
# ============================================================
!    ⚠️ Провокатор C7: клетка (8,5,4) уже занята голограммой

📦 ПЕРЕМЕЩЕНИЯ:
!    ⚠️ Тишина A5: клетка (3,6,2) занята
   Бурав A6: (5, 6, 2) → (4,6,2)
   Тишина C5: (2, 3, 2) → (3,4,2)
   Паук C8: (1, 0, 5) → (2,1,4)

🎯 ВЫСТРЕЛЫ:
✓    ✅ Факел B4 поразил Бурав A6 (1 урона)!
✓    ✅ Артиллерия C1 поразил Факел B4 (2 урона)!
   Выпущено ракет: 2
# 
📊 РЕЗУЛЬТАТЫ ХОДА 11:
✓ 💥 ПОПАДАНИЯ:
✓    Факел B4 (Team B) → Бурав A6 (Team A)
✓    Артиллерия C1 (Team C) → Факел B4 (Team B)

--- Результаты хода ---
  Team B / Факел B4           → Team A / Бурав A6           @ (4,6,2)  (ранен)
  Team C / Артиллерия C1      → Team B / Факел B4           @ (3,6,2)  (ранен)

--- Состояние команд после хода ---
  Team A: живых 2/8
    ✓ Тишина A5          @ (2,6,1) hp=2/2
    ✓ Бурав A6           @ (4,6,2) hp=3/4
    ✗ Артиллерия A1      @ (3,3,3) [уничтожен]
    ✗ Радиовышка A2      @ (3,3,2) [уничтожен]
    ✗ Прыгун A3          @ (5,2,2) [уничтожен]
    ✗ Факел A4           @ (2,5,2) [уничтожен]
    ✗ Провокатор A7      @ (9,9,3) [уничтожен]
    ✗ Паук A8            @ (6,9,3) [уничтожен]
  Team B: живых 1/8
    ✓ Факел B4           @ (3,6,2) hp=4/6
    ✗ Артиллерия B1      @ (3,4,1) [уничтожен]
    ✗ Радиовышка B2      @ (1,4,1) [уничтожен]
    ✗ Прыгун B3          @ (3,3,3) [уничтожен]
    ✗ Тишина B5          @ (9,9,2) [уничтожен]
    ✗ Бурав B6           @ (5,2,2) [уничтожен]
    ✗ Провокатор B7      @ (0,6,1) [уничтожен]
    ✗ Паук B8            @ (1,2,1) [уничтожен]
  Team C: живых 5/8
    ✓ Артиллерия C1      @ (5,1,5) hp=1/1
    ✓ Факел C4           @ (5,2,5) hp=6/6
    ✓ Тишина C5          @ (3,4,2) hp=2/2
    ✓ Провокатор C7      @ (9,4,5) hp=2/2
    ✓ Паук C8            @ (2,1,4) hp=1/1
    ✗ Радиовышка C2      @ (5,6,2) [уничтожен]
    ✗ Прыгун C3          @ (3,3,2) [уничтожен]
    ✗ Бурав C6           @ (2,3,2) [уничтожен]

======================================================================
ХОД 12
======================================================================
✓ 🎮 GM: начинаем ход
GM: start_turn

--- Радиовышки: сканирование слоя Z ---
  (у команд не осталось живых радиовышек)

--- Решения ботов ---
  [Team A] Тишина A5 (2,6,1) → MOVE (3,6,2)
  [Team A] Бурав A6 → SKIP
  [Team B] Факел B4 (3,6,2) → HEAL (AoE)
  [Team C] Артиллерия C1 (5,1,5) → SHOOT at (3,6,2)
  [Team C] Тишина C5 (3,4,2) → MOVE (4,5,2)
  [Team C] Провокатор C7 (9,4,5) → HOLOGRAM (8,5,4)
  [Team C] Паук C8 (2,1,4) → MOVE (3,2,3)
  [Team C] Факел C4 → SKIP
! 🎮 GM: принудительно завершает фазу планирования
GM: end_planning
# 
============================================================
# 🔄 ОБРАБОТКА ХОДА 12
# ============================================================
!    ⚠️ Провокатор C7: клетка (8,5,4) уже занята голограммой

📦 ПЕРЕМЕЩЕНИЯ:
!    ⚠️ Тишина A5: клетка (3,6,2) занята
   Тишина C5: (3, 4, 2) → (4,5,2)
   Паук C8: (2, 1, 4) → (3,2,3)

🎯 ВЫСТРЕЛЫ:
✓    ✅ Артиллерия C1 поразил Факел B4 (2 урона)!
✓    💚 Факел B4 лечит Факел B4 → hits=3/6
   Выпущено ракет: 1
# 
📊 РЕЗУЛЬТАТЫ ХОДА 12:
✓ 💥 ПОПАДАНИЯ:
✓    Артиллерия C1 (Team C) → Факел B4 (Team B)

--- Результаты хода ---
  Team C / Артиллерия C1      → Team B / Факел B4           @ (3,6,2)  (ранен)

--- Состояние команд после хода ---
  Team A: живых 2/8
    ✓ Тишина A5          @ (2,6,1) hp=2/2
    ✓ Бурав A6           @ (4,6,2) hp=3/4
    ✗ Артиллерия A1      @ (3,3,3) [уничтожен]
    ✗ Радиовышка A2      @ (3,3,2) [уничтожен]
    ✗ Прыгун A3          @ (5,2,2) [уничтожен]
    ✗ Факел A4           @ (2,5,2) [уничтожен]
    ✗ Провокатор A7      @ (9,9,3) [уничтожен]
    ✗ Паук A8            @ (6,9,3) [уничтожен]
  Team B: живых 1/8
    ✓ Факел B4           @ (3,6,2) hp=3/6
    ✗ Артиллерия B1      @ (3,4,1) [уничтожен]
    ✗ Радиовышка B2      @ (1,4,1) [уничтожен]
    ✗ Прыгун B3          @ (3,3,3) [уничтожен]
    ✗ Тишина B5          @ (9,9,2) [уничтожен]
    ✗ Бурав B6           @ (5,2,2) [уничтожен]
    ✗ Провокатор B7      @ (0,6,1) [уничтожен]
    ✗ Паук B8            @ (1,2,1) [уничтожен]
  Team C: живых 5/8
    ✓ Артиллерия C1      @ (5,1,5) hp=1/1
    ✓ Факел C4           @ (5,2,5) hp=6/6
    ✓ Тишина C5          @ (4,5,2) hp=2/2
    ✓ Провокатор C7      @ (9,4,5) hp=2/2
    ✓ Паук C8            @ (3,2,3) hp=1/1
    ✗ Радиовышка C2      @ (5,6,2) [уничтожен]
    ✗ Прыгун C3          @ (3,3,2) [уничтожен]
    ✗ Бурав C6           @ (2,3,2) [уничтожен]

======================================================================
ХОД 13
======================================================================
✓ 🎮 GM: начинаем ход
GM: start_turn

--- Радиовышки: сканирование слоя Z ---
  (у команд не осталось живых радиовышек)

--- Решения ботов ---
  [Team A] Тишина A5 (2,6,1) → MOVE (3,6,2)
  [Team A] Бурав A6 → SKIP
  [Team B] Факел B4 (3,6,2) → HEAL (AoE)
  [Team C] Артиллерия C1 (5,1,5) → SHOOT at (3,6,2)
  [Team C] Тишина C5 (4,5,2) → MOVE (4,6,2)
  [Team C] Провокатор C7 (9,4,5) → HOLOGRAM (8,5,4)
  [Team C] Паук C8 (3,2,3) → MINE (4,3,2)
  [Team C] Факел C4 → SKIP
! 🎮 GM: принудительно завершает фазу планирования
GM: end_planning
# 
============================================================
# 🔄 ОБРАБОТКА ХОДА 13
# ============================================================
!    ⚠️ Провокатор C7: клетка (8,5,4) уже занята голограммой
   💣 Паук C8 установил мину M7 в (4,3,2)

📦 ПЕРЕМЕЩЕНИЯ:
!    ⚠️ Тишина A5: клетка (3,6,2) занята
!    ⚠️ Тишина C5: клетка (4,6,2) занята

🎯 ВЫСТРЕЛЫ:
✓    ✅ Артиллерия C1 поразил Факел B4 (2 урона)!
✓    💚 Факел B4 лечит Факел B4 → hits=4/6
   Выпущено ракет: 1
# 
📊 РЕЗУЛЬТАТЫ ХОДА 13:
✓ 💥 ПОПАДАНИЯ:
✓    Артиллерия C1 (Team C) → Факел B4 (Team B)

--- Результаты хода ---
  Team C / Артиллерия C1      → Team B / Факел B4           @ (3,6,2)  (ранен)

--- Состояние команд после хода ---
  Team A: живых 2/8
    ✓ Тишина A5          @ (2,6,1) hp=2/2
    ✓ Бурав A6           @ (4,6,2) hp=3/4
    ✗ Артиллерия A1      @ (3,3,3) [уничтожен]
    ✗ Радиовышка A2      @ (3,3,2) [уничтожен]
    ✗ Прыгун A3          @ (5,2,2) [уничтожен]
    ✗ Факел A4           @ (2,5,2) [уничтожен]
    ✗ Провокатор A7      @ (9,9,3) [уничтожен]
    ✗ Паук A8            @ (6,9,3) [уничтожен]
  Team B: живых 1/8
    ✓ Факел B4           @ (3,6,2) hp=2/6
    ✗ Артиллерия B1      @ (3,4,1) [уничтожен]
    ✗ Радиовышка B2      @ (1,4,1) [уничтожен]
    ✗ Прыгун B3          @ (3,3,3) [уничтожен]
    ✗ Тишина B5          @ (9,9,2) [уничтожен]
    ✗ Бурав B6           @ (5,2,2) [уничтожен]
    ✗ Провокатор B7      @ (0,6,1) [уничтожен]
    ✗ Паук B8            @ (1,2,1) [уничтожен]
  Team C: живых 5/8
    ✓ Артиллерия C1      @ (5,1,5) hp=1/1
    ✓ Факел C4           @ (5,2,5) hp=6/6
    ✓ Тишина C5          @ (4,5,2) hp=2/2
    ✓ Провокатор C7      @ (9,4,5) hp=2/2
    ✓ Паук C8            @ (3,2,3) hp=1/1
    ✗ Радиовышка C2      @ (5,6,2) [уничтожен]
    ✗ Прыгун C3          @ (3,3,2) [уничтожен]
    ✗ Бурав C6           @ (2,3,2) [уничтожен]

======================================================================
ХОД 14
======================================================================
✓ 🎮 GM: начинаем ход
GM: start_turn

--- Радиовышки: сканирование слоя Z ---
  (у команд не осталось живых радиовышек)

--- Решения ботов ---
  [Team A] Тишина A5 (2,6,1) → MOVE (3,6,2)
  [Team A] Бурав A6 → SKIP
  [Team B] Факел B4 (3,6,2) → HEAL (AoE)
  [Team C] Артиллерия C1 (5,1,5) → SHOOT at (3,6,2)
  [Team C] Тишина C5 (4,5,2) → MOVE (4,6,2)
  [Team C] Провокатор C7 (9,4,5) → HOLOGRAM (8,5,4)
  [Team C] Паук C8 (3,2,3) → MINE (4,3,2)
  [Team C] Факел C4 → SKIP
! 🎮 GM: принудительно завершает фазу планирования
GM: end_planning
# 
============================================================
# 🔄 ОБРАБОТКА ХОДА 14
# ============================================================
!    ⚠️ Провокатор C7: клетка (8,5,4) уже занята голограммой
!    ⚠️ Паук C8: в клетке уже стоит мина

📦 ПЕРЕМЕЩЕНИЯ:
!    ⚠️ Тишина A5: клетка (3,6,2) занята
!    ⚠️ Тишина C5: клетка (4,6,2) занята

🎯 ВЫСТРЕЛЫ:
✓    ✅ Артиллерия C1 поразил Факел B4 (2 урона)!
   Выпущено ракет: 1
# 
📊 РЕЗУЛЬТАТЫ ХОДА 14:
✓ 💥 ПОПАДАНИЯ:
✓    Артиллерия C1 (Team C) → Факел B4 (Team B)

--- Результаты хода ---
  Team C / Артиллерия C1      → Team B / Факел B4           @ (3,6,2)  (УБИТ)

--- Состояние команд после хода ---
  Team A: живых 2/8
    ✓ Тишина A5          @ (2,6,1) hp=2/2
    ✓ Бурав A6           @ (4,6,2) hp=3/4
    ✗ Артиллерия A1      @ (3,3,3) [уничтожен]
    ✗ Радиовышка A2      @ (3,3,2) [уничтожен]
    ✗ Прыгун A3          @ (5,2,2) [уничтожен]
    ✗ Факел A4           @ (2,5,2) [уничтожен]
    ✗ Провокатор A7      @ (9,9,3) [уничтожен]
    ✗ Паук A8            @ (6,9,3) [уничтожен]
  Team B: живых 0/8
    ✗ Артиллерия B1      @ (3,4,1) [уничтожен]
    ✗ Радиовышка B2      @ (1,4,1) [уничтожен]
    ✗ Прыгун B3          @ (3,3,3) [уничтожен]
    ✗ Факел B4           @ (3,6,2) [уничтожен]
    ✗ Тишина B5          @ (9,9,2) [уничтожен]
    ✗ Бурав B6           @ (5,2,2) [уничтожен]
    ✗ Провокатор B7      @ (0,6,1) [уничтожен]
    ✗ Паук B8            @ (1,2,1) [уничтожен]
  Team C: живых 5/8
    ✓ Артиллерия C1      @ (5,1,5) hp=1/1
    ✓ Факел C4           @ (5,2,5) hp=6/6
    ✓ Тишина C5          @ (4,5,2) hp=2/2
    ✓ Провокатор C7      @ (9,4,5) hp=2/2
    ✓ Паук C8            @ (3,2,3) hp=1/1
    ✗ Радиовышка C2      @ (5,6,2) [уничтожен]
    ✗ Прыгун C3          @ (3,3,2) [уничтожен]
    ✗ Бурав C6           @ (2,3,2) [уничтожен]

======================================================================
ХОД 15
======================================================================
✓ 🎮 GM: начинаем ход
GM: start_turn

--- Радиовышки: сканирование слоя Z ---
  (у команд не осталось живых радиовышек)

--- Решения ботов ---
  [Team A] Тишина A5 (2,6,1) → PHASE toggle
  [Team A] Бурав A6 (4,6,2) → MOVE (5,5,3)
  [Team B] все корабли пропускают ход
  [Team C] Артиллерия C1 (5,1,5) → SHOOT at (4,6,2)
  [Team C] Тишина C5 (4,5,2) → PHASE toggle
  [Team C] Провокатор C7 (9,4,5) → HOLOGRAM (8,5,4)
  [Team C] Паук C8 (3,2,3) → MINE (4,3,2)
  [Team C] Факел C4 → SKIP
! 🎮 GM: принудительно завершает фазу планирования
GM: end_planning
# 
============================================================
# 🔄 ОБРАБОТКА ХОДА 15
# ============================================================
   🌀 Тишина A5: фаза ВЫКЛ
   🌀 Тишина C5: фаза ВЫКЛ
!    ⚠️ Провокатор C7: клетка (8,5,4) уже занята голограммой
!    ⚠️ Паук C8: в клетке уже стоит мина

📦 ПЕРЕМЕЩЕНИЯ:
!    ⚠️ Бурав A6: Бурав двигается только по 1 оси или по 2 осям строго диагонально

🎯 ВЫСТРЕЛЫ:
✓    ✅ Артиллерия C1 поразил Бурав A6 (2 урона)!
   Выпущено ракет: 1
# 
📊 РЕЗУЛЬТАТЫ ХОДА 15:
✓ 💥 ПОПАДАНИЯ:
✓    Артиллерия C1 (Team C) → Бурав A6 (Team A)

--- Результаты хода ---
  Team C / Артиллерия C1      → Team A / Бурав A6           @ (4,6,2)  (ранен)

--- Состояние команд после хода ---
  Team A: живых 2/8
    ✓ Тишина A5          @ (2,6,1) hp=2/2
    ✓ Бурав A6           @ (4,6,2) hp=1/4
    ✗ Артиллерия A1      @ (3,3,3) [уничтожен]
    ✗ Радиовышка A2      @ (3,3,2) [уничтожен]
    ✗ Прыгун A3          @ (5,2,2) [уничтожен]
    ✗ Факел A4           @ (2,5,2) [уничтожен]
    ✗ Провокатор A7      @ (9,9,3) [уничтожен]
    ✗ Паук A8            @ (6,9,3) [уничтожен]
  Team B: живых 0/8
    ✗ Артиллерия B1      @ (3,4,1) [уничтожен]
    ✗ Радиовышка B2      @ (1,4,1) [уничтожен]
    ✗ Прыгун B3          @ (3,3,3) [уничтожен]
    ✗ Факел B4           @ (3,6,2) [уничтожен]
    ✗ Тишина B5          @ (9,9,2) [уничтожен]
    ✗ Бурав B6           @ (5,2,2) [уничтожен]
    ✗ Провокатор B7      @ (0,6,1) [уничтожен]
    ✗ Паук B8            @ (1,2,1) [уничтожен]
  Team C: живых 5/8
    ✓ Артиллерия C1      @ (5,1,5) hp=1/1
    ✓ Факел C4           @ (5,2,5) hp=6/6
    ✓ Тишина C5          @ (4,5,2) hp=2/2
    ✓ Провокатор C7      @ (9,4,5) hp=2/2
    ✓ Паук C8            @ (3,2,3) hp=1/1
    ✗ Радиовышка C2      @ (5,6,2) [уничтожен]
    ✗ Прыгун C3          @ (3,3,2) [уничтожен]
    ✗ Бурав C6           @ (2,3,2) [уничтожен]

======================================================================
ХОД 16
======================================================================
✓ 🎮 GM: начинаем ход
GM: start_turn

--- Радиовышки: сканирование слоя Z ---
  (у команд не осталось живых радиовышек)

--- Решения ботов ---
  [Team A] Тишина A5 (2,6,1) → MOVE (3,5,2)
  [Team A] Бурав A6 (4,6,2) → MOVE (4,5,2)
  [Team B] все корабли пропускают ход
  [Team C] Артиллерия C1 (5,1,5) → SHOOT at (4,6,2)
  [Team C] Тишина C5 (4,5,2) → MOVE (4,6,2)
  [Team C] Провокатор C7 (9,4,5) → HOLOGRAM (8,5,4)
  [Team C] Паук C8 (3,2,3) → MINE (2,3,2)
  [Team C] Факел C4 → SKIP
! 🎮 GM: принудительно завершает фазу планирования
GM: end_planning
# 
============================================================
# 🔄 ОБРАБОТКА ХОДА 16
# ============================================================
!    ⚠️ Провокатор C7: клетка (8,5,4) уже занята голограммой
   💣 Паук C8 установил мину M8 в (2,3,2)

📦 ПЕРЕМЕЩЕНИЯ:
   Тишина A5: (2, 6, 1) → (3,5,2)
✓    💥 Бурав A6 тараном уничтожил Тишина C5 в (4,5,2)
   Бурав A6: (4, 6, 2) → (4,5,2)

🎯 ВЫСТРЕЛЫ:
   Выпущено ракет: 1
# 
📊 РЕЗУЛЬТАТЫ ХОДА 16:
🎯 Попаданий нет

--- Результаты хода ---
  Team A / Бурав A6           → Team C / Тишина C5          @ (4,5,2)  (УБИТ)

--- Состояние команд после хода ---
  Team A: живых 2/8
    ✓ Тишина A5          @ (3,5,2) hp=2/2
    ✓ Бурав A6           @ (4,5,2) hp=1/4
    ✗ Артиллерия A1      @ (3,3,3) [уничтожен]
    ✗ Радиовышка A2      @ (3,3,2) [уничтожен]
    ✗ Прыгун A3          @ (5,2,2) [уничтожен]
    ✗ Факел A4           @ (2,5,2) [уничтожен]
    ✗ Провокатор A7      @ (9,9,3) [уничтожен]
    ✗ Паук A8            @ (6,9,3) [уничтожен]
  Team B: живых 0/8
    ✗ Артиллерия B1      @ (3,4,1) [уничтожен]
    ✗ Радиовышка B2      @ (1,4,1) [уничтожен]
    ✗ Прыгун B3          @ (3,3,3) [уничтожен]
    ✗ Факел B4           @ (3,6,2) [уничтожен]
    ✗ Тишина B5          @ (9,9,2) [уничтожен]
    ✗ Бурав B6           @ (5,2,2) [уничтожен]
    ✗ Провокатор B7      @ (0,6,1) [уничтожен]
    ✗ Паук B8            @ (1,2,1) [уничтожен]
  Team C: живых 4/8
    ✓ Артиллерия C1      @ (5,1,5) hp=1/1
    ✓ Факел C4           @ (5,2,5) hp=6/6
    ✓ Провокатор C7      @ (9,4,5) hp=2/2
    ✓ Паук C8            @ (3,2,3) hp=1/1
    ✗ Радиовышка C2      @ (5,6,2) [уничтожен]
    ✗ Прыгун C3          @ (3,3,2) [уничтожен]
    ✗ Тишина C5          @ (4,5,2) [уничтожен]
    ✗ Бурав C6           @ (2,3,2) [уничтожен]

======================================================================
ХОД 17
======================================================================
✓ 🎮 GM: начинаем ход
GM: start_turn

--- Радиовышки: сканирование слоя Z ---
  (у команд не осталось живых радиовышек)

--- Решения ботов ---
  [Team A] Тишина A5 (3,5,2) → PHASE toggle
  [Team A] Бурав A6 (4,5,2) → MOVE (5,4,3)
  [Team B] все корабли пропускают ход
  [Team C] Артиллерия C1 (5,1,5) → SHOOT at (4,5,2)
  [Team C] Провокатор C7 (9,4,5) → HOLOGRAM (8,5,4)
  [Team C] Паук C8 (3,2,3) → MINE (3,3,2)
  [Team C] Факел C4 → SKIP
! 🎮 GM: принудительно завершает фазу планирования
GM: end_planning
# 
============================================================
# 🔄 ОБРАБОТКА ХОДА 17
# ============================================================
   🌀 Тишина A5: фаза ВКЛ
!    ⚠️ Провокатор C7: клетка (8,5,4) уже занята голограммой
   💣 Паук C8 установил мину M9 в (3,3,2)

📦 ПЕРЕМЕЩЕНИЯ:
!    ⚠️ Бурав A6: Бурав двигается только по 1 оси или по 2 осям строго диагонально

🎯 ВЫСТРЕЛЫ:
✓    ✅ Артиллерия C1 поразил Бурав A6 (2 урона)!
   Выпущено ракет: 1
# 
📊 РЕЗУЛЬТАТЫ ХОДА 17:
✓ 💥 ПОПАДАНИЯ:
✓    Артиллерия C1 (Team C) → Бурав A6 (Team A)

--- Результаты хода ---
  Team C / Артиллерия C1      → Team A / Бурав A6           @ (4,5,2)  (УБИТ)

--- Состояние команд после хода ---
  Team A: живых 1/8
    ✓ Тишина A5          @ (3,5,2) hp=2/2
    ✗ Артиллерия A1      @ (3,3,3) [уничтожен]
    ✗ Радиовышка A2      @ (3,3,2) [уничтожен]
    ✗ Прыгун A3          @ (5,2,2) [уничтожен]
    ✗ Факел A4           @ (2,5,2) [уничтожен]
    ✗ Бурав A6           @ (4,5,2) [уничтожен]
    ✗ Провокатор A7      @ (9,9,3) [уничтожен]
    ✗ Паук A8            @ (6,9,3) [уничтожен]
  Team B: живых 0/8
    ✗ Артиллерия B1      @ (3,4,1) [уничтожен]
    ✗ Радиовышка B2      @ (1,4,1) [уничтожен]
    ✗ Прыгун B3          @ (3,3,3) [уничтожен]
    ✗ Факел B4           @ (3,6,2) [уничтожен]
    ✗ Тишина B5          @ (9,9,2) [уничтожен]
    ✗ Бурав B6           @ (5,2,2) [уничтожен]
    ✗ Провокатор B7      @ (0,6,1) [уничтожен]
    ✗ Паук B8            @ (1,2,1) [уничтожен]
  Team C: живых 4/8
    ✓ Артиллерия C1      @ (5,1,5) hp=1/1
    ✓ Факел C4           @ (5,2,5) hp=6/6
    ✓ Провокатор C7      @ (9,4,5) hp=2/2
    ✓ Паук C8            @ (3,2,3) hp=1/1
    ✗ Радиовышка C2      @ (5,6,2) [уничтожен]
    ✗ Прыгун C3          @ (3,3,2) [уничтожен]
    ✗ Тишина C5          @ (4,5,2) [уничтожен]
    ✗ Бурав C6           @ (2,3,2) [уничтожен]

======================================================================
ХОД 18
======================================================================
✓ 🎮 GM: начинаем ход
GM: start_turn

--- Радиовышки: сканирование слоя Z ---
  (у команд не осталось живых радиовышек)

--- Решения ботов ---
  [Team A] Тишина A5 (3,5,2) → MOVE (4,4,3)
  [Team B] все корабли пропускают ход
  [Team C] Артиллерия C1 (5,1,5) → SHOOT at (5,3,4)
  [Team C] Провокатор C7 (9,4,5) → MOVE (8,5,4)
  [Team C] Паук C8 (3,2,3) → MOVE (3,3,2)
  [Team C] Факел C4 → SKIP
! 🎮 GM: принудительно завершает фазу планирования
GM: end_planning
# 
============================================================
# 🔄 ОБРАБОТКА ХОДА 18
# ============================================================

📦 ПЕРЕМЕЩЕНИЯ:
   Тишина A5: (3, 5, 2) → (4,4,3)
!    ⚠️ Провокатор C7: клетка (8,5,4) занята
   Паук C8: (3, 2, 3) → (3,3,2)

🎯 ВЫСТРЕЛЫ:
   Выпущено ракет: 1
# 
📊 РЕЗУЛЬТАТЫ ХОДА 18:
🎯 Попаданий нет

--- Результаты хода ---
  Попаданий нет

--- Состояние команд после хода ---
  Team A: живых 1/8
    ✓ Тишина A5          @ (4,4,3) hp=2/2
    ✗ Артиллерия A1      @ (3,3,3) [уничтожен]
    ✗ Радиовышка A2      @ (3,3,2) [уничтожен]
    ✗ Прыгун A3          @ (5,2,2) [уничтожен]
    ✗ Факел A4           @ (2,5,2) [уничтожен]
    ✗ Бурав A6           @ (4,5,2) [уничтожен]
    ✗ Провокатор A7      @ (9,9,3) [уничтожен]
    ✗ Паук A8            @ (6,9,3) [уничтожен]
  Team B: живых 0/8
    ✗ Артиллерия B1      @ (3,4,1) [уничтожен]
    ✗ Радиовышка B2      @ (1,4,1) [уничтожен]
    ✗ Прыгун B3          @ (3,3,3) [уничтожен]
    ✗ Факел B4           @ (3,6,2) [уничтожен]
    ✗ Тишина B5          @ (9,9,2) [уничтожен]
    ✗ Бурав B6           @ (5,2,2) [уничтожен]
    ✗ Провокатор B7      @ (0,6,1) [уничтожен]
    ✗ Паук B8            @ (1,2,1) [уничтожен]
  Team C: живых 4/8
    ✓ Артиллерия C1      @ (5,1,5) hp=1/1
    ✓ Факел C4           @ (5,2,5) hp=6/6
    ✓ Провокатор C7      @ (9,4,5) hp=2/2
    ✓ Паук C8            @ (3,3,2) hp=1/1
    ✗ Радиовышка C2      @ (5,6,2) [уничтожен]
    ✗ Прыгун C3          @ (3,3,2) [уничтожен]
    ✗ Тишина C5          @ (4,5,2) [уничтожен]
    ✗ Бурав C6           @ (2,3,2) [уничтожен]

======================================================================
ХОД 19
======================================================================
✓ 🎮 GM: начинаем ход
GM: start_turn

--- Радиовышки: сканирование слоя Z ---
  (у команд не осталось живых радиовышек)

--- Решения ботов ---
  [Team A] Тишина A5 (4,4,3) → MOVE (3,3,2)
  [Team B] все корабли пропускают ход
  [Team C] Артиллерия C1 (5,1,5) → SHOOT at (6,2,5)
  [Team C] Провокатор C7 (9,4,5) → MOVE (8,5,4)
  [Team C] Паук C8 (3,3,2) → MOVE (3,4,2)
  [Team C] Факел C4 → SKIP
! 🎮 GM: принудительно завершает фазу планирования
GM: end_planning
# 
============================================================
# 🔄 ОБРАБОТКА ХОДА 19
# ============================================================

📦 ПЕРЕМЕЩЕНИЯ:
!    ⚠️ Тишина A5: клетка (3,3,2) занята
!    ⚠️ Провокатор C7: клетка (8,5,4) занята
   Паук C8: (3, 3, 2) → (3,4,2)

🎯 ВЫСТРЕЛЫ:
   Выпущено ракет: 1
# 
📊 РЕЗУЛЬТАТЫ ХОДА 19:
🎯 Попаданий нет

--- Результаты хода ---
  Попаданий нет

--- Состояние команд после хода ---
  Team A: живых 1/8
    ✓ Тишина A5          @ (4,4,3) hp=2/2
    ✗ Артиллерия A1      @ (3,3,3) [уничтожен]
    ✗ Радиовышка A2      @ (3,3,2) [уничтожен]
    ✗ Прыгун A3          @ (5,2,2) [уничтожен]
    ✗ Факел A4           @ (2,5,2) [уничтожен]
    ✗ Бурав A6           @ (4,5,2) [уничтожен]
    ✗ Провокатор A7      @ (9,9,3) [уничтожен]
    ✗ Паук A8            @ (6,9,3) [уничтожен]
  Team B: живых 0/8
    ✗ Артиллерия B1      @ (3,4,1) [уничтожен]
    ✗ Радиовышка B2      @ (1,4,1) [уничтожен]
    ✗ Прыгун B3          @ (3,3,3) [уничтожен]
    ✗ Факел B4           @ (3,6,2) [уничтожен]
    ✗ Тишина B5          @ (9,9,2) [уничтожен]
    ✗ Бурав B6           @ (5,2,2) [уничтожен]
    ✗ Провокатор B7      @ (0,6,1) [уничтожен]
    ✗ Паук B8            @ (1,2,1) [уничтожен]
  Team C: живых 4/8
    ✓ Артиллерия C1      @ (5,1,5) hp=1/1
    ✓ Факел C4           @ (5,2,5) hp=6/6
    ✓ Провокатор C7      @ (9,4,5) hp=2/2
    ✓ Паук C8            @ (3,4,2) hp=1/1
    ✗ Радиовышка C2      @ (5,6,2) [уничтожен]
    ✗ Прыгун C3          @ (3,3,2) [уничтожен]
    ✗ Тишина C5          @ (4,5,2) [уничтожен]
    ✗ Бурав C6           @ (2,3,2) [уничтожен]

======================================================================
ХОД 20
======================================================================
✓ 🎮 GM: начинаем ход
GM: start_turn

--- Радиовышки: сканирование слоя Z ---
  (у команд не осталось живых радиовышек)

--- Решения ботов ---
  [Team A] Тишина A5 (4,4,3) → MOVE (3,4,2)
  [Team B] все корабли пропускают ход
  [Team C] Артиллерия C1 (5,1,5) → SHOOT at (6,2,5)
  [Team C] Провокатор C7 (9,4,5) → MOVE (8,5,4)
  [Team C] Паук C8 (3,4,2) → MOVE (3,5,2)
  [Team C] Факел C4 → SKIP
! 🎮 GM: принудительно завершает фазу планирования
GM: end_planning
# 
============================================================
# 🔄 ОБРАБОТКА ХОДА 20
# ============================================================

📦 ПЕРЕМЕЩЕНИЯ:
!    ⚠️ Тишина A5: клетка (3,4,2) занята
!    ⚠️ Провокатор C7: клетка (8,5,4) занята
   Паук C8: (3, 4, 2) → (3,5,2)

🎯 ВЫСТРЕЛЫ:
   Выпущено ракет: 1
# 
📊 РЕЗУЛЬТАТЫ ХОДА 20:
🎯 Попаданий нет

--- Результаты хода ---
  Попаданий нет

--- Состояние команд после хода ---
  Team A: живых 1/8
    ✓ Тишина A5          @ (4,4,3) hp=2/2
    ✗ Артиллерия A1      @ (3,3,3) [уничтожен]
    ✗ Радиовышка A2      @ (3,3,2) [уничтожен]
    ✗ Прыгун A3          @ (5,2,2) [уничтожен]
    ✗ Факел A4           @ (2,5,2) [уничтожен]
    ✗ Бурав A6           @ (4,5,2) [уничтожен]
    ✗ Провокатор A7      @ (9,9,3) [уничтожен]
    ✗ Паук A8            @ (6,9,3) [уничтожен]
  Team B: живых 0/8
    ✗ Артиллерия B1      @ (3,4,1) [уничтожен]
    ✗ Радиовышка B2      @ (1,4,1) [уничтожен]
    ✗ Прыгун B3          @ (3,3,3) [уничтожен]
    ✗ Факел B4           @ (3,6,2) [уничтожен]
    ✗ Тишина B5          @ (9,9,2) [уничтожен]
    ✗ Бурав B6           @ (5,2,2) [уничтожен]
    ✗ Провокатор B7      @ (0,6,1) [уничтожен]
    ✗ Паук B8            @ (1,2,1) [уничтожен]
  Team C: живых 4/8
    ✓ Артиллерия C1      @ (5,1,5) hp=1/1
    ✓ Факел C4           @ (5,2,5) hp=6/6
    ✓ Провокатор C7      @ (9,4,5) hp=2/2
    ✓ Паук C8            @ (3,5,2) hp=1/1
    ✗ Радиовышка C2      @ (5,6,2) [уничтожен]
    ✗ Прыгун C3          @ (3,3,2) [уничтожен]
    ✗ Тишина C5          @ (4,5,2) [уничтожен]
    ✗ Бурав C6           @ (2,3,2) [уничтожен]

======================================================================
ХОД 21
======================================================================
✓ 🎮 GM: начинаем ход
GM: start_turn

--- Радиовышки: сканирование слоя Z ---
  (у команд не осталось живых радиовышек)

--- Решения ботов ---
  [Team A] Тишина A5 (4,4,3) → MOVE (3,5,2)
  [Team B] все корабли пропускают ход
  [Team C] Артиллерия C1 (5,1,5) → SHOOT at (6,2,5)
  [Team C] Провокатор C7 (9,4,5) → MOVE (8,5,4)
  [Team C] Факел C4 → SKIP
  [Team C] Паук C8 → SKIP
! 🎮 GM: принудительно завершает фазу планирования
GM: end_planning
# 
============================================================
# 🔄 ОБРАБОТКА ХОДА 21
# ============================================================

📦 ПЕРЕМЕЩЕНИЯ:
!    ⚠️ Тишина A5: клетка (3,5,2) занята
!    ⚠️ Провокатор C7: клетка (8,5,4) занята

🎯 ВЫСТРЕЛЫ:
   Выпущено ракет: 1
# 
📊 РЕЗУЛЬТАТЫ ХОДА 21:
🎯 Попаданий нет

--- Результаты хода ---
  Попаданий нет

--- Состояние команд после хода ---
  Team A: живых 1/8
    ✓ Тишина A5          @ (4,4,3) hp=2/2
    ✗ Артиллерия A1      @ (3,3,3) [уничтожен]
    ✗ Радиовышка A2      @ (3,3,2) [уничтожен]
    ✗ Прыгун A3          @ (5,2,2) [уничтожен]
    ✗ Факел A4           @ (2,5,2) [уничтожен]
    ✗ Бурав A6           @ (4,5,2) [уничтожен]
    ✗ Провокатор A7      @ (9,9,3) [уничтожен]
    ✗ Паук A8            @ (6,9,3) [уничтожен]
  Team B: живых 0/8
    ✗ Артиллерия B1      @ (3,4,1) [уничтожен]
    ✗ Радиовышка B2      @ (1,4,1) [уничтожен]
    ✗ Прыгун B3          @ (3,3,3) [уничтожен]
    ✗ Факел B4           @ (3,6,2) [уничтожен]
    ✗ Тишина B5          @ (9,9,2) [уничтожен]
    ✗ Бурав B6           @ (5,2,2) [уничтожен]
    ✗ Провокатор B7      @ (0,6,1) [уничтожен]
    ✗ Паук B8            @ (1,2,1) [уничтожен]
  Team C: живых 4/8
    ✓ Артиллерия C1      @ (5,1,5) hp=1/1
    ✓ Факел C4           @ (5,2,5) hp=6/6
    ✓ Провокатор C7      @ (9,4,5) hp=2/2
    ✓ Паук C8            @ (3,5,2) hp=1/1
    ✗ Радиовышка C2      @ (5,6,2) [уничтожен]
    ✗ Прыгун C3          @ (3,3,2) [уничтожен]
    ✗ Тишина C5          @ (4,5,2) [уничтожен]
    ✗ Бурав C6           @ (2,3,2) [уничтожен]

======================================================================
ХОД 22
======================================================================
✓ 🎮 GM: начинаем ход
GM: start_turn

--- Радиовышки: сканирование слоя Z ---
  (у команд не осталось живых радиовышек)

--- Решения ботов ---
  [Team A] Тишина A5 (4,4,3) → MOVE (3,5,2)
  [Team B] все корабли пропускают ход
  [Team C] Артиллерия C1 (5,1,5) → SHOOT at (6,2,5)
  [Team C] Провокатор C7 (9,4,5) → MOVE (8,5,4)
  [Team C] Факел C4 → SKIP
  [Team C] Паук C8 → SKIP
! 🎮 GM: принудительно завершает фазу планирования
GM: end_planning
# 
============================================================
# 🔄 ОБРАБОТКА ХОДА 22
# ============================================================

📦 ПЕРЕМЕЩЕНИЯ:
!    ⚠️ Тишина A5: клетка (3,5,2) занята
!    ⚠️ Провокатор C7: клетка (8,5,4) занята

🎯 ВЫСТРЕЛЫ:
   Выпущено ракет: 1
# 
📊 РЕЗУЛЬТАТЫ ХОДА 22:
🎯 Попаданий нет

--- Результаты хода ---
  Попаданий нет

--- Состояние команд после хода ---
  Team A: живых 1/8
    ✓ Тишина A5          @ (4,4,3) hp=2/2
    ✗ Артиллерия A1      @ (3,3,3) [уничтожен]
    ✗ Радиовышка A2      @ (3,3,2) [уничтожен]
    ✗ Прыгун A3          @ (5,2,2) [уничтожен]
    ✗ Факел A4           @ (2,5,2) [уничтожен]
    ✗ Бурав A6           @ (4,5,2) [уничтожен]
    ✗ Провокатор A7      @ (9,9,3) [уничтожен]
    ✗ Паук A8            @ (6,9,3) [уничтожен]
  Team B: живых 0/8
    ✗ Артиллерия B1      @ (3,4,1) [уничтожен]
    ✗ Радиовышка B2      @ (1,4,1) [уничтожен]
    ✗ Прыгун B3          @ (3,3,3) [уничтожен]
    ✗ Факел B4           @ (3,6,2) [уничтожен]
    ✗ Тишина B5          @ (9,9,2) [уничтожен]
    ✗ Бурав B6           @ (5,2,2) [уничтожен]
    ✗ Провокатор B7      @ (0,6,1) [уничтожен]
    ✗ Паук B8            @ (1,2,1) [уничтожен]
  Team C: живых 4/8
    ✓ Артиллерия C1      @ (5,1,5) hp=1/1
    ✓ Факел C4           @ (5,2,5) hp=6/6
    ✓ Провокатор C7      @ (9,4,5) hp=2/2
    ✓ Паук C8            @ (3,5,2) hp=1/1
    ✗ Радиовышка C2      @ (5,6,2) [уничтожен]
    ✗ Прыгун C3          @ (3,3,2) [уничтожен]
    ✗ Тишина C5          @ (4,5,2) [уничтожен]
    ✗ Бурав C6           @ (2,3,2) [уничтожен]

======================================================================
ХОД 23
======================================================================
✓ 🎮 GM: начинаем ход
GM: start_turn

--- Радиовышки: сканирование слоя Z ---
  (у команд не осталось живых радиовышек)

--- Решения ботов ---
  [Team A] Тишина A5 (4,4,3) → MOVE (3,5,2)
  [Team B] все корабли пропускают ход
  [Team C] Артиллерия C1 (5,1,5) → SHOOT at (6,2,5)
  [Team C] Провокатор C7 (9,4,5) → MOVE (8,5,4)
  [Team C] Факел C4 → SKIP
  [Team C] Паук C8 → SKIP
! 🎮 GM: принудительно завершает фазу планирования
GM: end_planning
# 
============================================================
# 🔄 ОБРАБОТКА ХОДА 23
# ============================================================

📦 ПЕРЕМЕЩЕНИЯ:
!    ⚠️ Тишина A5: клетка (3,5,2) занята
!    ⚠️ Провокатор C7: клетка (8,5,4) занята

🎯 ВЫСТРЕЛЫ:
   Выпущено ракет: 1
# 
📊 РЕЗУЛЬТАТЫ ХОДА 23:
🎯 Попаданий нет

--- Результаты хода ---
  Попаданий нет

--- Состояние команд после хода ---
  Team A: живых 1/8
    ✓ Тишина A5          @ (4,4,3) hp=2/2
    ✗ Артиллерия A1      @ (3,3,3) [уничтожен]
    ✗ Радиовышка A2      @ (3,3,2) [уничтожен]
    ✗ Прыгун A3          @ (5,2,2) [уничтожен]
    ✗ Факел A4           @ (2,5,2) [уничтожен]
    ✗ Бурав A6           @ (4,5,2) [уничтожен]
    ✗ Провокатор A7      @ (9,9,3) [уничтожен]
    ✗ Паук A8            @ (6,9,3) [уничтожен]
  Team B: живых 0/8
    ✗ Артиллерия B1      @ (3,4,1) [уничтожен]
    ✗ Радиовышка B2      @ (1,4,1) [уничтожен]
    ✗ Прыгун B3          @ (3,3,3) [уничтожен]
    ✗ Факел B4           @ (3,6,2) [уничтожен]
    ✗ Тишина B5          @ (9,9,2) [уничтожен]
    ✗ Бурав B6           @ (5,2,2) [уничтожен]
    ✗ Провокатор B7      @ (0,6,1) [уничтожен]
    ✗ Паук B8            @ (1,2,1) [уничтожен]
  Team C: живых 4/8
    ✓ Артиллерия C1      @ (5,1,5) hp=1/1
    ✓ Факел C4           @ (5,2,5) hp=6/6
    ✓ Провокатор C7      @ (9,4,5) hp=2/2
    ✓ Паук C8            @ (3,5,2) hp=1/1
    ✗ Радиовышка C2      @ (5,6,2) [уничтожен]
    ✗ Прыгун C3          @ (3,3,2) [уничтожен]
    ✗ Тишина C5          @ (4,5,2) [уничтожен]
    ✗ Бурав C6           @ (2,3,2) [уничтожен]

======================================================================
ХОД 24
======================================================================
✓ 🎮 GM: начинаем ход
GM: start_turn

--- Радиовышки: сканирование слоя Z ---
  (у команд не осталось живых радиовышек)

--- Решения ботов ---
  [Team A] Тишина A5 (4,4,3) → MOVE (3,5,2)
  [Team B] все корабли пропускают ход
  [Team C] Артиллерия C1 (5,1,5) → SHOOT at (9,4,8)
  [Team C] Провокатор C7 (9,4,5) → MOVE (8,5,5)
  [Team C] Паук C8 (3,5,2) → MOVE (4,5,3)
  [Team C] Факел C4 → SKIP
! 🎮 GM: принудительно завершает фазу планирования
GM: end_planning
# 
============================================================
# 🔄 ОБРАБОТКА ХОДА 24
# ============================================================

📦 ПЕРЕМЕЩЕНИЯ:
!    ⚠️ Тишина A5: клетка (3,5,2) занята
   Провокатор C7: (9, 4, 5) → (8,5,5)
   Паук C8: (3, 5, 2) → (4,5,3)

🎯 ВЫСТРЕЛЫ:
   Выпущено ракет: 1
# 
📊 РЕЗУЛЬТАТЫ ХОДА 24:
🎯 Попаданий нет

--- Результаты хода ---
  Попаданий нет

--- Состояние команд после хода ---
  Team A: живых 1/8
    ✓ Тишина A5          @ (4,4,3) hp=2/2
    ✗ Артиллерия A1      @ (3,3,3) [уничтожен]
    ✗ Радиовышка A2      @ (3,3,2) [уничтожен]
    ✗ Прыгун A3          @ (5,2,2) [уничтожен]
    ✗ Факел A4           @ (2,5,2) [уничтожен]
    ✗ Бурав A6           @ (4,5,2) [уничтожен]
    ✗ Провокатор A7      @ (9,9,3) [уничтожен]
    ✗ Паук A8            @ (6,9,3) [уничтожен]
  Team B: живых 0/8
    ✗ Артиллерия B1      @ (3,4,1) [уничтожен]
    ✗ Радиовышка B2      @ (1,4,1) [уничтожен]
    ✗ Прыгун B3          @ (3,3,3) [уничтожен]
    ✗ Факел B4           @ (3,6,2) [уничтожен]
    ✗ Тишина B5          @ (9,9,2) [уничтожен]
    ✗ Бурав B6           @ (5,2,2) [уничтожен]
    ✗ Провокатор B7      @ (0,6,1) [уничтожен]
    ✗ Паук B8            @ (1,2,1) [уничтожен]
  Team C: живых 4/8
    ✓ Артиллерия C1      @ (5,1,5) hp=1/1
    ✓ Факел C4           @ (5,2,5) hp=6/6
    ✓ Провокатор C7      @ (8,5,5) hp=2/2
    ✓ Паук C8            @ (4,5,3) hp=1/1
    ✗ Радиовышка C2      @ (5,6,2) [уничтожен]
    ✗ Прыгун C3          @ (3,3,2) [уничтожен]
    ✗ Тишина C5          @ (4,5,2) [уничтожен]
    ✗ Бурав C6           @ (2,3,2) [уничтожен]

======================================================================
ХОД 25
======================================================================
✓ 🎮 GM: начинаем ход
GM: start_turn

--- Радиовышки: сканирование слоя Z ---
  (у команд не осталось живых радиовышек)

--- Решения ботов ---
  [Team A] Тишина A5 (4,4,3) → MOVE (4,5,3)
  [Team B] все корабли пропускают ход
  [Team C] Артиллерия C1 (5,1,5) → SHOOT at (9,4,9)
  [Team C] Провокатор C7 (8,5,5) → MOVE (7,5,5)
  [Team C] Паук C8 (4,5,3) → MOVE (5,5,4)
  [Team C] Факел C4 → SKIP
! 🎮 GM: принудительно завершает фазу планирования
GM: end_planning
# 
============================================================
# 🔄 ОБРАБОТКА ХОДА 25
# ============================================================

📦 ПЕРЕМЕЩЕНИЯ:
!    ⚠️ Тишина A5: клетка (4,5,3) занята
   Провокатор C7: (8, 5, 5) → (7,5,5)
   Паук C8: (4, 5, 3) → (5,5,4)

🎯 ВЫСТРЕЛЫ:
   Выпущено ракет: 1
# 
📊 РЕЗУЛЬТАТЫ ХОДА 25:
🎯 Попаданий нет

--- Результаты хода ---
  Попаданий нет

--- Состояние команд после хода ---
  Team A: живых 1/8
    ✓ Тишина A5          @ (4,4,3) hp=2/2
    ✗ Артиллерия A1      @ (3,3,3) [уничтожен]
    ✗ Радиовышка A2      @ (3,3,2) [уничтожен]
    ✗ Прыгун A3          @ (5,2,2) [уничтожен]
    ✗ Факел A4           @ (2,5,2) [уничтожен]
    ✗ Бурав A6           @ (4,5,2) [уничтожен]
    ✗ Провокатор A7      @ (9,9,3) [уничтожен]
    ✗ Паук A8            @ (6,9,3) [уничтожен]
  Team B: живых 0/8
    ✗ Артиллерия B1      @ (3,4,1) [уничтожен]
    ✗ Радиовышка B2      @ (1,4,1) [уничтожен]
    ✗ Прыгун B3          @ (3,3,3) [уничтожен]
    ✗ Факел B4           @ (3,6,2) [уничтожен]
    ✗ Тишина B5          @ (9,9,2) [уничтожен]
    ✗ Бурав B6           @ (5,2,2) [уничтожен]
    ✗ Провокатор B7      @ (0,6,1) [уничтожен]
    ✗ Паук B8            @ (1,2,1) [уничтожен]
  Team C: живых 4/8
    ✓ Артиллерия C1      @ (5,1,5) hp=1/1
    ✓ Факел C4           @ (5,2,5) hp=6/6
    ✓ Провокатор C7      @ (7,5,5) hp=2/2
    ✓ Паук C8            @ (5,5,4) hp=1/1
    ✗ Радиовышка C2      @ (5,6,2) [уничтожен]
    ✗ Прыгун C3          @ (3,3,2) [уничтожен]
    ✗ Тишина C5          @ (4,5,2) [уничтожен]
    ✗ Бурав C6           @ (2,3,2) [уничтожен]

======================================================================
ХОД 26
======================================================================
✓ 🎮 GM: начинаем ход
GM: start_turn

--- Радиовышки: сканирование слоя Z ---
  (у команд не осталось живых радиовышек)

--- Решения ботов ---
  [Team A] Тишина A5 (4,4,3) → MOVE (5,5,4)
  [Team B] все корабли пропускают ход
  [Team C] Артиллерия C1 (5,1,5) → SHOOT at (0,0,0)
  [Team C] Провокатор C7 (7,5,5) → MOVE (6,5,5)
  [Team C] Паук C8 (5,5,4) → MOVE (5,5,5)
  [Team C] Факел C4 → SKIP
! 🎮 GM: принудительно завершает фазу планирования
GM: end_planning
# 
============================================================
# 🔄 ОБРАБОТКА ХОДА 26
# ============================================================

📦 ПЕРЕМЕЩЕНИЯ:
!    ⚠️ Тишина A5: клетка (5,5,4) занята
   Провокатор C7: (7, 5, 5) → (6,5,5)
   Паук C8: (5, 5, 4) → (5,5,5)

🎯 ВЫСТРЕЛЫ:
   Выпущено ракет: 1
# 
📊 РЕЗУЛЬТАТЫ ХОДА 26:
🎯 Попаданий нет

--- Результаты хода ---
  Попаданий нет

--- Состояние команд после хода ---
  Team A: живых 1/8
    ✓ Тишина A5          @ (4,4,3) hp=2/2
    ✗ Артиллерия A1      @ (3,3,3) [уничтожен]
    ✗ Радиовышка A2      @ (3,3,2) [уничтожен]
    ✗ Прыгун A3          @ (5,2,2) [уничтожен]
    ✗ Факел A4           @ (2,5,2) [уничтожен]
    ✗ Бурав A6           @ (4,5,2) [уничтожен]
    ✗ Провокатор A7      @ (9,9,3) [уничтожен]
    ✗ Паук A8            @ (6,9,3) [уничтожен]
  Team B: живых 0/8
    ✗ Артиллерия B1      @ (3,4,1) [уничтожен]
    ✗ Радиовышка B2      @ (1,4,1) [уничтожен]
    ✗ Прыгун B3          @ (3,3,3) [уничтожен]
    ✗ Факел B4           @ (3,6,2) [уничтожен]
    ✗ Тишина B5          @ (9,9,2) [уничтожен]
    ✗ Бурав B6           @ (5,2,2) [уничтожен]
    ✗ Провокатор B7      @ (0,6,1) [уничтожен]
    ✗ Паук B8            @ (1,2,1) [уничтожен]
  Team C: живых 4/8
    ✓ Артиллерия C1      @ (5,1,5) hp=1/1
    ✓ Факел C4           @ (5,2,5) hp=6/6
    ✓ Провокатор C7      @ (6,5,5) hp=2/2
    ✓ Паук C8            @ (5,5,5) hp=1/1
    ✗ Радиовышка C2      @ (5,6,2) [уничтожен]
    ✗ Прыгун C3          @ (3,3,2) [уничтожен]
    ✗ Тишина C5          @ (4,5,2) [уничтожен]
    ✗ Бурав C6           @ (2,3,2) [уничтожен]

======================================================================
ХОД 27
======================================================================
✓ 🎮 GM: начинаем ход
GM: start_turn

--- Радиовышки: сканирование слоя Z ---
  (у команд не осталось живых радиовышек)

--- Решения ботов ---
  [Team A] Тишина A5 (4,4,3) → MOVE (5,3,4)
  [Team B] все корабли пропускают ход
  [Team C] Артиллерия C1 (5,1,5) → SHOOT at (0,5,0)
  [Team C] Факел C4 → SKIP
  [Team C] Провокатор C7 → SKIP
  [Team C] Паук C8 → SKIP
! 🎮 GM: принудительно завершает фазу планирования
GM: end_planning
# 
============================================================
# 🔄 ОБРАБОТКА ХОДА 27
# ============================================================

📦 ПЕРЕМЕЩЕНИЯ:
   Тишина A5: (4, 4, 3) → (5,3,4)

🎯 ВЫСТРЕЛЫ:
   Выпущено ракет: 1
# 
📊 РЕЗУЛЬТАТЫ ХОДА 27:
🎯 Попаданий нет

--- Результаты хода ---
  Попаданий нет

--- Состояние команд после хода ---
  Team A: живых 1/8
    ✓ Тишина A5          @ (5,3,4) hp=2/2
    ✗ Артиллерия A1      @ (3,3,3) [уничтожен]
    ✗ Радиовышка A2      @ (3,3,2) [уничтожен]
    ✗ Прыгун A3          @ (5,2,2) [уничтожен]
    ✗ Факел A4           @ (2,5,2) [уничтожен]
    ✗ Бурав A6           @ (4,5,2) [уничтожен]
    ✗ Провокатор A7      @ (9,9,3) [уничтожен]
    ✗ Паук A8            @ (6,9,3) [уничтожен]
  Team B: живых 0/8
    ✗ Артиллерия B1      @ (3,4,1) [уничтожен]
    ✗ Радиовышка B2      @ (1,4,1) [уничтожен]
    ✗ Прыгун B3          @ (3,3,3) [уничтожен]
    ✗ Факел B4           @ (3,6,2) [уничтожен]
    ✗ Тишина B5          @ (9,9,2) [уничтожен]
    ✗ Бурав B6           @ (5,2,2) [уничтожен]
    ✗ Провокатор B7      @ (0,6,1) [уничтожен]
    ✗ Паук B8            @ (1,2,1) [уничтожен]
  Team C: живых 4/8
    ✓ Артиллерия C1      @ (5,1,5) hp=1/1
    ✓ Факел C4           @ (5,2,5) hp=6/6
    ✓ Провокатор C7      @ (6,5,5) hp=2/2
    ✓ Паук C8            @ (5,5,5) hp=1/1
    ✗ Радиовышка C2      @ (5,6,2) [уничтожен]
    ✗ Прыгун C3          @ (3,3,2) [уничтожен]
    ✗ Тишина C5          @ (4,5,2) [уничтожен]
    ✗ Бурав C6           @ (2,3,2) [уничтожен]

======================================================================
ХОД 28
======================================================================
✓ 🎮 GM: начинаем ход
GM: start_turn

--- Радиовышки: сканирование слоя Z ---
  (у команд не осталось живых радиовышек)

--- Решения ботов ---
  [Team A] Тишина A5 (5,3,4) → MOVE (5,2,5)
  [Team B] все корабли пропускают ход
  [Team C] Артиллерия C1 (5,1,5) → SHOOT at (0,0,1)
  [Team C] Факел C4 → SKIP
  [Team C] Провокатор C7 → SKIP
  [Team C] Паук C8 → SKIP
! 🎮 GM: принудительно завершает фазу планирования
GM: end_planning
# 
============================================================
# 🔄 ОБРАБОТКА ХОДА 28
# ============================================================

📦 ПЕРЕМЕЩЕНИЯ:
!    ⚠️ Тишина A5: клетка (5,2,5) занята

🎯 ВЫСТРЕЛЫ:
   Выпущено ракет: 1
# 
📊 РЕЗУЛЬТАТЫ ХОДА 28:
🎯 Попаданий нет

--- Результаты хода ---
  Попаданий нет

--- Состояние команд после хода ---
  Team A: живых 1/8
    ✓ Тишина A5          @ (5,3,4) hp=2/2
    ✗ Артиллерия A1      @ (3,3,3) [уничтожен]
    ✗ Радиовышка A2      @ (3,3,2) [уничтожен]
    ✗ Прыгун A3          @ (5,2,2) [уничтожен]
    ✗ Факел A4           @ (2,5,2) [уничтожен]
    ✗ Бурав A6           @ (4,5,2) [уничтожен]
    ✗ Провокатор A7      @ (9,9,3) [уничтожен]
    ✗ Паук A8            @ (6,9,3) [уничтожен]
  Team B: живых 0/8
    ✗ Артиллерия B1      @ (3,4,1) [уничтожен]
    ✗ Радиовышка B2      @ (1,4,1) [уничтожен]
    ✗ Прыгун B3          @ (3,3,3) [уничтожен]
    ✗ Факел B4           @ (3,6,2) [уничтожен]
    ✗ Тишина B5          @ (9,9,2) [уничтожен]
    ✗ Бурав B6           @ (5,2,2) [уничтожен]
    ✗ Провокатор B7      @ (0,6,1) [уничтожен]
    ✗ Паук B8            @ (1,2,1) [уничтожен]
  Team C: живых 4/8
    ✓ Артиллерия C1      @ (5,1,5) hp=1/1
    ✓ Факел C4           @ (5,2,5) hp=6/6
    ✓ Провокатор C7      @ (6,5,5) hp=2/2
    ✓ Паук C8            @ (5,5,5) hp=1/1
    ✗ Радиовышка C2      @ (5,6,2) [уничтожен]
    ✗ Прыгун C3          @ (3,3,2) [уничтожен]
    ✗ Тишина C5          @ (4,5,2) [уничтожен]
    ✗ Бурав C6           @ (2,3,2) [уничтожен]

======================================================================
ХОД 29
======================================================================
✓ 🎮 GM: начинаем ход
GM: start_turn

--- Радиовышки: сканирование слоя Z ---
  (у команд не осталось живых радиовышек)

--- Решения ботов ---
  [Team A] Тишина A5 (5,3,4) → MOVE (5,2,5)
  [Team B] все корабли пропускают ход
  [Team C] Артиллерия C1 (5,1,5) → SHOOT at (0,5,0)
  [Team C] Факел C4 → SKIP
  [Team C] Провокатор C7 → SKIP
  [Team C] Паук C8 → SKIP
! 🎮 GM: принудительно завершает фазу планирования
GM: end_planning
# 
============================================================
# 🔄 ОБРАБОТКА ХОДА 29
# ============================================================

📦 ПЕРЕМЕЩЕНИЯ:
!    ⚠️ Тишина A5: клетка (5,2,5) занята

🎯 ВЫСТРЕЛЫ:
   Выпущено ракет: 1
# 
📊 РЕЗУЛЬТАТЫ ХОДА 29:
🎯 Попаданий нет

--- Результаты хода ---
  Попаданий нет

--- Состояние команд после хода ---
  Team A: живых 1/8
    ✓ Тишина A5          @ (5,3,4) hp=2/2
    ✗ Артиллерия A1      @ (3,3,3) [уничтожен]
    ✗ Радиовышка A2      @ (3,3,2) [уничтожен]
    ✗ Прыгун A3          @ (5,2,2) [уничтожен]
    ✗ Факел A4           @ (2,5,2) [уничтожен]
    ✗ Бурав A6           @ (4,5,2) [уничтожен]
    ✗ Провокатор A7      @ (9,9,3) [уничтожен]
    ✗ Паук A8            @ (6,9,3) [уничтожен]
  Team B: живых 0/8
    ✗ Артиллерия B1      @ (3,4,1) [уничтожен]
    ✗ Радиовышка B2      @ (1,4,1) [уничтожен]
    ✗ Прыгун B3          @ (3,3,3) [уничтожен]
    ✗ Факел B4           @ (3,6,2) [уничтожен]
    ✗ Тишина B5          @ (9,9,2) [уничтожен]
    ✗ Бурав B6           @ (5,2,2) [уничтожен]
    ✗ Провокатор B7      @ (0,6,1) [уничтожен]
    ✗ Паук B8            @ (1,2,1) [уничтожен]
  Team C: живых 4/8
    ✓ Артиллерия C1      @ (5,1,5) hp=1/1
    ✓ Факел C4           @ (5,2,5) hp=6/6
    ✓ Провокатор C7      @ (6,5,5) hp=2/2
    ✓ Паук C8            @ (5,5,5) hp=1/1
    ✗ Радиовышка C2      @ (5,6,2) [уничтожен]
    ✗ Прыгун C3          @ (3,3,2) [уничтожен]
    ✗ Тишина C5          @ (4,5,2) [уничтожен]
    ✗ Бурав C6           @ (2,3,2) [уничтожен]

======================================================================
ХОД 30
======================================================================
✓ 🎮 GM: начинаем ход
GM: start_turn

--- Радиовышки: сканирование слоя Z ---
  (у команд не осталось живых радиовышек)

--- Решения ботов ---
  [Team A] Тишина A5 (5,3,4) → MOVE (5,2,5)
  [Team B] все корабли пропускают ход
  [Team C] Артиллерия C1 (5,1,5) → SHOOT at (0,0,1)
  [Team C] Факел C4 → SKIP
  [Team C] Провокатор C7 → SKIP
  [Team C] Паук C8 → SKIP
! 🎮 GM: принудительно завершает фазу планирования
GM: end_planning
# 
============================================================
# 🔄 ОБРАБОТКА ХОДА 30
# ============================================================

📦 ПЕРЕМЕЩЕНИЯ:
!    ⚠️ Тишина A5: клетка (5,2,5) занята

🎯 ВЫСТРЕЛЫ:
   Выпущено ракет: 1
# 
📊 РЕЗУЛЬТАТЫ ХОДА 30:
🎯 Попаданий нет

--- Результаты хода ---
  Попаданий нет

--- Состояние команд после хода ---
  Team A: живых 1/8
    ✓ Тишина A5          @ (5,3,4) hp=2/2
    ✗ Артиллерия A1      @ (3,3,3) [уничтожен]
    ✗ Радиовышка A2      @ (3,3,2) [уничтожен]
    ✗ Прыгун A3          @ (5,2,2) [уничтожен]
    ✗ Факел A4           @ (2,5,2) [уничтожен]
    ✗ Бурав A6           @ (4,5,2) [уничтожен]
    ✗ Провокатор A7      @ (9,9,3) [уничтожен]
    ✗ Паук A8            @ (6,9,3) [уничтожен]
  Team B: живых 0/8
    ✗ Артиллерия B1      @ (3,4,1) [уничтожен]
    ✗ Радиовышка B2      @ (1,4,1) [уничтожен]
    ✗ Прыгун B3          @ (3,3,3) [уничтожен]
    ✗ Факел B4           @ (3,6,2) [уничтожен]
    ✗ Тишина B5          @ (9,9,2) [уничтожен]
    ✗ Бурав B6           @ (5,2,2) [уничтожен]
    ✗ Провокатор B7      @ (0,6,1) [уничтожен]
    ✗ Паук B8            @ (1,2,1) [уничтожен]
  Team C: живых 4/8
    ✓ Артиллерия C1      @ (5,1,5) hp=1/1
    ✓ Факел C4           @ (5,2,5) hp=6/6
    ✓ Провокатор C7      @ (6,5,5) hp=2/2
    ✓ Паук C8            @ (5,5,5) hp=1/1
    ✗ Радиовышка C2      @ (5,6,2) [уничтожен]
    ✗ Прыгун C3          @ (3,3,2) [уничтожен]
    ✗ Тишина C5          @ (4,5,2) [уничтожен]
    ✗ Бурав C6           @ (2,3,2) [уничтожен]

======================================================================
ИТОГ
======================================================================
Лимит ходов (30) исчерпан, ничья/пат.

--- Сводка по командам ---
  Team A: 1/8 живых; hp=2
  Team B: 0/8 живых; hp=0
  Team C: 4/8 живых; hp=10

--- Сводка по пассивкам радиовышек ---
  Team A: сканирований=3, всего врагов-в-слоях=2, уникальных эксклюзивных (видны только радиовышкой)=0
  Team B: сканирований=1, всего врагов-в-слоях=0, уникальных эксклюзивных (видны только радиовышкой)=0
  Team C: сканирований=10, всего врагов-в-слоях=9, уникальных эксклюзивных (видны только радиовышкой)=2

--- Сводка по попаданиям ---
  Всего событий (шоты+тараны+мины): 30
  Уничтожено кораблей всего: 19
  Team A: урон=21 хиты=1 тараны=8 мины(сработало)=0 убийств=8
  Team B: урон=5 хиты=4 тараны=1 мины(сработало)=0 убийств=1
  Team C: урон=33 хиты=14 тараны=2 мины(сработало)=0 убийств=10
! 🎮 GM: остановка игры
