======================================================================
Space Battle 10×10×10 — simulation run at 2026-04-20T11:40:24+00:00
Game mode: advanced
Seed: 49
✓ 🚀 Продвинутый режим: создаю разные типы кораблей
✓ ✅ Создано 27 кораблей


--- СТАРТОВАЯ РАССТАНОВКА ---
  Team A: живых 9/9
    ✓ Крейсер A1         @ (0,0,0) hp=2/2
    ✓ Артиллерия A2      @ (0,2,0) hp=1/1
    ✓ Радиовышка A3      @ (0,4,0) hp=3/3
    ✓ Прыгун A4          @ (0,6,0) hp=2/2
    ✓ Факел A5           @ (0,8,0) hp=6/6
    ✓ Тишина A6          @ (0,1,1) hp=2/2
    ✓ Бурав A7           @ (0,3,1) hp=4/4
    ✓ Провокатор A8      @ (0,5,1) hp=2/2
    ✓ Паук A9            @ (0,7,1) hp=1/1
  Team B: живых 9/9
    ✓ Крейсер B1         @ (9,9,9) hp=2/2
    ✓ Артиллерия B2      @ (9,7,9) hp=1/1
    ✓ Радиовышка B3      @ (9,5,9) hp=3/3
    ✓ Прыгун B4          @ (9,3,9) hp=2/2
    ✓ Факел B5           @ (9,1,9) hp=6/6
    ✓ Тишина B6          @ (9,8,8) hp=2/2
    ✓ Бурав B7           @ (9,6,8) hp=4/4
    ✓ Провокатор B8      @ (9,4,8) hp=2/2
    ✓ Паук B9            @ (9,2,8) hp=1/1
  Team C: живых 9/9
    ✓ Крейсер C1         @ (4,9,4) hp=2/2
    ✓ Артиллерия C2      @ (5,9,4) hp=1/1
    ✓ Радиовышка C3      @ (6,9,4) hp=3/3
    ✓ Прыгун C4          @ (7,9,4) hp=2/2
    ✓ Факел C5           @ (8,9,4) hp=6/6
    ✓ Тишина C6          @ (4,9,5) hp=2/2
    ✓ Бурав C7           @ (5,9,5) hp=4/4
    ✓ Провокатор C8      @ (6,9,5) hp=2/2
    ✓ Паук C9            @ (7,9,5) hp=1/1

======================================================================
ХОД 1
======================================================================
✓ 🎮 GM: начинаем ход
GM: start_turn

--- Радиовышки: сканирование слоя Z ---
  Радиовышка A3 (z=0): слой чист
  Радиовышка B3 (z=9): слой чист
  Радиовышка C3 (z=4): слой чист

--- Решения ботов ---
  [Team A] Крейсер A1 (0,0,0) → MOVE (1,1,1)
  [Team A] Артиллерия A2 (0,2,0) → SHOOT at (4,9,4)
  [Team A] Радиовышка A3 (0,4,0) → MOVE (1,5,1)
  [Team A] Прыгун A4 (0,6,0) → MOVE (1,6,1)
  [Team A] Факел A5 (0,8,0) → MOVE (1,7,1)
  [Team A] Тишина A6 (0,1,1) → MOVE (1,2,2)
  [Team A] Бурав A7 (0,3,1) → MOVE (1,4,2)
  [Team A] Провокатор A8 (0,5,1) → MOVE (1,5,2)
  [Team A] Паук A9 (0,7,1) → MOVE (1,6,2)
  [Team B] Крейсер B1 (9,9,9) → MOVE (8,9,8)
  [Team B] Артиллерия B2 (9,7,9) → SHOOT at (6,9,5)
  [Team B] Радиовышка B3 (9,5,9) → MOVE (8,6,8)
  [Team B] Прыгун B4 (9,3,9) → MOVE (8,4,8)
  [Team B] Факел B5 (9,1,9) → MOVE (8,2,8)
  [Team B] Тишина B6 (9,8,8) → MOVE (8,9,7)
  [Team B] Бурав B7 (9,6,8) → MOVE (8,7,7)
  [Team B] Провокатор B8 (9,4,8) → HOLOGRAM (8,5,7)
  [Team B] Паук B9 (9,2,8) → MOVE (8,3,7)
  [Team C] Крейсер C1 (4,9,4) → MOVE (5,8,5)
  [Team C] Артиллерия C2 (5,9,4) → SHOOT at (9,8,8)
  [Team C] Радиовышка C3 (6,9,4) → MOVE (7,8,5)
  [Team C] Прыгун C4 (7,9,4) → MOVE (8,8,5)
  [Team C] Факел C5 (8,9,4) → MOVE (9,8,5)
  [Team C] Тишина C6 (4,9,5) → MOVE (5,8,6)
  [Team C] Бурав C7 (5,9,5) → MOVE (6,8,6)
  [Team C] Провокатор C8 (6,9,5) → HOLOGRAM (7,8,6)
  [Team C] Паук C9 (7,9,5) → MINE (8,8,6)
! 🎮 GM: принудительно завершает фазу планирования
GM: end_planning
# 
============================================================
# 🔄 ОБРАБОТКА ХОДА 1
# ============================================================
   🪞 Провокатор B8 создал голограмму H1 в (8,5,7)
   🪞 Провокатор C8 создал голограмму H2 в (7,8,6)
   💣 Паук C9 установил мину M1 в (8,8,6)

📦 ПЕРЕМЕЩЕНИЯ:
   Крейсер A1: (0, 0, 0) → (1,1,1)
   Радиовышка A3: (0, 4, 0) → (1,5,1)
   Прыгун A4: (0, 6, 0) → (1,6,1)
   Факел A5: (0, 8, 0) → (1,7,1)
   Тишина A6: (0, 1, 1) → (1,2,2)
!    ⚠️ Бурав A7: Бурав двигается только по одной оси
   Провокатор A8: (0, 5, 1) → (1,5,2)
   Паук A9: (0, 7, 1) → (1,6,2)
   Крейсер B1: (9, 9, 9) → (8,9,8)
   Радиовышка B3: (9, 5, 9) → (8,6,8)
   Прыгун B4: (9, 3, 9) → (8,4,8)
   Факел B5: (9, 1, 9) → (8,2,8)
   Тишина B6: (9, 8, 8) → (8,9,7)
!    ⚠️ Бурав B7: Бурав двигается только по одной оси
   Паук B9: (9, 2, 8) → (8,3,7)
   Крейсер C1: (4, 9, 4) → (5,8,5)
   Радиовышка C3: (6, 9, 4) → (7,8,5)
   Прыгун C4: (7, 9, 4) → (8,8,5)
   Факел C5: (8, 9, 4) → (9,8,5)
   Тишина C6: (4, 9, 5) → (5,8,6)
!    ⚠️ Бурав C7: Бурав двигается только по одной оси

🎯 ВЫСТРЕЛЫ:
✓    ✅ Артиллерия B2 поразил Провокатор C8 (2 урона)!
   Выпущено ракет: 3
# 
📊 РЕЗУЛЬТАТЫ ХОДА 1:
✓ 💥 ПОПАДАНИЯ:
✓    Артиллерия B2 (Team B) → Провокатор C8 (Team C)

--- Результаты хода ---
  Team B / Артиллерия B2      → Team C / Провокатор C8      @ (6,9,5)  (УБИТ)

--- Состояние команд после хода ---
  Team A: живых 9/9
    ✓ Крейсер A1         @ (1,1,1) hp=2/2
    ✓ Артиллерия A2      @ (0,2,0) hp=1/1
    ✓ Радиовышка A3      @ (1,5,1) hp=3/3
    ✓ Прыгун A4          @ (1,6,1) hp=2/2
    ✓ Факел A5           @ (1,7,1) hp=6/6
    ✓ Тишина A6          @ (1,2,2) hp=2/2
    ✓ Бурав A7           @ (0,3,1) hp=4/4
    ✓ Провокатор A8      @ (1,5,2) hp=2/2
    ✓ Паук A9            @ (1,6,2) hp=1/1
  Team B: живых 9/9
    ✓ Крейсер B1         @ (8,9,8) hp=2/2
    ✓ Артиллерия B2      @ (9,7,9) hp=1/1
    ✓ Радиовышка B3      @ (8,6,8) hp=3/3
    ✓ Прыгун B4          @ (8,4,8) hp=2/2
    ✓ Факел B5           @ (8,2,8) hp=6/6
    ✓ Тишина B6          @ (8,9,7) hp=2/2
    ✓ Бурав B7           @ (9,6,8) hp=4/4
    ✓ Провокатор B8      @ (9,4,8) hp=2/2
    ✓ Паук B9            @ (8,3,7) hp=1/1
  Team C: живых 8/9
    ✓ Крейсер C1         @ (5,8,5) hp=2/2
    ✓ Артиллерия C2      @ (5,9,4) hp=1/1
    ✓ Радиовышка C3      @ (7,8,5) hp=3/3
    ✓ Прыгун C4          @ (8,8,5) hp=2/2
    ✓ Факел C5           @ (9,8,5) hp=6/6
    ✓ Тишина C6          @ (5,8,6) hp=2/2
    ✓ Бурав C7           @ (5,9,5) hp=4/4
    ✓ Паук C9            @ (7,9,5) hp=1/1
    ✗ Провокатор C8      @ (6,9,5) [уничтожен]

======================================================================
ХОД 2
======================================================================
✓ 🎮 GM: начинаем ход
GM: start_turn

--- Радиовышки: сканирование слоя Z ---
  Радиовышка A3 (z=1): слой чист
  Радиовышка B3 (z=8): слой чист
  Радиовышка C3 (z=5): слой чист

--- Решения ботов ---
  [Team A] Крейсер A1 (1,1,1) → MOVE (2,2,2)
  [Team A] Артиллерия A2 (0,2,0) → SHOOT at (7,9,4)
  [Team A] Радиовышка A3 (1,5,1) → MOVE (2,5,2)
  [Team A] Прыгун A4 (1,6,1) → MOVE (2,6,2)
  [Team A] Факел A5 (1,7,1) → MOVE (2,7,2)
  [Team A] Тишина A6 (1,2,2) → MOVE (2,3,3)
  [Team A] Бурав A7 (0,3,1) → MOVE (1,4,2)
  [Team A] Провокатор A8 (1,5,2) → MOVE (2,5,3)
  [Team A] Паук A9 (1,6,2) → MOVE (1,6,3)
  [Team B] Крейсер B1 (8,9,8) → MOVE (7,8,7)
  [Team B] Артиллерия B2 (9,7,9) → SHOOT at (5,8,6)
  [Team B] Радиовышка B3 (8,6,8) → MOVE (7,7,7)
  [Team B] Прыгун B4 (8,4,8) → MOVE (7,5,7)
  [Team B] Факел B5 (8,2,8) → MOVE (7,3,7)
  [Team B] Тишина B6 (8,9,7) → MOVE (7,8,6)
  [Team B] Бурав B7 (9,6,8) → MOVE (8,7,7)
  [Team B] Провокатор B8 (9,4,8) → HOLOGRAM (8,5,7)
  [Team B] Паук B9 (8,3,7) → MOVE (7,4,6)
  [Team C] Крейсер C1 (5,8,5) → MOVE (6,9,6)
  [Team C] Артиллерия C2 (5,9,4) → SHOOT at (8,9,7)
  [Team C] Радиовышка C3 (7,8,5) → MOVE (8,9,6)
  [Team C] Прыгун C4 (8,8,5) → MOVE (8,9,8)
  [Team C] Факел C5 (9,8,5) → MOVE (8,9,5)
  [Team C] Тишина C6 (5,8,6) → MOVE (6,9,7)
  [Team C] Бурав C7 (5,9,5) → MOVE (5,9,6)
  [Team C] Паук C9 (7,9,5) → MINE (7,8,6)
! 🎮 GM: принудительно завершает фазу планирования
GM: end_planning
# 
============================================================
# 🔄 ОБРАБОТКА ХОДА 2
# ============================================================
!    ⚠️ Провокатор B8: клетка (8,5,7) уже занята голограммой
   💣 Паук C9 установил мину M2 в (7,8,6)

📦 ПЕРЕМЕЩЕНИЯ:
   Крейсер A1: (1, 1, 1) → (2,2,2)
   Радиовышка A3: (1, 5, 1) → (2,5,2)
   Прыгун A4: (1, 6, 1) → (2,6,2)
   Факел A5: (1, 7, 1) → (2,7,2)
   Тишина A6: (1, 2, 2) → (2,3,3)
!    ⚠️ Бурав A7: Бурав двигается только по одной оси
   Провокатор A8: (1, 5, 2) → (2,5,3)
   Паук A9: (1, 6, 2) → (1,6,3)
   Крейсер B1: (8, 9, 8) → (7,8,7)
   Радиовышка B3: (8, 6, 8) → (7,7,7)
   Прыгун B4: (8, 4, 8) → (7,5,7)
   Факел B5: (8, 2, 8) → (7,3,7)
!    ⚠️ Тишина B6: клетка (7,8,6) занята
!    ⚠️ Бурав B7: Бурав двигается только по одной оси
   Паук B9: (8, 3, 7) → (7,4,6)
   Крейсер C1: (5, 8, 5) → (6,9,6)
   Радиовышка C3: (7, 8, 5) → (8,9,6)
   Прыгун C4: (8, 8, 5) → (8,9,8)
   Факел C5: (9, 8, 5) → (8,9,5)
   Тишина C6: (5, 8, 6) → (6,9,7)
   Бурав C7: (5, 9, 5) → (5,9,6)

🎯 ВЫСТРЕЛЫ:
✓    ✅ Артиллерия C2 поразил Тишина B6 (2 урона)!
   Выпущено ракет: 3
# 
📊 РЕЗУЛЬТАТЫ ХОДА 2:
✓ 💥 ПОПАДАНИЯ:
✓    Артиллерия C2 (Team C) → Тишина B6 (Team B)

--- Результаты хода ---
  Team C / Артиллерия C2      → Team B / Тишина B6          @ (8,9,7)  (УБИТ)

--- Состояние команд после хода ---
  Team A: живых 9/9
    ✓ Крейсер A1         @ (2,2,2) hp=2/2
    ✓ Артиллерия A2      @ (0,2,0) hp=1/1
    ✓ Радиовышка A3      @ (2,5,2) hp=3/3
    ✓ Прыгун A4          @ (2,6,2) hp=2/2
    ✓ Факел A5           @ (2,7,2) hp=6/6
    ✓ Тишина A6          @ (2,3,3) hp=2/2
    ✓ Бурав A7           @ (0,3,1) hp=4/4
    ✓ Провокатор A8      @ (2,5,3) hp=2/2
    ✓ Паук A9            @ (1,6,3) hp=1/1
  Team B: живых 8/9
    ✓ Крейсер B1         @ (7,8,7) hp=2/2
    ✓ Артиллерия B2      @ (9,7,9) hp=1/1
    ✓ Радиовышка B3      @ (7,7,7) hp=3/3
    ✓ Прыгун B4          @ (7,5,7) hp=2/2
    ✓ Факел B5           @ (7,3,7) hp=6/6
    ✓ Бурав B7           @ (9,6,8) hp=4/4
    ✓ Провокатор B8      @ (9,4,8) hp=2/2
    ✓ Паук B9            @ (7,4,6) hp=1/1
    ✗ Тишина B6          @ (8,9,7) [уничтожен]
  Team C: живых 8/9
    ✓ Крейсер C1         @ (6,9,6) hp=2/2
    ✓ Артиллерия C2      @ (5,9,4) hp=1/1
    ✓ Радиовышка C3      @ (8,9,6) hp=3/3
    ✓ Прыгун C4          @ (8,9,8) hp=2/2
    ✓ Факел C5           @ (8,9,5) hp=6/6
    ✓ Тишина C6          @ (6,9,7) hp=2/2
    ✓ Бурав C7           @ (5,9,6) hp=4/4
    ✓ Паук C9            @ (7,9,5) hp=1/1
    ✗ Провокатор C8      @ (6,9,5) [уничтожен]

======================================================================
ХОД 3
======================================================================
✓ 🎮 GM: начинаем ход
GM: start_turn

--- Радиовышки: сканирование слоя Z ---
  Радиовышка A3 (z=2): слой чист
  Радиовышка B3 (z=7): видит 1 врагов  → Тишина C6(6,9,7)
  Радиовышка C3 (z=6): видит 1 врагов [+1 эксклюзивно] → Паук B9(7,4,6)

--- Решения ботов ---
  [Team A] Крейсер A1 (2,2,2) → MOVE (3,3,3)
  [Team A] Артиллерия A2 (0,2,0) → SHOOT at (5,9,4)
  [Team A] Радиовышка A3 (2,5,2) → MOVE (3,6,3)
  [Team A] Прыгун A4 (2,6,2) → MOVE (5,9,4)
  [Team A] Факел A5 (2,7,2) → MOVE (3,8,3)
  [Team A] Тишина A6 (2,3,3) → MOVE (3,4,4)
  [Team A] Бурав A7 (0,3,1) → MOVE (1,4,2)
  [Team A] Провокатор A8 (2,5,3) → HOLOGRAM (3,6,4)
  [Team A] Паук A9 (1,6,3) → MINE (2,7,4)
  [Team B] Крейсер B1 (7,8,7) → MOVE (6,9,6)
  [Team B] Артиллерия B2 (9,7,9) → SHOOT at (8,9,8)
  [Team B] Радиовышка B3 (7,7,7) → MOVE (6,8,6)
  [Team B] Прыгун B4 (7,5,7) → MOVE (6,6,6)
  [Team B] Факел B5 (7,3,7) → MOVE (6,4,6)
  [Team B] Бурав B7 (9,6,8) → MOVE (8,7,7)
  [Team B] Провокатор B8 (9,4,8) → HOLOGRAM (8,5,7)
  [Team B] Паук B9 (7,4,6) → MOVE (6,5,6)
  [Team C] Крейсер C1 (6,9,6) → MOVE (7,8,7)
  [Team C] Артиллерия C2 (5,9,4) → SHOOT at (2,7,2)
  [Team C] Радиовышка C3 (8,9,6) → MOVE (8,9,7)
  [Team C] Прыгун C4 (8,9,8) → MOVE (9,7,9)
  [Team C] Факел C5 (8,9,5) → MOVE (7,8,6)
  [Team C] Тишина C6 (6,9,7) → MOVE (6,8,7)
  [Team C] Бурав C7 (5,9,6) → MOVE (5,8,7)
  [Team C] Паук C9 (7,9,5) → MINE (6,8,6)
! 🎮 GM: принудительно завершает фазу планирования
GM: end_planning
# 
============================================================
# 🔄 ОБРАБОТКА ХОДА 3
# ============================================================
   🪞 Провокатор A8 создал голограмму H3 в (3,6,4)
!    ⚠️ Провокатор B8: клетка (8,5,7) уже занята голограммой
   💣 Паук A9 установил мину M3 в (2,7,4)
   💣 Паук C9 установил мину M4 в (6,8,6)

📦 ПЕРЕМЕЩЕНИЯ:
   Крейсер A1: (2, 2, 2) → (3,3,3)
   Радиовышка A3: (2, 5, 2) → (3,6,3)
✓    💥 Прыгун A4 тараном уничтожил Артиллерия C2 в (5,9,4)
   Прыгун A4: (2, 6, 2) → (5,9,4)
   Факел A5: (2, 7, 2) → (3,8,3)
   Тишина A6: (2, 3, 3) → (3,4,4)
!    ⚠️ Бурав A7: Бурав двигается только по одной оси
!    ⚠️ Крейсер B1: клетка (6,9,6) занята
   Радиовышка B3: (7, 7, 7) → (6,8,6)
!    💥 Мина M4 сработала под Радиовышка B3 (урон 2)
   Прыгун B4: (7, 5, 7) → (6,6,6)
   Факел B5: (7, 3, 7) → (6,4,6)
!    ⚠️ Бурав B7: Бурав двигается только по одной оси
   Паук B9: (7, 4, 6) → (6,5,6)
!    ⚠️ Крейсер C1: клетка (7,8,7) занята
   Радиовышка C3: (8, 9, 6) → (8,9,7)
✓    💥 Прыгун C4 тараном уничтожил Артиллерия B2 в (9,7,9)
   Прыгун C4: (8, 9, 8) → (9,7,9)
!    ⚠️ Факел C5: клетка (7,8,6) занята
   Тишина C6: (6, 9, 7) → (6,8,7)
!    ⚠️ Бурав C7: Бурав двигается только по одной оси

🎯 ВЫСТРЕЛЫ:
   Выпущено ракет: 1
# 
📊 РЕЗУЛЬТАТЫ ХОДА 3:
🎯 Попаданий нет

--- Результаты хода ---
  Team A / Прыгун A4          → Team C / Артиллерия C2      @ (5,9,4)  (УБИТ)
  ? / ?                  → Team B / Радиовышка B3      @ (6,8,6)  (ранен)
  Team C / Прыгун C4          → Team B / Артиллерия B2      @ (9,7,9)  (УБИТ)

--- Состояние команд после хода ---
  Team A: живых 9/9
    ✓ Крейсер A1         @ (3,3,3) hp=2/2
    ✓ Артиллерия A2      @ (0,2,0) hp=1/1
    ✓ Радиовышка A3      @ (3,6,3) hp=3/3
    ✓ Прыгун A4          @ (5,9,4) hp=2/2
    ✓ Факел A5           @ (3,8,3) hp=6/6
    ✓ Тишина A6          @ (3,4,4) hp=2/2
    ✓ Бурав A7           @ (0,3,1) hp=4/4
    ✓ Провокатор A8      @ (2,5,3) hp=2/2
    ✓ Паук A9            @ (1,6,3) hp=1/1
  Team B: живых 7/9
    ✓ Крейсер B1         @ (7,8,7) hp=2/2
    ✓ Радиовышка B3      @ (6,8,6) hp=1/3
    ✓ Прыгун B4          @ (6,6,6) hp=2/2
    ✓ Факел B5           @ (6,4,6) hp=6/6
    ✓ Бурав B7           @ (9,6,8) hp=4/4
    ✓ Провокатор B8      @ (9,4,8) hp=2/2
    ✓ Паук B9            @ (6,5,6) hp=1/1
    ✗ Артиллерия B2      @ (9,7,9) [уничтожен]
    ✗ Тишина B6          @ (8,9,7) [уничтожен]
  Team C: живых 7/9
    ✓ Крейсер C1         @ (6,9,6) hp=2/2
    ✓ Радиовышка C3      @ (8,9,7) hp=3/3
    ✓ Прыгун C4          @ (9,7,9) hp=2/2
    ✓ Факел C5           @ (8,9,5) hp=6/6
    ✓ Тишина C6          @ (6,8,7) hp=2/2
    ✓ Бурав C7           @ (5,9,6) hp=4/4
    ✓ Паук C9            @ (7,9,5) hp=1/1
    ✗ Артиллерия C2      @ (5,9,4) [уничтожен]
    ✗ Провокатор C8      @ (6,9,5) [уничтожен]

======================================================================
ХОД 4
======================================================================
✓ 🎮 GM: начинаем ход
GM: start_turn

--- Радиовышки: сканирование слоя Z ---
  Радиовышка A3 (z=3): слой чист
  Радиовышка B3 (z=6): видит 2 врагов  → Бурав C7(5,9,6), Крейсер C1(6,9,6)
  Радиовышка C3 (z=7): видит 1 врагов  → Крейсер B1(7,8,7)

--- Решения ботов ---
  [Team A] Крейсер A1 (3,3,3) → MOVE (4,4,4)
  [Team A] Артиллерия A2 (0,2,0) → SHOOT at (6,8,6)
  [Team A] Радиовышка A3 (3,6,3) → MOVE (4,7,4)
  [Team A] Прыгун A4 (5,9,4) → MOVE (7,8,7)
  [Team A] Факел A5 (3,8,3) → MOVE (4,8,4)
  [Team A] Тишина A6 (3,4,4) → MOVE (4,5,5)
  [Team A] Бурав A7 (0,3,1) → MOVE (1,4,2)
  [Team A] Провокатор A8 (2,5,3) → HOLOGRAM (3,6,4)
  [Team A] Паук A9 (1,6,3) → MINE (2,7,4)
  [Team B] Крейсер B1 (7,8,7) → SHOOT at (6,8,7)
  [Team B] Радиовышка B3 (6,8,6) → MOVE (6,9,6)
  [Team B] Прыгун B4 (6,6,6) → MOVE (3,3,3)
  [Team B] Факел B5 (6,4,6) → SHOOT at (6,9,6)
  [Team B] Бурав B7 (9,6,8) → MOVE (9,7,9)
  [Team B] Провокатор B8 (9,4,8) → HOLOGRAM (9,5,9)
  [Team B] Паук B9 (6,5,6) → MINE (5,4,5)
  [Team C] Крейсер C1 (6,9,6) → SHOOT at (6,8,6)
  [Team C] Радиовышка C3 (8,9,7) → MOVE (7,8,7)
  [Team C] Прыгун C4 (9,7,9) → MOVE (6,8,6)
  [Team C] Факел C5 (8,9,5) → MOVE (7,8,6)
  [Team C] Бурав C7 (5,9,6) → MOVE (5,9,4)
  [Team C] Паук C9 (7,9,5) → MINE (6,9,5)
  [Team C] Тишина C6 → SKIP
! 🎮 GM: принудительно завершает фазу планирования
GM: end_planning
# 
============================================================
# 🔄 ОБРАБОТКА ХОДА 4
# ============================================================
!    ⚠️ Провокатор A8: клетка (3,6,4) уже занята голограммой
   🪞 Провокатор B8 создал голограмму H4 в (9,5,9)
!    ⚠️ Паук A9: в клетке уже стоит мина
   💣 Паук B9 установил мину M5 в (5,4,5)
   💣 Паук C9 установил мину M6 в (6,9,5)

📦 ПЕРЕМЕЩЕНИЯ:
   Крейсер A1: (3, 3, 3) → (4,4,4)
   Радиовышка A3: (3, 6, 3) → (4,7,4)
✓    💥 Прыгун A4 тараном уничтожил Крейсер B1 в (7,8,7)
   Прыгун A4: (5, 9, 4) → (7,8,7)
   Факел A5: (3, 8, 3) → (4,8,4)
   Тишина A6: (3, 4, 4) → (4,5,5)
!    ⚠️ Бурав A7: Бурав двигается только по одной оси
!    ⚠️ Радиовышка B3: клетка (6,9,6) занята
   Прыгун B4: (6, 6, 6) → (3,3,3)
!    ⚠️ Бурав B7: Бурав двигается только по одной оси
!    ⚠️ Радиовышка C3: клетка (7,8,7) занята
✓    💥 Прыгун C4 тараном уничтожил Радиовышка B3 в (6,8,6)
   Прыгун C4: (9, 7, 9) → (6,8,6)
!    ⚠️ Факел C5: клетка (7,8,6) занята
   Бурав C7: (5, 9, 6) → (5,9,4)

🎯 ВЫСТРЕЛЫ:
!    🛡️ Выстрел Факел B5 заблокирован союзником Паук B9 в (6, 5, 6)
!    🛡️ Выстрел Крейсер C1 заблокирован союзником Прыгун C4 в (6, 8, 6)
✓    ✅ Артиллерия A2 поразил Прыгун C4 (2 урона)!
   Выпущено ракет: 3
# 
📊 РЕЗУЛЬТАТЫ ХОДА 4:
✓ 💥 ПОПАДАНИЯ:
✓    Артиллерия A2 (Team A) → Прыгун C4 (Team C)

--- Результаты хода ---
  Team A / Прыгун A4          → Team B / Крейсер B1         @ (7,8,7)  (УБИТ)
  Team C / Прыгун C4          → Team B / Радиовышка B3      @ (6,8,6)  (УБИТ)
  Team A / Артиллерия A2      → Team C / Прыгун C4          @ (6,8,6)  (УБИТ)

--- Состояние команд после хода ---
  Team A: живых 9/9
    ✓ Крейсер A1         @ (4,4,4) hp=2/2
    ✓ Артиллерия A2      @ (0,2,0) hp=1/1
    ✓ Радиовышка A3      @ (4,7,4) hp=3/3
    ✓ Прыгун A4          @ (7,8,7) hp=2/2
    ✓ Факел A5           @ (4,8,4) hp=6/6
    ✓ Тишина A6          @ (4,5,5) hp=2/2
    ✓ Бурав A7           @ (0,3,1) hp=4/4
    ✓ Провокатор A8      @ (2,5,3) hp=2/2
    ✓ Паук A9            @ (1,6,3) hp=1/1
  Team B: живых 5/9
    ✓ Прыгун B4          @ (3,3,3) hp=2/2
    ✓ Факел B5           @ (6,4,6) hp=6/6
    ✓ Бурав B7           @ (9,6,8) hp=4/4
    ✓ Провокатор B8      @ (9,4,8) hp=2/2
    ✓ Паук B9            @ (6,5,6) hp=1/1
    ✗ Крейсер B1         @ (7,8,7) [уничтожен]
    ✗ Артиллерия B2      @ (9,7,9) [уничтожен]
    ✗ Радиовышка B3      @ (6,8,6) [уничтожен]
    ✗ Тишина B6          @ (8,9,7) [уничтожен]
  Team C: живых 6/9
    ✓ Крейсер C1         @ (6,9,6) hp=2/2
    ✓ Радиовышка C3      @ (8,9,7) hp=3/3
    ✓ Факел C5           @ (8,9,5) hp=6/6
    ✓ Тишина C6          @ (6,8,7) hp=2/2
    ✓ Бурав C7           @ (5,9,4) hp=4/4
    ✓ Паук C9            @ (7,9,5) hp=1/1
    ✗ Артиллерия C2      @ (5,9,4) [уничтожен]
    ✗ Прыгун C4          @ (6,8,6) [уничтожен]
    ✗ Провокатор C8      @ (6,9,5) [уничтожен]

======================================================================
ХОД 5
======================================================================
✓ 🎮 GM: начинаем ход
GM: start_turn

--- Радиовышки: сканирование слоя Z ---
  Радиовышка A3 (z=4): видит 1 врагов  → Бурав C7(5,9,4)
  Радиовышка C3 (z=7): видит 1 врагов  → Прыгун A4(7,8,7)

--- Решения ботов ---
  [Team A] Крейсер A1 (4,4,4) → MOVE (3,3,3)
  [Team A] Артиллерия A2 (0,2,0) → SHOOT at (3,3,3)
  [Team A] Радиовышка A3 (4,7,4) → MOVE (5,6,5)
  [Team A] Прыгун A4 (7,8,7) → MOVE (9,6,8)
  [Team A] Факел A5 (4,8,4) → MOVE (5,9,4)
  [Team A] Тишина A6 (4,5,5) → MOVE (3,4,4)
  [Team A] Бурав A7 (0,3,1) → MOVE (1,3,2)
  [Team A] Провокатор A8 (2,5,3) → HOLOGRAM (3,4,3)
  [Team A] Паук A9 (1,6,3) → MINE (1,5,3)
  [Team B] Прыгун B4 (3,3,3) → MOVE (4,4,4)
  [Team B] Факел B5 (6,4,6) → SHOOT at (6,9,6)
  [Team B] Бурав B7 (9,6,8) → MOVE (8,7,7)
  [Team B] Провокатор B8 (9,4,8) → HOLOGRAM (8,5,7)
  [Team B] Паук B9 (6,5,6) → MINE (5,6,5)
  [Team C] Крейсер C1 (6,9,6) → SHOOT at (6,5,6)
  [Team C] Радиовышка C3 (8,9,7) → MOVE (7,8,7)
  [Team C] Факел C5 (8,9,5) → MOVE (7,8,6)
  [Team C] Бурав C7 (5,9,4) → MOVE (4,8,4)
  [Team C] Паук C9 (7,9,5) → MINE (7,9,6)
  [Team C] Тишина C6 → SKIP
! 🎮 GM: принудительно завершает фазу планирования
GM: end_planning
# 
============================================================
# 🔄 ОБРАБОТКА ХОДА 5
# ============================================================
   🪞 Провокатор A8 создал голограмму H5 в (3,4,3)
!    ⚠️ Провокатор B8: клетка (8,5,7) уже занята голограммой
   💣 Паук A9 установил мину M7 в (1,5,3)
   💣 Паук B9 установил мину M8 в (5,6,5)
   💣 Паук C9 установил мину M9 в (7,9,6)

📦 ПЕРЕМЕЩЕНИЯ:
!    ⚠️ Крейсер A1: клетка (3,3,3) занята
   Радиовышка A3: (4, 7, 4) → (5,6,5)
!    💥 Мина M8 сработала под Радиовышка A3 (урон 2)
✓    💥 Прыгун A4 тараном уничтожил Бурав B7 в (9,6,8)
   Прыгун A4: (7, 8, 7) → (9,6,8)
!    ⚠️ Факел A5: клетка (5,9,4) занята
   Тишина A6: (4, 5, 5) → (3,4,4)
!    ⚠️ Бурав A7: Бурав двигается только по одной оси
✓    💥 Прыгун B4 тараном уничтожил Крейсер A1 в (4,4,4)
   Прыгун B4: (3, 3, 3) → (4,4,4)
   Радиовышка C3: (8, 9, 7) → (7,8,7)
!    ⚠️ Факел C5: клетка (7,8,6) занята
!    ⚠️ Бурав C7: Бурав двигается только по одной оси

🎯 ВЫСТРЕЛЫ:
!    🛡️ Выстрел Факел B5 заблокирован союзником Паук B9 в (6, 5, 6)
✓    ✅ Крейсер C1 поразил Паук B9 (2 урона)!
   Выпущено ракет: 3
# 
📊 РЕЗУЛЬТАТЫ ХОДА 5:
✓ 💥 ПОПАДАНИЯ:
✓    Крейсер C1 (Team C) → Паук B9 (Team B)

--- Результаты хода ---
  ? / ?                  → Team A / Радиовышка A3      @ (5,6,5)  (ранен)
  Team A / Прыгун A4          → Team B / Бурав B7           @ (9,6,8)  (УБИТ)
  Team B / Прыгун B4          → Team A / Крейсер A1         @ (4,4,4)  (УБИТ)
  Team C / Крейсер C1         → Team B / Паук B9            @ (6,5,6)  (УБИТ)

--- Состояние команд после хода ---
  Team A: живых 8/9
    ✓ Артиллерия A2      @ (0,2,0) hp=1/1
    ✓ Радиовышка A3      @ (5,6,5) hp=1/3
    ✓ Прыгун A4          @ (9,6,8) hp=2/2
    ✓ Факел A5           @ (4,8,4) hp=6/6
    ✓ Тишина A6          @ (3,4,4) hp=2/2
    ✓ Бурав A7           @ (0,3,1) hp=4/4
    ✓ Провокатор A8      @ (2,5,3) hp=2/2
    ✓ Паук A9            @ (1,6,3) hp=1/1
    ✗ Крейсер A1         @ (4,4,4) [уничтожен]
  Team B: живых 3/9
    ✓ Прыгун B4          @ (4,4,4) hp=2/2
    ✓ Факел B5           @ (6,4,6) hp=6/6
    ✓ Провокатор B8      @ (9,4,8) hp=2/2
    ✗ Крейсер B1         @ (7,8,7) [уничтожен]
    ✗ Артиллерия B2      @ (9,7,9) [уничтожен]
    ✗ Радиовышка B3      @ (6,8,6) [уничтожен]
    ✗ Тишина B6          @ (8,9,7) [уничтожен]
    ✗ Бурав B7           @ (9,6,8) [уничтожен]
    ✗ Паук B9            @ (6,5,6) [уничтожен]
  Team C: живых 6/9
    ✓ Крейсер C1         @ (6,9,6) hp=2/2
    ✓ Радиовышка C3      @ (7,8,7) hp=3/3
    ✓ Факел C5           @ (8,9,5) hp=6/6
    ✓ Тишина C6          @ (6,8,7) hp=2/2
    ✓ Бурав C7           @ (5,9,4) hp=4/4
    ✓ Паук C9            @ (7,9,5) hp=1/1
    ✗ Артиллерия C2      @ (5,9,4) [уничтожен]
    ✗ Прыгун C4          @ (6,8,6) [уничтожен]
    ✗ Провокатор C8      @ (6,9,5) [уничтожен]

======================================================================
ХОД 6
======================================================================
✓ 🎮 GM: начинаем ход
GM: start_turn

--- Радиовышки: сканирование слоя Z ---
  Радиовышка A3 (z=5): видит 2 врагов  → Паук C9(7,9,5), Факел C5(8,9,5)
  Радиовышка C3 (z=7): слой чист

--- Решения ботов ---
  [Team A] Артиллерия A2 (0,2,0) → SHOOT at (4,4,4)
  [Team A] Радиовышка A3 (5,6,5) → MOVE (4,5,4)
  [Team A] Прыгун A4 (9,6,8) → MOVE (6,4,6)
  [Team A] Факел A5 (4,8,4) → SHOOT at (4,4,4)
  [Team A] Тишина A6 (3,4,4) → MOVE (4,4,4)
  [Team A] Бурав A7 (0,3,1) → MOVE (1,4,2)
  [Team A] Провокатор A8 (2,5,3) → HOLOGRAM (2,5,4)
  [Team A] Паук A9 (1,6,3) → MINE (2,5,4)
  [Team B] Прыгун B4 (4,4,4) → MOVE (5,6,5)
  [Team B] Факел B5 (6,4,6) → MOVE (5,5,5)
  [Team B] Провокатор B8 (9,4,8) → HOLOGRAM (9,5,8)
  [Team C] Крейсер C1 (6,9,6) → MOVE (5,8,5)
  [Team C] Радиовышка C3 (7,8,7) → MOVE (6,7,6)
  [Team C] Факел C5 (8,9,5) → MOVE (7,8,5)
  [Team C] Тишина C6 (6,8,7) → MOVE (5,7,6)
  [Team C] Бурав C7 (5,9,4) → MOVE (4,8,4)
  [Team C] Паук C9 (7,9,5) → MINE (6,8,5)
! 🎮 GM: принудительно завершает фазу планирования
GM: end_planning
# 
============================================================
# 🔄 ОБРАБОТКА ХОДА 6
# ============================================================
   🪞 Провокатор A8 создал голограмму H6 в (2,5,4)
   🪞 Провокатор B8 создал голограмму H7 в (9,5,8)
   💣 Паук A9 установил мину M10 в (2,5,4)
   💣 Паук C9 установил мину M11 в (6,8,5)

📦 ПЕРЕМЕЩЕНИЯ:
   Радиовышка A3: (5, 6, 5) → (4,5,4)
✓    💥 Прыгун A4 тараном уничтожил Факел B5 в (6,4,6)
   Прыгун A4: (9, 6, 8) → (6,4,6)
!    ⚠️ Тишина A6: клетка (4,4,4) занята
!    ⚠️ Бурав A7: Бурав двигается только по одной оси
   Прыгун B4: (4, 4, 4) → (5,6,5)
   Крейсер C1: (6, 9, 6) → (5,8,5)
   Радиовышка C3: (7, 8, 7) → (6,7,6)
   Факел C5: (8, 9, 5) → (7,8,5)
   Тишина C6: (6, 8, 7) → (5,7,6)
!    ⚠️ Бурав C7: Бурав двигается только по одной оси

🎯 ВЫСТРЕЛЫ:
!    🛡️ Выстрел Факел A5 заблокирован союзником Радиовышка A3 в (4, 5, 4)
   Выпущено ракет: 2
# 
📊 РЕЗУЛЬТАТЫ ХОДА 6:
🎯 Попаданий нет

--- Результаты хода ---
  Team A / Прыгун A4          → Team B / Факел B5           @ (6,4,6)  (УБИТ)

--- Состояние команд после хода ---
  Team A: живых 8/9
    ✓ Артиллерия A2      @ (0,2,0) hp=1/1
    ✓ Радиовышка A3      @ (4,5,4) hp=1/3
    ✓ Прыгун A4          @ (6,4,6) hp=2/2
    ✓ Факел A5           @ (4,8,4) hp=6/6
    ✓ Тишина A6          @ (3,4,4) hp=2/2
    ✓ Бурав A7           @ (0,3,1) hp=4/4
    ✓ Провокатор A8      @ (2,5,3) hp=2/2
    ✓ Паук A9            @ (1,6,3) hp=1/1
    ✗ Крейсер A1         @ (4,4,4) [уничтожен]
  Team B: живых 2/9
    ✓ Прыгун B4          @ (5,6,5) hp=2/2
    ✓ Провокатор B8      @ (9,4,8) hp=2/2
    ✗ Крейсер B1         @ (7,8,7) [уничтожен]
    ✗ Артиллерия B2      @ (9,7,9) [уничтожен]
    ✗ Радиовышка B3      @ (6,8,6) [уничтожен]
    ✗ Факел B5           @ (6,4,6) [уничтожен]
    ✗ Тишина B6          @ (8,9,7) [уничтожен]
    ✗ Бурав B7           @ (9,6,8) [уничтожен]
    ✗ Паук B9            @ (6,5,6) [уничтожен]
  Team C: живых 6/9
    ✓ Крейсер C1         @ (5,8,5) hp=2/2
    ✓ Радиовышка C3      @ (6,7,6) hp=3/3
    ✓ Факел C5           @ (7,8,5) hp=6/6
    ✓ Тишина C6          @ (5,7,6) hp=2/2
    ✓ Бурав C7           @ (5,9,4) hp=4/4
    ✓ Паук C9            @ (7,9,5) hp=1/1
    ✗ Артиллерия C2      @ (5,9,4) [уничтожен]
    ✗ Прыгун C4          @ (6,8,6) [уничтожен]
    ✗ Провокатор C8      @ (6,9,5) [уничтожен]

======================================================================
ХОД 7
======================================================================
✓ 🎮 GM: начинаем ход
GM: start_turn

--- Радиовышки: сканирование слоя Z ---
  Радиовышка A3 (z=4): видит 1 врагов  → Бурав C7(5,9,4)
  Радиовышка C3 (z=6): видит 1 врагов  → Прыгун A4(6,4,6)

--- Решения ботов ---
  [Team A] Артиллерия A2 (0,2,0) → SHOOT at (5,6,5)
  [Team A] Радиовышка A3 (4,5,4) → MOVE (5,6,5)
  [Team A] Прыгун A4 (6,4,6) → MOVE (9,4,8)
  [Team A] Факел A5 (4,8,4) → MOVE (5,8,5)
  [Team A] Тишина A6 (3,4,4) → MOVE (4,5,5)
  [Team A] Бурав A7 (0,3,1) → MOVE (1,4,2)
  [Team A] Провокатор A8 (2,5,3) → HOLOGRAM (3,6,4)
  [Team A] Паук A9 (1,6,3) → MINE (2,6,4)
  [Team B] Прыгун B4 (5,6,5) → MOVE (4,5,4)
  [Team B] Провокатор B8 (9,4,8) → HOLOGRAM (8,4,7)
  [Team C] Крейсер C1 (5,8,5) → SHOOT at (5,6,5)
  [Team C] Радиовышка C3 (6,7,6) → MOVE (5,6,5)
  [Team C] Факел C5 (7,8,5) → MOVE (6,7,5)
  [Team C] Тишина C6 (5,7,6) → MOVE (5,7,5)
  [Team C] Бурав C7 (5,9,4) → MOVE (4,8,4)
  [Team C] Паук C9 (7,9,5) → MINE (6,8,4)
! 🎮 GM: принудительно завершает фазу планирования
GM: end_planning
# 
============================================================
# 🔄 ОБРАБОТКА ХОДА 7
# ============================================================
!    ⚠️ Провокатор A8: клетка (3,6,4) уже занята голограммой
   🪞 Провокатор B8 создал голограмму H8 в (8,4,7)
   💣 Паук A9 установил мину M12 в (2,6,4)
   💣 Паук C9 установил мину M13 в (6,8,4)

📦 ПЕРЕМЕЩЕНИЯ:
!    ⚠️ Радиовышка A3: клетка (5,6,5) занята
✓    💥 Прыгун A4 тараном уничтожил Провокатор B8 в (9,4,8)
   Прыгун A4: (6, 4, 6) → (9,4,8)
!    ⚠️ Факел A5: клетка (5,8,5) занята
   Тишина A6: (3, 4, 4) → (4,5,5)
!    ⚠️ Бурав A7: Бурав двигается только по одной оси
✓    💥 Прыгун B4 тараном уничтожил Радиовышка A3 в (4,5,4)
   Прыгун B4: (5, 6, 5) → (4,5,4)
   Радиовышка C3: (6, 7, 6) → (5,6,5)
   Факел C5: (7, 8, 5) → (6,7,5)
   Тишина C6: (5, 7, 6) → (5,7,5)
!    ⚠️ Бурав C7: Бурав двигается только по одной оси

🎯 ВЫСТРЕЛЫ:
!    🛡️ Выстрел Крейсер C1 заблокирован союзником Тишина C6 в (5, 7, 5)
✓    ✅ Артиллерия A2 поразил Радиовышка C3 (2 урона)!
   Выпущено ракет: 2
# 
📊 РЕЗУЛЬТАТЫ ХОДА 7:
✓ 💥 ПОПАДАНИЯ:
✓    Артиллерия A2 (Team A) → Радиовышка C3 (Team C)

--- Результаты хода ---
  Team A / Прыгун A4          → Team B / Провокатор B8      @ (9,4,8)  (УБИТ)
  Team B / Прыгун B4          → Team A / Радиовышка A3      @ (4,5,4)  (УБИТ)
  Team A / Артиллерия A2      → Team C / Радиовышка C3      @ (5,6,5)  (ранен)

--- Состояние команд после хода ---
  Team A: живых 7/9
    ✓ Артиллерия A2      @ (0,2,0) hp=1/1
    ✓ Прыгун A4          @ (9,4,8) hp=2/2
    ✓ Факел A5           @ (4,8,4) hp=6/6
    ✓ Тишина A6          @ (4,5,5) hp=2/2
    ✓ Бурав A7           @ (0,3,1) hp=4/4
    ✓ Провокатор A8      @ (2,5,3) hp=2/2
    ✓ Паук A9            @ (1,6,3) hp=1/1
    ✗ Крейсер A1         @ (4,4,4) [уничтожен]
    ✗ Радиовышка A3      @ (4,5,4) [уничтожен]
  Team B: живых 1/9
    ✓ Прыгун B4          @ (4,5,4) hp=2/2
    ✗ Крейсер B1         @ (7,8,7) [уничтожен]
    ✗ Артиллерия B2      @ (9,7,9) [уничтожен]
    ✗ Радиовышка B3      @ (6,8,6) [уничтожен]
    ✗ Факел B5           @ (6,4,6) [уничтожен]
    ✗ Тишина B6          @ (8,9,7) [уничтожен]
    ✗ Бурав B7           @ (9,6,8) [уничтожен]
    ✗ Провокатор B8      @ (9,4,8) [уничтожен]
    ✗ Паук B9            @ (6,5,6) [уничтожен]
  Team C: живых 6/9
    ✓ Крейсер C1         @ (5,8,5) hp=2/2
    ✓ Радиовышка C3      @ (5,6,5) hp=1/3
    ✓ Факел C5           @ (6,7,5) hp=6/6
    ✓ Тишина C6          @ (5,7,5) hp=2/2
    ✓ Бурав C7           @ (5,9,4) hp=4/4
    ✓ Паук C9            @ (7,9,5) hp=1/1
    ✗ Артиллерия C2      @ (5,9,4) [уничтожен]
    ✗ Прыгун C4          @ (6,8,6) [уничтожен]
    ✗ Провокатор C8      @ (6,9,5) [уничтожен]

======================================================================
ХОД 8
======================================================================
✓ 🎮 GM: начинаем ход
GM: start_turn

--- Радиовышки: сканирование слоя Z ---
  Радиовышка C3 (z=5): видит 1 врагов  → Тишина A6(4,5,5)

--- Решения ботов ---
  [Team A] Артиллерия A2 (0,2,0) → SHOOT at (4,5,4)
  [Team A] Прыгун A4 (9,4,8) → MOVE (6,7,5)
  [Team A] Факел A5 (4,8,4) → SHOOT at (4,5,4)
  [Team A] Тишина A6 (4,5,5) → MOVE (4,5,4)
  [Team A] Бурав A7 (0,3,1) → MOVE (1,4,2)
  [Team A] Провокатор A8 (2,5,3) → HOLOGRAM (3,5,4)
  [Team A] Паук A9 (1,6,3) → MINE (2,5,4)
  [Team B] Прыгун B4 (4,5,4) → MOVE (4,8,4)
  [Team C] Крейсер C1 (5,8,5) → MOVE (4,8,4)
  [Team C] Радиовышка C3 (5,6,5) → MOVE (4,5,5)
  [Team C] Факел C5 (6,7,5) → HEAL (AoE)
  [Team C] Тишина C6 (5,7,5) → MOVE (4,7,4)
  [Team C] Бурав C7 (5,9,4) → MOVE (5,8,4)
  [Team C] Паук C9 (7,9,5) → MINE (6,8,4)
! 🎮 GM: принудительно завершает фазу планирования
GM: end_planning
# 
============================================================
# 🔄 ОБРАБОТКА ХОДА 8
# ============================================================
   🪞 Провокатор A8 создал голограмму H9 в (3,5,4)
!    ⚠️ Паук A9: в клетке уже стоит мина
!    ⚠️ Паук C9: в клетке уже стоит мина

📦 ПЕРЕМЕЩЕНИЯ:
✓    💥 Прыгун A4 тараном уничтожил Факел C5 в (6,7,5)
   Прыгун A4: (9, 4, 8) → (6,7,5)
!    ⚠️ Тишина A6: клетка (4,5,4) занята
!    ⚠️ Бурав A7: Бурав двигается только по одной оси
✓    💥 Прыгун B4 тараном уничтожил Факел A5 в (4,8,4)
   Прыгун B4: (4, 5, 4) → (4,8,4)
!    ⚠️ Крейсер C1: клетка (4,8,4) занята
!    ⚠️ Радиовышка C3: клетка (4,5,5) занята
   Тишина C6: (5, 7, 5) → (4,7,4)
   Бурав C7: (5, 9, 4) → (5,8,4)

🎯 ВЫСТРЕЛЫ:
   Выпущено ракет: 1
# 
📊 РЕЗУЛЬТАТЫ ХОДА 8:
🎯 Попаданий нет

--- Результаты хода ---
  Team A / Прыгун A4          → Team C / Факел C5           @ (6,7,5)  (УБИТ)
  Team B / Прыгун B4          → Team A / Факел A5           @ (4,8,4)  (УБИТ)

--- Состояние команд после хода ---
  Team A: живых 6/9
    ✓ Артиллерия A2      @ (0,2,0) hp=1/1
    ✓ Прыгун A4          @ (6,7,5) hp=2/2
    ✓ Тишина A6          @ (4,5,5) hp=2/2
    ✓ Бурав A7           @ (0,3,1) hp=4/4
    ✓ Провокатор A8      @ (2,5,3) hp=2/2
    ✓ Паук A9            @ (1,6,3) hp=1/1
    ✗ Крейсер A1         @ (4,4,4) [уничтожен]
    ✗ Радиовышка A3      @ (4,5,4) [уничтожен]
    ✗ Факел A5           @ (4,8,4) [уничтожен]
  Team B: живых 1/9
    ✓ Прыгун B4          @ (4,8,4) hp=2/2
    ✗ Крейсер B1         @ (7,8,7) [уничтожен]
    ✗ Артиллерия B2      @ (9,7,9) [уничтожен]
    ✗ Радиовышка B3      @ (6,8,6) [уничтожен]
    ✗ Факел B5           @ (6,4,6) [уничтожен]
    ✗ Тишина B6          @ (8,9,7) [уничтожен]
    ✗ Бурав B7           @ (9,6,8) [уничтожен]
    ✗ Провокатор B8      @ (9,4,8) [уничтожен]
    ✗ Паук B9            @ (6,5,6) [уничтожен]
  Team C: живых 5/9
    ✓ Крейсер C1         @ (5,8,5) hp=2/2
    ✓ Радиовышка C3      @ (5,6,5) hp=1/3
    ✓ Тишина C6          @ (4,7,4) hp=2/2
    ✓ Бурав C7           @ (5,8,4) hp=4/4
    ✓ Паук C9            @ (7,9,5) hp=1/1
    ✗ Артиллерия C2      @ (5,9,4) [уничтожен]
    ✗ Прыгун C4          @ (6,8,6) [уничтожен]
    ✗ Факел C5           @ (6,7,5) [уничтожен]
    ✗ Провокатор C8      @ (6,9,5) [уничтожен]

======================================================================
ХОД 9
======================================================================
✓ 🎮 GM: начинаем ход
GM: start_turn

--- Радиовышки: сканирование слоя Z ---
  Радиовышка C3 (z=5): видит 2 врагов  → Тишина A6(4,5,5), Прыгун A4(6,7,5)

--- Решения ботов ---
  [Team A] Артиллерия A2 (0,2,0) → SHOOT at (4,7,4)
  [Team A] Прыгун A4 (6,7,5) → MOVE (4,8,4)
  [Team A] Тишина A6 (4,5,5) → MOVE (5,6,5)
  [Team A] Бурав A7 (0,3,1) → MOVE (1,4,2)
  [Team A] Провокатор A8 (2,5,3) → HOLOGRAM (3,6,4)
  [Team A] Паук A9 (1,6,3) → MINE (2,7,4)
  [Team B] Прыгун B4 (4,8,4) → MOVE (6,7,5)
  [Team C] Крейсер C1 (5,8,5) → MOVE (6,7,5)
  [Team C] Радиовышка C3 (5,6,5) → MOVE (6,6,5)
  [Team C] Тишина C6 (4,7,4) → MOVE (4,8,4)
  [Team C] Бурав C7 (5,8,4) → MOVE (5,7,5)
  [Team C] Паук C9 (7,9,5) → MINE (6,8,5)
! 🎮 GM: принудительно завершает фазу планирования
GM: end_planning
# 
============================================================
# 🔄 ОБРАБОТКА ХОДА 9
# ============================================================
!    ⚠️ Провокатор A8: клетка (3,6,4) уже занята голограммой
!    ⚠️ Паук A9: в клетке уже стоит мина
!    ⚠️ Паук C9: в клетке уже стоит мина

📦 ПЕРЕМЕЩЕНИЯ:
✓    💥 Прыгун A4 тараном уничтожил Прыгун B4 в (4,8,4)
   Прыгун A4: (6, 7, 5) → (4,8,4)
!    ⚠️ Тишина A6: клетка (5,6,5) занята
!    ⚠️ Бурав A7: Бурав двигается только по одной оси
   Крейсер C1: (5, 8, 5) → (6,7,5)
   Радиовышка C3: (5, 6, 5) → (6,6,5)
!    ⚠️ Тишина C6: клетка (4,8,4) занята
!    ⚠️ Бурав C7: Бурав двигается только по одной оси

🎯 ВЫСТРЕЛЫ:
✓    ✅ Артиллерия A2 поразил Тишина C6 (2 урона)!
   Выпущено ракет: 1
# 
📊 РЕЗУЛЬТАТЫ ХОДА 9:
✓ 💥 ПОПАДАНИЯ:
✓    Артиллерия A2 (Team A) → Тишина C6 (Team C)

--- Результаты хода ---
  Team A / Прыгун A4          → Team B / Прыгун B4          @ (4,8,4)  (УБИТ)
  Team A / Артиллерия A2      → Team C / Тишина C6          @ (4,7,4)  (УБИТ)

--- Состояние команд после хода ---
  Team A: живых 6/9
    ✓ Артиллерия A2      @ (0,2,0) hp=1/1
    ✓ Прыгун A4          @ (4,8,4) hp=2/2
    ✓ Тишина A6          @ (4,5,5) hp=2/2
    ✓ Бурав A7           @ (0,3,1) hp=4/4
    ✓ Провокатор A8      @ (2,5,3) hp=2/2
    ✓ Паук A9            @ (1,6,3) hp=1/1
    ✗ Крейсер A1         @ (4,4,4) [уничтожен]
    ✗ Радиовышка A3      @ (4,5,4) [уничтожен]
    ✗ Факел A5           @ (4,8,4) [уничтожен]
  Team B: живых 0/9
    ✗ Крейсер B1         @ (7,8,7) [уничтожен]
    ✗ Артиллерия B2      @ (9,7,9) [уничтожен]
    ✗ Радиовышка B3      @ (6,8,6) [уничтожен]
    ✗ Прыгун B4          @ (4,8,4) [уничтожен]
    ✗ Факел B5           @ (6,4,6) [уничтожен]
    ✗ Тишина B6          @ (8,9,7) [уничтожен]
    ✗ Бурав B7           @ (9,6,8) [уничтожен]
    ✗ Провокатор B8      @ (9,4,8) [уничтожен]
    ✗ Паук B9            @ (6,5,6) [уничтожен]
  Team C: живых 4/9
    ✓ Крейсер C1         @ (6,7,5) hp=2/2
    ✓ Радиовышка C3      @ (6,6,5) hp=1/3
    ✓ Бурав C7           @ (5,8,4) hp=4/4
    ✓ Паук C9            @ (7,9,5) hp=1/1
    ✗ Артиллерия C2      @ (5,9,4) [уничтожен]
    ✗ Прыгун C4          @ (6,8,6) [уничтожен]
    ✗ Факел C5           @ (6,7,5) [уничтожен]
    ✗ Тишина C6          @ (4,7,4) [уничтожен]
    ✗ Провокатор C8      @ (6,9,5) [уничтожен]

======================================================================
ХОД 10
======================================================================
✓ 🎮 GM: начинаем ход
GM: start_turn

--- Радиовышки: сканирование слоя Z ---
  Радиовышка C3 (z=5): видит 1 врагов  → Тишина A6(4,5,5)

--- Решения ботов ---
  [Team A] Артиллерия A2 (0,2,0) → SHOOT at (6,6,5)
  [Team A] Прыгун A4 (4,8,4) → MOVE (6,7,5)
  [Team A] Тишина A6 (4,5,5) → MOVE (5,6,5)
  [Team A] Бурав A7 (0,3,1) → MOVE (1,4,2)
  [Team A] Провокатор A8 (2,5,3) → HOLOGRAM (3,6,4)
  [Team A] Паук A9 (1,6,3) → MINE (2,7,4)
  [Team B] все корабли пропускают ход
  [Team C] Крейсер C1 (6,7,5) → MOVE (5,8,5)
  [Team C] Радиовышка C3 (6,6,5) → MOVE (5,7,4)
  [Team C] Бурав C7 (5,8,4) → MOVE (4,8,4)
  [Team C] Паук C9 (7,9,5) → MINE (6,8,4)
! 🎮 GM: принудительно завершает фазу планирования
GM: end_planning
# 
============================================================
# 🔄 ОБРАБОТКА ХОДА 10
# ============================================================
!    ⚠️ Провокатор A8: клетка (3,6,4) уже занята голограммой
!    ⚠️ Паук A9: в клетке уже стоит мина
!    ⚠️ Паук C9: в клетке уже стоит мина

📦 ПЕРЕМЕЩЕНИЯ:
✓    💥 Прыгун A4 тараном уничтожил Крейсер C1 в (6,7,5)
   Прыгун A4: (4, 8, 4) → (6,7,5)
   Тишина A6: (4, 5, 5) → (5,6,5)
!    ⚠️ Бурав A7: Бурав двигается только по одной оси
   Радиовышка C3: (6, 6, 5) → (5,7,4)
   Бурав C7: (5, 8, 4) → (4,8,4)

🎯 ВЫСТРЕЛЫ:
   Выпущено ракет: 1
# 
📊 РЕЗУЛЬТАТЫ ХОДА 10:
🎯 Попаданий нет

--- Результаты хода ---
  Team A / Прыгун A4          → Team C / Крейсер C1         @ (6,7,5)  (УБИТ)

--- Состояние команд после хода ---
  Team A: живых 6/9
    ✓ Артиллерия A2      @ (0,2,0) hp=1/1
    ✓ Прыгун A4          @ (6,7,5) hp=2/2
    ✓ Тишина A6          @ (5,6,5) hp=2/2
    ✓ Бурав A7           @ (0,3,1) hp=4/4
    ✓ Провокатор A8      @ (2,5,3) hp=2/2
    ✓ Паук A9            @ (1,6,3) hp=1/1
    ✗ Крейсер A1         @ (4,4,4) [уничтожен]
    ✗ Радиовышка A3      @ (4,5,4) [уничтожен]
    ✗ Факел A5           @ (4,8,4) [уничтожен]
  Team B: живых 0/9
    ✗ Крейсер B1         @ (7,8,7) [уничтожен]
    ✗ Артиллерия B2      @ (9,7,9) [уничтожен]
    ✗ Радиовышка B3      @ (6,8,6) [уничтожен]
    ✗ Прыгун B4          @ (4,8,4) [уничтожен]
    ✗ Факел B5           @ (6,4,6) [уничтожен]
    ✗ Тишина B6          @ (8,9,7) [уничтожен]
    ✗ Бурав B7           @ (9,6,8) [уничтожен]
    ✗ Провокатор B8      @ (9,4,8) [уничтожен]
    ✗ Паук B9            @ (6,5,6) [уничтожен]
  Team C: живых 3/9
    ✓ Радиовышка C3      @ (5,7,4) hp=1/3
    ✓ Бурав C7           @ (4,8,4) hp=4/4
    ✓ Паук C9            @ (7,9,5) hp=1/1
    ✗ Крейсер C1         @ (6,7,5) [уничтожен]
    ✗ Артиллерия C2      @ (5,9,4) [уничтожен]
    ✗ Прыгун C4          @ (6,8,6) [уничтожен]
    ✗ Факел C5           @ (6,7,5) [уничтожен]
    ✗ Тишина C6          @ (4,7,4) [уничтожен]
    ✗ Провокатор C8      @ (6,9,5) [уничтожен]

======================================================================
ХОД 11
======================================================================
✓ 🎮 GM: начинаем ход
GM: start_turn

--- Радиовышки: сканирование слоя Z ---
  Радиовышка C3 (z=4): слой чист

--- Решения ботов ---
  [Team A] Артиллерия A2 (0,2,0) → SHOOT at (5,7,4)
  [Team A] Прыгун A4 (6,7,5) → MOVE (5,7,4)
  [Team A] Тишина A6 (5,6,5) → MOVE (5,6,4)
  [Team A] Бурав A7 (0,3,1) → MOVE (1,4,2)
  [Team A] Провокатор A8 (2,5,3) → HOLOGRAM (3,6,4)
  [Team A] Паук A9 (1,6,3) → MINE (2,7,4)
  [Team B] все корабли пропускают ход
  [Team C] Радиовышка C3 (5,7,4) → MOVE (6,7,5)
  [Team C] Бурав C7 (4,8,4) → MOVE (5,7,5)
  [Team C] Паук C9 (7,9,5) → MINE (6,8,5)
! 🎮 GM: принудительно завершает фазу планирования
GM: end_planning
# 
============================================================
# 🔄 ОБРАБОТКА ХОДА 11
# ============================================================
!    ⚠️ Провокатор A8: клетка (3,6,4) уже занята голограммой
!    ⚠️ Паук A9: в клетке уже стоит мина
!    ⚠️ Паук C9: в клетке уже стоит мина

📦 ПЕРЕМЕЩЕНИЯ:
✓    💥 Прыгун A4 тараном уничтожил Радиовышка C3 в (5,7,4)
   Прыгун A4: (6, 7, 5) → (5,7,4)
   Тишина A6: (5, 6, 5) → (5,6,4)
!    ⚠️ Бурав A7: Бурав двигается только по одной оси
!    ⚠️ Бурав C7: Бурав двигается только по одной оси

🎯 ВЫСТРЕЛЫ:
   Выпущено ракет: 1
# 
📊 РЕЗУЛЬТАТЫ ХОДА 11:
🎯 Попаданий нет

--- Результаты хода ---
  Team A / Прыгун A4          → Team C / Радиовышка C3      @ (5,7,4)  (УБИТ)

--- Состояние команд после хода ---
  Team A: живых 6/9
    ✓ Артиллерия A2      @ (0,2,0) hp=1/1
    ✓ Прыгун A4          @ (5,7,4) hp=2/2
    ✓ Тишина A6          @ (5,6,4) hp=2/2
    ✓ Бурав A7           @ (0,3,1) hp=4/4
    ✓ Провокатор A8      @ (2,5,3) hp=2/2
    ✓ Паук A9            @ (1,6,3) hp=1/1
    ✗ Крейсер A1         @ (4,4,4) [уничтожен]
    ✗ Радиовышка A3      @ (4,5,4) [уничтожен]
    ✗ Факел A5           @ (4,8,4) [уничтожен]
  Team B: живых 0/9
    ✗ Крейсер B1         @ (7,8,7) [уничтожен]
    ✗ Артиллерия B2      @ (9,7,9) [уничтожен]
    ✗ Радиовышка B3      @ (6,8,6) [уничтожен]
    ✗ Прыгун B4          @ (4,8,4) [уничтожен]
    ✗ Факел B5           @ (6,4,6) [уничтожен]
    ✗ Тишина B6          @ (8,9,7) [уничтожен]
    ✗ Бурав B7           @ (9,6,8) [уничтожен]
    ✗ Провокатор B8      @ (9,4,8) [уничтожен]
    ✗ Паук B9            @ (6,5,6) [уничтожен]
  Team C: живых 2/9
    ✓ Бурав C7           @ (4,8,4) hp=4/4
    ✓ Паук C9            @ (7,9,5) hp=1/1
    ✗ Крейсер C1         @ (6,7,5) [уничтожен]
    ✗ Артиллерия C2      @ (5,9,4) [уничтожен]
    ✗ Радиовышка C3      @ (5,7,4) [уничтожен]
    ✗ Прыгун C4          @ (6,8,6) [уничтожен]
    ✗ Факел C5           @ (6,7,5) [уничтожен]
    ✗ Тишина C6          @ (4,7,4) [уничтожен]
    ✗ Провокатор C8      @ (6,9,5) [уничтожен]

======================================================================
ХОД 12
======================================================================
✓ 🎮 GM: начинаем ход
GM: start_turn

--- Радиовышки: сканирование слоя Z ---
  (у команд не осталось живых радиовышек)

--- Решения ботов ---
  [Team A] Артиллерия A2 (0,2,0) → SHOOT at (4,8,4)
  [Team A] Прыгун A4 (5,7,4) → MOVE (4,8,4)
  [Team A] Тишина A6 (5,6,4) → MOVE (4,7,4)
  [Team A] Бурав A7 (0,3,1) → MOVE (1,4,2)
  [Team A] Провокатор A8 (2,5,3) → HOLOGRAM (3,6,4)
  [Team A] Паук A9 (1,6,3) → MINE (2,7,4)
  [Team B] все корабли пропускают ход
  [Team C] Бурав C7 (4,8,4) → MOVE (5,7,4)
  [Team C] Паук C9 (7,9,5) → MINE (6,8,4)
! 🎮 GM: принудительно завершает фазу планирования
GM: end_planning
# 
============================================================
# 🔄 ОБРАБОТКА ХОДА 12
# ============================================================
!    ⚠️ Провокатор A8: клетка (3,6,4) уже занята голограммой
!    ⚠️ Паук A9: в клетке уже стоит мина
!    ⚠️ Паук C9: в клетке уже стоит мина

📦 ПЕРЕМЕЩЕНИЯ:
✓    💥 Прыгун A4 тараном уничтожил Бурав C7 в (4,8,4)
   Прыгун A4: (5, 7, 4) → (4,8,4)
   Тишина A6: (5, 6, 4) → (4,7,4)
!    ⚠️ Бурав A7: Бурав двигается только по одной оси

🎯 ВЫСТРЕЛЫ:
   Выпущено ракет: 1
# 
📊 РЕЗУЛЬТАТЫ ХОДА 12:
🎯 Попаданий нет

--- Результаты хода ---
  Team A / Прыгун A4          → Team C / Бурав C7           @ (4,8,4)  (УБИТ)

--- Состояние команд после хода ---
  Team A: живых 6/9
    ✓ Артиллерия A2      @ (0,2,0) hp=1/1
    ✓ Прыгун A4          @ (4,8,4) hp=2/2
    ✓ Тишина A6          @ (4,7,4) hp=2/2
    ✓ Бурав A7           @ (0,3,1) hp=4/4
    ✓ Провокатор A8      @ (2,5,3) hp=2/2
    ✓ Паук A9            @ (1,6,3) hp=1/1
    ✗ Крейсер A1         @ (4,4,4) [уничтожен]
    ✗ Радиовышка A3      @ (4,5,4) [уничтожен]
    ✗ Факел A5           @ (4,8,4) [уничтожен]
  Team B: живых 0/9
    ✗ Крейсер B1         @ (7,8,7) [уничтожен]
    ✗ Артиллерия B2      @ (9,7,9) [уничтожен]
    ✗ Радиовышка B3      @ (6,8,6) [уничтожен]
    ✗ Прыгун B4          @ (4,8,4) [уничтожен]
    ✗ Факел B5           @ (6,4,6) [уничтожен]
    ✗ Тишина B6          @ (8,9,7) [уничтожен]
    ✗ Бурав B7           @ (9,6,8) [уничтожен]
    ✗ Провокатор B8      @ (9,4,8) [уничтожен]
    ✗ Паук B9            @ (6,5,6) [уничтожен]
  Team C: живых 1/9
    ✓ Паук C9            @ (7,9,5) hp=1/1
    ✗ Крейсер C1         @ (6,7,5) [уничтожен]
    ✗ Артиллерия C2      @ (5,9,4) [уничтожен]
    ✗ Радиовышка C3      @ (5,7,4) [уничтожен]
    ✗ Прыгун C4          @ (6,8,6) [уничтожен]
    ✗ Факел C5           @ (6,7,5) [уничтожен]
    ✗ Тишина C6          @ (4,7,4) [уничтожен]
    ✗ Бурав C7           @ (4,8,4) [уничтожен]
    ✗ Провокатор C8      @ (6,9,5) [уничтожен]

======================================================================
ХОД 13
======================================================================
✓ 🎮 GM: начинаем ход
GM: start_turn

--- Радиовышки: сканирование слоя Z ---
  (у команд не осталось живых радиовышек)

--- Решения ботов ---
  [Team A] Артиллерия A2 (0,2,0) → SHOOT at (7,9,5)
  [Team A] Прыгун A4 (4,8,4) → MOVE (7,9,5)
  [Team A] Тишина A6 (4,7,4) → MOVE (5,8,5)
  [Team A] Бурав A7 (0,3,1) → MOVE (1,4,2)
  [Team A] Провокатор A8 (2,5,3) → HOLOGRAM (3,6,4)
  [Team A] Паук A9 (1,6,3) → MOVE (2,7,4)
  [Team B] все корабли пропускают ход
  [Team C] Паук C9 (7,9,5) → MINE (6,8,4)
! 🎮 GM: принудительно завершает фазу планирования
GM: end_planning
# 
============================================================
# 🔄 ОБРАБОТКА ХОДА 13
# ============================================================
!    ⚠️ Провокатор A8: клетка (3,6,4) уже занята голограммой
!    ⚠️ Паук C9: в клетке уже стоит мина

📦 ПЕРЕМЕЩЕНИЯ:
✓    💥 Прыгун A4 тараном уничтожил Паук C9 в (7,9,5)
   Прыгун A4: (4, 8, 4) → (7,9,5)
   Тишина A6: (4, 7, 4) → (5,8,5)
!    ⚠️ Бурав A7: Бурав двигается только по одной оси
   Паук A9: (1, 6, 3) → (2,7,4)

🎯 ВЫСТРЕЛЫ:
   Выпущено ракет: 1
# 
📊 РЕЗУЛЬТАТЫ ХОДА 13:
🎯 Попаданий нет
# 
🎮🎮🎮🎮🎮🎮🎮🎮🎮🎮🎮🎮🎮🎮🎮🎮🎮🎮🎮🎮
#         ИГРА ОКОНЧЕНА!
# 🎮🎮🎮🎮🎮🎮🎮🎮🎮🎮🎮🎮🎮🎮🎮🎮🎮🎮🎮🎮
✓         🏆 ПОБЕДИТЕЛЬ: Team A

--- Результаты хода ---
  Team A / Прыгун A4          → Team C / Паук C9            @ (7,9,5)  (УБИТ)

--- Состояние команд после хода ---
  Team A: живых 6/9
    ✓ Артиллерия A2      @ (0,2,0) hp=1/1
    ✓ Прыгун A4          @ (7,9,5) hp=2/2
    ✓ Тишина A6          @ (5,8,5) hp=2/2
    ✓ Бурав A7           @ (0,3,1) hp=4/4
    ✓ Провокатор A8      @ (2,5,3) hp=2/2
    ✓ Паук A9            @ (2,7,4) hp=1/1
    ✗ Крейсер A1         @ (4,4,4) [уничтожен]
    ✗ Радиовышка A3      @ (4,5,4) [уничтожен]
    ✗ Факел A5           @ (4,8,4) [уничтожен]
  Team B: живых 0/9
    ✗ Крейсер B1         @ (7,8,7) [уничтожен]
    ✗ Артиллерия B2      @ (9,7,9) [уничтожен]
    ✗ Радиовышка B3      @ (6,8,6) [уничтожен]
    ✗ Прыгун B4          @ (4,8,4) [уничтожен]
    ✗ Факел B5           @ (6,4,6) [уничтожен]
    ✗ Тишина B6          @ (8,9,7) [уничтожен]
    ✗ Бурав B7           @ (9,6,8) [уничтожен]
    ✗ Провокатор B8      @ (9,4,8) [уничтожен]
    ✗ Паук B9            @ (6,5,6) [уничтожен]
  Team C: живых 0/9
    ✗ Крейсер C1         @ (6,7,5) [уничтожен]
    ✗ Артиллерия C2      @ (5,9,4) [уничтожен]
    ✗ Радиовышка C3      @ (5,7,4) [уничтожен]
    ✗ Прыгун C4          @ (6,8,6) [уничтожен]
    ✗ Факел C5           @ (6,7,5) [уничтожен]
    ✗ Тишина C6          @ (4,7,4) [уничтожен]
    ✗ Бурав C7           @ (4,8,4) [уничтожен]
    ✗ Провокатор C8      @ (6,9,5) [уничтожен]
    ✗ Паук C9            @ (7,9,5) [уничтожен]

======================================================================
ИТОГ
======================================================================
Игра окончена. Победитель: Team A
Ходов сыграно: 13

--- Сводка по командам ---
  Team A: 6/9 живых; hp=12
  Team B: 0/9 живых; hp=0
  Team C: 0/9 живых; hp=0

--- Сводка по пассивкам радиовышек ---
  Team A: сканирований=7, всего врагов-в-слоях=4, уникальных эксклюзивных (видны только радиовышкой)=0
  Team B: сканирований=4, всего врагов-в-слоях=3, уникальных эксклюзивных (видны только радиовышкой)=0
  Team C: сканирований=11, всего врагов-в-слоях=8, уникальных эксклюзивных (видны только радиовышкой)=1

--- Сводка по попаданиям ---
  Всего событий (шоты+тараны+мины): 24
  Уничтожено кораблей всего: 21
  Team A: урон=39 хиты=3 тараны=11 мины(сработало)=0 убийств=13
  Team B: урон=15 хиты=1 тараны=3 мины(сработало)=1 убийств=4
  Team C: урон=10 хиты=2 тараны=2 мины(сработало)=1 убийств=4
! 🎮 GM: остановка игры
