======================================================================
Space Battle 10×10×10 — simulation run at 2026-04-20T13:23:54+00:00
Game mode: advanced
Seed: 97
✓ 🚀 Продвинутый режим: создаю разные типы кораблей
   Стартовые Z-слои: A=3, B=6, C=5
✓ ✅ Создано 24 кораблей


--- СТАРТОВАЯ РАССТАНОВКА ---
  Team A: живых 8/8
    ✓ Артиллерия A1      @ (4,1,3) hp=1/1
    ✓ Радиовышка A2      @ (8,2,3) hp=3/3
    ✓ Прыгун A3          @ (6,5,3) hp=2/2
    ✓ Факел A4           @ (8,4,3) hp=6/6
    ✓ Тишина A5          @ (6,7,3) hp=2/2
    ✓ Бурав A6           @ (3,3,3) hp=4/4
    ✓ Провокатор A7      @ (4,9,3) hp=2/2
    ✓ Паук A8            @ (4,3,3) hp=1/1
  Team B: живых 8/8
    ✓ Артиллерия B1      @ (0,7,6) hp=1/1
    ✓ Радиовышка B2      @ (3,1,6) hp=3/3
    ✓ Прыгун B3          @ (8,7,6) hp=2/2
    ✓ Факел B4           @ (1,4,6) hp=6/6
    ✓ Тишина B5          @ (1,5,6) hp=2/2
    ✓ Бурав B6           @ (3,9,6) hp=4/4
    ✓ Провокатор B7      @ (2,1,6) hp=2/2
    ✓ Паук B8            @ (4,2,6) hp=1/1
  Team C: живых 8/8
    ✓ Артиллерия C1      @ (2,5,5) hp=1/1
    ✓ Радиовышка C2      @ (3,0,5) hp=3/3
    ✓ Прыгун C3          @ (1,1,5) hp=2/2
    ✓ Факел C4           @ (6,2,5) hp=6/6
    ✓ Тишина C5          @ (0,7,5) hp=2/2
    ✓ Бурав C6           @ (0,5,5) hp=4/4
    ✓ Провокатор C7      @ (6,6,5) hp=2/2
    ✓ Паук C8            @ (5,1,5) hp=1/1

======================================================================
ХОД 1
======================================================================
✓ 🎮 GM: начинаем ход
GM: start_turn

--- Радиовышки: сканирование слоя Z ---
  Радиовышка A2 (z=3): слой чист
  Радиовышка B2 (z=6): слой чист
  Радиовышка C2 (z=5): слой чист

--- Решения ботов ---
  [Team A] Артиллерия A1 (4,1,3) → SHOOT at (2,5,5)
  [Team A] Радиовышка A2 (8,2,3) → MOVE (7,2,4)
  [Team A] Прыгун A3 (6,5,3) → MOVE (6,6,5)
  [Team A] Факел A4 (8,4,3) → MOVE (7,3,3)
  [Team A] Тишина A5 (6,7,3) → PHASE toggle
  [Team A] Бурав A6 (3,3,3) → MOVE (2,4,4)
  [Team A] Провокатор A7 (4,9,3) → HOLOGRAM (3,9,4)
  [Team A] Паук A8 (4,3,3) → MINE (3,4,4)
  [Team B] Артиллерия B1 (0,7,6) → SHOOT at (2,5,5)
  [Team B] Радиовышка B2 (3,1,6) → MOVE (3,0,5)
  [Team B] Прыгун B3 (8,7,6) → MOVE (6,6,5)
  [Team B] Факел B4 (1,4,6) → MOVE (0,5,6)
  [Team B] Тишина B5 (1,5,6) → PHASE toggle
  [Team B] Бурав B6 (3,9,6) → MOVE (4,8,5)
  [Team B] Провокатор B7 (2,1,6) → HOLOGRAM (2,0,6)
  [Team B] Паук B8 (4,2,6) → MINE (5,2,6)
  [Team C] Артиллерия C1 (2,5,5) → SHOOT at (0,7,6)
  [Team C] Радиовышка C2 (3,0,5) → MOVE (3,1,6)
  [Team C] Прыгун C3 (1,1,5) → MOVE (2,1,6)
  [Team C] Факел C4 (6,2,5) → MOVE (5,3,5)
  [Team C] Тишина C5 (0,7,5) → PHASE toggle
  [Team C] Бурав C6 (0,5,5) → MOVE (1,5,6)
  [Team C] Провокатор C7 (6,6,5) → HOLOGRAM (6,5,4)
  [Team C] Паук C8 (5,1,5) → MINE (4,2,6)
! 🎮 GM: принудительно завершает фазу планирования
GM: end_planning
# 
============================================================
# 🔄 ОБРАБОТКА ХОДА 1
# ============================================================
   🌀 Тишина A5: фаза ВКЛ
   🌀 Тишина B5: фаза ВКЛ
   🌀 Тишина C5: фаза ВКЛ
   🪞 Провокатор A7 создал голограмму H1 в (3,9,4)
   🪞 Провокатор B7 создал голограмму H2 в (2,0,6)
   🪞 Провокатор C7 создал голограмму H3 в (6,5,4)
   💣 Паук A8 установил мину M1 в (3,4,4)
   💣 Паук B8 установил мину M2 в (5,2,6)
!    ⚠️ Паук C8: клетка (4,2,6) занята кораблём

📦 ПЕРЕМЕЩЕНИЯ:
   Радиовышка A2: (8, 2, 3) → (7,2,4)
✓    💥 Прыгун A3 тараном уничтожил Провокатор C7 в (6,6,5)
   Прыгун A3: (6, 5, 3) → (6,6,5)
   Факел A4: (8, 4, 3) → (7,3,3)
!    ⚠️ Бурав A6: Бурав двигается только по 1 оси или по 2 осям строго диагонально
!    ⚠️ Радиовышка B2: клетка (3,0,5) занята
✓    💥 Прыгун B3 тараном уничтожил Прыгун A3 в (6,6,5)
   Прыгун B3: (8, 7, 6) → (6,6,5)
   Факел B4: (1, 4, 6) → (0,5,6)
!    ⚠️ Бурав B6: Бурав двигается только по 1 оси или по 2 осям строго диагонально
!    ⚠️ Радиовышка C2: клетка (3,1,6) занята
✓    💥 Прыгун C3 тараном уничтожил Провокатор B7 в (2,1,6)
   Прыгун C3: (1, 1, 5) → (2,1,6)
   Факел C4: (6, 2, 5) → (5,3,5)
   Бурав C6: (0, 5, 5) → (1,5,6)

🎯 ВЫСТРЕЛЫ:
✓    ✅ Артиллерия A1 поразил Артиллерия C1 (2 урона)!
   💀 Артиллерия B1 добивает Артиллерия C1
✓    ✅ Артиллерия B1 поразил Артиллерия C1 (2 урона)!
✓    ✅ Артиллерия C1 поразил Артиллерия B1 (2 урона)!
   Выпущено ракет: 3
# 
📊 РЕЗУЛЬТАТЫ ХОДА 1:
✓ 💥 ПОПАДАНИЯ:
✓    Артиллерия A1 (Team A) → Артиллерия C1 (Team C)
✓    Артиллерия B1 (Team B) → Артиллерия C1 (Team C)
✓    Артиллерия C1 (Team C) → Артиллерия B1 (Team B)

--- Результаты хода ---
  Team A / Прыгун A3          → Team C / Провокатор C7      @ (6,6,5)  (УБИТ)
  Team B / Прыгун B3          → Team A / Прыгун A3          @ (6,6,5)  (УБИТ)
  Team C / Прыгун C3          → Team B / Провокатор B7      @ (2,1,6)  (УБИТ)
  Team A / Артиллерия A1      → Team C / Артиллерия C1      @ (2,5,5)  (УБИТ)
  Team B / Артиллерия B1      → Team C / Артиллерия C1      @ (2,5,5)  (ранен)
  Team C / Артиллерия C1      → Team B / Артиллерия B1      @ (0,7,6)  (УБИТ)

--- Состояние команд после хода ---
  Team A: живых 7/8
    ✓ Артиллерия A1      @ (4,1,3) hp=1/1
    ✓ Радиовышка A2      @ (7,2,4) hp=3/3
    ✓ Факел A4           @ (7,3,3) hp=6/6
    ✓ Тишина A5          @ (6,7,3) hp=2/2
    ✓ Бурав A6           @ (3,3,3) hp=4/4
    ✓ Провокатор A7      @ (4,9,3) hp=2/2
    ✓ Паук A8            @ (4,3,3) hp=1/1
    ✗ Прыгун A3          @ (6,6,5) [уничтожен]
  Team B: живых 6/8
    ✓ Радиовышка B2      @ (3,1,6) hp=3/3
    ✓ Прыгун B3          @ (6,6,5) hp=2/2
    ✓ Факел B4           @ (0,5,6) hp=6/6
    ✓ Тишина B5          @ (1,5,6) hp=2/2
    ✓ Бурав B6           @ (3,9,6) hp=4/4
    ✓ Паук B8            @ (4,2,6) hp=1/1
    ✗ Артиллерия B1      @ (0,7,6) [уничтожен]
    ✗ Провокатор B7      @ (2,1,6) [уничтожен]
  Team C: живых 6/8
    ✓ Радиовышка C2      @ (3,0,5) hp=3/3
    ✓ Прыгун C3          @ (2,1,6) hp=2/2
    ✓ Факел C4           @ (5,3,5) hp=6/6
    ✓ Тишина C5          @ (0,7,5) hp=2/2
    ✓ Бурав C6           @ (1,5,6) hp=4/4
    ✓ Паук C8            @ (5,1,5) hp=1/1
    ✗ Артиллерия C1      @ (2,5,5) [уничтожен]
    ✗ Провокатор C7      @ (6,6,5) [уничтожен]

======================================================================
ХОД 2
======================================================================
✓ 🎮 GM: начинаем ход
GM: start_turn

--- Радиовышки: сканирование слоя Z ---
  Радиовышка A2 (z=4): слой чист
  Радиовышка B2 (z=6): видит 2 врагов  → Бурав C6(1,5,6), Прыгун C3(2,1,6)
  Радиовышка C2 (z=5): видит 1 врагов  → Прыгун B3(6,6,5)

--- Решения ботов ---
  [Team A] Артиллерия A1 (4,1,3) → SHOOT at (2,1,6)
  [Team A] Радиовышка A2 (7,2,4) → MOVE (6,3,5)
  [Team A] Факел A4 (7,3,3) → MOVE (6,2,3)
  [Team A] Тишина A5 (6,7,3) → MOVE (6,6,4)
  [Team A] Бурав A6 (3,3,3) → MOVE (5,3,5)
  [Team A] Провокатор A7 (4,9,3) → HOLOGRAM (5,8,4)
  [Team A] Паук A8 (4,3,3) → MINE (4,2,4)
  [Team B] Радиовышка B2 (3,1,6) → MOVE (3,0,5)
  [Team B] Прыгун B3 (6,6,5) → MOVE (7,5,4)
  [Team B] Факел B4 (0,5,6) → SHOOT at (1,5,6)
  [Team B] Бурав B6 (3,9,6) → MOVE (4,9,5)
  [Team B] Паук B8 (4,2,6) → MINE (5,3,5)
  [Team B] Тишина B5 → SKIP
  [Team C] Радиовышка C2 (3,0,5) → MOVE (3,1,6)
  [Team C] Прыгун C3 (2,1,6) → MOVE (4,2,6)
  [Team C] Факел C4 (5,3,5) → MOVE (4,3,6)
  [Team C] Тишина C5 (0,7,5) → MOVE (0,6,6)
  [Team C] Бурав C6 (1,5,6) → MOVE (0,5,6)
  [Team C] Паук C8 (5,1,5) → MINE (5,2,5)
! 🎮 GM: принудительно завершает фазу планирования
GM: end_planning
# 
============================================================
# 🔄 ОБРАБОТКА ХОДА 2
# ============================================================
   🪞 Провокатор A7 создал голограмму H4 в (5,8,4)
   💣 Паук A8 установил мину M3 в (4,2,4)
!    ⚠️ Паук B8: клетка (5,3,5) занята кораблём
   💣 Паук C8 установил мину M4 в (5,2,5)

📦 ПЕРЕМЕЩЕНИЯ:
   Радиовышка A2: (7, 2, 4) → (6,3,5)
   Факел A4: (7, 3, 3) → (6,2,3)
   Тишина A5: (6, 7, 3) → (6,6,4)
✓    💥 Бурав A6 тараном уничтожил Факел C4 в (5,3,5)
   Бурав A6: (3, 3, 3) → (5,3,5)
!    ⚠️ Радиовышка B2: клетка (3,0,5) занята
   Прыгун B3: (6, 6, 5) → (7,5,4)
   Бурав B6: (3, 9, 6) → (4,9,5)
!    ⚠️ Радиовышка C2: клетка (3,1,6) занята
✓    💥 Прыгун C3 тараном уничтожил Паук B8 в (4,2,6)
   Прыгун C3: (2, 1, 6) → (4,2,6)
   Тишина C5: (0, 7, 5) → (0,6,6)
✓    💥 Бурав C6 тараном уничтожил Факел B4 в (0,5,6)
   Бурав C6: (1, 5, 6) → (0,5,6)

🎯 ВЫСТРЕЛЫ:
   Выпущено ракет: 1
# 
📊 РЕЗУЛЬТАТЫ ХОДА 2:
🎯 Попаданий нет

--- Результаты хода ---
  Team A / Бурав A6           → Team C / Факел C4           @ (5,3,5)  (УБИТ)
  Team C / Прыгун C3          → Team B / Паук B8            @ (4,2,6)  (УБИТ)
  Team C / Бурав C6           → Team B / Факел B4           @ (0,5,6)  (УБИТ)

--- Состояние команд после хода ---
  Team A: живых 7/8
    ✓ Артиллерия A1      @ (4,1,3) hp=1/1
    ✓ Радиовышка A2      @ (6,3,5) hp=3/3
    ✓ Факел A4           @ (6,2,3) hp=6/6
    ✓ Тишина A5          @ (6,6,4) hp=2/2
    ✓ Бурав A6           @ (5,3,5) hp=4/4
    ✓ Провокатор A7      @ (4,9,3) hp=2/2
    ✓ Паук A8            @ (4,3,3) hp=1/1
    ✗ Прыгун A3          @ (6,6,5) [уничтожен]
  Team B: живых 4/8
    ✓ Радиовышка B2      @ (3,1,6) hp=3/3
    ✓ Прыгун B3          @ (7,5,4) hp=2/2
    ✓ Тишина B5          @ (1,5,6) hp=2/2
    ✓ Бурав B6           @ (4,9,5) hp=4/4
    ✗ Артиллерия B1      @ (0,7,6) [уничтожен]
    ✗ Факел B4           @ (0,5,6) [уничтожен]
    ✗ Провокатор B7      @ (2,1,6) [уничтожен]
    ✗ Паук B8            @ (4,2,6) [уничтожен]
  Team C: живых 5/8
    ✓ Радиовышка C2      @ (3,0,5) hp=3/3
    ✓ Прыгун C3          @ (4,2,6) hp=2/2
    ✓ Тишина C5          @ (0,6,6) hp=2/2
    ✓ Бурав C6           @ (0,5,6) hp=4/4
    ✓ Паук C8            @ (5,1,5) hp=1/1
    ✗ Артиллерия C1      @ (2,5,5) [уничтожен]
    ✗ Факел C4           @ (5,3,5) [уничтожен]
    ✗ Провокатор C7      @ (6,6,5) [уничтожен]

======================================================================
ХОД 3
======================================================================
✓ 🎮 GM: начинаем ход
GM: start_turn

--- Радиовышки: сканирование слоя Z ---
  Радиовышка A2 (z=5): видит 3 врагов  → Бурав B6(4,9,5), Радиовышка C2(3,0,5), Паук C8(5,1,5)
  Радиовышка B2 (z=6): видит 2 врагов  → Бурав C6(0,5,6), Прыгун C3(4,2,6)
  Радиовышка C2 (z=5): видит 3 врагов [+1 эксклюзивно] → Бурав A6(5,3,5), Радиовышка A2(6,3,5), Бурав B6(4,9,5)

--- Решения ботов ---
  [Team A] Артиллерия A1 (4,1,3) → SHOOT at (4,2,6)
  [Team A] Радиовышка A2 (6,3,5) → MOVE (7,4,4)
  [Team A] Факел A4 (6,2,3) → MOVE (5,1,3)
  [Team A] Тишина A5 (6,6,4) → MOVE (7,5,4)
  [Team A] Бурав A6 (5,3,5) → MOVE (5,1,5)
  [Team A] Провокатор A7 (4,9,3) → HOLOGRAM (4,9,4)
  [Team A] Паук A8 (4,3,3) → MINE (5,2,4)
  [Team B] Радиовышка B2 (3,1,6) → MOVE (3,0,5)
  [Team B] Прыгун B3 (7,5,4) → MOVE (5,3,5)
  [Team B] Тишина B5 (1,5,6) → MOVE (0,5,6)
  [Team B] Бурав B6 (4,9,5) → MOVE (4,9,3)
  [Team C] Радиовышка C2 (3,0,5) → MOVE (3,1,6)
  [Team C] Прыгун C3 (4,2,6) → MOVE (5,3,5)
  [Team C] Тишина C5 (0,6,6) → MOVE (1,5,5)
  [Team C] Бурав C6 (0,5,6) → MOVE (1,4,5)
  [Team C] Паук C8 (5,1,5) → MINE (5,1,4)
! 🎮 GM: принудительно завершает фазу планирования
GM: end_planning
# 
============================================================
# 🔄 ОБРАБОТКА ХОДА 3
# ============================================================
   🪞 Провокатор A7 создал голограмму H5 в (4,9,4)
   💣 Паук A8 установил мину M5 в (5,2,4)
   💣 Паук C8 установил мину M6 в (5,1,4)

📦 ПЕРЕМЕЩЕНИЯ:
   Радиовышка A2: (6, 3, 5) → (7,4,4)
   Факел A4: (6, 2, 3) → (5,1,3)
!    ⚠️ Тишина A5: клетка (7,5,4) занята
✓    💥 Бурав A6 тараном уничтожил Паук C8 в (5,1,5)
   Бурав A6: (5, 3, 5) → (5,1,5)
!    ⚠️ Радиовышка B2: клетка (3,0,5) занята
   Прыгун B3: (7, 5, 4) → (5,3,5)
!    ⚠️ Тишина B5: клетка (0,5,6) занята
✓    💥 Бурав B6 тараном уничтожил Провокатор A7 в (4,9,3)
   Бурав B6: (4, 9, 5) → (4,9,3)
!    ⚠️ Радиовышка C2: клетка (3,1,6) занята
✓    💥 Прыгун C3 тараном уничтожил Прыгун B3 в (5,3,5)
   Прыгун C3: (4, 2, 6) → (5,3,5)
   Тишина C5: (0, 6, 6) → (1,5,5)
!    ⚠️ Бурав C6: Бурав двигается только по 1 оси или по 2 осям строго диагонально

🎯 ВЫСТРЕЛЫ:
   Выпущено ракет: 1
# 
📊 РЕЗУЛЬТАТЫ ХОДА 3:
🎯 Попаданий нет

--- Результаты хода ---
  Team A / Бурав A6           → Team C / Паук C8            @ (5,1,5)  (УБИТ)
  Team B / Бурав B6           → Team A / Провокатор A7      @ (4,9,3)  (УБИТ)
  Team C / Прыгун C3          → Team B / Прыгун B3          @ (5,3,5)  (УБИТ)

--- Состояние команд после хода ---
  Team A: живых 6/8
    ✓ Артиллерия A1      @ (4,1,3) hp=1/1
    ✓ Радиовышка A2      @ (7,4,4) hp=3/3
    ✓ Факел A4           @ (5,1,3) hp=6/6
    ✓ Тишина A5          @ (6,6,4) hp=2/2
    ✓ Бурав A6           @ (5,1,5) hp=4/4
    ✓ Паук A8            @ (4,3,3) hp=1/1
    ✗ Прыгун A3          @ (6,6,5) [уничтожен]
    ✗ Провокатор A7      @ (4,9,3) [уничтожен]
  Team B: живых 3/8
    ✓ Радиовышка B2      @ (3,1,6) hp=3/3
    ✓ Тишина B5          @ (1,5,6) hp=2/2
    ✓ Бурав B6           @ (4,9,3) hp=4/4
    ✗ Артиллерия B1      @ (0,7,6) [уничтожен]
    ✗ Прыгун B3          @ (5,3,5) [уничтожен]
    ✗ Факел B4           @ (0,5,6) [уничтожен]
    ✗ Провокатор B7      @ (2,1,6) [уничтожен]
    ✗ Паук B8            @ (4,2,6) [уничтожен]
  Team C: живых 4/8
    ✓ Радиовышка C2      @ (3,0,5) hp=3/3
    ✓ Прыгун C3          @ (5,3,5) hp=2/2
    ✓ Тишина C5          @ (1,5,5) hp=2/2
    ✓ Бурав C6           @ (0,5,6) hp=4/4
    ✗ Артиллерия C1      @ (2,5,5) [уничтожен]
    ✗ Факел C4           @ (5,3,5) [уничтожен]
    ✗ Провокатор C7      @ (6,6,5) [уничтожен]
    ✗ Паук C8            @ (5,1,5) [уничтожен]

======================================================================
ХОД 4
======================================================================
✓ 🎮 GM: начинаем ход
GM: start_turn

--- Радиовышки: сканирование слоя Z ---
  Радиовышка A2 (z=4): слой чист
  Радиовышка B2 (z=6): видит 1 врагов  → Бурав C6(0,5,6)
  Радиовышка C2 (z=5): видит 1 врагов  → Бурав A6(5,1,5)

--- Решения ботов ---
  [Team A] Артиллерия A1 (4,1,3) → SHOOT at (5,3,5)
  [Team A] Радиовышка A2 (7,4,4) → MOVE (6,3,5)
  [Team A] Тишина A5 (6,6,4) → MOVE (5,7,3)
  [Team A] Бурав A6 (5,1,5) → MOVE (5,3,5)
  [Team A] Паук A8 (4,3,3) → MINE (4,2,4)
  [Team A] Факел A4 → SKIP
  [Team B] Радиовышка B2 (3,1,6) → MOVE (3,0,5)
  [Team B] Тишина B5 (1,5,6) → MOVE (0,5,6)
  [Team B] Бурав B6 (4,9,3) → MOVE (3,8,4)
  [Team C] Радиовышка C2 (3,0,5) → MOVE (3,1,6)
  [Team C] Прыгун C3 (5,3,5) → MOVE (4,1,3)
  [Team C] Тишина C5 (1,5,5) → MOVE (2,4,4)
  [Team C] Бурав C6 (0,5,6) → MOVE (1,4,5)
! 🎮 GM: принудительно завершает фазу планирования
GM: end_planning
# 
============================================================
# 🔄 ОБРАБОТКА ХОДА 4
# ============================================================
!    ⚠️ Паук A8: в клетке уже стоит мина

📦 ПЕРЕМЕЩЕНИЯ:
   Радиовышка A2: (7, 4, 4) → (6,3,5)
   Тишина A5: (6, 6, 4) → (5,7,3)
✓    💥 Бурав A6 тараном уничтожил Прыгун C3 в (5,3,5)
   Бурав A6: (5, 1, 5) → (5,3,5)
!    ⚠️ Радиовышка B2: клетка (3,0,5) занята
!    ⚠️ Тишина B5: клетка (0,5,6) занята
!    ⚠️ Бурав B6: Бурав двигается только по 1 оси или по 2 осям строго диагонально
!    ⚠️ Радиовышка C2: клетка (3,1,6) занята
   Тишина C5: (1, 5, 5) → (2,4,4)
!    ⚠️ Бурав C6: Бурав двигается только по 1 оси или по 2 осям строго диагонально

🎯 ВЫСТРЕЛЫ:
   Выпущено ракет: 1
# 
📊 РЕЗУЛЬТАТЫ ХОДА 4:
🎯 Попаданий нет

--- Результаты хода ---
  Team A / Бурав A6           → Team C / Прыгун C3          @ (5,3,5)  (УБИТ)

--- Состояние команд после хода ---
  Team A: живых 6/8
    ✓ Артиллерия A1      @ (4,1,3) hp=1/1
    ✓ Радиовышка A2      @ (6,3,5) hp=3/3
    ✓ Факел A4           @ (5,1,3) hp=6/6
    ✓ Тишина A5          @ (5,7,3) hp=2/2
    ✓ Бурав A6           @ (5,3,5) hp=4/4
    ✓ Паук A8            @ (4,3,3) hp=1/1
    ✗ Прыгун A3          @ (6,6,5) [уничтожен]
    ✗ Провокатор A7      @ (4,9,3) [уничтожен]
  Team B: живых 3/8
    ✓ Радиовышка B2      @ (3,1,6) hp=3/3
    ✓ Тишина B5          @ (1,5,6) hp=2/2
    ✓ Бурав B6           @ (4,9,3) hp=4/4
    ✗ Артиллерия B1      @ (0,7,6) [уничтожен]
    ✗ Прыгун B3          @ (5,3,5) [уничтожен]
    ✗ Факел B4           @ (0,5,6) [уничтожен]
    ✗ Провокатор B7      @ (2,1,6) [уничтожен]
    ✗ Паук B8            @ (4,2,6) [уничтожен]
  Team C: живых 3/8
    ✓ Радиовышка C2      @ (3,0,5) hp=3/3
    ✓ Тишина C5          @ (2,4,4) hp=2/2
    ✓ Бурав C6           @ (0,5,6) hp=4/4
    ✗ Артиллерия C1      @ (2,5,5) [уничтожен]
    ✗ Прыгун C3          @ (5,3,5) [уничтожен]
    ✗ Факел C4           @ (5,3,5) [уничтожен]
    ✗ Провокатор C7      @ (6,6,5) [уничтожен]
    ✗ Паук C8            @ (5,1,5) [уничтожен]

======================================================================
ХОД 5
======================================================================
✓ 🎮 GM: начинаем ход
GM: start_turn

--- Радиовышки: сканирование слоя Z ---
  Радиовышка A2 (z=5): видит 1 врагов  → Радиовышка C2(3,0,5)
  Радиовышка B2 (z=6): видит 1 врагов  → Бурав C6(0,5,6)
  Радиовышка C2 (z=5): видит 2 врагов [+1 эксклюзивно] → Бурав A6(5,3,5), Радиовышка A2(6,3,5)

--- Решения ботов ---
  [Team A] Артиллерия A1 (4,1,3) → SHOOT at (3,0,5)
  [Team A] Радиовышка A2 (6,3,5) → MOVE (5,2,6)
  [Team A] Тишина A5 (5,7,3) → PHASE toggle
  [Team A] Бурав A6 (5,3,5) → MOVE (4,2,6)
  [Team A] Паук A8 (4,3,3) → MINE (3,2,4)
  [Team A] Факел A4 → SKIP
  [Team B] Радиовышка B2 (3,1,6) → MOVE (3,0,5)
  [Team B] Тишина B5 (1,5,6) → MOVE (0,5,6)
  [Team B] Бурав B6 (4,9,3) → MOVE (3,8,4)
  [Team C] Радиовышка C2 (3,0,5) → MOVE (3,1,6)
  [Team C] Тишина C5 (2,4,4) → MOVE (3,3,3)
  [Team C] Бурав C6 (0,5,6) → MOVE (1,4,5)
! 🎮 GM: принудительно завершает фазу планирования
GM: end_planning
# 
============================================================
# 🔄 ОБРАБОТКА ХОДА 5
# ============================================================
   🌀 Тишина A5: фаза ВЫКЛ
   💣 Паук A8 установил мину M7 в (3,2,4)

📦 ПЕРЕМЕЩЕНИЯ:
   Радиовышка A2: (6, 3, 5) → (5,2,6)
!    💥 Мина M2 сработала под Радиовышка A2 (урон 2)
!    ⚠️ Бурав A6: Бурав двигается только по 1 оси или по 2 осям строго диагонально
!    ⚠️ Радиовышка B2: клетка (3,0,5) занята
!    ⚠️ Тишина B5: клетка (0,5,6) занята
!    ⚠️ Бурав B6: Бурав двигается только по 1 оси или по 2 осям строго диагонально
!    ⚠️ Радиовышка C2: клетка (3,1,6) занята
   Тишина C5: (2, 4, 4) → (3,3,3)
!    ⚠️ Бурав C6: Бурав двигается только по 1 оси или по 2 осям строго диагонально

🎯 ВЫСТРЕЛЫ:
✓    ✅ Артиллерия A1 поразил Радиовышка C2 (2 урона)!
   Выпущено ракет: 1
# 
📊 РЕЗУЛЬТАТЫ ХОДА 5:
✓ 💥 ПОПАДАНИЯ:
✓    Артиллерия A1 (Team A) → Радиовышка C2 (Team C)

--- Результаты хода ---
  ? / ?                  → Team A / Радиовышка A2      @ (5,2,6)  (ранен)
  Team A / Артиллерия A1      → Team C / Радиовышка C2      @ (3,0,5)  (ранен)

--- Состояние команд после хода ---
  Team A: живых 6/8
    ✓ Артиллерия A1      @ (4,1,3) hp=1/1
    ✓ Радиовышка A2      @ (5,2,6) hp=1/3
    ✓ Факел A4           @ (5,1,3) hp=6/6
    ✓ Тишина A5          @ (5,7,3) hp=2/2
    ✓ Бурав A6           @ (5,3,5) hp=4/4
    ✓ Паук A8            @ (4,3,3) hp=1/1
    ✗ Прыгун A3          @ (6,6,5) [уничтожен]
    ✗ Провокатор A7      @ (4,9,3) [уничтожен]
  Team B: живых 3/8
    ✓ Радиовышка B2      @ (3,1,6) hp=3/3
    ✓ Тишина B5          @ (1,5,6) hp=2/2
    ✓ Бурав B6           @ (4,9,3) hp=4/4
    ✗ Артиллерия B1      @ (0,7,6) [уничтожен]
    ✗ Прыгун B3          @ (5,3,5) [уничтожен]
    ✗ Факел B4           @ (0,5,6) [уничтожен]
    ✗ Провокатор B7      @ (2,1,6) [уничтожен]
    ✗ Паук B8            @ (4,2,6) [уничтожен]
  Team C: живых 3/8
    ✓ Радиовышка C2      @ (3,0,5) hp=1/3
    ✓ Тишина C5          @ (3,3,3) hp=2/2
    ✓ Бурав C6           @ (0,5,6) hp=4/4
    ✗ Артиллерия C1      @ (2,5,5) [уничтожен]
    ✗ Прыгун C3          @ (5,3,5) [уничтожен]
    ✗ Факел C4           @ (5,3,5) [уничтожен]
    ✗ Провокатор C7      @ (6,6,5) [уничтожен]
    ✗ Паук C8            @ (5,1,5) [уничтожен]

======================================================================
ХОД 6
======================================================================
✓ 🎮 GM: начинаем ход
GM: start_turn

--- Радиовышки: сканирование слоя Z ---
  Радиовышка A2 (z=6): видит 2 врагов [+1 эксклюзивно] → Радиовышка B2(3,1,6), Бурав C6(0,5,6)
  Радиовышка B2 (z=6): видит 2 врагов [+1 эксклюзивно] → Радиовышка A2(5,2,6), Бурав C6(0,5,6)
  Радиовышка C2 (z=5): видит 1 врагов  → Бурав A6(5,3,5)

--- Решения ботов ---
  [Team A] Артиллерия A1 (4,1,3) → SHOOT at (3,0,5)
  [Team A] Радиовышка A2 (5,2,6) → MOVE (4,1,6)
  [Team A] Факел A4 (5,1,3) → MOVE (5,2,4)
  [Team A] Тишина A5 (5,7,3) → MOVE (4,8,3)
  [Team A] Бурав A6 (5,3,5) → MOVE (4,2,6)
  [Team A] Паук A8 (4,3,3) → MINE (3,2,4)
  [Team B] Радиовышка B2 (3,1,6) → MOVE (3,0,5)
  [Team B] Тишина B5 (1,5,6) → MOVE (0,5,6)
  [Team B] Бурав B6 (4,9,3) → MOVE (5,8,3)
  [Team C] Радиовышка C2 (3,0,5) → MOVE (3,1,6)
  [Team C] Тишина C5 (3,3,3) → MOVE (4,3,3)
  [Team C] Бурав C6 (0,5,6) → MOVE (1,4,5)
! 🎮 GM: принудительно завершает фазу планирования
GM: end_planning
# 
============================================================
# 🔄 ОБРАБОТКА ХОДА 6
# ============================================================
!    ⚠️ Паук A8: в клетке уже стоит мина

📦 ПЕРЕМЕЩЕНИЯ:
   Радиовышка A2: (5, 2, 6) → (4,1,6)
   Факел A4: (5, 1, 3) → (5,2,4)
   Тишина A5: (5, 7, 3) → (4,8,3)
!    ⚠️ Бурав A6: Бурав двигается только по 1 оси или по 2 осям строго диагонально
!    ⚠️ Радиовышка B2: клетка (3,0,5) занята
!    ⚠️ Тишина B5: клетка (0,5,6) занята
   Бурав B6: (4, 9, 3) → (5,8,3)
!    ⚠️ Радиовышка C2: клетка (3,1,6) занята
!    ⚠️ Тишина C5: клетка (4,3,3) занята
!    ⚠️ Бурав C6: Бурав двигается только по 1 оси или по 2 осям строго диагонально

🎯 ВЫСТРЕЛЫ:
✓    ✅ Артиллерия A1 поразил Радиовышка C2 (2 урона)!
   Выпущено ракет: 1
# 
📊 РЕЗУЛЬТАТЫ ХОДА 6:
✓ 💥 ПОПАДАНИЯ:
✓    Артиллерия A1 (Team A) → Радиовышка C2 (Team C)

--- Результаты хода ---
  Team A / Артиллерия A1      → Team C / Радиовышка C2      @ (3,0,5)  (УБИТ)

--- Состояние команд после хода ---
  Team A: живых 6/8
    ✓ Артиллерия A1      @ (4,1,3) hp=1/1
    ✓ Радиовышка A2      @ (4,1,6) hp=1/3
    ✓ Факел A4           @ (5,2,4) hp=6/6
    ✓ Тишина A5          @ (4,8,3) hp=2/2
    ✓ Бурав A6           @ (5,3,5) hp=4/4
    ✓ Паук A8            @ (4,3,3) hp=1/1
    ✗ Прыгун A3          @ (6,6,5) [уничтожен]
    ✗ Провокатор A7      @ (4,9,3) [уничтожен]
  Team B: живых 3/8
    ✓ Радиовышка B2      @ (3,1,6) hp=3/3
    ✓ Тишина B5          @ (1,5,6) hp=2/2
    ✓ Бурав B6           @ (5,8,3) hp=4/4
    ✗ Артиллерия B1      @ (0,7,6) [уничтожен]
    ✗ Прыгун B3          @ (5,3,5) [уничтожен]
    ✗ Факел B4           @ (0,5,6) [уничтожен]
    ✗ Провокатор B7      @ (2,1,6) [уничтожен]
    ✗ Паук B8            @ (4,2,6) [уничтожен]
  Team C: живых 2/8
    ✓ Тишина C5          @ (3,3,3) hp=2/2
    ✓ Бурав C6           @ (0,5,6) hp=4/4
    ✗ Артиллерия C1      @ (2,5,5) [уничтожен]
    ✗ Радиовышка C2      @ (3,0,5) [уничтожен]
    ✗ Прыгун C3          @ (5,3,5) [уничтожен]
    ✗ Факел C4           @ (5,3,5) [уничтожен]
    ✗ Провокатор C7      @ (6,6,5) [уничтожен]
    ✗ Паук C8            @ (5,1,5) [уничтожен]

======================================================================
ХОД 7
======================================================================
✓ 🎮 GM: начинаем ход
GM: start_turn

--- Радиовышки: сканирование слоя Z ---
  Радиовышка A2 (z=6): видит 2 врагов [+1 эксклюзивно] → Радиовышка B2(3,1,6), Бурав C6(0,5,6)
  Радиовышка B2 (z=6): видит 2 врагов [+1 эксклюзивно] → Радиовышка A2(4,1,6), Бурав C6(0,5,6)

--- Решения ботов ---
  [Team A] Артиллерия A1 (4,1,3) → SHOOT at (3,1,6)
  [Team A] Радиовышка A2 (4,1,6) → MOVE (3,1,6)
  [Team A] Факел A4 (5,2,4) → HEAL (AoE)
  [Team A] Тишина A5 (4,8,3) → MOVE (5,8,3)
  [Team A] Бурав A6 (5,3,5) → MOVE (4,2,6)
  [Team A] Паук A8 (4,3,3) → MINE (3,2,4)
  [Team B] Радиовышка B2 (3,1,6) → MOVE (4,1,6)
  [Team B] Тишина B5 (1,5,6) → MOVE (0,5,6)
  [Team B] Бурав B6 (5,8,3) → MOVE (4,8,3)
  [Team C] Тишина C5 (3,3,3) → MOVE (4,3,3)
  [Team C] Бурав C6 (0,5,6) → MOVE (1,4,5)
! 🎮 GM: принудительно завершает фазу планирования
GM: end_planning
# 
============================================================
# 🔄 ОБРАБОТКА ХОДА 7
# ============================================================
!    ⚠️ Паук A8: в клетке уже стоит мина

📦 ПЕРЕМЕЩЕНИЯ:
!    ⚠️ Радиовышка A2: клетка (3,1,6) занята
!    ⚠️ Тишина A5: клетка (5,8,3) занята
!    ⚠️ Бурав A6: Бурав двигается только по 1 оси или по 2 осям строго диагонально
!    ⚠️ Радиовышка B2: клетка (4,1,6) занята
!    ⚠️ Тишина B5: клетка (0,5,6) занята
✓    💥 Бурав B6 тараном уничтожил Тишина A5 в (4,8,3)
   Бурав B6: (5, 8, 3) → (4,8,3)
!    ⚠️ Тишина C5: клетка (4,3,3) занята
!    ⚠️ Бурав C6: Бурав двигается только по 1 оси или по 2 осям строго диагонально

🎯 ВЫСТРЕЛЫ:
✓    ✅ Артиллерия A1 поразил Радиовышка B2 (2 урона)!
✓    💚 Факел A4 лечит Радиовышка A2 → hits=1/3
   Выпущено ракет: 1
# 
📊 РЕЗУЛЬТАТЫ ХОДА 7:
✓ 💥 ПОПАДАНИЯ:
✓    Артиллерия A1 (Team A) → Радиовышка B2 (Team B)

--- Результаты хода ---
  Team B / Бурав B6           → Team A / Тишина A5          @ (4,8,3)  (УБИТ)
  Team A / Артиллерия A1      → Team B / Радиовышка B2      @ (3,1,6)  (ранен)

--- Состояние команд после хода ---
  Team A: живых 5/8
    ✓ Артиллерия A1      @ (4,1,3) hp=1/1
    ✓ Радиовышка A2      @ (4,1,6) hp=2/3
    ✓ Факел A4           @ (5,2,4) hp=6/6
    ✓ Бурав A6           @ (5,3,5) hp=4/4
    ✓ Паук A8            @ (4,3,3) hp=1/1
    ✗ Прыгун A3          @ (6,6,5) [уничтожен]
    ✗ Тишина A5          @ (4,8,3) [уничтожен]
    ✗ Провокатор A7      @ (4,9,3) [уничтожен]
  Team B: живых 3/8
    ✓ Радиовышка B2      @ (3,1,6) hp=1/3
    ✓ Тишина B5          @ (1,5,6) hp=2/2
    ✓ Бурав B6           @ (4,8,3) hp=4/4
    ✗ Артиллерия B1      @ (0,7,6) [уничтожен]
    ✗ Прыгун B3          @ (5,3,5) [уничтожен]
    ✗ Факел B4           @ (0,5,6) [уничтожен]
    ✗ Провокатор B7      @ (2,1,6) [уничтожен]
    ✗ Паук B8            @ (4,2,6) [уничтожен]
  Team C: живых 2/8
    ✓ Тишина C5          @ (3,3,3) hp=2/2
    ✓ Бурав C6           @ (0,5,6) hp=4/4
    ✗ Артиллерия C1      @ (2,5,5) [уничтожен]
    ✗ Радиовышка C2      @ (3,0,5) [уничтожен]
    ✗ Прыгун C3          @ (5,3,5) [уничтожен]
    ✗ Факел C4           @ (5,3,5) [уничтожен]
    ✗ Провокатор C7      @ (6,6,5) [уничтожен]
    ✗ Паук C8            @ (5,1,5) [уничтожен]

======================================================================
ХОД 8
======================================================================
✓ 🎮 GM: начинаем ход
GM: start_turn

--- Радиовышки: сканирование слоя Z ---
  Радиовышка A2 (z=6): видит 2 врагов [+1 эксклюзивно] → Радиовышка B2(3,1,6), Бурав C6(0,5,6)
  Радиовышка B2 (z=6): видит 2 врагов [+1 эксклюзивно] → Радиовышка A2(4,1,6), Бурав C6(0,5,6)

--- Решения ботов ---
  [Team A] Артиллерия A1 (4,1,3) → SHOOT at (3,1,6)
  [Team A] Радиовышка A2 (4,1,6) → MOVE (3,1,6)
  [Team A] Факел A4 (5,2,4) → HEAL (AoE)
  [Team A] Бурав A6 (5,3,5) → MOVE (4,2,6)
  [Team A] Паук A8 (4,3,3) → MINE (3,2,4)
  [Team B] Радиовышка B2 (3,1,6) → MOVE (4,1,6)
  [Team B] Тишина B5 (1,5,6) → MOVE (0,5,6)
  [Team B] Бурав B6 (4,8,3) → MOVE (3,7,4)
  [Team C] Тишина C5 (3,3,3) → MOVE (4,3,3)
  [Team C] Бурав C6 (0,5,6) → MOVE (1,4,5)
! 🎮 GM: принудительно завершает фазу планирования
GM: end_planning
# 
============================================================
# 🔄 ОБРАБОТКА ХОДА 8
# ============================================================
!    ⚠️ Паук A8: в клетке уже стоит мина

📦 ПЕРЕМЕЩЕНИЯ:
!    ⚠️ Радиовышка A2: клетка (3,1,6) занята
!    ⚠️ Бурав A6: Бурав двигается только по 1 оси или по 2 осям строго диагонально
!    ⚠️ Радиовышка B2: клетка (4,1,6) занята
!    ⚠️ Тишина B5: клетка (0,5,6) занята
!    ⚠️ Бурав B6: Бурав двигается только по 1 оси или по 2 осям строго диагонально
!    ⚠️ Тишина C5: клетка (4,3,3) занята
!    ⚠️ Бурав C6: Бурав двигается только по 1 оси или по 2 осям строго диагонально

🎯 ВЫСТРЕЛЫ:
✓    ✅ Артиллерия A1 поразил Радиовышка B2 (2 урона)!
✓    💚 Факел A4 лечит Радиовышка A2 → hits=0/3
   Выпущено ракет: 1
# 
📊 РЕЗУЛЬТАТЫ ХОДА 8:
✓ 💥 ПОПАДАНИЯ:
✓    Артиллерия A1 (Team A) → Радиовышка B2 (Team B)

--- Результаты хода ---
  Team A / Артиллерия A1      → Team B / Радиовышка B2      @ (3,1,6)  (УБИТ)

--- Состояние команд после хода ---
  Team A: живых 5/8
    ✓ Артиллерия A1      @ (4,1,3) hp=1/1
    ✓ Радиовышка A2      @ (4,1,6) hp=3/3
    ✓ Факел A4           @ (5,2,4) hp=6/6
    ✓ Бурав A6           @ (5,3,5) hp=4/4
    ✓ Паук A8            @ (4,3,3) hp=1/1
    ✗ Прыгун A3          @ (6,6,5) [уничтожен]
    ✗ Тишина A5          @ (4,8,3) [уничтожен]
    ✗ Провокатор A7      @ (4,9,3) [уничтожен]
  Team B: живых 2/8
    ✓ Тишина B5          @ (1,5,6) hp=2/2
    ✓ Бурав B6           @ (4,8,3) hp=4/4
    ✗ Артиллерия B1      @ (0,7,6) [уничтожен]
    ✗ Радиовышка B2      @ (3,1,6) [уничтожен]
    ✗ Прыгун B3          @ (5,3,5) [уничтожен]
    ✗ Факел B4           @ (0,5,6) [уничтожен]
    ✗ Провокатор B7      @ (2,1,6) [уничтожен]
    ✗ Паук B8            @ (4,2,6) [уничтожен]
  Team C: живых 2/8
    ✓ Тишина C5          @ (3,3,3) hp=2/2
    ✓ Бурав C6           @ (0,5,6) hp=4/4
    ✗ Артиллерия C1      @ (2,5,5) [уничтожен]
    ✗ Радиовышка C2      @ (3,0,5) [уничтожен]
    ✗ Прыгун C3          @ (5,3,5) [уничтожен]
    ✗ Факел C4           @ (5,3,5) [уничтожен]
    ✗ Провокатор C7      @ (6,6,5) [уничтожен]
    ✗ Паук C8            @ (5,1,5) [уничтожен]

======================================================================
ХОД 9
======================================================================
✓ 🎮 GM: начинаем ход
GM: start_turn

--- Радиовышки: сканирование слоя Z ---
  Радиовышка A2 (z=6): видит 1 врагов [+1 эксклюзивно] → Бурав C6(0,5,6)

--- Решения ботов ---
  [Team A] Артиллерия A1 (4,1,3) → SHOOT at (0,5,6)
  [Team A] Радиовышка A2 (4,1,6) → MOVE (3,2,6)
  [Team A] Факел A4 (5,2,4) → MOVE (4,2,3)
  [Team A] Бурав A6 (5,3,5) → MOVE (4,4,6)
  [Team A] Паук A8 (4,3,3) → MINE (3,4,4)
  [Team B] Тишина B5 (1,5,6) → PHASE toggle
  [Team B] Бурав B6 (4,8,3) → MOVE (3,7,4)
  [Team C] Тишина C5 (3,3,3) → MOVE (4,3,3)
  [Team C] Бурав C6 (0,5,6) → MOVE (1,4,5)
! 🎮 GM: принудительно завершает фазу планирования
GM: end_planning
# 
============================================================
# 🔄 ОБРАБОТКА ХОДА 9
# ============================================================
   🌀 Тишина B5: фаза ВЫКЛ
!    ⚠️ Паук A8: в клетке уже стоит мина

📦 ПЕРЕМЕЩЕНИЯ:
   Радиовышка A2: (4, 1, 6) → (3,2,6)
   Факел A4: (5, 2, 4) → (4,2,3)
!    ⚠️ Бурав A6: Бурав двигается только по 1 оси или по 2 осям строго диагонально
!    ⚠️ Бурав B6: Бурав двигается только по 1 оси или по 2 осям строго диагонально
!    ⚠️ Тишина C5: клетка (4,3,3) занята
!    ⚠️ Бурав C6: Бурав двигается только по 1 оси или по 2 осям строго диагонально

🎯 ВЫСТРЕЛЫ:
✓    ✅ Артиллерия A1 поразил Бурав C6 (2 урона)!
   Выпущено ракет: 1
# 
📊 РЕЗУЛЬТАТЫ ХОДА 9:
✓ 💥 ПОПАДАНИЯ:
✓    Артиллерия A1 (Team A) → Бурав C6 (Team C)

--- Результаты хода ---
  Team A / Артиллерия A1      → Team C / Бурав C6           @ (0,5,6)  (ранен)

--- Состояние команд после хода ---
  Team A: живых 5/8
    ✓ Артиллерия A1      @ (4,1,3) hp=1/1
    ✓ Радиовышка A2      @ (3,2,6) hp=3/3
    ✓ Факел A4           @ (4,2,3) hp=6/6
    ✓ Бурав A6           @ (5,3,5) hp=4/4
    ✓ Паук A8            @ (4,3,3) hp=1/1
    ✗ Прыгун A3          @ (6,6,5) [уничтожен]
    ✗ Тишина A5          @ (4,8,3) [уничтожен]
    ✗ Провокатор A7      @ (4,9,3) [уничтожен]
  Team B: живых 2/8
    ✓ Тишина B5          @ (1,5,6) hp=2/2
    ✓ Бурав B6           @ (4,8,3) hp=4/4
    ✗ Артиллерия B1      @ (0,7,6) [уничтожен]
    ✗ Радиовышка B2      @ (3,1,6) [уничтожен]
    ✗ Прыгун B3          @ (5,3,5) [уничтожен]
    ✗ Факел B4           @ (0,5,6) [уничтожен]
    ✗ Провокатор B7      @ (2,1,6) [уничтожен]
    ✗ Паук B8            @ (4,2,6) [уничтожен]
  Team C: живых 2/8
    ✓ Тишина C5          @ (3,3,3) hp=2/2
    ✓ Бурав C6           @ (0,5,6) hp=2/4
    ✗ Артиллерия C1      @ (2,5,5) [уничтожен]
    ✗ Радиовышка C2      @ (3,0,5) [уничтожен]
    ✗ Прыгун C3          @ (5,3,5) [уничтожен]
    ✗ Факел C4           @ (5,3,5) [уничтожен]
    ✗ Провокатор C7      @ (6,6,5) [уничтожен]
    ✗ Паук C8            @ (5,1,5) [уничтожен]

======================================================================
ХОД 10
======================================================================
✓ 🎮 GM: начинаем ход
GM: start_turn

--- Радиовышки: сканирование слоя Z ---
  Радиовышка A2 (z=6): видит 2 врагов [+1 эксклюзивно] → Тишина B5(1,5,6), Бурав C6(0,5,6)

--- Решения ботов ---
  [Team A] Артиллерия A1 (4,1,3) → SHOOT at (0,5,6)
  [Team A] Радиовышка A2 (3,2,6) → MOVE (2,3,6)
  [Team A] Бурав A6 (5,3,5) → MOVE (4,4,6)
  [Team A] Паук A8 (4,3,3) → MINE (3,4,4)
  [Team A] Факел A4 → SKIP
  [Team B] Тишина B5 (1,5,6) → PHASE toggle
  [Team B] Бурав B6 (4,8,3) → MOVE (3,7,4)
  [Team C] Тишина C5 (3,3,3) → MOVE (4,2,3)
  [Team C] Бурав C6 (0,5,6) → MOVE (3,2,6)
! 🎮 GM: принудительно завершает фазу планирования
GM: end_planning
# 
============================================================
# 🔄 ОБРАБОТКА ХОДА 10
# ============================================================
   🌀 Тишина B5: фаза ВКЛ
!    ⚠️ Паук A8: в клетке уже стоит мина

📦 ПЕРЕМЕЩЕНИЯ:
   Радиовышка A2: (3, 2, 6) → (2,3,6)
!    ⚠️ Бурав A6: Бурав двигается только по 1 оси или по 2 осям строго диагонально
!    ⚠️ Бурав B6: Бурав двигается только по 1 оси или по 2 осям строго диагонально
!    ⚠️ Тишина C5: клетка (4,2,3) занята
   Бурав C6: (0, 5, 6) → (3,2,6)

🎯 ВЫСТРЕЛЫ:
   Выпущено ракет: 1
# 
📊 РЕЗУЛЬТАТЫ ХОДА 10:
🎯 Попаданий нет

--- Результаты хода ---
  Попаданий нет

--- Состояние команд после хода ---
  Team A: живых 5/8
    ✓ Артиллерия A1      @ (4,1,3) hp=1/1
    ✓ Радиовышка A2      @ (2,3,6) hp=3/3
    ✓ Факел A4           @ (4,2,3) hp=6/6
    ✓ Бурав A6           @ (5,3,5) hp=4/4
    ✓ Паук A8            @ (4,3,3) hp=1/1
    ✗ Прыгун A3          @ (6,6,5) [уничтожен]
    ✗ Тишина A5          @ (4,8,3) [уничтожен]
    ✗ Провокатор A7      @ (4,9,3) [уничтожен]
  Team B: живых 2/8
    ✓ Тишина B5          @ (1,5,6) hp=2/2
    ✓ Бурав B6           @ (4,8,3) hp=4/4
    ✗ Артиллерия B1      @ (0,7,6) [уничтожен]
    ✗ Радиовышка B2      @ (3,1,6) [уничтожен]
    ✗ Прыгун B3          @ (5,3,5) [уничтожен]
    ✗ Факел B4           @ (0,5,6) [уничтожен]
    ✗ Провокатор B7      @ (2,1,6) [уничтожен]
    ✗ Паук B8            @ (4,2,6) [уничтожен]
  Team C: живых 2/8
    ✓ Тишина C5          @ (3,3,3) hp=2/2
    ✓ Бурав C6           @ (3,2,6) hp=2/4
    ✗ Артиллерия C1      @ (2,5,5) [уничтожен]
    ✗ Радиовышка C2      @ (3,0,5) [уничтожен]
    ✗ Прыгун C3          @ (5,3,5) [уничтожен]
    ✗ Факел C4           @ (5,3,5) [уничтожен]
    ✗ Провокатор C7      @ (6,6,5) [уничтожен]
    ✗ Паук C8            @ (5,1,5) [уничтожен]

======================================================================
ХОД 11
======================================================================
✓ 🎮 GM: начинаем ход
GM: start_turn

--- Радиовышки: сканирование слоя Z ---
  Радиовышка A2 (z=6): видит 1 врагов  → Бурав C6(3,2,6)

--- Решения ботов ---
  [Team A] Артиллерия A1 (4,1,3) → SHOOT at (3,2,6)
  [Team A] Радиовышка A2 (2,3,6) → MOVE (3,2,6)
  [Team A] Бурав A6 (5,3,5) → MOVE (4,2,6)
  [Team A] Паук A8 (4,3,3) → MINE (3,2,4)
  [Team A] Факел A4 → SKIP
  [Team B] Тишина B5 (1,5,6) → MOVE (2,4,6)
  [Team B] Бурав B6 (4,8,3) → MOVE (3,7,4)
  [Team C] Тишина C5 (3,3,3) → MOVE (4,2,3)
  [Team C] Бурав C6 (3,2,6) → MOVE (2,3,6)
! 🎮 GM: принудительно завершает фазу планирования
GM: end_planning
# 
============================================================
# 🔄 ОБРАБОТКА ХОДА 11
# ============================================================
!    ⚠️ Паук A8: в клетке уже стоит мина

📦 ПЕРЕМЕЩЕНИЯ:
!    ⚠️ Радиовышка A2: клетка (3,2,6) занята
!    ⚠️ Бурав A6: Бурав двигается только по 1 оси или по 2 осям строго диагонально
   Тишина B5: (1, 5, 6) → (2,4,6)
!    ⚠️ Бурав B6: Бурав двигается только по 1 оси или по 2 осям строго диагонально
!    ⚠️ Тишина C5: клетка (4,2,3) занята
✓    💥 Бурав C6 тараном уничтожил Радиовышка A2 в (2,3,6)
   Бурав C6: (3, 2, 6) → (2,3,6)

🎯 ВЫСТРЕЛЫ:
   Выпущено ракет: 1
# 
📊 РЕЗУЛЬТАТЫ ХОДА 11:
🎯 Попаданий нет

--- Результаты хода ---
  Team C / Бурав C6           → Team A / Радиовышка A2      @ (2,3,6)  (УБИТ)

--- Состояние команд после хода ---
  Team A: живых 4/8
    ✓ Артиллерия A1      @ (4,1,3) hp=1/1
    ✓ Факел A4           @ (4,2,3) hp=6/6
    ✓ Бурав A6           @ (5,3,5) hp=4/4
    ✓ Паук A8            @ (4,3,3) hp=1/1
    ✗ Радиовышка A2      @ (2,3,6) [уничтожен]
    ✗ Прыгун A3          @ (6,6,5) [уничтожен]
    ✗ Тишина A5          @ (4,8,3) [уничтожен]
    ✗ Провокатор A7      @ (4,9,3) [уничтожен]
  Team B: живых 2/8
    ✓ Тишина B5          @ (2,4,6) hp=2/2
    ✓ Бурав B6           @ (4,8,3) hp=4/4
    ✗ Артиллерия B1      @ (0,7,6) [уничтожен]
    ✗ Радиовышка B2      @ (3,1,6) [уничтожен]
    ✗ Прыгун B3          @ (5,3,5) [уничтожен]
    ✗ Факел B4           @ (0,5,6) [уничтожен]
    ✗ Провокатор B7      @ (2,1,6) [уничтожен]
    ✗ Паук B8            @ (4,2,6) [уничтожен]
  Team C: живых 2/8
    ✓ Тишина C5          @ (3,3,3) hp=2/2
    ✓ Бурав C6           @ (2,3,6) hp=2/4
    ✗ Артиллерия C1      @ (2,5,5) [уничтожен]
    ✗ Радиовышка C2      @ (3,0,5) [уничтожен]
    ✗ Прыгун C3          @ (5,3,5) [уничтожен]
    ✗ Факел C4           @ (5,3,5) [уничтожен]
    ✗ Провокатор C7      @ (6,6,5) [уничтожен]
    ✗ Паук C8            @ (5,1,5) [уничтожен]

======================================================================
ХОД 12
======================================================================
✓ 🎮 GM: начинаем ход
GM: start_turn

--- Радиовышки: сканирование слоя Z ---
  (у команд не осталось живых радиовышек)

--- Решения ботов ---
  [Team A] Артиллерия A1 (4,1,3) → SHOOT at (2,3,6)
  [Team A] Бурав A6 (5,3,5) → MOVE (4,3,6)
  [Team A] Паук A8 (4,3,3) → MINE (3,3,4)
  [Team A] Факел A4 → SKIP
  [Team B] Тишина B5 (2,4,6) → MOVE (2,3,6)
  [Team B] Бурав B6 (4,8,3) → MOVE (5,7,4)
  [Team C] Тишина C5 (3,3,3) → MOVE (4,2,3)
  [Team C] Бурав C6 (2,3,6) → MOVE (3,2,5)
! 🎮 GM: принудительно завершает фазу планирования
GM: end_planning
# 
============================================================
# 🔄 ОБРАБОТКА ХОДА 12
# ============================================================
   💣 Паук A8 установил мину M8 в (3,3,4)

📦 ПЕРЕМЕЩЕНИЯ:
   Бурав A6: (5, 3, 5) → (4,3,6)
!    ⚠️ Тишина B5: клетка (2,3,6) занята
!    ⚠️ Бурав B6: Бурав двигается только по 1 оси или по 2 осям строго диагонально
!    ⚠️ Тишина C5: клетка (4,2,3) занята
!    ⚠️ Бурав C6: Бурав двигается только по 1 оси или по 2 осям строго диагонально

🎯 ВЫСТРЕЛЫ:
✓    ✅ Артиллерия A1 поразил Бурав C6 (2 урона)!
   Выпущено ракет: 1
# 
📊 РЕЗУЛЬТАТЫ ХОДА 12:
✓ 💥 ПОПАДАНИЯ:
✓    Артиллерия A1 (Team A) → Бурав C6 (Team C)

--- Результаты хода ---
  Team A / Артиллерия A1      → Team C / Бурав C6           @ (2,3,6)  (УБИТ)

--- Состояние команд после хода ---
  Team A: живых 4/8
    ✓ Артиллерия A1      @ (4,1,3) hp=1/1
    ✓ Факел A4           @ (4,2,3) hp=6/6
    ✓ Бурав A6           @ (4,3,6) hp=4/4
    ✓ Паук A8            @ (4,3,3) hp=1/1
    ✗ Радиовышка A2      @ (2,3,6) [уничтожен]
    ✗ Прыгун A3          @ (6,6,5) [уничтожен]
    ✗ Тишина A5          @ (4,8,3) [уничтожен]
    ✗ Провокатор A7      @ (4,9,3) [уничтожен]
  Team B: живых 2/8
    ✓ Тишина B5          @ (2,4,6) hp=2/2
    ✓ Бурав B6           @ (4,8,3) hp=4/4
    ✗ Артиллерия B1      @ (0,7,6) [уничтожен]
    ✗ Радиовышка B2      @ (3,1,6) [уничтожен]
    ✗ Прыгун B3          @ (5,3,5) [уничтожен]
    ✗ Факел B4           @ (0,5,6) [уничтожен]
    ✗ Провокатор B7      @ (2,1,6) [уничтожен]
    ✗ Паук B8            @ (4,2,6) [уничтожен]
  Team C: живых 1/8
    ✓ Тишина C5          @ (3,3,3) hp=2/2
    ✗ Артиллерия C1      @ (2,5,5) [уничтожен]
    ✗ Радиовышка C2      @ (3,0,5) [уничтожен]
    ✗ Прыгун C3          @ (5,3,5) [уничтожен]
    ✗ Факел C4           @ (5,3,5) [уничтожен]
    ✗ Бурав C6           @ (2,3,6) [уничтожен]
    ✗ Провокатор C7      @ (6,6,5) [уничтожен]
    ✗ Паук C8            @ (5,1,5) [уничтожен]

======================================================================
ХОД 13
======================================================================
✓ 🎮 GM: начинаем ход
GM: start_turn

--- Радиовышки: сканирование слоя Z ---
  (у команд не осталось живых радиовышек)

--- Решения ботов ---
  [Team A] Артиллерия A1 (4,1,3) → SHOOT at (3,1,3)
  [Team A] Бурав A6 (4,3,6) → MOVE (3,4,6)
  [Team A] Паук A8 (4,3,3) → MOVE (3,4,4)
  [Team A] Факел A4 → SKIP
  [Team B] Тишина B5 (2,4,6) → MOVE (3,3,6)
  [Team B] Бурав B6 (4,8,3) → MOVE (4,7,4)
  [Team C] Тишина C5 (3,3,3) → MOVE (4,2,3)
! 🎮 GM: принудительно завершает фазу планирования
GM: end_planning
# 
============================================================
# 🔄 ОБРАБОТКА ХОДА 13
# ============================================================

📦 ПЕРЕМЕЩЕНИЯ:
   Бурав A6: (4, 3, 6) → (3,4,6)
   Паук A8: (4, 3, 3) → (3,4,4)
   Тишина B5: (2, 4, 6) → (3,3,6)
   Бурав B6: (4, 8, 3) → (4,7,4)
!    ⚠️ Тишина C5: клетка (4,2,3) занята

🎯 ВЫСТРЕЛЫ:
   Выпущено ракет: 1
# 
📊 РЕЗУЛЬТАТЫ ХОДА 13:
🎯 Попаданий нет

--- Результаты хода ---
  Попаданий нет

--- Состояние команд после хода ---
  Team A: живых 4/8
    ✓ Артиллерия A1      @ (4,1,3) hp=1/1
    ✓ Факел A4           @ (4,2,3) hp=6/6
    ✓ Бурав A6           @ (3,4,6) hp=4/4
    ✓ Паук A8            @ (3,4,4) hp=1/1
    ✗ Радиовышка A2      @ (2,3,6) [уничтожен]
    ✗ Прыгун A3          @ (6,6,5) [уничтожен]
    ✗ Тишина A5          @ (4,8,3) [уничтожен]
    ✗ Провокатор A7      @ (4,9,3) [уничтожен]
  Team B: живых 2/8
    ✓ Тишина B5          @ (3,3,6) hp=2/2
    ✓ Бурав B6           @ (4,7,4) hp=4/4
    ✗ Артиллерия B1      @ (0,7,6) [уничтожен]
    ✗ Радиовышка B2      @ (3,1,6) [уничтожен]
    ✗ Прыгун B3          @ (5,3,5) [уничтожен]
    ✗ Факел B4           @ (0,5,6) [уничтожен]
    ✗ Провокатор B7      @ (2,1,6) [уничтожен]
    ✗ Паук B8            @ (4,2,6) [уничтожен]
  Team C: живых 1/8
    ✓ Тишина C5          @ (3,3,3) hp=2/2
    ✗ Артиллерия C1      @ (2,5,5) [уничтожен]
    ✗ Радиовышка C2      @ (3,0,5) [уничтожен]
    ✗ Прыгун C3          @ (5,3,5) [уничтожен]
    ✗ Факел C4           @ (5,3,5) [уничтожен]
    ✗ Бурав C6           @ (2,3,6) [уничтожен]
    ✗ Провокатор C7      @ (6,6,5) [уничтожен]
    ✗ Паук C8            @ (5,1,5) [уничтожен]

======================================================================
ХОД 14
======================================================================
✓ 🎮 GM: начинаем ход
GM: start_turn

--- Радиовышки: сканирование слоя Z ---
  (у команд не осталось живых радиовышек)

--- Решения ботов ---
  [Team A] Артиллерия A1 (4,1,3) → SHOOT at (4,7,4)
  [Team A] Бурав A6 (3,4,6) → MOVE (4,5,5)
  [Team A] Паук A8 (3,4,4) → MINE (4,5,4)
  [Team A] Факел A4 → SKIP
  [Team B] Тишина B5 (3,3,6) → MOVE (3,4,6)
  [Team B] Бурав B6 (4,7,4) → MOVE (3,6,5)
  [Team C] Тишина C5 (3,3,3) → MOVE (4,2,3)
! 🎮 GM: принудительно завершает фазу планирования
GM: end_planning
# 
============================================================
# 🔄 ОБРАБОТКА ХОДА 14
# ============================================================
   💣 Паук A8 установил мину M9 в (4,5,4)

📦 ПЕРЕМЕЩЕНИЯ:
!    ⚠️ Бурав A6: Бурав двигается только по 1 оси или по 2 осям строго диагонально
!    ⚠️ Тишина B5: клетка (3,4,6) занята
!    ⚠️ Бурав B6: Бурав двигается только по 1 оси или по 2 осям строго диагонально
!    ⚠️ Тишина C5: клетка (4,2,3) занята

🎯 ВЫСТРЕЛЫ:
✓    ✅ Артиллерия A1 поразил Бурав B6 (2 урона)!
   Выпущено ракет: 1
# 
📊 РЕЗУЛЬТАТЫ ХОДА 14:
✓ 💥 ПОПАДАНИЯ:
✓    Артиллерия A1 (Team A) → Бурав B6 (Team B)

--- Результаты хода ---
  Team A / Артиллерия A1      → Team B / Бурав B6           @ (4,7,4)  (ранен)

--- Состояние команд после хода ---
  Team A: живых 4/8
    ✓ Артиллерия A1      @ (4,1,3) hp=1/1
    ✓ Факел A4           @ (4,2,3) hp=6/6
    ✓ Бурав A6           @ (3,4,6) hp=4/4
    ✓ Паук A8            @ (3,4,4) hp=1/1
    ✗ Радиовышка A2      @ (2,3,6) [уничтожен]
    ✗ Прыгун A3          @ (6,6,5) [уничтожен]
    ✗ Тишина A5          @ (4,8,3) [уничтожен]
    ✗ Провокатор A7      @ (4,9,3) [уничтожен]
  Team B: живых 2/8
    ✓ Тишина B5          @ (3,3,6) hp=2/2
    ✓ Бурав B6           @ (4,7,4) hp=2/4
    ✗ Артиллерия B1      @ (0,7,6) [уничтожен]
    ✗ Радиовышка B2      @ (3,1,6) [уничтожен]
    ✗ Прыгун B3          @ (5,3,5) [уничтожен]
    ✗ Факел B4           @ (0,5,6) [уничтожен]
    ✗ Провокатор B7      @ (2,1,6) [уничтожен]
    ✗ Паук B8            @ (4,2,6) [уничтожен]
  Team C: живых 1/8
    ✓ Тишина C5          @ (3,3,3) hp=2/2
    ✗ Артиллерия C1      @ (2,5,5) [уничтожен]
    ✗ Радиовышка C2      @ (3,0,5) [уничтожен]
    ✗ Прыгун C3          @ (5,3,5) [уничтожен]
    ✗ Факел C4           @ (5,3,5) [уничтожен]
    ✗ Бурав C6           @ (2,3,6) [уничтожен]
    ✗ Провокатор C7      @ (6,6,5) [уничтожен]
    ✗ Паук C8            @ (5,1,5) [уничтожен]

======================================================================
ХОД 15
======================================================================
✓ 🎮 GM: начинаем ход
GM: start_turn

--- Радиовышки: сканирование слоя Z ---
  (у команд не осталось живых радиовышек)

--- Решения ботов ---
  [Team A] Артиллерия A1 (4,1,3) → SHOOT at (4,7,4)
  [Team A] Бурав A6 (3,4,6) → MOVE (4,5,5)
  [Team A] Паук A8 (3,4,4) → MINE (4,5,4)
  [Team A] Факел A4 → SKIP
  [Team B] Тишина B5 (3,3,6) → MOVE (3,4,6)
  [Team B] Бурав B6 (4,7,4) → MOVE (3,6,5)
  [Team C] Тишина C5 (3,3,3) → MOVE (4,2,3)
! 🎮 GM: принудительно завершает фазу планирования
GM: end_planning
# 
============================================================
# 🔄 ОБРАБОТКА ХОДА 15
# ============================================================
!    ⚠️ Паук A8: в клетке уже стоит мина

📦 ПЕРЕМЕЩЕНИЯ:
!    ⚠️ Бурав A6: Бурав двигается только по 1 оси или по 2 осям строго диагонально
!    ⚠️ Тишина B5: клетка (3,4,6) занята
!    ⚠️ Бурав B6: Бурав двигается только по 1 оси или по 2 осям строго диагонально
!    ⚠️ Тишина C5: клетка (4,2,3) занята

🎯 ВЫСТРЕЛЫ:
✓    ✅ Артиллерия A1 поразил Бурав B6 (2 урона)!
   Выпущено ракет: 1
# 
📊 РЕЗУЛЬТАТЫ ХОДА 15:
✓ 💥 ПОПАДАНИЯ:
✓    Артиллерия A1 (Team A) → Бурав B6 (Team B)

--- Результаты хода ---
  Team A / Артиллерия A1      → Team B / Бурав B6           @ (4,7,4)  (УБИТ)

--- Состояние команд после хода ---
  Team A: живых 4/8
    ✓ Артиллерия A1      @ (4,1,3) hp=1/1
    ✓ Факел A4           @ (4,2,3) hp=6/6
    ✓ Бурав A6           @ (3,4,6) hp=4/4
    ✓ Паук A8            @ (3,4,4) hp=1/1
    ✗ Радиовышка A2      @ (2,3,6) [уничтожен]
    ✗ Прыгун A3          @ (6,6,5) [уничтожен]
    ✗ Тишина A5          @ (4,8,3) [уничтожен]
    ✗ Провокатор A7      @ (4,9,3) [уничтожен]
  Team B: живых 1/8
    ✓ Тишина B5          @ (3,3,6) hp=2/2
    ✗ Артиллерия B1      @ (0,7,6) [уничтожен]
    ✗ Радиовышка B2      @ (3,1,6) [уничтожен]
    ✗ Прыгун B3          @ (5,3,5) [уничтожен]
    ✗ Факел B4           @ (0,5,6) [уничтожен]
    ✗ Бурав B6           @ (4,7,4) [уничтожен]
    ✗ Провокатор B7      @ (2,1,6) [уничтожен]
    ✗ Паук B8            @ (4,2,6) [уничтожен]
  Team C: живых 1/8
    ✓ Тишина C5          @ (3,3,3) hp=2/2
    ✗ Артиллерия C1      @ (2,5,5) [уничтожен]
    ✗ Радиовышка C2      @ (3,0,5) [уничтожен]
    ✗ Прыгун C3          @ (5,3,5) [уничтожен]
    ✗ Факел C4           @ (5,3,5) [уничтожен]
    ✗ Бурав C6           @ (2,3,6) [уничтожен]
    ✗ Провокатор C7      @ (6,6,5) [уничтожен]
    ✗ Паук C8            @ (5,1,5) [уничтожен]

======================================================================
ХОД 16
======================================================================
✓ 🎮 GM: начинаем ход
GM: start_turn

--- Радиовышки: сканирование слоя Z ---
  (у команд не осталось живых радиовышек)

--- Решения ботов ---
  [Team A] Артиллерия A1 (4,1,3) → SHOOT at (4,1,4)
  [Team A] Бурав A6 (3,4,6) → MOVE (2,5,6)
  [Team A] Паук A8 (3,4,4) → MOVE (2,5,5)
  [Team A] Факел A4 → SKIP
  [Team B] Тишина B5 (3,3,6) → MOVE (3,4,6)
  [Team C] Тишина C5 (3,3,3) → MOVE (4,2,3)
! 🎮 GM: принудительно завершает фазу планирования
GM: end_planning
# 
============================================================
# 🔄 ОБРАБОТКА ХОДА 16
# ============================================================

📦 ПЕРЕМЕЩЕНИЯ:
   Бурав A6: (3, 4, 6) → (2,5,6)
   Паук A8: (3, 4, 4) → (2,5,5)
   Тишина B5: (3, 3, 6) → (3,4,6)
!    ⚠️ Тишина C5: клетка (4,2,3) занята

🎯 ВЫСТРЕЛЫ:
   Выпущено ракет: 1
# 
📊 РЕЗУЛЬТАТЫ ХОДА 16:
🎯 Попаданий нет

--- Результаты хода ---
  Попаданий нет

--- Состояние команд после хода ---
  Team A: живых 4/8
    ✓ Артиллерия A1      @ (4,1,3) hp=1/1
    ✓ Факел A4           @ (4,2,3) hp=6/6
    ✓ Бурав A6           @ (2,5,6) hp=4/4
    ✓ Паук A8            @ (2,5,5) hp=1/1
    ✗ Радиовышка A2      @ (2,3,6) [уничтожен]
    ✗ Прыгун A3          @ (6,6,5) [уничтожен]
    ✗ Тишина A5          @ (4,8,3) [уничтожен]
    ✗ Провокатор A7      @ (4,9,3) [уничтожен]
  Team B: живых 1/8
    ✓ Тишина B5          @ (3,4,6) hp=2/2
    ✗ Артиллерия B1      @ (0,7,6) [уничтожен]
    ✗ Радиовышка B2      @ (3,1,6) [уничтожен]
    ✗ Прыгун B3          @ (5,3,5) [уничтожен]
    ✗ Факел B4           @ (0,5,6) [уничтожен]
    ✗ Бурав B6           @ (4,7,4) [уничтожен]
    ✗ Провокатор B7      @ (2,1,6) [уничтожен]
    ✗ Паук B8            @ (4,2,6) [уничтожен]
  Team C: живых 1/8
    ✓ Тишина C5          @ (3,3,3) hp=2/2
    ✗ Артиллерия C1      @ (2,5,5) [уничтожен]
    ✗ Радиовышка C2      @ (3,0,5) [уничтожен]
    ✗ Прыгун C3          @ (5,3,5) [уничтожен]
    ✗ Факел C4           @ (5,3,5) [уничтожен]
    ✗ Бурав C6           @ (2,3,6) [уничтожен]
    ✗ Провокатор C7      @ (6,6,5) [уничтожен]
    ✗ Паук C8            @ (5,1,5) [уничтожен]

======================================================================
ХОД 17
======================================================================
✓ 🎮 GM: начинаем ход
GM: start_turn

--- Радиовышки: сканирование слоя Z ---
  (у команд не осталось живых радиовышек)

--- Решения ботов ---
  [Team A] Артиллерия A1 (4,1,3) → SHOOT at (4,9,5)
  [Team A] Бурав A6 (2,5,6) → MOVE (3,5,5)
  [Team A] Факел A4 → SKIP
  [Team A] Паук A8 → SKIP
  [Team B] Тишина B5 (3,4,6) → MOVE (2,5,6)
  [Team C] Тишина C5 (3,3,3) → MOVE (4,2,3)
! 🎮 GM: принудительно завершает фазу планирования
GM: end_planning
# 
============================================================
# 🔄 ОБРАБОТКА ХОДА 17
# ============================================================

📦 ПЕРЕМЕЩЕНИЯ:
   Бурав A6: (2, 5, 6) → (3,5,5)
   Тишина B5: (3, 4, 6) → (2,5,6)
!    ⚠️ Тишина C5: клетка (4,2,3) занята

🎯 ВЫСТРЕЛЫ:
   Выпущено ракет: 1
# 
📊 РЕЗУЛЬТАТЫ ХОДА 17:
🎯 Попаданий нет

--- Результаты хода ---
  Попаданий нет

--- Состояние команд после хода ---
  Team A: живых 4/8
    ✓ Артиллерия A1      @ (4,1,3) hp=1/1
    ✓ Факел A4           @ (4,2,3) hp=6/6
    ✓ Бурав A6           @ (3,5,5) hp=4/4
    ✓ Паук A8            @ (2,5,5) hp=1/1
    ✗ Радиовышка A2      @ (2,3,6) [уничтожен]
    ✗ Прыгун A3          @ (6,6,5) [уничтожен]
    ✗ Тишина A5          @ (4,8,3) [уничтожен]
    ✗ Провокатор A7      @ (4,9,3) [уничтожен]
  Team B: живых 1/8
    ✓ Тишина B5          @ (2,5,6) hp=2/2
    ✗ Артиллерия B1      @ (0,7,6) [уничтожен]
    ✗ Радиовышка B2      @ (3,1,6) [уничтожен]
    ✗ Прыгун B3          @ (5,3,5) [уничтожен]
    ✗ Факел B4           @ (0,5,6) [уничтожен]
    ✗ Бурав B6           @ (4,7,4) [уничтожен]
    ✗ Провокатор B7      @ (2,1,6) [уничтожен]
    ✗ Паук B8            @ (4,2,6) [уничтожен]
  Team C: живых 1/8
    ✓ Тишина C5          @ (3,3,3) hp=2/2
    ✗ Артиллерия C1      @ (2,5,5) [уничтожен]
    ✗ Радиовышка C2      @ (3,0,5) [уничтожен]
    ✗ Прыгун C3          @ (5,3,5) [уничтожен]
    ✗ Факел C4           @ (5,3,5) [уничтожен]
    ✗ Бурав C6           @ (2,3,6) [уничтожен]
    ✗ Провокатор C7      @ (6,6,5) [уничтожен]
    ✗ Паук C8            @ (5,1,5) [уничтожен]

======================================================================
ХОД 18
======================================================================
✓ 🎮 GM: начинаем ход
GM: start_turn

--- Радиовышки: сканирование слоя Z ---
  (у команд не осталось живых радиовышек)

--- Решения ботов ---
  [Team A] Артиллерия A1 (4,1,3) → SHOOT at (9,4,8)
  [Team A] Бурав A6 (3,5,5) → MOVE (4,5,5)
  [Team A] Факел A4 → SKIP
  [Team A] Паук A8 → SKIP
  [Team B] Тишина B5 (2,5,6) → MOVE (3,5,5)
  [Team C] Тишина C5 (3,3,3) → MOVE (4,2,3)
! 🎮 GM: принудительно завершает фазу планирования
GM: end_planning
# 
============================================================
# 🔄 ОБРАБОТКА ХОДА 18
# ============================================================

📦 ПЕРЕМЕЩЕНИЯ:
   Бурав A6: (3, 5, 5) → (4,5,5)
   Тишина B5: (2, 5, 6) → (3,5,5)
!    ⚠️ Тишина C5: клетка (4,2,3) занята

🎯 ВЫСТРЕЛЫ:
   Выпущено ракет: 1
# 
📊 РЕЗУЛЬТАТЫ ХОДА 18:
🎯 Попаданий нет

--- Результаты хода ---
  Попаданий нет

--- Состояние команд после хода ---
  Team A: живых 4/8
    ✓ Артиллерия A1      @ (4,1,3) hp=1/1
    ✓ Факел A4           @ (4,2,3) hp=6/6
    ✓ Бурав A6           @ (4,5,5) hp=4/4
    ✓ Паук A8            @ (2,5,5) hp=1/1
    ✗ Радиовышка A2      @ (2,3,6) [уничтожен]
    ✗ Прыгун A3          @ (6,6,5) [уничтожен]
    ✗ Тишина A5          @ (4,8,3) [уничтожен]
    ✗ Провокатор A7      @ (4,9,3) [уничтожен]
  Team B: живых 1/8
    ✓ Тишина B5          @ (3,5,5) hp=2/2
    ✗ Артиллерия B1      @ (0,7,6) [уничтожен]
    ✗ Радиовышка B2      @ (3,1,6) [уничтожен]
    ✗ Прыгун B3          @ (5,3,5) [уничтожен]
    ✗ Факел B4           @ (0,5,6) [уничтожен]
    ✗ Бурав B6           @ (4,7,4) [уничтожен]
    ✗ Провокатор B7      @ (2,1,6) [уничтожен]
    ✗ Паук B8            @ (4,2,6) [уничтожен]
  Team C: живых 1/8
    ✓ Тишина C5          @ (3,3,3) hp=2/2
    ✗ Артиллерия C1      @ (2,5,5) [уничтожен]
    ✗ Радиовышка C2      @ (3,0,5) [уничтожен]
    ✗ Прыгун C3          @ (5,3,5) [уничтожен]
    ✗ Факел C4           @ (5,3,5) [уничтожен]
    ✗ Бурав C6           @ (2,3,6) [уничтожен]
    ✗ Провокатор C7      @ (6,6,5) [уничтожен]
    ✗ Паук C8            @ (5,1,5) [уничтожен]

======================================================================
ХОД 19
======================================================================
✓ 🎮 GM: начинаем ход
GM: start_turn

--- Радиовышки: сканирование слоя Z ---
  (у команд не осталось живых радиовышек)

--- Решения ботов ---
  [Team A] Артиллерия A1 (4,1,3) → SHOOT at (9,4,8)
  [Team A] Бурав A6 (4,5,5) → MOVE (5,5,5)
  [Team A] Паук A8 (2,5,5) → MOVE (3,5,5)
  [Team A] Факел A4 → SKIP
  [Team B] Тишина B5 (3,5,5) → MOVE (4,5,5)
  [Team C] Тишина C5 (3,3,3) → MOVE (4,2,3)
! 🎮 GM: принудительно завершает фазу планирования
GM: end_planning
# 
============================================================
# 🔄 ОБРАБОТКА ХОДА 19
# ============================================================

📦 ПЕРЕМЕЩЕНИЯ:
   Бурав A6: (4, 5, 5) → (5,5,5)
   Паук A8: (2, 5, 5) → (3,5,5)
   Тишина B5: (3, 5, 5) → (4,5,5)
!    ⚠️ Тишина C5: клетка (4,2,3) занята

🎯 ВЫСТРЕЛЫ:
   Выпущено ракет: 1
# 
📊 РЕЗУЛЬТАТЫ ХОДА 19:
🎯 Попаданий нет

--- Результаты хода ---
  Попаданий нет

--- Состояние команд после хода ---
  Team A: живых 4/8
    ✓ Артиллерия A1      @ (4,1,3) hp=1/1
    ✓ Факел A4           @ (4,2,3) hp=6/6
    ✓ Бурав A6           @ (5,5,5) hp=4/4
    ✓ Паук A8            @ (3,5,5) hp=1/1
    ✗ Радиовышка A2      @ (2,3,6) [уничтожен]
    ✗ Прыгун A3          @ (6,6,5) [уничтожен]
    ✗ Тишина A5          @ (4,8,3) [уничтожен]
    ✗ Провокатор A7      @ (4,9,3) [уничтожен]
  Team B: живых 1/8
    ✓ Тишина B5          @ (4,5,5) hp=2/2
    ✗ Артиллерия B1      @ (0,7,6) [уничтожен]
    ✗ Радиовышка B2      @ (3,1,6) [уничтожен]
    ✗ Прыгун B3          @ (5,3,5) [уничтожен]
    ✗ Факел B4           @ (0,5,6) [уничтожен]
    ✗ Бурав B6           @ (4,7,4) [уничтожен]
    ✗ Провокатор B7      @ (2,1,6) [уничтожен]
    ✗ Паук B8            @ (4,2,6) [уничтожен]
  Team C: живых 1/8
    ✓ Тишина C5          @ (3,3,3) hp=2/2
    ✗ Артиллерия C1      @ (2,5,5) [уничтожен]
    ✗ Радиовышка C2      @ (3,0,5) [уничтожен]
    ✗ Прыгун C3          @ (5,3,5) [уничтожен]
    ✗ Факел C4           @ (5,3,5) [уничтожен]
    ✗ Бурав C6           @ (2,3,6) [уничтожен]
    ✗ Провокатор C7      @ (6,6,5) [уничтожен]
    ✗ Паук C8            @ (5,1,5) [уничтожен]

======================================================================
ХОД 20
======================================================================
✓ 🎮 GM: начинаем ход
GM: start_turn

--- Радиовышки: сканирование слоя Z ---
  (у команд не осталось живых радиовышек)

--- Решения ботов ---
  [Team A] Артиллерия A1 (4,1,3) → SHOOT at (4,9,4)
  [Team A] Паук A8 (3,5,5) → MOVE (4,5,5)
  [Team A] Факел A4 → SKIP
  [Team A] Бурав A6 → SKIP
  [Team B] Тишина B5 (4,5,5) → MOVE (5,5,5)
  [Team C] Тишина C5 (3,3,3) → MOVE (4,2,3)
! 🎮 GM: принудительно завершает фазу планирования
GM: end_planning
# 
============================================================
# 🔄 ОБРАБОТКА ХОДА 20
# ============================================================

📦 ПЕРЕМЕЩЕНИЯ:
   Паук A8: (3, 5, 5) → (4,5,5)
!    ⚠️ Тишина B5: клетка (5,5,5) занята
!    ⚠️ Тишина C5: клетка (4,2,3) занята

🎯 ВЫСТРЕЛЫ:
   Выпущено ракет: 1
# 
📊 РЕЗУЛЬТАТЫ ХОДА 20:
🎯 Попаданий нет

--- Результаты хода ---
  Попаданий нет

--- Состояние команд после хода ---
  Team A: живых 4/8
    ✓ Артиллерия A1      @ (4,1,3) hp=1/1
    ✓ Факел A4           @ (4,2,3) hp=6/6
    ✓ Бурав A6           @ (5,5,5) hp=4/4
    ✓ Паук A8            @ (4,5,5) hp=1/1
    ✗ Радиовышка A2      @ (2,3,6) [уничтожен]
    ✗ Прыгун A3          @ (6,6,5) [уничтожен]
    ✗ Тишина A5          @ (4,8,3) [уничтожен]
    ✗ Провокатор A7      @ (4,9,3) [уничтожен]
  Team B: живых 1/8
    ✓ Тишина B5          @ (4,5,5) hp=2/2
    ✗ Артиллерия B1      @ (0,7,6) [уничтожен]
    ✗ Радиовышка B2      @ (3,1,6) [уничтожен]
    ✗ Прыгун B3          @ (5,3,5) [уничтожен]
    ✗ Факел B4           @ (0,5,6) [уничтожен]
    ✗ Бурав B6           @ (4,7,4) [уничтожен]
    ✗ Провокатор B7      @ (2,1,6) [уничтожен]
    ✗ Паук B8            @ (4,2,6) [уничтожен]
  Team C: живых 1/8
    ✓ Тишина C5          @ (3,3,3) hp=2/2
    ✗ Артиллерия C1      @ (2,5,5) [уничтожен]
    ✗ Радиовышка C2      @ (3,0,5) [уничтожен]
    ✗ Прыгун C3          @ (5,3,5) [уничтожен]
    ✗ Факел C4           @ (5,3,5) [уничтожен]
    ✗ Бурав C6           @ (2,3,6) [уничтожен]
    ✗ Провокатор C7      @ (6,6,5) [уничтожен]
    ✗ Паук C8            @ (5,1,5) [уничтожен]

======================================================================
ХОД 21
======================================================================
✓ 🎮 GM: начинаем ход
GM: start_turn

--- Радиовышки: сканирование слоя Z ---
  (у команд не осталось живых радиовышек)

--- Решения ботов ---
  [Team A] Артиллерия A1 (4,1,3) → SHOOT at (9,9,8)
  [Team A] Факел A4 → SKIP
  [Team A] Паук A8 → SKIP
  [Team A] Бурав A6 → SKIP
  [Team B] все корабли пропускают ход
  [Team C] Тишина C5 (3,3,3) → MOVE (4,2,3)
! 🎮 GM: принудительно завершает фазу планирования
GM: end_planning
# 
============================================================
# 🔄 ОБРАБОТКА ХОДА 21
# ============================================================

📦 ПЕРЕМЕЩЕНИЯ:
!    ⚠️ Тишина C5: клетка (4,2,3) занята

🎯 ВЫСТРЕЛЫ:
   Выпущено ракет: 1
# 
📊 РЕЗУЛЬТАТЫ ХОДА 21:
🎯 Попаданий нет

--- Результаты хода ---
  Попаданий нет

--- Состояние команд после хода ---
  Team A: живых 4/8
    ✓ Артиллерия A1      @ (4,1,3) hp=1/1
    ✓ Факел A4           @ (4,2,3) hp=6/6
    ✓ Бурав A6           @ (5,5,5) hp=4/4
    ✓ Паук A8            @ (4,5,5) hp=1/1
    ✗ Радиовышка A2      @ (2,3,6) [уничтожен]
    ✗ Прыгун A3          @ (6,6,5) [уничтожен]
    ✗ Тишина A5          @ (4,8,3) [уничтожен]
    ✗ Провокатор A7      @ (4,9,3) [уничтожен]
  Team B: живых 1/8
    ✓ Тишина B5          @ (4,5,5) hp=2/2
    ✗ Артиллерия B1      @ (0,7,6) [уничтожен]
    ✗ Радиовышка B2      @ (3,1,6) [уничтожен]
    ✗ Прыгун B3          @ (5,3,5) [уничтожен]
    ✗ Факел B4           @ (0,5,6) [уничтожен]
    ✗ Бурав B6           @ (4,7,4) [уничтожен]
    ✗ Провокатор B7      @ (2,1,6) [уничтожен]
    ✗ Паук B8            @ (4,2,6) [уничтожен]
  Team C: живых 1/8
    ✓ Тишина C5          @ (3,3,3) hp=2/2
    ✗ Артиллерия C1      @ (2,5,5) [уничтожен]
    ✗ Радиовышка C2      @ (3,0,5) [уничтожен]
    ✗ Прыгун C3          @ (5,3,5) [уничтожен]
    ✗ Факел C4           @ (5,3,5) [уничтожен]
    ✗ Бурав C6           @ (2,3,6) [уничтожен]
    ✗ Провокатор C7      @ (6,6,5) [уничтожен]
    ✗ Паук C8            @ (5,1,5) [уничтожен]

======================================================================
ХОД 22
======================================================================
✓ 🎮 GM: начинаем ход
GM: start_turn

--- Радиовышки: сканирование слоя Z ---
  (у команд не осталось живых радиовышек)

--- Решения ботов ---
  [Team A] Артиллерия A1 (4,1,3) → SHOOT at (7,9,4)
  [Team A] Факел A4 → SKIP
  [Team A] Паук A8 → SKIP
  [Team A] Бурав A6 → SKIP
  [Team B] все корабли пропускают ход
  [Team C] Тишина C5 (3,3,3) → MOVE (4,2,3)
! 🎮 GM: принудительно завершает фазу планирования
GM: end_planning
# 
============================================================
# 🔄 ОБРАБОТКА ХОДА 22
# ============================================================

📦 ПЕРЕМЕЩЕНИЯ:
!    ⚠️ Тишина C5: клетка (4,2,3) занята

🎯 ВЫСТРЕЛЫ:
   Выпущено ракет: 1
# 
📊 РЕЗУЛЬТАТЫ ХОДА 22:
🎯 Попаданий нет

--- Результаты хода ---
  Попаданий нет

--- Состояние команд после хода ---
  Team A: живых 4/8
    ✓ Артиллерия A1      @ (4,1,3) hp=1/1
    ✓ Факел A4           @ (4,2,3) hp=6/6
    ✓ Бурав A6           @ (5,5,5) hp=4/4
    ✓ Паук A8            @ (4,5,5) hp=1/1
    ✗ Радиовышка A2      @ (2,3,6) [уничтожен]
    ✗ Прыгун A3          @ (6,6,5) [уничтожен]
    ✗ Тишина A5          @ (4,8,3) [уничтожен]
    ✗ Провокатор A7      @ (4,9,3) [уничтожен]
  Team B: живых 1/8
    ✓ Тишина B5          @ (4,5,5) hp=2/2
    ✗ Артиллерия B1      @ (0,7,6) [уничтожен]
    ✗ Радиовышка B2      @ (3,1,6) [уничтожен]
    ✗ Прыгун B3          @ (5,3,5) [уничтожен]
    ✗ Факел B4           @ (0,5,6) [уничтожен]
    ✗ Бурав B6           @ (4,7,4) [уничтожен]
    ✗ Провокатор B7      @ (2,1,6) [уничтожен]
    ✗ Паук B8            @ (4,2,6) [уничтожен]
  Team C: живых 1/8
    ✓ Тишина C5          @ (3,3,3) hp=2/2
    ✗ Артиллерия C1      @ (2,5,5) [уничтожен]
    ✗ Радиовышка C2      @ (3,0,5) [уничтожен]
    ✗ Прыгун C3          @ (5,3,5) [уничтожен]
    ✗ Факел C4           @ (5,3,5) [уничтожен]
    ✗ Бурав C6           @ (2,3,6) [уничтожен]
    ✗ Провокатор C7      @ (6,6,5) [уничтожен]
    ✗ Паук C8            @ (5,1,5) [уничтожен]

======================================================================
ХОД 23
======================================================================
✓ 🎮 GM: начинаем ход
GM: start_turn

--- Радиовышки: сканирование слоя Z ---
  (у команд не осталось живых радиовышек)

--- Решения ботов ---
  [Team A] Артиллерия A1 (4,1,3) → SHOOT at (4,9,5)
  [Team A] Факел A4 → SKIP
  [Team A] Паук A8 → SKIP
  [Team A] Бурав A6 → SKIP
  [Team B] все корабли пропускают ход
  [Team C] Тишина C5 (3,3,3) → MOVE (4,2,3)
! 🎮 GM: принудительно завершает фазу планирования
GM: end_planning
# 
============================================================
# 🔄 ОБРАБОТКА ХОДА 23
# ============================================================

📦 ПЕРЕМЕЩЕНИЯ:
!    ⚠️ Тишина C5: клетка (4,2,3) занята

🎯 ВЫСТРЕЛЫ:
   Выпущено ракет: 1
# 
📊 РЕЗУЛЬТАТЫ ХОДА 23:
🎯 Попаданий нет

--- Результаты хода ---
  Попаданий нет

--- Состояние команд после хода ---
  Team A: живых 4/8
    ✓ Артиллерия A1      @ (4,1,3) hp=1/1
    ✓ Факел A4           @ (4,2,3) hp=6/6
    ✓ Бурав A6           @ (5,5,5) hp=4/4
    ✓ Паук A8            @ (4,5,5) hp=1/1
    ✗ Радиовышка A2      @ (2,3,6) [уничтожен]
    ✗ Прыгун A3          @ (6,6,5) [уничтожен]
    ✗ Тишина A5          @ (4,8,3) [уничтожен]
    ✗ Провокатор A7      @ (4,9,3) [уничтожен]
  Team B: живых 1/8
    ✓ Тишина B5          @ (4,5,5) hp=2/2
    ✗ Артиллерия B1      @ (0,7,6) [уничтожен]
    ✗ Радиовышка B2      @ (3,1,6) [уничтожен]
    ✗ Прыгун B3          @ (5,3,5) [уничтожен]
    ✗ Факел B4           @ (0,5,6) [уничтожен]
    ✗ Бурав B6           @ (4,7,4) [уничтожен]
    ✗ Провокатор B7      @ (2,1,6) [уничтожен]
    ✗ Паук B8            @ (4,2,6) [уничтожен]
  Team C: живых 1/8
    ✓ Тишина C5          @ (3,3,3) hp=2/2
    ✗ Артиллерия C1      @ (2,5,5) [уничтожен]
    ✗ Радиовышка C2      @ (3,0,5) [уничтожен]
    ✗ Прыгун C3          @ (5,3,5) [уничтожен]
    ✗ Факел C4           @ (5,3,5) [уничтожен]
    ✗ Бурав C6           @ (2,3,6) [уничтожен]
    ✗ Провокатор C7      @ (6,6,5) [уничтожен]
    ✗ Паук C8            @ (5,1,5) [уничтожен]

======================================================================
ХОД 24
======================================================================
✓ 🎮 GM: начинаем ход
GM: start_turn

--- Радиовышки: сканирование слоя Z ---
  (у команд не осталось живых радиовышек)

--- Решения ботов ---
  [Team A] Артиллерия A1 (4,1,3) → SHOOT at (7,9,4)
  [Team A] Факел A4 → SKIP
  [Team A] Паук A8 → SKIP
  [Team A] Бурав A6 → SKIP
  [Team B] все корабли пропускают ход
  [Team C] Тишина C5 (3,3,3) → MOVE (4,2,3)
! 🎮 GM: принудительно завершает фазу планирования
GM: end_planning
# 
============================================================
# 🔄 ОБРАБОТКА ХОДА 24
# ============================================================

📦 ПЕРЕМЕЩЕНИЯ:
!    ⚠️ Тишина C5: клетка (4,2,3) занята

🎯 ВЫСТРЕЛЫ:
   Выпущено ракет: 1
# 
📊 РЕЗУЛЬТАТЫ ХОДА 24:
🎯 Попаданий нет

--- Результаты хода ---
  Попаданий нет

--- Состояние команд после хода ---
  Team A: живых 4/8
    ✓ Артиллерия A1      @ (4,1,3) hp=1/1
    ✓ Факел A4           @ (4,2,3) hp=6/6
    ✓ Бурав A6           @ (5,5,5) hp=4/4
    ✓ Паук A8            @ (4,5,5) hp=1/1
    ✗ Радиовышка A2      @ (2,3,6) [уничтожен]
    ✗ Прыгун A3          @ (6,6,5) [уничтожен]
    ✗ Тишина A5          @ (4,8,3) [уничтожен]
    ✗ Провокатор A7      @ (4,9,3) [уничтожен]
  Team B: живых 1/8
    ✓ Тишина B5          @ (4,5,5) hp=2/2
    ✗ Артиллерия B1      @ (0,7,6) [уничтожен]
    ✗ Радиовышка B2      @ (3,1,6) [уничтожен]
    ✗ Прыгун B3          @ (5,3,5) [уничтожен]
    ✗ Факел B4           @ (0,5,6) [уничтожен]
    ✗ Бурав B6           @ (4,7,4) [уничтожен]
    ✗ Провокатор B7      @ (2,1,6) [уничтожен]
    ✗ Паук B8            @ (4,2,6) [уничтожен]
  Team C: живых 1/8
    ✓ Тишина C5          @ (3,3,3) hp=2/2
    ✗ Артиллерия C1      @ (2,5,5) [уничтожен]
    ✗ Радиовышка C2      @ (3,0,5) [уничтожен]
    ✗ Прыгун C3          @ (5,3,5) [уничтожен]
    ✗ Факел C4           @ (5,3,5) [уничтожен]
    ✗ Бурав C6           @ (2,3,6) [уничтожен]
    ✗ Провокатор C7      @ (6,6,5) [уничтожен]
    ✗ Паук C8            @ (5,1,5) [уничтожен]

======================================================================
ХОД 25
======================================================================
✓ 🎮 GM: начинаем ход
GM: start_turn

--- Радиовышки: сканирование слоя Z ---
  (у команд не осталось живых радиовышек)

--- Решения ботов ---
  [Team A] Артиллерия A1 (4,1,3) → SHOOT at (4,9,4)
  [Team A] Факел A4 → SKIP
  [Team A] Паук A8 → SKIP
  [Team A] Бурав A6 → SKIP
  [Team B] все корабли пропускают ход
  [Team C] Тишина C5 (3,3,3) → MOVE (4,2,3)
! 🎮 GM: принудительно завершает фазу планирования
GM: end_planning
# 
============================================================
# 🔄 ОБРАБОТКА ХОДА 25
# ============================================================

📦 ПЕРЕМЕЩЕНИЯ:
!    ⚠️ Тишина C5: клетка (4,2,3) занята

🎯 ВЫСТРЕЛЫ:
   Выпущено ракет: 1
# 
📊 РЕЗУЛЬТАТЫ ХОДА 25:
🎯 Попаданий нет

--- Результаты хода ---
  Попаданий нет

--- Состояние команд после хода ---
  Team A: живых 4/8
    ✓ Артиллерия A1      @ (4,1,3) hp=1/1
    ✓ Факел A4           @ (4,2,3) hp=6/6
    ✓ Бурав A6           @ (5,5,5) hp=4/4
    ✓ Паук A8            @ (4,5,5) hp=1/1
    ✗ Радиовышка A2      @ (2,3,6) [уничтожен]
    ✗ Прыгун A3          @ (6,6,5) [уничтожен]
    ✗ Тишина A5          @ (4,8,3) [уничтожен]
    ✗ Провокатор A7      @ (4,9,3) [уничтожен]
  Team B: живых 1/8
    ✓ Тишина B5          @ (4,5,5) hp=2/2
    ✗ Артиллерия B1      @ (0,7,6) [уничтожен]
    ✗ Радиовышка B2      @ (3,1,6) [уничтожен]
    ✗ Прыгун B3          @ (5,3,5) [уничтожен]
    ✗ Факел B4           @ (0,5,6) [уничтожен]
    ✗ Бурав B6           @ (4,7,4) [уничтожен]
    ✗ Провокатор B7      @ (2,1,6) [уничтожен]
    ✗ Паук B8            @ (4,2,6) [уничтожен]
  Team C: живых 1/8
    ✓ Тишина C5          @ (3,3,3) hp=2/2
    ✗ Артиллерия C1      @ (2,5,5) [уничтожен]
    ✗ Радиовышка C2      @ (3,0,5) [уничтожен]
    ✗ Прыгун C3          @ (5,3,5) [уничтожен]
    ✗ Факел C4           @ (5,3,5) [уничтожен]
    ✗ Бурав C6           @ (2,3,6) [уничтожен]
    ✗ Провокатор C7      @ (6,6,5) [уничтожен]
    ✗ Паук C8            @ (5,1,5) [уничтожен]

======================================================================
ХОД 26
======================================================================
✓ 🎮 GM: начинаем ход
GM: start_turn

--- Радиовышки: сканирование слоя Z ---
  (у команд не осталось живых радиовышек)

--- Решения ботов ---
  [Team A] Артиллерия A1 (4,1,3) → SHOOT at (4,9,5)
  [Team A] Факел A4 → SKIP
  [Team A] Паук A8 → SKIP
  [Team A] Бурав A6 → SKIP
  [Team B] все корабли пропускают ход
  [Team C] Тишина C5 (3,3,3) → MOVE (4,2,3)
! 🎮 GM: принудительно завершает фазу планирования
GM: end_planning
# 
============================================================
# 🔄 ОБРАБОТКА ХОДА 26
# ============================================================

📦 ПЕРЕМЕЩЕНИЯ:
!    ⚠️ Тишина C5: клетка (4,2,3) занята

🎯 ВЫСТРЕЛЫ:
   Выпущено ракет: 1
# 
📊 РЕЗУЛЬТАТЫ ХОДА 26:
🎯 Попаданий нет

--- Результаты хода ---
  Попаданий нет

--- Состояние команд после хода ---
  Team A: живых 4/8
    ✓ Артиллерия A1      @ (4,1,3) hp=1/1
    ✓ Факел A4           @ (4,2,3) hp=6/6
    ✓ Бурав A6           @ (5,5,5) hp=4/4
    ✓ Паук A8            @ (4,5,5) hp=1/1
    ✗ Радиовышка A2      @ (2,3,6) [уничтожен]
    ✗ Прыгун A3          @ (6,6,5) [уничтожен]
    ✗ Тишина A5          @ (4,8,3) [уничтожен]
    ✗ Провокатор A7      @ (4,9,3) [уничтожен]
  Team B: живых 1/8
    ✓ Тишина B5          @ (4,5,5) hp=2/2
    ✗ Артиллерия B1      @ (0,7,6) [уничтожен]
    ✗ Радиовышка B2      @ (3,1,6) [уничтожен]
    ✗ Прыгун B3          @ (5,3,5) [уничтожен]
    ✗ Факел B4           @ (0,5,6) [уничтожен]
    ✗ Бурав B6           @ (4,7,4) [уничтожен]
    ✗ Провокатор B7      @ (2,1,6) [уничтожен]
    ✗ Паук B8            @ (4,2,6) [уничтожен]
  Team C: живых 1/8
    ✓ Тишина C5          @ (3,3,3) hp=2/2
    ✗ Артиллерия C1      @ (2,5,5) [уничтожен]
    ✗ Радиовышка C2      @ (3,0,5) [уничтожен]
    ✗ Прыгун C3          @ (5,3,5) [уничтожен]
    ✗ Факел C4           @ (5,3,5) [уничтожен]
    ✗ Бурав C6           @ (2,3,6) [уничтожен]
    ✗ Провокатор C7      @ (6,6,5) [уничтожен]
    ✗ Паук C8            @ (5,1,5) [уничтожен]

======================================================================
ХОД 27
======================================================================
✓ 🎮 GM: начинаем ход
GM: start_turn

--- Радиовышки: сканирование слоя Z ---
  (у команд не осталось живых радиовышек)

--- Решения ботов ---
  [Team A] Артиллерия A1 (4,1,3) → SHOOT at (9,4,9)
  [Team A] Факел A4 → SKIP
  [Team A] Паук A8 → SKIP
  [Team A] Бурав A6 → SKIP
  [Team B] все корабли пропускают ход
  [Team C] Тишина C5 (3,3,3) → MOVE (4,2,3)
! 🎮 GM: принудительно завершает фазу планирования
GM: end_planning
# 
============================================================
# 🔄 ОБРАБОТКА ХОДА 27
# ============================================================

📦 ПЕРЕМЕЩЕНИЯ:
!    ⚠️ Тишина C5: клетка (4,2,3) занята

🎯 ВЫСТРЕЛЫ:
   Выпущено ракет: 1
# 
📊 РЕЗУЛЬТАТЫ ХОДА 27:
🎯 Попаданий нет

--- Результаты хода ---
  Попаданий нет

--- Состояние команд после хода ---
  Team A: живых 4/8
    ✓ Артиллерия A1      @ (4,1,3) hp=1/1
    ✓ Факел A4           @ (4,2,3) hp=6/6
    ✓ Бурав A6           @ (5,5,5) hp=4/4
    ✓ Паук A8            @ (4,5,5) hp=1/1
    ✗ Радиовышка A2      @ (2,3,6) [уничтожен]
    ✗ Прыгун A3          @ (6,6,5) [уничтожен]
    ✗ Тишина A5          @ (4,8,3) [уничтожен]
    ✗ Провокатор A7      @ (4,9,3) [уничтожен]
  Team B: живых 1/8
    ✓ Тишина B5          @ (4,5,5) hp=2/2
    ✗ Артиллерия B1      @ (0,7,6) [уничтожен]
    ✗ Радиовышка B2      @ (3,1,6) [уничтожен]
    ✗ Прыгун B3          @ (5,3,5) [уничтожен]
    ✗ Факел B4           @ (0,5,6) [уничтожен]
    ✗ Бурав B6           @ (4,7,4) [уничтожен]
    ✗ Провокатор B7      @ (2,1,6) [уничтожен]
    ✗ Паук B8            @ (4,2,6) [уничтожен]
  Team C: живых 1/8
    ✓ Тишина C5          @ (3,3,3) hp=2/2
    ✗ Артиллерия C1      @ (2,5,5) [уничтожен]
    ✗ Радиовышка C2      @ (3,0,5) [уничтожен]
    ✗ Прыгун C3          @ (5,3,5) [уничтожен]
    ✗ Факел C4           @ (5,3,5) [уничтожен]
    ✗ Бурав C6           @ (2,3,6) [уничтожен]
    ✗ Провокатор C7      @ (6,6,5) [уничтожен]
    ✗ Паук C8            @ (5,1,5) [уничтожен]

======================================================================
ХОД 28
======================================================================
✓ 🎮 GM: начинаем ход
GM: start_turn

--- Радиовышки: сканирование слоя Z ---
  (у команд не осталось живых радиовышек)

--- Решения ботов ---
  [Team A] Артиллерия A1 (4,1,3) → SHOOT at (4,9,5)
  [Team A] Факел A4 → SKIP
  [Team A] Паук A8 → SKIP
  [Team A] Бурав A6 → SKIP
  [Team B] все корабли пропускают ход
  [Team C] Тишина C5 (3,3,3) → MOVE (4,2,3)
! 🎮 GM: принудительно завершает фазу планирования
GM: end_planning
# 
============================================================
# 🔄 ОБРАБОТКА ХОДА 28
# ============================================================

📦 ПЕРЕМЕЩЕНИЯ:
!    ⚠️ Тишина C5: клетка (4,2,3) занята

🎯 ВЫСТРЕЛЫ:
   Выпущено ракет: 1
# 
📊 РЕЗУЛЬТАТЫ ХОДА 28:
🎯 Попаданий нет

--- Результаты хода ---
  Попаданий нет

--- Состояние команд после хода ---
  Team A: живых 4/8
    ✓ Артиллерия A1      @ (4,1,3) hp=1/1
    ✓ Факел A4           @ (4,2,3) hp=6/6
    ✓ Бурав A6           @ (5,5,5) hp=4/4
    ✓ Паук A8            @ (4,5,5) hp=1/1
    ✗ Радиовышка A2      @ (2,3,6) [уничтожен]
    ✗ Прыгун A3          @ (6,6,5) [уничтожен]
    ✗ Тишина A5          @ (4,8,3) [уничтожен]
    ✗ Провокатор A7      @ (4,9,3) [уничтожен]
  Team B: живых 1/8
    ✓ Тишина B5          @ (4,5,5) hp=2/2
    ✗ Артиллерия B1      @ (0,7,6) [уничтожен]
    ✗ Радиовышка B2      @ (3,1,6) [уничтожен]
    ✗ Прыгун B3          @ (5,3,5) [уничтожен]
    ✗ Факел B4           @ (0,5,6) [уничтожен]
    ✗ Бурав B6           @ (4,7,4) [уничтожен]
    ✗ Провокатор B7      @ (2,1,6) [уничтожен]
    ✗ Паук B8            @ (4,2,6) [уничтожен]
  Team C: живых 1/8
    ✓ Тишина C5          @ (3,3,3) hp=2/2
    ✗ Артиллерия C1      @ (2,5,5) [уничтожен]
    ✗ Радиовышка C2      @ (3,0,5) [уничтожен]
    ✗ Прыгун C3          @ (5,3,5) [уничтожен]
    ✗ Факел C4           @ (5,3,5) [уничтожен]
    ✗ Бурав C6           @ (2,3,6) [уничтожен]
    ✗ Провокатор C7      @ (6,6,5) [уничтожен]
    ✗ Паук C8            @ (5,1,5) [уничтожен]

======================================================================
ХОД 29
======================================================================
✓ 🎮 GM: начинаем ход
GM: start_turn

--- Радиовышки: сканирование слоя Z ---
  (у команд не осталось живых радиовышек)

--- Решения ботов ---
  [Team A] Артиллерия A1 (4,1,3) → SHOOT at (7,9,4)
  [Team A] Факел A4 → SKIP
  [Team A] Паук A8 → SKIP
  [Team A] Бурав A6 → SKIP
  [Team B] все корабли пропускают ход
  [Team C] Тишина C5 (3,3,3) → MOVE (4,2,3)
! 🎮 GM: принудительно завершает фазу планирования
GM: end_planning
# 
============================================================
# 🔄 ОБРАБОТКА ХОДА 29
# ============================================================

📦 ПЕРЕМЕЩЕНИЯ:
!    ⚠️ Тишина C5: клетка (4,2,3) занята

🎯 ВЫСТРЕЛЫ:
   Выпущено ракет: 1
# 
📊 РЕЗУЛЬТАТЫ ХОДА 29:
🎯 Попаданий нет

--- Результаты хода ---
  Попаданий нет

--- Состояние команд после хода ---
  Team A: живых 4/8
    ✓ Артиллерия A1      @ (4,1,3) hp=1/1
    ✓ Факел A4           @ (4,2,3) hp=6/6
    ✓ Бурав A6           @ (5,5,5) hp=4/4
    ✓ Паук A8            @ (4,5,5) hp=1/1
    ✗ Радиовышка A2      @ (2,3,6) [уничтожен]
    ✗ Прыгун A3          @ (6,6,5) [уничтожен]
    ✗ Тишина A5          @ (4,8,3) [уничтожен]
    ✗ Провокатор A7      @ (4,9,3) [уничтожен]
  Team B: живых 1/8
    ✓ Тишина B5          @ (4,5,5) hp=2/2
    ✗ Артиллерия B1      @ (0,7,6) [уничтожен]
    ✗ Радиовышка B2      @ (3,1,6) [уничтожен]
    ✗ Прыгун B3          @ (5,3,5) [уничтожен]
    ✗ Факел B4           @ (0,5,6) [уничтожен]
    ✗ Бурав B6           @ (4,7,4) [уничтожен]
    ✗ Провокатор B7      @ (2,1,6) [уничтожен]
    ✗ Паук B8            @ (4,2,6) [уничтожен]
  Team C: живых 1/8
    ✓ Тишина C5          @ (3,3,3) hp=2/2
    ✗ Артиллерия C1      @ (2,5,5) [уничтожен]
    ✗ Радиовышка C2      @ (3,0,5) [уничтожен]
    ✗ Прыгун C3          @ (5,3,5) [уничтожен]
    ✗ Факел C4           @ (5,3,5) [уничтожен]
    ✗ Бурав C6           @ (2,3,6) [уничтожен]
    ✗ Провокатор C7      @ (6,6,5) [уничтожен]
    ✗ Паук C8            @ (5,1,5) [уничтожен]

======================================================================
ХОД 30
======================================================================
✓ 🎮 GM: начинаем ход
GM: start_turn

--- Радиовышки: сканирование слоя Z ---
  (у команд не осталось живых радиовышек)

--- Решения ботов ---
  [Team A] Артиллерия A1 (4,1,3) → SHOOT at (4,9,5)
  [Team A] Факел A4 → SKIP
  [Team A] Паук A8 → SKIP
  [Team A] Бурав A6 → SKIP
  [Team B] все корабли пропускают ход
  [Team C] Тишина C5 (3,3,3) → MOVE (4,2,3)
! 🎮 GM: принудительно завершает фазу планирования
GM: end_planning
# 
============================================================
# 🔄 ОБРАБОТКА ХОДА 30
# ============================================================

📦 ПЕРЕМЕЩЕНИЯ:
!    ⚠️ Тишина C5: клетка (4,2,3) занята

🎯 ВЫСТРЕЛЫ:
   Выпущено ракет: 1
# 
📊 РЕЗУЛЬТАТЫ ХОДА 30:
🎯 Попаданий нет

--- Результаты хода ---
  Попаданий нет

--- Состояние команд после хода ---
  Team A: живых 4/8
    ✓ Артиллерия A1      @ (4,1,3) hp=1/1
    ✓ Факел A4           @ (4,2,3) hp=6/6
    ✓ Бурав A6           @ (5,5,5) hp=4/4
    ✓ Паук A8            @ (4,5,5) hp=1/1
    ✗ Радиовышка A2      @ (2,3,6) [уничтожен]
    ✗ Прыгун A3          @ (6,6,5) [уничтожен]
    ✗ Тишина A5          @ (4,8,3) [уничтожен]
    ✗ Провокатор A7      @ (4,9,3) [уничтожен]
  Team B: живых 1/8
    ✓ Тишина B5          @ (4,5,5) hp=2/2
    ✗ Артиллерия B1      @ (0,7,6) [уничтожен]
    ✗ Радиовышка B2      @ (3,1,6) [уничтожен]
    ✗ Прыгун B3          @ (5,3,5) [уничтожен]
    ✗ Факел B4           @ (0,5,6) [уничтожен]
    ✗ Бурав B6           @ (4,7,4) [уничтожен]
    ✗ Провокатор B7      @ (2,1,6) [уничтожен]
    ✗ Паук B8            @ (4,2,6) [уничтожен]
  Team C: живых 1/8
    ✓ Тишина C5          @ (3,3,3) hp=2/2
    ✗ Артиллерия C1      @ (2,5,5) [уничтожен]
    ✗ Радиовышка C2      @ (3,0,5) [уничтожен]
    ✗ Прыгун C3          @ (5,3,5) [уничтожен]
    ✗ Факел C4           @ (5,3,5) [уничтожен]
    ✗ Бурав C6           @ (2,3,6) [уничтожен]
    ✗ Провокатор C7      @ (6,6,5) [уничтожен]
    ✗ Паук C8            @ (5,1,5) [уничтожен]

======================================================================
ИТОГ
======================================================================
Лимит ходов (30) исчерпан, ничья/пат.

--- Сводка по командам ---
  Team A: 4/8 живых; hp=12
  Team B: 1/8 живых; hp=2
  Team C: 1/8 живых; hp=2

--- Сводка по пассивкам радиовышек ---
  Team A: сканирований=11, всего врагов-в-слоях=14, уникальных эксклюзивных (видны только радиовышкой)=1
  Team B: сканирований=8, всего врагов-в-слоях=12, уникальных эксклюзивных (видны только радиовышкой)=1
  Team C: сканирований=6, всего врагов-в-слоях=8, уникальных эксклюзивных (видны только радиовышкой)=2

--- Сводка по попаданиям ---
  Всего событий (шоты+тараны+мины): 24
  Уничтожено кораблей всего: 18
  Team A: урон=29 хиты=9 тараны=4 мины(сработало)=0 убийств=9
  Team B: урон=10 хиты=1 тараны=3 мины(сработало)=1 убийств=3
  Team C: урон=16 хиты=1 тараны=5 мины(сработало)=0 убийств=6
! 🎮 GM: остановка игры
