======================================================================
Space Battle 10×10×10 — simulation run at 2026-04-20T13:23:54+00:00
Game mode: advanced
Seed: 92
✓ 🚀 Продвинутый режим: создаю разные типы кораблей
   Стартовые Z-слои: A=6, B=8, C=4
✓ ✅ Создано 24 кораблей


--- СТАРТОВАЯ РАССТАНОВКА ---
  Team A: живых 8/8
    ✓ Артиллерия A1      @ (4,4,6) hp=1/1
    ✓ Радиовышка A2      @ (1,3,6) hp=3/3
    ✓ Прыгун A3          @ (4,7,6) hp=2/2
    ✓ Факел A4           @ (4,5,6) hp=6/6
    ✓ Тишина A5          @ (7,1,6) hp=2/2
    ✓ Бурав A6           @ (2,7,6) hp=4/4
    ✓ Провокатор A7      @ (2,5,6) hp=2/2
    ✓ Паук A8            @ (9,8,6) hp=1/1
  Team B: живых 8/8
    ✓ Артиллерия B1      @ (3,6,8) hp=1/1
    ✓ Радиовышка B2      @ (3,0,8) hp=3/3
    ✓ Прыгун B3          @ (1,2,8) hp=2/2
    ✓ Факел B4           @ (1,6,8) hp=6/6
    ✓ Тишина B5          @ (3,1,8) hp=2/2
    ✓ Бурав B6           @ (4,0,8) hp=4/4
    ✓ Провокатор B7      @ (0,5,8) hp=2/2
    ✓ Паук B8            @ (4,9,8) hp=1/1
  Team C: живых 8/8
    ✓ Артиллерия C1      @ (6,6,4) hp=1/1
    ✓ Радиовышка C2      @ (4,2,4) hp=3/3
    ✓ Прыгун C3          @ (9,9,4) hp=2/2
    ✓ Факел C4           @ (5,3,4) hp=6/6
    ✓ Тишина C5          @ (6,4,4) hp=2/2
    ✓ Бурав C6           @ (3,9,4) hp=4/4
    ✓ Провокатор C7      @ (7,0,4) hp=2/2
    ✓ Паук C8            @ (7,5,4) hp=1/1

======================================================================
ХОД 1
======================================================================
✓ 🎮 GM: начинаем ход
GM: start_turn

--- Радиовышки: сканирование слоя Z ---
  Радиовышка A2 (z=6): слой чист
  Радиовышка B2 (z=8): слой чист
  Радиовышка C2 (z=4): слой чист

--- Решения ботов ---
  [Team A] Артиллерия A1 (4,4,6) → SHOOT at (6,6,4)
  [Team A] Радиовышка A2 (1,3,6) → MOVE (1,2,7)
  [Team A] Прыгун A3 (4,7,6) → MOVE (3,6,8)
  [Team A] Тишина A5 (7,1,6) → PHASE toggle
  [Team A] Бурав A6 (2,7,6) → MOVE (3,6,7)
  [Team A] Провокатор A7 (2,5,6) → HOLOGRAM (2,6,6)
  [Team A] Паук A8 (9,8,6) → MINE (9,8,5)
  [Team A] Факел A4 → SKIP
  [Team B] Артиллерия B1 (3,6,8) → SHOOT at (4,4,6)
  [Team B] Радиовышка B2 (3,0,8) → MOVE (2,1,7)
  [Team B] Прыгун B3 (1,2,8) → MOVE (1,3,6)
  [Team B] Факел B4 (1,6,8) → MOVE (2,6,8)
  [Team B] Тишина B5 (3,1,8) → PHASE toggle
  [Team B] Бурав B6 (4,0,8) → MOVE (3,1,7)
  [Team B] Провокатор B7 (0,5,8) → HOLOGRAM (1,4,7)
  [Team B] Паук B8 (4,9,8) → MINE (4,8,7)
  [Team C] Артиллерия C1 (6,6,4) → SHOOT at (4,4,6)
  [Team C] Радиовышка C2 (4,2,4) → MOVE (4,3,5)
  [Team C] Прыгун C3 (9,9,4) → MOVE (9,8,6)
  [Team C] Факел C4 (5,3,4) → MOVE (6,3,4)
  [Team C] Тишина C5 (6,4,4) → PHASE toggle
  [Team C] Бурав C6 (3,9,4) → MOVE (4,8,5)
  [Team C] Провокатор C7 (7,0,4) → HOLOGRAM (7,1,5)
  [Team C] Паук C8 (7,5,4) → MINE (6,4,5)
! 🎮 GM: принудительно завершает фазу планирования
GM: end_planning
# 
============================================================
# 🔄 ОБРАБОТКА ХОДА 1
# ============================================================
   🌀 Тишина A5: фаза ВКЛ
   🌀 Тишина B5: фаза ВКЛ
   🌀 Тишина C5: фаза ВКЛ
   🪞 Провокатор A7 создал голограмму H1 в (2,6,6)
   🪞 Провокатор B7 создал голограмму H2 в (1,4,7)
   🪞 Провокатор C7 создал голограмму H3 в (7,1,5)
   💣 Паук A8 установил мину M1 в (9,8,5)
   💣 Паук B8 установил мину M2 в (4,8,7)
   💣 Паук C8 установил мину M3 в (6,4,5)

📦 ПЕРЕМЕЩЕНИЯ:
   Радиовышка A2: (1, 3, 6) → (1,2,7)
✓    💥 Прыгун A3 тараном уничтожил Артиллерия B1 в (3,6,8)
   Прыгун A3: (4, 7, 6) → (3,6,8)
!    ⚠️ Бурав A6: Бурав двигается только по 1 оси или по 2 осям строго диагонально
   Радиовышка B2: (3, 0, 8) → (2,1,7)
   Прыгун B3: (1, 2, 8) → (1,3,6)
   Факел B4: (1, 6, 8) → (2,6,8)
!    ⚠️ Бурав B6: Бурав двигается только по 1 оси или по 2 осям строго диагонально
   Радиовышка C2: (4, 2, 4) → (4,3,5)
✓    💥 Прыгун C3 тараном уничтожил Паук A8 в (9,8,6)
   Прыгун C3: (9, 9, 4) → (9,8,6)
   Факел C4: (5, 3, 4) → (6,3,4)
!    ⚠️ Бурав C6: Бурав двигается только по 1 оси или по 2 осям строго диагонально

🎯 ВЫСТРЕЛЫ:
✓    ✅ Артиллерия A1 поразил Артиллерия C1 (2 урона)!
✓    ✅ Артиллерия C1 поразил Артиллерия A1 (2 урона)!
   Выпущено ракет: 2
# 
📊 РЕЗУЛЬТАТЫ ХОДА 1:
✓ 💥 ПОПАДАНИЯ:
✓    Артиллерия A1 (Team A) → Артиллерия C1 (Team C)
✓    Артиллерия C1 (Team C) → Артиллерия A1 (Team A)

--- Результаты хода ---
  Team A / Прыгун A3          → Team B / Артиллерия B1      @ (3,6,8)  (УБИТ)
  Team C / Прыгун C3          → Team A / Паук A8            @ (9,8,6)  (УБИТ)
  Team A / Артиллерия A1      → Team C / Артиллерия C1      @ (6,6,4)  (УБИТ)
  Team C / Артиллерия C1      → Team A / Артиллерия A1      @ (4,4,6)  (УБИТ)

--- Состояние команд после хода ---
  Team A: живых 6/8
    ✓ Радиовышка A2      @ (1,2,7) hp=3/3
    ✓ Прыгун A3          @ (3,6,8) hp=2/2
    ✓ Факел A4           @ (4,5,6) hp=6/6
    ✓ Тишина A5          @ (7,1,6) hp=2/2
    ✓ Бурав A6           @ (2,7,6) hp=4/4
    ✓ Провокатор A7      @ (2,5,6) hp=2/2
    ✗ Артиллерия A1      @ (4,4,6) [уничтожен]
    ✗ Паук A8            @ (9,8,6) [уничтожен]
  Team B: живых 7/8
    ✓ Радиовышка B2      @ (2,1,7) hp=3/3
    ✓ Прыгун B3          @ (1,3,6) hp=2/2
    ✓ Факел B4           @ (2,6,8) hp=6/6
    ✓ Тишина B5          @ (3,1,8) hp=2/2
    ✓ Бурав B6           @ (4,0,8) hp=4/4
    ✓ Провокатор B7      @ (0,5,8) hp=2/2
    ✓ Паук B8            @ (4,9,8) hp=1/1
    ✗ Артиллерия B1      @ (3,6,8) [уничтожен]
  Team C: живых 7/8
    ✓ Радиовышка C2      @ (4,3,5) hp=3/3
    ✓ Прыгун C3          @ (9,8,6) hp=2/2
    ✓ Факел C4           @ (6,3,4) hp=6/6
    ✓ Тишина C5          @ (6,4,4) hp=2/2
    ✓ Бурав C6           @ (3,9,4) hp=4/4
    ✓ Провокатор C7      @ (7,0,4) hp=2/2
    ✓ Паук C8            @ (7,5,4) hp=1/1
    ✗ Артиллерия C1      @ (6,6,4) [уничтожен]

======================================================================
ХОД 2
======================================================================
✓ 🎮 GM: начинаем ход
GM: start_turn

--- Радиовышки: сканирование слоя Z ---
  Радиовышка A2 (z=7): видит 1 врагов [+1 эксклюзивно] → Радиовышка B2(2,1,7)
  Радиовышка B2 (z=7): видит 1 врагов  → Радиовышка A2(1,2,7)
  Радиовышка C2 (z=5): слой чист

--- Решения ботов ---
  [Team A] Радиовышка A2 (1,2,7) → MOVE (2,1,7)
  [Team A] Прыгун A3 (3,6,8) → MOVE (2,6,8)
  [Team A] Факел A4 (4,5,6) → MOVE (3,6,7)
  [Team A] Тишина A5 (7,1,6) → MOVE (6,2,5)
  [Team A] Бурав A6 (2,7,6) → MOVE (2,6,7)
  [Team A] Провокатор A7 (2,5,6) → HOLOGRAM (1,4,6)
  [Team B] Радиовышка B2 (2,1,7) → MOVE (1,2,7)
  [Team B] Прыгун B3 (1,3,6) → MOVE (2,5,6)
  [Team B] Факел B4 (2,6,8) → SHOOT at (3,6,8)
  [Team B] Тишина B5 (3,1,8) → MOVE (2,2,7)
  [Team B] Бурав B6 (4,0,8) → MOVE (4,3,5)
  [Team B] Провокатор B7 (0,5,8) → HOLOGRAM (1,6,7)
  [Team B] Паук B8 (4,9,8) → MINE (3,8,7)
  [Team C] Радиовышка C2 (4,3,5) → MOVE (4,4,6)
  [Team C] Прыгун C3 (9,8,6) → MOVE (8,7,6)
  [Team C] Факел C4 (6,3,4) → MOVE (7,4,5)
  [Team C] Тишина C5 (6,4,4) → MOVE (5,5,5)
  [Team C] Бурав C6 (3,9,4) → MOVE (2,8,5)
  [Team C] Провокатор C7 (7,0,4) → HOLOGRAM (6,0,5)
  [Team C] Паук C8 (7,5,4) → MINE (6,5,5)
! 🎮 GM: принудительно завершает фазу планирования
GM: end_planning
# 
============================================================
# 🔄 ОБРАБОТКА ХОДА 2
# ============================================================
   🪞 Провокатор A7 создал голограмму H4 в (1,4,6)
   🪞 Провокатор B7 создал голограмму H5 в (1,6,7)
   🪞 Провокатор C7 создал голограмму H6 в (6,0,5)
   💣 Паук B8 установил мину M4 в (3,8,7)
   💣 Паук C8 установил мину M5 в (6,5,5)

📦 ПЕРЕМЕЩЕНИЯ:
!    ⚠️ Радиовышка A2: клетка (2,1,7) занята
✓    💥 Прыгун A3 тараном уничтожил Факел B4 в (2,6,8)
   Прыгун A3: (3, 6, 8) → (2,6,8)
   Факел A4: (4, 5, 6) → (3,6,7)
   Тишина A5: (7, 1, 6) → (6,2,5)
   Бурав A6: (2, 7, 6) → (2,6,7)
!    ⚠️ Радиовышка B2: клетка (1,2,7) занята
✓    💥 Прыгун B3 тараном уничтожил Провокатор A7 в (2,5,6)
   Прыгун B3: (1, 3, 6) → (2,5,6)
   Тишина B5: (3, 1, 8) → (2,2,7)
✓    💥 Бурав B6 тараном уничтожил Радиовышка C2 в (4,3,5)
   Бурав B6: (4, 0, 8) → (4,3,5)
   Прыгун C3: (9, 8, 6) → (8,7,6)
   Факел C4: (6, 3, 4) → (7,4,5)
   Тишина C5: (6, 4, 4) → (5,5,5)
!    ⚠️ Бурав C6: Бурав двигается только по 1 оси или по 2 осям строго диагонально

🎯 ВЫСТРЕЛЫ:
   Выпущено ракет: 0
# 
📊 РЕЗУЛЬТАТЫ ХОДА 2:
🎯 Попаданий нет

--- Результаты хода ---
  Team A / Прыгун A3          → Team B / Факел B4           @ (2,6,8)  (УБИТ)
  Team B / Прыгун B3          → Team A / Провокатор A7      @ (2,5,6)  (УБИТ)
  Team B / Бурав B6           → Team C / Радиовышка C2      @ (4,3,5)  (УБИТ)

--- Состояние команд после хода ---
  Team A: живых 5/8
    ✓ Радиовышка A2      @ (1,2,7) hp=3/3
    ✓ Прыгун A3          @ (2,6,8) hp=2/2
    ✓ Факел A4           @ (3,6,7) hp=6/6
    ✓ Тишина A5          @ (6,2,5) hp=2/2
    ✓ Бурав A6           @ (2,6,7) hp=4/4
    ✗ Артиллерия A1      @ (4,4,6) [уничтожен]
    ✗ Провокатор A7      @ (2,5,6) [уничтожен]
    ✗ Паук A8            @ (9,8,6) [уничтожен]
  Team B: живых 6/8
    ✓ Радиовышка B2      @ (2,1,7) hp=3/3
    ✓ Прыгун B3          @ (2,5,6) hp=2/2
    ✓ Тишина B5          @ (2,2,7) hp=2/2
    ✓ Бурав B6           @ (4,3,5) hp=4/4
    ✓ Провокатор B7      @ (0,5,8) hp=2/2
    ✓ Паук B8            @ (4,9,8) hp=1/1
    ✗ Артиллерия B1      @ (3,6,8) [уничтожен]
    ✗ Факел B4           @ (2,6,8) [уничтожен]
  Team C: живых 6/8
    ✓ Прыгун C3          @ (8,7,6) hp=2/2
    ✓ Факел C4           @ (7,4,5) hp=6/6
    ✓ Тишина C5          @ (5,5,5) hp=2/2
    ✓ Бурав C6           @ (3,9,4) hp=4/4
    ✓ Провокатор C7      @ (7,0,4) hp=2/2
    ✓ Паук C8            @ (7,5,4) hp=1/1
    ✗ Артиллерия C1      @ (6,6,4) [уничтожен]
    ✗ Радиовышка C2      @ (4,3,5) [уничтожен]

======================================================================
ХОД 3
======================================================================
✓ 🎮 GM: начинаем ход
GM: start_turn

--- Радиовышки: сканирование слоя Z ---
  Радиовышка A2 (z=7): видит 1 врагов [+1 эксклюзивно] → Радиовышка B2(2,1,7)
  Радиовышка B2 (z=7): видит 3 врагов  → Радиовышка A2(1,2,7), Бурав A6(2,6,7), Факел A4(3,6,7)

--- Решения ботов ---
  [Team A] Радиовышка A2 (1,2,7) → MOVE (2,1,7)
  [Team A] Прыгун A3 (2,6,8) → MOVE (2,5,6)
  [Team A] Факел A4 (3,6,7) → MOVE (3,6,8)
  [Team A] Тишина A5 (6,2,5) → MOVE (5,3,5)
  [Team A] Бурав A6 (2,6,7) → MOVE (2,6,6)
  [Team B] Радиовышка B2 (2,1,7) → MOVE (1,2,7)
  [Team B] Прыгун B3 (2,5,6) → MOVE (3,6,7)
  [Team B] Бурав B6 (4,3,5) → MOVE (3,2,6)
  [Team B] Провокатор B7 (0,5,8) → HOLOGRAM (1,6,8)
  [Team B] Паук B8 (4,9,8) → MINE (3,8,8)
  [Team B] Тишина B5 → SKIP
  [Team C] Прыгун C3 (8,7,6) → MOVE (7,6,5)
  [Team C] Факел C4 (7,4,5) → MOVE (8,5,6)
  [Team C] Тишина C5 (5,5,5) → MOVE (4,6,6)
  [Team C] Бурав C6 (3,9,4) → MOVE (3,6,7)
  [Team C] Провокатор C7 (7,0,4) → HOLOGRAM (6,1,5)
  [Team C] Паук C8 (7,5,4) → MINE (6,4,5)
! 🎮 GM: принудительно завершает фазу планирования
GM: end_planning
# 
============================================================
# 🔄 ОБРАБОТКА ХОДА 3
# ============================================================
   🪞 Провокатор B7 создал голограмму H7 в (1,6,8)
   🪞 Провокатор C7 создал голограмму H8 в (6,1,5)
   💣 Паук B8 установил мину M6 в (3,8,8)
!    ⚠️ Паук C8: в клетке уже стоит мина

📦 ПЕРЕМЕЩЕНИЯ:
!    ⚠️ Радиовышка A2: клетка (2,1,7) занята
✓    💥 Прыгун A3 тараном уничтожил Прыгун B3 в (2,5,6)
   Прыгун A3: (2, 6, 8) → (2,5,6)
   Факел A4: (3, 6, 7) → (3,6,8)
   Тишина A5: (6, 2, 5) → (5,3,5)
   Бурав A6: (2, 6, 7) → (2,6,6)
!    ⚠️ Радиовышка B2: клетка (1,2,7) занята
!    ⚠️ Бурав B6: Бурав двигается только по 1 оси или по 2 осям строго диагонально
   Прыгун C3: (8, 7, 6) → (7,6,5)
   Факел C4: (7, 4, 5) → (8,5,6)
   Тишина C5: (5, 5, 5) → (4,6,6)
   Бурав C6: (3, 9, 4) → (3,6,7)

🎯 ВЫСТРЕЛЫ:
   Выпущено ракет: 0
# 
📊 РЕЗУЛЬТАТЫ ХОДА 3:
🎯 Попаданий нет

--- Результаты хода ---
  Team A / Прыгун A3          → Team B / Прыгун B3          @ (2,5,6)  (УБИТ)

--- Состояние команд после хода ---
  Team A: живых 5/8
    ✓ Радиовышка A2      @ (1,2,7) hp=3/3
    ✓ Прыгун A3          @ (2,5,6) hp=2/2
    ✓ Факел A4           @ (3,6,8) hp=6/6
    ✓ Тишина A5          @ (5,3,5) hp=2/2
    ✓ Бурав A6           @ (2,6,6) hp=4/4
    ✗ Артиллерия A1      @ (4,4,6) [уничтожен]
    ✗ Провокатор A7      @ (2,5,6) [уничтожен]
    ✗ Паук A8            @ (9,8,6) [уничтожен]
  Team B: живых 5/8
    ✓ Радиовышка B2      @ (2,1,7) hp=3/3
    ✓ Тишина B5          @ (2,2,7) hp=2/2
    ✓ Бурав B6           @ (4,3,5) hp=4/4
    ✓ Провокатор B7      @ (0,5,8) hp=2/2
    ✓ Паук B8            @ (4,9,8) hp=1/1
    ✗ Артиллерия B1      @ (3,6,8) [уничтожен]
    ✗ Прыгун B3          @ (2,5,6) [уничтожен]
    ✗ Факел B4           @ (2,6,8) [уничтожен]
  Team C: живых 6/8
    ✓ Прыгун C3          @ (7,6,5) hp=2/2
    ✓ Факел C4           @ (8,5,6) hp=6/6
    ✓ Тишина C5          @ (4,6,6) hp=2/2
    ✓ Бурав C6           @ (3,6,7) hp=4/4
    ✓ Провокатор C7      @ (7,0,4) hp=2/2
    ✓ Паук C8            @ (7,5,4) hp=1/1
    ✗ Артиллерия C1      @ (6,6,4) [уничтожен]
    ✗ Радиовышка C2      @ (4,3,5) [уничтожен]

======================================================================
ХОД 4
======================================================================
✓ 🎮 GM: начинаем ход
GM: start_turn

--- Радиовышки: сканирование слоя Z ---
  Радиовышка A2 (z=7): видит 2 врагов  → Радиовышка B2(2,1,7), Бурав C6(3,6,7)
  Радиовышка B2 (z=7): видит 2 врагов  → Радиовышка A2(1,2,7), Бурав C6(3,6,7)

--- Решения ботов ---
  [Team A] Радиовышка A2 (1,2,7) → MOVE (2,1,7)
  [Team A] Прыгун A3 (2,5,6) → MOVE (0,5,8)
  [Team A] Факел A4 (3,6,8) → SHOOT at (3,6,7)
  [Team A] Тишина A5 (5,3,5) → MOVE (4,3,5)
  [Team A] Бурав A6 (2,6,6) → MOVE (3,6,7)
  [Team B] Радиовышка B2 (2,1,7) → MOVE (1,2,7)
  [Team B] Бурав B6 (4,3,5) → MOVE (7,6,5)
  [Team B] Провокатор B7 (0,5,8) → HOLOGRAM (1,5,7)
  [Team B] Паук B8 (4,9,8) → MINE (3,8,8)
  [Team B] Тишина B5 → SKIP
  [Team C] Прыгун C3 (7,6,5) → MOVE (6,5,5)
  [Team C] Факел C4 (8,5,6) → MOVE (7,6,6)
  [Team C] Тишина C5 (4,6,6) → MOVE (3,5,6)
  [Team C] Бурав C6 (3,6,7) → MOVE (3,6,8)
  [Team C] Провокатор C7 (7,0,4) → HOLOGRAM (6,1,5)
  [Team C] Паук C8 (7,5,4) → MINE (6,4,5)
! 🎮 GM: принудительно завершает фазу планирования
GM: end_planning
# 
============================================================
# 🔄 ОБРАБОТКА ХОДА 4
# ============================================================
   🪞 Провокатор B7 создал голограмму H9 в (1,5,7)
!    ⚠️ Провокатор C7: клетка (6,1,5) уже занята голограммой
!    ⚠️ Паук B8: в клетке уже стоит мина
!    ⚠️ Паук C8: в клетке уже стоит мина

📦 ПЕРЕМЕЩЕНИЯ:
!    ⚠️ Радиовышка A2: клетка (2,1,7) занята
✓    💥 Прыгун A3 тараном уничтожил Провокатор B7 в (0,5,8)
   Прыгун A3: (2, 5, 6) → (0,5,8)
!    ⚠️ Тишина A5: клетка (4,3,5) занята
✓    💥 Бурав A6 тараном уничтожил Бурав C6 в (3,6,7)
   Бурав A6: (2, 6, 6) → (3,6,7)
!    ⚠️ Радиовышка B2: клетка (1,2,7) занята
✓    💥 Бурав B6 тараном уничтожил Прыгун C3 в (7,6,5)
   Бурав B6: (4, 3, 5) → (7,6,5)
   Факел C4: (8, 5, 6) → (7,6,6)
   Тишина C5: (4, 6, 6) → (3,5,6)

🎯 ВЫСТРЕЛЫ:
!    🛡️ Выстрел Факел A4 заблокирован союзником Бурав A6 в (3, 6, 7)
   Выпущено ракет: 1
# 
📊 РЕЗУЛЬТАТЫ ХОДА 4:
🎯 Попаданий нет

--- Результаты хода ---
  Team A / Прыгун A3          → Team B / Провокатор B7      @ (0,5,8)  (УБИТ)
  Team A / Бурав A6           → Team C / Бурав C6           @ (3,6,7)  (УБИТ)
  Team B / Бурав B6           → Team C / Прыгун C3          @ (7,6,5)  (УБИТ)

--- Состояние команд после хода ---
  Team A: живых 5/8
    ✓ Радиовышка A2      @ (1,2,7) hp=3/3
    ✓ Прыгун A3          @ (0,5,8) hp=2/2
    ✓ Факел A4           @ (3,6,8) hp=6/6
    ✓ Тишина A5          @ (5,3,5) hp=2/2
    ✓ Бурав A6           @ (3,6,7) hp=4/4
    ✗ Артиллерия A1      @ (4,4,6) [уничтожен]
    ✗ Провокатор A7      @ (2,5,6) [уничтожен]
    ✗ Паук A8            @ (9,8,6) [уничтожен]
  Team B: живых 4/8
    ✓ Радиовышка B2      @ (2,1,7) hp=3/3
    ✓ Тишина B5          @ (2,2,7) hp=2/2
    ✓ Бурав B6           @ (7,6,5) hp=4/4
    ✓ Паук B8            @ (4,9,8) hp=1/1
    ✗ Артиллерия B1      @ (3,6,8) [уничтожен]
    ✗ Прыгун B3          @ (2,5,6) [уничтожен]
    ✗ Факел B4           @ (2,6,8) [уничтожен]
    ✗ Провокатор B7      @ (0,5,8) [уничтожен]
  Team C: живых 4/8
    ✓ Факел C4           @ (7,6,6) hp=6/6
    ✓ Тишина C5          @ (3,5,6) hp=2/2
    ✓ Провокатор C7      @ (7,0,4) hp=2/2
    ✓ Паук C8            @ (7,5,4) hp=1/1
    ✗ Артиллерия C1      @ (6,6,4) [уничтожен]
    ✗ Радиовышка C2      @ (4,3,5) [уничтожен]
    ✗ Прыгун C3          @ (7,6,5) [уничтожен]
    ✗ Бурав C6           @ (3,6,7) [уничтожен]

======================================================================
ХОД 5
======================================================================
✓ 🎮 GM: начинаем ход
GM: start_turn

--- Радиовышки: сканирование слоя Z ---
  Радиовышка A2 (z=7): видит 1 врагов  → Радиовышка B2(2,1,7)
  Радиовышка B2 (z=7): видит 2 врагов  → Радиовышка A2(1,2,7), Бурав A6(3,6,7)

--- Решения ботов ---
  [Team A] Радиовышка A2 (1,2,7) → MOVE (2,1,7)
  [Team A] Прыгун A3 (0,5,8) → MOVE (1,4,7)
  [Team A] Факел A4 (3,6,8) → MOVE (2,5,8)
  [Team A] Тишина A5 (5,3,5) → MOVE (6,4,4)
  [Team A] Бурав A6 (3,6,7) → MOVE (4,7,8)
  [Team B] Радиовышка B2 (2,1,7) → MOVE (1,2,7)
  [Team B] Бурав B6 (7,6,5) → MOVE (7,6,6)
  [Team B] Паук B8 (4,9,8) → MINE (3,8,8)
  [Team B] Тишина B5 → SKIP
  [Team C] Факел C4 (7,6,6) → SHOOT at (7,6,5)
  [Team C] Тишина C5 (3,5,6) → MOVE (3,6,7)
  [Team C] Провокатор C7 (7,0,4) → MOVE (6,1,5)
  [Team C] Паук C8 (7,5,4) → MINE (7,6,5)
! 🎮 GM: принудительно завершает фазу планирования
GM: end_planning
# 
============================================================
# 🔄 ОБРАБОТКА ХОДА 5
# ============================================================
!    ⚠️ Паук B8: в клетке уже стоит мина
!    ⚠️ Паук C8: клетка (7,6,5) занята кораблём

📦 ПЕРЕМЕЩЕНИЯ:
!    ⚠️ Радиовышка A2: клетка (2,1,7) занята
✓    💥 Прыгун A3 тараном сбросил голограмму H2
   Прыгун A3: (0, 5, 8) → (1,4,7)
   Факел A4: (3, 6, 8) → (2,5,8)
   Тишина A5: (5, 3, 5) → (6,4,4)
!    ⚠️ Бурав A6: Бурав двигается только по 1 оси или по 2 осям строго диагонально
!    ⚠️ Радиовышка B2: клетка (1,2,7) занята
✓    💥 Бурав B6 тараном уничтожил Факел C4 в (7,6,6)
   Бурав B6: (7, 6, 5) → (7,6,6)
!    ⚠️ Тишина C5: клетка (3,6,7) занята
!    ⚠️ Провокатор C7: клетка (6,1,5) занята

🎯 ВЫСТРЕЛЫ:
   Выпущено ракет: 0
# 
📊 РЕЗУЛЬТАТЫ ХОДА 5:
🎯 Попаданий нет

--- Результаты хода ---
  Team B / Бурав B6           → Team C / Факел C4           @ (7,6,6)  (УБИТ)

--- Состояние команд после хода ---
  Team A: живых 5/8
    ✓ Радиовышка A2      @ (1,2,7) hp=3/3
    ✓ Прыгун A3          @ (1,4,7) hp=2/2
    ✓ Факел A4           @ (2,5,8) hp=6/6
    ✓ Тишина A5          @ (6,4,4) hp=2/2
    ✓ Бурав A6           @ (3,6,7) hp=4/4
    ✗ Артиллерия A1      @ (4,4,6) [уничтожен]
    ✗ Провокатор A7      @ (2,5,6) [уничтожен]
    ✗ Паук A8            @ (9,8,6) [уничтожен]
  Team B: живых 4/8
    ✓ Радиовышка B2      @ (2,1,7) hp=3/3
    ✓ Тишина B5          @ (2,2,7) hp=2/2
    ✓ Бурав B6           @ (7,6,6) hp=4/4
    ✓ Паук B8            @ (4,9,8) hp=1/1
    ✗ Артиллерия B1      @ (3,6,8) [уничтожен]
    ✗ Прыгун B3          @ (2,5,6) [уничтожен]
    ✗ Факел B4           @ (2,6,8) [уничтожен]
    ✗ Провокатор B7      @ (0,5,8) [уничтожен]
  Team C: живых 3/8
    ✓ Тишина C5          @ (3,5,6) hp=2/2
    ✓ Провокатор C7      @ (7,0,4) hp=2/2
    ✓ Паук C8            @ (7,5,4) hp=1/1
    ✗ Артиллерия C1      @ (6,6,4) [уничтожен]
    ✗ Радиовышка C2      @ (4,3,5) [уничтожен]
    ✗ Прыгун C3          @ (7,6,5) [уничтожен]
    ✗ Факел C4           @ (7,6,6) [уничтожен]
    ✗ Бурав C6           @ (3,6,7) [уничтожен]

======================================================================
ХОД 6
======================================================================
✓ 🎮 GM: начинаем ход
GM: start_turn

--- Радиовышки: сканирование слоя Z ---
  Радиовышка A2 (z=7): видит 1 врагов  → Радиовышка B2(2,1,7)
  Радиовышка B2 (z=7): видит 3 врагов  → Радиовышка A2(1,2,7), Прыгун A3(1,4,7), Бурав A6(3,6,7)

--- Решения ботов ---
  [Team A] Радиовышка A2 (1,2,7) → MOVE (2,1,7)
  [Team A] Прыгун A3 (1,4,7) → MOVE (2,3,7)
  [Team A] Факел A4 (2,5,8) → MOVE (2,4,8)
  [Team A] Тишина A5 (6,4,4) → PHASE toggle
  [Team A] Бурав A6 (3,6,7) → MOVE (4,7,8)
  [Team B] Радиовышка B2 (2,1,7) → MOVE (1,2,7)
  [Team B] Бурав B6 (7,6,6) → MOVE (7,5,5)
  [Team B] Паук B8 (4,9,8) → MINE (3,8,7)
  [Team B] Тишина B5 → SKIP
  [Team C] Тишина C5 (3,5,6) → MOVE (3,6,7)
  [Team C] Провокатор C7 (7,0,4) → HOLOGRAM (6,1,5)
  [Team C] Паук C8 (7,5,4) → MINE (7,5,5)
! 🎮 GM: принудительно завершает фазу планирования
GM: end_planning
# 
============================================================
# 🔄 ОБРАБОТКА ХОДА 6
# ============================================================
   🌀 Тишина A5: фаза ВЫКЛ
!    ⚠️ Провокатор C7: клетка (6,1,5) уже занята голограммой
!    ⚠️ Паук B8: в клетке уже стоит мина
   💣 Паук C8 установил мину M7 в (7,5,5)

📦 ПЕРЕМЕЩЕНИЯ:
!    ⚠️ Радиовышка A2: клетка (2,1,7) занята
   Прыгун A3: (1, 4, 7) → (2,3,7)
   Факел A4: (2, 5, 8) → (2,4,8)
!    ⚠️ Бурав A6: Бурав двигается только по 1 оси или по 2 осям строго диагонально
!    ⚠️ Радиовышка B2: клетка (1,2,7) занята
   Бурав B6: (7, 6, 6) → (7,5,5)
!    💥 Мина M7 сработала под Бурав B6 (урон 2)
!    ⚠️ Тишина C5: клетка (3,6,7) занята

🎯 ВЫСТРЕЛЫ:
   Выпущено ракет: 0
# 
📊 РЕЗУЛЬТАТЫ ХОДА 6:
🎯 Попаданий нет

--- Результаты хода ---
  ? / ?                  → Team B / Бурав B6           @ (7,5,5)  (ранен)

--- Состояние команд после хода ---
  Team A: живых 5/8
    ✓ Радиовышка A2      @ (1,2,7) hp=3/3
    ✓ Прыгун A3          @ (2,3,7) hp=2/2
    ✓ Факел A4           @ (2,4,8) hp=6/6
    ✓ Тишина A5          @ (6,4,4) hp=2/2
    ✓ Бурав A6           @ (3,6,7) hp=4/4
    ✗ Артиллерия A1      @ (4,4,6) [уничтожен]
    ✗ Провокатор A7      @ (2,5,6) [уничтожен]
    ✗ Паук A8            @ (9,8,6) [уничтожен]
  Team B: живых 4/8
    ✓ Радиовышка B2      @ (2,1,7) hp=3/3
    ✓ Тишина B5          @ (2,2,7) hp=2/2
    ✓ Бурав B6           @ (7,5,5) hp=2/4
    ✓ Паук B8            @ (4,9,8) hp=1/1
    ✗ Артиллерия B1      @ (3,6,8) [уничтожен]
    ✗ Прыгун B3          @ (2,5,6) [уничтожен]
    ✗ Факел B4           @ (2,6,8) [уничтожен]
    ✗ Провокатор B7      @ (0,5,8) [уничтожен]
  Team C: живых 3/8
    ✓ Тишина C5          @ (3,5,6) hp=2/2
    ✓ Провокатор C7      @ (7,0,4) hp=2/2
    ✓ Паук C8            @ (7,5,4) hp=1/1
    ✗ Артиллерия C1      @ (6,6,4) [уничтожен]
    ✗ Радиовышка C2      @ (4,3,5) [уничтожен]
    ✗ Прыгун C3          @ (7,6,5) [уничтожен]
    ✗ Факел C4           @ (7,6,6) [уничтожен]
    ✗ Бурав C6           @ (3,6,7) [уничтожен]

======================================================================
ХОД 7
======================================================================
✓ 🎮 GM: начинаем ход
GM: start_turn

--- Радиовышки: сканирование слоя Z ---
  Радиовышка A2 (z=7): видит 1 врагов  → Радиовышка B2(2,1,7)
  Радиовышка B2 (z=7): видит 3 врагов  → Радиовышка A2(1,2,7), Прыгун A3(2,3,7), Бурав A6(3,6,7)

--- Решения ботов ---
  [Team A] Радиовышка A2 (1,2,7) → MOVE (2,1,7)
  [Team A] Прыгун A3 (2,3,7) → SHOOT at (2,1,7)
  [Team A] Факел A4 (2,4,8) → MOVE (2,4,7)
  [Team A] Тишина A5 (6,4,4) → MOVE (7,5,5)
  [Team A] Бурав A6 (3,6,7) → MOVE (4,7,8)
  [Team B] Радиовышка B2 (2,1,7) → MOVE (1,2,7)
  [Team B] Бурав B6 (7,5,5) → MOVE (7,5,4)
  [Team B] Паук B8 (4,9,8) → MINE (3,8,7)
  [Team B] Тишина B5 → SKIP
  [Team C] Тишина C5 (3,5,6) → MOVE (3,6,7)
  [Team C] Провокатор C7 (7,0,4) → HOLOGRAM (6,1,4)
  [Team C] Паук C8 (7,5,4) → MINE (6,4,4)
! 🎮 GM: принудительно завершает фазу планирования
GM: end_planning
# 
============================================================
# 🔄 ОБРАБОТКА ХОДА 7
# ============================================================
   🪞 Провокатор C7 создал голограмму H10 в (6,1,4)
!    ⚠️ Паук B8: в клетке уже стоит мина
!    ⚠️ Паук C8: клетка (6,4,4) занята кораблём

📦 ПЕРЕМЕЩЕНИЯ:
!    ⚠️ Радиовышка A2: клетка (2,1,7) занята
   Факел A4: (2, 4, 8) → (2,4,7)
!    ⚠️ Тишина A5: клетка (7,5,5) занята
!    ⚠️ Бурав A6: Бурав двигается только по 1 оси или по 2 осям строго диагонально
!    ⚠️ Радиовышка B2: клетка (1,2,7) занята
✓    💥 Бурав B6 тараном уничтожил Паук C8 в (7,5,4)
   Бурав B6: (7, 5, 5) → (7,5,4)
!    ⚠️ Тишина C5: клетка (3,6,7) занята

🎯 ВЫСТРЕЛЫ:
✓    ✅ Прыгун A3 поразил Радиовышка B2 (1 урона)!
   Выпущено ракет: 1
# 
📊 РЕЗУЛЬТАТЫ ХОДА 7:
✓ 💥 ПОПАДАНИЯ:
✓    Прыгун A3 (Team A) → Радиовышка B2 (Team B)

--- Результаты хода ---
  Team B / Бурав B6           → Team C / Паук C8            @ (7,5,4)  (УБИТ)
  Team A / Прыгун A3          → Team B / Радиовышка B2      @ (2,1,7)  (ранен)

--- Состояние команд после хода ---
  Team A: живых 5/8
    ✓ Радиовышка A2      @ (1,2,7) hp=3/3
    ✓ Прыгун A3          @ (2,3,7) hp=2/2
    ✓ Факел A4           @ (2,4,7) hp=6/6
    ✓ Тишина A5          @ (6,4,4) hp=2/2
    ✓ Бурав A6           @ (3,6,7) hp=4/4
    ✗ Артиллерия A1      @ (4,4,6) [уничтожен]
    ✗ Провокатор A7      @ (2,5,6) [уничтожен]
    ✗ Паук A8            @ (9,8,6) [уничтожен]
  Team B: живых 4/8
    ✓ Радиовышка B2      @ (2,1,7) hp=2/3
    ✓ Тишина B5          @ (2,2,7) hp=2/2
    ✓ Бурав B6           @ (7,5,4) hp=2/4
    ✓ Паук B8            @ (4,9,8) hp=1/1
    ✗ Артиллерия B1      @ (3,6,8) [уничтожен]
    ✗ Прыгун B3          @ (2,5,6) [уничтожен]
    ✗ Факел B4           @ (2,6,8) [уничтожен]
    ✗ Провокатор B7      @ (0,5,8) [уничтожен]
  Team C: живых 2/8
    ✓ Тишина C5          @ (3,5,6) hp=2/2
    ✓ Провокатор C7      @ (7,0,4) hp=2/2
    ✗ Артиллерия C1      @ (6,6,4) [уничтожен]
    ✗ Радиовышка C2      @ (4,3,5) [уничтожен]
    ✗ Прыгун C3          @ (7,6,5) [уничтожен]
    ✗ Факел C4           @ (7,6,6) [уничтожен]
    ✗ Бурав C6           @ (3,6,7) [уничтожен]
    ✗ Паук C8            @ (7,5,4) [уничтожен]

======================================================================
ХОД 8
======================================================================
✓ 🎮 GM: начинаем ход
GM: start_turn

--- Радиовышки: сканирование слоя Z ---
  Радиовышка A2 (z=7): видит 1 врагов  → Радиовышка B2(2,1,7)
  Радиовышка B2 (z=7): видит 4 врагов  → Радиовышка A2(1,2,7), Прыгун A3(2,3,7), Факел A4(2,4,7), Бурав A6(3,6,7)

--- Решения ботов ---
  [Team A] Радиовышка A2 (1,2,7) → MOVE (2,1,7)
  [Team A] Прыгун A3 (2,3,7) → SHOOT at (2,1,7)
  [Team A] Факел A4 (2,4,7) → SHOOT at (2,1,7)
  [Team A] Тишина A5 (6,4,4) → MOVE (7,5,4)
  [Team A] Бурав A6 (3,6,7) → MOVE (4,7,8)
  [Team B] Радиовышка B2 (2,1,7) → MOVE (1,2,7)
  [Team B] Бурав B6 (7,5,4) → MOVE (6,4,4)
  [Team B] Паук B8 (4,9,8) → MINE (3,8,7)
  [Team B] Тишина B5 → SKIP
  [Team C] Тишина C5 (3,5,6) → MOVE (2,4,7)
  [Team C] Провокатор C7 (7,0,4) → HOLOGRAM (6,1,4)
! 🎮 GM: принудительно завершает фазу планирования
GM: end_planning
# 
============================================================
# 🔄 ОБРАБОТКА ХОДА 8
# ============================================================
!    ⚠️ Провокатор C7: клетка (6,1,4) уже занята голограммой
!    ⚠️ Паук B8: в клетке уже стоит мина

📦 ПЕРЕМЕЩЕНИЯ:
!    ⚠️ Радиовышка A2: клетка (2,1,7) занята
!    ⚠️ Тишина A5: клетка (7,5,4) занята
!    ⚠️ Бурав A6: Бурав двигается только по 1 оси или по 2 осям строго диагонально
!    ⚠️ Радиовышка B2: клетка (1,2,7) занята
✓    💥 Бурав B6 тараном уничтожил Тишина A5 в (6,4,4)
   Бурав B6: (7, 5, 4) → (6,4,4)
!    ⚠️ Тишина C5: клетка (2,4,7) занята

🎯 ВЫСТРЕЛЫ:
!    🛡️ Выстрел Факел A4 заблокирован союзником Прыгун A3 в (2, 3, 7)
✓    ✅ Прыгун A3 поразил Радиовышка B2 (1 урона)!
   Выпущено ракет: 2
# 
📊 РЕЗУЛЬТАТЫ ХОДА 8:
✓ 💥 ПОПАДАНИЯ:
✓    Прыгун A3 (Team A) → Радиовышка B2 (Team B)

--- Результаты хода ---
  Team B / Бурав B6           → Team A / Тишина A5          @ (6,4,4)  (УБИТ)
  Team A / Прыгун A3          → Team B / Радиовышка B2      @ (2,1,7)  (ранен)

--- Состояние команд после хода ---
  Team A: живых 4/8
    ✓ Радиовышка A2      @ (1,2,7) hp=3/3
    ✓ Прыгун A3          @ (2,3,7) hp=2/2
    ✓ Факел A4           @ (2,4,7) hp=6/6
    ✓ Бурав A6           @ (3,6,7) hp=4/4
    ✗ Артиллерия A1      @ (4,4,6) [уничтожен]
    ✗ Тишина A5          @ (6,4,4) [уничтожен]
    ✗ Провокатор A7      @ (2,5,6) [уничтожен]
    ✗ Паук A8            @ (9,8,6) [уничтожен]
  Team B: живых 4/8
    ✓ Радиовышка B2      @ (2,1,7) hp=1/3
    ✓ Тишина B5          @ (2,2,7) hp=2/2
    ✓ Бурав B6           @ (6,4,4) hp=2/4
    ✓ Паук B8            @ (4,9,8) hp=1/1
    ✗ Артиллерия B1      @ (3,6,8) [уничтожен]
    ✗ Прыгун B3          @ (2,5,6) [уничтожен]
    ✗ Факел B4           @ (2,6,8) [уничтожен]
    ✗ Провокатор B7      @ (0,5,8) [уничтожен]
  Team C: живых 2/8
    ✓ Тишина C5          @ (3,5,6) hp=2/2
    ✓ Провокатор C7      @ (7,0,4) hp=2/2
    ✗ Артиллерия C1      @ (6,6,4) [уничтожен]
    ✗ Радиовышка C2      @ (4,3,5) [уничтожен]
    ✗ Прыгун C3          @ (7,6,5) [уничтожен]
    ✗ Факел C4           @ (7,6,6) [уничтожен]
    ✗ Бурав C6           @ (3,6,7) [уничтожен]
    ✗ Паук C8            @ (7,5,4) [уничтожен]

======================================================================
ХОД 9
======================================================================
✓ 🎮 GM: начинаем ход
GM: start_turn

--- Радиовышки: сканирование слоя Z ---
  Радиовышка A2 (z=7): видит 1 врагов  → Радиовышка B2(2,1,7)
  Радиовышка B2 (z=7): видит 4 врагов  → Радиовышка A2(1,2,7), Прыгун A3(2,3,7), Факел A4(2,4,7), Бурав A6(3,6,7)

--- Решения ботов ---
  [Team A] Радиовышка A2 (1,2,7) → MOVE (2,1,7)
  [Team A] Прыгун A3 (2,3,7) → SHOOT at (2,1,7)
  [Team A] Факел A4 (2,4,7) → SHOOT at (2,1,7)
  [Team A] Бурав A6 (3,6,7) → MOVE (4,5,6)
  [Team B] Радиовышка B2 (2,1,7) → MOVE (1,2,7)
  [Team B] Бурав B6 (6,4,4) → MOVE (5,5,5)
  [Team B] Паук B8 (4,9,8) → MINE (3,8,7)
  [Team B] Тишина B5 → SKIP
  [Team C] Тишина C5 (3,5,6) → MOVE (2,4,7)
  [Team C] Провокатор C7 (7,0,4) → HOLOGRAM (6,1,4)
! 🎮 GM: принудительно завершает фазу планирования
GM: end_planning
# 
============================================================
# 🔄 ОБРАБОТКА ХОДА 9
# ============================================================
!    ⚠️ Провокатор C7: клетка (6,1,4) уже занята голограммой
!    ⚠️ Паук B8: в клетке уже стоит мина

📦 ПЕРЕМЕЩЕНИЯ:
!    ⚠️ Радиовышка A2: клетка (2,1,7) занята
!    ⚠️ Бурав A6: Бурав двигается только по 1 оси или по 2 осям строго диагонально
!    ⚠️ Радиовышка B2: клетка (1,2,7) занята
!    ⚠️ Бурав B6: Бурав двигается только по 1 оси или по 2 осям строго диагонально
!    ⚠️ Тишина C5: клетка (2,4,7) занята

🎯 ВЫСТРЕЛЫ:
!    🛡️ Выстрел Факел A4 заблокирован союзником Прыгун A3 в (2, 3, 7)
✓    ✅ Прыгун A3 поразил Радиовышка B2 (1 урона)!
   Выпущено ракет: 2
# 
📊 РЕЗУЛЬТАТЫ ХОДА 9:
✓ 💥 ПОПАДАНИЯ:
✓    Прыгун A3 (Team A) → Радиовышка B2 (Team B)

--- Результаты хода ---
  Team A / Прыгун A3          → Team B / Радиовышка B2      @ (2,1,7)  (УБИТ)

--- Состояние команд после хода ---
  Team A: живых 4/8
    ✓ Радиовышка A2      @ (1,2,7) hp=3/3
    ✓ Прыгун A3          @ (2,3,7) hp=2/2
    ✓ Факел A4           @ (2,4,7) hp=6/6
    ✓ Бурав A6           @ (3,6,7) hp=4/4
    ✗ Артиллерия A1      @ (4,4,6) [уничтожен]
    ✗ Тишина A5          @ (6,4,4) [уничтожен]
    ✗ Провокатор A7      @ (2,5,6) [уничтожен]
    ✗ Паук A8            @ (9,8,6) [уничтожен]
  Team B: живых 3/8
    ✓ Тишина B5          @ (2,2,7) hp=2/2
    ✓ Бурав B6           @ (6,4,4) hp=2/4
    ✓ Паук B8            @ (4,9,8) hp=1/1
    ✗ Артиллерия B1      @ (3,6,8) [уничтожен]
    ✗ Радиовышка B2      @ (2,1,7) [уничтожен]
    ✗ Прыгун B3          @ (2,5,6) [уничтожен]
    ✗ Факел B4           @ (2,6,8) [уничтожен]
    ✗ Провокатор B7      @ (0,5,8) [уничтожен]
  Team C: живых 2/8
    ✓ Тишина C5          @ (3,5,6) hp=2/2
    ✓ Провокатор C7      @ (7,0,4) hp=2/2
    ✗ Артиллерия C1      @ (6,6,4) [уничтожен]
    ✗ Радиовышка C2      @ (4,3,5) [уничтожен]
    ✗ Прыгун C3          @ (7,6,5) [уничтожен]
    ✗ Факел C4           @ (7,6,6) [уничтожен]
    ✗ Бурав C6           @ (3,6,7) [уничтожен]
    ✗ Паук C8            @ (7,5,4) [уничтожен]

======================================================================
ХОД 10
======================================================================
✓ 🎮 GM: начинаем ход
GM: start_turn

--- Радиовышки: сканирование слоя Z ---
  Радиовышка A2 (z=7): слой чист

--- Решения ботов ---
  [Team A] Радиовышка A2 (1,2,7) → MOVE (2,3,6)
  [Team A] Прыгун A3 (2,3,7) → MOVE (3,4,6)
  [Team A] Бурав A6 (3,6,7) → MOVE (4,5,6)
  [Team A] Факел A4 → SKIP
  [Team B] Тишина B5 (2,2,7) → MOVE (1,2,7)
  [Team B] Бурав B6 (6,4,4) → MOVE (5,5,5)
  [Team B] Паук B8 (4,9,8) → MINE (3,8,7)
  [Team C] Тишина C5 (3,5,6) → MOVE (2,4,7)
  [Team C] Провокатор C7 (7,0,4) → HOLOGRAM (6,1,4)
! 🎮 GM: принудительно завершает фазу планирования
GM: end_planning
# 
============================================================
# 🔄 ОБРАБОТКА ХОДА 10
# ============================================================
!    ⚠️ Провокатор C7: клетка (6,1,4) уже занята голограммой
!    ⚠️ Паук B8: в клетке уже стоит мина

📦 ПЕРЕМЕЩЕНИЯ:
   Радиовышка A2: (1, 2, 7) → (2,3,6)
   Прыгун A3: (2, 3, 7) → (3,4,6)
!    ⚠️ Бурав A6: Бурав двигается только по 1 оси или по 2 осям строго диагонально
   Тишина B5: (2, 2, 7) → (1,2,7)
!    ⚠️ Бурав B6: Бурав двигается только по 1 оси или по 2 осям строго диагонально
!    ⚠️ Тишина C5: клетка (2,4,7) занята

🎯 ВЫСТРЕЛЫ:
   Выпущено ракет: 0
# 
📊 РЕЗУЛЬТАТЫ ХОДА 10:
🎯 Попаданий нет

--- Результаты хода ---
  Попаданий нет

--- Состояние команд после хода ---
  Team A: живых 4/8
    ✓ Радиовышка A2      @ (2,3,6) hp=3/3
    ✓ Прыгун A3          @ (3,4,6) hp=2/2
    ✓ Факел A4           @ (2,4,7) hp=6/6
    ✓ Бурав A6           @ (3,6,7) hp=4/4
    ✗ Артиллерия A1      @ (4,4,6) [уничтожен]
    ✗ Тишина A5          @ (6,4,4) [уничтожен]
    ✗ Провокатор A7      @ (2,5,6) [уничтожен]
    ✗ Паук A8            @ (9,8,6) [уничтожен]
  Team B: живых 3/8
    ✓ Тишина B5          @ (1,2,7) hp=2/2
    ✓ Бурав B6           @ (6,4,4) hp=2/4
    ✓ Паук B8            @ (4,9,8) hp=1/1
    ✗ Артиллерия B1      @ (3,6,8) [уничтожен]
    ✗ Радиовышка B2      @ (2,1,7) [уничтожен]
    ✗ Прыгун B3          @ (2,5,6) [уничтожен]
    ✗ Факел B4           @ (2,6,8) [уничтожен]
    ✗ Провокатор B7      @ (0,5,8) [уничтожен]
  Team C: живых 2/8
    ✓ Тишина C5          @ (3,5,6) hp=2/2
    ✓ Провокатор C7      @ (7,0,4) hp=2/2
    ✗ Артиллерия C1      @ (6,6,4) [уничтожен]
    ✗ Радиовышка C2      @ (4,3,5) [уничтожен]
    ✗ Прыгун C3          @ (7,6,5) [уничтожен]
    ✗ Факел C4           @ (7,6,6) [уничтожен]
    ✗ Бурав C6           @ (3,6,7) [уничтожен]
    ✗ Паук C8            @ (7,5,4) [уничтожен]

======================================================================
ХОД 11
======================================================================
✓ 🎮 GM: начинаем ход
GM: start_turn

--- Радиовышки: сканирование слоя Z ---
  Радиовышка A2 (z=6): слой чист

--- Решения ботов ---
  [Team A] Радиовышка A2 (2,3,6) → MOVE (3,4,5)
  [Team A] Прыгун A3 (3,4,6) → MOVE (4,4,5)
  [Team A] Факел A4 (2,4,7) → MOVE (2,4,6)
  [Team A] Бурав A6 (3,6,7) → MOVE (4,5,6)
  [Team B] Тишина B5 (1,2,7) → MOVE (2,3,6)
  [Team B] Бурав B6 (6,4,4) → MOVE (5,4,5)
  [Team B] Паук B8 (4,9,8) → MINE (3,8,7)
  [Team C] Тишина C5 (3,5,6) → MOVE (3,4,6)
  [Team C] Провокатор C7 (7,0,4) → HOLOGRAM (6,1,5)
! 🎮 GM: принудительно завершает фазу планирования
GM: end_planning
# 
============================================================
# 🔄 ОБРАБОТКА ХОДА 11
# ============================================================
!    ⚠️ Провокатор C7: клетка (6,1,5) уже занята голограммой
!    ⚠️ Паук B8: в клетке уже стоит мина

📦 ПЕРЕМЕЩЕНИЯ:
   Радиовышка A2: (2, 3, 6) → (3,4,5)
   Прыгун A3: (3, 4, 6) → (4,4,5)
   Факел A4: (2, 4, 7) → (2,4,6)
!    ⚠️ Бурав A6: Бурав двигается только по 1 оси или по 2 осям строго диагонально
   Тишина B5: (1, 2, 7) → (2,3,6)
   Бурав B6: (6, 4, 4) → (5,4,5)
   Тишина C5: (3, 5, 6) → (3,4,6)

🎯 ВЫСТРЕЛЫ:
   Выпущено ракет: 0
# 
📊 РЕЗУЛЬТАТЫ ХОДА 11:
🎯 Попаданий нет

--- Результаты хода ---
  Попаданий нет

--- Состояние команд после хода ---
  Team A: живых 4/8
    ✓ Радиовышка A2      @ (3,4,5) hp=3/3
    ✓ Прыгун A3          @ (4,4,5) hp=2/2
    ✓ Факел A4           @ (2,4,6) hp=6/6
    ✓ Бурав A6           @ (3,6,7) hp=4/4
    ✗ Артиллерия A1      @ (4,4,6) [уничтожен]
    ✗ Тишина A5          @ (6,4,4) [уничтожен]
    ✗ Провокатор A7      @ (2,5,6) [уничтожен]
    ✗ Паук A8            @ (9,8,6) [уничтожен]
  Team B: живых 3/8
    ✓ Тишина B5          @ (2,3,6) hp=2/2
    ✓ Бурав B6           @ (5,4,5) hp=2/4
    ✓ Паук B8            @ (4,9,8) hp=1/1
    ✗ Артиллерия B1      @ (3,6,8) [уничтожен]
    ✗ Радиовышка B2      @ (2,1,7) [уничтожен]
    ✗ Прыгун B3          @ (2,5,6) [уничтожен]
    ✗ Факел B4           @ (2,6,8) [уничтожен]
    ✗ Провокатор B7      @ (0,5,8) [уничтожен]
  Team C: живых 2/8
    ✓ Тишина C5          @ (3,4,6) hp=2/2
    ✓ Провокатор C7      @ (7,0,4) hp=2/2
    ✗ Артиллерия C1      @ (6,6,4) [уничтожен]
    ✗ Радиовышка C2      @ (4,3,5) [уничтожен]
    ✗ Прыгун C3          @ (7,6,5) [уничтожен]
    ✗ Факел C4           @ (7,6,6) [уничтожен]
    ✗ Бурав C6           @ (3,6,7) [уничтожен]
    ✗ Паук C8            @ (7,5,4) [уничтожен]

======================================================================
ХОД 12
======================================================================
✓ 🎮 GM: начинаем ход
GM: start_turn

--- Радиовышки: сканирование слоя Z ---
  Радиовышка A2 (z=5): видит 1 врагов  → Бурав B6(5,4,5)

--- Решения ботов ---
  [Team A] Прыгун A3 (4,4,5) → MOVE (5,4,5)
  [Team A] Факел A4 (2,4,6) → MOVE (2,4,5)
  [Team A] Бурав A6 (3,6,7) → MOVE (4,5,6)
  [Team A] Радиовышка A2 → SKIP
  [Team B] Тишина B5 (2,3,6) → MOVE (3,4,5)
  [Team B] Бурав B6 (5,4,5) → MOVE (4,4,5)
  [Team B] Паук B8 (4,9,8) → MINE (3,8,7)
  [Team C] Тишина C5 (3,4,6) → MOVE (3,4,5)
  [Team C] Провокатор C7 (7,0,4) → HOLOGRAM (6,1,5)
! 🎮 GM: принудительно завершает фазу планирования
GM: end_planning
# 
============================================================
# 🔄 ОБРАБОТКА ХОДА 12
# ============================================================
!    ⚠️ Провокатор C7: клетка (6,1,5) уже занята голограммой
!    ⚠️ Паук B8: в клетке уже стоит мина

📦 ПЕРЕМЕЩЕНИЯ:
✓    💥 Прыгун A3 тараном уничтожил Бурав B6 в (5,4,5)
   Прыгун A3: (4, 4, 5) → (5,4,5)
   Факел A4: (2, 4, 6) → (2,4,5)
!    ⚠️ Бурав A6: Бурав двигается только по 1 оси или по 2 осям строго диагонально
!    ⚠️ Тишина B5: клетка (3,4,5) занята
!    ⚠️ Тишина C5: клетка (3,4,5) занята

🎯 ВЫСТРЕЛЫ:
   Выпущено ракет: 0
# 
📊 РЕЗУЛЬТАТЫ ХОДА 12:
🎯 Попаданий нет

--- Результаты хода ---
  Team A / Прыгун A3          → Team B / Бурав B6           @ (5,4,5)  (УБИТ)

--- Состояние команд после хода ---
  Team A: живых 4/8
    ✓ Радиовышка A2      @ (3,4,5) hp=3/3
    ✓ Прыгун A3          @ (5,4,5) hp=2/2
    ✓ Факел A4           @ (2,4,5) hp=6/6
    ✓ Бурав A6           @ (3,6,7) hp=4/4
    ✗ Артиллерия A1      @ (4,4,6) [уничтожен]
    ✗ Тишина A5          @ (6,4,4) [уничтожен]
    ✗ Провокатор A7      @ (2,5,6) [уничтожен]
    ✗ Паук A8            @ (9,8,6) [уничтожен]
  Team B: живых 2/8
    ✓ Тишина B5          @ (2,3,6) hp=2/2
    ✓ Паук B8            @ (4,9,8) hp=1/1
    ✗ Артиллерия B1      @ (3,6,8) [уничтожен]
    ✗ Радиовышка B2      @ (2,1,7) [уничтожен]
    ✗ Прыгун B3          @ (2,5,6) [уничтожен]
    ✗ Факел B4           @ (2,6,8) [уничтожен]
    ✗ Бурав B6           @ (5,4,5) [уничтожен]
    ✗ Провокатор B7      @ (0,5,8) [уничтожен]
  Team C: живых 2/8
    ✓ Тишина C5          @ (3,4,6) hp=2/2
    ✓ Провокатор C7      @ (7,0,4) hp=2/2
    ✗ Артиллерия C1      @ (6,6,4) [уничтожен]
    ✗ Радиовышка C2      @ (4,3,5) [уничтожен]
    ✗ Прыгун C3          @ (7,6,5) [уничтожен]
    ✗ Факел C4           @ (7,6,6) [уничтожен]
    ✗ Бурав C6           @ (3,6,7) [уничтожен]
    ✗ Паук C8            @ (7,5,4) [уничтожен]

======================================================================
ХОД 13
======================================================================
✓ 🎮 GM: начинаем ход
GM: start_turn

--- Радиовышки: сканирование слоя Z ---
  Радиовышка A2 (z=5): слой чист

--- Решения ботов ---
  [Team A] Радиовышка A2 (3,4,5) → MOVE (4,5,6)
  [Team A] Прыгун A3 (5,4,5) → MOVE (4,4,5)
  [Team A] Бурав A6 (3,6,7) → MOVE (4,7,8)
  [Team A] Факел A4 → SKIP
  [Team B] Тишина B5 (2,3,6) → MOVE (3,4,5)
  [Team B] Паук B8 (4,9,8) → MINE (3,8,7)
  [Team C] Тишина C5 (3,4,6) → MOVE (3,4,5)
  [Team C] Провокатор C7 (7,0,4) → HOLOGRAM (6,1,5)
! 🎮 GM: принудительно завершает фазу планирования
GM: end_planning
# 
============================================================
# 🔄 ОБРАБОТКА ХОДА 13
# ============================================================
!    ⚠️ Провокатор C7: клетка (6,1,5) уже занята голограммой
!    ⚠️ Паук B8: в клетке уже стоит мина

📦 ПЕРЕМЕЩЕНИЯ:
   Радиовышка A2: (3, 4, 5) → (4,5,6)
   Прыгун A3: (5, 4, 5) → (4,4,5)
!    ⚠️ Бурав A6: Бурав двигается только по 1 оси или по 2 осям строго диагонально
   Тишина B5: (2, 3, 6) → (3,4,5)
   Тишина C5: (3, 4, 6) → (3,4,5)

🎯 ВЫСТРЕЛЫ:
   Выпущено ракет: 0
# 
📊 РЕЗУЛЬТАТЫ ХОДА 13:
🎯 Попаданий нет

--- Результаты хода ---
  Попаданий нет

--- Состояние команд после хода ---
  Team A: живых 4/8
    ✓ Радиовышка A2      @ (4,5,6) hp=3/3
    ✓ Прыгун A3          @ (4,4,5) hp=2/2
    ✓ Факел A4           @ (2,4,5) hp=6/6
    ✓ Бурав A6           @ (3,6,7) hp=4/4
    ✗ Артиллерия A1      @ (4,4,6) [уничтожен]
    ✗ Тишина A5          @ (6,4,4) [уничтожен]
    ✗ Провокатор A7      @ (2,5,6) [уничтожен]
    ✗ Паук A8            @ (9,8,6) [уничтожен]
  Team B: живых 2/8
    ✓ Тишина B5          @ (3,4,5) hp=2/2
    ✓ Паук B8            @ (4,9,8) hp=1/1
    ✗ Артиллерия B1      @ (3,6,8) [уничтожен]
    ✗ Радиовышка B2      @ (2,1,7) [уничтожен]
    ✗ Прыгун B3          @ (2,5,6) [уничтожен]
    ✗ Факел B4           @ (2,6,8) [уничтожен]
    ✗ Бурав B6           @ (5,4,5) [уничтожен]
    ✗ Провокатор B7      @ (0,5,8) [уничтожен]
  Team C: живых 2/8
    ✓ Тишина C5          @ (3,4,5) hp=2/2
    ✓ Провокатор C7      @ (7,0,4) hp=2/2
    ✗ Артиллерия C1      @ (6,6,4) [уничтожен]
    ✗ Радиовышка C2      @ (4,3,5) [уничтожен]
    ✗ Прыгун C3          @ (7,6,5) [уничтожен]
    ✗ Факел C4           @ (7,6,6) [уничтожен]
    ✗ Бурав C6           @ (3,6,7) [уничтожен]
    ✗ Паук C8            @ (7,5,4) [уничтожен]

======================================================================
ХОД 14
======================================================================
✓ 🎮 GM: начинаем ход
GM: start_turn

--- Радиовышки: сканирование слоя Z ---
  Радиовышка A2 (z=6): слой чист

--- Решения ботов ---
  [Team A] Радиовышка A2 (4,5,6) → MOVE (4,6,7)
  [Team A] Прыгун A3 (4,4,5) → MOVE (4,5,5)
  [Team A] Факел A4 (2,4,5) → MOVE (3,4,5)
  [Team A] Бурав A6 (3,6,7) → MOVE (4,7,8)
  [Team B] Тишина B5 (3,4,5) → MOVE (4,5,6)
  [Team B] Паук B8 (4,9,8) → MINE (3,8,7)
  [Team C] Тишина C5 (3,4,5) → MOVE (4,5,6)
  [Team C] Провокатор C7 (7,0,4) → HOLOGRAM (6,1,5)
! 🎮 GM: принудительно завершает фазу планирования
GM: end_planning
# 
============================================================
# 🔄 ОБРАБОТКА ХОДА 14
# ============================================================
!    ⚠️ Провокатор C7: клетка (6,1,5) уже занята голограммой
!    ⚠️ Паук B8: в клетке уже стоит мина

📦 ПЕРЕМЕЩЕНИЯ:
   Радиовышка A2: (4, 5, 6) → (4,6,7)
   Прыгун A3: (4, 4, 5) → (4,5,5)
   Факел A4: (2, 4, 5) → (3,4,5)
!    ⚠️ Бурав A6: Бурав двигается только по 1 оси или по 2 осям строго диагонально
   Тишина B5: (3, 4, 5) → (4,5,6)
   Тишина C5: (3, 4, 5) → (4,5,6)

🎯 ВЫСТРЕЛЫ:
   Выпущено ракет: 0
# 
📊 РЕЗУЛЬТАТЫ ХОДА 14:
🎯 Попаданий нет

--- Результаты хода ---
  Попаданий нет

--- Состояние команд после хода ---
  Team A: живых 4/8
    ✓ Радиовышка A2      @ (4,6,7) hp=3/3
    ✓ Прыгун A3          @ (4,5,5) hp=2/2
    ✓ Факел A4           @ (3,4,5) hp=6/6
    ✓ Бурав A6           @ (3,6,7) hp=4/4
    ✗ Артиллерия A1      @ (4,4,6) [уничтожен]
    ✗ Тишина A5          @ (6,4,4) [уничтожен]
    ✗ Провокатор A7      @ (2,5,6) [уничтожен]
    ✗ Паук A8            @ (9,8,6) [уничтожен]
  Team B: живых 2/8
    ✓ Тишина B5          @ (4,5,6) hp=2/2
    ✓ Паук B8            @ (4,9,8) hp=1/1
    ✗ Артиллерия B1      @ (3,6,8) [уничтожен]
    ✗ Радиовышка B2      @ (2,1,7) [уничтожен]
    ✗ Прыгун B3          @ (2,5,6) [уничтожен]
    ✗ Факел B4           @ (2,6,8) [уничтожен]
    ✗ Бурав B6           @ (5,4,5) [уничтожен]
    ✗ Провокатор B7      @ (0,5,8) [уничтожен]
  Team C: живых 2/8
    ✓ Тишина C5          @ (4,5,6) hp=2/2
    ✓ Провокатор C7      @ (7,0,4) hp=2/2
    ✗ Артиллерия C1      @ (6,6,4) [уничтожен]
    ✗ Радиовышка C2      @ (4,3,5) [уничтожен]
    ✗ Прыгун C3          @ (7,6,5) [уничтожен]
    ✗ Факел C4           @ (7,6,6) [уничтожен]
    ✗ Бурав C6           @ (3,6,7) [уничтожен]
    ✗ Паук C8            @ (7,5,4) [уничтожен]

======================================================================
ХОД 15
======================================================================
✓ 🎮 GM: начинаем ход
GM: start_turn

--- Радиовышки: сканирование слоя Z ---
  Радиовышка A2 (z=7): слой чист

--- Решения ботов ---
  [Team A] Радиовышка A2 (4,6,7) → MOVE (4,7,8)
  [Team A] Прыгун A3 (4,5,5) → MOVE (4,6,6)
  [Team A] Факел A4 (3,4,5) → MOVE (3,5,5)
  [Team A] Бурав A6 (3,6,7) → MOVE (4,6,8)
  [Team B] Тишина B5 (4,5,6) → MOVE (4,6,7)
  [Team B] Паук B8 (4,9,8) → MINE (4,8,7)
  [Team C] Тишина C5 (4,5,6) → MOVE (4,6,7)
  [Team C] Провокатор C7 (7,0,4) → HOLOGRAM (6,1,5)
! 🎮 GM: принудительно завершает фазу планирования
GM: end_planning
# 
============================================================
# 🔄 ОБРАБОТКА ХОДА 15
# ============================================================
!    ⚠️ Провокатор C7: клетка (6,1,5) уже занята голограммой
!    ⚠️ Паук B8: в клетке уже стоит мина

📦 ПЕРЕМЕЩЕНИЯ:
   Радиовышка A2: (4, 6, 7) → (4,7,8)
   Прыгун A3: (4, 5, 5) → (4,6,6)
   Факел A4: (3, 4, 5) → (3,5,5)
   Бурав A6: (3, 6, 7) → (4,6,8)
   Тишина B5: (4, 5, 6) → (4,6,7)
   Тишина C5: (4, 5, 6) → (4,6,7)

🎯 ВЫСТРЕЛЫ:
   Выпущено ракет: 0
# 
📊 РЕЗУЛЬТАТЫ ХОДА 15:
🎯 Попаданий нет

--- Результаты хода ---
  Попаданий нет

--- Состояние команд после хода ---
  Team A: живых 4/8
    ✓ Радиовышка A2      @ (4,7,8) hp=3/3
    ✓ Прыгун A3          @ (4,6,6) hp=2/2
    ✓ Факел A4           @ (3,5,5) hp=6/6
    ✓ Бурав A6           @ (4,6,8) hp=4/4
    ✗ Артиллерия A1      @ (4,4,6) [уничтожен]
    ✗ Тишина A5          @ (6,4,4) [уничтожен]
    ✗ Провокатор A7      @ (2,5,6) [уничтожен]
    ✗ Паук A8            @ (9,8,6) [уничтожен]
  Team B: живых 2/8
    ✓ Тишина B5          @ (4,6,7) hp=2/2
    ✓ Паук B8            @ (4,9,8) hp=1/1
    ✗ Артиллерия B1      @ (3,6,8) [уничтожен]
    ✗ Радиовышка B2      @ (2,1,7) [уничтожен]
    ✗ Прыгун B3          @ (2,5,6) [уничтожен]
    ✗ Факел B4           @ (2,6,8) [уничтожен]
    ✗ Бурав B6           @ (5,4,5) [уничтожен]
    ✗ Провокатор B7      @ (0,5,8) [уничтожен]
  Team C: живых 2/8
    ✓ Тишина C5          @ (4,6,7) hp=2/2
    ✓ Провокатор C7      @ (7,0,4) hp=2/2
    ✗ Артиллерия C1      @ (6,6,4) [уничтожен]
    ✗ Радиовышка C2      @ (4,3,5) [уничтожен]
    ✗ Прыгун C3          @ (7,6,5) [уничтожен]
    ✗ Факел C4           @ (7,6,6) [уничтожен]
    ✗ Бурав C6           @ (3,6,7) [уничтожен]
    ✗ Паук C8            @ (7,5,4) [уничтожен]

======================================================================
ХОД 16
======================================================================
✓ 🎮 GM: начинаем ход
GM: start_turn

--- Радиовышки: сканирование слоя Z ---
  Радиовышка A2 (z=8): видит 1 врагов  → Паук B8(4,9,8)

--- Решения ботов ---
  [Team A] Радиовышка A2 (4,7,8) → MOVE (4,8,8)
  [Team A] Прыгун A3 (4,6,6) → MOVE (4,7,7)
  [Team A] Факел A4 (3,5,5) → MOVE (3,6,6)
  [Team A] Бурав A6 (4,6,8) → MOVE (4,9,8)
  [Team B] Тишина B5 (4,6,7) → MOVE (4,7,8)
  [Team B] Паук B8 (4,9,8) → MINE (4,8,8)
  [Team C] Тишина C5 (4,6,7) → MOVE (4,7,8)
  [Team C] Провокатор C7 (7,0,4) → HOLOGRAM (6,1,5)
! 🎮 GM: принудительно завершает фазу планирования
GM: end_planning
# 
============================================================
# 🔄 ОБРАБОТКА ХОДА 16
# ============================================================
!    ⚠️ Провокатор C7: клетка (6,1,5) уже занята голограммой
   💣 Паук B8 установил мину M8 в (4,8,8)

📦 ПЕРЕМЕЩЕНИЯ:
   Радиовышка A2: (4, 7, 8) → (4,8,8)
!    💥 Мина M8 сработала под Радиовышка A2 (урон 2)
   Прыгун A3: (4, 6, 6) → (4,7,7)
   Факел A4: (3, 5, 5) → (3,6,6)
✓    💥 Бурав A6 тараном уничтожил Паук B8 в (4,9,8)
   Бурав A6: (4, 6, 8) → (4,9,8)
   Тишина B5: (4, 6, 7) → (4,7,8)
   Тишина C5: (4, 6, 7) → (4,7,8)

🎯 ВЫСТРЕЛЫ:
   Выпущено ракет: 0
# 
📊 РЕЗУЛЬТАТЫ ХОДА 16:
🎯 Попаданий нет

--- Результаты хода ---
  ? / ?                  → Team A / Радиовышка A2      @ (4,8,8)  (ранен)
  Team A / Бурав A6           → Team B / Паук B8            @ (4,9,8)  (УБИТ)

--- Состояние команд после хода ---
  Team A: живых 4/8
    ✓ Радиовышка A2      @ (4,8,8) hp=1/3
    ✓ Прыгун A3          @ (4,7,7) hp=2/2
    ✓ Факел A4           @ (3,6,6) hp=6/6
    ✓ Бурав A6           @ (4,9,8) hp=4/4
    ✗ Артиллерия A1      @ (4,4,6) [уничтожен]
    ✗ Тишина A5          @ (6,4,4) [уничтожен]
    ✗ Провокатор A7      @ (2,5,6) [уничтожен]
    ✗ Паук A8            @ (9,8,6) [уничтожен]
  Team B: живых 1/8
    ✓ Тишина B5          @ (4,7,8) hp=2/2
    ✗ Артиллерия B1      @ (3,6,8) [уничтожен]
    ✗ Радиовышка B2      @ (2,1,7) [уничтожен]
    ✗ Прыгун B3          @ (2,5,6) [уничтожен]
    ✗ Факел B4           @ (2,6,8) [уничтожен]
    ✗ Бурав B6           @ (5,4,5) [уничтожен]
    ✗ Провокатор B7      @ (0,5,8) [уничтожен]
    ✗ Паук B8            @ (4,9,8) [уничтожен]
  Team C: живых 2/8
    ✓ Тишина C5          @ (4,7,8) hp=2/2
    ✓ Провокатор C7      @ (7,0,4) hp=2/2
    ✗ Артиллерия C1      @ (6,6,4) [уничтожен]
    ✗ Радиовышка C2      @ (4,3,5) [уничтожен]
    ✗ Прыгун C3          @ (7,6,5) [уничтожен]
    ✗ Факел C4           @ (7,6,6) [уничтожен]
    ✗ Бурав C6           @ (3,6,7) [уничтожен]
    ✗ Паук C8            @ (7,5,4) [уничтожен]

======================================================================
ХОД 17
======================================================================
✓ 🎮 GM: начинаем ход
GM: start_turn

--- Радиовышки: сканирование слоя Z ---
  Радиовышка A2 (z=8): слой чист

--- Решения ботов ---
  [Team A] Радиовышка A2 (4,8,8) → MOVE (5,7,7)
  [Team A] Прыгун A3 (4,7,7) → MOVE (5,6,6)
  [Team A] Факел A4 (3,6,6) → HEAL (AoE)
  [Team A] Бурав A6 (4,9,8) → MOVE (5,8,7)
  [Team B] Тишина B5 (4,7,8) → MOVE (4,8,8)
  [Team C] Тишина C5 (4,7,8) → MOVE (4,8,8)
  [Team C] Провокатор C7 (7,0,4) → MOVE (6,1,5)
! 🎮 GM: принудительно завершает фазу планирования
GM: end_planning
# 
============================================================
# 🔄 ОБРАБОТКА ХОДА 17
# ============================================================

📦 ПЕРЕМЕЩЕНИЯ:
   Радиовышка A2: (4, 8, 8) → (5,7,7)
   Прыгун A3: (4, 7, 7) → (5,6,6)
!    ⚠️ Бурав A6: Бурав двигается только по 1 оси или по 2 осям строго диагонально
   Тишина B5: (4, 7, 8) → (4,8,8)
   Тишина C5: (4, 7, 8) → (4,8,8)
!    ⚠️ Провокатор C7: клетка (6,1,5) занята

🎯 ВЫСТРЕЛЫ:
✓    💚 Факел A4 лечит Радиовышка A2 → hits=1/3
   Выпущено ракет: 0
# 
📊 РЕЗУЛЬТАТЫ ХОДА 17:
🎯 Попаданий нет

--- Результаты хода ---
  Попаданий нет

--- Состояние команд после хода ---
  Team A: живых 4/8
    ✓ Радиовышка A2      @ (5,7,7) hp=2/3
    ✓ Прыгун A3          @ (5,6,6) hp=2/2
    ✓ Факел A4           @ (3,6,6) hp=6/6
    ✓ Бурав A6           @ (4,9,8) hp=4/4
    ✗ Артиллерия A1      @ (4,4,6) [уничтожен]
    ✗ Тишина A5          @ (6,4,4) [уничтожен]
    ✗ Провокатор A7      @ (2,5,6) [уничтожен]
    ✗ Паук A8            @ (9,8,6) [уничтожен]
  Team B: живых 1/8
    ✓ Тишина B5          @ (4,8,8) hp=2/2
    ✗ Артиллерия B1      @ (3,6,8) [уничтожен]
    ✗ Радиовышка B2      @ (2,1,7) [уничтожен]
    ✗ Прыгун B3          @ (2,5,6) [уничтожен]
    ✗ Факел B4           @ (2,6,8) [уничтожен]
    ✗ Бурав B6           @ (5,4,5) [уничтожен]
    ✗ Провокатор B7      @ (0,5,8) [уничтожен]
    ✗ Паук B8            @ (4,9,8) [уничтожен]
  Team C: живых 2/8
    ✓ Тишина C5          @ (4,8,8) hp=2/2
    ✓ Провокатор C7      @ (7,0,4) hp=2/2
    ✗ Артиллерия C1      @ (6,6,4) [уничтожен]
    ✗ Радиовышка C2      @ (4,3,5) [уничтожен]
    ✗ Прыгун C3          @ (7,6,5) [уничтожен]
    ✗ Факел C4           @ (7,6,6) [уничтожен]
    ✗ Бурав C6           @ (3,6,7) [уничтожен]
    ✗ Паук C8            @ (7,5,4) [уничтожен]

======================================================================
ХОД 18
======================================================================
✓ 🎮 GM: начинаем ход
GM: start_turn

--- Радиовышки: сканирование слоя Z ---
  Радиовышка A2 (z=7): слой чист

--- Решения ботов ---
  [Team A] Радиовышка A2 (5,7,7) → MOVE (5,6,7)
  [Team A] Прыгун A3 (5,6,6) → MOVE (5,5,5)
  [Team A] Факел A4 (3,6,6) → HEAL (AoE)
  [Team A] Бурав A6 (4,9,8) → MOVE (5,8,7)
  [Team B] Тишина B5 (4,8,8) → MOVE (5,7,7)
  [Team C] Тишина C5 (4,8,8) → MOVE (5,7,7)
  [Team C] Провокатор C7 (7,0,4) → MOVE (6,1,5)
! 🎮 GM: принудительно завершает фазу планирования
GM: end_planning
# 
============================================================
# 🔄 ОБРАБОТКА ХОДА 18
# ============================================================

📦 ПЕРЕМЕЩЕНИЯ:
   Радиовышка A2: (5, 7, 7) → (5,6,7)
   Прыгун A3: (5, 6, 6) → (5,5,5)
!    ⚠️ Бурав A6: Бурав двигается только по 1 оси или по 2 осям строго диагонально
   Тишина B5: (4, 8, 8) → (5,7,7)
   Тишина C5: (4, 8, 8) → (5,7,7)
!    ⚠️ Провокатор C7: клетка (6,1,5) занята

🎯 ВЫСТРЕЛЫ:
✓    💚 Факел A4 лечит Радиовышка A2 → hits=0/3
   Выпущено ракет: 0
# 
📊 РЕЗУЛЬТАТЫ ХОДА 18:
🎯 Попаданий нет

--- Результаты хода ---
  Попаданий нет

--- Состояние команд после хода ---
  Team A: живых 4/8
    ✓ Радиовышка A2      @ (5,6,7) hp=3/3
    ✓ Прыгун A3          @ (5,5,5) hp=2/2
    ✓ Факел A4           @ (3,6,6) hp=6/6
    ✓ Бурав A6           @ (4,9,8) hp=4/4
    ✗ Артиллерия A1      @ (4,4,6) [уничтожен]
    ✗ Тишина A5          @ (6,4,4) [уничтожен]
    ✗ Провокатор A7      @ (2,5,6) [уничтожен]
    ✗ Паук A8            @ (9,8,6) [уничтожен]
  Team B: живых 1/8
    ✓ Тишина B5          @ (5,7,7) hp=2/2
    ✗ Артиллерия B1      @ (3,6,8) [уничтожен]
    ✗ Радиовышка B2      @ (2,1,7) [уничтожен]
    ✗ Прыгун B3          @ (2,5,6) [уничтожен]
    ✗ Факел B4           @ (2,6,8) [уничтожен]
    ✗ Бурав B6           @ (5,4,5) [уничтожен]
    ✗ Провокатор B7      @ (0,5,8) [уничтожен]
    ✗ Паук B8            @ (4,9,8) [уничтожен]
  Team C: живых 2/8
    ✓ Тишина C5          @ (5,7,7) hp=2/2
    ✓ Провокатор C7      @ (7,0,4) hp=2/2
    ✗ Артиллерия C1      @ (6,6,4) [уничтожен]
    ✗ Радиовышка C2      @ (4,3,5) [уничтожен]
    ✗ Прыгун C3          @ (7,6,5) [уничтожен]
    ✗ Факел C4           @ (7,6,6) [уничтожен]
    ✗ Бурав C6           @ (3,6,7) [уничтожен]
    ✗ Паук C8            @ (7,5,4) [уничтожен]

======================================================================
ХОД 19
======================================================================
✓ 🎮 GM: начинаем ход
GM: start_turn

--- Радиовышки: сканирование слоя Z ---
  Радиовышка A2 (z=7): слой чист

--- Решения ботов ---
  [Team A] Радиовышка A2 (5,6,7) → MOVE (5,5,6)
  [Team A] Факел A4 (3,6,6) → MOVE (4,5,5)
  [Team A] Бурав A6 (4,9,8) → MOVE (5,8,7)
  [Team A] Прыгун A3 → SKIP
  [Team B] Тишина B5 (5,7,7) → MOVE (5,6,7)
  [Team C] Тишина C5 (5,7,7) → MOVE (5,6,7)
  [Team C] Провокатор C7 (7,0,4) → HOLOGRAM (6,1,5)
! 🎮 GM: принудительно завершает фазу планирования
GM: end_planning
# 
============================================================
# 🔄 ОБРАБОТКА ХОДА 19
# ============================================================
!    ⚠️ Провокатор C7: клетка (6,1,5) уже занята голограммой

📦 ПЕРЕМЕЩЕНИЯ:
   Радиовышка A2: (5, 6, 7) → (5,5,6)
   Факел A4: (3, 6, 6) → (4,5,5)
!    ⚠️ Бурав A6: Бурав двигается только по 1 оси или по 2 осям строго диагонально
   Тишина B5: (5, 7, 7) → (5,6,7)
   Тишина C5: (5, 7, 7) → (5,6,7)

🎯 ВЫСТРЕЛЫ:
   Выпущено ракет: 0
# 
📊 РЕЗУЛЬТАТЫ ХОДА 19:
🎯 Попаданий нет

--- Результаты хода ---
  Попаданий нет

--- Состояние команд после хода ---
  Team A: живых 4/8
    ✓ Радиовышка A2      @ (5,5,6) hp=3/3
    ✓ Прыгун A3          @ (5,5,5) hp=2/2
    ✓ Факел A4           @ (4,5,5) hp=6/6
    ✓ Бурав A6           @ (4,9,8) hp=4/4
    ✗ Артиллерия A1      @ (4,4,6) [уничтожен]
    ✗ Тишина A5          @ (6,4,4) [уничтожен]
    ✗ Провокатор A7      @ (2,5,6) [уничтожен]
    ✗ Паук A8            @ (9,8,6) [уничтожен]
  Team B: живых 1/8
    ✓ Тишина B5          @ (5,6,7) hp=2/2
    ✗ Артиллерия B1      @ (3,6,8) [уничтожен]
    ✗ Радиовышка B2      @ (2,1,7) [уничтожен]
    ✗ Прыгун B3          @ (2,5,6) [уничтожен]
    ✗ Факел B4           @ (2,6,8) [уничтожен]
    ✗ Бурав B6           @ (5,4,5) [уничтожен]
    ✗ Провокатор B7      @ (0,5,8) [уничтожен]
    ✗ Паук B8            @ (4,9,8) [уничтожен]
  Team C: живых 2/8
    ✓ Тишина C5          @ (5,6,7) hp=2/2
    ✓ Провокатор C7      @ (7,0,4) hp=2/2
    ✗ Артиллерия C1      @ (6,6,4) [уничтожен]
    ✗ Радиовышка C2      @ (4,3,5) [уничтожен]
    ✗ Прыгун C3          @ (7,6,5) [уничтожен]
    ✗ Факел C4           @ (7,6,6) [уничтожен]
    ✗ Бурав C6           @ (3,6,7) [уничтожен]
    ✗ Паук C8            @ (7,5,4) [уничтожен]

======================================================================
ХОД 20
======================================================================
✓ 🎮 GM: начинаем ход
GM: start_turn

--- Радиовышки: сканирование слоя Z ---
  Радиовышка A2 (z=6): слой чист

--- Решения ботов ---
  [Team A] Бурав A6 (4,9,8) → MOVE (5,8,7)
  [Team A] Факел A4 → SKIP
  [Team A] Радиовышка A2 → SKIP
  [Team A] Прыгун A3 → SKIP
  [Team B] Тишина B5 (5,6,7) → MOVE (5,5,6)
  [Team C] Тишина C5 (5,6,7) → MOVE (5,5,6)
  [Team C] Провокатор C7 (7,0,4) → HOLOGRAM (6,1,5)
! 🎮 GM: принудительно завершает фазу планирования
GM: end_planning
# 
============================================================
# 🔄 ОБРАБОТКА ХОДА 20
# ============================================================
!    ⚠️ Провокатор C7: клетка (6,1,5) уже занята голограммой

📦 ПЕРЕМЕЩЕНИЯ:
!    ⚠️ Бурав A6: Бурав двигается только по 1 оси или по 2 осям строго диагонально
!    ⚠️ Тишина B5: клетка (5,5,6) занята
!    ⚠️ Тишина C5: клетка (5,5,6) занята

🎯 ВЫСТРЕЛЫ:
   Выпущено ракет: 0
# 
📊 РЕЗУЛЬТАТЫ ХОДА 20:
🎯 Попаданий нет

--- Результаты хода ---
  Попаданий нет

--- Состояние команд после хода ---
  Team A: живых 4/8
    ✓ Радиовышка A2      @ (5,5,6) hp=3/3
    ✓ Прыгун A3          @ (5,5,5) hp=2/2
    ✓ Факел A4           @ (4,5,5) hp=6/6
    ✓ Бурав A6           @ (4,9,8) hp=4/4
    ✗ Артиллерия A1      @ (4,4,6) [уничтожен]
    ✗ Тишина A5          @ (6,4,4) [уничтожен]
    ✗ Провокатор A7      @ (2,5,6) [уничтожен]
    ✗ Паук A8            @ (9,8,6) [уничтожен]
  Team B: живых 1/8
    ✓ Тишина B5          @ (5,6,7) hp=2/2
    ✗ Артиллерия B1      @ (3,6,8) [уничтожен]
    ✗ Радиовышка B2      @ (2,1,7) [уничтожен]
    ✗ Прыгун B3          @ (2,5,6) [уничтожен]
    ✗ Факел B4           @ (2,6,8) [уничтожен]
    ✗ Бурав B6           @ (5,4,5) [уничтожен]
    ✗ Провокатор B7      @ (0,5,8) [уничтожен]
    ✗ Паук B8            @ (4,9,8) [уничтожен]
  Team C: живых 2/8
    ✓ Тишина C5          @ (5,6,7) hp=2/2
    ✓ Провокатор C7      @ (7,0,4) hp=2/2
    ✗ Артиллерия C1      @ (6,6,4) [уничтожен]
    ✗ Радиовышка C2      @ (4,3,5) [уничтожен]
    ✗ Прыгун C3          @ (7,6,5) [уничтожен]
    ✗ Факел C4           @ (7,6,6) [уничтожен]
    ✗ Бурав C6           @ (3,6,7) [уничтожен]
    ✗ Паук C8            @ (7,5,4) [уничтожен]

======================================================================
ХОД 21
======================================================================
✓ 🎮 GM: начинаем ход
GM: start_turn

--- Радиовышки: сканирование слоя Z ---
  Радиовышка A2 (z=6): слой чист

--- Решения ботов ---
  [Team A] Бурав A6 (4,9,8) → MOVE (5,8,7)
  [Team A] Факел A4 → SKIP
  [Team A] Радиовышка A2 → SKIP
  [Team A] Прыгун A3 → SKIP
  [Team B] Тишина B5 (5,6,7) → MOVE (5,5,6)
  [Team C] Тишина C5 (5,6,7) → MOVE (5,5,6)
  [Team C] Провокатор C7 (7,0,4) → HOLOGRAM (6,1,5)
! 🎮 GM: принудительно завершает фазу планирования
GM: end_planning
# 
============================================================
# 🔄 ОБРАБОТКА ХОДА 21
# ============================================================
!    ⚠️ Провокатор C7: клетка (6,1,5) уже занята голограммой

📦 ПЕРЕМЕЩЕНИЯ:
!    ⚠️ Бурав A6: Бурав двигается только по 1 оси или по 2 осям строго диагонально
!    ⚠️ Тишина B5: клетка (5,5,6) занята
!    ⚠️ Тишина C5: клетка (5,5,6) занята

🎯 ВЫСТРЕЛЫ:
   Выпущено ракет: 0
# 
📊 РЕЗУЛЬТАТЫ ХОДА 21:
🎯 Попаданий нет

--- Результаты хода ---
  Попаданий нет

--- Состояние команд после хода ---
  Team A: живых 4/8
    ✓ Радиовышка A2      @ (5,5,6) hp=3/3
    ✓ Прыгун A3          @ (5,5,5) hp=2/2
    ✓ Факел A4           @ (4,5,5) hp=6/6
    ✓ Бурав A6           @ (4,9,8) hp=4/4
    ✗ Артиллерия A1      @ (4,4,6) [уничтожен]
    ✗ Тишина A5          @ (6,4,4) [уничтожен]
    ✗ Провокатор A7      @ (2,5,6) [уничтожен]
    ✗ Паук A8            @ (9,8,6) [уничтожен]
  Team B: живых 1/8
    ✓ Тишина B5          @ (5,6,7) hp=2/2
    ✗ Артиллерия B1      @ (3,6,8) [уничтожен]
    ✗ Радиовышка B2      @ (2,1,7) [уничтожен]
    ✗ Прыгун B3          @ (2,5,6) [уничтожен]
    ✗ Факел B4           @ (2,6,8) [уничтожен]
    ✗ Бурав B6           @ (5,4,5) [уничтожен]
    ✗ Провокатор B7      @ (0,5,8) [уничтожен]
    ✗ Паук B8            @ (4,9,8) [уничтожен]
  Team C: живых 2/8
    ✓ Тишина C5          @ (5,6,7) hp=2/2
    ✓ Провокатор C7      @ (7,0,4) hp=2/2
    ✗ Артиллерия C1      @ (6,6,4) [уничтожен]
    ✗ Радиовышка C2      @ (4,3,5) [уничтожен]
    ✗ Прыгун C3          @ (7,6,5) [уничтожен]
    ✗ Факел C4           @ (7,6,6) [уничтожен]
    ✗ Бурав C6           @ (3,6,7) [уничтожен]
    ✗ Паук C8            @ (7,5,4) [уничтожен]

======================================================================
ХОД 22
======================================================================
✓ 🎮 GM: начинаем ход
GM: start_turn

--- Радиовышки: сканирование слоя Z ---
  Радиовышка A2 (z=6): слой чист

--- Решения ботов ---
  [Team A] Бурав A6 (4,9,8) → MOVE (5,8,7)
  [Team A] Факел A4 → SKIP
  [Team A] Радиовышка A2 → SKIP
  [Team A] Прыгун A3 → SKIP
  [Team B] Тишина B5 (5,6,7) → MOVE (5,5,6)
  [Team C] Тишина C5 (5,6,7) → MOVE (5,5,6)
  [Team C] Провокатор C7 (7,0,4) → HOLOGRAM (6,1,5)
! 🎮 GM: принудительно завершает фазу планирования
GM: end_planning
# 
============================================================
# 🔄 ОБРАБОТКА ХОДА 22
# ============================================================
!    ⚠️ Провокатор C7: клетка (6,1,5) уже занята голограммой

📦 ПЕРЕМЕЩЕНИЯ:
!    ⚠️ Бурав A6: Бурав двигается только по 1 оси или по 2 осям строго диагонально
!    ⚠️ Тишина B5: клетка (5,5,6) занята
!    ⚠️ Тишина C5: клетка (5,5,6) занята

🎯 ВЫСТРЕЛЫ:
   Выпущено ракет: 0
# 
📊 РЕЗУЛЬТАТЫ ХОДА 22:
🎯 Попаданий нет

--- Результаты хода ---
  Попаданий нет

--- Состояние команд после хода ---
  Team A: живых 4/8
    ✓ Радиовышка A2      @ (5,5,6) hp=3/3
    ✓ Прыгун A3          @ (5,5,5) hp=2/2
    ✓ Факел A4           @ (4,5,5) hp=6/6
    ✓ Бурав A6           @ (4,9,8) hp=4/4
    ✗ Артиллерия A1      @ (4,4,6) [уничтожен]
    ✗ Тишина A5          @ (6,4,4) [уничтожен]
    ✗ Провокатор A7      @ (2,5,6) [уничтожен]
    ✗ Паук A8            @ (9,8,6) [уничтожен]
  Team B: живых 1/8
    ✓ Тишина B5          @ (5,6,7) hp=2/2
    ✗ Артиллерия B1      @ (3,6,8) [уничтожен]
    ✗ Радиовышка B2      @ (2,1,7) [уничтожен]
    ✗ Прыгун B3          @ (2,5,6) [уничтожен]
    ✗ Факел B4           @ (2,6,8) [уничтожен]
    ✗ Бурав B6           @ (5,4,5) [уничтожен]
    ✗ Провокатор B7      @ (0,5,8) [уничтожен]
    ✗ Паук B8            @ (4,9,8) [уничтожен]
  Team C: живых 2/8
    ✓ Тишина C5          @ (5,6,7) hp=2/2
    ✓ Провокатор C7      @ (7,0,4) hp=2/2
    ✗ Артиллерия C1      @ (6,6,4) [уничтожен]
    ✗ Радиовышка C2      @ (4,3,5) [уничтожен]
    ✗ Прыгун C3          @ (7,6,5) [уничтожен]
    ✗ Факел C4           @ (7,6,6) [уничтожен]
    ✗ Бурав C6           @ (3,6,7) [уничтожен]
    ✗ Паук C8            @ (7,5,4) [уничтожен]

======================================================================
ХОД 23
======================================================================
✓ 🎮 GM: начинаем ход
GM: start_turn

--- Радиовышки: сканирование слоя Z ---
  Радиовышка A2 (z=6): слой чист

--- Решения ботов ---
  [Team A] Бурав A6 (4,9,8) → MOVE (5,8,7)
  [Team A] Факел A4 → SKIP
  [Team A] Радиовышка A2 → SKIP
  [Team A] Прыгун A3 → SKIP
  [Team B] Тишина B5 (5,6,7) → MOVE (5,5,6)
  [Team C] Тишина C5 (5,6,7) → MOVE (5,5,6)
  [Team C] Провокатор C7 (7,0,4) → HOLOGRAM (6,1,5)
! 🎮 GM: принудительно завершает фазу планирования
GM: end_planning
# 
============================================================
# 🔄 ОБРАБОТКА ХОДА 23
# ============================================================
!    ⚠️ Провокатор C7: клетка (6,1,5) уже занята голограммой

📦 ПЕРЕМЕЩЕНИЯ:
!    ⚠️ Бурав A6: Бурав двигается только по 1 оси или по 2 осям строго диагонально
!    ⚠️ Тишина B5: клетка (5,5,6) занята
!    ⚠️ Тишина C5: клетка (5,5,6) занята

🎯 ВЫСТРЕЛЫ:
   Выпущено ракет: 0
# 
📊 РЕЗУЛЬТАТЫ ХОДА 23:
🎯 Попаданий нет

--- Результаты хода ---
  Попаданий нет

--- Состояние команд после хода ---
  Team A: живых 4/8
    ✓ Радиовышка A2      @ (5,5,6) hp=3/3
    ✓ Прыгун A3          @ (5,5,5) hp=2/2
    ✓ Факел A4           @ (4,5,5) hp=6/6
    ✓ Бурав A6           @ (4,9,8) hp=4/4
    ✗ Артиллерия A1      @ (4,4,6) [уничтожен]
    ✗ Тишина A5          @ (6,4,4) [уничтожен]
    ✗ Провокатор A7      @ (2,5,6) [уничтожен]
    ✗ Паук A8            @ (9,8,6) [уничтожен]
  Team B: живых 1/8
    ✓ Тишина B5          @ (5,6,7) hp=2/2
    ✗ Артиллерия B1      @ (3,6,8) [уничтожен]
    ✗ Радиовышка B2      @ (2,1,7) [уничтожен]
    ✗ Прыгун B3          @ (2,5,6) [уничтожен]
    ✗ Факел B4           @ (2,6,8) [уничтожен]
    ✗ Бурав B6           @ (5,4,5) [уничтожен]
    ✗ Провокатор B7      @ (0,5,8) [уничтожен]
    ✗ Паук B8            @ (4,9,8) [уничтожен]
  Team C: живых 2/8
    ✓ Тишина C5          @ (5,6,7) hp=2/2
    ✓ Провокатор C7      @ (7,0,4) hp=2/2
    ✗ Артиллерия C1      @ (6,6,4) [уничтожен]
    ✗ Радиовышка C2      @ (4,3,5) [уничтожен]
    ✗ Прыгун C3          @ (7,6,5) [уничтожен]
    ✗ Факел C4           @ (7,6,6) [уничтожен]
    ✗ Бурав C6           @ (3,6,7) [уничтожен]
    ✗ Паук C8            @ (7,5,4) [уничтожен]

======================================================================
ХОД 24
======================================================================
✓ 🎮 GM: начинаем ход
GM: start_turn

--- Радиовышки: сканирование слоя Z ---
  Радиовышка A2 (z=6): слой чист

--- Решения ботов ---
  [Team A] Бурав A6 (4,9,8) → MOVE (5,8,7)
  [Team A] Факел A4 → SKIP
  [Team A] Радиовышка A2 → SKIP
  [Team A] Прыгун A3 → SKIP
  [Team B] Тишина B5 (5,6,7) → MOVE (5,5,6)
  [Team C] Тишина C5 (5,6,7) → MOVE (5,5,6)
  [Team C] Провокатор C7 (7,0,4) → HOLOGRAM (6,1,5)
! 🎮 GM: принудительно завершает фазу планирования
GM: end_planning
# 
============================================================
# 🔄 ОБРАБОТКА ХОДА 24
# ============================================================
!    ⚠️ Провокатор C7: клетка (6,1,5) уже занята голограммой

📦 ПЕРЕМЕЩЕНИЯ:
!    ⚠️ Бурав A6: Бурав двигается только по 1 оси или по 2 осям строго диагонально
!    ⚠️ Тишина B5: клетка (5,5,6) занята
!    ⚠️ Тишина C5: клетка (5,5,6) занята

🎯 ВЫСТРЕЛЫ:
   Выпущено ракет: 0
# 
📊 РЕЗУЛЬТАТЫ ХОДА 24:
🎯 Попаданий нет

--- Результаты хода ---
  Попаданий нет

--- Состояние команд после хода ---
  Team A: живых 4/8
    ✓ Радиовышка A2      @ (5,5,6) hp=3/3
    ✓ Прыгун A3          @ (5,5,5) hp=2/2
    ✓ Факел A4           @ (4,5,5) hp=6/6
    ✓ Бурав A6           @ (4,9,8) hp=4/4
    ✗ Артиллерия A1      @ (4,4,6) [уничтожен]
    ✗ Тишина A5          @ (6,4,4) [уничтожен]
    ✗ Провокатор A7      @ (2,5,6) [уничтожен]
    ✗ Паук A8            @ (9,8,6) [уничтожен]
  Team B: живых 1/8
    ✓ Тишина B5          @ (5,6,7) hp=2/2
    ✗ Артиллерия B1      @ (3,6,8) [уничтожен]
    ✗ Радиовышка B2      @ (2,1,7) [уничтожен]
    ✗ Прыгун B3          @ (2,5,6) [уничтожен]
    ✗ Факел B4           @ (2,6,8) [уничтожен]
    ✗ Бурав B6           @ (5,4,5) [уничтожен]
    ✗ Провокатор B7      @ (0,5,8) [уничтожен]
    ✗ Паук B8            @ (4,9,8) [уничтожен]
  Team C: живых 2/8
    ✓ Тишина C5          @ (5,6,7) hp=2/2
    ✓ Провокатор C7      @ (7,0,4) hp=2/2
    ✗ Артиллерия C1      @ (6,6,4) [уничтожен]
    ✗ Радиовышка C2      @ (4,3,5) [уничтожен]
    ✗ Прыгун C3          @ (7,6,5) [уничтожен]
    ✗ Факел C4           @ (7,6,6) [уничтожен]
    ✗ Бурав C6           @ (3,6,7) [уничтожен]
    ✗ Паук C8            @ (7,5,4) [уничтожен]

======================================================================
ХОД 25
======================================================================
✓ 🎮 GM: начинаем ход
GM: start_turn

--- Радиовышки: сканирование слоя Z ---
  Радиовышка A2 (z=6): слой чист

--- Решения ботов ---
  [Team A] Бурав A6 (4,9,8) → MOVE (5,8,7)
  [Team A] Факел A4 → SKIP
  [Team A] Радиовышка A2 → SKIP
  [Team A] Прыгун A3 → SKIP
  [Team B] Тишина B5 (5,6,7) → MOVE (5,5,6)
  [Team C] Тишина C5 (5,6,7) → MOVE (5,5,6)
  [Team C] Провокатор C7 (7,0,4) → HOLOGRAM (6,1,5)
! 🎮 GM: принудительно завершает фазу планирования
GM: end_planning
# 
============================================================
# 🔄 ОБРАБОТКА ХОДА 25
# ============================================================
!    ⚠️ Провокатор C7: клетка (6,1,5) уже занята голограммой

📦 ПЕРЕМЕЩЕНИЯ:
!    ⚠️ Бурав A6: Бурав двигается только по 1 оси или по 2 осям строго диагонально
!    ⚠️ Тишина B5: клетка (5,5,6) занята
!    ⚠️ Тишина C5: клетка (5,5,6) занята

🎯 ВЫСТРЕЛЫ:
   Выпущено ракет: 0
# 
📊 РЕЗУЛЬТАТЫ ХОДА 25:
🎯 Попаданий нет

--- Результаты хода ---
  Попаданий нет

--- Состояние команд после хода ---
  Team A: живых 4/8
    ✓ Радиовышка A2      @ (5,5,6) hp=3/3
    ✓ Прыгун A3          @ (5,5,5) hp=2/2
    ✓ Факел A4           @ (4,5,5) hp=6/6
    ✓ Бурав A6           @ (4,9,8) hp=4/4
    ✗ Артиллерия A1      @ (4,4,6) [уничтожен]
    ✗ Тишина A5          @ (6,4,4) [уничтожен]
    ✗ Провокатор A7      @ (2,5,6) [уничтожен]
    ✗ Паук A8            @ (9,8,6) [уничтожен]
  Team B: живых 1/8
    ✓ Тишина B5          @ (5,6,7) hp=2/2
    ✗ Артиллерия B1      @ (3,6,8) [уничтожен]
    ✗ Радиовышка B2      @ (2,1,7) [уничтожен]
    ✗ Прыгун B3          @ (2,5,6) [уничтожен]
    ✗ Факел B4           @ (2,6,8) [уничтожен]
    ✗ Бурав B6           @ (5,4,5) [уничтожен]
    ✗ Провокатор B7      @ (0,5,8) [уничтожен]
    ✗ Паук B8            @ (4,9,8) [уничтожен]
  Team C: живых 2/8
    ✓ Тишина C5          @ (5,6,7) hp=2/2
    ✓ Провокатор C7      @ (7,0,4) hp=2/2
    ✗ Артиллерия C1      @ (6,6,4) [уничтожен]
    ✗ Радиовышка C2      @ (4,3,5) [уничтожен]
    ✗ Прыгун C3          @ (7,6,5) [уничтожен]
    ✗ Факел C4           @ (7,6,6) [уничтожен]
    ✗ Бурав C6           @ (3,6,7) [уничтожен]
    ✗ Паук C8            @ (7,5,4) [уничтожен]

======================================================================
ХОД 26
======================================================================
✓ 🎮 GM: начинаем ход
GM: start_turn

--- Радиовышки: сканирование слоя Z ---
  Радиовышка A2 (z=6): слой чист

--- Решения ботов ---
  [Team A] Бурав A6 (4,9,8) → MOVE (5,8,7)
  [Team A] Факел A4 → SKIP
  [Team A] Радиовышка A2 → SKIP
  [Team A] Прыгун A3 → SKIP
  [Team B] Тишина B5 (5,6,7) → MOVE (5,5,6)
  [Team C] Тишина C5 (5,6,7) → MOVE (5,5,6)
  [Team C] Провокатор C7 (7,0,4) → HOLOGRAM (6,1,5)
! 🎮 GM: принудительно завершает фазу планирования
GM: end_planning
# 
============================================================
# 🔄 ОБРАБОТКА ХОДА 26
# ============================================================
!    ⚠️ Провокатор C7: клетка (6,1,5) уже занята голограммой

📦 ПЕРЕМЕЩЕНИЯ:
!    ⚠️ Бурав A6: Бурав двигается только по 1 оси или по 2 осям строго диагонально
!    ⚠️ Тишина B5: клетка (5,5,6) занята
!    ⚠️ Тишина C5: клетка (5,5,6) занята

🎯 ВЫСТРЕЛЫ:
   Выпущено ракет: 0
# 
📊 РЕЗУЛЬТАТЫ ХОДА 26:
🎯 Попаданий нет

--- Результаты хода ---
  Попаданий нет

--- Состояние команд после хода ---
  Team A: живых 4/8
    ✓ Радиовышка A2      @ (5,5,6) hp=3/3
    ✓ Прыгун A3          @ (5,5,5) hp=2/2
    ✓ Факел A4           @ (4,5,5) hp=6/6
    ✓ Бурав A6           @ (4,9,8) hp=4/4
    ✗ Артиллерия A1      @ (4,4,6) [уничтожен]
    ✗ Тишина A5          @ (6,4,4) [уничтожен]
    ✗ Провокатор A7      @ (2,5,6) [уничтожен]
    ✗ Паук A8            @ (9,8,6) [уничтожен]
  Team B: живых 1/8
    ✓ Тишина B5          @ (5,6,7) hp=2/2
    ✗ Артиллерия B1      @ (3,6,8) [уничтожен]
    ✗ Радиовышка B2      @ (2,1,7) [уничтожен]
    ✗ Прыгун B3          @ (2,5,6) [уничтожен]
    ✗ Факел B4           @ (2,6,8) [уничтожен]
    ✗ Бурав B6           @ (5,4,5) [уничтожен]
    ✗ Провокатор B7      @ (0,5,8) [уничтожен]
    ✗ Паук B8            @ (4,9,8) [уничтожен]
  Team C: живых 2/8
    ✓ Тишина C5          @ (5,6,7) hp=2/2
    ✓ Провокатор C7      @ (7,0,4) hp=2/2
    ✗ Артиллерия C1      @ (6,6,4) [уничтожен]
    ✗ Радиовышка C2      @ (4,3,5) [уничтожен]
    ✗ Прыгун C3          @ (7,6,5) [уничтожен]
    ✗ Факел C4           @ (7,6,6) [уничтожен]
    ✗ Бурав C6           @ (3,6,7) [уничтожен]
    ✗ Паук C8            @ (7,5,4) [уничтожен]

======================================================================
ХОД 27
======================================================================
✓ 🎮 GM: начинаем ход
GM: start_turn

--- Радиовышки: сканирование слоя Z ---
  Радиовышка A2 (z=6): слой чист

--- Решения ботов ---
  [Team A] Бурав A6 (4,9,8) → MOVE (5,8,7)
  [Team A] Факел A4 → SKIP
  [Team A] Радиовышка A2 → SKIP
  [Team A] Прыгун A3 → SKIP
  [Team B] Тишина B5 (5,6,7) → MOVE (5,5,6)
  [Team C] Тишина C5 (5,6,7) → MOVE (5,5,6)
  [Team C] Провокатор C7 (7,0,4) → HOLOGRAM (6,1,5)
! 🎮 GM: принудительно завершает фазу планирования
GM: end_planning
# 
============================================================
# 🔄 ОБРАБОТКА ХОДА 27
# ============================================================
!    ⚠️ Провокатор C7: клетка (6,1,5) уже занята голограммой

📦 ПЕРЕМЕЩЕНИЯ:
!    ⚠️ Бурав A6: Бурав двигается только по 1 оси или по 2 осям строго диагонально
!    ⚠️ Тишина B5: клетка (5,5,6) занята
!    ⚠️ Тишина C5: клетка (5,5,6) занята

🎯 ВЫСТРЕЛЫ:
   Выпущено ракет: 0
# 
📊 РЕЗУЛЬТАТЫ ХОДА 27:
🎯 Попаданий нет

--- Результаты хода ---
  Попаданий нет

--- Состояние команд после хода ---
  Team A: живых 4/8
    ✓ Радиовышка A2      @ (5,5,6) hp=3/3
    ✓ Прыгун A3          @ (5,5,5) hp=2/2
    ✓ Факел A4           @ (4,5,5) hp=6/6
    ✓ Бурав A6           @ (4,9,8) hp=4/4
    ✗ Артиллерия A1      @ (4,4,6) [уничтожен]
    ✗ Тишина A5          @ (6,4,4) [уничтожен]
    ✗ Провокатор A7      @ (2,5,6) [уничтожен]
    ✗ Паук A8            @ (9,8,6) [уничтожен]
  Team B: живых 1/8
    ✓ Тишина B5          @ (5,6,7) hp=2/2
    ✗ Артиллерия B1      @ (3,6,8) [уничтожен]
    ✗ Радиовышка B2      @ (2,1,7) [уничтожен]
    ✗ Прыгун B3          @ (2,5,6) [уничтожен]
    ✗ Факел B4           @ (2,6,8) [уничтожен]
    ✗ Бурав B6           @ (5,4,5) [уничтожен]
    ✗ Провокатор B7      @ (0,5,8) [уничтожен]
    ✗ Паук B8            @ (4,9,8) [уничтожен]
  Team C: живых 2/8
    ✓ Тишина C5          @ (5,6,7) hp=2/2
    ✓ Провокатор C7      @ (7,0,4) hp=2/2
    ✗ Артиллерия C1      @ (6,6,4) [уничтожен]
    ✗ Радиовышка C2      @ (4,3,5) [уничтожен]
    ✗ Прыгун C3          @ (7,6,5) [уничтожен]
    ✗ Факел C4           @ (7,6,6) [уничтожен]
    ✗ Бурав C6           @ (3,6,7) [уничтожен]
    ✗ Паук C8            @ (7,5,4) [уничтожен]

======================================================================
ХОД 28
======================================================================
✓ 🎮 GM: начинаем ход
GM: start_turn

--- Радиовышки: сканирование слоя Z ---
  Радиовышка A2 (z=6): слой чист

--- Решения ботов ---
  [Team A] Бурав A6 (4,9,8) → MOVE (5,8,7)
  [Team A] Факел A4 → SKIP
  [Team A] Радиовышка A2 → SKIP
  [Team A] Прыгун A3 → SKIP
  [Team B] Тишина B5 (5,6,7) → MOVE (5,5,6)
  [Team C] Тишина C5 (5,6,7) → MOVE (5,5,6)
  [Team C] Провокатор C7 (7,0,4) → HOLOGRAM (6,1,5)
! 🎮 GM: принудительно завершает фазу планирования
GM: end_planning
# 
============================================================
# 🔄 ОБРАБОТКА ХОДА 28
# ============================================================
!    ⚠️ Провокатор C7: клетка (6,1,5) уже занята голограммой

📦 ПЕРЕМЕЩЕНИЯ:
!    ⚠️ Бурав A6: Бурав двигается только по 1 оси или по 2 осям строго диагонально
!    ⚠️ Тишина B5: клетка (5,5,6) занята
!    ⚠️ Тишина C5: клетка (5,5,6) занята

🎯 ВЫСТРЕЛЫ:
   Выпущено ракет: 0
# 
📊 РЕЗУЛЬТАТЫ ХОДА 28:
🎯 Попаданий нет

--- Результаты хода ---
  Попаданий нет

--- Состояние команд после хода ---
  Team A: живых 4/8
    ✓ Радиовышка A2      @ (5,5,6) hp=3/3
    ✓ Прыгун A3          @ (5,5,5) hp=2/2
    ✓ Факел A4           @ (4,5,5) hp=6/6
    ✓ Бурав A6           @ (4,9,8) hp=4/4
    ✗ Артиллерия A1      @ (4,4,6) [уничтожен]
    ✗ Тишина A5          @ (6,4,4) [уничтожен]
    ✗ Провокатор A7      @ (2,5,6) [уничтожен]
    ✗ Паук A8            @ (9,8,6) [уничтожен]
  Team B: живых 1/8
    ✓ Тишина B5          @ (5,6,7) hp=2/2
    ✗ Артиллерия B1      @ (3,6,8) [уничтожен]
    ✗ Радиовышка B2      @ (2,1,7) [уничтожен]
    ✗ Прыгун B3          @ (2,5,6) [уничтожен]
    ✗ Факел B4           @ (2,6,8) [уничтожен]
    ✗ Бурав B6           @ (5,4,5) [уничтожен]
    ✗ Провокатор B7      @ (0,5,8) [уничтожен]
    ✗ Паук B8            @ (4,9,8) [уничтожен]
  Team C: живых 2/8
    ✓ Тишина C5          @ (5,6,7) hp=2/2
    ✓ Провокатор C7      @ (7,0,4) hp=2/2
    ✗ Артиллерия C1      @ (6,6,4) [уничтожен]
    ✗ Радиовышка C2      @ (4,3,5) [уничтожен]
    ✗ Прыгун C3          @ (7,6,5) [уничтожен]
    ✗ Факел C4           @ (7,6,6) [уничтожен]
    ✗ Бурав C6           @ (3,6,7) [уничтожен]
    ✗ Паук C8            @ (7,5,4) [уничтожен]

======================================================================
ХОД 29
======================================================================
✓ 🎮 GM: начинаем ход
GM: start_turn

--- Радиовышки: сканирование слоя Z ---
  Радиовышка A2 (z=6): слой чист

--- Решения ботов ---
  [Team A] Бурав A6 (4,9,8) → MOVE (5,8,7)
  [Team A] Факел A4 → SKIP
  [Team A] Радиовышка A2 → SKIP
  [Team A] Прыгун A3 → SKIP
  [Team B] Тишина B5 (5,6,7) → MOVE (5,5,6)
  [Team C] Тишина C5 (5,6,7) → MOVE (5,5,6)
  [Team C] Провокатор C7 (7,0,4) → HOLOGRAM (6,1,5)
! 🎮 GM: принудительно завершает фазу планирования
GM: end_planning
# 
============================================================
# 🔄 ОБРАБОТКА ХОДА 29
# ============================================================
!    ⚠️ Провокатор C7: клетка (6,1,5) уже занята голограммой

📦 ПЕРЕМЕЩЕНИЯ:
!    ⚠️ Бурав A6: Бурав двигается только по 1 оси или по 2 осям строго диагонально
!    ⚠️ Тишина B5: клетка (5,5,6) занята
!    ⚠️ Тишина C5: клетка (5,5,6) занята

🎯 ВЫСТРЕЛЫ:
   Выпущено ракет: 0
# 
📊 РЕЗУЛЬТАТЫ ХОДА 29:
🎯 Попаданий нет

--- Результаты хода ---
  Попаданий нет

--- Состояние команд после хода ---
  Team A: живых 4/8
    ✓ Радиовышка A2      @ (5,5,6) hp=3/3
    ✓ Прыгун A3          @ (5,5,5) hp=2/2
    ✓ Факел A4           @ (4,5,5) hp=6/6
    ✓ Бурав A6           @ (4,9,8) hp=4/4
    ✗ Артиллерия A1      @ (4,4,6) [уничтожен]
    ✗ Тишина A5          @ (6,4,4) [уничтожен]
    ✗ Провокатор A7      @ (2,5,6) [уничтожен]
    ✗ Паук A8            @ (9,8,6) [уничтожен]
  Team B: живых 1/8
    ✓ Тишина B5          @ (5,6,7) hp=2/2
    ✗ Артиллерия B1      @ (3,6,8) [уничтожен]
    ✗ Радиовышка B2      @ (2,1,7) [уничтожен]
    ✗ Прыгун B3          @ (2,5,6) [уничтожен]
    ✗ Факел B4           @ (2,6,8) [уничтожен]
    ✗ Бурав B6           @ (5,4,5) [уничтожен]
    ✗ Провокатор B7      @ (0,5,8) [уничтожен]
    ✗ Паук B8            @ (4,9,8) [уничтожен]
  Team C: живых 2/8
    ✓ Тишина C5          @ (5,6,7) hp=2/2
    ✓ Провокатор C7      @ (7,0,4) hp=2/2
    ✗ Артиллерия C1      @ (6,6,4) [уничтожен]
    ✗ Радиовышка C2      @ (4,3,5) [уничтожен]
    ✗ Прыгун C3          @ (7,6,5) [уничтожен]
    ✗ Факел C4           @ (7,6,6) [уничтожен]
    ✗ Бурав C6           @ (3,6,7) [уничтожен]
    ✗ Паук C8            @ (7,5,4) [уничтожен]

======================================================================
ХОД 30
======================================================================
✓ 🎮 GM: начинаем ход
GM: start_turn

--- Радиовышки: сканирование слоя Z ---
  Радиовышка A2 (z=6): слой чист

--- Решения ботов ---
  [Team A] Бурав A6 (4,9,8) → MOVE (5,8,7)
  [Team A] Факел A4 → SKIP
  [Team A] Радиовышка A2 → SKIP
  [Team A] Прыгун A3 → SKIP
  [Team B] Тишина B5 (5,6,7) → MOVE (5,5,6)
  [Team C] Тишина C5 (5,6,7) → MOVE (5,5,6)
  [Team C] Провокатор C7 (7,0,4) → HOLOGRAM (6,1,5)
! 🎮 GM: принудительно завершает фазу планирования
GM: end_planning
# 
============================================================
# 🔄 ОБРАБОТКА ХОДА 30
# ============================================================
!    ⚠️ Провокатор C7: клетка (6,1,5) уже занята голограммой

📦 ПЕРЕМЕЩЕНИЯ:
!    ⚠️ Бурав A6: Бурав двигается только по 1 оси или по 2 осям строго диагонально
!    ⚠️ Тишина B5: клетка (5,5,6) занята
!    ⚠️ Тишина C5: клетка (5,5,6) занята

🎯 ВЫСТРЕЛЫ:
   Выпущено ракет: 0
# 
📊 РЕЗУЛЬТАТЫ ХОДА 30:
🎯 Попаданий нет

--- Результаты хода ---
  Попаданий нет

--- Состояние команд после хода ---
  Team A: живых 4/8
    ✓ Радиовышка A2      @ (5,5,6) hp=3/3
    ✓ Прыгун A3          @ (5,5,5) hp=2/2
    ✓ Факел A4           @ (4,5,5) hp=6/6
    ✓ Бурав A6           @ (4,9,8) hp=4/4
    ✗ Артиллерия A1      @ (4,4,6) [уничтожен]
    ✗ Тишина A5          @ (6,4,4) [уничтожен]
    ✗ Провокатор A7      @ (2,5,6) [уничтожен]
    ✗ Паук A8            @ (9,8,6) [уничтожен]
  Team B: живых 1/8
    ✓ Тишина B5          @ (5,6,7) hp=2/2
    ✗ Артиллерия B1      @ (3,6,8) [уничтожен]
    ✗ Радиовышка B2      @ (2,1,7) [уничтожен]
    ✗ Прыгун B3          @ (2,5,6) [уничтожен]
    ✗ Факел B4           @ (2,6,8) [уничтожен]
    ✗ Бурав B6           @ (5,4,5) [уничтожен]
    ✗ Провокатор B7      @ (0,5,8) [уничтожен]
    ✗ Паук B8            @ (4,9,8) [уничтожен]
  Team C: живых 2/8
    ✓ Тишина C5          @ (5,6,7) hp=2/2
    ✓ Провокатор C7      @ (7,0,4) hp=2/2
    ✗ Артиллерия C1      @ (6,6,4) [уничтожен]
    ✗ Радиовышка C2      @ (4,3,5) [уничтожен]
    ✗ Прыгун C3          @ (7,6,5) [уничтожен]
    ✗ Факел C4           @ (7,6,6) [уничтожен]
    ✗ Бурав C6           @ (3,6,7) [уничтожен]
    ✗ Паук C8            @ (7,5,4) [уничтожен]

======================================================================
ИТОГ
======================================================================
Лимит ходов (30) исчерпан, ничья/пат.

--- Сводка по командам ---
  Team A: 4/8 живых; hp=15
  Team B: 1/8 живых; hp=2
  Team C: 2/8 живых; hp=4

--- Сводка по пассивкам радиовышек ---
  Team A: сканирований=30, всего врагов-в-слоях=11, уникальных эксклюзивных (видны только радиовышкой)=1
  Team B: сканирований=9, всего врагов-в-слоях=22, уникальных эксклюзивных (видны только радиовышкой)=0
  Team C: сканирований=2, всего врагов-в-слоях=0, уникальных эксклюзивных (видны только радиовышкой)=0

--- Сводка по попаданиям ---
  Всего событий (шоты+тараны+мины): 21
  Уничтожено кораблей всего: 17
  Team A: урон=25 хиты=4 тараны=7 мины(сработало)=0 убийств=9
  Team B: урон=18 хиты=0 тараны=6 мины(сработало)=1 убийств=6
  Team C: урон=5 хиты=1 тараны=1 мины(сработало)=1 убийств=2
! 🎮 GM: остановка игры
