======================================================================
Space Battle 10×10×10 — simulation run at 2026-04-20T13:23:54+00:00
Game mode: advanced
Seed: 89
✓ 🚀 Продвинутый режим: создаю разные типы кораблей
   Стартовые Z-слои: A=1, B=4, C=2
✓ ✅ Создано 24 кораблей


--- СТАРТОВАЯ РАССТАНОВКА ---
  Team A: живых 8/8
    ✓ Артиллерия A1      @ (4,5,1) hp=1/1
    ✓ Радиовышка A2      @ (2,3,1) hp=3/3
    ✓ Прыгун A3          @ (6,6,1) hp=2/2
    ✓ Факел A4           @ (5,8,1) hp=6/6
    ✓ Тишина A5          @ (8,1,1) hp=2/2
    ✓ Бурав A6           @ (6,3,1) hp=4/4
    ✓ Провокатор A7      @ (1,2,1) hp=2/2
    ✓ Паук A8            @ (5,7,1) hp=1/1
  Team B: живых 8/8
    ✓ Артиллерия B1      @ (2,4,4) hp=1/1
    ✓ Радиовышка B2      @ (6,0,4) hp=3/3
    ✓ Прыгун B3          @ (3,7,4) hp=2/2
    ✓ Факел B4           @ (2,1,4) hp=6/6
    ✓ Тишина B5          @ (7,0,4) hp=2/2
    ✓ Бурав B6           @ (6,1,4) hp=4/4
    ✓ Провокатор B7      @ (4,6,4) hp=2/2
    ✓ Паук B8            @ (9,5,4) hp=1/1
  Team C: живых 8/8
    ✓ Артиллерия C1      @ (5,6,2) hp=1/1
    ✓ Радиовышка C2      @ (8,2,2) hp=3/3
    ✓ Прыгун C3          @ (1,4,2) hp=2/2
    ✓ Факел C4           @ (5,9,2) hp=6/6
    ✓ Тишина C5          @ (4,1,2) hp=2/2
    ✓ Бурав C6           @ (9,1,2) hp=4/4
    ✓ Провокатор C7      @ (0,7,2) hp=2/2
    ✓ Паук C8            @ (0,9,2) hp=1/1

======================================================================
ХОД 1
======================================================================
✓ 🎮 GM: начинаем ход
GM: start_turn

--- Радиовышки: сканирование слоя Z ---
  Радиовышка A2 (z=1): слой чист
  Радиовышка B2 (z=4): слой чист
  Радиовышка C2 (z=2): слой чист

--- Решения ботов ---
  [Team A] Артиллерия A1 (4,5,1) → SHOOT at (5,6,2)
  [Team A] Радиовышка A2 (2,3,1) → MOVE (1,4,2)
  [Team A] Прыгун A3 (6,6,1) → MOVE (5,6,2)
  [Team A] Факел A4 (5,8,1) → MOVE (4,7,1)
  [Team A] Тишина A5 (8,1,1) → PHASE toggle
  [Team A] Бурав A6 (6,3,1) → MOVE (6,0,4)
  [Team A] Провокатор A7 (1,2,1) → HOLOGRAM (1,3,2)
  [Team A] Паук A8 (5,7,1) → MINE (5,7,2)
  [Team B] Артиллерия B1 (2,4,4) → SHOOT at (4,5,1)
  [Team B] Радиовышка B2 (6,0,4) → MOVE (7,1,3)
  [Team B] Прыгун B3 (3,7,4) → MOVE (5,6,2)
  [Team B] Факел B4 (2,1,4) → MOVE (2,2,4)
  [Team B] Тишина B5 (7,0,4) → PHASE toggle
  [Team B] Бурав B6 (6,1,4) → MOVE (4,1,2)
  [Team B] Провокатор B7 (4,6,4) → HOLOGRAM (5,6,3)
  [Team B] Паук B8 (9,5,4) → MINE (8,6,3)
  [Team C] Артиллерия C1 (5,6,2) → SHOOT at (4,5,1)
  [Team C] Радиовышка C2 (8,2,2) → MOVE (8,1,1)
  [Team C] Прыгун C3 (1,4,2) → MOVE (2,4,4)
  [Team C] Факел C4 (5,9,2) → MOVE (5,8,2)
  [Team C] Тишина C5 (4,1,2) → PHASE toggle
  [Team C] Бурав C6 (9,1,2) → MOVE (9,1,1)
  [Team C] Провокатор C7 (0,7,2) → HOLOGRAM (1,6,3)
  [Team C] Паук C8 (0,9,2) → MINE (1,8,3)
! 🎮 GM: принудительно завершает фазу планирования
GM: end_planning
# 
============================================================
# 🔄 ОБРАБОТКА ХОДА 1
# ============================================================
   🌀 Тишина A5: фаза ВКЛ
   🌀 Тишина B5: фаза ВКЛ
   🌀 Тишина C5: фаза ВКЛ
   🪞 Провокатор A7 создал голограмму H1 в (1,3,2)
   🪞 Провокатор B7 создал голограмму H2 в (5,6,3)
   🪞 Провокатор C7 создал голограмму H3 в (1,6,3)
   💣 Паук A8 установил мину M1 в (5,7,2)
   💣 Паук B8 установил мину M2 в (8,6,3)
   💣 Паук C8 установил мину M3 в (1,8,3)

📦 ПЕРЕМЕЩЕНИЯ:
!    ⚠️ Радиовышка A2: клетка (1,4,2) занята
✓    💥 Прыгун A3 тараном уничтожил Артиллерия C1 в (5,6,2)
   Прыгун A3: (6, 6, 1) → (5,6,2)
   Факел A4: (5, 8, 1) → (4,7,1)
✓    💥 Бурав A6 тараном уничтожил Радиовышка B2 в (6,0,4)
   Бурав A6: (6, 3, 1) → (6,0,4)
✓    💥 Прыгун B3 тараном уничтожил Прыгун A3 в (5,6,2)
   Прыгун B3: (3, 7, 4) → (5,6,2)
   Факел B4: (2, 1, 4) → (2,2,4)
   Бурав B6: (6, 1, 4) → (4,1,2)
   Радиовышка C2: (8, 2, 2) → (8,1,1)
✓    💥 Прыгун C3 тараном уничтожил Артиллерия B1 в (2,4,4)
   Прыгун C3: (1, 4, 2) → (2,4,4)
   Факел C4: (5, 9, 2) → (5,8,2)
   Бурав C6: (9, 1, 2) → (9,1,1)

🎯 ВЫСТРЕЛЫ:
✓    ✅ Артиллерия A1 поразил Прыгун B3 (2 урона)!
   Выпущено ракет: 1
# 
📊 РЕЗУЛЬТАТЫ ХОДА 1:
✓ 💥 ПОПАДАНИЯ:
✓    Артиллерия A1 (Team A) → Прыгун B3 (Team B)

--- Результаты хода ---
  Team A / Прыгун A3          → Team C / Артиллерия C1      @ (5,6,2)  (УБИТ)
  Team A / Бурав A6           → Team B / Радиовышка B2      @ (6,0,4)  (УБИТ)
  Team B / Прыгун B3          → Team A / Прыгун A3          @ (5,6,2)  (УБИТ)
  Team C / Прыгун C3          → Team B / Артиллерия B1      @ (2,4,4)  (УБИТ)
  Team A / Артиллерия A1      → Team B / Прыгун B3          @ (5,6,2)  (УБИТ)

--- Состояние команд после хода ---
  Team A: живых 7/8
    ✓ Артиллерия A1      @ (4,5,1) hp=1/1
    ✓ Радиовышка A2      @ (2,3,1) hp=3/3
    ✓ Факел A4           @ (4,7,1) hp=6/6
    ✓ Тишина A5          @ (8,1,1) hp=2/2
    ✓ Бурав A6           @ (6,0,4) hp=4/4
    ✓ Провокатор A7      @ (1,2,1) hp=2/2
    ✓ Паук A8            @ (5,7,1) hp=1/1
    ✗ Прыгун A3          @ (5,6,2) [уничтожен]
  Team B: живых 5/8
    ✓ Факел B4           @ (2,2,4) hp=6/6
    ✓ Тишина B5          @ (7,0,4) hp=2/2
    ✓ Бурав B6           @ (4,1,2) hp=4/4
    ✓ Провокатор B7      @ (4,6,4) hp=2/2
    ✓ Паук B8            @ (9,5,4) hp=1/1
    ✗ Артиллерия B1      @ (2,4,4) [уничтожен]
    ✗ Радиовышка B2      @ (6,0,4) [уничтожен]
    ✗ Прыгун B3          @ (5,6,2) [уничтожен]
  Team C: живых 7/8
    ✓ Радиовышка C2      @ (8,1,1) hp=3/3
    ✓ Прыгун C3          @ (2,4,4) hp=2/2
    ✓ Факел C4           @ (5,8,2) hp=6/6
    ✓ Тишина C5          @ (4,1,2) hp=2/2
    ✓ Бурав C6           @ (9,1,1) hp=4/4
    ✓ Провокатор C7      @ (0,7,2) hp=2/2
    ✓ Паук C8            @ (0,9,2) hp=1/1
    ✗ Артиллерия C1      @ (5,6,2) [уничтожен]

======================================================================
ХОД 2
======================================================================
✓ 🎮 GM: начинаем ход
GM: start_turn

--- Радиовышки: сканирование слоя Z ---
  Радиовышка A2 (z=1): видит 2 врагов  → Радиовышка C2(8,1,1), Бурав C6(9,1,1)
  Радиовышка C2 (z=1): видит 5 врагов  → Провокатор A7(1,2,1), Радиовышка A2(2,3,1), Артиллерия A1(4,5,1), Факел A4(4,7,1), Паук A8(5,7,1)

--- Решения ботов ---
  [Team A] Артиллерия A1 (4,5,1) → SHOOT at (2,4,4)
  [Team A] Радиовышка A2 (2,3,1) → MOVE (3,2,2)
  [Team A] Факел A4 (4,7,1) → MOVE (4,6,1)
  [Team A] Бурав A6 (6,0,4) → MOVE (5,1,3)
  [Team A] Провокатор A7 (1,2,1) → HOLOGRAM (2,2,2)
  [Team A] Паук A8 (5,7,1) → MINE (5,8,2)
  [Team A] Тишина A5 → SKIP
  [Team B] Факел B4 (2,2,4) → SHOOT at (2,4,4)
  [Team B] Тишина B5 (7,0,4) → MOVE (6,0,4)
  [Team B] Бурав B6 (4,1,2) → MOVE (3,2,1)
  [Team B] Провокатор B7 (4,6,4) → HOLOGRAM (3,5,4)
  [Team B] Паук B8 (9,5,4) → MINE (8,6,3)
  [Team C] Радиовышка C2 (8,1,1) → MOVE (7,0,2)
  [Team C] Прыгун C3 (2,4,4) → MOVE (2,2,4)
  [Team C] Факел C4 (5,8,2) → MOVE (4,7,3)
  [Team C] Бурав C6 (9,1,1) → MOVE (8,0,2)
  [Team C] Провокатор C7 (0,7,2) → HOLOGRAM (1,6,1)
  [Team C] Паук C8 (0,9,2) → MINE (1,8,1)
  [Team C] Тишина C5 → SKIP
! 🎮 GM: принудительно завершает фазу планирования
GM: end_planning
# 
============================================================
# 🔄 ОБРАБОТКА ХОДА 2
# ============================================================
   🪞 Провокатор A7 создал голограмму H4 в (2,2,2)
   🪞 Провокатор B7 создал голограмму H5 в (3,5,4)
   🪞 Провокатор C7 создал голограмму H6 в (1,6,1)
!    ⚠️ Паук A8: клетка (5,8,2) занята кораблём
!    ⚠️ Паук B8: в клетке уже стоит мина
   💣 Паук C8 установил мину M4 в (1,8,1)

📦 ПЕРЕМЕЩЕНИЯ:
   Радиовышка A2: (2, 3, 1) → (3,2,2)
   Факел A4: (4, 7, 1) → (4,6,1)
!    ⚠️ Бурав A6: Бурав двигается только по 1 оси или по 2 осям строго диагонально
!    ⚠️ Тишина B5: клетка (6,0,4) занята
!    ⚠️ Бурав B6: Бурав двигается только по 1 оси или по 2 осям строго диагонально
   Радиовышка C2: (8, 1, 1) → (7,0,2)
✓    💥 Прыгун C3 тараном уничтожил Факел B4 в (2,2,4)
   Прыгун C3: (2, 4, 4) → (2,2,4)
   Факел C4: (5, 8, 2) → (4,7,3)
!    ⚠️ Бурав C6: Бурав двигается только по 1 оси или по 2 осям строго диагонально

🎯 ВЫСТРЕЛЫ:
   Выпущено ракет: 1
# 
📊 РЕЗУЛЬТАТЫ ХОДА 2:
🎯 Попаданий нет

--- Результаты хода ---
  Team C / Прыгун C3          → Team B / Факел B4           @ (2,2,4)  (УБИТ)

--- Состояние команд после хода ---
  Team A: живых 7/8
    ✓ Артиллерия A1      @ (4,5,1) hp=1/1
    ✓ Радиовышка A2      @ (3,2,2) hp=3/3
    ✓ Факел A4           @ (4,6,1) hp=6/6
    ✓ Тишина A5          @ (8,1,1) hp=2/2
    ✓ Бурав A6           @ (6,0,4) hp=4/4
    ✓ Провокатор A7      @ (1,2,1) hp=2/2
    ✓ Паук A8            @ (5,7,1) hp=1/1
    ✗ Прыгун A3          @ (5,6,2) [уничтожен]
  Team B: живых 4/8
    ✓ Тишина B5          @ (7,0,4) hp=2/2
    ✓ Бурав B6           @ (4,1,2) hp=4/4
    ✓ Провокатор B7      @ (4,6,4) hp=2/2
    ✓ Паук B8            @ (9,5,4) hp=1/1
    ✗ Артиллерия B1      @ (2,4,4) [уничтожен]
    ✗ Радиовышка B2      @ (6,0,4) [уничтожен]
    ✗ Прыгун B3          @ (5,6,2) [уничтожен]
    ✗ Факел B4           @ (2,2,4) [уничтожен]
  Team C: живых 7/8
    ✓ Радиовышка C2      @ (7,0,2) hp=3/3
    ✓ Прыгун C3          @ (2,2,4) hp=2/2
    ✓ Факел C4           @ (4,7,3) hp=6/6
    ✓ Тишина C5          @ (4,1,2) hp=2/2
    ✓ Бурав C6           @ (9,1,1) hp=4/4
    ✓ Провокатор C7      @ (0,7,2) hp=2/2
    ✓ Паук C8            @ (0,9,2) hp=1/1
    ✗ Артиллерия C1      @ (5,6,2) [уничтожен]

======================================================================
ХОД 3
======================================================================
✓ 🎮 GM: начинаем ход
GM: start_turn

--- Радиовышки: сканирование слоя Z ---
  Радиовышка A2 (z=2): видит 4 врагов [+2 эксклюзивно] → Бурав B6(4,1,2), Провокатор C7(0,7,2), Паук C8(0,9,2), Радиовышка C2(7,0,2)
  Радиовышка C2 (z=2): видит 2 врагов  → Радиовышка A2(3,2,2), Бурав B6(4,1,2)

--- Решения ботов ---
  [Team A] Артиллерия A1 (4,5,1) → SHOOT at (4,6,4)
  [Team A] Радиовышка A2 (3,2,2) → MOVE (4,1,2)
  [Team A] Факел A4 (4,6,1) → SHOOT at (4,6,4)
  [Team A] Тишина A5 (8,1,1) → MOVE (7,0,2)
  [Team A] Бурав A6 (6,0,4) → MOVE (5,1,3)
  [Team A] Провокатор A7 (1,2,1) → HOLOGRAM (2,1,2)
  [Team A] Паук A8 (5,7,1) → MINE (4,6,2)
  [Team B] Тишина B5 (7,0,4) → MOVE (6,0,4)
  [Team B] Бурав B6 (4,1,2) → MOVE (3,2,2)
  [Team B] Провокатор B7 (4,6,4) → HOLOGRAM (4,7,3)
  [Team B] Паук B8 (9,5,4) → MINE (8,6,3)
  [Team C] Радиовышка C2 (7,0,2) → MOVE (6,0,3)
  [Team C] Прыгун C3 (2,2,4) → MOVE (3,2,2)
  [Team C] Факел C4 (4,7,3) → MOVE (3,6,4)
  [Team C] Бурав C6 (9,1,1) → MOVE (8,0,2)
  [Team C] Провокатор C7 (0,7,2) → HOLOGRAM (1,6,1)
  [Team C] Паук C8 (0,9,2) → MINE (1,8,1)
  [Team C] Тишина C5 → SKIP
! 🎮 GM: принудительно завершает фазу планирования
GM: end_planning
# 
============================================================
# 🔄 ОБРАБОТКА ХОДА 3
# ============================================================
   🪞 Провокатор A7 создал голограмму H7 в (2,1,2)
!    ⚠️ Провокатор B7: клетка (4,7,3) занята кораблём
!    ⚠️ Провокатор C7: клетка (1,6,1) уже занята голограммой
   💣 Паук A8 установил мину M5 в (4,6,2)
!    ⚠️ Паук B8: в клетке уже стоит мина
!    ⚠️ Паук C8: в клетке уже стоит мина

📦 ПЕРЕМЕЩЕНИЯ:
!    ⚠️ Радиовышка A2: клетка (4,1,2) занята
!    ⚠️ Тишина A5: клетка (7,0,2) занята
!    ⚠️ Бурав A6: Бурав двигается только по 1 оси или по 2 осям строго диагонально
!    ⚠️ Тишина B5: клетка (6,0,4) занята
✓    💥 Бурав B6 тараном уничтожил Радиовышка A2 в (3,2,2)
   Бурав B6: (4, 1, 2) → (3,2,2)
   Радиовышка C2: (7, 0, 2) → (6,0,3)
✓    💥 Прыгун C3 тараном уничтожил Бурав B6 в (3,2,2)
   Прыгун C3: (2, 2, 4) → (3,2,2)
   Факел C4: (4, 7, 3) → (3,6,4)
!    ⚠️ Бурав C6: Бурав двигается только по 1 оси или по 2 осям строго диагонально

🎯 ВЫСТРЕЛЫ:
✓    ✅ Артиллерия A1 поразил Провокатор B7 (2 урона)!
   💀 Факел A4 добивает Провокатор B7
✓    ✅ Факел A4 поразил Провокатор B7 (1 урона)!
   Выпущено ракет: 2
# 
📊 РЕЗУЛЬТАТЫ ХОДА 3:
✓ 💥 ПОПАДАНИЯ:
✓    Артиллерия A1 (Team A) → Провокатор B7 (Team B)
✓    Факел A4 (Team A) → Провокатор B7 (Team B)

--- Результаты хода ---
  Team B / Бурав B6           → Team A / Радиовышка A2      @ (3,2,2)  (УБИТ)
  Team C / Прыгун C3          → Team B / Бурав B6           @ (3,2,2)  (УБИТ)
  Team A / Артиллерия A1      → Team B / Провокатор B7      @ (4,6,4)  (УБИТ)
  Team A / Факел A4           → Team B / Провокатор B7      @ (4,6,4)  (ранен)

--- Состояние команд после хода ---
  Team A: живых 6/8
    ✓ Артиллерия A1      @ (4,5,1) hp=1/1
    ✓ Факел A4           @ (4,6,1) hp=6/6
    ✓ Тишина A5          @ (8,1,1) hp=2/2
    ✓ Бурав A6           @ (6,0,4) hp=4/4
    ✓ Провокатор A7      @ (1,2,1) hp=2/2
    ✓ Паук A8            @ (5,7,1) hp=1/1
    ✗ Радиовышка A2      @ (3,2,2) [уничтожен]
    ✗ Прыгун A3          @ (5,6,2) [уничтожен]
  Team B: живых 2/8
    ✓ Тишина B5          @ (7,0,4) hp=2/2
    ✓ Паук B8            @ (9,5,4) hp=1/1
    ✗ Артиллерия B1      @ (2,4,4) [уничтожен]
    ✗ Радиовышка B2      @ (6,0,4) [уничтожен]
    ✗ Прыгун B3          @ (5,6,2) [уничтожен]
    ✗ Факел B4           @ (2,2,4) [уничтожен]
    ✗ Бурав B6           @ (3,2,2) [уничтожен]
    ✗ Провокатор B7      @ (4,6,4) [уничтожен]
  Team C: живых 7/8
    ✓ Радиовышка C2      @ (6,0,3) hp=3/3
    ✓ Прыгун C3          @ (3,2,2) hp=2/2
    ✓ Факел C4           @ (3,6,4) hp=6/6
    ✓ Тишина C5          @ (4,1,2) hp=2/2
    ✓ Бурав C6           @ (9,1,1) hp=4/4
    ✓ Провокатор C7      @ (0,7,2) hp=2/2
    ✓ Паук C8            @ (0,9,2) hp=1/1
    ✗ Артиллерия C1      @ (5,6,2) [уничтожен]

======================================================================
ХОД 4
======================================================================
✓ 🎮 GM: начинаем ход
GM: start_turn

--- Радиовышки: сканирование слоя Z ---
  Радиовышка C2 (z=3): слой чист

--- Решения ботов ---
  [Team A] Артиллерия A1 (4,5,1) → SHOOT at (3,2,2)
  [Team A] Тишина A5 (8,1,1) → MOVE (9,1,1)
  [Team A] Бурав A6 (6,0,4) → MOVE (6,0,3)
  [Team A] Провокатор A7 (1,2,1) → HOLOGRAM (2,2,2)
  [Team A] Паук A8 (5,7,1) → MINE (4,6,2)
  [Team A] Факел A4 → SKIP
  [Team B] Тишина B5 (7,0,4) → PHASE toggle
  [Team B] Паук B8 (9,5,4) → MINE (9,4,3)
  [Team C] Радиовышка C2 (6,0,3) → MOVE (6,0,4)
  [Team C] Прыгун C3 (3,2,2) → MOVE (1,2,1)
  [Team C] Факел C4 (3,6,4) → MOVE (3,5,3)
  [Team C] Тишина C5 (4,1,2) → MOVE (5,0,3)
  [Team C] Бурав C6 (9,1,1) → MOVE (8,0,2)
  [Team C] Провокатор C7 (0,7,2) → HOLOGRAM (1,6,1)
  [Team C] Паук C8 (0,9,2) → MINE (1,8,1)
! 🎮 GM: принудительно завершает фазу планирования
GM: end_planning
# 
============================================================
# 🔄 ОБРАБОТКА ХОДА 4
# ============================================================
   🌀 Тишина B5: фаза ВЫКЛ
!    ⚠️ Провокатор A7: клетка (2,2,2) уже занята голограммой
!    ⚠️ Провокатор C7: клетка (1,6,1) уже занята голограммой
!    ⚠️ Паук A8: в клетке уже стоит мина
   💣 Паук B8 установил мину M6 в (9,4,3)
!    ⚠️ Паук C8: в клетке уже стоит мина

📦 ПЕРЕМЕЩЕНИЯ:
!    ⚠️ Тишина A5: клетка (9,1,1) занята
✓    💥 Бурав A6 тараном уничтожил Радиовышка C2 в (6,0,3)
   Бурав A6: (6, 0, 4) → (6,0,3)
✓    💥 Прыгун C3 тараном уничтожил Провокатор A7 в (1,2,1)
   Прыгун C3: (3, 2, 2) → (1,2,1)
   Факел C4: (3, 6, 4) → (3,5,3)
   Тишина C5: (4, 1, 2) → (5,0,3)
!    ⚠️ Бурав C6: Бурав двигается только по 1 оси или по 2 осям строго диагонально

🎯 ВЫСТРЕЛЫ:
   Выпущено ракет: 1
# 
📊 РЕЗУЛЬТАТЫ ХОДА 4:
🎯 Попаданий нет

--- Результаты хода ---
  Team A / Бурав A6           → Team C / Радиовышка C2      @ (6,0,3)  (УБИТ)
  Team C / Прыгун C3          → Team A / Провокатор A7      @ (1,2,1)  (УБИТ)

--- Состояние команд после хода ---
  Team A: живых 5/8
    ✓ Артиллерия A1      @ (4,5,1) hp=1/1
    ✓ Факел A4           @ (4,6,1) hp=6/6
    ✓ Тишина A5          @ (8,1,1) hp=2/2
    ✓ Бурав A6           @ (6,0,3) hp=4/4
    ✓ Паук A8            @ (5,7,1) hp=1/1
    ✗ Радиовышка A2      @ (3,2,2) [уничтожен]
    ✗ Прыгун A3          @ (5,6,2) [уничтожен]
    ✗ Провокатор A7      @ (1,2,1) [уничтожен]
  Team B: живых 2/8
    ✓ Тишина B5          @ (7,0,4) hp=2/2
    ✓ Паук B8            @ (9,5,4) hp=1/1
    ✗ Артиллерия B1      @ (2,4,4) [уничтожен]
    ✗ Радиовышка B2      @ (6,0,4) [уничтожен]
    ✗ Прыгун B3          @ (5,6,2) [уничтожен]
    ✗ Факел B4           @ (2,2,4) [уничтожен]
    ✗ Бурав B6           @ (3,2,2) [уничтожен]
    ✗ Провокатор B7      @ (4,6,4) [уничтожен]
  Team C: живых 6/8
    ✓ Прыгун C3          @ (1,2,1) hp=2/2
    ✓ Факел C4           @ (3,5,3) hp=6/6
    ✓ Тишина C5          @ (5,0,3) hp=2/2
    ✓ Бурав C6           @ (9,1,1) hp=4/4
    ✓ Провокатор C7      @ (0,7,2) hp=2/2
    ✓ Паук C8            @ (0,9,2) hp=1/1
    ✗ Артиллерия C1      @ (5,6,2) [уничтожен]
    ✗ Радиовышка C2      @ (6,0,3) [уничтожен]

======================================================================
ХОД 5
======================================================================
✓ 🎮 GM: начинаем ход
GM: start_turn

--- Радиовышки: сканирование слоя Z ---
  (у команд не осталось живых радиовышек)

--- Решения ботов ---
  [Team A] Артиллерия A1 (4,5,1) → SHOOT at (1,2,1)
  [Team A] Тишина A5 (8,1,1) → MOVE (9,1,1)
  [Team A] Бурав A6 (6,0,3) → MOVE (7,0,4)
  [Team A] Паук A8 (5,7,1) → MINE (4,6,2)
  [Team A] Факел A4 → SKIP
  [Team B] Тишина B5 (7,0,4) → MOVE (6,0,3)
  [Team B] Паук B8 (9,5,4) → MINE (9,4,3)
  [Team C] Прыгун C3 (1,2,1) → MOVE (2,3,1)
  [Team C] Факел C4 (3,5,3) → MOVE (2,4,2)
  [Team C] Тишина C5 (5,0,3) → MOVE (6,0,3)
  [Team C] Бурав C6 (9,1,1) → MOVE (8,0,2)
  [Team C] Провокатор C7 (0,7,2) → HOLOGRAM (1,6,1)
  [Team C] Паук C8 (0,9,2) → MINE (1,8,1)
! 🎮 GM: принудительно завершает фазу планирования
GM: end_planning
# 
============================================================
# 🔄 ОБРАБОТКА ХОДА 5
# ============================================================
!    ⚠️ Провокатор C7: клетка (1,6,1) уже занята голограммой
!    ⚠️ Паук A8: в клетке уже стоит мина
!    ⚠️ Паук B8: в клетке уже стоит мина
!    ⚠️ Паук C8: в клетке уже стоит мина

📦 ПЕРЕМЕЩЕНИЯ:
!    ⚠️ Тишина A5: клетка (9,1,1) занята
✓    💥 Бурав A6 тараном уничтожил Тишина B5 в (7,0,4)
   Бурав A6: (6, 0, 3) → (7,0,4)
   Прыгун C3: (1, 2, 1) → (2,3,1)
   Факел C4: (3, 5, 3) → (2,4,2)
   Тишина C5: (5, 0, 3) → (6,0,3)
!    ⚠️ Бурав C6: Бурав двигается только по 1 оси или по 2 осям строго диагонально

🎯 ВЫСТРЕЛЫ:
   Выпущено ракет: 1
# 
📊 РЕЗУЛЬТАТЫ ХОДА 5:
🎯 Попаданий нет

--- Результаты хода ---
  Team A / Бурав A6           → Team B / Тишина B5          @ (7,0,4)  (УБИТ)

--- Состояние команд после хода ---
  Team A: живых 5/8
    ✓ Артиллерия A1      @ (4,5,1) hp=1/1
    ✓ Факел A4           @ (4,6,1) hp=6/6
    ✓ Тишина A5          @ (8,1,1) hp=2/2
    ✓ Бурав A6           @ (7,0,4) hp=4/4
    ✓ Паук A8            @ (5,7,1) hp=1/1
    ✗ Радиовышка A2      @ (3,2,2) [уничтожен]
    ✗ Прыгун A3          @ (5,6,2) [уничтожен]
    ✗ Провокатор A7      @ (1,2,1) [уничтожен]
  Team B: живых 1/8
    ✓ Паук B8            @ (9,5,4) hp=1/1
    ✗ Артиллерия B1      @ (2,4,4) [уничтожен]
    ✗ Радиовышка B2      @ (6,0,4) [уничтожен]
    ✗ Прыгун B3          @ (5,6,2) [уничтожен]
    ✗ Факел B4           @ (2,2,4) [уничтожен]
    ✗ Тишина B5          @ (7,0,4) [уничтожен]
    ✗ Бурав B6           @ (3,2,2) [уничтожен]
    ✗ Провокатор B7      @ (4,6,4) [уничтожен]
  Team C: живых 6/8
    ✓ Прыгун C3          @ (2,3,1) hp=2/2
    ✓ Факел C4           @ (2,4,2) hp=6/6
    ✓ Тишина C5          @ (6,0,3) hp=2/2
    ✓ Бурав C6           @ (9,1,1) hp=4/4
    ✓ Провокатор C7      @ (0,7,2) hp=2/2
    ✓ Паук C8            @ (0,9,2) hp=1/1
    ✗ Артиллерия C1      @ (5,6,2) [уничтожен]
    ✗ Радиовышка C2      @ (6,0,3) [уничтожен]

======================================================================
ХОД 6
======================================================================
✓ 🎮 GM: начинаем ход
GM: start_turn

--- Радиовышки: сканирование слоя Z ---
  (у команд не осталось живых радиовышек)

--- Решения ботов ---
  [Team A] Артиллерия A1 (4,5,1) → SHOOT at (2,3,1)
  [Team A] Тишина A5 (8,1,1) → PHASE toggle
  [Team A] Бурав A6 (7,0,4) → MOVE (8,1,3)
  [Team A] Паук A8 (5,7,1) → MINE (4,6,2)
  [Team A] Факел A4 → SKIP
  [Team B] Паук B8 (9,5,4) → MOVE (8,4,3)
  [Team C] Прыгун C3 (2,3,1) → MOVE (4,5,1)
  [Team C] Факел C4 (2,4,2) → MOVE (2,3,2)
  [Team C] Тишина C5 (6,0,3) → MOVE (7,0,4)
  [Team C] Бурав C6 (9,1,1) → MOVE (8,0,2)
  [Team C] Провокатор C7 (0,7,2) → HOLOGRAM (1,6,1)
  [Team C] Паук C8 (0,9,2) → MINE (1,8,1)
! 🎮 GM: принудительно завершает фазу планирования
GM: end_planning
# 
============================================================
# 🔄 ОБРАБОТКА ХОДА 6
# ============================================================
   🌀 Тишина A5: фаза ВЫКЛ
!    ⚠️ Провокатор C7: клетка (1,6,1) уже занята голограммой
!    ⚠️ Паук A8: в клетке уже стоит мина
!    ⚠️ Паук C8: в клетке уже стоит мина

📦 ПЕРЕМЕЩЕНИЯ:
!    ⚠️ Бурав A6: Бурав двигается только по 1 оси или по 2 осям строго диагонально
   Паук B8: (9, 5, 4) → (8,4,3)
✓    💥 Прыгун C3 тараном уничтожил Артиллерия A1 в (4,5,1)
   Прыгун C3: (2, 3, 1) → (4,5,1)
   Факел C4: (2, 4, 2) → (2,3,2)
!    ⚠️ Тишина C5: клетка (7,0,4) занята
!    ⚠️ Бурав C6: Бурав двигается только по 1 оси или по 2 осям строго диагонально

🎯 ВЫСТРЕЛЫ:
   Выпущено ракет: 0
# 
📊 РЕЗУЛЬТАТЫ ХОДА 6:
🎯 Попаданий нет

--- Результаты хода ---
  Team C / Прыгун C3          → Team A / Артиллерия A1      @ (4,5,1)  (УБИТ)

--- Состояние команд после хода ---
  Team A: живых 4/8
    ✓ Факел A4           @ (4,6,1) hp=6/6
    ✓ Тишина A5          @ (8,1,1) hp=2/2
    ✓ Бурав A6           @ (7,0,4) hp=4/4
    ✓ Паук A8            @ (5,7,1) hp=1/1
    ✗ Артиллерия A1      @ (4,5,1) [уничтожен]
    ✗ Радиовышка A2      @ (3,2,2) [уничтожен]
    ✗ Прыгун A3          @ (5,6,2) [уничтожен]
    ✗ Провокатор A7      @ (1,2,1) [уничтожен]
  Team B: живых 1/8
    ✓ Паук B8            @ (8,4,3) hp=1/1
    ✗ Артиллерия B1      @ (2,4,4) [уничтожен]
    ✗ Радиовышка B2      @ (6,0,4) [уничтожен]
    ✗ Прыгун B3          @ (5,6,2) [уничтожен]
    ✗ Факел B4           @ (2,2,4) [уничтожен]
    ✗ Тишина B5          @ (7,0,4) [уничтожен]
    ✗ Бурав B6           @ (3,2,2) [уничтожен]
    ✗ Провокатор B7      @ (4,6,4) [уничтожен]
  Team C: живых 6/8
    ✓ Прыгун C3          @ (4,5,1) hp=2/2
    ✓ Факел C4           @ (2,3,2) hp=6/6
    ✓ Тишина C5          @ (6,0,3) hp=2/2
    ✓ Бурав C6           @ (9,1,1) hp=4/4
    ✓ Провокатор C7      @ (0,7,2) hp=2/2
    ✓ Паук C8            @ (0,9,2) hp=1/1
    ✗ Артиллерия C1      @ (5,6,2) [уничтожен]
    ✗ Радиовышка C2      @ (6,0,3) [уничтожен]

======================================================================
ХОД 7
======================================================================
✓ 🎮 GM: начинаем ход
GM: start_turn

--- Радиовышки: сканирование слоя Z ---
  (у команд не осталось живых радиовышек)

--- Решения ботов ---
  [Team A] Факел A4 (4,6,1) → SHOOT at (4,5,1)
  [Team A] Тишина A5 (8,1,1) → PHASE toggle
  [Team A] Бурав A6 (7,0,4) → MOVE (8,1,3)
  [Team A] Паук A8 (5,7,1) → MINE (4,7,1)
  [Team B] Паук B8 (8,4,3) → MINE (8,3,2)
  [Team C] Прыгун C3 (4,5,1) → MOVE (4,6,1)
  [Team C] Факел C4 (2,3,2) → MOVE (3,4,1)
  [Team C] Тишина C5 (6,0,3) → PHASE toggle
  [Team C] Бурав C6 (9,1,1) → MOVE (8,1,1)
  [Team C] Провокатор C7 (0,7,2) → HOLOGRAM (1,6,1)
  [Team C] Паук C8 (0,9,2) → MINE (1,8,1)
! 🎮 GM: принудительно завершает фазу планирования
GM: end_planning
# 
============================================================
# 🔄 ОБРАБОТКА ХОДА 7
# ============================================================
   🌀 Тишина A5: фаза ВКЛ
   🌀 Тишина C5: фаза ВЫКЛ
!    ⚠️ Провокатор C7: клетка (1,6,1) уже занята голограммой
   💣 Паук A8 установил мину M7 в (4,7,1)
   💣 Паук B8 установил мину M8 в (8,3,2)
!    ⚠️ Паук C8: в клетке уже стоит мина

📦 ПЕРЕМЕЩЕНИЯ:
!    ⚠️ Бурав A6: Бурав двигается только по 1 оси или по 2 осям строго диагонально
✓    💥 Прыгун C3 тараном уничтожил Факел A4 в (4,6,1)
   Прыгун C3: (4, 5, 1) → (4,6,1)
   Факел C4: (2, 3, 2) → (3,4,1)
   Бурав C6: (9, 1, 1) → (8,1,1)

🎯 ВЫСТРЕЛЫ:
   Выпущено ракет: 0
# 
📊 РЕЗУЛЬТАТЫ ХОДА 7:
🎯 Попаданий нет

--- Результаты хода ---
  Team C / Прыгун C3          → Team A / Факел A4           @ (4,6,1)  (УБИТ)

--- Состояние команд после хода ---
  Team A: живых 3/8
    ✓ Тишина A5          @ (8,1,1) hp=2/2
    ✓ Бурав A6           @ (7,0,4) hp=4/4
    ✓ Паук A8            @ (5,7,1) hp=1/1
    ✗ Артиллерия A1      @ (4,5,1) [уничтожен]
    ✗ Радиовышка A2      @ (3,2,2) [уничтожен]
    ✗ Прыгун A3          @ (5,6,2) [уничтожен]
    ✗ Факел A4           @ (4,6,1) [уничтожен]
    ✗ Провокатор A7      @ (1,2,1) [уничтожен]
  Team B: живых 1/8
    ✓ Паук B8            @ (8,4,3) hp=1/1
    ✗ Артиллерия B1      @ (2,4,4) [уничтожен]
    ✗ Радиовышка B2      @ (6,0,4) [уничтожен]
    ✗ Прыгун B3          @ (5,6,2) [уничтожен]
    ✗ Факел B4           @ (2,2,4) [уничтожен]
    ✗ Тишина B5          @ (7,0,4) [уничтожен]
    ✗ Бурав B6           @ (3,2,2) [уничтожен]
    ✗ Провокатор B7      @ (4,6,4) [уничтожен]
  Team C: живых 6/8
    ✓ Прыгун C3          @ (4,6,1) hp=2/2
    ✓ Факел C4           @ (3,4,1) hp=6/6
    ✓ Тишина C5          @ (6,0,3) hp=2/2
    ✓ Бурав C6           @ (8,1,1) hp=4/4
    ✓ Провокатор C7      @ (0,7,2) hp=2/2
    ✓ Паук C8            @ (0,9,2) hp=1/1
    ✗ Артиллерия C1      @ (5,6,2) [уничтожен]
    ✗ Радиовышка C2      @ (6,0,3) [уничтожен]

======================================================================
ХОД 8
======================================================================
✓ 🎮 GM: начинаем ход
GM: start_turn

--- Радиовышки: сканирование слоя Z ---
  (у команд не осталось живых радиовышек)

--- Решения ботов ---
  [Team A] Бурав A6 (7,0,4) → MOVE (6,0,3)
  [Team A] Паук A8 (5,7,1) → MINE (4,6,1)
  [Team A] Тишина A5 → SKIP
  [Team B] Паук B8 (8,4,3) → MINE (7,5,2)
  [Team C] Прыгун C3 (4,6,1) → MOVE (5,7,1)
  [Team C] Факел C4 (3,4,1) → MOVE (4,5,1)
  [Team C] Тишина C5 (6,0,3) → MOVE (7,0,4)
  [Team C] Бурав C6 (8,1,1) → MOVE (7,0,2)
  [Team C] Провокатор C7 (0,7,2) → HOLOGRAM (1,7,1)
  [Team C] Паук C8 (0,9,2) → MOVE (1,8,1)
! 🎮 GM: принудительно завершает фазу планирования
GM: end_planning
# 
============================================================
# 🔄 ОБРАБОТКА ХОДА 8
# ============================================================
   🪞 Провокатор C7 создал голограмму H8 в (1,7,1)
!    ⚠️ Паук A8: клетка (4,6,1) занята кораблём
   💣 Паук B8 установил мину M9 в (7,5,2)

📦 ПЕРЕМЕЩЕНИЯ:
✓    💥 Бурав A6 тараном уничтожил Тишина C5 в (6,0,3)
   Бурав A6: (7, 0, 4) → (6,0,3)
✓    💥 Прыгун C3 тараном уничтожил Паук A8 в (5,7,1)
   Прыгун C3: (4, 6, 1) → (5,7,1)
   Факел C4: (3, 4, 1) → (4,5,1)
!    ⚠️ Бурав C6: Бурав двигается только по 1 оси или по 2 осям строго диагонально
   Паук C8: (0, 9, 2) → (1,8,1)

🎯 ВЫСТРЕЛЫ:
   Выпущено ракет: 0
# 
📊 РЕЗУЛЬТАТЫ ХОДА 8:
🎯 Попаданий нет

--- Результаты хода ---
  Team A / Бурав A6           → Team C / Тишина C5          @ (6,0,3)  (УБИТ)
  Team C / Прыгун C3          → Team A / Паук A8            @ (5,7,1)  (УБИТ)

--- Состояние команд после хода ---
  Team A: живых 2/8
    ✓ Тишина A5          @ (8,1,1) hp=2/2
    ✓ Бурав A6           @ (6,0,3) hp=4/4
    ✗ Артиллерия A1      @ (4,5,1) [уничтожен]
    ✗ Радиовышка A2      @ (3,2,2) [уничтожен]
    ✗ Прыгун A3          @ (5,6,2) [уничтожен]
    ✗ Факел A4           @ (4,6,1) [уничтожен]
    ✗ Провокатор A7      @ (1,2,1) [уничтожен]
    ✗ Паук A8            @ (5,7,1) [уничтожен]
  Team B: живых 1/8
    ✓ Паук B8            @ (8,4,3) hp=1/1
    ✗ Артиллерия B1      @ (2,4,4) [уничтожен]
    ✗ Радиовышка B2      @ (6,0,4) [уничтожен]
    ✗ Прыгун B3          @ (5,6,2) [уничтожен]
    ✗ Факел B4           @ (2,2,4) [уничтожен]
    ✗ Тишина B5          @ (7,0,4) [уничтожен]
    ✗ Бурав B6           @ (3,2,2) [уничтожен]
    ✗ Провокатор B7      @ (4,6,4) [уничтожен]
  Team C: живых 5/8
    ✓ Прыгун C3          @ (5,7,1) hp=2/2
    ✓ Факел C4           @ (4,5,1) hp=6/6
    ✓ Бурав C6           @ (8,1,1) hp=4/4
    ✓ Провокатор C7      @ (0,7,2) hp=2/2
    ✓ Паук C8            @ (1,8,1) hp=1/1
    ✗ Артиллерия C1      @ (5,6,2) [уничтожен]
    ✗ Радиовышка C2      @ (6,0,3) [уничтожен]
    ✗ Тишина C5          @ (6,0,3) [уничтожен]

======================================================================
ХОД 9
======================================================================
✓ 🎮 GM: начинаем ход
GM: start_turn

--- Радиовышки: сканирование слоя Z ---
  (у команд не осталось живых радиовышек)

--- Решения ботов ---
  [Team A] Тишина A5 (8,1,1) → PHASE toggle
  [Team A] Бурав A6 (6,0,3) → MOVE (7,1,2)
  [Team B] Паук B8 (8,4,3) → MINE (7,5,2)
  [Team C] Прыгун C3 (5,7,1) → MOVE (6,6,2)
  [Team C] Факел C4 (4,5,1) → MOVE (5,6,1)
  [Team C] Бурав C6 (8,1,1) → MOVE (7,0,2)
  [Team C] Провокатор C7 (0,7,2) → MOVE (1,6,3)
  [Team C] Паук C8 (1,8,1) → MOVE (2,7,2)
! 🎮 GM: принудительно завершает фазу планирования
GM: end_planning
# 
============================================================
# 🔄 ОБРАБОТКА ХОДА 9
# ============================================================
   🌀 Тишина A5: фаза ВЫКЛ
!    ⚠️ Паук B8: в клетке уже стоит мина

📦 ПЕРЕМЕЩЕНИЯ:
!    ⚠️ Бурав A6: Бурав двигается только по 1 оси или по 2 осям строго диагонально
   Прыгун C3: (5, 7, 1) → (6,6,2)
   Факел C4: (4, 5, 1) → (5,6,1)
!    ⚠️ Бурав C6: Бурав двигается только по 1 оси или по 2 осям строго диагонально
!    ⚠️ Провокатор C7: клетка (1,6,3) занята
   Паук C8: (1, 8, 1) → (2,7,2)

🎯 ВЫСТРЕЛЫ:
   Выпущено ракет: 0
# 
📊 РЕЗУЛЬТАТЫ ХОДА 9:
🎯 Попаданий нет

--- Результаты хода ---
  Попаданий нет

--- Состояние команд после хода ---
  Team A: живых 2/8
    ✓ Тишина A5          @ (8,1,1) hp=2/2
    ✓ Бурав A6           @ (6,0,3) hp=4/4
    ✗ Артиллерия A1      @ (4,5,1) [уничтожен]
    ✗ Радиовышка A2      @ (3,2,2) [уничтожен]
    ✗ Прыгун A3          @ (5,6,2) [уничтожен]
    ✗ Факел A4           @ (4,6,1) [уничтожен]
    ✗ Провокатор A7      @ (1,2,1) [уничтожен]
    ✗ Паук A8            @ (5,7,1) [уничтожен]
  Team B: живых 1/8
    ✓ Паук B8            @ (8,4,3) hp=1/1
    ✗ Артиллерия B1      @ (2,4,4) [уничтожен]
    ✗ Радиовышка B2      @ (6,0,4) [уничтожен]
    ✗ Прыгун B3          @ (5,6,2) [уничтожен]
    ✗ Факел B4           @ (2,2,4) [уничтожен]
    ✗ Тишина B5          @ (7,0,4) [уничтожен]
    ✗ Бурав B6           @ (3,2,2) [уничтожен]
    ✗ Провокатор B7      @ (4,6,4) [уничтожен]
  Team C: живых 5/8
    ✓ Прыгун C3          @ (6,6,2) hp=2/2
    ✓ Факел C4           @ (5,6,1) hp=6/6
    ✓ Бурав C6           @ (8,1,1) hp=4/4
    ✓ Провокатор C7      @ (0,7,2) hp=2/2
    ✓ Паук C8            @ (2,7,2) hp=1/1
    ✗ Артиллерия C1      @ (5,6,2) [уничтожен]
    ✗ Радиовышка C2      @ (6,0,3) [уничтожен]
    ✗ Тишина C5          @ (6,0,3) [уничтожен]

======================================================================
ХОД 10
======================================================================
✓ 🎮 GM: начинаем ход
GM: start_turn

--- Радиовышки: сканирование слоя Z ---
  (у команд не осталось живых радиовышек)

--- Решения ботов ---
  [Team A] Бурав A6 (6,0,3) → MOVE (7,1,2)
  [Team A] Тишина A5 → SKIP
  [Team B] Паук B8 (8,4,3) → MINE (7,5,3)
  [Team C] Прыгун C3 (6,6,2) → MOVE (8,4,3)
  [Team C] Факел C4 (5,6,1) → MOVE (5,6,2)
  [Team C] Провокатор C7 (0,7,2) → MOVE (1,6,3)
  [Team C] Паук C8 (2,7,2) → MOVE (3,6,1)
  [Team C] Бурав C6 → SKIP
! 🎮 GM: принудительно завершает фазу планирования
GM: end_planning
# 
============================================================
# 🔄 ОБРАБОТКА ХОДА 10
# ============================================================
   💣 Паук B8 установил мину M10 в (7,5,3)

📦 ПЕРЕМЕЩЕНИЯ:
!    ⚠️ Бурав A6: Бурав двигается только по 1 оси или по 2 осям строго диагонально
✓    💥 Прыгун C3 тараном уничтожил Паук B8 в (8,4,3)
   Прыгун C3: (6, 6, 2) → (8,4,3)
   Факел C4: (5, 6, 1) → (5,6,2)
!    ⚠️ Провокатор C7: клетка (1,6,3) занята
   Паук C8: (2, 7, 2) → (3,6,1)

🎯 ВЫСТРЕЛЫ:
   Выпущено ракет: 0
# 
📊 РЕЗУЛЬТАТЫ ХОДА 10:
🎯 Попаданий нет

--- Результаты хода ---
  Team C / Прыгун C3          → Team B / Паук B8            @ (8,4,3)  (УБИТ)

--- Состояние команд после хода ---
  Team A: живых 2/8
    ✓ Тишина A5          @ (8,1,1) hp=2/2
    ✓ Бурав A6           @ (6,0,3) hp=4/4
    ✗ Артиллерия A1      @ (4,5,1) [уничтожен]
    ✗ Радиовышка A2      @ (3,2,2) [уничтожен]
    ✗ Прыгун A3          @ (5,6,2) [уничтожен]
    ✗ Факел A4           @ (4,6,1) [уничтожен]
    ✗ Провокатор A7      @ (1,2,1) [уничтожен]
    ✗ Паук A8            @ (5,7,1) [уничтожен]
  Team B: живых 0/8
    ✗ Артиллерия B1      @ (2,4,4) [уничтожен]
    ✗ Радиовышка B2      @ (6,0,4) [уничтожен]
    ✗ Прыгун B3          @ (5,6,2) [уничтожен]
    ✗ Факел B4           @ (2,2,4) [уничтожен]
    ✗ Тишина B5          @ (7,0,4) [уничтожен]
    ✗ Бурав B6           @ (3,2,2) [уничтожен]
    ✗ Провокатор B7      @ (4,6,4) [уничтожен]
    ✗ Паук B8            @ (8,4,3) [уничтожен]
  Team C: живых 5/8
    ✓ Прыгун C3          @ (8,4,3) hp=2/2
    ✓ Факел C4           @ (5,6,2) hp=6/6
    ✓ Бурав C6           @ (8,1,1) hp=4/4
    ✓ Провокатор C7      @ (0,7,2) hp=2/2
    ✓ Паук C8            @ (3,6,1) hp=1/1
    ✗ Артиллерия C1      @ (5,6,2) [уничтожен]
    ✗ Радиовышка C2      @ (6,0,3) [уничтожен]
    ✗ Тишина C5          @ (6,0,3) [уничтожен]

======================================================================
ХОД 11
======================================================================
✓ 🎮 GM: начинаем ход
GM: start_turn

--- Радиовышки: сканирование слоя Z ---
  (у команд не осталось живых радиовышек)

--- Решения ботов ---
  [Team A] Тишина A5 (8,1,1) → PHASE toggle
  [Team A] Бурав A6 (6,0,3) → MOVE (7,1,2)
  [Team B] все корабли пропускают ход
  [Team C] Прыгун C3 (8,4,3) → MOVE (8,3,2)
  [Team C] Факел C4 (5,6,2) → MOVE (6,5,3)
  [Team C] Провокатор C7 (0,7,2) → MOVE (1,6,3)
  [Team C] Паук C8 (3,6,1) → MOVE (4,5,1)
  [Team C] Бурав C6 → SKIP
! 🎮 GM: принудительно завершает фазу планирования
GM: end_planning
# 
============================================================
# 🔄 ОБРАБОТКА ХОДА 11
# ============================================================
   🌀 Тишина A5: фаза ВКЛ

📦 ПЕРЕМЕЩЕНИЯ:
!    ⚠️ Бурав A6: Бурав двигается только по 1 оси или по 2 осям строго диагонально
   Прыгун C3: (8, 4, 3) → (8,3,2)
!    💥 Мина M8 сработала под Прыгун C3 (урон 2) — КОРАБЛЬ УНИЧТОЖЕН
   Факел C4: (5, 6, 2) → (6,5,3)
!    ⚠️ Провокатор C7: клетка (1,6,3) занята
   Паук C8: (3, 6, 1) → (4,5,1)

🎯 ВЫСТРЕЛЫ:
   Выпущено ракет: 0
# 
📊 РЕЗУЛЬТАТЫ ХОДА 11:
🎯 Попаданий нет

--- Результаты хода ---
  ? / ?                  → Team C / Прыгун C3          @ (8,3,2)  (УБИТ)

--- Состояние команд после хода ---
  Team A: живых 2/8
    ✓ Тишина A5          @ (8,1,1) hp=2/2
    ✓ Бурав A6           @ (6,0,3) hp=4/4
    ✗ Артиллерия A1      @ (4,5,1) [уничтожен]
    ✗ Радиовышка A2      @ (3,2,2) [уничтожен]
    ✗ Прыгун A3          @ (5,6,2) [уничтожен]
    ✗ Факел A4           @ (4,6,1) [уничтожен]
    ✗ Провокатор A7      @ (1,2,1) [уничтожен]
    ✗ Паук A8            @ (5,7,1) [уничтожен]
  Team B: живых 0/8
    ✗ Артиллерия B1      @ (2,4,4) [уничтожен]
    ✗ Радиовышка B2      @ (6,0,4) [уничтожен]
    ✗ Прыгун B3          @ (5,6,2) [уничтожен]
    ✗ Факел B4           @ (2,2,4) [уничтожен]
    ✗ Тишина B5          @ (7,0,4) [уничтожен]
    ✗ Бурав B6           @ (3,2,2) [уничтожен]
    ✗ Провокатор B7      @ (4,6,4) [уничтожен]
    ✗ Паук B8            @ (8,4,3) [уничтожен]
  Team C: живых 4/8
    ✓ Факел C4           @ (6,5,3) hp=6/6
    ✓ Бурав C6           @ (8,1,1) hp=4/4
    ✓ Провокатор C7      @ (0,7,2) hp=2/2
    ✓ Паук C8            @ (4,5,1) hp=1/1
    ✗ Артиллерия C1      @ (5,6,2) [уничтожен]
    ✗ Радиовышка C2      @ (6,0,3) [уничтожен]
    ✗ Прыгун C3          @ (8,3,2) [уничтожен]
    ✗ Тишина C5          @ (6,0,3) [уничтожен]

======================================================================
ХОД 12
======================================================================
✓ 🎮 GM: начинаем ход
GM: start_turn

--- Радиовышки: сканирование слоя Z ---
  (у команд не осталось живых радиовышек)

--- Решения ботов ---
  [Team A] Тишина A5 (8,1,1) → PHASE toggle
  [Team A] Бурав A6 (6,0,3) → MOVE (7,1,2)
  [Team B] все корабли пропускают ход
  [Team C] Факел C4 (6,5,3) → SHOOT at (6,0,3)
  [Team C] Бурав C6 (8,1,1) → MOVE (7,0,2)
  [Team C] Провокатор C7 (0,7,2) → MOVE (1,6,3)
  [Team C] Паук C8 (4,5,1) → MOVE (5,4,2)
! 🎮 GM: принудительно завершает фазу планирования
GM: end_planning
# 
============================================================
# 🔄 ОБРАБОТКА ХОДА 12
# ============================================================
   🌀 Тишина A5: фаза ВЫКЛ

📦 ПЕРЕМЕЩЕНИЯ:
!    ⚠️ Бурав A6: Бурав двигается только по 1 оси или по 2 осям строго диагонально
!    ⚠️ Бурав C6: Бурав двигается только по 1 оси или по 2 осям строго диагонально
!    ⚠️ Провокатор C7: клетка (1,6,3) занята
   Паук C8: (4, 5, 1) → (5,4,2)

🎯 ВЫСТРЕЛЫ:
✓    ✅ Факел C4 поразил Бурав A6 (1 урона)!
   Выпущено ракет: 1
# 
📊 РЕЗУЛЬТАТЫ ХОДА 12:
✓ 💥 ПОПАДАНИЯ:
✓    Факел C4 (Team C) → Бурав A6 (Team A)

--- Результаты хода ---
  Team C / Факел C4           → Team A / Бурав A6           @ (6,0,3)  (ранен)

--- Состояние команд после хода ---
  Team A: живых 2/8
    ✓ Тишина A5          @ (8,1,1) hp=2/2
    ✓ Бурав A6           @ (6,0,3) hp=3/4
    ✗ Артиллерия A1      @ (4,5,1) [уничтожен]
    ✗ Радиовышка A2      @ (3,2,2) [уничтожен]
    ✗ Прыгун A3          @ (5,6,2) [уничтожен]
    ✗ Факел A4           @ (4,6,1) [уничтожен]
    ✗ Провокатор A7      @ (1,2,1) [уничтожен]
    ✗ Паук A8            @ (5,7,1) [уничтожен]
  Team B: живых 0/8
    ✗ Артиллерия B1      @ (2,4,4) [уничтожен]
    ✗ Радиовышка B2      @ (6,0,4) [уничтожен]
    ✗ Прыгун B3          @ (5,6,2) [уничтожен]
    ✗ Факел B4           @ (2,2,4) [уничтожен]
    ✗ Тишина B5          @ (7,0,4) [уничтожен]
    ✗ Бурав B6           @ (3,2,2) [уничтожен]
    ✗ Провокатор B7      @ (4,6,4) [уничтожен]
    ✗ Паук B8            @ (8,4,3) [уничтожен]
  Team C: живых 4/8
    ✓ Факел C4           @ (6,5,3) hp=6/6
    ✓ Бурав C6           @ (8,1,1) hp=4/4
    ✓ Провокатор C7      @ (0,7,2) hp=2/2
    ✓ Паук C8            @ (5,4,2) hp=1/1
    ✗ Артиллерия C1      @ (5,6,2) [уничтожен]
    ✗ Радиовышка C2      @ (6,0,3) [уничтожен]
    ✗ Прыгун C3          @ (8,3,2) [уничтожен]
    ✗ Тишина C5          @ (6,0,3) [уничтожен]

======================================================================
ХОД 13
======================================================================
✓ 🎮 GM: начинаем ход
GM: start_turn

--- Радиовышки: сканирование слоя Z ---
  (у команд не осталось живых радиовышек)

--- Решения ботов ---
  [Team A] Бурав A6 (6,0,3) → MOVE (7,1,2)
  [Team A] Тишина A5 → SKIP
  [Team B] все корабли пропускают ход
  [Team C] Факел C4 (6,5,3) → SHOOT at (6,0,3)
  [Team C] Провокатор C7 (0,7,2) → MOVE (1,6,3)
  [Team C] Паук C8 (5,4,2) → MINE (6,3,1)
  [Team C] Бурав C6 → SKIP
! 🎮 GM: принудительно завершает фазу планирования
GM: end_planning
# 
============================================================
# 🔄 ОБРАБОТКА ХОДА 13
# ============================================================
   💣 Паук C8 установил мину M11 в (6,3,1)

📦 ПЕРЕМЕЩЕНИЯ:
!    ⚠️ Бурав A6: Бурав двигается только по 1 оси или по 2 осям строго диагонально
!    ⚠️ Провокатор C7: клетка (1,6,3) занята

🎯 ВЫСТРЕЛЫ:
✓    ✅ Факел C4 поразил Бурав A6 (1 урона)!
   Выпущено ракет: 1
# 
📊 РЕЗУЛЬТАТЫ ХОДА 13:
✓ 💥 ПОПАДАНИЯ:
✓    Факел C4 (Team C) → Бурав A6 (Team A)

--- Результаты хода ---
  Team C / Факел C4           → Team A / Бурав A6           @ (6,0,3)  (ранен)

--- Состояние команд после хода ---
  Team A: живых 2/8
    ✓ Тишина A5          @ (8,1,1) hp=2/2
    ✓ Бурав A6           @ (6,0,3) hp=2/4
    ✗ Артиллерия A1      @ (4,5,1) [уничтожен]
    ✗ Радиовышка A2      @ (3,2,2) [уничтожен]
    ✗ Прыгун A3          @ (5,6,2) [уничтожен]
    ✗ Факел A4           @ (4,6,1) [уничтожен]
    ✗ Провокатор A7      @ (1,2,1) [уничтожен]
    ✗ Паук A8            @ (5,7,1) [уничтожен]
  Team B: живых 0/8
    ✗ Артиллерия B1      @ (2,4,4) [уничтожен]
    ✗ Радиовышка B2      @ (6,0,4) [уничтожен]
    ✗ Прыгун B3          @ (5,6,2) [уничтожен]
    ✗ Факел B4           @ (2,2,4) [уничтожен]
    ✗ Тишина B5          @ (7,0,4) [уничтожен]
    ✗ Бурав B6           @ (3,2,2) [уничтожен]
    ✗ Провокатор B7      @ (4,6,4) [уничтожен]
    ✗ Паук B8            @ (8,4,3) [уничтожен]
  Team C: живых 4/8
    ✓ Факел C4           @ (6,5,3) hp=6/6
    ✓ Бурав C6           @ (8,1,1) hp=4/4
    ✓ Провокатор C7      @ (0,7,2) hp=2/2
    ✓ Паук C8            @ (5,4,2) hp=1/1
    ✗ Артиллерия C1      @ (5,6,2) [уничтожен]
    ✗ Радиовышка C2      @ (6,0,3) [уничтожен]
    ✗ Прыгун C3          @ (8,3,2) [уничтожен]
    ✗ Тишина C5          @ (6,0,3) [уничтожен]

======================================================================
ХОД 14
======================================================================
✓ 🎮 GM: начинаем ход
GM: start_turn

--- Радиовышки: сканирование слоя Z ---
  (у команд не осталось живых радиовышек)

--- Решения ботов ---
  [Team A] Бурав A6 (6,0,3) → MOVE (7,1,2)
  [Team A] Тишина A5 → SKIP
  [Team B] все корабли пропускают ход
  [Team C] Факел C4 (6,5,3) → SHOOT at (6,0,3)
  [Team C] Провокатор C7 (0,7,2) → MOVE (1,6,3)
  [Team C] Паук C8 (5,4,2) → MINE (6,3,1)
  [Team C] Бурав C6 → SKIP
! 🎮 GM: принудительно завершает фазу планирования
GM: end_planning
# 
============================================================
# 🔄 ОБРАБОТКА ХОДА 14
# ============================================================
!    ⚠️ Паук C8: в клетке уже стоит мина

📦 ПЕРЕМЕЩЕНИЯ:
!    ⚠️ Бурав A6: Бурав двигается только по 1 оси или по 2 осям строго диагонально
!    ⚠️ Провокатор C7: клетка (1,6,3) занята

🎯 ВЫСТРЕЛЫ:
✓    ✅ Факел C4 поразил Бурав A6 (1 урона)!
   Выпущено ракет: 1
# 
📊 РЕЗУЛЬТАТЫ ХОДА 14:
✓ 💥 ПОПАДАНИЯ:
✓    Факел C4 (Team C) → Бурав A6 (Team A)

--- Результаты хода ---
  Team C / Факел C4           → Team A / Бурав A6           @ (6,0,3)  (ранен)

--- Состояние команд после хода ---
  Team A: живых 2/8
    ✓ Тишина A5          @ (8,1,1) hp=2/2
    ✓ Бурав A6           @ (6,0,3) hp=1/4
    ✗ Артиллерия A1      @ (4,5,1) [уничтожен]
    ✗ Радиовышка A2      @ (3,2,2) [уничтожен]
    ✗ Прыгун A3          @ (5,6,2) [уничтожен]
    ✗ Факел A4           @ (4,6,1) [уничтожен]
    ✗ Провокатор A7      @ (1,2,1) [уничтожен]
    ✗ Паук A8            @ (5,7,1) [уничтожен]
  Team B: живых 0/8
    ✗ Артиллерия B1      @ (2,4,4) [уничтожен]
    ✗ Радиовышка B2      @ (6,0,4) [уничтожен]
    ✗ Прыгун B3          @ (5,6,2) [уничтожен]
    ✗ Факел B4           @ (2,2,4) [уничтожен]
    ✗ Тишина B5          @ (7,0,4) [уничтожен]
    ✗ Бурав B6           @ (3,2,2) [уничтожен]
    ✗ Провокатор B7      @ (4,6,4) [уничтожен]
    ✗ Паук B8            @ (8,4,3) [уничтожен]
  Team C: живых 4/8
    ✓ Факел C4           @ (6,5,3) hp=6/6
    ✓ Бурав C6           @ (8,1,1) hp=4/4
    ✓ Провокатор C7      @ (0,7,2) hp=2/2
    ✓ Паук C8            @ (5,4,2) hp=1/1
    ✗ Артиллерия C1      @ (5,6,2) [уничтожен]
    ✗ Радиовышка C2      @ (6,0,3) [уничтожен]
    ✗ Прыгун C3          @ (8,3,2) [уничтожен]
    ✗ Тишина C5          @ (6,0,3) [уничтожен]

======================================================================
ХОД 15
======================================================================
✓ 🎮 GM: начинаем ход
GM: start_turn

--- Радиовышки: сканирование слоя Z ---
  (у команд не осталось живых радиовышек)

--- Решения ботов ---
  [Team A] Бурав A6 (6,0,3) → MOVE (7,1,2)
  [Team A] Тишина A5 → SKIP
  [Team B] все корабли пропускают ход
  [Team C] Факел C4 (6,5,3) → SHOOT at (6,0,3)
  [Team C] Провокатор C7 (0,7,2) → MOVE (1,6,3)
  [Team C] Паук C8 (5,4,2) → MINE (6,3,1)
  [Team C] Бурав C6 → SKIP
! 🎮 GM: принудительно завершает фазу планирования
GM: end_planning
# 
============================================================
# 🔄 ОБРАБОТКА ХОДА 15
# ============================================================
!    ⚠️ Паук C8: в клетке уже стоит мина

📦 ПЕРЕМЕЩЕНИЯ:
!    ⚠️ Бурав A6: Бурав двигается только по 1 оси или по 2 осям строго диагонально
!    ⚠️ Провокатор C7: клетка (1,6,3) занята

🎯 ВЫСТРЕЛЫ:
✓    ✅ Факел C4 поразил Бурав A6 (1 урона)!
   Выпущено ракет: 1
# 
📊 РЕЗУЛЬТАТЫ ХОДА 15:
✓ 💥 ПОПАДАНИЯ:
✓    Факел C4 (Team C) → Бурав A6 (Team A)

--- Результаты хода ---
  Team C / Факел C4           → Team A / Бурав A6           @ (6,0,3)  (УБИТ)

--- Состояние команд после хода ---
  Team A: живых 1/8
    ✓ Тишина A5          @ (8,1,1) hp=2/2
    ✗ Артиллерия A1      @ (4,5,1) [уничтожен]
    ✗ Радиовышка A2      @ (3,2,2) [уничтожен]
    ✗ Прыгун A3          @ (5,6,2) [уничтожен]
    ✗ Факел A4           @ (4,6,1) [уничтожен]
    ✗ Бурав A6           @ (6,0,3) [уничтожен]
    ✗ Провокатор A7      @ (1,2,1) [уничтожен]
    ✗ Паук A8            @ (5,7,1) [уничтожен]
  Team B: живых 0/8
    ✗ Артиллерия B1      @ (2,4,4) [уничтожен]
    ✗ Радиовышка B2      @ (6,0,4) [уничтожен]
    ✗ Прыгун B3          @ (5,6,2) [уничтожен]
    ✗ Факел B4           @ (2,2,4) [уничтожен]
    ✗ Тишина B5          @ (7,0,4) [уничтожен]
    ✗ Бурав B6           @ (3,2,2) [уничтожен]
    ✗ Провокатор B7      @ (4,6,4) [уничтожен]
    ✗ Паук B8            @ (8,4,3) [уничтожен]
  Team C: живых 4/8
    ✓ Факел C4           @ (6,5,3) hp=6/6
    ✓ Бурав C6           @ (8,1,1) hp=4/4
    ✓ Провокатор C7      @ (0,7,2) hp=2/2
    ✓ Паук C8            @ (5,4,2) hp=1/1
    ✗ Артиллерия C1      @ (5,6,2) [уничтожен]
    ✗ Радиовышка C2      @ (6,0,3) [уничтожен]
    ✗ Прыгун C3          @ (8,3,2) [уничтожен]
    ✗ Тишина C5          @ (6,0,3) [уничтожен]

======================================================================
ХОД 16
======================================================================
✓ 🎮 GM: начинаем ход
GM: start_turn

--- Радиовышки: сканирование слоя Z ---
  (у команд не осталось живых радиовышек)

--- Решения ботов ---
  [Team A] все корабли пропускают ход
  [Team B] все корабли пропускают ход
  [Team C] Факел C4 (6,5,3) → MOVE (5,6,2)
  [Team C] Провокатор C7 (0,7,2) → MOVE (1,6,1)
  [Team C] Паук C8 (5,4,2) → MINE (6,3,1)
  [Team C] Бурав C6 → SKIP
! 🎮 GM: принудительно завершает фазу планирования
GM: end_planning
# 
============================================================
# 🔄 ОБРАБОТКА ХОДА 16
# ============================================================
!    ⚠️ Паук C8: в клетке уже стоит мина

📦 ПЕРЕМЕЩЕНИЯ:
   Факел C4: (6, 5, 3) → (5,6,2)
!    ⚠️ Провокатор C7: клетка (1,6,1) занята

🎯 ВЫСТРЕЛЫ:
   Выпущено ракет: 0
# 
📊 РЕЗУЛЬТАТЫ ХОДА 16:
🎯 Попаданий нет

--- Результаты хода ---
  Попаданий нет

--- Состояние команд после хода ---
  Team A: живых 1/8
    ✓ Тишина A5          @ (8,1,1) hp=2/2
    ✗ Артиллерия A1      @ (4,5,1) [уничтожен]
    ✗ Радиовышка A2      @ (3,2,2) [уничтожен]
    ✗ Прыгун A3          @ (5,6,2) [уничтожен]
    ✗ Факел A4           @ (4,6,1) [уничтожен]
    ✗ Бурав A6           @ (6,0,3) [уничтожен]
    ✗ Провокатор A7      @ (1,2,1) [уничтожен]
    ✗ Паук A8            @ (5,7,1) [уничтожен]
  Team B: живых 0/8
    ✗ Артиллерия B1      @ (2,4,4) [уничтожен]
    ✗ Радиовышка B2      @ (6,0,4) [уничтожен]
    ✗ Прыгун B3          @ (5,6,2) [уничтожен]
    ✗ Факел B4           @ (2,2,4) [уничтожен]
    ✗ Тишина B5          @ (7,0,4) [уничтожен]
    ✗ Бурав B6           @ (3,2,2) [уничтожен]
    ✗ Провокатор B7      @ (4,6,4) [уничтожен]
    ✗ Паук B8            @ (8,4,3) [уничтожен]
  Team C: живых 4/8
    ✓ Факел C4           @ (5,6,2) hp=6/6
    ✓ Бурав C6           @ (8,1,1) hp=4/4
    ✓ Провокатор C7      @ (0,7,2) hp=2/2
    ✓ Паук C8            @ (5,4,2) hp=1/1
    ✗ Артиллерия C1      @ (5,6,2) [уничтожен]
    ✗ Радиовышка C2      @ (6,0,3) [уничтожен]
    ✗ Прыгун C3          @ (8,3,2) [уничтожен]
    ✗ Тишина C5          @ (6,0,3) [уничтожен]

======================================================================
ХОД 17
======================================================================
✓ 🎮 GM: начинаем ход
GM: start_turn

--- Радиовышки: сканирование слоя Z ---
  (у команд не осталось живых радиовышек)

--- Решения ботов ---
  [Team A] все корабли пропускают ход
  [Team B] все корабли пропускают ход
  [Team C] Факел C4 (5,6,2) → MOVE (4,7,2)
  [Team C] Провокатор C7 (0,7,2) → MOVE (1,6,1)
  [Team C] Паук C8 (5,4,2) → MINE (6,3,1)
  [Team C] Бурав C6 → SKIP
! 🎮 GM: принудительно завершает фазу планирования
GM: end_planning
# 
============================================================
# 🔄 ОБРАБОТКА ХОДА 17
# ============================================================
!    ⚠️ Паук C8: в клетке уже стоит мина

📦 ПЕРЕМЕЩЕНИЯ:
   Факел C4: (5, 6, 2) → (4,7,2)
!    ⚠️ Провокатор C7: клетка (1,6,1) занята

🎯 ВЫСТРЕЛЫ:
   Выпущено ракет: 0
# 
📊 РЕЗУЛЬТАТЫ ХОДА 17:
🎯 Попаданий нет

--- Результаты хода ---
  Попаданий нет

--- Состояние команд после хода ---
  Team A: живых 1/8
    ✓ Тишина A5          @ (8,1,1) hp=2/2
    ✗ Артиллерия A1      @ (4,5,1) [уничтожен]
    ✗ Радиовышка A2      @ (3,2,2) [уничтожен]
    ✗ Прыгун A3          @ (5,6,2) [уничтожен]
    ✗ Факел A4           @ (4,6,1) [уничтожен]
    ✗ Бурав A6           @ (6,0,3) [уничтожен]
    ✗ Провокатор A7      @ (1,2,1) [уничтожен]
    ✗ Паук A8            @ (5,7,1) [уничтожен]
  Team B: живых 0/8
    ✗ Артиллерия B1      @ (2,4,4) [уничтожен]
    ✗ Радиовышка B2      @ (6,0,4) [уничтожен]
    ✗ Прыгун B3          @ (5,6,2) [уничтожен]
    ✗ Факел B4           @ (2,2,4) [уничтожен]
    ✗ Тишина B5          @ (7,0,4) [уничтожен]
    ✗ Бурав B6           @ (3,2,2) [уничтожен]
    ✗ Провокатор B7      @ (4,6,4) [уничтожен]
    ✗ Паук B8            @ (8,4,3) [уничтожен]
  Team C: живых 4/8
    ✓ Факел C4           @ (4,7,2) hp=6/6
    ✓ Бурав C6           @ (8,1,1) hp=4/4
    ✓ Провокатор C7      @ (0,7,2) hp=2/2
    ✓ Паук C8            @ (5,4,2) hp=1/1
    ✗ Артиллерия C1      @ (5,6,2) [уничтожен]
    ✗ Радиовышка C2      @ (6,0,3) [уничтожен]
    ✗ Прыгун C3          @ (8,3,2) [уничтожен]
    ✗ Тишина C5          @ (6,0,3) [уничтожен]

======================================================================
ХОД 18
======================================================================
✓ 🎮 GM: начинаем ход
GM: start_turn

--- Радиовышки: сканирование слоя Z ---
  (у команд не осталось живых радиовышек)

--- Решения ботов ---
  [Team A] все корабли пропускают ход
  [Team B] все корабли пропускают ход
  [Team C] Факел C4 (4,7,2) → MOVE (3,7,2)
  [Team C] Провокатор C7 (0,7,2) → MOVE (1,6,1)
  [Team C] Паук C8 (5,4,2) → MINE (6,3,1)
  [Team C] Бурав C6 → SKIP
! 🎮 GM: принудительно завершает фазу планирования
GM: end_planning
# 
============================================================
# 🔄 ОБРАБОТКА ХОДА 18
# ============================================================
!    ⚠️ Паук C8: в клетке уже стоит мина

📦 ПЕРЕМЕЩЕНИЯ:
   Факел C4: (4, 7, 2) → (3,7,2)
!    ⚠️ Провокатор C7: клетка (1,6,1) занята

🎯 ВЫСТРЕЛЫ:
   Выпущено ракет: 0
# 
📊 РЕЗУЛЬТАТЫ ХОДА 18:
🎯 Попаданий нет

--- Результаты хода ---
  Попаданий нет

--- Состояние команд после хода ---
  Team A: живых 1/8
    ✓ Тишина A5          @ (8,1,1) hp=2/2
    ✗ Артиллерия A1      @ (4,5,1) [уничтожен]
    ✗ Радиовышка A2      @ (3,2,2) [уничтожен]
    ✗ Прыгун A3          @ (5,6,2) [уничтожен]
    ✗ Факел A4           @ (4,6,1) [уничтожен]
    ✗ Бурав A6           @ (6,0,3) [уничтожен]
    ✗ Провокатор A7      @ (1,2,1) [уничтожен]
    ✗ Паук A8            @ (5,7,1) [уничтожен]
  Team B: живых 0/8
    ✗ Артиллерия B1      @ (2,4,4) [уничтожен]
    ✗ Радиовышка B2      @ (6,0,4) [уничтожен]
    ✗ Прыгун B3          @ (5,6,2) [уничтожен]
    ✗ Факел B4           @ (2,2,4) [уничтожен]
    ✗ Тишина B5          @ (7,0,4) [уничтожен]
    ✗ Бурав B6           @ (3,2,2) [уничтожен]
    ✗ Провокатор B7      @ (4,6,4) [уничтожен]
    ✗ Паук B8            @ (8,4,3) [уничтожен]
  Team C: живых 4/8
    ✓ Факел C4           @ (3,7,2) hp=6/6
    ✓ Бурав C6           @ (8,1,1) hp=4/4
    ✓ Провокатор C7      @ (0,7,2) hp=2/2
    ✓ Паук C8            @ (5,4,2) hp=1/1
    ✗ Артиллерия C1      @ (5,6,2) [уничтожен]
    ✗ Радиовышка C2      @ (6,0,3) [уничтожен]
    ✗ Прыгун C3          @ (8,3,2) [уничтожен]
    ✗ Тишина C5          @ (6,0,3) [уничтожен]

======================================================================
ХОД 19
======================================================================
✓ 🎮 GM: начинаем ход
GM: start_turn

--- Радиовышки: сканирование слоя Z ---
  (у команд не осталось живых радиовышек)

--- Решения ботов ---
  [Team A] все корабли пропускают ход
  [Team B] все корабли пропускают ход
  [Team C] Факел C4 (3,7,2) → MOVE (2,7,2)
  [Team C] Провокатор C7 (0,7,2) → MOVE (1,6,1)
  [Team C] Паук C8 (5,4,2) → MINE (6,3,1)
  [Team C] Бурав C6 → SKIP
! 🎮 GM: принудительно завершает фазу планирования
GM: end_planning
# 
============================================================
# 🔄 ОБРАБОТКА ХОДА 19
# ============================================================
!    ⚠️ Паук C8: в клетке уже стоит мина

📦 ПЕРЕМЕЩЕНИЯ:
   Факел C4: (3, 7, 2) → (2,7,2)
!    ⚠️ Провокатор C7: клетка (1,6,1) занята

🎯 ВЫСТРЕЛЫ:
   Выпущено ракет: 0
# 
📊 РЕЗУЛЬТАТЫ ХОДА 19:
🎯 Попаданий нет

--- Результаты хода ---
  Попаданий нет

--- Состояние команд после хода ---
  Team A: живых 1/8
    ✓ Тишина A5          @ (8,1,1) hp=2/2
    ✗ Артиллерия A1      @ (4,5,1) [уничтожен]
    ✗ Радиовышка A2      @ (3,2,2) [уничтожен]
    ✗ Прыгун A3          @ (5,6,2) [уничтожен]
    ✗ Факел A4           @ (4,6,1) [уничтожен]
    ✗ Бурав A6           @ (6,0,3) [уничтожен]
    ✗ Провокатор A7      @ (1,2,1) [уничтожен]
    ✗ Паук A8            @ (5,7,1) [уничтожен]
  Team B: живых 0/8
    ✗ Артиллерия B1      @ (2,4,4) [уничтожен]
    ✗ Радиовышка B2      @ (6,0,4) [уничтожен]
    ✗ Прыгун B3          @ (5,6,2) [уничтожен]
    ✗ Факел B4           @ (2,2,4) [уничтожен]
    ✗ Тишина B5          @ (7,0,4) [уничтожен]
    ✗ Бурав B6           @ (3,2,2) [уничтожен]
    ✗ Провокатор B7      @ (4,6,4) [уничтожен]
    ✗ Паук B8            @ (8,4,3) [уничтожен]
  Team C: живых 4/8
    ✓ Факел C4           @ (2,7,2) hp=6/6
    ✓ Бурав C6           @ (8,1,1) hp=4/4
    ✓ Провокатор C7      @ (0,7,2) hp=2/2
    ✓ Паук C8            @ (5,4,2) hp=1/1
    ✗ Артиллерия C1      @ (5,6,2) [уничтожен]
    ✗ Радиовышка C2      @ (6,0,3) [уничтожен]
    ✗ Прыгун C3          @ (8,3,2) [уничтожен]
    ✗ Тишина C5          @ (6,0,3) [уничтожен]

======================================================================
ХОД 20
======================================================================
✓ 🎮 GM: начинаем ход
GM: start_turn

--- Радиовышки: сканирование слоя Z ---
  (у команд не осталось живых радиовышек)

--- Решения ботов ---
  [Team A] все корабли пропускают ход
  [Team B] все корабли пропускают ход
  [Team C] Факел C4 (2,7,2) → MOVE (1,7,2)
  [Team C] Провокатор C7 (0,7,2) → MOVE (1,6,1)
  [Team C] Паук C8 (5,4,2) → MINE (6,3,1)
  [Team C] Бурав C6 → SKIP
! 🎮 GM: принудительно завершает фазу планирования
GM: end_planning
# 
============================================================
# 🔄 ОБРАБОТКА ХОДА 20
# ============================================================
!    ⚠️ Паук C8: в клетке уже стоит мина

📦 ПЕРЕМЕЩЕНИЯ:
   Факел C4: (2, 7, 2) → (1,7,2)
!    ⚠️ Провокатор C7: клетка (1,6,1) занята

🎯 ВЫСТРЕЛЫ:
   Выпущено ракет: 0
# 
📊 РЕЗУЛЬТАТЫ ХОДА 20:
🎯 Попаданий нет

--- Результаты хода ---
  Попаданий нет

--- Состояние команд после хода ---
  Team A: живых 1/8
    ✓ Тишина A5          @ (8,1,1) hp=2/2
    ✗ Артиллерия A1      @ (4,5,1) [уничтожен]
    ✗ Радиовышка A2      @ (3,2,2) [уничтожен]
    ✗ Прыгун A3          @ (5,6,2) [уничтожен]
    ✗ Факел A4           @ (4,6,1) [уничтожен]
    ✗ Бурав A6           @ (6,0,3) [уничтожен]
    ✗ Провокатор A7      @ (1,2,1) [уничтожен]
    ✗ Паук A8            @ (5,7,1) [уничтожен]
  Team B: живых 0/8
    ✗ Артиллерия B1      @ (2,4,4) [уничтожен]
    ✗ Радиовышка B2      @ (6,0,4) [уничтожен]
    ✗ Прыгун B3          @ (5,6,2) [уничтожен]
    ✗ Факел B4           @ (2,2,4) [уничтожен]
    ✗ Тишина B5          @ (7,0,4) [уничтожен]
    ✗ Бурав B6           @ (3,2,2) [уничтожен]
    ✗ Провокатор B7      @ (4,6,4) [уничтожен]
    ✗ Паук B8            @ (8,4,3) [уничтожен]
  Team C: живых 4/8
    ✓ Факел C4           @ (1,7,2) hp=6/6
    ✓ Бурав C6           @ (8,1,1) hp=4/4
    ✓ Провокатор C7      @ (0,7,2) hp=2/2
    ✓ Паук C8            @ (5,4,2) hp=1/1
    ✗ Артиллерия C1      @ (5,6,2) [уничтожен]
    ✗ Радиовышка C2      @ (6,0,3) [уничтожен]
    ✗ Прыгун C3          @ (8,3,2) [уничтожен]
    ✗ Тишина C5          @ (6,0,3) [уничтожен]

======================================================================
ХОД 21
======================================================================
✓ 🎮 GM: начинаем ход
GM: start_turn

--- Радиовышки: сканирование слоя Z ---
  (у команд не осталось живых радиовышек)

--- Решения ботов ---
  [Team A] все корабли пропускают ход
  [Team B] все корабли пропускают ход
  [Team C] Провокатор C7 (0,7,2) → MOVE (1,6,1)
  [Team C] Паук C8 (5,4,2) → MINE (6,3,1)
  [Team C] Факел C4 → SKIP
  [Team C] Бурав C6 → SKIP
! 🎮 GM: принудительно завершает фазу планирования
GM: end_planning
# 
============================================================
# 🔄 ОБРАБОТКА ХОДА 21
# ============================================================
!    ⚠️ Паук C8: в клетке уже стоит мина

📦 ПЕРЕМЕЩЕНИЯ:
!    ⚠️ Провокатор C7: клетка (1,6,1) занята

🎯 ВЫСТРЕЛЫ:
   Выпущено ракет: 0
# 
📊 РЕЗУЛЬТАТЫ ХОДА 21:
🎯 Попаданий нет

--- Результаты хода ---
  Попаданий нет

--- Состояние команд после хода ---
  Team A: живых 1/8
    ✓ Тишина A5          @ (8,1,1) hp=2/2
    ✗ Артиллерия A1      @ (4,5,1) [уничтожен]
    ✗ Радиовышка A2      @ (3,2,2) [уничтожен]
    ✗ Прыгун A3          @ (5,6,2) [уничтожен]
    ✗ Факел A4           @ (4,6,1) [уничтожен]
    ✗ Бурав A6           @ (6,0,3) [уничтожен]
    ✗ Провокатор A7      @ (1,2,1) [уничтожен]
    ✗ Паук A8            @ (5,7,1) [уничтожен]
  Team B: живых 0/8
    ✗ Артиллерия B1      @ (2,4,4) [уничтожен]
    ✗ Радиовышка B2      @ (6,0,4) [уничтожен]
    ✗ Прыгун B3          @ (5,6,2) [уничтожен]
    ✗ Факел B4           @ (2,2,4) [уничтожен]
    ✗ Тишина B5          @ (7,0,4) [уничтожен]
    ✗ Бурав B6           @ (3,2,2) [уничтожен]
    ✗ Провокатор B7      @ (4,6,4) [уничтожен]
    ✗ Паук B8            @ (8,4,3) [уничтожен]
  Team C: живых 4/8
    ✓ Факел C4           @ (1,7,2) hp=6/6
    ✓ Бурав C6           @ (8,1,1) hp=4/4
    ✓ Провокатор C7      @ (0,7,2) hp=2/2
    ✓ Паук C8            @ (5,4,2) hp=1/1
    ✗ Артиллерия C1      @ (5,6,2) [уничтожен]
    ✗ Радиовышка C2      @ (6,0,3) [уничтожен]
    ✗ Прыгун C3          @ (8,3,2) [уничтожен]
    ✗ Тишина C5          @ (6,0,3) [уничтожен]

======================================================================
ХОД 22
======================================================================
✓ 🎮 GM: начинаем ход
GM: start_turn

--- Радиовышки: сканирование слоя Z ---
  (у команд не осталось живых радиовышек)

--- Решения ботов ---
  [Team A] все корабли пропускают ход
  [Team B] все корабли пропускают ход
  [Team C] Провокатор C7 (0,7,2) → MOVE (1,6,1)
  [Team C] Паук C8 (5,4,2) → MINE (6,3,1)
  [Team C] Факел C4 → SKIP
  [Team C] Бурав C6 → SKIP
! 🎮 GM: принудительно завершает фазу планирования
GM: end_planning
# 
============================================================
# 🔄 ОБРАБОТКА ХОДА 22
# ============================================================
!    ⚠️ Паук C8: в клетке уже стоит мина

📦 ПЕРЕМЕЩЕНИЯ:
!    ⚠️ Провокатор C7: клетка (1,6,1) занята

🎯 ВЫСТРЕЛЫ:
   Выпущено ракет: 0
# 
📊 РЕЗУЛЬТАТЫ ХОДА 22:
🎯 Попаданий нет

--- Результаты хода ---
  Попаданий нет

--- Состояние команд после хода ---
  Team A: живых 1/8
    ✓ Тишина A5          @ (8,1,1) hp=2/2
    ✗ Артиллерия A1      @ (4,5,1) [уничтожен]
    ✗ Радиовышка A2      @ (3,2,2) [уничтожен]
    ✗ Прыгун A3          @ (5,6,2) [уничтожен]
    ✗ Факел A4           @ (4,6,1) [уничтожен]
    ✗ Бурав A6           @ (6,0,3) [уничтожен]
    ✗ Провокатор A7      @ (1,2,1) [уничтожен]
    ✗ Паук A8            @ (5,7,1) [уничтожен]
  Team B: живых 0/8
    ✗ Артиллерия B1      @ (2,4,4) [уничтожен]
    ✗ Радиовышка B2      @ (6,0,4) [уничтожен]
    ✗ Прыгун B3          @ (5,6,2) [уничтожен]
    ✗ Факел B4           @ (2,2,4) [уничтожен]
    ✗ Тишина B5          @ (7,0,4) [уничтожен]
    ✗ Бурав B6           @ (3,2,2) [уничтожен]
    ✗ Провокатор B7      @ (4,6,4) [уничтожен]
    ✗ Паук B8            @ (8,4,3) [уничтожен]
  Team C: живых 4/8
    ✓ Факел C4           @ (1,7,2) hp=6/6
    ✓ Бурав C6           @ (8,1,1) hp=4/4
    ✓ Провокатор C7      @ (0,7,2) hp=2/2
    ✓ Паук C8            @ (5,4,2) hp=1/1
    ✗ Артиллерия C1      @ (5,6,2) [уничтожен]
    ✗ Радиовышка C2      @ (6,0,3) [уничтожен]
    ✗ Прыгун C3          @ (8,3,2) [уничтожен]
    ✗ Тишина C5          @ (6,0,3) [уничтожен]

======================================================================
ХОД 23
======================================================================
✓ 🎮 GM: начинаем ход
GM: start_turn

--- Радиовышки: сканирование слоя Z ---
  (у команд не осталось живых радиовышек)

--- Решения ботов ---
  [Team A] все корабли пропускают ход
  [Team B] все корабли пропускают ход
  [Team C] Провокатор C7 (0,7,2) → MOVE (1,6,1)
  [Team C] Паук C8 (5,4,2) → MINE (6,3,1)
  [Team C] Факел C4 → SKIP
  [Team C] Бурав C6 → SKIP
! 🎮 GM: принудительно завершает фазу планирования
GM: end_planning
# 
============================================================
# 🔄 ОБРАБОТКА ХОДА 23
# ============================================================
!    ⚠️ Паук C8: в клетке уже стоит мина

📦 ПЕРЕМЕЩЕНИЯ:
!    ⚠️ Провокатор C7: клетка (1,6,1) занята

🎯 ВЫСТРЕЛЫ:
   Выпущено ракет: 0
# 
📊 РЕЗУЛЬТАТЫ ХОДА 23:
🎯 Попаданий нет

--- Результаты хода ---
  Попаданий нет

--- Состояние команд после хода ---
  Team A: живых 1/8
    ✓ Тишина A5          @ (8,1,1) hp=2/2
    ✗ Артиллерия A1      @ (4,5,1) [уничтожен]
    ✗ Радиовышка A2      @ (3,2,2) [уничтожен]
    ✗ Прыгун A3          @ (5,6,2) [уничтожен]
    ✗ Факел A4           @ (4,6,1) [уничтожен]
    ✗ Бурав A6           @ (6,0,3) [уничтожен]
    ✗ Провокатор A7      @ (1,2,1) [уничтожен]
    ✗ Паук A8            @ (5,7,1) [уничтожен]
  Team B: живых 0/8
    ✗ Артиллерия B1      @ (2,4,4) [уничтожен]
    ✗ Радиовышка B2      @ (6,0,4) [уничтожен]
    ✗ Прыгун B3          @ (5,6,2) [уничтожен]
    ✗ Факел B4           @ (2,2,4) [уничтожен]
    ✗ Тишина B5          @ (7,0,4) [уничтожен]
    ✗ Бурав B6           @ (3,2,2) [уничтожен]
    ✗ Провокатор B7      @ (4,6,4) [уничтожен]
    ✗ Паук B8            @ (8,4,3) [уничтожен]
  Team C: живых 4/8
    ✓ Факел C4           @ (1,7,2) hp=6/6
    ✓ Бурав C6           @ (8,1,1) hp=4/4
    ✓ Провокатор C7      @ (0,7,2) hp=2/2
    ✓ Паук C8            @ (5,4,2) hp=1/1
    ✗ Артиллерия C1      @ (5,6,2) [уничтожен]
    ✗ Радиовышка C2      @ (6,0,3) [уничтожен]
    ✗ Прыгун C3          @ (8,3,2) [уничтожен]
    ✗ Тишина C5          @ (6,0,3) [уничтожен]

======================================================================
ХОД 24
======================================================================
✓ 🎮 GM: начинаем ход
GM: start_turn

--- Радиовышки: сканирование слоя Z ---
  (у команд не осталось живых радиовышек)

--- Решения ботов ---
  [Team A] все корабли пропускают ход
  [Team B] все корабли пропускают ход
  [Team C] Провокатор C7 (0,7,2) → MOVE (1,6,1)
  [Team C] Паук C8 (5,4,2) → MINE (6,3,1)
  [Team C] Факел C4 → SKIP
  [Team C] Бурав C6 → SKIP
! 🎮 GM: принудительно завершает фазу планирования
GM: end_planning
# 
============================================================
# 🔄 ОБРАБОТКА ХОДА 24
# ============================================================
!    ⚠️ Паук C8: в клетке уже стоит мина

📦 ПЕРЕМЕЩЕНИЯ:
!    ⚠️ Провокатор C7: клетка (1,6,1) занята

🎯 ВЫСТРЕЛЫ:
   Выпущено ракет: 0
# 
📊 РЕЗУЛЬТАТЫ ХОДА 24:
🎯 Попаданий нет

--- Результаты хода ---
  Попаданий нет

--- Состояние команд после хода ---
  Team A: живых 1/8
    ✓ Тишина A5          @ (8,1,1) hp=2/2
    ✗ Артиллерия A1      @ (4,5,1) [уничтожен]
    ✗ Радиовышка A2      @ (3,2,2) [уничтожен]
    ✗ Прыгун A3          @ (5,6,2) [уничтожен]
    ✗ Факел A4           @ (4,6,1) [уничтожен]
    ✗ Бурав A6           @ (6,0,3) [уничтожен]
    ✗ Провокатор A7      @ (1,2,1) [уничтожен]
    ✗ Паук A8            @ (5,7,1) [уничтожен]
  Team B: живых 0/8
    ✗ Артиллерия B1      @ (2,4,4) [уничтожен]
    ✗ Радиовышка B2      @ (6,0,4) [уничтожен]
    ✗ Прыгун B3          @ (5,6,2) [уничтожен]
    ✗ Факел B4           @ (2,2,4) [уничтожен]
    ✗ Тишина B5          @ (7,0,4) [уничтожен]
    ✗ Бурав B6           @ (3,2,2) [уничтожен]
    ✗ Провокатор B7      @ (4,6,4) [уничтожен]
    ✗ Паук B8            @ (8,4,3) [уничтожен]
  Team C: живых 4/8
    ✓ Факел C4           @ (1,7,2) hp=6/6
    ✓ Бурав C6           @ (8,1,1) hp=4/4
    ✓ Провокатор C7      @ (0,7,2) hp=2/2
    ✓ Паук C8            @ (5,4,2) hp=1/1
    ✗ Артиллерия C1      @ (5,6,2) [уничтожен]
    ✗ Радиовышка C2      @ (6,0,3) [уничтожен]
    ✗ Прыгун C3          @ (8,3,2) [уничтожен]
    ✗ Тишина C5          @ (6,0,3) [уничтожен]

======================================================================
ХОД 25
======================================================================
✓ 🎮 GM: начинаем ход
GM: start_turn

--- Радиовышки: сканирование слоя Z ---
  (у команд не осталось живых радиовышек)

--- Решения ботов ---
  [Team A] все корабли пропускают ход
  [Team B] все корабли пропускают ход
  [Team C] Провокатор C7 (0,7,2) → MOVE (1,6,1)
  [Team C] Паук C8 (5,4,2) → MINE (6,3,1)
  [Team C] Факел C4 → SKIP
  [Team C] Бурав C6 → SKIP
! 🎮 GM: принудительно завершает фазу планирования
GM: end_planning
# 
============================================================
# 🔄 ОБРАБОТКА ХОДА 25
# ============================================================
!    ⚠️ Паук C8: в клетке уже стоит мина

📦 ПЕРЕМЕЩЕНИЯ:
!    ⚠️ Провокатор C7: клетка (1,6,1) занята

🎯 ВЫСТРЕЛЫ:
   Выпущено ракет: 0
# 
📊 РЕЗУЛЬТАТЫ ХОДА 25:
🎯 Попаданий нет

--- Результаты хода ---
  Попаданий нет

--- Состояние команд после хода ---
  Team A: живых 1/8
    ✓ Тишина A5          @ (8,1,1) hp=2/2
    ✗ Артиллерия A1      @ (4,5,1) [уничтожен]
    ✗ Радиовышка A2      @ (3,2,2) [уничтожен]
    ✗ Прыгун A3          @ (5,6,2) [уничтожен]
    ✗ Факел A4           @ (4,6,1) [уничтожен]
    ✗ Бурав A6           @ (6,0,3) [уничтожен]
    ✗ Провокатор A7      @ (1,2,1) [уничтожен]
    ✗ Паук A8            @ (5,7,1) [уничтожен]
  Team B: живых 0/8
    ✗ Артиллерия B1      @ (2,4,4) [уничтожен]
    ✗ Радиовышка B2      @ (6,0,4) [уничтожен]
    ✗ Прыгун B3          @ (5,6,2) [уничтожен]
    ✗ Факел B4           @ (2,2,4) [уничтожен]
    ✗ Тишина B5          @ (7,0,4) [уничтожен]
    ✗ Бурав B6           @ (3,2,2) [уничтожен]
    ✗ Провокатор B7      @ (4,6,4) [уничтожен]
    ✗ Паук B8            @ (8,4,3) [уничтожен]
  Team C: живых 4/8
    ✓ Факел C4           @ (1,7,2) hp=6/6
    ✓ Бурав C6           @ (8,1,1) hp=4/4
    ✓ Провокатор C7      @ (0,7,2) hp=2/2
    ✓ Паук C8            @ (5,4,2) hp=1/1
    ✗ Артиллерия C1      @ (5,6,2) [уничтожен]
    ✗ Радиовышка C2      @ (6,0,3) [уничтожен]
    ✗ Прыгун C3          @ (8,3,2) [уничтожен]
    ✗ Тишина C5          @ (6,0,3) [уничтожен]

======================================================================
ХОД 26
======================================================================
✓ 🎮 GM: начинаем ход
GM: start_turn

--- Радиовышки: сканирование слоя Z ---
  (у команд не осталось живых радиовышек)

--- Решения ботов ---
  [Team A] все корабли пропускают ход
  [Team B] все корабли пропускают ход
  [Team C] Провокатор C7 (0,7,2) → MOVE (1,6,1)
  [Team C] Паук C8 (5,4,2) → MINE (6,3,1)
  [Team C] Факел C4 → SKIP
  [Team C] Бурав C6 → SKIP
! 🎮 GM: принудительно завершает фазу планирования
GM: end_planning
# 
============================================================
# 🔄 ОБРАБОТКА ХОДА 26
# ============================================================
!    ⚠️ Паук C8: в клетке уже стоит мина

📦 ПЕРЕМЕЩЕНИЯ:
!    ⚠️ Провокатор C7: клетка (1,6,1) занята

🎯 ВЫСТРЕЛЫ:
   Выпущено ракет: 0
# 
📊 РЕЗУЛЬТАТЫ ХОДА 26:
🎯 Попаданий нет

--- Результаты хода ---
  Попаданий нет

--- Состояние команд после хода ---
  Team A: живых 1/8
    ✓ Тишина A5          @ (8,1,1) hp=2/2
    ✗ Артиллерия A1      @ (4,5,1) [уничтожен]
    ✗ Радиовышка A2      @ (3,2,2) [уничтожен]
    ✗ Прыгун A3          @ (5,6,2) [уничтожен]
    ✗ Факел A4           @ (4,6,1) [уничтожен]
    ✗ Бурав A6           @ (6,0,3) [уничтожен]
    ✗ Провокатор A7      @ (1,2,1) [уничтожен]
    ✗ Паук A8            @ (5,7,1) [уничтожен]
  Team B: живых 0/8
    ✗ Артиллерия B1      @ (2,4,4) [уничтожен]
    ✗ Радиовышка B2      @ (6,0,4) [уничтожен]
    ✗ Прыгун B3          @ (5,6,2) [уничтожен]
    ✗ Факел B4           @ (2,2,4) [уничтожен]
    ✗ Тишина B5          @ (7,0,4) [уничтожен]
    ✗ Бурав B6           @ (3,2,2) [уничтожен]
    ✗ Провокатор B7      @ (4,6,4) [уничтожен]
    ✗ Паук B8            @ (8,4,3) [уничтожен]
  Team C: живых 4/8
    ✓ Факел C4           @ (1,7,2) hp=6/6
    ✓ Бурав C6           @ (8,1,1) hp=4/4
    ✓ Провокатор C7      @ (0,7,2) hp=2/2
    ✓ Паук C8            @ (5,4,2) hp=1/1
    ✗ Артиллерия C1      @ (5,6,2) [уничтожен]
    ✗ Радиовышка C2      @ (6,0,3) [уничтожен]
    ✗ Прыгун C3          @ (8,3,2) [уничтожен]
    ✗ Тишина C5          @ (6,0,3) [уничтожен]

======================================================================
ХОД 27
======================================================================
✓ 🎮 GM: начинаем ход
GM: start_turn

--- Радиовышки: сканирование слоя Z ---
  (у команд не осталось живых радиовышек)

--- Решения ботов ---
  [Team A] все корабли пропускают ход
  [Team B] все корабли пропускают ход
  [Team C] Провокатор C7 (0,7,2) → MOVE (1,6,1)
  [Team C] Паук C8 (5,4,2) → MINE (6,3,1)
  [Team C] Факел C4 → SKIP
  [Team C] Бурав C6 → SKIP
! 🎮 GM: принудительно завершает фазу планирования
GM: end_planning
# 
============================================================
# 🔄 ОБРАБОТКА ХОДА 27
# ============================================================
!    ⚠️ Паук C8: в клетке уже стоит мина

📦 ПЕРЕМЕЩЕНИЯ:
!    ⚠️ Провокатор C7: клетка (1,6,1) занята

🎯 ВЫСТРЕЛЫ:
   Выпущено ракет: 0
# 
📊 РЕЗУЛЬТАТЫ ХОДА 27:
🎯 Попаданий нет

--- Результаты хода ---
  Попаданий нет

--- Состояние команд после хода ---
  Team A: живых 1/8
    ✓ Тишина A5          @ (8,1,1) hp=2/2
    ✗ Артиллерия A1      @ (4,5,1) [уничтожен]
    ✗ Радиовышка A2      @ (3,2,2) [уничтожен]
    ✗ Прыгун A3          @ (5,6,2) [уничтожен]
    ✗ Факел A4           @ (4,6,1) [уничтожен]
    ✗ Бурав A6           @ (6,0,3) [уничтожен]
    ✗ Провокатор A7      @ (1,2,1) [уничтожен]
    ✗ Паук A8            @ (5,7,1) [уничтожен]
  Team B: живых 0/8
    ✗ Артиллерия B1      @ (2,4,4) [уничтожен]
    ✗ Радиовышка B2      @ (6,0,4) [уничтожен]
    ✗ Прыгун B3          @ (5,6,2) [уничтожен]
    ✗ Факел B4           @ (2,2,4) [уничтожен]
    ✗ Тишина B5          @ (7,0,4) [уничтожен]
    ✗ Бурав B6           @ (3,2,2) [уничтожен]
    ✗ Провокатор B7      @ (4,6,4) [уничтожен]
    ✗ Паук B8            @ (8,4,3) [уничтожен]
  Team C: живых 4/8
    ✓ Факел C4           @ (1,7,2) hp=6/6
    ✓ Бурав C6           @ (8,1,1) hp=4/4
    ✓ Провокатор C7      @ (0,7,2) hp=2/2
    ✓ Паук C8            @ (5,4,2) hp=1/1
    ✗ Артиллерия C1      @ (5,6,2) [уничтожен]
    ✗ Радиовышка C2      @ (6,0,3) [уничтожен]
    ✗ Прыгун C3          @ (8,3,2) [уничтожен]
    ✗ Тишина C5          @ (6,0,3) [уничтожен]

======================================================================
ХОД 28
======================================================================
✓ 🎮 GM: начинаем ход
GM: start_turn

--- Радиовышки: сканирование слоя Z ---
  (у команд не осталось живых радиовышек)

--- Решения ботов ---
  [Team A] все корабли пропускают ход
  [Team B] все корабли пропускают ход
  [Team C] Провокатор C7 (0,7,2) → MOVE (1,6,1)
  [Team C] Паук C8 (5,4,2) → MINE (6,3,1)
  [Team C] Факел C4 → SKIP
  [Team C] Бурав C6 → SKIP
! 🎮 GM: принудительно завершает фазу планирования
GM: end_planning
# 
============================================================
# 🔄 ОБРАБОТКА ХОДА 28
# ============================================================
!    ⚠️ Паук C8: в клетке уже стоит мина

📦 ПЕРЕМЕЩЕНИЯ:
!    ⚠️ Провокатор C7: клетка (1,6,1) занята

🎯 ВЫСТРЕЛЫ:
   Выпущено ракет: 0
# 
📊 РЕЗУЛЬТАТЫ ХОДА 28:
🎯 Попаданий нет

--- Результаты хода ---
  Попаданий нет

--- Состояние команд после хода ---
  Team A: живых 1/8
    ✓ Тишина A5          @ (8,1,1) hp=2/2
    ✗ Артиллерия A1      @ (4,5,1) [уничтожен]
    ✗ Радиовышка A2      @ (3,2,2) [уничтожен]
    ✗ Прыгун A3          @ (5,6,2) [уничтожен]
    ✗ Факел A4           @ (4,6,1) [уничтожен]
    ✗ Бурав A6           @ (6,0,3) [уничтожен]
    ✗ Провокатор A7      @ (1,2,1) [уничтожен]
    ✗ Паук A8            @ (5,7,1) [уничтожен]
  Team B: живых 0/8
    ✗ Артиллерия B1      @ (2,4,4) [уничтожен]
    ✗ Радиовышка B2      @ (6,0,4) [уничтожен]
    ✗ Прыгун B3          @ (5,6,2) [уничтожен]
    ✗ Факел B4           @ (2,2,4) [уничтожен]
    ✗ Тишина B5          @ (7,0,4) [уничтожен]
    ✗ Бурав B6           @ (3,2,2) [уничтожен]
    ✗ Провокатор B7      @ (4,6,4) [уничтожен]
    ✗ Паук B8            @ (8,4,3) [уничтожен]
  Team C: живых 4/8
    ✓ Факел C4           @ (1,7,2) hp=6/6
    ✓ Бурав C6           @ (8,1,1) hp=4/4
    ✓ Провокатор C7      @ (0,7,2) hp=2/2
    ✓ Паук C8            @ (5,4,2) hp=1/1
    ✗ Артиллерия C1      @ (5,6,2) [уничтожен]
    ✗ Радиовышка C2      @ (6,0,3) [уничтожен]
    ✗ Прыгун C3          @ (8,3,2) [уничтожен]
    ✗ Тишина C5          @ (6,0,3) [уничтожен]

======================================================================
ХОД 29
======================================================================
✓ 🎮 GM: начинаем ход
GM: start_turn

--- Радиовышки: сканирование слоя Z ---
  (у команд не осталось живых радиовышек)

--- Решения ботов ---
  [Team A] все корабли пропускают ход
  [Team B] все корабли пропускают ход
  [Team C] Провокатор C7 (0,7,2) → MOVE (1,6,1)
  [Team C] Паук C8 (5,4,2) → MINE (6,3,1)
  [Team C] Факел C4 → SKIP
  [Team C] Бурав C6 → SKIP
! 🎮 GM: принудительно завершает фазу планирования
GM: end_planning
# 
============================================================
# 🔄 ОБРАБОТКА ХОДА 29
# ============================================================
!    ⚠️ Паук C8: в клетке уже стоит мина

📦 ПЕРЕМЕЩЕНИЯ:
!    ⚠️ Провокатор C7: клетка (1,6,1) занята

🎯 ВЫСТРЕЛЫ:
   Выпущено ракет: 0
# 
📊 РЕЗУЛЬТАТЫ ХОДА 29:
🎯 Попаданий нет

--- Результаты хода ---
  Попаданий нет

--- Состояние команд после хода ---
  Team A: живых 1/8
    ✓ Тишина A5          @ (8,1,1) hp=2/2
    ✗ Артиллерия A1      @ (4,5,1) [уничтожен]
    ✗ Радиовышка A2      @ (3,2,2) [уничтожен]
    ✗ Прыгун A3          @ (5,6,2) [уничтожен]
    ✗ Факел A4           @ (4,6,1) [уничтожен]
    ✗ Бурав A6           @ (6,0,3) [уничтожен]
    ✗ Провокатор A7      @ (1,2,1) [уничтожен]
    ✗ Паук A8            @ (5,7,1) [уничтожен]
  Team B: живых 0/8
    ✗ Артиллерия B1      @ (2,4,4) [уничтожен]
    ✗ Радиовышка B2      @ (6,0,4) [уничтожен]
    ✗ Прыгун B3          @ (5,6,2) [уничтожен]
    ✗ Факел B4           @ (2,2,4) [уничтожен]
    ✗ Тишина B5          @ (7,0,4) [уничтожен]
    ✗ Бурав B6           @ (3,2,2) [уничтожен]
    ✗ Провокатор B7      @ (4,6,4) [уничтожен]
    ✗ Паук B8            @ (8,4,3) [уничтожен]
  Team C: живых 4/8
    ✓ Факел C4           @ (1,7,2) hp=6/6
    ✓ Бурав C6           @ (8,1,1) hp=4/4
    ✓ Провокатор C7      @ (0,7,2) hp=2/2
    ✓ Паук C8            @ (5,4,2) hp=1/1
    ✗ Артиллерия C1      @ (5,6,2) [уничтожен]
    ✗ Радиовышка C2      @ (6,0,3) [уничтожен]
    ✗ Прыгун C3          @ (8,3,2) [уничтожен]
    ✗ Тишина C5          @ (6,0,3) [уничтожен]

======================================================================
ХОД 30
======================================================================
✓ 🎮 GM: начинаем ход
GM: start_turn

--- Радиовышки: сканирование слоя Z ---
  (у команд не осталось живых радиовышек)

--- Решения ботов ---
  [Team A] все корабли пропускают ход
  [Team B] все корабли пропускают ход
  [Team C] Провокатор C7 (0,7,2) → MOVE (1,6,1)
  [Team C] Паук C8 (5,4,2) → MINE (6,3,1)
  [Team C] Факел C4 → SKIP
  [Team C] Бурав C6 → SKIP
! 🎮 GM: принудительно завершает фазу планирования
GM: end_planning
# 
============================================================
# 🔄 ОБРАБОТКА ХОДА 30
# ============================================================
!    ⚠️ Паук C8: в клетке уже стоит мина

📦 ПЕРЕМЕЩЕНИЯ:
!    ⚠️ Провокатор C7: клетка (1,6,1) занята

🎯 ВЫСТРЕЛЫ:
   Выпущено ракет: 0
# 
📊 РЕЗУЛЬТАТЫ ХОДА 30:
🎯 Попаданий нет

--- Результаты хода ---
  Попаданий нет

--- Состояние команд после хода ---
  Team A: живых 1/8
    ✓ Тишина A5          @ (8,1,1) hp=2/2
    ✗ Артиллерия A1      @ (4,5,1) [уничтожен]
    ✗ Радиовышка A2      @ (3,2,2) [уничтожен]
    ✗ Прыгун A3          @ (5,6,2) [уничтожен]
    ✗ Факел A4           @ (4,6,1) [уничтожен]
    ✗ Бурав A6           @ (6,0,3) [уничтожен]
    ✗ Провокатор A7      @ (1,2,1) [уничтожен]
    ✗ Паук A8            @ (5,7,1) [уничтожен]
  Team B: живых 0/8
    ✗ Артиллерия B1      @ (2,4,4) [уничтожен]
    ✗ Радиовышка B2      @ (6,0,4) [уничтожен]
    ✗ Прыгун B3          @ (5,6,2) [уничтожен]
    ✗ Факел B4           @ (2,2,4) [уничтожен]
    ✗ Тишина B5          @ (7,0,4) [уничтожен]
    ✗ Бурав B6           @ (3,2,2) [уничтожен]
    ✗ Провокатор B7      @ (4,6,4) [уничтожен]
    ✗ Паук B8            @ (8,4,3) [уничтожен]
  Team C: живых 4/8
    ✓ Факел C4           @ (1,7,2) hp=6/6
    ✓ Бурав C6           @ (8,1,1) hp=4/4
    ✓ Провокатор C7      @ (0,7,2) hp=2/2
    ✓ Паук C8            @ (5,4,2) hp=1/1
    ✗ Артиллерия C1      @ (5,6,2) [уничтожен]
    ✗ Радиовышка C2      @ (6,0,3) [уничтожен]
    ✗ Прыгун C3          @ (8,3,2) [уничтожен]
    ✗ Тишина C5          @ (6,0,3) [уничтожен]

======================================================================
ИТОГ
======================================================================
Лимит ходов (30) исчерпан, ничья/пат.

--- Сводка по командам ---
  Team A: 1/8 живых; hp=2
  Team B: 0/8 живых; hp=0
  Team C: 4/8 живых; hp=13

--- Сводка по пассивкам радиовышек ---
  Team A: сканирований=3, всего врагов-в-слоях=6, уникальных эксклюзивных (видны только радиовышкой)=2
  Team B: сканирований=1, всего врагов-в-слоях=0, уникальных эксклюзивных (видны только радиовышкой)=0
  Team C: сканирований=4, всего врагов-в-слоях=7, уникальных эксклюзивных (видны только радиовышкой)=0

--- Сводка по попаданиям ---
  Всего событий (шоты+тараны+мины): 23
  Уничтожено кораблей всего: 19
  Team A: урон=16 хиты=3 тараны=5 мины(сработало)=0 убийств=7
  Team B: урон=7 хиты=0 тараны=2 мины(сработало)=1 убийств=3
  Team C: урон=26 хиты=4 тараны=8 мины(сработало)=0 убийств=9
! 🎮 GM: остановка игры
